============================= test session starts ==============================
platform darwin -- Python 3.12.5, pytest-8.3.3, pluggy-1.5.0
rootdir: /Users/markdoherty/sandbox/github/graph-schema-diff
collected 4 items

graph_schema_diff/test/test_graphql_comparator.py ..F.                   [100%]

=================================== FAILURES ===================================
______________________________ test_compare_test3 ______________________________

comparator = <graph_schema_diff.graphql_comparator.GraphQLComparator object at 0x109d61700>

    def test_compare_test3(comparator):
>       run_compare_test(comparator, "data/test3")

graph_schema_diff/test/test_graphql_comparator.py:100: 
_ _ _ _ _ _ _ _ _ _ _ _ _ _ _ _ _ _ _ _ _ _ _ _ _ _ _ _ _ _ _ _ _ _ _ _ _ _ _ _ 

comparator = <graph_schema_diff.graphql_comparator.GraphQLComparator object at 0x109d61700>
test_case_dir = 'data/test3'

    def run_compare_test(comparator, test_case_dir):
        """
        Helper function to run a compare test for a given test case directory.
        """
        schema1 = load_file(f"{test_case_dir}/schema1.graphql")
        schema2 = load_file(f"{test_case_dir}/schema2.graphql")
    
        # Load the expected result
        expected_result_file = f"{test_case_dir}/expected_result.json"
        expected_result = json.loads(load_file(expected_result_file))
    
        # Run the comparison
        result = comparator.compare(schema1, schema2)
    
        # Validate the status
        assert result["status"] == "success", f"Test failed for {test_case_dir}: Comparison did not succeed"
    
        # Extract actual and expected breaking changes
        actual_breaking_changes = [change for change in result["result"].get("changes", []) if change["breaking"]]
        expected_breaking_changes = [change for change in expected_result.get("changes", []) if change["breaking"]]
    
        unmatched_expected = []
        unexpected_actual = []
    
        # Check that all expected breaking changes are found in the actual result
        for expected_change in expected_breaking_changes:
            found_match = any(
                expected_change["type"] == actual_change["type"] and
                expected_change["field"] == actual_change["field"] and
                expected_change["breaking"] == actual_change["breaking"]
                for actual_change in actual_breaking_changes
            )
            if not found_match:
                unmatched_expected.append(expected_change)
    
        # Check for unexpected breaking changes in the actual result
        for actual_change in actual_breaking_changes:
            found_match = any(
                actual_change["type"] == expected_change["type"] and
                actual_change["field"] == expected_change["field"] and
                actual_change["breaking"] == expected_change["breaking"]
                for expected_change in expected_breaking_changes
            )
            if not found_match:
                unexpected_actual.append(actual_change)
    
        # If there are unmatched expected or unexpected actual breaking changes, report them
        if unmatched_expected or unexpected_actual:
            print(f"Test failed for {test_case_dir}:")
    
            if unmatched_expected:
                print("\nExpected breaking changes not found in actual result:")
                print(json.dumps(unmatched_expected, indent=4))
    
            if unexpected_actual:
                print("\nUnexpected breaking changes found in actual result:")
                print(json.dumps(unexpected_actual, indent=4))
    
            print("\nActual result:")
            print(json.dumps(result, indent=4))
    
            print("\nExpected result:")
            print(json.dumps(expected_result, indent=4))
    
>           assert False, f"Test failed for {test_case_dir} due to unmatched or unexpected breaking changes."
E           AssertionError: Test failed for data/test3 due to unmatched or unexpected breaking changes.
E           assert False

graph_schema_diff/test/test_graphql_comparator.py:86: AssertionError
----------------------------- Captured stdout call -----------------------------
('Analyze the following two GraphQL schemas for changes, including both '
 'breaking and non-breaking changes.\n'
 '\n'
 '                        Provide your analysis in the following JSON format:\n'
 '                        {\n'
 '                          "changes": [\n'
 '                            {\n'
 '                              "type": "String representing the GraphQL type '
 '(e.g., Query, Mutation, Subscription)",\n'
 '                              "field": "String representing the specific '
 'field that changed",\n'
 '                              "change": "String describing the change (e.g., '
 'field renamed, new field added, field removed)",\n'
 '                              "breaking": "Boolean indicating if the change '
 'is breaking (true) or non-breaking (false)",\n'
 '                              "release_note": "String with a natural '
 'language description of the change for release notes"\n'
 '                            }\n'
 '                          ],\n'
 '                          "release_notes": {\n'
 '                              "summary": "String summarizing all changes, '
 'suitable for a mailing list or public announcement"\n'
 '                          }\n'
 '                        }\n'
 '\n'
 '                        When analyzing, consider the following types of '
 'changes:\n'
 '                        1. Removing fields or types (breaking)\n'
 '                        2. Changing field types (potentially breaking)\n'
 '                        3. Adding required fields (breaking)\n'
 '                        4. Changing the type of existing arguments '
 '(breaking)\n'
 '                        5. Adding optional fields (non-breaking)\n'
 '                        6. Adding new types (non-breaking)\n'
 '                        7. Deprecating fields (non-breaking)\n'
 '\n'
 '                        Ensure that each change is categorized correctly as '
 'breaking or non-breaking.: type Query {\n'
 '  getProduct(id: ID!): Product\n'
 '}\n'
 '\n'
 'type Product {\n'
 '  id: ID\n'
 '  name: String\n'
 '  description: String\n'
 '  price: Float\n'
 '  stock: Int\n'
 '}\n'
 ', type Query {\n'
 '  getProduct(id: ID!): Product\n'
 '}\n'
 '\n'
 'type Product {\n'
 '  id: ID\n'
 '  name: String\n'
 '  details: String\n'
 '  price: Float\n'
 '}\n'
 '\n')
('Analyze the following two GraphQL schemas for changes, including both '
 'breaking and non-breaking changes.\n'
 '\n'
 '                        Provide your analysis in the following JSON format:\n'
 '                        {\n'
 '                          "changes": [\n'
 '                            {\n'
 '                              "type": "String representing the GraphQL type '
 '(e.g., Query, Mutation, Subscription)",\n'
 '                              "field": "String representing the specific '
 'field that changed",\n'
 '                              "change": "String describing the change (e.g., '
 'field renamed, new field added, field removed)",\n'
 '                              "breaking": "Boolean indicating if the change '
 'is breaking (true) or non-breaking (false)",\n'
 '                              "release_note": "String with a natural '
 'language description of the change for release notes"\n'
 '                            }\n'
 '                          ],\n'
 '                          "release_notes": {\n'
 '                              "summary": "String summarizing all changes, '
 'suitable for a mailing list or public announcement"\n'
 '                          }\n'
 '                        }\n'
 '\n'
 '                        When analyzing, consider the following types of '
 'changes:\n'
 '                        1. Removing fields or types (breaking)\n'
 '                        2. Changing field types (potentially breaking)\n'
 '                        3. Adding required fields (breaking)\n'
 '                        4. Changing the type of existing arguments '
 '(breaking)\n'
 '                        5. Adding optional fields (non-breaking)\n'
 '                        6. Adding new types (non-breaking)\n'
 '                        7. Deprecating fields (non-breaking)\n'
 '\n'
 '                        Ensure that each change is categorized correctly as '
 'breaking or non-breaking.: type Query {\n'
 '  getProduct(id: ID!): Product\n'
 '}\n'
 '\n'
 'type Product {\n'
 '  id: ID\n'
 '  name: String\n'
 '  description: String\n'
 '  price: Float\n'
 '  stock: Int\n'
 '}\n'
 ', type Query {\n'
 '  getProduct(id: ID!): Product\n'
 '}\n'
 '\n'
 'type Product {\n'
 '  id: ID\n'
 '  name: String\n'
 '  details: String\n'
 '  price: Float\n'
 '}\n'
 '\n')
('Analyze the following two GraphQL schemas for changes, including both '
 'breaking and non-breaking changes.\n'
 '\n'
 '                        Provide your analysis in the following JSON format:\n'
 '                        {\n'
 '                          "changes": [\n'
 '                            {\n'
 '                              "type": "String representing the GraphQL type '
 '(e.g., Query, Mutation, Subscription)",\n'
 '                              "field": "String representing the specific '
 'field that changed",\n'
 '                              "change": "String describing the change (e.g., '
 'field renamed, new field added, field removed)",\n'
 '                              "breaking": "Boolean indicating if the change '
 'is breaking (true) or non-breaking (false)",\n'
 '                              "release_note": "String with a natural '
 'language description of the change for release notes"\n'
 '                            }\n'
 '                          ],\n'
 '                          "release_notes": {\n'
 '                              "summary": "String summarizing all changes, '
 'suitable for a mailing list or public announcement"\n'
 '                          }\n'
 '                        }\n'
 '\n'
 '                        When analyzing, consider the following types of '
 'changes:\n'
 '                        1. Removing fields or types (breaking)\n'
 '                        2. Changing field types (potentially breaking)\n'
 '                        3. Adding required fields (breaking)\n'
 '                        4. Changing the type of existing arguments '
 '(breaking)\n'
 '                        5. Adding optional fields (non-breaking)\n'
 '                        6. Adding new types (non-breaking)\n'
 '                        7. Deprecating fields (non-breaking)\n'
 '\n'
 '                        Ensure that each change is categorized correctly as '
 'breaking or non-breaking.: type Query {\n'
 '  getProduct(id: ID!): Product\n'
 '}\n'
 '\n'
 'type Product {\n'
 '  id: ID\n'
 '  name: String\n'
 '  description: String\n'
 '  price: Float\n'
 '  stock: Int\n'
 '}\n'
 ', type Query {\n'
 '  getProduct(id: ID!): Product\n'
 '}\n'
 '\n'
 'type Product {\n'
 '  id: ID\n'
 '  name: String\n'
 '  details: String\n'
 '  price: Float\n'
 '}\n'
 '\n'
 "Answer:<||_html:<span style='background-color: rgba(0.0, 165.0, 0, 0.15); "
 "border-radius: 3px;' title='1.0'>_||>")
('Analyze the following two GraphQL schemas for changes, including both '
 'breaking and non-breaking changes.\n'
 '\n'
 '                        Provide your analysis in the following JSON format:\n'
 '                        {\n'
 '                          "changes": [\n'
 '                            {\n'
 '                              "type": "String representing the GraphQL type '
 '(e.g., Query, Mutation, Subscription)",\n'
 '                              "field": "String representing the specific '
 'field that changed",\n'
 '                              "change": "String describing the change (e.g., '
 'field renamed, new field added, field removed)",\n'
 '                              "breaking": "Boolean indicating if the change '
 'is breaking (true) or non-breaking (false)",\n'
 '                              "release_note": "String with a natural '
 'language description of the change for release notes"\n'
 '                            }\n'
 '                          ],\n'
 '                          "release_notes": {\n'
 '                              "summary": "String summarizing all changes, '
 'suitable for a mailing list or public announcement"\n'
 '                          }\n'
 '                        }\n'
 '\n'
 '                        When analyzing, consider the following types of '
 'changes:\n'
 '                        1. Removing fields or types (breaking)\n'
 '                        2. Changing field types (potentially breaking)\n'
 '                        3. Adding required fields (breaking)\n'
 '                        4. Changing the type of existing arguments '
 '(breaking)\n'
 '                        5. Adding optional fields (non-breaking)\n'
 '                        6. Adding new types (non-breaking)\n'
 '                        7. Deprecating fields (non-breaking)\n'
 '\n'
 '                        Ensure that each change is categorized correctly as '
 'breaking or non-breaking.: type Query {\n'
 '  getProduct(id: ID!): Product\n'
 '}\n'
 '\n'
 'type Product {\n'
 '  id: ID\n'
 '  name: String\n'
 '  description: String\n'
 '  price: Float\n'
 '  stock: Int\n'
 '}\n'
 ', type Query {\n'
 '  getProduct(id: ID!): Product\n'
 '}\n'
 '\n'
 'type Product {\n'
 '  id: ID\n'
 '  name: String\n'
 '  details: String\n'
 '  price: Float\n'
 '}\n'
 '\n'
 "Answer:<||_html:<span style='background-color: rgba(0.0, 165.0, 0, 0.15); "
 "border-radius: 3px;' title='1.0'>_||> {<||_html:</span>_||><||_html:<span "
 "style='background-color: rgba(0.0, 165.0, 0, 0.15); border-radius: 3px;' "
 "title='1.0'>_||>\n"
 "<||_html:</span>_||><||_html:<span style='background-color: rgba(0.0, 165.0, "
 "0, 0.15); border-radius: 3px;' title='1.0'>_||> "
 "<||_html:</span>_||><||_html:<span style='background-color: rgba(0.0, 165.0, "
 "0, 0.15); border-radius: 3px;' title='1.0'>_||>")
('Analyze the following two GraphQL schemas for changes, including both '
 'breaking and non-breaking changes.\n'
 '\n'
 '                        Provide your analysis in the following JSON format:\n'
 '                        {\n'
 '                          "changes": [\n'
 '                            {\n'
 '                              "type": "String representing the GraphQL type '
 '(e.g., Query, Mutation, Subscription)",\n'
 '                              "field": "String representing the specific '
 'field that changed",\n'
 '                              "change": "String describing the change (e.g., '
 'field renamed, new field added, field removed)",\n'
 '                              "breaking": "Boolean indicating if the change '
 'is breaking (true) or non-breaking (false)",\n'
 '                              "release_note": "String with a natural '
 'language description of the change for release notes"\n'
 '                            }\n'
 '                          ],\n'
 '                          "release_notes": {\n'
 '                              "summary": "String summarizing all changes, '
 'suitable for a mailing list or public announcement"\n'
 '                          }\n'
 '                        }\n'
 '\n'
 '                        When analyzing, consider the following types of '
 'changes:\n'
 '                        1. Removing fields or types (breaking)\n'
 '                        2. Changing field types (potentially breaking)\n'
 '                        3. Adding required fields (breaking)\n'
 '                        4. Changing the type of existing arguments '
 '(breaking)\n'
 '                        5. Adding optional fields (non-breaking)\n'
 '                        6. Adding new types (non-breaking)\n'
 '                        7. Deprecating fields (non-breaking)\n'
 '\n'
 '                        Ensure that each change is categorized correctly as '
 'breaking or non-breaking.: type Query {\n'
 '  getProduct(id: ID!): Product\n'
 '}\n'
 '\n'
 'type Product {\n'
 '  id: ID\n'
 '  name: String\n'
 '  description: String\n'
 '  price: Float\n'
 '  stock: Int\n'
 '}\n'
 ', type Query {\n'
 '  getProduct(id: ID!): Product\n'
 '}\n'
 '\n'
 'type Product {\n'
 '  id: ID\n'
 '  name: String\n'
 '  details: String\n'
 '  price: Float\n'
 '}\n'
 '\n'
 "Answer:<||_html:<span style='background-color: rgba(0.0, 165.0, 0, 0.15); "
 "border-radius: 3px;' title='1.0'>_||> {<||_html:</span>_||><||_html:<span "
 "style='background-color: rgba(0.0, 165.0, 0, 0.15); border-radius: 3px;' "
 "title='1.0'>_||>\n"
 "<||_html:</span>_||><||_html:<span style='background-color: rgba(0.0, 165.0, "
 "0, 0.15); border-radius: 3px;' title='1.0'>_||> "
 "<||_html:</span>_||><||_html:<span style='background-color: rgba(0.0, 165.0, "
 "0, 0.15); border-radius: 3px;' title='1.0'>_||> "
 '"<||_html:</span>_||><||_html:<span style=\'background-color: rgba(0.0, '
 "165.0, 0, 0.15); border-radius: 3px;' "
 "title='1.0'>_||>changes<||_html:</span>_||><||_html:<span "
 "style='background-color: rgba(0.0, 165.0, 0, 0.15); border-radius: 3px;' "
 'title=\'1.0\'>_||>":<||_html:</span>_||><||_html:<span '
 "style='background-color: rgba(0.0, 165.0, 0, 0.15); border-radius: 3px;' "
 "title='1.0'>_||>")
('Analyze the following two GraphQL schemas for changes, including both '
 'breaking and non-breaking changes.\n'
 '\n'
 '                        Provide your analysis in the following JSON format:\n'
 '                        {\n'
 '                          "changes": [\n'
 '                            {\n'
 '                              "type": "String representing the GraphQL type '
 '(e.g., Query, Mutation, Subscription)",\n'
 '                              "field": "String representing the specific '
 'field that changed",\n'
 '                              "change": "String describing the change (e.g., '
 'field renamed, new field added, field removed)",\n'
 '                              "breaking": "Boolean indicating if the change '
 'is breaking (true) or non-breaking (false)",\n'
 '                              "release_note": "String with a natural '
 'language description of the change for release notes"\n'
 '                            }\n'
 '                          ],\n'
 '                          "release_notes": {\n'
 '                              "summary": "String summarizing all changes, '
 'suitable for a mailing list or public announcement"\n'
 '                          }\n'
 '                        }\n'
 '\n'
 '                        When analyzing, consider the following types of '
 'changes:\n'
 '                        1. Removing fields or types (breaking)\n'
 '                        2. Changing field types (potentially breaking)\n'
 '                        3. Adding required fields (breaking)\n'
 '                        4. Changing the type of existing arguments '
 '(breaking)\n'
 '                        5. Adding optional fields (non-breaking)\n'
 '                        6. Adding new types (non-breaking)\n'
 '                        7. Deprecating fields (non-breaking)\n'
 '\n'
 '                        Ensure that each change is categorized correctly as '
 'breaking or non-breaking.: type Query {\n'
 '  getProduct(id: ID!): Product\n'
 '}\n'
 '\n'
 'type Product {\n'
 '  id: ID\n'
 '  name: String\n'
 '  description: String\n'
 '  price: Float\n'
 '  stock: Int\n'
 '}\n'
 ', type Query {\n'
 '  getProduct(id: ID!): Product\n'
 '}\n'
 '\n'
 'type Product {\n'
 '  id: ID\n'
 '  name: String\n'
 '  details: String\n'
 '  price: Float\n'
 '}\n'
 '\n'
 "Answer:<||_html:<span style='background-color: rgba(0.0, 165.0, 0, 0.15); "
 "border-radius: 3px;' title='1.0'>_||> {<||_html:</span>_||><||_html:<span "
 "style='background-color: rgba(0.0, 165.0, 0, 0.15); border-radius: 3px;' "
 "title='1.0'>_||>\n"
 "<||_html:</span>_||><||_html:<span style='background-color: rgba(0.0, 165.0, "
 "0, 0.15); border-radius: 3px;' title='1.0'>_||> "
 "<||_html:</span>_||><||_html:<span style='background-color: rgba(0.0, 165.0, "
 "0, 0.15); border-radius: 3px;' title='1.0'>_||> "
 '"<||_html:</span>_||><||_html:<span style=\'background-color: rgba(0.0, '
 "165.0, 0, 0.15); border-radius: 3px;' "
 "title='1.0'>_||>changes<||_html:</span>_||><||_html:<span "
 "style='background-color: rgba(0.0, 165.0, 0, 0.15); border-radius: 3px;' "
 'title=\'1.0\'>_||>":<||_html:</span>_||><||_html:<span '
 "style='background-color: rgba(0.0, 165.0, 0, 0.15); border-radius: 3px;' "
 "title='1.0'>_||> [<||_html:</span>_||><||_html:<span "
 "style='background-color: rgba(0.0, 165.0, 0, 0.15); border-radius: 3px;' "
 "title='1.0'>_||>\n"
 "<||_html:</span>_||><||_html:<span style='background-color: rgba(0.0, 165.0, "
 "0, 0.15); border-radius: 3px;' title='1.0'>_||>   "
 "<||_html:</span>_||><||_html:<span style='background-color: rgba(0.0, 165.0, "
 "0, 0.15); border-radius: 3px;' title='1.0'>_||>")
('Analyze the following two GraphQL schemas for changes, including both '
 'breaking and non-breaking changes.\n'
 '\n'
 '                        Provide your analysis in the following JSON format:\n'
 '                        {\n'
 '                          "changes": [\n'
 '                            {\n'
 '                              "type": "String representing the GraphQL type '
 '(e.g., Query, Mutation, Subscription)",\n'
 '                              "field": "String representing the specific '
 'field that changed",\n'
 '                              "change": "String describing the change (e.g., '
 'field renamed, new field added, field removed)",\n'
 '                              "breaking": "Boolean indicating if the change '
 'is breaking (true) or non-breaking (false)",\n'
 '                              "release_note": "String with a natural '
 'language description of the change for release notes"\n'
 '                            }\n'
 '                          ],\n'
 '                          "release_notes": {\n'
 '                              "summary": "String summarizing all changes, '
 'suitable for a mailing list or public announcement"\n'
 '                          }\n'
 '                        }\n'
 '\n'
 '                        When analyzing, consider the following types of '
 'changes:\n'
 '                        1. Removing fields or types (breaking)\n'
 '                        2. Changing field types (potentially breaking)\n'
 '                        3. Adding required fields (breaking)\n'
 '                        4. Changing the type of existing arguments '
 '(breaking)\n'
 '                        5. Adding optional fields (non-breaking)\n'
 '                        6. Adding new types (non-breaking)\n'
 '                        7. Deprecating fields (non-breaking)\n'
 '\n'
 '                        Ensure that each change is categorized correctly as '
 'breaking or non-breaking.: type Query {\n'
 '  getProduct(id: ID!): Product\n'
 '}\n'
 '\n'
 'type Product {\n'
 '  id: ID\n'
 '  name: String\n'
 '  description: String\n'
 '  price: Float\n'
 '  stock: Int\n'
 '}\n'
 ', type Query {\n'
 '  getProduct(id: ID!): Product\n'
 '}\n'
 '\n'
 'type Product {\n'
 '  id: ID\n'
 '  name: String\n'
 '  details: String\n'
 '  price: Float\n'
 '}\n'
 '\n'
 "Answer:<||_html:<span style='background-color: rgba(0.0, 165.0, 0, 0.15); "
 "border-radius: 3px;' title='1.0'>_||> {<||_html:</span>_||><||_html:<span "
 "style='background-color: rgba(0.0, 165.0, 0, 0.15); border-radius: 3px;' "
 "title='1.0'>_||>\n"
 "<||_html:</span>_||><||_html:<span style='background-color: rgba(0.0, 165.0, "
 "0, 0.15); border-radius: 3px;' title='1.0'>_||> "
 "<||_html:</span>_||><||_html:<span style='background-color: rgba(0.0, 165.0, "
 "0, 0.15); border-radius: 3px;' title='1.0'>_||> "
 '"<||_html:</span>_||><||_html:<span style=\'background-color: rgba(0.0, '
 "165.0, 0, 0.15); border-radius: 3px;' "
 "title='1.0'>_||>changes<||_html:</span>_||><||_html:<span "
 "style='background-color: rgba(0.0, 165.0, 0, 0.15); border-radius: 3px;' "
 'title=\'1.0\'>_||>":<||_html:</span>_||><||_html:<span '
 "style='background-color: rgba(0.0, 165.0, 0, 0.15); border-radius: 3px;' "
 "title='1.0'>_||> [<||_html:</span>_||><||_html:<span "
 "style='background-color: rgba(0.0, 165.0, 0, 0.15); border-radius: 3px;' "
 "title='1.0'>_||>\n"
 "<||_html:</span>_||><||_html:<span style='background-color: rgba(0.0, 165.0, "
 "0, 0.15); border-radius: 3px;' title='1.0'>_||>   "
 "<||_html:</span>_||><||_html:<span style='background-color: rgba(0.0, 165.0, "
 "0, 0.15); border-radius: 3px;' title='1.0'>_||> "
 "{<||_html:</span>_||><||_html:<span style='background-color: rgba(0.0, "
 "165.0, 0, 0.15); border-radius: 3px;' title='1.0'>_||>\n"
 "<||_html:</span>_||><||_html:<span style='background-color: rgba(0.0, 165.0, "
 "0, 0.15); border-radius: 3px;' title='1.0'>_||>     "
 "<||_html:</span>_||><||_html:<span style='background-color: rgba(0.0, 165.0, "
 "0, 0.15); border-radius: 3px;' title='1.0'>_||>")
('Analyze the following two GraphQL schemas for changes, including both '
 'breaking and non-breaking changes.\n'
 '\n'
 '                        Provide your analysis in the following JSON format:\n'
 '                        {\n'
 '                          "changes": [\n'
 '                            {\n'
 '                              "type": "String representing the GraphQL type '
 '(e.g., Query, Mutation, Subscription)",\n'
 '                              "field": "String representing the specific '
 'field that changed",\n'
 '                              "change": "String describing the change (e.g., '
 'field renamed, new field added, field removed)",\n'
 '                              "breaking": "Boolean indicating if the change '
 'is breaking (true) or non-breaking (false)",\n'
 '                              "release_note": "String with a natural '
 'language description of the change for release notes"\n'
 '                            }\n'
 '                          ],\n'
 '                          "release_notes": {\n'
 '                              "summary": "String summarizing all changes, '
 'suitable for a mailing list or public announcement"\n'
 '                          }\n'
 '                        }\n'
 '\n'
 '                        When analyzing, consider the following types of '
 'changes:\n'
 '                        1. Removing fields or types (breaking)\n'
 '                        2. Changing field types (potentially breaking)\n'
 '                        3. Adding required fields (breaking)\n'
 '                        4. Changing the type of existing arguments '
 '(breaking)\n'
 '                        5. Adding optional fields (non-breaking)\n'
 '                        6. Adding new types (non-breaking)\n'
 '                        7. Deprecating fields (non-breaking)\n'
 '\n'
 '                        Ensure that each change is categorized correctly as '
 'breaking or non-breaking.: type Query {\n'
 '  getProduct(id: ID!): Product\n'
 '}\n'
 '\n'
 'type Product {\n'
 '  id: ID\n'
 '  name: String\n'
 '  description: String\n'
 '  price: Float\n'
 '  stock: Int\n'
 '}\n'
 ', type Query {\n'
 '  getProduct(id: ID!): Product\n'
 '}\n'
 '\n'
 'type Product {\n'
 '  id: ID\n'
 '  name: String\n'
 '  details: String\n'
 '  price: Float\n'
 '}\n'
 '\n'
 "Answer:<||_html:<span style='background-color: rgba(0.0, 165.0, 0, 0.15); "
 "border-radius: 3px;' title='1.0'>_||> {<||_html:</span>_||><||_html:<span "
 "style='background-color: rgba(0.0, 165.0, 0, 0.15); border-radius: 3px;' "
 "title='1.0'>_||>\n"
 "<||_html:</span>_||><||_html:<span style='background-color: rgba(0.0, 165.0, "
 "0, 0.15); border-radius: 3px;' title='1.0'>_||> "
 "<||_html:</span>_||><||_html:<span style='background-color: rgba(0.0, 165.0, "
 "0, 0.15); border-radius: 3px;' title='1.0'>_||> "
 '"<||_html:</span>_||><||_html:<span style=\'background-color: rgba(0.0, '
 "165.0, 0, 0.15); border-radius: 3px;' "
 "title='1.0'>_||>changes<||_html:</span>_||><||_html:<span "
 "style='background-color: rgba(0.0, 165.0, 0, 0.15); border-radius: 3px;' "
 'title=\'1.0\'>_||>":<||_html:</span>_||><||_html:<span '
 "style='background-color: rgba(0.0, 165.0, 0, 0.15); border-radius: 3px;' "
 "title='1.0'>_||> [<||_html:</span>_||><||_html:<span "
 "style='background-color: rgba(0.0, 165.0, 0, 0.15); border-radius: 3px;' "
 "title='1.0'>_||>\n"
 "<||_html:</span>_||><||_html:<span style='background-color: rgba(0.0, 165.0, "
 "0, 0.15); border-radius: 3px;' title='1.0'>_||>   "
 "<||_html:</span>_||><||_html:<span style='background-color: rgba(0.0, 165.0, "
 "0, 0.15); border-radius: 3px;' title='1.0'>_||> "
 "{<||_html:</span>_||><||_html:<span style='background-color: rgba(0.0, "
 "165.0, 0, 0.15); border-radius: 3px;' title='1.0'>_||>\n"
 "<||_html:</span>_||><||_html:<span style='background-color: rgba(0.0, 165.0, "
 "0, 0.15); border-radius: 3px;' title='1.0'>_||>     "
 "<||_html:</span>_||><||_html:<span style='background-color: rgba(0.0, 165.0, "
 "0, 0.15); border-radius: 3px;' title='1.0'>_||> "
 '"<||_html:</span>_||><||_html:<span style=\'background-color: rgba(0.0, '
 "165.0, 0, 0.15); border-radius: 3px;' "
 "title='1.0'>_||>type<||_html:</span>_||><||_html:<span "
 "style='background-color: rgba(0.0, 165.0, 0, 0.15); border-radius: 3px;' "
 'title=\'1.0\'>_||>":<||_html:</span>_||><||_html:<span '
 "style='background-color: rgba(0.0, 165.0, 0, 0.15); border-radius: 3px;' "
 "title='1.0'>_||>")
('Analyze the following two GraphQL schemas for changes, including both '
 'breaking and non-breaking changes.\n'
 '\n'
 '                        Provide your analysis in the following JSON format:\n'
 '                        {\n'
 '                          "changes": [\n'
 '                            {\n'
 '                              "type": "String representing the GraphQL type '
 '(e.g., Query, Mutation, Subscription)",\n'
 '                              "field": "String representing the specific '
 'field that changed",\n'
 '                              "change": "String describing the change (e.g., '
 'field renamed, new field added, field removed)",\n'
 '                              "breaking": "Boolean indicating if the change '
 'is breaking (true) or non-breaking (false)",\n'
 '                              "release_note": "String with a natural '
 'language description of the change for release notes"\n'
 '                            }\n'
 '                          ],\n'
 '                          "release_notes": {\n'
 '                              "summary": "String summarizing all changes, '
 'suitable for a mailing list or public announcement"\n'
 '                          }\n'
 '                        }\n'
 '\n'
 '                        When analyzing, consider the following types of '
 'changes:\n'
 '                        1. Removing fields or types (breaking)\n'
 '                        2. Changing field types (potentially breaking)\n'
 '                        3. Adding required fields (breaking)\n'
 '                        4. Changing the type of existing arguments '
 '(breaking)\n'
 '                        5. Adding optional fields (non-breaking)\n'
 '                        6. Adding new types (non-breaking)\n'
 '                        7. Deprecating fields (non-breaking)\n'
 '\n'
 '                        Ensure that each change is categorized correctly as '
 'breaking or non-breaking.: type Query {\n'
 '  getProduct(id: ID!): Product\n'
 '}\n'
 '\n'
 'type Product {\n'
 '  id: ID\n'
 '  name: String\n'
 '  description: String\n'
 '  price: Float\n'
 '  stock: Int\n'
 '}\n'
 ', type Query {\n'
 '  getProduct(id: ID!): Product\n'
 '}\n'
 '\n'
 'type Product {\n'
 '  id: ID\n'
 '  name: String\n'
 '  details: String\n'
 '  price: Float\n'
 '}\n'
 '\n'
 "Answer:<||_html:<span style='background-color: rgba(0.0, 165.0, 0, 0.15); "
 "border-radius: 3px;' title='1.0'>_||> {<||_html:</span>_||><||_html:<span "
 "style='background-color: rgba(0.0, 165.0, 0, 0.15); border-radius: 3px;' "
 "title='1.0'>_||>\n"
 "<||_html:</span>_||><||_html:<span style='background-color: rgba(0.0, 165.0, "
 "0, 0.15); border-radius: 3px;' title='1.0'>_||> "
 "<||_html:</span>_||><||_html:<span style='background-color: rgba(0.0, 165.0, "
 "0, 0.15); border-radius: 3px;' title='1.0'>_||> "
 '"<||_html:</span>_||><||_html:<span style=\'background-color: rgba(0.0, '
 "165.0, 0, 0.15); border-radius: 3px;' "
 "title='1.0'>_||>changes<||_html:</span>_||><||_html:<span "
 "style='background-color: rgba(0.0, 165.0, 0, 0.15); border-radius: 3px;' "
 'title=\'1.0\'>_||>":<||_html:</span>_||><||_html:<span '
 "style='background-color: rgba(0.0, 165.0, 0, 0.15); border-radius: 3px;' "
 "title='1.0'>_||> [<||_html:</span>_||><||_html:<span "
 "style='background-color: rgba(0.0, 165.0, 0, 0.15); border-radius: 3px;' "
 "title='1.0'>_||>\n"
 "<||_html:</span>_||><||_html:<span style='background-color: rgba(0.0, 165.0, "
 "0, 0.15); border-radius: 3px;' title='1.0'>_||>   "
 "<||_html:</span>_||><||_html:<span style='background-color: rgba(0.0, 165.0, "
 "0, 0.15); border-radius: 3px;' title='1.0'>_||> "
 "{<||_html:</span>_||><||_html:<span style='background-color: rgba(0.0, "
 "165.0, 0, 0.15); border-radius: 3px;' title='1.0'>_||>\n"
 "<||_html:</span>_||><||_html:<span style='background-color: rgba(0.0, 165.0, "
 "0, 0.15); border-radius: 3px;' title='1.0'>_||>     "
 "<||_html:</span>_||><||_html:<span style='background-color: rgba(0.0, 165.0, "
 "0, 0.15); border-radius: 3px;' title='1.0'>_||> "
 '"<||_html:</span>_||><||_html:<span style=\'background-color: rgba(0.0, '
 "165.0, 0, 0.15); border-radius: 3px;' "
 "title='1.0'>_||>type<||_html:</span>_||><||_html:<span "
 "style='background-color: rgba(0.0, 165.0, 0, 0.15); border-radius: 3px;' "
 'title=\'1.0\'>_||>":<||_html:</span>_||><||_html:<span '
 "style='background-color: rgba(0.0, 165.0, 0, 0.15); border-radius: 3px;' "
 'title=\'1.0\'>_||> "<||_html:</span>_||><||_html:<span '
 "style='background-color: rgba(0.0, 165.0, 0, 0.15); border-radius: 3px;' "
 "title='1.0'>_||>Query<||_html:</span>_||><||_html:<span "
 "style='background-color: rgba(0.0, 165.0, 0, 0.15); border-radius: 3px;' "
 'title=\'1.0\'>_||>",<||_html:</span>_||><||_html:<span '
 "style='background-color: rgba(0.0, 165.0, 0, 0.15); border-radius: 3px;' "
 "title='1.0'>_||>")
('Analyze the following two GraphQL schemas for changes, including both '
 'breaking and non-breaking changes.\n'
 '\n'
 '                        Provide your analysis in the following JSON format:\n'
 '                        {\n'
 '                          "changes": [\n'
 '                            {\n'
 '                              "type": "String representing the GraphQL type '
 '(e.g., Query, Mutation, Subscription)",\n'
 '                              "field": "String representing the specific '
 'field that changed",\n'
 '                              "change": "String describing the change (e.g., '
 'field renamed, new field added, field removed)",\n'
 '                              "breaking": "Boolean indicating if the change '
 'is breaking (true) or non-breaking (false)",\n'
 '                              "release_note": "String with a natural '
 'language description of the change for release notes"\n'
 '                            }\n'
 '                          ],\n'
 '                          "release_notes": {\n'
 '                              "summary": "String summarizing all changes, '
 'suitable for a mailing list or public announcement"\n'
 '                          }\n'
 '                        }\n'
 '\n'
 '                        When analyzing, consider the following types of '
 'changes:\n'
 '                        1. Removing fields or types (breaking)\n'
 '                        2. Changing field types (potentially breaking)\n'
 '                        3. Adding required fields (breaking)\n'
 '                        4. Changing the type of existing arguments '
 '(breaking)\n'
 '                        5. Adding optional fields (non-breaking)\n'
 '                        6. Adding new types (non-breaking)\n'
 '                        7. Deprecating fields (non-breaking)\n'
 '\n'
 '                        Ensure that each change is categorized correctly as '
 'breaking or non-breaking.: type Query {\n'
 '  getProduct(id: ID!): Product\n'
 '}\n'
 '\n'
 'type Product {\n'
 '  id: ID\n'
 '  name: String\n'
 '  description: String\n'
 '  price: Float\n'
 '  stock: Int\n'
 '}\n'
 ', type Query {\n'
 '  getProduct(id: ID!): Product\n'
 '}\n'
 '\n'
 'type Product {\n'
 '  id: ID\n'
 '  name: String\n'
 '  details: String\n'
 '  price: Float\n'
 '}\n'
 '\n'
 "Answer:<||_html:<span style='background-color: rgba(0.0, 165.0, 0, 0.15); "
 "border-radius: 3px;' title='1.0'>_||> {<||_html:</span>_||><||_html:<span "
 "style='background-color: rgba(0.0, 165.0, 0, 0.15); border-radius: 3px;' "
 "title='1.0'>_||>\n"
 "<||_html:</span>_||><||_html:<span style='background-color: rgba(0.0, 165.0, "
 "0, 0.15); border-radius: 3px;' title='1.0'>_||> "
 "<||_html:</span>_||><||_html:<span style='background-color: rgba(0.0, 165.0, "
 "0, 0.15); border-radius: 3px;' title='1.0'>_||> "
 '"<||_html:</span>_||><||_html:<span style=\'background-color: rgba(0.0, '
 "165.0, 0, 0.15); border-radius: 3px;' "
 "title='1.0'>_||>changes<||_html:</span>_||><||_html:<span "
 "style='background-color: rgba(0.0, 165.0, 0, 0.15); border-radius: 3px;' "
 'title=\'1.0\'>_||>":<||_html:</span>_||><||_html:<span '
 "style='background-color: rgba(0.0, 165.0, 0, 0.15); border-radius: 3px;' "
 "title='1.0'>_||> [<||_html:</span>_||><||_html:<span "
 "style='background-color: rgba(0.0, 165.0, 0, 0.15); border-radius: 3px;' "
 "title='1.0'>_||>\n"
 "<||_html:</span>_||><||_html:<span style='background-color: rgba(0.0, 165.0, "
 "0, 0.15); border-radius: 3px;' title='1.0'>_||>   "
 "<||_html:</span>_||><||_html:<span style='background-color: rgba(0.0, 165.0, "
 "0, 0.15); border-radius: 3px;' title='1.0'>_||> "
 "{<||_html:</span>_||><||_html:<span style='background-color: rgba(0.0, "
 "165.0, 0, 0.15); border-radius: 3px;' title='1.0'>_||>\n"
 "<||_html:</span>_||><||_html:<span style='background-color: rgba(0.0, 165.0, "
 "0, 0.15); border-radius: 3px;' title='1.0'>_||>     "
 "<||_html:</span>_||><||_html:<span style='background-color: rgba(0.0, 165.0, "
 "0, 0.15); border-radius: 3px;' title='1.0'>_||> "
 '"<||_html:</span>_||><||_html:<span style=\'background-color: rgba(0.0, '
 "165.0, 0, 0.15); border-radius: 3px;' "
 "title='1.0'>_||>type<||_html:</span>_||><||_html:<span "
 "style='background-color: rgba(0.0, 165.0, 0, 0.15); border-radius: 3px;' "
 'title=\'1.0\'>_||>":<||_html:</span>_||><||_html:<span '
 "style='background-color: rgba(0.0, 165.0, 0, 0.15); border-radius: 3px;' "
 'title=\'1.0\'>_||> "<||_html:</span>_||><||_html:<span '
 "style='background-color: rgba(0.0, 165.0, 0, 0.15); border-radius: 3px;' "
 "title='1.0'>_||>Query<||_html:</span>_||><||_html:<span "
 "style='background-color: rgba(0.0, 165.0, 0, 0.15); border-radius: 3px;' "
 'title=\'1.0\'>_||>",<||_html:</span>_||><||_html:<span '
 "style='background-color: rgba(0.0, 165.0, 0, 0.15); border-radius: 3px;' "
 "title='1.0'>_||>\n"
 "<||_html:</span>_||><||_html:<span style='background-color: rgba(0.0, 165.0, "
 "0, 0.15); border-radius: 3px;' title='1.0'>_||>     "
 "<||_html:</span>_||><||_html:<span style='background-color: rgba(0.0, 165.0, "
 "0, 0.15); border-radius: 3px;' title='1.0'>_||> "
 '"<||_html:</span>_||><||_html:<span style=\'background-color: rgba(0.0, '
 "165.0, 0, 0.15); border-radius: 3px;' title='1.0'>_||>")
('Analyze the following two GraphQL schemas for changes, including both '
 'breaking and non-breaking changes.\n'
 '\n'
 '                        Provide your analysis in the following JSON format:\n'
 '                        {\n'
 '                          "changes": [\n'
 '                            {\n'
 '                              "type": "String representing the GraphQL type '
 '(e.g., Query, Mutation, Subscription)",\n'
 '                              "field": "String representing the specific '
 'field that changed",\n'
 '                              "change": "String describing the change (e.g., '
 'field renamed, new field added, field removed)",\n'
 '                              "breaking": "Boolean indicating if the change '
 'is breaking (true) or non-breaking (false)",\n'
 '                              "release_note": "String with a natural '
 'language description of the change for release notes"\n'
 '                            }\n'
 '                          ],\n'
 '                          "release_notes": {\n'
 '                              "summary": "String summarizing all changes, '
 'suitable for a mailing list or public announcement"\n'
 '                          }\n'
 '                        }\n'
 '\n'
 '                        When analyzing, consider the following types of '
 'changes:\n'
 '                        1. Removing fields or types (breaking)\n'
 '                        2. Changing field types (potentially breaking)\n'
 '                        3. Adding required fields (breaking)\n'
 '                        4. Changing the type of existing arguments '
 '(breaking)\n'
 '                        5. Adding optional fields (non-breaking)\n'
 '                        6. Adding new types (non-breaking)\n'
 '                        7. Deprecating fields (non-breaking)\n'
 '\n'
 '                        Ensure that each change is categorized correctly as '
 'breaking or non-breaking.: type Query {\n'
 '  getProduct(id: ID!): Product\n'
 '}\n'
 '\n'
 'type Product {\n'
 '  id: ID\n'
 '  name: String\n'
 '  description: String\n'
 '  price: Float\n'
 '  stock: Int\n'
 '}\n'
 ', type Query {\n'
 '  getProduct(id: ID!): Product\n'
 '}\n'
 '\n'
 'type Product {\n'
 '  id: ID\n'
 '  name: String\n'
 '  details: String\n'
 '  price: Float\n'
 '}\n'
 '\n'
 "Answer:<||_html:<span style='background-color: rgba(0.0, 165.0, 0, 0.15); "
 "border-radius: 3px;' title='1.0'>_||> {<||_html:</span>_||><||_html:<span "
 "style='background-color: rgba(0.0, 165.0, 0, 0.15); border-radius: 3px;' "
 "title='1.0'>_||>\n"
 "<||_html:</span>_||><||_html:<span style='background-color: rgba(0.0, 165.0, "
 "0, 0.15); border-radius: 3px;' title='1.0'>_||> "
 "<||_html:</span>_||><||_html:<span style='background-color: rgba(0.0, 165.0, "
 "0, 0.15); border-radius: 3px;' title='1.0'>_||> "
 '"<||_html:</span>_||><||_html:<span style=\'background-color: rgba(0.0, '
 "165.0, 0, 0.15); border-radius: 3px;' "
 "title='1.0'>_||>changes<||_html:</span>_||><||_html:<span "
 "style='background-color: rgba(0.0, 165.0, 0, 0.15); border-radius: 3px;' "
 'title=\'1.0\'>_||>":<||_html:</span>_||><||_html:<span '
 "style='background-color: rgba(0.0, 165.0, 0, 0.15); border-radius: 3px;' "
 "title='1.0'>_||> [<||_html:</span>_||><||_html:<span "
 "style='background-color: rgba(0.0, 165.0, 0, 0.15); border-radius: 3px;' "
 "title='1.0'>_||>\n"
 "<||_html:</span>_||><||_html:<span style='background-color: rgba(0.0, 165.0, "
 "0, 0.15); border-radius: 3px;' title='1.0'>_||>   "
 "<||_html:</span>_||><||_html:<span style='background-color: rgba(0.0, 165.0, "
 "0, 0.15); border-radius: 3px;' title='1.0'>_||> "
 "{<||_html:</span>_||><||_html:<span style='background-color: rgba(0.0, "
 "165.0, 0, 0.15); border-radius: 3px;' title='1.0'>_||>\n"
 "<||_html:</span>_||><||_html:<span style='background-color: rgba(0.0, 165.0, "
 "0, 0.15); border-radius: 3px;' title='1.0'>_||>     "
 "<||_html:</span>_||><||_html:<span style='background-color: rgba(0.0, 165.0, "
 "0, 0.15); border-radius: 3px;' title='1.0'>_||> "
 '"<||_html:</span>_||><||_html:<span style=\'background-color: rgba(0.0, '
 "165.0, 0, 0.15); border-radius: 3px;' "
 "title='1.0'>_||>type<||_html:</span>_||><||_html:<span "
 "style='background-color: rgba(0.0, 165.0, 0, 0.15); border-radius: 3px;' "
 'title=\'1.0\'>_||>":<||_html:</span>_||><||_html:<span '
 "style='background-color: rgba(0.0, 165.0, 0, 0.15); border-radius: 3px;' "
 'title=\'1.0\'>_||> "<||_html:</span>_||><||_html:<span '
 "style='background-color: rgba(0.0, 165.0, 0, 0.15); border-radius: 3px;' "
 "title='1.0'>_||>Query<||_html:</span>_||><||_html:<span "
 "style='background-color: rgba(0.0, 165.0, 0, 0.15); border-radius: 3px;' "
 'title=\'1.0\'>_||>",<||_html:</span>_||><||_html:<span '
 "style='background-color: rgba(0.0, 165.0, 0, 0.15); border-radius: 3px;' "
 "title='1.0'>_||>\n"
 "<||_html:</span>_||><||_html:<span style='background-color: rgba(0.0, 165.0, "
 "0, 0.15); border-radius: 3px;' title='1.0'>_||>     "
 "<||_html:</span>_||><||_html:<span style='background-color: rgba(0.0, 165.0, "
 "0, 0.15); border-radius: 3px;' title='1.0'>_||> "
 '"<||_html:</span>_||><||_html:<span style=\'background-color: rgba(0.0, '
 "165.0, 0, 0.15); border-radius: 3px;' "
 "title='1.0'>_||>field<||_html:</span>_||><||_html:<span "
 "style='background-color: rgba(0.0, 165.0, 0, 0.15); border-radius: 3px;' "
 'title=\'1.0\'>_||>":<||_html:</span>_||><||_html:<span '
 "style='background-color: rgba(0.0, 165.0, 0, 0.15); border-radius: 3px;' "
 'title=\'1.0\'>_||> "<||_html:</span>_||><||_html:<span '
 "style='background-color: rgba(0.0, 165.0, 0, 0.15); border-radius: 3px;' "
 "title='1.0'>_||>")
('Analyze the following two GraphQL schemas for changes, including both '
 'breaking and non-breaking changes.\n'
 '\n'
 '                        Provide your analysis in the following JSON format:\n'
 '                        {\n'
 '                          "changes": [\n'
 '                            {\n'
 '                              "type": "String representing the GraphQL type '
 '(e.g., Query, Mutation, Subscription)",\n'
 '                              "field": "String representing the specific '
 'field that changed",\n'
 '                              "change": "String describing the change (e.g., '
 'field renamed, new field added, field removed)",\n'
 '                              "breaking": "Boolean indicating if the change '
 'is breaking (true) or non-breaking (false)",\n'
 '                              "release_note": "String with a natural '
 'language description of the change for release notes"\n'
 '                            }\n'
 '                          ],\n'
 '                          "release_notes": {\n'
 '                              "summary": "String summarizing all changes, '
 'suitable for a mailing list or public announcement"\n'
 '                          }\n'
 '                        }\n'
 '\n'
 '                        When analyzing, consider the following types of '
 'changes:\n'
 '                        1. Removing fields or types (breaking)\n'
 '                        2. Changing field types (potentially breaking)\n'
 '                        3. Adding required fields (breaking)\n'
 '                        4. Changing the type of existing arguments '
 '(breaking)\n'
 '                        5. Adding optional fields (non-breaking)\n'
 '                        6. Adding new types (non-breaking)\n'
 '                        7. Deprecating fields (non-breaking)\n'
 '\n'
 '                        Ensure that each change is categorized correctly as '
 'breaking or non-breaking.: type Query {\n'
 '  getProduct(id: ID!): Product\n'
 '}\n'
 '\n'
 'type Product {\n'
 '  id: ID\n'
 '  name: String\n'
 '  description: String\n'
 '  price: Float\n'
 '  stock: Int\n'
 '}\n'
 ', type Query {\n'
 '  getProduct(id: ID!): Product\n'
 '}\n'
 '\n'
 'type Product {\n'
 '  id: ID\n'
 '  name: String\n'
 '  details: String\n'
 '  price: Float\n'
 '}\n'
 '\n'
 "Answer:<||_html:<span style='background-color: rgba(0.0, 165.0, 0, 0.15); "
 "border-radius: 3px;' title='1.0'>_||> {<||_html:</span>_||><||_html:<span "
 "style='background-color: rgba(0.0, 165.0, 0, 0.15); border-radius: 3px;' "
 "title='1.0'>_||>\n"
 "<||_html:</span>_||><||_html:<span style='background-color: rgba(0.0, 165.0, "
 "0, 0.15); border-radius: 3px;' title='1.0'>_||> "
 "<||_html:</span>_||><||_html:<span style='background-color: rgba(0.0, 165.0, "
 "0, 0.15); border-radius: 3px;' title='1.0'>_||> "
 '"<||_html:</span>_||><||_html:<span style=\'background-color: rgba(0.0, '
 "165.0, 0, 0.15); border-radius: 3px;' "
 "title='1.0'>_||>changes<||_html:</span>_||><||_html:<span "
 "style='background-color: rgba(0.0, 165.0, 0, 0.15); border-radius: 3px;' "
 'title=\'1.0\'>_||>":<||_html:</span>_||><||_html:<span '
 "style='background-color: rgba(0.0, 165.0, 0, 0.15); border-radius: 3px;' "
 "title='1.0'>_||> [<||_html:</span>_||><||_html:<span "
 "style='background-color: rgba(0.0, 165.0, 0, 0.15); border-radius: 3px;' "
 "title='1.0'>_||>\n"
 "<||_html:</span>_||><||_html:<span style='background-color: rgba(0.0, 165.0, "
 "0, 0.15); border-radius: 3px;' title='1.0'>_||>   "
 "<||_html:</span>_||><||_html:<span style='background-color: rgba(0.0, 165.0, "
 "0, 0.15); border-radius: 3px;' title='1.0'>_||> "
 "{<||_html:</span>_||><||_html:<span style='background-color: rgba(0.0, "
 "165.0, 0, 0.15); border-radius: 3px;' title='1.0'>_||>\n"
 "<||_html:</span>_||><||_html:<span style='background-color: rgba(0.0, 165.0, "
 "0, 0.15); border-radius: 3px;' title='1.0'>_||>     "
 "<||_html:</span>_||><||_html:<span style='background-color: rgba(0.0, 165.0, "
 "0, 0.15); border-radius: 3px;' title='1.0'>_||> "
 '"<||_html:</span>_||><||_html:<span style=\'background-color: rgba(0.0, '
 "165.0, 0, 0.15); border-radius: 3px;' "
 "title='1.0'>_||>type<||_html:</span>_||><||_html:<span "
 "style='background-color: rgba(0.0, 165.0, 0, 0.15); border-radius: 3px;' "
 'title=\'1.0\'>_||>":<||_html:</span>_||><||_html:<span '
 "style='background-color: rgba(0.0, 165.0, 0, 0.15); border-radius: 3px;' "
 'title=\'1.0\'>_||> "<||_html:</span>_||><||_html:<span '
 "style='background-color: rgba(0.0, 165.0, 0, 0.15); border-radius: 3px;' "
 "title='1.0'>_||>Query<||_html:</span>_||><||_html:<span "
 "style='background-color: rgba(0.0, 165.0, 0, 0.15); border-radius: 3px;' "
 'title=\'1.0\'>_||>",<||_html:</span>_||><||_html:<span '
 "style='background-color: rgba(0.0, 165.0, 0, 0.15); border-radius: 3px;' "
 "title='1.0'>_||>\n"
 "<||_html:</span>_||><||_html:<span style='background-color: rgba(0.0, 165.0, "
 "0, 0.15); border-radius: 3px;' title='1.0'>_||>     "
 "<||_html:</span>_||><||_html:<span style='background-color: rgba(0.0, 165.0, "
 "0, 0.15); border-radius: 3px;' title='1.0'>_||> "
 '"<||_html:</span>_||><||_html:<span style=\'background-color: rgba(0.0, '
 "165.0, 0, 0.15); border-radius: 3px;' "
 "title='1.0'>_||>field<||_html:</span>_||><||_html:<span "
 "style='background-color: rgba(0.0, 165.0, 0, 0.15); border-radius: 3px;' "
 'title=\'1.0\'>_||>":<||_html:</span>_||><||_html:<span '
 "style='background-color: rgba(0.0, 165.0, 0, 0.15); border-radius: 3px;' "
 'title=\'1.0\'>_||> "<||_html:</span>_||><||_html:<span '
 "style='background-color: rgba(0.0, 165.0, 0, 0.15); border-radius: 3px;' "
 "title='1.0'>_||>get<||_html:</span>_||><||_html:<span "
 "style='background-color: rgba(0.0, 165.0, 0, 0.15); border-radius: 3px;' "
 "title='1.0'>_||>Product<||_html:</span>_||><||_html:<span "
 "style='background-color: rgba(0.0, 165.0, 0, 0.15); border-radius: 3px;' "
 'title=\'1.0\'>_||>",<||_html:</span>_||><||_html:<span '
 "style='background-color: rgba(0.0, 165.0, 0, 0.15); border-radius: 3px;' "
 "title='1.0'>_||>")
('Analyze the following two GraphQL schemas for changes, including both '
 'breaking and non-breaking changes.\n'
 '\n'
 '                        Provide your analysis in the following JSON format:\n'
 '                        {\n'
 '                          "changes": [\n'
 '                            {\n'
 '                              "type": "String representing the GraphQL type '
 '(e.g., Query, Mutation, Subscription)",\n'
 '                              "field": "String representing the specific '
 'field that changed",\n'
 '                              "change": "String describing the change (e.g., '
 'field renamed, new field added, field removed)",\n'
 '                              "breaking": "Boolean indicating if the change '
 'is breaking (true) or non-breaking (false)",\n'
 '                              "release_note": "String with a natural '
 'language description of the change for release notes"\n'
 '                            }\n'
 '                          ],\n'
 '                          "release_notes": {\n'
 '                              "summary": "String summarizing all changes, '
 'suitable for a mailing list or public announcement"\n'
 '                          }\n'
 '                        }\n'
 '\n'
 '                        When analyzing, consider the following types of '
 'changes:\n'
 '                        1. Removing fields or types (breaking)\n'
 '                        2. Changing field types (potentially breaking)\n'
 '                        3. Adding required fields (breaking)\n'
 '                        4. Changing the type of existing arguments '
 '(breaking)\n'
 '                        5. Adding optional fields (non-breaking)\n'
 '                        6. Adding new types (non-breaking)\n'
 '                        7. Deprecating fields (non-breaking)\n'
 '\n'
 '                        Ensure that each change is categorized correctly as '
 'breaking or non-breaking.: type Query {\n'
 '  getProduct(id: ID!): Product\n'
 '}\n'
 '\n'
 'type Product {\n'
 '  id: ID\n'
 '  name: String\n'
 '  description: String\n'
 '  price: Float\n'
 '  stock: Int\n'
 '}\n'
 ', type Query {\n'
 '  getProduct(id: ID!): Product\n'
 '}\n'
 '\n'
 'type Product {\n'
 '  id: ID\n'
 '  name: String\n'
 '  details: String\n'
 '  price: Float\n'
 '}\n'
 '\n'
 "Answer:<||_html:<span style='background-color: rgba(0.0, 165.0, 0, 0.15); "
 "border-radius: 3px;' title='1.0'>_||> {<||_html:</span>_||><||_html:<span "
 "style='background-color: rgba(0.0, 165.0, 0, 0.15); border-radius: 3px;' "
 "title='1.0'>_||>\n"
 "<||_html:</span>_||><||_html:<span style='background-color: rgba(0.0, 165.0, "
 "0, 0.15); border-radius: 3px;' title='1.0'>_||> "
 "<||_html:</span>_||><||_html:<span style='background-color: rgba(0.0, 165.0, "
 "0, 0.15); border-radius: 3px;' title='1.0'>_||> "
 '"<||_html:</span>_||><||_html:<span style=\'background-color: rgba(0.0, '
 "165.0, 0, 0.15); border-radius: 3px;' "
 "title='1.0'>_||>changes<||_html:</span>_||><||_html:<span "
 "style='background-color: rgba(0.0, 165.0, 0, 0.15); border-radius: 3px;' "
 'title=\'1.0\'>_||>":<||_html:</span>_||><||_html:<span '
 "style='background-color: rgba(0.0, 165.0, 0, 0.15); border-radius: 3px;' "
 "title='1.0'>_||> [<||_html:</span>_||><||_html:<span "
 "style='background-color: rgba(0.0, 165.0, 0, 0.15); border-radius: 3px;' "
 "title='1.0'>_||>\n"
 "<||_html:</span>_||><||_html:<span style='background-color: rgba(0.0, 165.0, "
 "0, 0.15); border-radius: 3px;' title='1.0'>_||>   "
 "<||_html:</span>_||><||_html:<span style='background-color: rgba(0.0, 165.0, "
 "0, 0.15); border-radius: 3px;' title='1.0'>_||> "
 "{<||_html:</span>_||><||_html:<span style='background-color: rgba(0.0, "
 "165.0, 0, 0.15); border-radius: 3px;' title='1.0'>_||>\n"
 "<||_html:</span>_||><||_html:<span style='background-color: rgba(0.0, 165.0, "
 "0, 0.15); border-radius: 3px;' title='1.0'>_||>     "
 "<||_html:</span>_||><||_html:<span style='background-color: rgba(0.0, 165.0, "
 "0, 0.15); border-radius: 3px;' title='1.0'>_||> "
 '"<||_html:</span>_||><||_html:<span style=\'background-color: rgba(0.0, '
 "165.0, 0, 0.15); border-radius: 3px;' "
 "title='1.0'>_||>type<||_html:</span>_||><||_html:<span "
 "style='background-color: rgba(0.0, 165.0, 0, 0.15); border-radius: 3px;' "
 'title=\'1.0\'>_||>":<||_html:</span>_||><||_html:<span '
 "style='background-color: rgba(0.0, 165.0, 0, 0.15); border-radius: 3px;' "
 'title=\'1.0\'>_||> "<||_html:</span>_||><||_html:<span '
 "style='background-color: rgba(0.0, 165.0, 0, 0.15); border-radius: 3px;' "
 "title='1.0'>_||>Query<||_html:</span>_||><||_html:<span "
 "style='background-color: rgba(0.0, 165.0, 0, 0.15); border-radius: 3px;' "
 'title=\'1.0\'>_||>",<||_html:</span>_||><||_html:<span '
 "style='background-color: rgba(0.0, 165.0, 0, 0.15); border-radius: 3px;' "
 "title='1.0'>_||>\n"
 "<||_html:</span>_||><||_html:<span style='background-color: rgba(0.0, 165.0, "
 "0, 0.15); border-radius: 3px;' title='1.0'>_||>     "
 "<||_html:</span>_||><||_html:<span style='background-color: rgba(0.0, 165.0, "
 "0, 0.15); border-radius: 3px;' title='1.0'>_||> "
 '"<||_html:</span>_||><||_html:<span style=\'background-color: rgba(0.0, '
 "165.0, 0, 0.15); border-radius: 3px;' "
 "title='1.0'>_||>field<||_html:</span>_||><||_html:<span "
 "style='background-color: rgba(0.0, 165.0, 0, 0.15); border-radius: 3px;' "
 'title=\'1.0\'>_||>":<||_html:</span>_||><||_html:<span '
 "style='background-color: rgba(0.0, 165.0, 0, 0.15); border-radius: 3px;' "
 'title=\'1.0\'>_||> "<||_html:</span>_||><||_html:<span '
 "style='background-color: rgba(0.0, 165.0, 0, 0.15); border-radius: 3px;' "
 "title='1.0'>_||>get<||_html:</span>_||><||_html:<span "
 "style='background-color: rgba(0.0, 165.0, 0, 0.15); border-radius: 3px;' "
 "title='1.0'>_||>Product<||_html:</span>_||><||_html:<span "
 "style='background-color: rgba(0.0, 165.0, 0, 0.15); border-radius: 3px;' "
 'title=\'1.0\'>_||>",<||_html:</span>_||><||_html:<span '
 "style='background-color: rgba(0.0, 165.0, 0, 0.15); border-radius: 3px;' "
 "title='1.0'>_||>\n"
 "<||_html:</span>_||><||_html:<span style='background-color: rgba(0.0, 165.0, "
 "0, 0.15); border-radius: 3px;' title='1.0'>_||>     "
 "<||_html:</span>_||><||_html:<span style='background-color: rgba(0.0, 165.0, "
 "0, 0.15); border-radius: 3px;' title='1.0'>_||> "
 '"<||_html:</span>_||><||_html:<span style=\'background-color: rgba(0.0, '
 "165.0, 0, 0.15); border-radius: 3px;' title='1.0'>_||>")
('Analyze the following two GraphQL schemas for changes, including both '
 'breaking and non-breaking changes.\n'
 '\n'
 '                        Provide your analysis in the following JSON format:\n'
 '                        {\n'
 '                          "changes": [\n'
 '                            {\n'
 '                              "type": "String representing the GraphQL type '
 '(e.g., Query, Mutation, Subscription)",\n'
 '                              "field": "String representing the specific '
 'field that changed",\n'
 '                              "change": "String describing the change (e.g., '
 'field renamed, new field added, field removed)",\n'
 '                              "breaking": "Boolean indicating if the change '
 'is breaking (true) or non-breaking (false)",\n'
 '                              "release_note": "String with a natural '
 'language description of the change for release notes"\n'
 '                            }\n'
 '                          ],\n'
 '                          "release_notes": {\n'
 '                              "summary": "String summarizing all changes, '
 'suitable for a mailing list or public announcement"\n'
 '                          }\n'
 '                        }\n'
 '\n'
 '                        When analyzing, consider the following types of '
 'changes:\n'
 '                        1. Removing fields or types (breaking)\n'
 '                        2. Changing field types (potentially breaking)\n'
 '                        3. Adding required fields (breaking)\n'
 '                        4. Changing the type of existing arguments '
 '(breaking)\n'
 '                        5. Adding optional fields (non-breaking)\n'
 '                        6. Adding new types (non-breaking)\n'
 '                        7. Deprecating fields (non-breaking)\n'
 '\n'
 '                        Ensure that each change is categorized correctly as '
 'breaking or non-breaking.: type Query {\n'
 '  getProduct(id: ID!): Product\n'
 '}\n'
 '\n'
 'type Product {\n'
 '  id: ID\n'
 '  name: String\n'
 '  description: String\n'
 '  price: Float\n'
 '  stock: Int\n'
 '}\n'
 ', type Query {\n'
 '  getProduct(id: ID!): Product\n'
 '}\n'
 '\n'
 'type Product {\n'
 '  id: ID\n'
 '  name: String\n'
 '  details: String\n'
 '  price: Float\n'
 '}\n'
 '\n'
 "Answer:<||_html:<span style='background-color: rgba(0.0, 165.0, 0, 0.15); "
 "border-radius: 3px;' title='1.0'>_||> {<||_html:</span>_||><||_html:<span "
 "style='background-color: rgba(0.0, 165.0, 0, 0.15); border-radius: 3px;' "
 "title='1.0'>_||>\n"
 "<||_html:</span>_||><||_html:<span style='background-color: rgba(0.0, 165.0, "
 "0, 0.15); border-radius: 3px;' title='1.0'>_||> "
 "<||_html:</span>_||><||_html:<span style='background-color: rgba(0.0, 165.0, "
 "0, 0.15); border-radius: 3px;' title='1.0'>_||> "
 '"<||_html:</span>_||><||_html:<span style=\'background-color: rgba(0.0, '
 "165.0, 0, 0.15); border-radius: 3px;' "
 "title='1.0'>_||>changes<||_html:</span>_||><||_html:<span "
 "style='background-color: rgba(0.0, 165.0, 0, 0.15); border-radius: 3px;' "
 'title=\'1.0\'>_||>":<||_html:</span>_||><||_html:<span '
 "style='background-color: rgba(0.0, 165.0, 0, 0.15); border-radius: 3px;' "
 "title='1.0'>_||> [<||_html:</span>_||><||_html:<span "
 "style='background-color: rgba(0.0, 165.0, 0, 0.15); border-radius: 3px;' "
 "title='1.0'>_||>\n"
 "<||_html:</span>_||><||_html:<span style='background-color: rgba(0.0, 165.0, "
 "0, 0.15); border-radius: 3px;' title='1.0'>_||>   "
 "<||_html:</span>_||><||_html:<span style='background-color: rgba(0.0, 165.0, "
 "0, 0.15); border-radius: 3px;' title='1.0'>_||> "
 "{<||_html:</span>_||><||_html:<span style='background-color: rgba(0.0, "
 "165.0, 0, 0.15); border-radius: 3px;' title='1.0'>_||>\n"
 "<||_html:</span>_||><||_html:<span style='background-color: rgba(0.0, 165.0, "
 "0, 0.15); border-radius: 3px;' title='1.0'>_||>     "
 "<||_html:</span>_||><||_html:<span style='background-color: rgba(0.0, 165.0, "
 "0, 0.15); border-radius: 3px;' title='1.0'>_||> "
 '"<||_html:</span>_||><||_html:<span style=\'background-color: rgba(0.0, '
 "165.0, 0, 0.15); border-radius: 3px;' "
 "title='1.0'>_||>type<||_html:</span>_||><||_html:<span "
 "style='background-color: rgba(0.0, 165.0, 0, 0.15); border-radius: 3px;' "
 'title=\'1.0\'>_||>":<||_html:</span>_||><||_html:<span '
 "style='background-color: rgba(0.0, 165.0, 0, 0.15); border-radius: 3px;' "
 'title=\'1.0\'>_||> "<||_html:</span>_||><||_html:<span '
 "style='background-color: rgba(0.0, 165.0, 0, 0.15); border-radius: 3px;' "
 "title='1.0'>_||>Query<||_html:</span>_||><||_html:<span "
 "style='background-color: rgba(0.0, 165.0, 0, 0.15); border-radius: 3px;' "
 'title=\'1.0\'>_||>",<||_html:</span>_||><||_html:<span '
 "style='background-color: rgba(0.0, 165.0, 0, 0.15); border-radius: 3px;' "
 "title='1.0'>_||>\n"
 "<||_html:</span>_||><||_html:<span style='background-color: rgba(0.0, 165.0, "
 "0, 0.15); border-radius: 3px;' title='1.0'>_||>     "
 "<||_html:</span>_||><||_html:<span style='background-color: rgba(0.0, 165.0, "
 "0, 0.15); border-radius: 3px;' title='1.0'>_||> "
 '"<||_html:</span>_||><||_html:<span style=\'background-color: rgba(0.0, '
 "165.0, 0, 0.15); border-radius: 3px;' "
 "title='1.0'>_||>field<||_html:</span>_||><||_html:<span "
 "style='background-color: rgba(0.0, 165.0, 0, 0.15); border-radius: 3px;' "
 'title=\'1.0\'>_||>":<||_html:</span>_||><||_html:<span '
 "style='background-color: rgba(0.0, 165.0, 0, 0.15); border-radius: 3px;' "
 'title=\'1.0\'>_||> "<||_html:</span>_||><||_html:<span '
 "style='background-color: rgba(0.0, 165.0, 0, 0.15); border-radius: 3px;' "
 "title='1.0'>_||>get<||_html:</span>_||><||_html:<span "
 "style='background-color: rgba(0.0, 165.0, 0, 0.15); border-radius: 3px;' "
 "title='1.0'>_||>Product<||_html:</span>_||><||_html:<span "
 "style='background-color: rgba(0.0, 165.0, 0, 0.15); border-radius: 3px;' "
 'title=\'1.0\'>_||>",<||_html:</span>_||><||_html:<span '
 "style='background-color: rgba(0.0, 165.0, 0, 0.15); border-radius: 3px;' "
 "title='1.0'>_||>\n"
 "<||_html:</span>_||><||_html:<span style='background-color: rgba(0.0, 165.0, "
 "0, 0.15); border-radius: 3px;' title='1.0'>_||>     "
 "<||_html:</span>_||><||_html:<span style='background-color: rgba(0.0, 165.0, "
 "0, 0.15); border-radius: 3px;' title='1.0'>_||> "
 '"<||_html:</span>_||><||_html:<span style=\'background-color: rgba(0.0, '
 "165.0, 0, 0.15); border-radius: 3px;' "
 "title='1.0'>_||>change<||_html:</span>_||><||_html:<span "
 "style='background-color: rgba(0.0, 165.0, 0, 0.15); border-radius: 3px;' "
 'title=\'1.0\'>_||>":<||_html:</span>_||><||_html:<span '
 "style='background-color: rgba(0.0, 165.0, 0, 0.15); border-radius: 3px;' "
 'title=\'1.0\'>_||> "<||_html:</span>_||><||_html:<span '
 "style='background-color: rgba(0.0, 165.0, 0, 0.15); border-radius: 3px;' "
 "title='1.0'>_||>")
('Analyze the following two GraphQL schemas for changes, including both '
 'breaking and non-breaking changes.\n'
 '\n'
 '                        Provide your analysis in the following JSON format:\n'
 '                        {\n'
 '                          "changes": [\n'
 '                            {\n'
 '                              "type": "String representing the GraphQL type '
 '(e.g., Query, Mutation, Subscription)",\n'
 '                              "field": "String representing the specific '
 'field that changed",\n'
 '                              "change": "String describing the change (e.g., '
 'field renamed, new field added, field removed)",\n'
 '                              "breaking": "Boolean indicating if the change '
 'is breaking (true) or non-breaking (false)",\n'
 '                              "release_note": "String with a natural '
 'language description of the change for release notes"\n'
 '                            }\n'
 '                          ],\n'
 '                          "release_notes": {\n'
 '                              "summary": "String summarizing all changes, '
 'suitable for a mailing list or public announcement"\n'
 '                          }\n'
 '                        }\n'
 '\n'
 '                        When analyzing, consider the following types of '
 'changes:\n'
 '                        1. Removing fields or types (breaking)\n'
 '                        2. Changing field types (potentially breaking)\n'
 '                        3. Adding required fields (breaking)\n'
 '                        4. Changing the type of existing arguments '
 '(breaking)\n'
 '                        5. Adding optional fields (non-breaking)\n'
 '                        6. Adding new types (non-breaking)\n'
 '                        7. Deprecating fields (non-breaking)\n'
 '\n'
 '                        Ensure that each change is categorized correctly as '
 'breaking or non-breaking.: type Query {\n'
 '  getProduct(id: ID!): Product\n'
 '}\n'
 '\n'
 'type Product {\n'
 '  id: ID\n'
 '  name: String\n'
 '  description: String\n'
 '  price: Float\n'
 '  stock: Int\n'
 '}\n'
 ', type Query {\n'
 '  getProduct(id: ID!): Product\n'
 '}\n'
 '\n'
 'type Product {\n'
 '  id: ID\n'
 '  name: String\n'
 '  details: String\n'
 '  price: Float\n'
 '}\n'
 '\n'
 "Answer:<||_html:<span style='background-color: rgba(0.0, 165.0, 0, 0.15); "
 "border-radius: 3px;' title='1.0'>_||> {<||_html:</span>_||><||_html:<span "
 "style='background-color: rgba(0.0, 165.0, 0, 0.15); border-radius: 3px;' "
 "title='1.0'>_||>\n"
 "<||_html:</span>_||><||_html:<span style='background-color: rgba(0.0, 165.0, "
 "0, 0.15); border-radius: 3px;' title='1.0'>_||> "
 "<||_html:</span>_||><||_html:<span style='background-color: rgba(0.0, 165.0, "
 "0, 0.15); border-radius: 3px;' title='1.0'>_||> "
 '"<||_html:</span>_||><||_html:<span style=\'background-color: rgba(0.0, '
 "165.0, 0, 0.15); border-radius: 3px;' "
 "title='1.0'>_||>changes<||_html:</span>_||><||_html:<span "
 "style='background-color: rgba(0.0, 165.0, 0, 0.15); border-radius: 3px;' "
 'title=\'1.0\'>_||>":<||_html:</span>_||><||_html:<span '
 "style='background-color: rgba(0.0, 165.0, 0, 0.15); border-radius: 3px;' "
 "title='1.0'>_||> [<||_html:</span>_||><||_html:<span "
 "style='background-color: rgba(0.0, 165.0, 0, 0.15); border-radius: 3px;' "
 "title='1.0'>_||>\n"
 "<||_html:</span>_||><||_html:<span style='background-color: rgba(0.0, 165.0, "
 "0, 0.15); border-radius: 3px;' title='1.0'>_||>   "
 "<||_html:</span>_||><||_html:<span style='background-color: rgba(0.0, 165.0, "
 "0, 0.15); border-radius: 3px;' title='1.0'>_||> "
 "{<||_html:</span>_||><||_html:<span style='background-color: rgba(0.0, "
 "165.0, 0, 0.15); border-radius: 3px;' title='1.0'>_||>\n"
 "<||_html:</span>_||><||_html:<span style='background-color: rgba(0.0, 165.0, "
 "0, 0.15); border-radius: 3px;' title='1.0'>_||>     "
 "<||_html:</span>_||><||_html:<span style='background-color: rgba(0.0, 165.0, "
 "0, 0.15); border-radius: 3px;' title='1.0'>_||> "
 '"<||_html:</span>_||><||_html:<span style=\'background-color: rgba(0.0, '
 "165.0, 0, 0.15); border-radius: 3px;' "
 "title='1.0'>_||>type<||_html:</span>_||><||_html:<span "
 "style='background-color: rgba(0.0, 165.0, 0, 0.15); border-radius: 3px;' "
 'title=\'1.0\'>_||>":<||_html:</span>_||><||_html:<span '
 "style='background-color: rgba(0.0, 165.0, 0, 0.15); border-radius: 3px;' "
 'title=\'1.0\'>_||> "<||_html:</span>_||><||_html:<span '
 "style='background-color: rgba(0.0, 165.0, 0, 0.15); border-radius: 3px;' "
 "title='1.0'>_||>Query<||_html:</span>_||><||_html:<span "
 "style='background-color: rgba(0.0, 165.0, 0, 0.15); border-radius: 3px;' "
 'title=\'1.0\'>_||>",<||_html:</span>_||><||_html:<span '
 "style='background-color: rgba(0.0, 165.0, 0, 0.15); border-radius: 3px;' "
 "title='1.0'>_||>\n"
 "<||_html:</span>_||><||_html:<span style='background-color: rgba(0.0, 165.0, "
 "0, 0.15); border-radius: 3px;' title='1.0'>_||>     "
 "<||_html:</span>_||><||_html:<span style='background-color: rgba(0.0, 165.0, "
 "0, 0.15); border-radius: 3px;' title='1.0'>_||> "
 '"<||_html:</span>_||><||_html:<span style=\'background-color: rgba(0.0, '
 "165.0, 0, 0.15); border-radius: 3px;' "
 "title='1.0'>_||>field<||_html:</span>_||><||_html:<span "
 "style='background-color: rgba(0.0, 165.0, 0, 0.15); border-radius: 3px;' "
 'title=\'1.0\'>_||>":<||_html:</span>_||><||_html:<span '
 "style='background-color: rgba(0.0, 165.0, 0, 0.15); border-radius: 3px;' "
 'title=\'1.0\'>_||> "<||_html:</span>_||><||_html:<span '
 "style='background-color: rgba(0.0, 165.0, 0, 0.15); border-radius: 3px;' "
 "title='1.0'>_||>get<||_html:</span>_||><||_html:<span "
 "style='background-color: rgba(0.0, 165.0, 0, 0.15); border-radius: 3px;' "
 "title='1.0'>_||>Product<||_html:</span>_||><||_html:<span "
 "style='background-color: rgba(0.0, 165.0, 0, 0.15); border-radius: 3px;' "
 'title=\'1.0\'>_||>",<||_html:</span>_||><||_html:<span '
 "style='background-color: rgba(0.0, 165.0, 0, 0.15); border-radius: 3px;' "
 "title='1.0'>_||>\n"
 "<||_html:</span>_||><||_html:<span style='background-color: rgba(0.0, 165.0, "
 "0, 0.15); border-radius: 3px;' title='1.0'>_||>     "
 "<||_html:</span>_||><||_html:<span style='background-color: rgba(0.0, 165.0, "
 "0, 0.15); border-radius: 3px;' title='1.0'>_||> "
 '"<||_html:</span>_||><||_html:<span style=\'background-color: rgba(0.0, '
 "165.0, 0, 0.15); border-radius: 3px;' "
 "title='1.0'>_||>change<||_html:</span>_||><||_html:<span "
 "style='background-color: rgba(0.0, 165.0, 0, 0.15); border-radius: 3px;' "
 'title=\'1.0\'>_||>":<||_html:</span>_||><||_html:<span '
 "style='background-color: rgba(0.0, 165.0, 0, 0.15); border-radius: 3px;' "
 'title=\'1.0\'>_||> "<||_html:</span>_||><||_html:<span '
 "style='background-color: rgba(0.0, 165.0, 0, 0.15); border-radius: 3px;' "
 "title='1.0'>_||>field<||_html:</span>_||><||_html:<span "
 "style='background-color: rgba(0.0, 165.0, 0, 0.15); border-radius: 3px;' "
 "title='1.0'>_||> details<||_html:</span>_||><||_html:<span "
 "style='background-color: rgba(0.0, 165.0, 0, 0.15); border-radius: 3px;' "
 "title='1.0'>_||> added<||_html:</span>_||><||_html:<span "
 "style='background-color: rgba(0.0, 165.0, 0, 0.15); border-radius: 3px;' "
 "title='1.0'>_||>")
('Analyze the following two GraphQL schemas for changes, including both '
 'breaking and non-breaking changes.\n'
 '\n'
 '                        Provide your analysis in the following JSON format:\n'
 '                        {\n'
 '                          "changes": [\n'
 '                            {\n'
 '                              "type": "String representing the GraphQL type '
 '(e.g., Query, Mutation, Subscription)",\n'
 '                              "field": "String representing the specific '
 'field that changed",\n'
 '                              "change": "String describing the change (e.g., '
 'field renamed, new field added, field removed)",\n'
 '                              "breaking": "Boolean indicating if the change '
 'is breaking (true) or non-breaking (false)",\n'
 '                              "release_note": "String with a natural '
 'language description of the change for release notes"\n'
 '                            }\n'
 '                          ],\n'
 '                          "release_notes": {\n'
 '                              "summary": "String summarizing all changes, '
 'suitable for a mailing list or public announcement"\n'
 '                          }\n'
 '                        }\n'
 '\n'
 '                        When analyzing, consider the following types of '
 'changes:\n'
 '                        1. Removing fields or types (breaking)\n'
 '                        2. Changing field types (potentially breaking)\n'
 '                        3. Adding required fields (breaking)\n'
 '                        4. Changing the type of existing arguments '
 '(breaking)\n'
 '                        5. Adding optional fields (non-breaking)\n'
 '                        6. Adding new types (non-breaking)\n'
 '                        7. Deprecating fields (non-breaking)\n'
 '\n'
 '                        Ensure that each change is categorized correctly as '
 'breaking or non-breaking.: type Query {\n'
 '  getProduct(id: ID!): Product\n'
 '}\n'
 '\n'
 'type Product {\n'
 '  id: ID\n'
 '  name: String\n'
 '  description: String\n'
 '  price: Float\n'
 '  stock: Int\n'
 '}\n'
 ', type Query {\n'
 '  getProduct(id: ID!): Product\n'
 '}\n'
 '\n'
 'type Product {\n'
 '  id: ID\n'
 '  name: String\n'
 '  details: String\n'
 '  price: Float\n'
 '}\n'
 '\n'
 "Answer:<||_html:<span style='background-color: rgba(0.0, 165.0, 0, 0.15); "
 "border-radius: 3px;' title='1.0'>_||> {<||_html:</span>_||><||_html:<span "
 "style='background-color: rgba(0.0, 165.0, 0, 0.15); border-radius: 3px;' "
 "title='1.0'>_||>\n"
 "<||_html:</span>_||><||_html:<span style='background-color: rgba(0.0, 165.0, "
 "0, 0.15); border-radius: 3px;' title='1.0'>_||> "
 "<||_html:</span>_||><||_html:<span style='background-color: rgba(0.0, 165.0, "
 "0, 0.15); border-radius: 3px;' title='1.0'>_||> "
 '"<||_html:</span>_||><||_html:<span style=\'background-color: rgba(0.0, '
 "165.0, 0, 0.15); border-radius: 3px;' "
 "title='1.0'>_||>changes<||_html:</span>_||><||_html:<span "
 "style='background-color: rgba(0.0, 165.0, 0, 0.15); border-radius: 3px;' "
 'title=\'1.0\'>_||>":<||_html:</span>_||><||_html:<span '
 "style='background-color: rgba(0.0, 165.0, 0, 0.15); border-radius: 3px;' "
 "title='1.0'>_||> [<||_html:</span>_||><||_html:<span "
 "style='background-color: rgba(0.0, 165.0, 0, 0.15); border-radius: 3px;' "
 "title='1.0'>_||>\n"
 "<||_html:</span>_||><||_html:<span style='background-color: rgba(0.0, 165.0, "
 "0, 0.15); border-radius: 3px;' title='1.0'>_||>   "
 "<||_html:</span>_||><||_html:<span style='background-color: rgba(0.0, 165.0, "
 "0, 0.15); border-radius: 3px;' title='1.0'>_||> "
 "{<||_html:</span>_||><||_html:<span style='background-color: rgba(0.0, "
 "165.0, 0, 0.15); border-radius: 3px;' title='1.0'>_||>\n"
 "<||_html:</span>_||><||_html:<span style='background-color: rgba(0.0, 165.0, "
 "0, 0.15); border-radius: 3px;' title='1.0'>_||>     "
 "<||_html:</span>_||><||_html:<span style='background-color: rgba(0.0, 165.0, "
 "0, 0.15); border-radius: 3px;' title='1.0'>_||> "
 '"<||_html:</span>_||><||_html:<span style=\'background-color: rgba(0.0, '
 "165.0, 0, 0.15); border-radius: 3px;' "
 "title='1.0'>_||>type<||_html:</span>_||><||_html:<span "
 "style='background-color: rgba(0.0, 165.0, 0, 0.15); border-radius: 3px;' "
 'title=\'1.0\'>_||>":<||_html:</span>_||><||_html:<span '
 "style='background-color: rgba(0.0, 165.0, 0, 0.15); border-radius: 3px;' "
 'title=\'1.0\'>_||> "<||_html:</span>_||><||_html:<span '
 "style='background-color: rgba(0.0, 165.0, 0, 0.15); border-radius: 3px;' "
 "title='1.0'>_||>Query<||_html:</span>_||><||_html:<span "
 "style='background-color: rgba(0.0, 165.0, 0, 0.15); border-radius: 3px;' "
 'title=\'1.0\'>_||>",<||_html:</span>_||><||_html:<span '
 "style='background-color: rgba(0.0, 165.0, 0, 0.15); border-radius: 3px;' "
 "title='1.0'>_||>\n"
 "<||_html:</span>_||><||_html:<span style='background-color: rgba(0.0, 165.0, "
 "0, 0.15); border-radius: 3px;' title='1.0'>_||>     "
 "<||_html:</span>_||><||_html:<span style='background-color: rgba(0.0, 165.0, "
 "0, 0.15); border-radius: 3px;' title='1.0'>_||> "
 '"<||_html:</span>_||><||_html:<span style=\'background-color: rgba(0.0, '
 "165.0, 0, 0.15); border-radius: 3px;' "
 "title='1.0'>_||>field<||_html:</span>_||><||_html:<span "
 "style='background-color: rgba(0.0, 165.0, 0, 0.15); border-radius: 3px;' "
 'title=\'1.0\'>_||>":<||_html:</span>_||><||_html:<span '
 "style='background-color: rgba(0.0, 165.0, 0, 0.15); border-radius: 3px;' "
 'title=\'1.0\'>_||> "<||_html:</span>_||><||_html:<span '
 "style='background-color: rgba(0.0, 165.0, 0, 0.15); border-radius: 3px;' "
 "title='1.0'>_||>get<||_html:</span>_||><||_html:<span "
 "style='background-color: rgba(0.0, 165.0, 0, 0.15); border-radius: 3px;' "
 "title='1.0'>_||>Product<||_html:</span>_||><||_html:<span "
 "style='background-color: rgba(0.0, 165.0, 0, 0.15); border-radius: 3px;' "
 'title=\'1.0\'>_||>",<||_html:</span>_||><||_html:<span '
 "style='background-color: rgba(0.0, 165.0, 0, 0.15); border-radius: 3px;' "
 "title='1.0'>_||>\n"
 "<||_html:</span>_||><||_html:<span style='background-color: rgba(0.0, 165.0, "
 "0, 0.15); border-radius: 3px;' title='1.0'>_||>     "
 "<||_html:</span>_||><||_html:<span style='background-color: rgba(0.0, 165.0, "
 "0, 0.15); border-radius: 3px;' title='1.0'>_||> "
 '"<||_html:</span>_||><||_html:<span style=\'background-color: rgba(0.0, '
 "165.0, 0, 0.15); border-radius: 3px;' "
 "title='1.0'>_||>change<||_html:</span>_||><||_html:<span "
 "style='background-color: rgba(0.0, 165.0, 0, 0.15); border-radius: 3px;' "
 'title=\'1.0\'>_||>":<||_html:</span>_||><||_html:<span '
 "style='background-color: rgba(0.0, 165.0, 0, 0.15); border-radius: 3px;' "
 'title=\'1.0\'>_||> "<||_html:</span>_||><||_html:<span '
 "style='background-color: rgba(0.0, 165.0, 0, 0.15); border-radius: 3px;' "
 "title='1.0'>_||>field<||_html:</span>_||><||_html:<span "
 "style='background-color: rgba(0.0, 165.0, 0, 0.15); border-radius: 3px;' "
 "title='1.0'>_||> details<||_html:</span>_||><||_html:<span "
 "style='background-color: rgba(0.0, 165.0, 0, 0.15); border-radius: 3px;' "
 "title='1.0'>_||> added<||_html:</span>_||><||_html:<span "
 "style='background-color: rgba(0.0, 165.0, 0, 0.15); border-radius: 3px;' "
 'title=\'1.0\'>_||>",<||_html:</span>_||><||_html:<span '
 "style='background-color: rgba(0.0, 165.0, 0, 0.15); border-radius: 3px;' "
 "title='1.0'>_||>\n"
 "<||_html:</span>_||><||_html:<span style='background-color: rgba(0.0, 165.0, "
 "0, 0.15); border-radius: 3px;' title='1.0'>_||>     "
 "<||_html:</span>_||><||_html:<span style='background-color: rgba(0.0, 165.0, "
 "0, 0.15); border-radius: 3px;' title='1.0'>_||>")
('Analyze the following two GraphQL schemas for changes, including both '
 'breaking and non-breaking changes.\n'
 '\n'
 '                        Provide your analysis in the following JSON format:\n'
 '                        {\n'
 '                          "changes": [\n'
 '                            {\n'
 '                              "type": "String representing the GraphQL type '
 '(e.g., Query, Mutation, Subscription)",\n'
 '                              "field": "String representing the specific '
 'field that changed",\n'
 '                              "change": "String describing the change (e.g., '
 'field renamed, new field added, field removed)",\n'
 '                              "breaking": "Boolean indicating if the change '
 'is breaking (true) or non-breaking (false)",\n'
 '                              "release_note": "String with a natural '
 'language description of the change for release notes"\n'
 '                            }\n'
 '                          ],\n'
 '                          "release_notes": {\n'
 '                              "summary": "String summarizing all changes, '
 'suitable for a mailing list or public announcement"\n'
 '                          }\n'
 '                        }\n'
 '\n'
 '                        When analyzing, consider the following types of '
 'changes:\n'
 '                        1. Removing fields or types (breaking)\n'
 '                        2. Changing field types (potentially breaking)\n'
 '                        3. Adding required fields (breaking)\n'
 '                        4. Changing the type of existing arguments '
 '(breaking)\n'
 '                        5. Adding optional fields (non-breaking)\n'
 '                        6. Adding new types (non-breaking)\n'
 '                        7. Deprecating fields (non-breaking)\n'
 '\n'
 '                        Ensure that each change is categorized correctly as '
 'breaking or non-breaking.: type Query {\n'
 '  getProduct(id: ID!): Product\n'
 '}\n'
 '\n'
 'type Product {\n'
 '  id: ID\n'
 '  name: String\n'
 '  description: String\n'
 '  price: Float\n'
 '  stock: Int\n'
 '}\n'
 ', type Query {\n'
 '  getProduct(id: ID!): Product\n'
 '}\n'
 '\n'
 'type Product {\n'
 '  id: ID\n'
 '  name: String\n'
 '  details: String\n'
 '  price: Float\n'
 '}\n'
 '\n'
 "Answer:<||_html:<span style='background-color: rgba(0.0, 165.0, 0, 0.15); "
 "border-radius: 3px;' title='1.0'>_||> {<||_html:</span>_||><||_html:<span "
 "style='background-color: rgba(0.0, 165.0, 0, 0.15); border-radius: 3px;' "
 "title='1.0'>_||>\n"
 "<||_html:</span>_||><||_html:<span style='background-color: rgba(0.0, 165.0, "
 "0, 0.15); border-radius: 3px;' title='1.0'>_||> "
 "<||_html:</span>_||><||_html:<span style='background-color: rgba(0.0, 165.0, "
 "0, 0.15); border-radius: 3px;' title='1.0'>_||> "
 '"<||_html:</span>_||><||_html:<span style=\'background-color: rgba(0.0, '
 "165.0, 0, 0.15); border-radius: 3px;' "
 "title='1.0'>_||>changes<||_html:</span>_||><||_html:<span "
 "style='background-color: rgba(0.0, 165.0, 0, 0.15); border-radius: 3px;' "
 'title=\'1.0\'>_||>":<||_html:</span>_||><||_html:<span '
 "style='background-color: rgba(0.0, 165.0, 0, 0.15); border-radius: 3px;' "
 "title='1.0'>_||> [<||_html:</span>_||><||_html:<span "
 "style='background-color: rgba(0.0, 165.0, 0, 0.15); border-radius: 3px;' "
 "title='1.0'>_||>\n"
 "<||_html:</span>_||><||_html:<span style='background-color: rgba(0.0, 165.0, "
 "0, 0.15); border-radius: 3px;' title='1.0'>_||>   "
 "<||_html:</span>_||><||_html:<span style='background-color: rgba(0.0, 165.0, "
 "0, 0.15); border-radius: 3px;' title='1.0'>_||> "
 "{<||_html:</span>_||><||_html:<span style='background-color: rgba(0.0, "
 "165.0, 0, 0.15); border-radius: 3px;' title='1.0'>_||>\n"
 "<||_html:</span>_||><||_html:<span style='background-color: rgba(0.0, 165.0, "
 "0, 0.15); border-radius: 3px;' title='1.0'>_||>     "
 "<||_html:</span>_||><||_html:<span style='background-color: rgba(0.0, 165.0, "
 "0, 0.15); border-radius: 3px;' title='1.0'>_||> "
 '"<||_html:</span>_||><||_html:<span style=\'background-color: rgba(0.0, '
 "165.0, 0, 0.15); border-radius: 3px;' "
 "title='1.0'>_||>type<||_html:</span>_||><||_html:<span "
 "style='background-color: rgba(0.0, 165.0, 0, 0.15); border-radius: 3px;' "
 'title=\'1.0\'>_||>":<||_html:</span>_||><||_html:<span '
 "style='background-color: rgba(0.0, 165.0, 0, 0.15); border-radius: 3px;' "
 'title=\'1.0\'>_||> "<||_html:</span>_||><||_html:<span '
 "style='background-color: rgba(0.0, 165.0, 0, 0.15); border-radius: 3px;' "
 "title='1.0'>_||>Query<||_html:</span>_||><||_html:<span "
 "style='background-color: rgba(0.0, 165.0, 0, 0.15); border-radius: 3px;' "
 'title=\'1.0\'>_||>",<||_html:</span>_||><||_html:<span '
 "style='background-color: rgba(0.0, 165.0, 0, 0.15); border-radius: 3px;' "
 "title='1.0'>_||>\n"
 "<||_html:</span>_||><||_html:<span style='background-color: rgba(0.0, 165.0, "
 "0, 0.15); border-radius: 3px;' title='1.0'>_||>     "
 "<||_html:</span>_||><||_html:<span style='background-color: rgba(0.0, 165.0, "
 "0, 0.15); border-radius: 3px;' title='1.0'>_||> "
 '"<||_html:</span>_||><||_html:<span style=\'background-color: rgba(0.0, '
 "165.0, 0, 0.15); border-radius: 3px;' "
 "title='1.0'>_||>field<||_html:</span>_||><||_html:<span "
 "style='background-color: rgba(0.0, 165.0, 0, 0.15); border-radius: 3px;' "
 'title=\'1.0\'>_||>":<||_html:</span>_||><||_html:<span '
 "style='background-color: rgba(0.0, 165.0, 0, 0.15); border-radius: 3px;' "
 'title=\'1.0\'>_||> "<||_html:</span>_||><||_html:<span '
 "style='background-color: rgba(0.0, 165.0, 0, 0.15); border-radius: 3px;' "
 "title='1.0'>_||>get<||_html:</span>_||><||_html:<span "
 "style='background-color: rgba(0.0, 165.0, 0, 0.15); border-radius: 3px;' "
 "title='1.0'>_||>Product<||_html:</span>_||><||_html:<span "
 "style='background-color: rgba(0.0, 165.0, 0, 0.15); border-radius: 3px;' "
 'title=\'1.0\'>_||>",<||_html:</span>_||><||_html:<span '
 "style='background-color: rgba(0.0, 165.0, 0, 0.15); border-radius: 3px;' "
 "title='1.0'>_||>\n"
 "<||_html:</span>_||><||_html:<span style='background-color: rgba(0.0, 165.0, "
 "0, 0.15); border-radius: 3px;' title='1.0'>_||>     "
 "<||_html:</span>_||><||_html:<span style='background-color: rgba(0.0, 165.0, "
 "0, 0.15); border-radius: 3px;' title='1.0'>_||> "
 '"<||_html:</span>_||><||_html:<span style=\'background-color: rgba(0.0, '
 "165.0, 0, 0.15); border-radius: 3px;' "
 "title='1.0'>_||>change<||_html:</span>_||><||_html:<span "
 "style='background-color: rgba(0.0, 165.0, 0, 0.15); border-radius: 3px;' "
 'title=\'1.0\'>_||>":<||_html:</span>_||><||_html:<span '
 "style='background-color: rgba(0.0, 165.0, 0, 0.15); border-radius: 3px;' "
 'title=\'1.0\'>_||> "<||_html:</span>_||><||_html:<span '
 "style='background-color: rgba(0.0, 165.0, 0, 0.15); border-radius: 3px;' "
 "title='1.0'>_||>field<||_html:</span>_||><||_html:<span "
 "style='background-color: rgba(0.0, 165.0, 0, 0.15); border-radius: 3px;' "
 "title='1.0'>_||> details<||_html:</span>_||><||_html:<span "
 "style='background-color: rgba(0.0, 165.0, 0, 0.15); border-radius: 3px;' "
 "title='1.0'>_||> added<||_html:</span>_||><||_html:<span "
 "style='background-color: rgba(0.0, 165.0, 0, 0.15); border-radius: 3px;' "
 'title=\'1.0\'>_||>",<||_html:</span>_||><||_html:<span '
 "style='background-color: rgba(0.0, 165.0, 0, 0.15); border-radius: 3px;' "
 "title='1.0'>_||>\n"
 "<||_html:</span>_||><||_html:<span style='background-color: rgba(0.0, 165.0, "
 "0, 0.15); border-radius: 3px;' title='1.0'>_||>     "
 "<||_html:</span>_||><||_html:<span style='background-color: rgba(0.0, 165.0, "
 "0, 0.15); border-radius: 3px;' title='1.0'>_||> "
 '"<||_html:</span>_||><||_html:<span style=\'background-color: rgba(0.0, '
 "165.0, 0, 0.15); border-radius: 3px;' "
 "title='1.0'>_||>breaking<||_html:</span>_||><||_html:<span "
 "style='background-color: rgba(0.0, 165.0, 0, 0.15); border-radius: 3px;' "
 'title=\'1.0\'>_||>":<||_html:</span>_||><||_html:<span '
 "style='background-color: rgba(0.0, 165.0, 0, 0.15); border-radius: 3px;' "
 "title='1.0'>_||>")
('Analyze the following two GraphQL schemas for changes, including both '
 'breaking and non-breaking changes.\n'
 '\n'
 '                        Provide your analysis in the following JSON format:\n'
 '                        {\n'
 '                          "changes": [\n'
 '                            {\n'
 '                              "type": "String representing the GraphQL type '
 '(e.g., Query, Mutation, Subscription)",\n'
 '                              "field": "String representing the specific '
 'field that changed",\n'
 '                              "change": "String describing the change (e.g., '
 'field renamed, new field added, field removed)",\n'
 '                              "breaking": "Boolean indicating if the change '
 'is breaking (true) or non-breaking (false)",\n'
 '                              "release_note": "String with a natural '
 'language description of the change for release notes"\n'
 '                            }\n'
 '                          ],\n'
 '                          "release_notes": {\n'
 '                              "summary": "String summarizing all changes, '
 'suitable for a mailing list or public announcement"\n'
 '                          }\n'
 '                        }\n'
 '\n'
 '                        When analyzing, consider the following types of '
 'changes:\n'
 '                        1. Removing fields or types (breaking)\n'
 '                        2. Changing field types (potentially breaking)\n'
 '                        3. Adding required fields (breaking)\n'
 '                        4. Changing the type of existing arguments '
 '(breaking)\n'
 '                        5. Adding optional fields (non-breaking)\n'
 '                        6. Adding new types (non-breaking)\n'
 '                        7. Deprecating fields (non-breaking)\n'
 '\n'
 '                        Ensure that each change is categorized correctly as '
 'breaking or non-breaking.: type Query {\n'
 '  getProduct(id: ID!): Product\n'
 '}\n'
 '\n'
 'type Product {\n'
 '  id: ID\n'
 '  name: String\n'
 '  description: String\n'
 '  price: Float\n'
 '  stock: Int\n'
 '}\n'
 ', type Query {\n'
 '  getProduct(id: ID!): Product\n'
 '}\n'
 '\n'
 'type Product {\n'
 '  id: ID\n'
 '  name: String\n'
 '  details: String\n'
 '  price: Float\n'
 '}\n'
 '\n'
 "Answer:<||_html:<span style='background-color: rgba(0.0, 165.0, 0, 0.15); "
 "border-radius: 3px;' title='1.0'>_||> {<||_html:</span>_||><||_html:<span "
 "style='background-color: rgba(0.0, 165.0, 0, 0.15); border-radius: 3px;' "
 "title='1.0'>_||>\n"
 "<||_html:</span>_||><||_html:<span style='background-color: rgba(0.0, 165.0, "
 "0, 0.15); border-radius: 3px;' title='1.0'>_||> "
 "<||_html:</span>_||><||_html:<span style='background-color: rgba(0.0, 165.0, "
 "0, 0.15); border-radius: 3px;' title='1.0'>_||> "
 '"<||_html:</span>_||><||_html:<span style=\'background-color: rgba(0.0, '
 "165.0, 0, 0.15); border-radius: 3px;' "
 "title='1.0'>_||>changes<||_html:</span>_||><||_html:<span "
 "style='background-color: rgba(0.0, 165.0, 0, 0.15); border-radius: 3px;' "
 'title=\'1.0\'>_||>":<||_html:</span>_||><||_html:<span '
 "style='background-color: rgba(0.0, 165.0, 0, 0.15); border-radius: 3px;' "
 "title='1.0'>_||> [<||_html:</span>_||><||_html:<span "
 "style='background-color: rgba(0.0, 165.0, 0, 0.15); border-radius: 3px;' "
 "title='1.0'>_||>\n"
 "<||_html:</span>_||><||_html:<span style='background-color: rgba(0.0, 165.0, "
 "0, 0.15); border-radius: 3px;' title='1.0'>_||>   "
 "<||_html:</span>_||><||_html:<span style='background-color: rgba(0.0, 165.0, "
 "0, 0.15); border-radius: 3px;' title='1.0'>_||> "
 "{<||_html:</span>_||><||_html:<span style='background-color: rgba(0.0, "
 "165.0, 0, 0.15); border-radius: 3px;' title='1.0'>_||>\n"
 "<||_html:</span>_||><||_html:<span style='background-color: rgba(0.0, 165.0, "
 "0, 0.15); border-radius: 3px;' title='1.0'>_||>     "
 "<||_html:</span>_||><||_html:<span style='background-color: rgba(0.0, 165.0, "
 "0, 0.15); border-radius: 3px;' title='1.0'>_||> "
 '"<||_html:</span>_||><||_html:<span style=\'background-color: rgba(0.0, '
 "165.0, 0, 0.15); border-radius: 3px;' "
 "title='1.0'>_||>type<||_html:</span>_||><||_html:<span "
 "style='background-color: rgba(0.0, 165.0, 0, 0.15); border-radius: 3px;' "
 'title=\'1.0\'>_||>":<||_html:</span>_||><||_html:<span '
 "style='background-color: rgba(0.0, 165.0, 0, 0.15); border-radius: 3px;' "
 'title=\'1.0\'>_||> "<||_html:</span>_||><||_html:<span '
 "style='background-color: rgba(0.0, 165.0, 0, 0.15); border-radius: 3px;' "
 "title='1.0'>_||>Query<||_html:</span>_||><||_html:<span "
 "style='background-color: rgba(0.0, 165.0, 0, 0.15); border-radius: 3px;' "
 'title=\'1.0\'>_||>",<||_html:</span>_||><||_html:<span '
 "style='background-color: rgba(0.0, 165.0, 0, 0.15); border-radius: 3px;' "
 "title='1.0'>_||>\n"
 "<||_html:</span>_||><||_html:<span style='background-color: rgba(0.0, 165.0, "
 "0, 0.15); border-radius: 3px;' title='1.0'>_||>     "
 "<||_html:</span>_||><||_html:<span style='background-color: rgba(0.0, 165.0, "
 "0, 0.15); border-radius: 3px;' title='1.0'>_||> "
 '"<||_html:</span>_||><||_html:<span style=\'background-color: rgba(0.0, '
 "165.0, 0, 0.15); border-radius: 3px;' "
 "title='1.0'>_||>field<||_html:</span>_||><||_html:<span "
 "style='background-color: rgba(0.0, 165.0, 0, 0.15); border-radius: 3px;' "
 'title=\'1.0\'>_||>":<||_html:</span>_||><||_html:<span '
 "style='background-color: rgba(0.0, 165.0, 0, 0.15); border-radius: 3px;' "
 'title=\'1.0\'>_||> "<||_html:</span>_||><||_html:<span '
 "style='background-color: rgba(0.0, 165.0, 0, 0.15); border-radius: 3px;' "
 "title='1.0'>_||>get<||_html:</span>_||><||_html:<span "
 "style='background-color: rgba(0.0, 165.0, 0, 0.15); border-radius: 3px;' "
 "title='1.0'>_||>Product<||_html:</span>_||><||_html:<span "
 "style='background-color: rgba(0.0, 165.0, 0, 0.15); border-radius: 3px;' "
 'title=\'1.0\'>_||>",<||_html:</span>_||><||_html:<span '
 "style='background-color: rgba(0.0, 165.0, 0, 0.15); border-radius: 3px;' "
 "title='1.0'>_||>\n"
 "<||_html:</span>_||><||_html:<span style='background-color: rgba(0.0, 165.0, "
 "0, 0.15); border-radius: 3px;' title='1.0'>_||>     "
 "<||_html:</span>_||><||_html:<span style='background-color: rgba(0.0, 165.0, "
 "0, 0.15); border-radius: 3px;' title='1.0'>_||> "
 '"<||_html:</span>_||><||_html:<span style=\'background-color: rgba(0.0, '
 "165.0, 0, 0.15); border-radius: 3px;' "
 "title='1.0'>_||>change<||_html:</span>_||><||_html:<span "
 "style='background-color: rgba(0.0, 165.0, 0, 0.15); border-radius: 3px;' "
 'title=\'1.0\'>_||>":<||_html:</span>_||><||_html:<span '
 "style='background-color: rgba(0.0, 165.0, 0, 0.15); border-radius: 3px;' "
 'title=\'1.0\'>_||> "<||_html:</span>_||><||_html:<span '
 "style='background-color: rgba(0.0, 165.0, 0, 0.15); border-radius: 3px;' "
 "title='1.0'>_||>field<||_html:</span>_||><||_html:<span "
 "style='background-color: rgba(0.0, 165.0, 0, 0.15); border-radius: 3px;' "
 "title='1.0'>_||> details<||_html:</span>_||><||_html:<span "
 "style='background-color: rgba(0.0, 165.0, 0, 0.15); border-radius: 3px;' "
 "title='1.0'>_||> added<||_html:</span>_||><||_html:<span "
 "style='background-color: rgba(0.0, 165.0, 0, 0.15); border-radius: 3px;' "
 'title=\'1.0\'>_||>",<||_html:</span>_||><||_html:<span '
 "style='background-color: rgba(0.0, 165.0, 0, 0.15); border-radius: 3px;' "
 "title='1.0'>_||>\n"
 "<||_html:</span>_||><||_html:<span style='background-color: rgba(0.0, 165.0, "
 "0, 0.15); border-radius: 3px;' title='1.0'>_||>     "
 "<||_html:</span>_||><||_html:<span style='background-color: rgba(0.0, 165.0, "
 "0, 0.15); border-radius: 3px;' title='1.0'>_||> "
 '"<||_html:</span>_||><||_html:<span style=\'background-color: rgba(0.0, '
 "165.0, 0, 0.15); border-radius: 3px;' "
 "title='1.0'>_||>breaking<||_html:</span>_||><||_html:<span "
 "style='background-color: rgba(0.0, 165.0, 0, 0.15); border-radius: 3px;' "
 'title=\'1.0\'>_||>":<||_html:</span>_||><||_html:<span '
 "style='background-color: rgba(0.0, 165.0, 0, 0.15); border-radius: 3px;' "
 'title=\'1.0\'>_||> "<||_html:</span>_||><||_html:<span '
 "style='background-color: rgba(0.0, 165.0, 0, 0.15); border-radius: 3px;' "
 "title='1.0'>_||>false<||_html:</span>_||><||_html:<span "
 "style='background-color: rgba(0.0, 165.0, 0, 0.15); border-radius: 3px;' "
 'title=\'1.0\'>_||>",<||_html:</span>_||><||_html:<span '
 "style='background-color: rgba(0.0, 165.0, 0, 0.15); border-radius: 3px;' "
 "title='1.0'>_||>")
('Analyze the following two GraphQL schemas for changes, including both '
 'breaking and non-breaking changes.\n'
 '\n'
 '                        Provide your analysis in the following JSON format:\n'
 '                        {\n'
 '                          "changes": [\n'
 '                            {\n'
 '                              "type": "String representing the GraphQL type '
 '(e.g., Query, Mutation, Subscription)",\n'
 '                              "field": "String representing the specific '
 'field that changed",\n'
 '                              "change": "String describing the change (e.g., '
 'field renamed, new field added, field removed)",\n'
 '                              "breaking": "Boolean indicating if the change '
 'is breaking (true) or non-breaking (false)",\n'
 '                              "release_note": "String with a natural '
 'language description of the change for release notes"\n'
 '                            }\n'
 '                          ],\n'
 '                          "release_notes": {\n'
 '                              "summary": "String summarizing all changes, '
 'suitable for a mailing list or public announcement"\n'
 '                          }\n'
 '                        }\n'
 '\n'
 '                        When analyzing, consider the following types of '
 'changes:\n'
 '                        1. Removing fields or types (breaking)\n'
 '                        2. Changing field types (potentially breaking)\n'
 '                        3. Adding required fields (breaking)\n'
 '                        4. Changing the type of existing arguments '
 '(breaking)\n'
 '                        5. Adding optional fields (non-breaking)\n'
 '                        6. Adding new types (non-breaking)\n'
 '                        7. Deprecating fields (non-breaking)\n'
 '\n'
 '                        Ensure that each change is categorized correctly as '
 'breaking or non-breaking.: type Query {\n'
 '  getProduct(id: ID!): Product\n'
 '}\n'
 '\n'
 'type Product {\n'
 '  id: ID\n'
 '  name: String\n'
 '  description: String\n'
 '  price: Float\n'
 '  stock: Int\n'
 '}\n'
 ', type Query {\n'
 '  getProduct(id: ID!): Product\n'
 '}\n'
 '\n'
 'type Product {\n'
 '  id: ID\n'
 '  name: String\n'
 '  details: String\n'
 '  price: Float\n'
 '}\n'
 '\n'
 "Answer:<||_html:<span style='background-color: rgba(0.0, 165.0, 0, 0.15); "
 "border-radius: 3px;' title='1.0'>_||> {<||_html:</span>_||><||_html:<span "
 "style='background-color: rgba(0.0, 165.0, 0, 0.15); border-radius: 3px;' "
 "title='1.0'>_||>\n"
 "<||_html:</span>_||><||_html:<span style='background-color: rgba(0.0, 165.0, "
 "0, 0.15); border-radius: 3px;' title='1.0'>_||> "
 "<||_html:</span>_||><||_html:<span style='background-color: rgba(0.0, 165.0, "
 "0, 0.15); border-radius: 3px;' title='1.0'>_||> "
 '"<||_html:</span>_||><||_html:<span style=\'background-color: rgba(0.0, '
 "165.0, 0, 0.15); border-radius: 3px;' "
 "title='1.0'>_||>changes<||_html:</span>_||><||_html:<span "
 "style='background-color: rgba(0.0, 165.0, 0, 0.15); border-radius: 3px;' "
 'title=\'1.0\'>_||>":<||_html:</span>_||><||_html:<span '
 "style='background-color: rgba(0.0, 165.0, 0, 0.15); border-radius: 3px;' "
 "title='1.0'>_||> [<||_html:</span>_||><||_html:<span "
 "style='background-color: rgba(0.0, 165.0, 0, 0.15); border-radius: 3px;' "
 "title='1.0'>_||>\n"
 "<||_html:</span>_||><||_html:<span style='background-color: rgba(0.0, 165.0, "
 "0, 0.15); border-radius: 3px;' title='1.0'>_||>   "
 "<||_html:</span>_||><||_html:<span style='background-color: rgba(0.0, 165.0, "
 "0, 0.15); border-radius: 3px;' title='1.0'>_||> "
 "{<||_html:</span>_||><||_html:<span style='background-color: rgba(0.0, "
 "165.0, 0, 0.15); border-radius: 3px;' title='1.0'>_||>\n"
 "<||_html:</span>_||><||_html:<span style='background-color: rgba(0.0, 165.0, "
 "0, 0.15); border-radius: 3px;' title='1.0'>_||>     "
 "<||_html:</span>_||><||_html:<span style='background-color: rgba(0.0, 165.0, "
 "0, 0.15); border-radius: 3px;' title='1.0'>_||> "
 '"<||_html:</span>_||><||_html:<span style=\'background-color: rgba(0.0, '
 "165.0, 0, 0.15); border-radius: 3px;' "
 "title='1.0'>_||>type<||_html:</span>_||><||_html:<span "
 "style='background-color: rgba(0.0, 165.0, 0, 0.15); border-radius: 3px;' "
 'title=\'1.0\'>_||>":<||_html:</span>_||><||_html:<span '
 "style='background-color: rgba(0.0, 165.0, 0, 0.15); border-radius: 3px;' "
 'title=\'1.0\'>_||> "<||_html:</span>_||><||_html:<span '
 "style='background-color: rgba(0.0, 165.0, 0, 0.15); border-radius: 3px;' "
 "title='1.0'>_||>Query<||_html:</span>_||><||_html:<span "
 "style='background-color: rgba(0.0, 165.0, 0, 0.15); border-radius: 3px;' "
 'title=\'1.0\'>_||>",<||_html:</span>_||><||_html:<span '
 "style='background-color: rgba(0.0, 165.0, 0, 0.15); border-radius: 3px;' "
 "title='1.0'>_||>\n"
 "<||_html:</span>_||><||_html:<span style='background-color: rgba(0.0, 165.0, "
 "0, 0.15); border-radius: 3px;' title='1.0'>_||>     "
 "<||_html:</span>_||><||_html:<span style='background-color: rgba(0.0, 165.0, "
 "0, 0.15); border-radius: 3px;' title='1.0'>_||> "
 '"<||_html:</span>_||><||_html:<span style=\'background-color: rgba(0.0, '
 "165.0, 0, 0.15); border-radius: 3px;' "
 "title='1.0'>_||>field<||_html:</span>_||><||_html:<span "
 "style='background-color: rgba(0.0, 165.0, 0, 0.15); border-radius: 3px;' "
 'title=\'1.0\'>_||>":<||_html:</span>_||><||_html:<span '
 "style='background-color: rgba(0.0, 165.0, 0, 0.15); border-radius: 3px;' "
 'title=\'1.0\'>_||> "<||_html:</span>_||><||_html:<span '
 "style='background-color: rgba(0.0, 165.0, 0, 0.15); border-radius: 3px;' "
 "title='1.0'>_||>get<||_html:</span>_||><||_html:<span "
 "style='background-color: rgba(0.0, 165.0, 0, 0.15); border-radius: 3px;' "
 "title='1.0'>_||>Product<||_html:</span>_||><||_html:<span "
 "style='background-color: rgba(0.0, 165.0, 0, 0.15); border-radius: 3px;' "
 'title=\'1.0\'>_||>",<||_html:</span>_||><||_html:<span '
 "style='background-color: rgba(0.0, 165.0, 0, 0.15); border-radius: 3px;' "
 "title='1.0'>_||>\n"
 "<||_html:</span>_||><||_html:<span style='background-color: rgba(0.0, 165.0, "
 "0, 0.15); border-radius: 3px;' title='1.0'>_||>     "
 "<||_html:</span>_||><||_html:<span style='background-color: rgba(0.0, 165.0, "
 "0, 0.15); border-radius: 3px;' title='1.0'>_||> "
 '"<||_html:</span>_||><||_html:<span style=\'background-color: rgba(0.0, '
 "165.0, 0, 0.15); border-radius: 3px;' "
 "title='1.0'>_||>change<||_html:</span>_||><||_html:<span "
 "style='background-color: rgba(0.0, 165.0, 0, 0.15); border-radius: 3px;' "
 'title=\'1.0\'>_||>":<||_html:</span>_||><||_html:<span '
 "style='background-color: rgba(0.0, 165.0, 0, 0.15); border-radius: 3px;' "
 'title=\'1.0\'>_||> "<||_html:</span>_||><||_html:<span '
 "style='background-color: rgba(0.0, 165.0, 0, 0.15); border-radius: 3px;' "
 "title='1.0'>_||>field<||_html:</span>_||><||_html:<span "
 "style='background-color: rgba(0.0, 165.0, 0, 0.15); border-radius: 3px;' "
 "title='1.0'>_||> details<||_html:</span>_||><||_html:<span "
 "style='background-color: rgba(0.0, 165.0, 0, 0.15); border-radius: 3px;' "
 "title='1.0'>_||> added<||_html:</span>_||><||_html:<span "
 "style='background-color: rgba(0.0, 165.0, 0, 0.15); border-radius: 3px;' "
 'title=\'1.0\'>_||>",<||_html:</span>_||><||_html:<span '
 "style='background-color: rgba(0.0, 165.0, 0, 0.15); border-radius: 3px;' "
 "title='1.0'>_||>\n"
 "<||_html:</span>_||><||_html:<span style='background-color: rgba(0.0, 165.0, "
 "0, 0.15); border-radius: 3px;' title='1.0'>_||>     "
 "<||_html:</span>_||><||_html:<span style='background-color: rgba(0.0, 165.0, "
 "0, 0.15); border-radius: 3px;' title='1.0'>_||> "
 '"<||_html:</span>_||><||_html:<span style=\'background-color: rgba(0.0, '
 "165.0, 0, 0.15); border-radius: 3px;' "
 "title='1.0'>_||>breaking<||_html:</span>_||><||_html:<span "
 "style='background-color: rgba(0.0, 165.0, 0, 0.15); border-radius: 3px;' "
 'title=\'1.0\'>_||>":<||_html:</span>_||><||_html:<span '
 "style='background-color: rgba(0.0, 165.0, 0, 0.15); border-radius: 3px;' "
 'title=\'1.0\'>_||> "<||_html:</span>_||><||_html:<span '
 "style='background-color: rgba(0.0, 165.0, 0, 0.15); border-radius: 3px;' "
 "title='1.0'>_||>false<||_html:</span>_||><||_html:<span "
 "style='background-color: rgba(0.0, 165.0, 0, 0.15); border-radius: 3px;' "
 'title=\'1.0\'>_||>",<||_html:</span>_||><||_html:<span '
 "style='background-color: rgba(0.0, 165.0, 0, 0.15); border-radius: 3px;' "
 "title='1.0'>_||>\n"
 "<||_html:</span>_||><||_html:<span style='background-color: rgba(0.0, 165.0, "
 "0, 0.15); border-radius: 3px;' title='1.0'>_||>     "
 "<||_html:</span>_||><||_html:<span style='background-color: rgba(0.0, 165.0, "
 "0, 0.15); border-radius: 3px;' title='1.0'>_||> "
 '"<||_html:</span>_||><||_html:<span style=\'background-color: rgba(0.0, '
 "165.0, 0, 0.15); border-radius: 3px;' title='1.0'>_||>")
('Analyze the following two GraphQL schemas for changes, including both '
 'breaking and non-breaking changes.\n'
 '\n'
 '                        Provide your analysis in the following JSON format:\n'
 '                        {\n'
 '                          "changes": [\n'
 '                            {\n'
 '                              "type": "String representing the GraphQL type '
 '(e.g., Query, Mutation, Subscription)",\n'
 '                              "field": "String representing the specific '
 'field that changed",\n'
 '                              "change": "String describing the change (e.g., '
 'field renamed, new field added, field removed)",\n'
 '                              "breaking": "Boolean indicating if the change '
 'is breaking (true) or non-breaking (false)",\n'
 '                              "release_note": "String with a natural '
 'language description of the change for release notes"\n'
 '                            }\n'
 '                          ],\n'
 '                          "release_notes": {\n'
 '                              "summary": "String summarizing all changes, '
 'suitable for a mailing list or public announcement"\n'
 '                          }\n'
 '                        }\n'
 '\n'
 '                        When analyzing, consider the following types of '
 'changes:\n'
 '                        1. Removing fields or types (breaking)\n'
 '                        2. Changing field types (potentially breaking)\n'
 '                        3. Adding required fields (breaking)\n'
 '                        4. Changing the type of existing arguments '
 '(breaking)\n'
 '                        5. Adding optional fields (non-breaking)\n'
 '                        6. Adding new types (non-breaking)\n'
 '                        7. Deprecating fields (non-breaking)\n'
 '\n'
 '                        Ensure that each change is categorized correctly as '
 'breaking or non-breaking.: type Query {\n'
 '  getProduct(id: ID!): Product\n'
 '}\n'
 '\n'
 'type Product {\n'
 '  id: ID\n'
 '  name: String\n'
 '  description: String\n'
 '  price: Float\n'
 '  stock: Int\n'
 '}\n'
 ', type Query {\n'
 '  getProduct(id: ID!): Product\n'
 '}\n'
 '\n'
 'type Product {\n'
 '  id: ID\n'
 '  name: String\n'
 '  details: String\n'
 '  price: Float\n'
 '}\n'
 '\n'
 "Answer:<||_html:<span style='background-color: rgba(0.0, 165.0, 0, 0.15); "
 "border-radius: 3px;' title='1.0'>_||> {<||_html:</span>_||><||_html:<span "
 "style='background-color: rgba(0.0, 165.0, 0, 0.15); border-radius: 3px;' "
 "title='1.0'>_||>\n"
 "<||_html:</span>_||><||_html:<span style='background-color: rgba(0.0, 165.0, "
 "0, 0.15); border-radius: 3px;' title='1.0'>_||> "
 "<||_html:</span>_||><||_html:<span style='background-color: rgba(0.0, 165.0, "
 "0, 0.15); border-radius: 3px;' title='1.0'>_||> "
 '"<||_html:</span>_||><||_html:<span style=\'background-color: rgba(0.0, '
 "165.0, 0, 0.15); border-radius: 3px;' "
 "title='1.0'>_||>changes<||_html:</span>_||><||_html:<span "
 "style='background-color: rgba(0.0, 165.0, 0, 0.15); border-radius: 3px;' "
 'title=\'1.0\'>_||>":<||_html:</span>_||><||_html:<span '
 "style='background-color: rgba(0.0, 165.0, 0, 0.15); border-radius: 3px;' "
 "title='1.0'>_||> [<||_html:</span>_||><||_html:<span "
 "style='background-color: rgba(0.0, 165.0, 0, 0.15); border-radius: 3px;' "
 "title='1.0'>_||>\n"
 "<||_html:</span>_||><||_html:<span style='background-color: rgba(0.0, 165.0, "
 "0, 0.15); border-radius: 3px;' title='1.0'>_||>   "
 "<||_html:</span>_||><||_html:<span style='background-color: rgba(0.0, 165.0, "
 "0, 0.15); border-radius: 3px;' title='1.0'>_||> "
 "{<||_html:</span>_||><||_html:<span style='background-color: rgba(0.0, "
 "165.0, 0, 0.15); border-radius: 3px;' title='1.0'>_||>\n"
 "<||_html:</span>_||><||_html:<span style='background-color: rgba(0.0, 165.0, "
 "0, 0.15); border-radius: 3px;' title='1.0'>_||>     "
 "<||_html:</span>_||><||_html:<span style='background-color: rgba(0.0, 165.0, "
 "0, 0.15); border-radius: 3px;' title='1.0'>_||> "
 '"<||_html:</span>_||><||_html:<span style=\'background-color: rgba(0.0, '
 "165.0, 0, 0.15); border-radius: 3px;' "
 "title='1.0'>_||>type<||_html:</span>_||><||_html:<span "
 "style='background-color: rgba(0.0, 165.0, 0, 0.15); border-radius: 3px;' "
 'title=\'1.0\'>_||>":<||_html:</span>_||><||_html:<span '
 "style='background-color: rgba(0.0, 165.0, 0, 0.15); border-radius: 3px;' "
 'title=\'1.0\'>_||> "<||_html:</span>_||><||_html:<span '
 "style='background-color: rgba(0.0, 165.0, 0, 0.15); border-radius: 3px;' "
 "title='1.0'>_||>Query<||_html:</span>_||><||_html:<span "
 "style='background-color: rgba(0.0, 165.0, 0, 0.15); border-radius: 3px;' "
 'title=\'1.0\'>_||>",<||_html:</span>_||><||_html:<span '
 "style='background-color: rgba(0.0, 165.0, 0, 0.15); border-radius: 3px;' "
 "title='1.0'>_||>\n"
 "<||_html:</span>_||><||_html:<span style='background-color: rgba(0.0, 165.0, "
 "0, 0.15); border-radius: 3px;' title='1.0'>_||>     "
 "<||_html:</span>_||><||_html:<span style='background-color: rgba(0.0, 165.0, "
 "0, 0.15); border-radius: 3px;' title='1.0'>_||> "
 '"<||_html:</span>_||><||_html:<span style=\'background-color: rgba(0.0, '
 "165.0, 0, 0.15); border-radius: 3px;' "
 "title='1.0'>_||>field<||_html:</span>_||><||_html:<span "
 "style='background-color: rgba(0.0, 165.0, 0, 0.15); border-radius: 3px;' "
 'title=\'1.0\'>_||>":<||_html:</span>_||><||_html:<span '
 "style='background-color: rgba(0.0, 165.0, 0, 0.15); border-radius: 3px;' "
 'title=\'1.0\'>_||> "<||_html:</span>_||><||_html:<span '
 "style='background-color: rgba(0.0, 165.0, 0, 0.15); border-radius: 3px;' "
 "title='1.0'>_||>get<||_html:</span>_||><||_html:<span "
 "style='background-color: rgba(0.0, 165.0, 0, 0.15); border-radius: 3px;' "
 "title='1.0'>_||>Product<||_html:</span>_||><||_html:<span "
 "style='background-color: rgba(0.0, 165.0, 0, 0.15); border-radius: 3px;' "
 'title=\'1.0\'>_||>",<||_html:</span>_||><||_html:<span '
 "style='background-color: rgba(0.0, 165.0, 0, 0.15); border-radius: 3px;' "
 "title='1.0'>_||>\n"
 "<||_html:</span>_||><||_html:<span style='background-color: rgba(0.0, 165.0, "
 "0, 0.15); border-radius: 3px;' title='1.0'>_||>     "
 "<||_html:</span>_||><||_html:<span style='background-color: rgba(0.0, 165.0, "
 "0, 0.15); border-radius: 3px;' title='1.0'>_||> "
 '"<||_html:</span>_||><||_html:<span style=\'background-color: rgba(0.0, '
 "165.0, 0, 0.15); border-radius: 3px;' "
 "title='1.0'>_||>change<||_html:</span>_||><||_html:<span "
 "style='background-color: rgba(0.0, 165.0, 0, 0.15); border-radius: 3px;' "
 'title=\'1.0\'>_||>":<||_html:</span>_||><||_html:<span '
 "style='background-color: rgba(0.0, 165.0, 0, 0.15); border-radius: 3px;' "
 'title=\'1.0\'>_||> "<||_html:</span>_||><||_html:<span '
 "style='background-color: rgba(0.0, 165.0, 0, 0.15); border-radius: 3px;' "
 "title='1.0'>_||>field<||_html:</span>_||><||_html:<span "
 "style='background-color: rgba(0.0, 165.0, 0, 0.15); border-radius: 3px;' "
 "title='1.0'>_||> details<||_html:</span>_||><||_html:<span "
 "style='background-color: rgba(0.0, 165.0, 0, 0.15); border-radius: 3px;' "
 "title='1.0'>_||> added<||_html:</span>_||><||_html:<span "
 "style='background-color: rgba(0.0, 165.0, 0, 0.15); border-radius: 3px;' "
 'title=\'1.0\'>_||>",<||_html:</span>_||><||_html:<span '
 "style='background-color: rgba(0.0, 165.0, 0, 0.15); border-radius: 3px;' "
 "title='1.0'>_||>\n"
 "<||_html:</span>_||><||_html:<span style='background-color: rgba(0.0, 165.0, "
 "0, 0.15); border-radius: 3px;' title='1.0'>_||>     "
 "<||_html:</span>_||><||_html:<span style='background-color: rgba(0.0, 165.0, "
 "0, 0.15); border-radius: 3px;' title='1.0'>_||> "
 '"<||_html:</span>_||><||_html:<span style=\'background-color: rgba(0.0, '
 "165.0, 0, 0.15); border-radius: 3px;' "
 "title='1.0'>_||>breaking<||_html:</span>_||><||_html:<span "
 "style='background-color: rgba(0.0, 165.0, 0, 0.15); border-radius: 3px;' "
 'title=\'1.0\'>_||>":<||_html:</span>_||><||_html:<span '
 "style='background-color: rgba(0.0, 165.0, 0, 0.15); border-radius: 3px;' "
 'title=\'1.0\'>_||> "<||_html:</span>_||><||_html:<span '
 "style='background-color: rgba(0.0, 165.0, 0, 0.15); border-radius: 3px;' "
 "title='1.0'>_||>false<||_html:</span>_||><||_html:<span "
 "style='background-color: rgba(0.0, 165.0, 0, 0.15); border-radius: 3px;' "
 'title=\'1.0\'>_||>",<||_html:</span>_||><||_html:<span '
 "style='background-color: rgba(0.0, 165.0, 0, 0.15); border-radius: 3px;' "
 "title='1.0'>_||>\n"
 "<||_html:</span>_||><||_html:<span style='background-color: rgba(0.0, 165.0, "
 "0, 0.15); border-radius: 3px;' title='1.0'>_||>     "
 "<||_html:</span>_||><||_html:<span style='background-color: rgba(0.0, 165.0, "
 "0, 0.15); border-radius: 3px;' title='1.0'>_||> "
 '"<||_html:</span>_||><||_html:<span style=\'background-color: rgba(0.0, '
 "165.0, 0, 0.15); border-radius: 3px;' "
 "title='1.0'>_||>release<||_html:</span>_||><||_html:<span "
 "style='background-color: rgba(0.0, 165.0, 0, 0.15); border-radius: 3px;' "
 "title='1.0'>_||>_<||_html:</span>_||><||_html:<span style='background-color: "
 "rgba(0.0, 165.0, 0, 0.15); border-radius: 3px;' "
 "title='1.0'>_||>note<||_html:</span>_||><||_html:<span "
 "style='background-color: rgba(0.0, 165.0, 0, 0.15); border-radius: 3px;' "
 "title='1.0'>_||>")
('Analyze the following two GraphQL schemas for changes, including both '
 'breaking and non-breaking changes.\n'
 '\n'
 '                        Provide your analysis in the following JSON format:\n'
 '                        {\n'
 '                          "changes": [\n'
 '                            {\n'
 '                              "type": "String representing the GraphQL type '
 '(e.g., Query, Mutation, Subscription)",\n'
 '                              "field": "String representing the specific '
 'field that changed",\n'
 '                              "change": "String describing the change (e.g., '
 'field renamed, new field added, field removed)",\n'
 '                              "breaking": "Boolean indicating if the change '
 'is breaking (true) or non-breaking (false)",\n'
 '                              "release_note": "String with a natural '
 'language description of the change for release notes"\n'
 '                            }\n'
 '                          ],\n'
 '                          "release_notes": {\n'
 '                              "summary": "String summarizing all changes, '
 'suitable for a mailing list or public announcement"\n'
 '                          }\n'
 '                        }\n'
 '\n'
 '                        When analyzing, consider the following types of '
 'changes:\n'
 '                        1. Removing fields or types (breaking)\n'
 '                        2. Changing field types (potentially breaking)\n'
 '                        3. Adding required fields (breaking)\n'
 '                        4. Changing the type of existing arguments '
 '(breaking)\n'
 '                        5. Adding optional fields (non-breaking)\n'
 '                        6. Adding new types (non-breaking)\n'
 '                        7. Deprecating fields (non-breaking)\n'
 '\n'
 '                        Ensure that each change is categorized correctly as '
 'breaking or non-breaking.: type Query {\n'
 '  getProduct(id: ID!): Product\n'
 '}\n'
 '\n'
 'type Product {\n'
 '  id: ID\n'
 '  name: String\n'
 '  description: String\n'
 '  price: Float\n'
 '  stock: Int\n'
 '}\n'
 ', type Query {\n'
 '  getProduct(id: ID!): Product\n'
 '}\n'
 '\n'
 'type Product {\n'
 '  id: ID\n'
 '  name: String\n'
 '  details: String\n'
 '  price: Float\n'
 '}\n'
 '\n'
 "Answer:<||_html:<span style='background-color: rgba(0.0, 165.0, 0, 0.15); "
 "border-radius: 3px;' title='1.0'>_||> {<||_html:</span>_||><||_html:<span "
 "style='background-color: rgba(0.0, 165.0, 0, 0.15); border-radius: 3px;' "
 "title='1.0'>_||>\n"
 "<||_html:</span>_||><||_html:<span style='background-color: rgba(0.0, 165.0, "
 "0, 0.15); border-radius: 3px;' title='1.0'>_||> "
 "<||_html:</span>_||><||_html:<span style='background-color: rgba(0.0, 165.0, "
 "0, 0.15); border-radius: 3px;' title='1.0'>_||> "
 '"<||_html:</span>_||><||_html:<span style=\'background-color: rgba(0.0, '
 "165.0, 0, 0.15); border-radius: 3px;' "
 "title='1.0'>_||>changes<||_html:</span>_||><||_html:<span "
 "style='background-color: rgba(0.0, 165.0, 0, 0.15); border-radius: 3px;' "
 'title=\'1.0\'>_||>":<||_html:</span>_||><||_html:<span '
 "style='background-color: rgba(0.0, 165.0, 0, 0.15); border-radius: 3px;' "
 "title='1.0'>_||> [<||_html:</span>_||><||_html:<span "
 "style='background-color: rgba(0.0, 165.0, 0, 0.15); border-radius: 3px;' "
 "title='1.0'>_||>\n"
 "<||_html:</span>_||><||_html:<span style='background-color: rgba(0.0, 165.0, "
 "0, 0.15); border-radius: 3px;' title='1.0'>_||>   "
 "<||_html:</span>_||><||_html:<span style='background-color: rgba(0.0, 165.0, "
 "0, 0.15); border-radius: 3px;' title='1.0'>_||> "
 "{<||_html:</span>_||><||_html:<span style='background-color: rgba(0.0, "
 "165.0, 0, 0.15); border-radius: 3px;' title='1.0'>_||>\n"
 "<||_html:</span>_||><||_html:<span style='background-color: rgba(0.0, 165.0, "
 "0, 0.15); border-radius: 3px;' title='1.0'>_||>     "
 "<||_html:</span>_||><||_html:<span style='background-color: rgba(0.0, 165.0, "
 "0, 0.15); border-radius: 3px;' title='1.0'>_||> "
 '"<||_html:</span>_||><||_html:<span style=\'background-color: rgba(0.0, '
 "165.0, 0, 0.15); border-radius: 3px;' "
 "title='1.0'>_||>type<||_html:</span>_||><||_html:<span "
 "style='background-color: rgba(0.0, 165.0, 0, 0.15); border-radius: 3px;' "
 'title=\'1.0\'>_||>":<||_html:</span>_||><||_html:<span '
 "style='background-color: rgba(0.0, 165.0, 0, 0.15); border-radius: 3px;' "
 'title=\'1.0\'>_||> "<||_html:</span>_||><||_html:<span '
 "style='background-color: rgba(0.0, 165.0, 0, 0.15); border-radius: 3px;' "
 "title='1.0'>_||>Query<||_html:</span>_||><||_html:<span "
 "style='background-color: rgba(0.0, 165.0, 0, 0.15); border-radius: 3px;' "
 'title=\'1.0\'>_||>",<||_html:</span>_||><||_html:<span '
 "style='background-color: rgba(0.0, 165.0, 0, 0.15); border-radius: 3px;' "
 "title='1.0'>_||>\n"
 "<||_html:</span>_||><||_html:<span style='background-color: rgba(0.0, 165.0, "
 "0, 0.15); border-radius: 3px;' title='1.0'>_||>     "
 "<||_html:</span>_||><||_html:<span style='background-color: rgba(0.0, 165.0, "
 "0, 0.15); border-radius: 3px;' title='1.0'>_||> "
 '"<||_html:</span>_||><||_html:<span style=\'background-color: rgba(0.0, '
 "165.0, 0, 0.15); border-radius: 3px;' "
 "title='1.0'>_||>field<||_html:</span>_||><||_html:<span "
 "style='background-color: rgba(0.0, 165.0, 0, 0.15); border-radius: 3px;' "
 'title=\'1.0\'>_||>":<||_html:</span>_||><||_html:<span '
 "style='background-color: rgba(0.0, 165.0, 0, 0.15); border-radius: 3px;' "
 'title=\'1.0\'>_||> "<||_html:</span>_||><||_html:<span '
 "style='background-color: rgba(0.0, 165.0, 0, 0.15); border-radius: 3px;' "
 "title='1.0'>_||>get<||_html:</span>_||><||_html:<span "
 "style='background-color: rgba(0.0, 165.0, 0, 0.15); border-radius: 3px;' "
 "title='1.0'>_||>Product<||_html:</span>_||><||_html:<span "
 "style='background-color: rgba(0.0, 165.0, 0, 0.15); border-radius: 3px;' "
 'title=\'1.0\'>_||>",<||_html:</span>_||><||_html:<span '
 "style='background-color: rgba(0.0, 165.0, 0, 0.15); border-radius: 3px;' "
 "title='1.0'>_||>\n"
 "<||_html:</span>_||><||_html:<span style='background-color: rgba(0.0, 165.0, "
 "0, 0.15); border-radius: 3px;' title='1.0'>_||>     "
 "<||_html:</span>_||><||_html:<span style='background-color: rgba(0.0, 165.0, "
 "0, 0.15); border-radius: 3px;' title='1.0'>_||> "
 '"<||_html:</span>_||><||_html:<span style=\'background-color: rgba(0.0, '
 "165.0, 0, 0.15); border-radius: 3px;' "
 "title='1.0'>_||>change<||_html:</span>_||><||_html:<span "
 "style='background-color: rgba(0.0, 165.0, 0, 0.15); border-radius: 3px;' "
 'title=\'1.0\'>_||>":<||_html:</span>_||><||_html:<span '
 "style='background-color: rgba(0.0, 165.0, 0, 0.15); border-radius: 3px;' "
 'title=\'1.0\'>_||> "<||_html:</span>_||><||_html:<span '
 "style='background-color: rgba(0.0, 165.0, 0, 0.15); border-radius: 3px;' "
 "title='1.0'>_||>field<||_html:</span>_||><||_html:<span "
 "style='background-color: rgba(0.0, 165.0, 0, 0.15); border-radius: 3px;' "
 "title='1.0'>_||> details<||_html:</span>_||><||_html:<span "
 "style='background-color: rgba(0.0, 165.0, 0, 0.15); border-radius: 3px;' "
 "title='1.0'>_||> added<||_html:</span>_||><||_html:<span "
 "style='background-color: rgba(0.0, 165.0, 0, 0.15); border-radius: 3px;' "
 'title=\'1.0\'>_||>",<||_html:</span>_||><||_html:<span '
 "style='background-color: rgba(0.0, 165.0, 0, 0.15); border-radius: 3px;' "
 "title='1.0'>_||>\n"
 "<||_html:</span>_||><||_html:<span style='background-color: rgba(0.0, 165.0, "
 "0, 0.15); border-radius: 3px;' title='1.0'>_||>     "
 "<||_html:</span>_||><||_html:<span style='background-color: rgba(0.0, 165.0, "
 "0, 0.15); border-radius: 3px;' title='1.0'>_||> "
 '"<||_html:</span>_||><||_html:<span style=\'background-color: rgba(0.0, '
 "165.0, 0, 0.15); border-radius: 3px;' "
 "title='1.0'>_||>breaking<||_html:</span>_||><||_html:<span "
 "style='background-color: rgba(0.0, 165.0, 0, 0.15); border-radius: 3px;' "
 'title=\'1.0\'>_||>":<||_html:</span>_||><||_html:<span '
 "style='background-color: rgba(0.0, 165.0, 0, 0.15); border-radius: 3px;' "
 'title=\'1.0\'>_||> "<||_html:</span>_||><||_html:<span '
 "style='background-color: rgba(0.0, 165.0, 0, 0.15); border-radius: 3px;' "
 "title='1.0'>_||>false<||_html:</span>_||><||_html:<span "
 "style='background-color: rgba(0.0, 165.0, 0, 0.15); border-radius: 3px;' "
 'title=\'1.0\'>_||>",<||_html:</span>_||><||_html:<span '
 "style='background-color: rgba(0.0, 165.0, 0, 0.15); border-radius: 3px;' "
 "title='1.0'>_||>\n"
 "<||_html:</span>_||><||_html:<span style='background-color: rgba(0.0, 165.0, "
 "0, 0.15); border-radius: 3px;' title='1.0'>_||>     "
 "<||_html:</span>_||><||_html:<span style='background-color: rgba(0.0, 165.0, "
 "0, 0.15); border-radius: 3px;' title='1.0'>_||> "
 '"<||_html:</span>_||><||_html:<span style=\'background-color: rgba(0.0, '
 "165.0, 0, 0.15); border-radius: 3px;' "
 "title='1.0'>_||>release<||_html:</span>_||><||_html:<span "
 "style='background-color: rgba(0.0, 165.0, 0, 0.15); border-radius: 3px;' "
 "title='1.0'>_||>_<||_html:</span>_||><||_html:<span style='background-color: "
 "rgba(0.0, 165.0, 0, 0.15); border-radius: 3px;' "
 "title='1.0'>_||>note<||_html:</span>_||><||_html:<span "
 "style='background-color: rgba(0.0, 165.0, 0, 0.15); border-radius: 3px;' "
 'title=\'1.0\'>_||>":<||_html:</span>_||><||_html:<span '
 "style='background-color: rgba(0.0, 165.0, 0, 0.15); border-radius: 3px;' "
 'title=\'1.0\'>_||> "<||_html:</span>_||><||_html:<span '
 "style='background-color: rgba(0.0, 165.0, 0, 0.15); border-radius: 3px;' "
 "title='1.0'>_||>The<||_html:</span>_||><||_html:<span "
 "style='background-color: rgba(0.0, 165.0, 0, 0.15); border-radius: 3px;' "
 "title='1.0'>_||>")
('Analyze the following two GraphQL schemas for changes, including both '
 'breaking and non-breaking changes.\n'
 '\n'
 '                        Provide your analysis in the following JSON format:\n'
 '                        {\n'
 '                          "changes": [\n'
 '                            {\n'
 '                              "type": "String representing the GraphQL type '
 '(e.g., Query, Mutation, Subscription)",\n'
 '                              "field": "String representing the specific '
 'field that changed",\n'
 '                              "change": "String describing the change (e.g., '
 'field renamed, new field added, field removed)",\n'
 '                              "breaking": "Boolean indicating if the change '
 'is breaking (true) or non-breaking (false)",\n'
 '                              "release_note": "String with a natural '
 'language description of the change for release notes"\n'
 '                            }\n'
 '                          ],\n'
 '                          "release_notes": {\n'
 '                              "summary": "String summarizing all changes, '
 'suitable for a mailing list or public announcement"\n'
 '                          }\n'
 '                        }\n'
 '\n'
 '                        When analyzing, consider the following types of '
 'changes:\n'
 '                        1. Removing fields or types (breaking)\n'
 '                        2. Changing field types (potentially breaking)\n'
 '                        3. Adding required fields (breaking)\n'
 '                        4. Changing the type of existing arguments '
 '(breaking)\n'
 '                        5. Adding optional fields (non-breaking)\n'
 '                        6. Adding new types (non-breaking)\n'
 '                        7. Deprecating fields (non-breaking)\n'
 '\n'
 '                        Ensure that each change is categorized correctly as '
 'breaking or non-breaking.: type Query {\n'
 '  getProduct(id: ID!): Product\n'
 '}\n'
 '\n'
 'type Product {\n'
 '  id: ID\n'
 '  name: String\n'
 '  description: String\n'
 '  price: Float\n'
 '  stock: Int\n'
 '}\n'
 ', type Query {\n'
 '  getProduct(id: ID!): Product\n'
 '}\n'
 '\n'
 'type Product {\n'
 '  id: ID\n'
 '  name: String\n'
 '  details: String\n'
 '  price: Float\n'
 '}\n'
 '\n'
 "Answer:<||_html:<span style='background-color: rgba(0.0, 165.0, 0, 0.15); "
 "border-radius: 3px;' title='1.0'>_||> {<||_html:</span>_||><||_html:<span "
 "style='background-color: rgba(0.0, 165.0, 0, 0.15); border-radius: 3px;' "
 "title='1.0'>_||>\n"
 "<||_html:</span>_||><||_html:<span style='background-color: rgba(0.0, 165.0, "
 "0, 0.15); border-radius: 3px;' title='1.0'>_||> "
 "<||_html:</span>_||><||_html:<span style='background-color: rgba(0.0, 165.0, "
 "0, 0.15); border-radius: 3px;' title='1.0'>_||> "
 '"<||_html:</span>_||><||_html:<span style=\'background-color: rgba(0.0, '
 "165.0, 0, 0.15); border-radius: 3px;' "
 "title='1.0'>_||>changes<||_html:</span>_||><||_html:<span "
 "style='background-color: rgba(0.0, 165.0, 0, 0.15); border-radius: 3px;' "
 'title=\'1.0\'>_||>":<||_html:</span>_||><||_html:<span '
 "style='background-color: rgba(0.0, 165.0, 0, 0.15); border-radius: 3px;' "
 "title='1.0'>_||> [<||_html:</span>_||><||_html:<span "
 "style='background-color: rgba(0.0, 165.0, 0, 0.15); border-radius: 3px;' "
 "title='1.0'>_||>\n"
 "<||_html:</span>_||><||_html:<span style='background-color: rgba(0.0, 165.0, "
 "0, 0.15); border-radius: 3px;' title='1.0'>_||>   "
 "<||_html:</span>_||><||_html:<span style='background-color: rgba(0.0, 165.0, "
 "0, 0.15); border-radius: 3px;' title='1.0'>_||> "
 "{<||_html:</span>_||><||_html:<span style='background-color: rgba(0.0, "
 "165.0, 0, 0.15); border-radius: 3px;' title='1.0'>_||>\n"
 "<||_html:</span>_||><||_html:<span style='background-color: rgba(0.0, 165.0, "
 "0, 0.15); border-radius: 3px;' title='1.0'>_||>     "
 "<||_html:</span>_||><||_html:<span style='background-color: rgba(0.0, 165.0, "
 "0, 0.15); border-radius: 3px;' title='1.0'>_||> "
 '"<||_html:</span>_||><||_html:<span style=\'background-color: rgba(0.0, '
 "165.0, 0, 0.15); border-radius: 3px;' "
 "title='1.0'>_||>type<||_html:</span>_||><||_html:<span "
 "style='background-color: rgba(0.0, 165.0, 0, 0.15); border-radius: 3px;' "
 'title=\'1.0\'>_||>":<||_html:</span>_||><||_html:<span '
 "style='background-color: rgba(0.0, 165.0, 0, 0.15); border-radius: 3px;' "
 'title=\'1.0\'>_||> "<||_html:</span>_||><||_html:<span '
 "style='background-color: rgba(0.0, 165.0, 0, 0.15); border-radius: 3px;' "
 "title='1.0'>_||>Query<||_html:</span>_||><||_html:<span "
 "style='background-color: rgba(0.0, 165.0, 0, 0.15); border-radius: 3px;' "
 'title=\'1.0\'>_||>",<||_html:</span>_||><||_html:<span '
 "style='background-color: rgba(0.0, 165.0, 0, 0.15); border-radius: 3px;' "
 "title='1.0'>_||>\n"
 "<||_html:</span>_||><||_html:<span style='background-color: rgba(0.0, 165.0, "
 "0, 0.15); border-radius: 3px;' title='1.0'>_||>     "
 "<||_html:</span>_||><||_html:<span style='background-color: rgba(0.0, 165.0, "
 "0, 0.15); border-radius: 3px;' title='1.0'>_||> "
 '"<||_html:</span>_||><||_html:<span style=\'background-color: rgba(0.0, '
 "165.0, 0, 0.15); border-radius: 3px;' "
 "title='1.0'>_||>field<||_html:</span>_||><||_html:<span "
 "style='background-color: rgba(0.0, 165.0, 0, 0.15); border-radius: 3px;' "
 'title=\'1.0\'>_||>":<||_html:</span>_||><||_html:<span '
 "style='background-color: rgba(0.0, 165.0, 0, 0.15); border-radius: 3px;' "
 'title=\'1.0\'>_||> "<||_html:</span>_||><||_html:<span '
 "style='background-color: rgba(0.0, 165.0, 0, 0.15); border-radius: 3px;' "
 "title='1.0'>_||>get<||_html:</span>_||><||_html:<span "
 "style='background-color: rgba(0.0, 165.0, 0, 0.15); border-radius: 3px;' "
 "title='1.0'>_||>Product<||_html:</span>_||><||_html:<span "
 "style='background-color: rgba(0.0, 165.0, 0, 0.15); border-radius: 3px;' "
 'title=\'1.0\'>_||>",<||_html:</span>_||><||_html:<span '
 "style='background-color: rgba(0.0, 165.0, 0, 0.15); border-radius: 3px;' "
 "title='1.0'>_||>\n"
 "<||_html:</span>_||><||_html:<span style='background-color: rgba(0.0, 165.0, "
 "0, 0.15); border-radius: 3px;' title='1.0'>_||>     "
 "<||_html:</span>_||><||_html:<span style='background-color: rgba(0.0, 165.0, "
 "0, 0.15); border-radius: 3px;' title='1.0'>_||> "
 '"<||_html:</span>_||><||_html:<span style=\'background-color: rgba(0.0, '
 "165.0, 0, 0.15); border-radius: 3px;' "
 "title='1.0'>_||>change<||_html:</span>_||><||_html:<span "
 "style='background-color: rgba(0.0, 165.0, 0, 0.15); border-radius: 3px;' "
 'title=\'1.0\'>_||>":<||_html:</span>_||><||_html:<span '
 "style='background-color: rgba(0.0, 165.0, 0, 0.15); border-radius: 3px;' "
 'title=\'1.0\'>_||> "<||_html:</span>_||><||_html:<span '
 "style='background-color: rgba(0.0, 165.0, 0, 0.15); border-radius: 3px;' "
 "title='1.0'>_||>field<||_html:</span>_||><||_html:<span "
 "style='background-color: rgba(0.0, 165.0, 0, 0.15); border-radius: 3px;' "
 "title='1.0'>_||> details<||_html:</span>_||><||_html:<span "
 "style='background-color: rgba(0.0, 165.0, 0, 0.15); border-radius: 3px;' "
 "title='1.0'>_||> added<||_html:</span>_||><||_html:<span "
 "style='background-color: rgba(0.0, 165.0, 0, 0.15); border-radius: 3px;' "
 'title=\'1.0\'>_||>",<||_html:</span>_||><||_html:<span '
 "style='background-color: rgba(0.0, 165.0, 0, 0.15); border-radius: 3px;' "
 "title='1.0'>_||>\n"
 "<||_html:</span>_||><||_html:<span style='background-color: rgba(0.0, 165.0, "
 "0, 0.15); border-radius: 3px;' title='1.0'>_||>     "
 "<||_html:</span>_||><||_html:<span style='background-color: rgba(0.0, 165.0, "
 "0, 0.15); border-radius: 3px;' title='1.0'>_||> "
 '"<||_html:</span>_||><||_html:<span style=\'background-color: rgba(0.0, '
 "165.0, 0, 0.15); border-radius: 3px;' "
 "title='1.0'>_||>breaking<||_html:</span>_||><||_html:<span "
 "style='background-color: rgba(0.0, 165.0, 0, 0.15); border-radius: 3px;' "
 'title=\'1.0\'>_||>":<||_html:</span>_||><||_html:<span '
 "style='background-color: rgba(0.0, 165.0, 0, 0.15); border-radius: 3px;' "
 'title=\'1.0\'>_||> "<||_html:</span>_||><||_html:<span '
 "style='background-color: rgba(0.0, 165.0, 0, 0.15); border-radius: 3px;' "
 "title='1.0'>_||>false<||_html:</span>_||><||_html:<span "
 "style='background-color: rgba(0.0, 165.0, 0, 0.15); border-radius: 3px;' "
 'title=\'1.0\'>_||>",<||_html:</span>_||><||_html:<span '
 "style='background-color: rgba(0.0, 165.0, 0, 0.15); border-radius: 3px;' "
 "title='1.0'>_||>\n"
 "<||_html:</span>_||><||_html:<span style='background-color: rgba(0.0, 165.0, "
 "0, 0.15); border-radius: 3px;' title='1.0'>_||>     "
 "<||_html:</span>_||><||_html:<span style='background-color: rgba(0.0, 165.0, "
 "0, 0.15); border-radius: 3px;' title='1.0'>_||> "
 '"<||_html:</span>_||><||_html:<span style=\'background-color: rgba(0.0, '
 "165.0, 0, 0.15); border-radius: 3px;' "
 "title='1.0'>_||>release<||_html:</span>_||><||_html:<span "
 "style='background-color: rgba(0.0, 165.0, 0, 0.15); border-radius: 3px;' "
 "title='1.0'>_||>_<||_html:</span>_||><||_html:<span style='background-color: "
 "rgba(0.0, 165.0, 0, 0.15); border-radius: 3px;' "
 "title='1.0'>_||>note<||_html:</span>_||><||_html:<span "
 "style='background-color: rgba(0.0, 165.0, 0, 0.15); border-radius: 3px;' "
 'title=\'1.0\'>_||>":<||_html:</span>_||><||_html:<span '
 "style='background-color: rgba(0.0, 165.0, 0, 0.15); border-radius: 3px;' "
 'title=\'1.0\'>_||> "<||_html:</span>_||><||_html:<span '
 "style='background-color: rgba(0.0, 165.0, 0, 0.15); border-radius: 3px;' "
 "title='1.0'>_||>The<||_html:</span>_||><||_html:<span "
 "style='background-color: rgba(0.0, 165.0, 0, 0.15); border-radius: 3px;' "
 "title='1.0'>_||> '<||_html:</span>_||><||_html:<span "
 "style='background-color: rgba(0.0, 165.0, 0, 0.15); border-radius: 3px;' "
 "title='1.0'>_||>get<||_html:</span>_||><||_html:<span "
 "style='background-color: rgba(0.0, 165.0, 0, 0.15); border-radius: 3px;' "
 "title='1.0'>_||>Product<||_html:</span>_||><||_html:<span "
 "style='background-color: rgba(0.0, 165.0, 0, 0.15); border-radius: 3px;' "
 "title='1.0'>_||>")
('Analyze the following two GraphQL schemas for changes, including both '
 'breaking and non-breaking changes.\n'
 '\n'
 '                        Provide your analysis in the following JSON format:\n'
 '                        {\n'
 '                          "changes": [\n'
 '                            {\n'
 '                              "type": "String representing the GraphQL type '
 '(e.g., Query, Mutation, Subscription)",\n'
 '                              "field": "String representing the specific '
 'field that changed",\n'
 '                              "change": "String describing the change (e.g., '
 'field renamed, new field added, field removed)",\n'
 '                              "breaking": "Boolean indicating if the change '
 'is breaking (true) or non-breaking (false)",\n'
 '                              "release_note": "String with a natural '
 'language description of the change for release notes"\n'
 '                            }\n'
 '                          ],\n'
 '                          "release_notes": {\n'
 '                              "summary": "String summarizing all changes, '
 'suitable for a mailing list or public announcement"\n'
 '                          }\n'
 '                        }\n'
 '\n'
 '                        When analyzing, consider the following types of '
 'changes:\n'
 '                        1. Removing fields or types (breaking)\n'
 '                        2. Changing field types (potentially breaking)\n'
 '                        3. Adding required fields (breaking)\n'
 '                        4. Changing the type of existing arguments '
 '(breaking)\n'
 '                        5. Adding optional fields (non-breaking)\n'
 '                        6. Adding new types (non-breaking)\n'
 '                        7. Deprecating fields (non-breaking)\n'
 '\n'
 '                        Ensure that each change is categorized correctly as '
 'breaking or non-breaking.: type Query {\n'
 '  getProduct(id: ID!): Product\n'
 '}\n'
 '\n'
 'type Product {\n'
 '  id: ID\n'
 '  name: String\n'
 '  description: String\n'
 '  price: Float\n'
 '  stock: Int\n'
 '}\n'
 ', type Query {\n'
 '  getProduct(id: ID!): Product\n'
 '}\n'
 '\n'
 'type Product {\n'
 '  id: ID\n'
 '  name: String\n'
 '  details: String\n'
 '  price: Float\n'
 '}\n'
 '\n'
 "Answer:<||_html:<span style='background-color: rgba(0.0, 165.0, 0, 0.15); "
 "border-radius: 3px;' title='1.0'>_||> {<||_html:</span>_||><||_html:<span "
 "style='background-color: rgba(0.0, 165.0, 0, 0.15); border-radius: 3px;' "
 "title='1.0'>_||>\n"
 "<||_html:</span>_||><||_html:<span style='background-color: rgba(0.0, 165.0, "
 "0, 0.15); border-radius: 3px;' title='1.0'>_||> "
 "<||_html:</span>_||><||_html:<span style='background-color: rgba(0.0, 165.0, "
 "0, 0.15); border-radius: 3px;' title='1.0'>_||> "
 '"<||_html:</span>_||><||_html:<span style=\'background-color: rgba(0.0, '
 "165.0, 0, 0.15); border-radius: 3px;' "
 "title='1.0'>_||>changes<||_html:</span>_||><||_html:<span "
 "style='background-color: rgba(0.0, 165.0, 0, 0.15); border-radius: 3px;' "
 'title=\'1.0\'>_||>":<||_html:</span>_||><||_html:<span '
 "style='background-color: rgba(0.0, 165.0, 0, 0.15); border-radius: 3px;' "
 "title='1.0'>_||> [<||_html:</span>_||><||_html:<span "
 "style='background-color: rgba(0.0, 165.0, 0, 0.15); border-radius: 3px;' "
 "title='1.0'>_||>\n"
 "<||_html:</span>_||><||_html:<span style='background-color: rgba(0.0, 165.0, "
 "0, 0.15); border-radius: 3px;' title='1.0'>_||>   "
 "<||_html:</span>_||><||_html:<span style='background-color: rgba(0.0, 165.0, "
 "0, 0.15); border-radius: 3px;' title='1.0'>_||> "
 "{<||_html:</span>_||><||_html:<span style='background-color: rgba(0.0, "
 "165.0, 0, 0.15); border-radius: 3px;' title='1.0'>_||>\n"
 "<||_html:</span>_||><||_html:<span style='background-color: rgba(0.0, 165.0, "
 "0, 0.15); border-radius: 3px;' title='1.0'>_||>     "
 "<||_html:</span>_||><||_html:<span style='background-color: rgba(0.0, 165.0, "
 "0, 0.15); border-radius: 3px;' title='1.0'>_||> "
 '"<||_html:</span>_||><||_html:<span style=\'background-color: rgba(0.0, '
 "165.0, 0, 0.15); border-radius: 3px;' "
 "title='1.0'>_||>type<||_html:</span>_||><||_html:<span "
 "style='background-color: rgba(0.0, 165.0, 0, 0.15); border-radius: 3px;' "
 'title=\'1.0\'>_||>":<||_html:</span>_||><||_html:<span '
 "style='background-color: rgba(0.0, 165.0, 0, 0.15); border-radius: 3px;' "
 'title=\'1.0\'>_||> "<||_html:</span>_||><||_html:<span '
 "style='background-color: rgba(0.0, 165.0, 0, 0.15); border-radius: 3px;' "
 "title='1.0'>_||>Query<||_html:</span>_||><||_html:<span "
 "style='background-color: rgba(0.0, 165.0, 0, 0.15); border-radius: 3px;' "
 'title=\'1.0\'>_||>",<||_html:</span>_||><||_html:<span '
 "style='background-color: rgba(0.0, 165.0, 0, 0.15); border-radius: 3px;' "
 "title='1.0'>_||>\n"
 "<||_html:</span>_||><||_html:<span style='background-color: rgba(0.0, 165.0, "
 "0, 0.15); border-radius: 3px;' title='1.0'>_||>     "
 "<||_html:</span>_||><||_html:<span style='background-color: rgba(0.0, 165.0, "
 "0, 0.15); border-radius: 3px;' title='1.0'>_||> "
 '"<||_html:</span>_||><||_html:<span style=\'background-color: rgba(0.0, '
 "165.0, 0, 0.15); border-radius: 3px;' "
 "title='1.0'>_||>field<||_html:</span>_||><||_html:<span "
 "style='background-color: rgba(0.0, 165.0, 0, 0.15); border-radius: 3px;' "
 'title=\'1.0\'>_||>":<||_html:</span>_||><||_html:<span '
 "style='background-color: rgba(0.0, 165.0, 0, 0.15); border-radius: 3px;' "
 'title=\'1.0\'>_||> "<||_html:</span>_||><||_html:<span '
 "style='background-color: rgba(0.0, 165.0, 0, 0.15); border-radius: 3px;' "
 "title='1.0'>_||>get<||_html:</span>_||><||_html:<span "
 "style='background-color: rgba(0.0, 165.0, 0, 0.15); border-radius: 3px;' "
 "title='1.0'>_||>Product<||_html:</span>_||><||_html:<span "
 "style='background-color: rgba(0.0, 165.0, 0, 0.15); border-radius: 3px;' "
 'title=\'1.0\'>_||>",<||_html:</span>_||><||_html:<span '
 "style='background-color: rgba(0.0, 165.0, 0, 0.15); border-radius: 3px;' "
 "title='1.0'>_||>\n"
 "<||_html:</span>_||><||_html:<span style='background-color: rgba(0.0, 165.0, "
 "0, 0.15); border-radius: 3px;' title='1.0'>_||>     "
 "<||_html:</span>_||><||_html:<span style='background-color: rgba(0.0, 165.0, "
 "0, 0.15); border-radius: 3px;' title='1.0'>_||> "
 '"<||_html:</span>_||><||_html:<span style=\'background-color: rgba(0.0, '
 "165.0, 0, 0.15); border-radius: 3px;' "
 "title='1.0'>_||>change<||_html:</span>_||><||_html:<span "
 "style='background-color: rgba(0.0, 165.0, 0, 0.15); border-radius: 3px;' "
 'title=\'1.0\'>_||>":<||_html:</span>_||><||_html:<span '
 "style='background-color: rgba(0.0, 165.0, 0, 0.15); border-radius: 3px;' "
 'title=\'1.0\'>_||> "<||_html:</span>_||><||_html:<span '
 "style='background-color: rgba(0.0, 165.0, 0, 0.15); border-radius: 3px;' "
 "title='1.0'>_||>field<||_html:</span>_||><||_html:<span "
 "style='background-color: rgba(0.0, 165.0, 0, 0.15); border-radius: 3px;' "
 "title='1.0'>_||> details<||_html:</span>_||><||_html:<span "
 "style='background-color: rgba(0.0, 165.0, 0, 0.15); border-radius: 3px;' "
 "title='1.0'>_||> added<||_html:</span>_||><||_html:<span "
 "style='background-color: rgba(0.0, 165.0, 0, 0.15); border-radius: 3px;' "
 'title=\'1.0\'>_||>",<||_html:</span>_||><||_html:<span '
 "style='background-color: rgba(0.0, 165.0, 0, 0.15); border-radius: 3px;' "
 "title='1.0'>_||>\n"
 "<||_html:</span>_||><||_html:<span style='background-color: rgba(0.0, 165.0, "
 "0, 0.15); border-radius: 3px;' title='1.0'>_||>     "
 "<||_html:</span>_||><||_html:<span style='background-color: rgba(0.0, 165.0, "
 "0, 0.15); border-radius: 3px;' title='1.0'>_||> "
 '"<||_html:</span>_||><||_html:<span style=\'background-color: rgba(0.0, '
 "165.0, 0, 0.15); border-radius: 3px;' "
 "title='1.0'>_||>breaking<||_html:</span>_||><||_html:<span "
 "style='background-color: rgba(0.0, 165.0, 0, 0.15); border-radius: 3px;' "
 'title=\'1.0\'>_||>":<||_html:</span>_||><||_html:<span '
 "style='background-color: rgba(0.0, 165.0, 0, 0.15); border-radius: 3px;' "
 'title=\'1.0\'>_||> "<||_html:</span>_||><||_html:<span '
 "style='background-color: rgba(0.0, 165.0, 0, 0.15); border-radius: 3px;' "
 "title='1.0'>_||>false<||_html:</span>_||><||_html:<span "
 "style='background-color: rgba(0.0, 165.0, 0, 0.15); border-radius: 3px;' "
 'title=\'1.0\'>_||>",<||_html:</span>_||><||_html:<span '
 "style='background-color: rgba(0.0, 165.0, 0, 0.15); border-radius: 3px;' "
 "title='1.0'>_||>\n"
 "<||_html:</span>_||><||_html:<span style='background-color: rgba(0.0, 165.0, "
 "0, 0.15); border-radius: 3px;' title='1.0'>_||>     "
 "<||_html:</span>_||><||_html:<span style='background-color: rgba(0.0, 165.0, "
 "0, 0.15); border-radius: 3px;' title='1.0'>_||> "
 '"<||_html:</span>_||><||_html:<span style=\'background-color: rgba(0.0, '
 "165.0, 0, 0.15); border-radius: 3px;' "
 "title='1.0'>_||>release<||_html:</span>_||><||_html:<span "
 "style='background-color: rgba(0.0, 165.0, 0, 0.15); border-radius: 3px;' "
 "title='1.0'>_||>_<||_html:</span>_||><||_html:<span style='background-color: "
 "rgba(0.0, 165.0, 0, 0.15); border-radius: 3px;' "
 "title='1.0'>_||>note<||_html:</span>_||><||_html:<span "
 "style='background-color: rgba(0.0, 165.0, 0, 0.15); border-radius: 3px;' "
 'title=\'1.0\'>_||>":<||_html:</span>_||><||_html:<span '
 "style='background-color: rgba(0.0, 165.0, 0, 0.15); border-radius: 3px;' "
 'title=\'1.0\'>_||> "<||_html:</span>_||><||_html:<span '
 "style='background-color: rgba(0.0, 165.0, 0, 0.15); border-radius: 3px;' "
 "title='1.0'>_||>The<||_html:</span>_||><||_html:<span "
 "style='background-color: rgba(0.0, 165.0, 0, 0.15); border-radius: 3px;' "
 "title='1.0'>_||> '<||_html:</span>_||><||_html:<span "
 "style='background-color: rgba(0.0, 165.0, 0, 0.15); border-radius: 3px;' "
 "title='1.0'>_||>get<||_html:</span>_||><||_html:<span "
 "style='background-color: rgba(0.0, 165.0, 0, 0.15); border-radius: 3px;' "
 "title='1.0'>_||>Product<||_html:</span>_||><||_html:<span "
 "style='background-color: rgba(0.0, 165.0, 0, 0.15); border-radius: 3px;' "
 "title='1.0'>_||>'<||_html:</span>_||><||_html:<span style='background-color: "
 "rgba(0.0, 165.0, 0, 0.15); border-radius: 3px;' title='1.0'>_||> "
 "query<||_html:</span>_||><||_html:<span style='background-color: rgba(0.0, "
 "165.0, 0, 0.15); border-radius: 3px;' title='1.0'>_||> "
 "now<||_html:</span>_||><||_html:<span style='background-color: rgba(0.0, "
 "165.0, 0, 0.15); border-radius: 3px;' title='1.0'>_||>")
('Analyze the following two GraphQL schemas for changes, including both '
 'breaking and non-breaking changes.\n'
 '\n'
 '                        Provide your analysis in the following JSON format:\n'
 '                        {\n'
 '                          "changes": [\n'
 '                            {\n'
 '                              "type": "String representing the GraphQL type '
 '(e.g., Query, Mutation, Subscription)",\n'
 '                              "field": "String representing the specific '
 'field that changed",\n'
 '                              "change": "String describing the change (e.g., '
 'field renamed, new field added, field removed)",\n'
 '                              "breaking": "Boolean indicating if the change '
 'is breaking (true) or non-breaking (false)",\n'
 '                              "release_note": "String with a natural '
 'language description of the change for release notes"\n'
 '                            }\n'
 '                          ],\n'
 '                          "release_notes": {\n'
 '                              "summary": "String summarizing all changes, '
 'suitable for a mailing list or public announcement"\n'
 '                          }\n'
 '                        }\n'
 '\n'
 '                        When analyzing, consider the following types of '
 'changes:\n'
 '                        1. Removing fields or types (breaking)\n'
 '                        2. Changing field types (potentially breaking)\n'
 '                        3. Adding required fields (breaking)\n'
 '                        4. Changing the type of existing arguments '
 '(breaking)\n'
 '                        5. Adding optional fields (non-breaking)\n'
 '                        6. Adding new types (non-breaking)\n'
 '                        7. Deprecating fields (non-breaking)\n'
 '\n'
 '                        Ensure that each change is categorized correctly as '
 'breaking or non-breaking.: type Query {\n'
 '  getProduct(id: ID!): Product\n'
 '}\n'
 '\n'
 'type Product {\n'
 '  id: ID\n'
 '  name: String\n'
 '  description: String\n'
 '  price: Float\n'
 '  stock: Int\n'
 '}\n'
 ', type Query {\n'
 '  getProduct(id: ID!): Product\n'
 '}\n'
 '\n'
 'type Product {\n'
 '  id: ID\n'
 '  name: String\n'
 '  details: String\n'
 '  price: Float\n'
 '}\n'
 '\n'
 "Answer:<||_html:<span style='background-color: rgba(0.0, 165.0, 0, 0.15); "
 "border-radius: 3px;' title='1.0'>_||> {<||_html:</span>_||><||_html:<span "
 "style='background-color: rgba(0.0, 165.0, 0, 0.15); border-radius: 3px;' "
 "title='1.0'>_||>\n"
 "<||_html:</span>_||><||_html:<span style='background-color: rgba(0.0, 165.0, "
 "0, 0.15); border-radius: 3px;' title='1.0'>_||> "
 "<||_html:</span>_||><||_html:<span style='background-color: rgba(0.0, 165.0, "
 "0, 0.15); border-radius: 3px;' title='1.0'>_||> "
 '"<||_html:</span>_||><||_html:<span style=\'background-color: rgba(0.0, '
 "165.0, 0, 0.15); border-radius: 3px;' "
 "title='1.0'>_||>changes<||_html:</span>_||><||_html:<span "
 "style='background-color: rgba(0.0, 165.0, 0, 0.15); border-radius: 3px;' "
 'title=\'1.0\'>_||>":<||_html:</span>_||><||_html:<span '
 "style='background-color: rgba(0.0, 165.0, 0, 0.15); border-radius: 3px;' "
 "title='1.0'>_||> [<||_html:</span>_||><||_html:<span "
 "style='background-color: rgba(0.0, 165.0, 0, 0.15); border-radius: 3px;' "
 "title='1.0'>_||>\n"
 "<||_html:</span>_||><||_html:<span style='background-color: rgba(0.0, 165.0, "
 "0, 0.15); border-radius: 3px;' title='1.0'>_||>   "
 "<||_html:</span>_||><||_html:<span style='background-color: rgba(0.0, 165.0, "
 "0, 0.15); border-radius: 3px;' title='1.0'>_||> "
 "{<||_html:</span>_||><||_html:<span style='background-color: rgba(0.0, "
 "165.0, 0, 0.15); border-radius: 3px;' title='1.0'>_||>\n"
 "<||_html:</span>_||><||_html:<span style='background-color: rgba(0.0, 165.0, "
 "0, 0.15); border-radius: 3px;' title='1.0'>_||>     "
 "<||_html:</span>_||><||_html:<span style='background-color: rgba(0.0, 165.0, "
 "0, 0.15); border-radius: 3px;' title='1.0'>_||> "
 '"<||_html:</span>_||><||_html:<span style=\'background-color: rgba(0.0, '
 "165.0, 0, 0.15); border-radius: 3px;' "
 "title='1.0'>_||>type<||_html:</span>_||><||_html:<span "
 "style='background-color: rgba(0.0, 165.0, 0, 0.15); border-radius: 3px;' "
 'title=\'1.0\'>_||>":<||_html:</span>_||><||_html:<span '
 "style='background-color: rgba(0.0, 165.0, 0, 0.15); border-radius: 3px;' "
 'title=\'1.0\'>_||> "<||_html:</span>_||><||_html:<span '
 "style='background-color: rgba(0.0, 165.0, 0, 0.15); border-radius: 3px;' "
 "title='1.0'>_||>Query<||_html:</span>_||><||_html:<span "
 "style='background-color: rgba(0.0, 165.0, 0, 0.15); border-radius: 3px;' "
 'title=\'1.0\'>_||>",<||_html:</span>_||><||_html:<span '
 "style='background-color: rgba(0.0, 165.0, 0, 0.15); border-radius: 3px;' "
 "title='1.0'>_||>\n"
 "<||_html:</span>_||><||_html:<span style='background-color: rgba(0.0, 165.0, "
 "0, 0.15); border-radius: 3px;' title='1.0'>_||>     "
 "<||_html:</span>_||><||_html:<span style='background-color: rgba(0.0, 165.0, "
 "0, 0.15); border-radius: 3px;' title='1.0'>_||> "
 '"<||_html:</span>_||><||_html:<span style=\'background-color: rgba(0.0, '
 "165.0, 0, 0.15); border-radius: 3px;' "
 "title='1.0'>_||>field<||_html:</span>_||><||_html:<span "
 "style='background-color: rgba(0.0, 165.0, 0, 0.15); border-radius: 3px;' "
 'title=\'1.0\'>_||>":<||_html:</span>_||><||_html:<span '
 "style='background-color: rgba(0.0, 165.0, 0, 0.15); border-radius: 3px;' "
 'title=\'1.0\'>_||> "<||_html:</span>_||><||_html:<span '
 "style='background-color: rgba(0.0, 165.0, 0, 0.15); border-radius: 3px;' "
 "title='1.0'>_||>get<||_html:</span>_||><||_html:<span "
 "style='background-color: rgba(0.0, 165.0, 0, 0.15); border-radius: 3px;' "
 "title='1.0'>_||>Product<||_html:</span>_||><||_html:<span "
 "style='background-color: rgba(0.0, 165.0, 0, 0.15); border-radius: 3px;' "
 'title=\'1.0\'>_||>",<||_html:</span>_||><||_html:<span '
 "style='background-color: rgba(0.0, 165.0, 0, 0.15); border-radius: 3px;' "
 "title='1.0'>_||>\n"
 "<||_html:</span>_||><||_html:<span style='background-color: rgba(0.0, 165.0, "
 "0, 0.15); border-radius: 3px;' title='1.0'>_||>     "
 "<||_html:</span>_||><||_html:<span style='background-color: rgba(0.0, 165.0, "
 "0, 0.15); border-radius: 3px;' title='1.0'>_||> "
 '"<||_html:</span>_||><||_html:<span style=\'background-color: rgba(0.0, '
 "165.0, 0, 0.15); border-radius: 3px;' "
 "title='1.0'>_||>change<||_html:</span>_||><||_html:<span "
 "style='background-color: rgba(0.0, 165.0, 0, 0.15); border-radius: 3px;' "
 'title=\'1.0\'>_||>":<||_html:</span>_||><||_html:<span '
 "style='background-color: rgba(0.0, 165.0, 0, 0.15); border-radius: 3px;' "
 'title=\'1.0\'>_||> "<||_html:</span>_||><||_html:<span '
 "style='background-color: rgba(0.0, 165.0, 0, 0.15); border-radius: 3px;' "
 "title='1.0'>_||>field<||_html:</span>_||><||_html:<span "
 "style='background-color: rgba(0.0, 165.0, 0, 0.15); border-radius: 3px;' "
 "title='1.0'>_||> details<||_html:</span>_||><||_html:<span "
 "style='background-color: rgba(0.0, 165.0, 0, 0.15); border-radius: 3px;' "
 "title='1.0'>_||> added<||_html:</span>_||><||_html:<span "
 "style='background-color: rgba(0.0, 165.0, 0, 0.15); border-radius: 3px;' "
 'title=\'1.0\'>_||>",<||_html:</span>_||><||_html:<span '
 "style='background-color: rgba(0.0, 165.0, 0, 0.15); border-radius: 3px;' "
 "title='1.0'>_||>\n"
 "<||_html:</span>_||><||_html:<span style='background-color: rgba(0.0, 165.0, "
 "0, 0.15); border-radius: 3px;' title='1.0'>_||>     "
 "<||_html:</span>_||><||_html:<span style='background-color: rgba(0.0, 165.0, "
 "0, 0.15); border-radius: 3px;' title='1.0'>_||> "
 '"<||_html:</span>_||><||_html:<span style=\'background-color: rgba(0.0, '
 "165.0, 0, 0.15); border-radius: 3px;' "
 "title='1.0'>_||>breaking<||_html:</span>_||><||_html:<span "
 "style='background-color: rgba(0.0, 165.0, 0, 0.15); border-radius: 3px;' "
 'title=\'1.0\'>_||>":<||_html:</span>_||><||_html:<span '
 "style='background-color: rgba(0.0, 165.0, 0, 0.15); border-radius: 3px;' "
 'title=\'1.0\'>_||> "<||_html:</span>_||><||_html:<span '
 "style='background-color: rgba(0.0, 165.0, 0, 0.15); border-radius: 3px;' "
 "title='1.0'>_||>false<||_html:</span>_||><||_html:<span "
 "style='background-color: rgba(0.0, 165.0, 0, 0.15); border-radius: 3px;' "
 'title=\'1.0\'>_||>",<||_html:</span>_||><||_html:<span '
 "style='background-color: rgba(0.0, 165.0, 0, 0.15); border-radius: 3px;' "
 "title='1.0'>_||>\n"
 "<||_html:</span>_||><||_html:<span style='background-color: rgba(0.0, 165.0, "
 "0, 0.15); border-radius: 3px;' title='1.0'>_||>     "
 "<||_html:</span>_||><||_html:<span style='background-color: rgba(0.0, 165.0, "
 "0, 0.15); border-radius: 3px;' title='1.0'>_||> "
 '"<||_html:</span>_||><||_html:<span style=\'background-color: rgba(0.0, '
 "165.0, 0, 0.15); border-radius: 3px;' "
 "title='1.0'>_||>release<||_html:</span>_||><||_html:<span "
 "style='background-color: rgba(0.0, 165.0, 0, 0.15); border-radius: 3px;' "
 "title='1.0'>_||>_<||_html:</span>_||><||_html:<span style='background-color: "
 "rgba(0.0, 165.0, 0, 0.15); border-radius: 3px;' "
 "title='1.0'>_||>note<||_html:</span>_||><||_html:<span "
 "style='background-color: rgba(0.0, 165.0, 0, 0.15); border-radius: 3px;' "
 'title=\'1.0\'>_||>":<||_html:</span>_||><||_html:<span '
 "style='background-color: rgba(0.0, 165.0, 0, 0.15); border-radius: 3px;' "
 'title=\'1.0\'>_||> "<||_html:</span>_||><||_html:<span '
 "style='background-color: rgba(0.0, 165.0, 0, 0.15); border-radius: 3px;' "
 "title='1.0'>_||>The<||_html:</span>_||><||_html:<span "
 "style='background-color: rgba(0.0, 165.0, 0, 0.15); border-radius: 3px;' "
 "title='1.0'>_||> '<||_html:</span>_||><||_html:<span "
 "style='background-color: rgba(0.0, 165.0, 0, 0.15); border-radius: 3px;' "
 "title='1.0'>_||>get<||_html:</span>_||><||_html:<span "
 "style='background-color: rgba(0.0, 165.0, 0, 0.15); border-radius: 3px;' "
 "title='1.0'>_||>Product<||_html:</span>_||><||_html:<span "
 "style='background-color: rgba(0.0, 165.0, 0, 0.15); border-radius: 3px;' "
 "title='1.0'>_||>'<||_html:</span>_||><||_html:<span style='background-color: "
 "rgba(0.0, 165.0, 0, 0.15); border-radius: 3px;' title='1.0'>_||> "
 "query<||_html:</span>_||><||_html:<span style='background-color: rgba(0.0, "
 "165.0, 0, 0.15); border-radius: 3px;' title='1.0'>_||> "
 "now<||_html:</span>_||><||_html:<span style='background-color: rgba(0.0, "
 "165.0, 0, 0.15); border-radius: 3px;' title='1.0'>_||> "
 "includes<||_html:</span>_||><||_html:<span style='background-color: "
 "rgba(0.0, 165.0, 0, 0.15); border-radius: 3px;' title='1.0'>_||> "
 "a<||_html:</span>_||><||_html:<span style='background-color: rgba(0.0, "
 "165.0, 0, 0.15); border-radius: 3px;' title='1.0'>_||> "
 "new<||_html:</span>_||><||_html:<span style='background-color: rgba(0.0, "
 "165.0, 0, 0.15); border-radius: 3px;' title='1.0'>_||>")
('Analyze the following two GraphQL schemas for changes, including both '
 'breaking and non-breaking changes.\n'
 '\n'
 '                        Provide your analysis in the following JSON format:\n'
 '                        {\n'
 '                          "changes": [\n'
 '                            {\n'
 '                              "type": "String representing the GraphQL type '
 '(e.g., Query, Mutation, Subscription)",\n'
 '                              "field": "String representing the specific '
 'field that changed",\n'
 '                              "change": "String describing the change (e.g., '
 'field renamed, new field added, field removed)",\n'
 '                              "breaking": "Boolean indicating if the change '
 'is breaking (true) or non-breaking (false)",\n'
 '                              "release_note": "String with a natural '
 'language description of the change for release notes"\n'
 '                            }\n'
 '                          ],\n'
 '                          "release_notes": {\n'
 '                              "summary": "String summarizing all changes, '
 'suitable for a mailing list or public announcement"\n'
 '                          }\n'
 '                        }\n'
 '\n'
 '                        When analyzing, consider the following types of '
 'changes:\n'
 '                        1. Removing fields or types (breaking)\n'
 '                        2. Changing field types (potentially breaking)\n'
 '                        3. Adding required fields (breaking)\n'
 '                        4. Changing the type of existing arguments '
 '(breaking)\n'
 '                        5. Adding optional fields (non-breaking)\n'
 '                        6. Adding new types (non-breaking)\n'
 '                        7. Deprecating fields (non-breaking)\n'
 '\n'
 '                        Ensure that each change is categorized correctly as '
 'breaking or non-breaking.: type Query {\n'
 '  getProduct(id: ID!): Product\n'
 '}\n'
 '\n'
 'type Product {\n'
 '  id: ID\n'
 '  name: String\n'
 '  description: String\n'
 '  price: Float\n'
 '  stock: Int\n'
 '}\n'
 ', type Query {\n'
 '  getProduct(id: ID!): Product\n'
 '}\n'
 '\n'
 'type Product {\n'
 '  id: ID\n'
 '  name: String\n'
 '  details: String\n'
 '  price: Float\n'
 '}\n'
 '\n'
 "Answer:<||_html:<span style='background-color: rgba(0.0, 165.0, 0, 0.15); "
 "border-radius: 3px;' title='1.0'>_||> {<||_html:</span>_||><||_html:<span "
 "style='background-color: rgba(0.0, 165.0, 0, 0.15); border-radius: 3px;' "
 "title='1.0'>_||>\n"
 "<||_html:</span>_||><||_html:<span style='background-color: rgba(0.0, 165.0, "
 "0, 0.15); border-radius: 3px;' title='1.0'>_||> "
 "<||_html:</span>_||><||_html:<span style='background-color: rgba(0.0, 165.0, "
 "0, 0.15); border-radius: 3px;' title='1.0'>_||> "
 '"<||_html:</span>_||><||_html:<span style=\'background-color: rgba(0.0, '
 "165.0, 0, 0.15); border-radius: 3px;' "
 "title='1.0'>_||>changes<||_html:</span>_||><||_html:<span "
 "style='background-color: rgba(0.0, 165.0, 0, 0.15); border-radius: 3px;' "
 'title=\'1.0\'>_||>":<||_html:</span>_||><||_html:<span '
 "style='background-color: rgba(0.0, 165.0, 0, 0.15); border-radius: 3px;' "
 "title='1.0'>_||> [<||_html:</span>_||><||_html:<span "
 "style='background-color: rgba(0.0, 165.0, 0, 0.15); border-radius: 3px;' "
 "title='1.0'>_||>\n"
 "<||_html:</span>_||><||_html:<span style='background-color: rgba(0.0, 165.0, "
 "0, 0.15); border-radius: 3px;' title='1.0'>_||>   "
 "<||_html:</span>_||><||_html:<span style='background-color: rgba(0.0, 165.0, "
 "0, 0.15); border-radius: 3px;' title='1.0'>_||> "
 "{<||_html:</span>_||><||_html:<span style='background-color: rgba(0.0, "
 "165.0, 0, 0.15); border-radius: 3px;' title='1.0'>_||>\n"
 "<||_html:</span>_||><||_html:<span style='background-color: rgba(0.0, 165.0, "
 "0, 0.15); border-radius: 3px;' title='1.0'>_||>     "
 "<||_html:</span>_||><||_html:<span style='background-color: rgba(0.0, 165.0, "
 "0, 0.15); border-radius: 3px;' title='1.0'>_||> "
 '"<||_html:</span>_||><||_html:<span style=\'background-color: rgba(0.0, '
 "165.0, 0, 0.15); border-radius: 3px;' "
 "title='1.0'>_||>type<||_html:</span>_||><||_html:<span "
 "style='background-color: rgba(0.0, 165.0, 0, 0.15); border-radius: 3px;' "
 'title=\'1.0\'>_||>":<||_html:</span>_||><||_html:<span '
 "style='background-color: rgba(0.0, 165.0, 0, 0.15); border-radius: 3px;' "
 'title=\'1.0\'>_||> "<||_html:</span>_||><||_html:<span '
 "style='background-color: rgba(0.0, 165.0, 0, 0.15); border-radius: 3px;' "
 "title='1.0'>_||>Query<||_html:</span>_||><||_html:<span "
 "style='background-color: rgba(0.0, 165.0, 0, 0.15); border-radius: 3px;' "
 'title=\'1.0\'>_||>",<||_html:</span>_||><||_html:<span '
 "style='background-color: rgba(0.0, 165.0, 0, 0.15); border-radius: 3px;' "
 "title='1.0'>_||>\n"
 "<||_html:</span>_||><||_html:<span style='background-color: rgba(0.0, 165.0, "
 "0, 0.15); border-radius: 3px;' title='1.0'>_||>     "
 "<||_html:</span>_||><||_html:<span style='background-color: rgba(0.0, 165.0, "
 "0, 0.15); border-radius: 3px;' title='1.0'>_||> "
 '"<||_html:</span>_||><||_html:<span style=\'background-color: rgba(0.0, '
 "165.0, 0, 0.15); border-radius: 3px;' "
 "title='1.0'>_||>field<||_html:</span>_||><||_html:<span "
 "style='background-color: rgba(0.0, 165.0, 0, 0.15); border-radius: 3px;' "
 'title=\'1.0\'>_||>":<||_html:</span>_||><||_html:<span '
 "style='background-color: rgba(0.0, 165.0, 0, 0.15); border-radius: 3px;' "
 'title=\'1.0\'>_||> "<||_html:</span>_||><||_html:<span '
 "style='background-color: rgba(0.0, 165.0, 0, 0.15); border-radius: 3px;' "
 "title='1.0'>_||>get<||_html:</span>_||><||_html:<span "
 "style='background-color: rgba(0.0, 165.0, 0, 0.15); border-radius: 3px;' "
 "title='1.0'>_||>Product<||_html:</span>_||><||_html:<span "
 "style='background-color: rgba(0.0, 165.0, 0, 0.15); border-radius: 3px;' "
 'title=\'1.0\'>_||>",<||_html:</span>_||><||_html:<span '
 "style='background-color: rgba(0.0, 165.0, 0, 0.15); border-radius: 3px;' "
 "title='1.0'>_||>\n"
 "<||_html:</span>_||><||_html:<span style='background-color: rgba(0.0, 165.0, "
 "0, 0.15); border-radius: 3px;' title='1.0'>_||>     "
 "<||_html:</span>_||><||_html:<span style='background-color: rgba(0.0, 165.0, "
 "0, 0.15); border-radius: 3px;' title='1.0'>_||> "
 '"<||_html:</span>_||><||_html:<span style=\'background-color: rgba(0.0, '
 "165.0, 0, 0.15); border-radius: 3px;' "
 "title='1.0'>_||>change<||_html:</span>_||><||_html:<span "
 "style='background-color: rgba(0.0, 165.0, 0, 0.15); border-radius: 3px;' "
 'title=\'1.0\'>_||>":<||_html:</span>_||><||_html:<span '
 "style='background-color: rgba(0.0, 165.0, 0, 0.15); border-radius: 3px;' "
 'title=\'1.0\'>_||> "<||_html:</span>_||><||_html:<span '
 "style='background-color: rgba(0.0, 165.0, 0, 0.15); border-radius: 3px;' "
 "title='1.0'>_||>field<||_html:</span>_||><||_html:<span "
 "style='background-color: rgba(0.0, 165.0, 0, 0.15); border-radius: 3px;' "
 "title='1.0'>_||> details<||_html:</span>_||><||_html:<span "
 "style='background-color: rgba(0.0, 165.0, 0, 0.15); border-radius: 3px;' "
 "title='1.0'>_||> added<||_html:</span>_||><||_html:<span "
 "style='background-color: rgba(0.0, 165.0, 0, 0.15); border-radius: 3px;' "
 'title=\'1.0\'>_||>",<||_html:</span>_||><||_html:<span '
 "style='background-color: rgba(0.0, 165.0, 0, 0.15); border-radius: 3px;' "
 "title='1.0'>_||>\n"
 "<||_html:</span>_||><||_html:<span style='background-color: rgba(0.0, 165.0, "
 "0, 0.15); border-radius: 3px;' title='1.0'>_||>     "
 "<||_html:</span>_||><||_html:<span style='background-color: rgba(0.0, 165.0, "
 "0, 0.15); border-radius: 3px;' title='1.0'>_||> "
 '"<||_html:</span>_||><||_html:<span style=\'background-color: rgba(0.0, '
 "165.0, 0, 0.15); border-radius: 3px;' "
 "title='1.0'>_||>breaking<||_html:</span>_||><||_html:<span "
 "style='background-color: rgba(0.0, 165.0, 0, 0.15); border-radius: 3px;' "
 'title=\'1.0\'>_||>":<||_html:</span>_||><||_html:<span '
 "style='background-color: rgba(0.0, 165.0, 0, 0.15); border-radius: 3px;' "
 'title=\'1.0\'>_||> "<||_html:</span>_||><||_html:<span '
 "style='background-color: rgba(0.0, 165.0, 0, 0.15); border-radius: 3px;' "
 "title='1.0'>_||>false<||_html:</span>_||><||_html:<span "
 "style='background-color: rgba(0.0, 165.0, 0, 0.15); border-radius: 3px;' "
 'title=\'1.0\'>_||>",<||_html:</span>_||><||_html:<span '
 "style='background-color: rgba(0.0, 165.0, 0, 0.15); border-radius: 3px;' "
 "title='1.0'>_||>\n"
 "<||_html:</span>_||><||_html:<span style='background-color: rgba(0.0, 165.0, "
 "0, 0.15); border-radius: 3px;' title='1.0'>_||>     "
 "<||_html:</span>_||><||_html:<span style='background-color: rgba(0.0, 165.0, "
 "0, 0.15); border-radius: 3px;' title='1.0'>_||> "
 '"<||_html:</span>_||><||_html:<span style=\'background-color: rgba(0.0, '
 "165.0, 0, 0.15); border-radius: 3px;' "
 "title='1.0'>_||>release<||_html:</span>_||><||_html:<span "
 "style='background-color: rgba(0.0, 165.0, 0, 0.15); border-radius: 3px;' "
 "title='1.0'>_||>_<||_html:</span>_||><||_html:<span style='background-color: "
 "rgba(0.0, 165.0, 0, 0.15); border-radius: 3px;' "
 "title='1.0'>_||>note<||_html:</span>_||><||_html:<span "
 "style='background-color: rgba(0.0, 165.0, 0, 0.15); border-radius: 3px;' "
 'title=\'1.0\'>_||>":<||_html:</span>_||><||_html:<span '
 "style='background-color: rgba(0.0, 165.0, 0, 0.15); border-radius: 3px;' "
 'title=\'1.0\'>_||> "<||_html:</span>_||><||_html:<span '
 "style='background-color: rgba(0.0, 165.0, 0, 0.15); border-radius: 3px;' "
 "title='1.0'>_||>The<||_html:</span>_||><||_html:<span "
 "style='background-color: rgba(0.0, 165.0, 0, 0.15); border-radius: 3px;' "
 "title='1.0'>_||> '<||_html:</span>_||><||_html:<span "
 "style='background-color: rgba(0.0, 165.0, 0, 0.15); border-radius: 3px;' "
 "title='1.0'>_||>get<||_html:</span>_||><||_html:<span "
 "style='background-color: rgba(0.0, 165.0, 0, 0.15); border-radius: 3px;' "
 "title='1.0'>_||>Product<||_html:</span>_||><||_html:<span "
 "style='background-color: rgba(0.0, 165.0, 0, 0.15); border-radius: 3px;' "
 "title='1.0'>_||>'<||_html:</span>_||><||_html:<span style='background-color: "
 "rgba(0.0, 165.0, 0, 0.15); border-radius: 3px;' title='1.0'>_||> "
 "query<||_html:</span>_||><||_html:<span style='background-color: rgba(0.0, "
 "165.0, 0, 0.15); border-radius: 3px;' title='1.0'>_||> "
 "now<||_html:</span>_||><||_html:<span style='background-color: rgba(0.0, "
 "165.0, 0, 0.15); border-radius: 3px;' title='1.0'>_||> "
 "includes<||_html:</span>_||><||_html:<span style='background-color: "
 "rgba(0.0, 165.0, 0, 0.15); border-radius: 3px;' title='1.0'>_||> "
 "a<||_html:</span>_||><||_html:<span style='background-color: rgba(0.0, "
 "165.0, 0, 0.15); border-radius: 3px;' title='1.0'>_||> "
 "new<||_html:</span>_||><||_html:<span style='background-color: rgba(0.0, "
 "165.0, 0, 0.15); border-radius: 3px;' title='1.0'>_||> "
 "field<||_html:</span>_||><||_html:<span style='background-color: rgba(0.0, "
 "165.0, 0, 0.15); border-radius: 3px;' title='1.0'>_||> "
 "'<||_html:</span>_||><||_html:<span style='background-color: rgba(0.0, "
 "165.0, 0, 0.15); border-radius: 3px;' "
 "title='1.0'>_||>details<||_html:</span>_||><||_html:<span "
 "style='background-color: rgba(0.0, 165.0, 0, 0.15); border-radius: 3px;' "
 "title='1.0'>_||>")
('Analyze the following two GraphQL schemas for changes, including both '
 'breaking and non-breaking changes.\n'
 '\n'
 '                        Provide your analysis in the following JSON format:\n'
 '                        {\n'
 '                          "changes": [\n'
 '                            {\n'
 '                              "type": "String representing the GraphQL type '
 '(e.g., Query, Mutation, Subscription)",\n'
 '                              "field": "String representing the specific '
 'field that changed",\n'
 '                              "change": "String describing the change (e.g., '
 'field renamed, new field added, field removed)",\n'
 '                              "breaking": "Boolean indicating if the change '
 'is breaking (true) or non-breaking (false)",\n'
 '                              "release_note": "String with a natural '
 'language description of the change for release notes"\n'
 '                            }\n'
 '                          ],\n'
 '                          "release_notes": {\n'
 '                              "summary": "String summarizing all changes, '
 'suitable for a mailing list or public announcement"\n'
 '                          }\n'
 '                        }\n'
 '\n'
 '                        When analyzing, consider the following types of '
 'changes:\n'
 '                        1. Removing fields or types (breaking)\n'
 '                        2. Changing field types (potentially breaking)\n'
 '                        3. Adding required fields (breaking)\n'
 '                        4. Changing the type of existing arguments '
 '(breaking)\n'
 '                        5. Adding optional fields (non-breaking)\n'
 '                        6. Adding new types (non-breaking)\n'
 '                        7. Deprecating fields (non-breaking)\n'
 '\n'
 '                        Ensure that each change is categorized correctly as '
 'breaking or non-breaking.: type Query {\n'
 '  getProduct(id: ID!): Product\n'
 '}\n'
 '\n'
 'type Product {\n'
 '  id: ID\n'
 '  name: String\n'
 '  description: String\n'
 '  price: Float\n'
 '  stock: Int\n'
 '}\n'
 ', type Query {\n'
 '  getProduct(id: ID!): Product\n'
 '}\n'
 '\n'
 'type Product {\n'
 '  id: ID\n'
 '  name: String\n'
 '  details: String\n'
 '  price: Float\n'
 '}\n'
 '\n'
 "Answer:<||_html:<span style='background-color: rgba(0.0, 165.0, 0, 0.15); "
 "border-radius: 3px;' title='1.0'>_||> {<||_html:</span>_||><||_html:<span "
 "style='background-color: rgba(0.0, 165.0, 0, 0.15); border-radius: 3px;' "
 "title='1.0'>_||>\n"
 "<||_html:</span>_||><||_html:<span style='background-color: rgba(0.0, 165.0, "
 "0, 0.15); border-radius: 3px;' title='1.0'>_||> "
 "<||_html:</span>_||><||_html:<span style='background-color: rgba(0.0, 165.0, "
 "0, 0.15); border-radius: 3px;' title='1.0'>_||> "
 '"<||_html:</span>_||><||_html:<span style=\'background-color: rgba(0.0, '
 "165.0, 0, 0.15); border-radius: 3px;' "
 "title='1.0'>_||>changes<||_html:</span>_||><||_html:<span "
 "style='background-color: rgba(0.0, 165.0, 0, 0.15); border-radius: 3px;' "
 'title=\'1.0\'>_||>":<||_html:</span>_||><||_html:<span '
 "style='background-color: rgba(0.0, 165.0, 0, 0.15); border-radius: 3px;' "
 "title='1.0'>_||> [<||_html:</span>_||><||_html:<span "
 "style='background-color: rgba(0.0, 165.0, 0, 0.15); border-radius: 3px;' "
 "title='1.0'>_||>\n"
 "<||_html:</span>_||><||_html:<span style='background-color: rgba(0.0, 165.0, "
 "0, 0.15); border-radius: 3px;' title='1.0'>_||>   "
 "<||_html:</span>_||><||_html:<span style='background-color: rgba(0.0, 165.0, "
 "0, 0.15); border-radius: 3px;' title='1.0'>_||> "
 "{<||_html:</span>_||><||_html:<span style='background-color: rgba(0.0, "
 "165.0, 0, 0.15); border-radius: 3px;' title='1.0'>_||>\n"
 "<||_html:</span>_||><||_html:<span style='background-color: rgba(0.0, 165.0, "
 "0, 0.15); border-radius: 3px;' title='1.0'>_||>     "
 "<||_html:</span>_||><||_html:<span style='background-color: rgba(0.0, 165.0, "
 "0, 0.15); border-radius: 3px;' title='1.0'>_||> "
 '"<||_html:</span>_||><||_html:<span style=\'background-color: rgba(0.0, '
 "165.0, 0, 0.15); border-radius: 3px;' "
 "title='1.0'>_||>type<||_html:</span>_||><||_html:<span "
 "style='background-color: rgba(0.0, 165.0, 0, 0.15); border-radius: 3px;' "
 'title=\'1.0\'>_||>":<||_html:</span>_||><||_html:<span '
 "style='background-color: rgba(0.0, 165.0, 0, 0.15); border-radius: 3px;' "
 'title=\'1.0\'>_||> "<||_html:</span>_||><||_html:<span '
 "style='background-color: rgba(0.0, 165.0, 0, 0.15); border-radius: 3px;' "
 "title='1.0'>_||>Query<||_html:</span>_||><||_html:<span "
 "style='background-color: rgba(0.0, 165.0, 0, 0.15); border-radius: 3px;' "
 'title=\'1.0\'>_||>",<||_html:</span>_||><||_html:<span '
 "style='background-color: rgba(0.0, 165.0, 0, 0.15); border-radius: 3px;' "
 "title='1.0'>_||>\n"
 "<||_html:</span>_||><||_html:<span style='background-color: rgba(0.0, 165.0, "
 "0, 0.15); border-radius: 3px;' title='1.0'>_||>     "
 "<||_html:</span>_||><||_html:<span style='background-color: rgba(0.0, 165.0, "
 "0, 0.15); border-radius: 3px;' title='1.0'>_||> "
 '"<||_html:</span>_||><||_html:<span style=\'background-color: rgba(0.0, '
 "165.0, 0, 0.15); border-radius: 3px;' "
 "title='1.0'>_||>field<||_html:</span>_||><||_html:<span "
 "style='background-color: rgba(0.0, 165.0, 0, 0.15); border-radius: 3px;' "
 'title=\'1.0\'>_||>":<||_html:</span>_||><||_html:<span '
 "style='background-color: rgba(0.0, 165.0, 0, 0.15); border-radius: 3px;' "
 'title=\'1.0\'>_||> "<||_html:</span>_||><||_html:<span '
 "style='background-color: rgba(0.0, 165.0, 0, 0.15); border-radius: 3px;' "
 "title='1.0'>_||>get<||_html:</span>_||><||_html:<span "
 "style='background-color: rgba(0.0, 165.0, 0, 0.15); border-radius: 3px;' "
 "title='1.0'>_||>Product<||_html:</span>_||><||_html:<span "
 "style='background-color: rgba(0.0, 165.0, 0, 0.15); border-radius: 3px;' "
 'title=\'1.0\'>_||>",<||_html:</span>_||><||_html:<span '
 "style='background-color: rgba(0.0, 165.0, 0, 0.15); border-radius: 3px;' "
 "title='1.0'>_||>\n"
 "<||_html:</span>_||><||_html:<span style='background-color: rgba(0.0, 165.0, "
 "0, 0.15); border-radius: 3px;' title='1.0'>_||>     "
 "<||_html:</span>_||><||_html:<span style='background-color: rgba(0.0, 165.0, "
 "0, 0.15); border-radius: 3px;' title='1.0'>_||> "
 '"<||_html:</span>_||><||_html:<span style=\'background-color: rgba(0.0, '
 "165.0, 0, 0.15); border-radius: 3px;' "
 "title='1.0'>_||>change<||_html:</span>_||><||_html:<span "
 "style='background-color: rgba(0.0, 165.0, 0, 0.15); border-radius: 3px;' "
 'title=\'1.0\'>_||>":<||_html:</span>_||><||_html:<span '
 "style='background-color: rgba(0.0, 165.0, 0, 0.15); border-radius: 3px;' "
 'title=\'1.0\'>_||> "<||_html:</span>_||><||_html:<span '
 "style='background-color: rgba(0.0, 165.0, 0, 0.15); border-radius: 3px;' "
 "title='1.0'>_||>field<||_html:</span>_||><||_html:<span "
 "style='background-color: rgba(0.0, 165.0, 0, 0.15); border-radius: 3px;' "
 "title='1.0'>_||> details<||_html:</span>_||><||_html:<span "
 "style='background-color: rgba(0.0, 165.0, 0, 0.15); border-radius: 3px;' "
 "title='1.0'>_||> added<||_html:</span>_||><||_html:<span "
 "style='background-color: rgba(0.0, 165.0, 0, 0.15); border-radius: 3px;' "
 'title=\'1.0\'>_||>",<||_html:</span>_||><||_html:<span '
 "style='background-color: rgba(0.0, 165.0, 0, 0.15); border-radius: 3px;' "
 "title='1.0'>_||>\n"
 "<||_html:</span>_||><||_html:<span style='background-color: rgba(0.0, 165.0, "
 "0, 0.15); border-radius: 3px;' title='1.0'>_||>     "
 "<||_html:</span>_||><||_html:<span style='background-color: rgba(0.0, 165.0, "
 "0, 0.15); border-radius: 3px;' title='1.0'>_||> "
 '"<||_html:</span>_||><||_html:<span style=\'background-color: rgba(0.0, '
 "165.0, 0, 0.15); border-radius: 3px;' "
 "title='1.0'>_||>breaking<||_html:</span>_||><||_html:<span "
 "style='background-color: rgba(0.0, 165.0, 0, 0.15); border-radius: 3px;' "
 'title=\'1.0\'>_||>":<||_html:</span>_||><||_html:<span '
 "style='background-color: rgba(0.0, 165.0, 0, 0.15); border-radius: 3px;' "
 'title=\'1.0\'>_||> "<||_html:</span>_||><||_html:<span '
 "style='background-color: rgba(0.0, 165.0, 0, 0.15); border-radius: 3px;' "
 "title='1.0'>_||>false<||_html:</span>_||><||_html:<span "
 "style='background-color: rgba(0.0, 165.0, 0, 0.15); border-radius: 3px;' "
 'title=\'1.0\'>_||>",<||_html:</span>_||><||_html:<span '
 "style='background-color: rgba(0.0, 165.0, 0, 0.15); border-radius: 3px;' "
 "title='1.0'>_||>\n"
 "<||_html:</span>_||><||_html:<span style='background-color: rgba(0.0, 165.0, "
 "0, 0.15); border-radius: 3px;' title='1.0'>_||>     "
 "<||_html:</span>_||><||_html:<span style='background-color: rgba(0.0, 165.0, "
 "0, 0.15); border-radius: 3px;' title='1.0'>_||> "
 '"<||_html:</span>_||><||_html:<span style=\'background-color: rgba(0.0, '
 "165.0, 0, 0.15); border-radius: 3px;' "
 "title='1.0'>_||>release<||_html:</span>_||><||_html:<span "
 "style='background-color: rgba(0.0, 165.0, 0, 0.15); border-radius: 3px;' "
 "title='1.0'>_||>_<||_html:</span>_||><||_html:<span style='background-color: "
 "rgba(0.0, 165.0, 0, 0.15); border-radius: 3px;' "
 "title='1.0'>_||>note<||_html:</span>_||><||_html:<span "
 "style='background-color: rgba(0.0, 165.0, 0, 0.15); border-radius: 3px;' "
 'title=\'1.0\'>_||>":<||_html:</span>_||><||_html:<span '
 "style='background-color: rgba(0.0, 165.0, 0, 0.15); border-radius: 3px;' "
 'title=\'1.0\'>_||> "<||_html:</span>_||><||_html:<span '
 "style='background-color: rgba(0.0, 165.0, 0, 0.15); border-radius: 3px;' "
 "title='1.0'>_||>The<||_html:</span>_||><||_html:<span "
 "style='background-color: rgba(0.0, 165.0, 0, 0.15); border-radius: 3px;' "
 "title='1.0'>_||> '<||_html:</span>_||><||_html:<span "
 "style='background-color: rgba(0.0, 165.0, 0, 0.15); border-radius: 3px;' "
 "title='1.0'>_||>get<||_html:</span>_||><||_html:<span "
 "style='background-color: rgba(0.0, 165.0, 0, 0.15); border-radius: 3px;' "
 "title='1.0'>_||>Product<||_html:</span>_||><||_html:<span "
 "style='background-color: rgba(0.0, 165.0, 0, 0.15); border-radius: 3px;' "
 "title='1.0'>_||>'<||_html:</span>_||><||_html:<span style='background-color: "
 "rgba(0.0, 165.0, 0, 0.15); border-radius: 3px;' title='1.0'>_||> "
 "query<||_html:</span>_||><||_html:<span style='background-color: rgba(0.0, "
 "165.0, 0, 0.15); border-radius: 3px;' title='1.0'>_||> "
 "now<||_html:</span>_||><||_html:<span style='background-color: rgba(0.0, "
 "165.0, 0, 0.15); border-radius: 3px;' title='1.0'>_||> "
 "includes<||_html:</span>_||><||_html:<span style='background-color: "
 "rgba(0.0, 165.0, 0, 0.15); border-radius: 3px;' title='1.0'>_||> "
 "a<||_html:</span>_||><||_html:<span style='background-color: rgba(0.0, "
 "165.0, 0, 0.15); border-radius: 3px;' title='1.0'>_||> "
 "new<||_html:</span>_||><||_html:<span style='background-color: rgba(0.0, "
 "165.0, 0, 0.15); border-radius: 3px;' title='1.0'>_||> "
 "field<||_html:</span>_||><||_html:<span style='background-color: rgba(0.0, "
 "165.0, 0, 0.15); border-radius: 3px;' title='1.0'>_||> "
 "'<||_html:</span>_||><||_html:<span style='background-color: rgba(0.0, "
 "165.0, 0, 0.15); border-radius: 3px;' "
 "title='1.0'>_||>details<||_html:</span>_||><||_html:<span "
 "style='background-color: rgba(0.0, 165.0, 0, 0.15); border-radius: 3px;' "
 "title='1.0'>_||>'<||_html:</span>_||><||_html:<span style='background-color: "
 "rgba(0.0, 165.0, 0, 0.15); border-radius: 3px;' title='1.0'>_||> "
 "of<||_html:</span>_||><||_html:<span style='background-color: rgba(0.0, "
 "165.0, 0, 0.15); border-radius: 3px;' title='1.0'>_||> "
 "type<||_html:</span>_||><||_html:<span style='background-color: rgba(0.0, "
 "165.0, 0, 0.15); border-radius: 3px;' title='1.0'>_||>")
('Analyze the following two GraphQL schemas for changes, including both '
 'breaking and non-breaking changes.\n'
 '\n'
 '                        Provide your analysis in the following JSON format:\n'
 '                        {\n'
 '                          "changes": [\n'
 '                            {\n'
 '                              "type": "String representing the GraphQL type '
 '(e.g., Query, Mutation, Subscription)",\n'
 '                              "field": "String representing the specific '
 'field that changed",\n'
 '                              "change": "String describing the change (e.g., '
 'field renamed, new field added, field removed)",\n'
 '                              "breaking": "Boolean indicating if the change '
 'is breaking (true) or non-breaking (false)",\n'
 '                              "release_note": "String with a natural '
 'language description of the change for release notes"\n'
 '                            }\n'
 '                          ],\n'
 '                          "release_notes": {\n'
 '                              "summary": "String summarizing all changes, '
 'suitable for a mailing list or public announcement"\n'
 '                          }\n'
 '                        }\n'
 '\n'
 '                        When analyzing, consider the following types of '
 'changes:\n'
 '                        1. Removing fields or types (breaking)\n'
 '                        2. Changing field types (potentially breaking)\n'
 '                        3. Adding required fields (breaking)\n'
 '                        4. Changing the type of existing arguments '
 '(breaking)\n'
 '                        5. Adding optional fields (non-breaking)\n'
 '                        6. Adding new types (non-breaking)\n'
 '                        7. Deprecating fields (non-breaking)\n'
 '\n'
 '                        Ensure that each change is categorized correctly as '
 'breaking or non-breaking.: type Query {\n'
 '  getProduct(id: ID!): Product\n'
 '}\n'
 '\n'
 'type Product {\n'
 '  id: ID\n'
 '  name: String\n'
 '  description: String\n'
 '  price: Float\n'
 '  stock: Int\n'
 '}\n'
 ', type Query {\n'
 '  getProduct(id: ID!): Product\n'
 '}\n'
 '\n'
 'type Product {\n'
 '  id: ID\n'
 '  name: String\n'
 '  details: String\n'
 '  price: Float\n'
 '}\n'
 '\n'
 "Answer:<||_html:<span style='background-color: rgba(0.0, 165.0, 0, 0.15); "
 "border-radius: 3px;' title='1.0'>_||> {<||_html:</span>_||><||_html:<span "
 "style='background-color: rgba(0.0, 165.0, 0, 0.15); border-radius: 3px;' "
 "title='1.0'>_||>\n"
 "<||_html:</span>_||><||_html:<span style='background-color: rgba(0.0, 165.0, "
 "0, 0.15); border-radius: 3px;' title='1.0'>_||> "
 "<||_html:</span>_||><||_html:<span style='background-color: rgba(0.0, 165.0, "
 "0, 0.15); border-radius: 3px;' title='1.0'>_||> "
 '"<||_html:</span>_||><||_html:<span style=\'background-color: rgba(0.0, '
 "165.0, 0, 0.15); border-radius: 3px;' "
 "title='1.0'>_||>changes<||_html:</span>_||><||_html:<span "
 "style='background-color: rgba(0.0, 165.0, 0, 0.15); border-radius: 3px;' "
 'title=\'1.0\'>_||>":<||_html:</span>_||><||_html:<span '
 "style='background-color: rgba(0.0, 165.0, 0, 0.15); border-radius: 3px;' "
 "title='1.0'>_||> [<||_html:</span>_||><||_html:<span "
 "style='background-color: rgba(0.0, 165.0, 0, 0.15); border-radius: 3px;' "
 "title='1.0'>_||>\n"
 "<||_html:</span>_||><||_html:<span style='background-color: rgba(0.0, 165.0, "
 "0, 0.15); border-radius: 3px;' title='1.0'>_||>   "
 "<||_html:</span>_||><||_html:<span style='background-color: rgba(0.0, 165.0, "
 "0, 0.15); border-radius: 3px;' title='1.0'>_||> "
 "{<||_html:</span>_||><||_html:<span style='background-color: rgba(0.0, "
 "165.0, 0, 0.15); border-radius: 3px;' title='1.0'>_||>\n"
 "<||_html:</span>_||><||_html:<span style='background-color: rgba(0.0, 165.0, "
 "0, 0.15); border-radius: 3px;' title='1.0'>_||>     "
 "<||_html:</span>_||><||_html:<span style='background-color: rgba(0.0, 165.0, "
 "0, 0.15); border-radius: 3px;' title='1.0'>_||> "
 '"<||_html:</span>_||><||_html:<span style=\'background-color: rgba(0.0, '
 "165.0, 0, 0.15); border-radius: 3px;' "
 "title='1.0'>_||>type<||_html:</span>_||><||_html:<span "
 "style='background-color: rgba(0.0, 165.0, 0, 0.15); border-radius: 3px;' "
 'title=\'1.0\'>_||>":<||_html:</span>_||><||_html:<span '
 "style='background-color: rgba(0.0, 165.0, 0, 0.15); border-radius: 3px;' "
 'title=\'1.0\'>_||> "<||_html:</span>_||><||_html:<span '
 "style='background-color: rgba(0.0, 165.0, 0, 0.15); border-radius: 3px;' "
 "title='1.0'>_||>Query<||_html:</span>_||><||_html:<span "
 "style='background-color: rgba(0.0, 165.0, 0, 0.15); border-radius: 3px;' "
 'title=\'1.0\'>_||>",<||_html:</span>_||><||_html:<span '
 "style='background-color: rgba(0.0, 165.0, 0, 0.15); border-radius: 3px;' "
 "title='1.0'>_||>\n"
 "<||_html:</span>_||><||_html:<span style='background-color: rgba(0.0, 165.0, "
 "0, 0.15); border-radius: 3px;' title='1.0'>_||>     "
 "<||_html:</span>_||><||_html:<span style='background-color: rgba(0.0, 165.0, "
 "0, 0.15); border-radius: 3px;' title='1.0'>_||> "
 '"<||_html:</span>_||><||_html:<span style=\'background-color: rgba(0.0, '
 "165.0, 0, 0.15); border-radius: 3px;' "
 "title='1.0'>_||>field<||_html:</span>_||><||_html:<span "
 "style='background-color: rgba(0.0, 165.0, 0, 0.15); border-radius: 3px;' "
 'title=\'1.0\'>_||>":<||_html:</span>_||><||_html:<span '
 "style='background-color: rgba(0.0, 165.0, 0, 0.15); border-radius: 3px;' "
 'title=\'1.0\'>_||> "<||_html:</span>_||><||_html:<span '
 "style='background-color: rgba(0.0, 165.0, 0, 0.15); border-radius: 3px;' "
 "title='1.0'>_||>get<||_html:</span>_||><||_html:<span "
 "style='background-color: rgba(0.0, 165.0, 0, 0.15); border-radius: 3px;' "
 "title='1.0'>_||>Product<||_html:</span>_||><||_html:<span "
 "style='background-color: rgba(0.0, 165.0, 0, 0.15); border-radius: 3px;' "
 'title=\'1.0\'>_||>",<||_html:</span>_||><||_html:<span '
 "style='background-color: rgba(0.0, 165.0, 0, 0.15); border-radius: 3px;' "
 "title='1.0'>_||>\n"
 "<||_html:</span>_||><||_html:<span style='background-color: rgba(0.0, 165.0, "
 "0, 0.15); border-radius: 3px;' title='1.0'>_||>     "
 "<||_html:</span>_||><||_html:<span style='background-color: rgba(0.0, 165.0, "
 "0, 0.15); border-radius: 3px;' title='1.0'>_||> "
 '"<||_html:</span>_||><||_html:<span style=\'background-color: rgba(0.0, '
 "165.0, 0, 0.15); border-radius: 3px;' "
 "title='1.0'>_||>change<||_html:</span>_||><||_html:<span "
 "style='background-color: rgba(0.0, 165.0, 0, 0.15); border-radius: 3px;' "
 'title=\'1.0\'>_||>":<||_html:</span>_||><||_html:<span '
 "style='background-color: rgba(0.0, 165.0, 0, 0.15); border-radius: 3px;' "
 'title=\'1.0\'>_||> "<||_html:</span>_||><||_html:<span '
 "style='background-color: rgba(0.0, 165.0, 0, 0.15); border-radius: 3px;' "
 "title='1.0'>_||>field<||_html:</span>_||><||_html:<span "
 "style='background-color: rgba(0.0, 165.0, 0, 0.15); border-radius: 3px;' "
 "title='1.0'>_||> details<||_html:</span>_||><||_html:<span "
 "style='background-color: rgba(0.0, 165.0, 0, 0.15); border-radius: 3px;' "
 "title='1.0'>_||> added<||_html:</span>_||><||_html:<span "
 "style='background-color: rgba(0.0, 165.0, 0, 0.15); border-radius: 3px;' "
 'title=\'1.0\'>_||>",<||_html:</span>_||><||_html:<span '
 "style='background-color: rgba(0.0, 165.0, 0, 0.15); border-radius: 3px;' "
 "title='1.0'>_||>\n"
 "<||_html:</span>_||><||_html:<span style='background-color: rgba(0.0, 165.0, "
 "0, 0.15); border-radius: 3px;' title='1.0'>_||>     "
 "<||_html:</span>_||><||_html:<span style='background-color: rgba(0.0, 165.0, "
 "0, 0.15); border-radius: 3px;' title='1.0'>_||> "
 '"<||_html:</span>_||><||_html:<span style=\'background-color: rgba(0.0, '
 "165.0, 0, 0.15); border-radius: 3px;' "
 "title='1.0'>_||>breaking<||_html:</span>_||><||_html:<span "
 "style='background-color: rgba(0.0, 165.0, 0, 0.15); border-radius: 3px;' "
 'title=\'1.0\'>_||>":<||_html:</span>_||><||_html:<span '
 "style='background-color: rgba(0.0, 165.0, 0, 0.15); border-radius: 3px;' "
 'title=\'1.0\'>_||> "<||_html:</span>_||><||_html:<span '
 "style='background-color: rgba(0.0, 165.0, 0, 0.15); border-radius: 3px;' "
 "title='1.0'>_||>false<||_html:</span>_||><||_html:<span "
 "style='background-color: rgba(0.0, 165.0, 0, 0.15); border-radius: 3px;' "
 'title=\'1.0\'>_||>",<||_html:</span>_||><||_html:<span '
 "style='background-color: rgba(0.0, 165.0, 0, 0.15); border-radius: 3px;' "
 "title='1.0'>_||>\n"
 "<||_html:</span>_||><||_html:<span style='background-color: rgba(0.0, 165.0, "
 "0, 0.15); border-radius: 3px;' title='1.0'>_||>     "
 "<||_html:</span>_||><||_html:<span style='background-color: rgba(0.0, 165.0, "
 "0, 0.15); border-radius: 3px;' title='1.0'>_||> "
 '"<||_html:</span>_||><||_html:<span style=\'background-color: rgba(0.0, '
 "165.0, 0, 0.15); border-radius: 3px;' "
 "title='1.0'>_||>release<||_html:</span>_||><||_html:<span "
 "style='background-color: rgba(0.0, 165.0, 0, 0.15); border-radius: 3px;' "
 "title='1.0'>_||>_<||_html:</span>_||><||_html:<span style='background-color: "
 "rgba(0.0, 165.0, 0, 0.15); border-radius: 3px;' "
 "title='1.0'>_||>note<||_html:</span>_||><||_html:<span "
 "style='background-color: rgba(0.0, 165.0, 0, 0.15); border-radius: 3px;' "
 'title=\'1.0\'>_||>":<||_html:</span>_||><||_html:<span '
 "style='background-color: rgba(0.0, 165.0, 0, 0.15); border-radius: 3px;' "
 'title=\'1.0\'>_||> "<||_html:</span>_||><||_html:<span '
 "style='background-color: rgba(0.0, 165.0, 0, 0.15); border-radius: 3px;' "
 "title='1.0'>_||>The<||_html:</span>_||><||_html:<span "
 "style='background-color: rgba(0.0, 165.0, 0, 0.15); border-radius: 3px;' "
 "title='1.0'>_||> '<||_html:</span>_||><||_html:<span "
 "style='background-color: rgba(0.0, 165.0, 0, 0.15); border-radius: 3px;' "
 "title='1.0'>_||>get<||_html:</span>_||><||_html:<span "
 "style='background-color: rgba(0.0, 165.0, 0, 0.15); border-radius: 3px;' "
 "title='1.0'>_||>Product<||_html:</span>_||><||_html:<span "
 "style='background-color: rgba(0.0, 165.0, 0, 0.15); border-radius: 3px;' "
 "title='1.0'>_||>'<||_html:</span>_||><||_html:<span style='background-color: "
 "rgba(0.0, 165.0, 0, 0.15); border-radius: 3px;' title='1.0'>_||> "
 "query<||_html:</span>_||><||_html:<span style='background-color: rgba(0.0, "
 "165.0, 0, 0.15); border-radius: 3px;' title='1.0'>_||> "
 "now<||_html:</span>_||><||_html:<span style='background-color: rgba(0.0, "
 "165.0, 0, 0.15); border-radius: 3px;' title='1.0'>_||> "
 "includes<||_html:</span>_||><||_html:<span style='background-color: "
 "rgba(0.0, 165.0, 0, 0.15); border-radius: 3px;' title='1.0'>_||> "
 "a<||_html:</span>_||><||_html:<span style='background-color: rgba(0.0, "
 "165.0, 0, 0.15); border-radius: 3px;' title='1.0'>_||> "
 "new<||_html:</span>_||><||_html:<span style='background-color: rgba(0.0, "
 "165.0, 0, 0.15); border-radius: 3px;' title='1.0'>_||> "
 "field<||_html:</span>_||><||_html:<span style='background-color: rgba(0.0, "
 "165.0, 0, 0.15); border-radius: 3px;' title='1.0'>_||> "
 "'<||_html:</span>_||><||_html:<span style='background-color: rgba(0.0, "
 "165.0, 0, 0.15); border-radius: 3px;' "
 "title='1.0'>_||>details<||_html:</span>_||><||_html:<span "
 "style='background-color: rgba(0.0, 165.0, 0, 0.15); border-radius: 3px;' "
 "title='1.0'>_||>'<||_html:</span>_||><||_html:<span style='background-color: "
 "rgba(0.0, 165.0, 0, 0.15); border-radius: 3px;' title='1.0'>_||> "
 "of<||_html:</span>_||><||_html:<span style='background-color: rgba(0.0, "
 "165.0, 0, 0.15); border-radius: 3px;' title='1.0'>_||> "
 "type<||_html:</span>_||><||_html:<span style='background-color: rgba(0.0, "
 "165.0, 0, 0.15); border-radius: 3px;' title='1.0'>_||> "
 "String<||_html:</span>_||><||_html:<span style='background-color: rgba(0.0, "
 "165.0, 0, 0.15); border-radius: 3px;' "
 'title=\'1.0\'>_||>."<||_html:</span>_||><||_html:<span '
 "style='background-color: rgba(0.0, 165.0, 0, 0.15); border-radius: 3px;' "
 "title='1.0'>_||>\n"
 "<||_html:</span>_||><||_html:<span style='background-color: rgba(0.0, 165.0, "
 "0, 0.15); border-radius: 3px;' title='1.0'>_||>")
('Analyze the following two GraphQL schemas for changes, including both '
 'breaking and non-breaking changes.\n'
 '\n'
 '                        Provide your analysis in the following JSON format:\n'
 '                        {\n'
 '                          "changes": [\n'
 '                            {\n'
 '                              "type": "String representing the GraphQL type '
 '(e.g., Query, Mutation, Subscription)",\n'
 '                              "field": "String representing the specific '
 'field that changed",\n'
 '                              "change": "String describing the change (e.g., '
 'field renamed, new field added, field removed)",\n'
 '                              "breaking": "Boolean indicating if the change '
 'is breaking (true) or non-breaking (false)",\n'
 '                              "release_note": "String with a natural '
 'language description of the change for release notes"\n'
 '                            }\n'
 '                          ],\n'
 '                          "release_notes": {\n'
 '                              "summary": "String summarizing all changes, '
 'suitable for a mailing list or public announcement"\n'
 '                          }\n'
 '                        }\n'
 '\n'
 '                        When analyzing, consider the following types of '
 'changes:\n'
 '                        1. Removing fields or types (breaking)\n'
 '                        2. Changing field types (potentially breaking)\n'
 '                        3. Adding required fields (breaking)\n'
 '                        4. Changing the type of existing arguments '
 '(breaking)\n'
 '                        5. Adding optional fields (non-breaking)\n'
 '                        6. Adding new types (non-breaking)\n'
 '                        7. Deprecating fields (non-breaking)\n'
 '\n'
 '                        Ensure that each change is categorized correctly as '
 'breaking or non-breaking.: type Query {\n'
 '  getProduct(id: ID!): Product\n'
 '}\n'
 '\n'
 'type Product {\n'
 '  id: ID\n'
 '  name: String\n'
 '  description: String\n'
 '  price: Float\n'
 '  stock: Int\n'
 '}\n'
 ', type Query {\n'
 '  getProduct(id: ID!): Product\n'
 '}\n'
 '\n'
 'type Product {\n'
 '  id: ID\n'
 '  name: String\n'
 '  details: String\n'
 '  price: Float\n'
 '}\n'
 '\n'
 "Answer:<||_html:<span style='background-color: rgba(0.0, 165.0, 0, 0.15); "
 "border-radius: 3px;' title='1.0'>_||> {<||_html:</span>_||><||_html:<span "
 "style='background-color: rgba(0.0, 165.0, 0, 0.15); border-radius: 3px;' "
 "title='1.0'>_||>\n"
 "<||_html:</span>_||><||_html:<span style='background-color: rgba(0.0, 165.0, "
 "0, 0.15); border-radius: 3px;' title='1.0'>_||> "
 "<||_html:</span>_||><||_html:<span style='background-color: rgba(0.0, 165.0, "
 "0, 0.15); border-radius: 3px;' title='1.0'>_||> "
 '"<||_html:</span>_||><||_html:<span style=\'background-color: rgba(0.0, '
 "165.0, 0, 0.15); border-radius: 3px;' "
 "title='1.0'>_||>changes<||_html:</span>_||><||_html:<span "
 "style='background-color: rgba(0.0, 165.0, 0, 0.15); border-radius: 3px;' "
 'title=\'1.0\'>_||>":<||_html:</span>_||><||_html:<span '
 "style='background-color: rgba(0.0, 165.0, 0, 0.15); border-radius: 3px;' "
 "title='1.0'>_||> [<||_html:</span>_||><||_html:<span "
 "style='background-color: rgba(0.0, 165.0, 0, 0.15); border-radius: 3px;' "
 "title='1.0'>_||>\n"
 "<||_html:</span>_||><||_html:<span style='background-color: rgba(0.0, 165.0, "
 "0, 0.15); border-radius: 3px;' title='1.0'>_||>   "
 "<||_html:</span>_||><||_html:<span style='background-color: rgba(0.0, 165.0, "
 "0, 0.15); border-radius: 3px;' title='1.0'>_||> "
 "{<||_html:</span>_||><||_html:<span style='background-color: rgba(0.0, "
 "165.0, 0, 0.15); border-radius: 3px;' title='1.0'>_||>\n"
 "<||_html:</span>_||><||_html:<span style='background-color: rgba(0.0, 165.0, "
 "0, 0.15); border-radius: 3px;' title='1.0'>_||>     "
 "<||_html:</span>_||><||_html:<span style='background-color: rgba(0.0, 165.0, "
 "0, 0.15); border-radius: 3px;' title='1.0'>_||> "
 '"<||_html:</span>_||><||_html:<span style=\'background-color: rgba(0.0, '
 "165.0, 0, 0.15); border-radius: 3px;' "
 "title='1.0'>_||>type<||_html:</span>_||><||_html:<span "
 "style='background-color: rgba(0.0, 165.0, 0, 0.15); border-radius: 3px;' "
 'title=\'1.0\'>_||>":<||_html:</span>_||><||_html:<span '
 "style='background-color: rgba(0.0, 165.0, 0, 0.15); border-radius: 3px;' "
 'title=\'1.0\'>_||> "<||_html:</span>_||><||_html:<span '
 "style='background-color: rgba(0.0, 165.0, 0, 0.15); border-radius: 3px;' "
 "title='1.0'>_||>Query<||_html:</span>_||><||_html:<span "
 "style='background-color: rgba(0.0, 165.0, 0, 0.15); border-radius: 3px;' "
 'title=\'1.0\'>_||>",<||_html:</span>_||><||_html:<span '
 "style='background-color: rgba(0.0, 165.0, 0, 0.15); border-radius: 3px;' "
 "title='1.0'>_||>\n"
 "<||_html:</span>_||><||_html:<span style='background-color: rgba(0.0, 165.0, "
 "0, 0.15); border-radius: 3px;' title='1.0'>_||>     "
 "<||_html:</span>_||><||_html:<span style='background-color: rgba(0.0, 165.0, "
 "0, 0.15); border-radius: 3px;' title='1.0'>_||> "
 '"<||_html:</span>_||><||_html:<span style=\'background-color: rgba(0.0, '
 "165.0, 0, 0.15); border-radius: 3px;' "
 "title='1.0'>_||>field<||_html:</span>_||><||_html:<span "
 "style='background-color: rgba(0.0, 165.0, 0, 0.15); border-radius: 3px;' "
 'title=\'1.0\'>_||>":<||_html:</span>_||><||_html:<span '
 "style='background-color: rgba(0.0, 165.0, 0, 0.15); border-radius: 3px;' "
 'title=\'1.0\'>_||> "<||_html:</span>_||><||_html:<span '
 "style='background-color: rgba(0.0, 165.0, 0, 0.15); border-radius: 3px;' "
 "title='1.0'>_||>get<||_html:</span>_||><||_html:<span "
 "style='background-color: rgba(0.0, 165.0, 0, 0.15); border-radius: 3px;' "
 "title='1.0'>_||>Product<||_html:</span>_||><||_html:<span "
 "style='background-color: rgba(0.0, 165.0, 0, 0.15); border-radius: 3px;' "
 'title=\'1.0\'>_||>",<||_html:</span>_||><||_html:<span '
 "style='background-color: rgba(0.0, 165.0, 0, 0.15); border-radius: 3px;' "
 "title='1.0'>_||>\n"
 "<||_html:</span>_||><||_html:<span style='background-color: rgba(0.0, 165.0, "
 "0, 0.15); border-radius: 3px;' title='1.0'>_||>     "
 "<||_html:</span>_||><||_html:<span style='background-color: rgba(0.0, 165.0, "
 "0, 0.15); border-radius: 3px;' title='1.0'>_||> "
 '"<||_html:</span>_||><||_html:<span style=\'background-color: rgba(0.0, '
 "165.0, 0, 0.15); border-radius: 3px;' "
 "title='1.0'>_||>change<||_html:</span>_||><||_html:<span "
 "style='background-color: rgba(0.0, 165.0, 0, 0.15); border-radius: 3px;' "
 'title=\'1.0\'>_||>":<||_html:</span>_||><||_html:<span '
 "style='background-color: rgba(0.0, 165.0, 0, 0.15); border-radius: 3px;' "
 'title=\'1.0\'>_||> "<||_html:</span>_||><||_html:<span '
 "style='background-color: rgba(0.0, 165.0, 0, 0.15); border-radius: 3px;' "
 "title='1.0'>_||>field<||_html:</span>_||><||_html:<span "
 "style='background-color: rgba(0.0, 165.0, 0, 0.15); border-radius: 3px;' "
 "title='1.0'>_||> details<||_html:</span>_||><||_html:<span "
 "style='background-color: rgba(0.0, 165.0, 0, 0.15); border-radius: 3px;' "
 "title='1.0'>_||> added<||_html:</span>_||><||_html:<span "
 "style='background-color: rgba(0.0, 165.0, 0, 0.15); border-radius: 3px;' "
 'title=\'1.0\'>_||>",<||_html:</span>_||><||_html:<span '
 "style='background-color: rgba(0.0, 165.0, 0, 0.15); border-radius: 3px;' "
 "title='1.0'>_||>\n"
 "<||_html:</span>_||><||_html:<span style='background-color: rgba(0.0, 165.0, "
 "0, 0.15); border-radius: 3px;' title='1.0'>_||>     "
 "<||_html:</span>_||><||_html:<span style='background-color: rgba(0.0, 165.0, "
 "0, 0.15); border-radius: 3px;' title='1.0'>_||> "
 '"<||_html:</span>_||><||_html:<span style=\'background-color: rgba(0.0, '
 "165.0, 0, 0.15); border-radius: 3px;' "
 "title='1.0'>_||>breaking<||_html:</span>_||><||_html:<span "
 "style='background-color: rgba(0.0, 165.0, 0, 0.15); border-radius: 3px;' "
 'title=\'1.0\'>_||>":<||_html:</span>_||><||_html:<span '
 "style='background-color: rgba(0.0, 165.0, 0, 0.15); border-radius: 3px;' "
 'title=\'1.0\'>_||> "<||_html:</span>_||><||_html:<span '
 "style='background-color: rgba(0.0, 165.0, 0, 0.15); border-radius: 3px;' "
 "title='1.0'>_||>false<||_html:</span>_||><||_html:<span "
 "style='background-color: rgba(0.0, 165.0, 0, 0.15); border-radius: 3px;' "
 'title=\'1.0\'>_||>",<||_html:</span>_||><||_html:<span '
 "style='background-color: rgba(0.0, 165.0, 0, 0.15); border-radius: 3px;' "
 "title='1.0'>_||>\n"
 "<||_html:</span>_||><||_html:<span style='background-color: rgba(0.0, 165.0, "
 "0, 0.15); border-radius: 3px;' title='1.0'>_||>     "
 "<||_html:</span>_||><||_html:<span style='background-color: rgba(0.0, 165.0, "
 "0, 0.15); border-radius: 3px;' title='1.0'>_||> "
 '"<||_html:</span>_||><||_html:<span style=\'background-color: rgba(0.0, '
 "165.0, 0, 0.15); border-radius: 3px;' "
 "title='1.0'>_||>release<||_html:</span>_||><||_html:<span "
 "style='background-color: rgba(0.0, 165.0, 0, 0.15); border-radius: 3px;' "
 "title='1.0'>_||>_<||_html:</span>_||><||_html:<span style='background-color: "
 "rgba(0.0, 165.0, 0, 0.15); border-radius: 3px;' "
 "title='1.0'>_||>note<||_html:</span>_||><||_html:<span "
 "style='background-color: rgba(0.0, 165.0, 0, 0.15); border-radius: 3px;' "
 'title=\'1.0\'>_||>":<||_html:</span>_||><||_html:<span '
 "style='background-color: rgba(0.0, 165.0, 0, 0.15); border-radius: 3px;' "
 'title=\'1.0\'>_||> "<||_html:</span>_||><||_html:<span '
 "style='background-color: rgba(0.0, 165.0, 0, 0.15); border-radius: 3px;' "
 "title='1.0'>_||>The<||_html:</span>_||><||_html:<span "
 "style='background-color: rgba(0.0, 165.0, 0, 0.15); border-radius: 3px;' "
 "title='1.0'>_||> '<||_html:</span>_||><||_html:<span "
 "style='background-color: rgba(0.0, 165.0, 0, 0.15); border-radius: 3px;' "
 "title='1.0'>_||>get<||_html:</span>_||><||_html:<span "
 "style='background-color: rgba(0.0, 165.0, 0, 0.15); border-radius: 3px;' "
 "title='1.0'>_||>Product<||_html:</span>_||><||_html:<span "
 "style='background-color: rgba(0.0, 165.0, 0, 0.15); border-radius: 3px;' "
 "title='1.0'>_||>'<||_html:</span>_||><||_html:<span style='background-color: "
 "rgba(0.0, 165.0, 0, 0.15); border-radius: 3px;' title='1.0'>_||> "
 "query<||_html:</span>_||><||_html:<span style='background-color: rgba(0.0, "
 "165.0, 0, 0.15); border-radius: 3px;' title='1.0'>_||> "
 "now<||_html:</span>_||><||_html:<span style='background-color: rgba(0.0, "
 "165.0, 0, 0.15); border-radius: 3px;' title='1.0'>_||> "
 "includes<||_html:</span>_||><||_html:<span style='background-color: "
 "rgba(0.0, 165.0, 0, 0.15); border-radius: 3px;' title='1.0'>_||> "
 "a<||_html:</span>_||><||_html:<span style='background-color: rgba(0.0, "
 "165.0, 0, 0.15); border-radius: 3px;' title='1.0'>_||> "
 "new<||_html:</span>_||><||_html:<span style='background-color: rgba(0.0, "
 "165.0, 0, 0.15); border-radius: 3px;' title='1.0'>_||> "
 "field<||_html:</span>_||><||_html:<span style='background-color: rgba(0.0, "
 "165.0, 0, 0.15); border-radius: 3px;' title='1.0'>_||> "
 "'<||_html:</span>_||><||_html:<span style='background-color: rgba(0.0, "
 "165.0, 0, 0.15); border-radius: 3px;' "
 "title='1.0'>_||>details<||_html:</span>_||><||_html:<span "
 "style='background-color: rgba(0.0, 165.0, 0, 0.15); border-radius: 3px;' "
 "title='1.0'>_||>'<||_html:</span>_||><||_html:<span style='background-color: "
 "rgba(0.0, 165.0, 0, 0.15); border-radius: 3px;' title='1.0'>_||> "
 "of<||_html:</span>_||><||_html:<span style='background-color: rgba(0.0, "
 "165.0, 0, 0.15); border-radius: 3px;' title='1.0'>_||> "
 "type<||_html:</span>_||><||_html:<span style='background-color: rgba(0.0, "
 "165.0, 0, 0.15); border-radius: 3px;' title='1.0'>_||> "
 "String<||_html:</span>_||><||_html:<span style='background-color: rgba(0.0, "
 "165.0, 0, 0.15); border-radius: 3px;' "
 'title=\'1.0\'>_||>."<||_html:</span>_||><||_html:<span '
 "style='background-color: rgba(0.0, 165.0, 0, 0.15); border-radius: 3px;' "
 "title='1.0'>_||>\n"
 "<||_html:</span>_||><||_html:<span style='background-color: rgba(0.0, 165.0, "
 "0, 0.15); border-radius: 3px;' title='1.0'>_||>   "
 "<||_html:</span>_||><||_html:<span style='background-color: rgba(0.0, 165.0, "
 "0, 0.15); border-radius: 3px;' title='1.0'>_||> "
 "},<||_html:</span>_||><||_html:<span style='background-color: rgba(0.0, "
 "165.0, 0, 0.15); border-radius: 3px;' title='1.0'>_||>\n"
 "<||_html:</span>_||><||_html:<span style='background-color: rgba(0.0, 165.0, "
 "0, 0.15); border-radius: 3px;' title='1.0'>_||>")
('Analyze the following two GraphQL schemas for changes, including both '
 'breaking and non-breaking changes.\n'
 '\n'
 '                        Provide your analysis in the following JSON format:\n'
 '                        {\n'
 '                          "changes": [\n'
 '                            {\n'
 '                              "type": "String representing the GraphQL type '
 '(e.g., Query, Mutation, Subscription)",\n'
 '                              "field": "String representing the specific '
 'field that changed",\n'
 '                              "change": "String describing the change (e.g., '
 'field renamed, new field added, field removed)",\n'
 '                              "breaking": "Boolean indicating if the change '
 'is breaking (true) or non-breaking (false)",\n'
 '                              "release_note": "String with a natural '
 'language description of the change for release notes"\n'
 '                            }\n'
 '                          ],\n'
 '                          "release_notes": {\n'
 '                              "summary": "String summarizing all changes, '
 'suitable for a mailing list or public announcement"\n'
 '                          }\n'
 '                        }\n'
 '\n'
 '                        When analyzing, consider the following types of '
 'changes:\n'
 '                        1. Removing fields or types (breaking)\n'
 '                        2. Changing field types (potentially breaking)\n'
 '                        3. Adding required fields (breaking)\n'
 '                        4. Changing the type of existing arguments '
 '(breaking)\n'
 '                        5. Adding optional fields (non-breaking)\n'
 '                        6. Adding new types (non-breaking)\n'
 '                        7. Deprecating fields (non-breaking)\n'
 '\n'
 '                        Ensure that each change is categorized correctly as '
 'breaking or non-breaking.: type Query {\n'
 '  getProduct(id: ID!): Product\n'
 '}\n'
 '\n'
 'type Product {\n'
 '  id: ID\n'
 '  name: String\n'
 '  description: String\n'
 '  price: Float\n'
 '  stock: Int\n'
 '}\n'
 ', type Query {\n'
 '  getProduct(id: ID!): Product\n'
 '}\n'
 '\n'
 'type Product {\n'
 '  id: ID\n'
 '  name: String\n'
 '  details: String\n'
 '  price: Float\n'
 '}\n'
 '\n'
 "Answer:<||_html:<span style='background-color: rgba(0.0, 165.0, 0, 0.15); "
 "border-radius: 3px;' title='1.0'>_||> {<||_html:</span>_||><||_html:<span "
 "style='background-color: rgba(0.0, 165.0, 0, 0.15); border-radius: 3px;' "
 "title='1.0'>_||>\n"
 "<||_html:</span>_||><||_html:<span style='background-color: rgba(0.0, 165.0, "
 "0, 0.15); border-radius: 3px;' title='1.0'>_||> "
 "<||_html:</span>_||><||_html:<span style='background-color: rgba(0.0, 165.0, "
 "0, 0.15); border-radius: 3px;' title='1.0'>_||> "
 '"<||_html:</span>_||><||_html:<span style=\'background-color: rgba(0.0, '
 "165.0, 0, 0.15); border-radius: 3px;' "
 "title='1.0'>_||>changes<||_html:</span>_||><||_html:<span "
 "style='background-color: rgba(0.0, 165.0, 0, 0.15); border-radius: 3px;' "
 'title=\'1.0\'>_||>":<||_html:</span>_||><||_html:<span '
 "style='background-color: rgba(0.0, 165.0, 0, 0.15); border-radius: 3px;' "
 "title='1.0'>_||> [<||_html:</span>_||><||_html:<span "
 "style='background-color: rgba(0.0, 165.0, 0, 0.15); border-radius: 3px;' "
 "title='1.0'>_||>\n"
 "<||_html:</span>_||><||_html:<span style='background-color: rgba(0.0, 165.0, "
 "0, 0.15); border-radius: 3px;' title='1.0'>_||>   "
 "<||_html:</span>_||><||_html:<span style='background-color: rgba(0.0, 165.0, "
 "0, 0.15); border-radius: 3px;' title='1.0'>_||> "
 "{<||_html:</span>_||><||_html:<span style='background-color: rgba(0.0, "
 "165.0, 0, 0.15); border-radius: 3px;' title='1.0'>_||>\n"
 "<||_html:</span>_||><||_html:<span style='background-color: rgba(0.0, 165.0, "
 "0, 0.15); border-radius: 3px;' title='1.0'>_||>     "
 "<||_html:</span>_||><||_html:<span style='background-color: rgba(0.0, 165.0, "
 "0, 0.15); border-radius: 3px;' title='1.0'>_||> "
 '"<||_html:</span>_||><||_html:<span style=\'background-color: rgba(0.0, '
 "165.0, 0, 0.15); border-radius: 3px;' "
 "title='1.0'>_||>type<||_html:</span>_||><||_html:<span "
 "style='background-color: rgba(0.0, 165.0, 0, 0.15); border-radius: 3px;' "
 'title=\'1.0\'>_||>":<||_html:</span>_||><||_html:<span '
 "style='background-color: rgba(0.0, 165.0, 0, 0.15); border-radius: 3px;' "
 'title=\'1.0\'>_||> "<||_html:</span>_||><||_html:<span '
 "style='background-color: rgba(0.0, 165.0, 0, 0.15); border-radius: 3px;' "
 "title='1.0'>_||>Query<||_html:</span>_||><||_html:<span "
 "style='background-color: rgba(0.0, 165.0, 0, 0.15); border-radius: 3px;' "
 'title=\'1.0\'>_||>",<||_html:</span>_||><||_html:<span '
 "style='background-color: rgba(0.0, 165.0, 0, 0.15); border-radius: 3px;' "
 "title='1.0'>_||>\n"
 "<||_html:</span>_||><||_html:<span style='background-color: rgba(0.0, 165.0, "
 "0, 0.15); border-radius: 3px;' title='1.0'>_||>     "
 "<||_html:</span>_||><||_html:<span style='background-color: rgba(0.0, 165.0, "
 "0, 0.15); border-radius: 3px;' title='1.0'>_||> "
 '"<||_html:</span>_||><||_html:<span style=\'background-color: rgba(0.0, '
 "165.0, 0, 0.15); border-radius: 3px;' "
 "title='1.0'>_||>field<||_html:</span>_||><||_html:<span "
 "style='background-color: rgba(0.0, 165.0, 0, 0.15); border-radius: 3px;' "
 'title=\'1.0\'>_||>":<||_html:</span>_||><||_html:<span '
 "style='background-color: rgba(0.0, 165.0, 0, 0.15); border-radius: 3px;' "
 'title=\'1.0\'>_||> "<||_html:</span>_||><||_html:<span '
 "style='background-color: rgba(0.0, 165.0, 0, 0.15); border-radius: 3px;' "
 "title='1.0'>_||>get<||_html:</span>_||><||_html:<span "
 "style='background-color: rgba(0.0, 165.0, 0, 0.15); border-radius: 3px;' "
 "title='1.0'>_||>Product<||_html:</span>_||><||_html:<span "
 "style='background-color: rgba(0.0, 165.0, 0, 0.15); border-radius: 3px;' "
 'title=\'1.0\'>_||>",<||_html:</span>_||><||_html:<span '
 "style='background-color: rgba(0.0, 165.0, 0, 0.15); border-radius: 3px;' "
 "title='1.0'>_||>\n"
 "<||_html:</span>_||><||_html:<span style='background-color: rgba(0.0, 165.0, "
 "0, 0.15); border-radius: 3px;' title='1.0'>_||>     "
 "<||_html:</span>_||><||_html:<span style='background-color: rgba(0.0, 165.0, "
 "0, 0.15); border-radius: 3px;' title='1.0'>_||> "
 '"<||_html:</span>_||><||_html:<span style=\'background-color: rgba(0.0, '
 "165.0, 0, 0.15); border-radius: 3px;' "
 "title='1.0'>_||>change<||_html:</span>_||><||_html:<span "
 "style='background-color: rgba(0.0, 165.0, 0, 0.15); border-radius: 3px;' "
 'title=\'1.0\'>_||>":<||_html:</span>_||><||_html:<span '
 "style='background-color: rgba(0.0, 165.0, 0, 0.15); border-radius: 3px;' "
 'title=\'1.0\'>_||> "<||_html:</span>_||><||_html:<span '
 "style='background-color: rgba(0.0, 165.0, 0, 0.15); border-radius: 3px;' "
 "title='1.0'>_||>field<||_html:</span>_||><||_html:<span "
 "style='background-color: rgba(0.0, 165.0, 0, 0.15); border-radius: 3px;' "
 "title='1.0'>_||> details<||_html:</span>_||><||_html:<span "
 "style='background-color: rgba(0.0, 165.0, 0, 0.15); border-radius: 3px;' "
 "title='1.0'>_||> added<||_html:</span>_||><||_html:<span "
 "style='background-color: rgba(0.0, 165.0, 0, 0.15); border-radius: 3px;' "
 'title=\'1.0\'>_||>",<||_html:</span>_||><||_html:<span '
 "style='background-color: rgba(0.0, 165.0, 0, 0.15); border-radius: 3px;' "
 "title='1.0'>_||>\n"
 "<||_html:</span>_||><||_html:<span style='background-color: rgba(0.0, 165.0, "
 "0, 0.15); border-radius: 3px;' title='1.0'>_||>     "
 "<||_html:</span>_||><||_html:<span style='background-color: rgba(0.0, 165.0, "
 "0, 0.15); border-radius: 3px;' title='1.0'>_||> "
 '"<||_html:</span>_||><||_html:<span style=\'background-color: rgba(0.0, '
 "165.0, 0, 0.15); border-radius: 3px;' "
 "title='1.0'>_||>breaking<||_html:</span>_||><||_html:<span "
 "style='background-color: rgba(0.0, 165.0, 0, 0.15); border-radius: 3px;' "
 'title=\'1.0\'>_||>":<||_html:</span>_||><||_html:<span '
 "style='background-color: rgba(0.0, 165.0, 0, 0.15); border-radius: 3px;' "
 'title=\'1.0\'>_||> "<||_html:</span>_||><||_html:<span '
 "style='background-color: rgba(0.0, 165.0, 0, 0.15); border-radius: 3px;' "
 "title='1.0'>_||>false<||_html:</span>_||><||_html:<span "
 "style='background-color: rgba(0.0, 165.0, 0, 0.15); border-radius: 3px;' "
 'title=\'1.0\'>_||>",<||_html:</span>_||><||_html:<span '
 "style='background-color: rgba(0.0, 165.0, 0, 0.15); border-radius: 3px;' "
 "title='1.0'>_||>\n"
 "<||_html:</span>_||><||_html:<span style='background-color: rgba(0.0, 165.0, "
 "0, 0.15); border-radius: 3px;' title='1.0'>_||>     "
 "<||_html:</span>_||><||_html:<span style='background-color: rgba(0.0, 165.0, "
 "0, 0.15); border-radius: 3px;' title='1.0'>_||> "
 '"<||_html:</span>_||><||_html:<span style=\'background-color: rgba(0.0, '
 "165.0, 0, 0.15); border-radius: 3px;' "
 "title='1.0'>_||>release<||_html:</span>_||><||_html:<span "
 "style='background-color: rgba(0.0, 165.0, 0, 0.15); border-radius: 3px;' "
 "title='1.0'>_||>_<||_html:</span>_||><||_html:<span style='background-color: "
 "rgba(0.0, 165.0, 0, 0.15); border-radius: 3px;' "
 "title='1.0'>_||>note<||_html:</span>_||><||_html:<span "
 "style='background-color: rgba(0.0, 165.0, 0, 0.15); border-radius: 3px;' "
 'title=\'1.0\'>_||>":<||_html:</span>_||><||_html:<span '
 "style='background-color: rgba(0.0, 165.0, 0, 0.15); border-radius: 3px;' "
 'title=\'1.0\'>_||> "<||_html:</span>_||><||_html:<span '
 "style='background-color: rgba(0.0, 165.0, 0, 0.15); border-radius: 3px;' "
 "title='1.0'>_||>The<||_html:</span>_||><||_html:<span "
 "style='background-color: rgba(0.0, 165.0, 0, 0.15); border-radius: 3px;' "
 "title='1.0'>_||> '<||_html:</span>_||><||_html:<span "
 "style='background-color: rgba(0.0, 165.0, 0, 0.15); border-radius: 3px;' "
 "title='1.0'>_||>get<||_html:</span>_||><||_html:<span "
 "style='background-color: rgba(0.0, 165.0, 0, 0.15); border-radius: 3px;' "
 "title='1.0'>_||>Product<||_html:</span>_||><||_html:<span "
 "style='background-color: rgba(0.0, 165.0, 0, 0.15); border-radius: 3px;' "
 "title='1.0'>_||>'<||_html:</span>_||><||_html:<span style='background-color: "
 "rgba(0.0, 165.0, 0, 0.15); border-radius: 3px;' title='1.0'>_||> "
 "query<||_html:</span>_||><||_html:<span style='background-color: rgba(0.0, "
 "165.0, 0, 0.15); border-radius: 3px;' title='1.0'>_||> "
 "now<||_html:</span>_||><||_html:<span style='background-color: rgba(0.0, "
 "165.0, 0, 0.15); border-radius: 3px;' title='1.0'>_||> "
 "includes<||_html:</span>_||><||_html:<span style='background-color: "
 "rgba(0.0, 165.0, 0, 0.15); border-radius: 3px;' title='1.0'>_||> "
 "a<||_html:</span>_||><||_html:<span style='background-color: rgba(0.0, "
 "165.0, 0, 0.15); border-radius: 3px;' title='1.0'>_||> "
 "new<||_html:</span>_||><||_html:<span style='background-color: rgba(0.0, "
 "165.0, 0, 0.15); border-radius: 3px;' title='1.0'>_||> "
 "field<||_html:</span>_||><||_html:<span style='background-color: rgba(0.0, "
 "165.0, 0, 0.15); border-radius: 3px;' title='1.0'>_||> "
 "'<||_html:</span>_||><||_html:<span style='background-color: rgba(0.0, "
 "165.0, 0, 0.15); border-radius: 3px;' "
 "title='1.0'>_||>details<||_html:</span>_||><||_html:<span "
 "style='background-color: rgba(0.0, 165.0, 0, 0.15); border-radius: 3px;' "
 "title='1.0'>_||>'<||_html:</span>_||><||_html:<span style='background-color: "
 "rgba(0.0, 165.0, 0, 0.15); border-radius: 3px;' title='1.0'>_||> "
 "of<||_html:</span>_||><||_html:<span style='background-color: rgba(0.0, "
 "165.0, 0, 0.15); border-radius: 3px;' title='1.0'>_||> "
 "type<||_html:</span>_||><||_html:<span style='background-color: rgba(0.0, "
 "165.0, 0, 0.15); border-radius: 3px;' title='1.0'>_||> "
 "String<||_html:</span>_||><||_html:<span style='background-color: rgba(0.0, "
 "165.0, 0, 0.15); border-radius: 3px;' "
 'title=\'1.0\'>_||>."<||_html:</span>_||><||_html:<span '
 "style='background-color: rgba(0.0, 165.0, 0, 0.15); border-radius: 3px;' "
 "title='1.0'>_||>\n"
 "<||_html:</span>_||><||_html:<span style='background-color: rgba(0.0, 165.0, "
 "0, 0.15); border-radius: 3px;' title='1.0'>_||>   "
 "<||_html:</span>_||><||_html:<span style='background-color: rgba(0.0, 165.0, "
 "0, 0.15); border-radius: 3px;' title='1.0'>_||> "
 "},<||_html:</span>_||><||_html:<span style='background-color: rgba(0.0, "
 "165.0, 0, 0.15); border-radius: 3px;' title='1.0'>_||>\n"
 "<||_html:</span>_||><||_html:<span style='background-color: rgba(0.0, 165.0, "
 "0, 0.15); border-radius: 3px;' title='1.0'>_||>   "
 "<||_html:</span>_||><||_html:<span style='background-color: rgba(0.0, 165.0, "
 "0, 0.15); border-radius: 3px;' title='1.0'>_||> "
 "{<||_html:</span>_||><||_html:<span style='background-color: rgba(0.0, "
 "165.0, 0, 0.15); border-radius: 3px;' title='1.0'>_||>\n"
 "<||_html:</span>_||><||_html:<span style='background-color: rgba(0.0, 165.0, "
 "0, 0.15); border-radius: 3px;' title='1.0'>_||>")
('Analyze the following two GraphQL schemas for changes, including both '
 'breaking and non-breaking changes.\n'
 '\n'
 '                        Provide your analysis in the following JSON format:\n'
 '                        {\n'
 '                          "changes": [\n'
 '                            {\n'
 '                              "type": "String representing the GraphQL type '
 '(e.g., Query, Mutation, Subscription)",\n'
 '                              "field": "String representing the specific '
 'field that changed",\n'
 '                              "change": "String describing the change (e.g., '
 'field renamed, new field added, field removed)",\n'
 '                              "breaking": "Boolean indicating if the change '
 'is breaking (true) or non-breaking (false)",\n'
 '                              "release_note": "String with a natural '
 'language description of the change for release notes"\n'
 '                            }\n'
 '                          ],\n'
 '                          "release_notes": {\n'
 '                              "summary": "String summarizing all changes, '
 'suitable for a mailing list or public announcement"\n'
 '                          }\n'
 '                        }\n'
 '\n'
 '                        When analyzing, consider the following types of '
 'changes:\n'
 '                        1. Removing fields or types (breaking)\n'
 '                        2. Changing field types (potentially breaking)\n'
 '                        3. Adding required fields (breaking)\n'
 '                        4. Changing the type of existing arguments '
 '(breaking)\n'
 '                        5. Adding optional fields (non-breaking)\n'
 '                        6. Adding new types (non-breaking)\n'
 '                        7. Deprecating fields (non-breaking)\n'
 '\n'
 '                        Ensure that each change is categorized correctly as '
 'breaking or non-breaking.: type Query {\n'
 '  getProduct(id: ID!): Product\n'
 '}\n'
 '\n'
 'type Product {\n'
 '  id: ID\n'
 '  name: String\n'
 '  description: String\n'
 '  price: Float\n'
 '  stock: Int\n'
 '}\n'
 ', type Query {\n'
 '  getProduct(id: ID!): Product\n'
 '}\n'
 '\n'
 'type Product {\n'
 '  id: ID\n'
 '  name: String\n'
 '  details: String\n'
 '  price: Float\n'
 '}\n'
 '\n'
 "Answer:<||_html:<span style='background-color: rgba(0.0, 165.0, 0, 0.15); "
 "border-radius: 3px;' title='1.0'>_||> {<||_html:</span>_||><||_html:<span "
 "style='background-color: rgba(0.0, 165.0, 0, 0.15); border-radius: 3px;' "
 "title='1.0'>_||>\n"
 "<||_html:</span>_||><||_html:<span style='background-color: rgba(0.0, 165.0, "
 "0, 0.15); border-radius: 3px;' title='1.0'>_||> "
 "<||_html:</span>_||><||_html:<span style='background-color: rgba(0.0, 165.0, "
 "0, 0.15); border-radius: 3px;' title='1.0'>_||> "
 '"<||_html:</span>_||><||_html:<span style=\'background-color: rgba(0.0, '
 "165.0, 0, 0.15); border-radius: 3px;' "
 "title='1.0'>_||>changes<||_html:</span>_||><||_html:<span "
 "style='background-color: rgba(0.0, 165.0, 0, 0.15); border-radius: 3px;' "
 'title=\'1.0\'>_||>":<||_html:</span>_||><||_html:<span '
 "style='background-color: rgba(0.0, 165.0, 0, 0.15); border-radius: 3px;' "
 "title='1.0'>_||> [<||_html:</span>_||><||_html:<span "
 "style='background-color: rgba(0.0, 165.0, 0, 0.15); border-radius: 3px;' "
 "title='1.0'>_||>\n"
 "<||_html:</span>_||><||_html:<span style='background-color: rgba(0.0, 165.0, "
 "0, 0.15); border-radius: 3px;' title='1.0'>_||>   "
 "<||_html:</span>_||><||_html:<span style='background-color: rgba(0.0, 165.0, "
 "0, 0.15); border-radius: 3px;' title='1.0'>_||> "
 "{<||_html:</span>_||><||_html:<span style='background-color: rgba(0.0, "
 "165.0, 0, 0.15); border-radius: 3px;' title='1.0'>_||>\n"
 "<||_html:</span>_||><||_html:<span style='background-color: rgba(0.0, 165.0, "
 "0, 0.15); border-radius: 3px;' title='1.0'>_||>     "
 "<||_html:</span>_||><||_html:<span style='background-color: rgba(0.0, 165.0, "
 "0, 0.15); border-radius: 3px;' title='1.0'>_||> "
 '"<||_html:</span>_||><||_html:<span style=\'background-color: rgba(0.0, '
 "165.0, 0, 0.15); border-radius: 3px;' "
 "title='1.0'>_||>type<||_html:</span>_||><||_html:<span "
 "style='background-color: rgba(0.0, 165.0, 0, 0.15); border-radius: 3px;' "
 'title=\'1.0\'>_||>":<||_html:</span>_||><||_html:<span '
 "style='background-color: rgba(0.0, 165.0, 0, 0.15); border-radius: 3px;' "
 'title=\'1.0\'>_||> "<||_html:</span>_||><||_html:<span '
 "style='background-color: rgba(0.0, 165.0, 0, 0.15); border-radius: 3px;' "
 "title='1.0'>_||>Query<||_html:</span>_||><||_html:<span "
 "style='background-color: rgba(0.0, 165.0, 0, 0.15); border-radius: 3px;' "
 'title=\'1.0\'>_||>",<||_html:</span>_||><||_html:<span '
 "style='background-color: rgba(0.0, 165.0, 0, 0.15); border-radius: 3px;' "
 "title='1.0'>_||>\n"
 "<||_html:</span>_||><||_html:<span style='background-color: rgba(0.0, 165.0, "
 "0, 0.15); border-radius: 3px;' title='1.0'>_||>     "
 "<||_html:</span>_||><||_html:<span style='background-color: rgba(0.0, 165.0, "
 "0, 0.15); border-radius: 3px;' title='1.0'>_||> "
 '"<||_html:</span>_||><||_html:<span style=\'background-color: rgba(0.0, '
 "165.0, 0, 0.15); border-radius: 3px;' "
 "title='1.0'>_||>field<||_html:</span>_||><||_html:<span "
 "style='background-color: rgba(0.0, 165.0, 0, 0.15); border-radius: 3px;' "
 'title=\'1.0\'>_||>":<||_html:</span>_||><||_html:<span '
 "style='background-color: rgba(0.0, 165.0, 0, 0.15); border-radius: 3px;' "
 'title=\'1.0\'>_||> "<||_html:</span>_||><||_html:<span '
 "style='background-color: rgba(0.0, 165.0, 0, 0.15); border-radius: 3px;' "
 "title='1.0'>_||>get<||_html:</span>_||><||_html:<span "
 "style='background-color: rgba(0.0, 165.0, 0, 0.15); border-radius: 3px;' "
 "title='1.0'>_||>Product<||_html:</span>_||><||_html:<span "
 "style='background-color: rgba(0.0, 165.0, 0, 0.15); border-radius: 3px;' "
 'title=\'1.0\'>_||>",<||_html:</span>_||><||_html:<span '
 "style='background-color: rgba(0.0, 165.0, 0, 0.15); border-radius: 3px;' "
 "title='1.0'>_||>\n"
 "<||_html:</span>_||><||_html:<span style='background-color: rgba(0.0, 165.0, "
 "0, 0.15); border-radius: 3px;' title='1.0'>_||>     "
 "<||_html:</span>_||><||_html:<span style='background-color: rgba(0.0, 165.0, "
 "0, 0.15); border-radius: 3px;' title='1.0'>_||> "
 '"<||_html:</span>_||><||_html:<span style=\'background-color: rgba(0.0, '
 "165.0, 0, 0.15); border-radius: 3px;' "
 "title='1.0'>_||>change<||_html:</span>_||><||_html:<span "
 "style='background-color: rgba(0.0, 165.0, 0, 0.15); border-radius: 3px;' "
 'title=\'1.0\'>_||>":<||_html:</span>_||><||_html:<span '
 "style='background-color: rgba(0.0, 165.0, 0, 0.15); border-radius: 3px;' "
 'title=\'1.0\'>_||> "<||_html:</span>_||><||_html:<span '
 "style='background-color: rgba(0.0, 165.0, 0, 0.15); border-radius: 3px;' "
 "title='1.0'>_||>field<||_html:</span>_||><||_html:<span "
 "style='background-color: rgba(0.0, 165.0, 0, 0.15); border-radius: 3px;' "
 "title='1.0'>_||> details<||_html:</span>_||><||_html:<span "
 "style='background-color: rgba(0.0, 165.0, 0, 0.15); border-radius: 3px;' "
 "title='1.0'>_||> added<||_html:</span>_||><||_html:<span "
 "style='background-color: rgba(0.0, 165.0, 0, 0.15); border-radius: 3px;' "
 'title=\'1.0\'>_||>",<||_html:</span>_||><||_html:<span '
 "style='background-color: rgba(0.0, 165.0, 0, 0.15); border-radius: 3px;' "
 "title='1.0'>_||>\n"
 "<||_html:</span>_||><||_html:<span style='background-color: rgba(0.0, 165.0, "
 "0, 0.15); border-radius: 3px;' title='1.0'>_||>     "
 "<||_html:</span>_||><||_html:<span style='background-color: rgba(0.0, 165.0, "
 "0, 0.15); border-radius: 3px;' title='1.0'>_||> "
 '"<||_html:</span>_||><||_html:<span style=\'background-color: rgba(0.0, '
 "165.0, 0, 0.15); border-radius: 3px;' "
 "title='1.0'>_||>breaking<||_html:</span>_||><||_html:<span "
 "style='background-color: rgba(0.0, 165.0, 0, 0.15); border-radius: 3px;' "
 'title=\'1.0\'>_||>":<||_html:</span>_||><||_html:<span '
 "style='background-color: rgba(0.0, 165.0, 0, 0.15); border-radius: 3px;' "
 'title=\'1.0\'>_||> "<||_html:</span>_||><||_html:<span '
 "style='background-color: rgba(0.0, 165.0, 0, 0.15); border-radius: 3px;' "
 "title='1.0'>_||>false<||_html:</span>_||><||_html:<span "
 "style='background-color: rgba(0.0, 165.0, 0, 0.15); border-radius: 3px;' "
 'title=\'1.0\'>_||>",<||_html:</span>_||><||_html:<span '
 "style='background-color: rgba(0.0, 165.0, 0, 0.15); border-radius: 3px;' "
 "title='1.0'>_||>\n"
 "<||_html:</span>_||><||_html:<span style='background-color: rgba(0.0, 165.0, "
 "0, 0.15); border-radius: 3px;' title='1.0'>_||>     "
 "<||_html:</span>_||><||_html:<span style='background-color: rgba(0.0, 165.0, "
 "0, 0.15); border-radius: 3px;' title='1.0'>_||> "
 '"<||_html:</span>_||><||_html:<span style=\'background-color: rgba(0.0, '
 "165.0, 0, 0.15); border-radius: 3px;' "
 "title='1.0'>_||>release<||_html:</span>_||><||_html:<span "
 "style='background-color: rgba(0.0, 165.0, 0, 0.15); border-radius: 3px;' "
 "title='1.0'>_||>_<||_html:</span>_||><||_html:<span style='background-color: "
 "rgba(0.0, 165.0, 0, 0.15); border-radius: 3px;' "
 "title='1.0'>_||>note<||_html:</span>_||><||_html:<span "
 "style='background-color: rgba(0.0, 165.0, 0, 0.15); border-radius: 3px;' "
 'title=\'1.0\'>_||>":<||_html:</span>_||><||_html:<span '
 "style='background-color: rgba(0.0, 165.0, 0, 0.15); border-radius: 3px;' "
 'title=\'1.0\'>_||> "<||_html:</span>_||><||_html:<span '
 "style='background-color: rgba(0.0, 165.0, 0, 0.15); border-radius: 3px;' "
 "title='1.0'>_||>The<||_html:</span>_||><||_html:<span "
 "style='background-color: rgba(0.0, 165.0, 0, 0.15); border-radius: 3px;' "
 "title='1.0'>_||> '<||_html:</span>_||><||_html:<span "
 "style='background-color: rgba(0.0, 165.0, 0, 0.15); border-radius: 3px;' "
 "title='1.0'>_||>get<||_html:</span>_||><||_html:<span "
 "style='background-color: rgba(0.0, 165.0, 0, 0.15); border-radius: 3px;' "
 "title='1.0'>_||>Product<||_html:</span>_||><||_html:<span "
 "style='background-color: rgba(0.0, 165.0, 0, 0.15); border-radius: 3px;' "
 "title='1.0'>_||>'<||_html:</span>_||><||_html:<span style='background-color: "
 "rgba(0.0, 165.0, 0, 0.15); border-radius: 3px;' title='1.0'>_||> "
 "query<||_html:</span>_||><||_html:<span style='background-color: rgba(0.0, "
 "165.0, 0, 0.15); border-radius: 3px;' title='1.0'>_||> "
 "now<||_html:</span>_||><||_html:<span style='background-color: rgba(0.0, "
 "165.0, 0, 0.15); border-radius: 3px;' title='1.0'>_||> "
 "includes<||_html:</span>_||><||_html:<span style='background-color: "
 "rgba(0.0, 165.0, 0, 0.15); border-radius: 3px;' title='1.0'>_||> "
 "a<||_html:</span>_||><||_html:<span style='background-color: rgba(0.0, "
 "165.0, 0, 0.15); border-radius: 3px;' title='1.0'>_||> "
 "new<||_html:</span>_||><||_html:<span style='background-color: rgba(0.0, "
 "165.0, 0, 0.15); border-radius: 3px;' title='1.0'>_||> "
 "field<||_html:</span>_||><||_html:<span style='background-color: rgba(0.0, "
 "165.0, 0, 0.15); border-radius: 3px;' title='1.0'>_||> "
 "'<||_html:</span>_||><||_html:<span style='background-color: rgba(0.0, "
 "165.0, 0, 0.15); border-radius: 3px;' "
 "title='1.0'>_||>details<||_html:</span>_||><||_html:<span "
 "style='background-color: rgba(0.0, 165.0, 0, 0.15); border-radius: 3px;' "
 "title='1.0'>_||>'<||_html:</span>_||><||_html:<span style='background-color: "
 "rgba(0.0, 165.0, 0, 0.15); border-radius: 3px;' title='1.0'>_||> "
 "of<||_html:</span>_||><||_html:<span style='background-color: rgba(0.0, "
 "165.0, 0, 0.15); border-radius: 3px;' title='1.0'>_||> "
 "type<||_html:</span>_||><||_html:<span style='background-color: rgba(0.0, "
 "165.0, 0, 0.15); border-radius: 3px;' title='1.0'>_||> "
 "String<||_html:</span>_||><||_html:<span style='background-color: rgba(0.0, "
 "165.0, 0, 0.15); border-radius: 3px;' "
 'title=\'1.0\'>_||>."<||_html:</span>_||><||_html:<span '
 "style='background-color: rgba(0.0, 165.0, 0, 0.15); border-radius: 3px;' "
 "title='1.0'>_||>\n"
 "<||_html:</span>_||><||_html:<span style='background-color: rgba(0.0, 165.0, "
 "0, 0.15); border-radius: 3px;' title='1.0'>_||>   "
 "<||_html:</span>_||><||_html:<span style='background-color: rgba(0.0, 165.0, "
 "0, 0.15); border-radius: 3px;' title='1.0'>_||> "
 "},<||_html:</span>_||><||_html:<span style='background-color: rgba(0.0, "
 "165.0, 0, 0.15); border-radius: 3px;' title='1.0'>_||>\n"
 "<||_html:</span>_||><||_html:<span style='background-color: rgba(0.0, 165.0, "
 "0, 0.15); border-radius: 3px;' title='1.0'>_||>   "
 "<||_html:</span>_||><||_html:<span style='background-color: rgba(0.0, 165.0, "
 "0, 0.15); border-radius: 3px;' title='1.0'>_||> "
 "{<||_html:</span>_||><||_html:<span style='background-color: rgba(0.0, "
 "165.0, 0, 0.15); border-radius: 3px;' title='1.0'>_||>\n"
 "<||_html:</span>_||><||_html:<span style='background-color: rgba(0.0, 165.0, "
 "0, 0.15); border-radius: 3px;' title='1.0'>_||>     "
 "<||_html:</span>_||><||_html:<span style='background-color: rgba(0.0, 165.0, "
 "0, 0.15); border-radius: 3px;' title='1.0'>_||> "
 '"<||_html:</span>_||><||_html:<span style=\'background-color: rgba(0.0, '
 "165.0, 0, 0.15); border-radius: 3px;' "
 "title='1.0'>_||>type<||_html:</span>_||><||_html:<span "
 "style='background-color: rgba(0.0, 165.0, 0, 0.15); border-radius: 3px;' "
 "title='1.0'>_||>")
('Analyze the following two GraphQL schemas for changes, including both '
 'breaking and non-breaking changes.\n'
 '\n'
 '                        Provide your analysis in the following JSON format:\n'
 '                        {\n'
 '                          "changes": [\n'
 '                            {\n'
 '                              "type": "String representing the GraphQL type '
 '(e.g., Query, Mutation, Subscription)",\n'
 '                              "field": "String representing the specific '
 'field that changed",\n'
 '                              "change": "String describing the change (e.g., '
 'field renamed, new field added, field removed)",\n'
 '                              "breaking": "Boolean indicating if the change '
 'is breaking (true) or non-breaking (false)",\n'
 '                              "release_note": "String with a natural '
 'language description of the change for release notes"\n'
 '                            }\n'
 '                          ],\n'
 '                          "release_notes": {\n'
 '                              "summary": "String summarizing all changes, '
 'suitable for a mailing list or public announcement"\n'
 '                          }\n'
 '                        }\n'
 '\n'
 '                        When analyzing, consider the following types of '
 'changes:\n'
 '                        1. Removing fields or types (breaking)\n'
 '                        2. Changing field types (potentially breaking)\n'
 '                        3. Adding required fields (breaking)\n'
 '                        4. Changing the type of existing arguments '
 '(breaking)\n'
 '                        5. Adding optional fields (non-breaking)\n'
 '                        6. Adding new types (non-breaking)\n'
 '                        7. Deprecating fields (non-breaking)\n'
 '\n'
 '                        Ensure that each change is categorized correctly as '
 'breaking or non-breaking.: type Query {\n'
 '  getProduct(id: ID!): Product\n'
 '}\n'
 '\n'
 'type Product {\n'
 '  id: ID\n'
 '  name: String\n'
 '  description: String\n'
 '  price: Float\n'
 '  stock: Int\n'
 '}\n'
 ', type Query {\n'
 '  getProduct(id: ID!): Product\n'
 '}\n'
 '\n'
 'type Product {\n'
 '  id: ID\n'
 '  name: String\n'
 '  details: String\n'
 '  price: Float\n'
 '}\n'
 '\n'
 "Answer:<||_html:<span style='background-color: rgba(0.0, 165.0, 0, 0.15); "
 "border-radius: 3px;' title='1.0'>_||> {<||_html:</span>_||><||_html:<span "
 "style='background-color: rgba(0.0, 165.0, 0, 0.15); border-radius: 3px;' "
 "title='1.0'>_||>\n"
 "<||_html:</span>_||><||_html:<span style='background-color: rgba(0.0, 165.0, "
 "0, 0.15); border-radius: 3px;' title='1.0'>_||> "
 "<||_html:</span>_||><||_html:<span style='background-color: rgba(0.0, 165.0, "
 "0, 0.15); border-radius: 3px;' title='1.0'>_||> "
 '"<||_html:</span>_||><||_html:<span style=\'background-color: rgba(0.0, '
 "165.0, 0, 0.15); border-radius: 3px;' "
 "title='1.0'>_||>changes<||_html:</span>_||><||_html:<span "
 "style='background-color: rgba(0.0, 165.0, 0, 0.15); border-radius: 3px;' "
 'title=\'1.0\'>_||>":<||_html:</span>_||><||_html:<span '
 "style='background-color: rgba(0.0, 165.0, 0, 0.15); border-radius: 3px;' "
 "title='1.0'>_||> [<||_html:</span>_||><||_html:<span "
 "style='background-color: rgba(0.0, 165.0, 0, 0.15); border-radius: 3px;' "
 "title='1.0'>_||>\n"
 "<||_html:</span>_||><||_html:<span style='background-color: rgba(0.0, 165.0, "
 "0, 0.15); border-radius: 3px;' title='1.0'>_||>   "
 "<||_html:</span>_||><||_html:<span style='background-color: rgba(0.0, 165.0, "
 "0, 0.15); border-radius: 3px;' title='1.0'>_||> "
 "{<||_html:</span>_||><||_html:<span style='background-color: rgba(0.0, "
 "165.0, 0, 0.15); border-radius: 3px;' title='1.0'>_||>\n"
 "<||_html:</span>_||><||_html:<span style='background-color: rgba(0.0, 165.0, "
 "0, 0.15); border-radius: 3px;' title='1.0'>_||>     "
 "<||_html:</span>_||><||_html:<span style='background-color: rgba(0.0, 165.0, "
 "0, 0.15); border-radius: 3px;' title='1.0'>_||> "
 '"<||_html:</span>_||><||_html:<span style=\'background-color: rgba(0.0, '
 "165.0, 0, 0.15); border-radius: 3px;' "
 "title='1.0'>_||>type<||_html:</span>_||><||_html:<span "
 "style='background-color: rgba(0.0, 165.0, 0, 0.15); border-radius: 3px;' "
 'title=\'1.0\'>_||>":<||_html:</span>_||><||_html:<span '
 "style='background-color: rgba(0.0, 165.0, 0, 0.15); border-radius: 3px;' "
 'title=\'1.0\'>_||> "<||_html:</span>_||><||_html:<span '
 "style='background-color: rgba(0.0, 165.0, 0, 0.15); border-radius: 3px;' "
 "title='1.0'>_||>Query<||_html:</span>_||><||_html:<span "
 "style='background-color: rgba(0.0, 165.0, 0, 0.15); border-radius: 3px;' "
 'title=\'1.0\'>_||>",<||_html:</span>_||><||_html:<span '
 "style='background-color: rgba(0.0, 165.0, 0, 0.15); border-radius: 3px;' "
 "title='1.0'>_||>\n"
 "<||_html:</span>_||><||_html:<span style='background-color: rgba(0.0, 165.0, "
 "0, 0.15); border-radius: 3px;' title='1.0'>_||>     "
 "<||_html:</span>_||><||_html:<span style='background-color: rgba(0.0, 165.0, "
 "0, 0.15); border-radius: 3px;' title='1.0'>_||> "
 '"<||_html:</span>_||><||_html:<span style=\'background-color: rgba(0.0, '
 "165.0, 0, 0.15); border-radius: 3px;' "
 "title='1.0'>_||>field<||_html:</span>_||><||_html:<span "
 "style='background-color: rgba(0.0, 165.0, 0, 0.15); border-radius: 3px;' "
 'title=\'1.0\'>_||>":<||_html:</span>_||><||_html:<span '
 "style='background-color: rgba(0.0, 165.0, 0, 0.15); border-radius: 3px;' "
 'title=\'1.0\'>_||> "<||_html:</span>_||><||_html:<span '
 "style='background-color: rgba(0.0, 165.0, 0, 0.15); border-radius: 3px;' "
 "title='1.0'>_||>get<||_html:</span>_||><||_html:<span "
 "style='background-color: rgba(0.0, 165.0, 0, 0.15); border-radius: 3px;' "
 "title='1.0'>_||>Product<||_html:</span>_||><||_html:<span "
 "style='background-color: rgba(0.0, 165.0, 0, 0.15); border-radius: 3px;' "
 'title=\'1.0\'>_||>",<||_html:</span>_||><||_html:<span '
 "style='background-color: rgba(0.0, 165.0, 0, 0.15); border-radius: 3px;' "
 "title='1.0'>_||>\n"
 "<||_html:</span>_||><||_html:<span style='background-color: rgba(0.0, 165.0, "
 "0, 0.15); border-radius: 3px;' title='1.0'>_||>     "
 "<||_html:</span>_||><||_html:<span style='background-color: rgba(0.0, 165.0, "
 "0, 0.15); border-radius: 3px;' title='1.0'>_||> "
 '"<||_html:</span>_||><||_html:<span style=\'background-color: rgba(0.0, '
 "165.0, 0, 0.15); border-radius: 3px;' "
 "title='1.0'>_||>change<||_html:</span>_||><||_html:<span "
 "style='background-color: rgba(0.0, 165.0, 0, 0.15); border-radius: 3px;' "
 'title=\'1.0\'>_||>":<||_html:</span>_||><||_html:<span '
 "style='background-color: rgba(0.0, 165.0, 0, 0.15); border-radius: 3px;' "
 'title=\'1.0\'>_||> "<||_html:</span>_||><||_html:<span '
 "style='background-color: rgba(0.0, 165.0, 0, 0.15); border-radius: 3px;' "
 "title='1.0'>_||>field<||_html:</span>_||><||_html:<span "
 "style='background-color: rgba(0.0, 165.0, 0, 0.15); border-radius: 3px;' "
 "title='1.0'>_||> details<||_html:</span>_||><||_html:<span "
 "style='background-color: rgba(0.0, 165.0, 0, 0.15); border-radius: 3px;' "
 "title='1.0'>_||> added<||_html:</span>_||><||_html:<span "
 "style='background-color: rgba(0.0, 165.0, 0, 0.15); border-radius: 3px;' "
 'title=\'1.0\'>_||>",<||_html:</span>_||><||_html:<span '
 "style='background-color: rgba(0.0, 165.0, 0, 0.15); border-radius: 3px;' "
 "title='1.0'>_||>\n"
 "<||_html:</span>_||><||_html:<span style='background-color: rgba(0.0, 165.0, "
 "0, 0.15); border-radius: 3px;' title='1.0'>_||>     "
 "<||_html:</span>_||><||_html:<span style='background-color: rgba(0.0, 165.0, "
 "0, 0.15); border-radius: 3px;' title='1.0'>_||> "
 '"<||_html:</span>_||><||_html:<span style=\'background-color: rgba(0.0, '
 "165.0, 0, 0.15); border-radius: 3px;' "
 "title='1.0'>_||>breaking<||_html:</span>_||><||_html:<span "
 "style='background-color: rgba(0.0, 165.0, 0, 0.15); border-radius: 3px;' "
 'title=\'1.0\'>_||>":<||_html:</span>_||><||_html:<span '
 "style='background-color: rgba(0.0, 165.0, 0, 0.15); border-radius: 3px;' "
 'title=\'1.0\'>_||> "<||_html:</span>_||><||_html:<span '
 "style='background-color: rgba(0.0, 165.0, 0, 0.15); border-radius: 3px;' "
 "title='1.0'>_||>false<||_html:</span>_||><||_html:<span "
 "style='background-color: rgba(0.0, 165.0, 0, 0.15); border-radius: 3px;' "
 'title=\'1.0\'>_||>",<||_html:</span>_||><||_html:<span '
 "style='background-color: rgba(0.0, 165.0, 0, 0.15); border-radius: 3px;' "
 "title='1.0'>_||>\n"
 "<||_html:</span>_||><||_html:<span style='background-color: rgba(0.0, 165.0, "
 "0, 0.15); border-radius: 3px;' title='1.0'>_||>     "
 "<||_html:</span>_||><||_html:<span style='background-color: rgba(0.0, 165.0, "
 "0, 0.15); border-radius: 3px;' title='1.0'>_||> "
 '"<||_html:</span>_||><||_html:<span style=\'background-color: rgba(0.0, '
 "165.0, 0, 0.15); border-radius: 3px;' "
 "title='1.0'>_||>release<||_html:</span>_||><||_html:<span "
 "style='background-color: rgba(0.0, 165.0, 0, 0.15); border-radius: 3px;' "
 "title='1.0'>_||>_<||_html:</span>_||><||_html:<span style='background-color: "
 "rgba(0.0, 165.0, 0, 0.15); border-radius: 3px;' "
 "title='1.0'>_||>note<||_html:</span>_||><||_html:<span "
 "style='background-color: rgba(0.0, 165.0, 0, 0.15); border-radius: 3px;' "
 'title=\'1.0\'>_||>":<||_html:</span>_||><||_html:<span '
 "style='background-color: rgba(0.0, 165.0, 0, 0.15); border-radius: 3px;' "
 'title=\'1.0\'>_||> "<||_html:</span>_||><||_html:<span '
 "style='background-color: rgba(0.0, 165.0, 0, 0.15); border-radius: 3px;' "
 "title='1.0'>_||>The<||_html:</span>_||><||_html:<span "
 "style='background-color: rgba(0.0, 165.0, 0, 0.15); border-radius: 3px;' "
 "title='1.0'>_||> '<||_html:</span>_||><||_html:<span "
 "style='background-color: rgba(0.0, 165.0, 0, 0.15); border-radius: 3px;' "
 "title='1.0'>_||>get<||_html:</span>_||><||_html:<span "
 "style='background-color: rgba(0.0, 165.0, 0, 0.15); border-radius: 3px;' "
 "title='1.0'>_||>Product<||_html:</span>_||><||_html:<span "
 "style='background-color: rgba(0.0, 165.0, 0, 0.15); border-radius: 3px;' "
 "title='1.0'>_||>'<||_html:</span>_||><||_html:<span style='background-color: "
 "rgba(0.0, 165.0, 0, 0.15); border-radius: 3px;' title='1.0'>_||> "
 "query<||_html:</span>_||><||_html:<span style='background-color: rgba(0.0, "
 "165.0, 0, 0.15); border-radius: 3px;' title='1.0'>_||> "
 "now<||_html:</span>_||><||_html:<span style='background-color: rgba(0.0, "
 "165.0, 0, 0.15); border-radius: 3px;' title='1.0'>_||> "
 "includes<||_html:</span>_||><||_html:<span style='background-color: "
 "rgba(0.0, 165.0, 0, 0.15); border-radius: 3px;' title='1.0'>_||> "
 "a<||_html:</span>_||><||_html:<span style='background-color: rgba(0.0, "
 "165.0, 0, 0.15); border-radius: 3px;' title='1.0'>_||> "
 "new<||_html:</span>_||><||_html:<span style='background-color: rgba(0.0, "
 "165.0, 0, 0.15); border-radius: 3px;' title='1.0'>_||> "
 "field<||_html:</span>_||><||_html:<span style='background-color: rgba(0.0, "
 "165.0, 0, 0.15); border-radius: 3px;' title='1.0'>_||> "
 "'<||_html:</span>_||><||_html:<span style='background-color: rgba(0.0, "
 "165.0, 0, 0.15); border-radius: 3px;' "
 "title='1.0'>_||>details<||_html:</span>_||><||_html:<span "
 "style='background-color: rgba(0.0, 165.0, 0, 0.15); border-radius: 3px;' "
 "title='1.0'>_||>'<||_html:</span>_||><||_html:<span style='background-color: "
 "rgba(0.0, 165.0, 0, 0.15); border-radius: 3px;' title='1.0'>_||> "
 "of<||_html:</span>_||><||_html:<span style='background-color: rgba(0.0, "
 "165.0, 0, 0.15); border-radius: 3px;' title='1.0'>_||> "
 "type<||_html:</span>_||><||_html:<span style='background-color: rgba(0.0, "
 "165.0, 0, 0.15); border-radius: 3px;' title='1.0'>_||> "
 "String<||_html:</span>_||><||_html:<span style='background-color: rgba(0.0, "
 "165.0, 0, 0.15); border-radius: 3px;' "
 'title=\'1.0\'>_||>."<||_html:</span>_||><||_html:<span '
 "style='background-color: rgba(0.0, 165.0, 0, 0.15); border-radius: 3px;' "
 "title='1.0'>_||>\n"
 "<||_html:</span>_||><||_html:<span style='background-color: rgba(0.0, 165.0, "
 "0, 0.15); border-radius: 3px;' title='1.0'>_||>   "
 "<||_html:</span>_||><||_html:<span style='background-color: rgba(0.0, 165.0, "
 "0, 0.15); border-radius: 3px;' title='1.0'>_||> "
 "},<||_html:</span>_||><||_html:<span style='background-color: rgba(0.0, "
 "165.0, 0, 0.15); border-radius: 3px;' title='1.0'>_||>\n"
 "<||_html:</span>_||><||_html:<span style='background-color: rgba(0.0, 165.0, "
 "0, 0.15); border-radius: 3px;' title='1.0'>_||>   "
 "<||_html:</span>_||><||_html:<span style='background-color: rgba(0.0, 165.0, "
 "0, 0.15); border-radius: 3px;' title='1.0'>_||> "
 "{<||_html:</span>_||><||_html:<span style='background-color: rgba(0.0, "
 "165.0, 0, 0.15); border-radius: 3px;' title='1.0'>_||>\n"
 "<||_html:</span>_||><||_html:<span style='background-color: rgba(0.0, 165.0, "
 "0, 0.15); border-radius: 3px;' title='1.0'>_||>     "
 "<||_html:</span>_||><||_html:<span style='background-color: rgba(0.0, 165.0, "
 "0, 0.15); border-radius: 3px;' title='1.0'>_||> "
 '"<||_html:</span>_||><||_html:<span style=\'background-color: rgba(0.0, '
 "165.0, 0, 0.15); border-radius: 3px;' "
 "title='1.0'>_||>type<||_html:</span>_||><||_html:<span "
 "style='background-color: rgba(0.0, 165.0, 0, 0.15); border-radius: 3px;' "
 'title=\'1.0\'>_||>":<||_html:</span>_||><||_html:<span '
 "style='background-color: rgba(0.0, 165.0, 0, 0.15); border-radius: 3px;' "
 'title=\'1.0\'>_||> "<||_html:</span>_||><||_html:<span '
 "style='background-color: rgba(0.0, 165.0, 0, 0.15); border-radius: 3px;' "
 "title='1.0'>_||>Product<||_html:</span>_||><||_html:<span "
 "style='background-color: rgba(0.0, 165.0, 0, 0.15); border-radius: 3px;' "
 "title='1.0'>_||>")
('Analyze the following two GraphQL schemas for changes, including both '
 'breaking and non-breaking changes.\n'
 '\n'
 '                        Provide your analysis in the following JSON format:\n'
 '                        {\n'
 '                          "changes": [\n'
 '                            {\n'
 '                              "type": "String representing the GraphQL type '
 '(e.g., Query, Mutation, Subscription)",\n'
 '                              "field": "String representing the specific '
 'field that changed",\n'
 '                              "change": "String describing the change (e.g., '
 'field renamed, new field added, field removed)",\n'
 '                              "breaking": "Boolean indicating if the change '
 'is breaking (true) or non-breaking (false)",\n'
 '                              "release_note": "String with a natural '
 'language description of the change for release notes"\n'
 '                            }\n'
 '                          ],\n'
 '                          "release_notes": {\n'
 '                              "summary": "String summarizing all changes, '
 'suitable for a mailing list or public announcement"\n'
 '                          }\n'
 '                        }\n'
 '\n'
 '                        When analyzing, consider the following types of '
 'changes:\n'
 '                        1. Removing fields or types (breaking)\n'
 '                        2. Changing field types (potentially breaking)\n'
 '                        3. Adding required fields (breaking)\n'
 '                        4. Changing the type of existing arguments '
 '(breaking)\n'
 '                        5. Adding optional fields (non-breaking)\n'
 '                        6. Adding new types (non-breaking)\n'
 '                        7. Deprecating fields (non-breaking)\n'
 '\n'
 '                        Ensure that each change is categorized correctly as '
 'breaking or non-breaking.: type Query {\n'
 '  getProduct(id: ID!): Product\n'
 '}\n'
 '\n'
 'type Product {\n'
 '  id: ID\n'
 '  name: String\n'
 '  description: String\n'
 '  price: Float\n'
 '  stock: Int\n'
 '}\n'
 ', type Query {\n'
 '  getProduct(id: ID!): Product\n'
 '}\n'
 '\n'
 'type Product {\n'
 '  id: ID\n'
 '  name: String\n'
 '  details: String\n'
 '  price: Float\n'
 '}\n'
 '\n'
 "Answer:<||_html:<span style='background-color: rgba(0.0, 165.0, 0, 0.15); "
 "border-radius: 3px;' title='1.0'>_||> {<||_html:</span>_||><||_html:<span "
 "style='background-color: rgba(0.0, 165.0, 0, 0.15); border-radius: 3px;' "
 "title='1.0'>_||>\n"
 "<||_html:</span>_||><||_html:<span style='background-color: rgba(0.0, 165.0, "
 "0, 0.15); border-radius: 3px;' title='1.0'>_||> "
 "<||_html:</span>_||><||_html:<span style='background-color: rgba(0.0, 165.0, "
 "0, 0.15); border-radius: 3px;' title='1.0'>_||> "
 '"<||_html:</span>_||><||_html:<span style=\'background-color: rgba(0.0, '
 "165.0, 0, 0.15); border-radius: 3px;' "
 "title='1.0'>_||>changes<||_html:</span>_||><||_html:<span "
 "style='background-color: rgba(0.0, 165.0, 0, 0.15); border-radius: 3px;' "
 'title=\'1.0\'>_||>":<||_html:</span>_||><||_html:<span '
 "style='background-color: rgba(0.0, 165.0, 0, 0.15); border-radius: 3px;' "
 "title='1.0'>_||> [<||_html:</span>_||><||_html:<span "
 "style='background-color: rgba(0.0, 165.0, 0, 0.15); border-radius: 3px;' "
 "title='1.0'>_||>\n"
 "<||_html:</span>_||><||_html:<span style='background-color: rgba(0.0, 165.0, "
 "0, 0.15); border-radius: 3px;' title='1.0'>_||>   "
 "<||_html:</span>_||><||_html:<span style='background-color: rgba(0.0, 165.0, "
 "0, 0.15); border-radius: 3px;' title='1.0'>_||> "
 "{<||_html:</span>_||><||_html:<span style='background-color: rgba(0.0, "
 "165.0, 0, 0.15); border-radius: 3px;' title='1.0'>_||>\n"
 "<||_html:</span>_||><||_html:<span style='background-color: rgba(0.0, 165.0, "
 "0, 0.15); border-radius: 3px;' title='1.0'>_||>     "
 "<||_html:</span>_||><||_html:<span style='background-color: rgba(0.0, 165.0, "
 "0, 0.15); border-radius: 3px;' title='1.0'>_||> "
 '"<||_html:</span>_||><||_html:<span style=\'background-color: rgba(0.0, '
 "165.0, 0, 0.15); border-radius: 3px;' "
 "title='1.0'>_||>type<||_html:</span>_||><||_html:<span "
 "style='background-color: rgba(0.0, 165.0, 0, 0.15); border-radius: 3px;' "
 'title=\'1.0\'>_||>":<||_html:</span>_||><||_html:<span '
 "style='background-color: rgba(0.0, 165.0, 0, 0.15); border-radius: 3px;' "
 'title=\'1.0\'>_||> "<||_html:</span>_||><||_html:<span '
 "style='background-color: rgba(0.0, 165.0, 0, 0.15); border-radius: 3px;' "
 "title='1.0'>_||>Query<||_html:</span>_||><||_html:<span "
 "style='background-color: rgba(0.0, 165.0, 0, 0.15); border-radius: 3px;' "
 'title=\'1.0\'>_||>",<||_html:</span>_||><||_html:<span '
 "style='background-color: rgba(0.0, 165.0, 0, 0.15); border-radius: 3px;' "
 "title='1.0'>_||>\n"
 "<||_html:</span>_||><||_html:<span style='background-color: rgba(0.0, 165.0, "
 "0, 0.15); border-radius: 3px;' title='1.0'>_||>     "
 "<||_html:</span>_||><||_html:<span style='background-color: rgba(0.0, 165.0, "
 "0, 0.15); border-radius: 3px;' title='1.0'>_||> "
 '"<||_html:</span>_||><||_html:<span style=\'background-color: rgba(0.0, '
 "165.0, 0, 0.15); border-radius: 3px;' "
 "title='1.0'>_||>field<||_html:</span>_||><||_html:<span "
 "style='background-color: rgba(0.0, 165.0, 0, 0.15); border-radius: 3px;' "
 'title=\'1.0\'>_||>":<||_html:</span>_||><||_html:<span '
 "style='background-color: rgba(0.0, 165.0, 0, 0.15); border-radius: 3px;' "
 'title=\'1.0\'>_||> "<||_html:</span>_||><||_html:<span '
 "style='background-color: rgba(0.0, 165.0, 0, 0.15); border-radius: 3px;' "
 "title='1.0'>_||>get<||_html:</span>_||><||_html:<span "
 "style='background-color: rgba(0.0, 165.0, 0, 0.15); border-radius: 3px;' "
 "title='1.0'>_||>Product<||_html:</span>_||><||_html:<span "
 "style='background-color: rgba(0.0, 165.0, 0, 0.15); border-radius: 3px;' "
 'title=\'1.0\'>_||>",<||_html:</span>_||><||_html:<span '
 "style='background-color: rgba(0.0, 165.0, 0, 0.15); border-radius: 3px;' "
 "title='1.0'>_||>\n"
 "<||_html:</span>_||><||_html:<span style='background-color: rgba(0.0, 165.0, "
 "0, 0.15); border-radius: 3px;' title='1.0'>_||>     "
 "<||_html:</span>_||><||_html:<span style='background-color: rgba(0.0, 165.0, "
 "0, 0.15); border-radius: 3px;' title='1.0'>_||> "
 '"<||_html:</span>_||><||_html:<span style=\'background-color: rgba(0.0, '
 "165.0, 0, 0.15); border-radius: 3px;' "
 "title='1.0'>_||>change<||_html:</span>_||><||_html:<span "
 "style='background-color: rgba(0.0, 165.0, 0, 0.15); border-radius: 3px;' "
 'title=\'1.0\'>_||>":<||_html:</span>_||><||_html:<span '
 "style='background-color: rgba(0.0, 165.0, 0, 0.15); border-radius: 3px;' "
 'title=\'1.0\'>_||> "<||_html:</span>_||><||_html:<span '
 "style='background-color: rgba(0.0, 165.0, 0, 0.15); border-radius: 3px;' "
 "title='1.0'>_||>field<||_html:</span>_||><||_html:<span "
 "style='background-color: rgba(0.0, 165.0, 0, 0.15); border-radius: 3px;' "
 "title='1.0'>_||> details<||_html:</span>_||><||_html:<span "
 "style='background-color: rgba(0.0, 165.0, 0, 0.15); border-radius: 3px;' "
 "title='1.0'>_||> added<||_html:</span>_||><||_html:<span "
 "style='background-color: rgba(0.0, 165.0, 0, 0.15); border-radius: 3px;' "
 'title=\'1.0\'>_||>",<||_html:</span>_||><||_html:<span '
 "style='background-color: rgba(0.0, 165.0, 0, 0.15); border-radius: 3px;' "
 "title='1.0'>_||>\n"
 "<||_html:</span>_||><||_html:<span style='background-color: rgba(0.0, 165.0, "
 "0, 0.15); border-radius: 3px;' title='1.0'>_||>     "
 "<||_html:</span>_||><||_html:<span style='background-color: rgba(0.0, 165.0, "
 "0, 0.15); border-radius: 3px;' title='1.0'>_||> "
 '"<||_html:</span>_||><||_html:<span style=\'background-color: rgba(0.0, '
 "165.0, 0, 0.15); border-radius: 3px;' "
 "title='1.0'>_||>breaking<||_html:</span>_||><||_html:<span "
 "style='background-color: rgba(0.0, 165.0, 0, 0.15); border-radius: 3px;' "
 'title=\'1.0\'>_||>":<||_html:</span>_||><||_html:<span '
 "style='background-color: rgba(0.0, 165.0, 0, 0.15); border-radius: 3px;' "
 'title=\'1.0\'>_||> "<||_html:</span>_||><||_html:<span '
 "style='background-color: rgba(0.0, 165.0, 0, 0.15); border-radius: 3px;' "
 "title='1.0'>_||>false<||_html:</span>_||><||_html:<span "
 "style='background-color: rgba(0.0, 165.0, 0, 0.15); border-radius: 3px;' "
 'title=\'1.0\'>_||>",<||_html:</span>_||><||_html:<span '
 "style='background-color: rgba(0.0, 165.0, 0, 0.15); border-radius: 3px;' "
 "title='1.0'>_||>\n"
 "<||_html:</span>_||><||_html:<span style='background-color: rgba(0.0, 165.0, "
 "0, 0.15); border-radius: 3px;' title='1.0'>_||>     "
 "<||_html:</span>_||><||_html:<span style='background-color: rgba(0.0, 165.0, "
 "0, 0.15); border-radius: 3px;' title='1.0'>_||> "
 '"<||_html:</span>_||><||_html:<span style=\'background-color: rgba(0.0, '
 "165.0, 0, 0.15); border-radius: 3px;' "
 "title='1.0'>_||>release<||_html:</span>_||><||_html:<span "
 "style='background-color: rgba(0.0, 165.0, 0, 0.15); border-radius: 3px;' "
 "title='1.0'>_||>_<||_html:</span>_||><||_html:<span style='background-color: "
 "rgba(0.0, 165.0, 0, 0.15); border-radius: 3px;' "
 "title='1.0'>_||>note<||_html:</span>_||><||_html:<span "
 "style='background-color: rgba(0.0, 165.0, 0, 0.15); border-radius: 3px;' "
 'title=\'1.0\'>_||>":<||_html:</span>_||><||_html:<span '
 "style='background-color: rgba(0.0, 165.0, 0, 0.15); border-radius: 3px;' "
 'title=\'1.0\'>_||> "<||_html:</span>_||><||_html:<span '
 "style='background-color: rgba(0.0, 165.0, 0, 0.15); border-radius: 3px;' "
 "title='1.0'>_||>The<||_html:</span>_||><||_html:<span "
 "style='background-color: rgba(0.0, 165.0, 0, 0.15); border-radius: 3px;' "
 "title='1.0'>_||> '<||_html:</span>_||><||_html:<span "
 "style='background-color: rgba(0.0, 165.0, 0, 0.15); border-radius: 3px;' "
 "title='1.0'>_||>get<||_html:</span>_||><||_html:<span "
 "style='background-color: rgba(0.0, 165.0, 0, 0.15); border-radius: 3px;' "
 "title='1.0'>_||>Product<||_html:</span>_||><||_html:<span "
 "style='background-color: rgba(0.0, 165.0, 0, 0.15); border-radius: 3px;' "
 "title='1.0'>_||>'<||_html:</span>_||><||_html:<span style='background-color: "
 "rgba(0.0, 165.0, 0, 0.15); border-radius: 3px;' title='1.0'>_||> "
 "query<||_html:</span>_||><||_html:<span style='background-color: rgba(0.0, "
 "165.0, 0, 0.15); border-radius: 3px;' title='1.0'>_||> "
 "now<||_html:</span>_||><||_html:<span style='background-color: rgba(0.0, "
 "165.0, 0, 0.15); border-radius: 3px;' title='1.0'>_||> "
 "includes<||_html:</span>_||><||_html:<span style='background-color: "
 "rgba(0.0, 165.0, 0, 0.15); border-radius: 3px;' title='1.0'>_||> "
 "a<||_html:</span>_||><||_html:<span style='background-color: rgba(0.0, "
 "165.0, 0, 0.15); border-radius: 3px;' title='1.0'>_||> "
 "new<||_html:</span>_||><||_html:<span style='background-color: rgba(0.0, "
 "165.0, 0, 0.15); border-radius: 3px;' title='1.0'>_||> "
 "field<||_html:</span>_||><||_html:<span style='background-color: rgba(0.0, "
 "165.0, 0, 0.15); border-radius: 3px;' title='1.0'>_||> "
 "'<||_html:</span>_||><||_html:<span style='background-color: rgba(0.0, "
 "165.0, 0, 0.15); border-radius: 3px;' "
 "title='1.0'>_||>details<||_html:</span>_||><||_html:<span "
 "style='background-color: rgba(0.0, 165.0, 0, 0.15); border-radius: 3px;' "
 "title='1.0'>_||>'<||_html:</span>_||><||_html:<span style='background-color: "
 "rgba(0.0, 165.0, 0, 0.15); border-radius: 3px;' title='1.0'>_||> "
 "of<||_html:</span>_||><||_html:<span style='background-color: rgba(0.0, "
 "165.0, 0, 0.15); border-radius: 3px;' title='1.0'>_||> "
 "type<||_html:</span>_||><||_html:<span style='background-color: rgba(0.0, "
 "165.0, 0, 0.15); border-radius: 3px;' title='1.0'>_||> "
 "String<||_html:</span>_||><||_html:<span style='background-color: rgba(0.0, "
 "165.0, 0, 0.15); border-radius: 3px;' "
 'title=\'1.0\'>_||>."<||_html:</span>_||><||_html:<span '
 "style='background-color: rgba(0.0, 165.0, 0, 0.15); border-radius: 3px;' "
 "title='1.0'>_||>\n"
 "<||_html:</span>_||><||_html:<span style='background-color: rgba(0.0, 165.0, "
 "0, 0.15); border-radius: 3px;' title='1.0'>_||>   "
 "<||_html:</span>_||><||_html:<span style='background-color: rgba(0.0, 165.0, "
 "0, 0.15); border-radius: 3px;' title='1.0'>_||> "
 "},<||_html:</span>_||><||_html:<span style='background-color: rgba(0.0, "
 "165.0, 0, 0.15); border-radius: 3px;' title='1.0'>_||>\n"
 "<||_html:</span>_||><||_html:<span style='background-color: rgba(0.0, 165.0, "
 "0, 0.15); border-radius: 3px;' title='1.0'>_||>   "
 "<||_html:</span>_||><||_html:<span style='background-color: rgba(0.0, 165.0, "
 "0, 0.15); border-radius: 3px;' title='1.0'>_||> "
 "{<||_html:</span>_||><||_html:<span style='background-color: rgba(0.0, "
 "165.0, 0, 0.15); border-radius: 3px;' title='1.0'>_||>\n"
 "<||_html:</span>_||><||_html:<span style='background-color: rgba(0.0, 165.0, "
 "0, 0.15); border-radius: 3px;' title='1.0'>_||>     "
 "<||_html:</span>_||><||_html:<span style='background-color: rgba(0.0, 165.0, "
 "0, 0.15); border-radius: 3px;' title='1.0'>_||> "
 '"<||_html:</span>_||><||_html:<span style=\'background-color: rgba(0.0, '
 "165.0, 0, 0.15); border-radius: 3px;' "
 "title='1.0'>_||>type<||_html:</span>_||><||_html:<span "
 "style='background-color: rgba(0.0, 165.0, 0, 0.15); border-radius: 3px;' "
 'title=\'1.0\'>_||>":<||_html:</span>_||><||_html:<span '
 "style='background-color: rgba(0.0, 165.0, 0, 0.15); border-radius: 3px;' "
 'title=\'1.0\'>_||> "<||_html:</span>_||><||_html:<span '
 "style='background-color: rgba(0.0, 165.0, 0, 0.15); border-radius: 3px;' "
 "title='1.0'>_||>Product<||_html:</span>_||><||_html:<span "
 "style='background-color: rgba(0.0, 165.0, 0, 0.15); border-radius: 3px;' "
 'title=\'1.0\'>_||>",<||_html:</span>_||><||_html:<span '
 "style='background-color: rgba(0.0, 165.0, 0, 0.15); border-radius: 3px;' "
 "title='1.0'>_||>\n"
 "<||_html:</span>_||><||_html:<span style='background-color: rgba(0.0, 165.0, "
 "0, 0.15); border-radius: 3px;' title='1.0'>_||>     "
 "<||_html:</span>_||><||_html:<span style='background-color: rgba(0.0, 165.0, "
 "0, 0.15); border-radius: 3px;' title='1.0'>_||>")
('Analyze the following two GraphQL schemas for changes, including both '
 'breaking and non-breaking changes.\n'
 '\n'
 '                        Provide your analysis in the following JSON format:\n'
 '                        {\n'
 '                          "changes": [\n'
 '                            {\n'
 '                              "type": "String representing the GraphQL type '
 '(e.g., Query, Mutation, Subscription)",\n'
 '                              "field": "String representing the specific '
 'field that changed",\n'
 '                              "change": "String describing the change (e.g., '
 'field renamed, new field added, field removed)",\n'
 '                              "breaking": "Boolean indicating if the change '
 'is breaking (true) or non-breaking (false)",\n'
 '                              "release_note": "String with a natural '
 'language description of the change for release notes"\n'
 '                            }\n'
 '                          ],\n'
 '                          "release_notes": {\n'
 '                              "summary": "String summarizing all changes, '
 'suitable for a mailing list or public announcement"\n'
 '                          }\n'
 '                        }\n'
 '\n'
 '                        When analyzing, consider the following types of '
 'changes:\n'
 '                        1. Removing fields or types (breaking)\n'
 '                        2. Changing field types (potentially breaking)\n'
 '                        3. Adding required fields (breaking)\n'
 '                        4. Changing the type of existing arguments '
 '(breaking)\n'
 '                        5. Adding optional fields (non-breaking)\n'
 '                        6. Adding new types (non-breaking)\n'
 '                        7. Deprecating fields (non-breaking)\n'
 '\n'
 '                        Ensure that each change is categorized correctly as '
 'breaking or non-breaking.: type Query {\n'
 '  getProduct(id: ID!): Product\n'
 '}\n'
 '\n'
 'type Product {\n'
 '  id: ID\n'
 '  name: String\n'
 '  description: String\n'
 '  price: Float\n'
 '  stock: Int\n'
 '}\n'
 ', type Query {\n'
 '  getProduct(id: ID!): Product\n'
 '}\n'
 '\n'
 'type Product {\n'
 '  id: ID\n'
 '  name: String\n'
 '  details: String\n'
 '  price: Float\n'
 '}\n'
 '\n'
 "Answer:<||_html:<span style='background-color: rgba(0.0, 165.0, 0, 0.15); "
 "border-radius: 3px;' title='1.0'>_||> {<||_html:</span>_||><||_html:<span "
 "style='background-color: rgba(0.0, 165.0, 0, 0.15); border-radius: 3px;' "
 "title='1.0'>_||>\n"
 "<||_html:</span>_||><||_html:<span style='background-color: rgba(0.0, 165.0, "
 "0, 0.15); border-radius: 3px;' title='1.0'>_||> "
 "<||_html:</span>_||><||_html:<span style='background-color: rgba(0.0, 165.0, "
 "0, 0.15); border-radius: 3px;' title='1.0'>_||> "
 '"<||_html:</span>_||><||_html:<span style=\'background-color: rgba(0.0, '
 "165.0, 0, 0.15); border-radius: 3px;' "
 "title='1.0'>_||>changes<||_html:</span>_||><||_html:<span "
 "style='background-color: rgba(0.0, 165.0, 0, 0.15); border-radius: 3px;' "
 'title=\'1.0\'>_||>":<||_html:</span>_||><||_html:<span '
 "style='background-color: rgba(0.0, 165.0, 0, 0.15); border-radius: 3px;' "
 "title='1.0'>_||> [<||_html:</span>_||><||_html:<span "
 "style='background-color: rgba(0.0, 165.0, 0, 0.15); border-radius: 3px;' "
 "title='1.0'>_||>\n"
 "<||_html:</span>_||><||_html:<span style='background-color: rgba(0.0, 165.0, "
 "0, 0.15); border-radius: 3px;' title='1.0'>_||>   "
 "<||_html:</span>_||><||_html:<span style='background-color: rgba(0.0, 165.0, "
 "0, 0.15); border-radius: 3px;' title='1.0'>_||> "
 "{<||_html:</span>_||><||_html:<span style='background-color: rgba(0.0, "
 "165.0, 0, 0.15); border-radius: 3px;' title='1.0'>_||>\n"
 "<||_html:</span>_||><||_html:<span style='background-color: rgba(0.0, 165.0, "
 "0, 0.15); border-radius: 3px;' title='1.0'>_||>     "
 "<||_html:</span>_||><||_html:<span style='background-color: rgba(0.0, 165.0, "
 "0, 0.15); border-radius: 3px;' title='1.0'>_||> "
 '"<||_html:</span>_||><||_html:<span style=\'background-color: rgba(0.0, '
 "165.0, 0, 0.15); border-radius: 3px;' "
 "title='1.0'>_||>type<||_html:</span>_||><||_html:<span "
 "style='background-color: rgba(0.0, 165.0, 0, 0.15); border-radius: 3px;' "
 'title=\'1.0\'>_||>":<||_html:</span>_||><||_html:<span '
 "style='background-color: rgba(0.0, 165.0, 0, 0.15); border-radius: 3px;' "
 'title=\'1.0\'>_||> "<||_html:</span>_||><||_html:<span '
 "style='background-color: rgba(0.0, 165.0, 0, 0.15); border-radius: 3px;' "
 "title='1.0'>_||>Query<||_html:</span>_||><||_html:<span "
 "style='background-color: rgba(0.0, 165.0, 0, 0.15); border-radius: 3px;' "
 'title=\'1.0\'>_||>",<||_html:</span>_||><||_html:<span '
 "style='background-color: rgba(0.0, 165.0, 0, 0.15); border-radius: 3px;' "
 "title='1.0'>_||>\n"
 "<||_html:</span>_||><||_html:<span style='background-color: rgba(0.0, 165.0, "
 "0, 0.15); border-radius: 3px;' title='1.0'>_||>     "
 "<||_html:</span>_||><||_html:<span style='background-color: rgba(0.0, 165.0, "
 "0, 0.15); border-radius: 3px;' title='1.0'>_||> "
 '"<||_html:</span>_||><||_html:<span style=\'background-color: rgba(0.0, '
 "165.0, 0, 0.15); border-radius: 3px;' "
 "title='1.0'>_||>field<||_html:</span>_||><||_html:<span "
 "style='background-color: rgba(0.0, 165.0, 0, 0.15); border-radius: 3px;' "
 'title=\'1.0\'>_||>":<||_html:</span>_||><||_html:<span '
 "style='background-color: rgba(0.0, 165.0, 0, 0.15); border-radius: 3px;' "
 'title=\'1.0\'>_||> "<||_html:</span>_||><||_html:<span '
 "style='background-color: rgba(0.0, 165.0, 0, 0.15); border-radius: 3px;' "
 "title='1.0'>_||>get<||_html:</span>_||><||_html:<span "
 "style='background-color: rgba(0.0, 165.0, 0, 0.15); border-radius: 3px;' "
 "title='1.0'>_||>Product<||_html:</span>_||><||_html:<span "
 "style='background-color: rgba(0.0, 165.0, 0, 0.15); border-radius: 3px;' "
 'title=\'1.0\'>_||>",<||_html:</span>_||><||_html:<span '
 "style='background-color: rgba(0.0, 165.0, 0, 0.15); border-radius: 3px;' "
 "title='1.0'>_||>\n"
 "<||_html:</span>_||><||_html:<span style='background-color: rgba(0.0, 165.0, "
 "0, 0.15); border-radius: 3px;' title='1.0'>_||>     "
 "<||_html:</span>_||><||_html:<span style='background-color: rgba(0.0, 165.0, "
 "0, 0.15); border-radius: 3px;' title='1.0'>_||> "
 '"<||_html:</span>_||><||_html:<span style=\'background-color: rgba(0.0, '
 "165.0, 0, 0.15); border-radius: 3px;' "
 "title='1.0'>_||>change<||_html:</span>_||><||_html:<span "
 "style='background-color: rgba(0.0, 165.0, 0, 0.15); border-radius: 3px;' "
 'title=\'1.0\'>_||>":<||_html:</span>_||><||_html:<span '
 "style='background-color: rgba(0.0, 165.0, 0, 0.15); border-radius: 3px;' "
 'title=\'1.0\'>_||> "<||_html:</span>_||><||_html:<span '
 "style='background-color: rgba(0.0, 165.0, 0, 0.15); border-radius: 3px;' "
 "title='1.0'>_||>field<||_html:</span>_||><||_html:<span "
 "style='background-color: rgba(0.0, 165.0, 0, 0.15); border-radius: 3px;' "
 "title='1.0'>_||> details<||_html:</span>_||><||_html:<span "
 "style='background-color: rgba(0.0, 165.0, 0, 0.15); border-radius: 3px;' "
 "title='1.0'>_||> added<||_html:</span>_||><||_html:<span "
 "style='background-color: rgba(0.0, 165.0, 0, 0.15); border-radius: 3px;' "
 'title=\'1.0\'>_||>",<||_html:</span>_||><||_html:<span '
 "style='background-color: rgba(0.0, 165.0, 0, 0.15); border-radius: 3px;' "
 "title='1.0'>_||>\n"
 "<||_html:</span>_||><||_html:<span style='background-color: rgba(0.0, 165.0, "
 "0, 0.15); border-radius: 3px;' title='1.0'>_||>     "
 "<||_html:</span>_||><||_html:<span style='background-color: rgba(0.0, 165.0, "
 "0, 0.15); border-radius: 3px;' title='1.0'>_||> "
 '"<||_html:</span>_||><||_html:<span style=\'background-color: rgba(0.0, '
 "165.0, 0, 0.15); border-radius: 3px;' "
 "title='1.0'>_||>breaking<||_html:</span>_||><||_html:<span "
 "style='background-color: rgba(0.0, 165.0, 0, 0.15); border-radius: 3px;' "
 'title=\'1.0\'>_||>":<||_html:</span>_||><||_html:<span '
 "style='background-color: rgba(0.0, 165.0, 0, 0.15); border-radius: 3px;' "
 'title=\'1.0\'>_||> "<||_html:</span>_||><||_html:<span '
 "style='background-color: rgba(0.0, 165.0, 0, 0.15); border-radius: 3px;' "
 "title='1.0'>_||>false<||_html:</span>_||><||_html:<span "
 "style='background-color: rgba(0.0, 165.0, 0, 0.15); border-radius: 3px;' "
 'title=\'1.0\'>_||>",<||_html:</span>_||><||_html:<span '
 "style='background-color: rgba(0.0, 165.0, 0, 0.15); border-radius: 3px;' "
 "title='1.0'>_||>\n"
 "<||_html:</span>_||><||_html:<span style='background-color: rgba(0.0, 165.0, "
 "0, 0.15); border-radius: 3px;' title='1.0'>_||>     "
 "<||_html:</span>_||><||_html:<span style='background-color: rgba(0.0, 165.0, "
 "0, 0.15); border-radius: 3px;' title='1.0'>_||> "
 '"<||_html:</span>_||><||_html:<span style=\'background-color: rgba(0.0, '
 "165.0, 0, 0.15); border-radius: 3px;' "
 "title='1.0'>_||>release<||_html:</span>_||><||_html:<span "
 "style='background-color: rgba(0.0, 165.0, 0, 0.15); border-radius: 3px;' "
 "title='1.0'>_||>_<||_html:</span>_||><||_html:<span style='background-color: "
 "rgba(0.0, 165.0, 0, 0.15); border-radius: 3px;' "
 "title='1.0'>_||>note<||_html:</span>_||><||_html:<span "
 "style='background-color: rgba(0.0, 165.0, 0, 0.15); border-radius: 3px;' "
 'title=\'1.0\'>_||>":<||_html:</span>_||><||_html:<span '
 "style='background-color: rgba(0.0, 165.0, 0, 0.15); border-radius: 3px;' "
 'title=\'1.0\'>_||> "<||_html:</span>_||><||_html:<span '
 "style='background-color: rgba(0.0, 165.0, 0, 0.15); border-radius: 3px;' "
 "title='1.0'>_||>The<||_html:</span>_||><||_html:<span "
 "style='background-color: rgba(0.0, 165.0, 0, 0.15); border-radius: 3px;' "
 "title='1.0'>_||> '<||_html:</span>_||><||_html:<span "
 "style='background-color: rgba(0.0, 165.0, 0, 0.15); border-radius: 3px;' "
 "title='1.0'>_||>get<||_html:</span>_||><||_html:<span "
 "style='background-color: rgba(0.0, 165.0, 0, 0.15); border-radius: 3px;' "
 "title='1.0'>_||>Product<||_html:</span>_||><||_html:<span "
 "style='background-color: rgba(0.0, 165.0, 0, 0.15); border-radius: 3px;' "
 "title='1.0'>_||>'<||_html:</span>_||><||_html:<span style='background-color: "
 "rgba(0.0, 165.0, 0, 0.15); border-radius: 3px;' title='1.0'>_||> "
 "query<||_html:</span>_||><||_html:<span style='background-color: rgba(0.0, "
 "165.0, 0, 0.15); border-radius: 3px;' title='1.0'>_||> "
 "now<||_html:</span>_||><||_html:<span style='background-color: rgba(0.0, "
 "165.0, 0, 0.15); border-radius: 3px;' title='1.0'>_||> "
 "includes<||_html:</span>_||><||_html:<span style='background-color: "
 "rgba(0.0, 165.0, 0, 0.15); border-radius: 3px;' title='1.0'>_||> "
 "a<||_html:</span>_||><||_html:<span style='background-color: rgba(0.0, "
 "165.0, 0, 0.15); border-radius: 3px;' title='1.0'>_||> "
 "new<||_html:</span>_||><||_html:<span style='background-color: rgba(0.0, "
 "165.0, 0, 0.15); border-radius: 3px;' title='1.0'>_||> "
 "field<||_html:</span>_||><||_html:<span style='background-color: rgba(0.0, "
 "165.0, 0, 0.15); border-radius: 3px;' title='1.0'>_||> "
 "'<||_html:</span>_||><||_html:<span style='background-color: rgba(0.0, "
 "165.0, 0, 0.15); border-radius: 3px;' "
 "title='1.0'>_||>details<||_html:</span>_||><||_html:<span "
 "style='background-color: rgba(0.0, 165.0, 0, 0.15); border-radius: 3px;' "
 "title='1.0'>_||>'<||_html:</span>_||><||_html:<span style='background-color: "
 "rgba(0.0, 165.0, 0, 0.15); border-radius: 3px;' title='1.0'>_||> "
 "of<||_html:</span>_||><||_html:<span style='background-color: rgba(0.0, "
 "165.0, 0, 0.15); border-radius: 3px;' title='1.0'>_||> "
 "type<||_html:</span>_||><||_html:<span style='background-color: rgba(0.0, "
 "165.0, 0, 0.15); border-radius: 3px;' title='1.0'>_||> "
 "String<||_html:</span>_||><||_html:<span style='background-color: rgba(0.0, "
 "165.0, 0, 0.15); border-radius: 3px;' "
 'title=\'1.0\'>_||>."<||_html:</span>_||><||_html:<span '
 "style='background-color: rgba(0.0, 165.0, 0, 0.15); border-radius: 3px;' "
 "title='1.0'>_||>\n"
 "<||_html:</span>_||><||_html:<span style='background-color: rgba(0.0, 165.0, "
 "0, 0.15); border-radius: 3px;' title='1.0'>_||>   "
 "<||_html:</span>_||><||_html:<span style='background-color: rgba(0.0, 165.0, "
 "0, 0.15); border-radius: 3px;' title='1.0'>_||> "
 "},<||_html:</span>_||><||_html:<span style='background-color: rgba(0.0, "
 "165.0, 0, 0.15); border-radius: 3px;' title='1.0'>_||>\n"
 "<||_html:</span>_||><||_html:<span style='background-color: rgba(0.0, 165.0, "
 "0, 0.15); border-radius: 3px;' title='1.0'>_||>   "
 "<||_html:</span>_||><||_html:<span style='background-color: rgba(0.0, 165.0, "
 "0, 0.15); border-radius: 3px;' title='1.0'>_||> "
 "{<||_html:</span>_||><||_html:<span style='background-color: rgba(0.0, "
 "165.0, 0, 0.15); border-radius: 3px;' title='1.0'>_||>\n"
 "<||_html:</span>_||><||_html:<span style='background-color: rgba(0.0, 165.0, "
 "0, 0.15); border-radius: 3px;' title='1.0'>_||>     "
 "<||_html:</span>_||><||_html:<span style='background-color: rgba(0.0, 165.0, "
 "0, 0.15); border-radius: 3px;' title='1.0'>_||> "
 '"<||_html:</span>_||><||_html:<span style=\'background-color: rgba(0.0, '
 "165.0, 0, 0.15); border-radius: 3px;' "
 "title='1.0'>_||>type<||_html:</span>_||><||_html:<span "
 "style='background-color: rgba(0.0, 165.0, 0, 0.15); border-radius: 3px;' "
 'title=\'1.0\'>_||>":<||_html:</span>_||><||_html:<span '
 "style='background-color: rgba(0.0, 165.0, 0, 0.15); border-radius: 3px;' "
 'title=\'1.0\'>_||> "<||_html:</span>_||><||_html:<span '
 "style='background-color: rgba(0.0, 165.0, 0, 0.15); border-radius: 3px;' "
 "title='1.0'>_||>Product<||_html:</span>_||><||_html:<span "
 "style='background-color: rgba(0.0, 165.0, 0, 0.15); border-radius: 3px;' "
 'title=\'1.0\'>_||>",<||_html:</span>_||><||_html:<span '
 "style='background-color: rgba(0.0, 165.0, 0, 0.15); border-radius: 3px;' "
 "title='1.0'>_||>\n"
 "<||_html:</span>_||><||_html:<span style='background-color: rgba(0.0, 165.0, "
 "0, 0.15); border-radius: 3px;' title='1.0'>_||>     "
 "<||_html:</span>_||><||_html:<span style='background-color: rgba(0.0, 165.0, "
 "0, 0.15); border-radius: 3px;' title='1.0'>_||> "
 '"<||_html:</span>_||><||_html:<span style=\'background-color: rgba(0.0, '
 "165.0, 0, 0.15); border-radius: 3px;' "
 "title='1.0'>_||>field<||_html:</span>_||><||_html:<span "
 "style='background-color: rgba(0.0, 165.0, 0, 0.15); border-radius: 3px;' "
 'title=\'1.0\'>_||>":<||_html:</span>_||><||_html:<span '
 "style='background-color: rgba(0.0, 165.0, 0, 0.15); border-radius: 3px;' "
 "title='1.0'>_||>")
('Analyze the following two GraphQL schemas for changes, including both '
 'breaking and non-breaking changes.\n'
 '\n'
 '                        Provide your analysis in the following JSON format:\n'
 '                        {\n'
 '                          "changes": [\n'
 '                            {\n'
 '                              "type": "String representing the GraphQL type '
 '(e.g., Query, Mutation, Subscription)",\n'
 '                              "field": "String representing the specific '
 'field that changed",\n'
 '                              "change": "String describing the change (e.g., '
 'field renamed, new field added, field removed)",\n'
 '                              "breaking": "Boolean indicating if the change '
 'is breaking (true) or non-breaking (false)",\n'
 '                              "release_note": "String with a natural '
 'language description of the change for release notes"\n'
 '                            }\n'
 '                          ],\n'
 '                          "release_notes": {\n'
 '                              "summary": "String summarizing all changes, '
 'suitable for a mailing list or public announcement"\n'
 '                          }\n'
 '                        }\n'
 '\n'
 '                        When analyzing, consider the following types of '
 'changes:\n'
 '                        1. Removing fields or types (breaking)\n'
 '                        2. Changing field types (potentially breaking)\n'
 '                        3. Adding required fields (breaking)\n'
 '                        4. Changing the type of existing arguments '
 '(breaking)\n'
 '                        5. Adding optional fields (non-breaking)\n'
 '                        6. Adding new types (non-breaking)\n'
 '                        7. Deprecating fields (non-breaking)\n'
 '\n'
 '                        Ensure that each change is categorized correctly as '
 'breaking or non-breaking.: type Query {\n'
 '  getProduct(id: ID!): Product\n'
 '}\n'
 '\n'
 'type Product {\n'
 '  id: ID\n'
 '  name: String\n'
 '  description: String\n'
 '  price: Float\n'
 '  stock: Int\n'
 '}\n'
 ', type Query {\n'
 '  getProduct(id: ID!): Product\n'
 '}\n'
 '\n'
 'type Product {\n'
 '  id: ID\n'
 '  name: String\n'
 '  details: String\n'
 '  price: Float\n'
 '}\n'
 '\n'
 "Answer:<||_html:<span style='background-color: rgba(0.0, 165.0, 0, 0.15); "
 "border-radius: 3px;' title='1.0'>_||> {<||_html:</span>_||><||_html:<span "
 "style='background-color: rgba(0.0, 165.0, 0, 0.15); border-radius: 3px;' "
 "title='1.0'>_||>\n"
 "<||_html:</span>_||><||_html:<span style='background-color: rgba(0.0, 165.0, "
 "0, 0.15); border-radius: 3px;' title='1.0'>_||> "
 "<||_html:</span>_||><||_html:<span style='background-color: rgba(0.0, 165.0, "
 "0, 0.15); border-radius: 3px;' title='1.0'>_||> "
 '"<||_html:</span>_||><||_html:<span style=\'background-color: rgba(0.0, '
 "165.0, 0, 0.15); border-radius: 3px;' "
 "title='1.0'>_||>changes<||_html:</span>_||><||_html:<span "
 "style='background-color: rgba(0.0, 165.0, 0, 0.15); border-radius: 3px;' "
 'title=\'1.0\'>_||>":<||_html:</span>_||><||_html:<span '
 "style='background-color: rgba(0.0, 165.0, 0, 0.15); border-radius: 3px;' "
 "title='1.0'>_||> [<||_html:</span>_||><||_html:<span "
 "style='background-color: rgba(0.0, 165.0, 0, 0.15); border-radius: 3px;' "
 "title='1.0'>_||>\n"
 "<||_html:</span>_||><||_html:<span style='background-color: rgba(0.0, 165.0, "
 "0, 0.15); border-radius: 3px;' title='1.0'>_||>   "
 "<||_html:</span>_||><||_html:<span style='background-color: rgba(0.0, 165.0, "
 "0, 0.15); border-radius: 3px;' title='1.0'>_||> "
 "{<||_html:</span>_||><||_html:<span style='background-color: rgba(0.0, "
 "165.0, 0, 0.15); border-radius: 3px;' title='1.0'>_||>\n"
 "<||_html:</span>_||><||_html:<span style='background-color: rgba(0.0, 165.0, "
 "0, 0.15); border-radius: 3px;' title='1.0'>_||>     "
 "<||_html:</span>_||><||_html:<span style='background-color: rgba(0.0, 165.0, "
 "0, 0.15); border-radius: 3px;' title='1.0'>_||> "
 '"<||_html:</span>_||><||_html:<span style=\'background-color: rgba(0.0, '
 "165.0, 0, 0.15); border-radius: 3px;' "
 "title='1.0'>_||>type<||_html:</span>_||><||_html:<span "
 "style='background-color: rgba(0.0, 165.0, 0, 0.15); border-radius: 3px;' "
 'title=\'1.0\'>_||>":<||_html:</span>_||><||_html:<span '
 "style='background-color: rgba(0.0, 165.0, 0, 0.15); border-radius: 3px;' "
 'title=\'1.0\'>_||> "<||_html:</span>_||><||_html:<span '
 "style='background-color: rgba(0.0, 165.0, 0, 0.15); border-radius: 3px;' "
 "title='1.0'>_||>Query<||_html:</span>_||><||_html:<span "
 "style='background-color: rgba(0.0, 165.0, 0, 0.15); border-radius: 3px;' "
 'title=\'1.0\'>_||>",<||_html:</span>_||><||_html:<span '
 "style='background-color: rgba(0.0, 165.0, 0, 0.15); border-radius: 3px;' "
 "title='1.0'>_||>\n"
 "<||_html:</span>_||><||_html:<span style='background-color: rgba(0.0, 165.0, "
 "0, 0.15); border-radius: 3px;' title='1.0'>_||>     "
 "<||_html:</span>_||><||_html:<span style='background-color: rgba(0.0, 165.0, "
 "0, 0.15); border-radius: 3px;' title='1.0'>_||> "
 '"<||_html:</span>_||><||_html:<span style=\'background-color: rgba(0.0, '
 "165.0, 0, 0.15); border-radius: 3px;' "
 "title='1.0'>_||>field<||_html:</span>_||><||_html:<span "
 "style='background-color: rgba(0.0, 165.0, 0, 0.15); border-radius: 3px;' "
 'title=\'1.0\'>_||>":<||_html:</span>_||><||_html:<span '
 "style='background-color: rgba(0.0, 165.0, 0, 0.15); border-radius: 3px;' "
 'title=\'1.0\'>_||> "<||_html:</span>_||><||_html:<span '
 "style='background-color: rgba(0.0, 165.0, 0, 0.15); border-radius: 3px;' "
 "title='1.0'>_||>get<||_html:</span>_||><||_html:<span "
 "style='background-color: rgba(0.0, 165.0, 0, 0.15); border-radius: 3px;' "
 "title='1.0'>_||>Product<||_html:</span>_||><||_html:<span "
 "style='background-color: rgba(0.0, 165.0, 0, 0.15); border-radius: 3px;' "
 'title=\'1.0\'>_||>",<||_html:</span>_||><||_html:<span '
 "style='background-color: rgba(0.0, 165.0, 0, 0.15); border-radius: 3px;' "
 "title='1.0'>_||>\n"
 "<||_html:</span>_||><||_html:<span style='background-color: rgba(0.0, 165.0, "
 "0, 0.15); border-radius: 3px;' title='1.0'>_||>     "
 "<||_html:</span>_||><||_html:<span style='background-color: rgba(0.0, 165.0, "
 "0, 0.15); border-radius: 3px;' title='1.0'>_||> "
 '"<||_html:</span>_||><||_html:<span style=\'background-color: rgba(0.0, '
 "165.0, 0, 0.15); border-radius: 3px;' "
 "title='1.0'>_||>change<||_html:</span>_||><||_html:<span "
 "style='background-color: rgba(0.0, 165.0, 0, 0.15); border-radius: 3px;' "
 'title=\'1.0\'>_||>":<||_html:</span>_||><||_html:<span '
 "style='background-color: rgba(0.0, 165.0, 0, 0.15); border-radius: 3px;' "
 'title=\'1.0\'>_||> "<||_html:</span>_||><||_html:<span '
 "style='background-color: rgba(0.0, 165.0, 0, 0.15); border-radius: 3px;' "
 "title='1.0'>_||>field<||_html:</span>_||><||_html:<span "
 "style='background-color: rgba(0.0, 165.0, 0, 0.15); border-radius: 3px;' "
 "title='1.0'>_||> details<||_html:</span>_||><||_html:<span "
 "style='background-color: rgba(0.0, 165.0, 0, 0.15); border-radius: 3px;' "
 "title='1.0'>_||> added<||_html:</span>_||><||_html:<span "
 "style='background-color: rgba(0.0, 165.0, 0, 0.15); border-radius: 3px;' "
 'title=\'1.0\'>_||>",<||_html:</span>_||><||_html:<span '
 "style='background-color: rgba(0.0, 165.0, 0, 0.15); border-radius: 3px;' "
 "title='1.0'>_||>\n"
 "<||_html:</span>_||><||_html:<span style='background-color: rgba(0.0, 165.0, "
 "0, 0.15); border-radius: 3px;' title='1.0'>_||>     "
 "<||_html:</span>_||><||_html:<span style='background-color: rgba(0.0, 165.0, "
 "0, 0.15); border-radius: 3px;' title='1.0'>_||> "
 '"<||_html:</span>_||><||_html:<span style=\'background-color: rgba(0.0, '
 "165.0, 0, 0.15); border-radius: 3px;' "
 "title='1.0'>_||>breaking<||_html:</span>_||><||_html:<span "
 "style='background-color: rgba(0.0, 165.0, 0, 0.15); border-radius: 3px;' "
 'title=\'1.0\'>_||>":<||_html:</span>_||><||_html:<span '
 "style='background-color: rgba(0.0, 165.0, 0, 0.15); border-radius: 3px;' "
 'title=\'1.0\'>_||> "<||_html:</span>_||><||_html:<span '
 "style='background-color: rgba(0.0, 165.0, 0, 0.15); border-radius: 3px;' "
 "title='1.0'>_||>false<||_html:</span>_||><||_html:<span "
 "style='background-color: rgba(0.0, 165.0, 0, 0.15); border-radius: 3px;' "
 'title=\'1.0\'>_||>",<||_html:</span>_||><||_html:<span '
 "style='background-color: rgba(0.0, 165.0, 0, 0.15); border-radius: 3px;' "
 "title='1.0'>_||>\n"
 "<||_html:</span>_||><||_html:<span style='background-color: rgba(0.0, 165.0, "
 "0, 0.15); border-radius: 3px;' title='1.0'>_||>     "
 "<||_html:</span>_||><||_html:<span style='background-color: rgba(0.0, 165.0, "
 "0, 0.15); border-radius: 3px;' title='1.0'>_||> "
 '"<||_html:</span>_||><||_html:<span style=\'background-color: rgba(0.0, '
 "165.0, 0, 0.15); border-radius: 3px;' "
 "title='1.0'>_||>release<||_html:</span>_||><||_html:<span "
 "style='background-color: rgba(0.0, 165.0, 0, 0.15); border-radius: 3px;' "
 "title='1.0'>_||>_<||_html:</span>_||><||_html:<span style='background-color: "
 "rgba(0.0, 165.0, 0, 0.15); border-radius: 3px;' "
 "title='1.0'>_||>note<||_html:</span>_||><||_html:<span "
 "style='background-color: rgba(0.0, 165.0, 0, 0.15); border-radius: 3px;' "
 'title=\'1.0\'>_||>":<||_html:</span>_||><||_html:<span '
 "style='background-color: rgba(0.0, 165.0, 0, 0.15); border-radius: 3px;' "
 'title=\'1.0\'>_||> "<||_html:</span>_||><||_html:<span '
 "style='background-color: rgba(0.0, 165.0, 0, 0.15); border-radius: 3px;' "
 "title='1.0'>_||>The<||_html:</span>_||><||_html:<span "
 "style='background-color: rgba(0.0, 165.0, 0, 0.15); border-radius: 3px;' "
 "title='1.0'>_||> '<||_html:</span>_||><||_html:<span "
 "style='background-color: rgba(0.0, 165.0, 0, 0.15); border-radius: 3px;' "
 "title='1.0'>_||>get<||_html:</span>_||><||_html:<span "
 "style='background-color: rgba(0.0, 165.0, 0, 0.15); border-radius: 3px;' "
 "title='1.0'>_||>Product<||_html:</span>_||><||_html:<span "
 "style='background-color: rgba(0.0, 165.0, 0, 0.15); border-radius: 3px;' "
 "title='1.0'>_||>'<||_html:</span>_||><||_html:<span style='background-color: "
 "rgba(0.0, 165.0, 0, 0.15); border-radius: 3px;' title='1.0'>_||> "
 "query<||_html:</span>_||><||_html:<span style='background-color: rgba(0.0, "
 "165.0, 0, 0.15); border-radius: 3px;' title='1.0'>_||> "
 "now<||_html:</span>_||><||_html:<span style='background-color: rgba(0.0, "
 "165.0, 0, 0.15); border-radius: 3px;' title='1.0'>_||> "
 "includes<||_html:</span>_||><||_html:<span style='background-color: "
 "rgba(0.0, 165.0, 0, 0.15); border-radius: 3px;' title='1.0'>_||> "
 "a<||_html:</span>_||><||_html:<span style='background-color: rgba(0.0, "
 "165.0, 0, 0.15); border-radius: 3px;' title='1.0'>_||> "
 "new<||_html:</span>_||><||_html:<span style='background-color: rgba(0.0, "
 "165.0, 0, 0.15); border-radius: 3px;' title='1.0'>_||> "
 "field<||_html:</span>_||><||_html:<span style='background-color: rgba(0.0, "
 "165.0, 0, 0.15); border-radius: 3px;' title='1.0'>_||> "
 "'<||_html:</span>_||><||_html:<span style='background-color: rgba(0.0, "
 "165.0, 0, 0.15); border-radius: 3px;' "
 "title='1.0'>_||>details<||_html:</span>_||><||_html:<span "
 "style='background-color: rgba(0.0, 165.0, 0, 0.15); border-radius: 3px;' "
 "title='1.0'>_||>'<||_html:</span>_||><||_html:<span style='background-color: "
 "rgba(0.0, 165.0, 0, 0.15); border-radius: 3px;' title='1.0'>_||> "
 "of<||_html:</span>_||><||_html:<span style='background-color: rgba(0.0, "
 "165.0, 0, 0.15); border-radius: 3px;' title='1.0'>_||> "
 "type<||_html:</span>_||><||_html:<span style='background-color: rgba(0.0, "
 "165.0, 0, 0.15); border-radius: 3px;' title='1.0'>_||> "
 "String<||_html:</span>_||><||_html:<span style='background-color: rgba(0.0, "
 "165.0, 0, 0.15); border-radius: 3px;' "
 'title=\'1.0\'>_||>."<||_html:</span>_||><||_html:<span '
 "style='background-color: rgba(0.0, 165.0, 0, 0.15); border-radius: 3px;' "
 "title='1.0'>_||>\n"
 "<||_html:</span>_||><||_html:<span style='background-color: rgba(0.0, 165.0, "
 "0, 0.15); border-radius: 3px;' title='1.0'>_||>   "
 "<||_html:</span>_||><||_html:<span style='background-color: rgba(0.0, 165.0, "
 "0, 0.15); border-radius: 3px;' title='1.0'>_||> "
 "},<||_html:</span>_||><||_html:<span style='background-color: rgba(0.0, "
 "165.0, 0, 0.15); border-radius: 3px;' title='1.0'>_||>\n"
 "<||_html:</span>_||><||_html:<span style='background-color: rgba(0.0, 165.0, "
 "0, 0.15); border-radius: 3px;' title='1.0'>_||>   "
 "<||_html:</span>_||><||_html:<span style='background-color: rgba(0.0, 165.0, "
 "0, 0.15); border-radius: 3px;' title='1.0'>_||> "
 "{<||_html:</span>_||><||_html:<span style='background-color: rgba(0.0, "
 "165.0, 0, 0.15); border-radius: 3px;' title='1.0'>_||>\n"
 "<||_html:</span>_||><||_html:<span style='background-color: rgba(0.0, 165.0, "
 "0, 0.15); border-radius: 3px;' title='1.0'>_||>     "
 "<||_html:</span>_||><||_html:<span style='background-color: rgba(0.0, 165.0, "
 "0, 0.15); border-radius: 3px;' title='1.0'>_||> "
 '"<||_html:</span>_||><||_html:<span style=\'background-color: rgba(0.0, '
 "165.0, 0, 0.15); border-radius: 3px;' "
 "title='1.0'>_||>type<||_html:</span>_||><||_html:<span "
 "style='background-color: rgba(0.0, 165.0, 0, 0.15); border-radius: 3px;' "
 'title=\'1.0\'>_||>":<||_html:</span>_||><||_html:<span '
 "style='background-color: rgba(0.0, 165.0, 0, 0.15); border-radius: 3px;' "
 'title=\'1.0\'>_||> "<||_html:</span>_||><||_html:<span '
 "style='background-color: rgba(0.0, 165.0, 0, 0.15); border-radius: 3px;' "
 "title='1.0'>_||>Product<||_html:</span>_||><||_html:<span "
 "style='background-color: rgba(0.0, 165.0, 0, 0.15); border-radius: 3px;' "
 'title=\'1.0\'>_||>",<||_html:</span>_||><||_html:<span '
 "style='background-color: rgba(0.0, 165.0, 0, 0.15); border-radius: 3px;' "
 "title='1.0'>_||>\n"
 "<||_html:</span>_||><||_html:<span style='background-color: rgba(0.0, 165.0, "
 "0, 0.15); border-radius: 3px;' title='1.0'>_||>     "
 "<||_html:</span>_||><||_html:<span style='background-color: rgba(0.0, 165.0, "
 "0, 0.15); border-radius: 3px;' title='1.0'>_||> "
 '"<||_html:</span>_||><||_html:<span style=\'background-color: rgba(0.0, '
 "165.0, 0, 0.15); border-radius: 3px;' "
 "title='1.0'>_||>field<||_html:</span>_||><||_html:<span "
 "style='background-color: rgba(0.0, 165.0, 0, 0.15); border-radius: 3px;' "
 'title=\'1.0\'>_||>":<||_html:</span>_||><||_html:<span '
 "style='background-color: rgba(0.0, 165.0, 0, 0.15); border-radius: 3px;' "
 'title=\'1.0\'>_||> "<||_html:</span>_||><||_html:<span '
 "style='background-color: rgba(0.0, 165.0, 0, 0.15); border-radius: 3px;' "
 "title='1.0'>_||>description<||_html:</span>_||><||_html:<span "
 "style='background-color: rgba(0.0, 165.0, 0, 0.15); border-radius: 3px;' "
 'title=\'1.0\'>_||>",<||_html:</span>_||><||_html:<span '
 "style='background-color: rgba(0.0, 165.0, 0, 0.15); border-radius: 3px;' "
 "title='1.0'>_||>")
('Analyze the following two GraphQL schemas for changes, including both '
 'breaking and non-breaking changes.\n'
 '\n'
 '                        Provide your analysis in the following JSON format:\n'
 '                        {\n'
 '                          "changes": [\n'
 '                            {\n'
 '                              "type": "String representing the GraphQL type '
 '(e.g., Query, Mutation, Subscription)",\n'
 '                              "field": "String representing the specific '
 'field that changed",\n'
 '                              "change": "String describing the change (e.g., '
 'field renamed, new field added, field removed)",\n'
 '                              "breaking": "Boolean indicating if the change '
 'is breaking (true) or non-breaking (false)",\n'
 '                              "release_note": "String with a natural '
 'language description of the change for release notes"\n'
 '                            }\n'
 '                          ],\n'
 '                          "release_notes": {\n'
 '                              "summary": "String summarizing all changes, '
 'suitable for a mailing list or public announcement"\n'
 '                          }\n'
 '                        }\n'
 '\n'
 '                        When analyzing, consider the following types of '
 'changes:\n'
 '                        1. Removing fields or types (breaking)\n'
 '                        2. Changing field types (potentially breaking)\n'
 '                        3. Adding required fields (breaking)\n'
 '                        4. Changing the type of existing arguments '
 '(breaking)\n'
 '                        5. Adding optional fields (non-breaking)\n'
 '                        6. Adding new types (non-breaking)\n'
 '                        7. Deprecating fields (non-breaking)\n'
 '\n'
 '                        Ensure that each change is categorized correctly as '
 'breaking or non-breaking.: type Query {\n'
 '  getProduct(id: ID!): Product\n'
 '}\n'
 '\n'
 'type Product {\n'
 '  id: ID\n'
 '  name: String\n'
 '  description: String\n'
 '  price: Float\n'
 '  stock: Int\n'
 '}\n'
 ', type Query {\n'
 '  getProduct(id: ID!): Product\n'
 '}\n'
 '\n'
 'type Product {\n'
 '  id: ID\n'
 '  name: String\n'
 '  details: String\n'
 '  price: Float\n'
 '}\n'
 '\n'
 "Answer:<||_html:<span style='background-color: rgba(0.0, 165.0, 0, 0.15); "
 "border-radius: 3px;' title='1.0'>_||> {<||_html:</span>_||><||_html:<span "
 "style='background-color: rgba(0.0, 165.0, 0, 0.15); border-radius: 3px;' "
 "title='1.0'>_||>\n"
 "<||_html:</span>_||><||_html:<span style='background-color: rgba(0.0, 165.0, "
 "0, 0.15); border-radius: 3px;' title='1.0'>_||> "
 "<||_html:</span>_||><||_html:<span style='background-color: rgba(0.0, 165.0, "
 "0, 0.15); border-radius: 3px;' title='1.0'>_||> "
 '"<||_html:</span>_||><||_html:<span style=\'background-color: rgba(0.0, '
 "165.0, 0, 0.15); border-radius: 3px;' "
 "title='1.0'>_||>changes<||_html:</span>_||><||_html:<span "
 "style='background-color: rgba(0.0, 165.0, 0, 0.15); border-radius: 3px;' "
 'title=\'1.0\'>_||>":<||_html:</span>_||><||_html:<span '
 "style='background-color: rgba(0.0, 165.0, 0, 0.15); border-radius: 3px;' "
 "title='1.0'>_||> [<||_html:</span>_||><||_html:<span "
 "style='background-color: rgba(0.0, 165.0, 0, 0.15); border-radius: 3px;' "
 "title='1.0'>_||>\n"
 "<||_html:</span>_||><||_html:<span style='background-color: rgba(0.0, 165.0, "
 "0, 0.15); border-radius: 3px;' title='1.0'>_||>   "
 "<||_html:</span>_||><||_html:<span style='background-color: rgba(0.0, 165.0, "
 "0, 0.15); border-radius: 3px;' title='1.0'>_||> "
 "{<||_html:</span>_||><||_html:<span style='background-color: rgba(0.0, "
 "165.0, 0, 0.15); border-radius: 3px;' title='1.0'>_||>\n"
 "<||_html:</span>_||><||_html:<span style='background-color: rgba(0.0, 165.0, "
 "0, 0.15); border-radius: 3px;' title='1.0'>_||>     "
 "<||_html:</span>_||><||_html:<span style='background-color: rgba(0.0, 165.0, "
 "0, 0.15); border-radius: 3px;' title='1.0'>_||> "
 '"<||_html:</span>_||><||_html:<span style=\'background-color: rgba(0.0, '
 "165.0, 0, 0.15); border-radius: 3px;' "
 "title='1.0'>_||>type<||_html:</span>_||><||_html:<span "
 "style='background-color: rgba(0.0, 165.0, 0, 0.15); border-radius: 3px;' "
 'title=\'1.0\'>_||>":<||_html:</span>_||><||_html:<span '
 "style='background-color: rgba(0.0, 165.0, 0, 0.15); border-radius: 3px;' "
 'title=\'1.0\'>_||> "<||_html:</span>_||><||_html:<span '
 "style='background-color: rgba(0.0, 165.0, 0, 0.15); border-radius: 3px;' "
 "title='1.0'>_||>Query<||_html:</span>_||><||_html:<span "
 "style='background-color: rgba(0.0, 165.0, 0, 0.15); border-radius: 3px;' "
 'title=\'1.0\'>_||>",<||_html:</span>_||><||_html:<span '
 "style='background-color: rgba(0.0, 165.0, 0, 0.15); border-radius: 3px;' "
 "title='1.0'>_||>\n"
 "<||_html:</span>_||><||_html:<span style='background-color: rgba(0.0, 165.0, "
 "0, 0.15); border-radius: 3px;' title='1.0'>_||>     "
 "<||_html:</span>_||><||_html:<span style='background-color: rgba(0.0, 165.0, "
 "0, 0.15); border-radius: 3px;' title='1.0'>_||> "
 '"<||_html:</span>_||><||_html:<span style=\'background-color: rgba(0.0, '
 "165.0, 0, 0.15); border-radius: 3px;' "
 "title='1.0'>_||>field<||_html:</span>_||><||_html:<span "
 "style='background-color: rgba(0.0, 165.0, 0, 0.15); border-radius: 3px;' "
 'title=\'1.0\'>_||>":<||_html:</span>_||><||_html:<span '
 "style='background-color: rgba(0.0, 165.0, 0, 0.15); border-radius: 3px;' "
 'title=\'1.0\'>_||> "<||_html:</span>_||><||_html:<span '
 "style='background-color: rgba(0.0, 165.0, 0, 0.15); border-radius: 3px;' "
 "title='1.0'>_||>get<||_html:</span>_||><||_html:<span "
 "style='background-color: rgba(0.0, 165.0, 0, 0.15); border-radius: 3px;' "
 "title='1.0'>_||>Product<||_html:</span>_||><||_html:<span "
 "style='background-color: rgba(0.0, 165.0, 0, 0.15); border-radius: 3px;' "
 'title=\'1.0\'>_||>",<||_html:</span>_||><||_html:<span '
 "style='background-color: rgba(0.0, 165.0, 0, 0.15); border-radius: 3px;' "
 "title='1.0'>_||>\n"
 "<||_html:</span>_||><||_html:<span style='background-color: rgba(0.0, 165.0, "
 "0, 0.15); border-radius: 3px;' title='1.0'>_||>     "
 "<||_html:</span>_||><||_html:<span style='background-color: rgba(0.0, 165.0, "
 "0, 0.15); border-radius: 3px;' title='1.0'>_||> "
 '"<||_html:</span>_||><||_html:<span style=\'background-color: rgba(0.0, '
 "165.0, 0, 0.15); border-radius: 3px;' "
 "title='1.0'>_||>change<||_html:</span>_||><||_html:<span "
 "style='background-color: rgba(0.0, 165.0, 0, 0.15); border-radius: 3px;' "
 'title=\'1.0\'>_||>":<||_html:</span>_||><||_html:<span '
 "style='background-color: rgba(0.0, 165.0, 0, 0.15); border-radius: 3px;' "
 'title=\'1.0\'>_||> "<||_html:</span>_||><||_html:<span '
 "style='background-color: rgba(0.0, 165.0, 0, 0.15); border-radius: 3px;' "
 "title='1.0'>_||>field<||_html:</span>_||><||_html:<span "
 "style='background-color: rgba(0.0, 165.0, 0, 0.15); border-radius: 3px;' "
 "title='1.0'>_||> details<||_html:</span>_||><||_html:<span "
 "style='background-color: rgba(0.0, 165.0, 0, 0.15); border-radius: 3px;' "
 "title='1.0'>_||> added<||_html:</span>_||><||_html:<span "
 "style='background-color: rgba(0.0, 165.0, 0, 0.15); border-radius: 3px;' "
 'title=\'1.0\'>_||>",<||_html:</span>_||><||_html:<span '
 "style='background-color: rgba(0.0, 165.0, 0, 0.15); border-radius: 3px;' "
 "title='1.0'>_||>\n"
 "<||_html:</span>_||><||_html:<span style='background-color: rgba(0.0, 165.0, "
 "0, 0.15); border-radius: 3px;' title='1.0'>_||>     "
 "<||_html:</span>_||><||_html:<span style='background-color: rgba(0.0, 165.0, "
 "0, 0.15); border-radius: 3px;' title='1.0'>_||> "
 '"<||_html:</span>_||><||_html:<span style=\'background-color: rgba(0.0, '
 "165.0, 0, 0.15); border-radius: 3px;' "
 "title='1.0'>_||>breaking<||_html:</span>_||><||_html:<span "
 "style='background-color: rgba(0.0, 165.0, 0, 0.15); border-radius: 3px;' "
 'title=\'1.0\'>_||>":<||_html:</span>_||><||_html:<span '
 "style='background-color: rgba(0.0, 165.0, 0, 0.15); border-radius: 3px;' "
 'title=\'1.0\'>_||> "<||_html:</span>_||><||_html:<span '
 "style='background-color: rgba(0.0, 165.0, 0, 0.15); border-radius: 3px;' "
 "title='1.0'>_||>false<||_html:</span>_||><||_html:<span "
 "style='background-color: rgba(0.0, 165.0, 0, 0.15); border-radius: 3px;' "
 'title=\'1.0\'>_||>",<||_html:</span>_||><||_html:<span '
 "style='background-color: rgba(0.0, 165.0, 0, 0.15); border-radius: 3px;' "
 "title='1.0'>_||>\n"
 "<||_html:</span>_||><||_html:<span style='background-color: rgba(0.0, 165.0, "
 "0, 0.15); border-radius: 3px;' title='1.0'>_||>     "
 "<||_html:</span>_||><||_html:<span style='background-color: rgba(0.0, 165.0, "
 "0, 0.15); border-radius: 3px;' title='1.0'>_||> "
 '"<||_html:</span>_||><||_html:<span style=\'background-color: rgba(0.0, '
 "165.0, 0, 0.15); border-radius: 3px;' "
 "title='1.0'>_||>release<||_html:</span>_||><||_html:<span "
 "style='background-color: rgba(0.0, 165.0, 0, 0.15); border-radius: 3px;' "
 "title='1.0'>_||>_<||_html:</span>_||><||_html:<span style='background-color: "
 "rgba(0.0, 165.0, 0, 0.15); border-radius: 3px;' "
 "title='1.0'>_||>note<||_html:</span>_||><||_html:<span "
 "style='background-color: rgba(0.0, 165.0, 0, 0.15); border-radius: 3px;' "
 'title=\'1.0\'>_||>":<||_html:</span>_||><||_html:<span '
 "style='background-color: rgba(0.0, 165.0, 0, 0.15); border-radius: 3px;' "
 'title=\'1.0\'>_||> "<||_html:</span>_||><||_html:<span '
 "style='background-color: rgba(0.0, 165.0, 0, 0.15); border-radius: 3px;' "
 "title='1.0'>_||>The<||_html:</span>_||><||_html:<span "
 "style='background-color: rgba(0.0, 165.0, 0, 0.15); border-radius: 3px;' "
 "title='1.0'>_||> '<||_html:</span>_||><||_html:<span "
 "style='background-color: rgba(0.0, 165.0, 0, 0.15); border-radius: 3px;' "
 "title='1.0'>_||>get<||_html:</span>_||><||_html:<span "
 "style='background-color: rgba(0.0, 165.0, 0, 0.15); border-radius: 3px;' "
 "title='1.0'>_||>Product<||_html:</span>_||><||_html:<span "
 "style='background-color: rgba(0.0, 165.0, 0, 0.15); border-radius: 3px;' "
 "title='1.0'>_||>'<||_html:</span>_||><||_html:<span style='background-color: "
 "rgba(0.0, 165.0, 0, 0.15); border-radius: 3px;' title='1.0'>_||> "
 "query<||_html:</span>_||><||_html:<span style='background-color: rgba(0.0, "
 "165.0, 0, 0.15); border-radius: 3px;' title='1.0'>_||> "
 "now<||_html:</span>_||><||_html:<span style='background-color: rgba(0.0, "
 "165.0, 0, 0.15); border-radius: 3px;' title='1.0'>_||> "
 "includes<||_html:</span>_||><||_html:<span style='background-color: "
 "rgba(0.0, 165.0, 0, 0.15); border-radius: 3px;' title='1.0'>_||> "
 "a<||_html:</span>_||><||_html:<span style='background-color: rgba(0.0, "
 "165.0, 0, 0.15); border-radius: 3px;' title='1.0'>_||> "
 "new<||_html:</span>_||><||_html:<span style='background-color: rgba(0.0, "
 "165.0, 0, 0.15); border-radius: 3px;' title='1.0'>_||> "
 "field<||_html:</span>_||><||_html:<span style='background-color: rgba(0.0, "
 "165.0, 0, 0.15); border-radius: 3px;' title='1.0'>_||> "
 "'<||_html:</span>_||><||_html:<span style='background-color: rgba(0.0, "
 "165.0, 0, 0.15); border-radius: 3px;' "
 "title='1.0'>_||>details<||_html:</span>_||><||_html:<span "
 "style='background-color: rgba(0.0, 165.0, 0, 0.15); border-radius: 3px;' "
 "title='1.0'>_||>'<||_html:</span>_||><||_html:<span style='background-color: "
 "rgba(0.0, 165.0, 0, 0.15); border-radius: 3px;' title='1.0'>_||> "
 "of<||_html:</span>_||><||_html:<span style='background-color: rgba(0.0, "
 "165.0, 0, 0.15); border-radius: 3px;' title='1.0'>_||> "
 "type<||_html:</span>_||><||_html:<span style='background-color: rgba(0.0, "
 "165.0, 0, 0.15); border-radius: 3px;' title='1.0'>_||> "
 "String<||_html:</span>_||><||_html:<span style='background-color: rgba(0.0, "
 "165.0, 0, 0.15); border-radius: 3px;' "
 'title=\'1.0\'>_||>."<||_html:</span>_||><||_html:<span '
 "style='background-color: rgba(0.0, 165.0, 0, 0.15); border-radius: 3px;' "
 "title='1.0'>_||>\n"
 "<||_html:</span>_||><||_html:<span style='background-color: rgba(0.0, 165.0, "
 "0, 0.15); border-radius: 3px;' title='1.0'>_||>   "
 "<||_html:</span>_||><||_html:<span style='background-color: rgba(0.0, 165.0, "
 "0, 0.15); border-radius: 3px;' title='1.0'>_||> "
 "},<||_html:</span>_||><||_html:<span style='background-color: rgba(0.0, "
 "165.0, 0, 0.15); border-radius: 3px;' title='1.0'>_||>\n"
 "<||_html:</span>_||><||_html:<span style='background-color: rgba(0.0, 165.0, "
 "0, 0.15); border-radius: 3px;' title='1.0'>_||>   "
 "<||_html:</span>_||><||_html:<span style='background-color: rgba(0.0, 165.0, "
 "0, 0.15); border-radius: 3px;' title='1.0'>_||> "
 "{<||_html:</span>_||><||_html:<span style='background-color: rgba(0.0, "
 "165.0, 0, 0.15); border-radius: 3px;' title='1.0'>_||>\n"
 "<||_html:</span>_||><||_html:<span style='background-color: rgba(0.0, 165.0, "
 "0, 0.15); border-radius: 3px;' title='1.0'>_||>     "
 "<||_html:</span>_||><||_html:<span style='background-color: rgba(0.0, 165.0, "
 "0, 0.15); border-radius: 3px;' title='1.0'>_||> "
 '"<||_html:</span>_||><||_html:<span style=\'background-color: rgba(0.0, '
 "165.0, 0, 0.15); border-radius: 3px;' "
 "title='1.0'>_||>type<||_html:</span>_||><||_html:<span "
 "style='background-color: rgba(0.0, 165.0, 0, 0.15); border-radius: 3px;' "
 'title=\'1.0\'>_||>":<||_html:</span>_||><||_html:<span '
 "style='background-color: rgba(0.0, 165.0, 0, 0.15); border-radius: 3px;' "
 'title=\'1.0\'>_||> "<||_html:</span>_||><||_html:<span '
 "style='background-color: rgba(0.0, 165.0, 0, 0.15); border-radius: 3px;' "
 "title='1.0'>_||>Product<||_html:</span>_||><||_html:<span "
 "style='background-color: rgba(0.0, 165.0, 0, 0.15); border-radius: 3px;' "
 'title=\'1.0\'>_||>",<||_html:</span>_||><||_html:<span '
 "style='background-color: rgba(0.0, 165.0, 0, 0.15); border-radius: 3px;' "
 "title='1.0'>_||>\n"
 "<||_html:</span>_||><||_html:<span style='background-color: rgba(0.0, 165.0, "
 "0, 0.15); border-radius: 3px;' title='1.0'>_||>     "
 "<||_html:</span>_||><||_html:<span style='background-color: rgba(0.0, 165.0, "
 "0, 0.15); border-radius: 3px;' title='1.0'>_||> "
 '"<||_html:</span>_||><||_html:<span style=\'background-color: rgba(0.0, '
 "165.0, 0, 0.15); border-radius: 3px;' "
 "title='1.0'>_||>field<||_html:</span>_||><||_html:<span "
 "style='background-color: rgba(0.0, 165.0, 0, 0.15); border-radius: 3px;' "
 'title=\'1.0\'>_||>":<||_html:</span>_||><||_html:<span '
 "style='background-color: rgba(0.0, 165.0, 0, 0.15); border-radius: 3px;' "
 'title=\'1.0\'>_||> "<||_html:</span>_||><||_html:<span '
 "style='background-color: rgba(0.0, 165.0, 0, 0.15); border-radius: 3px;' "
 "title='1.0'>_||>description<||_html:</span>_||><||_html:<span "
 "style='background-color: rgba(0.0, 165.0, 0, 0.15); border-radius: 3px;' "
 'title=\'1.0\'>_||>",<||_html:</span>_||><||_html:<span '
 "style='background-color: rgba(0.0, 165.0, 0, 0.15); border-radius: 3px;' "
 "title='1.0'>_||>\n"
 "<||_html:</span>_||><||_html:<span style='background-color: rgba(0.0, 165.0, "
 "0, 0.15); border-radius: 3px;' title='1.0'>_||>     "
 "<||_html:</span>_||><||_html:<span style='background-color: rgba(0.0, 165.0, "
 "0, 0.15); border-radius: 3px;' title='1.0'>_||> "
 '"<||_html:</span>_||><||_html:<span style=\'background-color: rgba(0.0, '
 "165.0, 0, 0.15); border-radius: 3px;' title='1.0'>_||>")
('Analyze the following two GraphQL schemas for changes, including both '
 'breaking and non-breaking changes.\n'
 '\n'
 '                        Provide your analysis in the following JSON format:\n'
 '                        {\n'
 '                          "changes": [\n'
 '                            {\n'
 '                              "type": "String representing the GraphQL type '
 '(e.g., Query, Mutation, Subscription)",\n'
 '                              "field": "String representing the specific '
 'field that changed",\n'
 '                              "change": "String describing the change (e.g., '
 'field renamed, new field added, field removed)",\n'
 '                              "breaking": "Boolean indicating if the change '
 'is breaking (true) or non-breaking (false)",\n'
 '                              "release_note": "String with a natural '
 'language description of the change for release notes"\n'
 '                            }\n'
 '                          ],\n'
 '                          "release_notes": {\n'
 '                              "summary": "String summarizing all changes, '
 'suitable for a mailing list or public announcement"\n'
 '                          }\n'
 '                        }\n'
 '\n'
 '                        When analyzing, consider the following types of '
 'changes:\n'
 '                        1. Removing fields or types (breaking)\n'
 '                        2. Changing field types (potentially breaking)\n'
 '                        3. Adding required fields (breaking)\n'
 '                        4. Changing the type of existing arguments '
 '(breaking)\n'
 '                        5. Adding optional fields (non-breaking)\n'
 '                        6. Adding new types (non-breaking)\n'
 '                        7. Deprecating fields (non-breaking)\n'
 '\n'
 '                        Ensure that each change is categorized correctly as '
 'breaking or non-breaking.: type Query {\n'
 '  getProduct(id: ID!): Product\n'
 '}\n'
 '\n'
 'type Product {\n'
 '  id: ID\n'
 '  name: String\n'
 '  description: String\n'
 '  price: Float\n'
 '  stock: Int\n'
 '}\n'
 ', type Query {\n'
 '  getProduct(id: ID!): Product\n'
 '}\n'
 '\n'
 'type Product {\n'
 '  id: ID\n'
 '  name: String\n'
 '  details: String\n'
 '  price: Float\n'
 '}\n'
 '\n'
 "Answer:<||_html:<span style='background-color: rgba(0.0, 165.0, 0, 0.15); "
 "border-radius: 3px;' title='1.0'>_||> {<||_html:</span>_||><||_html:<span "
 "style='background-color: rgba(0.0, 165.0, 0, 0.15); border-radius: 3px;' "
 "title='1.0'>_||>\n"
 "<||_html:</span>_||><||_html:<span style='background-color: rgba(0.0, 165.0, "
 "0, 0.15); border-radius: 3px;' title='1.0'>_||> "
 "<||_html:</span>_||><||_html:<span style='background-color: rgba(0.0, 165.0, "
 "0, 0.15); border-radius: 3px;' title='1.0'>_||> "
 '"<||_html:</span>_||><||_html:<span style=\'background-color: rgba(0.0, '
 "165.0, 0, 0.15); border-radius: 3px;' "
 "title='1.0'>_||>changes<||_html:</span>_||><||_html:<span "
 "style='background-color: rgba(0.0, 165.0, 0, 0.15); border-radius: 3px;' "
 'title=\'1.0\'>_||>":<||_html:</span>_||><||_html:<span '
 "style='background-color: rgba(0.0, 165.0, 0, 0.15); border-radius: 3px;' "
 "title='1.0'>_||> [<||_html:</span>_||><||_html:<span "
 "style='background-color: rgba(0.0, 165.0, 0, 0.15); border-radius: 3px;' "
 "title='1.0'>_||>\n"
 "<||_html:</span>_||><||_html:<span style='background-color: rgba(0.0, 165.0, "
 "0, 0.15); border-radius: 3px;' title='1.0'>_||>   "
 "<||_html:</span>_||><||_html:<span style='background-color: rgba(0.0, 165.0, "
 "0, 0.15); border-radius: 3px;' title='1.0'>_||> "
 "{<||_html:</span>_||><||_html:<span style='background-color: rgba(0.0, "
 "165.0, 0, 0.15); border-radius: 3px;' title='1.0'>_||>\n"
 "<||_html:</span>_||><||_html:<span style='background-color: rgba(0.0, 165.0, "
 "0, 0.15); border-radius: 3px;' title='1.0'>_||>     "
 "<||_html:</span>_||><||_html:<span style='background-color: rgba(0.0, 165.0, "
 "0, 0.15); border-radius: 3px;' title='1.0'>_||> "
 '"<||_html:</span>_||><||_html:<span style=\'background-color: rgba(0.0, '
 "165.0, 0, 0.15); border-radius: 3px;' "
 "title='1.0'>_||>type<||_html:</span>_||><||_html:<span "
 "style='background-color: rgba(0.0, 165.0, 0, 0.15); border-radius: 3px;' "
 'title=\'1.0\'>_||>":<||_html:</span>_||><||_html:<span '
 "style='background-color: rgba(0.0, 165.0, 0, 0.15); border-radius: 3px;' "
 'title=\'1.0\'>_||> "<||_html:</span>_||><||_html:<span '
 "style='background-color: rgba(0.0, 165.0, 0, 0.15); border-radius: 3px;' "
 "title='1.0'>_||>Query<||_html:</span>_||><||_html:<span "
 "style='background-color: rgba(0.0, 165.0, 0, 0.15); border-radius: 3px;' "
 'title=\'1.0\'>_||>",<||_html:</span>_||><||_html:<span '
 "style='background-color: rgba(0.0, 165.0, 0, 0.15); border-radius: 3px;' "
 "title='1.0'>_||>\n"
 "<||_html:</span>_||><||_html:<span style='background-color: rgba(0.0, 165.0, "
 "0, 0.15); border-radius: 3px;' title='1.0'>_||>     "
 "<||_html:</span>_||><||_html:<span style='background-color: rgba(0.0, 165.0, "
 "0, 0.15); border-radius: 3px;' title='1.0'>_||> "
 '"<||_html:</span>_||><||_html:<span style=\'background-color: rgba(0.0, '
 "165.0, 0, 0.15); border-radius: 3px;' "
 "title='1.0'>_||>field<||_html:</span>_||><||_html:<span "
 "style='background-color: rgba(0.0, 165.0, 0, 0.15); border-radius: 3px;' "
 'title=\'1.0\'>_||>":<||_html:</span>_||><||_html:<span '
 "style='background-color: rgba(0.0, 165.0, 0, 0.15); border-radius: 3px;' "
 'title=\'1.0\'>_||> "<||_html:</span>_||><||_html:<span '
 "style='background-color: rgba(0.0, 165.0, 0, 0.15); border-radius: 3px;' "
 "title='1.0'>_||>get<||_html:</span>_||><||_html:<span "
 "style='background-color: rgba(0.0, 165.0, 0, 0.15); border-radius: 3px;' "
 "title='1.0'>_||>Product<||_html:</span>_||><||_html:<span "
 "style='background-color: rgba(0.0, 165.0, 0, 0.15); border-radius: 3px;' "
 'title=\'1.0\'>_||>",<||_html:</span>_||><||_html:<span '
 "style='background-color: rgba(0.0, 165.0, 0, 0.15); border-radius: 3px;' "
 "title='1.0'>_||>\n"
 "<||_html:</span>_||><||_html:<span style='background-color: rgba(0.0, 165.0, "
 "0, 0.15); border-radius: 3px;' title='1.0'>_||>     "
 "<||_html:</span>_||><||_html:<span style='background-color: rgba(0.0, 165.0, "
 "0, 0.15); border-radius: 3px;' title='1.0'>_||> "
 '"<||_html:</span>_||><||_html:<span style=\'background-color: rgba(0.0, '
 "165.0, 0, 0.15); border-radius: 3px;' "
 "title='1.0'>_||>change<||_html:</span>_||><||_html:<span "
 "style='background-color: rgba(0.0, 165.0, 0, 0.15); border-radius: 3px;' "
 'title=\'1.0\'>_||>":<||_html:</span>_||><||_html:<span '
 "style='background-color: rgba(0.0, 165.0, 0, 0.15); border-radius: 3px;' "
 'title=\'1.0\'>_||> "<||_html:</span>_||><||_html:<span '
 "style='background-color: rgba(0.0, 165.0, 0, 0.15); border-radius: 3px;' "
 "title='1.0'>_||>field<||_html:</span>_||><||_html:<span "
 "style='background-color: rgba(0.0, 165.0, 0, 0.15); border-radius: 3px;' "
 "title='1.0'>_||> details<||_html:</span>_||><||_html:<span "
 "style='background-color: rgba(0.0, 165.0, 0, 0.15); border-radius: 3px;' "
 "title='1.0'>_||> added<||_html:</span>_||><||_html:<span "
 "style='background-color: rgba(0.0, 165.0, 0, 0.15); border-radius: 3px;' "
 'title=\'1.0\'>_||>",<||_html:</span>_||><||_html:<span '
 "style='background-color: rgba(0.0, 165.0, 0, 0.15); border-radius: 3px;' "
 "title='1.0'>_||>\n"
 "<||_html:</span>_||><||_html:<span style='background-color: rgba(0.0, 165.0, "
 "0, 0.15); border-radius: 3px;' title='1.0'>_||>     "
 "<||_html:</span>_||><||_html:<span style='background-color: rgba(0.0, 165.0, "
 "0, 0.15); border-radius: 3px;' title='1.0'>_||> "
 '"<||_html:</span>_||><||_html:<span style=\'background-color: rgba(0.0, '
 "165.0, 0, 0.15); border-radius: 3px;' "
 "title='1.0'>_||>breaking<||_html:</span>_||><||_html:<span "
 "style='background-color: rgba(0.0, 165.0, 0, 0.15); border-radius: 3px;' "
 'title=\'1.0\'>_||>":<||_html:</span>_||><||_html:<span '
 "style='background-color: rgba(0.0, 165.0, 0, 0.15); border-radius: 3px;' "
 'title=\'1.0\'>_||> "<||_html:</span>_||><||_html:<span '
 "style='background-color: rgba(0.0, 165.0, 0, 0.15); border-radius: 3px;' "
 "title='1.0'>_||>false<||_html:</span>_||><||_html:<span "
 "style='background-color: rgba(0.0, 165.0, 0, 0.15); border-radius: 3px;' "
 'title=\'1.0\'>_||>",<||_html:</span>_||><||_html:<span '
 "style='background-color: rgba(0.0, 165.0, 0, 0.15); border-radius: 3px;' "
 "title='1.0'>_||>\n"
 "<||_html:</span>_||><||_html:<span style='background-color: rgba(0.0, 165.0, "
 "0, 0.15); border-radius: 3px;' title='1.0'>_||>     "
 "<||_html:</span>_||><||_html:<span style='background-color: rgba(0.0, 165.0, "
 "0, 0.15); border-radius: 3px;' title='1.0'>_||> "
 '"<||_html:</span>_||><||_html:<span style=\'background-color: rgba(0.0, '
 "165.0, 0, 0.15); border-radius: 3px;' "
 "title='1.0'>_||>release<||_html:</span>_||><||_html:<span "
 "style='background-color: rgba(0.0, 165.0, 0, 0.15); border-radius: 3px;' "
 "title='1.0'>_||>_<||_html:</span>_||><||_html:<span style='background-color: "
 "rgba(0.0, 165.0, 0, 0.15); border-radius: 3px;' "
 "title='1.0'>_||>note<||_html:</span>_||><||_html:<span "
 "style='background-color: rgba(0.0, 165.0, 0, 0.15); border-radius: 3px;' "
 'title=\'1.0\'>_||>":<||_html:</span>_||><||_html:<span '
 "style='background-color: rgba(0.0, 165.0, 0, 0.15); border-radius: 3px;' "
 'title=\'1.0\'>_||> "<||_html:</span>_||><||_html:<span '
 "style='background-color: rgba(0.0, 165.0, 0, 0.15); border-radius: 3px;' "
 "title='1.0'>_||>The<||_html:</span>_||><||_html:<span "
 "style='background-color: rgba(0.0, 165.0, 0, 0.15); border-radius: 3px;' "
 "title='1.0'>_||> '<||_html:</span>_||><||_html:<span "
 "style='background-color: rgba(0.0, 165.0, 0, 0.15); border-radius: 3px;' "
 "title='1.0'>_||>get<||_html:</span>_||><||_html:<span "
 "style='background-color: rgba(0.0, 165.0, 0, 0.15); border-radius: 3px;' "
 "title='1.0'>_||>Product<||_html:</span>_||><||_html:<span "
 "style='background-color: rgba(0.0, 165.0, 0, 0.15); border-radius: 3px;' "
 "title='1.0'>_||>'<||_html:</span>_||><||_html:<span style='background-color: "
 "rgba(0.0, 165.0, 0, 0.15); border-radius: 3px;' title='1.0'>_||> "
 "query<||_html:</span>_||><||_html:<span style='background-color: rgba(0.0, "
 "165.0, 0, 0.15); border-radius: 3px;' title='1.0'>_||> "
 "now<||_html:</span>_||><||_html:<span style='background-color: rgba(0.0, "
 "165.0, 0, 0.15); border-radius: 3px;' title='1.0'>_||> "
 "includes<||_html:</span>_||><||_html:<span style='background-color: "
 "rgba(0.0, 165.0, 0, 0.15); border-radius: 3px;' title='1.0'>_||> "
 "a<||_html:</span>_||><||_html:<span style='background-color: rgba(0.0, "
 "165.0, 0, 0.15); border-radius: 3px;' title='1.0'>_||> "
 "new<||_html:</span>_||><||_html:<span style='background-color: rgba(0.0, "
 "165.0, 0, 0.15); border-radius: 3px;' title='1.0'>_||> "
 "field<||_html:</span>_||><||_html:<span style='background-color: rgba(0.0, "
 "165.0, 0, 0.15); border-radius: 3px;' title='1.0'>_||> "
 "'<||_html:</span>_||><||_html:<span style='background-color: rgba(0.0, "
 "165.0, 0, 0.15); border-radius: 3px;' "
 "title='1.0'>_||>details<||_html:</span>_||><||_html:<span "
 "style='background-color: rgba(0.0, 165.0, 0, 0.15); border-radius: 3px;' "
 "title='1.0'>_||>'<||_html:</span>_||><||_html:<span style='background-color: "
 "rgba(0.0, 165.0, 0, 0.15); border-radius: 3px;' title='1.0'>_||> "
 "of<||_html:</span>_||><||_html:<span style='background-color: rgba(0.0, "
 "165.0, 0, 0.15); border-radius: 3px;' title='1.0'>_||> "
 "type<||_html:</span>_||><||_html:<span style='background-color: rgba(0.0, "
 "165.0, 0, 0.15); border-radius: 3px;' title='1.0'>_||> "
 "String<||_html:</span>_||><||_html:<span style='background-color: rgba(0.0, "
 "165.0, 0, 0.15); border-radius: 3px;' "
 'title=\'1.0\'>_||>."<||_html:</span>_||><||_html:<span '
 "style='background-color: rgba(0.0, 165.0, 0, 0.15); border-radius: 3px;' "
 "title='1.0'>_||>\n"
 "<||_html:</span>_||><||_html:<span style='background-color: rgba(0.0, 165.0, "
 "0, 0.15); border-radius: 3px;' title='1.0'>_||>   "
 "<||_html:</span>_||><||_html:<span style='background-color: rgba(0.0, 165.0, "
 "0, 0.15); border-radius: 3px;' title='1.0'>_||> "
 "},<||_html:</span>_||><||_html:<span style='background-color: rgba(0.0, "
 "165.0, 0, 0.15); border-radius: 3px;' title='1.0'>_||>\n"
 "<||_html:</span>_||><||_html:<span style='background-color: rgba(0.0, 165.0, "
 "0, 0.15); border-radius: 3px;' title='1.0'>_||>   "
 "<||_html:</span>_||><||_html:<span style='background-color: rgba(0.0, 165.0, "
 "0, 0.15); border-radius: 3px;' title='1.0'>_||> "
 "{<||_html:</span>_||><||_html:<span style='background-color: rgba(0.0, "
 "165.0, 0, 0.15); border-radius: 3px;' title='1.0'>_||>\n"
 "<||_html:</span>_||><||_html:<span style='background-color: rgba(0.0, 165.0, "
 "0, 0.15); border-radius: 3px;' title='1.0'>_||>     "
 "<||_html:</span>_||><||_html:<span style='background-color: rgba(0.0, 165.0, "
 "0, 0.15); border-radius: 3px;' title='1.0'>_||> "
 '"<||_html:</span>_||><||_html:<span style=\'background-color: rgba(0.0, '
 "165.0, 0, 0.15); border-radius: 3px;' "
 "title='1.0'>_||>type<||_html:</span>_||><||_html:<span "
 "style='background-color: rgba(0.0, 165.0, 0, 0.15); border-radius: 3px;' "
 'title=\'1.0\'>_||>":<||_html:</span>_||><||_html:<span '
 "style='background-color: rgba(0.0, 165.0, 0, 0.15); border-radius: 3px;' "
 'title=\'1.0\'>_||> "<||_html:</span>_||><||_html:<span '
 "style='background-color: rgba(0.0, 165.0, 0, 0.15); border-radius: 3px;' "
 "title='1.0'>_||>Product<||_html:</span>_||><||_html:<span "
 "style='background-color: rgba(0.0, 165.0, 0, 0.15); border-radius: 3px;' "
 'title=\'1.0\'>_||>",<||_html:</span>_||><||_html:<span '
 "style='background-color: rgba(0.0, 165.0, 0, 0.15); border-radius: 3px;' "
 "title='1.0'>_||>\n"
 "<||_html:</span>_||><||_html:<span style='background-color: rgba(0.0, 165.0, "
 "0, 0.15); border-radius: 3px;' title='1.0'>_||>     "
 "<||_html:</span>_||><||_html:<span style='background-color: rgba(0.0, 165.0, "
 "0, 0.15); border-radius: 3px;' title='1.0'>_||> "
 '"<||_html:</span>_||><||_html:<span style=\'background-color: rgba(0.0, '
 "165.0, 0, 0.15); border-radius: 3px;' "
 "title='1.0'>_||>field<||_html:</span>_||><||_html:<span "
 "style='background-color: rgba(0.0, 165.0, 0, 0.15); border-radius: 3px;' "
 'title=\'1.0\'>_||>":<||_html:</span>_||><||_html:<span '
 "style='background-color: rgba(0.0, 165.0, 0, 0.15); border-radius: 3px;' "
 'title=\'1.0\'>_||> "<||_html:</span>_||><||_html:<span '
 "style='background-color: rgba(0.0, 165.0, 0, 0.15); border-radius: 3px;' "
 "title='1.0'>_||>description<||_html:</span>_||><||_html:<span "
 "style='background-color: rgba(0.0, 165.0, 0, 0.15); border-radius: 3px;' "
 'title=\'1.0\'>_||>",<||_html:</span>_||><||_html:<span '
 "style='background-color: rgba(0.0, 165.0, 0, 0.15); border-radius: 3px;' "
 "title='1.0'>_||>\n"
 "<||_html:</span>_||><||_html:<span style='background-color: rgba(0.0, 165.0, "
 "0, 0.15); border-radius: 3px;' title='1.0'>_||>     "
 "<||_html:</span>_||><||_html:<span style='background-color: rgba(0.0, 165.0, "
 "0, 0.15); border-radius: 3px;' title='1.0'>_||> "
 '"<||_html:</span>_||><||_html:<span style=\'background-color: rgba(0.0, '
 "165.0, 0, 0.15); border-radius: 3px;' "
 "title='1.0'>_||>change<||_html:</span>_||><||_html:<span "
 "style='background-color: rgba(0.0, 165.0, 0, 0.15); border-radius: 3px;' "
 'title=\'1.0\'>_||>":<||_html:</span>_||><||_html:<span '
 "style='background-color: rgba(0.0, 165.0, 0, 0.15); border-radius: 3px;' "
 'title=\'1.0\'>_||> "<||_html:</span>_||><||_html:<span '
 "style='background-color: rgba(0.0, 165.0, 0, 0.15); border-radius: 3px;' "
 "title='1.0'>_||>")
('Analyze the following two GraphQL schemas for changes, including both '
 'breaking and non-breaking changes.\n'
 '\n'
 '                        Provide your analysis in the following JSON format:\n'
 '                        {\n'
 '                          "changes": [\n'
 '                            {\n'
 '                              "type": "String representing the GraphQL type '
 '(e.g., Query, Mutation, Subscription)",\n'
 '                              "field": "String representing the specific '
 'field that changed",\n'
 '                              "change": "String describing the change (e.g., '
 'field renamed, new field added, field removed)",\n'
 '                              "breaking": "Boolean indicating if the change '
 'is breaking (true) or non-breaking (false)",\n'
 '                              "release_note": "String with a natural '
 'language description of the change for release notes"\n'
 '                            }\n'
 '                          ],\n'
 '                          "release_notes": {\n'
 '                              "summary": "String summarizing all changes, '
 'suitable for a mailing list or public announcement"\n'
 '                          }\n'
 '                        }\n'
 '\n'
 '                        When analyzing, consider the following types of '
 'changes:\n'
 '                        1. Removing fields or types (breaking)\n'
 '                        2. Changing field types (potentially breaking)\n'
 '                        3. Adding required fields (breaking)\n'
 '                        4. Changing the type of existing arguments '
 '(breaking)\n'
 '                        5. Adding optional fields (non-breaking)\n'
 '                        6. Adding new types (non-breaking)\n'
 '                        7. Deprecating fields (non-breaking)\n'
 '\n'
 '                        Ensure that each change is categorized correctly as '
 'breaking or non-breaking.: type Query {\n'
 '  getProduct(id: ID!): Product\n'
 '}\n'
 '\n'
 'type Product {\n'
 '  id: ID\n'
 '  name: String\n'
 '  description: String\n'
 '  price: Float\n'
 '  stock: Int\n'
 '}\n'
 ', type Query {\n'
 '  getProduct(id: ID!): Product\n'
 '}\n'
 '\n'
 'type Product {\n'
 '  id: ID\n'
 '  name: String\n'
 '  details: String\n'
 '  price: Float\n'
 '}\n'
 '\n'
 "Answer:<||_html:<span style='background-color: rgba(0.0, 165.0, 0, 0.15); "
 "border-radius: 3px;' title='1.0'>_||> {<||_html:</span>_||><||_html:<span "
 "style='background-color: rgba(0.0, 165.0, 0, 0.15); border-radius: 3px;' "
 "title='1.0'>_||>\n"
 "<||_html:</span>_||><||_html:<span style='background-color: rgba(0.0, 165.0, "
 "0, 0.15); border-radius: 3px;' title='1.0'>_||> "
 "<||_html:</span>_||><||_html:<span style='background-color: rgba(0.0, 165.0, "
 "0, 0.15); border-radius: 3px;' title='1.0'>_||> "
 '"<||_html:</span>_||><||_html:<span style=\'background-color: rgba(0.0, '
 "165.0, 0, 0.15); border-radius: 3px;' "
 "title='1.0'>_||>changes<||_html:</span>_||><||_html:<span "
 "style='background-color: rgba(0.0, 165.0, 0, 0.15); border-radius: 3px;' "
 'title=\'1.0\'>_||>":<||_html:</span>_||><||_html:<span '
 "style='background-color: rgba(0.0, 165.0, 0, 0.15); border-radius: 3px;' "
 "title='1.0'>_||> [<||_html:</span>_||><||_html:<span "
 "style='background-color: rgba(0.0, 165.0, 0, 0.15); border-radius: 3px;' "
 "title='1.0'>_||>\n"
 "<||_html:</span>_||><||_html:<span style='background-color: rgba(0.0, 165.0, "
 "0, 0.15); border-radius: 3px;' title='1.0'>_||>   "
 "<||_html:</span>_||><||_html:<span style='background-color: rgba(0.0, 165.0, "
 "0, 0.15); border-radius: 3px;' title='1.0'>_||> "
 "{<||_html:</span>_||><||_html:<span style='background-color: rgba(0.0, "
 "165.0, 0, 0.15); border-radius: 3px;' title='1.0'>_||>\n"
 "<||_html:</span>_||><||_html:<span style='background-color: rgba(0.0, 165.0, "
 "0, 0.15); border-radius: 3px;' title='1.0'>_||>     "
 "<||_html:</span>_||><||_html:<span style='background-color: rgba(0.0, 165.0, "
 "0, 0.15); border-radius: 3px;' title='1.0'>_||> "
 '"<||_html:</span>_||><||_html:<span style=\'background-color: rgba(0.0, '
 "165.0, 0, 0.15); border-radius: 3px;' "
 "title='1.0'>_||>type<||_html:</span>_||><||_html:<span "
 "style='background-color: rgba(0.0, 165.0, 0, 0.15); border-radius: 3px;' "
 'title=\'1.0\'>_||>":<||_html:</span>_||><||_html:<span '
 "style='background-color: rgba(0.0, 165.0, 0, 0.15); border-radius: 3px;' "
 'title=\'1.0\'>_||> "<||_html:</span>_||><||_html:<span '
 "style='background-color: rgba(0.0, 165.0, 0, 0.15); border-radius: 3px;' "
 "title='1.0'>_||>Query<||_html:</span>_||><||_html:<span "
 "style='background-color: rgba(0.0, 165.0, 0, 0.15); border-radius: 3px;' "
 'title=\'1.0\'>_||>",<||_html:</span>_||><||_html:<span '
 "style='background-color: rgba(0.0, 165.0, 0, 0.15); border-radius: 3px;' "
 "title='1.0'>_||>\n"
 "<||_html:</span>_||><||_html:<span style='background-color: rgba(0.0, 165.0, "
 "0, 0.15); border-radius: 3px;' title='1.0'>_||>     "
 "<||_html:</span>_||><||_html:<span style='background-color: rgba(0.0, 165.0, "
 "0, 0.15); border-radius: 3px;' title='1.0'>_||> "
 '"<||_html:</span>_||><||_html:<span style=\'background-color: rgba(0.0, '
 "165.0, 0, 0.15); border-radius: 3px;' "
 "title='1.0'>_||>field<||_html:</span>_||><||_html:<span "
 "style='background-color: rgba(0.0, 165.0, 0, 0.15); border-radius: 3px;' "
 'title=\'1.0\'>_||>":<||_html:</span>_||><||_html:<span '
 "style='background-color: rgba(0.0, 165.0, 0, 0.15); border-radius: 3px;' "
 'title=\'1.0\'>_||> "<||_html:</span>_||><||_html:<span '
 "style='background-color: rgba(0.0, 165.0, 0, 0.15); border-radius: 3px;' "
 "title='1.0'>_||>get<||_html:</span>_||><||_html:<span "
 "style='background-color: rgba(0.0, 165.0, 0, 0.15); border-radius: 3px;' "
 "title='1.0'>_||>Product<||_html:</span>_||><||_html:<span "
 "style='background-color: rgba(0.0, 165.0, 0, 0.15); border-radius: 3px;' "
 'title=\'1.0\'>_||>",<||_html:</span>_||><||_html:<span '
 "style='background-color: rgba(0.0, 165.0, 0, 0.15); border-radius: 3px;' "
 "title='1.0'>_||>\n"
 "<||_html:</span>_||><||_html:<span style='background-color: rgba(0.0, 165.0, "
 "0, 0.15); border-radius: 3px;' title='1.0'>_||>     "
 "<||_html:</span>_||><||_html:<span style='background-color: rgba(0.0, 165.0, "
 "0, 0.15); border-radius: 3px;' title='1.0'>_||> "
 '"<||_html:</span>_||><||_html:<span style=\'background-color: rgba(0.0, '
 "165.0, 0, 0.15); border-radius: 3px;' "
 "title='1.0'>_||>change<||_html:</span>_||><||_html:<span "
 "style='background-color: rgba(0.0, 165.0, 0, 0.15); border-radius: 3px;' "
 'title=\'1.0\'>_||>":<||_html:</span>_||><||_html:<span '
 "style='background-color: rgba(0.0, 165.0, 0, 0.15); border-radius: 3px;' "
 'title=\'1.0\'>_||> "<||_html:</span>_||><||_html:<span '
 "style='background-color: rgba(0.0, 165.0, 0, 0.15); border-radius: 3px;' "
 "title='1.0'>_||>field<||_html:</span>_||><||_html:<span "
 "style='background-color: rgba(0.0, 165.0, 0, 0.15); border-radius: 3px;' "
 "title='1.0'>_||> details<||_html:</span>_||><||_html:<span "
 "style='background-color: rgba(0.0, 165.0, 0, 0.15); border-radius: 3px;' "
 "title='1.0'>_||> added<||_html:</span>_||><||_html:<span "
 "style='background-color: rgba(0.0, 165.0, 0, 0.15); border-radius: 3px;' "
 'title=\'1.0\'>_||>",<||_html:</span>_||><||_html:<span '
 "style='background-color: rgba(0.0, 165.0, 0, 0.15); border-radius: 3px;' "
 "title='1.0'>_||>\n"
 "<||_html:</span>_||><||_html:<span style='background-color: rgba(0.0, 165.0, "
 "0, 0.15); border-radius: 3px;' title='1.0'>_||>     "
 "<||_html:</span>_||><||_html:<span style='background-color: rgba(0.0, 165.0, "
 "0, 0.15); border-radius: 3px;' title='1.0'>_||> "
 '"<||_html:</span>_||><||_html:<span style=\'background-color: rgba(0.0, '
 "165.0, 0, 0.15); border-radius: 3px;' "
 "title='1.0'>_||>breaking<||_html:</span>_||><||_html:<span "
 "style='background-color: rgba(0.0, 165.0, 0, 0.15); border-radius: 3px;' "
 'title=\'1.0\'>_||>":<||_html:</span>_||><||_html:<span '
 "style='background-color: rgba(0.0, 165.0, 0, 0.15); border-radius: 3px;' "
 'title=\'1.0\'>_||> "<||_html:</span>_||><||_html:<span '
 "style='background-color: rgba(0.0, 165.0, 0, 0.15); border-radius: 3px;' "
 "title='1.0'>_||>false<||_html:</span>_||><||_html:<span "
 "style='background-color: rgba(0.0, 165.0, 0, 0.15); border-radius: 3px;' "
 'title=\'1.0\'>_||>",<||_html:</span>_||><||_html:<span '
 "style='background-color: rgba(0.0, 165.0, 0, 0.15); border-radius: 3px;' "
 "title='1.0'>_||>\n"
 "<||_html:</span>_||><||_html:<span style='background-color: rgba(0.0, 165.0, "
 "0, 0.15); border-radius: 3px;' title='1.0'>_||>     "
 "<||_html:</span>_||><||_html:<span style='background-color: rgba(0.0, 165.0, "
 "0, 0.15); border-radius: 3px;' title='1.0'>_||> "
 '"<||_html:</span>_||><||_html:<span style=\'background-color: rgba(0.0, '
 "165.0, 0, 0.15); border-radius: 3px;' "
 "title='1.0'>_||>release<||_html:</span>_||><||_html:<span "
 "style='background-color: rgba(0.0, 165.0, 0, 0.15); border-radius: 3px;' "
 "title='1.0'>_||>_<||_html:</span>_||><||_html:<span style='background-color: "
 "rgba(0.0, 165.0, 0, 0.15); border-radius: 3px;' "
 "title='1.0'>_||>note<||_html:</span>_||><||_html:<span "
 "style='background-color: rgba(0.0, 165.0, 0, 0.15); border-radius: 3px;' "
 'title=\'1.0\'>_||>":<||_html:</span>_||><||_html:<span '
 "style='background-color: rgba(0.0, 165.0, 0, 0.15); border-radius: 3px;' "
 'title=\'1.0\'>_||> "<||_html:</span>_||><||_html:<span '
 "style='background-color: rgba(0.0, 165.0, 0, 0.15); border-radius: 3px;' "
 "title='1.0'>_||>The<||_html:</span>_||><||_html:<span "
 "style='background-color: rgba(0.0, 165.0, 0, 0.15); border-radius: 3px;' "
 "title='1.0'>_||> '<||_html:</span>_||><||_html:<span "
 "style='background-color: rgba(0.0, 165.0, 0, 0.15); border-radius: 3px;' "
 "title='1.0'>_||>get<||_html:</span>_||><||_html:<span "
 "style='background-color: rgba(0.0, 165.0, 0, 0.15); border-radius: 3px;' "
 "title='1.0'>_||>Product<||_html:</span>_||><||_html:<span "
 "style='background-color: rgba(0.0, 165.0, 0, 0.15); border-radius: 3px;' "
 "title='1.0'>_||>'<||_html:</span>_||><||_html:<span style='background-color: "
 "rgba(0.0, 165.0, 0, 0.15); border-radius: 3px;' title='1.0'>_||> "
 "query<||_html:</span>_||><||_html:<span style='background-color: rgba(0.0, "
 "165.0, 0, 0.15); border-radius: 3px;' title='1.0'>_||> "
 "now<||_html:</span>_||><||_html:<span style='background-color: rgba(0.0, "
 "165.0, 0, 0.15); border-radius: 3px;' title='1.0'>_||> "
 "includes<||_html:</span>_||><||_html:<span style='background-color: "
 "rgba(0.0, 165.0, 0, 0.15); border-radius: 3px;' title='1.0'>_||> "
 "a<||_html:</span>_||><||_html:<span style='background-color: rgba(0.0, "
 "165.0, 0, 0.15); border-radius: 3px;' title='1.0'>_||> "
 "new<||_html:</span>_||><||_html:<span style='background-color: rgba(0.0, "
 "165.0, 0, 0.15); border-radius: 3px;' title='1.0'>_||> "
 "field<||_html:</span>_||><||_html:<span style='background-color: rgba(0.0, "
 "165.0, 0, 0.15); border-radius: 3px;' title='1.0'>_||> "
 "'<||_html:</span>_||><||_html:<span style='background-color: rgba(0.0, "
 "165.0, 0, 0.15); border-radius: 3px;' "
 "title='1.0'>_||>details<||_html:</span>_||><||_html:<span "
 "style='background-color: rgba(0.0, 165.0, 0, 0.15); border-radius: 3px;' "
 "title='1.0'>_||>'<||_html:</span>_||><||_html:<span style='background-color: "
 "rgba(0.0, 165.0, 0, 0.15); border-radius: 3px;' title='1.0'>_||> "
 "of<||_html:</span>_||><||_html:<span style='background-color: rgba(0.0, "
 "165.0, 0, 0.15); border-radius: 3px;' title='1.0'>_||> "
 "type<||_html:</span>_||><||_html:<span style='background-color: rgba(0.0, "
 "165.0, 0, 0.15); border-radius: 3px;' title='1.0'>_||> "
 "String<||_html:</span>_||><||_html:<span style='background-color: rgba(0.0, "
 "165.0, 0, 0.15); border-radius: 3px;' "
 'title=\'1.0\'>_||>."<||_html:</span>_||><||_html:<span '
 "style='background-color: rgba(0.0, 165.0, 0, 0.15); border-radius: 3px;' "
 "title='1.0'>_||>\n"
 "<||_html:</span>_||><||_html:<span style='background-color: rgba(0.0, 165.0, "
 "0, 0.15); border-radius: 3px;' title='1.0'>_||>   "
 "<||_html:</span>_||><||_html:<span style='background-color: rgba(0.0, 165.0, "
 "0, 0.15); border-radius: 3px;' title='1.0'>_||> "
 "},<||_html:</span>_||><||_html:<span style='background-color: rgba(0.0, "
 "165.0, 0, 0.15); border-radius: 3px;' title='1.0'>_||>\n"
 "<||_html:</span>_||><||_html:<span style='background-color: rgba(0.0, 165.0, "
 "0, 0.15); border-radius: 3px;' title='1.0'>_||>   "
 "<||_html:</span>_||><||_html:<span style='background-color: rgba(0.0, 165.0, "
 "0, 0.15); border-radius: 3px;' title='1.0'>_||> "
 "{<||_html:</span>_||><||_html:<span style='background-color: rgba(0.0, "
 "165.0, 0, 0.15); border-radius: 3px;' title='1.0'>_||>\n"
 "<||_html:</span>_||><||_html:<span style='background-color: rgba(0.0, 165.0, "
 "0, 0.15); border-radius: 3px;' title='1.0'>_||>     "
 "<||_html:</span>_||><||_html:<span style='background-color: rgba(0.0, 165.0, "
 "0, 0.15); border-radius: 3px;' title='1.0'>_||> "
 '"<||_html:</span>_||><||_html:<span style=\'background-color: rgba(0.0, '
 "165.0, 0, 0.15); border-radius: 3px;' "
 "title='1.0'>_||>type<||_html:</span>_||><||_html:<span "
 "style='background-color: rgba(0.0, 165.0, 0, 0.15); border-radius: 3px;' "
 'title=\'1.0\'>_||>":<||_html:</span>_||><||_html:<span '
 "style='background-color: rgba(0.0, 165.0, 0, 0.15); border-radius: 3px;' "
 'title=\'1.0\'>_||> "<||_html:</span>_||><||_html:<span '
 "style='background-color: rgba(0.0, 165.0, 0, 0.15); border-radius: 3px;' "
 "title='1.0'>_||>Product<||_html:</span>_||><||_html:<span "
 "style='background-color: rgba(0.0, 165.0, 0, 0.15); border-radius: 3px;' "
 'title=\'1.0\'>_||>",<||_html:</span>_||><||_html:<span '
 "style='background-color: rgba(0.0, 165.0, 0, 0.15); border-radius: 3px;' "
 "title='1.0'>_||>\n"
 "<||_html:</span>_||><||_html:<span style='background-color: rgba(0.0, 165.0, "
 "0, 0.15); border-radius: 3px;' title='1.0'>_||>     "
 "<||_html:</span>_||><||_html:<span style='background-color: rgba(0.0, 165.0, "
 "0, 0.15); border-radius: 3px;' title='1.0'>_||> "
 '"<||_html:</span>_||><||_html:<span style=\'background-color: rgba(0.0, '
 "165.0, 0, 0.15); border-radius: 3px;' "
 "title='1.0'>_||>field<||_html:</span>_||><||_html:<span "
 "style='background-color: rgba(0.0, 165.0, 0, 0.15); border-radius: 3px;' "
 'title=\'1.0\'>_||>":<||_html:</span>_||><||_html:<span '
 "style='background-color: rgba(0.0, 165.0, 0, 0.15); border-radius: 3px;' "
 'title=\'1.0\'>_||> "<||_html:</span>_||><||_html:<span '
 "style='background-color: rgba(0.0, 165.0, 0, 0.15); border-radius: 3px;' "
 "title='1.0'>_||>description<||_html:</span>_||><||_html:<span "
 "style='background-color: rgba(0.0, 165.0, 0, 0.15); border-radius: 3px;' "
 'title=\'1.0\'>_||>",<||_html:</span>_||><||_html:<span '
 "style='background-color: rgba(0.0, 165.0, 0, 0.15); border-radius: 3px;' "
 "title='1.0'>_||>\n"
 "<||_html:</span>_||><||_html:<span style='background-color: rgba(0.0, 165.0, "
 "0, 0.15); border-radius: 3px;' title='1.0'>_||>     "
 "<||_html:</span>_||><||_html:<span style='background-color: rgba(0.0, 165.0, "
 "0, 0.15); border-radius: 3px;' title='1.0'>_||> "
 '"<||_html:</span>_||><||_html:<span style=\'background-color: rgba(0.0, '
 "165.0, 0, 0.15); border-radius: 3px;' "
 "title='1.0'>_||>change<||_html:</span>_||><||_html:<span "
 "style='background-color: rgba(0.0, 165.0, 0, 0.15); border-radius: 3px;' "
 'title=\'1.0\'>_||>":<||_html:</span>_||><||_html:<span '
 "style='background-color: rgba(0.0, 165.0, 0, 0.15); border-radius: 3px;' "
 'title=\'1.0\'>_||> "<||_html:</span>_||><||_html:<span '
 "style='background-color: rgba(0.0, 165.0, 0, 0.15); border-radius: 3px;' "
 "title='1.0'>_||>field<||_html:</span>_||><||_html:<span "
 "style='background-color: rgba(0.0, 165.0, 0, 0.15); border-radius: 3px;' "
 "title='1.0'>_||> removed<||_html:</span>_||><||_html:<span "
 "style='background-color: rgba(0.0, 165.0, 0, 0.15); border-radius: 3px;' "
 'title=\'1.0\'>_||>",<||_html:</span>_||><||_html:<span '
 "style='background-color: rgba(0.0, 165.0, 0, 0.15); border-radius: 3px;' "
 "title='1.0'>_||>")
('Analyze the following two GraphQL schemas for changes, including both '
 'breaking and non-breaking changes.\n'
 '\n'
 '                        Provide your analysis in the following JSON format:\n'
 '                        {\n'
 '                          "changes": [\n'
 '                            {\n'
 '                              "type": "String representing the GraphQL type '
 '(e.g., Query, Mutation, Subscription)",\n'
 '                              "field": "String representing the specific '
 'field that changed",\n'
 '                              "change": "String describing the change (e.g., '
 'field renamed, new field added, field removed)",\n'
 '                              "breaking": "Boolean indicating if the change '
 'is breaking (true) or non-breaking (false)",\n'
 '                              "release_note": "String with a natural '
 'language description of the change for release notes"\n'
 '                            }\n'
 '                          ],\n'
 '                          "release_notes": {\n'
 '                              "summary": "String summarizing all changes, '
 'suitable for a mailing list or public announcement"\n'
 '                          }\n'
 '                        }\n'
 '\n'
 '                        When analyzing, consider the following types of '
 'changes:\n'
 '                        1. Removing fields or types (breaking)\n'
 '                        2. Changing field types (potentially breaking)\n'
 '                        3. Adding required fields (breaking)\n'
 '                        4. Changing the type of existing arguments '
 '(breaking)\n'
 '                        5. Adding optional fields (non-breaking)\n'
 '                        6. Adding new types (non-breaking)\n'
 '                        7. Deprecating fields (non-breaking)\n'
 '\n'
 '                        Ensure that each change is categorized correctly as '
 'breaking or non-breaking.: type Query {\n'
 '  getProduct(id: ID!): Product\n'
 '}\n'
 '\n'
 'type Product {\n'
 '  id: ID\n'
 '  name: String\n'
 '  description: String\n'
 '  price: Float\n'
 '  stock: Int\n'
 '}\n'
 ', type Query {\n'
 '  getProduct(id: ID!): Product\n'
 '}\n'
 '\n'
 'type Product {\n'
 '  id: ID\n'
 '  name: String\n'
 '  details: String\n'
 '  price: Float\n'
 '}\n'
 '\n'
 "Answer:<||_html:<span style='background-color: rgba(0.0, 165.0, 0, 0.15); "
 "border-radius: 3px;' title='1.0'>_||> {<||_html:</span>_||><||_html:<span "
 "style='background-color: rgba(0.0, 165.0, 0, 0.15); border-radius: 3px;' "
 "title='1.0'>_||>\n"
 "<||_html:</span>_||><||_html:<span style='background-color: rgba(0.0, 165.0, "
 "0, 0.15); border-radius: 3px;' title='1.0'>_||> "
 "<||_html:</span>_||><||_html:<span style='background-color: rgba(0.0, 165.0, "
 "0, 0.15); border-radius: 3px;' title='1.0'>_||> "
 '"<||_html:</span>_||><||_html:<span style=\'background-color: rgba(0.0, '
 "165.0, 0, 0.15); border-radius: 3px;' "
 "title='1.0'>_||>changes<||_html:</span>_||><||_html:<span "
 "style='background-color: rgba(0.0, 165.0, 0, 0.15); border-radius: 3px;' "
 'title=\'1.0\'>_||>":<||_html:</span>_||><||_html:<span '
 "style='background-color: rgba(0.0, 165.0, 0, 0.15); border-radius: 3px;' "
 "title='1.0'>_||> [<||_html:</span>_||><||_html:<span "
 "style='background-color: rgba(0.0, 165.0, 0, 0.15); border-radius: 3px;' "
 "title='1.0'>_||>\n"
 "<||_html:</span>_||><||_html:<span style='background-color: rgba(0.0, 165.0, "
 "0, 0.15); border-radius: 3px;' title='1.0'>_||>   "
 "<||_html:</span>_||><||_html:<span style='background-color: rgba(0.0, 165.0, "
 "0, 0.15); border-radius: 3px;' title='1.0'>_||> "
 "{<||_html:</span>_||><||_html:<span style='background-color: rgba(0.0, "
 "165.0, 0, 0.15); border-radius: 3px;' title='1.0'>_||>\n"
 "<||_html:</span>_||><||_html:<span style='background-color: rgba(0.0, 165.0, "
 "0, 0.15); border-radius: 3px;' title='1.0'>_||>     "
 "<||_html:</span>_||><||_html:<span style='background-color: rgba(0.0, 165.0, "
 "0, 0.15); border-radius: 3px;' title='1.0'>_||> "
 '"<||_html:</span>_||><||_html:<span style=\'background-color: rgba(0.0, '
 "165.0, 0, 0.15); border-radius: 3px;' "
 "title='1.0'>_||>type<||_html:</span>_||><||_html:<span "
 "style='background-color: rgba(0.0, 165.0, 0, 0.15); border-radius: 3px;' "
 'title=\'1.0\'>_||>":<||_html:</span>_||><||_html:<span '
 "style='background-color: rgba(0.0, 165.0, 0, 0.15); border-radius: 3px;' "
 'title=\'1.0\'>_||> "<||_html:</span>_||><||_html:<span '
 "style='background-color: rgba(0.0, 165.0, 0, 0.15); border-radius: 3px;' "
 "title='1.0'>_||>Query<||_html:</span>_||><||_html:<span "
 "style='background-color: rgba(0.0, 165.0, 0, 0.15); border-radius: 3px;' "
 'title=\'1.0\'>_||>",<||_html:</span>_||><||_html:<span '
 "style='background-color: rgba(0.0, 165.0, 0, 0.15); border-radius: 3px;' "
 "title='1.0'>_||>\n"
 "<||_html:</span>_||><||_html:<span style='background-color: rgba(0.0, 165.0, "
 "0, 0.15); border-radius: 3px;' title='1.0'>_||>     "
 "<||_html:</span>_||><||_html:<span style='background-color: rgba(0.0, 165.0, "
 "0, 0.15); border-radius: 3px;' title='1.0'>_||> "
 '"<||_html:</span>_||><||_html:<span style=\'background-color: rgba(0.0, '
 "165.0, 0, 0.15); border-radius: 3px;' "
 "title='1.0'>_||>field<||_html:</span>_||><||_html:<span "
 "style='background-color: rgba(0.0, 165.0, 0, 0.15); border-radius: 3px;' "
 'title=\'1.0\'>_||>":<||_html:</span>_||><||_html:<span '
 "style='background-color: rgba(0.0, 165.0, 0, 0.15); border-radius: 3px;' "
 'title=\'1.0\'>_||> "<||_html:</span>_||><||_html:<span '
 "style='background-color: rgba(0.0, 165.0, 0, 0.15); border-radius: 3px;' "
 "title='1.0'>_||>get<||_html:</span>_||><||_html:<span "
 "style='background-color: rgba(0.0, 165.0, 0, 0.15); border-radius: 3px;' "
 "title='1.0'>_||>Product<||_html:</span>_||><||_html:<span "
 "style='background-color: rgba(0.0, 165.0, 0, 0.15); border-radius: 3px;' "
 'title=\'1.0\'>_||>",<||_html:</span>_||><||_html:<span '
 "style='background-color: rgba(0.0, 165.0, 0, 0.15); border-radius: 3px;' "
 "title='1.0'>_||>\n"
 "<||_html:</span>_||><||_html:<span style='background-color: rgba(0.0, 165.0, "
 "0, 0.15); border-radius: 3px;' title='1.0'>_||>     "
 "<||_html:</span>_||><||_html:<span style='background-color: rgba(0.0, 165.0, "
 "0, 0.15); border-radius: 3px;' title='1.0'>_||> "
 '"<||_html:</span>_||><||_html:<span style=\'background-color: rgba(0.0, '
 "165.0, 0, 0.15); border-radius: 3px;' "
 "title='1.0'>_||>change<||_html:</span>_||><||_html:<span "
 "style='background-color: rgba(0.0, 165.0, 0, 0.15); border-radius: 3px;' "
 'title=\'1.0\'>_||>":<||_html:</span>_||><||_html:<span '
 "style='background-color: rgba(0.0, 165.0, 0, 0.15); border-radius: 3px;' "
 'title=\'1.0\'>_||> "<||_html:</span>_||><||_html:<span '
 "style='background-color: rgba(0.0, 165.0, 0, 0.15); border-radius: 3px;' "
 "title='1.0'>_||>field<||_html:</span>_||><||_html:<span "
 "style='background-color: rgba(0.0, 165.0, 0, 0.15); border-radius: 3px;' "
 "title='1.0'>_||> details<||_html:</span>_||><||_html:<span "
 "style='background-color: rgba(0.0, 165.0, 0, 0.15); border-radius: 3px;' "
 "title='1.0'>_||> added<||_html:</span>_||><||_html:<span "
 "style='background-color: rgba(0.0, 165.0, 0, 0.15); border-radius: 3px;' "
 'title=\'1.0\'>_||>",<||_html:</span>_||><||_html:<span '
 "style='background-color: rgba(0.0, 165.0, 0, 0.15); border-radius: 3px;' "
 "title='1.0'>_||>\n"
 "<||_html:</span>_||><||_html:<span style='background-color: rgba(0.0, 165.0, "
 "0, 0.15); border-radius: 3px;' title='1.0'>_||>     "
 "<||_html:</span>_||><||_html:<span style='background-color: rgba(0.0, 165.0, "
 "0, 0.15); border-radius: 3px;' title='1.0'>_||> "
 '"<||_html:</span>_||><||_html:<span style=\'background-color: rgba(0.0, '
 "165.0, 0, 0.15); border-radius: 3px;' "
 "title='1.0'>_||>breaking<||_html:</span>_||><||_html:<span "
 "style='background-color: rgba(0.0, 165.0, 0, 0.15); border-radius: 3px;' "
 'title=\'1.0\'>_||>":<||_html:</span>_||><||_html:<span '
 "style='background-color: rgba(0.0, 165.0, 0, 0.15); border-radius: 3px;' "
 'title=\'1.0\'>_||> "<||_html:</span>_||><||_html:<span '
 "style='background-color: rgba(0.0, 165.0, 0, 0.15); border-radius: 3px;' "
 "title='1.0'>_||>false<||_html:</span>_||><||_html:<span "
 "style='background-color: rgba(0.0, 165.0, 0, 0.15); border-radius: 3px;' "
 'title=\'1.0\'>_||>",<||_html:</span>_||><||_html:<span '
 "style='background-color: rgba(0.0, 165.0, 0, 0.15); border-radius: 3px;' "
 "title='1.0'>_||>\n"
 "<||_html:</span>_||><||_html:<span style='background-color: rgba(0.0, 165.0, "
 "0, 0.15); border-radius: 3px;' title='1.0'>_||>     "
 "<||_html:</span>_||><||_html:<span style='background-color: rgba(0.0, 165.0, "
 "0, 0.15); border-radius: 3px;' title='1.0'>_||> "
 '"<||_html:</span>_||><||_html:<span style=\'background-color: rgba(0.0, '
 "165.0, 0, 0.15); border-radius: 3px;' "
 "title='1.0'>_||>release<||_html:</span>_||><||_html:<span "
 "style='background-color: rgba(0.0, 165.0, 0, 0.15); border-radius: 3px;' "
 "title='1.0'>_||>_<||_html:</span>_||><||_html:<span style='background-color: "
 "rgba(0.0, 165.0, 0, 0.15); border-radius: 3px;' "
 "title='1.0'>_||>note<||_html:</span>_||><||_html:<span "
 "style='background-color: rgba(0.0, 165.0, 0, 0.15); border-radius: 3px;' "
 'title=\'1.0\'>_||>":<||_html:</span>_||><||_html:<span '
 "style='background-color: rgba(0.0, 165.0, 0, 0.15); border-radius: 3px;' "
 'title=\'1.0\'>_||> "<||_html:</span>_||><||_html:<span '
 "style='background-color: rgba(0.0, 165.0, 0, 0.15); border-radius: 3px;' "
 "title='1.0'>_||>The<||_html:</span>_||><||_html:<span "
 "style='background-color: rgba(0.0, 165.0, 0, 0.15); border-radius: 3px;' "
 "title='1.0'>_||> '<||_html:</span>_||><||_html:<span "
 "style='background-color: rgba(0.0, 165.0, 0, 0.15); border-radius: 3px;' "
 "title='1.0'>_||>get<||_html:</span>_||><||_html:<span "
 "style='background-color: rgba(0.0, 165.0, 0, 0.15); border-radius: 3px;' "
 "title='1.0'>_||>Product<||_html:</span>_||><||_html:<span "
 "style='background-color: rgba(0.0, 165.0, 0, 0.15); border-radius: 3px;' "
 "title='1.0'>_||>'<||_html:</span>_||><||_html:<span style='background-color: "
 "rgba(0.0, 165.0, 0, 0.15); border-radius: 3px;' title='1.0'>_||> "
 "query<||_html:</span>_||><||_html:<span style='background-color: rgba(0.0, "
 "165.0, 0, 0.15); border-radius: 3px;' title='1.0'>_||> "
 "now<||_html:</span>_||><||_html:<span style='background-color: rgba(0.0, "
 "165.0, 0, 0.15); border-radius: 3px;' title='1.0'>_||> "
 "includes<||_html:</span>_||><||_html:<span style='background-color: "
 "rgba(0.0, 165.0, 0, 0.15); border-radius: 3px;' title='1.0'>_||> "
 "a<||_html:</span>_||><||_html:<span style='background-color: rgba(0.0, "
 "165.0, 0, 0.15); border-radius: 3px;' title='1.0'>_||> "
 "new<||_html:</span>_||><||_html:<span style='background-color: rgba(0.0, "
 "165.0, 0, 0.15); border-radius: 3px;' title='1.0'>_||> "
 "field<||_html:</span>_||><||_html:<span style='background-color: rgba(0.0, "
 "165.0, 0, 0.15); border-radius: 3px;' title='1.0'>_||> "
 "'<||_html:</span>_||><||_html:<span style='background-color: rgba(0.0, "
 "165.0, 0, 0.15); border-radius: 3px;' "
 "title='1.0'>_||>details<||_html:</span>_||><||_html:<span "
 "style='background-color: rgba(0.0, 165.0, 0, 0.15); border-radius: 3px;' "
 "title='1.0'>_||>'<||_html:</span>_||><||_html:<span style='background-color: "
 "rgba(0.0, 165.0, 0, 0.15); border-radius: 3px;' title='1.0'>_||> "
 "of<||_html:</span>_||><||_html:<span style='background-color: rgba(0.0, "
 "165.0, 0, 0.15); border-radius: 3px;' title='1.0'>_||> "
 "type<||_html:</span>_||><||_html:<span style='background-color: rgba(0.0, "
 "165.0, 0, 0.15); border-radius: 3px;' title='1.0'>_||> "
 "String<||_html:</span>_||><||_html:<span style='background-color: rgba(0.0, "
 "165.0, 0, 0.15); border-radius: 3px;' "
 'title=\'1.0\'>_||>."<||_html:</span>_||><||_html:<span '
 "style='background-color: rgba(0.0, 165.0, 0, 0.15); border-radius: 3px;' "
 "title='1.0'>_||>\n"
 "<||_html:</span>_||><||_html:<span style='background-color: rgba(0.0, 165.0, "
 "0, 0.15); border-radius: 3px;' title='1.0'>_||>   "
 "<||_html:</span>_||><||_html:<span style='background-color: rgba(0.0, 165.0, "
 "0, 0.15); border-radius: 3px;' title='1.0'>_||> "
 "},<||_html:</span>_||><||_html:<span style='background-color: rgba(0.0, "
 "165.0, 0, 0.15); border-radius: 3px;' title='1.0'>_||>\n"
 "<||_html:</span>_||><||_html:<span style='background-color: rgba(0.0, 165.0, "
 "0, 0.15); border-radius: 3px;' title='1.0'>_||>   "
 "<||_html:</span>_||><||_html:<span style='background-color: rgba(0.0, 165.0, "
 "0, 0.15); border-radius: 3px;' title='1.0'>_||> "
 "{<||_html:</span>_||><||_html:<span style='background-color: rgba(0.0, "
 "165.0, 0, 0.15); border-radius: 3px;' title='1.0'>_||>\n"
 "<||_html:</span>_||><||_html:<span style='background-color: rgba(0.0, 165.0, "
 "0, 0.15); border-radius: 3px;' title='1.0'>_||>     "
 "<||_html:</span>_||><||_html:<span style='background-color: rgba(0.0, 165.0, "
 "0, 0.15); border-radius: 3px;' title='1.0'>_||> "
 '"<||_html:</span>_||><||_html:<span style=\'background-color: rgba(0.0, '
 "165.0, 0, 0.15); border-radius: 3px;' "
 "title='1.0'>_||>type<||_html:</span>_||><||_html:<span "
 "style='background-color: rgba(0.0, 165.0, 0, 0.15); border-radius: 3px;' "
 'title=\'1.0\'>_||>":<||_html:</span>_||><||_html:<span '
 "style='background-color: rgba(0.0, 165.0, 0, 0.15); border-radius: 3px;' "
 'title=\'1.0\'>_||> "<||_html:</span>_||><||_html:<span '
 "style='background-color: rgba(0.0, 165.0, 0, 0.15); border-radius: 3px;' "
 "title='1.0'>_||>Product<||_html:</span>_||><||_html:<span "
 "style='background-color: rgba(0.0, 165.0, 0, 0.15); border-radius: 3px;' "
 'title=\'1.0\'>_||>",<||_html:</span>_||><||_html:<span '
 "style='background-color: rgba(0.0, 165.0, 0, 0.15); border-radius: 3px;' "
 "title='1.0'>_||>\n"
 "<||_html:</span>_||><||_html:<span style='background-color: rgba(0.0, 165.0, "
 "0, 0.15); border-radius: 3px;' title='1.0'>_||>     "
 "<||_html:</span>_||><||_html:<span style='background-color: rgba(0.0, 165.0, "
 "0, 0.15); border-radius: 3px;' title='1.0'>_||> "
 '"<||_html:</span>_||><||_html:<span style=\'background-color: rgba(0.0, '
 "165.0, 0, 0.15); border-radius: 3px;' "
 "title='1.0'>_||>field<||_html:</span>_||><||_html:<span "
 "style='background-color: rgba(0.0, 165.0, 0, 0.15); border-radius: 3px;' "
 'title=\'1.0\'>_||>":<||_html:</span>_||><||_html:<span '
 "style='background-color: rgba(0.0, 165.0, 0, 0.15); border-radius: 3px;' "
 'title=\'1.0\'>_||> "<||_html:</span>_||><||_html:<span '
 "style='background-color: rgba(0.0, 165.0, 0, 0.15); border-radius: 3px;' "
 "title='1.0'>_||>description<||_html:</span>_||><||_html:<span "
 "style='background-color: rgba(0.0, 165.0, 0, 0.15); border-radius: 3px;' "
 'title=\'1.0\'>_||>",<||_html:</span>_||><||_html:<span '
 "style='background-color: rgba(0.0, 165.0, 0, 0.15); border-radius: 3px;' "
 "title='1.0'>_||>\n"
 "<||_html:</span>_||><||_html:<span style='background-color: rgba(0.0, 165.0, "
 "0, 0.15); border-radius: 3px;' title='1.0'>_||>     "
 "<||_html:</span>_||><||_html:<span style='background-color: rgba(0.0, 165.0, "
 "0, 0.15); border-radius: 3px;' title='1.0'>_||> "
 '"<||_html:</span>_||><||_html:<span style=\'background-color: rgba(0.0, '
 "165.0, 0, 0.15); border-radius: 3px;' "
 "title='1.0'>_||>change<||_html:</span>_||><||_html:<span "
 "style='background-color: rgba(0.0, 165.0, 0, 0.15); border-radius: 3px;' "
 'title=\'1.0\'>_||>":<||_html:</span>_||><||_html:<span '
 "style='background-color: rgba(0.0, 165.0, 0, 0.15); border-radius: 3px;' "
 'title=\'1.0\'>_||> "<||_html:</span>_||><||_html:<span '
 "style='background-color: rgba(0.0, 165.0, 0, 0.15); border-radius: 3px;' "
 "title='1.0'>_||>field<||_html:</span>_||><||_html:<span "
 "style='background-color: rgba(0.0, 165.0, 0, 0.15); border-radius: 3px;' "
 "title='1.0'>_||> removed<||_html:</span>_||><||_html:<span "
 "style='background-color: rgba(0.0, 165.0, 0, 0.15); border-radius: 3px;' "
 'title=\'1.0\'>_||>",<||_html:</span>_||><||_html:<span '
 "style='background-color: rgba(0.0, 165.0, 0, 0.15); border-radius: 3px;' "
 "title='1.0'>_||>\n"
 "<||_html:</span>_||><||_html:<span style='background-color: rgba(0.0, 165.0, "
 "0, 0.15); border-radius: 3px;' title='1.0'>_||>     "
 "<||_html:</span>_||><||_html:<span style='background-color: rgba(0.0, 165.0, "
 "0, 0.15); border-radius: 3px;' title='1.0'>_||> "
 '"<||_html:</span>_||><||_html:<span style=\'background-color: rgba(0.0, '
 "165.0, 0, 0.15); border-radius: 3px;' title='1.0'>_||>")
('Analyze the following two GraphQL schemas for changes, including both '
 'breaking and non-breaking changes.\n'
 '\n'
 '                        Provide your analysis in the following JSON format:\n'
 '                        {\n'
 '                          "changes": [\n'
 '                            {\n'
 '                              "type": "String representing the GraphQL type '
 '(e.g., Query, Mutation, Subscription)",\n'
 '                              "field": "String representing the specific '
 'field that changed",\n'
 '                              "change": "String describing the change (e.g., '
 'field renamed, new field added, field removed)",\n'
 '                              "breaking": "Boolean indicating if the change '
 'is breaking (true) or non-breaking (false)",\n'
 '                              "release_note": "String with a natural '
 'language description of the change for release notes"\n'
 '                            }\n'
 '                          ],\n'
 '                          "release_notes": {\n'
 '                              "summary": "String summarizing all changes, '
 'suitable for a mailing list or public announcement"\n'
 '                          }\n'
 '                        }\n'
 '\n'
 '                        When analyzing, consider the following types of '
 'changes:\n'
 '                        1. Removing fields or types (breaking)\n'
 '                        2. Changing field types (potentially breaking)\n'
 '                        3. Adding required fields (breaking)\n'
 '                        4. Changing the type of existing arguments '
 '(breaking)\n'
 '                        5. Adding optional fields (non-breaking)\n'
 '                        6. Adding new types (non-breaking)\n'
 '                        7. Deprecating fields (non-breaking)\n'
 '\n'
 '                        Ensure that each change is categorized correctly as '
 'breaking or non-breaking.: type Query {\n'
 '  getProduct(id: ID!): Product\n'
 '}\n'
 '\n'
 'type Product {\n'
 '  id: ID\n'
 '  name: String\n'
 '  description: String\n'
 '  price: Float\n'
 '  stock: Int\n'
 '}\n'
 ', type Query {\n'
 '  getProduct(id: ID!): Product\n'
 '}\n'
 '\n'
 'type Product {\n'
 '  id: ID\n'
 '  name: String\n'
 '  details: String\n'
 '  price: Float\n'
 '}\n'
 '\n'
 "Answer:<||_html:<span style='background-color: rgba(0.0, 165.0, 0, 0.15); "
 "border-radius: 3px;' title='1.0'>_||> {<||_html:</span>_||><||_html:<span "
 "style='background-color: rgba(0.0, 165.0, 0, 0.15); border-radius: 3px;' "
 "title='1.0'>_||>\n"
 "<||_html:</span>_||><||_html:<span style='background-color: rgba(0.0, 165.0, "
 "0, 0.15); border-radius: 3px;' title='1.0'>_||> "
 "<||_html:</span>_||><||_html:<span style='background-color: rgba(0.0, 165.0, "
 "0, 0.15); border-radius: 3px;' title='1.0'>_||> "
 '"<||_html:</span>_||><||_html:<span style=\'background-color: rgba(0.0, '
 "165.0, 0, 0.15); border-radius: 3px;' "
 "title='1.0'>_||>changes<||_html:</span>_||><||_html:<span "
 "style='background-color: rgba(0.0, 165.0, 0, 0.15); border-radius: 3px;' "
 'title=\'1.0\'>_||>":<||_html:</span>_||><||_html:<span '
 "style='background-color: rgba(0.0, 165.0, 0, 0.15); border-radius: 3px;' "
 "title='1.0'>_||> [<||_html:</span>_||><||_html:<span "
 "style='background-color: rgba(0.0, 165.0, 0, 0.15); border-radius: 3px;' "
 "title='1.0'>_||>\n"
 "<||_html:</span>_||><||_html:<span style='background-color: rgba(0.0, 165.0, "
 "0, 0.15); border-radius: 3px;' title='1.0'>_||>   "
 "<||_html:</span>_||><||_html:<span style='background-color: rgba(0.0, 165.0, "
 "0, 0.15); border-radius: 3px;' title='1.0'>_||> "
 "{<||_html:</span>_||><||_html:<span style='background-color: rgba(0.0, "
 "165.0, 0, 0.15); border-radius: 3px;' title='1.0'>_||>\n"
 "<||_html:</span>_||><||_html:<span style='background-color: rgba(0.0, 165.0, "
 "0, 0.15); border-radius: 3px;' title='1.0'>_||>     "
 "<||_html:</span>_||><||_html:<span style='background-color: rgba(0.0, 165.0, "
 "0, 0.15); border-radius: 3px;' title='1.0'>_||> "
 '"<||_html:</span>_||><||_html:<span style=\'background-color: rgba(0.0, '
 "165.0, 0, 0.15); border-radius: 3px;' "
 "title='1.0'>_||>type<||_html:</span>_||><||_html:<span "
 "style='background-color: rgba(0.0, 165.0, 0, 0.15); border-radius: 3px;' "
 'title=\'1.0\'>_||>":<||_html:</span>_||><||_html:<span '
 "style='background-color: rgba(0.0, 165.0, 0, 0.15); border-radius: 3px;' "
 'title=\'1.0\'>_||> "<||_html:</span>_||><||_html:<span '
 "style='background-color: rgba(0.0, 165.0, 0, 0.15); border-radius: 3px;' "
 "title='1.0'>_||>Query<||_html:</span>_||><||_html:<span "
 "style='background-color: rgba(0.0, 165.0, 0, 0.15); border-radius: 3px;' "
 'title=\'1.0\'>_||>",<||_html:</span>_||><||_html:<span '
 "style='background-color: rgba(0.0, 165.0, 0, 0.15); border-radius: 3px;' "
 "title='1.0'>_||>\n"
 "<||_html:</span>_||><||_html:<span style='background-color: rgba(0.0, 165.0, "
 "0, 0.15); border-radius: 3px;' title='1.0'>_||>     "
 "<||_html:</span>_||><||_html:<span style='background-color: rgba(0.0, 165.0, "
 "0, 0.15); border-radius: 3px;' title='1.0'>_||> "
 '"<||_html:</span>_||><||_html:<span style=\'background-color: rgba(0.0, '
 "165.0, 0, 0.15); border-radius: 3px;' "
 "title='1.0'>_||>field<||_html:</span>_||><||_html:<span "
 "style='background-color: rgba(0.0, 165.0, 0, 0.15); border-radius: 3px;' "
 'title=\'1.0\'>_||>":<||_html:</span>_||><||_html:<span '
 "style='background-color: rgba(0.0, 165.0, 0, 0.15); border-radius: 3px;' "
 'title=\'1.0\'>_||> "<||_html:</span>_||><||_html:<span '
 "style='background-color: rgba(0.0, 165.0, 0, 0.15); border-radius: 3px;' "
 "title='1.0'>_||>get<||_html:</span>_||><||_html:<span "
 "style='background-color: rgba(0.0, 165.0, 0, 0.15); border-radius: 3px;' "
 "title='1.0'>_||>Product<||_html:</span>_||><||_html:<span "
 "style='background-color: rgba(0.0, 165.0, 0, 0.15); border-radius: 3px;' "
 'title=\'1.0\'>_||>",<||_html:</span>_||><||_html:<span '
 "style='background-color: rgba(0.0, 165.0, 0, 0.15); border-radius: 3px;' "
 "title='1.0'>_||>\n"
 "<||_html:</span>_||><||_html:<span style='background-color: rgba(0.0, 165.0, "
 "0, 0.15); border-radius: 3px;' title='1.0'>_||>     "
 "<||_html:</span>_||><||_html:<span style='background-color: rgba(0.0, 165.0, "
 "0, 0.15); border-radius: 3px;' title='1.0'>_||> "
 '"<||_html:</span>_||><||_html:<span style=\'background-color: rgba(0.0, '
 "165.0, 0, 0.15); border-radius: 3px;' "
 "title='1.0'>_||>change<||_html:</span>_||><||_html:<span "
 "style='background-color: rgba(0.0, 165.0, 0, 0.15); border-radius: 3px;' "
 'title=\'1.0\'>_||>":<||_html:</span>_||><||_html:<span '
 "style='background-color: rgba(0.0, 165.0, 0, 0.15); border-radius: 3px;' "
 'title=\'1.0\'>_||> "<||_html:</span>_||><||_html:<span '
 "style='background-color: rgba(0.0, 165.0, 0, 0.15); border-radius: 3px;' "
 "title='1.0'>_||>field<||_html:</span>_||><||_html:<span "
 "style='background-color: rgba(0.0, 165.0, 0, 0.15); border-radius: 3px;' "
 "title='1.0'>_||> details<||_html:</span>_||><||_html:<span "
 "style='background-color: rgba(0.0, 165.0, 0, 0.15); border-radius: 3px;' "
 "title='1.0'>_||> added<||_html:</span>_||><||_html:<span "
 "style='background-color: rgba(0.0, 165.0, 0, 0.15); border-radius: 3px;' "
 'title=\'1.0\'>_||>",<||_html:</span>_||><||_html:<span '
 "style='background-color: rgba(0.0, 165.0, 0, 0.15); border-radius: 3px;' "
 "title='1.0'>_||>\n"
 "<||_html:</span>_||><||_html:<span style='background-color: rgba(0.0, 165.0, "
 "0, 0.15); border-radius: 3px;' title='1.0'>_||>     "
 "<||_html:</span>_||><||_html:<span style='background-color: rgba(0.0, 165.0, "
 "0, 0.15); border-radius: 3px;' title='1.0'>_||> "
 '"<||_html:</span>_||><||_html:<span style=\'background-color: rgba(0.0, '
 "165.0, 0, 0.15); border-radius: 3px;' "
 "title='1.0'>_||>breaking<||_html:</span>_||><||_html:<span "
 "style='background-color: rgba(0.0, 165.0, 0, 0.15); border-radius: 3px;' "
 'title=\'1.0\'>_||>":<||_html:</span>_||><||_html:<span '
 "style='background-color: rgba(0.0, 165.0, 0, 0.15); border-radius: 3px;' "
 'title=\'1.0\'>_||> "<||_html:</span>_||><||_html:<span '
 "style='background-color: rgba(0.0, 165.0, 0, 0.15); border-radius: 3px;' "
 "title='1.0'>_||>false<||_html:</span>_||><||_html:<span "
 "style='background-color: rgba(0.0, 165.0, 0, 0.15); border-radius: 3px;' "
 'title=\'1.0\'>_||>",<||_html:</span>_||><||_html:<span '
 "style='background-color: rgba(0.0, 165.0, 0, 0.15); border-radius: 3px;' "
 "title='1.0'>_||>\n"
 "<||_html:</span>_||><||_html:<span style='background-color: rgba(0.0, 165.0, "
 "0, 0.15); border-radius: 3px;' title='1.0'>_||>     "
 "<||_html:</span>_||><||_html:<span style='background-color: rgba(0.0, 165.0, "
 "0, 0.15); border-radius: 3px;' title='1.0'>_||> "
 '"<||_html:</span>_||><||_html:<span style=\'background-color: rgba(0.0, '
 "165.0, 0, 0.15); border-radius: 3px;' "
 "title='1.0'>_||>release<||_html:</span>_||><||_html:<span "
 "style='background-color: rgba(0.0, 165.0, 0, 0.15); border-radius: 3px;' "
 "title='1.0'>_||>_<||_html:</span>_||><||_html:<span style='background-color: "
 "rgba(0.0, 165.0, 0, 0.15); border-radius: 3px;' "
 "title='1.0'>_||>note<||_html:</span>_||><||_html:<span "
 "style='background-color: rgba(0.0, 165.0, 0, 0.15); border-radius: 3px;' "
 'title=\'1.0\'>_||>":<||_html:</span>_||><||_html:<span '
 "style='background-color: rgba(0.0, 165.0, 0, 0.15); border-radius: 3px;' "
 'title=\'1.0\'>_||> "<||_html:</span>_||><||_html:<span '
 "style='background-color: rgba(0.0, 165.0, 0, 0.15); border-radius: 3px;' "
 "title='1.0'>_||>The<||_html:</span>_||><||_html:<span "
 "style='background-color: rgba(0.0, 165.0, 0, 0.15); border-radius: 3px;' "
 "title='1.0'>_||> '<||_html:</span>_||><||_html:<span "
 "style='background-color: rgba(0.0, 165.0, 0, 0.15); border-radius: 3px;' "
 "title='1.0'>_||>get<||_html:</span>_||><||_html:<span "
 "style='background-color: rgba(0.0, 165.0, 0, 0.15); border-radius: 3px;' "
 "title='1.0'>_||>Product<||_html:</span>_||><||_html:<span "
 "style='background-color: rgba(0.0, 165.0, 0, 0.15); border-radius: 3px;' "
 "title='1.0'>_||>'<||_html:</span>_||><||_html:<span style='background-color: "
 "rgba(0.0, 165.0, 0, 0.15); border-radius: 3px;' title='1.0'>_||> "
 "query<||_html:</span>_||><||_html:<span style='background-color: rgba(0.0, "
 "165.0, 0, 0.15); border-radius: 3px;' title='1.0'>_||> "
 "now<||_html:</span>_||><||_html:<span style='background-color: rgba(0.0, "
 "165.0, 0, 0.15); border-radius: 3px;' title='1.0'>_||> "
 "includes<||_html:</span>_||><||_html:<span style='background-color: "
 "rgba(0.0, 165.0, 0, 0.15); border-radius: 3px;' title='1.0'>_||> "
 "a<||_html:</span>_||><||_html:<span style='background-color: rgba(0.0, "
 "165.0, 0, 0.15); border-radius: 3px;' title='1.0'>_||> "
 "new<||_html:</span>_||><||_html:<span style='background-color: rgba(0.0, "
 "165.0, 0, 0.15); border-radius: 3px;' title='1.0'>_||> "
 "field<||_html:</span>_||><||_html:<span style='background-color: rgba(0.0, "
 "165.0, 0, 0.15); border-radius: 3px;' title='1.0'>_||> "
 "'<||_html:</span>_||><||_html:<span style='background-color: rgba(0.0, "
 "165.0, 0, 0.15); border-radius: 3px;' "
 "title='1.0'>_||>details<||_html:</span>_||><||_html:<span "
 "style='background-color: rgba(0.0, 165.0, 0, 0.15); border-radius: 3px;' "
 "title='1.0'>_||>'<||_html:</span>_||><||_html:<span style='background-color: "
 "rgba(0.0, 165.0, 0, 0.15); border-radius: 3px;' title='1.0'>_||> "
 "of<||_html:</span>_||><||_html:<span style='background-color: rgba(0.0, "
 "165.0, 0, 0.15); border-radius: 3px;' title='1.0'>_||> "
 "type<||_html:</span>_||><||_html:<span style='background-color: rgba(0.0, "
 "165.0, 0, 0.15); border-radius: 3px;' title='1.0'>_||> "
 "String<||_html:</span>_||><||_html:<span style='background-color: rgba(0.0, "
 "165.0, 0, 0.15); border-radius: 3px;' "
 'title=\'1.0\'>_||>."<||_html:</span>_||><||_html:<span '
 "style='background-color: rgba(0.0, 165.0, 0, 0.15); border-radius: 3px;' "
 "title='1.0'>_||>\n"
 "<||_html:</span>_||><||_html:<span style='background-color: rgba(0.0, 165.0, "
 "0, 0.15); border-radius: 3px;' title='1.0'>_||>   "
 "<||_html:</span>_||><||_html:<span style='background-color: rgba(0.0, 165.0, "
 "0, 0.15); border-radius: 3px;' title='1.0'>_||> "
 "},<||_html:</span>_||><||_html:<span style='background-color: rgba(0.0, "
 "165.0, 0, 0.15); border-radius: 3px;' title='1.0'>_||>\n"
 "<||_html:</span>_||><||_html:<span style='background-color: rgba(0.0, 165.0, "
 "0, 0.15); border-radius: 3px;' title='1.0'>_||>   "
 "<||_html:</span>_||><||_html:<span style='background-color: rgba(0.0, 165.0, "
 "0, 0.15); border-radius: 3px;' title='1.0'>_||> "
 "{<||_html:</span>_||><||_html:<span style='background-color: rgba(0.0, "
 "165.0, 0, 0.15); border-radius: 3px;' title='1.0'>_||>\n"
 "<||_html:</span>_||><||_html:<span style='background-color: rgba(0.0, 165.0, "
 "0, 0.15); border-radius: 3px;' title='1.0'>_||>     "
 "<||_html:</span>_||><||_html:<span style='background-color: rgba(0.0, 165.0, "
 "0, 0.15); border-radius: 3px;' title='1.0'>_||> "
 '"<||_html:</span>_||><||_html:<span style=\'background-color: rgba(0.0, '
 "165.0, 0, 0.15); border-radius: 3px;' "
 "title='1.0'>_||>type<||_html:</span>_||><||_html:<span "
 "style='background-color: rgba(0.0, 165.0, 0, 0.15); border-radius: 3px;' "
 'title=\'1.0\'>_||>":<||_html:</span>_||><||_html:<span '
 "style='background-color: rgba(0.0, 165.0, 0, 0.15); border-radius: 3px;' "
 'title=\'1.0\'>_||> "<||_html:</span>_||><||_html:<span '
 "style='background-color: rgba(0.0, 165.0, 0, 0.15); border-radius: 3px;' "
 "title='1.0'>_||>Product<||_html:</span>_||><||_html:<span "
 "style='background-color: rgba(0.0, 165.0, 0, 0.15); border-radius: 3px;' "
 'title=\'1.0\'>_||>",<||_html:</span>_||><||_html:<span '
 "style='background-color: rgba(0.0, 165.0, 0, 0.15); border-radius: 3px;' "
 "title='1.0'>_||>\n"
 "<||_html:</span>_||><||_html:<span style='background-color: rgba(0.0, 165.0, "
 "0, 0.15); border-radius: 3px;' title='1.0'>_||>     "
 "<||_html:</span>_||><||_html:<span style='background-color: rgba(0.0, 165.0, "
 "0, 0.15); border-radius: 3px;' title='1.0'>_||> "
 '"<||_html:</span>_||><||_html:<span style=\'background-color: rgba(0.0, '
 "165.0, 0, 0.15); border-radius: 3px;' "
 "title='1.0'>_||>field<||_html:</span>_||><||_html:<span "
 "style='background-color: rgba(0.0, 165.0, 0, 0.15); border-radius: 3px;' "
 'title=\'1.0\'>_||>":<||_html:</span>_||><||_html:<span '
 "style='background-color: rgba(0.0, 165.0, 0, 0.15); border-radius: 3px;' "
 'title=\'1.0\'>_||> "<||_html:</span>_||><||_html:<span '
 "style='background-color: rgba(0.0, 165.0, 0, 0.15); border-radius: 3px;' "
 "title='1.0'>_||>description<||_html:</span>_||><||_html:<span "
 "style='background-color: rgba(0.0, 165.0, 0, 0.15); border-radius: 3px;' "
 'title=\'1.0\'>_||>",<||_html:</span>_||><||_html:<span '
 "style='background-color: rgba(0.0, 165.0, 0, 0.15); border-radius: 3px;' "
 "title='1.0'>_||>\n"
 "<||_html:</span>_||><||_html:<span style='background-color: rgba(0.0, 165.0, "
 "0, 0.15); border-radius: 3px;' title='1.0'>_||>     "
 "<||_html:</span>_||><||_html:<span style='background-color: rgba(0.0, 165.0, "
 "0, 0.15); border-radius: 3px;' title='1.0'>_||> "
 '"<||_html:</span>_||><||_html:<span style=\'background-color: rgba(0.0, '
 "165.0, 0, 0.15); border-radius: 3px;' "
 "title='1.0'>_||>change<||_html:</span>_||><||_html:<span "
 "style='background-color: rgba(0.0, 165.0, 0, 0.15); border-radius: 3px;' "
 'title=\'1.0\'>_||>":<||_html:</span>_||><||_html:<span '
 "style='background-color: rgba(0.0, 165.0, 0, 0.15); border-radius: 3px;' "
 'title=\'1.0\'>_||> "<||_html:</span>_||><||_html:<span '
 "style='background-color: rgba(0.0, 165.0, 0, 0.15); border-radius: 3px;' "
 "title='1.0'>_||>field<||_html:</span>_||><||_html:<span "
 "style='background-color: rgba(0.0, 165.0, 0, 0.15); border-radius: 3px;' "
 "title='1.0'>_||> removed<||_html:</span>_||><||_html:<span "
 "style='background-color: rgba(0.0, 165.0, 0, 0.15); border-radius: 3px;' "
 'title=\'1.0\'>_||>",<||_html:</span>_||><||_html:<span '
 "style='background-color: rgba(0.0, 165.0, 0, 0.15); border-radius: 3px;' "
 "title='1.0'>_||>\n"
 "<||_html:</span>_||><||_html:<span style='background-color: rgba(0.0, 165.0, "
 "0, 0.15); border-radius: 3px;' title='1.0'>_||>     "
 "<||_html:</span>_||><||_html:<span style='background-color: rgba(0.0, 165.0, "
 "0, 0.15); border-radius: 3px;' title='1.0'>_||> "
 '"<||_html:</span>_||><||_html:<span style=\'background-color: rgba(0.0, '
 "165.0, 0, 0.15); border-radius: 3px;' "
 "title='1.0'>_||>breaking<||_html:</span>_||><||_html:<span "
 "style='background-color: rgba(0.0, 165.0, 0, 0.15); border-radius: 3px;' "
 'title=\'1.0\'>_||>":<||_html:</span>_||><||_html:<span '
 "style='background-color: rgba(0.0, 165.0, 0, 0.15); border-radius: 3px;' "
 'title=\'1.0\'>_||> "<||_html:</span>_||><||_html:<span '
 "style='background-color: rgba(0.0, 165.0, 0, 0.15); border-radius: 3px;' "
 "title='1.0'>_||>")
('Analyze the following two GraphQL schemas for changes, including both '
 'breaking and non-breaking changes.\n'
 '\n'
 '                        Provide your analysis in the following JSON format:\n'
 '                        {\n'
 '                          "changes": [\n'
 '                            {\n'
 '                              "type": "String representing the GraphQL type '
 '(e.g., Query, Mutation, Subscription)",\n'
 '                              "field": "String representing the specific '
 'field that changed",\n'
 '                              "change": "String describing the change (e.g., '
 'field renamed, new field added, field removed)",\n'
 '                              "breaking": "Boolean indicating if the change '
 'is breaking (true) or non-breaking (false)",\n'
 '                              "release_note": "String with a natural '
 'language description of the change for release notes"\n'
 '                            }\n'
 '                          ],\n'
 '                          "release_notes": {\n'
 '                              "summary": "String summarizing all changes, '
 'suitable for a mailing list or public announcement"\n'
 '                          }\n'
 '                        }\n'
 '\n'
 '                        When analyzing, consider the following types of '
 'changes:\n'
 '                        1. Removing fields or types (breaking)\n'
 '                        2. Changing field types (potentially breaking)\n'
 '                        3. Adding required fields (breaking)\n'
 '                        4. Changing the type of existing arguments '
 '(breaking)\n'
 '                        5. Adding optional fields (non-breaking)\n'
 '                        6. Adding new types (non-breaking)\n'
 '                        7. Deprecating fields (non-breaking)\n'
 '\n'
 '                        Ensure that each change is categorized correctly as '
 'breaking or non-breaking.: type Query {\n'
 '  getProduct(id: ID!): Product\n'
 '}\n'
 '\n'
 'type Product {\n'
 '  id: ID\n'
 '  name: String\n'
 '  description: String\n'
 '  price: Float\n'
 '  stock: Int\n'
 '}\n'
 ', type Query {\n'
 '  getProduct(id: ID!): Product\n'
 '}\n'
 '\n'
 'type Product {\n'
 '  id: ID\n'
 '  name: String\n'
 '  details: String\n'
 '  price: Float\n'
 '}\n'
 '\n'
 "Answer:<||_html:<span style='background-color: rgba(0.0, 165.0, 0, 0.15); "
 "border-radius: 3px;' title='1.0'>_||> {<||_html:</span>_||><||_html:<span "
 "style='background-color: rgba(0.0, 165.0, 0, 0.15); border-radius: 3px;' "
 "title='1.0'>_||>\n"
 "<||_html:</span>_||><||_html:<span style='background-color: rgba(0.0, 165.0, "
 "0, 0.15); border-radius: 3px;' title='1.0'>_||> "
 "<||_html:</span>_||><||_html:<span style='background-color: rgba(0.0, 165.0, "
 "0, 0.15); border-radius: 3px;' title='1.0'>_||> "
 '"<||_html:</span>_||><||_html:<span style=\'background-color: rgba(0.0, '
 "165.0, 0, 0.15); border-radius: 3px;' "
 "title='1.0'>_||>changes<||_html:</span>_||><||_html:<span "
 "style='background-color: rgba(0.0, 165.0, 0, 0.15); border-radius: 3px;' "
 'title=\'1.0\'>_||>":<||_html:</span>_||><||_html:<span '
 "style='background-color: rgba(0.0, 165.0, 0, 0.15); border-radius: 3px;' "
 "title='1.0'>_||> [<||_html:</span>_||><||_html:<span "
 "style='background-color: rgba(0.0, 165.0, 0, 0.15); border-radius: 3px;' "
 "title='1.0'>_||>\n"
 "<||_html:</span>_||><||_html:<span style='background-color: rgba(0.0, 165.0, "
 "0, 0.15); border-radius: 3px;' title='1.0'>_||>   "
 "<||_html:</span>_||><||_html:<span style='background-color: rgba(0.0, 165.0, "
 "0, 0.15); border-radius: 3px;' title='1.0'>_||> "
 "{<||_html:</span>_||><||_html:<span style='background-color: rgba(0.0, "
 "165.0, 0, 0.15); border-radius: 3px;' title='1.0'>_||>\n"
 "<||_html:</span>_||><||_html:<span style='background-color: rgba(0.0, 165.0, "
 "0, 0.15); border-radius: 3px;' title='1.0'>_||>     "
 "<||_html:</span>_||><||_html:<span style='background-color: rgba(0.0, 165.0, "
 "0, 0.15); border-radius: 3px;' title='1.0'>_||> "
 '"<||_html:</span>_||><||_html:<span style=\'background-color: rgba(0.0, '
 "165.0, 0, 0.15); border-radius: 3px;' "
 "title='1.0'>_||>type<||_html:</span>_||><||_html:<span "
 "style='background-color: rgba(0.0, 165.0, 0, 0.15); border-radius: 3px;' "
 'title=\'1.0\'>_||>":<||_html:</span>_||><||_html:<span '
 "style='background-color: rgba(0.0, 165.0, 0, 0.15); border-radius: 3px;' "
 'title=\'1.0\'>_||> "<||_html:</span>_||><||_html:<span '
 "style='background-color: rgba(0.0, 165.0, 0, 0.15); border-radius: 3px;' "
 "title='1.0'>_||>Query<||_html:</span>_||><||_html:<span "
 "style='background-color: rgba(0.0, 165.0, 0, 0.15); border-radius: 3px;' "
 'title=\'1.0\'>_||>",<||_html:</span>_||><||_html:<span '
 "style='background-color: rgba(0.0, 165.0, 0, 0.15); border-radius: 3px;' "
 "title='1.0'>_||>\n"
 "<||_html:</span>_||><||_html:<span style='background-color: rgba(0.0, 165.0, "
 "0, 0.15); border-radius: 3px;' title='1.0'>_||>     "
 "<||_html:</span>_||><||_html:<span style='background-color: rgba(0.0, 165.0, "
 "0, 0.15); border-radius: 3px;' title='1.0'>_||> "
 '"<||_html:</span>_||><||_html:<span style=\'background-color: rgba(0.0, '
 "165.0, 0, 0.15); border-radius: 3px;' "
 "title='1.0'>_||>field<||_html:</span>_||><||_html:<span "
 "style='background-color: rgba(0.0, 165.0, 0, 0.15); border-radius: 3px;' "
 'title=\'1.0\'>_||>":<||_html:</span>_||><||_html:<span '
 "style='background-color: rgba(0.0, 165.0, 0, 0.15); border-radius: 3px;' "
 'title=\'1.0\'>_||> "<||_html:</span>_||><||_html:<span '
 "style='background-color: rgba(0.0, 165.0, 0, 0.15); border-radius: 3px;' "
 "title='1.0'>_||>get<||_html:</span>_||><||_html:<span "
 "style='background-color: rgba(0.0, 165.0, 0, 0.15); border-radius: 3px;' "
 "title='1.0'>_||>Product<||_html:</span>_||><||_html:<span "
 "style='background-color: rgba(0.0, 165.0, 0, 0.15); border-radius: 3px;' "
 'title=\'1.0\'>_||>",<||_html:</span>_||><||_html:<span '
 "style='background-color: rgba(0.0, 165.0, 0, 0.15); border-radius: 3px;' "
 "title='1.0'>_||>\n"
 "<||_html:</span>_||><||_html:<span style='background-color: rgba(0.0, 165.0, "
 "0, 0.15); border-radius: 3px;' title='1.0'>_||>     "
 "<||_html:</span>_||><||_html:<span style='background-color: rgba(0.0, 165.0, "
 "0, 0.15); border-radius: 3px;' title='1.0'>_||> "
 '"<||_html:</span>_||><||_html:<span style=\'background-color: rgba(0.0, '
 "165.0, 0, 0.15); border-radius: 3px;' "
 "title='1.0'>_||>change<||_html:</span>_||><||_html:<span "
 "style='background-color: rgba(0.0, 165.0, 0, 0.15); border-radius: 3px;' "
 'title=\'1.0\'>_||>":<||_html:</span>_||><||_html:<span '
 "style='background-color: rgba(0.0, 165.0, 0, 0.15); border-radius: 3px;' "
 'title=\'1.0\'>_||> "<||_html:</span>_||><||_html:<span '
 "style='background-color: rgba(0.0, 165.0, 0, 0.15); border-radius: 3px;' "
 "title='1.0'>_||>field<||_html:</span>_||><||_html:<span "
 "style='background-color: rgba(0.0, 165.0, 0, 0.15); border-radius: 3px;' "
 "title='1.0'>_||> details<||_html:</span>_||><||_html:<span "
 "style='background-color: rgba(0.0, 165.0, 0, 0.15); border-radius: 3px;' "
 "title='1.0'>_||> added<||_html:</span>_||><||_html:<span "
 "style='background-color: rgba(0.0, 165.0, 0, 0.15); border-radius: 3px;' "
 'title=\'1.0\'>_||>",<||_html:</span>_||><||_html:<span '
 "style='background-color: rgba(0.0, 165.0, 0, 0.15); border-radius: 3px;' "
 "title='1.0'>_||>\n"
 "<||_html:</span>_||><||_html:<span style='background-color: rgba(0.0, 165.0, "
 "0, 0.15); border-radius: 3px;' title='1.0'>_||>     "
 "<||_html:</span>_||><||_html:<span style='background-color: rgba(0.0, 165.0, "
 "0, 0.15); border-radius: 3px;' title='1.0'>_||> "
 '"<||_html:</span>_||><||_html:<span style=\'background-color: rgba(0.0, '
 "165.0, 0, 0.15); border-radius: 3px;' "
 "title='1.0'>_||>breaking<||_html:</span>_||><||_html:<span "
 "style='background-color: rgba(0.0, 165.0, 0, 0.15); border-radius: 3px;' "
 'title=\'1.0\'>_||>":<||_html:</span>_||><||_html:<span '
 "style='background-color: rgba(0.0, 165.0, 0, 0.15); border-radius: 3px;' "
 'title=\'1.0\'>_||> "<||_html:</span>_||><||_html:<span '
 "style='background-color: rgba(0.0, 165.0, 0, 0.15); border-radius: 3px;' "
 "title='1.0'>_||>false<||_html:</span>_||><||_html:<span "
 "style='background-color: rgba(0.0, 165.0, 0, 0.15); border-radius: 3px;' "
 'title=\'1.0\'>_||>",<||_html:</span>_||><||_html:<span '
 "style='background-color: rgba(0.0, 165.0, 0, 0.15); border-radius: 3px;' "
 "title='1.0'>_||>\n"
 "<||_html:</span>_||><||_html:<span style='background-color: rgba(0.0, 165.0, "
 "0, 0.15); border-radius: 3px;' title='1.0'>_||>     "
 "<||_html:</span>_||><||_html:<span style='background-color: rgba(0.0, 165.0, "
 "0, 0.15); border-radius: 3px;' title='1.0'>_||> "
 '"<||_html:</span>_||><||_html:<span style=\'background-color: rgba(0.0, '
 "165.0, 0, 0.15); border-radius: 3px;' "
 "title='1.0'>_||>release<||_html:</span>_||><||_html:<span "
 "style='background-color: rgba(0.0, 165.0, 0, 0.15); border-radius: 3px;' "
 "title='1.0'>_||>_<||_html:</span>_||><||_html:<span style='background-color: "
 "rgba(0.0, 165.0, 0, 0.15); border-radius: 3px;' "
 "title='1.0'>_||>note<||_html:</span>_||><||_html:<span "
 "style='background-color: rgba(0.0, 165.0, 0, 0.15); border-radius: 3px;' "
 'title=\'1.0\'>_||>":<||_html:</span>_||><||_html:<span '
 "style='background-color: rgba(0.0, 165.0, 0, 0.15); border-radius: 3px;' "
 'title=\'1.0\'>_||> "<||_html:</span>_||><||_html:<span '
 "style='background-color: rgba(0.0, 165.0, 0, 0.15); border-radius: 3px;' "
 "title='1.0'>_||>The<||_html:</span>_||><||_html:<span "
 "style='background-color: rgba(0.0, 165.0, 0, 0.15); border-radius: 3px;' "
 "title='1.0'>_||> '<||_html:</span>_||><||_html:<span "
 "style='background-color: rgba(0.0, 165.0, 0, 0.15); border-radius: 3px;' "
 "title='1.0'>_||>get<||_html:</span>_||><||_html:<span "
 "style='background-color: rgba(0.0, 165.0, 0, 0.15); border-radius: 3px;' "
 "title='1.0'>_||>Product<||_html:</span>_||><||_html:<span "
 "style='background-color: rgba(0.0, 165.0, 0, 0.15); border-radius: 3px;' "
 "title='1.0'>_||>'<||_html:</span>_||><||_html:<span style='background-color: "
 "rgba(0.0, 165.0, 0, 0.15); border-radius: 3px;' title='1.0'>_||> "
 "query<||_html:</span>_||><||_html:<span style='background-color: rgba(0.0, "
 "165.0, 0, 0.15); border-radius: 3px;' title='1.0'>_||> "
 "now<||_html:</span>_||><||_html:<span style='background-color: rgba(0.0, "
 "165.0, 0, 0.15); border-radius: 3px;' title='1.0'>_||> "
 "includes<||_html:</span>_||><||_html:<span style='background-color: "
 "rgba(0.0, 165.0, 0, 0.15); border-radius: 3px;' title='1.0'>_||> "
 "a<||_html:</span>_||><||_html:<span style='background-color: rgba(0.0, "
 "165.0, 0, 0.15); border-radius: 3px;' title='1.0'>_||> "
 "new<||_html:</span>_||><||_html:<span style='background-color: rgba(0.0, "
 "165.0, 0, 0.15); border-radius: 3px;' title='1.0'>_||> "
 "field<||_html:</span>_||><||_html:<span style='background-color: rgba(0.0, "
 "165.0, 0, 0.15); border-radius: 3px;' title='1.0'>_||> "
 "'<||_html:</span>_||><||_html:<span style='background-color: rgba(0.0, "
 "165.0, 0, 0.15); border-radius: 3px;' "
 "title='1.0'>_||>details<||_html:</span>_||><||_html:<span "
 "style='background-color: rgba(0.0, 165.0, 0, 0.15); border-radius: 3px;' "
 "title='1.0'>_||>'<||_html:</span>_||><||_html:<span style='background-color: "
 "rgba(0.0, 165.0, 0, 0.15); border-radius: 3px;' title='1.0'>_||> "
 "of<||_html:</span>_||><||_html:<span style='background-color: rgba(0.0, "
 "165.0, 0, 0.15); border-radius: 3px;' title='1.0'>_||> "
 "type<||_html:</span>_||><||_html:<span style='background-color: rgba(0.0, "
 "165.0, 0, 0.15); border-radius: 3px;' title='1.0'>_||> "
 "String<||_html:</span>_||><||_html:<span style='background-color: rgba(0.0, "
 "165.0, 0, 0.15); border-radius: 3px;' "
 'title=\'1.0\'>_||>."<||_html:</span>_||><||_html:<span '
 "style='background-color: rgba(0.0, 165.0, 0, 0.15); border-radius: 3px;' "
 "title='1.0'>_||>\n"
 "<||_html:</span>_||><||_html:<span style='background-color: rgba(0.0, 165.0, "
 "0, 0.15); border-radius: 3px;' title='1.0'>_||>   "
 "<||_html:</span>_||><||_html:<span style='background-color: rgba(0.0, 165.0, "
 "0, 0.15); border-radius: 3px;' title='1.0'>_||> "
 "},<||_html:</span>_||><||_html:<span style='background-color: rgba(0.0, "
 "165.0, 0, 0.15); border-radius: 3px;' title='1.0'>_||>\n"
 "<||_html:</span>_||><||_html:<span style='background-color: rgba(0.0, 165.0, "
 "0, 0.15); border-radius: 3px;' title='1.0'>_||>   "
 "<||_html:</span>_||><||_html:<span style='background-color: rgba(0.0, 165.0, "
 "0, 0.15); border-radius: 3px;' title='1.0'>_||> "
 "{<||_html:</span>_||><||_html:<span style='background-color: rgba(0.0, "
 "165.0, 0, 0.15); border-radius: 3px;' title='1.0'>_||>\n"
 "<||_html:</span>_||><||_html:<span style='background-color: rgba(0.0, 165.0, "
 "0, 0.15); border-radius: 3px;' title='1.0'>_||>     "
 "<||_html:</span>_||><||_html:<span style='background-color: rgba(0.0, 165.0, "
 "0, 0.15); border-radius: 3px;' title='1.0'>_||> "
 '"<||_html:</span>_||><||_html:<span style=\'background-color: rgba(0.0, '
 "165.0, 0, 0.15); border-radius: 3px;' "
 "title='1.0'>_||>type<||_html:</span>_||><||_html:<span "
 "style='background-color: rgba(0.0, 165.0, 0, 0.15); border-radius: 3px;' "
 'title=\'1.0\'>_||>":<||_html:</span>_||><||_html:<span '
 "style='background-color: rgba(0.0, 165.0, 0, 0.15); border-radius: 3px;' "
 'title=\'1.0\'>_||> "<||_html:</span>_||><||_html:<span '
 "style='background-color: rgba(0.0, 165.0, 0, 0.15); border-radius: 3px;' "
 "title='1.0'>_||>Product<||_html:</span>_||><||_html:<span "
 "style='background-color: rgba(0.0, 165.0, 0, 0.15); border-radius: 3px;' "
 'title=\'1.0\'>_||>",<||_html:</span>_||><||_html:<span '
 "style='background-color: rgba(0.0, 165.0, 0, 0.15); border-radius: 3px;' "
 "title='1.0'>_||>\n"
 "<||_html:</span>_||><||_html:<span style='background-color: rgba(0.0, 165.0, "
 "0, 0.15); border-radius: 3px;' title='1.0'>_||>     "
 "<||_html:</span>_||><||_html:<span style='background-color: rgba(0.0, 165.0, "
 "0, 0.15); border-radius: 3px;' title='1.0'>_||> "
 '"<||_html:</span>_||><||_html:<span style=\'background-color: rgba(0.0, '
 "165.0, 0, 0.15); border-radius: 3px;' "
 "title='1.0'>_||>field<||_html:</span>_||><||_html:<span "
 "style='background-color: rgba(0.0, 165.0, 0, 0.15); border-radius: 3px;' "
 'title=\'1.0\'>_||>":<||_html:</span>_||><||_html:<span '
 "style='background-color: rgba(0.0, 165.0, 0, 0.15); border-radius: 3px;' "
 'title=\'1.0\'>_||> "<||_html:</span>_||><||_html:<span '
 "style='background-color: rgba(0.0, 165.0, 0, 0.15); border-radius: 3px;' "
 "title='1.0'>_||>description<||_html:</span>_||><||_html:<span "
 "style='background-color: rgba(0.0, 165.0, 0, 0.15); border-radius: 3px;' "
 'title=\'1.0\'>_||>",<||_html:</span>_||><||_html:<span '
 "style='background-color: rgba(0.0, 165.0, 0, 0.15); border-radius: 3px;' "
 "title='1.0'>_||>\n"
 "<||_html:</span>_||><||_html:<span style='background-color: rgba(0.0, 165.0, "
 "0, 0.15); border-radius: 3px;' title='1.0'>_||>     "
 "<||_html:</span>_||><||_html:<span style='background-color: rgba(0.0, 165.0, "
 "0, 0.15); border-radius: 3px;' title='1.0'>_||> "
 '"<||_html:</span>_||><||_html:<span style=\'background-color: rgba(0.0, '
 "165.0, 0, 0.15); border-radius: 3px;' "
 "title='1.0'>_||>change<||_html:</span>_||><||_html:<span "
 "style='background-color: rgba(0.0, 165.0, 0, 0.15); border-radius: 3px;' "
 'title=\'1.0\'>_||>":<||_html:</span>_||><||_html:<span '
 "style='background-color: rgba(0.0, 165.0, 0, 0.15); border-radius: 3px;' "
 'title=\'1.0\'>_||> "<||_html:</span>_||><||_html:<span '
 "style='background-color: rgba(0.0, 165.0, 0, 0.15); border-radius: 3px;' "
 "title='1.0'>_||>field<||_html:</span>_||><||_html:<span "
 "style='background-color: rgba(0.0, 165.0, 0, 0.15); border-radius: 3px;' "
 "title='1.0'>_||> removed<||_html:</span>_||><||_html:<span "
 "style='background-color: rgba(0.0, 165.0, 0, 0.15); border-radius: 3px;' "
 'title=\'1.0\'>_||>",<||_html:</span>_||><||_html:<span '
 "style='background-color: rgba(0.0, 165.0, 0, 0.15); border-radius: 3px;' "
 "title='1.0'>_||>\n"
 "<||_html:</span>_||><||_html:<span style='background-color: rgba(0.0, 165.0, "
 "0, 0.15); border-radius: 3px;' title='1.0'>_||>     "
 "<||_html:</span>_||><||_html:<span style='background-color: rgba(0.0, 165.0, "
 "0, 0.15); border-radius: 3px;' title='1.0'>_||> "
 '"<||_html:</span>_||><||_html:<span style=\'background-color: rgba(0.0, '
 "165.0, 0, 0.15); border-radius: 3px;' "
 "title='1.0'>_||>breaking<||_html:</span>_||><||_html:<span "
 "style='background-color: rgba(0.0, 165.0, 0, 0.15); border-radius: 3px;' "
 'title=\'1.0\'>_||>":<||_html:</span>_||><||_html:<span '
 "style='background-color: rgba(0.0, 165.0, 0, 0.15); border-radius: 3px;' "
 'title=\'1.0\'>_||> "<||_html:</span>_||><||_html:<span '
 "style='background-color: rgba(0.0, 165.0, 0, 0.15); border-radius: 3px;' "
 "title='1.0'>_||>true<||_html:</span>_||><||_html:<span "
 "style='background-color: rgba(0.0, 165.0, 0, 0.15); border-radius: 3px;' "
 'title=\'1.0\'>_||>",<||_html:</span>_||><||_html:<span '
 "style='background-color: rgba(0.0, 165.0, 0, 0.15); border-radius: 3px;' "
 "title='1.0'>_||>\n"
 "<||_html:</span>_||><||_html:<span style='background-color: rgba(0.0, 165.0, "
 "0, 0.15); border-radius: 3px;' title='1.0'>_||>")
('Analyze the following two GraphQL schemas for changes, including both '
 'breaking and non-breaking changes.\n'
 '\n'
 '                        Provide your analysis in the following JSON format:\n'
 '                        {\n'
 '                          "changes": [\n'
 '                            {\n'
 '                              "type": "String representing the GraphQL type '
 '(e.g., Query, Mutation, Subscription)",\n'
 '                              "field": "String representing the specific '
 'field that changed",\n'
 '                              "change": "String describing the change (e.g., '
 'field renamed, new field added, field removed)",\n'
 '                              "breaking": "Boolean indicating if the change '
 'is breaking (true) or non-breaking (false)",\n'
 '                              "release_note": "String with a natural '
 'language description of the change for release notes"\n'
 '                            }\n'
 '                          ],\n'
 '                          "release_notes": {\n'
 '                              "summary": "String summarizing all changes, '
 'suitable for a mailing list or public announcement"\n'
 '                          }\n'
 '                        }\n'
 '\n'
 '                        When analyzing, consider the following types of '
 'changes:\n'
 '                        1. Removing fields or types (breaking)\n'
 '                        2. Changing field types (potentially breaking)\n'
 '                        3. Adding required fields (breaking)\n'
 '                        4. Changing the type of existing arguments '
 '(breaking)\n'
 '                        5. Adding optional fields (non-breaking)\n'
 '                        6. Adding new types (non-breaking)\n'
 '                        7. Deprecating fields (non-breaking)\n'
 '\n'
 '                        Ensure that each change is categorized correctly as '
 'breaking or non-breaking.: type Query {\n'
 '  getProduct(id: ID!): Product\n'
 '}\n'
 '\n'
 'type Product {\n'
 '  id: ID\n'
 '  name: String\n'
 '  description: String\n'
 '  price: Float\n'
 '  stock: Int\n'
 '}\n'
 ', type Query {\n'
 '  getProduct(id: ID!): Product\n'
 '}\n'
 '\n'
 'type Product {\n'
 '  id: ID\n'
 '  name: String\n'
 '  details: String\n'
 '  price: Float\n'
 '}\n'
 '\n'
 "Answer:<||_html:<span style='background-color: rgba(0.0, 165.0, 0, 0.15); "
 "border-radius: 3px;' title='1.0'>_||> {<||_html:</span>_||><||_html:<span "
 "style='background-color: rgba(0.0, 165.0, 0, 0.15); border-radius: 3px;' "
 "title='1.0'>_||>\n"
 "<||_html:</span>_||><||_html:<span style='background-color: rgba(0.0, 165.0, "
 "0, 0.15); border-radius: 3px;' title='1.0'>_||> "
 "<||_html:</span>_||><||_html:<span style='background-color: rgba(0.0, 165.0, "
 "0, 0.15); border-radius: 3px;' title='1.0'>_||> "
 '"<||_html:</span>_||><||_html:<span style=\'background-color: rgba(0.0, '
 "165.0, 0, 0.15); border-radius: 3px;' "
 "title='1.0'>_||>changes<||_html:</span>_||><||_html:<span "
 "style='background-color: rgba(0.0, 165.0, 0, 0.15); border-radius: 3px;' "
 'title=\'1.0\'>_||>":<||_html:</span>_||><||_html:<span '
 "style='background-color: rgba(0.0, 165.0, 0, 0.15); border-radius: 3px;' "
 "title='1.0'>_||> [<||_html:</span>_||><||_html:<span "
 "style='background-color: rgba(0.0, 165.0, 0, 0.15); border-radius: 3px;' "
 "title='1.0'>_||>\n"
 "<||_html:</span>_||><||_html:<span style='background-color: rgba(0.0, 165.0, "
 "0, 0.15); border-radius: 3px;' title='1.0'>_||>   "
 "<||_html:</span>_||><||_html:<span style='background-color: rgba(0.0, 165.0, "
 "0, 0.15); border-radius: 3px;' title='1.0'>_||> "
 "{<||_html:</span>_||><||_html:<span style='background-color: rgba(0.0, "
 "165.0, 0, 0.15); border-radius: 3px;' title='1.0'>_||>\n"
 "<||_html:</span>_||><||_html:<span style='background-color: rgba(0.0, 165.0, "
 "0, 0.15); border-radius: 3px;' title='1.0'>_||>     "
 "<||_html:</span>_||><||_html:<span style='background-color: rgba(0.0, 165.0, "
 "0, 0.15); border-radius: 3px;' title='1.0'>_||> "
 '"<||_html:</span>_||><||_html:<span style=\'background-color: rgba(0.0, '
 "165.0, 0, 0.15); border-radius: 3px;' "
 "title='1.0'>_||>type<||_html:</span>_||><||_html:<span "
 "style='background-color: rgba(0.0, 165.0, 0, 0.15); border-radius: 3px;' "
 'title=\'1.0\'>_||>":<||_html:</span>_||><||_html:<span '
 "style='background-color: rgba(0.0, 165.0, 0, 0.15); border-radius: 3px;' "
 'title=\'1.0\'>_||> "<||_html:</span>_||><||_html:<span '
 "style='background-color: rgba(0.0, 165.0, 0, 0.15); border-radius: 3px;' "
 "title='1.0'>_||>Query<||_html:</span>_||><||_html:<span "
 "style='background-color: rgba(0.0, 165.0, 0, 0.15); border-radius: 3px;' "
 'title=\'1.0\'>_||>",<||_html:</span>_||><||_html:<span '
 "style='background-color: rgba(0.0, 165.0, 0, 0.15); border-radius: 3px;' "
 "title='1.0'>_||>\n"
 "<||_html:</span>_||><||_html:<span style='background-color: rgba(0.0, 165.0, "
 "0, 0.15); border-radius: 3px;' title='1.0'>_||>     "
 "<||_html:</span>_||><||_html:<span style='background-color: rgba(0.0, 165.0, "
 "0, 0.15); border-radius: 3px;' title='1.0'>_||> "
 '"<||_html:</span>_||><||_html:<span style=\'background-color: rgba(0.0, '
 "165.0, 0, 0.15); border-radius: 3px;' "
 "title='1.0'>_||>field<||_html:</span>_||><||_html:<span "
 "style='background-color: rgba(0.0, 165.0, 0, 0.15); border-radius: 3px;' "
 'title=\'1.0\'>_||>":<||_html:</span>_||><||_html:<span '
 "style='background-color: rgba(0.0, 165.0, 0, 0.15); border-radius: 3px;' "
 'title=\'1.0\'>_||> "<||_html:</span>_||><||_html:<span '
 "style='background-color: rgba(0.0, 165.0, 0, 0.15); border-radius: 3px;' "
 "title='1.0'>_||>get<||_html:</span>_||><||_html:<span "
 "style='background-color: rgba(0.0, 165.0, 0, 0.15); border-radius: 3px;' "
 "title='1.0'>_||>Product<||_html:</span>_||><||_html:<span "
 "style='background-color: rgba(0.0, 165.0, 0, 0.15); border-radius: 3px;' "
 'title=\'1.0\'>_||>",<||_html:</span>_||><||_html:<span '
 "style='background-color: rgba(0.0, 165.0, 0, 0.15); border-radius: 3px;' "
 "title='1.0'>_||>\n"
 "<||_html:</span>_||><||_html:<span style='background-color: rgba(0.0, 165.0, "
 "0, 0.15); border-radius: 3px;' title='1.0'>_||>     "
 "<||_html:</span>_||><||_html:<span style='background-color: rgba(0.0, 165.0, "
 "0, 0.15); border-radius: 3px;' title='1.0'>_||> "
 '"<||_html:</span>_||><||_html:<span style=\'background-color: rgba(0.0, '
 "165.0, 0, 0.15); border-radius: 3px;' "
 "title='1.0'>_||>change<||_html:</span>_||><||_html:<span "
 "style='background-color: rgba(0.0, 165.0, 0, 0.15); border-radius: 3px;' "
 'title=\'1.0\'>_||>":<||_html:</span>_||><||_html:<span '
 "style='background-color: rgba(0.0, 165.0, 0, 0.15); border-radius: 3px;' "
 'title=\'1.0\'>_||> "<||_html:</span>_||><||_html:<span '
 "style='background-color: rgba(0.0, 165.0, 0, 0.15); border-radius: 3px;' "
 "title='1.0'>_||>field<||_html:</span>_||><||_html:<span "
 "style='background-color: rgba(0.0, 165.0, 0, 0.15); border-radius: 3px;' "
 "title='1.0'>_||> details<||_html:</span>_||><||_html:<span "
 "style='background-color: rgba(0.0, 165.0, 0, 0.15); border-radius: 3px;' "
 "title='1.0'>_||> added<||_html:</span>_||><||_html:<span "
 "style='background-color: rgba(0.0, 165.0, 0, 0.15); border-radius: 3px;' "
 'title=\'1.0\'>_||>",<||_html:</span>_||><||_html:<span '
 "style='background-color: rgba(0.0, 165.0, 0, 0.15); border-radius: 3px;' "
 "title='1.0'>_||>\n"
 "<||_html:</span>_||><||_html:<span style='background-color: rgba(0.0, 165.0, "
 "0, 0.15); border-radius: 3px;' title='1.0'>_||>     "
 "<||_html:</span>_||><||_html:<span style='background-color: rgba(0.0, 165.0, "
 "0, 0.15); border-radius: 3px;' title='1.0'>_||> "
 '"<||_html:</span>_||><||_html:<span style=\'background-color: rgba(0.0, '
 "165.0, 0, 0.15); border-radius: 3px;' "
 "title='1.0'>_||>breaking<||_html:</span>_||><||_html:<span "
 "style='background-color: rgba(0.0, 165.0, 0, 0.15); border-radius: 3px;' "
 'title=\'1.0\'>_||>":<||_html:</span>_||><||_html:<span '
 "style='background-color: rgba(0.0, 165.0, 0, 0.15); border-radius: 3px;' "
 'title=\'1.0\'>_||> "<||_html:</span>_||><||_html:<span '
 "style='background-color: rgba(0.0, 165.0, 0, 0.15); border-radius: 3px;' "
 "title='1.0'>_||>false<||_html:</span>_||><||_html:<span "
 "style='background-color: rgba(0.0, 165.0, 0, 0.15); border-radius: 3px;' "
 'title=\'1.0\'>_||>",<||_html:</span>_||><||_html:<span '
 "style='background-color: rgba(0.0, 165.0, 0, 0.15); border-radius: 3px;' "
 "title='1.0'>_||>\n"
 "<||_html:</span>_||><||_html:<span style='background-color: rgba(0.0, 165.0, "
 "0, 0.15); border-radius: 3px;' title='1.0'>_||>     "
 "<||_html:</span>_||><||_html:<span style='background-color: rgba(0.0, 165.0, "
 "0, 0.15); border-radius: 3px;' title='1.0'>_||> "
 '"<||_html:</span>_||><||_html:<span style=\'background-color: rgba(0.0, '
 "165.0, 0, 0.15); border-radius: 3px;' "
 "title='1.0'>_||>release<||_html:</span>_||><||_html:<span "
 "style='background-color: rgba(0.0, 165.0, 0, 0.15); border-radius: 3px;' "
 "title='1.0'>_||>_<||_html:</span>_||><||_html:<span style='background-color: "
 "rgba(0.0, 165.0, 0, 0.15); border-radius: 3px;' "
 "title='1.0'>_||>note<||_html:</span>_||><||_html:<span "
 "style='background-color: rgba(0.0, 165.0, 0, 0.15); border-radius: 3px;' "
 'title=\'1.0\'>_||>":<||_html:</span>_||><||_html:<span '
 "style='background-color: rgba(0.0, 165.0, 0, 0.15); border-radius: 3px;' "
 'title=\'1.0\'>_||> "<||_html:</span>_||><||_html:<span '
 "style='background-color: rgba(0.0, 165.0, 0, 0.15); border-radius: 3px;' "
 "title='1.0'>_||>The<||_html:</span>_||><||_html:<span "
 "style='background-color: rgba(0.0, 165.0, 0, 0.15); border-radius: 3px;' "
 "title='1.0'>_||> '<||_html:</span>_||><||_html:<span "
 "style='background-color: rgba(0.0, 165.0, 0, 0.15); border-radius: 3px;' "
 "title='1.0'>_||>get<||_html:</span>_||><||_html:<span "
 "style='background-color: rgba(0.0, 165.0, 0, 0.15); border-radius: 3px;' "
 "title='1.0'>_||>Product<||_html:</span>_||><||_html:<span "
 "style='background-color: rgba(0.0, 165.0, 0, 0.15); border-radius: 3px;' "
 "title='1.0'>_||>'<||_html:</span>_||><||_html:<span style='background-color: "
 "rgba(0.0, 165.0, 0, 0.15); border-radius: 3px;' title='1.0'>_||> "
 "query<||_html:</span>_||><||_html:<span style='background-color: rgba(0.0, "
 "165.0, 0, 0.15); border-radius: 3px;' title='1.0'>_||> "
 "now<||_html:</span>_||><||_html:<span style='background-color: rgba(0.0, "
 "165.0, 0, 0.15); border-radius: 3px;' title='1.0'>_||> "
 "includes<||_html:</span>_||><||_html:<span style='background-color: "
 "rgba(0.0, 165.0, 0, 0.15); border-radius: 3px;' title='1.0'>_||> "
 "a<||_html:</span>_||><||_html:<span style='background-color: rgba(0.0, "
 "165.0, 0, 0.15); border-radius: 3px;' title='1.0'>_||> "
 "new<||_html:</span>_||><||_html:<span style='background-color: rgba(0.0, "
 "165.0, 0, 0.15); border-radius: 3px;' title='1.0'>_||> "
 "field<||_html:</span>_||><||_html:<span style='background-color: rgba(0.0, "
 "165.0, 0, 0.15); border-radius: 3px;' title='1.0'>_||> "
 "'<||_html:</span>_||><||_html:<span style='background-color: rgba(0.0, "
 "165.0, 0, 0.15); border-radius: 3px;' "
 "title='1.0'>_||>details<||_html:</span>_||><||_html:<span "
 "style='background-color: rgba(0.0, 165.0, 0, 0.15); border-radius: 3px;' "
 "title='1.0'>_||>'<||_html:</span>_||><||_html:<span style='background-color: "
 "rgba(0.0, 165.0, 0, 0.15); border-radius: 3px;' title='1.0'>_||> "
 "of<||_html:</span>_||><||_html:<span style='background-color: rgba(0.0, "
 "165.0, 0, 0.15); border-radius: 3px;' title='1.0'>_||> "
 "type<||_html:</span>_||><||_html:<span style='background-color: rgba(0.0, "
 "165.0, 0, 0.15); border-radius: 3px;' title='1.0'>_||> "
 "String<||_html:</span>_||><||_html:<span style='background-color: rgba(0.0, "
 "165.0, 0, 0.15); border-radius: 3px;' "
 'title=\'1.0\'>_||>."<||_html:</span>_||><||_html:<span '
 "style='background-color: rgba(0.0, 165.0, 0, 0.15); border-radius: 3px;' "
 "title='1.0'>_||>\n"
 "<||_html:</span>_||><||_html:<span style='background-color: rgba(0.0, 165.0, "
 "0, 0.15); border-radius: 3px;' title='1.0'>_||>   "
 "<||_html:</span>_||><||_html:<span style='background-color: rgba(0.0, 165.0, "
 "0, 0.15); border-radius: 3px;' title='1.0'>_||> "
 "},<||_html:</span>_||><||_html:<span style='background-color: rgba(0.0, "
 "165.0, 0, 0.15); border-radius: 3px;' title='1.0'>_||>\n"
 "<||_html:</span>_||><||_html:<span style='background-color: rgba(0.0, 165.0, "
 "0, 0.15); border-radius: 3px;' title='1.0'>_||>   "
 "<||_html:</span>_||><||_html:<span style='background-color: rgba(0.0, 165.0, "
 "0, 0.15); border-radius: 3px;' title='1.0'>_||> "
 "{<||_html:</span>_||><||_html:<span style='background-color: rgba(0.0, "
 "165.0, 0, 0.15); border-radius: 3px;' title='1.0'>_||>\n"
 "<||_html:</span>_||><||_html:<span style='background-color: rgba(0.0, 165.0, "
 "0, 0.15); border-radius: 3px;' title='1.0'>_||>     "
 "<||_html:</span>_||><||_html:<span style='background-color: rgba(0.0, 165.0, "
 "0, 0.15); border-radius: 3px;' title='1.0'>_||> "
 '"<||_html:</span>_||><||_html:<span style=\'background-color: rgba(0.0, '
 "165.0, 0, 0.15); border-radius: 3px;' "
 "title='1.0'>_||>type<||_html:</span>_||><||_html:<span "
 "style='background-color: rgba(0.0, 165.0, 0, 0.15); border-radius: 3px;' "
 'title=\'1.0\'>_||>":<||_html:</span>_||><||_html:<span '
 "style='background-color: rgba(0.0, 165.0, 0, 0.15); border-radius: 3px;' "
 'title=\'1.0\'>_||> "<||_html:</span>_||><||_html:<span '
 "style='background-color: rgba(0.0, 165.0, 0, 0.15); border-radius: 3px;' "
 "title='1.0'>_||>Product<||_html:</span>_||><||_html:<span "
 "style='background-color: rgba(0.0, 165.0, 0, 0.15); border-radius: 3px;' "
 'title=\'1.0\'>_||>",<||_html:</span>_||><||_html:<span '
 "style='background-color: rgba(0.0, 165.0, 0, 0.15); border-radius: 3px;' "
 "title='1.0'>_||>\n"
 "<||_html:</span>_||><||_html:<span style='background-color: rgba(0.0, 165.0, "
 "0, 0.15); border-radius: 3px;' title='1.0'>_||>     "
 "<||_html:</span>_||><||_html:<span style='background-color: rgba(0.0, 165.0, "
 "0, 0.15); border-radius: 3px;' title='1.0'>_||> "
 '"<||_html:</span>_||><||_html:<span style=\'background-color: rgba(0.0, '
 "165.0, 0, 0.15); border-radius: 3px;' "
 "title='1.0'>_||>field<||_html:</span>_||><||_html:<span "
 "style='background-color: rgba(0.0, 165.0, 0, 0.15); border-radius: 3px;' "
 'title=\'1.0\'>_||>":<||_html:</span>_||><||_html:<span '
 "style='background-color: rgba(0.0, 165.0, 0, 0.15); border-radius: 3px;' "
 'title=\'1.0\'>_||> "<||_html:</span>_||><||_html:<span '
 "style='background-color: rgba(0.0, 165.0, 0, 0.15); border-radius: 3px;' "
 "title='1.0'>_||>description<||_html:</span>_||><||_html:<span "
 "style='background-color: rgba(0.0, 165.0, 0, 0.15); border-radius: 3px;' "
 'title=\'1.0\'>_||>",<||_html:</span>_||><||_html:<span '
 "style='background-color: rgba(0.0, 165.0, 0, 0.15); border-radius: 3px;' "
 "title='1.0'>_||>\n"
 "<||_html:</span>_||><||_html:<span style='background-color: rgba(0.0, 165.0, "
 "0, 0.15); border-radius: 3px;' title='1.0'>_||>     "
 "<||_html:</span>_||><||_html:<span style='background-color: rgba(0.0, 165.0, "
 "0, 0.15); border-radius: 3px;' title='1.0'>_||> "
 '"<||_html:</span>_||><||_html:<span style=\'background-color: rgba(0.0, '
 "165.0, 0, 0.15); border-radius: 3px;' "
 "title='1.0'>_||>change<||_html:</span>_||><||_html:<span "
 "style='background-color: rgba(0.0, 165.0, 0, 0.15); border-radius: 3px;' "
 'title=\'1.0\'>_||>":<||_html:</span>_||><||_html:<span '
 "style='background-color: rgba(0.0, 165.0, 0, 0.15); border-radius: 3px;' "
 'title=\'1.0\'>_||> "<||_html:</span>_||><||_html:<span '
 "style='background-color: rgba(0.0, 165.0, 0, 0.15); border-radius: 3px;' "
 "title='1.0'>_||>field<||_html:</span>_||><||_html:<span "
 "style='background-color: rgba(0.0, 165.0, 0, 0.15); border-radius: 3px;' "
 "title='1.0'>_||> removed<||_html:</span>_||><||_html:<span "
 "style='background-color: rgba(0.0, 165.0, 0, 0.15); border-radius: 3px;' "
 'title=\'1.0\'>_||>",<||_html:</span>_||><||_html:<span '
 "style='background-color: rgba(0.0, 165.0, 0, 0.15); border-radius: 3px;' "
 "title='1.0'>_||>\n"
 "<||_html:</span>_||><||_html:<span style='background-color: rgba(0.0, 165.0, "
 "0, 0.15); border-radius: 3px;' title='1.0'>_||>     "
 "<||_html:</span>_||><||_html:<span style='background-color: rgba(0.0, 165.0, "
 "0, 0.15); border-radius: 3px;' title='1.0'>_||> "
 '"<||_html:</span>_||><||_html:<span style=\'background-color: rgba(0.0, '
 "165.0, 0, 0.15); border-radius: 3px;' "
 "title='1.0'>_||>breaking<||_html:</span>_||><||_html:<span "
 "style='background-color: rgba(0.0, 165.0, 0, 0.15); border-radius: 3px;' "
 'title=\'1.0\'>_||>":<||_html:</span>_||><||_html:<span '
 "style='background-color: rgba(0.0, 165.0, 0, 0.15); border-radius: 3px;' "
 'title=\'1.0\'>_||> "<||_html:</span>_||><||_html:<span '
 "style='background-color: rgba(0.0, 165.0, 0, 0.15); border-radius: 3px;' "
 "title='1.0'>_||>true<||_html:</span>_||><||_html:<span "
 "style='background-color: rgba(0.0, 165.0, 0, 0.15); border-radius: 3px;' "
 'title=\'1.0\'>_||>",<||_html:</span>_||><||_html:<span '
 "style='background-color: rgba(0.0, 165.0, 0, 0.15); border-radius: 3px;' "
 "title='1.0'>_||>\n"
 "<||_html:</span>_||><||_html:<span style='background-color: rgba(0.0, 165.0, "
 "0, 0.15); border-radius: 3px;' title='1.0'>_||>     "
 "<||_html:</span>_||><||_html:<span style='background-color: rgba(0.0, 165.0, "
 "0, 0.15); border-radius: 3px;' title='1.0'>_||> "
 '"<||_html:</span>_||><||_html:<span style=\'background-color: rgba(0.0, '
 "165.0, 0, 0.15); border-radius: 3px;' "
 "title='1.0'>_||>release<||_html:</span>_||><||_html:<span "
 "style='background-color: rgba(0.0, 165.0, 0, 0.15); border-radius: 3px;' "
 "title='1.0'>_||>")
('Analyze the following two GraphQL schemas for changes, including both '
 'breaking and non-breaking changes.\n'
 '\n'
 '                        Provide your analysis in the following JSON format:\n'
 '                        {\n'
 '                          "changes": [\n'
 '                            {\n'
 '                              "type": "String representing the GraphQL type '
 '(e.g., Query, Mutation, Subscription)",\n'
 '                              "field": "String representing the specific '
 'field that changed",\n'
 '                              "change": "String describing the change (e.g., '
 'field renamed, new field added, field removed)",\n'
 '                              "breaking": "Boolean indicating if the change '
 'is breaking (true) or non-breaking (false)",\n'
 '                              "release_note": "String with a natural '
 'language description of the change for release notes"\n'
 '                            }\n'
 '                          ],\n'
 '                          "release_notes": {\n'
 '                              "summary": "String summarizing all changes, '
 'suitable for a mailing list or public announcement"\n'
 '                          }\n'
 '                        }\n'
 '\n'
 '                        When analyzing, consider the following types of '
 'changes:\n'
 '                        1. Removing fields or types (breaking)\n'
 '                        2. Changing field types (potentially breaking)\n'
 '                        3. Adding required fields (breaking)\n'
 '                        4. Changing the type of existing arguments '
 '(breaking)\n'
 '                        5. Adding optional fields (non-breaking)\n'
 '                        6. Adding new types (non-breaking)\n'
 '                        7. Deprecating fields (non-breaking)\n'
 '\n'
 '                        Ensure that each change is categorized correctly as '
 'breaking or non-breaking.: type Query {\n'
 '  getProduct(id: ID!): Product\n'
 '}\n'
 '\n'
 'type Product {\n'
 '  id: ID\n'
 '  name: String\n'
 '  description: String\n'
 '  price: Float\n'
 '  stock: Int\n'
 '}\n'
 ', type Query {\n'
 '  getProduct(id: ID!): Product\n'
 '}\n'
 '\n'
 'type Product {\n'
 '  id: ID\n'
 '  name: String\n'
 '  details: String\n'
 '  price: Float\n'
 '}\n'
 '\n'
 "Answer:<||_html:<span style='background-color: rgba(0.0, 165.0, 0, 0.15); "
 "border-radius: 3px;' title='1.0'>_||> {<||_html:</span>_||><||_html:<span "
 "style='background-color: rgba(0.0, 165.0, 0, 0.15); border-radius: 3px;' "
 "title='1.0'>_||>\n"
 "<||_html:</span>_||><||_html:<span style='background-color: rgba(0.0, 165.0, "
 "0, 0.15); border-radius: 3px;' title='1.0'>_||> "
 "<||_html:</span>_||><||_html:<span style='background-color: rgba(0.0, 165.0, "
 "0, 0.15); border-radius: 3px;' title='1.0'>_||> "
 '"<||_html:</span>_||><||_html:<span style=\'background-color: rgba(0.0, '
 "165.0, 0, 0.15); border-radius: 3px;' "
 "title='1.0'>_||>changes<||_html:</span>_||><||_html:<span "
 "style='background-color: rgba(0.0, 165.0, 0, 0.15); border-radius: 3px;' "
 'title=\'1.0\'>_||>":<||_html:</span>_||><||_html:<span '
 "style='background-color: rgba(0.0, 165.0, 0, 0.15); border-radius: 3px;' "
 "title='1.0'>_||> [<||_html:</span>_||><||_html:<span "
 "style='background-color: rgba(0.0, 165.0, 0, 0.15); border-radius: 3px;' "
 "title='1.0'>_||>\n"
 "<||_html:</span>_||><||_html:<span style='background-color: rgba(0.0, 165.0, "
 "0, 0.15); border-radius: 3px;' title='1.0'>_||>   "
 "<||_html:</span>_||><||_html:<span style='background-color: rgba(0.0, 165.0, "
 "0, 0.15); border-radius: 3px;' title='1.0'>_||> "
 "{<||_html:</span>_||><||_html:<span style='background-color: rgba(0.0, "
 "165.0, 0, 0.15); border-radius: 3px;' title='1.0'>_||>\n"
 "<||_html:</span>_||><||_html:<span style='background-color: rgba(0.0, 165.0, "
 "0, 0.15); border-radius: 3px;' title='1.0'>_||>     "
 "<||_html:</span>_||><||_html:<span style='background-color: rgba(0.0, 165.0, "
 "0, 0.15); border-radius: 3px;' title='1.0'>_||> "
 '"<||_html:</span>_||><||_html:<span style=\'background-color: rgba(0.0, '
 "165.0, 0, 0.15); border-radius: 3px;' "
 "title='1.0'>_||>type<||_html:</span>_||><||_html:<span "
 "style='background-color: rgba(0.0, 165.0, 0, 0.15); border-radius: 3px;' "
 'title=\'1.0\'>_||>":<||_html:</span>_||><||_html:<span '
 "style='background-color: rgba(0.0, 165.0, 0, 0.15); border-radius: 3px;' "
 'title=\'1.0\'>_||> "<||_html:</span>_||><||_html:<span '
 "style='background-color: rgba(0.0, 165.0, 0, 0.15); border-radius: 3px;' "
 "title='1.0'>_||>Query<||_html:</span>_||><||_html:<span "
 "style='background-color: rgba(0.0, 165.0, 0, 0.15); border-radius: 3px;' "
 'title=\'1.0\'>_||>",<||_html:</span>_||><||_html:<span '
 "style='background-color: rgba(0.0, 165.0, 0, 0.15); border-radius: 3px;' "
 "title='1.0'>_||>\n"
 "<||_html:</span>_||><||_html:<span style='background-color: rgba(0.0, 165.0, "
 "0, 0.15); border-radius: 3px;' title='1.0'>_||>     "
 "<||_html:</span>_||><||_html:<span style='background-color: rgba(0.0, 165.0, "
 "0, 0.15); border-radius: 3px;' title='1.0'>_||> "
 '"<||_html:</span>_||><||_html:<span style=\'background-color: rgba(0.0, '
 "165.0, 0, 0.15); border-radius: 3px;' "
 "title='1.0'>_||>field<||_html:</span>_||><||_html:<span "
 "style='background-color: rgba(0.0, 165.0, 0, 0.15); border-radius: 3px;' "
 'title=\'1.0\'>_||>":<||_html:</span>_||><||_html:<span '
 "style='background-color: rgba(0.0, 165.0, 0, 0.15); border-radius: 3px;' "
 'title=\'1.0\'>_||> "<||_html:</span>_||><||_html:<span '
 "style='background-color: rgba(0.0, 165.0, 0, 0.15); border-radius: 3px;' "
 "title='1.0'>_||>get<||_html:</span>_||><||_html:<span "
 "style='background-color: rgba(0.0, 165.0, 0, 0.15); border-radius: 3px;' "
 "title='1.0'>_||>Product<||_html:</span>_||><||_html:<span "
 "style='background-color: rgba(0.0, 165.0, 0, 0.15); border-radius: 3px;' "
 'title=\'1.0\'>_||>",<||_html:</span>_||><||_html:<span '
 "style='background-color: rgba(0.0, 165.0, 0, 0.15); border-radius: 3px;' "
 "title='1.0'>_||>\n"
 "<||_html:</span>_||><||_html:<span style='background-color: rgba(0.0, 165.0, "
 "0, 0.15); border-radius: 3px;' title='1.0'>_||>     "
 "<||_html:</span>_||><||_html:<span style='background-color: rgba(0.0, 165.0, "
 "0, 0.15); border-radius: 3px;' title='1.0'>_||> "
 '"<||_html:</span>_||><||_html:<span style=\'background-color: rgba(0.0, '
 "165.0, 0, 0.15); border-radius: 3px;' "
 "title='1.0'>_||>change<||_html:</span>_||><||_html:<span "
 "style='background-color: rgba(0.0, 165.0, 0, 0.15); border-radius: 3px;' "
 'title=\'1.0\'>_||>":<||_html:</span>_||><||_html:<span '
 "style='background-color: rgba(0.0, 165.0, 0, 0.15); border-radius: 3px;' "
 'title=\'1.0\'>_||> "<||_html:</span>_||><||_html:<span '
 "style='background-color: rgba(0.0, 165.0, 0, 0.15); border-radius: 3px;' "
 "title='1.0'>_||>field<||_html:</span>_||><||_html:<span "
 "style='background-color: rgba(0.0, 165.0, 0, 0.15); border-radius: 3px;' "
 "title='1.0'>_||> details<||_html:</span>_||><||_html:<span "
 "style='background-color: rgba(0.0, 165.0, 0, 0.15); border-radius: 3px;' "
 "title='1.0'>_||> added<||_html:</span>_||><||_html:<span "
 "style='background-color: rgba(0.0, 165.0, 0, 0.15); border-radius: 3px;' "
 'title=\'1.0\'>_||>",<||_html:</span>_||><||_html:<span '
 "style='background-color: rgba(0.0, 165.0, 0, 0.15); border-radius: 3px;' "
 "title='1.0'>_||>\n"
 "<||_html:</span>_||><||_html:<span style='background-color: rgba(0.0, 165.0, "
 "0, 0.15); border-radius: 3px;' title='1.0'>_||>     "
 "<||_html:</span>_||><||_html:<span style='background-color: rgba(0.0, 165.0, "
 "0, 0.15); border-radius: 3px;' title='1.0'>_||> "
 '"<||_html:</span>_||><||_html:<span style=\'background-color: rgba(0.0, '
 "165.0, 0, 0.15); border-radius: 3px;' "
 "title='1.0'>_||>breaking<||_html:</span>_||><||_html:<span "
 "style='background-color: rgba(0.0, 165.0, 0, 0.15); border-radius: 3px;' "
 'title=\'1.0\'>_||>":<||_html:</span>_||><||_html:<span '
 "style='background-color: rgba(0.0, 165.0, 0, 0.15); border-radius: 3px;' "
 'title=\'1.0\'>_||> "<||_html:</span>_||><||_html:<span '
 "style='background-color: rgba(0.0, 165.0, 0, 0.15); border-radius: 3px;' "
 "title='1.0'>_||>false<||_html:</span>_||><||_html:<span "
 "style='background-color: rgba(0.0, 165.0, 0, 0.15); border-radius: 3px;' "
 'title=\'1.0\'>_||>",<||_html:</span>_||><||_html:<span '
 "style='background-color: rgba(0.0, 165.0, 0, 0.15); border-radius: 3px;' "
 "title='1.0'>_||>\n"
 "<||_html:</span>_||><||_html:<span style='background-color: rgba(0.0, 165.0, "
 "0, 0.15); border-radius: 3px;' title='1.0'>_||>     "
 "<||_html:</span>_||><||_html:<span style='background-color: rgba(0.0, 165.0, "
 "0, 0.15); border-radius: 3px;' title='1.0'>_||> "
 '"<||_html:</span>_||><||_html:<span style=\'background-color: rgba(0.0, '
 "165.0, 0, 0.15); border-radius: 3px;' "
 "title='1.0'>_||>release<||_html:</span>_||><||_html:<span "
 "style='background-color: rgba(0.0, 165.0, 0, 0.15); border-radius: 3px;' "
 "title='1.0'>_||>_<||_html:</span>_||><||_html:<span style='background-color: "
 "rgba(0.0, 165.0, 0, 0.15); border-radius: 3px;' "
 "title='1.0'>_||>note<||_html:</span>_||><||_html:<span "
 "style='background-color: rgba(0.0, 165.0, 0, 0.15); border-radius: 3px;' "
 'title=\'1.0\'>_||>":<||_html:</span>_||><||_html:<span '
 "style='background-color: rgba(0.0, 165.0, 0, 0.15); border-radius: 3px;' "
 'title=\'1.0\'>_||> "<||_html:</span>_||><||_html:<span '
 "style='background-color: rgba(0.0, 165.0, 0, 0.15); border-radius: 3px;' "
 "title='1.0'>_||>The<||_html:</span>_||><||_html:<span "
 "style='background-color: rgba(0.0, 165.0, 0, 0.15); border-radius: 3px;' "
 "title='1.0'>_||> '<||_html:</span>_||><||_html:<span "
 "style='background-color: rgba(0.0, 165.0, 0, 0.15); border-radius: 3px;' "
 "title='1.0'>_||>get<||_html:</span>_||><||_html:<span "
 "style='background-color: rgba(0.0, 165.0, 0, 0.15); border-radius: 3px;' "
 "title='1.0'>_||>Product<||_html:</span>_||><||_html:<span "
 "style='background-color: rgba(0.0, 165.0, 0, 0.15); border-radius: 3px;' "
 "title='1.0'>_||>'<||_html:</span>_||><||_html:<span style='background-color: "
 "rgba(0.0, 165.0, 0, 0.15); border-radius: 3px;' title='1.0'>_||> "
 "query<||_html:</span>_||><||_html:<span style='background-color: rgba(0.0, "
 "165.0, 0, 0.15); border-radius: 3px;' title='1.0'>_||> "
 "now<||_html:</span>_||><||_html:<span style='background-color: rgba(0.0, "
 "165.0, 0, 0.15); border-radius: 3px;' title='1.0'>_||> "
 "includes<||_html:</span>_||><||_html:<span style='background-color: "
 "rgba(0.0, 165.0, 0, 0.15); border-radius: 3px;' title='1.0'>_||> "
 "a<||_html:</span>_||><||_html:<span style='background-color: rgba(0.0, "
 "165.0, 0, 0.15); border-radius: 3px;' title='1.0'>_||> "
 "new<||_html:</span>_||><||_html:<span style='background-color: rgba(0.0, "
 "165.0, 0, 0.15); border-radius: 3px;' title='1.0'>_||> "
 "field<||_html:</span>_||><||_html:<span style='background-color: rgba(0.0, "
 "165.0, 0, 0.15); border-radius: 3px;' title='1.0'>_||> "
 "'<||_html:</span>_||><||_html:<span style='background-color: rgba(0.0, "
 "165.0, 0, 0.15); border-radius: 3px;' "
 "title='1.0'>_||>details<||_html:</span>_||><||_html:<span "
 "style='background-color: rgba(0.0, 165.0, 0, 0.15); border-radius: 3px;' "
 "title='1.0'>_||>'<||_html:</span>_||><||_html:<span style='background-color: "
 "rgba(0.0, 165.0, 0, 0.15); border-radius: 3px;' title='1.0'>_||> "
 "of<||_html:</span>_||><||_html:<span style='background-color: rgba(0.0, "
 "165.0, 0, 0.15); border-radius: 3px;' title='1.0'>_||> "
 "type<||_html:</span>_||><||_html:<span style='background-color: rgba(0.0, "
 "165.0, 0, 0.15); border-radius: 3px;' title='1.0'>_||> "
 "String<||_html:</span>_||><||_html:<span style='background-color: rgba(0.0, "
 "165.0, 0, 0.15); border-radius: 3px;' "
 'title=\'1.0\'>_||>."<||_html:</span>_||><||_html:<span '
 "style='background-color: rgba(0.0, 165.0, 0, 0.15); border-radius: 3px;' "
 "title='1.0'>_||>\n"
 "<||_html:</span>_||><||_html:<span style='background-color: rgba(0.0, 165.0, "
 "0, 0.15); border-radius: 3px;' title='1.0'>_||>   "
 "<||_html:</span>_||><||_html:<span style='background-color: rgba(0.0, 165.0, "
 "0, 0.15); border-radius: 3px;' title='1.0'>_||> "
 "},<||_html:</span>_||><||_html:<span style='background-color: rgba(0.0, "
 "165.0, 0, 0.15); border-radius: 3px;' title='1.0'>_||>\n"
 "<||_html:</span>_||><||_html:<span style='background-color: rgba(0.0, 165.0, "
 "0, 0.15); border-radius: 3px;' title='1.0'>_||>   "
 "<||_html:</span>_||><||_html:<span style='background-color: rgba(0.0, 165.0, "
 "0, 0.15); border-radius: 3px;' title='1.0'>_||> "
 "{<||_html:</span>_||><||_html:<span style='background-color: rgba(0.0, "
 "165.0, 0, 0.15); border-radius: 3px;' title='1.0'>_||>\n"
 "<||_html:</span>_||><||_html:<span style='background-color: rgba(0.0, 165.0, "
 "0, 0.15); border-radius: 3px;' title='1.0'>_||>     "
 "<||_html:</span>_||><||_html:<span style='background-color: rgba(0.0, 165.0, "
 "0, 0.15); border-radius: 3px;' title='1.0'>_||> "
 '"<||_html:</span>_||><||_html:<span style=\'background-color: rgba(0.0, '
 "165.0, 0, 0.15); border-radius: 3px;' "
 "title='1.0'>_||>type<||_html:</span>_||><||_html:<span "
 "style='background-color: rgba(0.0, 165.0, 0, 0.15); border-radius: 3px;' "
 'title=\'1.0\'>_||>":<||_html:</span>_||><||_html:<span '
 "style='background-color: rgba(0.0, 165.0, 0, 0.15); border-radius: 3px;' "
 'title=\'1.0\'>_||> "<||_html:</span>_||><||_html:<span '
 "style='background-color: rgba(0.0, 165.0, 0, 0.15); border-radius: 3px;' "
 "title='1.0'>_||>Product<||_html:</span>_||><||_html:<span "
 "style='background-color: rgba(0.0, 165.0, 0, 0.15); border-radius: 3px;' "
 'title=\'1.0\'>_||>",<||_html:</span>_||><||_html:<span '
 "style='background-color: rgba(0.0, 165.0, 0, 0.15); border-radius: 3px;' "
 "title='1.0'>_||>\n"
 "<||_html:</span>_||><||_html:<span style='background-color: rgba(0.0, 165.0, "
 "0, 0.15); border-radius: 3px;' title='1.0'>_||>     "
 "<||_html:</span>_||><||_html:<span style='background-color: rgba(0.0, 165.0, "
 "0, 0.15); border-radius: 3px;' title='1.0'>_||> "
 '"<||_html:</span>_||><||_html:<span style=\'background-color: rgba(0.0, '
 "165.0, 0, 0.15); border-radius: 3px;' "
 "title='1.0'>_||>field<||_html:</span>_||><||_html:<span "
 "style='background-color: rgba(0.0, 165.0, 0, 0.15); border-radius: 3px;' "
 'title=\'1.0\'>_||>":<||_html:</span>_||><||_html:<span '
 "style='background-color: rgba(0.0, 165.0, 0, 0.15); border-radius: 3px;' "
 'title=\'1.0\'>_||> "<||_html:</span>_||><||_html:<span '
 "style='background-color: rgba(0.0, 165.0, 0, 0.15); border-radius: 3px;' "
 "title='1.0'>_||>description<||_html:</span>_||><||_html:<span "
 "style='background-color: rgba(0.0, 165.0, 0, 0.15); border-radius: 3px;' "
 'title=\'1.0\'>_||>",<||_html:</span>_||><||_html:<span '
 "style='background-color: rgba(0.0, 165.0, 0, 0.15); border-radius: 3px;' "
 "title='1.0'>_||>\n"
 "<||_html:</span>_||><||_html:<span style='background-color: rgba(0.0, 165.0, "
 "0, 0.15); border-radius: 3px;' title='1.0'>_||>     "
 "<||_html:</span>_||><||_html:<span style='background-color: rgba(0.0, 165.0, "
 "0, 0.15); border-radius: 3px;' title='1.0'>_||> "
 '"<||_html:</span>_||><||_html:<span style=\'background-color: rgba(0.0, '
 "165.0, 0, 0.15); border-radius: 3px;' "
 "title='1.0'>_||>change<||_html:</span>_||><||_html:<span "
 "style='background-color: rgba(0.0, 165.0, 0, 0.15); border-radius: 3px;' "
 'title=\'1.0\'>_||>":<||_html:</span>_||><||_html:<span '
 "style='background-color: rgba(0.0, 165.0, 0, 0.15); border-radius: 3px;' "
 'title=\'1.0\'>_||> "<||_html:</span>_||><||_html:<span '
 "style='background-color: rgba(0.0, 165.0, 0, 0.15); border-radius: 3px;' "
 "title='1.0'>_||>field<||_html:</span>_||><||_html:<span "
 "style='background-color: rgba(0.0, 165.0, 0, 0.15); border-radius: 3px;' "
 "title='1.0'>_||> removed<||_html:</span>_||><||_html:<span "
 "style='background-color: rgba(0.0, 165.0, 0, 0.15); border-radius: 3px;' "
 'title=\'1.0\'>_||>",<||_html:</span>_||><||_html:<span '
 "style='background-color: rgba(0.0, 165.0, 0, 0.15); border-radius: 3px;' "
 "title='1.0'>_||>\n"
 "<||_html:</span>_||><||_html:<span style='background-color: rgba(0.0, 165.0, "
 "0, 0.15); border-radius: 3px;' title='1.0'>_||>     "
 "<||_html:</span>_||><||_html:<span style='background-color: rgba(0.0, 165.0, "
 "0, 0.15); border-radius: 3px;' title='1.0'>_||> "
 '"<||_html:</span>_||><||_html:<span style=\'background-color: rgba(0.0, '
 "165.0, 0, 0.15); border-radius: 3px;' "
 "title='1.0'>_||>breaking<||_html:</span>_||><||_html:<span "
 "style='background-color: rgba(0.0, 165.0, 0, 0.15); border-radius: 3px;' "
 'title=\'1.0\'>_||>":<||_html:</span>_||><||_html:<span '
 "style='background-color: rgba(0.0, 165.0, 0, 0.15); border-radius: 3px;' "
 'title=\'1.0\'>_||> "<||_html:</span>_||><||_html:<span '
 "style='background-color: rgba(0.0, 165.0, 0, 0.15); border-radius: 3px;' "
 "title='1.0'>_||>true<||_html:</span>_||><||_html:<span "
 "style='background-color: rgba(0.0, 165.0, 0, 0.15); border-radius: 3px;' "
 'title=\'1.0\'>_||>",<||_html:</span>_||><||_html:<span '
 "style='background-color: rgba(0.0, 165.0, 0, 0.15); border-radius: 3px;' "
 "title='1.0'>_||>\n"
 "<||_html:</span>_||><||_html:<span style='background-color: rgba(0.0, 165.0, "
 "0, 0.15); border-radius: 3px;' title='1.0'>_||>     "
 "<||_html:</span>_||><||_html:<span style='background-color: rgba(0.0, 165.0, "
 "0, 0.15); border-radius: 3px;' title='1.0'>_||> "
 '"<||_html:</span>_||><||_html:<span style=\'background-color: rgba(0.0, '
 "165.0, 0, 0.15); border-radius: 3px;' "
 "title='1.0'>_||>release<||_html:</span>_||><||_html:<span "
 "style='background-color: rgba(0.0, 165.0, 0, 0.15); border-radius: 3px;' "
 "title='1.0'>_||>_<||_html:</span>_||><||_html:<span style='background-color: "
 "rgba(0.0, 165.0, 0, 0.15); border-radius: 3px;' "
 "title='1.0'>_||>note<||_html:</span>_||><||_html:<span "
 "style='background-color: rgba(0.0, 165.0, 0, 0.15); border-radius: 3px;' "
 'title=\'1.0\'>_||>":<||_html:</span>_||><||_html:<span '
 "style='background-color: rgba(0.0, 165.0, 0, 0.15); border-radius: 3px;' "
 "title='1.0'>_||>")
('Analyze the following two GraphQL schemas for changes, including both '
 'breaking and non-breaking changes.\n'
 '\n'
 '                        Provide your analysis in the following JSON format:\n'
 '                        {\n'
 '                          "changes": [\n'
 '                            {\n'
 '                              "type": "String representing the GraphQL type '
 '(e.g., Query, Mutation, Subscription)",\n'
 '                              "field": "String representing the specific '
 'field that changed",\n'
 '                              "change": "String describing the change (e.g., '
 'field renamed, new field added, field removed)",\n'
 '                              "breaking": "Boolean indicating if the change '
 'is breaking (true) or non-breaking (false)",\n'
 '                              "release_note": "String with a natural '
 'language description of the change for release notes"\n'
 '                            }\n'
 '                          ],\n'
 '                          "release_notes": {\n'
 '                              "summary": "String summarizing all changes, '
 'suitable for a mailing list or public announcement"\n'
 '                          }\n'
 '                        }\n'
 '\n'
 '                        When analyzing, consider the following types of '
 'changes:\n'
 '                        1. Removing fields or types (breaking)\n'
 '                        2. Changing field types (potentially breaking)\n'
 '                        3. Adding required fields (breaking)\n'
 '                        4. Changing the type of existing arguments '
 '(breaking)\n'
 '                        5. Adding optional fields (non-breaking)\n'
 '                        6. Adding new types (non-breaking)\n'
 '                        7. Deprecating fields (non-breaking)\n'
 '\n'
 '                        Ensure that each change is categorized correctly as '
 'breaking or non-breaking.: type Query {\n'
 '  getProduct(id: ID!): Product\n'
 '}\n'
 '\n'
 'type Product {\n'
 '  id: ID\n'
 '  name: String\n'
 '  description: String\n'
 '  price: Float\n'
 '  stock: Int\n'
 '}\n'
 ', type Query {\n'
 '  getProduct(id: ID!): Product\n'
 '}\n'
 '\n'
 'type Product {\n'
 '  id: ID\n'
 '  name: String\n'
 '  details: String\n'
 '  price: Float\n'
 '}\n'
 '\n'
 "Answer:<||_html:<span style='background-color: rgba(0.0, 165.0, 0, 0.15); "
 "border-radius: 3px;' title='1.0'>_||> {<||_html:</span>_||><||_html:<span "
 "style='background-color: rgba(0.0, 165.0, 0, 0.15); border-radius: 3px;' "
 "title='1.0'>_||>\n"
 "<||_html:</span>_||><||_html:<span style='background-color: rgba(0.0, 165.0, "
 "0, 0.15); border-radius: 3px;' title='1.0'>_||> "
 "<||_html:</span>_||><||_html:<span style='background-color: rgba(0.0, 165.0, "
 "0, 0.15); border-radius: 3px;' title='1.0'>_||> "
 '"<||_html:</span>_||><||_html:<span style=\'background-color: rgba(0.0, '
 "165.0, 0, 0.15); border-radius: 3px;' "
 "title='1.0'>_||>changes<||_html:</span>_||><||_html:<span "
 "style='background-color: rgba(0.0, 165.0, 0, 0.15); border-radius: 3px;' "
 'title=\'1.0\'>_||>":<||_html:</span>_||><||_html:<span '
 "style='background-color: rgba(0.0, 165.0, 0, 0.15); border-radius: 3px;' "
 "title='1.0'>_||> [<||_html:</span>_||><||_html:<span "
 "style='background-color: rgba(0.0, 165.0, 0, 0.15); border-radius: 3px;' "
 "title='1.0'>_||>\n"
 "<||_html:</span>_||><||_html:<span style='background-color: rgba(0.0, 165.0, "
 "0, 0.15); border-radius: 3px;' title='1.0'>_||>   "
 "<||_html:</span>_||><||_html:<span style='background-color: rgba(0.0, 165.0, "
 "0, 0.15); border-radius: 3px;' title='1.0'>_||> "
 "{<||_html:</span>_||><||_html:<span style='background-color: rgba(0.0, "
 "165.0, 0, 0.15); border-radius: 3px;' title='1.0'>_||>\n"
 "<||_html:</span>_||><||_html:<span style='background-color: rgba(0.0, 165.0, "
 "0, 0.15); border-radius: 3px;' title='1.0'>_||>     "
 "<||_html:</span>_||><||_html:<span style='background-color: rgba(0.0, 165.0, "
 "0, 0.15); border-radius: 3px;' title='1.0'>_||> "
 '"<||_html:</span>_||><||_html:<span style=\'background-color: rgba(0.0, '
 "165.0, 0, 0.15); border-radius: 3px;' "
 "title='1.0'>_||>type<||_html:</span>_||><||_html:<span "
 "style='background-color: rgba(0.0, 165.0, 0, 0.15); border-radius: 3px;' "
 'title=\'1.0\'>_||>":<||_html:</span>_||><||_html:<span '
 "style='background-color: rgba(0.0, 165.0, 0, 0.15); border-radius: 3px;' "
 'title=\'1.0\'>_||> "<||_html:</span>_||><||_html:<span '
 "style='background-color: rgba(0.0, 165.0, 0, 0.15); border-radius: 3px;' "
 "title='1.0'>_||>Query<||_html:</span>_||><||_html:<span "
 "style='background-color: rgba(0.0, 165.0, 0, 0.15); border-radius: 3px;' "
 'title=\'1.0\'>_||>",<||_html:</span>_||><||_html:<span '
 "style='background-color: rgba(0.0, 165.0, 0, 0.15); border-radius: 3px;' "
 "title='1.0'>_||>\n"
 "<||_html:</span>_||><||_html:<span style='background-color: rgba(0.0, 165.0, "
 "0, 0.15); border-radius: 3px;' title='1.0'>_||>     "
 "<||_html:</span>_||><||_html:<span style='background-color: rgba(0.0, 165.0, "
 "0, 0.15); border-radius: 3px;' title='1.0'>_||> "
 '"<||_html:</span>_||><||_html:<span style=\'background-color: rgba(0.0, '
 "165.0, 0, 0.15); border-radius: 3px;' "
 "title='1.0'>_||>field<||_html:</span>_||><||_html:<span "
 "style='background-color: rgba(0.0, 165.0, 0, 0.15); border-radius: 3px;' "
 'title=\'1.0\'>_||>":<||_html:</span>_||><||_html:<span '
 "style='background-color: rgba(0.0, 165.0, 0, 0.15); border-radius: 3px;' "
 'title=\'1.0\'>_||> "<||_html:</span>_||><||_html:<span '
 "style='background-color: rgba(0.0, 165.0, 0, 0.15); border-radius: 3px;' "
 "title='1.0'>_||>get<||_html:</span>_||><||_html:<span "
 "style='background-color: rgba(0.0, 165.0, 0, 0.15); border-radius: 3px;' "
 "title='1.0'>_||>Product<||_html:</span>_||><||_html:<span "
 "style='background-color: rgba(0.0, 165.0, 0, 0.15); border-radius: 3px;' "
 'title=\'1.0\'>_||>",<||_html:</span>_||><||_html:<span '
 "style='background-color: rgba(0.0, 165.0, 0, 0.15); border-radius: 3px;' "
 "title='1.0'>_||>\n"
 "<||_html:</span>_||><||_html:<span style='background-color: rgba(0.0, 165.0, "
 "0, 0.15); border-radius: 3px;' title='1.0'>_||>     "
 "<||_html:</span>_||><||_html:<span style='background-color: rgba(0.0, 165.0, "
 "0, 0.15); border-radius: 3px;' title='1.0'>_||> "
 '"<||_html:</span>_||><||_html:<span style=\'background-color: rgba(0.0, '
 "165.0, 0, 0.15); border-radius: 3px;' "
 "title='1.0'>_||>change<||_html:</span>_||><||_html:<span "
 "style='background-color: rgba(0.0, 165.0, 0, 0.15); border-radius: 3px;' "
 'title=\'1.0\'>_||>":<||_html:</span>_||><||_html:<span '
 "style='background-color: rgba(0.0, 165.0, 0, 0.15); border-radius: 3px;' "
 'title=\'1.0\'>_||> "<||_html:</span>_||><||_html:<span '
 "style='background-color: rgba(0.0, 165.0, 0, 0.15); border-radius: 3px;' "
 "title='1.0'>_||>field<||_html:</span>_||><||_html:<span "
 "style='background-color: rgba(0.0, 165.0, 0, 0.15); border-radius: 3px;' "
 "title='1.0'>_||> details<||_html:</span>_||><||_html:<span "
 "style='background-color: rgba(0.0, 165.0, 0, 0.15); border-radius: 3px;' "
 "title='1.0'>_||> added<||_html:</span>_||><||_html:<span "
 "style='background-color: rgba(0.0, 165.0, 0, 0.15); border-radius: 3px;' "
 'title=\'1.0\'>_||>",<||_html:</span>_||><||_html:<span '
 "style='background-color: rgba(0.0, 165.0, 0, 0.15); border-radius: 3px;' "
 "title='1.0'>_||>\n"
 "<||_html:</span>_||><||_html:<span style='background-color: rgba(0.0, 165.0, "
 "0, 0.15); border-radius: 3px;' title='1.0'>_||>     "
 "<||_html:</span>_||><||_html:<span style='background-color: rgba(0.0, 165.0, "
 "0, 0.15); border-radius: 3px;' title='1.0'>_||> "
 '"<||_html:</span>_||><||_html:<span style=\'background-color: rgba(0.0, '
 "165.0, 0, 0.15); border-radius: 3px;' "
 "title='1.0'>_||>breaking<||_html:</span>_||><||_html:<span "
 "style='background-color: rgba(0.0, 165.0, 0, 0.15); border-radius: 3px;' "
 'title=\'1.0\'>_||>":<||_html:</span>_||><||_html:<span '
 "style='background-color: rgba(0.0, 165.0, 0, 0.15); border-radius: 3px;' "
 'title=\'1.0\'>_||> "<||_html:</span>_||><||_html:<span '
 "style='background-color: rgba(0.0, 165.0, 0, 0.15); border-radius: 3px;' "
 "title='1.0'>_||>false<||_html:</span>_||><||_html:<span "
 "style='background-color: rgba(0.0, 165.0, 0, 0.15); border-radius: 3px;' "
 'title=\'1.0\'>_||>",<||_html:</span>_||><||_html:<span '
 "style='background-color: rgba(0.0, 165.0, 0, 0.15); border-radius: 3px;' "
 "title='1.0'>_||>\n"
 "<||_html:</span>_||><||_html:<span style='background-color: rgba(0.0, 165.0, "
 "0, 0.15); border-radius: 3px;' title='1.0'>_||>     "
 "<||_html:</span>_||><||_html:<span style='background-color: rgba(0.0, 165.0, "
 "0, 0.15); border-radius: 3px;' title='1.0'>_||> "
 '"<||_html:</span>_||><||_html:<span style=\'background-color: rgba(0.0, '
 "165.0, 0, 0.15); border-radius: 3px;' "
 "title='1.0'>_||>release<||_html:</span>_||><||_html:<span "
 "style='background-color: rgba(0.0, 165.0, 0, 0.15); border-radius: 3px;' "
 "title='1.0'>_||>_<||_html:</span>_||><||_html:<span style='background-color: "
 "rgba(0.0, 165.0, 0, 0.15); border-radius: 3px;' "
 "title='1.0'>_||>note<||_html:</span>_||><||_html:<span "
 "style='background-color: rgba(0.0, 165.0, 0, 0.15); border-radius: 3px;' "
 'title=\'1.0\'>_||>":<||_html:</span>_||><||_html:<span '
 "style='background-color: rgba(0.0, 165.0, 0, 0.15); border-radius: 3px;' "
 'title=\'1.0\'>_||> "<||_html:</span>_||><||_html:<span '
 "style='background-color: rgba(0.0, 165.0, 0, 0.15); border-radius: 3px;' "
 "title='1.0'>_||>The<||_html:</span>_||><||_html:<span "
 "style='background-color: rgba(0.0, 165.0, 0, 0.15); border-radius: 3px;' "
 "title='1.0'>_||> '<||_html:</span>_||><||_html:<span "
 "style='background-color: rgba(0.0, 165.0, 0, 0.15); border-radius: 3px;' "
 "title='1.0'>_||>get<||_html:</span>_||><||_html:<span "
 "style='background-color: rgba(0.0, 165.0, 0, 0.15); border-radius: 3px;' "
 "title='1.0'>_||>Product<||_html:</span>_||><||_html:<span "
 "style='background-color: rgba(0.0, 165.0, 0, 0.15); border-radius: 3px;' "
 "title='1.0'>_||>'<||_html:</span>_||><||_html:<span style='background-color: "
 "rgba(0.0, 165.0, 0, 0.15); border-radius: 3px;' title='1.0'>_||> "
 "query<||_html:</span>_||><||_html:<span style='background-color: rgba(0.0, "
 "165.0, 0, 0.15); border-radius: 3px;' title='1.0'>_||> "
 "now<||_html:</span>_||><||_html:<span style='background-color: rgba(0.0, "
 "165.0, 0, 0.15); border-radius: 3px;' title='1.0'>_||> "
 "includes<||_html:</span>_||><||_html:<span style='background-color: "
 "rgba(0.0, 165.0, 0, 0.15); border-radius: 3px;' title='1.0'>_||> "
 "a<||_html:</span>_||><||_html:<span style='background-color: rgba(0.0, "
 "165.0, 0, 0.15); border-radius: 3px;' title='1.0'>_||> "
 "new<||_html:</span>_||><||_html:<span style='background-color: rgba(0.0, "
 "165.0, 0, 0.15); border-radius: 3px;' title='1.0'>_||> "
 "field<||_html:</span>_||><||_html:<span style='background-color: rgba(0.0, "
 "165.0, 0, 0.15); border-radius: 3px;' title='1.0'>_||> "
 "'<||_html:</span>_||><||_html:<span style='background-color: rgba(0.0, "
 "165.0, 0, 0.15); border-radius: 3px;' "
 "title='1.0'>_||>details<||_html:</span>_||><||_html:<span "
 "style='background-color: rgba(0.0, 165.0, 0, 0.15); border-radius: 3px;' "
 "title='1.0'>_||>'<||_html:</span>_||><||_html:<span style='background-color: "
 "rgba(0.0, 165.0, 0, 0.15); border-radius: 3px;' title='1.0'>_||> "
 "of<||_html:</span>_||><||_html:<span style='background-color: rgba(0.0, "
 "165.0, 0, 0.15); border-radius: 3px;' title='1.0'>_||> "
 "type<||_html:</span>_||><||_html:<span style='background-color: rgba(0.0, "
 "165.0, 0, 0.15); border-radius: 3px;' title='1.0'>_||> "
 "String<||_html:</span>_||><||_html:<span style='background-color: rgba(0.0, "
 "165.0, 0, 0.15); border-radius: 3px;' "
 'title=\'1.0\'>_||>."<||_html:</span>_||><||_html:<span '
 "style='background-color: rgba(0.0, 165.0, 0, 0.15); border-radius: 3px;' "
 "title='1.0'>_||>\n"
 "<||_html:</span>_||><||_html:<span style='background-color: rgba(0.0, 165.0, "
 "0, 0.15); border-radius: 3px;' title='1.0'>_||>   "
 "<||_html:</span>_||><||_html:<span style='background-color: rgba(0.0, 165.0, "
 "0, 0.15); border-radius: 3px;' title='1.0'>_||> "
 "},<||_html:</span>_||><||_html:<span style='background-color: rgba(0.0, "
 "165.0, 0, 0.15); border-radius: 3px;' title='1.0'>_||>\n"
 "<||_html:</span>_||><||_html:<span style='background-color: rgba(0.0, 165.0, "
 "0, 0.15); border-radius: 3px;' title='1.0'>_||>   "
 "<||_html:</span>_||><||_html:<span style='background-color: rgba(0.0, 165.0, "
 "0, 0.15); border-radius: 3px;' title='1.0'>_||> "
 "{<||_html:</span>_||><||_html:<span style='background-color: rgba(0.0, "
 "165.0, 0, 0.15); border-radius: 3px;' title='1.0'>_||>\n"
 "<||_html:</span>_||><||_html:<span style='background-color: rgba(0.0, 165.0, "
 "0, 0.15); border-radius: 3px;' title='1.0'>_||>     "
 "<||_html:</span>_||><||_html:<span style='background-color: rgba(0.0, 165.0, "
 "0, 0.15); border-radius: 3px;' title='1.0'>_||> "
 '"<||_html:</span>_||><||_html:<span style=\'background-color: rgba(0.0, '
 "165.0, 0, 0.15); border-radius: 3px;' "
 "title='1.0'>_||>type<||_html:</span>_||><||_html:<span "
 "style='background-color: rgba(0.0, 165.0, 0, 0.15); border-radius: 3px;' "
 'title=\'1.0\'>_||>":<||_html:</span>_||><||_html:<span '
 "style='background-color: rgba(0.0, 165.0, 0, 0.15); border-radius: 3px;' "
 'title=\'1.0\'>_||> "<||_html:</span>_||><||_html:<span '
 "style='background-color: rgba(0.0, 165.0, 0, 0.15); border-radius: 3px;' "
 "title='1.0'>_||>Product<||_html:</span>_||><||_html:<span "
 "style='background-color: rgba(0.0, 165.0, 0, 0.15); border-radius: 3px;' "
 'title=\'1.0\'>_||>",<||_html:</span>_||><||_html:<span '
 "style='background-color: rgba(0.0, 165.0, 0, 0.15); border-radius: 3px;' "
 "title='1.0'>_||>\n"
 "<||_html:</span>_||><||_html:<span style='background-color: rgba(0.0, 165.0, "
 "0, 0.15); border-radius: 3px;' title='1.0'>_||>     "
 "<||_html:</span>_||><||_html:<span style='background-color: rgba(0.0, 165.0, "
 "0, 0.15); border-radius: 3px;' title='1.0'>_||> "
 '"<||_html:</span>_||><||_html:<span style=\'background-color: rgba(0.0, '
 "165.0, 0, 0.15); border-radius: 3px;' "
 "title='1.0'>_||>field<||_html:</span>_||><||_html:<span "
 "style='background-color: rgba(0.0, 165.0, 0, 0.15); border-radius: 3px;' "
 'title=\'1.0\'>_||>":<||_html:</span>_||><||_html:<span '
 "style='background-color: rgba(0.0, 165.0, 0, 0.15); border-radius: 3px;' "
 'title=\'1.0\'>_||> "<||_html:</span>_||><||_html:<span '
 "style='background-color: rgba(0.0, 165.0, 0, 0.15); border-radius: 3px;' "
 "title='1.0'>_||>description<||_html:</span>_||><||_html:<span "
 "style='background-color: rgba(0.0, 165.0, 0, 0.15); border-radius: 3px;' "
 'title=\'1.0\'>_||>",<||_html:</span>_||><||_html:<span '
 "style='background-color: rgba(0.0, 165.0, 0, 0.15); border-radius: 3px;' "
 "title='1.0'>_||>\n"
 "<||_html:</span>_||><||_html:<span style='background-color: rgba(0.0, 165.0, "
 "0, 0.15); border-radius: 3px;' title='1.0'>_||>     "
 "<||_html:</span>_||><||_html:<span style='background-color: rgba(0.0, 165.0, "
 "0, 0.15); border-radius: 3px;' title='1.0'>_||> "
 '"<||_html:</span>_||><||_html:<span style=\'background-color: rgba(0.0, '
 "165.0, 0, 0.15); border-radius: 3px;' "
 "title='1.0'>_||>change<||_html:</span>_||><||_html:<span "
 "style='background-color: rgba(0.0, 165.0, 0, 0.15); border-radius: 3px;' "
 'title=\'1.0\'>_||>":<||_html:</span>_||><||_html:<span '
 "style='background-color: rgba(0.0, 165.0, 0, 0.15); border-radius: 3px;' "
 'title=\'1.0\'>_||> "<||_html:</span>_||><||_html:<span '
 "style='background-color: rgba(0.0, 165.0, 0, 0.15); border-radius: 3px;' "
 "title='1.0'>_||>field<||_html:</span>_||><||_html:<span "
 "style='background-color: rgba(0.0, 165.0, 0, 0.15); border-radius: 3px;' "
 "title='1.0'>_||> removed<||_html:</span>_||><||_html:<span "
 "style='background-color: rgba(0.0, 165.0, 0, 0.15); border-radius: 3px;' "
 'title=\'1.0\'>_||>",<||_html:</span>_||><||_html:<span '
 "style='background-color: rgba(0.0, 165.0, 0, 0.15); border-radius: 3px;' "
 "title='1.0'>_||>\n"
 "<||_html:</span>_||><||_html:<span style='background-color: rgba(0.0, 165.0, "
 "0, 0.15); border-radius: 3px;' title='1.0'>_||>     "
 "<||_html:</span>_||><||_html:<span style='background-color: rgba(0.0, 165.0, "
 "0, 0.15); border-radius: 3px;' title='1.0'>_||> "
 '"<||_html:</span>_||><||_html:<span style=\'background-color: rgba(0.0, '
 "165.0, 0, 0.15); border-radius: 3px;' "
 "title='1.0'>_||>breaking<||_html:</span>_||><||_html:<span "
 "style='background-color: rgba(0.0, 165.0, 0, 0.15); border-radius: 3px;' "
 'title=\'1.0\'>_||>":<||_html:</span>_||><||_html:<span '
 "style='background-color: rgba(0.0, 165.0, 0, 0.15); border-radius: 3px;' "
 'title=\'1.0\'>_||> "<||_html:</span>_||><||_html:<span '
 "style='background-color: rgba(0.0, 165.0, 0, 0.15); border-radius: 3px;' "
 "title='1.0'>_||>true<||_html:</span>_||><||_html:<span "
 "style='background-color: rgba(0.0, 165.0, 0, 0.15); border-radius: 3px;' "
 'title=\'1.0\'>_||>",<||_html:</span>_||><||_html:<span '
 "style='background-color: rgba(0.0, 165.0, 0, 0.15); border-radius: 3px;' "
 "title='1.0'>_||>\n"
 "<||_html:</span>_||><||_html:<span style='background-color: rgba(0.0, 165.0, "
 "0, 0.15); border-radius: 3px;' title='1.0'>_||>     "
 "<||_html:</span>_||><||_html:<span style='background-color: rgba(0.0, 165.0, "
 "0, 0.15); border-radius: 3px;' title='1.0'>_||> "
 '"<||_html:</span>_||><||_html:<span style=\'background-color: rgba(0.0, '
 "165.0, 0, 0.15); border-radius: 3px;' "
 "title='1.0'>_||>release<||_html:</span>_||><||_html:<span "
 "style='background-color: rgba(0.0, 165.0, 0, 0.15); border-radius: 3px;' "
 "title='1.0'>_||>_<||_html:</span>_||><||_html:<span style='background-color: "
 "rgba(0.0, 165.0, 0, 0.15); border-radius: 3px;' "
 "title='1.0'>_||>note<||_html:</span>_||><||_html:<span "
 "style='background-color: rgba(0.0, 165.0, 0, 0.15); border-radius: 3px;' "
 'title=\'1.0\'>_||>":<||_html:</span>_||><||_html:<span '
 "style='background-color: rgba(0.0, 165.0, 0, 0.15); border-radius: 3px;' "
 'title=\'1.0\'>_||> "<||_html:</span>_||><||_html:<span '
 "style='background-color: rgba(0.0, 165.0, 0, 0.15); border-radius: 3px;' "
 "title='1.0'>_||>The<||_html:</span>_||><||_html:<span "
 "style='background-color: rgba(0.0, 165.0, 0, 0.15); border-radius: 3px;' "
 "title='1.0'>_||> '<||_html:</span>_||><||_html:<span "
 "style='background-color: rgba(0.0, 165.0, 0, 0.15); border-radius: 3px;' "
 "title='1.0'>_||>")
('Analyze the following two GraphQL schemas for changes, including both '
 'breaking and non-breaking changes.\n'
 '\n'
 '                        Provide your analysis in the following JSON format:\n'
 '                        {\n'
 '                          "changes": [\n'
 '                            {\n'
 '                              "type": "String representing the GraphQL type '
 '(e.g., Query, Mutation, Subscription)",\n'
 '                              "field": "String representing the specific '
 'field that changed",\n'
 '                              "change": "String describing the change (e.g., '
 'field renamed, new field added, field removed)",\n'
 '                              "breaking": "Boolean indicating if the change '
 'is breaking (true) or non-breaking (false)",\n'
 '                              "release_note": "String with a natural '
 'language description of the change for release notes"\n'
 '                            }\n'
 '                          ],\n'
 '                          "release_notes": {\n'
 '                              "summary": "String summarizing all changes, '
 'suitable for a mailing list or public announcement"\n'
 '                          }\n'
 '                        }\n'
 '\n'
 '                        When analyzing, consider the following types of '
 'changes:\n'
 '                        1. Removing fields or types (breaking)\n'
 '                        2. Changing field types (potentially breaking)\n'
 '                        3. Adding required fields (breaking)\n'
 '                        4. Changing the type of existing arguments '
 '(breaking)\n'
 '                        5. Adding optional fields (non-breaking)\n'
 '                        6. Adding new types (non-breaking)\n'
 '                        7. Deprecating fields (non-breaking)\n'
 '\n'
 '                        Ensure that each change is categorized correctly as '
 'breaking or non-breaking.: type Query {\n'
 '  getProduct(id: ID!): Product\n'
 '}\n'
 '\n'
 'type Product {\n'
 '  id: ID\n'
 '  name: String\n'
 '  description: String\n'
 '  price: Float\n'
 '  stock: Int\n'
 '}\n'
 ', type Query {\n'
 '  getProduct(id: ID!): Product\n'
 '}\n'
 '\n'
 'type Product {\n'
 '  id: ID\n'
 '  name: String\n'
 '  details: String\n'
 '  price: Float\n'
 '}\n'
 '\n'
 "Answer:<||_html:<span style='background-color: rgba(0.0, 165.0, 0, 0.15); "
 "border-radius: 3px;' title='1.0'>_||> {<||_html:</span>_||><||_html:<span "
 "style='background-color: rgba(0.0, 165.0, 0, 0.15); border-radius: 3px;' "
 "title='1.0'>_||>\n"
 "<||_html:</span>_||><||_html:<span style='background-color: rgba(0.0, 165.0, "
 "0, 0.15); border-radius: 3px;' title='1.0'>_||> "
 "<||_html:</span>_||><||_html:<span style='background-color: rgba(0.0, 165.0, "
 "0, 0.15); border-radius: 3px;' title='1.0'>_||> "
 '"<||_html:</span>_||><||_html:<span style=\'background-color: rgba(0.0, '
 "165.0, 0, 0.15); border-radius: 3px;' "
 "title='1.0'>_||>changes<||_html:</span>_||><||_html:<span "
 "style='background-color: rgba(0.0, 165.0, 0, 0.15); border-radius: 3px;' "
 'title=\'1.0\'>_||>":<||_html:</span>_||><||_html:<span '
 "style='background-color: rgba(0.0, 165.0, 0, 0.15); border-radius: 3px;' "
 "title='1.0'>_||> [<||_html:</span>_||><||_html:<span "
 "style='background-color: rgba(0.0, 165.0, 0, 0.15); border-radius: 3px;' "
 "title='1.0'>_||>\n"
 "<||_html:</span>_||><||_html:<span style='background-color: rgba(0.0, 165.0, "
 "0, 0.15); border-radius: 3px;' title='1.0'>_||>   "
 "<||_html:</span>_||><||_html:<span style='background-color: rgba(0.0, 165.0, "
 "0, 0.15); border-radius: 3px;' title='1.0'>_||> "
 "{<||_html:</span>_||><||_html:<span style='background-color: rgba(0.0, "
 "165.0, 0, 0.15); border-radius: 3px;' title='1.0'>_||>\n"
 "<||_html:</span>_||><||_html:<span style='background-color: rgba(0.0, 165.0, "
 "0, 0.15); border-radius: 3px;' title='1.0'>_||>     "
 "<||_html:</span>_||><||_html:<span style='background-color: rgba(0.0, 165.0, "
 "0, 0.15); border-radius: 3px;' title='1.0'>_||> "
 '"<||_html:</span>_||><||_html:<span style=\'background-color: rgba(0.0, '
 "165.0, 0, 0.15); border-radius: 3px;' "
 "title='1.0'>_||>type<||_html:</span>_||><||_html:<span "
 "style='background-color: rgba(0.0, 165.0, 0, 0.15); border-radius: 3px;' "
 'title=\'1.0\'>_||>":<||_html:</span>_||><||_html:<span '
 "style='background-color: rgba(0.0, 165.0, 0, 0.15); border-radius: 3px;' "
 'title=\'1.0\'>_||> "<||_html:</span>_||><||_html:<span '
 "style='background-color: rgba(0.0, 165.0, 0, 0.15); border-radius: 3px;' "
 "title='1.0'>_||>Query<||_html:</span>_||><||_html:<span "
 "style='background-color: rgba(0.0, 165.0, 0, 0.15); border-radius: 3px;' "
 'title=\'1.0\'>_||>",<||_html:</span>_||><||_html:<span '
 "style='background-color: rgba(0.0, 165.0, 0, 0.15); border-radius: 3px;' "
 "title='1.0'>_||>\n"
 "<||_html:</span>_||><||_html:<span style='background-color: rgba(0.0, 165.0, "
 "0, 0.15); border-radius: 3px;' title='1.0'>_||>     "
 "<||_html:</span>_||><||_html:<span style='background-color: rgba(0.0, 165.0, "
 "0, 0.15); border-radius: 3px;' title='1.0'>_||> "
 '"<||_html:</span>_||><||_html:<span style=\'background-color: rgba(0.0, '
 "165.0, 0, 0.15); border-radius: 3px;' "
 "title='1.0'>_||>field<||_html:</span>_||><||_html:<span "
 "style='background-color: rgba(0.0, 165.0, 0, 0.15); border-radius: 3px;' "
 'title=\'1.0\'>_||>":<||_html:</span>_||><||_html:<span '
 "style='background-color: rgba(0.0, 165.0, 0, 0.15); border-radius: 3px;' "
 'title=\'1.0\'>_||> "<||_html:</span>_||><||_html:<span '
 "style='background-color: rgba(0.0, 165.0, 0, 0.15); border-radius: 3px;' "
 "title='1.0'>_||>get<||_html:</span>_||><||_html:<span "
 "style='background-color: rgba(0.0, 165.0, 0, 0.15); border-radius: 3px;' "
 "title='1.0'>_||>Product<||_html:</span>_||><||_html:<span "
 "style='background-color: rgba(0.0, 165.0, 0, 0.15); border-radius: 3px;' "
 'title=\'1.0\'>_||>",<||_html:</span>_||><||_html:<span '
 "style='background-color: rgba(0.0, 165.0, 0, 0.15); border-radius: 3px;' "
 "title='1.0'>_||>\n"
 "<||_html:</span>_||><||_html:<span style='background-color: rgba(0.0, 165.0, "
 "0, 0.15); border-radius: 3px;' title='1.0'>_||>     "
 "<||_html:</span>_||><||_html:<span style='background-color: rgba(0.0, 165.0, "
 "0, 0.15); border-radius: 3px;' title='1.0'>_||> "
 '"<||_html:</span>_||><||_html:<span style=\'background-color: rgba(0.0, '
 "165.0, 0, 0.15); border-radius: 3px;' "
 "title='1.0'>_||>change<||_html:</span>_||><||_html:<span "
 "style='background-color: rgba(0.0, 165.0, 0, 0.15); border-radius: 3px;' "
 'title=\'1.0\'>_||>":<||_html:</span>_||><||_html:<span '
 "style='background-color: rgba(0.0, 165.0, 0, 0.15); border-radius: 3px;' "
 'title=\'1.0\'>_||> "<||_html:</span>_||><||_html:<span '
 "style='background-color: rgba(0.0, 165.0, 0, 0.15); border-radius: 3px;' "
 "title='1.0'>_||>field<||_html:</span>_||><||_html:<span "
 "style='background-color: rgba(0.0, 165.0, 0, 0.15); border-radius: 3px;' "
 "title='1.0'>_||> details<||_html:</span>_||><||_html:<span "
 "style='background-color: rgba(0.0, 165.0, 0, 0.15); border-radius: 3px;' "
 "title='1.0'>_||> added<||_html:</span>_||><||_html:<span "
 "style='background-color: rgba(0.0, 165.0, 0, 0.15); border-radius: 3px;' "
 'title=\'1.0\'>_||>",<||_html:</span>_||><||_html:<span '
 "style='background-color: rgba(0.0, 165.0, 0, 0.15); border-radius: 3px;' "
 "title='1.0'>_||>\n"
 "<||_html:</span>_||><||_html:<span style='background-color: rgba(0.0, 165.0, "
 "0, 0.15); border-radius: 3px;' title='1.0'>_||>     "
 "<||_html:</span>_||><||_html:<span style='background-color: rgba(0.0, 165.0, "
 "0, 0.15); border-radius: 3px;' title='1.0'>_||> "
 '"<||_html:</span>_||><||_html:<span style=\'background-color: rgba(0.0, '
 "165.0, 0, 0.15); border-radius: 3px;' "
 "title='1.0'>_||>breaking<||_html:</span>_||><||_html:<span "
 "style='background-color: rgba(0.0, 165.0, 0, 0.15); border-radius: 3px;' "
 'title=\'1.0\'>_||>":<||_html:</span>_||><||_html:<span '
 "style='background-color: rgba(0.0, 165.0, 0, 0.15); border-radius: 3px;' "
 'title=\'1.0\'>_||> "<||_html:</span>_||><||_html:<span '
 "style='background-color: rgba(0.0, 165.0, 0, 0.15); border-radius: 3px;' "
 "title='1.0'>_||>false<||_html:</span>_||><||_html:<span "
 "style='background-color: rgba(0.0, 165.0, 0, 0.15); border-radius: 3px;' "
 'title=\'1.0\'>_||>",<||_html:</span>_||><||_html:<span '
 "style='background-color: rgba(0.0, 165.0, 0, 0.15); border-radius: 3px;' "
 "title='1.0'>_||>\n"
 "<||_html:</span>_||><||_html:<span style='background-color: rgba(0.0, 165.0, "
 "0, 0.15); border-radius: 3px;' title='1.0'>_||>     "
 "<||_html:</span>_||><||_html:<span style='background-color: rgba(0.0, 165.0, "
 "0, 0.15); border-radius: 3px;' title='1.0'>_||> "
 '"<||_html:</span>_||><||_html:<span style=\'background-color: rgba(0.0, '
 "165.0, 0, 0.15); border-radius: 3px;' "
 "title='1.0'>_||>release<||_html:</span>_||><||_html:<span "
 "style='background-color: rgba(0.0, 165.0, 0, 0.15); border-radius: 3px;' "
 "title='1.0'>_||>_<||_html:</span>_||><||_html:<span style='background-color: "
 "rgba(0.0, 165.0, 0, 0.15); border-radius: 3px;' "
 "title='1.0'>_||>note<||_html:</span>_||><||_html:<span "
 "style='background-color: rgba(0.0, 165.0, 0, 0.15); border-radius: 3px;' "
 'title=\'1.0\'>_||>":<||_html:</span>_||><||_html:<span '
 "style='background-color: rgba(0.0, 165.0, 0, 0.15); border-radius: 3px;' "
 'title=\'1.0\'>_||> "<||_html:</span>_||><||_html:<span '
 "style='background-color: rgba(0.0, 165.0, 0, 0.15); border-radius: 3px;' "
 "title='1.0'>_||>The<||_html:</span>_||><||_html:<span "
 "style='background-color: rgba(0.0, 165.0, 0, 0.15); border-radius: 3px;' "
 "title='1.0'>_||> '<||_html:</span>_||><||_html:<span "
 "style='background-color: rgba(0.0, 165.0, 0, 0.15); border-radius: 3px;' "
 "title='1.0'>_||>get<||_html:</span>_||><||_html:<span "
 "style='background-color: rgba(0.0, 165.0, 0, 0.15); border-radius: 3px;' "
 "title='1.0'>_||>Product<||_html:</span>_||><||_html:<span "
 "style='background-color: rgba(0.0, 165.0, 0, 0.15); border-radius: 3px;' "
 "title='1.0'>_||>'<||_html:</span>_||><||_html:<span style='background-color: "
 "rgba(0.0, 165.0, 0, 0.15); border-radius: 3px;' title='1.0'>_||> "
 "query<||_html:</span>_||><||_html:<span style='background-color: rgba(0.0, "
 "165.0, 0, 0.15); border-radius: 3px;' title='1.0'>_||> "
 "now<||_html:</span>_||><||_html:<span style='background-color: rgba(0.0, "
 "165.0, 0, 0.15); border-radius: 3px;' title='1.0'>_||> "
 "includes<||_html:</span>_||><||_html:<span style='background-color: "
 "rgba(0.0, 165.0, 0, 0.15); border-radius: 3px;' title='1.0'>_||> "
 "a<||_html:</span>_||><||_html:<span style='background-color: rgba(0.0, "
 "165.0, 0, 0.15); border-radius: 3px;' title='1.0'>_||> "
 "new<||_html:</span>_||><||_html:<span style='background-color: rgba(0.0, "
 "165.0, 0, 0.15); border-radius: 3px;' title='1.0'>_||> "
 "field<||_html:</span>_||><||_html:<span style='background-color: rgba(0.0, "
 "165.0, 0, 0.15); border-radius: 3px;' title='1.0'>_||> "
 "'<||_html:</span>_||><||_html:<span style='background-color: rgba(0.0, "
 "165.0, 0, 0.15); border-radius: 3px;' "
 "title='1.0'>_||>details<||_html:</span>_||><||_html:<span "
 "style='background-color: rgba(0.0, 165.0, 0, 0.15); border-radius: 3px;' "
 "title='1.0'>_||>'<||_html:</span>_||><||_html:<span style='background-color: "
 "rgba(0.0, 165.0, 0, 0.15); border-radius: 3px;' title='1.0'>_||> "
 "of<||_html:</span>_||><||_html:<span style='background-color: rgba(0.0, "
 "165.0, 0, 0.15); border-radius: 3px;' title='1.0'>_||> "
 "type<||_html:</span>_||><||_html:<span style='background-color: rgba(0.0, "
 "165.0, 0, 0.15); border-radius: 3px;' title='1.0'>_||> "
 "String<||_html:</span>_||><||_html:<span style='background-color: rgba(0.0, "
 "165.0, 0, 0.15); border-radius: 3px;' "
 'title=\'1.0\'>_||>."<||_html:</span>_||><||_html:<span '
 "style='background-color: rgba(0.0, 165.0, 0, 0.15); border-radius: 3px;' "
 "title='1.0'>_||>\n"
 "<||_html:</span>_||><||_html:<span style='background-color: rgba(0.0, 165.0, "
 "0, 0.15); border-radius: 3px;' title='1.0'>_||>   "
 "<||_html:</span>_||><||_html:<span style='background-color: rgba(0.0, 165.0, "
 "0, 0.15); border-radius: 3px;' title='1.0'>_||> "
 "},<||_html:</span>_||><||_html:<span style='background-color: rgba(0.0, "
 "165.0, 0, 0.15); border-radius: 3px;' title='1.0'>_||>\n"
 "<||_html:</span>_||><||_html:<span style='background-color: rgba(0.0, 165.0, "
 "0, 0.15); border-radius: 3px;' title='1.0'>_||>   "
 "<||_html:</span>_||><||_html:<span style='background-color: rgba(0.0, 165.0, "
 "0, 0.15); border-radius: 3px;' title='1.0'>_||> "
 "{<||_html:</span>_||><||_html:<span style='background-color: rgba(0.0, "
 "165.0, 0, 0.15); border-radius: 3px;' title='1.0'>_||>\n"
 "<||_html:</span>_||><||_html:<span style='background-color: rgba(0.0, 165.0, "
 "0, 0.15); border-radius: 3px;' title='1.0'>_||>     "
 "<||_html:</span>_||><||_html:<span style='background-color: rgba(0.0, 165.0, "
 "0, 0.15); border-radius: 3px;' title='1.0'>_||> "
 '"<||_html:</span>_||><||_html:<span style=\'background-color: rgba(0.0, '
 "165.0, 0, 0.15); border-radius: 3px;' "
 "title='1.0'>_||>type<||_html:</span>_||><||_html:<span "
 "style='background-color: rgba(0.0, 165.0, 0, 0.15); border-radius: 3px;' "
 'title=\'1.0\'>_||>":<||_html:</span>_||><||_html:<span '
 "style='background-color: rgba(0.0, 165.0, 0, 0.15); border-radius: 3px;' "
 'title=\'1.0\'>_||> "<||_html:</span>_||><||_html:<span '
 "style='background-color: rgba(0.0, 165.0, 0, 0.15); border-radius: 3px;' "
 "title='1.0'>_||>Product<||_html:</span>_||><||_html:<span "
 "style='background-color: rgba(0.0, 165.0, 0, 0.15); border-radius: 3px;' "
 'title=\'1.0\'>_||>",<||_html:</span>_||><||_html:<span '
 "style='background-color: rgba(0.0, 165.0, 0, 0.15); border-radius: 3px;' "
 "title='1.0'>_||>\n"
 "<||_html:</span>_||><||_html:<span style='background-color: rgba(0.0, 165.0, "
 "0, 0.15); border-radius: 3px;' title='1.0'>_||>     "
 "<||_html:</span>_||><||_html:<span style='background-color: rgba(0.0, 165.0, "
 "0, 0.15); border-radius: 3px;' title='1.0'>_||> "
 '"<||_html:</span>_||><||_html:<span style=\'background-color: rgba(0.0, '
 "165.0, 0, 0.15); border-radius: 3px;' "
 "title='1.0'>_||>field<||_html:</span>_||><||_html:<span "
 "style='background-color: rgba(0.0, 165.0, 0, 0.15); border-radius: 3px;' "
 'title=\'1.0\'>_||>":<||_html:</span>_||><||_html:<span '
 "style='background-color: rgba(0.0, 165.0, 0, 0.15); border-radius: 3px;' "
 'title=\'1.0\'>_||> "<||_html:</span>_||><||_html:<span '
 "style='background-color: rgba(0.0, 165.0, 0, 0.15); border-radius: 3px;' "
 "title='1.0'>_||>description<||_html:</span>_||><||_html:<span "
 "style='background-color: rgba(0.0, 165.0, 0, 0.15); border-radius: 3px;' "
 'title=\'1.0\'>_||>",<||_html:</span>_||><||_html:<span '
 "style='background-color: rgba(0.0, 165.0, 0, 0.15); border-radius: 3px;' "
 "title='1.0'>_||>\n"
 "<||_html:</span>_||><||_html:<span style='background-color: rgba(0.0, 165.0, "
 "0, 0.15); border-radius: 3px;' title='1.0'>_||>     "
 "<||_html:</span>_||><||_html:<span style='background-color: rgba(0.0, 165.0, "
 "0, 0.15); border-radius: 3px;' title='1.0'>_||> "
 '"<||_html:</span>_||><||_html:<span style=\'background-color: rgba(0.0, '
 "165.0, 0, 0.15); border-radius: 3px;' "
 "title='1.0'>_||>change<||_html:</span>_||><||_html:<span "
 "style='background-color: rgba(0.0, 165.0, 0, 0.15); border-radius: 3px;' "
 'title=\'1.0\'>_||>":<||_html:</span>_||><||_html:<span '
 "style='background-color: rgba(0.0, 165.0, 0, 0.15); border-radius: 3px;' "
 'title=\'1.0\'>_||> "<||_html:</span>_||><||_html:<span '
 "style='background-color: rgba(0.0, 165.0, 0, 0.15); border-radius: 3px;' "
 "title='1.0'>_||>field<||_html:</span>_||><||_html:<span "
 "style='background-color: rgba(0.0, 165.0, 0, 0.15); border-radius: 3px;' "
 "title='1.0'>_||> removed<||_html:</span>_||><||_html:<span "
 "style='background-color: rgba(0.0, 165.0, 0, 0.15); border-radius: 3px;' "
 'title=\'1.0\'>_||>",<||_html:</span>_||><||_html:<span '
 "style='background-color: rgba(0.0, 165.0, 0, 0.15); border-radius: 3px;' "
 "title='1.0'>_||>\n"
 "<||_html:</span>_||><||_html:<span style='background-color: rgba(0.0, 165.0, "
 "0, 0.15); border-radius: 3px;' title='1.0'>_||>     "
 "<||_html:</span>_||><||_html:<span style='background-color: rgba(0.0, 165.0, "
 "0, 0.15); border-radius: 3px;' title='1.0'>_||> "
 '"<||_html:</span>_||><||_html:<span style=\'background-color: rgba(0.0, '
 "165.0, 0, 0.15); border-radius: 3px;' "
 "title='1.0'>_||>breaking<||_html:</span>_||><||_html:<span "
 "style='background-color: rgba(0.0, 165.0, 0, 0.15); border-radius: 3px;' "
 'title=\'1.0\'>_||>":<||_html:</span>_||><||_html:<span '
 "style='background-color: rgba(0.0, 165.0, 0, 0.15); border-radius: 3px;' "
 'title=\'1.0\'>_||> "<||_html:</span>_||><||_html:<span '
 "style='background-color: rgba(0.0, 165.0, 0, 0.15); border-radius: 3px;' "
 "title='1.0'>_||>true<||_html:</span>_||><||_html:<span "
 "style='background-color: rgba(0.0, 165.0, 0, 0.15); border-radius: 3px;' "
 'title=\'1.0\'>_||>",<||_html:</span>_||><||_html:<span '
 "style='background-color: rgba(0.0, 165.0, 0, 0.15); border-radius: 3px;' "
 "title='1.0'>_||>\n"
 "<||_html:</span>_||><||_html:<span style='background-color: rgba(0.0, 165.0, "
 "0, 0.15); border-radius: 3px;' title='1.0'>_||>     "
 "<||_html:</span>_||><||_html:<span style='background-color: rgba(0.0, 165.0, "
 "0, 0.15); border-radius: 3px;' title='1.0'>_||> "
 '"<||_html:</span>_||><||_html:<span style=\'background-color: rgba(0.0, '
 "165.0, 0, 0.15); border-radius: 3px;' "
 "title='1.0'>_||>release<||_html:</span>_||><||_html:<span "
 "style='background-color: rgba(0.0, 165.0, 0, 0.15); border-radius: 3px;' "
 "title='1.0'>_||>_<||_html:</span>_||><||_html:<span style='background-color: "
 "rgba(0.0, 165.0, 0, 0.15); border-radius: 3px;' "
 "title='1.0'>_||>note<||_html:</span>_||><||_html:<span "
 "style='background-color: rgba(0.0, 165.0, 0, 0.15); border-radius: 3px;' "
 'title=\'1.0\'>_||>":<||_html:</span>_||><||_html:<span '
 "style='background-color: rgba(0.0, 165.0, 0, 0.15); border-radius: 3px;' "
 'title=\'1.0\'>_||> "<||_html:</span>_||><||_html:<span '
 "style='background-color: rgba(0.0, 165.0, 0, 0.15); border-radius: 3px;' "
 "title='1.0'>_||>The<||_html:</span>_||><||_html:<span "
 "style='background-color: rgba(0.0, 165.0, 0, 0.15); border-radius: 3px;' "
 "title='1.0'>_||> '<||_html:</span>_||><||_html:<span "
 "style='background-color: rgba(0.0, 165.0, 0, 0.15); border-radius: 3px;' "
 "title='1.0'>_||>Product<||_html:</span>_||><||_html:<span "
 "style='background-color: rgba(0.0, 165.0, 0, 0.15); border-radius: 3px;' "
 "title='1.0'>_||>'<||_html:</span>_||><||_html:<span style='background-color: "
 "rgba(0.0, 165.0, 0, 0.15); border-radius: 3px;' title='1.0'>_||> "
 "type<||_html:</span>_||><||_html:<span style='background-color: rgba(0.0, "
 "165.0, 0, 0.15); border-radius: 3px;' title='1.0'>_||>")
('Analyze the following two GraphQL schemas for changes, including both '
 'breaking and non-breaking changes.\n'
 '\n'
 '                        Provide your analysis in the following JSON format:\n'
 '                        {\n'
 '                          "changes": [\n'
 '                            {\n'
 '                              "type": "String representing the GraphQL type '
 '(e.g., Query, Mutation, Subscription)",\n'
 '                              "field": "String representing the specific '
 'field that changed",\n'
 '                              "change": "String describing the change (e.g., '
 'field renamed, new field added, field removed)",\n'
 '                              "breaking": "Boolean indicating if the change '
 'is breaking (true) or non-breaking (false)",\n'
 '                              "release_note": "String with a natural '
 'language description of the change for release notes"\n'
 '                            }\n'
 '                          ],\n'
 '                          "release_notes": {\n'
 '                              "summary": "String summarizing all changes, '
 'suitable for a mailing list or public announcement"\n'
 '                          }\n'
 '                        }\n'
 '\n'
 '                        When analyzing, consider the following types of '
 'changes:\n'
 '                        1. Removing fields or types (breaking)\n'
 '                        2. Changing field types (potentially breaking)\n'
 '                        3. Adding required fields (breaking)\n'
 '                        4. Changing the type of existing arguments '
 '(breaking)\n'
 '                        5. Adding optional fields (non-breaking)\n'
 '                        6. Adding new types (non-breaking)\n'
 '                        7. Deprecating fields (non-breaking)\n'
 '\n'
 '                        Ensure that each change is categorized correctly as '
 'breaking or non-breaking.: type Query {\n'
 '  getProduct(id: ID!): Product\n'
 '}\n'
 '\n'
 'type Product {\n'
 '  id: ID\n'
 '  name: String\n'
 '  description: String\n'
 '  price: Float\n'
 '  stock: Int\n'
 '}\n'
 ', type Query {\n'
 '  getProduct(id: ID!): Product\n'
 '}\n'
 '\n'
 'type Product {\n'
 '  id: ID\n'
 '  name: String\n'
 '  details: String\n'
 '  price: Float\n'
 '}\n'
 '\n'
 "Answer:<||_html:<span style='background-color: rgba(0.0, 165.0, 0, 0.15); "
 "border-radius: 3px;' title='1.0'>_||> {<||_html:</span>_||><||_html:<span "
 "style='background-color: rgba(0.0, 165.0, 0, 0.15); border-radius: 3px;' "
 "title='1.0'>_||>\n"
 "<||_html:</span>_||><||_html:<span style='background-color: rgba(0.0, 165.0, "
 "0, 0.15); border-radius: 3px;' title='1.0'>_||> "
 "<||_html:</span>_||><||_html:<span style='background-color: rgba(0.0, 165.0, "
 "0, 0.15); border-radius: 3px;' title='1.0'>_||> "
 '"<||_html:</span>_||><||_html:<span style=\'background-color: rgba(0.0, '
 "165.0, 0, 0.15); border-radius: 3px;' "
 "title='1.0'>_||>changes<||_html:</span>_||><||_html:<span "
 "style='background-color: rgba(0.0, 165.0, 0, 0.15); border-radius: 3px;' "
 'title=\'1.0\'>_||>":<||_html:</span>_||><||_html:<span '
 "style='background-color: rgba(0.0, 165.0, 0, 0.15); border-radius: 3px;' "
 "title='1.0'>_||> [<||_html:</span>_||><||_html:<span "
 "style='background-color: rgba(0.0, 165.0, 0, 0.15); border-radius: 3px;' "
 "title='1.0'>_||>\n"
 "<||_html:</span>_||><||_html:<span style='background-color: rgba(0.0, 165.0, "
 "0, 0.15); border-radius: 3px;' title='1.0'>_||>   "
 "<||_html:</span>_||><||_html:<span style='background-color: rgba(0.0, 165.0, "
 "0, 0.15); border-radius: 3px;' title='1.0'>_||> "
 "{<||_html:</span>_||><||_html:<span style='background-color: rgba(0.0, "
 "165.0, 0, 0.15); border-radius: 3px;' title='1.0'>_||>\n"
 "<||_html:</span>_||><||_html:<span style='background-color: rgba(0.0, 165.0, "
 "0, 0.15); border-radius: 3px;' title='1.0'>_||>     "
 "<||_html:</span>_||><||_html:<span style='background-color: rgba(0.0, 165.0, "
 "0, 0.15); border-radius: 3px;' title='1.0'>_||> "
 '"<||_html:</span>_||><||_html:<span style=\'background-color: rgba(0.0, '
 "165.0, 0, 0.15); border-radius: 3px;' "
 "title='1.0'>_||>type<||_html:</span>_||><||_html:<span "
 "style='background-color: rgba(0.0, 165.0, 0, 0.15); border-radius: 3px;' "
 'title=\'1.0\'>_||>":<||_html:</span>_||><||_html:<span '
 "style='background-color: rgba(0.0, 165.0, 0, 0.15); border-radius: 3px;' "
 'title=\'1.0\'>_||> "<||_html:</span>_||><||_html:<span '
 "style='background-color: rgba(0.0, 165.0, 0, 0.15); border-radius: 3px;' "
 "title='1.0'>_||>Query<||_html:</span>_||><||_html:<span "
 "style='background-color: rgba(0.0, 165.0, 0, 0.15); border-radius: 3px;' "
 'title=\'1.0\'>_||>",<||_html:</span>_||><||_html:<span '
 "style='background-color: rgba(0.0, 165.0, 0, 0.15); border-radius: 3px;' "
 "title='1.0'>_||>\n"
 "<||_html:</span>_||><||_html:<span style='background-color: rgba(0.0, 165.0, "
 "0, 0.15); border-radius: 3px;' title='1.0'>_||>     "
 "<||_html:</span>_||><||_html:<span style='background-color: rgba(0.0, 165.0, "
 "0, 0.15); border-radius: 3px;' title='1.0'>_||> "
 '"<||_html:</span>_||><||_html:<span style=\'background-color: rgba(0.0, '
 "165.0, 0, 0.15); border-radius: 3px;' "
 "title='1.0'>_||>field<||_html:</span>_||><||_html:<span "
 "style='background-color: rgba(0.0, 165.0, 0, 0.15); border-radius: 3px;' "
 'title=\'1.0\'>_||>":<||_html:</span>_||><||_html:<span '
 "style='background-color: rgba(0.0, 165.0, 0, 0.15); border-radius: 3px;' "
 'title=\'1.0\'>_||> "<||_html:</span>_||><||_html:<span '
 "style='background-color: rgba(0.0, 165.0, 0, 0.15); border-radius: 3px;' "
 "title='1.0'>_||>get<||_html:</span>_||><||_html:<span "
 "style='background-color: rgba(0.0, 165.0, 0, 0.15); border-radius: 3px;' "
 "title='1.0'>_||>Product<||_html:</span>_||><||_html:<span "
 "style='background-color: rgba(0.0, 165.0, 0, 0.15); border-radius: 3px;' "
 'title=\'1.0\'>_||>",<||_html:</span>_||><||_html:<span '
 "style='background-color: rgba(0.0, 165.0, 0, 0.15); border-radius: 3px;' "
 "title='1.0'>_||>\n"
 "<||_html:</span>_||><||_html:<span style='background-color: rgba(0.0, 165.0, "
 "0, 0.15); border-radius: 3px;' title='1.0'>_||>     "
 "<||_html:</span>_||><||_html:<span style='background-color: rgba(0.0, 165.0, "
 "0, 0.15); border-radius: 3px;' title='1.0'>_||> "
 '"<||_html:</span>_||><||_html:<span style=\'background-color: rgba(0.0, '
 "165.0, 0, 0.15); border-radius: 3px;' "
 "title='1.0'>_||>change<||_html:</span>_||><||_html:<span "
 "style='background-color: rgba(0.0, 165.0, 0, 0.15); border-radius: 3px;' "
 'title=\'1.0\'>_||>":<||_html:</span>_||><||_html:<span '
 "style='background-color: rgba(0.0, 165.0, 0, 0.15); border-radius: 3px;' "
 'title=\'1.0\'>_||> "<||_html:</span>_||><||_html:<span '
 "style='background-color: rgba(0.0, 165.0, 0, 0.15); border-radius: 3px;' "
 "title='1.0'>_||>field<||_html:</span>_||><||_html:<span "
 "style='background-color: rgba(0.0, 165.0, 0, 0.15); border-radius: 3px;' "
 "title='1.0'>_||> details<||_html:</span>_||><||_html:<span "
 "style='background-color: rgba(0.0, 165.0, 0, 0.15); border-radius: 3px;' "
 "title='1.0'>_||> added<||_html:</span>_||><||_html:<span "
 "style='background-color: rgba(0.0, 165.0, 0, 0.15); border-radius: 3px;' "
 'title=\'1.0\'>_||>",<||_html:</span>_||><||_html:<span '
 "style='background-color: rgba(0.0, 165.0, 0, 0.15); border-radius: 3px;' "
 "title='1.0'>_||>\n"
 "<||_html:</span>_||><||_html:<span style='background-color: rgba(0.0, 165.0, "
 "0, 0.15); border-radius: 3px;' title='1.0'>_||>     "
 "<||_html:</span>_||><||_html:<span style='background-color: rgba(0.0, 165.0, "
 "0, 0.15); border-radius: 3px;' title='1.0'>_||> "
 '"<||_html:</span>_||><||_html:<span style=\'background-color: rgba(0.0, '
 "165.0, 0, 0.15); border-radius: 3px;' "
 "title='1.0'>_||>breaking<||_html:</span>_||><||_html:<span "
 "style='background-color: rgba(0.0, 165.0, 0, 0.15); border-radius: 3px;' "
 'title=\'1.0\'>_||>":<||_html:</span>_||><||_html:<span '
 "style='background-color: rgba(0.0, 165.0, 0, 0.15); border-radius: 3px;' "
 'title=\'1.0\'>_||> "<||_html:</span>_||><||_html:<span '
 "style='background-color: rgba(0.0, 165.0, 0, 0.15); border-radius: 3px;' "
 "title='1.0'>_||>false<||_html:</span>_||><||_html:<span "
 "style='background-color: rgba(0.0, 165.0, 0, 0.15); border-radius: 3px;' "
 'title=\'1.0\'>_||>",<||_html:</span>_||><||_html:<span '
 "style='background-color: rgba(0.0, 165.0, 0, 0.15); border-radius: 3px;' "
 "title='1.0'>_||>\n"
 "<||_html:</span>_||><||_html:<span style='background-color: rgba(0.0, 165.0, "
 "0, 0.15); border-radius: 3px;' title='1.0'>_||>     "
 "<||_html:</span>_||><||_html:<span style='background-color: rgba(0.0, 165.0, "
 "0, 0.15); border-radius: 3px;' title='1.0'>_||> "
 '"<||_html:</span>_||><||_html:<span style=\'background-color: rgba(0.0, '
 "165.0, 0, 0.15); border-radius: 3px;' "
 "title='1.0'>_||>release<||_html:</span>_||><||_html:<span "
 "style='background-color: rgba(0.0, 165.0, 0, 0.15); border-radius: 3px;' "
 "title='1.0'>_||>_<||_html:</span>_||><||_html:<span style='background-color: "
 "rgba(0.0, 165.0, 0, 0.15); border-radius: 3px;' "
 "title='1.0'>_||>note<||_html:</span>_||><||_html:<span "
 "style='background-color: rgba(0.0, 165.0, 0, 0.15); border-radius: 3px;' "
 'title=\'1.0\'>_||>":<||_html:</span>_||><||_html:<span '
 "style='background-color: rgba(0.0, 165.0, 0, 0.15); border-radius: 3px;' "
 'title=\'1.0\'>_||> "<||_html:</span>_||><||_html:<span '
 "style='background-color: rgba(0.0, 165.0, 0, 0.15); border-radius: 3px;' "
 "title='1.0'>_||>The<||_html:</span>_||><||_html:<span "
 "style='background-color: rgba(0.0, 165.0, 0, 0.15); border-radius: 3px;' "
 "title='1.0'>_||> '<||_html:</span>_||><||_html:<span "
 "style='background-color: rgba(0.0, 165.0, 0, 0.15); border-radius: 3px;' "
 "title='1.0'>_||>get<||_html:</span>_||><||_html:<span "
 "style='background-color: rgba(0.0, 165.0, 0, 0.15); border-radius: 3px;' "
 "title='1.0'>_||>Product<||_html:</span>_||><||_html:<span "
 "style='background-color: rgba(0.0, 165.0, 0, 0.15); border-radius: 3px;' "
 "title='1.0'>_||>'<||_html:</span>_||><||_html:<span style='background-color: "
 "rgba(0.0, 165.0, 0, 0.15); border-radius: 3px;' title='1.0'>_||> "
 "query<||_html:</span>_||><||_html:<span style='background-color: rgba(0.0, "
 "165.0, 0, 0.15); border-radius: 3px;' title='1.0'>_||> "
 "now<||_html:</span>_||><||_html:<span style='background-color: rgba(0.0, "
 "165.0, 0, 0.15); border-radius: 3px;' title='1.0'>_||> "
 "includes<||_html:</span>_||><||_html:<span style='background-color: "
 "rgba(0.0, 165.0, 0, 0.15); border-radius: 3px;' title='1.0'>_||> "
 "a<||_html:</span>_||><||_html:<span style='background-color: rgba(0.0, "
 "165.0, 0, 0.15); border-radius: 3px;' title='1.0'>_||> "
 "new<||_html:</span>_||><||_html:<span style='background-color: rgba(0.0, "
 "165.0, 0, 0.15); border-radius: 3px;' title='1.0'>_||> "
 "field<||_html:</span>_||><||_html:<span style='background-color: rgba(0.0, "
 "165.0, 0, 0.15); border-radius: 3px;' title='1.0'>_||> "
 "'<||_html:</span>_||><||_html:<span style='background-color: rgba(0.0, "
 "165.0, 0, 0.15); border-radius: 3px;' "
 "title='1.0'>_||>details<||_html:</span>_||><||_html:<span "
 "style='background-color: rgba(0.0, 165.0, 0, 0.15); border-radius: 3px;' "
 "title='1.0'>_||>'<||_html:</span>_||><||_html:<span style='background-color: "
 "rgba(0.0, 165.0, 0, 0.15); border-radius: 3px;' title='1.0'>_||> "
 "of<||_html:</span>_||><||_html:<span style='background-color: rgba(0.0, "
 "165.0, 0, 0.15); border-radius: 3px;' title='1.0'>_||> "
 "type<||_html:</span>_||><||_html:<span style='background-color: rgba(0.0, "
 "165.0, 0, 0.15); border-radius: 3px;' title='1.0'>_||> "
 "String<||_html:</span>_||><||_html:<span style='background-color: rgba(0.0, "
 "165.0, 0, 0.15); border-radius: 3px;' "
 'title=\'1.0\'>_||>."<||_html:</span>_||><||_html:<span '
 "style='background-color: rgba(0.0, 165.0, 0, 0.15); border-radius: 3px;' "
 "title='1.0'>_||>\n"
 "<||_html:</span>_||><||_html:<span style='background-color: rgba(0.0, 165.0, "
 "0, 0.15); border-radius: 3px;' title='1.0'>_||>   "
 "<||_html:</span>_||><||_html:<span style='background-color: rgba(0.0, 165.0, "
 "0, 0.15); border-radius: 3px;' title='1.0'>_||> "
 "},<||_html:</span>_||><||_html:<span style='background-color: rgba(0.0, "
 "165.0, 0, 0.15); border-radius: 3px;' title='1.0'>_||>\n"
 "<||_html:</span>_||><||_html:<span style='background-color: rgba(0.0, 165.0, "
 "0, 0.15); border-radius: 3px;' title='1.0'>_||>   "
 "<||_html:</span>_||><||_html:<span style='background-color: rgba(0.0, 165.0, "
 "0, 0.15); border-radius: 3px;' title='1.0'>_||> "
 "{<||_html:</span>_||><||_html:<span style='background-color: rgba(0.0, "
 "165.0, 0, 0.15); border-radius: 3px;' title='1.0'>_||>\n"
 "<||_html:</span>_||><||_html:<span style='background-color: rgba(0.0, 165.0, "
 "0, 0.15); border-radius: 3px;' title='1.0'>_||>     "
 "<||_html:</span>_||><||_html:<span style='background-color: rgba(0.0, 165.0, "
 "0, 0.15); border-radius: 3px;' title='1.0'>_||> "
 '"<||_html:</span>_||><||_html:<span style=\'background-color: rgba(0.0, '
 "165.0, 0, 0.15); border-radius: 3px;' "
 "title='1.0'>_||>type<||_html:</span>_||><||_html:<span "
 "style='background-color: rgba(0.0, 165.0, 0, 0.15); border-radius: 3px;' "
 'title=\'1.0\'>_||>":<||_html:</span>_||><||_html:<span '
 "style='background-color: rgba(0.0, 165.0, 0, 0.15); border-radius: 3px;' "
 'title=\'1.0\'>_||> "<||_html:</span>_||><||_html:<span '
 "style='background-color: rgba(0.0, 165.0, 0, 0.15); border-radius: 3px;' "
 "title='1.0'>_||>Product<||_html:</span>_||><||_html:<span "
 "style='background-color: rgba(0.0, 165.0, 0, 0.15); border-radius: 3px;' "
 'title=\'1.0\'>_||>",<||_html:</span>_||><||_html:<span '
 "style='background-color: rgba(0.0, 165.0, 0, 0.15); border-radius: 3px;' "
 "title='1.0'>_||>\n"
 "<||_html:</span>_||><||_html:<span style='background-color: rgba(0.0, 165.0, "
 "0, 0.15); border-radius: 3px;' title='1.0'>_||>     "
 "<||_html:</span>_||><||_html:<span style='background-color: rgba(0.0, 165.0, "
 "0, 0.15); border-radius: 3px;' title='1.0'>_||> "
 '"<||_html:</span>_||><||_html:<span style=\'background-color: rgba(0.0, '
 "165.0, 0, 0.15); border-radius: 3px;' "
 "title='1.0'>_||>field<||_html:</span>_||><||_html:<span "
 "style='background-color: rgba(0.0, 165.0, 0, 0.15); border-radius: 3px;' "
 'title=\'1.0\'>_||>":<||_html:</span>_||><||_html:<span '
 "style='background-color: rgba(0.0, 165.0, 0, 0.15); border-radius: 3px;' "
 'title=\'1.0\'>_||> "<||_html:</span>_||><||_html:<span '
 "style='background-color: rgba(0.0, 165.0, 0, 0.15); border-radius: 3px;' "
 "title='1.0'>_||>description<||_html:</span>_||><||_html:<span "
 "style='background-color: rgba(0.0, 165.0, 0, 0.15); border-radius: 3px;' "
 'title=\'1.0\'>_||>",<||_html:</span>_||><||_html:<span '
 "style='background-color: rgba(0.0, 165.0, 0, 0.15); border-radius: 3px;' "
 "title='1.0'>_||>\n"
 "<||_html:</span>_||><||_html:<span style='background-color: rgba(0.0, 165.0, "
 "0, 0.15); border-radius: 3px;' title='1.0'>_||>     "
 "<||_html:</span>_||><||_html:<span style='background-color: rgba(0.0, 165.0, "
 "0, 0.15); border-radius: 3px;' title='1.0'>_||> "
 '"<||_html:</span>_||><||_html:<span style=\'background-color: rgba(0.0, '
 "165.0, 0, 0.15); border-radius: 3px;' "
 "title='1.0'>_||>change<||_html:</span>_||><||_html:<span "
 "style='background-color: rgba(0.0, 165.0, 0, 0.15); border-radius: 3px;' "
 'title=\'1.0\'>_||>":<||_html:</span>_||><||_html:<span '
 "style='background-color: rgba(0.0, 165.0, 0, 0.15); border-radius: 3px;' "
 'title=\'1.0\'>_||> "<||_html:</span>_||><||_html:<span '
 "style='background-color: rgba(0.0, 165.0, 0, 0.15); border-radius: 3px;' "
 "title='1.0'>_||>field<||_html:</span>_||><||_html:<span "
 "style='background-color: rgba(0.0, 165.0, 0, 0.15); border-radius: 3px;' "
 "title='1.0'>_||> removed<||_html:</span>_||><||_html:<span "
 "style='background-color: rgba(0.0, 165.0, 0, 0.15); border-radius: 3px;' "
 'title=\'1.0\'>_||>",<||_html:</span>_||><||_html:<span '
 "style='background-color: rgba(0.0, 165.0, 0, 0.15); border-radius: 3px;' "
 "title='1.0'>_||>\n"
 "<||_html:</span>_||><||_html:<span style='background-color: rgba(0.0, 165.0, "
 "0, 0.15); border-radius: 3px;' title='1.0'>_||>     "
 "<||_html:</span>_||><||_html:<span style='background-color: rgba(0.0, 165.0, "
 "0, 0.15); border-radius: 3px;' title='1.0'>_||> "
 '"<||_html:</span>_||><||_html:<span style=\'background-color: rgba(0.0, '
 "165.0, 0, 0.15); border-radius: 3px;' "
 "title='1.0'>_||>breaking<||_html:</span>_||><||_html:<span "
 "style='background-color: rgba(0.0, 165.0, 0, 0.15); border-radius: 3px;' "
 'title=\'1.0\'>_||>":<||_html:</span>_||><||_html:<span '
 "style='background-color: rgba(0.0, 165.0, 0, 0.15); border-radius: 3px;' "
 'title=\'1.0\'>_||> "<||_html:</span>_||><||_html:<span '
 "style='background-color: rgba(0.0, 165.0, 0, 0.15); border-radius: 3px;' "
 "title='1.0'>_||>true<||_html:</span>_||><||_html:<span "
 "style='background-color: rgba(0.0, 165.0, 0, 0.15); border-radius: 3px;' "
 'title=\'1.0\'>_||>",<||_html:</span>_||><||_html:<span '
 "style='background-color: rgba(0.0, 165.0, 0, 0.15); border-radius: 3px;' "
 "title='1.0'>_||>\n"
 "<||_html:</span>_||><||_html:<span style='background-color: rgba(0.0, 165.0, "
 "0, 0.15); border-radius: 3px;' title='1.0'>_||>     "
 "<||_html:</span>_||><||_html:<span style='background-color: rgba(0.0, 165.0, "
 "0, 0.15); border-radius: 3px;' title='1.0'>_||> "
 '"<||_html:</span>_||><||_html:<span style=\'background-color: rgba(0.0, '
 "165.0, 0, 0.15); border-radius: 3px;' "
 "title='1.0'>_||>release<||_html:</span>_||><||_html:<span "
 "style='background-color: rgba(0.0, 165.0, 0, 0.15); border-radius: 3px;' "
 "title='1.0'>_||>_<||_html:</span>_||><||_html:<span style='background-color: "
 "rgba(0.0, 165.0, 0, 0.15); border-radius: 3px;' "
 "title='1.0'>_||>note<||_html:</span>_||><||_html:<span "
 "style='background-color: rgba(0.0, 165.0, 0, 0.15); border-radius: 3px;' "
 'title=\'1.0\'>_||>":<||_html:</span>_||><||_html:<span '
 "style='background-color: rgba(0.0, 165.0, 0, 0.15); border-radius: 3px;' "
 'title=\'1.0\'>_||> "<||_html:</span>_||><||_html:<span '
 "style='background-color: rgba(0.0, 165.0, 0, 0.15); border-radius: 3px;' "
 "title='1.0'>_||>The<||_html:</span>_||><||_html:<span "
 "style='background-color: rgba(0.0, 165.0, 0, 0.15); border-radius: 3px;' "
 "title='1.0'>_||> '<||_html:</span>_||><||_html:<span "
 "style='background-color: rgba(0.0, 165.0, 0, 0.15); border-radius: 3px;' "
 "title='1.0'>_||>Product<||_html:</span>_||><||_html:<span "
 "style='background-color: rgba(0.0, 165.0, 0, 0.15); border-radius: 3px;' "
 "title='1.0'>_||>'<||_html:</span>_||><||_html:<span style='background-color: "
 "rgba(0.0, 165.0, 0, 0.15); border-radius: 3px;' title='1.0'>_||> "
 "type<||_html:</span>_||><||_html:<span style='background-color: rgba(0.0, "
 "165.0, 0, 0.15); border-radius: 3px;' title='1.0'>_||> "
 "no<||_html:</span>_||><||_html:<span style='background-color: rgba(0.0, "
 "165.0, 0, 0.15); border-radius: 3px;' title='1.0'>_||> "
 "longer<||_html:</span>_||><||_html:<span style='background-color: rgba(0.0, "
 "165.0, 0, 0.15); border-radius: 3px;' title='1.0'>_||> "
 "includes<||_html:</span>_||><||_html:<span style='background-color: "
 "rgba(0.0, 165.0, 0, 0.15); border-radius: 3px;' title='1.0'>_||>")
('Analyze the following two GraphQL schemas for changes, including both '
 'breaking and non-breaking changes.\n'
 '\n'
 '                        Provide your analysis in the following JSON format:\n'
 '                        {\n'
 '                          "changes": [\n'
 '                            {\n'
 '                              "type": "String representing the GraphQL type '
 '(e.g., Query, Mutation, Subscription)",\n'
 '                              "field": "String representing the specific '
 'field that changed",\n'
 '                              "change": "String describing the change (e.g., '
 'field renamed, new field added, field removed)",\n'
 '                              "breaking": "Boolean indicating if the change '
 'is breaking (true) or non-breaking (false)",\n'
 '                              "release_note": "String with a natural '
 'language description of the change for release notes"\n'
 '                            }\n'
 '                          ],\n'
 '                          "release_notes": {\n'
 '                              "summary": "String summarizing all changes, '
 'suitable for a mailing list or public announcement"\n'
 '                          }\n'
 '                        }\n'
 '\n'
 '                        When analyzing, consider the following types of '
 'changes:\n'
 '                        1. Removing fields or types (breaking)\n'
 '                        2. Changing field types (potentially breaking)\n'
 '                        3. Adding required fields (breaking)\n'
 '                        4. Changing the type of existing arguments '
 '(breaking)\n'
 '                        5. Adding optional fields (non-breaking)\n'
 '                        6. Adding new types (non-breaking)\n'
 '                        7. Deprecating fields (non-breaking)\n'
 '\n'
 '                        Ensure that each change is categorized correctly as '
 'breaking or non-breaking.: type Query {\n'
 '  getProduct(id: ID!): Product\n'
 '}\n'
 '\n'
 'type Product {\n'
 '  id: ID\n'
 '  name: String\n'
 '  description: String\n'
 '  price: Float\n'
 '  stock: Int\n'
 '}\n'
 ', type Query {\n'
 '  getProduct(id: ID!): Product\n'
 '}\n'
 '\n'
 'type Product {\n'
 '  id: ID\n'
 '  name: String\n'
 '  details: String\n'
 '  price: Float\n'
 '}\n'
 '\n'
 "Answer:<||_html:<span style='background-color: rgba(0.0, 165.0, 0, 0.15); "
 "border-radius: 3px;' title='1.0'>_||> {<||_html:</span>_||><||_html:<span "
 "style='background-color: rgba(0.0, 165.0, 0, 0.15); border-radius: 3px;' "
 "title='1.0'>_||>\n"
 "<||_html:</span>_||><||_html:<span style='background-color: rgba(0.0, 165.0, "
 "0, 0.15); border-radius: 3px;' title='1.0'>_||> "
 "<||_html:</span>_||><||_html:<span style='background-color: rgba(0.0, 165.0, "
 "0, 0.15); border-radius: 3px;' title='1.0'>_||> "
 '"<||_html:</span>_||><||_html:<span style=\'background-color: rgba(0.0, '
 "165.0, 0, 0.15); border-radius: 3px;' "
 "title='1.0'>_||>changes<||_html:</span>_||><||_html:<span "
 "style='background-color: rgba(0.0, 165.0, 0, 0.15); border-radius: 3px;' "
 'title=\'1.0\'>_||>":<||_html:</span>_||><||_html:<span '
 "style='background-color: rgba(0.0, 165.0, 0, 0.15); border-radius: 3px;' "
 "title='1.0'>_||> [<||_html:</span>_||><||_html:<span "
 "style='background-color: rgba(0.0, 165.0, 0, 0.15); border-radius: 3px;' "
 "title='1.0'>_||>\n"
 "<||_html:</span>_||><||_html:<span style='background-color: rgba(0.0, 165.0, "
 "0, 0.15); border-radius: 3px;' title='1.0'>_||>   "
 "<||_html:</span>_||><||_html:<span style='background-color: rgba(0.0, 165.0, "
 "0, 0.15); border-radius: 3px;' title='1.0'>_||> "
 "{<||_html:</span>_||><||_html:<span style='background-color: rgba(0.0, "
 "165.0, 0, 0.15); border-radius: 3px;' title='1.0'>_||>\n"
 "<||_html:</span>_||><||_html:<span style='background-color: rgba(0.0, 165.0, "
 "0, 0.15); border-radius: 3px;' title='1.0'>_||>     "
 "<||_html:</span>_||><||_html:<span style='background-color: rgba(0.0, 165.0, "
 "0, 0.15); border-radius: 3px;' title='1.0'>_||> "
 '"<||_html:</span>_||><||_html:<span style=\'background-color: rgba(0.0, '
 "165.0, 0, 0.15); border-radius: 3px;' "
 "title='1.0'>_||>type<||_html:</span>_||><||_html:<span "
 "style='background-color: rgba(0.0, 165.0, 0, 0.15); border-radius: 3px;' "
 'title=\'1.0\'>_||>":<||_html:</span>_||><||_html:<span '
 "style='background-color: rgba(0.0, 165.0, 0, 0.15); border-radius: 3px;' "
 'title=\'1.0\'>_||> "<||_html:</span>_||><||_html:<span '
 "style='background-color: rgba(0.0, 165.0, 0, 0.15); border-radius: 3px;' "
 "title='1.0'>_||>Query<||_html:</span>_||><||_html:<span "
 "style='background-color: rgba(0.0, 165.0, 0, 0.15); border-radius: 3px;' "
 'title=\'1.0\'>_||>",<||_html:</span>_||><||_html:<span '
 "style='background-color: rgba(0.0, 165.0, 0, 0.15); border-radius: 3px;' "
 "title='1.0'>_||>\n"
 "<||_html:</span>_||><||_html:<span style='background-color: rgba(0.0, 165.0, "
 "0, 0.15); border-radius: 3px;' title='1.0'>_||>     "
 "<||_html:</span>_||><||_html:<span style='background-color: rgba(0.0, 165.0, "
 "0, 0.15); border-radius: 3px;' title='1.0'>_||> "
 '"<||_html:</span>_||><||_html:<span style=\'background-color: rgba(0.0, '
 "165.0, 0, 0.15); border-radius: 3px;' "
 "title='1.0'>_||>field<||_html:</span>_||><||_html:<span "
 "style='background-color: rgba(0.0, 165.0, 0, 0.15); border-radius: 3px;' "
 'title=\'1.0\'>_||>":<||_html:</span>_||><||_html:<span '
 "style='background-color: rgba(0.0, 165.0, 0, 0.15); border-radius: 3px;' "
 'title=\'1.0\'>_||> "<||_html:</span>_||><||_html:<span '
 "style='background-color: rgba(0.0, 165.0, 0, 0.15); border-radius: 3px;' "
 "title='1.0'>_||>get<||_html:</span>_||><||_html:<span "
 "style='background-color: rgba(0.0, 165.0, 0, 0.15); border-radius: 3px;' "
 "title='1.0'>_||>Product<||_html:</span>_||><||_html:<span "
 "style='background-color: rgba(0.0, 165.0, 0, 0.15); border-radius: 3px;' "
 'title=\'1.0\'>_||>",<||_html:</span>_||><||_html:<span '
 "style='background-color: rgba(0.0, 165.0, 0, 0.15); border-radius: 3px;' "
 "title='1.0'>_||>\n"
 "<||_html:</span>_||><||_html:<span style='background-color: rgba(0.0, 165.0, "
 "0, 0.15); border-radius: 3px;' title='1.0'>_||>     "
 "<||_html:</span>_||><||_html:<span style='background-color: rgba(0.0, 165.0, "
 "0, 0.15); border-radius: 3px;' title='1.0'>_||> "
 '"<||_html:</span>_||><||_html:<span style=\'background-color: rgba(0.0, '
 "165.0, 0, 0.15); border-radius: 3px;' "
 "title='1.0'>_||>change<||_html:</span>_||><||_html:<span "
 "style='background-color: rgba(0.0, 165.0, 0, 0.15); border-radius: 3px;' "
 'title=\'1.0\'>_||>":<||_html:</span>_||><||_html:<span '
 "style='background-color: rgba(0.0, 165.0, 0, 0.15); border-radius: 3px;' "
 'title=\'1.0\'>_||> "<||_html:</span>_||><||_html:<span '
 "style='background-color: rgba(0.0, 165.0, 0, 0.15); border-radius: 3px;' "
 "title='1.0'>_||>field<||_html:</span>_||><||_html:<span "
 "style='background-color: rgba(0.0, 165.0, 0, 0.15); border-radius: 3px;' "
 "title='1.0'>_||> details<||_html:</span>_||><||_html:<span "
 "style='background-color: rgba(0.0, 165.0, 0, 0.15); border-radius: 3px;' "
 "title='1.0'>_||> added<||_html:</span>_||><||_html:<span "
 "style='background-color: rgba(0.0, 165.0, 0, 0.15); border-radius: 3px;' "
 'title=\'1.0\'>_||>",<||_html:</span>_||><||_html:<span '
 "style='background-color: rgba(0.0, 165.0, 0, 0.15); border-radius: 3px;' "
 "title='1.0'>_||>\n"
 "<||_html:</span>_||><||_html:<span style='background-color: rgba(0.0, 165.0, "
 "0, 0.15); border-radius: 3px;' title='1.0'>_||>     "
 "<||_html:</span>_||><||_html:<span style='background-color: rgba(0.0, 165.0, "
 "0, 0.15); border-radius: 3px;' title='1.0'>_||> "
 '"<||_html:</span>_||><||_html:<span style=\'background-color: rgba(0.0, '
 "165.0, 0, 0.15); border-radius: 3px;' "
 "title='1.0'>_||>breaking<||_html:</span>_||><||_html:<span "
 "style='background-color: rgba(0.0, 165.0, 0, 0.15); border-radius: 3px;' "
 'title=\'1.0\'>_||>":<||_html:</span>_||><||_html:<span '
 "style='background-color: rgba(0.0, 165.0, 0, 0.15); border-radius: 3px;' "
 'title=\'1.0\'>_||> "<||_html:</span>_||><||_html:<span '
 "style='background-color: rgba(0.0, 165.0, 0, 0.15); border-radius: 3px;' "
 "title='1.0'>_||>false<||_html:</span>_||><||_html:<span "
 "style='background-color: rgba(0.0, 165.0, 0, 0.15); border-radius: 3px;' "
 'title=\'1.0\'>_||>",<||_html:</span>_||><||_html:<span '
 "style='background-color: rgba(0.0, 165.0, 0, 0.15); border-radius: 3px;' "
 "title='1.0'>_||>\n"
 "<||_html:</span>_||><||_html:<span style='background-color: rgba(0.0, 165.0, "
 "0, 0.15); border-radius: 3px;' title='1.0'>_||>     "
 "<||_html:</span>_||><||_html:<span style='background-color: rgba(0.0, 165.0, "
 "0, 0.15); border-radius: 3px;' title='1.0'>_||> "
 '"<||_html:</span>_||><||_html:<span style=\'background-color: rgba(0.0, '
 "165.0, 0, 0.15); border-radius: 3px;' "
 "title='1.0'>_||>release<||_html:</span>_||><||_html:<span "
 "style='background-color: rgba(0.0, 165.0, 0, 0.15); border-radius: 3px;' "
 "title='1.0'>_||>_<||_html:</span>_||><||_html:<span style='background-color: "
 "rgba(0.0, 165.0, 0, 0.15); border-radius: 3px;' "
 "title='1.0'>_||>note<||_html:</span>_||><||_html:<span "
 "style='background-color: rgba(0.0, 165.0, 0, 0.15); border-radius: 3px;' "
 'title=\'1.0\'>_||>":<||_html:</span>_||><||_html:<span '
 "style='background-color: rgba(0.0, 165.0, 0, 0.15); border-radius: 3px;' "
 'title=\'1.0\'>_||> "<||_html:</span>_||><||_html:<span '
 "style='background-color: rgba(0.0, 165.0, 0, 0.15); border-radius: 3px;' "
 "title='1.0'>_||>The<||_html:</span>_||><||_html:<span "
 "style='background-color: rgba(0.0, 165.0, 0, 0.15); border-radius: 3px;' "
 "title='1.0'>_||> '<||_html:</span>_||><||_html:<span "
 "style='background-color: rgba(0.0, 165.0, 0, 0.15); border-radius: 3px;' "
 "title='1.0'>_||>get<||_html:</span>_||><||_html:<span "
 "style='background-color: rgba(0.0, 165.0, 0, 0.15); border-radius: 3px;' "
 "title='1.0'>_||>Product<||_html:</span>_||><||_html:<span "
 "style='background-color: rgba(0.0, 165.0, 0, 0.15); border-radius: 3px;' "
 "title='1.0'>_||>'<||_html:</span>_||><||_html:<span style='background-color: "
 "rgba(0.0, 165.0, 0, 0.15); border-radius: 3px;' title='1.0'>_||> "
 "query<||_html:</span>_||><||_html:<span style='background-color: rgba(0.0, "
 "165.0, 0, 0.15); border-radius: 3px;' title='1.0'>_||> "
 "now<||_html:</span>_||><||_html:<span style='background-color: rgba(0.0, "
 "165.0, 0, 0.15); border-radius: 3px;' title='1.0'>_||> "
 "includes<||_html:</span>_||><||_html:<span style='background-color: "
 "rgba(0.0, 165.0, 0, 0.15); border-radius: 3px;' title='1.0'>_||> "
 "a<||_html:</span>_||><||_html:<span style='background-color: rgba(0.0, "
 "165.0, 0, 0.15); border-radius: 3px;' title='1.0'>_||> "
 "new<||_html:</span>_||><||_html:<span style='background-color: rgba(0.0, "
 "165.0, 0, 0.15); border-radius: 3px;' title='1.0'>_||> "
 "field<||_html:</span>_||><||_html:<span style='background-color: rgba(0.0, "
 "165.0, 0, 0.15); border-radius: 3px;' title='1.0'>_||> "
 "'<||_html:</span>_||><||_html:<span style='background-color: rgba(0.0, "
 "165.0, 0, 0.15); border-radius: 3px;' "
 "title='1.0'>_||>details<||_html:</span>_||><||_html:<span "
 "style='background-color: rgba(0.0, 165.0, 0, 0.15); border-radius: 3px;' "
 "title='1.0'>_||>'<||_html:</span>_||><||_html:<span style='background-color: "
 "rgba(0.0, 165.0, 0, 0.15); border-radius: 3px;' title='1.0'>_||> "
 "of<||_html:</span>_||><||_html:<span style='background-color: rgba(0.0, "
 "165.0, 0, 0.15); border-radius: 3px;' title='1.0'>_||> "
 "type<||_html:</span>_||><||_html:<span style='background-color: rgba(0.0, "
 "165.0, 0, 0.15); border-radius: 3px;' title='1.0'>_||> "
 "String<||_html:</span>_||><||_html:<span style='background-color: rgba(0.0, "
 "165.0, 0, 0.15); border-radius: 3px;' "
 'title=\'1.0\'>_||>."<||_html:</span>_||><||_html:<span '
 "style='background-color: rgba(0.0, 165.0, 0, 0.15); border-radius: 3px;' "
 "title='1.0'>_||>\n"
 "<||_html:</span>_||><||_html:<span style='background-color: rgba(0.0, 165.0, "
 "0, 0.15); border-radius: 3px;' title='1.0'>_||>   "
 "<||_html:</span>_||><||_html:<span style='background-color: rgba(0.0, 165.0, "
 "0, 0.15); border-radius: 3px;' title='1.0'>_||> "
 "},<||_html:</span>_||><||_html:<span style='background-color: rgba(0.0, "
 "165.0, 0, 0.15); border-radius: 3px;' title='1.0'>_||>\n"
 "<||_html:</span>_||><||_html:<span style='background-color: rgba(0.0, 165.0, "
 "0, 0.15); border-radius: 3px;' title='1.0'>_||>   "
 "<||_html:</span>_||><||_html:<span style='background-color: rgba(0.0, 165.0, "
 "0, 0.15); border-radius: 3px;' title='1.0'>_||> "
 "{<||_html:</span>_||><||_html:<span style='background-color: rgba(0.0, "
 "165.0, 0, 0.15); border-radius: 3px;' title='1.0'>_||>\n"
 "<||_html:</span>_||><||_html:<span style='background-color: rgba(0.0, 165.0, "
 "0, 0.15); border-radius: 3px;' title='1.0'>_||>     "
 "<||_html:</span>_||><||_html:<span style='background-color: rgba(0.0, 165.0, "
 "0, 0.15); border-radius: 3px;' title='1.0'>_||> "
 '"<||_html:</span>_||><||_html:<span style=\'background-color: rgba(0.0, '
 "165.0, 0, 0.15); border-radius: 3px;' "
 "title='1.0'>_||>type<||_html:</span>_||><||_html:<span "
 "style='background-color: rgba(0.0, 165.0, 0, 0.15); border-radius: 3px;' "
 'title=\'1.0\'>_||>":<||_html:</span>_||><||_html:<span '
 "style='background-color: rgba(0.0, 165.0, 0, 0.15); border-radius: 3px;' "
 'title=\'1.0\'>_||> "<||_html:</span>_||><||_html:<span '
 "style='background-color: rgba(0.0, 165.0, 0, 0.15); border-radius: 3px;' "
 "title='1.0'>_||>Product<||_html:</span>_||><||_html:<span "
 "style='background-color: rgba(0.0, 165.0, 0, 0.15); border-radius: 3px;' "
 'title=\'1.0\'>_||>",<||_html:</span>_||><||_html:<span '
 "style='background-color: rgba(0.0, 165.0, 0, 0.15); border-radius: 3px;' "
 "title='1.0'>_||>\n"
 "<||_html:</span>_||><||_html:<span style='background-color: rgba(0.0, 165.0, "
 "0, 0.15); border-radius: 3px;' title='1.0'>_||>     "
 "<||_html:</span>_||><||_html:<span style='background-color: rgba(0.0, 165.0, "
 "0, 0.15); border-radius: 3px;' title='1.0'>_||> "
 '"<||_html:</span>_||><||_html:<span style=\'background-color: rgba(0.0, '
 "165.0, 0, 0.15); border-radius: 3px;' "
 "title='1.0'>_||>field<||_html:</span>_||><||_html:<span "
 "style='background-color: rgba(0.0, 165.0, 0, 0.15); border-radius: 3px;' "
 'title=\'1.0\'>_||>":<||_html:</span>_||><||_html:<span '
 "style='background-color: rgba(0.0, 165.0, 0, 0.15); border-radius: 3px;' "
 'title=\'1.0\'>_||> "<||_html:</span>_||><||_html:<span '
 "style='background-color: rgba(0.0, 165.0, 0, 0.15); border-radius: 3px;' "
 "title='1.0'>_||>description<||_html:</span>_||><||_html:<span "
 "style='background-color: rgba(0.0, 165.0, 0, 0.15); border-radius: 3px;' "
 'title=\'1.0\'>_||>",<||_html:</span>_||><||_html:<span '
 "style='background-color: rgba(0.0, 165.0, 0, 0.15); border-radius: 3px;' "
 "title='1.0'>_||>\n"
 "<||_html:</span>_||><||_html:<span style='background-color: rgba(0.0, 165.0, "
 "0, 0.15); border-radius: 3px;' title='1.0'>_||>     "
 "<||_html:</span>_||><||_html:<span style='background-color: rgba(0.0, 165.0, "
 "0, 0.15); border-radius: 3px;' title='1.0'>_||> "
 '"<||_html:</span>_||><||_html:<span style=\'background-color: rgba(0.0, '
 "165.0, 0, 0.15); border-radius: 3px;' "
 "title='1.0'>_||>change<||_html:</span>_||><||_html:<span "
 "style='background-color: rgba(0.0, 165.0, 0, 0.15); border-radius: 3px;' "
 'title=\'1.0\'>_||>":<||_html:</span>_||><||_html:<span '
 "style='background-color: rgba(0.0, 165.0, 0, 0.15); border-radius: 3px;' "
 'title=\'1.0\'>_||> "<||_html:</span>_||><||_html:<span '
 "style='background-color: rgba(0.0, 165.0, 0, 0.15); border-radius: 3px;' "
 "title='1.0'>_||>field<||_html:</span>_||><||_html:<span "
 "style='background-color: rgba(0.0, 165.0, 0, 0.15); border-radius: 3px;' "
 "title='1.0'>_||> removed<||_html:</span>_||><||_html:<span "
 "style='background-color: rgba(0.0, 165.0, 0, 0.15); border-radius: 3px;' "
 'title=\'1.0\'>_||>",<||_html:</span>_||><||_html:<span '
 "style='background-color: rgba(0.0, 165.0, 0, 0.15); border-radius: 3px;' "
 "title='1.0'>_||>\n"
 "<||_html:</span>_||><||_html:<span style='background-color: rgba(0.0, 165.0, "
 "0, 0.15); border-radius: 3px;' title='1.0'>_||>     "
 "<||_html:</span>_||><||_html:<span style='background-color: rgba(0.0, 165.0, "
 "0, 0.15); border-radius: 3px;' title='1.0'>_||> "
 '"<||_html:</span>_||><||_html:<span style=\'background-color: rgba(0.0, '
 "165.0, 0, 0.15); border-radius: 3px;' "
 "title='1.0'>_||>breaking<||_html:</span>_||><||_html:<span "
 "style='background-color: rgba(0.0, 165.0, 0, 0.15); border-radius: 3px;' "
 'title=\'1.0\'>_||>":<||_html:</span>_||><||_html:<span '
 "style='background-color: rgba(0.0, 165.0, 0, 0.15); border-radius: 3px;' "
 'title=\'1.0\'>_||> "<||_html:</span>_||><||_html:<span '
 "style='background-color: rgba(0.0, 165.0, 0, 0.15); border-radius: 3px;' "
 "title='1.0'>_||>true<||_html:</span>_||><||_html:<span "
 "style='background-color: rgba(0.0, 165.0, 0, 0.15); border-radius: 3px;' "
 'title=\'1.0\'>_||>",<||_html:</span>_||><||_html:<span '
 "style='background-color: rgba(0.0, 165.0, 0, 0.15); border-radius: 3px;' "
 "title='1.0'>_||>\n"
 "<||_html:</span>_||><||_html:<span style='background-color: rgba(0.0, 165.0, "
 "0, 0.15); border-radius: 3px;' title='1.0'>_||>     "
 "<||_html:</span>_||><||_html:<span style='background-color: rgba(0.0, 165.0, "
 "0, 0.15); border-radius: 3px;' title='1.0'>_||> "
 '"<||_html:</span>_||><||_html:<span style=\'background-color: rgba(0.0, '
 "165.0, 0, 0.15); border-radius: 3px;' "
 "title='1.0'>_||>release<||_html:</span>_||><||_html:<span "
 "style='background-color: rgba(0.0, 165.0, 0, 0.15); border-radius: 3px;' "
 "title='1.0'>_||>_<||_html:</span>_||><||_html:<span style='background-color: "
 "rgba(0.0, 165.0, 0, 0.15); border-radius: 3px;' "
 "title='1.0'>_||>note<||_html:</span>_||><||_html:<span "
 "style='background-color: rgba(0.0, 165.0, 0, 0.15); border-radius: 3px;' "
 'title=\'1.0\'>_||>":<||_html:</span>_||><||_html:<span '
 "style='background-color: rgba(0.0, 165.0, 0, 0.15); border-radius: 3px;' "
 'title=\'1.0\'>_||> "<||_html:</span>_||><||_html:<span '
 "style='background-color: rgba(0.0, 165.0, 0, 0.15); border-radius: 3px;' "
 "title='1.0'>_||>The<||_html:</span>_||><||_html:<span "
 "style='background-color: rgba(0.0, 165.0, 0, 0.15); border-radius: 3px;' "
 "title='1.0'>_||> '<||_html:</span>_||><||_html:<span "
 "style='background-color: rgba(0.0, 165.0, 0, 0.15); border-radius: 3px;' "
 "title='1.0'>_||>Product<||_html:</span>_||><||_html:<span "
 "style='background-color: rgba(0.0, 165.0, 0, 0.15); border-radius: 3px;' "
 "title='1.0'>_||>'<||_html:</span>_||><||_html:<span style='background-color: "
 "rgba(0.0, 165.0, 0, 0.15); border-radius: 3px;' title='1.0'>_||> "
 "type<||_html:</span>_||><||_html:<span style='background-color: rgba(0.0, "
 "165.0, 0, 0.15); border-radius: 3px;' title='1.0'>_||> "
 "no<||_html:</span>_||><||_html:<span style='background-color: rgba(0.0, "
 "165.0, 0, 0.15); border-radius: 3px;' title='1.0'>_||> "
 "longer<||_html:</span>_||><||_html:<span style='background-color: rgba(0.0, "
 "165.0, 0, 0.15); border-radius: 3px;' title='1.0'>_||> "
 "includes<||_html:</span>_||><||_html:<span style='background-color: "
 "rgba(0.0, 165.0, 0, 0.15); border-radius: 3px;' title='1.0'>_||> "
 "the<||_html:</span>_||><||_html:<span style='background-color: rgba(0.0, "
 "165.0, 0, 0.15); border-radius: 3px;' title='1.0'>_||> "
 "'<||_html:</span>_||><||_html:<span style='background-color: rgba(0.0, "
 "165.0, 0, 0.15); border-radius: 3px;' "
 "title='1.0'>_||>description<||_html:</span>_||><||_html:<span "
 "style='background-color: rgba(0.0, 165.0, 0, 0.15); border-radius: 3px;' "
 "title='1.0'>_||>")
('Analyze the following two GraphQL schemas for changes, including both '
 'breaking and non-breaking changes.\n'
 '\n'
 '                        Provide your analysis in the following JSON format:\n'
 '                        {\n'
 '                          "changes": [\n'
 '                            {\n'
 '                              "type": "String representing the GraphQL type '
 '(e.g., Query, Mutation, Subscription)",\n'
 '                              "field": "String representing the specific '
 'field that changed",\n'
 '                              "change": "String describing the change (e.g., '
 'field renamed, new field added, field removed)",\n'
 '                              "breaking": "Boolean indicating if the change '
 'is breaking (true) or non-breaking (false)",\n'
 '                              "release_note": "String with a natural '
 'language description of the change for release notes"\n'
 '                            }\n'
 '                          ],\n'
 '                          "release_notes": {\n'
 '                              "summary": "String summarizing all changes, '
 'suitable for a mailing list or public announcement"\n'
 '                          }\n'
 '                        }\n'
 '\n'
 '                        When analyzing, consider the following types of '
 'changes:\n'
 '                        1. Removing fields or types (breaking)\n'
 '                        2. Changing field types (potentially breaking)\n'
 '                        3. Adding required fields (breaking)\n'
 '                        4. Changing the type of existing arguments '
 '(breaking)\n'
 '                        5. Adding optional fields (non-breaking)\n'
 '                        6. Adding new types (non-breaking)\n'
 '                        7. Deprecating fields (non-breaking)\n'
 '\n'
 '                        Ensure that each change is categorized correctly as '
 'breaking or non-breaking.: type Query {\n'
 '  getProduct(id: ID!): Product\n'
 '}\n'
 '\n'
 'type Product {\n'
 '  id: ID\n'
 '  name: String\n'
 '  description: String\n'
 '  price: Float\n'
 '  stock: Int\n'
 '}\n'
 ', type Query {\n'
 '  getProduct(id: ID!): Product\n'
 '}\n'
 '\n'
 'type Product {\n'
 '  id: ID\n'
 '  name: String\n'
 '  details: String\n'
 '  price: Float\n'
 '}\n'
 '\n'
 "Answer:<||_html:<span style='background-color: rgba(0.0, 165.0, 0, 0.15); "
 "border-radius: 3px;' title='1.0'>_||> {<||_html:</span>_||><||_html:<span "
 "style='background-color: rgba(0.0, 165.0, 0, 0.15); border-radius: 3px;' "
 "title='1.0'>_||>\n"
 "<||_html:</span>_||><||_html:<span style='background-color: rgba(0.0, 165.0, "
 "0, 0.15); border-radius: 3px;' title='1.0'>_||> "
 "<||_html:</span>_||><||_html:<span style='background-color: rgba(0.0, 165.0, "
 "0, 0.15); border-radius: 3px;' title='1.0'>_||> "
 '"<||_html:</span>_||><||_html:<span style=\'background-color: rgba(0.0, '
 "165.0, 0, 0.15); border-radius: 3px;' "
 "title='1.0'>_||>changes<||_html:</span>_||><||_html:<span "
 "style='background-color: rgba(0.0, 165.0, 0, 0.15); border-radius: 3px;' "
 'title=\'1.0\'>_||>":<||_html:</span>_||><||_html:<span '
 "style='background-color: rgba(0.0, 165.0, 0, 0.15); border-radius: 3px;' "
 "title='1.0'>_||> [<||_html:</span>_||><||_html:<span "
 "style='background-color: rgba(0.0, 165.0, 0, 0.15); border-radius: 3px;' "
 "title='1.0'>_||>\n"
 "<||_html:</span>_||><||_html:<span style='background-color: rgba(0.0, 165.0, "
 "0, 0.15); border-radius: 3px;' title='1.0'>_||>   "
 "<||_html:</span>_||><||_html:<span style='background-color: rgba(0.0, 165.0, "
 "0, 0.15); border-radius: 3px;' title='1.0'>_||> "
 "{<||_html:</span>_||><||_html:<span style='background-color: rgba(0.0, "
 "165.0, 0, 0.15); border-radius: 3px;' title='1.0'>_||>\n"
 "<||_html:</span>_||><||_html:<span style='background-color: rgba(0.0, 165.0, "
 "0, 0.15); border-radius: 3px;' title='1.0'>_||>     "
 "<||_html:</span>_||><||_html:<span style='background-color: rgba(0.0, 165.0, "
 "0, 0.15); border-radius: 3px;' title='1.0'>_||> "
 '"<||_html:</span>_||><||_html:<span style=\'background-color: rgba(0.0, '
 "165.0, 0, 0.15); border-radius: 3px;' "
 "title='1.0'>_||>type<||_html:</span>_||><||_html:<span "
 "style='background-color: rgba(0.0, 165.0, 0, 0.15); border-radius: 3px;' "
 'title=\'1.0\'>_||>":<||_html:</span>_||><||_html:<span '
 "style='background-color: rgba(0.0, 165.0, 0, 0.15); border-radius: 3px;' "
 'title=\'1.0\'>_||> "<||_html:</span>_||><||_html:<span '
 "style='background-color: rgba(0.0, 165.0, 0, 0.15); border-radius: 3px;' "
 "title='1.0'>_||>Query<||_html:</span>_||><||_html:<span "
 "style='background-color: rgba(0.0, 165.0, 0, 0.15); border-radius: 3px;' "
 'title=\'1.0\'>_||>",<||_html:</span>_||><||_html:<span '
 "style='background-color: rgba(0.0, 165.0, 0, 0.15); border-radius: 3px;' "
 "title='1.0'>_||>\n"
 "<||_html:</span>_||><||_html:<span style='background-color: rgba(0.0, 165.0, "
 "0, 0.15); border-radius: 3px;' title='1.0'>_||>     "
 "<||_html:</span>_||><||_html:<span style='background-color: rgba(0.0, 165.0, "
 "0, 0.15); border-radius: 3px;' title='1.0'>_||> "
 '"<||_html:</span>_||><||_html:<span style=\'background-color: rgba(0.0, '
 "165.0, 0, 0.15); border-radius: 3px;' "
 "title='1.0'>_||>field<||_html:</span>_||><||_html:<span "
 "style='background-color: rgba(0.0, 165.0, 0, 0.15); border-radius: 3px;' "
 'title=\'1.0\'>_||>":<||_html:</span>_||><||_html:<span '
 "style='background-color: rgba(0.0, 165.0, 0, 0.15); border-radius: 3px;' "
 'title=\'1.0\'>_||> "<||_html:</span>_||><||_html:<span '
 "style='background-color: rgba(0.0, 165.0, 0, 0.15); border-radius: 3px;' "
 "title='1.0'>_||>get<||_html:</span>_||><||_html:<span "
 "style='background-color: rgba(0.0, 165.0, 0, 0.15); border-radius: 3px;' "
 "title='1.0'>_||>Product<||_html:</span>_||><||_html:<span "
 "style='background-color: rgba(0.0, 165.0, 0, 0.15); border-radius: 3px;' "
 'title=\'1.0\'>_||>",<||_html:</span>_||><||_html:<span '
 "style='background-color: rgba(0.0, 165.0, 0, 0.15); border-radius: 3px;' "
 "title='1.0'>_||>\n"
 "<||_html:</span>_||><||_html:<span style='background-color: rgba(0.0, 165.0, "
 "0, 0.15); border-radius: 3px;' title='1.0'>_||>     "
 "<||_html:</span>_||><||_html:<span style='background-color: rgba(0.0, 165.0, "
 "0, 0.15); border-radius: 3px;' title='1.0'>_||> "
 '"<||_html:</span>_||><||_html:<span style=\'background-color: rgba(0.0, '
 "165.0, 0, 0.15); border-radius: 3px;' "
 "title='1.0'>_||>change<||_html:</span>_||><||_html:<span "
 "style='background-color: rgba(0.0, 165.0, 0, 0.15); border-radius: 3px;' "
 'title=\'1.0\'>_||>":<||_html:</span>_||><||_html:<span '
 "style='background-color: rgba(0.0, 165.0, 0, 0.15); border-radius: 3px;' "
 'title=\'1.0\'>_||> "<||_html:</span>_||><||_html:<span '
 "style='background-color: rgba(0.0, 165.0, 0, 0.15); border-radius: 3px;' "
 "title='1.0'>_||>field<||_html:</span>_||><||_html:<span "
 "style='background-color: rgba(0.0, 165.0, 0, 0.15); border-radius: 3px;' "
 "title='1.0'>_||> details<||_html:</span>_||><||_html:<span "
 "style='background-color: rgba(0.0, 165.0, 0, 0.15); border-radius: 3px;' "
 "title='1.0'>_||> added<||_html:</span>_||><||_html:<span "
 "style='background-color: rgba(0.0, 165.0, 0, 0.15); border-radius: 3px;' "
 'title=\'1.0\'>_||>",<||_html:</span>_||><||_html:<span '
 "style='background-color: rgba(0.0, 165.0, 0, 0.15); border-radius: 3px;' "
 "title='1.0'>_||>\n"
 "<||_html:</span>_||><||_html:<span style='background-color: rgba(0.0, 165.0, "
 "0, 0.15); border-radius: 3px;' title='1.0'>_||>     "
 "<||_html:</span>_||><||_html:<span style='background-color: rgba(0.0, 165.0, "
 "0, 0.15); border-radius: 3px;' title='1.0'>_||> "
 '"<||_html:</span>_||><||_html:<span style=\'background-color: rgba(0.0, '
 "165.0, 0, 0.15); border-radius: 3px;' "
 "title='1.0'>_||>breaking<||_html:</span>_||><||_html:<span "
 "style='background-color: rgba(0.0, 165.0, 0, 0.15); border-radius: 3px;' "
 'title=\'1.0\'>_||>":<||_html:</span>_||><||_html:<span '
 "style='background-color: rgba(0.0, 165.0, 0, 0.15); border-radius: 3px;' "
 'title=\'1.0\'>_||> "<||_html:</span>_||><||_html:<span '
 "style='background-color: rgba(0.0, 165.0, 0, 0.15); border-radius: 3px;' "
 "title='1.0'>_||>false<||_html:</span>_||><||_html:<span "
 "style='background-color: rgba(0.0, 165.0, 0, 0.15); border-radius: 3px;' "
 'title=\'1.0\'>_||>",<||_html:</span>_||><||_html:<span '
 "style='background-color: rgba(0.0, 165.0, 0, 0.15); border-radius: 3px;' "
 "title='1.0'>_||>\n"
 "<||_html:</span>_||><||_html:<span style='background-color: rgba(0.0, 165.0, "
 "0, 0.15); border-radius: 3px;' title='1.0'>_||>     "
 "<||_html:</span>_||><||_html:<span style='background-color: rgba(0.0, 165.0, "
 "0, 0.15); border-radius: 3px;' title='1.0'>_||> "
 '"<||_html:</span>_||><||_html:<span style=\'background-color: rgba(0.0, '
 "165.0, 0, 0.15); border-radius: 3px;' "
 "title='1.0'>_||>release<||_html:</span>_||><||_html:<span "
 "style='background-color: rgba(0.0, 165.0, 0, 0.15); border-radius: 3px;' "
 "title='1.0'>_||>_<||_html:</span>_||><||_html:<span style='background-color: "
 "rgba(0.0, 165.0, 0, 0.15); border-radius: 3px;' "
 "title='1.0'>_||>note<||_html:</span>_||><||_html:<span "
 "style='background-color: rgba(0.0, 165.0, 0, 0.15); border-radius: 3px;' "
 'title=\'1.0\'>_||>":<||_html:</span>_||><||_html:<span '
 "style='background-color: rgba(0.0, 165.0, 0, 0.15); border-radius: 3px;' "
 'title=\'1.0\'>_||> "<||_html:</span>_||><||_html:<span '
 "style='background-color: rgba(0.0, 165.0, 0, 0.15); border-radius: 3px;' "
 "title='1.0'>_||>The<||_html:</span>_||><||_html:<span "
 "style='background-color: rgba(0.0, 165.0, 0, 0.15); border-radius: 3px;' "
 "title='1.0'>_||> '<||_html:</span>_||><||_html:<span "
 "style='background-color: rgba(0.0, 165.0, 0, 0.15); border-radius: 3px;' "
 "title='1.0'>_||>get<||_html:</span>_||><||_html:<span "
 "style='background-color: rgba(0.0, 165.0, 0, 0.15); border-radius: 3px;' "
 "title='1.0'>_||>Product<||_html:</span>_||><||_html:<span "
 "style='background-color: rgba(0.0, 165.0, 0, 0.15); border-radius: 3px;' "
 "title='1.0'>_||>'<||_html:</span>_||><||_html:<span style='background-color: "
 "rgba(0.0, 165.0, 0, 0.15); border-radius: 3px;' title='1.0'>_||> "
 "query<||_html:</span>_||><||_html:<span style='background-color: rgba(0.0, "
 "165.0, 0, 0.15); border-radius: 3px;' title='1.0'>_||> "
 "now<||_html:</span>_||><||_html:<span style='background-color: rgba(0.0, "
 "165.0, 0, 0.15); border-radius: 3px;' title='1.0'>_||> "
 "includes<||_html:</span>_||><||_html:<span style='background-color: "
 "rgba(0.0, 165.0, 0, 0.15); border-radius: 3px;' title='1.0'>_||> "
 "a<||_html:</span>_||><||_html:<span style='background-color: rgba(0.0, "
 "165.0, 0, 0.15); border-radius: 3px;' title='1.0'>_||> "
 "new<||_html:</span>_||><||_html:<span style='background-color: rgba(0.0, "
 "165.0, 0, 0.15); border-radius: 3px;' title='1.0'>_||> "
 "field<||_html:</span>_||><||_html:<span style='background-color: rgba(0.0, "
 "165.0, 0, 0.15); border-radius: 3px;' title='1.0'>_||> "
 "'<||_html:</span>_||><||_html:<span style='background-color: rgba(0.0, "
 "165.0, 0, 0.15); border-radius: 3px;' "
 "title='1.0'>_||>details<||_html:</span>_||><||_html:<span "
 "style='background-color: rgba(0.0, 165.0, 0, 0.15); border-radius: 3px;' "
 "title='1.0'>_||>'<||_html:</span>_||><||_html:<span style='background-color: "
 "rgba(0.0, 165.0, 0, 0.15); border-radius: 3px;' title='1.0'>_||> "
 "of<||_html:</span>_||><||_html:<span style='background-color: rgba(0.0, "
 "165.0, 0, 0.15); border-radius: 3px;' title='1.0'>_||> "
 "type<||_html:</span>_||><||_html:<span style='background-color: rgba(0.0, "
 "165.0, 0, 0.15); border-radius: 3px;' title='1.0'>_||> "
 "String<||_html:</span>_||><||_html:<span style='background-color: rgba(0.0, "
 "165.0, 0, 0.15); border-radius: 3px;' "
 'title=\'1.0\'>_||>."<||_html:</span>_||><||_html:<span '
 "style='background-color: rgba(0.0, 165.0, 0, 0.15); border-radius: 3px;' "
 "title='1.0'>_||>\n"
 "<||_html:</span>_||><||_html:<span style='background-color: rgba(0.0, 165.0, "
 "0, 0.15); border-radius: 3px;' title='1.0'>_||>   "
 "<||_html:</span>_||><||_html:<span style='background-color: rgba(0.0, 165.0, "
 "0, 0.15); border-radius: 3px;' title='1.0'>_||> "
 "},<||_html:</span>_||><||_html:<span style='background-color: rgba(0.0, "
 "165.0, 0, 0.15); border-radius: 3px;' title='1.0'>_||>\n"
 "<||_html:</span>_||><||_html:<span style='background-color: rgba(0.0, 165.0, "
 "0, 0.15); border-radius: 3px;' title='1.0'>_||>   "
 "<||_html:</span>_||><||_html:<span style='background-color: rgba(0.0, 165.0, "
 "0, 0.15); border-radius: 3px;' title='1.0'>_||> "
 "{<||_html:</span>_||><||_html:<span style='background-color: rgba(0.0, "
 "165.0, 0, 0.15); border-radius: 3px;' title='1.0'>_||>\n"
 "<||_html:</span>_||><||_html:<span style='background-color: rgba(0.0, 165.0, "
 "0, 0.15); border-radius: 3px;' title='1.0'>_||>     "
 "<||_html:</span>_||><||_html:<span style='background-color: rgba(0.0, 165.0, "
 "0, 0.15); border-radius: 3px;' title='1.0'>_||> "
 '"<||_html:</span>_||><||_html:<span style=\'background-color: rgba(0.0, '
 "165.0, 0, 0.15); border-radius: 3px;' "
 "title='1.0'>_||>type<||_html:</span>_||><||_html:<span "
 "style='background-color: rgba(0.0, 165.0, 0, 0.15); border-radius: 3px;' "
 'title=\'1.0\'>_||>":<||_html:</span>_||><||_html:<span '
 "style='background-color: rgba(0.0, 165.0, 0, 0.15); border-radius: 3px;' "
 'title=\'1.0\'>_||> "<||_html:</span>_||><||_html:<span '
 "style='background-color: rgba(0.0, 165.0, 0, 0.15); border-radius: 3px;' "
 "title='1.0'>_||>Product<||_html:</span>_||><||_html:<span "
 "style='background-color: rgba(0.0, 165.0, 0, 0.15); border-radius: 3px;' "
 'title=\'1.0\'>_||>",<||_html:</span>_||><||_html:<span '
 "style='background-color: rgba(0.0, 165.0, 0, 0.15); border-radius: 3px;' "
 "title='1.0'>_||>\n"
 "<||_html:</span>_||><||_html:<span style='background-color: rgba(0.0, 165.0, "
 "0, 0.15); border-radius: 3px;' title='1.0'>_||>     "
 "<||_html:</span>_||><||_html:<span style='background-color: rgba(0.0, 165.0, "
 "0, 0.15); border-radius: 3px;' title='1.0'>_||> "
 '"<||_html:</span>_||><||_html:<span style=\'background-color: rgba(0.0, '
 "165.0, 0, 0.15); border-radius: 3px;' "
 "title='1.0'>_||>field<||_html:</span>_||><||_html:<span "
 "style='background-color: rgba(0.0, 165.0, 0, 0.15); border-radius: 3px;' "
 'title=\'1.0\'>_||>":<||_html:</span>_||><||_html:<span '
 "style='background-color: rgba(0.0, 165.0, 0, 0.15); border-radius: 3px;' "
 'title=\'1.0\'>_||> "<||_html:</span>_||><||_html:<span '
 "style='background-color: rgba(0.0, 165.0, 0, 0.15); border-radius: 3px;' "
 "title='1.0'>_||>description<||_html:</span>_||><||_html:<span "
 "style='background-color: rgba(0.0, 165.0, 0, 0.15); border-radius: 3px;' "
 'title=\'1.0\'>_||>",<||_html:</span>_||><||_html:<span '
 "style='background-color: rgba(0.0, 165.0, 0, 0.15); border-radius: 3px;' "
 "title='1.0'>_||>\n"
 "<||_html:</span>_||><||_html:<span style='background-color: rgba(0.0, 165.0, "
 "0, 0.15); border-radius: 3px;' title='1.0'>_||>     "
 "<||_html:</span>_||><||_html:<span style='background-color: rgba(0.0, 165.0, "
 "0, 0.15); border-radius: 3px;' title='1.0'>_||> "
 '"<||_html:</span>_||><||_html:<span style=\'background-color: rgba(0.0, '
 "165.0, 0, 0.15); border-radius: 3px;' "
 "title='1.0'>_||>change<||_html:</span>_||><||_html:<span "
 "style='background-color: rgba(0.0, 165.0, 0, 0.15); border-radius: 3px;' "
 'title=\'1.0\'>_||>":<||_html:</span>_||><||_html:<span '
 "style='background-color: rgba(0.0, 165.0, 0, 0.15); border-radius: 3px;' "
 'title=\'1.0\'>_||> "<||_html:</span>_||><||_html:<span '
 "style='background-color: rgba(0.0, 165.0, 0, 0.15); border-radius: 3px;' "
 "title='1.0'>_||>field<||_html:</span>_||><||_html:<span "
 "style='background-color: rgba(0.0, 165.0, 0, 0.15); border-radius: 3px;' "
 "title='1.0'>_||> removed<||_html:</span>_||><||_html:<span "
 "style='background-color: rgba(0.0, 165.0, 0, 0.15); border-radius: 3px;' "
 'title=\'1.0\'>_||>",<||_html:</span>_||><||_html:<span '
 "style='background-color: rgba(0.0, 165.0, 0, 0.15); border-radius: 3px;' "
 "title='1.0'>_||>\n"
 "<||_html:</span>_||><||_html:<span style='background-color: rgba(0.0, 165.0, "
 "0, 0.15); border-radius: 3px;' title='1.0'>_||>     "
 "<||_html:</span>_||><||_html:<span style='background-color: rgba(0.0, 165.0, "
 "0, 0.15); border-radius: 3px;' title='1.0'>_||> "
 '"<||_html:</span>_||><||_html:<span style=\'background-color: rgba(0.0, '
 "165.0, 0, 0.15); border-radius: 3px;' "
 "title='1.0'>_||>breaking<||_html:</span>_||><||_html:<span "
 "style='background-color: rgba(0.0, 165.0, 0, 0.15); border-radius: 3px;' "
 'title=\'1.0\'>_||>":<||_html:</span>_||><||_html:<span '
 "style='background-color: rgba(0.0, 165.0, 0, 0.15); border-radius: 3px;' "
 'title=\'1.0\'>_||> "<||_html:</span>_||><||_html:<span '
 "style='background-color: rgba(0.0, 165.0, 0, 0.15); border-radius: 3px;' "
 "title='1.0'>_||>true<||_html:</span>_||><||_html:<span "
 "style='background-color: rgba(0.0, 165.0, 0, 0.15); border-radius: 3px;' "
 'title=\'1.0\'>_||>",<||_html:</span>_||><||_html:<span '
 "style='background-color: rgba(0.0, 165.0, 0, 0.15); border-radius: 3px;' "
 "title='1.0'>_||>\n"
 "<||_html:</span>_||><||_html:<span style='background-color: rgba(0.0, 165.0, "
 "0, 0.15); border-radius: 3px;' title='1.0'>_||>     "
 "<||_html:</span>_||><||_html:<span style='background-color: rgba(0.0, 165.0, "
 "0, 0.15); border-radius: 3px;' title='1.0'>_||> "
 '"<||_html:</span>_||><||_html:<span style=\'background-color: rgba(0.0, '
 "165.0, 0, 0.15); border-radius: 3px;' "
 "title='1.0'>_||>release<||_html:</span>_||><||_html:<span "
 "style='background-color: rgba(0.0, 165.0, 0, 0.15); border-radius: 3px;' "
 "title='1.0'>_||>_<||_html:</span>_||><||_html:<span style='background-color: "
 "rgba(0.0, 165.0, 0, 0.15); border-radius: 3px;' "
 "title='1.0'>_||>note<||_html:</span>_||><||_html:<span "
 "style='background-color: rgba(0.0, 165.0, 0, 0.15); border-radius: 3px;' "
 'title=\'1.0\'>_||>":<||_html:</span>_||><||_html:<span '
 "style='background-color: rgba(0.0, 165.0, 0, 0.15); border-radius: 3px;' "
 'title=\'1.0\'>_||> "<||_html:</span>_||><||_html:<span '
 "style='background-color: rgba(0.0, 165.0, 0, 0.15); border-radius: 3px;' "
 "title='1.0'>_||>The<||_html:</span>_||><||_html:<span "
 "style='background-color: rgba(0.0, 165.0, 0, 0.15); border-radius: 3px;' "
 "title='1.0'>_||> '<||_html:</span>_||><||_html:<span "
 "style='background-color: rgba(0.0, 165.0, 0, 0.15); border-radius: 3px;' "
 "title='1.0'>_||>Product<||_html:</span>_||><||_html:<span "
 "style='background-color: rgba(0.0, 165.0, 0, 0.15); border-radius: 3px;' "
 "title='1.0'>_||>'<||_html:</span>_||><||_html:<span style='background-color: "
 "rgba(0.0, 165.0, 0, 0.15); border-radius: 3px;' title='1.0'>_||> "
 "type<||_html:</span>_||><||_html:<span style='background-color: rgba(0.0, "
 "165.0, 0, 0.15); border-radius: 3px;' title='1.0'>_||> "
 "no<||_html:</span>_||><||_html:<span style='background-color: rgba(0.0, "
 "165.0, 0, 0.15); border-radius: 3px;' title='1.0'>_||> "
 "longer<||_html:</span>_||><||_html:<span style='background-color: rgba(0.0, "
 "165.0, 0, 0.15); border-radius: 3px;' title='1.0'>_||> "
 "includes<||_html:</span>_||><||_html:<span style='background-color: "
 "rgba(0.0, 165.0, 0, 0.15); border-radius: 3px;' title='1.0'>_||> "
 "the<||_html:</span>_||><||_html:<span style='background-color: rgba(0.0, "
 "165.0, 0, 0.15); border-radius: 3px;' title='1.0'>_||> "
 "'<||_html:</span>_||><||_html:<span style='background-color: rgba(0.0, "
 "165.0, 0, 0.15); border-radius: 3px;' "
 "title='1.0'>_||>description<||_html:</span>_||><||_html:<span "
 "style='background-color: rgba(0.0, 165.0, 0, 0.15); border-radius: 3px;' "
 "title='1.0'>_||>'<||_html:</span>_||><||_html:<span style='background-color: "
 "rgba(0.0, 165.0, 0, 0.15); border-radius: 3px;' title='1.0'>_||> "
 "field<||_html:</span>_||><||_html:<span style='background-color: rgba(0.0, "
 "165.0, 0, 0.15); border-radius: 3px;' "
 'title=\'1.0\'>_||>."<||_html:</span>_||><||_html:<span '
 "style='background-color: rgba(0.0, 165.0, 0, 0.15); border-radius: 3px;' "
 "title='1.0'>_||>")
('Analyze the following two GraphQL schemas for changes, including both '
 'breaking and non-breaking changes.\n'
 '\n'
 '                        Provide your analysis in the following JSON format:\n'
 '                        {\n'
 '                          "changes": [\n'
 '                            {\n'
 '                              "type": "String representing the GraphQL type '
 '(e.g., Query, Mutation, Subscription)",\n'
 '                              "field": "String representing the specific '
 'field that changed",\n'
 '                              "change": "String describing the change (e.g., '
 'field renamed, new field added, field removed)",\n'
 '                              "breaking": "Boolean indicating if the change '
 'is breaking (true) or non-breaking (false)",\n'
 '                              "release_note": "String with a natural '
 'language description of the change for release notes"\n'
 '                            }\n'
 '                          ],\n'
 '                          "release_notes": {\n'
 '                              "summary": "String summarizing all changes, '
 'suitable for a mailing list or public announcement"\n'
 '                          }\n'
 '                        }\n'
 '\n'
 '                        When analyzing, consider the following types of '
 'changes:\n'
 '                        1. Removing fields or types (breaking)\n'
 '                        2. Changing field types (potentially breaking)\n'
 '                        3. Adding required fields (breaking)\n'
 '                        4. Changing the type of existing arguments '
 '(breaking)\n'
 '                        5. Adding optional fields (non-breaking)\n'
 '                        6. Adding new types (non-breaking)\n'
 '                        7. Deprecating fields (non-breaking)\n'
 '\n'
 '                        Ensure that each change is categorized correctly as '
 'breaking or non-breaking.: type Query {\n'
 '  getProduct(id: ID!): Product\n'
 '}\n'
 '\n'
 'type Product {\n'
 '  id: ID\n'
 '  name: String\n'
 '  description: String\n'
 '  price: Float\n'
 '  stock: Int\n'
 '}\n'
 ', type Query {\n'
 '  getProduct(id: ID!): Product\n'
 '}\n'
 '\n'
 'type Product {\n'
 '  id: ID\n'
 '  name: String\n'
 '  details: String\n'
 '  price: Float\n'
 '}\n'
 '\n'
 "Answer:<||_html:<span style='background-color: rgba(0.0, 165.0, 0, 0.15); "
 "border-radius: 3px;' title='1.0'>_||> {<||_html:</span>_||><||_html:<span "
 "style='background-color: rgba(0.0, 165.0, 0, 0.15); border-radius: 3px;' "
 "title='1.0'>_||>\n"
 "<||_html:</span>_||><||_html:<span style='background-color: rgba(0.0, 165.0, "
 "0, 0.15); border-radius: 3px;' title='1.0'>_||> "
 "<||_html:</span>_||><||_html:<span style='background-color: rgba(0.0, 165.0, "
 "0, 0.15); border-radius: 3px;' title='1.0'>_||> "
 '"<||_html:</span>_||><||_html:<span style=\'background-color: rgba(0.0, '
 "165.0, 0, 0.15); border-radius: 3px;' "
 "title='1.0'>_||>changes<||_html:</span>_||><||_html:<span "
 "style='background-color: rgba(0.0, 165.0, 0, 0.15); border-radius: 3px;' "
 'title=\'1.0\'>_||>":<||_html:</span>_||><||_html:<span '
 "style='background-color: rgba(0.0, 165.0, 0, 0.15); border-radius: 3px;' "
 "title='1.0'>_||> [<||_html:</span>_||><||_html:<span "
 "style='background-color: rgba(0.0, 165.0, 0, 0.15); border-radius: 3px;' "
 "title='1.0'>_||>\n"
 "<||_html:</span>_||><||_html:<span style='background-color: rgba(0.0, 165.0, "
 "0, 0.15); border-radius: 3px;' title='1.0'>_||>   "
 "<||_html:</span>_||><||_html:<span style='background-color: rgba(0.0, 165.0, "
 "0, 0.15); border-radius: 3px;' title='1.0'>_||> "
 "{<||_html:</span>_||><||_html:<span style='background-color: rgba(0.0, "
 "165.0, 0, 0.15); border-radius: 3px;' title='1.0'>_||>\n"
 "<||_html:</span>_||><||_html:<span style='background-color: rgba(0.0, 165.0, "
 "0, 0.15); border-radius: 3px;' title='1.0'>_||>     "
 "<||_html:</span>_||><||_html:<span style='background-color: rgba(0.0, 165.0, "
 "0, 0.15); border-radius: 3px;' title='1.0'>_||> "
 '"<||_html:</span>_||><||_html:<span style=\'background-color: rgba(0.0, '
 "165.0, 0, 0.15); border-radius: 3px;' "
 "title='1.0'>_||>type<||_html:</span>_||><||_html:<span "
 "style='background-color: rgba(0.0, 165.0, 0, 0.15); border-radius: 3px;' "
 'title=\'1.0\'>_||>":<||_html:</span>_||><||_html:<span '
 "style='background-color: rgba(0.0, 165.0, 0, 0.15); border-radius: 3px;' "
 'title=\'1.0\'>_||> "<||_html:</span>_||><||_html:<span '
 "style='background-color: rgba(0.0, 165.0, 0, 0.15); border-radius: 3px;' "
 "title='1.0'>_||>Query<||_html:</span>_||><||_html:<span "
 "style='background-color: rgba(0.0, 165.0, 0, 0.15); border-radius: 3px;' "
 'title=\'1.0\'>_||>",<||_html:</span>_||><||_html:<span '
 "style='background-color: rgba(0.0, 165.0, 0, 0.15); border-radius: 3px;' "
 "title='1.0'>_||>\n"
 "<||_html:</span>_||><||_html:<span style='background-color: rgba(0.0, 165.0, "
 "0, 0.15); border-radius: 3px;' title='1.0'>_||>     "
 "<||_html:</span>_||><||_html:<span style='background-color: rgba(0.0, 165.0, "
 "0, 0.15); border-radius: 3px;' title='1.0'>_||> "
 '"<||_html:</span>_||><||_html:<span style=\'background-color: rgba(0.0, '
 "165.0, 0, 0.15); border-radius: 3px;' "
 "title='1.0'>_||>field<||_html:</span>_||><||_html:<span "
 "style='background-color: rgba(0.0, 165.0, 0, 0.15); border-radius: 3px;' "
 'title=\'1.0\'>_||>":<||_html:</span>_||><||_html:<span '
 "style='background-color: rgba(0.0, 165.0, 0, 0.15); border-radius: 3px;' "
 'title=\'1.0\'>_||> "<||_html:</span>_||><||_html:<span '
 "style='background-color: rgba(0.0, 165.0, 0, 0.15); border-radius: 3px;' "
 "title='1.0'>_||>get<||_html:</span>_||><||_html:<span "
 "style='background-color: rgba(0.0, 165.0, 0, 0.15); border-radius: 3px;' "
 "title='1.0'>_||>Product<||_html:</span>_||><||_html:<span "
 "style='background-color: rgba(0.0, 165.0, 0, 0.15); border-radius: 3px;' "
 'title=\'1.0\'>_||>",<||_html:</span>_||><||_html:<span '
 "style='background-color: rgba(0.0, 165.0, 0, 0.15); border-radius: 3px;' "
 "title='1.0'>_||>\n"
 "<||_html:</span>_||><||_html:<span style='background-color: rgba(0.0, 165.0, "
 "0, 0.15); border-radius: 3px;' title='1.0'>_||>     "
 "<||_html:</span>_||><||_html:<span style='background-color: rgba(0.0, 165.0, "
 "0, 0.15); border-radius: 3px;' title='1.0'>_||> "
 '"<||_html:</span>_||><||_html:<span style=\'background-color: rgba(0.0, '
 "165.0, 0, 0.15); border-radius: 3px;' "
 "title='1.0'>_||>change<||_html:</span>_||><||_html:<span "
 "style='background-color: rgba(0.0, 165.0, 0, 0.15); border-radius: 3px;' "
 'title=\'1.0\'>_||>":<||_html:</span>_||><||_html:<span '
 "style='background-color: rgba(0.0, 165.0, 0, 0.15); border-radius: 3px;' "
 'title=\'1.0\'>_||> "<||_html:</span>_||><||_html:<span '
 "style='background-color: rgba(0.0, 165.0, 0, 0.15); border-radius: 3px;' "
 "title='1.0'>_||>field<||_html:</span>_||><||_html:<span "
 "style='background-color: rgba(0.0, 165.0, 0, 0.15); border-radius: 3px;' "
 "title='1.0'>_||> details<||_html:</span>_||><||_html:<span "
 "style='background-color: rgba(0.0, 165.0, 0, 0.15); border-radius: 3px;' "
 "title='1.0'>_||> added<||_html:</span>_||><||_html:<span "
 "style='background-color: rgba(0.0, 165.0, 0, 0.15); border-radius: 3px;' "
 'title=\'1.0\'>_||>",<||_html:</span>_||><||_html:<span '
 "style='background-color: rgba(0.0, 165.0, 0, 0.15); border-radius: 3px;' "
 "title='1.0'>_||>\n"
 "<||_html:</span>_||><||_html:<span style='background-color: rgba(0.0, 165.0, "
 "0, 0.15); border-radius: 3px;' title='1.0'>_||>     "
 "<||_html:</span>_||><||_html:<span style='background-color: rgba(0.0, 165.0, "
 "0, 0.15); border-radius: 3px;' title='1.0'>_||> "
 '"<||_html:</span>_||><||_html:<span style=\'background-color: rgba(0.0, '
 "165.0, 0, 0.15); border-radius: 3px;' "
 "title='1.0'>_||>breaking<||_html:</span>_||><||_html:<span "
 "style='background-color: rgba(0.0, 165.0, 0, 0.15); border-radius: 3px;' "
 'title=\'1.0\'>_||>":<||_html:</span>_||><||_html:<span '
 "style='background-color: rgba(0.0, 165.0, 0, 0.15); border-radius: 3px;' "
 'title=\'1.0\'>_||> "<||_html:</span>_||><||_html:<span '
 "style='background-color: rgba(0.0, 165.0, 0, 0.15); border-radius: 3px;' "
 "title='1.0'>_||>false<||_html:</span>_||><||_html:<span "
 "style='background-color: rgba(0.0, 165.0, 0, 0.15); border-radius: 3px;' "
 'title=\'1.0\'>_||>",<||_html:</span>_||><||_html:<span '
 "style='background-color: rgba(0.0, 165.0, 0, 0.15); border-radius: 3px;' "
 "title='1.0'>_||>\n"
 "<||_html:</span>_||><||_html:<span style='background-color: rgba(0.0, 165.0, "
 "0, 0.15); border-radius: 3px;' title='1.0'>_||>     "
 "<||_html:</span>_||><||_html:<span style='background-color: rgba(0.0, 165.0, "
 "0, 0.15); border-radius: 3px;' title='1.0'>_||> "
 '"<||_html:</span>_||><||_html:<span style=\'background-color: rgba(0.0, '
 "165.0, 0, 0.15); border-radius: 3px;' "
 "title='1.0'>_||>release<||_html:</span>_||><||_html:<span "
 "style='background-color: rgba(0.0, 165.0, 0, 0.15); border-radius: 3px;' "
 "title='1.0'>_||>_<||_html:</span>_||><||_html:<span style='background-color: "
 "rgba(0.0, 165.0, 0, 0.15); border-radius: 3px;' "
 "title='1.0'>_||>note<||_html:</span>_||><||_html:<span "
 "style='background-color: rgba(0.0, 165.0, 0, 0.15); border-radius: 3px;' "
 'title=\'1.0\'>_||>":<||_html:</span>_||><||_html:<span '
 "style='background-color: rgba(0.0, 165.0, 0, 0.15); border-radius: 3px;' "
 'title=\'1.0\'>_||> "<||_html:</span>_||><||_html:<span '
 "style='background-color: rgba(0.0, 165.0, 0, 0.15); border-radius: 3px;' "
 "title='1.0'>_||>The<||_html:</span>_||><||_html:<span "
 "style='background-color: rgba(0.0, 165.0, 0, 0.15); border-radius: 3px;' "
 "title='1.0'>_||> '<||_html:</span>_||><||_html:<span "
 "style='background-color: rgba(0.0, 165.0, 0, 0.15); border-radius: 3px;' "
 "title='1.0'>_||>get<||_html:</span>_||><||_html:<span "
 "style='background-color: rgba(0.0, 165.0, 0, 0.15); border-radius: 3px;' "
 "title='1.0'>_||>Product<||_html:</span>_||><||_html:<span "
 "style='background-color: rgba(0.0, 165.0, 0, 0.15); border-radius: 3px;' "
 "title='1.0'>_||>'<||_html:</span>_||><||_html:<span style='background-color: "
 "rgba(0.0, 165.0, 0, 0.15); border-radius: 3px;' title='1.0'>_||> "
 "query<||_html:</span>_||><||_html:<span style='background-color: rgba(0.0, "
 "165.0, 0, 0.15); border-radius: 3px;' title='1.0'>_||> "
 "now<||_html:</span>_||><||_html:<span style='background-color: rgba(0.0, "
 "165.0, 0, 0.15); border-radius: 3px;' title='1.0'>_||> "
 "includes<||_html:</span>_||><||_html:<span style='background-color: "
 "rgba(0.0, 165.0, 0, 0.15); border-radius: 3px;' title='1.0'>_||> "
 "a<||_html:</span>_||><||_html:<span style='background-color: rgba(0.0, "
 "165.0, 0, 0.15); border-radius: 3px;' title='1.0'>_||> "
 "new<||_html:</span>_||><||_html:<span style='background-color: rgba(0.0, "
 "165.0, 0, 0.15); border-radius: 3px;' title='1.0'>_||> "
 "field<||_html:</span>_||><||_html:<span style='background-color: rgba(0.0, "
 "165.0, 0, 0.15); border-radius: 3px;' title='1.0'>_||> "
 "'<||_html:</span>_||><||_html:<span style='background-color: rgba(0.0, "
 "165.0, 0, 0.15); border-radius: 3px;' "
 "title='1.0'>_||>details<||_html:</span>_||><||_html:<span "
 "style='background-color: rgba(0.0, 165.0, 0, 0.15); border-radius: 3px;' "
 "title='1.0'>_||>'<||_html:</span>_||><||_html:<span style='background-color: "
 "rgba(0.0, 165.0, 0, 0.15); border-radius: 3px;' title='1.0'>_||> "
 "of<||_html:</span>_||><||_html:<span style='background-color: rgba(0.0, "
 "165.0, 0, 0.15); border-radius: 3px;' title='1.0'>_||> "
 "type<||_html:</span>_||><||_html:<span style='background-color: rgba(0.0, "
 "165.0, 0, 0.15); border-radius: 3px;' title='1.0'>_||> "
 "String<||_html:</span>_||><||_html:<span style='background-color: rgba(0.0, "
 "165.0, 0, 0.15); border-radius: 3px;' "
 'title=\'1.0\'>_||>."<||_html:</span>_||><||_html:<span '
 "style='background-color: rgba(0.0, 165.0, 0, 0.15); border-radius: 3px;' "
 "title='1.0'>_||>\n"
 "<||_html:</span>_||><||_html:<span style='background-color: rgba(0.0, 165.0, "
 "0, 0.15); border-radius: 3px;' title='1.0'>_||>   "
 "<||_html:</span>_||><||_html:<span style='background-color: rgba(0.0, 165.0, "
 "0, 0.15); border-radius: 3px;' title='1.0'>_||> "
 "},<||_html:</span>_||><||_html:<span style='background-color: rgba(0.0, "
 "165.0, 0, 0.15); border-radius: 3px;' title='1.0'>_||>\n"
 "<||_html:</span>_||><||_html:<span style='background-color: rgba(0.0, 165.0, "
 "0, 0.15); border-radius: 3px;' title='1.0'>_||>   "
 "<||_html:</span>_||><||_html:<span style='background-color: rgba(0.0, 165.0, "
 "0, 0.15); border-radius: 3px;' title='1.0'>_||> "
 "{<||_html:</span>_||><||_html:<span style='background-color: rgba(0.0, "
 "165.0, 0, 0.15); border-radius: 3px;' title='1.0'>_||>\n"
 "<||_html:</span>_||><||_html:<span style='background-color: rgba(0.0, 165.0, "
 "0, 0.15); border-radius: 3px;' title='1.0'>_||>     "
 "<||_html:</span>_||><||_html:<span style='background-color: rgba(0.0, 165.0, "
 "0, 0.15); border-radius: 3px;' title='1.0'>_||> "
 '"<||_html:</span>_||><||_html:<span style=\'background-color: rgba(0.0, '
 "165.0, 0, 0.15); border-radius: 3px;' "
 "title='1.0'>_||>type<||_html:</span>_||><||_html:<span "
 "style='background-color: rgba(0.0, 165.0, 0, 0.15); border-radius: 3px;' "
 'title=\'1.0\'>_||>":<||_html:</span>_||><||_html:<span '
 "style='background-color: rgba(0.0, 165.0, 0, 0.15); border-radius: 3px;' "
 'title=\'1.0\'>_||> "<||_html:</span>_||><||_html:<span '
 "style='background-color: rgba(0.0, 165.0, 0, 0.15); border-radius: 3px;' "
 "title='1.0'>_||>Product<||_html:</span>_||><||_html:<span "
 "style='background-color: rgba(0.0, 165.0, 0, 0.15); border-radius: 3px;' "
 'title=\'1.0\'>_||>",<||_html:</span>_||><||_html:<span '
 "style='background-color: rgba(0.0, 165.0, 0, 0.15); border-radius: 3px;' "
 "title='1.0'>_||>\n"
 "<||_html:</span>_||><||_html:<span style='background-color: rgba(0.0, 165.0, "
 "0, 0.15); border-radius: 3px;' title='1.0'>_||>     "
 "<||_html:</span>_||><||_html:<span style='background-color: rgba(0.0, 165.0, "
 "0, 0.15); border-radius: 3px;' title='1.0'>_||> "
 '"<||_html:</span>_||><||_html:<span style=\'background-color: rgba(0.0, '
 "165.0, 0, 0.15); border-radius: 3px;' "
 "title='1.0'>_||>field<||_html:</span>_||><||_html:<span "
 "style='background-color: rgba(0.0, 165.0, 0, 0.15); border-radius: 3px;' "
 'title=\'1.0\'>_||>":<||_html:</span>_||><||_html:<span '
 "style='background-color: rgba(0.0, 165.0, 0, 0.15); border-radius: 3px;' "
 'title=\'1.0\'>_||> "<||_html:</span>_||><||_html:<span '
 "style='background-color: rgba(0.0, 165.0, 0, 0.15); border-radius: 3px;' "
 "title='1.0'>_||>description<||_html:</span>_||><||_html:<span "
 "style='background-color: rgba(0.0, 165.0, 0, 0.15); border-radius: 3px;' "
 'title=\'1.0\'>_||>",<||_html:</span>_||><||_html:<span '
 "style='background-color: rgba(0.0, 165.0, 0, 0.15); border-radius: 3px;' "
 "title='1.0'>_||>\n"
 "<||_html:</span>_||><||_html:<span style='background-color: rgba(0.0, 165.0, "
 "0, 0.15); border-radius: 3px;' title='1.0'>_||>     "
 "<||_html:</span>_||><||_html:<span style='background-color: rgba(0.0, 165.0, "
 "0, 0.15); border-radius: 3px;' title='1.0'>_||> "
 '"<||_html:</span>_||><||_html:<span style=\'background-color: rgba(0.0, '
 "165.0, 0, 0.15); border-radius: 3px;' "
 "title='1.0'>_||>change<||_html:</span>_||><||_html:<span "
 "style='background-color: rgba(0.0, 165.0, 0, 0.15); border-radius: 3px;' "
 'title=\'1.0\'>_||>":<||_html:</span>_||><||_html:<span '
 "style='background-color: rgba(0.0, 165.0, 0, 0.15); border-radius: 3px;' "
 'title=\'1.0\'>_||> "<||_html:</span>_||><||_html:<span '
 "style='background-color: rgba(0.0, 165.0, 0, 0.15); border-radius: 3px;' "
 "title='1.0'>_||>field<||_html:</span>_||><||_html:<span "
 "style='background-color: rgba(0.0, 165.0, 0, 0.15); border-radius: 3px;' "
 "title='1.0'>_||> removed<||_html:</span>_||><||_html:<span "
 "style='background-color: rgba(0.0, 165.0, 0, 0.15); border-radius: 3px;' "
 'title=\'1.0\'>_||>",<||_html:</span>_||><||_html:<span '
 "style='background-color: rgba(0.0, 165.0, 0, 0.15); border-radius: 3px;' "
 "title='1.0'>_||>\n"
 "<||_html:</span>_||><||_html:<span style='background-color: rgba(0.0, 165.0, "
 "0, 0.15); border-radius: 3px;' title='1.0'>_||>     "
 "<||_html:</span>_||><||_html:<span style='background-color: rgba(0.0, 165.0, "
 "0, 0.15); border-radius: 3px;' title='1.0'>_||> "
 '"<||_html:</span>_||><||_html:<span style=\'background-color: rgba(0.0, '
 "165.0, 0, 0.15); border-radius: 3px;' "
 "title='1.0'>_||>breaking<||_html:</span>_||><||_html:<span "
 "style='background-color: rgba(0.0, 165.0, 0, 0.15); border-radius: 3px;' "
 'title=\'1.0\'>_||>":<||_html:</span>_||><||_html:<span '
 "style='background-color: rgba(0.0, 165.0, 0, 0.15); border-radius: 3px;' "
 'title=\'1.0\'>_||> "<||_html:</span>_||><||_html:<span '
 "style='background-color: rgba(0.0, 165.0, 0, 0.15); border-radius: 3px;' "
 "title='1.0'>_||>true<||_html:</span>_||><||_html:<span "
 "style='background-color: rgba(0.0, 165.0, 0, 0.15); border-radius: 3px;' "
 'title=\'1.0\'>_||>",<||_html:</span>_||><||_html:<span '
 "style='background-color: rgba(0.0, 165.0, 0, 0.15); border-radius: 3px;' "
 "title='1.0'>_||>\n"
 "<||_html:</span>_||><||_html:<span style='background-color: rgba(0.0, 165.0, "
 "0, 0.15); border-radius: 3px;' title='1.0'>_||>     "
 "<||_html:</span>_||><||_html:<span style='background-color: rgba(0.0, 165.0, "
 "0, 0.15); border-radius: 3px;' title='1.0'>_||> "
 '"<||_html:</span>_||><||_html:<span style=\'background-color: rgba(0.0, '
 "165.0, 0, 0.15); border-radius: 3px;' "
 "title='1.0'>_||>release<||_html:</span>_||><||_html:<span "
 "style='background-color: rgba(0.0, 165.0, 0, 0.15); border-radius: 3px;' "
 "title='1.0'>_||>_<||_html:</span>_||><||_html:<span style='background-color: "
 "rgba(0.0, 165.0, 0, 0.15); border-radius: 3px;' "
 "title='1.0'>_||>note<||_html:</span>_||><||_html:<span "
 "style='background-color: rgba(0.0, 165.0, 0, 0.15); border-radius: 3px;' "
 'title=\'1.0\'>_||>":<||_html:</span>_||><||_html:<span '
 "style='background-color: rgba(0.0, 165.0, 0, 0.15); border-radius: 3px;' "
 'title=\'1.0\'>_||> "<||_html:</span>_||><||_html:<span '
 "style='background-color: rgba(0.0, 165.0, 0, 0.15); border-radius: 3px;' "
 "title='1.0'>_||>The<||_html:</span>_||><||_html:<span "
 "style='background-color: rgba(0.0, 165.0, 0, 0.15); border-radius: 3px;' "
 "title='1.0'>_||> '<||_html:</span>_||><||_html:<span "
 "style='background-color: rgba(0.0, 165.0, 0, 0.15); border-radius: 3px;' "
 "title='1.0'>_||>Product<||_html:</span>_||><||_html:<span "
 "style='background-color: rgba(0.0, 165.0, 0, 0.15); border-radius: 3px;' "
 "title='1.0'>_||>'<||_html:</span>_||><||_html:<span style='background-color: "
 "rgba(0.0, 165.0, 0, 0.15); border-radius: 3px;' title='1.0'>_||> "
 "type<||_html:</span>_||><||_html:<span style='background-color: rgba(0.0, "
 "165.0, 0, 0.15); border-radius: 3px;' title='1.0'>_||> "
 "no<||_html:</span>_||><||_html:<span style='background-color: rgba(0.0, "
 "165.0, 0, 0.15); border-radius: 3px;' title='1.0'>_||> "
 "longer<||_html:</span>_||><||_html:<span style='background-color: rgba(0.0, "
 "165.0, 0, 0.15); border-radius: 3px;' title='1.0'>_||> "
 "includes<||_html:</span>_||><||_html:<span style='background-color: "
 "rgba(0.0, 165.0, 0, 0.15); border-radius: 3px;' title='1.0'>_||> "
 "the<||_html:</span>_||><||_html:<span style='background-color: rgba(0.0, "
 "165.0, 0, 0.15); border-radius: 3px;' title='1.0'>_||> "
 "'<||_html:</span>_||><||_html:<span style='background-color: rgba(0.0, "
 "165.0, 0, 0.15); border-radius: 3px;' "
 "title='1.0'>_||>description<||_html:</span>_||><||_html:<span "
 "style='background-color: rgba(0.0, 165.0, 0, 0.15); border-radius: 3px;' "
 "title='1.0'>_||>'<||_html:</span>_||><||_html:<span style='background-color: "
 "rgba(0.0, 165.0, 0, 0.15); border-radius: 3px;' title='1.0'>_||> "
 "field<||_html:</span>_||><||_html:<span style='background-color: rgba(0.0, "
 "165.0, 0, 0.15); border-radius: 3px;' "
 'title=\'1.0\'>_||>."<||_html:</span>_||><||_html:<span '
 "style='background-color: rgba(0.0, 165.0, 0, 0.15); border-radius: 3px;' "
 "title='1.0'>_||>\n"
 "<||_html:</span>_||><||_html:<span style='background-color: rgba(0.0, 165.0, "
 "0, 0.15); border-radius: 3px;' title='1.0'>_||>   "
 "<||_html:</span>_||><||_html:<span style='background-color: rgba(0.0, 165.0, "
 "0, 0.15); border-radius: 3px;' title='1.0'>_||> "
 "},<||_html:</span>_||><||_html:<span style='background-color: rgba(0.0, "
 "165.0, 0, 0.15); border-radius: 3px;' title='1.0'>_||>")
('Analyze the following two GraphQL schemas for changes, including both '
 'breaking and non-breaking changes.\n'
 '\n'
 '                        Provide your analysis in the following JSON format:\n'
 '                        {\n'
 '                          "changes": [\n'
 '                            {\n'
 '                              "type": "String representing the GraphQL type '
 '(e.g., Query, Mutation, Subscription)",\n'
 '                              "field": "String representing the specific '
 'field that changed",\n'
 '                              "change": "String describing the change (e.g., '
 'field renamed, new field added, field removed)",\n'
 '                              "breaking": "Boolean indicating if the change '
 'is breaking (true) or non-breaking (false)",\n'
 '                              "release_note": "String with a natural '
 'language description of the change for release notes"\n'
 '                            }\n'
 '                          ],\n'
 '                          "release_notes": {\n'
 '                              "summary": "String summarizing all changes, '
 'suitable for a mailing list or public announcement"\n'
 '                          }\n'
 '                        }\n'
 '\n'
 '                        When analyzing, consider the following types of '
 'changes:\n'
 '                        1. Removing fields or types (breaking)\n'
 '                        2. Changing field types (potentially breaking)\n'
 '                        3. Adding required fields (breaking)\n'
 '                        4. Changing the type of existing arguments '
 '(breaking)\n'
 '                        5. Adding optional fields (non-breaking)\n'
 '                        6. Adding new types (non-breaking)\n'
 '                        7. Deprecating fields (non-breaking)\n'
 '\n'
 '                        Ensure that each change is categorized correctly as '
 'breaking or non-breaking.: type Query {\n'
 '  getProduct(id: ID!): Product\n'
 '}\n'
 '\n'
 'type Product {\n'
 '  id: ID\n'
 '  name: String\n'
 '  description: String\n'
 '  price: Float\n'
 '  stock: Int\n'
 '}\n'
 ', type Query {\n'
 '  getProduct(id: ID!): Product\n'
 '}\n'
 '\n'
 'type Product {\n'
 '  id: ID\n'
 '  name: String\n'
 '  details: String\n'
 '  price: Float\n'
 '}\n'
 '\n'
 "Answer:<||_html:<span style='background-color: rgba(0.0, 165.0, 0, 0.15); "
 "border-radius: 3px;' title='1.0'>_||> {<||_html:</span>_||><||_html:<span "
 "style='background-color: rgba(0.0, 165.0, 0, 0.15); border-radius: 3px;' "
 "title='1.0'>_||>\n"
 "<||_html:</span>_||><||_html:<span style='background-color: rgba(0.0, 165.0, "
 "0, 0.15); border-radius: 3px;' title='1.0'>_||> "
 "<||_html:</span>_||><||_html:<span style='background-color: rgba(0.0, 165.0, "
 "0, 0.15); border-radius: 3px;' title='1.0'>_||> "
 '"<||_html:</span>_||><||_html:<span style=\'background-color: rgba(0.0, '
 "165.0, 0, 0.15); border-radius: 3px;' "
 "title='1.0'>_||>changes<||_html:</span>_||><||_html:<span "
 "style='background-color: rgba(0.0, 165.0, 0, 0.15); border-radius: 3px;' "
 'title=\'1.0\'>_||>":<||_html:</span>_||><||_html:<span '
 "style='background-color: rgba(0.0, 165.0, 0, 0.15); border-radius: 3px;' "
 "title='1.0'>_||> [<||_html:</span>_||><||_html:<span "
 "style='background-color: rgba(0.0, 165.0, 0, 0.15); border-radius: 3px;' "
 "title='1.0'>_||>\n"
 "<||_html:</span>_||><||_html:<span style='background-color: rgba(0.0, 165.0, "
 "0, 0.15); border-radius: 3px;' title='1.0'>_||>   "
 "<||_html:</span>_||><||_html:<span style='background-color: rgba(0.0, 165.0, "
 "0, 0.15); border-radius: 3px;' title='1.0'>_||> "
 "{<||_html:</span>_||><||_html:<span style='background-color: rgba(0.0, "
 "165.0, 0, 0.15); border-radius: 3px;' title='1.0'>_||>\n"
 "<||_html:</span>_||><||_html:<span style='background-color: rgba(0.0, 165.0, "
 "0, 0.15); border-radius: 3px;' title='1.0'>_||>     "
 "<||_html:</span>_||><||_html:<span style='background-color: rgba(0.0, 165.0, "
 "0, 0.15); border-radius: 3px;' title='1.0'>_||> "
 '"<||_html:</span>_||><||_html:<span style=\'background-color: rgba(0.0, '
 "165.0, 0, 0.15); border-radius: 3px;' "
 "title='1.0'>_||>type<||_html:</span>_||><||_html:<span "
 "style='background-color: rgba(0.0, 165.0, 0, 0.15); border-radius: 3px;' "
 'title=\'1.0\'>_||>":<||_html:</span>_||><||_html:<span '
 "style='background-color: rgba(0.0, 165.0, 0, 0.15); border-radius: 3px;' "
 'title=\'1.0\'>_||> "<||_html:</span>_||><||_html:<span '
 "style='background-color: rgba(0.0, 165.0, 0, 0.15); border-radius: 3px;' "
 "title='1.0'>_||>Query<||_html:</span>_||><||_html:<span "
 "style='background-color: rgba(0.0, 165.0, 0, 0.15); border-radius: 3px;' "
 'title=\'1.0\'>_||>",<||_html:</span>_||><||_html:<span '
 "style='background-color: rgba(0.0, 165.0, 0, 0.15); border-radius: 3px;' "
 "title='1.0'>_||>\n"
 "<||_html:</span>_||><||_html:<span style='background-color: rgba(0.0, 165.0, "
 "0, 0.15); border-radius: 3px;' title='1.0'>_||>     "
 "<||_html:</span>_||><||_html:<span style='background-color: rgba(0.0, 165.0, "
 "0, 0.15); border-radius: 3px;' title='1.0'>_||> "
 '"<||_html:</span>_||><||_html:<span style=\'background-color: rgba(0.0, '
 "165.0, 0, 0.15); border-radius: 3px;' "
 "title='1.0'>_||>field<||_html:</span>_||><||_html:<span "
 "style='background-color: rgba(0.0, 165.0, 0, 0.15); border-radius: 3px;' "
 'title=\'1.0\'>_||>":<||_html:</span>_||><||_html:<span '
 "style='background-color: rgba(0.0, 165.0, 0, 0.15); border-radius: 3px;' "
 'title=\'1.0\'>_||> "<||_html:</span>_||><||_html:<span '
 "style='background-color: rgba(0.0, 165.0, 0, 0.15); border-radius: 3px;' "
 "title='1.0'>_||>get<||_html:</span>_||><||_html:<span "
 "style='background-color: rgba(0.0, 165.0, 0, 0.15); border-radius: 3px;' "
 "title='1.0'>_||>Product<||_html:</span>_||><||_html:<span "
 "style='background-color: rgba(0.0, 165.0, 0, 0.15); border-radius: 3px;' "
 'title=\'1.0\'>_||>",<||_html:</span>_||><||_html:<span '
 "style='background-color: rgba(0.0, 165.0, 0, 0.15); border-radius: 3px;' "
 "title='1.0'>_||>\n"
 "<||_html:</span>_||><||_html:<span style='background-color: rgba(0.0, 165.0, "
 "0, 0.15); border-radius: 3px;' title='1.0'>_||>     "
 "<||_html:</span>_||><||_html:<span style='background-color: rgba(0.0, 165.0, "
 "0, 0.15); border-radius: 3px;' title='1.0'>_||> "
 '"<||_html:</span>_||><||_html:<span style=\'background-color: rgba(0.0, '
 "165.0, 0, 0.15); border-radius: 3px;' "
 "title='1.0'>_||>change<||_html:</span>_||><||_html:<span "
 "style='background-color: rgba(0.0, 165.0, 0, 0.15); border-radius: 3px;' "
 'title=\'1.0\'>_||>":<||_html:</span>_||><||_html:<span '
 "style='background-color: rgba(0.0, 165.0, 0, 0.15); border-radius: 3px;' "
 'title=\'1.0\'>_||> "<||_html:</span>_||><||_html:<span '
 "style='background-color: rgba(0.0, 165.0, 0, 0.15); border-radius: 3px;' "
 "title='1.0'>_||>field<||_html:</span>_||><||_html:<span "
 "style='background-color: rgba(0.0, 165.0, 0, 0.15); border-radius: 3px;' "
 "title='1.0'>_||> details<||_html:</span>_||><||_html:<span "
 "style='background-color: rgba(0.0, 165.0, 0, 0.15); border-radius: 3px;' "
 "title='1.0'>_||> added<||_html:</span>_||><||_html:<span "
 "style='background-color: rgba(0.0, 165.0, 0, 0.15); border-radius: 3px;' "
 'title=\'1.0\'>_||>",<||_html:</span>_||><||_html:<span '
 "style='background-color: rgba(0.0, 165.0, 0, 0.15); border-radius: 3px;' "
 "title='1.0'>_||>\n"
 "<||_html:</span>_||><||_html:<span style='background-color: rgba(0.0, 165.0, "
 "0, 0.15); border-radius: 3px;' title='1.0'>_||>     "
 "<||_html:</span>_||><||_html:<span style='background-color: rgba(0.0, 165.0, "
 "0, 0.15); border-radius: 3px;' title='1.0'>_||> "
 '"<||_html:</span>_||><||_html:<span style=\'background-color: rgba(0.0, '
 "165.0, 0, 0.15); border-radius: 3px;' "
 "title='1.0'>_||>breaking<||_html:</span>_||><||_html:<span "
 "style='background-color: rgba(0.0, 165.0, 0, 0.15); border-radius: 3px;' "
 'title=\'1.0\'>_||>":<||_html:</span>_||><||_html:<span '
 "style='background-color: rgba(0.0, 165.0, 0, 0.15); border-radius: 3px;' "
 'title=\'1.0\'>_||> "<||_html:</span>_||><||_html:<span '
 "style='background-color: rgba(0.0, 165.0, 0, 0.15); border-radius: 3px;' "
 "title='1.0'>_||>false<||_html:</span>_||><||_html:<span "
 "style='background-color: rgba(0.0, 165.0, 0, 0.15); border-radius: 3px;' "
 'title=\'1.0\'>_||>",<||_html:</span>_||><||_html:<span '
 "style='background-color: rgba(0.0, 165.0, 0, 0.15); border-radius: 3px;' "
 "title='1.0'>_||>\n"
 "<||_html:</span>_||><||_html:<span style='background-color: rgba(0.0, 165.0, "
 "0, 0.15); border-radius: 3px;' title='1.0'>_||>     "
 "<||_html:</span>_||><||_html:<span style='background-color: rgba(0.0, 165.0, "
 "0, 0.15); border-radius: 3px;' title='1.0'>_||> "
 '"<||_html:</span>_||><||_html:<span style=\'background-color: rgba(0.0, '
 "165.0, 0, 0.15); border-radius: 3px;' "
 "title='1.0'>_||>release<||_html:</span>_||><||_html:<span "
 "style='background-color: rgba(0.0, 165.0, 0, 0.15); border-radius: 3px;' "
 "title='1.0'>_||>_<||_html:</span>_||><||_html:<span style='background-color: "
 "rgba(0.0, 165.0, 0, 0.15); border-radius: 3px;' "
 "title='1.0'>_||>note<||_html:</span>_||><||_html:<span "
 "style='background-color: rgba(0.0, 165.0, 0, 0.15); border-radius: 3px;' "
 'title=\'1.0\'>_||>":<||_html:</span>_||><||_html:<span '
 "style='background-color: rgba(0.0, 165.0, 0, 0.15); border-radius: 3px;' "
 'title=\'1.0\'>_||> "<||_html:</span>_||><||_html:<span '
 "style='background-color: rgba(0.0, 165.0, 0, 0.15); border-radius: 3px;' "
 "title='1.0'>_||>The<||_html:</span>_||><||_html:<span "
 "style='background-color: rgba(0.0, 165.0, 0, 0.15); border-radius: 3px;' "
 "title='1.0'>_||> '<||_html:</span>_||><||_html:<span "
 "style='background-color: rgba(0.0, 165.0, 0, 0.15); border-radius: 3px;' "
 "title='1.0'>_||>get<||_html:</span>_||><||_html:<span "
 "style='background-color: rgba(0.0, 165.0, 0, 0.15); border-radius: 3px;' "
 "title='1.0'>_||>Product<||_html:</span>_||><||_html:<span "
 "style='background-color: rgba(0.0, 165.0, 0, 0.15); border-radius: 3px;' "
 "title='1.0'>_||>'<||_html:</span>_||><||_html:<span style='background-color: "
 "rgba(0.0, 165.0, 0, 0.15); border-radius: 3px;' title='1.0'>_||> "
 "query<||_html:</span>_||><||_html:<span style='background-color: rgba(0.0, "
 "165.0, 0, 0.15); border-radius: 3px;' title='1.0'>_||> "
 "now<||_html:</span>_||><||_html:<span style='background-color: rgba(0.0, "
 "165.0, 0, 0.15); border-radius: 3px;' title='1.0'>_||> "
 "includes<||_html:</span>_||><||_html:<span style='background-color: "
 "rgba(0.0, 165.0, 0, 0.15); border-radius: 3px;' title='1.0'>_||> "
 "a<||_html:</span>_||><||_html:<span style='background-color: rgba(0.0, "
 "165.0, 0, 0.15); border-radius: 3px;' title='1.0'>_||> "
 "new<||_html:</span>_||><||_html:<span style='background-color: rgba(0.0, "
 "165.0, 0, 0.15); border-radius: 3px;' title='1.0'>_||> "
 "field<||_html:</span>_||><||_html:<span style='background-color: rgba(0.0, "
 "165.0, 0, 0.15); border-radius: 3px;' title='1.0'>_||> "
 "'<||_html:</span>_||><||_html:<span style='background-color: rgba(0.0, "
 "165.0, 0, 0.15); border-radius: 3px;' "
 "title='1.0'>_||>details<||_html:</span>_||><||_html:<span "
 "style='background-color: rgba(0.0, 165.0, 0, 0.15); border-radius: 3px;' "
 "title='1.0'>_||>'<||_html:</span>_||><||_html:<span style='background-color: "
 "rgba(0.0, 165.0, 0, 0.15); border-radius: 3px;' title='1.0'>_||> "
 "of<||_html:</span>_||><||_html:<span style='background-color: rgba(0.0, "
 "165.0, 0, 0.15); border-radius: 3px;' title='1.0'>_||> "
 "type<||_html:</span>_||><||_html:<span style='background-color: rgba(0.0, "
 "165.0, 0, 0.15); border-radius: 3px;' title='1.0'>_||> "
 "String<||_html:</span>_||><||_html:<span style='background-color: rgba(0.0, "
 "165.0, 0, 0.15); border-radius: 3px;' "
 'title=\'1.0\'>_||>."<||_html:</span>_||><||_html:<span '
 "style='background-color: rgba(0.0, 165.0, 0, 0.15); border-radius: 3px;' "
 "title='1.0'>_||>\n"
 "<||_html:</span>_||><||_html:<span style='background-color: rgba(0.0, 165.0, "
 "0, 0.15); border-radius: 3px;' title='1.0'>_||>   "
 "<||_html:</span>_||><||_html:<span style='background-color: rgba(0.0, 165.0, "
 "0, 0.15); border-radius: 3px;' title='1.0'>_||> "
 "},<||_html:</span>_||><||_html:<span style='background-color: rgba(0.0, "
 "165.0, 0, 0.15); border-radius: 3px;' title='1.0'>_||>\n"
 "<||_html:</span>_||><||_html:<span style='background-color: rgba(0.0, 165.0, "
 "0, 0.15); border-radius: 3px;' title='1.0'>_||>   "
 "<||_html:</span>_||><||_html:<span style='background-color: rgba(0.0, 165.0, "
 "0, 0.15); border-radius: 3px;' title='1.0'>_||> "
 "{<||_html:</span>_||><||_html:<span style='background-color: rgba(0.0, "
 "165.0, 0, 0.15); border-radius: 3px;' title='1.0'>_||>\n"
 "<||_html:</span>_||><||_html:<span style='background-color: rgba(0.0, 165.0, "
 "0, 0.15); border-radius: 3px;' title='1.0'>_||>     "
 "<||_html:</span>_||><||_html:<span style='background-color: rgba(0.0, 165.0, "
 "0, 0.15); border-radius: 3px;' title='1.0'>_||> "
 '"<||_html:</span>_||><||_html:<span style=\'background-color: rgba(0.0, '
 "165.0, 0, 0.15); border-radius: 3px;' "
 "title='1.0'>_||>type<||_html:</span>_||><||_html:<span "
 "style='background-color: rgba(0.0, 165.0, 0, 0.15); border-radius: 3px;' "
 'title=\'1.0\'>_||>":<||_html:</span>_||><||_html:<span '
 "style='background-color: rgba(0.0, 165.0, 0, 0.15); border-radius: 3px;' "
 'title=\'1.0\'>_||> "<||_html:</span>_||><||_html:<span '
 "style='background-color: rgba(0.0, 165.0, 0, 0.15); border-radius: 3px;' "
 "title='1.0'>_||>Product<||_html:</span>_||><||_html:<span "
 "style='background-color: rgba(0.0, 165.0, 0, 0.15); border-radius: 3px;' "
 'title=\'1.0\'>_||>",<||_html:</span>_||><||_html:<span '
 "style='background-color: rgba(0.0, 165.0, 0, 0.15); border-radius: 3px;' "
 "title='1.0'>_||>\n"
 "<||_html:</span>_||><||_html:<span style='background-color: rgba(0.0, 165.0, "
 "0, 0.15); border-radius: 3px;' title='1.0'>_||>     "
 "<||_html:</span>_||><||_html:<span style='background-color: rgba(0.0, 165.0, "
 "0, 0.15); border-radius: 3px;' title='1.0'>_||> "
 '"<||_html:</span>_||><||_html:<span style=\'background-color: rgba(0.0, '
 "165.0, 0, 0.15); border-radius: 3px;' "
 "title='1.0'>_||>field<||_html:</span>_||><||_html:<span "
 "style='background-color: rgba(0.0, 165.0, 0, 0.15); border-radius: 3px;' "
 'title=\'1.0\'>_||>":<||_html:</span>_||><||_html:<span '
 "style='background-color: rgba(0.0, 165.0, 0, 0.15); border-radius: 3px;' "
 'title=\'1.0\'>_||> "<||_html:</span>_||><||_html:<span '
 "style='background-color: rgba(0.0, 165.0, 0, 0.15); border-radius: 3px;' "
 "title='1.0'>_||>description<||_html:</span>_||><||_html:<span "
 "style='background-color: rgba(0.0, 165.0, 0, 0.15); border-radius: 3px;' "
 'title=\'1.0\'>_||>",<||_html:</span>_||><||_html:<span '
 "style='background-color: rgba(0.0, 165.0, 0, 0.15); border-radius: 3px;' "
 "title='1.0'>_||>\n"
 "<||_html:</span>_||><||_html:<span style='background-color: rgba(0.0, 165.0, "
 "0, 0.15); border-radius: 3px;' title='1.0'>_||>     "
 "<||_html:</span>_||><||_html:<span style='background-color: rgba(0.0, 165.0, "
 "0, 0.15); border-radius: 3px;' title='1.0'>_||> "
 '"<||_html:</span>_||><||_html:<span style=\'background-color: rgba(0.0, '
 "165.0, 0, 0.15); border-radius: 3px;' "
 "title='1.0'>_||>change<||_html:</span>_||><||_html:<span "
 "style='background-color: rgba(0.0, 165.0, 0, 0.15); border-radius: 3px;' "
 'title=\'1.0\'>_||>":<||_html:</span>_||><||_html:<span '
 "style='background-color: rgba(0.0, 165.0, 0, 0.15); border-radius: 3px;' "
 'title=\'1.0\'>_||> "<||_html:</span>_||><||_html:<span '
 "style='background-color: rgba(0.0, 165.0, 0, 0.15); border-radius: 3px;' "
 "title='1.0'>_||>field<||_html:</span>_||><||_html:<span "
 "style='background-color: rgba(0.0, 165.0, 0, 0.15); border-radius: 3px;' "
 "title='1.0'>_||> removed<||_html:</span>_||><||_html:<span "
 "style='background-color: rgba(0.0, 165.0, 0, 0.15); border-radius: 3px;' "
 'title=\'1.0\'>_||>",<||_html:</span>_||><||_html:<span '
 "style='background-color: rgba(0.0, 165.0, 0, 0.15); border-radius: 3px;' "
 "title='1.0'>_||>\n"
 "<||_html:</span>_||><||_html:<span style='background-color: rgba(0.0, 165.0, "
 "0, 0.15); border-radius: 3px;' title='1.0'>_||>     "
 "<||_html:</span>_||><||_html:<span style='background-color: rgba(0.0, 165.0, "
 "0, 0.15); border-radius: 3px;' title='1.0'>_||> "
 '"<||_html:</span>_||><||_html:<span style=\'background-color: rgba(0.0, '
 "165.0, 0, 0.15); border-radius: 3px;' "
 "title='1.0'>_||>breaking<||_html:</span>_||><||_html:<span "
 "style='background-color: rgba(0.0, 165.0, 0, 0.15); border-radius: 3px;' "
 'title=\'1.0\'>_||>":<||_html:</span>_||><||_html:<span '
 "style='background-color: rgba(0.0, 165.0, 0, 0.15); border-radius: 3px;' "
 'title=\'1.0\'>_||> "<||_html:</span>_||><||_html:<span '
 "style='background-color: rgba(0.0, 165.0, 0, 0.15); border-radius: 3px;' "
 "title='1.0'>_||>true<||_html:</span>_||><||_html:<span "
 "style='background-color: rgba(0.0, 165.0, 0, 0.15); border-radius: 3px;' "
 'title=\'1.0\'>_||>",<||_html:</span>_||><||_html:<span '
 "style='background-color: rgba(0.0, 165.0, 0, 0.15); border-radius: 3px;' "
 "title='1.0'>_||>\n"
 "<||_html:</span>_||><||_html:<span style='background-color: rgba(0.0, 165.0, "
 "0, 0.15); border-radius: 3px;' title='1.0'>_||>     "
 "<||_html:</span>_||><||_html:<span style='background-color: rgba(0.0, 165.0, "
 "0, 0.15); border-radius: 3px;' title='1.0'>_||> "
 '"<||_html:</span>_||><||_html:<span style=\'background-color: rgba(0.0, '
 "165.0, 0, 0.15); border-radius: 3px;' "
 "title='1.0'>_||>release<||_html:</span>_||><||_html:<span "
 "style='background-color: rgba(0.0, 165.0, 0, 0.15); border-radius: 3px;' "
 "title='1.0'>_||>_<||_html:</span>_||><||_html:<span style='background-color: "
 "rgba(0.0, 165.0, 0, 0.15); border-radius: 3px;' "
 "title='1.0'>_||>note<||_html:</span>_||><||_html:<span "
 "style='background-color: rgba(0.0, 165.0, 0, 0.15); border-radius: 3px;' "
 'title=\'1.0\'>_||>":<||_html:</span>_||><||_html:<span '
 "style='background-color: rgba(0.0, 165.0, 0, 0.15); border-radius: 3px;' "
 'title=\'1.0\'>_||> "<||_html:</span>_||><||_html:<span '
 "style='background-color: rgba(0.0, 165.0, 0, 0.15); border-radius: 3px;' "
 "title='1.0'>_||>The<||_html:</span>_||><||_html:<span "
 "style='background-color: rgba(0.0, 165.0, 0, 0.15); border-radius: 3px;' "
 "title='1.0'>_||> '<||_html:</span>_||><||_html:<span "
 "style='background-color: rgba(0.0, 165.0, 0, 0.15); border-radius: 3px;' "
 "title='1.0'>_||>Product<||_html:</span>_||><||_html:<span "
 "style='background-color: rgba(0.0, 165.0, 0, 0.15); border-radius: 3px;' "
 "title='1.0'>_||>'<||_html:</span>_||><||_html:<span style='background-color: "
 "rgba(0.0, 165.0, 0, 0.15); border-radius: 3px;' title='1.0'>_||> "
 "type<||_html:</span>_||><||_html:<span style='background-color: rgba(0.0, "
 "165.0, 0, 0.15); border-radius: 3px;' title='1.0'>_||> "
 "no<||_html:</span>_||><||_html:<span style='background-color: rgba(0.0, "
 "165.0, 0, 0.15); border-radius: 3px;' title='1.0'>_||> "
 "longer<||_html:</span>_||><||_html:<span style='background-color: rgba(0.0, "
 "165.0, 0, 0.15); border-radius: 3px;' title='1.0'>_||> "
 "includes<||_html:</span>_||><||_html:<span style='background-color: "
 "rgba(0.0, 165.0, 0, 0.15); border-radius: 3px;' title='1.0'>_||> "
 "the<||_html:</span>_||><||_html:<span style='background-color: rgba(0.0, "
 "165.0, 0, 0.15); border-radius: 3px;' title='1.0'>_||> "
 "'<||_html:</span>_||><||_html:<span style='background-color: rgba(0.0, "
 "165.0, 0, 0.15); border-radius: 3px;' "
 "title='1.0'>_||>description<||_html:</span>_||><||_html:<span "
 "style='background-color: rgba(0.0, 165.0, 0, 0.15); border-radius: 3px;' "
 "title='1.0'>_||>'<||_html:</span>_||><||_html:<span style='background-color: "
 "rgba(0.0, 165.0, 0, 0.15); border-radius: 3px;' title='1.0'>_||> "
 "field<||_html:</span>_||><||_html:<span style='background-color: rgba(0.0, "
 "165.0, 0, 0.15); border-radius: 3px;' "
 'title=\'1.0\'>_||>."<||_html:</span>_||><||_html:<span '
 "style='background-color: rgba(0.0, 165.0, 0, 0.15); border-radius: 3px;' "
 "title='1.0'>_||>\n"
 "<||_html:</span>_||><||_html:<span style='background-color: rgba(0.0, 165.0, "
 "0, 0.15); border-radius: 3px;' title='1.0'>_||>   "
 "<||_html:</span>_||><||_html:<span style='background-color: rgba(0.0, 165.0, "
 "0, 0.15); border-radius: 3px;' title='1.0'>_||> "
 "},<||_html:</span>_||><||_html:<span style='background-color: rgba(0.0, "
 "165.0, 0, 0.15); border-radius: 3px;' title='1.0'>_||>\n"
 "<||_html:</span>_||><||_html:<span style='background-color: rgba(0.0, 165.0, "
 "0, 0.15); border-radius: 3px;' title='1.0'>_||>   "
 "<||_html:</span>_||><||_html:<span style='background-color: rgba(0.0, 165.0, "
 "0, 0.15); border-radius: 3px;' title='1.0'>_||> "
 "{<||_html:</span>_||><||_html:<span style='background-color: rgba(0.0, "
 "165.0, 0, 0.15); border-radius: 3px;' title='1.0'>_||>")
('Analyze the following two GraphQL schemas for changes, including both '
 'breaking and non-breaking changes.\n'
 '\n'
 '                        Provide your analysis in the following JSON format:\n'
 '                        {\n'
 '                          "changes": [\n'
 '                            {\n'
 '                              "type": "String representing the GraphQL type '
 '(e.g., Query, Mutation, Subscription)",\n'
 '                              "field": "String representing the specific '
 'field that changed",\n'
 '                              "change": "String describing the change (e.g., '
 'field renamed, new field added, field removed)",\n'
 '                              "breaking": "Boolean indicating if the change '
 'is breaking (true) or non-breaking (false)",\n'
 '                              "release_note": "String with a natural '
 'language description of the change for release notes"\n'
 '                            }\n'
 '                          ],\n'
 '                          "release_notes": {\n'
 '                              "summary": "String summarizing all changes, '
 'suitable for a mailing list or public announcement"\n'
 '                          }\n'
 '                        }\n'
 '\n'
 '                        When analyzing, consider the following types of '
 'changes:\n'
 '                        1. Removing fields or types (breaking)\n'
 '                        2. Changing field types (potentially breaking)\n'
 '                        3. Adding required fields (breaking)\n'
 '                        4. Changing the type of existing arguments '
 '(breaking)\n'
 '                        5. Adding optional fields (non-breaking)\n'
 '                        6. Adding new types (non-breaking)\n'
 '                        7. Deprecating fields (non-breaking)\n'
 '\n'
 '                        Ensure that each change is categorized correctly as '
 'breaking or non-breaking.: type Query {\n'
 '  getProduct(id: ID!): Product\n'
 '}\n'
 '\n'
 'type Product {\n'
 '  id: ID\n'
 '  name: String\n'
 '  description: String\n'
 '  price: Float\n'
 '  stock: Int\n'
 '}\n'
 ', type Query {\n'
 '  getProduct(id: ID!): Product\n'
 '}\n'
 '\n'
 'type Product {\n'
 '  id: ID\n'
 '  name: String\n'
 '  details: String\n'
 '  price: Float\n'
 '}\n'
 '\n'
 "Answer:<||_html:<span style='background-color: rgba(0.0, 165.0, 0, 0.15); "
 "border-radius: 3px;' title='1.0'>_||> {<||_html:</span>_||><||_html:<span "
 "style='background-color: rgba(0.0, 165.0, 0, 0.15); border-radius: 3px;' "
 "title='1.0'>_||>\n"
 "<||_html:</span>_||><||_html:<span style='background-color: rgba(0.0, 165.0, "
 "0, 0.15); border-radius: 3px;' title='1.0'>_||> "
 "<||_html:</span>_||><||_html:<span style='background-color: rgba(0.0, 165.0, "
 "0, 0.15); border-radius: 3px;' title='1.0'>_||> "
 '"<||_html:</span>_||><||_html:<span style=\'background-color: rgba(0.0, '
 "165.0, 0, 0.15); border-radius: 3px;' "
 "title='1.0'>_||>changes<||_html:</span>_||><||_html:<span "
 "style='background-color: rgba(0.0, 165.0, 0, 0.15); border-radius: 3px;' "
 'title=\'1.0\'>_||>":<||_html:</span>_||><||_html:<span '
 "style='background-color: rgba(0.0, 165.0, 0, 0.15); border-radius: 3px;' "
 "title='1.0'>_||> [<||_html:</span>_||><||_html:<span "
 "style='background-color: rgba(0.0, 165.0, 0, 0.15); border-radius: 3px;' "
 "title='1.0'>_||>\n"
 "<||_html:</span>_||><||_html:<span style='background-color: rgba(0.0, 165.0, "
 "0, 0.15); border-radius: 3px;' title='1.0'>_||>   "
 "<||_html:</span>_||><||_html:<span style='background-color: rgba(0.0, 165.0, "
 "0, 0.15); border-radius: 3px;' title='1.0'>_||> "
 "{<||_html:</span>_||><||_html:<span style='background-color: rgba(0.0, "
 "165.0, 0, 0.15); border-radius: 3px;' title='1.0'>_||>\n"
 "<||_html:</span>_||><||_html:<span style='background-color: rgba(0.0, 165.0, "
 "0, 0.15); border-radius: 3px;' title='1.0'>_||>     "
 "<||_html:</span>_||><||_html:<span style='background-color: rgba(0.0, 165.0, "
 "0, 0.15); border-radius: 3px;' title='1.0'>_||> "
 '"<||_html:</span>_||><||_html:<span style=\'background-color: rgba(0.0, '
 "165.0, 0, 0.15); border-radius: 3px;' "
 "title='1.0'>_||>type<||_html:</span>_||><||_html:<span "
 "style='background-color: rgba(0.0, 165.0, 0, 0.15); border-radius: 3px;' "
 'title=\'1.0\'>_||>":<||_html:</span>_||><||_html:<span '
 "style='background-color: rgba(0.0, 165.0, 0, 0.15); border-radius: 3px;' "
 'title=\'1.0\'>_||> "<||_html:</span>_||><||_html:<span '
 "style='background-color: rgba(0.0, 165.0, 0, 0.15); border-radius: 3px;' "
 "title='1.0'>_||>Query<||_html:</span>_||><||_html:<span "
 "style='background-color: rgba(0.0, 165.0, 0, 0.15); border-radius: 3px;' "
 'title=\'1.0\'>_||>",<||_html:</span>_||><||_html:<span '
 "style='background-color: rgba(0.0, 165.0, 0, 0.15); border-radius: 3px;' "
 "title='1.0'>_||>\n"
 "<||_html:</span>_||><||_html:<span style='background-color: rgba(0.0, 165.0, "
 "0, 0.15); border-radius: 3px;' title='1.0'>_||>     "
 "<||_html:</span>_||><||_html:<span style='background-color: rgba(0.0, 165.0, "
 "0, 0.15); border-radius: 3px;' title='1.0'>_||> "
 '"<||_html:</span>_||><||_html:<span style=\'background-color: rgba(0.0, '
 "165.0, 0, 0.15); border-radius: 3px;' "
 "title='1.0'>_||>field<||_html:</span>_||><||_html:<span "
 "style='background-color: rgba(0.0, 165.0, 0, 0.15); border-radius: 3px;' "
 'title=\'1.0\'>_||>":<||_html:</span>_||><||_html:<span '
 "style='background-color: rgba(0.0, 165.0, 0, 0.15); border-radius: 3px;' "
 'title=\'1.0\'>_||> "<||_html:</span>_||><||_html:<span '
 "style='background-color: rgba(0.0, 165.0, 0, 0.15); border-radius: 3px;' "
 "title='1.0'>_||>get<||_html:</span>_||><||_html:<span "
 "style='background-color: rgba(0.0, 165.0, 0, 0.15); border-radius: 3px;' "
 "title='1.0'>_||>Product<||_html:</span>_||><||_html:<span "
 "style='background-color: rgba(0.0, 165.0, 0, 0.15); border-radius: 3px;' "
 'title=\'1.0\'>_||>",<||_html:</span>_||><||_html:<span '
 "style='background-color: rgba(0.0, 165.0, 0, 0.15); border-radius: 3px;' "
 "title='1.0'>_||>\n"
 "<||_html:</span>_||><||_html:<span style='background-color: rgba(0.0, 165.0, "
 "0, 0.15); border-radius: 3px;' title='1.0'>_||>     "
 "<||_html:</span>_||><||_html:<span style='background-color: rgba(0.0, 165.0, "
 "0, 0.15); border-radius: 3px;' title='1.0'>_||> "
 '"<||_html:</span>_||><||_html:<span style=\'background-color: rgba(0.0, '
 "165.0, 0, 0.15); border-radius: 3px;' "
 "title='1.0'>_||>change<||_html:</span>_||><||_html:<span "
 "style='background-color: rgba(0.0, 165.0, 0, 0.15); border-radius: 3px;' "
 'title=\'1.0\'>_||>":<||_html:</span>_||><||_html:<span '
 "style='background-color: rgba(0.0, 165.0, 0, 0.15); border-radius: 3px;' "
 'title=\'1.0\'>_||> "<||_html:</span>_||><||_html:<span '
 "style='background-color: rgba(0.0, 165.0, 0, 0.15); border-radius: 3px;' "
 "title='1.0'>_||>field<||_html:</span>_||><||_html:<span "
 "style='background-color: rgba(0.0, 165.0, 0, 0.15); border-radius: 3px;' "
 "title='1.0'>_||> details<||_html:</span>_||><||_html:<span "
 "style='background-color: rgba(0.0, 165.0, 0, 0.15); border-radius: 3px;' "
 "title='1.0'>_||> added<||_html:</span>_||><||_html:<span "
 "style='background-color: rgba(0.0, 165.0, 0, 0.15); border-radius: 3px;' "
 'title=\'1.0\'>_||>",<||_html:</span>_||><||_html:<span '
 "style='background-color: rgba(0.0, 165.0, 0, 0.15); border-radius: 3px;' "
 "title='1.0'>_||>\n"
 "<||_html:</span>_||><||_html:<span style='background-color: rgba(0.0, 165.0, "
 "0, 0.15); border-radius: 3px;' title='1.0'>_||>     "
 "<||_html:</span>_||><||_html:<span style='background-color: rgba(0.0, 165.0, "
 "0, 0.15); border-radius: 3px;' title='1.0'>_||> "
 '"<||_html:</span>_||><||_html:<span style=\'background-color: rgba(0.0, '
 "165.0, 0, 0.15); border-radius: 3px;' "
 "title='1.0'>_||>breaking<||_html:</span>_||><||_html:<span "
 "style='background-color: rgba(0.0, 165.0, 0, 0.15); border-radius: 3px;' "
 'title=\'1.0\'>_||>":<||_html:</span>_||><||_html:<span '
 "style='background-color: rgba(0.0, 165.0, 0, 0.15); border-radius: 3px;' "
 'title=\'1.0\'>_||> "<||_html:</span>_||><||_html:<span '
 "style='background-color: rgba(0.0, 165.0, 0, 0.15); border-radius: 3px;' "
 "title='1.0'>_||>false<||_html:</span>_||><||_html:<span "
 "style='background-color: rgba(0.0, 165.0, 0, 0.15); border-radius: 3px;' "
 'title=\'1.0\'>_||>",<||_html:</span>_||><||_html:<span '
 "style='background-color: rgba(0.0, 165.0, 0, 0.15); border-radius: 3px;' "
 "title='1.0'>_||>\n"
 "<||_html:</span>_||><||_html:<span style='background-color: rgba(0.0, 165.0, "
 "0, 0.15); border-radius: 3px;' title='1.0'>_||>     "
 "<||_html:</span>_||><||_html:<span style='background-color: rgba(0.0, 165.0, "
 "0, 0.15); border-radius: 3px;' title='1.0'>_||> "
 '"<||_html:</span>_||><||_html:<span style=\'background-color: rgba(0.0, '
 "165.0, 0, 0.15); border-radius: 3px;' "
 "title='1.0'>_||>release<||_html:</span>_||><||_html:<span "
 "style='background-color: rgba(0.0, 165.0, 0, 0.15); border-radius: 3px;' "
 "title='1.0'>_||>_<||_html:</span>_||><||_html:<span style='background-color: "
 "rgba(0.0, 165.0, 0, 0.15); border-radius: 3px;' "
 "title='1.0'>_||>note<||_html:</span>_||><||_html:<span "
 "style='background-color: rgba(0.0, 165.0, 0, 0.15); border-radius: 3px;' "
 'title=\'1.0\'>_||>":<||_html:</span>_||><||_html:<span '
 "style='background-color: rgba(0.0, 165.0, 0, 0.15); border-radius: 3px;' "
 'title=\'1.0\'>_||> "<||_html:</span>_||><||_html:<span '
 "style='background-color: rgba(0.0, 165.0, 0, 0.15); border-radius: 3px;' "
 "title='1.0'>_||>The<||_html:</span>_||><||_html:<span "
 "style='background-color: rgba(0.0, 165.0, 0, 0.15); border-radius: 3px;' "
 "title='1.0'>_||> '<||_html:</span>_||><||_html:<span "
 "style='background-color: rgba(0.0, 165.0, 0, 0.15); border-radius: 3px;' "
 "title='1.0'>_||>get<||_html:</span>_||><||_html:<span "
 "style='background-color: rgba(0.0, 165.0, 0, 0.15); border-radius: 3px;' "
 "title='1.0'>_||>Product<||_html:</span>_||><||_html:<span "
 "style='background-color: rgba(0.0, 165.0, 0, 0.15); border-radius: 3px;' "
 "title='1.0'>_||>'<||_html:</span>_||><||_html:<span style='background-color: "
 "rgba(0.0, 165.0, 0, 0.15); border-radius: 3px;' title='1.0'>_||> "
 "query<||_html:</span>_||><||_html:<span style='background-color: rgba(0.0, "
 "165.0, 0, 0.15); border-radius: 3px;' title='1.0'>_||> "
 "now<||_html:</span>_||><||_html:<span style='background-color: rgba(0.0, "
 "165.0, 0, 0.15); border-radius: 3px;' title='1.0'>_||> "
 "includes<||_html:</span>_||><||_html:<span style='background-color: "
 "rgba(0.0, 165.0, 0, 0.15); border-radius: 3px;' title='1.0'>_||> "
 "a<||_html:</span>_||><||_html:<span style='background-color: rgba(0.0, "
 "165.0, 0, 0.15); border-radius: 3px;' title='1.0'>_||> "
 "new<||_html:</span>_||><||_html:<span style='background-color: rgba(0.0, "
 "165.0, 0, 0.15); border-radius: 3px;' title='1.0'>_||> "
 "field<||_html:</span>_||><||_html:<span style='background-color: rgba(0.0, "
 "165.0, 0, 0.15); border-radius: 3px;' title='1.0'>_||> "
 "'<||_html:</span>_||><||_html:<span style='background-color: rgba(0.0, "
 "165.0, 0, 0.15); border-radius: 3px;' "
 "title='1.0'>_||>details<||_html:</span>_||><||_html:<span "
 "style='background-color: rgba(0.0, 165.0, 0, 0.15); border-radius: 3px;' "
 "title='1.0'>_||>'<||_html:</span>_||><||_html:<span style='background-color: "
 "rgba(0.0, 165.0, 0, 0.15); border-radius: 3px;' title='1.0'>_||> "
 "of<||_html:</span>_||><||_html:<span style='background-color: rgba(0.0, "
 "165.0, 0, 0.15); border-radius: 3px;' title='1.0'>_||> "
 "type<||_html:</span>_||><||_html:<span style='background-color: rgba(0.0, "
 "165.0, 0, 0.15); border-radius: 3px;' title='1.0'>_||> "
 "String<||_html:</span>_||><||_html:<span style='background-color: rgba(0.0, "
 "165.0, 0, 0.15); border-radius: 3px;' "
 'title=\'1.0\'>_||>."<||_html:</span>_||><||_html:<span '
 "style='background-color: rgba(0.0, 165.0, 0, 0.15); border-radius: 3px;' "
 "title='1.0'>_||>\n"
 "<||_html:</span>_||><||_html:<span style='background-color: rgba(0.0, 165.0, "
 "0, 0.15); border-radius: 3px;' title='1.0'>_||>   "
 "<||_html:</span>_||><||_html:<span style='background-color: rgba(0.0, 165.0, "
 "0, 0.15); border-radius: 3px;' title='1.0'>_||> "
 "},<||_html:</span>_||><||_html:<span style='background-color: rgba(0.0, "
 "165.0, 0, 0.15); border-radius: 3px;' title='1.0'>_||>\n"
 "<||_html:</span>_||><||_html:<span style='background-color: rgba(0.0, 165.0, "
 "0, 0.15); border-radius: 3px;' title='1.0'>_||>   "
 "<||_html:</span>_||><||_html:<span style='background-color: rgba(0.0, 165.0, "
 "0, 0.15); border-radius: 3px;' title='1.0'>_||> "
 "{<||_html:</span>_||><||_html:<span style='background-color: rgba(0.0, "
 "165.0, 0, 0.15); border-radius: 3px;' title='1.0'>_||>\n"
 "<||_html:</span>_||><||_html:<span style='background-color: rgba(0.0, 165.0, "
 "0, 0.15); border-radius: 3px;' title='1.0'>_||>     "
 "<||_html:</span>_||><||_html:<span style='background-color: rgba(0.0, 165.0, "
 "0, 0.15); border-radius: 3px;' title='1.0'>_||> "
 '"<||_html:</span>_||><||_html:<span style=\'background-color: rgba(0.0, '
 "165.0, 0, 0.15); border-radius: 3px;' "
 "title='1.0'>_||>type<||_html:</span>_||><||_html:<span "
 "style='background-color: rgba(0.0, 165.0, 0, 0.15); border-radius: 3px;' "
 'title=\'1.0\'>_||>":<||_html:</span>_||><||_html:<span '
 "style='background-color: rgba(0.0, 165.0, 0, 0.15); border-radius: 3px;' "
 'title=\'1.0\'>_||> "<||_html:</span>_||><||_html:<span '
 "style='background-color: rgba(0.0, 165.0, 0, 0.15); border-radius: 3px;' "
 "title='1.0'>_||>Product<||_html:</span>_||><||_html:<span "
 "style='background-color: rgba(0.0, 165.0, 0, 0.15); border-radius: 3px;' "
 'title=\'1.0\'>_||>",<||_html:</span>_||><||_html:<span '
 "style='background-color: rgba(0.0, 165.0, 0, 0.15); border-radius: 3px;' "
 "title='1.0'>_||>\n"
 "<||_html:</span>_||><||_html:<span style='background-color: rgba(0.0, 165.0, "
 "0, 0.15); border-radius: 3px;' title='1.0'>_||>     "
 "<||_html:</span>_||><||_html:<span style='background-color: rgba(0.0, 165.0, "
 "0, 0.15); border-radius: 3px;' title='1.0'>_||> "
 '"<||_html:</span>_||><||_html:<span style=\'background-color: rgba(0.0, '
 "165.0, 0, 0.15); border-radius: 3px;' "
 "title='1.0'>_||>field<||_html:</span>_||><||_html:<span "
 "style='background-color: rgba(0.0, 165.0, 0, 0.15); border-radius: 3px;' "
 'title=\'1.0\'>_||>":<||_html:</span>_||><||_html:<span '
 "style='background-color: rgba(0.0, 165.0, 0, 0.15); border-radius: 3px;' "
 'title=\'1.0\'>_||> "<||_html:</span>_||><||_html:<span '
 "style='background-color: rgba(0.0, 165.0, 0, 0.15); border-radius: 3px;' "
 "title='1.0'>_||>description<||_html:</span>_||><||_html:<span "
 "style='background-color: rgba(0.0, 165.0, 0, 0.15); border-radius: 3px;' "
 'title=\'1.0\'>_||>",<||_html:</span>_||><||_html:<span '
 "style='background-color: rgba(0.0, 165.0, 0, 0.15); border-radius: 3px;' "
 "title='1.0'>_||>\n"
 "<||_html:</span>_||><||_html:<span style='background-color: rgba(0.0, 165.0, "
 "0, 0.15); border-radius: 3px;' title='1.0'>_||>     "
 "<||_html:</span>_||><||_html:<span style='background-color: rgba(0.0, 165.0, "
 "0, 0.15); border-radius: 3px;' title='1.0'>_||> "
 '"<||_html:</span>_||><||_html:<span style=\'background-color: rgba(0.0, '
 "165.0, 0, 0.15); border-radius: 3px;' "
 "title='1.0'>_||>change<||_html:</span>_||><||_html:<span "
 "style='background-color: rgba(0.0, 165.0, 0, 0.15); border-radius: 3px;' "
 'title=\'1.0\'>_||>":<||_html:</span>_||><||_html:<span '
 "style='background-color: rgba(0.0, 165.0, 0, 0.15); border-radius: 3px;' "
 'title=\'1.0\'>_||> "<||_html:</span>_||><||_html:<span '
 "style='background-color: rgba(0.0, 165.0, 0, 0.15); border-radius: 3px;' "
 "title='1.0'>_||>field<||_html:</span>_||><||_html:<span "
 "style='background-color: rgba(0.0, 165.0, 0, 0.15); border-radius: 3px;' "
 "title='1.0'>_||> removed<||_html:</span>_||><||_html:<span "
 "style='background-color: rgba(0.0, 165.0, 0, 0.15); border-radius: 3px;' "
 'title=\'1.0\'>_||>",<||_html:</span>_||><||_html:<span '
 "style='background-color: rgba(0.0, 165.0, 0, 0.15); border-radius: 3px;' "
 "title='1.0'>_||>\n"
 "<||_html:</span>_||><||_html:<span style='background-color: rgba(0.0, 165.0, "
 "0, 0.15); border-radius: 3px;' title='1.0'>_||>     "
 "<||_html:</span>_||><||_html:<span style='background-color: rgba(0.0, 165.0, "
 "0, 0.15); border-radius: 3px;' title='1.0'>_||> "
 '"<||_html:</span>_||><||_html:<span style=\'background-color: rgba(0.0, '
 "165.0, 0, 0.15); border-radius: 3px;' "
 "title='1.0'>_||>breaking<||_html:</span>_||><||_html:<span "
 "style='background-color: rgba(0.0, 165.0, 0, 0.15); border-radius: 3px;' "
 'title=\'1.0\'>_||>":<||_html:</span>_||><||_html:<span '
 "style='background-color: rgba(0.0, 165.0, 0, 0.15); border-radius: 3px;' "
 'title=\'1.0\'>_||> "<||_html:</span>_||><||_html:<span '
 "style='background-color: rgba(0.0, 165.0, 0, 0.15); border-radius: 3px;' "
 "title='1.0'>_||>true<||_html:</span>_||><||_html:<span "
 "style='background-color: rgba(0.0, 165.0, 0, 0.15); border-radius: 3px;' "
 'title=\'1.0\'>_||>",<||_html:</span>_||><||_html:<span '
 "style='background-color: rgba(0.0, 165.0, 0, 0.15); border-radius: 3px;' "
 "title='1.0'>_||>\n"
 "<||_html:</span>_||><||_html:<span style='background-color: rgba(0.0, 165.0, "
 "0, 0.15); border-radius: 3px;' title='1.0'>_||>     "
 "<||_html:</span>_||><||_html:<span style='background-color: rgba(0.0, 165.0, "
 "0, 0.15); border-radius: 3px;' title='1.0'>_||> "
 '"<||_html:</span>_||><||_html:<span style=\'background-color: rgba(0.0, '
 "165.0, 0, 0.15); border-radius: 3px;' "
 "title='1.0'>_||>release<||_html:</span>_||><||_html:<span "
 "style='background-color: rgba(0.0, 165.0, 0, 0.15); border-radius: 3px;' "
 "title='1.0'>_||>_<||_html:</span>_||><||_html:<span style='background-color: "
 "rgba(0.0, 165.0, 0, 0.15); border-radius: 3px;' "
 "title='1.0'>_||>note<||_html:</span>_||><||_html:<span "
 "style='background-color: rgba(0.0, 165.0, 0, 0.15); border-radius: 3px;' "
 'title=\'1.0\'>_||>":<||_html:</span>_||><||_html:<span '
 "style='background-color: rgba(0.0, 165.0, 0, 0.15); border-radius: 3px;' "
 'title=\'1.0\'>_||> "<||_html:</span>_||><||_html:<span '
 "style='background-color: rgba(0.0, 165.0, 0, 0.15); border-radius: 3px;' "
 "title='1.0'>_||>The<||_html:</span>_||><||_html:<span "
 "style='background-color: rgba(0.0, 165.0, 0, 0.15); border-radius: 3px;' "
 "title='1.0'>_||> '<||_html:</span>_||><||_html:<span "
 "style='background-color: rgba(0.0, 165.0, 0, 0.15); border-radius: 3px;' "
 "title='1.0'>_||>Product<||_html:</span>_||><||_html:<span "
 "style='background-color: rgba(0.0, 165.0, 0, 0.15); border-radius: 3px;' "
 "title='1.0'>_||>'<||_html:</span>_||><||_html:<span style='background-color: "
 "rgba(0.0, 165.0, 0, 0.15); border-radius: 3px;' title='1.0'>_||> "
 "type<||_html:</span>_||><||_html:<span style='background-color: rgba(0.0, "
 "165.0, 0, 0.15); border-radius: 3px;' title='1.0'>_||> "
 "no<||_html:</span>_||><||_html:<span style='background-color: rgba(0.0, "
 "165.0, 0, 0.15); border-radius: 3px;' title='1.0'>_||> "
 "longer<||_html:</span>_||><||_html:<span style='background-color: rgba(0.0, "
 "165.0, 0, 0.15); border-radius: 3px;' title='1.0'>_||> "
 "includes<||_html:</span>_||><||_html:<span style='background-color: "
 "rgba(0.0, 165.0, 0, 0.15); border-radius: 3px;' title='1.0'>_||> "
 "the<||_html:</span>_||><||_html:<span style='background-color: rgba(0.0, "
 "165.0, 0, 0.15); border-radius: 3px;' title='1.0'>_||> "
 "'<||_html:</span>_||><||_html:<span style='background-color: rgba(0.0, "
 "165.0, 0, 0.15); border-radius: 3px;' "
 "title='1.0'>_||>description<||_html:</span>_||><||_html:<span "
 "style='background-color: rgba(0.0, 165.0, 0, 0.15); border-radius: 3px;' "
 "title='1.0'>_||>'<||_html:</span>_||><||_html:<span style='background-color: "
 "rgba(0.0, 165.0, 0, 0.15); border-radius: 3px;' title='1.0'>_||> "
 "field<||_html:</span>_||><||_html:<span style='background-color: rgba(0.0, "
 "165.0, 0, 0.15); border-radius: 3px;' "
 'title=\'1.0\'>_||>."<||_html:</span>_||><||_html:<span '
 "style='background-color: rgba(0.0, 165.0, 0, 0.15); border-radius: 3px;' "
 "title='1.0'>_||>\n"
 "<||_html:</span>_||><||_html:<span style='background-color: rgba(0.0, 165.0, "
 "0, 0.15); border-radius: 3px;' title='1.0'>_||>   "
 "<||_html:</span>_||><||_html:<span style='background-color: rgba(0.0, 165.0, "
 "0, 0.15); border-radius: 3px;' title='1.0'>_||> "
 "},<||_html:</span>_||><||_html:<span style='background-color: rgba(0.0, "
 "165.0, 0, 0.15); border-radius: 3px;' title='1.0'>_||>\n"
 "<||_html:</span>_||><||_html:<span style='background-color: rgba(0.0, 165.0, "
 "0, 0.15); border-radius: 3px;' title='1.0'>_||>   "
 "<||_html:</span>_||><||_html:<span style='background-color: rgba(0.0, 165.0, "
 "0, 0.15); border-radius: 3px;' title='1.0'>_||> "
 "{<||_html:</span>_||><||_html:<span style='background-color: rgba(0.0, "
 "165.0, 0, 0.15); border-radius: 3px;' title='1.0'>_||>\n"
 "<||_html:</span>_||><||_html:<span style='background-color: rgba(0.0, 165.0, "
 "0, 0.15); border-radius: 3px;' title='1.0'>_||>     "
 "<||_html:</span>_||><||_html:<span style='background-color: rgba(0.0, 165.0, "
 "0, 0.15); border-radius: 3px;' title='1.0'>_||> "
 '"<||_html:</span>_||><||_html:<span style=\'background-color: rgba(0.0, '
 "165.0, 0, 0.15); border-radius: 3px;' title='1.0'>_||>")
('Analyze the following two GraphQL schemas for changes, including both '
 'breaking and non-breaking changes.\n'
 '\n'
 '                        Provide your analysis in the following JSON format:\n'
 '                        {\n'
 '                          "changes": [\n'
 '                            {\n'
 '                              "type": "String representing the GraphQL type '
 '(e.g., Query, Mutation, Subscription)",\n'
 '                              "field": "String representing the specific '
 'field that changed",\n'
 '                              "change": "String describing the change (e.g., '
 'field renamed, new field added, field removed)",\n'
 '                              "breaking": "Boolean indicating if the change '
 'is breaking (true) or non-breaking (false)",\n'
 '                              "release_note": "String with a natural '
 'language description of the change for release notes"\n'
 '                            }\n'
 '                          ],\n'
 '                          "release_notes": {\n'
 '                              "summary": "String summarizing all changes, '
 'suitable for a mailing list or public announcement"\n'
 '                          }\n'
 '                        }\n'
 '\n'
 '                        When analyzing, consider the following types of '
 'changes:\n'
 '                        1. Removing fields or types (breaking)\n'
 '                        2. Changing field types (potentially breaking)\n'
 '                        3. Adding required fields (breaking)\n'
 '                        4. Changing the type of existing arguments '
 '(breaking)\n'
 '                        5. Adding optional fields (non-breaking)\n'
 '                        6. Adding new types (non-breaking)\n'
 '                        7. Deprecating fields (non-breaking)\n'
 '\n'
 '                        Ensure that each change is categorized correctly as '
 'breaking or non-breaking.: type Query {\n'
 '  getProduct(id: ID!): Product\n'
 '}\n'
 '\n'
 'type Product {\n'
 '  id: ID\n'
 '  name: String\n'
 '  description: String\n'
 '  price: Float\n'
 '  stock: Int\n'
 '}\n'
 ', type Query {\n'
 '  getProduct(id: ID!): Product\n'
 '}\n'
 '\n'
 'type Product {\n'
 '  id: ID\n'
 '  name: String\n'
 '  details: String\n'
 '  price: Float\n'
 '}\n'
 '\n'
 "Answer:<||_html:<span style='background-color: rgba(0.0, 165.0, 0, 0.15); "
 "border-radius: 3px;' title='1.0'>_||> {<||_html:</span>_||><||_html:<span "
 "style='background-color: rgba(0.0, 165.0, 0, 0.15); border-radius: 3px;' "
 "title='1.0'>_||>\n"
 "<||_html:</span>_||><||_html:<span style='background-color: rgba(0.0, 165.0, "
 "0, 0.15); border-radius: 3px;' title='1.0'>_||> "
 "<||_html:</span>_||><||_html:<span style='background-color: rgba(0.0, 165.0, "
 "0, 0.15); border-radius: 3px;' title='1.0'>_||> "
 '"<||_html:</span>_||><||_html:<span style=\'background-color: rgba(0.0, '
 "165.0, 0, 0.15); border-radius: 3px;' "
 "title='1.0'>_||>changes<||_html:</span>_||><||_html:<span "
 "style='background-color: rgba(0.0, 165.0, 0, 0.15); border-radius: 3px;' "
 'title=\'1.0\'>_||>":<||_html:</span>_||><||_html:<span '
 "style='background-color: rgba(0.0, 165.0, 0, 0.15); border-radius: 3px;' "
 "title='1.0'>_||> [<||_html:</span>_||><||_html:<span "
 "style='background-color: rgba(0.0, 165.0, 0, 0.15); border-radius: 3px;' "
 "title='1.0'>_||>\n"
 "<||_html:</span>_||><||_html:<span style='background-color: rgba(0.0, 165.0, "
 "0, 0.15); border-radius: 3px;' title='1.0'>_||>   "
 "<||_html:</span>_||><||_html:<span style='background-color: rgba(0.0, 165.0, "
 "0, 0.15); border-radius: 3px;' title='1.0'>_||> "
 "{<||_html:</span>_||><||_html:<span style='background-color: rgba(0.0, "
 "165.0, 0, 0.15); border-radius: 3px;' title='1.0'>_||>\n"
 "<||_html:</span>_||><||_html:<span style='background-color: rgba(0.0, 165.0, "
 "0, 0.15); border-radius: 3px;' title='1.0'>_||>     "
 "<||_html:</span>_||><||_html:<span style='background-color: rgba(0.0, 165.0, "
 "0, 0.15); border-radius: 3px;' title='1.0'>_||> "
 '"<||_html:</span>_||><||_html:<span style=\'background-color: rgba(0.0, '
 "165.0, 0, 0.15); border-radius: 3px;' "
 "title='1.0'>_||>type<||_html:</span>_||><||_html:<span "
 "style='background-color: rgba(0.0, 165.0, 0, 0.15); border-radius: 3px;' "
 'title=\'1.0\'>_||>":<||_html:</span>_||><||_html:<span '
 "style='background-color: rgba(0.0, 165.0, 0, 0.15); border-radius: 3px;' "
 'title=\'1.0\'>_||> "<||_html:</span>_||><||_html:<span '
 "style='background-color: rgba(0.0, 165.0, 0, 0.15); border-radius: 3px;' "
 "title='1.0'>_||>Query<||_html:</span>_||><||_html:<span "
 "style='background-color: rgba(0.0, 165.0, 0, 0.15); border-radius: 3px;' "
 'title=\'1.0\'>_||>",<||_html:</span>_||><||_html:<span '
 "style='background-color: rgba(0.0, 165.0, 0, 0.15); border-radius: 3px;' "
 "title='1.0'>_||>\n"
 "<||_html:</span>_||><||_html:<span style='background-color: rgba(0.0, 165.0, "
 "0, 0.15); border-radius: 3px;' title='1.0'>_||>     "
 "<||_html:</span>_||><||_html:<span style='background-color: rgba(0.0, 165.0, "
 "0, 0.15); border-radius: 3px;' title='1.0'>_||> "
 '"<||_html:</span>_||><||_html:<span style=\'background-color: rgba(0.0, '
 "165.0, 0, 0.15); border-radius: 3px;' "
 "title='1.0'>_||>field<||_html:</span>_||><||_html:<span "
 "style='background-color: rgba(0.0, 165.0, 0, 0.15); border-radius: 3px;' "
 'title=\'1.0\'>_||>":<||_html:</span>_||><||_html:<span '
 "style='background-color: rgba(0.0, 165.0, 0, 0.15); border-radius: 3px;' "
 'title=\'1.0\'>_||> "<||_html:</span>_||><||_html:<span '
 "style='background-color: rgba(0.0, 165.0, 0, 0.15); border-radius: 3px;' "
 "title='1.0'>_||>get<||_html:</span>_||><||_html:<span "
 "style='background-color: rgba(0.0, 165.0, 0, 0.15); border-radius: 3px;' "
 "title='1.0'>_||>Product<||_html:</span>_||><||_html:<span "
 "style='background-color: rgba(0.0, 165.0, 0, 0.15); border-radius: 3px;' "
 'title=\'1.0\'>_||>",<||_html:</span>_||><||_html:<span '
 "style='background-color: rgba(0.0, 165.0, 0, 0.15); border-radius: 3px;' "
 "title='1.0'>_||>\n"
 "<||_html:</span>_||><||_html:<span style='background-color: rgba(0.0, 165.0, "
 "0, 0.15); border-radius: 3px;' title='1.0'>_||>     "
 "<||_html:</span>_||><||_html:<span style='background-color: rgba(0.0, 165.0, "
 "0, 0.15); border-radius: 3px;' title='1.0'>_||> "
 '"<||_html:</span>_||><||_html:<span style=\'background-color: rgba(0.0, '
 "165.0, 0, 0.15); border-radius: 3px;' "
 "title='1.0'>_||>change<||_html:</span>_||><||_html:<span "
 "style='background-color: rgba(0.0, 165.0, 0, 0.15); border-radius: 3px;' "
 'title=\'1.0\'>_||>":<||_html:</span>_||><||_html:<span '
 "style='background-color: rgba(0.0, 165.0, 0, 0.15); border-radius: 3px;' "
 'title=\'1.0\'>_||> "<||_html:</span>_||><||_html:<span '
 "style='background-color: rgba(0.0, 165.0, 0, 0.15); border-radius: 3px;' "
 "title='1.0'>_||>field<||_html:</span>_||><||_html:<span "
 "style='background-color: rgba(0.0, 165.0, 0, 0.15); border-radius: 3px;' "
 "title='1.0'>_||> details<||_html:</span>_||><||_html:<span "
 "style='background-color: rgba(0.0, 165.0, 0, 0.15); border-radius: 3px;' "
 "title='1.0'>_||> added<||_html:</span>_||><||_html:<span "
 "style='background-color: rgba(0.0, 165.0, 0, 0.15); border-radius: 3px;' "
 'title=\'1.0\'>_||>",<||_html:</span>_||><||_html:<span '
 "style='background-color: rgba(0.0, 165.0, 0, 0.15); border-radius: 3px;' "
 "title='1.0'>_||>\n"
 "<||_html:</span>_||><||_html:<span style='background-color: rgba(0.0, 165.0, "
 "0, 0.15); border-radius: 3px;' title='1.0'>_||>     "
 "<||_html:</span>_||><||_html:<span style='background-color: rgba(0.0, 165.0, "
 "0, 0.15); border-radius: 3px;' title='1.0'>_||> "
 '"<||_html:</span>_||><||_html:<span style=\'background-color: rgba(0.0, '
 "165.0, 0, 0.15); border-radius: 3px;' "
 "title='1.0'>_||>breaking<||_html:</span>_||><||_html:<span "
 "style='background-color: rgba(0.0, 165.0, 0, 0.15); border-radius: 3px;' "
 'title=\'1.0\'>_||>":<||_html:</span>_||><||_html:<span '
 "style='background-color: rgba(0.0, 165.0, 0, 0.15); border-radius: 3px;' "
 'title=\'1.0\'>_||> "<||_html:</span>_||><||_html:<span '
 "style='background-color: rgba(0.0, 165.0, 0, 0.15); border-radius: 3px;' "
 "title='1.0'>_||>false<||_html:</span>_||><||_html:<span "
 "style='background-color: rgba(0.0, 165.0, 0, 0.15); border-radius: 3px;' "
 'title=\'1.0\'>_||>",<||_html:</span>_||><||_html:<span '
 "style='background-color: rgba(0.0, 165.0, 0, 0.15); border-radius: 3px;' "
 "title='1.0'>_||>\n"
 "<||_html:</span>_||><||_html:<span style='background-color: rgba(0.0, 165.0, "
 "0, 0.15); border-radius: 3px;' title='1.0'>_||>     "
 "<||_html:</span>_||><||_html:<span style='background-color: rgba(0.0, 165.0, "
 "0, 0.15); border-radius: 3px;' title='1.0'>_||> "
 '"<||_html:</span>_||><||_html:<span style=\'background-color: rgba(0.0, '
 "165.0, 0, 0.15); border-radius: 3px;' "
 "title='1.0'>_||>release<||_html:</span>_||><||_html:<span "
 "style='background-color: rgba(0.0, 165.0, 0, 0.15); border-radius: 3px;' "
 "title='1.0'>_||>_<||_html:</span>_||><||_html:<span style='background-color: "
 "rgba(0.0, 165.0, 0, 0.15); border-radius: 3px;' "
 "title='1.0'>_||>note<||_html:</span>_||><||_html:<span "
 "style='background-color: rgba(0.0, 165.0, 0, 0.15); border-radius: 3px;' "
 'title=\'1.0\'>_||>":<||_html:</span>_||><||_html:<span '
 "style='background-color: rgba(0.0, 165.0, 0, 0.15); border-radius: 3px;' "
 'title=\'1.0\'>_||> "<||_html:</span>_||><||_html:<span '
 "style='background-color: rgba(0.0, 165.0, 0, 0.15); border-radius: 3px;' "
 "title='1.0'>_||>The<||_html:</span>_||><||_html:<span "
 "style='background-color: rgba(0.0, 165.0, 0, 0.15); border-radius: 3px;' "
 "title='1.0'>_||> '<||_html:</span>_||><||_html:<span "
 "style='background-color: rgba(0.0, 165.0, 0, 0.15); border-radius: 3px;' "
 "title='1.0'>_||>get<||_html:</span>_||><||_html:<span "
 "style='background-color: rgba(0.0, 165.0, 0, 0.15); border-radius: 3px;' "
 "title='1.0'>_||>Product<||_html:</span>_||><||_html:<span "
 "style='background-color: rgba(0.0, 165.0, 0, 0.15); border-radius: 3px;' "
 "title='1.0'>_||>'<||_html:</span>_||><||_html:<span style='background-color: "
 "rgba(0.0, 165.0, 0, 0.15); border-radius: 3px;' title='1.0'>_||> "
 "query<||_html:</span>_||><||_html:<span style='background-color: rgba(0.0, "
 "165.0, 0, 0.15); border-radius: 3px;' title='1.0'>_||> "
 "now<||_html:</span>_||><||_html:<span style='background-color: rgba(0.0, "
 "165.0, 0, 0.15); border-radius: 3px;' title='1.0'>_||> "
 "includes<||_html:</span>_||><||_html:<span style='background-color: "
 "rgba(0.0, 165.0, 0, 0.15); border-radius: 3px;' title='1.0'>_||> "
 "a<||_html:</span>_||><||_html:<span style='background-color: rgba(0.0, "
 "165.0, 0, 0.15); border-radius: 3px;' title='1.0'>_||> "
 "new<||_html:</span>_||><||_html:<span style='background-color: rgba(0.0, "
 "165.0, 0, 0.15); border-radius: 3px;' title='1.0'>_||> "
 "field<||_html:</span>_||><||_html:<span style='background-color: rgba(0.0, "
 "165.0, 0, 0.15); border-radius: 3px;' title='1.0'>_||> "
 "'<||_html:</span>_||><||_html:<span style='background-color: rgba(0.0, "
 "165.0, 0, 0.15); border-radius: 3px;' "
 "title='1.0'>_||>details<||_html:</span>_||><||_html:<span "
 "style='background-color: rgba(0.0, 165.0, 0, 0.15); border-radius: 3px;' "
 "title='1.0'>_||>'<||_html:</span>_||><||_html:<span style='background-color: "
 "rgba(0.0, 165.0, 0, 0.15); border-radius: 3px;' title='1.0'>_||> "
 "of<||_html:</span>_||><||_html:<span style='background-color: rgba(0.0, "
 "165.0, 0, 0.15); border-radius: 3px;' title='1.0'>_||> "
 "type<||_html:</span>_||><||_html:<span style='background-color: rgba(0.0, "
 "165.0, 0, 0.15); border-radius: 3px;' title='1.0'>_||> "
 "String<||_html:</span>_||><||_html:<span style='background-color: rgba(0.0, "
 "165.0, 0, 0.15); border-radius: 3px;' "
 'title=\'1.0\'>_||>."<||_html:</span>_||><||_html:<span '
 "style='background-color: rgba(0.0, 165.0, 0, 0.15); border-radius: 3px;' "
 "title='1.0'>_||>\n"
 "<||_html:</span>_||><||_html:<span style='background-color: rgba(0.0, 165.0, "
 "0, 0.15); border-radius: 3px;' title='1.0'>_||>   "
 "<||_html:</span>_||><||_html:<span style='background-color: rgba(0.0, 165.0, "
 "0, 0.15); border-radius: 3px;' title='1.0'>_||> "
 "},<||_html:</span>_||><||_html:<span style='background-color: rgba(0.0, "
 "165.0, 0, 0.15); border-radius: 3px;' title='1.0'>_||>\n"
 "<||_html:</span>_||><||_html:<span style='background-color: rgba(0.0, 165.0, "
 "0, 0.15); border-radius: 3px;' title='1.0'>_||>   "
 "<||_html:</span>_||><||_html:<span style='background-color: rgba(0.0, 165.0, "
 "0, 0.15); border-radius: 3px;' title='1.0'>_||> "
 "{<||_html:</span>_||><||_html:<span style='background-color: rgba(0.0, "
 "165.0, 0, 0.15); border-radius: 3px;' title='1.0'>_||>\n"
 "<||_html:</span>_||><||_html:<span style='background-color: rgba(0.0, 165.0, "
 "0, 0.15); border-radius: 3px;' title='1.0'>_||>     "
 "<||_html:</span>_||><||_html:<span style='background-color: rgba(0.0, 165.0, "
 "0, 0.15); border-radius: 3px;' title='1.0'>_||> "
 '"<||_html:</span>_||><||_html:<span style=\'background-color: rgba(0.0, '
 "165.0, 0, 0.15); border-radius: 3px;' "
 "title='1.0'>_||>type<||_html:</span>_||><||_html:<span "
 "style='background-color: rgba(0.0, 165.0, 0, 0.15); border-radius: 3px;' "
 'title=\'1.0\'>_||>":<||_html:</span>_||><||_html:<span '
 "style='background-color: rgba(0.0, 165.0, 0, 0.15); border-radius: 3px;' "
 'title=\'1.0\'>_||> "<||_html:</span>_||><||_html:<span '
 "style='background-color: rgba(0.0, 165.0, 0, 0.15); border-radius: 3px;' "
 "title='1.0'>_||>Product<||_html:</span>_||><||_html:<span "
 "style='background-color: rgba(0.0, 165.0, 0, 0.15); border-radius: 3px;' "
 'title=\'1.0\'>_||>",<||_html:</span>_||><||_html:<span '
 "style='background-color: rgba(0.0, 165.0, 0, 0.15); border-radius: 3px;' "
 "title='1.0'>_||>\n"
 "<||_html:</span>_||><||_html:<span style='background-color: rgba(0.0, 165.0, "
 "0, 0.15); border-radius: 3px;' title='1.0'>_||>     "
 "<||_html:</span>_||><||_html:<span style='background-color: rgba(0.0, 165.0, "
 "0, 0.15); border-radius: 3px;' title='1.0'>_||> "
 '"<||_html:</span>_||><||_html:<span style=\'background-color: rgba(0.0, '
 "165.0, 0, 0.15); border-radius: 3px;' "
 "title='1.0'>_||>field<||_html:</span>_||><||_html:<span "
 "style='background-color: rgba(0.0, 165.0, 0, 0.15); border-radius: 3px;' "
 'title=\'1.0\'>_||>":<||_html:</span>_||><||_html:<span '
 "style='background-color: rgba(0.0, 165.0, 0, 0.15); border-radius: 3px;' "
 'title=\'1.0\'>_||> "<||_html:</span>_||><||_html:<span '
 "style='background-color: rgba(0.0, 165.0, 0, 0.15); border-radius: 3px;' "
 "title='1.0'>_||>description<||_html:</span>_||><||_html:<span "
 "style='background-color: rgba(0.0, 165.0, 0, 0.15); border-radius: 3px;' "
 'title=\'1.0\'>_||>",<||_html:</span>_||><||_html:<span '
 "style='background-color: rgba(0.0, 165.0, 0, 0.15); border-radius: 3px;' "
 "title='1.0'>_||>\n"
 "<||_html:</span>_||><||_html:<span style='background-color: rgba(0.0, 165.0, "
 "0, 0.15); border-radius: 3px;' title='1.0'>_||>     "
 "<||_html:</span>_||><||_html:<span style='background-color: rgba(0.0, 165.0, "
 "0, 0.15); border-radius: 3px;' title='1.0'>_||> "
 '"<||_html:</span>_||><||_html:<span style=\'background-color: rgba(0.0, '
 "165.0, 0, 0.15); border-radius: 3px;' "
 "title='1.0'>_||>change<||_html:</span>_||><||_html:<span "
 "style='background-color: rgba(0.0, 165.0, 0, 0.15); border-radius: 3px;' "
 'title=\'1.0\'>_||>":<||_html:</span>_||><||_html:<span '
 "style='background-color: rgba(0.0, 165.0, 0, 0.15); border-radius: 3px;' "
 'title=\'1.0\'>_||> "<||_html:</span>_||><||_html:<span '
 "style='background-color: rgba(0.0, 165.0, 0, 0.15); border-radius: 3px;' "
 "title='1.0'>_||>field<||_html:</span>_||><||_html:<span "
 "style='background-color: rgba(0.0, 165.0, 0, 0.15); border-radius: 3px;' "
 "title='1.0'>_||> removed<||_html:</span>_||><||_html:<span "
 "style='background-color: rgba(0.0, 165.0, 0, 0.15); border-radius: 3px;' "
 'title=\'1.0\'>_||>",<||_html:</span>_||><||_html:<span '
 "style='background-color: rgba(0.0, 165.0, 0, 0.15); border-radius: 3px;' "
 "title='1.0'>_||>\n"
 "<||_html:</span>_||><||_html:<span style='background-color: rgba(0.0, 165.0, "
 "0, 0.15); border-radius: 3px;' title='1.0'>_||>     "
 "<||_html:</span>_||><||_html:<span style='background-color: rgba(0.0, 165.0, "
 "0, 0.15); border-radius: 3px;' title='1.0'>_||> "
 '"<||_html:</span>_||><||_html:<span style=\'background-color: rgba(0.0, '
 "165.0, 0, 0.15); border-radius: 3px;' "
 "title='1.0'>_||>breaking<||_html:</span>_||><||_html:<span "
 "style='background-color: rgba(0.0, 165.0, 0, 0.15); border-radius: 3px;' "
 'title=\'1.0\'>_||>":<||_html:</span>_||><||_html:<span '
 "style='background-color: rgba(0.0, 165.0, 0, 0.15); border-radius: 3px;' "
 'title=\'1.0\'>_||> "<||_html:</span>_||><||_html:<span '
 "style='background-color: rgba(0.0, 165.0, 0, 0.15); border-radius: 3px;' "
 "title='1.0'>_||>true<||_html:</span>_||><||_html:<span "
 "style='background-color: rgba(0.0, 165.0, 0, 0.15); border-radius: 3px;' "
 'title=\'1.0\'>_||>",<||_html:</span>_||><||_html:<span '
 "style='background-color: rgba(0.0, 165.0, 0, 0.15); border-radius: 3px;' "
 "title='1.0'>_||>\n"
 "<||_html:</span>_||><||_html:<span style='background-color: rgba(0.0, 165.0, "
 "0, 0.15); border-radius: 3px;' title='1.0'>_||>     "
 "<||_html:</span>_||><||_html:<span style='background-color: rgba(0.0, 165.0, "
 "0, 0.15); border-radius: 3px;' title='1.0'>_||> "
 '"<||_html:</span>_||><||_html:<span style=\'background-color: rgba(0.0, '
 "165.0, 0, 0.15); border-radius: 3px;' "
 "title='1.0'>_||>release<||_html:</span>_||><||_html:<span "
 "style='background-color: rgba(0.0, 165.0, 0, 0.15); border-radius: 3px;' "
 "title='1.0'>_||>_<||_html:</span>_||><||_html:<span style='background-color: "
 "rgba(0.0, 165.0, 0, 0.15); border-radius: 3px;' "
 "title='1.0'>_||>note<||_html:</span>_||><||_html:<span "
 "style='background-color: rgba(0.0, 165.0, 0, 0.15); border-radius: 3px;' "
 'title=\'1.0\'>_||>":<||_html:</span>_||><||_html:<span '
 "style='background-color: rgba(0.0, 165.0, 0, 0.15); border-radius: 3px;' "
 'title=\'1.0\'>_||> "<||_html:</span>_||><||_html:<span '
 "style='background-color: rgba(0.0, 165.0, 0, 0.15); border-radius: 3px;' "
 "title='1.0'>_||>The<||_html:</span>_||><||_html:<span "
 "style='background-color: rgba(0.0, 165.0, 0, 0.15); border-radius: 3px;' "
 "title='1.0'>_||> '<||_html:</span>_||><||_html:<span "
 "style='background-color: rgba(0.0, 165.0, 0, 0.15); border-radius: 3px;' "
 "title='1.0'>_||>Product<||_html:</span>_||><||_html:<span "
 "style='background-color: rgba(0.0, 165.0, 0, 0.15); border-radius: 3px;' "
 "title='1.0'>_||>'<||_html:</span>_||><||_html:<span style='background-color: "
 "rgba(0.0, 165.0, 0, 0.15); border-radius: 3px;' title='1.0'>_||> "
 "type<||_html:</span>_||><||_html:<span style='background-color: rgba(0.0, "
 "165.0, 0, 0.15); border-radius: 3px;' title='1.0'>_||> "
 "no<||_html:</span>_||><||_html:<span style='background-color: rgba(0.0, "
 "165.0, 0, 0.15); border-radius: 3px;' title='1.0'>_||> "
 "longer<||_html:</span>_||><||_html:<span style='background-color: rgba(0.0, "
 "165.0, 0, 0.15); border-radius: 3px;' title='1.0'>_||> "
 "includes<||_html:</span>_||><||_html:<span style='background-color: "
 "rgba(0.0, 165.0, 0, 0.15); border-radius: 3px;' title='1.0'>_||> "
 "the<||_html:</span>_||><||_html:<span style='background-color: rgba(0.0, "
 "165.0, 0, 0.15); border-radius: 3px;' title='1.0'>_||> "
 "'<||_html:</span>_||><||_html:<span style='background-color: rgba(0.0, "
 "165.0, 0, 0.15); border-radius: 3px;' "
 "title='1.0'>_||>description<||_html:</span>_||><||_html:<span "
 "style='background-color: rgba(0.0, 165.0, 0, 0.15); border-radius: 3px;' "
 "title='1.0'>_||>'<||_html:</span>_||><||_html:<span style='background-color: "
 "rgba(0.0, 165.0, 0, 0.15); border-radius: 3px;' title='1.0'>_||> "
 "field<||_html:</span>_||><||_html:<span style='background-color: rgba(0.0, "
 "165.0, 0, 0.15); border-radius: 3px;' "
 'title=\'1.0\'>_||>."<||_html:</span>_||><||_html:<span '
 "style='background-color: rgba(0.0, 165.0, 0, 0.15); border-radius: 3px;' "
 "title='1.0'>_||>\n"
 "<||_html:</span>_||><||_html:<span style='background-color: rgba(0.0, 165.0, "
 "0, 0.15); border-radius: 3px;' title='1.0'>_||>   "
 "<||_html:</span>_||><||_html:<span style='background-color: rgba(0.0, 165.0, "
 "0, 0.15); border-radius: 3px;' title='1.0'>_||> "
 "},<||_html:</span>_||><||_html:<span style='background-color: rgba(0.0, "
 "165.0, 0, 0.15); border-radius: 3px;' title='1.0'>_||>\n"
 "<||_html:</span>_||><||_html:<span style='background-color: rgba(0.0, 165.0, "
 "0, 0.15); border-radius: 3px;' title='1.0'>_||>   "
 "<||_html:</span>_||><||_html:<span style='background-color: rgba(0.0, 165.0, "
 "0, 0.15); border-radius: 3px;' title='1.0'>_||> "
 "{<||_html:</span>_||><||_html:<span style='background-color: rgba(0.0, "
 "165.0, 0, 0.15); border-radius: 3px;' title='1.0'>_||>\n"
 "<||_html:</span>_||><||_html:<span style='background-color: rgba(0.0, 165.0, "
 "0, 0.15); border-radius: 3px;' title='1.0'>_||>     "
 "<||_html:</span>_||><||_html:<span style='background-color: rgba(0.0, 165.0, "
 "0, 0.15); border-radius: 3px;' title='1.0'>_||> "
 '"<||_html:</span>_||><||_html:<span style=\'background-color: rgba(0.0, '
 "165.0, 0, 0.15); border-radius: 3px;' "
 "title='1.0'>_||>type<||_html:</span>_||><||_html:<span "
 "style='background-color: rgba(0.0, 165.0, 0, 0.15); border-radius: 3px;' "
 'title=\'1.0\'>_||>":<||_html:</span>_||><||_html:<span '
 "style='background-color: rgba(0.0, 165.0, 0, 0.15); border-radius: 3px;' "
 'title=\'1.0\'>_||> "<||_html:</span>_||><||_html:<span '
 "style='background-color: rgba(0.0, 165.0, 0, 0.15); border-radius: 3px;' "
 "title='1.0'>_||>")
('Analyze the following two GraphQL schemas for changes, including both '
 'breaking and non-breaking changes.\n'
 '\n'
 '                        Provide your analysis in the following JSON format:\n'
 '                        {\n'
 '                          "changes": [\n'
 '                            {\n'
 '                              "type": "String representing the GraphQL type '
 '(e.g., Query, Mutation, Subscription)",\n'
 '                              "field": "String representing the specific '
 'field that changed",\n'
 '                              "change": "String describing the change (e.g., '
 'field renamed, new field added, field removed)",\n'
 '                              "breaking": "Boolean indicating if the change '
 'is breaking (true) or non-breaking (false)",\n'
 '                              "release_note": "String with a natural '
 'language description of the change for release notes"\n'
 '                            }\n'
 '                          ],\n'
 '                          "release_notes": {\n'
 '                              "summary": "String summarizing all changes, '
 'suitable for a mailing list or public announcement"\n'
 '                          }\n'
 '                        }\n'
 '\n'
 '                        When analyzing, consider the following types of '
 'changes:\n'
 '                        1. Removing fields or types (breaking)\n'
 '                        2. Changing field types (potentially breaking)\n'
 '                        3. Adding required fields (breaking)\n'
 '                        4. Changing the type of existing arguments '
 '(breaking)\n'
 '                        5. Adding optional fields (non-breaking)\n'
 '                        6. Adding new types (non-breaking)\n'
 '                        7. Deprecating fields (non-breaking)\n'
 '\n'
 '                        Ensure that each change is categorized correctly as '
 'breaking or non-breaking.: type Query {\n'
 '  getProduct(id: ID!): Product\n'
 '}\n'
 '\n'
 'type Product {\n'
 '  id: ID\n'
 '  name: String\n'
 '  description: String\n'
 '  price: Float\n'
 '  stock: Int\n'
 '}\n'
 ', type Query {\n'
 '  getProduct(id: ID!): Product\n'
 '}\n'
 '\n'
 'type Product {\n'
 '  id: ID\n'
 '  name: String\n'
 '  details: String\n'
 '  price: Float\n'
 '}\n'
 '\n'
 "Answer:<||_html:<span style='background-color: rgba(0.0, 165.0, 0, 0.15); "
 "border-radius: 3px;' title='1.0'>_||> {<||_html:</span>_||><||_html:<span "
 "style='background-color: rgba(0.0, 165.0, 0, 0.15); border-radius: 3px;' "
 "title='1.0'>_||>\n"
 "<||_html:</span>_||><||_html:<span style='background-color: rgba(0.0, 165.0, "
 "0, 0.15); border-radius: 3px;' title='1.0'>_||> "
 "<||_html:</span>_||><||_html:<span style='background-color: rgba(0.0, 165.0, "
 "0, 0.15); border-radius: 3px;' title='1.0'>_||> "
 '"<||_html:</span>_||><||_html:<span style=\'background-color: rgba(0.0, '
 "165.0, 0, 0.15); border-radius: 3px;' "
 "title='1.0'>_||>changes<||_html:</span>_||><||_html:<span "
 "style='background-color: rgba(0.0, 165.0, 0, 0.15); border-radius: 3px;' "
 'title=\'1.0\'>_||>":<||_html:</span>_||><||_html:<span '
 "style='background-color: rgba(0.0, 165.0, 0, 0.15); border-radius: 3px;' "
 "title='1.0'>_||> [<||_html:</span>_||><||_html:<span "
 "style='background-color: rgba(0.0, 165.0, 0, 0.15); border-radius: 3px;' "
 "title='1.0'>_||>\n"
 "<||_html:</span>_||><||_html:<span style='background-color: rgba(0.0, 165.0, "
 "0, 0.15); border-radius: 3px;' title='1.0'>_||>   "
 "<||_html:</span>_||><||_html:<span style='background-color: rgba(0.0, 165.0, "
 "0, 0.15); border-radius: 3px;' title='1.0'>_||> "
 "{<||_html:</span>_||><||_html:<span style='background-color: rgba(0.0, "
 "165.0, 0, 0.15); border-radius: 3px;' title='1.0'>_||>\n"
 "<||_html:</span>_||><||_html:<span style='background-color: rgba(0.0, 165.0, "
 "0, 0.15); border-radius: 3px;' title='1.0'>_||>     "
 "<||_html:</span>_||><||_html:<span style='background-color: rgba(0.0, 165.0, "
 "0, 0.15); border-radius: 3px;' title='1.0'>_||> "
 '"<||_html:</span>_||><||_html:<span style=\'background-color: rgba(0.0, '
 "165.0, 0, 0.15); border-radius: 3px;' "
 "title='1.0'>_||>type<||_html:</span>_||><||_html:<span "
 "style='background-color: rgba(0.0, 165.0, 0, 0.15); border-radius: 3px;' "
 'title=\'1.0\'>_||>":<||_html:</span>_||><||_html:<span '
 "style='background-color: rgba(0.0, 165.0, 0, 0.15); border-radius: 3px;' "
 'title=\'1.0\'>_||> "<||_html:</span>_||><||_html:<span '
 "style='background-color: rgba(0.0, 165.0, 0, 0.15); border-radius: 3px;' "
 "title='1.0'>_||>Query<||_html:</span>_||><||_html:<span "
 "style='background-color: rgba(0.0, 165.0, 0, 0.15); border-radius: 3px;' "
 'title=\'1.0\'>_||>",<||_html:</span>_||><||_html:<span '
 "style='background-color: rgba(0.0, 165.0, 0, 0.15); border-radius: 3px;' "
 "title='1.0'>_||>\n"
 "<||_html:</span>_||><||_html:<span style='background-color: rgba(0.0, 165.0, "
 "0, 0.15); border-radius: 3px;' title='1.0'>_||>     "
 "<||_html:</span>_||><||_html:<span style='background-color: rgba(0.0, 165.0, "
 "0, 0.15); border-radius: 3px;' title='1.0'>_||> "
 '"<||_html:</span>_||><||_html:<span style=\'background-color: rgba(0.0, '
 "165.0, 0, 0.15); border-radius: 3px;' "
 "title='1.0'>_||>field<||_html:</span>_||><||_html:<span "
 "style='background-color: rgba(0.0, 165.0, 0, 0.15); border-radius: 3px;' "
 'title=\'1.0\'>_||>":<||_html:</span>_||><||_html:<span '
 "style='background-color: rgba(0.0, 165.0, 0, 0.15); border-radius: 3px;' "
 'title=\'1.0\'>_||> "<||_html:</span>_||><||_html:<span '
 "style='background-color: rgba(0.0, 165.0, 0, 0.15); border-radius: 3px;' "
 "title='1.0'>_||>get<||_html:</span>_||><||_html:<span "
 "style='background-color: rgba(0.0, 165.0, 0, 0.15); border-radius: 3px;' "
 "title='1.0'>_||>Product<||_html:</span>_||><||_html:<span "
 "style='background-color: rgba(0.0, 165.0, 0, 0.15); border-radius: 3px;' "
 'title=\'1.0\'>_||>",<||_html:</span>_||><||_html:<span '
 "style='background-color: rgba(0.0, 165.0, 0, 0.15); border-radius: 3px;' "
 "title='1.0'>_||>\n"
 "<||_html:</span>_||><||_html:<span style='background-color: rgba(0.0, 165.0, "
 "0, 0.15); border-radius: 3px;' title='1.0'>_||>     "
 "<||_html:</span>_||><||_html:<span style='background-color: rgba(0.0, 165.0, "
 "0, 0.15); border-radius: 3px;' title='1.0'>_||> "
 '"<||_html:</span>_||><||_html:<span style=\'background-color: rgba(0.0, '
 "165.0, 0, 0.15); border-radius: 3px;' "
 "title='1.0'>_||>change<||_html:</span>_||><||_html:<span "
 "style='background-color: rgba(0.0, 165.0, 0, 0.15); border-radius: 3px;' "
 'title=\'1.0\'>_||>":<||_html:</span>_||><||_html:<span '
 "style='background-color: rgba(0.0, 165.0, 0, 0.15); border-radius: 3px;' "
 'title=\'1.0\'>_||> "<||_html:</span>_||><||_html:<span '
 "style='background-color: rgba(0.0, 165.0, 0, 0.15); border-radius: 3px;' "
 "title='1.0'>_||>field<||_html:</span>_||><||_html:<span "
 "style='background-color: rgba(0.0, 165.0, 0, 0.15); border-radius: 3px;' "
 "title='1.0'>_||> details<||_html:</span>_||><||_html:<span "
 "style='background-color: rgba(0.0, 165.0, 0, 0.15); border-radius: 3px;' "
 "title='1.0'>_||> added<||_html:</span>_||><||_html:<span "
 "style='background-color: rgba(0.0, 165.0, 0, 0.15); border-radius: 3px;' "
 'title=\'1.0\'>_||>",<||_html:</span>_||><||_html:<span '
 "style='background-color: rgba(0.0, 165.0, 0, 0.15); border-radius: 3px;' "
 "title='1.0'>_||>\n"
 "<||_html:</span>_||><||_html:<span style='background-color: rgba(0.0, 165.0, "
 "0, 0.15); border-radius: 3px;' title='1.0'>_||>     "
 "<||_html:</span>_||><||_html:<span style='background-color: rgba(0.0, 165.0, "
 "0, 0.15); border-radius: 3px;' title='1.0'>_||> "
 '"<||_html:</span>_||><||_html:<span style=\'background-color: rgba(0.0, '
 "165.0, 0, 0.15); border-radius: 3px;' "
 "title='1.0'>_||>breaking<||_html:</span>_||><||_html:<span "
 "style='background-color: rgba(0.0, 165.0, 0, 0.15); border-radius: 3px;' "
 'title=\'1.0\'>_||>":<||_html:</span>_||><||_html:<span '
 "style='background-color: rgba(0.0, 165.0, 0, 0.15); border-radius: 3px;' "
 'title=\'1.0\'>_||> "<||_html:</span>_||><||_html:<span '
 "style='background-color: rgba(0.0, 165.0, 0, 0.15); border-radius: 3px;' "
 "title='1.0'>_||>false<||_html:</span>_||><||_html:<span "
 "style='background-color: rgba(0.0, 165.0, 0, 0.15); border-radius: 3px;' "
 'title=\'1.0\'>_||>",<||_html:</span>_||><||_html:<span '
 "style='background-color: rgba(0.0, 165.0, 0, 0.15); border-radius: 3px;' "
 "title='1.0'>_||>\n"
 "<||_html:</span>_||><||_html:<span style='background-color: rgba(0.0, 165.0, "
 "0, 0.15); border-radius: 3px;' title='1.0'>_||>     "
 "<||_html:</span>_||><||_html:<span style='background-color: rgba(0.0, 165.0, "
 "0, 0.15); border-radius: 3px;' title='1.0'>_||> "
 '"<||_html:</span>_||><||_html:<span style=\'background-color: rgba(0.0, '
 "165.0, 0, 0.15); border-radius: 3px;' "
 "title='1.0'>_||>release<||_html:</span>_||><||_html:<span "
 "style='background-color: rgba(0.0, 165.0, 0, 0.15); border-radius: 3px;' "
 "title='1.0'>_||>_<||_html:</span>_||><||_html:<span style='background-color: "
 "rgba(0.0, 165.0, 0, 0.15); border-radius: 3px;' "
 "title='1.0'>_||>note<||_html:</span>_||><||_html:<span "
 "style='background-color: rgba(0.0, 165.0, 0, 0.15); border-radius: 3px;' "
 'title=\'1.0\'>_||>":<||_html:</span>_||><||_html:<span '
 "style='background-color: rgba(0.0, 165.0, 0, 0.15); border-radius: 3px;' "
 'title=\'1.0\'>_||> "<||_html:</span>_||><||_html:<span '
 "style='background-color: rgba(0.0, 165.0, 0, 0.15); border-radius: 3px;' "
 "title='1.0'>_||>The<||_html:</span>_||><||_html:<span "
 "style='background-color: rgba(0.0, 165.0, 0, 0.15); border-radius: 3px;' "
 "title='1.0'>_||> '<||_html:</span>_||><||_html:<span "
 "style='background-color: rgba(0.0, 165.0, 0, 0.15); border-radius: 3px;' "
 "title='1.0'>_||>get<||_html:</span>_||><||_html:<span "
 "style='background-color: rgba(0.0, 165.0, 0, 0.15); border-radius: 3px;' "
 "title='1.0'>_||>Product<||_html:</span>_||><||_html:<span "
 "style='background-color: rgba(0.0, 165.0, 0, 0.15); border-radius: 3px;' "
 "title='1.0'>_||>'<||_html:</span>_||><||_html:<span style='background-color: "
 "rgba(0.0, 165.0, 0, 0.15); border-radius: 3px;' title='1.0'>_||> "
 "query<||_html:</span>_||><||_html:<span style='background-color: rgba(0.0, "
 "165.0, 0, 0.15); border-radius: 3px;' title='1.0'>_||> "
 "now<||_html:</span>_||><||_html:<span style='background-color: rgba(0.0, "
 "165.0, 0, 0.15); border-radius: 3px;' title='1.0'>_||> "
 "includes<||_html:</span>_||><||_html:<span style='background-color: "
 "rgba(0.0, 165.0, 0, 0.15); border-radius: 3px;' title='1.0'>_||> "
 "a<||_html:</span>_||><||_html:<span style='background-color: rgba(0.0, "
 "165.0, 0, 0.15); border-radius: 3px;' title='1.0'>_||> "
 "new<||_html:</span>_||><||_html:<span style='background-color: rgba(0.0, "
 "165.0, 0, 0.15); border-radius: 3px;' title='1.0'>_||> "
 "field<||_html:</span>_||><||_html:<span style='background-color: rgba(0.0, "
 "165.0, 0, 0.15); border-radius: 3px;' title='1.0'>_||> "
 "'<||_html:</span>_||><||_html:<span style='background-color: rgba(0.0, "
 "165.0, 0, 0.15); border-radius: 3px;' "
 "title='1.0'>_||>details<||_html:</span>_||><||_html:<span "
 "style='background-color: rgba(0.0, 165.0, 0, 0.15); border-radius: 3px;' "
 "title='1.0'>_||>'<||_html:</span>_||><||_html:<span style='background-color: "
 "rgba(0.0, 165.0, 0, 0.15); border-radius: 3px;' title='1.0'>_||> "
 "of<||_html:</span>_||><||_html:<span style='background-color: rgba(0.0, "
 "165.0, 0, 0.15); border-radius: 3px;' title='1.0'>_||> "
 "type<||_html:</span>_||><||_html:<span style='background-color: rgba(0.0, "
 "165.0, 0, 0.15); border-radius: 3px;' title='1.0'>_||> "
 "String<||_html:</span>_||><||_html:<span style='background-color: rgba(0.0, "
 "165.0, 0, 0.15); border-radius: 3px;' "
 'title=\'1.0\'>_||>."<||_html:</span>_||><||_html:<span '
 "style='background-color: rgba(0.0, 165.0, 0, 0.15); border-radius: 3px;' "
 "title='1.0'>_||>\n"
 "<||_html:</span>_||><||_html:<span style='background-color: rgba(0.0, 165.0, "
 "0, 0.15); border-radius: 3px;' title='1.0'>_||>   "
 "<||_html:</span>_||><||_html:<span style='background-color: rgba(0.0, 165.0, "
 "0, 0.15); border-radius: 3px;' title='1.0'>_||> "
 "},<||_html:</span>_||><||_html:<span style='background-color: rgba(0.0, "
 "165.0, 0, 0.15); border-radius: 3px;' title='1.0'>_||>\n"
 "<||_html:</span>_||><||_html:<span style='background-color: rgba(0.0, 165.0, "
 "0, 0.15); border-radius: 3px;' title='1.0'>_||>   "
 "<||_html:</span>_||><||_html:<span style='background-color: rgba(0.0, 165.0, "
 "0, 0.15); border-radius: 3px;' title='1.0'>_||> "
 "{<||_html:</span>_||><||_html:<span style='background-color: rgba(0.0, "
 "165.0, 0, 0.15); border-radius: 3px;' title='1.0'>_||>\n"
 "<||_html:</span>_||><||_html:<span style='background-color: rgba(0.0, 165.0, "
 "0, 0.15); border-radius: 3px;' title='1.0'>_||>     "
 "<||_html:</span>_||><||_html:<span style='background-color: rgba(0.0, 165.0, "
 "0, 0.15); border-radius: 3px;' title='1.0'>_||> "
 '"<||_html:</span>_||><||_html:<span style=\'background-color: rgba(0.0, '
 "165.0, 0, 0.15); border-radius: 3px;' "
 "title='1.0'>_||>type<||_html:</span>_||><||_html:<span "
 "style='background-color: rgba(0.0, 165.0, 0, 0.15); border-radius: 3px;' "
 'title=\'1.0\'>_||>":<||_html:</span>_||><||_html:<span '
 "style='background-color: rgba(0.0, 165.0, 0, 0.15); border-radius: 3px;' "
 'title=\'1.0\'>_||> "<||_html:</span>_||><||_html:<span '
 "style='background-color: rgba(0.0, 165.0, 0, 0.15); border-radius: 3px;' "
 "title='1.0'>_||>Product<||_html:</span>_||><||_html:<span "
 "style='background-color: rgba(0.0, 165.0, 0, 0.15); border-radius: 3px;' "
 'title=\'1.0\'>_||>",<||_html:</span>_||><||_html:<span '
 "style='background-color: rgba(0.0, 165.0, 0, 0.15); border-radius: 3px;' "
 "title='1.0'>_||>\n"
 "<||_html:</span>_||><||_html:<span style='background-color: rgba(0.0, 165.0, "
 "0, 0.15); border-radius: 3px;' title='1.0'>_||>     "
 "<||_html:</span>_||><||_html:<span style='background-color: rgba(0.0, 165.0, "
 "0, 0.15); border-radius: 3px;' title='1.0'>_||> "
 '"<||_html:</span>_||><||_html:<span style=\'background-color: rgba(0.0, '
 "165.0, 0, 0.15); border-radius: 3px;' "
 "title='1.0'>_||>field<||_html:</span>_||><||_html:<span "
 "style='background-color: rgba(0.0, 165.0, 0, 0.15); border-radius: 3px;' "
 'title=\'1.0\'>_||>":<||_html:</span>_||><||_html:<span '
 "style='background-color: rgba(0.0, 165.0, 0, 0.15); border-radius: 3px;' "
 'title=\'1.0\'>_||> "<||_html:</span>_||><||_html:<span '
 "style='background-color: rgba(0.0, 165.0, 0, 0.15); border-radius: 3px;' "
 "title='1.0'>_||>description<||_html:</span>_||><||_html:<span "
 "style='background-color: rgba(0.0, 165.0, 0, 0.15); border-radius: 3px;' "
 'title=\'1.0\'>_||>",<||_html:</span>_||><||_html:<span '
 "style='background-color: rgba(0.0, 165.0, 0, 0.15); border-radius: 3px;' "
 "title='1.0'>_||>\n"
 "<||_html:</span>_||><||_html:<span style='background-color: rgba(0.0, 165.0, "
 "0, 0.15); border-radius: 3px;' title='1.0'>_||>     "
 "<||_html:</span>_||><||_html:<span style='background-color: rgba(0.0, 165.0, "
 "0, 0.15); border-radius: 3px;' title='1.0'>_||> "
 '"<||_html:</span>_||><||_html:<span style=\'background-color: rgba(0.0, '
 "165.0, 0, 0.15); border-radius: 3px;' "
 "title='1.0'>_||>change<||_html:</span>_||><||_html:<span "
 "style='background-color: rgba(0.0, 165.0, 0, 0.15); border-radius: 3px;' "
 'title=\'1.0\'>_||>":<||_html:</span>_||><||_html:<span '
 "style='background-color: rgba(0.0, 165.0, 0, 0.15); border-radius: 3px;' "
 'title=\'1.0\'>_||> "<||_html:</span>_||><||_html:<span '
 "style='background-color: rgba(0.0, 165.0, 0, 0.15); border-radius: 3px;' "
 "title='1.0'>_||>field<||_html:</span>_||><||_html:<span "
 "style='background-color: rgba(0.0, 165.0, 0, 0.15); border-radius: 3px;' "
 "title='1.0'>_||> removed<||_html:</span>_||><||_html:<span "
 "style='background-color: rgba(0.0, 165.0, 0, 0.15); border-radius: 3px;' "
 'title=\'1.0\'>_||>",<||_html:</span>_||><||_html:<span '
 "style='background-color: rgba(0.0, 165.0, 0, 0.15); border-radius: 3px;' "
 "title='1.0'>_||>\n"
 "<||_html:</span>_||><||_html:<span style='background-color: rgba(0.0, 165.0, "
 "0, 0.15); border-radius: 3px;' title='1.0'>_||>     "
 "<||_html:</span>_||><||_html:<span style='background-color: rgba(0.0, 165.0, "
 "0, 0.15); border-radius: 3px;' title='1.0'>_||> "
 '"<||_html:</span>_||><||_html:<span style=\'background-color: rgba(0.0, '
 "165.0, 0, 0.15); border-radius: 3px;' "
 "title='1.0'>_||>breaking<||_html:</span>_||><||_html:<span "
 "style='background-color: rgba(0.0, 165.0, 0, 0.15); border-radius: 3px;' "
 'title=\'1.0\'>_||>":<||_html:</span>_||><||_html:<span '
 "style='background-color: rgba(0.0, 165.0, 0, 0.15); border-radius: 3px;' "
 'title=\'1.0\'>_||> "<||_html:</span>_||><||_html:<span '
 "style='background-color: rgba(0.0, 165.0, 0, 0.15); border-radius: 3px;' "
 "title='1.0'>_||>true<||_html:</span>_||><||_html:<span "
 "style='background-color: rgba(0.0, 165.0, 0, 0.15); border-radius: 3px;' "
 'title=\'1.0\'>_||>",<||_html:</span>_||><||_html:<span '
 "style='background-color: rgba(0.0, 165.0, 0, 0.15); border-radius: 3px;' "
 "title='1.0'>_||>\n"
 "<||_html:</span>_||><||_html:<span style='background-color: rgba(0.0, 165.0, "
 "0, 0.15); border-radius: 3px;' title='1.0'>_||>     "
 "<||_html:</span>_||><||_html:<span style='background-color: rgba(0.0, 165.0, "
 "0, 0.15); border-radius: 3px;' title='1.0'>_||> "
 '"<||_html:</span>_||><||_html:<span style=\'background-color: rgba(0.0, '
 "165.0, 0, 0.15); border-radius: 3px;' "
 "title='1.0'>_||>release<||_html:</span>_||><||_html:<span "
 "style='background-color: rgba(0.0, 165.0, 0, 0.15); border-radius: 3px;' "
 "title='1.0'>_||>_<||_html:</span>_||><||_html:<span style='background-color: "
 "rgba(0.0, 165.0, 0, 0.15); border-radius: 3px;' "
 "title='1.0'>_||>note<||_html:</span>_||><||_html:<span "
 "style='background-color: rgba(0.0, 165.0, 0, 0.15); border-radius: 3px;' "
 'title=\'1.0\'>_||>":<||_html:</span>_||><||_html:<span '
 "style='background-color: rgba(0.0, 165.0, 0, 0.15); border-radius: 3px;' "
 'title=\'1.0\'>_||> "<||_html:</span>_||><||_html:<span '
 "style='background-color: rgba(0.0, 165.0, 0, 0.15); border-radius: 3px;' "
 "title='1.0'>_||>The<||_html:</span>_||><||_html:<span "
 "style='background-color: rgba(0.0, 165.0, 0, 0.15); border-radius: 3px;' "
 "title='1.0'>_||> '<||_html:</span>_||><||_html:<span "
 "style='background-color: rgba(0.0, 165.0, 0, 0.15); border-radius: 3px;' "
 "title='1.0'>_||>Product<||_html:</span>_||><||_html:<span "
 "style='background-color: rgba(0.0, 165.0, 0, 0.15); border-radius: 3px;' "
 "title='1.0'>_||>'<||_html:</span>_||><||_html:<span style='background-color: "
 "rgba(0.0, 165.0, 0, 0.15); border-radius: 3px;' title='1.0'>_||> "
 "type<||_html:</span>_||><||_html:<span style='background-color: rgba(0.0, "
 "165.0, 0, 0.15); border-radius: 3px;' title='1.0'>_||> "
 "no<||_html:</span>_||><||_html:<span style='background-color: rgba(0.0, "
 "165.0, 0, 0.15); border-radius: 3px;' title='1.0'>_||> "
 "longer<||_html:</span>_||><||_html:<span style='background-color: rgba(0.0, "
 "165.0, 0, 0.15); border-radius: 3px;' title='1.0'>_||> "
 "includes<||_html:</span>_||><||_html:<span style='background-color: "
 "rgba(0.0, 165.0, 0, 0.15); border-radius: 3px;' title='1.0'>_||> "
 "the<||_html:</span>_||><||_html:<span style='background-color: rgba(0.0, "
 "165.0, 0, 0.15); border-radius: 3px;' title='1.0'>_||> "
 "'<||_html:</span>_||><||_html:<span style='background-color: rgba(0.0, "
 "165.0, 0, 0.15); border-radius: 3px;' "
 "title='1.0'>_||>description<||_html:</span>_||><||_html:<span "
 "style='background-color: rgba(0.0, 165.0, 0, 0.15); border-radius: 3px;' "
 "title='1.0'>_||>'<||_html:</span>_||><||_html:<span style='background-color: "
 "rgba(0.0, 165.0, 0, 0.15); border-radius: 3px;' title='1.0'>_||> "
 "field<||_html:</span>_||><||_html:<span style='background-color: rgba(0.0, "
 "165.0, 0, 0.15); border-radius: 3px;' "
 'title=\'1.0\'>_||>."<||_html:</span>_||><||_html:<span '
 "style='background-color: rgba(0.0, 165.0, 0, 0.15); border-radius: 3px;' "
 "title='1.0'>_||>\n"
 "<||_html:</span>_||><||_html:<span style='background-color: rgba(0.0, 165.0, "
 "0, 0.15); border-radius: 3px;' title='1.0'>_||>   "
 "<||_html:</span>_||><||_html:<span style='background-color: rgba(0.0, 165.0, "
 "0, 0.15); border-radius: 3px;' title='1.0'>_||> "
 "},<||_html:</span>_||><||_html:<span style='background-color: rgba(0.0, "
 "165.0, 0, 0.15); border-radius: 3px;' title='1.0'>_||>\n"
 "<||_html:</span>_||><||_html:<span style='background-color: rgba(0.0, 165.0, "
 "0, 0.15); border-radius: 3px;' title='1.0'>_||>   "
 "<||_html:</span>_||><||_html:<span style='background-color: rgba(0.0, 165.0, "
 "0, 0.15); border-radius: 3px;' title='1.0'>_||> "
 "{<||_html:</span>_||><||_html:<span style='background-color: rgba(0.0, "
 "165.0, 0, 0.15); border-radius: 3px;' title='1.0'>_||>\n"
 "<||_html:</span>_||><||_html:<span style='background-color: rgba(0.0, 165.0, "
 "0, 0.15); border-radius: 3px;' title='1.0'>_||>     "
 "<||_html:</span>_||><||_html:<span style='background-color: rgba(0.0, 165.0, "
 "0, 0.15); border-radius: 3px;' title='1.0'>_||> "
 '"<||_html:</span>_||><||_html:<span style=\'background-color: rgba(0.0, '
 "165.0, 0, 0.15); border-radius: 3px;' "
 "title='1.0'>_||>type<||_html:</span>_||><||_html:<span "
 "style='background-color: rgba(0.0, 165.0, 0, 0.15); border-radius: 3px;' "
 'title=\'1.0\'>_||>":<||_html:</span>_||><||_html:<span '
 "style='background-color: rgba(0.0, 165.0, 0, 0.15); border-radius: 3px;' "
 'title=\'1.0\'>_||> "<||_html:</span>_||><||_html:<span '
 "style='background-color: rgba(0.0, 165.0, 0, 0.15); border-radius: 3px;' "
 "title='1.0'>_||>Product<||_html:</span>_||><||_html:<span "
 "style='background-color: rgba(0.0, 165.0, 0, 0.15); border-radius: 3px;' "
 'title=\'1.0\'>_||>",<||_html:</span>_||><||_html:<span '
 "style='background-color: rgba(0.0, 165.0, 0, 0.15); border-radius: 3px;' "
 "title='1.0'>_||>\n"
 "<||_html:</span>_||><||_html:<span style='background-color: rgba(0.0, 165.0, "
 "0, 0.15); border-radius: 3px;' title='1.0'>_||>")
('Analyze the following two GraphQL schemas for changes, including both '
 'breaking and non-breaking changes.\n'
 '\n'
 '                        Provide your analysis in the following JSON format:\n'
 '                        {\n'
 '                          "changes": [\n'
 '                            {\n'
 '                              "type": "String representing the GraphQL type '
 '(e.g., Query, Mutation, Subscription)",\n'
 '                              "field": "String representing the specific '
 'field that changed",\n'
 '                              "change": "String describing the change (e.g., '
 'field renamed, new field added, field removed)",\n'
 '                              "breaking": "Boolean indicating if the change '
 'is breaking (true) or non-breaking (false)",\n'
 '                              "release_note": "String with a natural '
 'language description of the change for release notes"\n'
 '                            }\n'
 '                          ],\n'
 '                          "release_notes": {\n'
 '                              "summary": "String summarizing all changes, '
 'suitable for a mailing list or public announcement"\n'
 '                          }\n'
 '                        }\n'
 '\n'
 '                        When analyzing, consider the following types of '
 'changes:\n'
 '                        1. Removing fields or types (breaking)\n'
 '                        2. Changing field types (potentially breaking)\n'
 '                        3. Adding required fields (breaking)\n'
 '                        4. Changing the type of existing arguments '
 '(breaking)\n'
 '                        5. Adding optional fields (non-breaking)\n'
 '                        6. Adding new types (non-breaking)\n'
 '                        7. Deprecating fields (non-breaking)\n'
 '\n'
 '                        Ensure that each change is categorized correctly as '
 'breaking or non-breaking.: type Query {\n'
 '  getProduct(id: ID!): Product\n'
 '}\n'
 '\n'
 'type Product {\n'
 '  id: ID\n'
 '  name: String\n'
 '  description: String\n'
 '  price: Float\n'
 '  stock: Int\n'
 '}\n'
 ', type Query {\n'
 '  getProduct(id: ID!): Product\n'
 '}\n'
 '\n'
 'type Product {\n'
 '  id: ID\n'
 '  name: String\n'
 '  details: String\n'
 '  price: Float\n'
 '}\n'
 '\n'
 "Answer:<||_html:<span style='background-color: rgba(0.0, 165.0, 0, 0.15); "
 "border-radius: 3px;' title='1.0'>_||> {<||_html:</span>_||><||_html:<span "
 "style='background-color: rgba(0.0, 165.0, 0, 0.15); border-radius: 3px;' "
 "title='1.0'>_||>\n"
 "<||_html:</span>_||><||_html:<span style='background-color: rgba(0.0, 165.0, "
 "0, 0.15); border-radius: 3px;' title='1.0'>_||> "
 "<||_html:</span>_||><||_html:<span style='background-color: rgba(0.0, 165.0, "
 "0, 0.15); border-radius: 3px;' title='1.0'>_||> "
 '"<||_html:</span>_||><||_html:<span style=\'background-color: rgba(0.0, '
 "165.0, 0, 0.15); border-radius: 3px;' "
 "title='1.0'>_||>changes<||_html:</span>_||><||_html:<span "
 "style='background-color: rgba(0.0, 165.0, 0, 0.15); border-radius: 3px;' "
 'title=\'1.0\'>_||>":<||_html:</span>_||><||_html:<span '
 "style='background-color: rgba(0.0, 165.0, 0, 0.15); border-radius: 3px;' "
 "title='1.0'>_||> [<||_html:</span>_||><||_html:<span "
 "style='background-color: rgba(0.0, 165.0, 0, 0.15); border-radius: 3px;' "
 "title='1.0'>_||>\n"
 "<||_html:</span>_||><||_html:<span style='background-color: rgba(0.0, 165.0, "
 "0, 0.15); border-radius: 3px;' title='1.0'>_||>   "
 "<||_html:</span>_||><||_html:<span style='background-color: rgba(0.0, 165.0, "
 "0, 0.15); border-radius: 3px;' title='1.0'>_||> "
 "{<||_html:</span>_||><||_html:<span style='background-color: rgba(0.0, "
 "165.0, 0, 0.15); border-radius: 3px;' title='1.0'>_||>\n"
 "<||_html:</span>_||><||_html:<span style='background-color: rgba(0.0, 165.0, "
 "0, 0.15); border-radius: 3px;' title='1.0'>_||>     "
 "<||_html:</span>_||><||_html:<span style='background-color: rgba(0.0, 165.0, "
 "0, 0.15); border-radius: 3px;' title='1.0'>_||> "
 '"<||_html:</span>_||><||_html:<span style=\'background-color: rgba(0.0, '
 "165.0, 0, 0.15); border-radius: 3px;' "
 "title='1.0'>_||>type<||_html:</span>_||><||_html:<span "
 "style='background-color: rgba(0.0, 165.0, 0, 0.15); border-radius: 3px;' "
 'title=\'1.0\'>_||>":<||_html:</span>_||><||_html:<span '
 "style='background-color: rgba(0.0, 165.0, 0, 0.15); border-radius: 3px;' "
 'title=\'1.0\'>_||> "<||_html:</span>_||><||_html:<span '
 "style='background-color: rgba(0.0, 165.0, 0, 0.15); border-radius: 3px;' "
 "title='1.0'>_||>Query<||_html:</span>_||><||_html:<span "
 "style='background-color: rgba(0.0, 165.0, 0, 0.15); border-radius: 3px;' "
 'title=\'1.0\'>_||>",<||_html:</span>_||><||_html:<span '
 "style='background-color: rgba(0.0, 165.0, 0, 0.15); border-radius: 3px;' "
 "title='1.0'>_||>\n"
 "<||_html:</span>_||><||_html:<span style='background-color: rgba(0.0, 165.0, "
 "0, 0.15); border-radius: 3px;' title='1.0'>_||>     "
 "<||_html:</span>_||><||_html:<span style='background-color: rgba(0.0, 165.0, "
 "0, 0.15); border-radius: 3px;' title='1.0'>_||> "
 '"<||_html:</span>_||><||_html:<span style=\'background-color: rgba(0.0, '
 "165.0, 0, 0.15); border-radius: 3px;' "
 "title='1.0'>_||>field<||_html:</span>_||><||_html:<span "
 "style='background-color: rgba(0.0, 165.0, 0, 0.15); border-radius: 3px;' "
 'title=\'1.0\'>_||>":<||_html:</span>_||><||_html:<span '
 "style='background-color: rgba(0.0, 165.0, 0, 0.15); border-radius: 3px;' "
 'title=\'1.0\'>_||> "<||_html:</span>_||><||_html:<span '
 "style='background-color: rgba(0.0, 165.0, 0, 0.15); border-radius: 3px;' "
 "title='1.0'>_||>get<||_html:</span>_||><||_html:<span "
 "style='background-color: rgba(0.0, 165.0, 0, 0.15); border-radius: 3px;' "
 "title='1.0'>_||>Product<||_html:</span>_||><||_html:<span "
 "style='background-color: rgba(0.0, 165.0, 0, 0.15); border-radius: 3px;' "
 'title=\'1.0\'>_||>",<||_html:</span>_||><||_html:<span '
 "style='background-color: rgba(0.0, 165.0, 0, 0.15); border-radius: 3px;' "
 "title='1.0'>_||>\n"
 "<||_html:</span>_||><||_html:<span style='background-color: rgba(0.0, 165.0, "
 "0, 0.15); border-radius: 3px;' title='1.0'>_||>     "
 "<||_html:</span>_||><||_html:<span style='background-color: rgba(0.0, 165.0, "
 "0, 0.15); border-radius: 3px;' title='1.0'>_||> "
 '"<||_html:</span>_||><||_html:<span style=\'background-color: rgba(0.0, '
 "165.0, 0, 0.15); border-radius: 3px;' "
 "title='1.0'>_||>change<||_html:</span>_||><||_html:<span "
 "style='background-color: rgba(0.0, 165.0, 0, 0.15); border-radius: 3px;' "
 'title=\'1.0\'>_||>":<||_html:</span>_||><||_html:<span '
 "style='background-color: rgba(0.0, 165.0, 0, 0.15); border-radius: 3px;' "
 'title=\'1.0\'>_||> "<||_html:</span>_||><||_html:<span '
 "style='background-color: rgba(0.0, 165.0, 0, 0.15); border-radius: 3px;' "
 "title='1.0'>_||>field<||_html:</span>_||><||_html:<span "
 "style='background-color: rgba(0.0, 165.0, 0, 0.15); border-radius: 3px;' "
 "title='1.0'>_||> details<||_html:</span>_||><||_html:<span "
 "style='background-color: rgba(0.0, 165.0, 0, 0.15); border-radius: 3px;' "
 "title='1.0'>_||> added<||_html:</span>_||><||_html:<span "
 "style='background-color: rgba(0.0, 165.0, 0, 0.15); border-radius: 3px;' "
 'title=\'1.0\'>_||>",<||_html:</span>_||><||_html:<span '
 "style='background-color: rgba(0.0, 165.0, 0, 0.15); border-radius: 3px;' "
 "title='1.0'>_||>\n"
 "<||_html:</span>_||><||_html:<span style='background-color: rgba(0.0, 165.0, "
 "0, 0.15); border-radius: 3px;' title='1.0'>_||>     "
 "<||_html:</span>_||><||_html:<span style='background-color: rgba(0.0, 165.0, "
 "0, 0.15); border-radius: 3px;' title='1.0'>_||> "
 '"<||_html:</span>_||><||_html:<span style=\'background-color: rgba(0.0, '
 "165.0, 0, 0.15); border-radius: 3px;' "
 "title='1.0'>_||>breaking<||_html:</span>_||><||_html:<span "
 "style='background-color: rgba(0.0, 165.0, 0, 0.15); border-radius: 3px;' "
 'title=\'1.0\'>_||>":<||_html:</span>_||><||_html:<span '
 "style='background-color: rgba(0.0, 165.0, 0, 0.15); border-radius: 3px;' "
 'title=\'1.0\'>_||> "<||_html:</span>_||><||_html:<span '
 "style='background-color: rgba(0.0, 165.0, 0, 0.15); border-radius: 3px;' "
 "title='1.0'>_||>false<||_html:</span>_||><||_html:<span "
 "style='background-color: rgba(0.0, 165.0, 0, 0.15); border-radius: 3px;' "
 'title=\'1.0\'>_||>",<||_html:</span>_||><||_html:<span '
 "style='background-color: rgba(0.0, 165.0, 0, 0.15); border-radius: 3px;' "
 "title='1.0'>_||>\n"
 "<||_html:</span>_||><||_html:<span style='background-color: rgba(0.0, 165.0, "
 "0, 0.15); border-radius: 3px;' title='1.0'>_||>     "
 "<||_html:</span>_||><||_html:<span style='background-color: rgba(0.0, 165.0, "
 "0, 0.15); border-radius: 3px;' title='1.0'>_||> "
 '"<||_html:</span>_||><||_html:<span style=\'background-color: rgba(0.0, '
 "165.0, 0, 0.15); border-radius: 3px;' "
 "title='1.0'>_||>release<||_html:</span>_||><||_html:<span "
 "style='background-color: rgba(0.0, 165.0, 0, 0.15); border-radius: 3px;' "
 "title='1.0'>_||>_<||_html:</span>_||><||_html:<span style='background-color: "
 "rgba(0.0, 165.0, 0, 0.15); border-radius: 3px;' "
 "title='1.0'>_||>note<||_html:</span>_||><||_html:<span "
 "style='background-color: rgba(0.0, 165.0, 0, 0.15); border-radius: 3px;' "
 'title=\'1.0\'>_||>":<||_html:</span>_||><||_html:<span '
 "style='background-color: rgba(0.0, 165.0, 0, 0.15); border-radius: 3px;' "
 'title=\'1.0\'>_||> "<||_html:</span>_||><||_html:<span '
 "style='background-color: rgba(0.0, 165.0, 0, 0.15); border-radius: 3px;' "
 "title='1.0'>_||>The<||_html:</span>_||><||_html:<span "
 "style='background-color: rgba(0.0, 165.0, 0, 0.15); border-radius: 3px;' "
 "title='1.0'>_||> '<||_html:</span>_||><||_html:<span "
 "style='background-color: rgba(0.0, 165.0, 0, 0.15); border-radius: 3px;' "
 "title='1.0'>_||>get<||_html:</span>_||><||_html:<span "
 "style='background-color: rgba(0.0, 165.0, 0, 0.15); border-radius: 3px;' "
 "title='1.0'>_||>Product<||_html:</span>_||><||_html:<span "
 "style='background-color: rgba(0.0, 165.0, 0, 0.15); border-radius: 3px;' "
 "title='1.0'>_||>'<||_html:</span>_||><||_html:<span style='background-color: "
 "rgba(0.0, 165.0, 0, 0.15); border-radius: 3px;' title='1.0'>_||> "
 "query<||_html:</span>_||><||_html:<span style='background-color: rgba(0.0, "
 "165.0, 0, 0.15); border-radius: 3px;' title='1.0'>_||> "
 "now<||_html:</span>_||><||_html:<span style='background-color: rgba(0.0, "
 "165.0, 0, 0.15); border-radius: 3px;' title='1.0'>_||> "
 "includes<||_html:</span>_||><||_html:<span style='background-color: "
 "rgba(0.0, 165.0, 0, 0.15); border-radius: 3px;' title='1.0'>_||> "
 "a<||_html:</span>_||><||_html:<span style='background-color: rgba(0.0, "
 "165.0, 0, 0.15); border-radius: 3px;' title='1.0'>_||> "
 "new<||_html:</span>_||><||_html:<span style='background-color: rgba(0.0, "
 "165.0, 0, 0.15); border-radius: 3px;' title='1.0'>_||> "
 "field<||_html:</span>_||><||_html:<span style='background-color: rgba(0.0, "
 "165.0, 0, 0.15); border-radius: 3px;' title='1.0'>_||> "
 "'<||_html:</span>_||><||_html:<span style='background-color: rgba(0.0, "
 "165.0, 0, 0.15); border-radius: 3px;' "
 "title='1.0'>_||>details<||_html:</span>_||><||_html:<span "
 "style='background-color: rgba(0.0, 165.0, 0, 0.15); border-radius: 3px;' "
 "title='1.0'>_||>'<||_html:</span>_||><||_html:<span style='background-color: "
 "rgba(0.0, 165.0, 0, 0.15); border-radius: 3px;' title='1.0'>_||> "
 "of<||_html:</span>_||><||_html:<span style='background-color: rgba(0.0, "
 "165.0, 0, 0.15); border-radius: 3px;' title='1.0'>_||> "
 "type<||_html:</span>_||><||_html:<span style='background-color: rgba(0.0, "
 "165.0, 0, 0.15); border-radius: 3px;' title='1.0'>_||> "
 "String<||_html:</span>_||><||_html:<span style='background-color: rgba(0.0, "
 "165.0, 0, 0.15); border-radius: 3px;' "
 'title=\'1.0\'>_||>."<||_html:</span>_||><||_html:<span '
 "style='background-color: rgba(0.0, 165.0, 0, 0.15); border-radius: 3px;' "
 "title='1.0'>_||>\n"
 "<||_html:</span>_||><||_html:<span style='background-color: rgba(0.0, 165.0, "
 "0, 0.15); border-radius: 3px;' title='1.0'>_||>   "
 "<||_html:</span>_||><||_html:<span style='background-color: rgba(0.0, 165.0, "
 "0, 0.15); border-radius: 3px;' title='1.0'>_||> "
 "},<||_html:</span>_||><||_html:<span style='background-color: rgba(0.0, "
 "165.0, 0, 0.15); border-radius: 3px;' title='1.0'>_||>\n"
 "<||_html:</span>_||><||_html:<span style='background-color: rgba(0.0, 165.0, "
 "0, 0.15); border-radius: 3px;' title='1.0'>_||>   "
 "<||_html:</span>_||><||_html:<span style='background-color: rgba(0.0, 165.0, "
 "0, 0.15); border-radius: 3px;' title='1.0'>_||> "
 "{<||_html:</span>_||><||_html:<span style='background-color: rgba(0.0, "
 "165.0, 0, 0.15); border-radius: 3px;' title='1.0'>_||>\n"
 "<||_html:</span>_||><||_html:<span style='background-color: rgba(0.0, 165.0, "
 "0, 0.15); border-radius: 3px;' title='1.0'>_||>     "
 "<||_html:</span>_||><||_html:<span style='background-color: rgba(0.0, 165.0, "
 "0, 0.15); border-radius: 3px;' title='1.0'>_||> "
 '"<||_html:</span>_||><||_html:<span style=\'background-color: rgba(0.0, '
 "165.0, 0, 0.15); border-radius: 3px;' "
 "title='1.0'>_||>type<||_html:</span>_||><||_html:<span "
 "style='background-color: rgba(0.0, 165.0, 0, 0.15); border-radius: 3px;' "
 'title=\'1.0\'>_||>":<||_html:</span>_||><||_html:<span '
 "style='background-color: rgba(0.0, 165.0, 0, 0.15); border-radius: 3px;' "
 'title=\'1.0\'>_||> "<||_html:</span>_||><||_html:<span '
 "style='background-color: rgba(0.0, 165.0, 0, 0.15); border-radius: 3px;' "
 "title='1.0'>_||>Product<||_html:</span>_||><||_html:<span "
 "style='background-color: rgba(0.0, 165.0, 0, 0.15); border-radius: 3px;' "
 'title=\'1.0\'>_||>",<||_html:</span>_||><||_html:<span '
 "style='background-color: rgba(0.0, 165.0, 0, 0.15); border-radius: 3px;' "
 "title='1.0'>_||>\n"
 "<||_html:</span>_||><||_html:<span style='background-color: rgba(0.0, 165.0, "
 "0, 0.15); border-radius: 3px;' title='1.0'>_||>     "
 "<||_html:</span>_||><||_html:<span style='background-color: rgba(0.0, 165.0, "
 "0, 0.15); border-radius: 3px;' title='1.0'>_||> "
 '"<||_html:</span>_||><||_html:<span style=\'background-color: rgba(0.0, '
 "165.0, 0, 0.15); border-radius: 3px;' "
 "title='1.0'>_||>field<||_html:</span>_||><||_html:<span "
 "style='background-color: rgba(0.0, 165.0, 0, 0.15); border-radius: 3px;' "
 'title=\'1.0\'>_||>":<||_html:</span>_||><||_html:<span '
 "style='background-color: rgba(0.0, 165.0, 0, 0.15); border-radius: 3px;' "
 'title=\'1.0\'>_||> "<||_html:</span>_||><||_html:<span '
 "style='background-color: rgba(0.0, 165.0, 0, 0.15); border-radius: 3px;' "
 "title='1.0'>_||>description<||_html:</span>_||><||_html:<span "
 "style='background-color: rgba(0.0, 165.0, 0, 0.15); border-radius: 3px;' "
 'title=\'1.0\'>_||>",<||_html:</span>_||><||_html:<span '
 "style='background-color: rgba(0.0, 165.0, 0, 0.15); border-radius: 3px;' "
 "title='1.0'>_||>\n"
 "<||_html:</span>_||><||_html:<span style='background-color: rgba(0.0, 165.0, "
 "0, 0.15); border-radius: 3px;' title='1.0'>_||>     "
 "<||_html:</span>_||><||_html:<span style='background-color: rgba(0.0, 165.0, "
 "0, 0.15); border-radius: 3px;' title='1.0'>_||> "
 '"<||_html:</span>_||><||_html:<span style=\'background-color: rgba(0.0, '
 "165.0, 0, 0.15); border-radius: 3px;' "
 "title='1.0'>_||>change<||_html:</span>_||><||_html:<span "
 "style='background-color: rgba(0.0, 165.0, 0, 0.15); border-radius: 3px;' "
 'title=\'1.0\'>_||>":<||_html:</span>_||><||_html:<span '
 "style='background-color: rgba(0.0, 165.0, 0, 0.15); border-radius: 3px;' "
 'title=\'1.0\'>_||> "<||_html:</span>_||><||_html:<span '
 "style='background-color: rgba(0.0, 165.0, 0, 0.15); border-radius: 3px;' "
 "title='1.0'>_||>field<||_html:</span>_||><||_html:<span "
 "style='background-color: rgba(0.0, 165.0, 0, 0.15); border-radius: 3px;' "
 "title='1.0'>_||> removed<||_html:</span>_||><||_html:<span "
 "style='background-color: rgba(0.0, 165.0, 0, 0.15); border-radius: 3px;' "
 'title=\'1.0\'>_||>",<||_html:</span>_||><||_html:<span '
 "style='background-color: rgba(0.0, 165.0, 0, 0.15); border-radius: 3px;' "
 "title='1.0'>_||>\n"
 "<||_html:</span>_||><||_html:<span style='background-color: rgba(0.0, 165.0, "
 "0, 0.15); border-radius: 3px;' title='1.0'>_||>     "
 "<||_html:</span>_||><||_html:<span style='background-color: rgba(0.0, 165.0, "
 "0, 0.15); border-radius: 3px;' title='1.0'>_||> "
 '"<||_html:</span>_||><||_html:<span style=\'background-color: rgba(0.0, '
 "165.0, 0, 0.15); border-radius: 3px;' "
 "title='1.0'>_||>breaking<||_html:</span>_||><||_html:<span "
 "style='background-color: rgba(0.0, 165.0, 0, 0.15); border-radius: 3px;' "
 'title=\'1.0\'>_||>":<||_html:</span>_||><||_html:<span '
 "style='background-color: rgba(0.0, 165.0, 0, 0.15); border-radius: 3px;' "
 'title=\'1.0\'>_||> "<||_html:</span>_||><||_html:<span '
 "style='background-color: rgba(0.0, 165.0, 0, 0.15); border-radius: 3px;' "
 "title='1.0'>_||>true<||_html:</span>_||><||_html:<span "
 "style='background-color: rgba(0.0, 165.0, 0, 0.15); border-radius: 3px;' "
 'title=\'1.0\'>_||>",<||_html:</span>_||><||_html:<span '
 "style='background-color: rgba(0.0, 165.0, 0, 0.15); border-radius: 3px;' "
 "title='1.0'>_||>\n"
 "<||_html:</span>_||><||_html:<span style='background-color: rgba(0.0, 165.0, "
 "0, 0.15); border-radius: 3px;' title='1.0'>_||>     "
 "<||_html:</span>_||><||_html:<span style='background-color: rgba(0.0, 165.0, "
 "0, 0.15); border-radius: 3px;' title='1.0'>_||> "
 '"<||_html:</span>_||><||_html:<span style=\'background-color: rgba(0.0, '
 "165.0, 0, 0.15); border-radius: 3px;' "
 "title='1.0'>_||>release<||_html:</span>_||><||_html:<span "
 "style='background-color: rgba(0.0, 165.0, 0, 0.15); border-radius: 3px;' "
 "title='1.0'>_||>_<||_html:</span>_||><||_html:<span style='background-color: "
 "rgba(0.0, 165.0, 0, 0.15); border-radius: 3px;' "
 "title='1.0'>_||>note<||_html:</span>_||><||_html:<span "
 "style='background-color: rgba(0.0, 165.0, 0, 0.15); border-radius: 3px;' "
 'title=\'1.0\'>_||>":<||_html:</span>_||><||_html:<span '
 "style='background-color: rgba(0.0, 165.0, 0, 0.15); border-radius: 3px;' "
 'title=\'1.0\'>_||> "<||_html:</span>_||><||_html:<span '
 "style='background-color: rgba(0.0, 165.0, 0, 0.15); border-radius: 3px;' "
 "title='1.0'>_||>The<||_html:</span>_||><||_html:<span "
 "style='background-color: rgba(0.0, 165.0, 0, 0.15); border-radius: 3px;' "
 "title='1.0'>_||> '<||_html:</span>_||><||_html:<span "
 "style='background-color: rgba(0.0, 165.0, 0, 0.15); border-radius: 3px;' "
 "title='1.0'>_||>Product<||_html:</span>_||><||_html:<span "
 "style='background-color: rgba(0.0, 165.0, 0, 0.15); border-radius: 3px;' "
 "title='1.0'>_||>'<||_html:</span>_||><||_html:<span style='background-color: "
 "rgba(0.0, 165.0, 0, 0.15); border-radius: 3px;' title='1.0'>_||> "
 "type<||_html:</span>_||><||_html:<span style='background-color: rgba(0.0, "
 "165.0, 0, 0.15); border-radius: 3px;' title='1.0'>_||> "
 "no<||_html:</span>_||><||_html:<span style='background-color: rgba(0.0, "
 "165.0, 0, 0.15); border-radius: 3px;' title='1.0'>_||> "
 "longer<||_html:</span>_||><||_html:<span style='background-color: rgba(0.0, "
 "165.0, 0, 0.15); border-radius: 3px;' title='1.0'>_||> "
 "includes<||_html:</span>_||><||_html:<span style='background-color: "
 "rgba(0.0, 165.0, 0, 0.15); border-radius: 3px;' title='1.0'>_||> "
 "the<||_html:</span>_||><||_html:<span style='background-color: rgba(0.0, "
 "165.0, 0, 0.15); border-radius: 3px;' title='1.0'>_||> "
 "'<||_html:</span>_||><||_html:<span style='background-color: rgba(0.0, "
 "165.0, 0, 0.15); border-radius: 3px;' "
 "title='1.0'>_||>description<||_html:</span>_||><||_html:<span "
 "style='background-color: rgba(0.0, 165.0, 0, 0.15); border-radius: 3px;' "
 "title='1.0'>_||>'<||_html:</span>_||><||_html:<span style='background-color: "
 "rgba(0.0, 165.0, 0, 0.15); border-radius: 3px;' title='1.0'>_||> "
 "field<||_html:</span>_||><||_html:<span style='background-color: rgba(0.0, "
 "165.0, 0, 0.15); border-radius: 3px;' "
 'title=\'1.0\'>_||>."<||_html:</span>_||><||_html:<span '
 "style='background-color: rgba(0.0, 165.0, 0, 0.15); border-radius: 3px;' "
 "title='1.0'>_||>\n"
 "<||_html:</span>_||><||_html:<span style='background-color: rgba(0.0, 165.0, "
 "0, 0.15); border-radius: 3px;' title='1.0'>_||>   "
 "<||_html:</span>_||><||_html:<span style='background-color: rgba(0.0, 165.0, "
 "0, 0.15); border-radius: 3px;' title='1.0'>_||> "
 "},<||_html:</span>_||><||_html:<span style='background-color: rgba(0.0, "
 "165.0, 0, 0.15); border-radius: 3px;' title='1.0'>_||>\n"
 "<||_html:</span>_||><||_html:<span style='background-color: rgba(0.0, 165.0, "
 "0, 0.15); border-radius: 3px;' title='1.0'>_||>   "
 "<||_html:</span>_||><||_html:<span style='background-color: rgba(0.0, 165.0, "
 "0, 0.15); border-radius: 3px;' title='1.0'>_||> "
 "{<||_html:</span>_||><||_html:<span style='background-color: rgba(0.0, "
 "165.0, 0, 0.15); border-radius: 3px;' title='1.0'>_||>\n"
 "<||_html:</span>_||><||_html:<span style='background-color: rgba(0.0, 165.0, "
 "0, 0.15); border-radius: 3px;' title='1.0'>_||>     "
 "<||_html:</span>_||><||_html:<span style='background-color: rgba(0.0, 165.0, "
 "0, 0.15); border-radius: 3px;' title='1.0'>_||> "
 '"<||_html:</span>_||><||_html:<span style=\'background-color: rgba(0.0, '
 "165.0, 0, 0.15); border-radius: 3px;' "
 "title='1.0'>_||>type<||_html:</span>_||><||_html:<span "
 "style='background-color: rgba(0.0, 165.0, 0, 0.15); border-radius: 3px;' "
 'title=\'1.0\'>_||>":<||_html:</span>_||><||_html:<span '
 "style='background-color: rgba(0.0, 165.0, 0, 0.15); border-radius: 3px;' "
 'title=\'1.0\'>_||> "<||_html:</span>_||><||_html:<span '
 "style='background-color: rgba(0.0, 165.0, 0, 0.15); border-radius: 3px;' "
 "title='1.0'>_||>Product<||_html:</span>_||><||_html:<span "
 "style='background-color: rgba(0.0, 165.0, 0, 0.15); border-radius: 3px;' "
 'title=\'1.0\'>_||>",<||_html:</span>_||><||_html:<span '
 "style='background-color: rgba(0.0, 165.0, 0, 0.15); border-radius: 3px;' "
 "title='1.0'>_||>\n"
 "<||_html:</span>_||><||_html:<span style='background-color: rgba(0.0, 165.0, "
 "0, 0.15); border-radius: 3px;' title='1.0'>_||>     "
 "<||_html:</span>_||><||_html:<span style='background-color: rgba(0.0, 165.0, "
 "0, 0.15); border-radius: 3px;' title='1.0'>_||> "
 '"<||_html:</span>_||><||_html:<span style=\'background-color: rgba(0.0, '
 "165.0, 0, 0.15); border-radius: 3px;' "
 "title='1.0'>_||>field<||_html:</span>_||><||_html:<span "
 "style='background-color: rgba(0.0, 165.0, 0, 0.15); border-radius: 3px;' "
 "title='1.0'>_||>")
('Analyze the following two GraphQL schemas for changes, including both '
 'breaking and non-breaking changes.\n'
 '\n'
 '                        Provide your analysis in the following JSON format:\n'
 '                        {\n'
 '                          "changes": [\n'
 '                            {\n'
 '                              "type": "String representing the GraphQL type '
 '(e.g., Query, Mutation, Subscription)",\n'
 '                              "field": "String representing the specific '
 'field that changed",\n'
 '                              "change": "String describing the change (e.g., '
 'field renamed, new field added, field removed)",\n'
 '                              "breaking": "Boolean indicating if the change '
 'is breaking (true) or non-breaking (false)",\n'
 '                              "release_note": "String with a natural '
 'language description of the change for release notes"\n'
 '                            }\n'
 '                          ],\n'
 '                          "release_notes": {\n'
 '                              "summary": "String summarizing all changes, '
 'suitable for a mailing list or public announcement"\n'
 '                          }\n'
 '                        }\n'
 '\n'
 '                        When analyzing, consider the following types of '
 'changes:\n'
 '                        1. Removing fields or types (breaking)\n'
 '                        2. Changing field types (potentially breaking)\n'
 '                        3. Adding required fields (breaking)\n'
 '                        4. Changing the type of existing arguments '
 '(breaking)\n'
 '                        5. Adding optional fields (non-breaking)\n'
 '                        6. Adding new types (non-breaking)\n'
 '                        7. Deprecating fields (non-breaking)\n'
 '\n'
 '                        Ensure that each change is categorized correctly as '
 'breaking or non-breaking.: type Query {\n'
 '  getProduct(id: ID!): Product\n'
 '}\n'
 '\n'
 'type Product {\n'
 '  id: ID\n'
 '  name: String\n'
 '  description: String\n'
 '  price: Float\n'
 '  stock: Int\n'
 '}\n'
 ', type Query {\n'
 '  getProduct(id: ID!): Product\n'
 '}\n'
 '\n'
 'type Product {\n'
 '  id: ID\n'
 '  name: String\n'
 '  details: String\n'
 '  price: Float\n'
 '}\n'
 '\n'
 "Answer:<||_html:<span style='background-color: rgba(0.0, 165.0, 0, 0.15); "
 "border-radius: 3px;' title='1.0'>_||> {<||_html:</span>_||><||_html:<span "
 "style='background-color: rgba(0.0, 165.0, 0, 0.15); border-radius: 3px;' "
 "title='1.0'>_||>\n"
 "<||_html:</span>_||><||_html:<span style='background-color: rgba(0.0, 165.0, "
 "0, 0.15); border-radius: 3px;' title='1.0'>_||> "
 "<||_html:</span>_||><||_html:<span style='background-color: rgba(0.0, 165.0, "
 "0, 0.15); border-radius: 3px;' title='1.0'>_||> "
 '"<||_html:</span>_||><||_html:<span style=\'background-color: rgba(0.0, '
 "165.0, 0, 0.15); border-radius: 3px;' "
 "title='1.0'>_||>changes<||_html:</span>_||><||_html:<span "
 "style='background-color: rgba(0.0, 165.0, 0, 0.15); border-radius: 3px;' "
 'title=\'1.0\'>_||>":<||_html:</span>_||><||_html:<span '
 "style='background-color: rgba(0.0, 165.0, 0, 0.15); border-radius: 3px;' "
 "title='1.0'>_||> [<||_html:</span>_||><||_html:<span "
 "style='background-color: rgba(0.0, 165.0, 0, 0.15); border-radius: 3px;' "
 "title='1.0'>_||>\n"
 "<||_html:</span>_||><||_html:<span style='background-color: rgba(0.0, 165.0, "
 "0, 0.15); border-radius: 3px;' title='1.0'>_||>   "
 "<||_html:</span>_||><||_html:<span style='background-color: rgba(0.0, 165.0, "
 "0, 0.15); border-radius: 3px;' title='1.0'>_||> "
 "{<||_html:</span>_||><||_html:<span style='background-color: rgba(0.0, "
 "165.0, 0, 0.15); border-radius: 3px;' title='1.0'>_||>\n"
 "<||_html:</span>_||><||_html:<span style='background-color: rgba(0.0, 165.0, "
 "0, 0.15); border-radius: 3px;' title='1.0'>_||>     "
 "<||_html:</span>_||><||_html:<span style='background-color: rgba(0.0, 165.0, "
 "0, 0.15); border-radius: 3px;' title='1.0'>_||> "
 '"<||_html:</span>_||><||_html:<span style=\'background-color: rgba(0.0, '
 "165.0, 0, 0.15); border-radius: 3px;' "
 "title='1.0'>_||>type<||_html:</span>_||><||_html:<span "
 "style='background-color: rgba(0.0, 165.0, 0, 0.15); border-radius: 3px;' "
 'title=\'1.0\'>_||>":<||_html:</span>_||><||_html:<span '
 "style='background-color: rgba(0.0, 165.0, 0, 0.15); border-radius: 3px;' "
 'title=\'1.0\'>_||> "<||_html:</span>_||><||_html:<span '
 "style='background-color: rgba(0.0, 165.0, 0, 0.15); border-radius: 3px;' "
 "title='1.0'>_||>Query<||_html:</span>_||><||_html:<span "
 "style='background-color: rgba(0.0, 165.0, 0, 0.15); border-radius: 3px;' "
 'title=\'1.0\'>_||>",<||_html:</span>_||><||_html:<span '
 "style='background-color: rgba(0.0, 165.0, 0, 0.15); border-radius: 3px;' "
 "title='1.0'>_||>\n"
 "<||_html:</span>_||><||_html:<span style='background-color: rgba(0.0, 165.0, "
 "0, 0.15); border-radius: 3px;' title='1.0'>_||>     "
 "<||_html:</span>_||><||_html:<span style='background-color: rgba(0.0, 165.0, "
 "0, 0.15); border-radius: 3px;' title='1.0'>_||> "
 '"<||_html:</span>_||><||_html:<span style=\'background-color: rgba(0.0, '
 "165.0, 0, 0.15); border-radius: 3px;' "
 "title='1.0'>_||>field<||_html:</span>_||><||_html:<span "
 "style='background-color: rgba(0.0, 165.0, 0, 0.15); border-radius: 3px;' "
 'title=\'1.0\'>_||>":<||_html:</span>_||><||_html:<span '
 "style='background-color: rgba(0.0, 165.0, 0, 0.15); border-radius: 3px;' "
 'title=\'1.0\'>_||> "<||_html:</span>_||><||_html:<span '
 "style='background-color: rgba(0.0, 165.0, 0, 0.15); border-radius: 3px;' "
 "title='1.0'>_||>get<||_html:</span>_||><||_html:<span "
 "style='background-color: rgba(0.0, 165.0, 0, 0.15); border-radius: 3px;' "
 "title='1.0'>_||>Product<||_html:</span>_||><||_html:<span "
 "style='background-color: rgba(0.0, 165.0, 0, 0.15); border-radius: 3px;' "
 'title=\'1.0\'>_||>",<||_html:</span>_||><||_html:<span '
 "style='background-color: rgba(0.0, 165.0, 0, 0.15); border-radius: 3px;' "
 "title='1.0'>_||>\n"
 "<||_html:</span>_||><||_html:<span style='background-color: rgba(0.0, 165.0, "
 "0, 0.15); border-radius: 3px;' title='1.0'>_||>     "
 "<||_html:</span>_||><||_html:<span style='background-color: rgba(0.0, 165.0, "
 "0, 0.15); border-radius: 3px;' title='1.0'>_||> "
 '"<||_html:</span>_||><||_html:<span style=\'background-color: rgba(0.0, '
 "165.0, 0, 0.15); border-radius: 3px;' "
 "title='1.0'>_||>change<||_html:</span>_||><||_html:<span "
 "style='background-color: rgba(0.0, 165.0, 0, 0.15); border-radius: 3px;' "
 'title=\'1.0\'>_||>":<||_html:</span>_||><||_html:<span '
 "style='background-color: rgba(0.0, 165.0, 0, 0.15); border-radius: 3px;' "
 'title=\'1.0\'>_||> "<||_html:</span>_||><||_html:<span '
 "style='background-color: rgba(0.0, 165.0, 0, 0.15); border-radius: 3px;' "
 "title='1.0'>_||>field<||_html:</span>_||><||_html:<span "
 "style='background-color: rgba(0.0, 165.0, 0, 0.15); border-radius: 3px;' "
 "title='1.0'>_||> details<||_html:</span>_||><||_html:<span "
 "style='background-color: rgba(0.0, 165.0, 0, 0.15); border-radius: 3px;' "
 "title='1.0'>_||> added<||_html:</span>_||><||_html:<span "
 "style='background-color: rgba(0.0, 165.0, 0, 0.15); border-radius: 3px;' "
 'title=\'1.0\'>_||>",<||_html:</span>_||><||_html:<span '
 "style='background-color: rgba(0.0, 165.0, 0, 0.15); border-radius: 3px;' "
 "title='1.0'>_||>\n"
 "<||_html:</span>_||><||_html:<span style='background-color: rgba(0.0, 165.0, "
 "0, 0.15); border-radius: 3px;' title='1.0'>_||>     "
 "<||_html:</span>_||><||_html:<span style='background-color: rgba(0.0, 165.0, "
 "0, 0.15); border-radius: 3px;' title='1.0'>_||> "
 '"<||_html:</span>_||><||_html:<span style=\'background-color: rgba(0.0, '
 "165.0, 0, 0.15); border-radius: 3px;' "
 "title='1.0'>_||>breaking<||_html:</span>_||><||_html:<span "
 "style='background-color: rgba(0.0, 165.0, 0, 0.15); border-radius: 3px;' "
 'title=\'1.0\'>_||>":<||_html:</span>_||><||_html:<span '
 "style='background-color: rgba(0.0, 165.0, 0, 0.15); border-radius: 3px;' "
 'title=\'1.0\'>_||> "<||_html:</span>_||><||_html:<span '
 "style='background-color: rgba(0.0, 165.0, 0, 0.15); border-radius: 3px;' "
 "title='1.0'>_||>false<||_html:</span>_||><||_html:<span "
 "style='background-color: rgba(0.0, 165.0, 0, 0.15); border-radius: 3px;' "
 'title=\'1.0\'>_||>",<||_html:</span>_||><||_html:<span '
 "style='background-color: rgba(0.0, 165.0, 0, 0.15); border-radius: 3px;' "
 "title='1.0'>_||>\n"
 "<||_html:</span>_||><||_html:<span style='background-color: rgba(0.0, 165.0, "
 "0, 0.15); border-radius: 3px;' title='1.0'>_||>     "
 "<||_html:</span>_||><||_html:<span style='background-color: rgba(0.0, 165.0, "
 "0, 0.15); border-radius: 3px;' title='1.0'>_||> "
 '"<||_html:</span>_||><||_html:<span style=\'background-color: rgba(0.0, '
 "165.0, 0, 0.15); border-radius: 3px;' "
 "title='1.0'>_||>release<||_html:</span>_||><||_html:<span "
 "style='background-color: rgba(0.0, 165.0, 0, 0.15); border-radius: 3px;' "
 "title='1.0'>_||>_<||_html:</span>_||><||_html:<span style='background-color: "
 "rgba(0.0, 165.0, 0, 0.15); border-radius: 3px;' "
 "title='1.0'>_||>note<||_html:</span>_||><||_html:<span "
 "style='background-color: rgba(0.0, 165.0, 0, 0.15); border-radius: 3px;' "
 'title=\'1.0\'>_||>":<||_html:</span>_||><||_html:<span '
 "style='background-color: rgba(0.0, 165.0, 0, 0.15); border-radius: 3px;' "
 'title=\'1.0\'>_||> "<||_html:</span>_||><||_html:<span '
 "style='background-color: rgba(0.0, 165.0, 0, 0.15); border-radius: 3px;' "
 "title='1.0'>_||>The<||_html:</span>_||><||_html:<span "
 "style='background-color: rgba(0.0, 165.0, 0, 0.15); border-radius: 3px;' "
 "title='1.0'>_||> '<||_html:</span>_||><||_html:<span "
 "style='background-color: rgba(0.0, 165.0, 0, 0.15); border-radius: 3px;' "
 "title='1.0'>_||>get<||_html:</span>_||><||_html:<span "
 "style='background-color: rgba(0.0, 165.0, 0, 0.15); border-radius: 3px;' "
 "title='1.0'>_||>Product<||_html:</span>_||><||_html:<span "
 "style='background-color: rgba(0.0, 165.0, 0, 0.15); border-radius: 3px;' "
 "title='1.0'>_||>'<||_html:</span>_||><||_html:<span style='background-color: "
 "rgba(0.0, 165.0, 0, 0.15); border-radius: 3px;' title='1.0'>_||> "
 "query<||_html:</span>_||><||_html:<span style='background-color: rgba(0.0, "
 "165.0, 0, 0.15); border-radius: 3px;' title='1.0'>_||> "
 "now<||_html:</span>_||><||_html:<span style='background-color: rgba(0.0, "
 "165.0, 0, 0.15); border-radius: 3px;' title='1.0'>_||> "
 "includes<||_html:</span>_||><||_html:<span style='background-color: "
 "rgba(0.0, 165.0, 0, 0.15); border-radius: 3px;' title='1.0'>_||> "
 "a<||_html:</span>_||><||_html:<span style='background-color: rgba(0.0, "
 "165.0, 0, 0.15); border-radius: 3px;' title='1.0'>_||> "
 "new<||_html:</span>_||><||_html:<span style='background-color: rgba(0.0, "
 "165.0, 0, 0.15); border-radius: 3px;' title='1.0'>_||> "
 "field<||_html:</span>_||><||_html:<span style='background-color: rgba(0.0, "
 "165.0, 0, 0.15); border-radius: 3px;' title='1.0'>_||> "
 "'<||_html:</span>_||><||_html:<span style='background-color: rgba(0.0, "
 "165.0, 0, 0.15); border-radius: 3px;' "
 "title='1.0'>_||>details<||_html:</span>_||><||_html:<span "
 "style='background-color: rgba(0.0, 165.0, 0, 0.15); border-radius: 3px;' "
 "title='1.0'>_||>'<||_html:</span>_||><||_html:<span style='background-color: "
 "rgba(0.0, 165.0, 0, 0.15); border-radius: 3px;' title='1.0'>_||> "
 "of<||_html:</span>_||><||_html:<span style='background-color: rgba(0.0, "
 "165.0, 0, 0.15); border-radius: 3px;' title='1.0'>_||> "
 "type<||_html:</span>_||><||_html:<span style='background-color: rgba(0.0, "
 "165.0, 0, 0.15); border-radius: 3px;' title='1.0'>_||> "
 "String<||_html:</span>_||><||_html:<span style='background-color: rgba(0.0, "
 "165.0, 0, 0.15); border-radius: 3px;' "
 'title=\'1.0\'>_||>."<||_html:</span>_||><||_html:<span '
 "style='background-color: rgba(0.0, 165.0, 0, 0.15); border-radius: 3px;' "
 "title='1.0'>_||>\n"
 "<||_html:</span>_||><||_html:<span style='background-color: rgba(0.0, 165.0, "
 "0, 0.15); border-radius: 3px;' title='1.0'>_||>   "
 "<||_html:</span>_||><||_html:<span style='background-color: rgba(0.0, 165.0, "
 "0, 0.15); border-radius: 3px;' title='1.0'>_||> "
 "},<||_html:</span>_||><||_html:<span style='background-color: rgba(0.0, "
 "165.0, 0, 0.15); border-radius: 3px;' title='1.0'>_||>\n"
 "<||_html:</span>_||><||_html:<span style='background-color: rgba(0.0, 165.0, "
 "0, 0.15); border-radius: 3px;' title='1.0'>_||>   "
 "<||_html:</span>_||><||_html:<span style='background-color: rgba(0.0, 165.0, "
 "0, 0.15); border-radius: 3px;' title='1.0'>_||> "
 "{<||_html:</span>_||><||_html:<span style='background-color: rgba(0.0, "
 "165.0, 0, 0.15); border-radius: 3px;' title='1.0'>_||>\n"
 "<||_html:</span>_||><||_html:<span style='background-color: rgba(0.0, 165.0, "
 "0, 0.15); border-radius: 3px;' title='1.0'>_||>     "
 "<||_html:</span>_||><||_html:<span style='background-color: rgba(0.0, 165.0, "
 "0, 0.15); border-radius: 3px;' title='1.0'>_||> "
 '"<||_html:</span>_||><||_html:<span style=\'background-color: rgba(0.0, '
 "165.0, 0, 0.15); border-radius: 3px;' "
 "title='1.0'>_||>type<||_html:</span>_||><||_html:<span "
 "style='background-color: rgba(0.0, 165.0, 0, 0.15); border-radius: 3px;' "
 'title=\'1.0\'>_||>":<||_html:</span>_||><||_html:<span '
 "style='background-color: rgba(0.0, 165.0, 0, 0.15); border-radius: 3px;' "
 'title=\'1.0\'>_||> "<||_html:</span>_||><||_html:<span '
 "style='background-color: rgba(0.0, 165.0, 0, 0.15); border-radius: 3px;' "
 "title='1.0'>_||>Product<||_html:</span>_||><||_html:<span "
 "style='background-color: rgba(0.0, 165.0, 0, 0.15); border-radius: 3px;' "
 'title=\'1.0\'>_||>",<||_html:</span>_||><||_html:<span '
 "style='background-color: rgba(0.0, 165.0, 0, 0.15); border-radius: 3px;' "
 "title='1.0'>_||>\n"
 "<||_html:</span>_||><||_html:<span style='background-color: rgba(0.0, 165.0, "
 "0, 0.15); border-radius: 3px;' title='1.0'>_||>     "
 "<||_html:</span>_||><||_html:<span style='background-color: rgba(0.0, 165.0, "
 "0, 0.15); border-radius: 3px;' title='1.0'>_||> "
 '"<||_html:</span>_||><||_html:<span style=\'background-color: rgba(0.0, '
 "165.0, 0, 0.15); border-radius: 3px;' "
 "title='1.0'>_||>field<||_html:</span>_||><||_html:<span "
 "style='background-color: rgba(0.0, 165.0, 0, 0.15); border-radius: 3px;' "
 'title=\'1.0\'>_||>":<||_html:</span>_||><||_html:<span '
 "style='background-color: rgba(0.0, 165.0, 0, 0.15); border-radius: 3px;' "
 'title=\'1.0\'>_||> "<||_html:</span>_||><||_html:<span '
 "style='background-color: rgba(0.0, 165.0, 0, 0.15); border-radius: 3px;' "
 "title='1.0'>_||>description<||_html:</span>_||><||_html:<span "
 "style='background-color: rgba(0.0, 165.0, 0, 0.15); border-radius: 3px;' "
 'title=\'1.0\'>_||>",<||_html:</span>_||><||_html:<span '
 "style='background-color: rgba(0.0, 165.0, 0, 0.15); border-radius: 3px;' "
 "title='1.0'>_||>\n"
 "<||_html:</span>_||><||_html:<span style='background-color: rgba(0.0, 165.0, "
 "0, 0.15); border-radius: 3px;' title='1.0'>_||>     "
 "<||_html:</span>_||><||_html:<span style='background-color: rgba(0.0, 165.0, "
 "0, 0.15); border-radius: 3px;' title='1.0'>_||> "
 '"<||_html:</span>_||><||_html:<span style=\'background-color: rgba(0.0, '
 "165.0, 0, 0.15); border-radius: 3px;' "
 "title='1.0'>_||>change<||_html:</span>_||><||_html:<span "
 "style='background-color: rgba(0.0, 165.0, 0, 0.15); border-radius: 3px;' "
 'title=\'1.0\'>_||>":<||_html:</span>_||><||_html:<span '
 "style='background-color: rgba(0.0, 165.0, 0, 0.15); border-radius: 3px;' "
 'title=\'1.0\'>_||> "<||_html:</span>_||><||_html:<span '
 "style='background-color: rgba(0.0, 165.0, 0, 0.15); border-radius: 3px;' "
 "title='1.0'>_||>field<||_html:</span>_||><||_html:<span "
 "style='background-color: rgba(0.0, 165.0, 0, 0.15); border-radius: 3px;' "
 "title='1.0'>_||> removed<||_html:</span>_||><||_html:<span "
 "style='background-color: rgba(0.0, 165.0, 0, 0.15); border-radius: 3px;' "
 'title=\'1.0\'>_||>",<||_html:</span>_||><||_html:<span '
 "style='background-color: rgba(0.0, 165.0, 0, 0.15); border-radius: 3px;' "
 "title='1.0'>_||>\n"
 "<||_html:</span>_||><||_html:<span style='background-color: rgba(0.0, 165.0, "
 "0, 0.15); border-radius: 3px;' title='1.0'>_||>     "
 "<||_html:</span>_||><||_html:<span style='background-color: rgba(0.0, 165.0, "
 "0, 0.15); border-radius: 3px;' title='1.0'>_||> "
 '"<||_html:</span>_||><||_html:<span style=\'background-color: rgba(0.0, '
 "165.0, 0, 0.15); border-radius: 3px;' "
 "title='1.0'>_||>breaking<||_html:</span>_||><||_html:<span "
 "style='background-color: rgba(0.0, 165.0, 0, 0.15); border-radius: 3px;' "
 'title=\'1.0\'>_||>":<||_html:</span>_||><||_html:<span '
 "style='background-color: rgba(0.0, 165.0, 0, 0.15); border-radius: 3px;' "
 'title=\'1.0\'>_||> "<||_html:</span>_||><||_html:<span '
 "style='background-color: rgba(0.0, 165.0, 0, 0.15); border-radius: 3px;' "
 "title='1.0'>_||>true<||_html:</span>_||><||_html:<span "
 "style='background-color: rgba(0.0, 165.0, 0, 0.15); border-radius: 3px;' "
 'title=\'1.0\'>_||>",<||_html:</span>_||><||_html:<span '
 "style='background-color: rgba(0.0, 165.0, 0, 0.15); border-radius: 3px;' "
 "title='1.0'>_||>\n"
 "<||_html:</span>_||><||_html:<span style='background-color: rgba(0.0, 165.0, "
 "0, 0.15); border-radius: 3px;' title='1.0'>_||>     "
 "<||_html:</span>_||><||_html:<span style='background-color: rgba(0.0, 165.0, "
 "0, 0.15); border-radius: 3px;' title='1.0'>_||> "
 '"<||_html:</span>_||><||_html:<span style=\'background-color: rgba(0.0, '
 "165.0, 0, 0.15); border-radius: 3px;' "
 "title='1.0'>_||>release<||_html:</span>_||><||_html:<span "
 "style='background-color: rgba(0.0, 165.0, 0, 0.15); border-radius: 3px;' "
 "title='1.0'>_||>_<||_html:</span>_||><||_html:<span style='background-color: "
 "rgba(0.0, 165.0, 0, 0.15); border-radius: 3px;' "
 "title='1.0'>_||>note<||_html:</span>_||><||_html:<span "
 "style='background-color: rgba(0.0, 165.0, 0, 0.15); border-radius: 3px;' "
 'title=\'1.0\'>_||>":<||_html:</span>_||><||_html:<span '
 "style='background-color: rgba(0.0, 165.0, 0, 0.15); border-radius: 3px;' "
 'title=\'1.0\'>_||> "<||_html:</span>_||><||_html:<span '
 "style='background-color: rgba(0.0, 165.0, 0, 0.15); border-radius: 3px;' "
 "title='1.0'>_||>The<||_html:</span>_||><||_html:<span "
 "style='background-color: rgba(0.0, 165.0, 0, 0.15); border-radius: 3px;' "
 "title='1.0'>_||> '<||_html:</span>_||><||_html:<span "
 "style='background-color: rgba(0.0, 165.0, 0, 0.15); border-radius: 3px;' "
 "title='1.0'>_||>Product<||_html:</span>_||><||_html:<span "
 "style='background-color: rgba(0.0, 165.0, 0, 0.15); border-radius: 3px;' "
 "title='1.0'>_||>'<||_html:</span>_||><||_html:<span style='background-color: "
 "rgba(0.0, 165.0, 0, 0.15); border-radius: 3px;' title='1.0'>_||> "
 "type<||_html:</span>_||><||_html:<span style='background-color: rgba(0.0, "
 "165.0, 0, 0.15); border-radius: 3px;' title='1.0'>_||> "
 "no<||_html:</span>_||><||_html:<span style='background-color: rgba(0.0, "
 "165.0, 0, 0.15); border-radius: 3px;' title='1.0'>_||> "
 "longer<||_html:</span>_||><||_html:<span style='background-color: rgba(0.0, "
 "165.0, 0, 0.15); border-radius: 3px;' title='1.0'>_||> "
 "includes<||_html:</span>_||><||_html:<span style='background-color: "
 "rgba(0.0, 165.0, 0, 0.15); border-radius: 3px;' title='1.0'>_||> "
 "the<||_html:</span>_||><||_html:<span style='background-color: rgba(0.0, "
 "165.0, 0, 0.15); border-radius: 3px;' title='1.0'>_||> "
 "'<||_html:</span>_||><||_html:<span style='background-color: rgba(0.0, "
 "165.0, 0, 0.15); border-radius: 3px;' "
 "title='1.0'>_||>description<||_html:</span>_||><||_html:<span "
 "style='background-color: rgba(0.0, 165.0, 0, 0.15); border-radius: 3px;' "
 "title='1.0'>_||>'<||_html:</span>_||><||_html:<span style='background-color: "
 "rgba(0.0, 165.0, 0, 0.15); border-radius: 3px;' title='1.0'>_||> "
 "field<||_html:</span>_||><||_html:<span style='background-color: rgba(0.0, "
 "165.0, 0, 0.15); border-radius: 3px;' "
 'title=\'1.0\'>_||>."<||_html:</span>_||><||_html:<span '
 "style='background-color: rgba(0.0, 165.0, 0, 0.15); border-radius: 3px;' "
 "title='1.0'>_||>\n"
 "<||_html:</span>_||><||_html:<span style='background-color: rgba(0.0, 165.0, "
 "0, 0.15); border-radius: 3px;' title='1.0'>_||>   "
 "<||_html:</span>_||><||_html:<span style='background-color: rgba(0.0, 165.0, "
 "0, 0.15); border-radius: 3px;' title='1.0'>_||> "
 "},<||_html:</span>_||><||_html:<span style='background-color: rgba(0.0, "
 "165.0, 0, 0.15); border-radius: 3px;' title='1.0'>_||>\n"
 "<||_html:</span>_||><||_html:<span style='background-color: rgba(0.0, 165.0, "
 "0, 0.15); border-radius: 3px;' title='1.0'>_||>   "
 "<||_html:</span>_||><||_html:<span style='background-color: rgba(0.0, 165.0, "
 "0, 0.15); border-radius: 3px;' title='1.0'>_||> "
 "{<||_html:</span>_||><||_html:<span style='background-color: rgba(0.0, "
 "165.0, 0, 0.15); border-radius: 3px;' title='1.0'>_||>\n"
 "<||_html:</span>_||><||_html:<span style='background-color: rgba(0.0, 165.0, "
 "0, 0.15); border-radius: 3px;' title='1.0'>_||>     "
 "<||_html:</span>_||><||_html:<span style='background-color: rgba(0.0, 165.0, "
 "0, 0.15); border-radius: 3px;' title='1.0'>_||> "
 '"<||_html:</span>_||><||_html:<span style=\'background-color: rgba(0.0, '
 "165.0, 0, 0.15); border-radius: 3px;' "
 "title='1.0'>_||>type<||_html:</span>_||><||_html:<span "
 "style='background-color: rgba(0.0, 165.0, 0, 0.15); border-radius: 3px;' "
 'title=\'1.0\'>_||>":<||_html:</span>_||><||_html:<span '
 "style='background-color: rgba(0.0, 165.0, 0, 0.15); border-radius: 3px;' "
 'title=\'1.0\'>_||> "<||_html:</span>_||><||_html:<span '
 "style='background-color: rgba(0.0, 165.0, 0, 0.15); border-radius: 3px;' "
 "title='1.0'>_||>Product<||_html:</span>_||><||_html:<span "
 "style='background-color: rgba(0.0, 165.0, 0, 0.15); border-radius: 3px;' "
 'title=\'1.0\'>_||>",<||_html:</span>_||><||_html:<span '
 "style='background-color: rgba(0.0, 165.0, 0, 0.15); border-radius: 3px;' "
 "title='1.0'>_||>\n"
 "<||_html:</span>_||><||_html:<span style='background-color: rgba(0.0, 165.0, "
 "0, 0.15); border-radius: 3px;' title='1.0'>_||>     "
 "<||_html:</span>_||><||_html:<span style='background-color: rgba(0.0, 165.0, "
 "0, 0.15); border-radius: 3px;' title='1.0'>_||> "
 '"<||_html:</span>_||><||_html:<span style=\'background-color: rgba(0.0, '
 "165.0, 0, 0.15); border-radius: 3px;' "
 "title='1.0'>_||>field<||_html:</span>_||><||_html:<span "
 "style='background-color: rgba(0.0, 165.0, 0, 0.15); border-radius: 3px;' "
 'title=\'1.0\'>_||>":<||_html:</span>_||><||_html:<span '
 "style='background-color: rgba(0.0, 165.0, 0, 0.15); border-radius: 3px;' "
 'title=\'1.0\'>_||> "<||_html:</span>_||><||_html:<span '
 "style='background-color: rgba(0.0, 165.0, 0, 0.15); border-radius: 3px;' "
 "title='1.0'>_||>stock<||_html:</span>_||><||_html:<span "
 "style='background-color: rgba(0.0, 165.0, 0, 0.15); border-radius: 3px;' "
 "title='1.0'>_||>")
('Analyze the following two GraphQL schemas for changes, including both '
 'breaking and non-breaking changes.\n'
 '\n'
 '                        Provide your analysis in the following JSON format:\n'
 '                        {\n'
 '                          "changes": [\n'
 '                            {\n'
 '                              "type": "String representing the GraphQL type '
 '(e.g., Query, Mutation, Subscription)",\n'
 '                              "field": "String representing the specific '
 'field that changed",\n'
 '                              "change": "String describing the change (e.g., '
 'field renamed, new field added, field removed)",\n'
 '                              "breaking": "Boolean indicating if the change '
 'is breaking (true) or non-breaking (false)",\n'
 '                              "release_note": "String with a natural '
 'language description of the change for release notes"\n'
 '                            }\n'
 '                          ],\n'
 '                          "release_notes": {\n'
 '                              "summary": "String summarizing all changes, '
 'suitable for a mailing list or public announcement"\n'
 '                          }\n'
 '                        }\n'
 '\n'
 '                        When analyzing, consider the following types of '
 'changes:\n'
 '                        1. Removing fields or types (breaking)\n'
 '                        2. Changing field types (potentially breaking)\n'
 '                        3. Adding required fields (breaking)\n'
 '                        4. Changing the type of existing arguments '
 '(breaking)\n'
 '                        5. Adding optional fields (non-breaking)\n'
 '                        6. Adding new types (non-breaking)\n'
 '                        7. Deprecating fields (non-breaking)\n'
 '\n'
 '                        Ensure that each change is categorized correctly as '
 'breaking or non-breaking.: type Query {\n'
 '  getProduct(id: ID!): Product\n'
 '}\n'
 '\n'
 'type Product {\n'
 '  id: ID\n'
 '  name: String\n'
 '  description: String\n'
 '  price: Float\n'
 '  stock: Int\n'
 '}\n'
 ', type Query {\n'
 '  getProduct(id: ID!): Product\n'
 '}\n'
 '\n'
 'type Product {\n'
 '  id: ID\n'
 '  name: String\n'
 '  details: String\n'
 '  price: Float\n'
 '}\n'
 '\n'
 "Answer:<||_html:<span style='background-color: rgba(0.0, 165.0, 0, 0.15); "
 "border-radius: 3px;' title='1.0'>_||> {<||_html:</span>_||><||_html:<span "
 "style='background-color: rgba(0.0, 165.0, 0, 0.15); border-radius: 3px;' "
 "title='1.0'>_||>\n"
 "<||_html:</span>_||><||_html:<span style='background-color: rgba(0.0, 165.0, "
 "0, 0.15); border-radius: 3px;' title='1.0'>_||> "
 "<||_html:</span>_||><||_html:<span style='background-color: rgba(0.0, 165.0, "
 "0, 0.15); border-radius: 3px;' title='1.0'>_||> "
 '"<||_html:</span>_||><||_html:<span style=\'background-color: rgba(0.0, '
 "165.0, 0, 0.15); border-radius: 3px;' "
 "title='1.0'>_||>changes<||_html:</span>_||><||_html:<span "
 "style='background-color: rgba(0.0, 165.0, 0, 0.15); border-radius: 3px;' "
 'title=\'1.0\'>_||>":<||_html:</span>_||><||_html:<span '
 "style='background-color: rgba(0.0, 165.0, 0, 0.15); border-radius: 3px;' "
 "title='1.0'>_||> [<||_html:</span>_||><||_html:<span "
 "style='background-color: rgba(0.0, 165.0, 0, 0.15); border-radius: 3px;' "
 "title='1.0'>_||>\n"
 "<||_html:</span>_||><||_html:<span style='background-color: rgba(0.0, 165.0, "
 "0, 0.15); border-radius: 3px;' title='1.0'>_||>   "
 "<||_html:</span>_||><||_html:<span style='background-color: rgba(0.0, 165.0, "
 "0, 0.15); border-radius: 3px;' title='1.0'>_||> "
 "{<||_html:</span>_||><||_html:<span style='background-color: rgba(0.0, "
 "165.0, 0, 0.15); border-radius: 3px;' title='1.0'>_||>\n"
 "<||_html:</span>_||><||_html:<span style='background-color: rgba(0.0, 165.0, "
 "0, 0.15); border-radius: 3px;' title='1.0'>_||>     "
 "<||_html:</span>_||><||_html:<span style='background-color: rgba(0.0, 165.0, "
 "0, 0.15); border-radius: 3px;' title='1.0'>_||> "
 '"<||_html:</span>_||><||_html:<span style=\'background-color: rgba(0.0, '
 "165.0, 0, 0.15); border-radius: 3px;' "
 "title='1.0'>_||>type<||_html:</span>_||><||_html:<span "
 "style='background-color: rgba(0.0, 165.0, 0, 0.15); border-radius: 3px;' "
 'title=\'1.0\'>_||>":<||_html:</span>_||><||_html:<span '
 "style='background-color: rgba(0.0, 165.0, 0, 0.15); border-radius: 3px;' "
 'title=\'1.0\'>_||> "<||_html:</span>_||><||_html:<span '
 "style='background-color: rgba(0.0, 165.0, 0, 0.15); border-radius: 3px;' "
 "title='1.0'>_||>Query<||_html:</span>_||><||_html:<span "
 "style='background-color: rgba(0.0, 165.0, 0, 0.15); border-radius: 3px;' "
 'title=\'1.0\'>_||>",<||_html:</span>_||><||_html:<span '
 "style='background-color: rgba(0.0, 165.0, 0, 0.15); border-radius: 3px;' "
 "title='1.0'>_||>\n"
 "<||_html:</span>_||><||_html:<span style='background-color: rgba(0.0, 165.0, "
 "0, 0.15); border-radius: 3px;' title='1.0'>_||>     "
 "<||_html:</span>_||><||_html:<span style='background-color: rgba(0.0, 165.0, "
 "0, 0.15); border-radius: 3px;' title='1.0'>_||> "
 '"<||_html:</span>_||><||_html:<span style=\'background-color: rgba(0.0, '
 "165.0, 0, 0.15); border-radius: 3px;' "
 "title='1.0'>_||>field<||_html:</span>_||><||_html:<span "
 "style='background-color: rgba(0.0, 165.0, 0, 0.15); border-radius: 3px;' "
 'title=\'1.0\'>_||>":<||_html:</span>_||><||_html:<span '
 "style='background-color: rgba(0.0, 165.0, 0, 0.15); border-radius: 3px;' "
 'title=\'1.0\'>_||> "<||_html:</span>_||><||_html:<span '
 "style='background-color: rgba(0.0, 165.0, 0, 0.15); border-radius: 3px;' "
 "title='1.0'>_||>get<||_html:</span>_||><||_html:<span "
 "style='background-color: rgba(0.0, 165.0, 0, 0.15); border-radius: 3px;' "
 "title='1.0'>_||>Product<||_html:</span>_||><||_html:<span "
 "style='background-color: rgba(0.0, 165.0, 0, 0.15); border-radius: 3px;' "
 'title=\'1.0\'>_||>",<||_html:</span>_||><||_html:<span '
 "style='background-color: rgba(0.0, 165.0, 0, 0.15); border-radius: 3px;' "
 "title='1.0'>_||>\n"
 "<||_html:</span>_||><||_html:<span style='background-color: rgba(0.0, 165.0, "
 "0, 0.15); border-radius: 3px;' title='1.0'>_||>     "
 "<||_html:</span>_||><||_html:<span style='background-color: rgba(0.0, 165.0, "
 "0, 0.15); border-radius: 3px;' title='1.0'>_||> "
 '"<||_html:</span>_||><||_html:<span style=\'background-color: rgba(0.0, '
 "165.0, 0, 0.15); border-radius: 3px;' "
 "title='1.0'>_||>change<||_html:</span>_||><||_html:<span "
 "style='background-color: rgba(0.0, 165.0, 0, 0.15); border-radius: 3px;' "
 'title=\'1.0\'>_||>":<||_html:</span>_||><||_html:<span '
 "style='background-color: rgba(0.0, 165.0, 0, 0.15); border-radius: 3px;' "
 'title=\'1.0\'>_||> "<||_html:</span>_||><||_html:<span '
 "style='background-color: rgba(0.0, 165.0, 0, 0.15); border-radius: 3px;' "
 "title='1.0'>_||>field<||_html:</span>_||><||_html:<span "
 "style='background-color: rgba(0.0, 165.0, 0, 0.15); border-radius: 3px;' "
 "title='1.0'>_||> details<||_html:</span>_||><||_html:<span "
 "style='background-color: rgba(0.0, 165.0, 0, 0.15); border-radius: 3px;' "
 "title='1.0'>_||> added<||_html:</span>_||><||_html:<span "
 "style='background-color: rgba(0.0, 165.0, 0, 0.15); border-radius: 3px;' "
 'title=\'1.0\'>_||>",<||_html:</span>_||><||_html:<span '
 "style='background-color: rgba(0.0, 165.0, 0, 0.15); border-radius: 3px;' "
 "title='1.0'>_||>\n"
 "<||_html:</span>_||><||_html:<span style='background-color: rgba(0.0, 165.0, "
 "0, 0.15); border-radius: 3px;' title='1.0'>_||>     "
 "<||_html:</span>_||><||_html:<span style='background-color: rgba(0.0, 165.0, "
 "0, 0.15); border-radius: 3px;' title='1.0'>_||> "
 '"<||_html:</span>_||><||_html:<span style=\'background-color: rgba(0.0, '
 "165.0, 0, 0.15); border-radius: 3px;' "
 "title='1.0'>_||>breaking<||_html:</span>_||><||_html:<span "
 "style='background-color: rgba(0.0, 165.0, 0, 0.15); border-radius: 3px;' "
 'title=\'1.0\'>_||>":<||_html:</span>_||><||_html:<span '
 "style='background-color: rgba(0.0, 165.0, 0, 0.15); border-radius: 3px;' "
 'title=\'1.0\'>_||> "<||_html:</span>_||><||_html:<span '
 "style='background-color: rgba(0.0, 165.0, 0, 0.15); border-radius: 3px;' "
 "title='1.0'>_||>false<||_html:</span>_||><||_html:<span "
 "style='background-color: rgba(0.0, 165.0, 0, 0.15); border-radius: 3px;' "
 'title=\'1.0\'>_||>",<||_html:</span>_||><||_html:<span '
 "style='background-color: rgba(0.0, 165.0, 0, 0.15); border-radius: 3px;' "
 "title='1.0'>_||>\n"
 "<||_html:</span>_||><||_html:<span style='background-color: rgba(0.0, 165.0, "
 "0, 0.15); border-radius: 3px;' title='1.0'>_||>     "
 "<||_html:</span>_||><||_html:<span style='background-color: rgba(0.0, 165.0, "
 "0, 0.15); border-radius: 3px;' title='1.0'>_||> "
 '"<||_html:</span>_||><||_html:<span style=\'background-color: rgba(0.0, '
 "165.0, 0, 0.15); border-radius: 3px;' "
 "title='1.0'>_||>release<||_html:</span>_||><||_html:<span "
 "style='background-color: rgba(0.0, 165.0, 0, 0.15); border-radius: 3px;' "
 "title='1.0'>_||>_<||_html:</span>_||><||_html:<span style='background-color: "
 "rgba(0.0, 165.0, 0, 0.15); border-radius: 3px;' "
 "title='1.0'>_||>note<||_html:</span>_||><||_html:<span "
 "style='background-color: rgba(0.0, 165.0, 0, 0.15); border-radius: 3px;' "
 'title=\'1.0\'>_||>":<||_html:</span>_||><||_html:<span '
 "style='background-color: rgba(0.0, 165.0, 0, 0.15); border-radius: 3px;' "
 'title=\'1.0\'>_||> "<||_html:</span>_||><||_html:<span '
 "style='background-color: rgba(0.0, 165.0, 0, 0.15); border-radius: 3px;' "
 "title='1.0'>_||>The<||_html:</span>_||><||_html:<span "
 "style='background-color: rgba(0.0, 165.0, 0, 0.15); border-radius: 3px;' "
 "title='1.0'>_||> '<||_html:</span>_||><||_html:<span "
 "style='background-color: rgba(0.0, 165.0, 0, 0.15); border-radius: 3px;' "
 "title='1.0'>_||>get<||_html:</span>_||><||_html:<span "
 "style='background-color: rgba(0.0, 165.0, 0, 0.15); border-radius: 3px;' "
 "title='1.0'>_||>Product<||_html:</span>_||><||_html:<span "
 "style='background-color: rgba(0.0, 165.0, 0, 0.15); border-radius: 3px;' "
 "title='1.0'>_||>'<||_html:</span>_||><||_html:<span style='background-color: "
 "rgba(0.0, 165.0, 0, 0.15); border-radius: 3px;' title='1.0'>_||> "
 "query<||_html:</span>_||><||_html:<span style='background-color: rgba(0.0, "
 "165.0, 0, 0.15); border-radius: 3px;' title='1.0'>_||> "
 "now<||_html:</span>_||><||_html:<span style='background-color: rgba(0.0, "
 "165.0, 0, 0.15); border-radius: 3px;' title='1.0'>_||> "
 "includes<||_html:</span>_||><||_html:<span style='background-color: "
 "rgba(0.0, 165.0, 0, 0.15); border-radius: 3px;' title='1.0'>_||> "
 "a<||_html:</span>_||><||_html:<span style='background-color: rgba(0.0, "
 "165.0, 0, 0.15); border-radius: 3px;' title='1.0'>_||> "
 "new<||_html:</span>_||><||_html:<span style='background-color: rgba(0.0, "
 "165.0, 0, 0.15); border-radius: 3px;' title='1.0'>_||> "
 "field<||_html:</span>_||><||_html:<span style='background-color: rgba(0.0, "
 "165.0, 0, 0.15); border-radius: 3px;' title='1.0'>_||> "
 "'<||_html:</span>_||><||_html:<span style='background-color: rgba(0.0, "
 "165.0, 0, 0.15); border-radius: 3px;' "
 "title='1.0'>_||>details<||_html:</span>_||><||_html:<span "
 "style='background-color: rgba(0.0, 165.0, 0, 0.15); border-radius: 3px;' "
 "title='1.0'>_||>'<||_html:</span>_||><||_html:<span style='background-color: "
 "rgba(0.0, 165.0, 0, 0.15); border-radius: 3px;' title='1.0'>_||> "
 "of<||_html:</span>_||><||_html:<span style='background-color: rgba(0.0, "
 "165.0, 0, 0.15); border-radius: 3px;' title='1.0'>_||> "
 "type<||_html:</span>_||><||_html:<span style='background-color: rgba(0.0, "
 "165.0, 0, 0.15); border-radius: 3px;' title='1.0'>_||> "
 "String<||_html:</span>_||><||_html:<span style='background-color: rgba(0.0, "
 "165.0, 0, 0.15); border-radius: 3px;' "
 'title=\'1.0\'>_||>."<||_html:</span>_||><||_html:<span '
 "style='background-color: rgba(0.0, 165.0, 0, 0.15); border-radius: 3px;' "
 "title='1.0'>_||>\n"
 "<||_html:</span>_||><||_html:<span style='background-color: rgba(0.0, 165.0, "
 "0, 0.15); border-radius: 3px;' title='1.0'>_||>   "
 "<||_html:</span>_||><||_html:<span style='background-color: rgba(0.0, 165.0, "
 "0, 0.15); border-radius: 3px;' title='1.0'>_||> "
 "},<||_html:</span>_||><||_html:<span style='background-color: rgba(0.0, "
 "165.0, 0, 0.15); border-radius: 3px;' title='1.0'>_||>\n"
 "<||_html:</span>_||><||_html:<span style='background-color: rgba(0.0, 165.0, "
 "0, 0.15); border-radius: 3px;' title='1.0'>_||>   "
 "<||_html:</span>_||><||_html:<span style='background-color: rgba(0.0, 165.0, "
 "0, 0.15); border-radius: 3px;' title='1.0'>_||> "
 "{<||_html:</span>_||><||_html:<span style='background-color: rgba(0.0, "
 "165.0, 0, 0.15); border-radius: 3px;' title='1.0'>_||>\n"
 "<||_html:</span>_||><||_html:<span style='background-color: rgba(0.0, 165.0, "
 "0, 0.15); border-radius: 3px;' title='1.0'>_||>     "
 "<||_html:</span>_||><||_html:<span style='background-color: rgba(0.0, 165.0, "
 "0, 0.15); border-radius: 3px;' title='1.0'>_||> "
 '"<||_html:</span>_||><||_html:<span style=\'background-color: rgba(0.0, '
 "165.0, 0, 0.15); border-radius: 3px;' "
 "title='1.0'>_||>type<||_html:</span>_||><||_html:<span "
 "style='background-color: rgba(0.0, 165.0, 0, 0.15); border-radius: 3px;' "
 'title=\'1.0\'>_||>":<||_html:</span>_||><||_html:<span '
 "style='background-color: rgba(0.0, 165.0, 0, 0.15); border-radius: 3px;' "
 'title=\'1.0\'>_||> "<||_html:</span>_||><||_html:<span '
 "style='background-color: rgba(0.0, 165.0, 0, 0.15); border-radius: 3px;' "
 "title='1.0'>_||>Product<||_html:</span>_||><||_html:<span "
 "style='background-color: rgba(0.0, 165.0, 0, 0.15); border-radius: 3px;' "
 'title=\'1.0\'>_||>",<||_html:</span>_||><||_html:<span '
 "style='background-color: rgba(0.0, 165.0, 0, 0.15); border-radius: 3px;' "
 "title='1.0'>_||>\n"
 "<||_html:</span>_||><||_html:<span style='background-color: rgba(0.0, 165.0, "
 "0, 0.15); border-radius: 3px;' title='1.0'>_||>     "
 "<||_html:</span>_||><||_html:<span style='background-color: rgba(0.0, 165.0, "
 "0, 0.15); border-radius: 3px;' title='1.0'>_||> "
 '"<||_html:</span>_||><||_html:<span style=\'background-color: rgba(0.0, '
 "165.0, 0, 0.15); border-radius: 3px;' "
 "title='1.0'>_||>field<||_html:</span>_||><||_html:<span "
 "style='background-color: rgba(0.0, 165.0, 0, 0.15); border-radius: 3px;' "
 'title=\'1.0\'>_||>":<||_html:</span>_||><||_html:<span '
 "style='background-color: rgba(0.0, 165.0, 0, 0.15); border-radius: 3px;' "
 'title=\'1.0\'>_||> "<||_html:</span>_||><||_html:<span '
 "style='background-color: rgba(0.0, 165.0, 0, 0.15); border-radius: 3px;' "
 "title='1.0'>_||>description<||_html:</span>_||><||_html:<span "
 "style='background-color: rgba(0.0, 165.0, 0, 0.15); border-radius: 3px;' "
 'title=\'1.0\'>_||>",<||_html:</span>_||><||_html:<span '
 "style='background-color: rgba(0.0, 165.0, 0, 0.15); border-radius: 3px;' "
 "title='1.0'>_||>\n"
 "<||_html:</span>_||><||_html:<span style='background-color: rgba(0.0, 165.0, "
 "0, 0.15); border-radius: 3px;' title='1.0'>_||>     "
 "<||_html:</span>_||><||_html:<span style='background-color: rgba(0.0, 165.0, "
 "0, 0.15); border-radius: 3px;' title='1.0'>_||> "
 '"<||_html:</span>_||><||_html:<span style=\'background-color: rgba(0.0, '
 "165.0, 0, 0.15); border-radius: 3px;' "
 "title='1.0'>_||>change<||_html:</span>_||><||_html:<span "
 "style='background-color: rgba(0.0, 165.0, 0, 0.15); border-radius: 3px;' "
 'title=\'1.0\'>_||>":<||_html:</span>_||><||_html:<span '
 "style='background-color: rgba(0.0, 165.0, 0, 0.15); border-radius: 3px;' "
 'title=\'1.0\'>_||> "<||_html:</span>_||><||_html:<span '
 "style='background-color: rgba(0.0, 165.0, 0, 0.15); border-radius: 3px;' "
 "title='1.0'>_||>field<||_html:</span>_||><||_html:<span "
 "style='background-color: rgba(0.0, 165.0, 0, 0.15); border-radius: 3px;' "
 "title='1.0'>_||> removed<||_html:</span>_||><||_html:<span "
 "style='background-color: rgba(0.0, 165.0, 0, 0.15); border-radius: 3px;' "
 'title=\'1.0\'>_||>",<||_html:</span>_||><||_html:<span '
 "style='background-color: rgba(0.0, 165.0, 0, 0.15); border-radius: 3px;' "
 "title='1.0'>_||>\n"
 "<||_html:</span>_||><||_html:<span style='background-color: rgba(0.0, 165.0, "
 "0, 0.15); border-radius: 3px;' title='1.0'>_||>     "
 "<||_html:</span>_||><||_html:<span style='background-color: rgba(0.0, 165.0, "
 "0, 0.15); border-radius: 3px;' title='1.0'>_||> "
 '"<||_html:</span>_||><||_html:<span style=\'background-color: rgba(0.0, '
 "165.0, 0, 0.15); border-radius: 3px;' "
 "title='1.0'>_||>breaking<||_html:</span>_||><||_html:<span "
 "style='background-color: rgba(0.0, 165.0, 0, 0.15); border-radius: 3px;' "
 'title=\'1.0\'>_||>":<||_html:</span>_||><||_html:<span '
 "style='background-color: rgba(0.0, 165.0, 0, 0.15); border-radius: 3px;' "
 'title=\'1.0\'>_||> "<||_html:</span>_||><||_html:<span '
 "style='background-color: rgba(0.0, 165.0, 0, 0.15); border-radius: 3px;' "
 "title='1.0'>_||>true<||_html:</span>_||><||_html:<span "
 "style='background-color: rgba(0.0, 165.0, 0, 0.15); border-radius: 3px;' "
 'title=\'1.0\'>_||>",<||_html:</span>_||><||_html:<span '
 "style='background-color: rgba(0.0, 165.0, 0, 0.15); border-radius: 3px;' "
 "title='1.0'>_||>\n"
 "<||_html:</span>_||><||_html:<span style='background-color: rgba(0.0, 165.0, "
 "0, 0.15); border-radius: 3px;' title='1.0'>_||>     "
 "<||_html:</span>_||><||_html:<span style='background-color: rgba(0.0, 165.0, "
 "0, 0.15); border-radius: 3px;' title='1.0'>_||> "
 '"<||_html:</span>_||><||_html:<span style=\'background-color: rgba(0.0, '
 "165.0, 0, 0.15); border-radius: 3px;' "
 "title='1.0'>_||>release<||_html:</span>_||><||_html:<span "
 "style='background-color: rgba(0.0, 165.0, 0, 0.15); border-radius: 3px;' "
 "title='1.0'>_||>_<||_html:</span>_||><||_html:<span style='background-color: "
 "rgba(0.0, 165.0, 0, 0.15); border-radius: 3px;' "
 "title='1.0'>_||>note<||_html:</span>_||><||_html:<span "
 "style='background-color: rgba(0.0, 165.0, 0, 0.15); border-radius: 3px;' "
 'title=\'1.0\'>_||>":<||_html:</span>_||><||_html:<span '
 "style='background-color: rgba(0.0, 165.0, 0, 0.15); border-radius: 3px;' "
 'title=\'1.0\'>_||> "<||_html:</span>_||><||_html:<span '
 "style='background-color: rgba(0.0, 165.0, 0, 0.15); border-radius: 3px;' "
 "title='1.0'>_||>The<||_html:</span>_||><||_html:<span "
 "style='background-color: rgba(0.0, 165.0, 0, 0.15); border-radius: 3px;' "
 "title='1.0'>_||> '<||_html:</span>_||><||_html:<span "
 "style='background-color: rgba(0.0, 165.0, 0, 0.15); border-radius: 3px;' "
 "title='1.0'>_||>Product<||_html:</span>_||><||_html:<span "
 "style='background-color: rgba(0.0, 165.0, 0, 0.15); border-radius: 3px;' "
 "title='1.0'>_||>'<||_html:</span>_||><||_html:<span style='background-color: "
 "rgba(0.0, 165.0, 0, 0.15); border-radius: 3px;' title='1.0'>_||> "
 "type<||_html:</span>_||><||_html:<span style='background-color: rgba(0.0, "
 "165.0, 0, 0.15); border-radius: 3px;' title='1.0'>_||> "
 "no<||_html:</span>_||><||_html:<span style='background-color: rgba(0.0, "
 "165.0, 0, 0.15); border-radius: 3px;' title='1.0'>_||> "
 "longer<||_html:</span>_||><||_html:<span style='background-color: rgba(0.0, "
 "165.0, 0, 0.15); border-radius: 3px;' title='1.0'>_||> "
 "includes<||_html:</span>_||><||_html:<span style='background-color: "
 "rgba(0.0, 165.0, 0, 0.15); border-radius: 3px;' title='1.0'>_||> "
 "the<||_html:</span>_||><||_html:<span style='background-color: rgba(0.0, "
 "165.0, 0, 0.15); border-radius: 3px;' title='1.0'>_||> "
 "'<||_html:</span>_||><||_html:<span style='background-color: rgba(0.0, "
 "165.0, 0, 0.15); border-radius: 3px;' "
 "title='1.0'>_||>description<||_html:</span>_||><||_html:<span "
 "style='background-color: rgba(0.0, 165.0, 0, 0.15); border-radius: 3px;' "
 "title='1.0'>_||>'<||_html:</span>_||><||_html:<span style='background-color: "
 "rgba(0.0, 165.0, 0, 0.15); border-radius: 3px;' title='1.0'>_||> "
 "field<||_html:</span>_||><||_html:<span style='background-color: rgba(0.0, "
 "165.0, 0, 0.15); border-radius: 3px;' "
 'title=\'1.0\'>_||>."<||_html:</span>_||><||_html:<span '
 "style='background-color: rgba(0.0, 165.0, 0, 0.15); border-radius: 3px;' "
 "title='1.0'>_||>\n"
 "<||_html:</span>_||><||_html:<span style='background-color: rgba(0.0, 165.0, "
 "0, 0.15); border-radius: 3px;' title='1.0'>_||>   "
 "<||_html:</span>_||><||_html:<span style='background-color: rgba(0.0, 165.0, "
 "0, 0.15); border-radius: 3px;' title='1.0'>_||> "
 "},<||_html:</span>_||><||_html:<span style='background-color: rgba(0.0, "
 "165.0, 0, 0.15); border-radius: 3px;' title='1.0'>_||>\n"
 "<||_html:</span>_||><||_html:<span style='background-color: rgba(0.0, 165.0, "
 "0, 0.15); border-radius: 3px;' title='1.0'>_||>   "
 "<||_html:</span>_||><||_html:<span style='background-color: rgba(0.0, 165.0, "
 "0, 0.15); border-radius: 3px;' title='1.0'>_||> "
 "{<||_html:</span>_||><||_html:<span style='background-color: rgba(0.0, "
 "165.0, 0, 0.15); border-radius: 3px;' title='1.0'>_||>\n"
 "<||_html:</span>_||><||_html:<span style='background-color: rgba(0.0, 165.0, "
 "0, 0.15); border-radius: 3px;' title='1.0'>_||>     "
 "<||_html:</span>_||><||_html:<span style='background-color: rgba(0.0, 165.0, "
 "0, 0.15); border-radius: 3px;' title='1.0'>_||> "
 '"<||_html:</span>_||><||_html:<span style=\'background-color: rgba(0.0, '
 "165.0, 0, 0.15); border-radius: 3px;' "
 "title='1.0'>_||>type<||_html:</span>_||><||_html:<span "
 "style='background-color: rgba(0.0, 165.0, 0, 0.15); border-radius: 3px;' "
 'title=\'1.0\'>_||>":<||_html:</span>_||><||_html:<span '
 "style='background-color: rgba(0.0, 165.0, 0, 0.15); border-radius: 3px;' "
 'title=\'1.0\'>_||> "<||_html:</span>_||><||_html:<span '
 "style='background-color: rgba(0.0, 165.0, 0, 0.15); border-radius: 3px;' "
 "title='1.0'>_||>Product<||_html:</span>_||><||_html:<span "
 "style='background-color: rgba(0.0, 165.0, 0, 0.15); border-radius: 3px;' "
 'title=\'1.0\'>_||>",<||_html:</span>_||><||_html:<span '
 "style='background-color: rgba(0.0, 165.0, 0, 0.15); border-radius: 3px;' "
 "title='1.0'>_||>\n"
 "<||_html:</span>_||><||_html:<span style='background-color: rgba(0.0, 165.0, "
 "0, 0.15); border-radius: 3px;' title='1.0'>_||>     "
 "<||_html:</span>_||><||_html:<span style='background-color: rgba(0.0, 165.0, "
 "0, 0.15); border-radius: 3px;' title='1.0'>_||> "
 '"<||_html:</span>_||><||_html:<span style=\'background-color: rgba(0.0, '
 "165.0, 0, 0.15); border-radius: 3px;' "
 "title='1.0'>_||>field<||_html:</span>_||><||_html:<span "
 "style='background-color: rgba(0.0, 165.0, 0, 0.15); border-radius: 3px;' "
 'title=\'1.0\'>_||>":<||_html:</span>_||><||_html:<span '
 "style='background-color: rgba(0.0, 165.0, 0, 0.15); border-radius: 3px;' "
 'title=\'1.0\'>_||> "<||_html:</span>_||><||_html:<span '
 "style='background-color: rgba(0.0, 165.0, 0, 0.15); border-radius: 3px;' "
 "title='1.0'>_||>stock<||_html:</span>_||><||_html:<span "
 "style='background-color: rgba(0.0, 165.0, 0, 0.15); border-radius: 3px;' "
 'title=\'1.0\'>_||>",<||_html:</span>_||><||_html:<span '
 "style='background-color: rgba(0.0, 165.0, 0, 0.15); border-radius: 3px;' "
 "title='1.0'>_||>\n"
 "<||_html:</span>_||><||_html:<span style='background-color: rgba(0.0, 165.0, "
 "0, 0.15); border-radius: 3px;' title='1.0'>_||>     "
 "<||_html:</span>_||><||_html:<span style='background-color: rgba(0.0, 165.0, "
 "0, 0.15); border-radius: 3px;' title='1.0'>_||>")
('Analyze the following two GraphQL schemas for changes, including both '
 'breaking and non-breaking changes.\n'
 '\n'
 '                        Provide your analysis in the following JSON format:\n'
 '                        {\n'
 '                          "changes": [\n'
 '                            {\n'
 '                              "type": "String representing the GraphQL type '
 '(e.g., Query, Mutation, Subscription)",\n'
 '                              "field": "String representing the specific '
 'field that changed",\n'
 '                              "change": "String describing the change (e.g., '
 'field renamed, new field added, field removed)",\n'
 '                              "breaking": "Boolean indicating if the change '
 'is breaking (true) or non-breaking (false)",\n'
 '                              "release_note": "String with a natural '
 'language description of the change for release notes"\n'
 '                            }\n'
 '                          ],\n'
 '                          "release_notes": {\n'
 '                              "summary": "String summarizing all changes, '
 'suitable for a mailing list or public announcement"\n'
 '                          }\n'
 '                        }\n'
 '\n'
 '                        When analyzing, consider the following types of '
 'changes:\n'
 '                        1. Removing fields or types (breaking)\n'
 '                        2. Changing field types (potentially breaking)\n'
 '                        3. Adding required fields (breaking)\n'
 '                        4. Changing the type of existing arguments '
 '(breaking)\n'
 '                        5. Adding optional fields (non-breaking)\n'
 '                        6. Adding new types (non-breaking)\n'
 '                        7. Deprecating fields (non-breaking)\n'
 '\n'
 '                        Ensure that each change is categorized correctly as '
 'breaking or non-breaking.: type Query {\n'
 '  getProduct(id: ID!): Product\n'
 '}\n'
 '\n'
 'type Product {\n'
 '  id: ID\n'
 '  name: String\n'
 '  description: String\n'
 '  price: Float\n'
 '  stock: Int\n'
 '}\n'
 ', type Query {\n'
 '  getProduct(id: ID!): Product\n'
 '}\n'
 '\n'
 'type Product {\n'
 '  id: ID\n'
 '  name: String\n'
 '  details: String\n'
 '  price: Float\n'
 '}\n'
 '\n'
 "Answer:<||_html:<span style='background-color: rgba(0.0, 165.0, 0, 0.15); "
 "border-radius: 3px;' title='1.0'>_||> {<||_html:</span>_||><||_html:<span "
 "style='background-color: rgba(0.0, 165.0, 0, 0.15); border-radius: 3px;' "
 "title='1.0'>_||>\n"
 "<||_html:</span>_||><||_html:<span style='background-color: rgba(0.0, 165.0, "
 "0, 0.15); border-radius: 3px;' title='1.0'>_||> "
 "<||_html:</span>_||><||_html:<span style='background-color: rgba(0.0, 165.0, "
 "0, 0.15); border-radius: 3px;' title='1.0'>_||> "
 '"<||_html:</span>_||><||_html:<span style=\'background-color: rgba(0.0, '
 "165.0, 0, 0.15); border-radius: 3px;' "
 "title='1.0'>_||>changes<||_html:</span>_||><||_html:<span "
 "style='background-color: rgba(0.0, 165.0, 0, 0.15); border-radius: 3px;' "
 'title=\'1.0\'>_||>":<||_html:</span>_||><||_html:<span '
 "style='background-color: rgba(0.0, 165.0, 0, 0.15); border-radius: 3px;' "
 "title='1.0'>_||> [<||_html:</span>_||><||_html:<span "
 "style='background-color: rgba(0.0, 165.0, 0, 0.15); border-radius: 3px;' "
 "title='1.0'>_||>\n"
 "<||_html:</span>_||><||_html:<span style='background-color: rgba(0.0, 165.0, "
 "0, 0.15); border-radius: 3px;' title='1.0'>_||>   "
 "<||_html:</span>_||><||_html:<span style='background-color: rgba(0.0, 165.0, "
 "0, 0.15); border-radius: 3px;' title='1.0'>_||> "
 "{<||_html:</span>_||><||_html:<span style='background-color: rgba(0.0, "
 "165.0, 0, 0.15); border-radius: 3px;' title='1.0'>_||>\n"
 "<||_html:</span>_||><||_html:<span style='background-color: rgba(0.0, 165.0, "
 "0, 0.15); border-radius: 3px;' title='1.0'>_||>     "
 "<||_html:</span>_||><||_html:<span style='background-color: rgba(0.0, 165.0, "
 "0, 0.15); border-radius: 3px;' title='1.0'>_||> "
 '"<||_html:</span>_||><||_html:<span style=\'background-color: rgba(0.0, '
 "165.0, 0, 0.15); border-radius: 3px;' "
 "title='1.0'>_||>type<||_html:</span>_||><||_html:<span "
 "style='background-color: rgba(0.0, 165.0, 0, 0.15); border-radius: 3px;' "
 'title=\'1.0\'>_||>":<||_html:</span>_||><||_html:<span '
 "style='background-color: rgba(0.0, 165.0, 0, 0.15); border-radius: 3px;' "
 'title=\'1.0\'>_||> "<||_html:</span>_||><||_html:<span '
 "style='background-color: rgba(0.0, 165.0, 0, 0.15); border-radius: 3px;' "
 "title='1.0'>_||>Query<||_html:</span>_||><||_html:<span "
 "style='background-color: rgba(0.0, 165.0, 0, 0.15); border-radius: 3px;' "
 'title=\'1.0\'>_||>",<||_html:</span>_||><||_html:<span '
 "style='background-color: rgba(0.0, 165.0, 0, 0.15); border-radius: 3px;' "
 "title='1.0'>_||>\n"
 "<||_html:</span>_||><||_html:<span style='background-color: rgba(0.0, 165.0, "
 "0, 0.15); border-radius: 3px;' title='1.0'>_||>     "
 "<||_html:</span>_||><||_html:<span style='background-color: rgba(0.0, 165.0, "
 "0, 0.15); border-radius: 3px;' title='1.0'>_||> "
 '"<||_html:</span>_||><||_html:<span style=\'background-color: rgba(0.0, '
 "165.0, 0, 0.15); border-radius: 3px;' "
 "title='1.0'>_||>field<||_html:</span>_||><||_html:<span "
 "style='background-color: rgba(0.0, 165.0, 0, 0.15); border-radius: 3px;' "
 'title=\'1.0\'>_||>":<||_html:</span>_||><||_html:<span '
 "style='background-color: rgba(0.0, 165.0, 0, 0.15); border-radius: 3px;' "
 'title=\'1.0\'>_||> "<||_html:</span>_||><||_html:<span '
 "style='background-color: rgba(0.0, 165.0, 0, 0.15); border-radius: 3px;' "
 "title='1.0'>_||>get<||_html:</span>_||><||_html:<span "
 "style='background-color: rgba(0.0, 165.0, 0, 0.15); border-radius: 3px;' "
 "title='1.0'>_||>Product<||_html:</span>_||><||_html:<span "
 "style='background-color: rgba(0.0, 165.0, 0, 0.15); border-radius: 3px;' "
 'title=\'1.0\'>_||>",<||_html:</span>_||><||_html:<span '
 "style='background-color: rgba(0.0, 165.0, 0, 0.15); border-radius: 3px;' "
 "title='1.0'>_||>\n"
 "<||_html:</span>_||><||_html:<span style='background-color: rgba(0.0, 165.0, "
 "0, 0.15); border-radius: 3px;' title='1.0'>_||>     "
 "<||_html:</span>_||><||_html:<span style='background-color: rgba(0.0, 165.0, "
 "0, 0.15); border-radius: 3px;' title='1.0'>_||> "
 '"<||_html:</span>_||><||_html:<span style=\'background-color: rgba(0.0, '
 "165.0, 0, 0.15); border-radius: 3px;' "
 "title='1.0'>_||>change<||_html:</span>_||><||_html:<span "
 "style='background-color: rgba(0.0, 165.0, 0, 0.15); border-radius: 3px;' "
 'title=\'1.0\'>_||>":<||_html:</span>_||><||_html:<span '
 "style='background-color: rgba(0.0, 165.0, 0, 0.15); border-radius: 3px;' "
 'title=\'1.0\'>_||> "<||_html:</span>_||><||_html:<span '
 "style='background-color: rgba(0.0, 165.0, 0, 0.15); border-radius: 3px;' "
 "title='1.0'>_||>field<||_html:</span>_||><||_html:<span "
 "style='background-color: rgba(0.0, 165.0, 0, 0.15); border-radius: 3px;' "
 "title='1.0'>_||> details<||_html:</span>_||><||_html:<span "
 "style='background-color: rgba(0.0, 165.0, 0, 0.15); border-radius: 3px;' "
 "title='1.0'>_||> added<||_html:</span>_||><||_html:<span "
 "style='background-color: rgba(0.0, 165.0, 0, 0.15); border-radius: 3px;' "
 'title=\'1.0\'>_||>",<||_html:</span>_||><||_html:<span '
 "style='background-color: rgba(0.0, 165.0, 0, 0.15); border-radius: 3px;' "
 "title='1.0'>_||>\n"
 "<||_html:</span>_||><||_html:<span style='background-color: rgba(0.0, 165.0, "
 "0, 0.15); border-radius: 3px;' title='1.0'>_||>     "
 "<||_html:</span>_||><||_html:<span style='background-color: rgba(0.0, 165.0, "
 "0, 0.15); border-radius: 3px;' title='1.0'>_||> "
 '"<||_html:</span>_||><||_html:<span style=\'background-color: rgba(0.0, '
 "165.0, 0, 0.15); border-radius: 3px;' "
 "title='1.0'>_||>breaking<||_html:</span>_||><||_html:<span "
 "style='background-color: rgba(0.0, 165.0, 0, 0.15); border-radius: 3px;' "
 'title=\'1.0\'>_||>":<||_html:</span>_||><||_html:<span '
 "style='background-color: rgba(0.0, 165.0, 0, 0.15); border-radius: 3px;' "
 'title=\'1.0\'>_||> "<||_html:</span>_||><||_html:<span '
 "style='background-color: rgba(0.0, 165.0, 0, 0.15); border-radius: 3px;' "
 "title='1.0'>_||>false<||_html:</span>_||><||_html:<span "
 "style='background-color: rgba(0.0, 165.0, 0, 0.15); border-radius: 3px;' "
 'title=\'1.0\'>_||>",<||_html:</span>_||><||_html:<span '
 "style='background-color: rgba(0.0, 165.0, 0, 0.15); border-radius: 3px;' "
 "title='1.0'>_||>\n"
 "<||_html:</span>_||><||_html:<span style='background-color: rgba(0.0, 165.0, "
 "0, 0.15); border-radius: 3px;' title='1.0'>_||>     "
 "<||_html:</span>_||><||_html:<span style='background-color: rgba(0.0, 165.0, "
 "0, 0.15); border-radius: 3px;' title='1.0'>_||> "
 '"<||_html:</span>_||><||_html:<span style=\'background-color: rgba(0.0, '
 "165.0, 0, 0.15); border-radius: 3px;' "
 "title='1.0'>_||>release<||_html:</span>_||><||_html:<span "
 "style='background-color: rgba(0.0, 165.0, 0, 0.15); border-radius: 3px;' "
 "title='1.0'>_||>_<||_html:</span>_||><||_html:<span style='background-color: "
 "rgba(0.0, 165.0, 0, 0.15); border-radius: 3px;' "
 "title='1.0'>_||>note<||_html:</span>_||><||_html:<span "
 "style='background-color: rgba(0.0, 165.0, 0, 0.15); border-radius: 3px;' "
 'title=\'1.0\'>_||>":<||_html:</span>_||><||_html:<span '
 "style='background-color: rgba(0.0, 165.0, 0, 0.15); border-radius: 3px;' "
 'title=\'1.0\'>_||> "<||_html:</span>_||><||_html:<span '
 "style='background-color: rgba(0.0, 165.0, 0, 0.15); border-radius: 3px;' "
 "title='1.0'>_||>The<||_html:</span>_||><||_html:<span "
 "style='background-color: rgba(0.0, 165.0, 0, 0.15); border-radius: 3px;' "
 "title='1.0'>_||> '<||_html:</span>_||><||_html:<span "
 "style='background-color: rgba(0.0, 165.0, 0, 0.15); border-radius: 3px;' "
 "title='1.0'>_||>get<||_html:</span>_||><||_html:<span "
 "style='background-color: rgba(0.0, 165.0, 0, 0.15); border-radius: 3px;' "
 "title='1.0'>_||>Product<||_html:</span>_||><||_html:<span "
 "style='background-color: rgba(0.0, 165.0, 0, 0.15); border-radius: 3px;' "
 "title='1.0'>_||>'<||_html:</span>_||><||_html:<span style='background-color: "
 "rgba(0.0, 165.0, 0, 0.15); border-radius: 3px;' title='1.0'>_||> "
 "query<||_html:</span>_||><||_html:<span style='background-color: rgba(0.0, "
 "165.0, 0, 0.15); border-radius: 3px;' title='1.0'>_||> "
 "now<||_html:</span>_||><||_html:<span style='background-color: rgba(0.0, "
 "165.0, 0, 0.15); border-radius: 3px;' title='1.0'>_||> "
 "includes<||_html:</span>_||><||_html:<span style='background-color: "
 "rgba(0.0, 165.0, 0, 0.15); border-radius: 3px;' title='1.0'>_||> "
 "a<||_html:</span>_||><||_html:<span style='background-color: rgba(0.0, "
 "165.0, 0, 0.15); border-radius: 3px;' title='1.0'>_||> "
 "new<||_html:</span>_||><||_html:<span style='background-color: rgba(0.0, "
 "165.0, 0, 0.15); border-radius: 3px;' title='1.0'>_||> "
 "field<||_html:</span>_||><||_html:<span style='background-color: rgba(0.0, "
 "165.0, 0, 0.15); border-radius: 3px;' title='1.0'>_||> "
 "'<||_html:</span>_||><||_html:<span style='background-color: rgba(0.0, "
 "165.0, 0, 0.15); border-radius: 3px;' "
 "title='1.0'>_||>details<||_html:</span>_||><||_html:<span "
 "style='background-color: rgba(0.0, 165.0, 0, 0.15); border-radius: 3px;' "
 "title='1.0'>_||>'<||_html:</span>_||><||_html:<span style='background-color: "
 "rgba(0.0, 165.0, 0, 0.15); border-radius: 3px;' title='1.0'>_||> "
 "of<||_html:</span>_||><||_html:<span style='background-color: rgba(0.0, "
 "165.0, 0, 0.15); border-radius: 3px;' title='1.0'>_||> "
 "type<||_html:</span>_||><||_html:<span style='background-color: rgba(0.0, "
 "165.0, 0, 0.15); border-radius: 3px;' title='1.0'>_||> "
 "String<||_html:</span>_||><||_html:<span style='background-color: rgba(0.0, "
 "165.0, 0, 0.15); border-radius: 3px;' "
 'title=\'1.0\'>_||>."<||_html:</span>_||><||_html:<span '
 "style='background-color: rgba(0.0, 165.0, 0, 0.15); border-radius: 3px;' "
 "title='1.0'>_||>\n"
 "<||_html:</span>_||><||_html:<span style='background-color: rgba(0.0, 165.0, "
 "0, 0.15); border-radius: 3px;' title='1.0'>_||>   "
 "<||_html:</span>_||><||_html:<span style='background-color: rgba(0.0, 165.0, "
 "0, 0.15); border-radius: 3px;' title='1.0'>_||> "
 "},<||_html:</span>_||><||_html:<span style='background-color: rgba(0.0, "
 "165.0, 0, 0.15); border-radius: 3px;' title='1.0'>_||>\n"
 "<||_html:</span>_||><||_html:<span style='background-color: rgba(0.0, 165.0, "
 "0, 0.15); border-radius: 3px;' title='1.0'>_||>   "
 "<||_html:</span>_||><||_html:<span style='background-color: rgba(0.0, 165.0, "
 "0, 0.15); border-radius: 3px;' title='1.0'>_||> "
 "{<||_html:</span>_||><||_html:<span style='background-color: rgba(0.0, "
 "165.0, 0, 0.15); border-radius: 3px;' title='1.0'>_||>\n"
 "<||_html:</span>_||><||_html:<span style='background-color: rgba(0.0, 165.0, "
 "0, 0.15); border-radius: 3px;' title='1.0'>_||>     "
 "<||_html:</span>_||><||_html:<span style='background-color: rgba(0.0, 165.0, "
 "0, 0.15); border-radius: 3px;' title='1.0'>_||> "
 '"<||_html:</span>_||><||_html:<span style=\'background-color: rgba(0.0, '
 "165.0, 0, 0.15); border-radius: 3px;' "
 "title='1.0'>_||>type<||_html:</span>_||><||_html:<span "
 "style='background-color: rgba(0.0, 165.0, 0, 0.15); border-radius: 3px;' "
 'title=\'1.0\'>_||>":<||_html:</span>_||><||_html:<span '
 "style='background-color: rgba(0.0, 165.0, 0, 0.15); border-radius: 3px;' "
 'title=\'1.0\'>_||> "<||_html:</span>_||><||_html:<span '
 "style='background-color: rgba(0.0, 165.0, 0, 0.15); border-radius: 3px;' "
 "title='1.0'>_||>Product<||_html:</span>_||><||_html:<span "
 "style='background-color: rgba(0.0, 165.0, 0, 0.15); border-radius: 3px;' "
 'title=\'1.0\'>_||>",<||_html:</span>_||><||_html:<span '
 "style='background-color: rgba(0.0, 165.0, 0, 0.15); border-radius: 3px;' "
 "title='1.0'>_||>\n"
 "<||_html:</span>_||><||_html:<span style='background-color: rgba(0.0, 165.0, "
 "0, 0.15); border-radius: 3px;' title='1.0'>_||>     "
 "<||_html:</span>_||><||_html:<span style='background-color: rgba(0.0, 165.0, "
 "0, 0.15); border-radius: 3px;' title='1.0'>_||> "
 '"<||_html:</span>_||><||_html:<span style=\'background-color: rgba(0.0, '
 "165.0, 0, 0.15); border-radius: 3px;' "
 "title='1.0'>_||>field<||_html:</span>_||><||_html:<span "
 "style='background-color: rgba(0.0, 165.0, 0, 0.15); border-radius: 3px;' "
 'title=\'1.0\'>_||>":<||_html:</span>_||><||_html:<span '
 "style='background-color: rgba(0.0, 165.0, 0, 0.15); border-radius: 3px;' "
 'title=\'1.0\'>_||> "<||_html:</span>_||><||_html:<span '
 "style='background-color: rgba(0.0, 165.0, 0, 0.15); border-radius: 3px;' "
 "title='1.0'>_||>description<||_html:</span>_||><||_html:<span "
 "style='background-color: rgba(0.0, 165.0, 0, 0.15); border-radius: 3px;' "
 'title=\'1.0\'>_||>",<||_html:</span>_||><||_html:<span '
 "style='background-color: rgba(0.0, 165.0, 0, 0.15); border-radius: 3px;' "
 "title='1.0'>_||>\n"
 "<||_html:</span>_||><||_html:<span style='background-color: rgba(0.0, 165.0, "
 "0, 0.15); border-radius: 3px;' title='1.0'>_||>     "
 "<||_html:</span>_||><||_html:<span style='background-color: rgba(0.0, 165.0, "
 "0, 0.15); border-radius: 3px;' title='1.0'>_||> "
 '"<||_html:</span>_||><||_html:<span style=\'background-color: rgba(0.0, '
 "165.0, 0, 0.15); border-radius: 3px;' "
 "title='1.0'>_||>change<||_html:</span>_||><||_html:<span "
 "style='background-color: rgba(0.0, 165.0, 0, 0.15); border-radius: 3px;' "
 'title=\'1.0\'>_||>":<||_html:</span>_||><||_html:<span '
 "style='background-color: rgba(0.0, 165.0, 0, 0.15); border-radius: 3px;' "
 'title=\'1.0\'>_||> "<||_html:</span>_||><||_html:<span '
 "style='background-color: rgba(0.0, 165.0, 0, 0.15); border-radius: 3px;' "
 "title='1.0'>_||>field<||_html:</span>_||><||_html:<span "
 "style='background-color: rgba(0.0, 165.0, 0, 0.15); border-radius: 3px;' "
 "title='1.0'>_||> removed<||_html:</span>_||><||_html:<span "
 "style='background-color: rgba(0.0, 165.0, 0, 0.15); border-radius: 3px;' "
 'title=\'1.0\'>_||>",<||_html:</span>_||><||_html:<span '
 "style='background-color: rgba(0.0, 165.0, 0, 0.15); border-radius: 3px;' "
 "title='1.0'>_||>\n"
 "<||_html:</span>_||><||_html:<span style='background-color: rgba(0.0, 165.0, "
 "0, 0.15); border-radius: 3px;' title='1.0'>_||>     "
 "<||_html:</span>_||><||_html:<span style='background-color: rgba(0.0, 165.0, "
 "0, 0.15); border-radius: 3px;' title='1.0'>_||> "
 '"<||_html:</span>_||><||_html:<span style=\'background-color: rgba(0.0, '
 "165.0, 0, 0.15); border-radius: 3px;' "
 "title='1.0'>_||>breaking<||_html:</span>_||><||_html:<span "
 "style='background-color: rgba(0.0, 165.0, 0, 0.15); border-radius: 3px;' "
 'title=\'1.0\'>_||>":<||_html:</span>_||><||_html:<span '
 "style='background-color: rgba(0.0, 165.0, 0, 0.15); border-radius: 3px;' "
 'title=\'1.0\'>_||> "<||_html:</span>_||><||_html:<span '
 "style='background-color: rgba(0.0, 165.0, 0, 0.15); border-radius: 3px;' "
 "title='1.0'>_||>true<||_html:</span>_||><||_html:<span "
 "style='background-color: rgba(0.0, 165.0, 0, 0.15); border-radius: 3px;' "
 'title=\'1.0\'>_||>",<||_html:</span>_||><||_html:<span '
 "style='background-color: rgba(0.0, 165.0, 0, 0.15); border-radius: 3px;' "
 "title='1.0'>_||>\n"
 "<||_html:</span>_||><||_html:<span style='background-color: rgba(0.0, 165.0, "
 "0, 0.15); border-radius: 3px;' title='1.0'>_||>     "
 "<||_html:</span>_||><||_html:<span style='background-color: rgba(0.0, 165.0, "
 "0, 0.15); border-radius: 3px;' title='1.0'>_||> "
 '"<||_html:</span>_||><||_html:<span style=\'background-color: rgba(0.0, '
 "165.0, 0, 0.15); border-radius: 3px;' "
 "title='1.0'>_||>release<||_html:</span>_||><||_html:<span "
 "style='background-color: rgba(0.0, 165.0, 0, 0.15); border-radius: 3px;' "
 "title='1.0'>_||>_<||_html:</span>_||><||_html:<span style='background-color: "
 "rgba(0.0, 165.0, 0, 0.15); border-radius: 3px;' "
 "title='1.0'>_||>note<||_html:</span>_||><||_html:<span "
 "style='background-color: rgba(0.0, 165.0, 0, 0.15); border-radius: 3px;' "
 'title=\'1.0\'>_||>":<||_html:</span>_||><||_html:<span '
 "style='background-color: rgba(0.0, 165.0, 0, 0.15); border-radius: 3px;' "
 'title=\'1.0\'>_||> "<||_html:</span>_||><||_html:<span '
 "style='background-color: rgba(0.0, 165.0, 0, 0.15); border-radius: 3px;' "
 "title='1.0'>_||>The<||_html:</span>_||><||_html:<span "
 "style='background-color: rgba(0.0, 165.0, 0, 0.15); border-radius: 3px;' "
 "title='1.0'>_||> '<||_html:</span>_||><||_html:<span "
 "style='background-color: rgba(0.0, 165.0, 0, 0.15); border-radius: 3px;' "
 "title='1.0'>_||>Product<||_html:</span>_||><||_html:<span "
 "style='background-color: rgba(0.0, 165.0, 0, 0.15); border-radius: 3px;' "
 "title='1.0'>_||>'<||_html:</span>_||><||_html:<span style='background-color: "
 "rgba(0.0, 165.0, 0, 0.15); border-radius: 3px;' title='1.0'>_||> "
 "type<||_html:</span>_||><||_html:<span style='background-color: rgba(0.0, "
 "165.0, 0, 0.15); border-radius: 3px;' title='1.0'>_||> "
 "no<||_html:</span>_||><||_html:<span style='background-color: rgba(0.0, "
 "165.0, 0, 0.15); border-radius: 3px;' title='1.0'>_||> "
 "longer<||_html:</span>_||><||_html:<span style='background-color: rgba(0.0, "
 "165.0, 0, 0.15); border-radius: 3px;' title='1.0'>_||> "
 "includes<||_html:</span>_||><||_html:<span style='background-color: "
 "rgba(0.0, 165.0, 0, 0.15); border-radius: 3px;' title='1.0'>_||> "
 "the<||_html:</span>_||><||_html:<span style='background-color: rgba(0.0, "
 "165.0, 0, 0.15); border-radius: 3px;' title='1.0'>_||> "
 "'<||_html:</span>_||><||_html:<span style='background-color: rgba(0.0, "
 "165.0, 0, 0.15); border-radius: 3px;' "
 "title='1.0'>_||>description<||_html:</span>_||><||_html:<span "
 "style='background-color: rgba(0.0, 165.0, 0, 0.15); border-radius: 3px;' "
 "title='1.0'>_||>'<||_html:</span>_||><||_html:<span style='background-color: "
 "rgba(0.0, 165.0, 0, 0.15); border-radius: 3px;' title='1.0'>_||> "
 "field<||_html:</span>_||><||_html:<span style='background-color: rgba(0.0, "
 "165.0, 0, 0.15); border-radius: 3px;' "
 'title=\'1.0\'>_||>."<||_html:</span>_||><||_html:<span '
 "style='background-color: rgba(0.0, 165.0, 0, 0.15); border-radius: 3px;' "
 "title='1.0'>_||>\n"
 "<||_html:</span>_||><||_html:<span style='background-color: rgba(0.0, 165.0, "
 "0, 0.15); border-radius: 3px;' title='1.0'>_||>   "
 "<||_html:</span>_||><||_html:<span style='background-color: rgba(0.0, 165.0, "
 "0, 0.15); border-radius: 3px;' title='1.0'>_||> "
 "},<||_html:</span>_||><||_html:<span style='background-color: rgba(0.0, "
 "165.0, 0, 0.15); border-radius: 3px;' title='1.0'>_||>\n"
 "<||_html:</span>_||><||_html:<span style='background-color: rgba(0.0, 165.0, "
 "0, 0.15); border-radius: 3px;' title='1.0'>_||>   "
 "<||_html:</span>_||><||_html:<span style='background-color: rgba(0.0, 165.0, "
 "0, 0.15); border-radius: 3px;' title='1.0'>_||> "
 "{<||_html:</span>_||><||_html:<span style='background-color: rgba(0.0, "
 "165.0, 0, 0.15); border-radius: 3px;' title='1.0'>_||>\n"
 "<||_html:</span>_||><||_html:<span style='background-color: rgba(0.0, 165.0, "
 "0, 0.15); border-radius: 3px;' title='1.0'>_||>     "
 "<||_html:</span>_||><||_html:<span style='background-color: rgba(0.0, 165.0, "
 "0, 0.15); border-radius: 3px;' title='1.0'>_||> "
 '"<||_html:</span>_||><||_html:<span style=\'background-color: rgba(0.0, '
 "165.0, 0, 0.15); border-radius: 3px;' "
 "title='1.0'>_||>type<||_html:</span>_||><||_html:<span "
 "style='background-color: rgba(0.0, 165.0, 0, 0.15); border-radius: 3px;' "
 'title=\'1.0\'>_||>":<||_html:</span>_||><||_html:<span '
 "style='background-color: rgba(0.0, 165.0, 0, 0.15); border-radius: 3px;' "
 'title=\'1.0\'>_||> "<||_html:</span>_||><||_html:<span '
 "style='background-color: rgba(0.0, 165.0, 0, 0.15); border-radius: 3px;' "
 "title='1.0'>_||>Product<||_html:</span>_||><||_html:<span "
 "style='background-color: rgba(0.0, 165.0, 0, 0.15); border-radius: 3px;' "
 'title=\'1.0\'>_||>",<||_html:</span>_||><||_html:<span '
 "style='background-color: rgba(0.0, 165.0, 0, 0.15); border-radius: 3px;' "
 "title='1.0'>_||>\n"
 "<||_html:</span>_||><||_html:<span style='background-color: rgba(0.0, 165.0, "
 "0, 0.15); border-radius: 3px;' title='1.0'>_||>     "
 "<||_html:</span>_||><||_html:<span style='background-color: rgba(0.0, 165.0, "
 "0, 0.15); border-radius: 3px;' title='1.0'>_||> "
 '"<||_html:</span>_||><||_html:<span style=\'background-color: rgba(0.0, '
 "165.0, 0, 0.15); border-radius: 3px;' "
 "title='1.0'>_||>field<||_html:</span>_||><||_html:<span "
 "style='background-color: rgba(0.0, 165.0, 0, 0.15); border-radius: 3px;' "
 'title=\'1.0\'>_||>":<||_html:</span>_||><||_html:<span '
 "style='background-color: rgba(0.0, 165.0, 0, 0.15); border-radius: 3px;' "
 'title=\'1.0\'>_||> "<||_html:</span>_||><||_html:<span '
 "style='background-color: rgba(0.0, 165.0, 0, 0.15); border-radius: 3px;' "
 "title='1.0'>_||>stock<||_html:</span>_||><||_html:<span "
 "style='background-color: rgba(0.0, 165.0, 0, 0.15); border-radius: 3px;' "
 'title=\'1.0\'>_||>",<||_html:</span>_||><||_html:<span '
 "style='background-color: rgba(0.0, 165.0, 0, 0.15); border-radius: 3px;' "
 "title='1.0'>_||>\n"
 "<||_html:</span>_||><||_html:<span style='background-color: rgba(0.0, 165.0, "
 "0, 0.15); border-radius: 3px;' title='1.0'>_||>     "
 "<||_html:</span>_||><||_html:<span style='background-color: rgba(0.0, 165.0, "
 "0, 0.15); border-radius: 3px;' title='1.0'>_||> "
 '"<||_html:</span>_||><||_html:<span style=\'background-color: rgba(0.0, '
 "165.0, 0, 0.15); border-radius: 3px;' "
 "title='1.0'>_||>change<||_html:</span>_||><||_html:<span "
 "style='background-color: rgba(0.0, 165.0, 0, 0.15); border-radius: 3px;' "
 'title=\'1.0\'>_||>":<||_html:</span>_||><||_html:<span '
 "style='background-color: rgba(0.0, 165.0, 0, 0.15); border-radius: 3px;' "
 "title='1.0'>_||>")
('Analyze the following two GraphQL schemas for changes, including both '
 'breaking and non-breaking changes.\n'
 '\n'
 '                        Provide your analysis in the following JSON format:\n'
 '                        {\n'
 '                          "changes": [\n'
 '                            {\n'
 '                              "type": "String representing the GraphQL type '
 '(e.g., Query, Mutation, Subscription)",\n'
 '                              "field": "String representing the specific '
 'field that changed",\n'
 '                              "change": "String describing the change (e.g., '
 'field renamed, new field added, field removed)",\n'
 '                              "breaking": "Boolean indicating if the change '
 'is breaking (true) or non-breaking (false)",\n'
 '                              "release_note": "String with a natural '
 'language description of the change for release notes"\n'
 '                            }\n'
 '                          ],\n'
 '                          "release_notes": {\n'
 '                              "summary": "String summarizing all changes, '
 'suitable for a mailing list or public announcement"\n'
 '                          }\n'
 '                        }\n'
 '\n'
 '                        When analyzing, consider the following types of '
 'changes:\n'
 '                        1. Removing fields or types (breaking)\n'
 '                        2. Changing field types (potentially breaking)\n'
 '                        3. Adding required fields (breaking)\n'
 '                        4. Changing the type of existing arguments '
 '(breaking)\n'
 '                        5. Adding optional fields (non-breaking)\n'
 '                        6. Adding new types (non-breaking)\n'
 '                        7. Deprecating fields (non-breaking)\n'
 '\n'
 '                        Ensure that each change is categorized correctly as '
 'breaking or non-breaking.: type Query {\n'
 '  getProduct(id: ID!): Product\n'
 '}\n'
 '\n'
 'type Product {\n'
 '  id: ID\n'
 '  name: String\n'
 '  description: String\n'
 '  price: Float\n'
 '  stock: Int\n'
 '}\n'
 ', type Query {\n'
 '  getProduct(id: ID!): Product\n'
 '}\n'
 '\n'
 'type Product {\n'
 '  id: ID\n'
 '  name: String\n'
 '  details: String\n'
 '  price: Float\n'
 '}\n'
 '\n'
 "Answer:<||_html:<span style='background-color: rgba(0.0, 165.0, 0, 0.15); "
 "border-radius: 3px;' title='1.0'>_||> {<||_html:</span>_||><||_html:<span "
 "style='background-color: rgba(0.0, 165.0, 0, 0.15); border-radius: 3px;' "
 "title='1.0'>_||>\n"
 "<||_html:</span>_||><||_html:<span style='background-color: rgba(0.0, 165.0, "
 "0, 0.15); border-radius: 3px;' title='1.0'>_||> "
 "<||_html:</span>_||><||_html:<span style='background-color: rgba(0.0, 165.0, "
 "0, 0.15); border-radius: 3px;' title='1.0'>_||> "
 '"<||_html:</span>_||><||_html:<span style=\'background-color: rgba(0.0, '
 "165.0, 0, 0.15); border-radius: 3px;' "
 "title='1.0'>_||>changes<||_html:</span>_||><||_html:<span "
 "style='background-color: rgba(0.0, 165.0, 0, 0.15); border-radius: 3px;' "
 'title=\'1.0\'>_||>":<||_html:</span>_||><||_html:<span '
 "style='background-color: rgba(0.0, 165.0, 0, 0.15); border-radius: 3px;' "
 "title='1.0'>_||> [<||_html:</span>_||><||_html:<span "
 "style='background-color: rgba(0.0, 165.0, 0, 0.15); border-radius: 3px;' "
 "title='1.0'>_||>\n"
 "<||_html:</span>_||><||_html:<span style='background-color: rgba(0.0, 165.0, "
 "0, 0.15); border-radius: 3px;' title='1.0'>_||>   "
 "<||_html:</span>_||><||_html:<span style='background-color: rgba(0.0, 165.0, "
 "0, 0.15); border-radius: 3px;' title='1.0'>_||> "
 "{<||_html:</span>_||><||_html:<span style='background-color: rgba(0.0, "
 "165.0, 0, 0.15); border-radius: 3px;' title='1.0'>_||>\n"
 "<||_html:</span>_||><||_html:<span style='background-color: rgba(0.0, 165.0, "
 "0, 0.15); border-radius: 3px;' title='1.0'>_||>     "
 "<||_html:</span>_||><||_html:<span style='background-color: rgba(0.0, 165.0, "
 "0, 0.15); border-radius: 3px;' title='1.0'>_||> "
 '"<||_html:</span>_||><||_html:<span style=\'background-color: rgba(0.0, '
 "165.0, 0, 0.15); border-radius: 3px;' "
 "title='1.0'>_||>type<||_html:</span>_||><||_html:<span "
 "style='background-color: rgba(0.0, 165.0, 0, 0.15); border-radius: 3px;' "
 'title=\'1.0\'>_||>":<||_html:</span>_||><||_html:<span '
 "style='background-color: rgba(0.0, 165.0, 0, 0.15); border-radius: 3px;' "
 'title=\'1.0\'>_||> "<||_html:</span>_||><||_html:<span '
 "style='background-color: rgba(0.0, 165.0, 0, 0.15); border-radius: 3px;' "
 "title='1.0'>_||>Query<||_html:</span>_||><||_html:<span "
 "style='background-color: rgba(0.0, 165.0, 0, 0.15); border-radius: 3px;' "
 'title=\'1.0\'>_||>",<||_html:</span>_||><||_html:<span '
 "style='background-color: rgba(0.0, 165.0, 0, 0.15); border-radius: 3px;' "
 "title='1.0'>_||>\n"
 "<||_html:</span>_||><||_html:<span style='background-color: rgba(0.0, 165.0, "
 "0, 0.15); border-radius: 3px;' title='1.0'>_||>     "
 "<||_html:</span>_||><||_html:<span style='background-color: rgba(0.0, 165.0, "
 "0, 0.15); border-radius: 3px;' title='1.0'>_||> "
 '"<||_html:</span>_||><||_html:<span style=\'background-color: rgba(0.0, '
 "165.0, 0, 0.15); border-radius: 3px;' "
 "title='1.0'>_||>field<||_html:</span>_||><||_html:<span "
 "style='background-color: rgba(0.0, 165.0, 0, 0.15); border-radius: 3px;' "
 'title=\'1.0\'>_||>":<||_html:</span>_||><||_html:<span '
 "style='background-color: rgba(0.0, 165.0, 0, 0.15); border-radius: 3px;' "
 'title=\'1.0\'>_||> "<||_html:</span>_||><||_html:<span '
 "style='background-color: rgba(0.0, 165.0, 0, 0.15); border-radius: 3px;' "
 "title='1.0'>_||>get<||_html:</span>_||><||_html:<span "
 "style='background-color: rgba(0.0, 165.0, 0, 0.15); border-radius: 3px;' "
 "title='1.0'>_||>Product<||_html:</span>_||><||_html:<span "
 "style='background-color: rgba(0.0, 165.0, 0, 0.15); border-radius: 3px;' "
 'title=\'1.0\'>_||>",<||_html:</span>_||><||_html:<span '
 "style='background-color: rgba(0.0, 165.0, 0, 0.15); border-radius: 3px;' "
 "title='1.0'>_||>\n"
 "<||_html:</span>_||><||_html:<span style='background-color: rgba(0.0, 165.0, "
 "0, 0.15); border-radius: 3px;' title='1.0'>_||>     "
 "<||_html:</span>_||><||_html:<span style='background-color: rgba(0.0, 165.0, "
 "0, 0.15); border-radius: 3px;' title='1.0'>_||> "
 '"<||_html:</span>_||><||_html:<span style=\'background-color: rgba(0.0, '
 "165.0, 0, 0.15); border-radius: 3px;' "
 "title='1.0'>_||>change<||_html:</span>_||><||_html:<span "
 "style='background-color: rgba(0.0, 165.0, 0, 0.15); border-radius: 3px;' "
 'title=\'1.0\'>_||>":<||_html:</span>_||><||_html:<span '
 "style='background-color: rgba(0.0, 165.0, 0, 0.15); border-radius: 3px;' "
 'title=\'1.0\'>_||> "<||_html:</span>_||><||_html:<span '
 "style='background-color: rgba(0.0, 165.0, 0, 0.15); border-radius: 3px;' "
 "title='1.0'>_||>field<||_html:</span>_||><||_html:<span "
 "style='background-color: rgba(0.0, 165.0, 0, 0.15); border-radius: 3px;' "
 "title='1.0'>_||> details<||_html:</span>_||><||_html:<span "
 "style='background-color: rgba(0.0, 165.0, 0, 0.15); border-radius: 3px;' "
 "title='1.0'>_||> added<||_html:</span>_||><||_html:<span "
 "style='background-color: rgba(0.0, 165.0, 0, 0.15); border-radius: 3px;' "
 'title=\'1.0\'>_||>",<||_html:</span>_||><||_html:<span '
 "style='background-color: rgba(0.0, 165.0, 0, 0.15); border-radius: 3px;' "
 "title='1.0'>_||>\n"
 "<||_html:</span>_||><||_html:<span style='background-color: rgba(0.0, 165.0, "
 "0, 0.15); border-radius: 3px;' title='1.0'>_||>     "
 "<||_html:</span>_||><||_html:<span style='background-color: rgba(0.0, 165.0, "
 "0, 0.15); border-radius: 3px;' title='1.0'>_||> "
 '"<||_html:</span>_||><||_html:<span style=\'background-color: rgba(0.0, '
 "165.0, 0, 0.15); border-radius: 3px;' "
 "title='1.0'>_||>breaking<||_html:</span>_||><||_html:<span "
 "style='background-color: rgba(0.0, 165.0, 0, 0.15); border-radius: 3px;' "
 'title=\'1.0\'>_||>":<||_html:</span>_||><||_html:<span '
 "style='background-color: rgba(0.0, 165.0, 0, 0.15); border-radius: 3px;' "
 'title=\'1.0\'>_||> "<||_html:</span>_||><||_html:<span '
 "style='background-color: rgba(0.0, 165.0, 0, 0.15); border-radius: 3px;' "
 "title='1.0'>_||>false<||_html:</span>_||><||_html:<span "
 "style='background-color: rgba(0.0, 165.0, 0, 0.15); border-radius: 3px;' "
 'title=\'1.0\'>_||>",<||_html:</span>_||><||_html:<span '
 "style='background-color: rgba(0.0, 165.0, 0, 0.15); border-radius: 3px;' "
 "title='1.0'>_||>\n"
 "<||_html:</span>_||><||_html:<span style='background-color: rgba(0.0, 165.0, "
 "0, 0.15); border-radius: 3px;' title='1.0'>_||>     "
 "<||_html:</span>_||><||_html:<span style='background-color: rgba(0.0, 165.0, "
 "0, 0.15); border-radius: 3px;' title='1.0'>_||> "
 '"<||_html:</span>_||><||_html:<span style=\'background-color: rgba(0.0, '
 "165.0, 0, 0.15); border-radius: 3px;' "
 "title='1.0'>_||>release<||_html:</span>_||><||_html:<span "
 "style='background-color: rgba(0.0, 165.0, 0, 0.15); border-radius: 3px;' "
 "title='1.0'>_||>_<||_html:</span>_||><||_html:<span style='background-color: "
 "rgba(0.0, 165.0, 0, 0.15); border-radius: 3px;' "
 "title='1.0'>_||>note<||_html:</span>_||><||_html:<span "
 "style='background-color: rgba(0.0, 165.0, 0, 0.15); border-radius: 3px;' "
 'title=\'1.0\'>_||>":<||_html:</span>_||><||_html:<span '
 "style='background-color: rgba(0.0, 165.0, 0, 0.15); border-radius: 3px;' "
 'title=\'1.0\'>_||> "<||_html:</span>_||><||_html:<span '
 "style='background-color: rgba(0.0, 165.0, 0, 0.15); border-radius: 3px;' "
 "title='1.0'>_||>The<||_html:</span>_||><||_html:<span "
 "style='background-color: rgba(0.0, 165.0, 0, 0.15); border-radius: 3px;' "
 "title='1.0'>_||> '<||_html:</span>_||><||_html:<span "
 "style='background-color: rgba(0.0, 165.0, 0, 0.15); border-radius: 3px;' "
 "title='1.0'>_||>get<||_html:</span>_||><||_html:<span "
 "style='background-color: rgba(0.0, 165.0, 0, 0.15); border-radius: 3px;' "
 "title='1.0'>_||>Product<||_html:</span>_||><||_html:<span "
 "style='background-color: rgba(0.0, 165.0, 0, 0.15); border-radius: 3px;' "
 "title='1.0'>_||>'<||_html:</span>_||><||_html:<span style='background-color: "
 "rgba(0.0, 165.0, 0, 0.15); border-radius: 3px;' title='1.0'>_||> "
 "query<||_html:</span>_||><||_html:<span style='background-color: rgba(0.0, "
 "165.0, 0, 0.15); border-radius: 3px;' title='1.0'>_||> "
 "now<||_html:</span>_||><||_html:<span style='background-color: rgba(0.0, "
 "165.0, 0, 0.15); border-radius: 3px;' title='1.0'>_||> "
 "includes<||_html:</span>_||><||_html:<span style='background-color: "
 "rgba(0.0, 165.0, 0, 0.15); border-radius: 3px;' title='1.0'>_||> "
 "a<||_html:</span>_||><||_html:<span style='background-color: rgba(0.0, "
 "165.0, 0, 0.15); border-radius: 3px;' title='1.0'>_||> "
 "new<||_html:</span>_||><||_html:<span style='background-color: rgba(0.0, "
 "165.0, 0, 0.15); border-radius: 3px;' title='1.0'>_||> "
 "field<||_html:</span>_||><||_html:<span style='background-color: rgba(0.0, "
 "165.0, 0, 0.15); border-radius: 3px;' title='1.0'>_||> "
 "'<||_html:</span>_||><||_html:<span style='background-color: rgba(0.0, "
 "165.0, 0, 0.15); border-radius: 3px;' "
 "title='1.0'>_||>details<||_html:</span>_||><||_html:<span "
 "style='background-color: rgba(0.0, 165.0, 0, 0.15); border-radius: 3px;' "
 "title='1.0'>_||>'<||_html:</span>_||><||_html:<span style='background-color: "
 "rgba(0.0, 165.0, 0, 0.15); border-radius: 3px;' title='1.0'>_||> "
 "of<||_html:</span>_||><||_html:<span style='background-color: rgba(0.0, "
 "165.0, 0, 0.15); border-radius: 3px;' title='1.0'>_||> "
 "type<||_html:</span>_||><||_html:<span style='background-color: rgba(0.0, "
 "165.0, 0, 0.15); border-radius: 3px;' title='1.0'>_||> "
 "String<||_html:</span>_||><||_html:<span style='background-color: rgba(0.0, "
 "165.0, 0, 0.15); border-radius: 3px;' "
 'title=\'1.0\'>_||>."<||_html:</span>_||><||_html:<span '
 "style='background-color: rgba(0.0, 165.0, 0, 0.15); border-radius: 3px;' "
 "title='1.0'>_||>\n"
 "<||_html:</span>_||><||_html:<span style='background-color: rgba(0.0, 165.0, "
 "0, 0.15); border-radius: 3px;' title='1.0'>_||>   "
 "<||_html:</span>_||><||_html:<span style='background-color: rgba(0.0, 165.0, "
 "0, 0.15); border-radius: 3px;' title='1.0'>_||> "
 "},<||_html:</span>_||><||_html:<span style='background-color: rgba(0.0, "
 "165.0, 0, 0.15); border-radius: 3px;' title='1.0'>_||>\n"
 "<||_html:</span>_||><||_html:<span style='background-color: rgba(0.0, 165.0, "
 "0, 0.15); border-radius: 3px;' title='1.0'>_||>   "
 "<||_html:</span>_||><||_html:<span style='background-color: rgba(0.0, 165.0, "
 "0, 0.15); border-radius: 3px;' title='1.0'>_||> "
 "{<||_html:</span>_||><||_html:<span style='background-color: rgba(0.0, "
 "165.0, 0, 0.15); border-radius: 3px;' title='1.0'>_||>\n"
 "<||_html:</span>_||><||_html:<span style='background-color: rgba(0.0, 165.0, "
 "0, 0.15); border-radius: 3px;' title='1.0'>_||>     "
 "<||_html:</span>_||><||_html:<span style='background-color: rgba(0.0, 165.0, "
 "0, 0.15); border-radius: 3px;' title='1.0'>_||> "
 '"<||_html:</span>_||><||_html:<span style=\'background-color: rgba(0.0, '
 "165.0, 0, 0.15); border-radius: 3px;' "
 "title='1.0'>_||>type<||_html:</span>_||><||_html:<span "
 "style='background-color: rgba(0.0, 165.0, 0, 0.15); border-radius: 3px;' "
 'title=\'1.0\'>_||>":<||_html:</span>_||><||_html:<span '
 "style='background-color: rgba(0.0, 165.0, 0, 0.15); border-radius: 3px;' "
 'title=\'1.0\'>_||> "<||_html:</span>_||><||_html:<span '
 "style='background-color: rgba(0.0, 165.0, 0, 0.15); border-radius: 3px;' "
 "title='1.0'>_||>Product<||_html:</span>_||><||_html:<span "
 "style='background-color: rgba(0.0, 165.0, 0, 0.15); border-radius: 3px;' "
 'title=\'1.0\'>_||>",<||_html:</span>_||><||_html:<span '
 "style='background-color: rgba(0.0, 165.0, 0, 0.15); border-radius: 3px;' "
 "title='1.0'>_||>\n"
 "<||_html:</span>_||><||_html:<span style='background-color: rgba(0.0, 165.0, "
 "0, 0.15); border-radius: 3px;' title='1.0'>_||>     "
 "<||_html:</span>_||><||_html:<span style='background-color: rgba(0.0, 165.0, "
 "0, 0.15); border-radius: 3px;' title='1.0'>_||> "
 '"<||_html:</span>_||><||_html:<span style=\'background-color: rgba(0.0, '
 "165.0, 0, 0.15); border-radius: 3px;' "
 "title='1.0'>_||>field<||_html:</span>_||><||_html:<span "
 "style='background-color: rgba(0.0, 165.0, 0, 0.15); border-radius: 3px;' "
 'title=\'1.0\'>_||>":<||_html:</span>_||><||_html:<span '
 "style='background-color: rgba(0.0, 165.0, 0, 0.15); border-radius: 3px;' "
 'title=\'1.0\'>_||> "<||_html:</span>_||><||_html:<span '
 "style='background-color: rgba(0.0, 165.0, 0, 0.15); border-radius: 3px;' "
 "title='1.0'>_||>description<||_html:</span>_||><||_html:<span "
 "style='background-color: rgba(0.0, 165.0, 0, 0.15); border-radius: 3px;' "
 'title=\'1.0\'>_||>",<||_html:</span>_||><||_html:<span '
 "style='background-color: rgba(0.0, 165.0, 0, 0.15); border-radius: 3px;' "
 "title='1.0'>_||>\n"
 "<||_html:</span>_||><||_html:<span style='background-color: rgba(0.0, 165.0, "
 "0, 0.15); border-radius: 3px;' title='1.0'>_||>     "
 "<||_html:</span>_||><||_html:<span style='background-color: rgba(0.0, 165.0, "
 "0, 0.15); border-radius: 3px;' title='1.0'>_||> "
 '"<||_html:</span>_||><||_html:<span style=\'background-color: rgba(0.0, '
 "165.0, 0, 0.15); border-radius: 3px;' "
 "title='1.0'>_||>change<||_html:</span>_||><||_html:<span "
 "style='background-color: rgba(0.0, 165.0, 0, 0.15); border-radius: 3px;' "
 'title=\'1.0\'>_||>":<||_html:</span>_||><||_html:<span '
 "style='background-color: rgba(0.0, 165.0, 0, 0.15); border-radius: 3px;' "
 'title=\'1.0\'>_||> "<||_html:</span>_||><||_html:<span '
 "style='background-color: rgba(0.0, 165.0, 0, 0.15); border-radius: 3px;' "
 "title='1.0'>_||>field<||_html:</span>_||><||_html:<span "
 "style='background-color: rgba(0.0, 165.0, 0, 0.15); border-radius: 3px;' "
 "title='1.0'>_||> removed<||_html:</span>_||><||_html:<span "
 "style='background-color: rgba(0.0, 165.0, 0, 0.15); border-radius: 3px;' "
 'title=\'1.0\'>_||>",<||_html:</span>_||><||_html:<span '
 "style='background-color: rgba(0.0, 165.0, 0, 0.15); border-radius: 3px;' "
 "title='1.0'>_||>\n"
 "<||_html:</span>_||><||_html:<span style='background-color: rgba(0.0, 165.0, "
 "0, 0.15); border-radius: 3px;' title='1.0'>_||>     "
 "<||_html:</span>_||><||_html:<span style='background-color: rgba(0.0, 165.0, "
 "0, 0.15); border-radius: 3px;' title='1.0'>_||> "
 '"<||_html:</span>_||><||_html:<span style=\'background-color: rgba(0.0, '
 "165.0, 0, 0.15); border-radius: 3px;' "
 "title='1.0'>_||>breaking<||_html:</span>_||><||_html:<span "
 "style='background-color: rgba(0.0, 165.0, 0, 0.15); border-radius: 3px;' "
 'title=\'1.0\'>_||>":<||_html:</span>_||><||_html:<span '
 "style='background-color: rgba(0.0, 165.0, 0, 0.15); border-radius: 3px;' "
 'title=\'1.0\'>_||> "<||_html:</span>_||><||_html:<span '
 "style='background-color: rgba(0.0, 165.0, 0, 0.15); border-radius: 3px;' "
 "title='1.0'>_||>true<||_html:</span>_||><||_html:<span "
 "style='background-color: rgba(0.0, 165.0, 0, 0.15); border-radius: 3px;' "
 'title=\'1.0\'>_||>",<||_html:</span>_||><||_html:<span '
 "style='background-color: rgba(0.0, 165.0, 0, 0.15); border-radius: 3px;' "
 "title='1.0'>_||>\n"
 "<||_html:</span>_||><||_html:<span style='background-color: rgba(0.0, 165.0, "
 "0, 0.15); border-radius: 3px;' title='1.0'>_||>     "
 "<||_html:</span>_||><||_html:<span style='background-color: rgba(0.0, 165.0, "
 "0, 0.15); border-radius: 3px;' title='1.0'>_||> "
 '"<||_html:</span>_||><||_html:<span style=\'background-color: rgba(0.0, '
 "165.0, 0, 0.15); border-radius: 3px;' "
 "title='1.0'>_||>release<||_html:</span>_||><||_html:<span "
 "style='background-color: rgba(0.0, 165.0, 0, 0.15); border-radius: 3px;' "
 "title='1.0'>_||>_<||_html:</span>_||><||_html:<span style='background-color: "
 "rgba(0.0, 165.0, 0, 0.15); border-radius: 3px;' "
 "title='1.0'>_||>note<||_html:</span>_||><||_html:<span "
 "style='background-color: rgba(0.0, 165.0, 0, 0.15); border-radius: 3px;' "
 'title=\'1.0\'>_||>":<||_html:</span>_||><||_html:<span '
 "style='background-color: rgba(0.0, 165.0, 0, 0.15); border-radius: 3px;' "
 'title=\'1.0\'>_||> "<||_html:</span>_||><||_html:<span '
 "style='background-color: rgba(0.0, 165.0, 0, 0.15); border-radius: 3px;' "
 "title='1.0'>_||>The<||_html:</span>_||><||_html:<span "
 "style='background-color: rgba(0.0, 165.0, 0, 0.15); border-radius: 3px;' "
 "title='1.0'>_||> '<||_html:</span>_||><||_html:<span "
 "style='background-color: rgba(0.0, 165.0, 0, 0.15); border-radius: 3px;' "
 "title='1.0'>_||>Product<||_html:</span>_||><||_html:<span "
 "style='background-color: rgba(0.0, 165.0, 0, 0.15); border-radius: 3px;' "
 "title='1.0'>_||>'<||_html:</span>_||><||_html:<span style='background-color: "
 "rgba(0.0, 165.0, 0, 0.15); border-radius: 3px;' title='1.0'>_||> "
 "type<||_html:</span>_||><||_html:<span style='background-color: rgba(0.0, "
 "165.0, 0, 0.15); border-radius: 3px;' title='1.0'>_||> "
 "no<||_html:</span>_||><||_html:<span style='background-color: rgba(0.0, "
 "165.0, 0, 0.15); border-radius: 3px;' title='1.0'>_||> "
 "longer<||_html:</span>_||><||_html:<span style='background-color: rgba(0.0, "
 "165.0, 0, 0.15); border-radius: 3px;' title='1.0'>_||> "
 "includes<||_html:</span>_||><||_html:<span style='background-color: "
 "rgba(0.0, 165.0, 0, 0.15); border-radius: 3px;' title='1.0'>_||> "
 "the<||_html:</span>_||><||_html:<span style='background-color: rgba(0.0, "
 "165.0, 0, 0.15); border-radius: 3px;' title='1.0'>_||> "
 "'<||_html:</span>_||><||_html:<span style='background-color: rgba(0.0, "
 "165.0, 0, 0.15); border-radius: 3px;' "
 "title='1.0'>_||>description<||_html:</span>_||><||_html:<span "
 "style='background-color: rgba(0.0, 165.0, 0, 0.15); border-radius: 3px;' "
 "title='1.0'>_||>'<||_html:</span>_||><||_html:<span style='background-color: "
 "rgba(0.0, 165.0, 0, 0.15); border-radius: 3px;' title='1.0'>_||> "
 "field<||_html:</span>_||><||_html:<span style='background-color: rgba(0.0, "
 "165.0, 0, 0.15); border-radius: 3px;' "
 'title=\'1.0\'>_||>."<||_html:</span>_||><||_html:<span '
 "style='background-color: rgba(0.0, 165.0, 0, 0.15); border-radius: 3px;' "
 "title='1.0'>_||>\n"
 "<||_html:</span>_||><||_html:<span style='background-color: rgba(0.0, 165.0, "
 "0, 0.15); border-radius: 3px;' title='1.0'>_||>   "
 "<||_html:</span>_||><||_html:<span style='background-color: rgba(0.0, 165.0, "
 "0, 0.15); border-radius: 3px;' title='1.0'>_||> "
 "},<||_html:</span>_||><||_html:<span style='background-color: rgba(0.0, "
 "165.0, 0, 0.15); border-radius: 3px;' title='1.0'>_||>\n"
 "<||_html:</span>_||><||_html:<span style='background-color: rgba(0.0, 165.0, "
 "0, 0.15); border-radius: 3px;' title='1.0'>_||>   "
 "<||_html:</span>_||><||_html:<span style='background-color: rgba(0.0, 165.0, "
 "0, 0.15); border-radius: 3px;' title='1.0'>_||> "
 "{<||_html:</span>_||><||_html:<span style='background-color: rgba(0.0, "
 "165.0, 0, 0.15); border-radius: 3px;' title='1.0'>_||>\n"
 "<||_html:</span>_||><||_html:<span style='background-color: rgba(0.0, 165.0, "
 "0, 0.15); border-radius: 3px;' title='1.0'>_||>     "
 "<||_html:</span>_||><||_html:<span style='background-color: rgba(0.0, 165.0, "
 "0, 0.15); border-radius: 3px;' title='1.0'>_||> "
 '"<||_html:</span>_||><||_html:<span style=\'background-color: rgba(0.0, '
 "165.0, 0, 0.15); border-radius: 3px;' "
 "title='1.0'>_||>type<||_html:</span>_||><||_html:<span "
 "style='background-color: rgba(0.0, 165.0, 0, 0.15); border-radius: 3px;' "
 'title=\'1.0\'>_||>":<||_html:</span>_||><||_html:<span '
 "style='background-color: rgba(0.0, 165.0, 0, 0.15); border-radius: 3px;' "
 'title=\'1.0\'>_||> "<||_html:</span>_||><||_html:<span '
 "style='background-color: rgba(0.0, 165.0, 0, 0.15); border-radius: 3px;' "
 "title='1.0'>_||>Product<||_html:</span>_||><||_html:<span "
 "style='background-color: rgba(0.0, 165.0, 0, 0.15); border-radius: 3px;' "
 'title=\'1.0\'>_||>",<||_html:</span>_||><||_html:<span '
 "style='background-color: rgba(0.0, 165.0, 0, 0.15); border-radius: 3px;' "
 "title='1.0'>_||>\n"
 "<||_html:</span>_||><||_html:<span style='background-color: rgba(0.0, 165.0, "
 "0, 0.15); border-radius: 3px;' title='1.0'>_||>     "
 "<||_html:</span>_||><||_html:<span style='background-color: rgba(0.0, 165.0, "
 "0, 0.15); border-radius: 3px;' title='1.0'>_||> "
 '"<||_html:</span>_||><||_html:<span style=\'background-color: rgba(0.0, '
 "165.0, 0, 0.15); border-radius: 3px;' "
 "title='1.0'>_||>field<||_html:</span>_||><||_html:<span "
 "style='background-color: rgba(0.0, 165.0, 0, 0.15); border-radius: 3px;' "
 'title=\'1.0\'>_||>":<||_html:</span>_||><||_html:<span '
 "style='background-color: rgba(0.0, 165.0, 0, 0.15); border-radius: 3px;' "
 'title=\'1.0\'>_||> "<||_html:</span>_||><||_html:<span '
 "style='background-color: rgba(0.0, 165.0, 0, 0.15); border-radius: 3px;' "
 "title='1.0'>_||>stock<||_html:</span>_||><||_html:<span "
 "style='background-color: rgba(0.0, 165.0, 0, 0.15); border-radius: 3px;' "
 'title=\'1.0\'>_||>",<||_html:</span>_||><||_html:<span '
 "style='background-color: rgba(0.0, 165.0, 0, 0.15); border-radius: 3px;' "
 "title='1.0'>_||>\n"
 "<||_html:</span>_||><||_html:<span style='background-color: rgba(0.0, 165.0, "
 "0, 0.15); border-radius: 3px;' title='1.0'>_||>     "
 "<||_html:</span>_||><||_html:<span style='background-color: rgba(0.0, 165.0, "
 "0, 0.15); border-radius: 3px;' title='1.0'>_||> "
 '"<||_html:</span>_||><||_html:<span style=\'background-color: rgba(0.0, '
 "165.0, 0, 0.15); border-radius: 3px;' "
 "title='1.0'>_||>change<||_html:</span>_||><||_html:<span "
 "style='background-color: rgba(0.0, 165.0, 0, 0.15); border-radius: 3px;' "
 'title=\'1.0\'>_||>":<||_html:</span>_||><||_html:<span '
 "style='background-color: rgba(0.0, 165.0, 0, 0.15); border-radius: 3px;' "
 'title=\'1.0\'>_||> "<||_html:</span>_||><||_html:<span '
 "style='background-color: rgba(0.0, 165.0, 0, 0.15); border-radius: 3px;' "
 "title='1.0'>_||>field<||_html:</span>_||><||_html:<span "
 "style='background-color: rgba(0.0, 165.0, 0, 0.15); border-radius: 3px;' "
 "title='1.0'>_||> removed<||_html:</span>_||><||_html:<span "
 "style='background-color: rgba(0.0, 165.0, 0, 0.15); border-radius: 3px;' "
 "title='1.0'>_||>")
('Analyze the following two GraphQL schemas for changes, including both '
 'breaking and non-breaking changes.\n'
 '\n'
 '                        Provide your analysis in the following JSON format:\n'
 '                        {\n'
 '                          "changes": [\n'
 '                            {\n'
 '                              "type": "String representing the GraphQL type '
 '(e.g., Query, Mutation, Subscription)",\n'
 '                              "field": "String representing the specific '
 'field that changed",\n'
 '                              "change": "String describing the change (e.g., '
 'field renamed, new field added, field removed)",\n'
 '                              "breaking": "Boolean indicating if the change '
 'is breaking (true) or non-breaking (false)",\n'
 '                              "release_note": "String with a natural '
 'language description of the change for release notes"\n'
 '                            }\n'
 '                          ],\n'
 '                          "release_notes": {\n'
 '                              "summary": "String summarizing all changes, '
 'suitable for a mailing list or public announcement"\n'
 '                          }\n'
 '                        }\n'
 '\n'
 '                        When analyzing, consider the following types of '
 'changes:\n'
 '                        1. Removing fields or types (breaking)\n'
 '                        2. Changing field types (potentially breaking)\n'
 '                        3. Adding required fields (breaking)\n'
 '                        4. Changing the type of existing arguments '
 '(breaking)\n'
 '                        5. Adding optional fields (non-breaking)\n'
 '                        6. Adding new types (non-breaking)\n'
 '                        7. Deprecating fields (non-breaking)\n'
 '\n'
 '                        Ensure that each change is categorized correctly as '
 'breaking or non-breaking.: type Query {\n'
 '  getProduct(id: ID!): Product\n'
 '}\n'
 '\n'
 'type Product {\n'
 '  id: ID\n'
 '  name: String\n'
 '  description: String\n'
 '  price: Float\n'
 '  stock: Int\n'
 '}\n'
 ', type Query {\n'
 '  getProduct(id: ID!): Product\n'
 '}\n'
 '\n'
 'type Product {\n'
 '  id: ID\n'
 '  name: String\n'
 '  details: String\n'
 '  price: Float\n'
 '}\n'
 '\n'
 "Answer:<||_html:<span style='background-color: rgba(0.0, 165.0, 0, 0.15); "
 "border-radius: 3px;' title='1.0'>_||> {<||_html:</span>_||><||_html:<span "
 "style='background-color: rgba(0.0, 165.0, 0, 0.15); border-radius: 3px;' "
 "title='1.0'>_||>\n"
 "<||_html:</span>_||><||_html:<span style='background-color: rgba(0.0, 165.0, "
 "0, 0.15); border-radius: 3px;' title='1.0'>_||> "
 "<||_html:</span>_||><||_html:<span style='background-color: rgba(0.0, 165.0, "
 "0, 0.15); border-radius: 3px;' title='1.0'>_||> "
 '"<||_html:</span>_||><||_html:<span style=\'background-color: rgba(0.0, '
 "165.0, 0, 0.15); border-radius: 3px;' "
 "title='1.0'>_||>changes<||_html:</span>_||><||_html:<span "
 "style='background-color: rgba(0.0, 165.0, 0, 0.15); border-radius: 3px;' "
 'title=\'1.0\'>_||>":<||_html:</span>_||><||_html:<span '
 "style='background-color: rgba(0.0, 165.0, 0, 0.15); border-radius: 3px;' "
 "title='1.0'>_||> [<||_html:</span>_||><||_html:<span "
 "style='background-color: rgba(0.0, 165.0, 0, 0.15); border-radius: 3px;' "
 "title='1.0'>_||>\n"
 "<||_html:</span>_||><||_html:<span style='background-color: rgba(0.0, 165.0, "
 "0, 0.15); border-radius: 3px;' title='1.0'>_||>   "
 "<||_html:</span>_||><||_html:<span style='background-color: rgba(0.0, 165.0, "
 "0, 0.15); border-radius: 3px;' title='1.0'>_||> "
 "{<||_html:</span>_||><||_html:<span style='background-color: rgba(0.0, "
 "165.0, 0, 0.15); border-radius: 3px;' title='1.0'>_||>\n"
 "<||_html:</span>_||><||_html:<span style='background-color: rgba(0.0, 165.0, "
 "0, 0.15); border-radius: 3px;' title='1.0'>_||>     "
 "<||_html:</span>_||><||_html:<span style='background-color: rgba(0.0, 165.0, "
 "0, 0.15); border-radius: 3px;' title='1.0'>_||> "
 '"<||_html:</span>_||><||_html:<span style=\'background-color: rgba(0.0, '
 "165.0, 0, 0.15); border-radius: 3px;' "
 "title='1.0'>_||>type<||_html:</span>_||><||_html:<span "
 "style='background-color: rgba(0.0, 165.0, 0, 0.15); border-radius: 3px;' "
 'title=\'1.0\'>_||>":<||_html:</span>_||><||_html:<span '
 "style='background-color: rgba(0.0, 165.0, 0, 0.15); border-radius: 3px;' "
 'title=\'1.0\'>_||> "<||_html:</span>_||><||_html:<span '
 "style='background-color: rgba(0.0, 165.0, 0, 0.15); border-radius: 3px;' "
 "title='1.0'>_||>Query<||_html:</span>_||><||_html:<span "
 "style='background-color: rgba(0.0, 165.0, 0, 0.15); border-radius: 3px;' "
 'title=\'1.0\'>_||>",<||_html:</span>_||><||_html:<span '
 "style='background-color: rgba(0.0, 165.0, 0, 0.15); border-radius: 3px;' "
 "title='1.0'>_||>\n"
 "<||_html:</span>_||><||_html:<span style='background-color: rgba(0.0, 165.0, "
 "0, 0.15); border-radius: 3px;' title='1.0'>_||>     "
 "<||_html:</span>_||><||_html:<span style='background-color: rgba(0.0, 165.0, "
 "0, 0.15); border-radius: 3px;' title='1.0'>_||> "
 '"<||_html:</span>_||><||_html:<span style=\'background-color: rgba(0.0, '
 "165.0, 0, 0.15); border-radius: 3px;' "
 "title='1.0'>_||>field<||_html:</span>_||><||_html:<span "
 "style='background-color: rgba(0.0, 165.0, 0, 0.15); border-radius: 3px;' "
 'title=\'1.0\'>_||>":<||_html:</span>_||><||_html:<span '
 "style='background-color: rgba(0.0, 165.0, 0, 0.15); border-radius: 3px;' "
 'title=\'1.0\'>_||> "<||_html:</span>_||><||_html:<span '
 "style='background-color: rgba(0.0, 165.0, 0, 0.15); border-radius: 3px;' "
 "title='1.0'>_||>get<||_html:</span>_||><||_html:<span "
 "style='background-color: rgba(0.0, 165.0, 0, 0.15); border-radius: 3px;' "
 "title='1.0'>_||>Product<||_html:</span>_||><||_html:<span "
 "style='background-color: rgba(0.0, 165.0, 0, 0.15); border-radius: 3px;' "
 'title=\'1.0\'>_||>",<||_html:</span>_||><||_html:<span '
 "style='background-color: rgba(0.0, 165.0, 0, 0.15); border-radius: 3px;' "
 "title='1.0'>_||>\n"
 "<||_html:</span>_||><||_html:<span style='background-color: rgba(0.0, 165.0, "
 "0, 0.15); border-radius: 3px;' title='1.0'>_||>     "
 "<||_html:</span>_||><||_html:<span style='background-color: rgba(0.0, 165.0, "
 "0, 0.15); border-radius: 3px;' title='1.0'>_||> "
 '"<||_html:</span>_||><||_html:<span style=\'background-color: rgba(0.0, '
 "165.0, 0, 0.15); border-radius: 3px;' "
 "title='1.0'>_||>change<||_html:</span>_||><||_html:<span "
 "style='background-color: rgba(0.0, 165.0, 0, 0.15); border-radius: 3px;' "
 'title=\'1.0\'>_||>":<||_html:</span>_||><||_html:<span '
 "style='background-color: rgba(0.0, 165.0, 0, 0.15); border-radius: 3px;' "
 'title=\'1.0\'>_||> "<||_html:</span>_||><||_html:<span '
 "style='background-color: rgba(0.0, 165.0, 0, 0.15); border-radius: 3px;' "
 "title='1.0'>_||>field<||_html:</span>_||><||_html:<span "
 "style='background-color: rgba(0.0, 165.0, 0, 0.15); border-radius: 3px;' "
 "title='1.0'>_||> details<||_html:</span>_||><||_html:<span "
 "style='background-color: rgba(0.0, 165.0, 0, 0.15); border-radius: 3px;' "
 "title='1.0'>_||> added<||_html:</span>_||><||_html:<span "
 "style='background-color: rgba(0.0, 165.0, 0, 0.15); border-radius: 3px;' "
 'title=\'1.0\'>_||>",<||_html:</span>_||><||_html:<span '
 "style='background-color: rgba(0.0, 165.0, 0, 0.15); border-radius: 3px;' "
 "title='1.0'>_||>\n"
 "<||_html:</span>_||><||_html:<span style='background-color: rgba(0.0, 165.0, "
 "0, 0.15); border-radius: 3px;' title='1.0'>_||>     "
 "<||_html:</span>_||><||_html:<span style='background-color: rgba(0.0, 165.0, "
 "0, 0.15); border-radius: 3px;' title='1.0'>_||> "
 '"<||_html:</span>_||><||_html:<span style=\'background-color: rgba(0.0, '
 "165.0, 0, 0.15); border-radius: 3px;' "
 "title='1.0'>_||>breaking<||_html:</span>_||><||_html:<span "
 "style='background-color: rgba(0.0, 165.0, 0, 0.15); border-radius: 3px;' "
 'title=\'1.0\'>_||>":<||_html:</span>_||><||_html:<span '
 "style='background-color: rgba(0.0, 165.0, 0, 0.15); border-radius: 3px;' "
 'title=\'1.0\'>_||> "<||_html:</span>_||><||_html:<span '
 "style='background-color: rgba(0.0, 165.0, 0, 0.15); border-radius: 3px;' "
 "title='1.0'>_||>false<||_html:</span>_||><||_html:<span "
 "style='background-color: rgba(0.0, 165.0, 0, 0.15); border-radius: 3px;' "
 'title=\'1.0\'>_||>",<||_html:</span>_||><||_html:<span '
 "style='background-color: rgba(0.0, 165.0, 0, 0.15); border-radius: 3px;' "
 "title='1.0'>_||>\n"
 "<||_html:</span>_||><||_html:<span style='background-color: rgba(0.0, 165.0, "
 "0, 0.15); border-radius: 3px;' title='1.0'>_||>     "
 "<||_html:</span>_||><||_html:<span style='background-color: rgba(0.0, 165.0, "
 "0, 0.15); border-radius: 3px;' title='1.0'>_||> "
 '"<||_html:</span>_||><||_html:<span style=\'background-color: rgba(0.0, '
 "165.0, 0, 0.15); border-radius: 3px;' "
 "title='1.0'>_||>release<||_html:</span>_||><||_html:<span "
 "style='background-color: rgba(0.0, 165.0, 0, 0.15); border-radius: 3px;' "
 "title='1.0'>_||>_<||_html:</span>_||><||_html:<span style='background-color: "
 "rgba(0.0, 165.0, 0, 0.15); border-radius: 3px;' "
 "title='1.0'>_||>note<||_html:</span>_||><||_html:<span "
 "style='background-color: rgba(0.0, 165.0, 0, 0.15); border-radius: 3px;' "
 'title=\'1.0\'>_||>":<||_html:</span>_||><||_html:<span '
 "style='background-color: rgba(0.0, 165.0, 0, 0.15); border-radius: 3px;' "
 'title=\'1.0\'>_||> "<||_html:</span>_||><||_html:<span '
 "style='background-color: rgba(0.0, 165.0, 0, 0.15); border-radius: 3px;' "
 "title='1.0'>_||>The<||_html:</span>_||><||_html:<span "
 "style='background-color: rgba(0.0, 165.0, 0, 0.15); border-radius: 3px;' "
 "title='1.0'>_||> '<||_html:</span>_||><||_html:<span "
 "style='background-color: rgba(0.0, 165.0, 0, 0.15); border-radius: 3px;' "
 "title='1.0'>_||>get<||_html:</span>_||><||_html:<span "
 "style='background-color: rgba(0.0, 165.0, 0, 0.15); border-radius: 3px;' "
 "title='1.0'>_||>Product<||_html:</span>_||><||_html:<span "
 "style='background-color: rgba(0.0, 165.0, 0, 0.15); border-radius: 3px;' "
 "title='1.0'>_||>'<||_html:</span>_||><||_html:<span style='background-color: "
 "rgba(0.0, 165.0, 0, 0.15); border-radius: 3px;' title='1.0'>_||> "
 "query<||_html:</span>_||><||_html:<span style='background-color: rgba(0.0, "
 "165.0, 0, 0.15); border-radius: 3px;' title='1.0'>_||> "
 "now<||_html:</span>_||><||_html:<span style='background-color: rgba(0.0, "
 "165.0, 0, 0.15); border-radius: 3px;' title='1.0'>_||> "
 "includes<||_html:</span>_||><||_html:<span style='background-color: "
 "rgba(0.0, 165.0, 0, 0.15); border-radius: 3px;' title='1.0'>_||> "
 "a<||_html:</span>_||><||_html:<span style='background-color: rgba(0.0, "
 "165.0, 0, 0.15); border-radius: 3px;' title='1.0'>_||> "
 "new<||_html:</span>_||><||_html:<span style='background-color: rgba(0.0, "
 "165.0, 0, 0.15); border-radius: 3px;' title='1.0'>_||> "
 "field<||_html:</span>_||><||_html:<span style='background-color: rgba(0.0, "
 "165.0, 0, 0.15); border-radius: 3px;' title='1.0'>_||> "
 "'<||_html:</span>_||><||_html:<span style='background-color: rgba(0.0, "
 "165.0, 0, 0.15); border-radius: 3px;' "
 "title='1.0'>_||>details<||_html:</span>_||><||_html:<span "
 "style='background-color: rgba(0.0, 165.0, 0, 0.15); border-radius: 3px;' "
 "title='1.0'>_||>'<||_html:</span>_||><||_html:<span style='background-color: "
 "rgba(0.0, 165.0, 0, 0.15); border-radius: 3px;' title='1.0'>_||> "
 "of<||_html:</span>_||><||_html:<span style='background-color: rgba(0.0, "
 "165.0, 0, 0.15); border-radius: 3px;' title='1.0'>_||> "
 "type<||_html:</span>_||><||_html:<span style='background-color: rgba(0.0, "
 "165.0, 0, 0.15); border-radius: 3px;' title='1.0'>_||> "
 "String<||_html:</span>_||><||_html:<span style='background-color: rgba(0.0, "
 "165.0, 0, 0.15); border-radius: 3px;' "
 'title=\'1.0\'>_||>."<||_html:</span>_||><||_html:<span '
 "style='background-color: rgba(0.0, 165.0, 0, 0.15); border-radius: 3px;' "
 "title='1.0'>_||>\n"
 "<||_html:</span>_||><||_html:<span style='background-color: rgba(0.0, 165.0, "
 "0, 0.15); border-radius: 3px;' title='1.0'>_||>   "
 "<||_html:</span>_||><||_html:<span style='background-color: rgba(0.0, 165.0, "
 "0, 0.15); border-radius: 3px;' title='1.0'>_||> "
 "},<||_html:</span>_||><||_html:<span style='background-color: rgba(0.0, "
 "165.0, 0, 0.15); border-radius: 3px;' title='1.0'>_||>\n"
 "<||_html:</span>_||><||_html:<span style='background-color: rgba(0.0, 165.0, "
 "0, 0.15); border-radius: 3px;' title='1.0'>_||>   "
 "<||_html:</span>_||><||_html:<span style='background-color: rgba(0.0, 165.0, "
 "0, 0.15); border-radius: 3px;' title='1.0'>_||> "
 "{<||_html:</span>_||><||_html:<span style='background-color: rgba(0.0, "
 "165.0, 0, 0.15); border-radius: 3px;' title='1.0'>_||>\n"
 "<||_html:</span>_||><||_html:<span style='background-color: rgba(0.0, 165.0, "
 "0, 0.15); border-radius: 3px;' title='1.0'>_||>     "
 "<||_html:</span>_||><||_html:<span style='background-color: rgba(0.0, 165.0, "
 "0, 0.15); border-radius: 3px;' title='1.0'>_||> "
 '"<||_html:</span>_||><||_html:<span style=\'background-color: rgba(0.0, '
 "165.0, 0, 0.15); border-radius: 3px;' "
 "title='1.0'>_||>type<||_html:</span>_||><||_html:<span "
 "style='background-color: rgba(0.0, 165.0, 0, 0.15); border-radius: 3px;' "
 'title=\'1.0\'>_||>":<||_html:</span>_||><||_html:<span '
 "style='background-color: rgba(0.0, 165.0, 0, 0.15); border-radius: 3px;' "
 'title=\'1.0\'>_||> "<||_html:</span>_||><||_html:<span '
 "style='background-color: rgba(0.0, 165.0, 0, 0.15); border-radius: 3px;' "
 "title='1.0'>_||>Product<||_html:</span>_||><||_html:<span "
 "style='background-color: rgba(0.0, 165.0, 0, 0.15); border-radius: 3px;' "
 'title=\'1.0\'>_||>",<||_html:</span>_||><||_html:<span '
 "style='background-color: rgba(0.0, 165.0, 0, 0.15); border-radius: 3px;' "
 "title='1.0'>_||>\n"
 "<||_html:</span>_||><||_html:<span style='background-color: rgba(0.0, 165.0, "
 "0, 0.15); border-radius: 3px;' title='1.0'>_||>     "
 "<||_html:</span>_||><||_html:<span style='background-color: rgba(0.0, 165.0, "
 "0, 0.15); border-radius: 3px;' title='1.0'>_||> "
 '"<||_html:</span>_||><||_html:<span style=\'background-color: rgba(0.0, '
 "165.0, 0, 0.15); border-radius: 3px;' "
 "title='1.0'>_||>field<||_html:</span>_||><||_html:<span "
 "style='background-color: rgba(0.0, 165.0, 0, 0.15); border-radius: 3px;' "
 'title=\'1.0\'>_||>":<||_html:</span>_||><||_html:<span '
 "style='background-color: rgba(0.0, 165.0, 0, 0.15); border-radius: 3px;' "
 'title=\'1.0\'>_||> "<||_html:</span>_||><||_html:<span '
 "style='background-color: rgba(0.0, 165.0, 0, 0.15); border-radius: 3px;' "
 "title='1.0'>_||>description<||_html:</span>_||><||_html:<span "
 "style='background-color: rgba(0.0, 165.0, 0, 0.15); border-radius: 3px;' "
 'title=\'1.0\'>_||>",<||_html:</span>_||><||_html:<span '
 "style='background-color: rgba(0.0, 165.0, 0, 0.15); border-radius: 3px;' "
 "title='1.0'>_||>\n"
 "<||_html:</span>_||><||_html:<span style='background-color: rgba(0.0, 165.0, "
 "0, 0.15); border-radius: 3px;' title='1.0'>_||>     "
 "<||_html:</span>_||><||_html:<span style='background-color: rgba(0.0, 165.0, "
 "0, 0.15); border-radius: 3px;' title='1.0'>_||> "
 '"<||_html:</span>_||><||_html:<span style=\'background-color: rgba(0.0, '
 "165.0, 0, 0.15); border-radius: 3px;' "
 "title='1.0'>_||>change<||_html:</span>_||><||_html:<span "
 "style='background-color: rgba(0.0, 165.0, 0, 0.15); border-radius: 3px;' "
 'title=\'1.0\'>_||>":<||_html:</span>_||><||_html:<span '
 "style='background-color: rgba(0.0, 165.0, 0, 0.15); border-radius: 3px;' "
 'title=\'1.0\'>_||> "<||_html:</span>_||><||_html:<span '
 "style='background-color: rgba(0.0, 165.0, 0, 0.15); border-radius: 3px;' "
 "title='1.0'>_||>field<||_html:</span>_||><||_html:<span "
 "style='background-color: rgba(0.0, 165.0, 0, 0.15); border-radius: 3px;' "
 "title='1.0'>_||> removed<||_html:</span>_||><||_html:<span "
 "style='background-color: rgba(0.0, 165.0, 0, 0.15); border-radius: 3px;' "
 'title=\'1.0\'>_||>",<||_html:</span>_||><||_html:<span '
 "style='background-color: rgba(0.0, 165.0, 0, 0.15); border-radius: 3px;' "
 "title='1.0'>_||>\n"
 "<||_html:</span>_||><||_html:<span style='background-color: rgba(0.0, 165.0, "
 "0, 0.15); border-radius: 3px;' title='1.0'>_||>     "
 "<||_html:</span>_||><||_html:<span style='background-color: rgba(0.0, 165.0, "
 "0, 0.15); border-radius: 3px;' title='1.0'>_||> "
 '"<||_html:</span>_||><||_html:<span style=\'background-color: rgba(0.0, '
 "165.0, 0, 0.15); border-radius: 3px;' "
 "title='1.0'>_||>breaking<||_html:</span>_||><||_html:<span "
 "style='background-color: rgba(0.0, 165.0, 0, 0.15); border-radius: 3px;' "
 'title=\'1.0\'>_||>":<||_html:</span>_||><||_html:<span '
 "style='background-color: rgba(0.0, 165.0, 0, 0.15); border-radius: 3px;' "
 'title=\'1.0\'>_||> "<||_html:</span>_||><||_html:<span '
 "style='background-color: rgba(0.0, 165.0, 0, 0.15); border-radius: 3px;' "
 "title='1.0'>_||>true<||_html:</span>_||><||_html:<span "
 "style='background-color: rgba(0.0, 165.0, 0, 0.15); border-radius: 3px;' "
 'title=\'1.0\'>_||>",<||_html:</span>_||><||_html:<span '
 "style='background-color: rgba(0.0, 165.0, 0, 0.15); border-radius: 3px;' "
 "title='1.0'>_||>\n"
 "<||_html:</span>_||><||_html:<span style='background-color: rgba(0.0, 165.0, "
 "0, 0.15); border-radius: 3px;' title='1.0'>_||>     "
 "<||_html:</span>_||><||_html:<span style='background-color: rgba(0.0, 165.0, "
 "0, 0.15); border-radius: 3px;' title='1.0'>_||> "
 '"<||_html:</span>_||><||_html:<span style=\'background-color: rgba(0.0, '
 "165.0, 0, 0.15); border-radius: 3px;' "
 "title='1.0'>_||>release<||_html:</span>_||><||_html:<span "
 "style='background-color: rgba(0.0, 165.0, 0, 0.15); border-radius: 3px;' "
 "title='1.0'>_||>_<||_html:</span>_||><||_html:<span style='background-color: "
 "rgba(0.0, 165.0, 0, 0.15); border-radius: 3px;' "
 "title='1.0'>_||>note<||_html:</span>_||><||_html:<span "
 "style='background-color: rgba(0.0, 165.0, 0, 0.15); border-radius: 3px;' "
 'title=\'1.0\'>_||>":<||_html:</span>_||><||_html:<span '
 "style='background-color: rgba(0.0, 165.0, 0, 0.15); border-radius: 3px;' "
 'title=\'1.0\'>_||> "<||_html:</span>_||><||_html:<span '
 "style='background-color: rgba(0.0, 165.0, 0, 0.15); border-radius: 3px;' "
 "title='1.0'>_||>The<||_html:</span>_||><||_html:<span "
 "style='background-color: rgba(0.0, 165.0, 0, 0.15); border-radius: 3px;' "
 "title='1.0'>_||> '<||_html:</span>_||><||_html:<span "
 "style='background-color: rgba(0.0, 165.0, 0, 0.15); border-radius: 3px;' "
 "title='1.0'>_||>Product<||_html:</span>_||><||_html:<span "
 "style='background-color: rgba(0.0, 165.0, 0, 0.15); border-radius: 3px;' "
 "title='1.0'>_||>'<||_html:</span>_||><||_html:<span style='background-color: "
 "rgba(0.0, 165.0, 0, 0.15); border-radius: 3px;' title='1.0'>_||> "
 "type<||_html:</span>_||><||_html:<span style='background-color: rgba(0.0, "
 "165.0, 0, 0.15); border-radius: 3px;' title='1.0'>_||> "
 "no<||_html:</span>_||><||_html:<span style='background-color: rgba(0.0, "
 "165.0, 0, 0.15); border-radius: 3px;' title='1.0'>_||> "
 "longer<||_html:</span>_||><||_html:<span style='background-color: rgba(0.0, "
 "165.0, 0, 0.15); border-radius: 3px;' title='1.0'>_||> "
 "includes<||_html:</span>_||><||_html:<span style='background-color: "
 "rgba(0.0, 165.0, 0, 0.15); border-radius: 3px;' title='1.0'>_||> "
 "the<||_html:</span>_||><||_html:<span style='background-color: rgba(0.0, "
 "165.0, 0, 0.15); border-radius: 3px;' title='1.0'>_||> "
 "'<||_html:</span>_||><||_html:<span style='background-color: rgba(0.0, "
 "165.0, 0, 0.15); border-radius: 3px;' "
 "title='1.0'>_||>description<||_html:</span>_||><||_html:<span "
 "style='background-color: rgba(0.0, 165.0, 0, 0.15); border-radius: 3px;' "
 "title='1.0'>_||>'<||_html:</span>_||><||_html:<span style='background-color: "
 "rgba(0.0, 165.0, 0, 0.15); border-radius: 3px;' title='1.0'>_||> "
 "field<||_html:</span>_||><||_html:<span style='background-color: rgba(0.0, "
 "165.0, 0, 0.15); border-radius: 3px;' "
 'title=\'1.0\'>_||>."<||_html:</span>_||><||_html:<span '
 "style='background-color: rgba(0.0, 165.0, 0, 0.15); border-radius: 3px;' "
 "title='1.0'>_||>\n"
 "<||_html:</span>_||><||_html:<span style='background-color: rgba(0.0, 165.0, "
 "0, 0.15); border-radius: 3px;' title='1.0'>_||>   "
 "<||_html:</span>_||><||_html:<span style='background-color: rgba(0.0, 165.0, "
 "0, 0.15); border-radius: 3px;' title='1.0'>_||> "
 "},<||_html:</span>_||><||_html:<span style='background-color: rgba(0.0, "
 "165.0, 0, 0.15); border-radius: 3px;' title='1.0'>_||>\n"
 "<||_html:</span>_||><||_html:<span style='background-color: rgba(0.0, 165.0, "
 "0, 0.15); border-radius: 3px;' title='1.0'>_||>   "
 "<||_html:</span>_||><||_html:<span style='background-color: rgba(0.0, 165.0, "
 "0, 0.15); border-radius: 3px;' title='1.0'>_||> "
 "{<||_html:</span>_||><||_html:<span style='background-color: rgba(0.0, "
 "165.0, 0, 0.15); border-radius: 3px;' title='1.0'>_||>\n"
 "<||_html:</span>_||><||_html:<span style='background-color: rgba(0.0, 165.0, "
 "0, 0.15); border-radius: 3px;' title='1.0'>_||>     "
 "<||_html:</span>_||><||_html:<span style='background-color: rgba(0.0, 165.0, "
 "0, 0.15); border-radius: 3px;' title='1.0'>_||> "
 '"<||_html:</span>_||><||_html:<span style=\'background-color: rgba(0.0, '
 "165.0, 0, 0.15); border-radius: 3px;' "
 "title='1.0'>_||>type<||_html:</span>_||><||_html:<span "
 "style='background-color: rgba(0.0, 165.0, 0, 0.15); border-radius: 3px;' "
 'title=\'1.0\'>_||>":<||_html:</span>_||><||_html:<span '
 "style='background-color: rgba(0.0, 165.0, 0, 0.15); border-radius: 3px;' "
 'title=\'1.0\'>_||> "<||_html:</span>_||><||_html:<span '
 "style='background-color: rgba(0.0, 165.0, 0, 0.15); border-radius: 3px;' "
 "title='1.0'>_||>Product<||_html:</span>_||><||_html:<span "
 "style='background-color: rgba(0.0, 165.0, 0, 0.15); border-radius: 3px;' "
 'title=\'1.0\'>_||>",<||_html:</span>_||><||_html:<span '
 "style='background-color: rgba(0.0, 165.0, 0, 0.15); border-radius: 3px;' "
 "title='1.0'>_||>\n"
 "<||_html:</span>_||><||_html:<span style='background-color: rgba(0.0, 165.0, "
 "0, 0.15); border-radius: 3px;' title='1.0'>_||>     "
 "<||_html:</span>_||><||_html:<span style='background-color: rgba(0.0, 165.0, "
 "0, 0.15); border-radius: 3px;' title='1.0'>_||> "
 '"<||_html:</span>_||><||_html:<span style=\'background-color: rgba(0.0, '
 "165.0, 0, 0.15); border-radius: 3px;' "
 "title='1.0'>_||>field<||_html:</span>_||><||_html:<span "
 "style='background-color: rgba(0.0, 165.0, 0, 0.15); border-radius: 3px;' "
 'title=\'1.0\'>_||>":<||_html:</span>_||><||_html:<span '
 "style='background-color: rgba(0.0, 165.0, 0, 0.15); border-radius: 3px;' "
 'title=\'1.0\'>_||> "<||_html:</span>_||><||_html:<span '
 "style='background-color: rgba(0.0, 165.0, 0, 0.15); border-radius: 3px;' "
 "title='1.0'>_||>stock<||_html:</span>_||><||_html:<span "
 "style='background-color: rgba(0.0, 165.0, 0, 0.15); border-radius: 3px;' "
 'title=\'1.0\'>_||>",<||_html:</span>_||><||_html:<span '
 "style='background-color: rgba(0.0, 165.0, 0, 0.15); border-radius: 3px;' "
 "title='1.0'>_||>\n"
 "<||_html:</span>_||><||_html:<span style='background-color: rgba(0.0, 165.0, "
 "0, 0.15); border-radius: 3px;' title='1.0'>_||>     "
 "<||_html:</span>_||><||_html:<span style='background-color: rgba(0.0, 165.0, "
 "0, 0.15); border-radius: 3px;' title='1.0'>_||> "
 '"<||_html:</span>_||><||_html:<span style=\'background-color: rgba(0.0, '
 "165.0, 0, 0.15); border-radius: 3px;' "
 "title='1.0'>_||>change<||_html:</span>_||><||_html:<span "
 "style='background-color: rgba(0.0, 165.0, 0, 0.15); border-radius: 3px;' "
 'title=\'1.0\'>_||>":<||_html:</span>_||><||_html:<span '
 "style='background-color: rgba(0.0, 165.0, 0, 0.15); border-radius: 3px;' "
 'title=\'1.0\'>_||> "<||_html:</span>_||><||_html:<span '
 "style='background-color: rgba(0.0, 165.0, 0, 0.15); border-radius: 3px;' "
 "title='1.0'>_||>field<||_html:</span>_||><||_html:<span "
 "style='background-color: rgba(0.0, 165.0, 0, 0.15); border-radius: 3px;' "
 "title='1.0'>_||> removed<||_html:</span>_||><||_html:<span "
 "style='background-color: rgba(0.0, 165.0, 0, 0.15); border-radius: 3px;' "
 'title=\'1.0\'>_||>",<||_html:</span>_||><||_html:<span '
 "style='background-color: rgba(0.0, 165.0, 0, 0.15); border-radius: 3px;' "
 "title='1.0'>_||>\n"
 "<||_html:</span>_||><||_html:<span style='background-color: rgba(0.0, 165.0, "
 "0, 0.15); border-radius: 3px;' title='1.0'>_||>     "
 "<||_html:</span>_||><||_html:<span style='background-color: rgba(0.0, 165.0, "
 "0, 0.15); border-radius: 3px;' title='1.0'>_||>")
('Analyze the following two GraphQL schemas for changes, including both '
 'breaking and non-breaking changes.\n'
 '\n'
 '                        Provide your analysis in the following JSON format:\n'
 '                        {\n'
 '                          "changes": [\n'
 '                            {\n'
 '                              "type": "String representing the GraphQL type '
 '(e.g., Query, Mutation, Subscription)",\n'
 '                              "field": "String representing the specific '
 'field that changed",\n'
 '                              "change": "String describing the change (e.g., '
 'field renamed, new field added, field removed)",\n'
 '                              "breaking": "Boolean indicating if the change '
 'is breaking (true) or non-breaking (false)",\n'
 '                              "release_note": "String with a natural '
 'language description of the change for release notes"\n'
 '                            }\n'
 '                          ],\n'
 '                          "release_notes": {\n'
 '                              "summary": "String summarizing all changes, '
 'suitable for a mailing list or public announcement"\n'
 '                          }\n'
 '                        }\n'
 '\n'
 '                        When analyzing, consider the following types of '
 'changes:\n'
 '                        1. Removing fields or types (breaking)\n'
 '                        2. Changing field types (potentially breaking)\n'
 '                        3. Adding required fields (breaking)\n'
 '                        4. Changing the type of existing arguments '
 '(breaking)\n'
 '                        5. Adding optional fields (non-breaking)\n'
 '                        6. Adding new types (non-breaking)\n'
 '                        7. Deprecating fields (non-breaking)\n'
 '\n'
 '                        Ensure that each change is categorized correctly as '
 'breaking or non-breaking.: type Query {\n'
 '  getProduct(id: ID!): Product\n'
 '}\n'
 '\n'
 'type Product {\n'
 '  id: ID\n'
 '  name: String\n'
 '  description: String\n'
 '  price: Float\n'
 '  stock: Int\n'
 '}\n'
 ', type Query {\n'
 '  getProduct(id: ID!): Product\n'
 '}\n'
 '\n'
 'type Product {\n'
 '  id: ID\n'
 '  name: String\n'
 '  details: String\n'
 '  price: Float\n'
 '}\n'
 '\n'
 "Answer:<||_html:<span style='background-color: rgba(0.0, 165.0, 0, 0.15); "
 "border-radius: 3px;' title='1.0'>_||> {<||_html:</span>_||><||_html:<span "
 "style='background-color: rgba(0.0, 165.0, 0, 0.15); border-radius: 3px;' "
 "title='1.0'>_||>\n"
 "<||_html:</span>_||><||_html:<span style='background-color: rgba(0.0, 165.0, "
 "0, 0.15); border-radius: 3px;' title='1.0'>_||> "
 "<||_html:</span>_||><||_html:<span style='background-color: rgba(0.0, 165.0, "
 "0, 0.15); border-radius: 3px;' title='1.0'>_||> "
 '"<||_html:</span>_||><||_html:<span style=\'background-color: rgba(0.0, '
 "165.0, 0, 0.15); border-radius: 3px;' "
 "title='1.0'>_||>changes<||_html:</span>_||><||_html:<span "
 "style='background-color: rgba(0.0, 165.0, 0, 0.15); border-radius: 3px;' "
 'title=\'1.0\'>_||>":<||_html:</span>_||><||_html:<span '
 "style='background-color: rgba(0.0, 165.0, 0, 0.15); border-radius: 3px;' "
 "title='1.0'>_||> [<||_html:</span>_||><||_html:<span "
 "style='background-color: rgba(0.0, 165.0, 0, 0.15); border-radius: 3px;' "
 "title='1.0'>_||>\n"
 "<||_html:</span>_||><||_html:<span style='background-color: rgba(0.0, 165.0, "
 "0, 0.15); border-radius: 3px;' title='1.0'>_||>   "
 "<||_html:</span>_||><||_html:<span style='background-color: rgba(0.0, 165.0, "
 "0, 0.15); border-radius: 3px;' title='1.0'>_||> "
 "{<||_html:</span>_||><||_html:<span style='background-color: rgba(0.0, "
 "165.0, 0, 0.15); border-radius: 3px;' title='1.0'>_||>\n"
 "<||_html:</span>_||><||_html:<span style='background-color: rgba(0.0, 165.0, "
 "0, 0.15); border-radius: 3px;' title='1.0'>_||>     "
 "<||_html:</span>_||><||_html:<span style='background-color: rgba(0.0, 165.0, "
 "0, 0.15); border-radius: 3px;' title='1.0'>_||> "
 '"<||_html:</span>_||><||_html:<span style=\'background-color: rgba(0.0, '
 "165.0, 0, 0.15); border-radius: 3px;' "
 "title='1.0'>_||>type<||_html:</span>_||><||_html:<span "
 "style='background-color: rgba(0.0, 165.0, 0, 0.15); border-radius: 3px;' "
 'title=\'1.0\'>_||>":<||_html:</span>_||><||_html:<span '
 "style='background-color: rgba(0.0, 165.0, 0, 0.15); border-radius: 3px;' "
 'title=\'1.0\'>_||> "<||_html:</span>_||><||_html:<span '
 "style='background-color: rgba(0.0, 165.0, 0, 0.15); border-radius: 3px;' "
 "title='1.0'>_||>Query<||_html:</span>_||><||_html:<span "
 "style='background-color: rgba(0.0, 165.0, 0, 0.15); border-radius: 3px;' "
 'title=\'1.0\'>_||>",<||_html:</span>_||><||_html:<span '
 "style='background-color: rgba(0.0, 165.0, 0, 0.15); border-radius: 3px;' "
 "title='1.0'>_||>\n"
 "<||_html:</span>_||><||_html:<span style='background-color: rgba(0.0, 165.0, "
 "0, 0.15); border-radius: 3px;' title='1.0'>_||>     "
 "<||_html:</span>_||><||_html:<span style='background-color: rgba(0.0, 165.0, "
 "0, 0.15); border-radius: 3px;' title='1.0'>_||> "
 '"<||_html:</span>_||><||_html:<span style=\'background-color: rgba(0.0, '
 "165.0, 0, 0.15); border-radius: 3px;' "
 "title='1.0'>_||>field<||_html:</span>_||><||_html:<span "
 "style='background-color: rgba(0.0, 165.0, 0, 0.15); border-radius: 3px;' "
 'title=\'1.0\'>_||>":<||_html:</span>_||><||_html:<span '
 "style='background-color: rgba(0.0, 165.0, 0, 0.15); border-radius: 3px;' "
 'title=\'1.0\'>_||> "<||_html:</span>_||><||_html:<span '
 "style='background-color: rgba(0.0, 165.0, 0, 0.15); border-radius: 3px;' "
 "title='1.0'>_||>get<||_html:</span>_||><||_html:<span "
 "style='background-color: rgba(0.0, 165.0, 0, 0.15); border-radius: 3px;' "
 "title='1.0'>_||>Product<||_html:</span>_||><||_html:<span "
 "style='background-color: rgba(0.0, 165.0, 0, 0.15); border-radius: 3px;' "
 'title=\'1.0\'>_||>",<||_html:</span>_||><||_html:<span '
 "style='background-color: rgba(0.0, 165.0, 0, 0.15); border-radius: 3px;' "
 "title='1.0'>_||>\n"
 "<||_html:</span>_||><||_html:<span style='background-color: rgba(0.0, 165.0, "
 "0, 0.15); border-radius: 3px;' title='1.0'>_||>     "
 "<||_html:</span>_||><||_html:<span style='background-color: rgba(0.0, 165.0, "
 "0, 0.15); border-radius: 3px;' title='1.0'>_||> "
 '"<||_html:</span>_||><||_html:<span style=\'background-color: rgba(0.0, '
 "165.0, 0, 0.15); border-radius: 3px;' "
 "title='1.0'>_||>change<||_html:</span>_||><||_html:<span "
 "style='background-color: rgba(0.0, 165.0, 0, 0.15); border-radius: 3px;' "
 'title=\'1.0\'>_||>":<||_html:</span>_||><||_html:<span '
 "style='background-color: rgba(0.0, 165.0, 0, 0.15); border-radius: 3px;' "
 'title=\'1.0\'>_||> "<||_html:</span>_||><||_html:<span '
 "style='background-color: rgba(0.0, 165.0, 0, 0.15); border-radius: 3px;' "
 "title='1.0'>_||>field<||_html:</span>_||><||_html:<span "
 "style='background-color: rgba(0.0, 165.0, 0, 0.15); border-radius: 3px;' "
 "title='1.0'>_||> details<||_html:</span>_||><||_html:<span "
 "style='background-color: rgba(0.0, 165.0, 0, 0.15); border-radius: 3px;' "
 "title='1.0'>_||> added<||_html:</span>_||><||_html:<span "
 "style='background-color: rgba(0.0, 165.0, 0, 0.15); border-radius: 3px;' "
 'title=\'1.0\'>_||>",<||_html:</span>_||><||_html:<span '
 "style='background-color: rgba(0.0, 165.0, 0, 0.15); border-radius: 3px;' "
 "title='1.0'>_||>\n"
 "<||_html:</span>_||><||_html:<span style='background-color: rgba(0.0, 165.0, "
 "0, 0.15); border-radius: 3px;' title='1.0'>_||>     "
 "<||_html:</span>_||><||_html:<span style='background-color: rgba(0.0, 165.0, "
 "0, 0.15); border-radius: 3px;' title='1.0'>_||> "
 '"<||_html:</span>_||><||_html:<span style=\'background-color: rgba(0.0, '
 "165.0, 0, 0.15); border-radius: 3px;' "
 "title='1.0'>_||>breaking<||_html:</span>_||><||_html:<span "
 "style='background-color: rgba(0.0, 165.0, 0, 0.15); border-radius: 3px;' "
 'title=\'1.0\'>_||>":<||_html:</span>_||><||_html:<span '
 "style='background-color: rgba(0.0, 165.0, 0, 0.15); border-radius: 3px;' "
 'title=\'1.0\'>_||> "<||_html:</span>_||><||_html:<span '
 "style='background-color: rgba(0.0, 165.0, 0, 0.15); border-radius: 3px;' "
 "title='1.0'>_||>false<||_html:</span>_||><||_html:<span "
 "style='background-color: rgba(0.0, 165.0, 0, 0.15); border-radius: 3px;' "
 'title=\'1.0\'>_||>",<||_html:</span>_||><||_html:<span '
 "style='background-color: rgba(0.0, 165.0, 0, 0.15); border-radius: 3px;' "
 "title='1.0'>_||>\n"
 "<||_html:</span>_||><||_html:<span style='background-color: rgba(0.0, 165.0, "
 "0, 0.15); border-radius: 3px;' title='1.0'>_||>     "
 "<||_html:</span>_||><||_html:<span style='background-color: rgba(0.0, 165.0, "
 "0, 0.15); border-radius: 3px;' title='1.0'>_||> "
 '"<||_html:</span>_||><||_html:<span style=\'background-color: rgba(0.0, '
 "165.0, 0, 0.15); border-radius: 3px;' "
 "title='1.0'>_||>release<||_html:</span>_||><||_html:<span "
 "style='background-color: rgba(0.0, 165.0, 0, 0.15); border-radius: 3px;' "
 "title='1.0'>_||>_<||_html:</span>_||><||_html:<span style='background-color: "
 "rgba(0.0, 165.0, 0, 0.15); border-radius: 3px;' "
 "title='1.0'>_||>note<||_html:</span>_||><||_html:<span "
 "style='background-color: rgba(0.0, 165.0, 0, 0.15); border-radius: 3px;' "
 'title=\'1.0\'>_||>":<||_html:</span>_||><||_html:<span '
 "style='background-color: rgba(0.0, 165.0, 0, 0.15); border-radius: 3px;' "
 'title=\'1.0\'>_||> "<||_html:</span>_||><||_html:<span '
 "style='background-color: rgba(0.0, 165.0, 0, 0.15); border-radius: 3px;' "
 "title='1.0'>_||>The<||_html:</span>_||><||_html:<span "
 "style='background-color: rgba(0.0, 165.0, 0, 0.15); border-radius: 3px;' "
 "title='1.0'>_||> '<||_html:</span>_||><||_html:<span "
 "style='background-color: rgba(0.0, 165.0, 0, 0.15); border-radius: 3px;' "
 "title='1.0'>_||>get<||_html:</span>_||><||_html:<span "
 "style='background-color: rgba(0.0, 165.0, 0, 0.15); border-radius: 3px;' "
 "title='1.0'>_||>Product<||_html:</span>_||><||_html:<span "
 "style='background-color: rgba(0.0, 165.0, 0, 0.15); border-radius: 3px;' "
 "title='1.0'>_||>'<||_html:</span>_||><||_html:<span style='background-color: "
 "rgba(0.0, 165.0, 0, 0.15); border-radius: 3px;' title='1.0'>_||> "
 "query<||_html:</span>_||><||_html:<span style='background-color: rgba(0.0, "
 "165.0, 0, 0.15); border-radius: 3px;' title='1.0'>_||> "
 "now<||_html:</span>_||><||_html:<span style='background-color: rgba(0.0, "
 "165.0, 0, 0.15); border-radius: 3px;' title='1.0'>_||> "
 "includes<||_html:</span>_||><||_html:<span style='background-color: "
 "rgba(0.0, 165.0, 0, 0.15); border-radius: 3px;' title='1.0'>_||> "
 "a<||_html:</span>_||><||_html:<span style='background-color: rgba(0.0, "
 "165.0, 0, 0.15); border-radius: 3px;' title='1.0'>_||> "
 "new<||_html:</span>_||><||_html:<span style='background-color: rgba(0.0, "
 "165.0, 0, 0.15); border-radius: 3px;' title='1.0'>_||> "
 "field<||_html:</span>_||><||_html:<span style='background-color: rgba(0.0, "
 "165.0, 0, 0.15); border-radius: 3px;' title='1.0'>_||> "
 "'<||_html:</span>_||><||_html:<span style='background-color: rgba(0.0, "
 "165.0, 0, 0.15); border-radius: 3px;' "
 "title='1.0'>_||>details<||_html:</span>_||><||_html:<span "
 "style='background-color: rgba(0.0, 165.0, 0, 0.15); border-radius: 3px;' "
 "title='1.0'>_||>'<||_html:</span>_||><||_html:<span style='background-color: "
 "rgba(0.0, 165.0, 0, 0.15); border-radius: 3px;' title='1.0'>_||> "
 "of<||_html:</span>_||><||_html:<span style='background-color: rgba(0.0, "
 "165.0, 0, 0.15); border-radius: 3px;' title='1.0'>_||> "
 "type<||_html:</span>_||><||_html:<span style='background-color: rgba(0.0, "
 "165.0, 0, 0.15); border-radius: 3px;' title='1.0'>_||> "
 "String<||_html:</span>_||><||_html:<span style='background-color: rgba(0.0, "
 "165.0, 0, 0.15); border-radius: 3px;' "
 'title=\'1.0\'>_||>."<||_html:</span>_||><||_html:<span '
 "style='background-color: rgba(0.0, 165.0, 0, 0.15); border-radius: 3px;' "
 "title='1.0'>_||>\n"
 "<||_html:</span>_||><||_html:<span style='background-color: rgba(0.0, 165.0, "
 "0, 0.15); border-radius: 3px;' title='1.0'>_||>   "
 "<||_html:</span>_||><||_html:<span style='background-color: rgba(0.0, 165.0, "
 "0, 0.15); border-radius: 3px;' title='1.0'>_||> "
 "},<||_html:</span>_||><||_html:<span style='background-color: rgba(0.0, "
 "165.0, 0, 0.15); border-radius: 3px;' title='1.0'>_||>\n"
 "<||_html:</span>_||><||_html:<span style='background-color: rgba(0.0, 165.0, "
 "0, 0.15); border-radius: 3px;' title='1.0'>_||>   "
 "<||_html:</span>_||><||_html:<span style='background-color: rgba(0.0, 165.0, "
 "0, 0.15); border-radius: 3px;' title='1.0'>_||> "
 "{<||_html:</span>_||><||_html:<span style='background-color: rgba(0.0, "
 "165.0, 0, 0.15); border-radius: 3px;' title='1.0'>_||>\n"
 "<||_html:</span>_||><||_html:<span style='background-color: rgba(0.0, 165.0, "
 "0, 0.15); border-radius: 3px;' title='1.0'>_||>     "
 "<||_html:</span>_||><||_html:<span style='background-color: rgba(0.0, 165.0, "
 "0, 0.15); border-radius: 3px;' title='1.0'>_||> "
 '"<||_html:</span>_||><||_html:<span style=\'background-color: rgba(0.0, '
 "165.0, 0, 0.15); border-radius: 3px;' "
 "title='1.0'>_||>type<||_html:</span>_||><||_html:<span "
 "style='background-color: rgba(0.0, 165.0, 0, 0.15); border-radius: 3px;' "
 'title=\'1.0\'>_||>":<||_html:</span>_||><||_html:<span '
 "style='background-color: rgba(0.0, 165.0, 0, 0.15); border-radius: 3px;' "
 'title=\'1.0\'>_||> "<||_html:</span>_||><||_html:<span '
 "style='background-color: rgba(0.0, 165.0, 0, 0.15); border-radius: 3px;' "
 "title='1.0'>_||>Product<||_html:</span>_||><||_html:<span "
 "style='background-color: rgba(0.0, 165.0, 0, 0.15); border-radius: 3px;' "
 'title=\'1.0\'>_||>",<||_html:</span>_||><||_html:<span '
 "style='background-color: rgba(0.0, 165.0, 0, 0.15); border-radius: 3px;' "
 "title='1.0'>_||>\n"
 "<||_html:</span>_||><||_html:<span style='background-color: rgba(0.0, 165.0, "
 "0, 0.15); border-radius: 3px;' title='1.0'>_||>     "
 "<||_html:</span>_||><||_html:<span style='background-color: rgba(0.0, 165.0, "
 "0, 0.15); border-radius: 3px;' title='1.0'>_||> "
 '"<||_html:</span>_||><||_html:<span style=\'background-color: rgba(0.0, '
 "165.0, 0, 0.15); border-radius: 3px;' "
 "title='1.0'>_||>field<||_html:</span>_||><||_html:<span "
 "style='background-color: rgba(0.0, 165.0, 0, 0.15); border-radius: 3px;' "
 'title=\'1.0\'>_||>":<||_html:</span>_||><||_html:<span '
 "style='background-color: rgba(0.0, 165.0, 0, 0.15); border-radius: 3px;' "
 'title=\'1.0\'>_||> "<||_html:</span>_||><||_html:<span '
 "style='background-color: rgba(0.0, 165.0, 0, 0.15); border-radius: 3px;' "
 "title='1.0'>_||>description<||_html:</span>_||><||_html:<span "
 "style='background-color: rgba(0.0, 165.0, 0, 0.15); border-radius: 3px;' "
 'title=\'1.0\'>_||>",<||_html:</span>_||><||_html:<span '
 "style='background-color: rgba(0.0, 165.0, 0, 0.15); border-radius: 3px;' "
 "title='1.0'>_||>\n"
 "<||_html:</span>_||><||_html:<span style='background-color: rgba(0.0, 165.0, "
 "0, 0.15); border-radius: 3px;' title='1.0'>_||>     "
 "<||_html:</span>_||><||_html:<span style='background-color: rgba(0.0, 165.0, "
 "0, 0.15); border-radius: 3px;' title='1.0'>_||> "
 '"<||_html:</span>_||><||_html:<span style=\'background-color: rgba(0.0, '
 "165.0, 0, 0.15); border-radius: 3px;' "
 "title='1.0'>_||>change<||_html:</span>_||><||_html:<span "
 "style='background-color: rgba(0.0, 165.0, 0, 0.15); border-radius: 3px;' "
 'title=\'1.0\'>_||>":<||_html:</span>_||><||_html:<span '
 "style='background-color: rgba(0.0, 165.0, 0, 0.15); border-radius: 3px;' "
 'title=\'1.0\'>_||> "<||_html:</span>_||><||_html:<span '
 "style='background-color: rgba(0.0, 165.0, 0, 0.15); border-radius: 3px;' "
 "title='1.0'>_||>field<||_html:</span>_||><||_html:<span "
 "style='background-color: rgba(0.0, 165.0, 0, 0.15); border-radius: 3px;' "
 "title='1.0'>_||> removed<||_html:</span>_||><||_html:<span "
 "style='background-color: rgba(0.0, 165.0, 0, 0.15); border-radius: 3px;' "
 'title=\'1.0\'>_||>",<||_html:</span>_||><||_html:<span '
 "style='background-color: rgba(0.0, 165.0, 0, 0.15); border-radius: 3px;' "
 "title='1.0'>_||>\n"
 "<||_html:</span>_||><||_html:<span style='background-color: rgba(0.0, 165.0, "
 "0, 0.15); border-radius: 3px;' title='1.0'>_||>     "
 "<||_html:</span>_||><||_html:<span style='background-color: rgba(0.0, 165.0, "
 "0, 0.15); border-radius: 3px;' title='1.0'>_||> "
 '"<||_html:</span>_||><||_html:<span style=\'background-color: rgba(0.0, '
 "165.0, 0, 0.15); border-radius: 3px;' "
 "title='1.0'>_||>breaking<||_html:</span>_||><||_html:<span "
 "style='background-color: rgba(0.0, 165.0, 0, 0.15); border-radius: 3px;' "
 'title=\'1.0\'>_||>":<||_html:</span>_||><||_html:<span '
 "style='background-color: rgba(0.0, 165.0, 0, 0.15); border-radius: 3px;' "
 'title=\'1.0\'>_||> "<||_html:</span>_||><||_html:<span '
 "style='background-color: rgba(0.0, 165.0, 0, 0.15); border-radius: 3px;' "
 "title='1.0'>_||>true<||_html:</span>_||><||_html:<span "
 "style='background-color: rgba(0.0, 165.0, 0, 0.15); border-radius: 3px;' "
 'title=\'1.0\'>_||>",<||_html:</span>_||><||_html:<span '
 "style='background-color: rgba(0.0, 165.0, 0, 0.15); border-radius: 3px;' "
 "title='1.0'>_||>\n"
 "<||_html:</span>_||><||_html:<span style='background-color: rgba(0.0, 165.0, "
 "0, 0.15); border-radius: 3px;' title='1.0'>_||>     "
 "<||_html:</span>_||><||_html:<span style='background-color: rgba(0.0, 165.0, "
 "0, 0.15); border-radius: 3px;' title='1.0'>_||> "
 '"<||_html:</span>_||><||_html:<span style=\'background-color: rgba(0.0, '
 "165.0, 0, 0.15); border-radius: 3px;' "
 "title='1.0'>_||>release<||_html:</span>_||><||_html:<span "
 "style='background-color: rgba(0.0, 165.0, 0, 0.15); border-radius: 3px;' "
 "title='1.0'>_||>_<||_html:</span>_||><||_html:<span style='background-color: "
 "rgba(0.0, 165.0, 0, 0.15); border-radius: 3px;' "
 "title='1.0'>_||>note<||_html:</span>_||><||_html:<span "
 "style='background-color: rgba(0.0, 165.0, 0, 0.15); border-radius: 3px;' "
 'title=\'1.0\'>_||>":<||_html:</span>_||><||_html:<span '
 "style='background-color: rgba(0.0, 165.0, 0, 0.15); border-radius: 3px;' "
 'title=\'1.0\'>_||> "<||_html:</span>_||><||_html:<span '
 "style='background-color: rgba(0.0, 165.0, 0, 0.15); border-radius: 3px;' "
 "title='1.0'>_||>The<||_html:</span>_||><||_html:<span "
 "style='background-color: rgba(0.0, 165.0, 0, 0.15); border-radius: 3px;' "
 "title='1.0'>_||> '<||_html:</span>_||><||_html:<span "
 "style='background-color: rgba(0.0, 165.0, 0, 0.15); border-radius: 3px;' "
 "title='1.0'>_||>Product<||_html:</span>_||><||_html:<span "
 "style='background-color: rgba(0.0, 165.0, 0, 0.15); border-radius: 3px;' "
 "title='1.0'>_||>'<||_html:</span>_||><||_html:<span style='background-color: "
 "rgba(0.0, 165.0, 0, 0.15); border-radius: 3px;' title='1.0'>_||> "
 "type<||_html:</span>_||><||_html:<span style='background-color: rgba(0.0, "
 "165.0, 0, 0.15); border-radius: 3px;' title='1.0'>_||> "
 "no<||_html:</span>_||><||_html:<span style='background-color: rgba(0.0, "
 "165.0, 0, 0.15); border-radius: 3px;' title='1.0'>_||> "
 "longer<||_html:</span>_||><||_html:<span style='background-color: rgba(0.0, "
 "165.0, 0, 0.15); border-radius: 3px;' title='1.0'>_||> "
 "includes<||_html:</span>_||><||_html:<span style='background-color: "
 "rgba(0.0, 165.0, 0, 0.15); border-radius: 3px;' title='1.0'>_||> "
 "the<||_html:</span>_||><||_html:<span style='background-color: rgba(0.0, "
 "165.0, 0, 0.15); border-radius: 3px;' title='1.0'>_||> "
 "'<||_html:</span>_||><||_html:<span style='background-color: rgba(0.0, "
 "165.0, 0, 0.15); border-radius: 3px;' "
 "title='1.0'>_||>description<||_html:</span>_||><||_html:<span "
 "style='background-color: rgba(0.0, 165.0, 0, 0.15); border-radius: 3px;' "
 "title='1.0'>_||>'<||_html:</span>_||><||_html:<span style='background-color: "
 "rgba(0.0, 165.0, 0, 0.15); border-radius: 3px;' title='1.0'>_||> "
 "field<||_html:</span>_||><||_html:<span style='background-color: rgba(0.0, "
 "165.0, 0, 0.15); border-radius: 3px;' "
 'title=\'1.0\'>_||>."<||_html:</span>_||><||_html:<span '
 "style='background-color: rgba(0.0, 165.0, 0, 0.15); border-radius: 3px;' "
 "title='1.0'>_||>\n"
 "<||_html:</span>_||><||_html:<span style='background-color: rgba(0.0, 165.0, "
 "0, 0.15); border-radius: 3px;' title='1.0'>_||>   "
 "<||_html:</span>_||><||_html:<span style='background-color: rgba(0.0, 165.0, "
 "0, 0.15); border-radius: 3px;' title='1.0'>_||> "
 "},<||_html:</span>_||><||_html:<span style='background-color: rgba(0.0, "
 "165.0, 0, 0.15); border-radius: 3px;' title='1.0'>_||>\n"
 "<||_html:</span>_||><||_html:<span style='background-color: rgba(0.0, 165.0, "
 "0, 0.15); border-radius: 3px;' title='1.0'>_||>   "
 "<||_html:</span>_||><||_html:<span style='background-color: rgba(0.0, 165.0, "
 "0, 0.15); border-radius: 3px;' title='1.0'>_||> "
 "{<||_html:</span>_||><||_html:<span style='background-color: rgba(0.0, "
 "165.0, 0, 0.15); border-radius: 3px;' title='1.0'>_||>\n"
 "<||_html:</span>_||><||_html:<span style='background-color: rgba(0.0, 165.0, "
 "0, 0.15); border-radius: 3px;' title='1.0'>_||>     "
 "<||_html:</span>_||><||_html:<span style='background-color: rgba(0.0, 165.0, "
 "0, 0.15); border-radius: 3px;' title='1.0'>_||> "
 '"<||_html:</span>_||><||_html:<span style=\'background-color: rgba(0.0, '
 "165.0, 0, 0.15); border-radius: 3px;' "
 "title='1.0'>_||>type<||_html:</span>_||><||_html:<span "
 "style='background-color: rgba(0.0, 165.0, 0, 0.15); border-radius: 3px;' "
 'title=\'1.0\'>_||>":<||_html:</span>_||><||_html:<span '
 "style='background-color: rgba(0.0, 165.0, 0, 0.15); border-radius: 3px;' "
 'title=\'1.0\'>_||> "<||_html:</span>_||><||_html:<span '
 "style='background-color: rgba(0.0, 165.0, 0, 0.15); border-radius: 3px;' "
 "title='1.0'>_||>Product<||_html:</span>_||><||_html:<span "
 "style='background-color: rgba(0.0, 165.0, 0, 0.15); border-radius: 3px;' "
 'title=\'1.0\'>_||>",<||_html:</span>_||><||_html:<span '
 "style='background-color: rgba(0.0, 165.0, 0, 0.15); border-radius: 3px;' "
 "title='1.0'>_||>\n"
 "<||_html:</span>_||><||_html:<span style='background-color: rgba(0.0, 165.0, "
 "0, 0.15); border-radius: 3px;' title='1.0'>_||>     "
 "<||_html:</span>_||><||_html:<span style='background-color: rgba(0.0, 165.0, "
 "0, 0.15); border-radius: 3px;' title='1.0'>_||> "
 '"<||_html:</span>_||><||_html:<span style=\'background-color: rgba(0.0, '
 "165.0, 0, 0.15); border-radius: 3px;' "
 "title='1.0'>_||>field<||_html:</span>_||><||_html:<span "
 "style='background-color: rgba(0.0, 165.0, 0, 0.15); border-radius: 3px;' "
 'title=\'1.0\'>_||>":<||_html:</span>_||><||_html:<span '
 "style='background-color: rgba(0.0, 165.0, 0, 0.15); border-radius: 3px;' "
 'title=\'1.0\'>_||> "<||_html:</span>_||><||_html:<span '
 "style='background-color: rgba(0.0, 165.0, 0, 0.15); border-radius: 3px;' "
 "title='1.0'>_||>stock<||_html:</span>_||><||_html:<span "
 "style='background-color: rgba(0.0, 165.0, 0, 0.15); border-radius: 3px;' "
 'title=\'1.0\'>_||>",<||_html:</span>_||><||_html:<span '
 "style='background-color: rgba(0.0, 165.0, 0, 0.15); border-radius: 3px;' "
 "title='1.0'>_||>\n"
 "<||_html:</span>_||><||_html:<span style='background-color: rgba(0.0, 165.0, "
 "0, 0.15); border-radius: 3px;' title='1.0'>_||>     "
 "<||_html:</span>_||><||_html:<span style='background-color: rgba(0.0, 165.0, "
 "0, 0.15); border-radius: 3px;' title='1.0'>_||> "
 '"<||_html:</span>_||><||_html:<span style=\'background-color: rgba(0.0, '
 "165.0, 0, 0.15); border-radius: 3px;' "
 "title='1.0'>_||>change<||_html:</span>_||><||_html:<span "
 "style='background-color: rgba(0.0, 165.0, 0, 0.15); border-radius: 3px;' "
 'title=\'1.0\'>_||>":<||_html:</span>_||><||_html:<span '
 "style='background-color: rgba(0.0, 165.0, 0, 0.15); border-radius: 3px;' "
 'title=\'1.0\'>_||> "<||_html:</span>_||><||_html:<span '
 "style='background-color: rgba(0.0, 165.0, 0, 0.15); border-radius: 3px;' "
 "title='1.0'>_||>field<||_html:</span>_||><||_html:<span "
 "style='background-color: rgba(0.0, 165.0, 0, 0.15); border-radius: 3px;' "
 "title='1.0'>_||> removed<||_html:</span>_||><||_html:<span "
 "style='background-color: rgba(0.0, 165.0, 0, 0.15); border-radius: 3px;' "
 'title=\'1.0\'>_||>",<||_html:</span>_||><||_html:<span '
 "style='background-color: rgba(0.0, 165.0, 0, 0.15); border-radius: 3px;' "
 "title='1.0'>_||>\n"
 "<||_html:</span>_||><||_html:<span style='background-color: rgba(0.0, 165.0, "
 "0, 0.15); border-radius: 3px;' title='1.0'>_||>     "
 "<||_html:</span>_||><||_html:<span style='background-color: rgba(0.0, 165.0, "
 "0, 0.15); border-radius: 3px;' title='1.0'>_||> "
 '"<||_html:</span>_||><||_html:<span style=\'background-color: rgba(0.0, '
 "165.0, 0, 0.15); border-radius: 3px;' "
 "title='1.0'>_||>breaking<||_html:</span>_||><||_html:<span "
 "style='background-color: rgba(0.0, 165.0, 0, 0.15); border-radius: 3px;' "
 'title=\'1.0\'>_||>":<||_html:</span>_||><||_html:<span '
 "style='background-color: rgba(0.0, 165.0, 0, 0.15); border-radius: 3px;' "
 "title='1.0'>_||>")
('Analyze the following two GraphQL schemas for changes, including both '
 'breaking and non-breaking changes.\n'
 '\n'
 '                        Provide your analysis in the following JSON format:\n'
 '                        {\n'
 '                          "changes": [\n'
 '                            {\n'
 '                              "type": "String representing the GraphQL type '
 '(e.g., Query, Mutation, Subscription)",\n'
 '                              "field": "String representing the specific '
 'field that changed",\n'
 '                              "change": "String describing the change (e.g., '
 'field renamed, new field added, field removed)",\n'
 '                              "breaking": "Boolean indicating if the change '
 'is breaking (true) or non-breaking (false)",\n'
 '                              "release_note": "String with a natural '
 'language description of the change for release notes"\n'
 '                            }\n'
 '                          ],\n'
 '                          "release_notes": {\n'
 '                              "summary": "String summarizing all changes, '
 'suitable for a mailing list or public announcement"\n'
 '                          }\n'
 '                        }\n'
 '\n'
 '                        When analyzing, consider the following types of '
 'changes:\n'
 '                        1. Removing fields or types (breaking)\n'
 '                        2. Changing field types (potentially breaking)\n'
 '                        3. Adding required fields (breaking)\n'
 '                        4. Changing the type of existing arguments '
 '(breaking)\n'
 '                        5. Adding optional fields (non-breaking)\n'
 '                        6. Adding new types (non-breaking)\n'
 '                        7. Deprecating fields (non-breaking)\n'
 '\n'
 '                        Ensure that each change is categorized correctly as '
 'breaking or non-breaking.: type Query {\n'
 '  getProduct(id: ID!): Product\n'
 '}\n'
 '\n'
 'type Product {\n'
 '  id: ID\n'
 '  name: String\n'
 '  description: String\n'
 '  price: Float\n'
 '  stock: Int\n'
 '}\n'
 ', type Query {\n'
 '  getProduct(id: ID!): Product\n'
 '}\n'
 '\n'
 'type Product {\n'
 '  id: ID\n'
 '  name: String\n'
 '  details: String\n'
 '  price: Float\n'
 '}\n'
 '\n'
 "Answer:<||_html:<span style='background-color: rgba(0.0, 165.0, 0, 0.15); "
 "border-radius: 3px;' title='1.0'>_||> {<||_html:</span>_||><||_html:<span "
 "style='background-color: rgba(0.0, 165.0, 0, 0.15); border-radius: 3px;' "
 "title='1.0'>_||>\n"
 "<||_html:</span>_||><||_html:<span style='background-color: rgba(0.0, 165.0, "
 "0, 0.15); border-radius: 3px;' title='1.0'>_||> "
 "<||_html:</span>_||><||_html:<span style='background-color: rgba(0.0, 165.0, "
 "0, 0.15); border-radius: 3px;' title='1.0'>_||> "
 '"<||_html:</span>_||><||_html:<span style=\'background-color: rgba(0.0, '
 "165.0, 0, 0.15); border-radius: 3px;' "
 "title='1.0'>_||>changes<||_html:</span>_||><||_html:<span "
 "style='background-color: rgba(0.0, 165.0, 0, 0.15); border-radius: 3px;' "
 'title=\'1.0\'>_||>":<||_html:</span>_||><||_html:<span '
 "style='background-color: rgba(0.0, 165.0, 0, 0.15); border-radius: 3px;' "
 "title='1.0'>_||> [<||_html:</span>_||><||_html:<span "
 "style='background-color: rgba(0.0, 165.0, 0, 0.15); border-radius: 3px;' "
 "title='1.0'>_||>\n"
 "<||_html:</span>_||><||_html:<span style='background-color: rgba(0.0, 165.0, "
 "0, 0.15); border-radius: 3px;' title='1.0'>_||>   "
 "<||_html:</span>_||><||_html:<span style='background-color: rgba(0.0, 165.0, "
 "0, 0.15); border-radius: 3px;' title='1.0'>_||> "
 "{<||_html:</span>_||><||_html:<span style='background-color: rgba(0.0, "
 "165.0, 0, 0.15); border-radius: 3px;' title='1.0'>_||>\n"
 "<||_html:</span>_||><||_html:<span style='background-color: rgba(0.0, 165.0, "
 "0, 0.15); border-radius: 3px;' title='1.0'>_||>     "
 "<||_html:</span>_||><||_html:<span style='background-color: rgba(0.0, 165.0, "
 "0, 0.15); border-radius: 3px;' title='1.0'>_||> "
 '"<||_html:</span>_||><||_html:<span style=\'background-color: rgba(0.0, '
 "165.0, 0, 0.15); border-radius: 3px;' "
 "title='1.0'>_||>type<||_html:</span>_||><||_html:<span "
 "style='background-color: rgba(0.0, 165.0, 0, 0.15); border-radius: 3px;' "
 'title=\'1.0\'>_||>":<||_html:</span>_||><||_html:<span '
 "style='background-color: rgba(0.0, 165.0, 0, 0.15); border-radius: 3px;' "
 'title=\'1.0\'>_||> "<||_html:</span>_||><||_html:<span '
 "style='background-color: rgba(0.0, 165.0, 0, 0.15); border-radius: 3px;' "
 "title='1.0'>_||>Query<||_html:</span>_||><||_html:<span "
 "style='background-color: rgba(0.0, 165.0, 0, 0.15); border-radius: 3px;' "
 'title=\'1.0\'>_||>",<||_html:</span>_||><||_html:<span '
 "style='background-color: rgba(0.0, 165.0, 0, 0.15); border-radius: 3px;' "
 "title='1.0'>_||>\n"
 "<||_html:</span>_||><||_html:<span style='background-color: rgba(0.0, 165.0, "
 "0, 0.15); border-radius: 3px;' title='1.0'>_||>     "
 "<||_html:</span>_||><||_html:<span style='background-color: rgba(0.0, 165.0, "
 "0, 0.15); border-radius: 3px;' title='1.0'>_||> "
 '"<||_html:</span>_||><||_html:<span style=\'background-color: rgba(0.0, '
 "165.0, 0, 0.15); border-radius: 3px;' "
 "title='1.0'>_||>field<||_html:</span>_||><||_html:<span "
 "style='background-color: rgba(0.0, 165.0, 0, 0.15); border-radius: 3px;' "
 'title=\'1.0\'>_||>":<||_html:</span>_||><||_html:<span '
 "style='background-color: rgba(0.0, 165.0, 0, 0.15); border-radius: 3px;' "
 'title=\'1.0\'>_||> "<||_html:</span>_||><||_html:<span '
 "style='background-color: rgba(0.0, 165.0, 0, 0.15); border-radius: 3px;' "
 "title='1.0'>_||>get<||_html:</span>_||><||_html:<span "
 "style='background-color: rgba(0.0, 165.0, 0, 0.15); border-radius: 3px;' "
 "title='1.0'>_||>Product<||_html:</span>_||><||_html:<span "
 "style='background-color: rgba(0.0, 165.0, 0, 0.15); border-radius: 3px;' "
 'title=\'1.0\'>_||>",<||_html:</span>_||><||_html:<span '
 "style='background-color: rgba(0.0, 165.0, 0, 0.15); border-radius: 3px;' "
 "title='1.0'>_||>\n"
 "<||_html:</span>_||><||_html:<span style='background-color: rgba(0.0, 165.0, "
 "0, 0.15); border-radius: 3px;' title='1.0'>_||>     "
 "<||_html:</span>_||><||_html:<span style='background-color: rgba(0.0, 165.0, "
 "0, 0.15); border-radius: 3px;' title='1.0'>_||> "
 '"<||_html:</span>_||><||_html:<span style=\'background-color: rgba(0.0, '
 "165.0, 0, 0.15); border-radius: 3px;' "
 "title='1.0'>_||>change<||_html:</span>_||><||_html:<span "
 "style='background-color: rgba(0.0, 165.0, 0, 0.15); border-radius: 3px;' "
 'title=\'1.0\'>_||>":<||_html:</span>_||><||_html:<span '
 "style='background-color: rgba(0.0, 165.0, 0, 0.15); border-radius: 3px;' "
 'title=\'1.0\'>_||> "<||_html:</span>_||><||_html:<span '
 "style='background-color: rgba(0.0, 165.0, 0, 0.15); border-radius: 3px;' "
 "title='1.0'>_||>field<||_html:</span>_||><||_html:<span "
 "style='background-color: rgba(0.0, 165.0, 0, 0.15); border-radius: 3px;' "
 "title='1.0'>_||> details<||_html:</span>_||><||_html:<span "
 "style='background-color: rgba(0.0, 165.0, 0, 0.15); border-radius: 3px;' "
 "title='1.0'>_||> added<||_html:</span>_||><||_html:<span "
 "style='background-color: rgba(0.0, 165.0, 0, 0.15); border-radius: 3px;' "
 'title=\'1.0\'>_||>",<||_html:</span>_||><||_html:<span '
 "style='background-color: rgba(0.0, 165.0, 0, 0.15); border-radius: 3px;' "
 "title='1.0'>_||>\n"
 "<||_html:</span>_||><||_html:<span style='background-color: rgba(0.0, 165.0, "
 "0, 0.15); border-radius: 3px;' title='1.0'>_||>     "
 "<||_html:</span>_||><||_html:<span style='background-color: rgba(0.0, 165.0, "
 "0, 0.15); border-radius: 3px;' title='1.0'>_||> "
 '"<||_html:</span>_||><||_html:<span style=\'background-color: rgba(0.0, '
 "165.0, 0, 0.15); border-radius: 3px;' "
 "title='1.0'>_||>breaking<||_html:</span>_||><||_html:<span "
 "style='background-color: rgba(0.0, 165.0, 0, 0.15); border-radius: 3px;' "
 'title=\'1.0\'>_||>":<||_html:</span>_||><||_html:<span '
 "style='background-color: rgba(0.0, 165.0, 0, 0.15); border-radius: 3px;' "
 'title=\'1.0\'>_||> "<||_html:</span>_||><||_html:<span '
 "style='background-color: rgba(0.0, 165.0, 0, 0.15); border-radius: 3px;' "
 "title='1.0'>_||>false<||_html:</span>_||><||_html:<span "
 "style='background-color: rgba(0.0, 165.0, 0, 0.15); border-radius: 3px;' "
 'title=\'1.0\'>_||>",<||_html:</span>_||><||_html:<span '
 "style='background-color: rgba(0.0, 165.0, 0, 0.15); border-radius: 3px;' "
 "title='1.0'>_||>\n"
 "<||_html:</span>_||><||_html:<span style='background-color: rgba(0.0, 165.0, "
 "0, 0.15); border-radius: 3px;' title='1.0'>_||>     "
 "<||_html:</span>_||><||_html:<span style='background-color: rgba(0.0, 165.0, "
 "0, 0.15); border-radius: 3px;' title='1.0'>_||> "
 '"<||_html:</span>_||><||_html:<span style=\'background-color: rgba(0.0, '
 "165.0, 0, 0.15); border-radius: 3px;' "
 "title='1.0'>_||>release<||_html:</span>_||><||_html:<span "
 "style='background-color: rgba(0.0, 165.0, 0, 0.15); border-radius: 3px;' "
 "title='1.0'>_||>_<||_html:</span>_||><||_html:<span style='background-color: "
 "rgba(0.0, 165.0, 0, 0.15); border-radius: 3px;' "
 "title='1.0'>_||>note<||_html:</span>_||><||_html:<span "
 "style='background-color: rgba(0.0, 165.0, 0, 0.15); border-radius: 3px;' "
 'title=\'1.0\'>_||>":<||_html:</span>_||><||_html:<span '
 "style='background-color: rgba(0.0, 165.0, 0, 0.15); border-radius: 3px;' "
 'title=\'1.0\'>_||> "<||_html:</span>_||><||_html:<span '
 "style='background-color: rgba(0.0, 165.0, 0, 0.15); border-radius: 3px;' "
 "title='1.0'>_||>The<||_html:</span>_||><||_html:<span "
 "style='background-color: rgba(0.0, 165.0, 0, 0.15); border-radius: 3px;' "
 "title='1.0'>_||> '<||_html:</span>_||><||_html:<span "
 "style='background-color: rgba(0.0, 165.0, 0, 0.15); border-radius: 3px;' "
 "title='1.0'>_||>get<||_html:</span>_||><||_html:<span "
 "style='background-color: rgba(0.0, 165.0, 0, 0.15); border-radius: 3px;' "
 "title='1.0'>_||>Product<||_html:</span>_||><||_html:<span "
 "style='background-color: rgba(0.0, 165.0, 0, 0.15); border-radius: 3px;' "
 "title='1.0'>_||>'<||_html:</span>_||><||_html:<span style='background-color: "
 "rgba(0.0, 165.0, 0, 0.15); border-radius: 3px;' title='1.0'>_||> "
 "query<||_html:</span>_||><||_html:<span style='background-color: rgba(0.0, "
 "165.0, 0, 0.15); border-radius: 3px;' title='1.0'>_||> "
 "now<||_html:</span>_||><||_html:<span style='background-color: rgba(0.0, "
 "165.0, 0, 0.15); border-radius: 3px;' title='1.0'>_||> "
 "includes<||_html:</span>_||><||_html:<span style='background-color: "
 "rgba(0.0, 165.0, 0, 0.15); border-radius: 3px;' title='1.0'>_||> "
 "a<||_html:</span>_||><||_html:<span style='background-color: rgba(0.0, "
 "165.0, 0, 0.15); border-radius: 3px;' title='1.0'>_||> "
 "new<||_html:</span>_||><||_html:<span style='background-color: rgba(0.0, "
 "165.0, 0, 0.15); border-radius: 3px;' title='1.0'>_||> "
 "field<||_html:</span>_||><||_html:<span style='background-color: rgba(0.0, "
 "165.0, 0, 0.15); border-radius: 3px;' title='1.0'>_||> "
 "'<||_html:</span>_||><||_html:<span style='background-color: rgba(0.0, "
 "165.0, 0, 0.15); border-radius: 3px;' "
 "title='1.0'>_||>details<||_html:</span>_||><||_html:<span "
 "style='background-color: rgba(0.0, 165.0, 0, 0.15); border-radius: 3px;' "
 "title='1.0'>_||>'<||_html:</span>_||><||_html:<span style='background-color: "
 "rgba(0.0, 165.0, 0, 0.15); border-radius: 3px;' title='1.0'>_||> "
 "of<||_html:</span>_||><||_html:<span style='background-color: rgba(0.0, "
 "165.0, 0, 0.15); border-radius: 3px;' title='1.0'>_||> "
 "type<||_html:</span>_||><||_html:<span style='background-color: rgba(0.0, "
 "165.0, 0, 0.15); border-radius: 3px;' title='1.0'>_||> "
 "String<||_html:</span>_||><||_html:<span style='background-color: rgba(0.0, "
 "165.0, 0, 0.15); border-radius: 3px;' "
 'title=\'1.0\'>_||>."<||_html:</span>_||><||_html:<span '
 "style='background-color: rgba(0.0, 165.0, 0, 0.15); border-radius: 3px;' "
 "title='1.0'>_||>\n"
 "<||_html:</span>_||><||_html:<span style='background-color: rgba(0.0, 165.0, "
 "0, 0.15); border-radius: 3px;' title='1.0'>_||>   "
 "<||_html:</span>_||><||_html:<span style='background-color: rgba(0.0, 165.0, "
 "0, 0.15); border-radius: 3px;' title='1.0'>_||> "
 "},<||_html:</span>_||><||_html:<span style='background-color: rgba(0.0, "
 "165.0, 0, 0.15); border-radius: 3px;' title='1.0'>_||>\n"
 "<||_html:</span>_||><||_html:<span style='background-color: rgba(0.0, 165.0, "
 "0, 0.15); border-radius: 3px;' title='1.0'>_||>   "
 "<||_html:</span>_||><||_html:<span style='background-color: rgba(0.0, 165.0, "
 "0, 0.15); border-radius: 3px;' title='1.0'>_||> "
 "{<||_html:</span>_||><||_html:<span style='background-color: rgba(0.0, "
 "165.0, 0, 0.15); border-radius: 3px;' title='1.0'>_||>\n"
 "<||_html:</span>_||><||_html:<span style='background-color: rgba(0.0, 165.0, "
 "0, 0.15); border-radius: 3px;' title='1.0'>_||>     "
 "<||_html:</span>_||><||_html:<span style='background-color: rgba(0.0, 165.0, "
 "0, 0.15); border-radius: 3px;' title='1.0'>_||> "
 '"<||_html:</span>_||><||_html:<span style=\'background-color: rgba(0.0, '
 "165.0, 0, 0.15); border-radius: 3px;' "
 "title='1.0'>_||>type<||_html:</span>_||><||_html:<span "
 "style='background-color: rgba(0.0, 165.0, 0, 0.15); border-radius: 3px;' "
 'title=\'1.0\'>_||>":<||_html:</span>_||><||_html:<span '
 "style='background-color: rgba(0.0, 165.0, 0, 0.15); border-radius: 3px;' "
 'title=\'1.0\'>_||> "<||_html:</span>_||><||_html:<span '
 "style='background-color: rgba(0.0, 165.0, 0, 0.15); border-radius: 3px;' "
 "title='1.0'>_||>Product<||_html:</span>_||><||_html:<span "
 "style='background-color: rgba(0.0, 165.0, 0, 0.15); border-radius: 3px;' "
 'title=\'1.0\'>_||>",<||_html:</span>_||><||_html:<span '
 "style='background-color: rgba(0.0, 165.0, 0, 0.15); border-radius: 3px;' "
 "title='1.0'>_||>\n"
 "<||_html:</span>_||><||_html:<span style='background-color: rgba(0.0, 165.0, "
 "0, 0.15); border-radius: 3px;' title='1.0'>_||>     "
 "<||_html:</span>_||><||_html:<span style='background-color: rgba(0.0, 165.0, "
 "0, 0.15); border-radius: 3px;' title='1.0'>_||> "
 '"<||_html:</span>_||><||_html:<span style=\'background-color: rgba(0.0, '
 "165.0, 0, 0.15); border-radius: 3px;' "
 "title='1.0'>_||>field<||_html:</span>_||><||_html:<span "
 "style='background-color: rgba(0.0, 165.0, 0, 0.15); border-radius: 3px;' "
 'title=\'1.0\'>_||>":<||_html:</span>_||><||_html:<span '
 "style='background-color: rgba(0.0, 165.0, 0, 0.15); border-radius: 3px;' "
 'title=\'1.0\'>_||> "<||_html:</span>_||><||_html:<span '
 "style='background-color: rgba(0.0, 165.0, 0, 0.15); border-radius: 3px;' "
 "title='1.0'>_||>description<||_html:</span>_||><||_html:<span "
 "style='background-color: rgba(0.0, 165.0, 0, 0.15); border-radius: 3px;' "
 'title=\'1.0\'>_||>",<||_html:</span>_||><||_html:<span '
 "style='background-color: rgba(0.0, 165.0, 0, 0.15); border-radius: 3px;' "
 "title='1.0'>_||>\n"
 "<||_html:</span>_||><||_html:<span style='background-color: rgba(0.0, 165.0, "
 "0, 0.15); border-radius: 3px;' title='1.0'>_||>     "
 "<||_html:</span>_||><||_html:<span style='background-color: rgba(0.0, 165.0, "
 "0, 0.15); border-radius: 3px;' title='1.0'>_||> "
 '"<||_html:</span>_||><||_html:<span style=\'background-color: rgba(0.0, '
 "165.0, 0, 0.15); border-radius: 3px;' "
 "title='1.0'>_||>change<||_html:</span>_||><||_html:<span "
 "style='background-color: rgba(0.0, 165.0, 0, 0.15); border-radius: 3px;' "
 'title=\'1.0\'>_||>":<||_html:</span>_||><||_html:<span '
 "style='background-color: rgba(0.0, 165.0, 0, 0.15); border-radius: 3px;' "
 'title=\'1.0\'>_||> "<||_html:</span>_||><||_html:<span '
 "style='background-color: rgba(0.0, 165.0, 0, 0.15); border-radius: 3px;' "
 "title='1.0'>_||>field<||_html:</span>_||><||_html:<span "
 "style='background-color: rgba(0.0, 165.0, 0, 0.15); border-radius: 3px;' "
 "title='1.0'>_||> removed<||_html:</span>_||><||_html:<span "
 "style='background-color: rgba(0.0, 165.0, 0, 0.15); border-radius: 3px;' "
 'title=\'1.0\'>_||>",<||_html:</span>_||><||_html:<span '
 "style='background-color: rgba(0.0, 165.0, 0, 0.15); border-radius: 3px;' "
 "title='1.0'>_||>\n"
 "<||_html:</span>_||><||_html:<span style='background-color: rgba(0.0, 165.0, "
 "0, 0.15); border-radius: 3px;' title='1.0'>_||>     "
 "<||_html:</span>_||><||_html:<span style='background-color: rgba(0.0, 165.0, "
 "0, 0.15); border-radius: 3px;' title='1.0'>_||> "
 '"<||_html:</span>_||><||_html:<span style=\'background-color: rgba(0.0, '
 "165.0, 0, 0.15); border-radius: 3px;' "
 "title='1.0'>_||>breaking<||_html:</span>_||><||_html:<span "
 "style='background-color: rgba(0.0, 165.0, 0, 0.15); border-radius: 3px;' "
 'title=\'1.0\'>_||>":<||_html:</span>_||><||_html:<span '
 "style='background-color: rgba(0.0, 165.0, 0, 0.15); border-radius: 3px;' "
 'title=\'1.0\'>_||> "<||_html:</span>_||><||_html:<span '
 "style='background-color: rgba(0.0, 165.0, 0, 0.15); border-radius: 3px;' "
 "title='1.0'>_||>true<||_html:</span>_||><||_html:<span "
 "style='background-color: rgba(0.0, 165.0, 0, 0.15); border-radius: 3px;' "
 'title=\'1.0\'>_||>",<||_html:</span>_||><||_html:<span '
 "style='background-color: rgba(0.0, 165.0, 0, 0.15); border-radius: 3px;' "
 "title='1.0'>_||>\n"
 "<||_html:</span>_||><||_html:<span style='background-color: rgba(0.0, 165.0, "
 "0, 0.15); border-radius: 3px;' title='1.0'>_||>     "
 "<||_html:</span>_||><||_html:<span style='background-color: rgba(0.0, 165.0, "
 "0, 0.15); border-radius: 3px;' title='1.0'>_||> "
 '"<||_html:</span>_||><||_html:<span style=\'background-color: rgba(0.0, '
 "165.0, 0, 0.15); border-radius: 3px;' "
 "title='1.0'>_||>release<||_html:</span>_||><||_html:<span "
 "style='background-color: rgba(0.0, 165.0, 0, 0.15); border-radius: 3px;' "
 "title='1.0'>_||>_<||_html:</span>_||><||_html:<span style='background-color: "
 "rgba(0.0, 165.0, 0, 0.15); border-radius: 3px;' "
 "title='1.0'>_||>note<||_html:</span>_||><||_html:<span "
 "style='background-color: rgba(0.0, 165.0, 0, 0.15); border-radius: 3px;' "
 'title=\'1.0\'>_||>":<||_html:</span>_||><||_html:<span '
 "style='background-color: rgba(0.0, 165.0, 0, 0.15); border-radius: 3px;' "
 'title=\'1.0\'>_||> "<||_html:</span>_||><||_html:<span '
 "style='background-color: rgba(0.0, 165.0, 0, 0.15); border-radius: 3px;' "
 "title='1.0'>_||>The<||_html:</span>_||><||_html:<span "
 "style='background-color: rgba(0.0, 165.0, 0, 0.15); border-radius: 3px;' "
 "title='1.0'>_||> '<||_html:</span>_||><||_html:<span "
 "style='background-color: rgba(0.0, 165.0, 0, 0.15); border-radius: 3px;' "
 "title='1.0'>_||>Product<||_html:</span>_||><||_html:<span "
 "style='background-color: rgba(0.0, 165.0, 0, 0.15); border-radius: 3px;' "
 "title='1.0'>_||>'<||_html:</span>_||><||_html:<span style='background-color: "
 "rgba(0.0, 165.0, 0, 0.15); border-radius: 3px;' title='1.0'>_||> "
 "type<||_html:</span>_||><||_html:<span style='background-color: rgba(0.0, "
 "165.0, 0, 0.15); border-radius: 3px;' title='1.0'>_||> "
 "no<||_html:</span>_||><||_html:<span style='background-color: rgba(0.0, "
 "165.0, 0, 0.15); border-radius: 3px;' title='1.0'>_||> "
 "longer<||_html:</span>_||><||_html:<span style='background-color: rgba(0.0, "
 "165.0, 0, 0.15); border-radius: 3px;' title='1.0'>_||> "
 "includes<||_html:</span>_||><||_html:<span style='background-color: "
 "rgba(0.0, 165.0, 0, 0.15); border-radius: 3px;' title='1.0'>_||> "
 "the<||_html:</span>_||><||_html:<span style='background-color: rgba(0.0, "
 "165.0, 0, 0.15); border-radius: 3px;' title='1.0'>_||> "
 "'<||_html:</span>_||><||_html:<span style='background-color: rgba(0.0, "
 "165.0, 0, 0.15); border-radius: 3px;' "
 "title='1.0'>_||>description<||_html:</span>_||><||_html:<span "
 "style='background-color: rgba(0.0, 165.0, 0, 0.15); border-radius: 3px;' "
 "title='1.0'>_||>'<||_html:</span>_||><||_html:<span style='background-color: "
 "rgba(0.0, 165.0, 0, 0.15); border-radius: 3px;' title='1.0'>_||> "
 "field<||_html:</span>_||><||_html:<span style='background-color: rgba(0.0, "
 "165.0, 0, 0.15); border-radius: 3px;' "
 'title=\'1.0\'>_||>."<||_html:</span>_||><||_html:<span '
 "style='background-color: rgba(0.0, 165.0, 0, 0.15); border-radius: 3px;' "
 "title='1.0'>_||>\n"
 "<||_html:</span>_||><||_html:<span style='background-color: rgba(0.0, 165.0, "
 "0, 0.15); border-radius: 3px;' title='1.0'>_||>   "
 "<||_html:</span>_||><||_html:<span style='background-color: rgba(0.0, 165.0, "
 "0, 0.15); border-radius: 3px;' title='1.0'>_||> "
 "},<||_html:</span>_||><||_html:<span style='background-color: rgba(0.0, "
 "165.0, 0, 0.15); border-radius: 3px;' title='1.0'>_||>\n"
 "<||_html:</span>_||><||_html:<span style='background-color: rgba(0.0, 165.0, "
 "0, 0.15); border-radius: 3px;' title='1.0'>_||>   "
 "<||_html:</span>_||><||_html:<span style='background-color: rgba(0.0, 165.0, "
 "0, 0.15); border-radius: 3px;' title='1.0'>_||> "
 "{<||_html:</span>_||><||_html:<span style='background-color: rgba(0.0, "
 "165.0, 0, 0.15); border-radius: 3px;' title='1.0'>_||>\n"
 "<||_html:</span>_||><||_html:<span style='background-color: rgba(0.0, 165.0, "
 "0, 0.15); border-radius: 3px;' title='1.0'>_||>     "
 "<||_html:</span>_||><||_html:<span style='background-color: rgba(0.0, 165.0, "
 "0, 0.15); border-radius: 3px;' title='1.0'>_||> "
 '"<||_html:</span>_||><||_html:<span style=\'background-color: rgba(0.0, '
 "165.0, 0, 0.15); border-radius: 3px;' "
 "title='1.0'>_||>type<||_html:</span>_||><||_html:<span "
 "style='background-color: rgba(0.0, 165.0, 0, 0.15); border-radius: 3px;' "
 'title=\'1.0\'>_||>":<||_html:</span>_||><||_html:<span '
 "style='background-color: rgba(0.0, 165.0, 0, 0.15); border-radius: 3px;' "
 'title=\'1.0\'>_||> "<||_html:</span>_||><||_html:<span '
 "style='background-color: rgba(0.0, 165.0, 0, 0.15); border-radius: 3px;' "
 "title='1.0'>_||>Product<||_html:</span>_||><||_html:<span "
 "style='background-color: rgba(0.0, 165.0, 0, 0.15); border-radius: 3px;' "
 'title=\'1.0\'>_||>",<||_html:</span>_||><||_html:<span '
 "style='background-color: rgba(0.0, 165.0, 0, 0.15); border-radius: 3px;' "
 "title='1.0'>_||>\n"
 "<||_html:</span>_||><||_html:<span style='background-color: rgba(0.0, 165.0, "
 "0, 0.15); border-radius: 3px;' title='1.0'>_||>     "
 "<||_html:</span>_||><||_html:<span style='background-color: rgba(0.0, 165.0, "
 "0, 0.15); border-radius: 3px;' title='1.0'>_||> "
 '"<||_html:</span>_||><||_html:<span style=\'background-color: rgba(0.0, '
 "165.0, 0, 0.15); border-radius: 3px;' "
 "title='1.0'>_||>field<||_html:</span>_||><||_html:<span "
 "style='background-color: rgba(0.0, 165.0, 0, 0.15); border-radius: 3px;' "
 'title=\'1.0\'>_||>":<||_html:</span>_||><||_html:<span '
 "style='background-color: rgba(0.0, 165.0, 0, 0.15); border-radius: 3px;' "
 'title=\'1.0\'>_||> "<||_html:</span>_||><||_html:<span '
 "style='background-color: rgba(0.0, 165.0, 0, 0.15); border-radius: 3px;' "
 "title='1.0'>_||>stock<||_html:</span>_||><||_html:<span "
 "style='background-color: rgba(0.0, 165.0, 0, 0.15); border-radius: 3px;' "
 'title=\'1.0\'>_||>",<||_html:</span>_||><||_html:<span '
 "style='background-color: rgba(0.0, 165.0, 0, 0.15); border-radius: 3px;' "
 "title='1.0'>_||>\n"
 "<||_html:</span>_||><||_html:<span style='background-color: rgba(0.0, 165.0, "
 "0, 0.15); border-radius: 3px;' title='1.0'>_||>     "
 "<||_html:</span>_||><||_html:<span style='background-color: rgba(0.0, 165.0, "
 "0, 0.15); border-radius: 3px;' title='1.0'>_||> "
 '"<||_html:</span>_||><||_html:<span style=\'background-color: rgba(0.0, '
 "165.0, 0, 0.15); border-radius: 3px;' "
 "title='1.0'>_||>change<||_html:</span>_||><||_html:<span "
 "style='background-color: rgba(0.0, 165.0, 0, 0.15); border-radius: 3px;' "
 'title=\'1.0\'>_||>":<||_html:</span>_||><||_html:<span '
 "style='background-color: rgba(0.0, 165.0, 0, 0.15); border-radius: 3px;' "
 'title=\'1.0\'>_||> "<||_html:</span>_||><||_html:<span '
 "style='background-color: rgba(0.0, 165.0, 0, 0.15); border-radius: 3px;' "
 "title='1.0'>_||>field<||_html:</span>_||><||_html:<span "
 "style='background-color: rgba(0.0, 165.0, 0, 0.15); border-radius: 3px;' "
 "title='1.0'>_||> removed<||_html:</span>_||><||_html:<span "
 "style='background-color: rgba(0.0, 165.0, 0, 0.15); border-radius: 3px;' "
 'title=\'1.0\'>_||>",<||_html:</span>_||><||_html:<span '
 "style='background-color: rgba(0.0, 165.0, 0, 0.15); border-radius: 3px;' "
 "title='1.0'>_||>\n"
 "<||_html:</span>_||><||_html:<span style='background-color: rgba(0.0, 165.0, "
 "0, 0.15); border-radius: 3px;' title='1.0'>_||>     "
 "<||_html:</span>_||><||_html:<span style='background-color: rgba(0.0, 165.0, "
 "0, 0.15); border-radius: 3px;' title='1.0'>_||> "
 '"<||_html:</span>_||><||_html:<span style=\'background-color: rgba(0.0, '
 "165.0, 0, 0.15); border-radius: 3px;' "
 "title='1.0'>_||>breaking<||_html:</span>_||><||_html:<span "
 "style='background-color: rgba(0.0, 165.0, 0, 0.15); border-radius: 3px;' "
 'title=\'1.0\'>_||>":<||_html:</span>_||><||_html:<span '
 "style='background-color: rgba(0.0, 165.0, 0, 0.15); border-radius: 3px;' "
 'title=\'1.0\'>_||> "<||_html:</span>_||><||_html:<span '
 "style='background-color: rgba(0.0, 165.0, 0, 0.15); border-radius: 3px;' "
 "title='1.0'>_||>true<||_html:</span>_||><||_html:<span "
 "style='background-color: rgba(0.0, 165.0, 0, 0.15); border-radius: 3px;' "
 'title=\'1.0\'>_||>",<||_html:</span>_||><||_html:<span '
 "style='background-color: rgba(0.0, 165.0, 0, 0.15); border-radius: 3px;' "
 "title='1.0'>_||>")
('Analyze the following two GraphQL schemas for changes, including both '
 'breaking and non-breaking changes.\n'
 '\n'
 '                        Provide your analysis in the following JSON format:\n'
 '                        {\n'
 '                          "changes": [\n'
 '                            {\n'
 '                              "type": "String representing the GraphQL type '
 '(e.g., Query, Mutation, Subscription)",\n'
 '                              "field": "String representing the specific '
 'field that changed",\n'
 '                              "change": "String describing the change (e.g., '
 'field renamed, new field added, field removed)",\n'
 '                              "breaking": "Boolean indicating if the change '
 'is breaking (true) or non-breaking (false)",\n'
 '                              "release_note": "String with a natural '
 'language description of the change for release notes"\n'
 '                            }\n'
 '                          ],\n'
 '                          "release_notes": {\n'
 '                              "summary": "String summarizing all changes, '
 'suitable for a mailing list or public announcement"\n'
 '                          }\n'
 '                        }\n'
 '\n'
 '                        When analyzing, consider the following types of '
 'changes:\n'
 '                        1. Removing fields or types (breaking)\n'
 '                        2. Changing field types (potentially breaking)\n'
 '                        3. Adding required fields (breaking)\n'
 '                        4. Changing the type of existing arguments '
 '(breaking)\n'
 '                        5. Adding optional fields (non-breaking)\n'
 '                        6. Adding new types (non-breaking)\n'
 '                        7. Deprecating fields (non-breaking)\n'
 '\n'
 '                        Ensure that each change is categorized correctly as '
 'breaking or non-breaking.: type Query {\n'
 '  getProduct(id: ID!): Product\n'
 '}\n'
 '\n'
 'type Product {\n'
 '  id: ID\n'
 '  name: String\n'
 '  description: String\n'
 '  price: Float\n'
 '  stock: Int\n'
 '}\n'
 ', type Query {\n'
 '  getProduct(id: ID!): Product\n'
 '}\n'
 '\n'
 'type Product {\n'
 '  id: ID\n'
 '  name: String\n'
 '  details: String\n'
 '  price: Float\n'
 '}\n'
 '\n'
 "Answer:<||_html:<span style='background-color: rgba(0.0, 165.0, 0, 0.15); "
 "border-radius: 3px;' title='1.0'>_||> {<||_html:</span>_||><||_html:<span "
 "style='background-color: rgba(0.0, 165.0, 0, 0.15); border-radius: 3px;' "
 "title='1.0'>_||>\n"
 "<||_html:</span>_||><||_html:<span style='background-color: rgba(0.0, 165.0, "
 "0, 0.15); border-radius: 3px;' title='1.0'>_||> "
 "<||_html:</span>_||><||_html:<span style='background-color: rgba(0.0, 165.0, "
 "0, 0.15); border-radius: 3px;' title='1.0'>_||> "
 '"<||_html:</span>_||><||_html:<span style=\'background-color: rgba(0.0, '
 "165.0, 0, 0.15); border-radius: 3px;' "
 "title='1.0'>_||>changes<||_html:</span>_||><||_html:<span "
 "style='background-color: rgba(0.0, 165.0, 0, 0.15); border-radius: 3px;' "
 'title=\'1.0\'>_||>":<||_html:</span>_||><||_html:<span '
 "style='background-color: rgba(0.0, 165.0, 0, 0.15); border-radius: 3px;' "
 "title='1.0'>_||> [<||_html:</span>_||><||_html:<span "
 "style='background-color: rgba(0.0, 165.0, 0, 0.15); border-radius: 3px;' "
 "title='1.0'>_||>\n"
 "<||_html:</span>_||><||_html:<span style='background-color: rgba(0.0, 165.0, "
 "0, 0.15); border-radius: 3px;' title='1.0'>_||>   "
 "<||_html:</span>_||><||_html:<span style='background-color: rgba(0.0, 165.0, "
 "0, 0.15); border-radius: 3px;' title='1.0'>_||> "
 "{<||_html:</span>_||><||_html:<span style='background-color: rgba(0.0, "
 "165.0, 0, 0.15); border-radius: 3px;' title='1.0'>_||>\n"
 "<||_html:</span>_||><||_html:<span style='background-color: rgba(0.0, 165.0, "
 "0, 0.15); border-radius: 3px;' title='1.0'>_||>     "
 "<||_html:</span>_||><||_html:<span style='background-color: rgba(0.0, 165.0, "
 "0, 0.15); border-radius: 3px;' title='1.0'>_||> "
 '"<||_html:</span>_||><||_html:<span style=\'background-color: rgba(0.0, '
 "165.0, 0, 0.15); border-radius: 3px;' "
 "title='1.0'>_||>type<||_html:</span>_||><||_html:<span "
 "style='background-color: rgba(0.0, 165.0, 0, 0.15); border-radius: 3px;' "
 'title=\'1.0\'>_||>":<||_html:</span>_||><||_html:<span '
 "style='background-color: rgba(0.0, 165.0, 0, 0.15); border-radius: 3px;' "
 'title=\'1.0\'>_||> "<||_html:</span>_||><||_html:<span '
 "style='background-color: rgba(0.0, 165.0, 0, 0.15); border-radius: 3px;' "
 "title='1.0'>_||>Query<||_html:</span>_||><||_html:<span "
 "style='background-color: rgba(0.0, 165.0, 0, 0.15); border-radius: 3px;' "
 'title=\'1.0\'>_||>",<||_html:</span>_||><||_html:<span '
 "style='background-color: rgba(0.0, 165.0, 0, 0.15); border-radius: 3px;' "
 "title='1.0'>_||>\n"
 "<||_html:</span>_||><||_html:<span style='background-color: rgba(0.0, 165.0, "
 "0, 0.15); border-radius: 3px;' title='1.0'>_||>     "
 "<||_html:</span>_||><||_html:<span style='background-color: rgba(0.0, 165.0, "
 "0, 0.15); border-radius: 3px;' title='1.0'>_||> "
 '"<||_html:</span>_||><||_html:<span style=\'background-color: rgba(0.0, '
 "165.0, 0, 0.15); border-radius: 3px;' "
 "title='1.0'>_||>field<||_html:</span>_||><||_html:<span "
 "style='background-color: rgba(0.0, 165.0, 0, 0.15); border-radius: 3px;' "
 'title=\'1.0\'>_||>":<||_html:</span>_||><||_html:<span '
 "style='background-color: rgba(0.0, 165.0, 0, 0.15); border-radius: 3px;' "
 'title=\'1.0\'>_||> "<||_html:</span>_||><||_html:<span '
 "style='background-color: rgba(0.0, 165.0, 0, 0.15); border-radius: 3px;' "
 "title='1.0'>_||>get<||_html:</span>_||><||_html:<span "
 "style='background-color: rgba(0.0, 165.0, 0, 0.15); border-radius: 3px;' "
 "title='1.0'>_||>Product<||_html:</span>_||><||_html:<span "
 "style='background-color: rgba(0.0, 165.0, 0, 0.15); border-radius: 3px;' "
 'title=\'1.0\'>_||>",<||_html:</span>_||><||_html:<span '
 "style='background-color: rgba(0.0, 165.0, 0, 0.15); border-radius: 3px;' "
 "title='1.0'>_||>\n"
 "<||_html:</span>_||><||_html:<span style='background-color: rgba(0.0, 165.0, "
 "0, 0.15); border-radius: 3px;' title='1.0'>_||>     "
 "<||_html:</span>_||><||_html:<span style='background-color: rgba(0.0, 165.0, "
 "0, 0.15); border-radius: 3px;' title='1.0'>_||> "
 '"<||_html:</span>_||><||_html:<span style=\'background-color: rgba(0.0, '
 "165.0, 0, 0.15); border-radius: 3px;' "
 "title='1.0'>_||>change<||_html:</span>_||><||_html:<span "
 "style='background-color: rgba(0.0, 165.0, 0, 0.15); border-radius: 3px;' "
 'title=\'1.0\'>_||>":<||_html:</span>_||><||_html:<span '
 "style='background-color: rgba(0.0, 165.0, 0, 0.15); border-radius: 3px;' "
 'title=\'1.0\'>_||> "<||_html:</span>_||><||_html:<span '
 "style='background-color: rgba(0.0, 165.0, 0, 0.15); border-radius: 3px;' "
 "title='1.0'>_||>field<||_html:</span>_||><||_html:<span "
 "style='background-color: rgba(0.0, 165.0, 0, 0.15); border-radius: 3px;' "
 "title='1.0'>_||> details<||_html:</span>_||><||_html:<span "
 "style='background-color: rgba(0.0, 165.0, 0, 0.15); border-radius: 3px;' "
 "title='1.0'>_||> added<||_html:</span>_||><||_html:<span "
 "style='background-color: rgba(0.0, 165.0, 0, 0.15); border-radius: 3px;' "
 'title=\'1.0\'>_||>",<||_html:</span>_||><||_html:<span '
 "style='background-color: rgba(0.0, 165.0, 0, 0.15); border-radius: 3px;' "
 "title='1.0'>_||>\n"
 "<||_html:</span>_||><||_html:<span style='background-color: rgba(0.0, 165.0, "
 "0, 0.15); border-radius: 3px;' title='1.0'>_||>     "
 "<||_html:</span>_||><||_html:<span style='background-color: rgba(0.0, 165.0, "
 "0, 0.15); border-radius: 3px;' title='1.0'>_||> "
 '"<||_html:</span>_||><||_html:<span style=\'background-color: rgba(0.0, '
 "165.0, 0, 0.15); border-radius: 3px;' "
 "title='1.0'>_||>breaking<||_html:</span>_||><||_html:<span "
 "style='background-color: rgba(0.0, 165.0, 0, 0.15); border-radius: 3px;' "
 'title=\'1.0\'>_||>":<||_html:</span>_||><||_html:<span '
 "style='background-color: rgba(0.0, 165.0, 0, 0.15); border-radius: 3px;' "
 'title=\'1.0\'>_||> "<||_html:</span>_||><||_html:<span '
 "style='background-color: rgba(0.0, 165.0, 0, 0.15); border-radius: 3px;' "
 "title='1.0'>_||>false<||_html:</span>_||><||_html:<span "
 "style='background-color: rgba(0.0, 165.0, 0, 0.15); border-radius: 3px;' "
 'title=\'1.0\'>_||>",<||_html:</span>_||><||_html:<span '
 "style='background-color: rgba(0.0, 165.0, 0, 0.15); border-radius: 3px;' "
 "title='1.0'>_||>\n"
 "<||_html:</span>_||><||_html:<span style='background-color: rgba(0.0, 165.0, "
 "0, 0.15); border-radius: 3px;' title='1.0'>_||>     "
 "<||_html:</span>_||><||_html:<span style='background-color: rgba(0.0, 165.0, "
 "0, 0.15); border-radius: 3px;' title='1.0'>_||> "
 '"<||_html:</span>_||><||_html:<span style=\'background-color: rgba(0.0, '
 "165.0, 0, 0.15); border-radius: 3px;' "
 "title='1.0'>_||>release<||_html:</span>_||><||_html:<span "
 "style='background-color: rgba(0.0, 165.0, 0, 0.15); border-radius: 3px;' "
 "title='1.0'>_||>_<||_html:</span>_||><||_html:<span style='background-color: "
 "rgba(0.0, 165.0, 0, 0.15); border-radius: 3px;' "
 "title='1.0'>_||>note<||_html:</span>_||><||_html:<span "
 "style='background-color: rgba(0.0, 165.0, 0, 0.15); border-radius: 3px;' "
 'title=\'1.0\'>_||>":<||_html:</span>_||><||_html:<span '
 "style='background-color: rgba(0.0, 165.0, 0, 0.15); border-radius: 3px;' "
 'title=\'1.0\'>_||> "<||_html:</span>_||><||_html:<span '
 "style='background-color: rgba(0.0, 165.0, 0, 0.15); border-radius: 3px;' "
 "title='1.0'>_||>The<||_html:</span>_||><||_html:<span "
 "style='background-color: rgba(0.0, 165.0, 0, 0.15); border-radius: 3px;' "
 "title='1.0'>_||> '<||_html:</span>_||><||_html:<span "
 "style='background-color: rgba(0.0, 165.0, 0, 0.15); border-radius: 3px;' "
 "title='1.0'>_||>get<||_html:</span>_||><||_html:<span "
 "style='background-color: rgba(0.0, 165.0, 0, 0.15); border-radius: 3px;' "
 "title='1.0'>_||>Product<||_html:</span>_||><||_html:<span "
 "style='background-color: rgba(0.0, 165.0, 0, 0.15); border-radius: 3px;' "
 "title='1.0'>_||>'<||_html:</span>_||><||_html:<span style='background-color: "
 "rgba(0.0, 165.0, 0, 0.15); border-radius: 3px;' title='1.0'>_||> "
 "query<||_html:</span>_||><||_html:<span style='background-color: rgba(0.0, "
 "165.0, 0, 0.15); border-radius: 3px;' title='1.0'>_||> "
 "now<||_html:</span>_||><||_html:<span style='background-color: rgba(0.0, "
 "165.0, 0, 0.15); border-radius: 3px;' title='1.0'>_||> "
 "includes<||_html:</span>_||><||_html:<span style='background-color: "
 "rgba(0.0, 165.0, 0, 0.15); border-radius: 3px;' title='1.0'>_||> "
 "a<||_html:</span>_||><||_html:<span style='background-color: rgba(0.0, "
 "165.0, 0, 0.15); border-radius: 3px;' title='1.0'>_||> "
 "new<||_html:</span>_||><||_html:<span style='background-color: rgba(0.0, "
 "165.0, 0, 0.15); border-radius: 3px;' title='1.0'>_||> "
 "field<||_html:</span>_||><||_html:<span style='background-color: rgba(0.0, "
 "165.0, 0, 0.15); border-radius: 3px;' title='1.0'>_||> "
 "'<||_html:</span>_||><||_html:<span style='background-color: rgba(0.0, "
 "165.0, 0, 0.15); border-radius: 3px;' "
 "title='1.0'>_||>details<||_html:</span>_||><||_html:<span "
 "style='background-color: rgba(0.0, 165.0, 0, 0.15); border-radius: 3px;' "
 "title='1.0'>_||>'<||_html:</span>_||><||_html:<span style='background-color: "
 "rgba(0.0, 165.0, 0, 0.15); border-radius: 3px;' title='1.0'>_||> "
 "of<||_html:</span>_||><||_html:<span style='background-color: rgba(0.0, "
 "165.0, 0, 0.15); border-radius: 3px;' title='1.0'>_||> "
 "type<||_html:</span>_||><||_html:<span style='background-color: rgba(0.0, "
 "165.0, 0, 0.15); border-radius: 3px;' title='1.0'>_||> "
 "String<||_html:</span>_||><||_html:<span style='background-color: rgba(0.0, "
 "165.0, 0, 0.15); border-radius: 3px;' "
 'title=\'1.0\'>_||>."<||_html:</span>_||><||_html:<span '
 "style='background-color: rgba(0.0, 165.0, 0, 0.15); border-radius: 3px;' "
 "title='1.0'>_||>\n"
 "<||_html:</span>_||><||_html:<span style='background-color: rgba(0.0, 165.0, "
 "0, 0.15); border-radius: 3px;' title='1.0'>_||>   "
 "<||_html:</span>_||><||_html:<span style='background-color: rgba(0.0, 165.0, "
 "0, 0.15); border-radius: 3px;' title='1.0'>_||> "
 "},<||_html:</span>_||><||_html:<span style='background-color: rgba(0.0, "
 "165.0, 0, 0.15); border-radius: 3px;' title='1.0'>_||>\n"
 "<||_html:</span>_||><||_html:<span style='background-color: rgba(0.0, 165.0, "
 "0, 0.15); border-radius: 3px;' title='1.0'>_||>   "
 "<||_html:</span>_||><||_html:<span style='background-color: rgba(0.0, 165.0, "
 "0, 0.15); border-radius: 3px;' title='1.0'>_||> "
 "{<||_html:</span>_||><||_html:<span style='background-color: rgba(0.0, "
 "165.0, 0, 0.15); border-radius: 3px;' title='1.0'>_||>\n"
 "<||_html:</span>_||><||_html:<span style='background-color: rgba(0.0, 165.0, "
 "0, 0.15); border-radius: 3px;' title='1.0'>_||>     "
 "<||_html:</span>_||><||_html:<span style='background-color: rgba(0.0, 165.0, "
 "0, 0.15); border-radius: 3px;' title='1.0'>_||> "
 '"<||_html:</span>_||><||_html:<span style=\'background-color: rgba(0.0, '
 "165.0, 0, 0.15); border-radius: 3px;' "
 "title='1.0'>_||>type<||_html:</span>_||><||_html:<span "
 "style='background-color: rgba(0.0, 165.0, 0, 0.15); border-radius: 3px;' "
 'title=\'1.0\'>_||>":<||_html:</span>_||><||_html:<span '
 "style='background-color: rgba(0.0, 165.0, 0, 0.15); border-radius: 3px;' "
 'title=\'1.0\'>_||> "<||_html:</span>_||><||_html:<span '
 "style='background-color: rgba(0.0, 165.0, 0, 0.15); border-radius: 3px;' "
 "title='1.0'>_||>Product<||_html:</span>_||><||_html:<span "
 "style='background-color: rgba(0.0, 165.0, 0, 0.15); border-radius: 3px;' "
 'title=\'1.0\'>_||>",<||_html:</span>_||><||_html:<span '
 "style='background-color: rgba(0.0, 165.0, 0, 0.15); border-radius: 3px;' "
 "title='1.0'>_||>\n"
 "<||_html:</span>_||><||_html:<span style='background-color: rgba(0.0, 165.0, "
 "0, 0.15); border-radius: 3px;' title='1.0'>_||>     "
 "<||_html:</span>_||><||_html:<span style='background-color: rgba(0.0, 165.0, "
 "0, 0.15); border-radius: 3px;' title='1.0'>_||> "
 '"<||_html:</span>_||><||_html:<span style=\'background-color: rgba(0.0, '
 "165.0, 0, 0.15); border-radius: 3px;' "
 "title='1.0'>_||>field<||_html:</span>_||><||_html:<span "
 "style='background-color: rgba(0.0, 165.0, 0, 0.15); border-radius: 3px;' "
 'title=\'1.0\'>_||>":<||_html:</span>_||><||_html:<span '
 "style='background-color: rgba(0.0, 165.0, 0, 0.15); border-radius: 3px;' "
 'title=\'1.0\'>_||> "<||_html:</span>_||><||_html:<span '
 "style='background-color: rgba(0.0, 165.0, 0, 0.15); border-radius: 3px;' "
 "title='1.0'>_||>description<||_html:</span>_||><||_html:<span "
 "style='background-color: rgba(0.0, 165.0, 0, 0.15); border-radius: 3px;' "
 'title=\'1.0\'>_||>",<||_html:</span>_||><||_html:<span '
 "style='background-color: rgba(0.0, 165.0, 0, 0.15); border-radius: 3px;' "
 "title='1.0'>_||>\n"
 "<||_html:</span>_||><||_html:<span style='background-color: rgba(0.0, 165.0, "
 "0, 0.15); border-radius: 3px;' title='1.0'>_||>     "
 "<||_html:</span>_||><||_html:<span style='background-color: rgba(0.0, 165.0, "
 "0, 0.15); border-radius: 3px;' title='1.0'>_||> "
 '"<||_html:</span>_||><||_html:<span style=\'background-color: rgba(0.0, '
 "165.0, 0, 0.15); border-radius: 3px;' "
 "title='1.0'>_||>change<||_html:</span>_||><||_html:<span "
 "style='background-color: rgba(0.0, 165.0, 0, 0.15); border-radius: 3px;' "
 'title=\'1.0\'>_||>":<||_html:</span>_||><||_html:<span '
 "style='background-color: rgba(0.0, 165.0, 0, 0.15); border-radius: 3px;' "
 'title=\'1.0\'>_||> "<||_html:</span>_||><||_html:<span '
 "style='background-color: rgba(0.0, 165.0, 0, 0.15); border-radius: 3px;' "
 "title='1.0'>_||>field<||_html:</span>_||><||_html:<span "
 "style='background-color: rgba(0.0, 165.0, 0, 0.15); border-radius: 3px;' "
 "title='1.0'>_||> removed<||_html:</span>_||><||_html:<span "
 "style='background-color: rgba(0.0, 165.0, 0, 0.15); border-radius: 3px;' "
 'title=\'1.0\'>_||>",<||_html:</span>_||><||_html:<span '
 "style='background-color: rgba(0.0, 165.0, 0, 0.15); border-radius: 3px;' "
 "title='1.0'>_||>\n"
 "<||_html:</span>_||><||_html:<span style='background-color: rgba(0.0, 165.0, "
 "0, 0.15); border-radius: 3px;' title='1.0'>_||>     "
 "<||_html:</span>_||><||_html:<span style='background-color: rgba(0.0, 165.0, "
 "0, 0.15); border-radius: 3px;' title='1.0'>_||> "
 '"<||_html:</span>_||><||_html:<span style=\'background-color: rgba(0.0, '
 "165.0, 0, 0.15); border-radius: 3px;' "
 "title='1.0'>_||>breaking<||_html:</span>_||><||_html:<span "
 "style='background-color: rgba(0.0, 165.0, 0, 0.15); border-radius: 3px;' "
 'title=\'1.0\'>_||>":<||_html:</span>_||><||_html:<span '
 "style='background-color: rgba(0.0, 165.0, 0, 0.15); border-radius: 3px;' "
 'title=\'1.0\'>_||> "<||_html:</span>_||><||_html:<span '
 "style='background-color: rgba(0.0, 165.0, 0, 0.15); border-radius: 3px;' "
 "title='1.0'>_||>true<||_html:</span>_||><||_html:<span "
 "style='background-color: rgba(0.0, 165.0, 0, 0.15); border-radius: 3px;' "
 'title=\'1.0\'>_||>",<||_html:</span>_||><||_html:<span '
 "style='background-color: rgba(0.0, 165.0, 0, 0.15); border-radius: 3px;' "
 "title='1.0'>_||>\n"
 "<||_html:</span>_||><||_html:<span style='background-color: rgba(0.0, 165.0, "
 "0, 0.15); border-radius: 3px;' title='1.0'>_||>     "
 "<||_html:</span>_||><||_html:<span style='background-color: rgba(0.0, 165.0, "
 "0, 0.15); border-radius: 3px;' title='1.0'>_||> "
 '"<||_html:</span>_||><||_html:<span style=\'background-color: rgba(0.0, '
 "165.0, 0, 0.15); border-radius: 3px;' "
 "title='1.0'>_||>release<||_html:</span>_||><||_html:<span "
 "style='background-color: rgba(0.0, 165.0, 0, 0.15); border-radius: 3px;' "
 "title='1.0'>_||>_<||_html:</span>_||><||_html:<span style='background-color: "
 "rgba(0.0, 165.0, 0, 0.15); border-radius: 3px;' "
 "title='1.0'>_||>note<||_html:</span>_||><||_html:<span "
 "style='background-color: rgba(0.0, 165.0, 0, 0.15); border-radius: 3px;' "
 'title=\'1.0\'>_||>":<||_html:</span>_||><||_html:<span '
 "style='background-color: rgba(0.0, 165.0, 0, 0.15); border-radius: 3px;' "
 'title=\'1.0\'>_||> "<||_html:</span>_||><||_html:<span '
 "style='background-color: rgba(0.0, 165.0, 0, 0.15); border-radius: 3px;' "
 "title='1.0'>_||>The<||_html:</span>_||><||_html:<span "
 "style='background-color: rgba(0.0, 165.0, 0, 0.15); border-radius: 3px;' "
 "title='1.0'>_||> '<||_html:</span>_||><||_html:<span "
 "style='background-color: rgba(0.0, 165.0, 0, 0.15); border-radius: 3px;' "
 "title='1.0'>_||>Product<||_html:</span>_||><||_html:<span "
 "style='background-color: rgba(0.0, 165.0, 0, 0.15); border-radius: 3px;' "
 "title='1.0'>_||>'<||_html:</span>_||><||_html:<span style='background-color: "
 "rgba(0.0, 165.0, 0, 0.15); border-radius: 3px;' title='1.0'>_||> "
 "type<||_html:</span>_||><||_html:<span style='background-color: rgba(0.0, "
 "165.0, 0, 0.15); border-radius: 3px;' title='1.0'>_||> "
 "no<||_html:</span>_||><||_html:<span style='background-color: rgba(0.0, "
 "165.0, 0, 0.15); border-radius: 3px;' title='1.0'>_||> "
 "longer<||_html:</span>_||><||_html:<span style='background-color: rgba(0.0, "
 "165.0, 0, 0.15); border-radius: 3px;' title='1.0'>_||> "
 "includes<||_html:</span>_||><||_html:<span style='background-color: "
 "rgba(0.0, 165.0, 0, 0.15); border-radius: 3px;' title='1.0'>_||> "
 "the<||_html:</span>_||><||_html:<span style='background-color: rgba(0.0, "
 "165.0, 0, 0.15); border-radius: 3px;' title='1.0'>_||> "
 "'<||_html:</span>_||><||_html:<span style='background-color: rgba(0.0, "
 "165.0, 0, 0.15); border-radius: 3px;' "
 "title='1.0'>_||>description<||_html:</span>_||><||_html:<span "
 "style='background-color: rgba(0.0, 165.0, 0, 0.15); border-radius: 3px;' "
 "title='1.0'>_||>'<||_html:</span>_||><||_html:<span style='background-color: "
 "rgba(0.0, 165.0, 0, 0.15); border-radius: 3px;' title='1.0'>_||> "
 "field<||_html:</span>_||><||_html:<span style='background-color: rgba(0.0, "
 "165.0, 0, 0.15); border-radius: 3px;' "
 'title=\'1.0\'>_||>."<||_html:</span>_||><||_html:<span '
 "style='background-color: rgba(0.0, 165.0, 0, 0.15); border-radius: 3px;' "
 "title='1.0'>_||>\n"
 "<||_html:</span>_||><||_html:<span style='background-color: rgba(0.0, 165.0, "
 "0, 0.15); border-radius: 3px;' title='1.0'>_||>   "
 "<||_html:</span>_||><||_html:<span style='background-color: rgba(0.0, 165.0, "
 "0, 0.15); border-radius: 3px;' title='1.0'>_||> "
 "},<||_html:</span>_||><||_html:<span style='background-color: rgba(0.0, "
 "165.0, 0, 0.15); border-radius: 3px;' title='1.0'>_||>\n"
 "<||_html:</span>_||><||_html:<span style='background-color: rgba(0.0, 165.0, "
 "0, 0.15); border-radius: 3px;' title='1.0'>_||>   "
 "<||_html:</span>_||><||_html:<span style='background-color: rgba(0.0, 165.0, "
 "0, 0.15); border-radius: 3px;' title='1.0'>_||> "
 "{<||_html:</span>_||><||_html:<span style='background-color: rgba(0.0, "
 "165.0, 0, 0.15); border-radius: 3px;' title='1.0'>_||>\n"
 "<||_html:</span>_||><||_html:<span style='background-color: rgba(0.0, 165.0, "
 "0, 0.15); border-radius: 3px;' title='1.0'>_||>     "
 "<||_html:</span>_||><||_html:<span style='background-color: rgba(0.0, 165.0, "
 "0, 0.15); border-radius: 3px;' title='1.0'>_||> "
 '"<||_html:</span>_||><||_html:<span style=\'background-color: rgba(0.0, '
 "165.0, 0, 0.15); border-radius: 3px;' "
 "title='1.0'>_||>type<||_html:</span>_||><||_html:<span "
 "style='background-color: rgba(0.0, 165.0, 0, 0.15); border-radius: 3px;' "
 'title=\'1.0\'>_||>":<||_html:</span>_||><||_html:<span '
 "style='background-color: rgba(0.0, 165.0, 0, 0.15); border-radius: 3px;' "
 'title=\'1.0\'>_||> "<||_html:</span>_||><||_html:<span '
 "style='background-color: rgba(0.0, 165.0, 0, 0.15); border-radius: 3px;' "
 "title='1.0'>_||>Product<||_html:</span>_||><||_html:<span "
 "style='background-color: rgba(0.0, 165.0, 0, 0.15); border-radius: 3px;' "
 'title=\'1.0\'>_||>",<||_html:</span>_||><||_html:<span '
 "style='background-color: rgba(0.0, 165.0, 0, 0.15); border-radius: 3px;' "
 "title='1.0'>_||>\n"
 "<||_html:</span>_||><||_html:<span style='background-color: rgba(0.0, 165.0, "
 "0, 0.15); border-radius: 3px;' title='1.0'>_||>     "
 "<||_html:</span>_||><||_html:<span style='background-color: rgba(0.0, 165.0, "
 "0, 0.15); border-radius: 3px;' title='1.0'>_||> "
 '"<||_html:</span>_||><||_html:<span style=\'background-color: rgba(0.0, '
 "165.0, 0, 0.15); border-radius: 3px;' "
 "title='1.0'>_||>field<||_html:</span>_||><||_html:<span "
 "style='background-color: rgba(0.0, 165.0, 0, 0.15); border-radius: 3px;' "
 'title=\'1.0\'>_||>":<||_html:</span>_||><||_html:<span '
 "style='background-color: rgba(0.0, 165.0, 0, 0.15); border-radius: 3px;' "
 'title=\'1.0\'>_||> "<||_html:</span>_||><||_html:<span '
 "style='background-color: rgba(0.0, 165.0, 0, 0.15); border-radius: 3px;' "
 "title='1.0'>_||>stock<||_html:</span>_||><||_html:<span "
 "style='background-color: rgba(0.0, 165.0, 0, 0.15); border-radius: 3px;' "
 'title=\'1.0\'>_||>",<||_html:</span>_||><||_html:<span '
 "style='background-color: rgba(0.0, 165.0, 0, 0.15); border-radius: 3px;' "
 "title='1.0'>_||>\n"
 "<||_html:</span>_||><||_html:<span style='background-color: rgba(0.0, 165.0, "
 "0, 0.15); border-radius: 3px;' title='1.0'>_||>     "
 "<||_html:</span>_||><||_html:<span style='background-color: rgba(0.0, 165.0, "
 "0, 0.15); border-radius: 3px;' title='1.0'>_||> "
 '"<||_html:</span>_||><||_html:<span style=\'background-color: rgba(0.0, '
 "165.0, 0, 0.15); border-radius: 3px;' "
 "title='1.0'>_||>change<||_html:</span>_||><||_html:<span "
 "style='background-color: rgba(0.0, 165.0, 0, 0.15); border-radius: 3px;' "
 'title=\'1.0\'>_||>":<||_html:</span>_||><||_html:<span '
 "style='background-color: rgba(0.0, 165.0, 0, 0.15); border-radius: 3px;' "
 'title=\'1.0\'>_||> "<||_html:</span>_||><||_html:<span '
 "style='background-color: rgba(0.0, 165.0, 0, 0.15); border-radius: 3px;' "
 "title='1.0'>_||>field<||_html:</span>_||><||_html:<span "
 "style='background-color: rgba(0.0, 165.0, 0, 0.15); border-radius: 3px;' "
 "title='1.0'>_||> removed<||_html:</span>_||><||_html:<span "
 "style='background-color: rgba(0.0, 165.0, 0, 0.15); border-radius: 3px;' "
 'title=\'1.0\'>_||>",<||_html:</span>_||><||_html:<span '
 "style='background-color: rgba(0.0, 165.0, 0, 0.15); border-radius: 3px;' "
 "title='1.0'>_||>\n"
 "<||_html:</span>_||><||_html:<span style='background-color: rgba(0.0, 165.0, "
 "0, 0.15); border-radius: 3px;' title='1.0'>_||>     "
 "<||_html:</span>_||><||_html:<span style='background-color: rgba(0.0, 165.0, "
 "0, 0.15); border-radius: 3px;' title='1.0'>_||> "
 '"<||_html:</span>_||><||_html:<span style=\'background-color: rgba(0.0, '
 "165.0, 0, 0.15); border-radius: 3px;' "
 "title='1.0'>_||>breaking<||_html:</span>_||><||_html:<span "
 "style='background-color: rgba(0.0, 165.0, 0, 0.15); border-radius: 3px;' "
 'title=\'1.0\'>_||>":<||_html:</span>_||><||_html:<span '
 "style='background-color: rgba(0.0, 165.0, 0, 0.15); border-radius: 3px;' "
 'title=\'1.0\'>_||> "<||_html:</span>_||><||_html:<span '
 "style='background-color: rgba(0.0, 165.0, 0, 0.15); border-radius: 3px;' "
 "title='1.0'>_||>true<||_html:</span>_||><||_html:<span "
 "style='background-color: rgba(0.0, 165.0, 0, 0.15); border-radius: 3px;' "
 'title=\'1.0\'>_||>",<||_html:</span>_||><||_html:<span '
 "style='background-color: rgba(0.0, 165.0, 0, 0.15); border-radius: 3px;' "
 "title='1.0'>_||>\n"
 "<||_html:</span>_||><||_html:<span style='background-color: rgba(0.0, 165.0, "
 "0, 0.15); border-radius: 3px;' title='1.0'>_||>     "
 "<||_html:</span>_||><||_html:<span style='background-color: rgba(0.0, 165.0, "
 "0, 0.15); border-radius: 3px;' title='1.0'>_||> "
 '"<||_html:</span>_||><||_html:<span style=\'background-color: rgba(0.0, '
 "165.0, 0, 0.15); border-radius: 3px;' title='1.0'>_||>")
('Analyze the following two GraphQL schemas for changes, including both '
 'breaking and non-breaking changes.\n'
 '\n'
 '                        Provide your analysis in the following JSON format:\n'
 '                        {\n'
 '                          "changes": [\n'
 '                            {\n'
 '                              "type": "String representing the GraphQL type '
 '(e.g., Query, Mutation, Subscription)",\n'
 '                              "field": "String representing the specific '
 'field that changed",\n'
 '                              "change": "String describing the change (e.g., '
 'field renamed, new field added, field removed)",\n'
 '                              "breaking": "Boolean indicating if the change '
 'is breaking (true) or non-breaking (false)",\n'
 '                              "release_note": "String with a natural '
 'language description of the change for release notes"\n'
 '                            }\n'
 '                          ],\n'
 '                          "release_notes": {\n'
 '                              "summary": "String summarizing all changes, '
 'suitable for a mailing list or public announcement"\n'
 '                          }\n'
 '                        }\n'
 '\n'
 '                        When analyzing, consider the following types of '
 'changes:\n'
 '                        1. Removing fields or types (breaking)\n'
 '                        2. Changing field types (potentially breaking)\n'
 '                        3. Adding required fields (breaking)\n'
 '                        4. Changing the type of existing arguments '
 '(breaking)\n'
 '                        5. Adding optional fields (non-breaking)\n'
 '                        6. Adding new types (non-breaking)\n'
 '                        7. Deprecating fields (non-breaking)\n'
 '\n'
 '                        Ensure that each change is categorized correctly as '
 'breaking or non-breaking.: type Query {\n'
 '  getProduct(id: ID!): Product\n'
 '}\n'
 '\n'
 'type Product {\n'
 '  id: ID\n'
 '  name: String\n'
 '  description: String\n'
 '  price: Float\n'
 '  stock: Int\n'
 '}\n'
 ', type Query {\n'
 '  getProduct(id: ID!): Product\n'
 '}\n'
 '\n'
 'type Product {\n'
 '  id: ID\n'
 '  name: String\n'
 '  details: String\n'
 '  price: Float\n'
 '}\n'
 '\n'
 "Answer:<||_html:<span style='background-color: rgba(0.0, 165.0, 0, 0.15); "
 "border-radius: 3px;' title='1.0'>_||> {<||_html:</span>_||><||_html:<span "
 "style='background-color: rgba(0.0, 165.0, 0, 0.15); border-radius: 3px;' "
 "title='1.0'>_||>\n"
 "<||_html:</span>_||><||_html:<span style='background-color: rgba(0.0, 165.0, "
 "0, 0.15); border-radius: 3px;' title='1.0'>_||> "
 "<||_html:</span>_||><||_html:<span style='background-color: rgba(0.0, 165.0, "
 "0, 0.15); border-radius: 3px;' title='1.0'>_||> "
 '"<||_html:</span>_||><||_html:<span style=\'background-color: rgba(0.0, '
 "165.0, 0, 0.15); border-radius: 3px;' "
 "title='1.0'>_||>changes<||_html:</span>_||><||_html:<span "
 "style='background-color: rgba(0.0, 165.0, 0, 0.15); border-radius: 3px;' "
 'title=\'1.0\'>_||>":<||_html:</span>_||><||_html:<span '
 "style='background-color: rgba(0.0, 165.0, 0, 0.15); border-radius: 3px;' "
 "title='1.0'>_||> [<||_html:</span>_||><||_html:<span "
 "style='background-color: rgba(0.0, 165.0, 0, 0.15); border-radius: 3px;' "
 "title='1.0'>_||>\n"
 "<||_html:</span>_||><||_html:<span style='background-color: rgba(0.0, 165.0, "
 "0, 0.15); border-radius: 3px;' title='1.0'>_||>   "
 "<||_html:</span>_||><||_html:<span style='background-color: rgba(0.0, 165.0, "
 "0, 0.15); border-radius: 3px;' title='1.0'>_||> "
 "{<||_html:</span>_||><||_html:<span style='background-color: rgba(0.0, "
 "165.0, 0, 0.15); border-radius: 3px;' title='1.0'>_||>\n"
 "<||_html:</span>_||><||_html:<span style='background-color: rgba(0.0, 165.0, "
 "0, 0.15); border-radius: 3px;' title='1.0'>_||>     "
 "<||_html:</span>_||><||_html:<span style='background-color: rgba(0.0, 165.0, "
 "0, 0.15); border-radius: 3px;' title='1.0'>_||> "
 '"<||_html:</span>_||><||_html:<span style=\'background-color: rgba(0.0, '
 "165.0, 0, 0.15); border-radius: 3px;' "
 "title='1.0'>_||>type<||_html:</span>_||><||_html:<span "
 "style='background-color: rgba(0.0, 165.0, 0, 0.15); border-radius: 3px;' "
 'title=\'1.0\'>_||>":<||_html:</span>_||><||_html:<span '
 "style='background-color: rgba(0.0, 165.0, 0, 0.15); border-radius: 3px;' "
 'title=\'1.0\'>_||> "<||_html:</span>_||><||_html:<span '
 "style='background-color: rgba(0.0, 165.0, 0, 0.15); border-radius: 3px;' "
 "title='1.0'>_||>Query<||_html:</span>_||><||_html:<span "
 "style='background-color: rgba(0.0, 165.0, 0, 0.15); border-radius: 3px;' "
 'title=\'1.0\'>_||>",<||_html:</span>_||><||_html:<span '
 "style='background-color: rgba(0.0, 165.0, 0, 0.15); border-radius: 3px;' "
 "title='1.0'>_||>\n"
 "<||_html:</span>_||><||_html:<span style='background-color: rgba(0.0, 165.0, "
 "0, 0.15); border-radius: 3px;' title='1.0'>_||>     "
 "<||_html:</span>_||><||_html:<span style='background-color: rgba(0.0, 165.0, "
 "0, 0.15); border-radius: 3px;' title='1.0'>_||> "
 '"<||_html:</span>_||><||_html:<span style=\'background-color: rgba(0.0, '
 "165.0, 0, 0.15); border-radius: 3px;' "
 "title='1.0'>_||>field<||_html:</span>_||><||_html:<span "
 "style='background-color: rgba(0.0, 165.0, 0, 0.15); border-radius: 3px;' "
 'title=\'1.0\'>_||>":<||_html:</span>_||><||_html:<span '
 "style='background-color: rgba(0.0, 165.0, 0, 0.15); border-radius: 3px;' "
 'title=\'1.0\'>_||> "<||_html:</span>_||><||_html:<span '
 "style='background-color: rgba(0.0, 165.0, 0, 0.15); border-radius: 3px;' "
 "title='1.0'>_||>get<||_html:</span>_||><||_html:<span "
 "style='background-color: rgba(0.0, 165.0, 0, 0.15); border-radius: 3px;' "
 "title='1.0'>_||>Product<||_html:</span>_||><||_html:<span "
 "style='background-color: rgba(0.0, 165.0, 0, 0.15); border-radius: 3px;' "
 'title=\'1.0\'>_||>",<||_html:</span>_||><||_html:<span '
 "style='background-color: rgba(0.0, 165.0, 0, 0.15); border-radius: 3px;' "
 "title='1.0'>_||>\n"
 "<||_html:</span>_||><||_html:<span style='background-color: rgba(0.0, 165.0, "
 "0, 0.15); border-radius: 3px;' title='1.0'>_||>     "
 "<||_html:</span>_||><||_html:<span style='background-color: rgba(0.0, 165.0, "
 "0, 0.15); border-radius: 3px;' title='1.0'>_||> "
 '"<||_html:</span>_||><||_html:<span style=\'background-color: rgba(0.0, '
 "165.0, 0, 0.15); border-radius: 3px;' "
 "title='1.0'>_||>change<||_html:</span>_||><||_html:<span "
 "style='background-color: rgba(0.0, 165.0, 0, 0.15); border-radius: 3px;' "
 'title=\'1.0\'>_||>":<||_html:</span>_||><||_html:<span '
 "style='background-color: rgba(0.0, 165.0, 0, 0.15); border-radius: 3px;' "
 'title=\'1.0\'>_||> "<||_html:</span>_||><||_html:<span '
 "style='background-color: rgba(0.0, 165.0, 0, 0.15); border-radius: 3px;' "
 "title='1.0'>_||>field<||_html:</span>_||><||_html:<span "
 "style='background-color: rgba(0.0, 165.0, 0, 0.15); border-radius: 3px;' "
 "title='1.0'>_||> details<||_html:</span>_||><||_html:<span "
 "style='background-color: rgba(0.0, 165.0, 0, 0.15); border-radius: 3px;' "
 "title='1.0'>_||> added<||_html:</span>_||><||_html:<span "
 "style='background-color: rgba(0.0, 165.0, 0, 0.15); border-radius: 3px;' "
 'title=\'1.0\'>_||>",<||_html:</span>_||><||_html:<span '
 "style='background-color: rgba(0.0, 165.0, 0, 0.15); border-radius: 3px;' "
 "title='1.0'>_||>\n"
 "<||_html:</span>_||><||_html:<span style='background-color: rgba(0.0, 165.0, "
 "0, 0.15); border-radius: 3px;' title='1.0'>_||>     "
 "<||_html:</span>_||><||_html:<span style='background-color: rgba(0.0, 165.0, "
 "0, 0.15); border-radius: 3px;' title='1.0'>_||> "
 '"<||_html:</span>_||><||_html:<span style=\'background-color: rgba(0.0, '
 "165.0, 0, 0.15); border-radius: 3px;' "
 "title='1.0'>_||>breaking<||_html:</span>_||><||_html:<span "
 "style='background-color: rgba(0.0, 165.0, 0, 0.15); border-radius: 3px;' "
 'title=\'1.0\'>_||>":<||_html:</span>_||><||_html:<span '
 "style='background-color: rgba(0.0, 165.0, 0, 0.15); border-radius: 3px;' "
 'title=\'1.0\'>_||> "<||_html:</span>_||><||_html:<span '
 "style='background-color: rgba(0.0, 165.0, 0, 0.15); border-radius: 3px;' "
 "title='1.0'>_||>false<||_html:</span>_||><||_html:<span "
 "style='background-color: rgba(0.0, 165.0, 0, 0.15); border-radius: 3px;' "
 'title=\'1.0\'>_||>",<||_html:</span>_||><||_html:<span '
 "style='background-color: rgba(0.0, 165.0, 0, 0.15); border-radius: 3px;' "
 "title='1.0'>_||>\n"
 "<||_html:</span>_||><||_html:<span style='background-color: rgba(0.0, 165.0, "
 "0, 0.15); border-radius: 3px;' title='1.0'>_||>     "
 "<||_html:</span>_||><||_html:<span style='background-color: rgba(0.0, 165.0, "
 "0, 0.15); border-radius: 3px;' title='1.0'>_||> "
 '"<||_html:</span>_||><||_html:<span style=\'background-color: rgba(0.0, '
 "165.0, 0, 0.15); border-radius: 3px;' "
 "title='1.0'>_||>release<||_html:</span>_||><||_html:<span "
 "style='background-color: rgba(0.0, 165.0, 0, 0.15); border-radius: 3px;' "
 "title='1.0'>_||>_<||_html:</span>_||><||_html:<span style='background-color: "
 "rgba(0.0, 165.0, 0, 0.15); border-radius: 3px;' "
 "title='1.0'>_||>note<||_html:</span>_||><||_html:<span "
 "style='background-color: rgba(0.0, 165.0, 0, 0.15); border-radius: 3px;' "
 'title=\'1.0\'>_||>":<||_html:</span>_||><||_html:<span '
 "style='background-color: rgba(0.0, 165.0, 0, 0.15); border-radius: 3px;' "
 'title=\'1.0\'>_||> "<||_html:</span>_||><||_html:<span '
 "style='background-color: rgba(0.0, 165.0, 0, 0.15); border-radius: 3px;' "
 "title='1.0'>_||>The<||_html:</span>_||><||_html:<span "
 "style='background-color: rgba(0.0, 165.0, 0, 0.15); border-radius: 3px;' "
 "title='1.0'>_||> '<||_html:</span>_||><||_html:<span "
 "style='background-color: rgba(0.0, 165.0, 0, 0.15); border-radius: 3px;' "
 "title='1.0'>_||>get<||_html:</span>_||><||_html:<span "
 "style='background-color: rgba(0.0, 165.0, 0, 0.15); border-radius: 3px;' "
 "title='1.0'>_||>Product<||_html:</span>_||><||_html:<span "
 "style='background-color: rgba(0.0, 165.0, 0, 0.15); border-radius: 3px;' "
 "title='1.0'>_||>'<||_html:</span>_||><||_html:<span style='background-color: "
 "rgba(0.0, 165.0, 0, 0.15); border-radius: 3px;' title='1.0'>_||> "
 "query<||_html:</span>_||><||_html:<span style='background-color: rgba(0.0, "
 "165.0, 0, 0.15); border-radius: 3px;' title='1.0'>_||> "
 "now<||_html:</span>_||><||_html:<span style='background-color: rgba(0.0, "
 "165.0, 0, 0.15); border-radius: 3px;' title='1.0'>_||> "
 "includes<||_html:</span>_||><||_html:<span style='background-color: "
 "rgba(0.0, 165.0, 0, 0.15); border-radius: 3px;' title='1.0'>_||> "
 "a<||_html:</span>_||><||_html:<span style='background-color: rgba(0.0, "
 "165.0, 0, 0.15); border-radius: 3px;' title='1.0'>_||> "
 "new<||_html:</span>_||><||_html:<span style='background-color: rgba(0.0, "
 "165.0, 0, 0.15); border-radius: 3px;' title='1.0'>_||> "
 "field<||_html:</span>_||><||_html:<span style='background-color: rgba(0.0, "
 "165.0, 0, 0.15); border-radius: 3px;' title='1.0'>_||> "
 "'<||_html:</span>_||><||_html:<span style='background-color: rgba(0.0, "
 "165.0, 0, 0.15); border-radius: 3px;' "
 "title='1.0'>_||>details<||_html:</span>_||><||_html:<span "
 "style='background-color: rgba(0.0, 165.0, 0, 0.15); border-radius: 3px;' "
 "title='1.0'>_||>'<||_html:</span>_||><||_html:<span style='background-color: "
 "rgba(0.0, 165.0, 0, 0.15); border-radius: 3px;' title='1.0'>_||> "
 "of<||_html:</span>_||><||_html:<span style='background-color: rgba(0.0, "
 "165.0, 0, 0.15); border-radius: 3px;' title='1.0'>_||> "
 "type<||_html:</span>_||><||_html:<span style='background-color: rgba(0.0, "
 "165.0, 0, 0.15); border-radius: 3px;' title='1.0'>_||> "
 "String<||_html:</span>_||><||_html:<span style='background-color: rgba(0.0, "
 "165.0, 0, 0.15); border-radius: 3px;' "
 'title=\'1.0\'>_||>."<||_html:</span>_||><||_html:<span '
 "style='background-color: rgba(0.0, 165.0, 0, 0.15); border-radius: 3px;' "
 "title='1.0'>_||>\n"
 "<||_html:</span>_||><||_html:<span style='background-color: rgba(0.0, 165.0, "
 "0, 0.15); border-radius: 3px;' title='1.0'>_||>   "
 "<||_html:</span>_||><||_html:<span style='background-color: rgba(0.0, 165.0, "
 "0, 0.15); border-radius: 3px;' title='1.0'>_||> "
 "},<||_html:</span>_||><||_html:<span style='background-color: rgba(0.0, "
 "165.0, 0, 0.15); border-radius: 3px;' title='1.0'>_||>\n"
 "<||_html:</span>_||><||_html:<span style='background-color: rgba(0.0, 165.0, "
 "0, 0.15); border-radius: 3px;' title='1.0'>_||>   "
 "<||_html:</span>_||><||_html:<span style='background-color: rgba(0.0, 165.0, "
 "0, 0.15); border-radius: 3px;' title='1.0'>_||> "
 "{<||_html:</span>_||><||_html:<span style='background-color: rgba(0.0, "
 "165.0, 0, 0.15); border-radius: 3px;' title='1.0'>_||>\n"
 "<||_html:</span>_||><||_html:<span style='background-color: rgba(0.0, 165.0, "
 "0, 0.15); border-radius: 3px;' title='1.0'>_||>     "
 "<||_html:</span>_||><||_html:<span style='background-color: rgba(0.0, 165.0, "
 "0, 0.15); border-radius: 3px;' title='1.0'>_||> "
 '"<||_html:</span>_||><||_html:<span style=\'background-color: rgba(0.0, '
 "165.0, 0, 0.15); border-radius: 3px;' "
 "title='1.0'>_||>type<||_html:</span>_||><||_html:<span "
 "style='background-color: rgba(0.0, 165.0, 0, 0.15); border-radius: 3px;' "
 'title=\'1.0\'>_||>":<||_html:</span>_||><||_html:<span '
 "style='background-color: rgba(0.0, 165.0, 0, 0.15); border-radius: 3px;' "
 'title=\'1.0\'>_||> "<||_html:</span>_||><||_html:<span '
 "style='background-color: rgba(0.0, 165.0, 0, 0.15); border-radius: 3px;' "
 "title='1.0'>_||>Product<||_html:</span>_||><||_html:<span "
 "style='background-color: rgba(0.0, 165.0, 0, 0.15); border-radius: 3px;' "
 'title=\'1.0\'>_||>",<||_html:</span>_||><||_html:<span '
 "style='background-color: rgba(0.0, 165.0, 0, 0.15); border-radius: 3px;' "
 "title='1.0'>_||>\n"
 "<||_html:</span>_||><||_html:<span style='background-color: rgba(0.0, 165.0, "
 "0, 0.15); border-radius: 3px;' title='1.0'>_||>     "
 "<||_html:</span>_||><||_html:<span style='background-color: rgba(0.0, 165.0, "
 "0, 0.15); border-radius: 3px;' title='1.0'>_||> "
 '"<||_html:</span>_||><||_html:<span style=\'background-color: rgba(0.0, '
 "165.0, 0, 0.15); border-radius: 3px;' "
 "title='1.0'>_||>field<||_html:</span>_||><||_html:<span "
 "style='background-color: rgba(0.0, 165.0, 0, 0.15); border-radius: 3px;' "
 'title=\'1.0\'>_||>":<||_html:</span>_||><||_html:<span '
 "style='background-color: rgba(0.0, 165.0, 0, 0.15); border-radius: 3px;' "
 'title=\'1.0\'>_||> "<||_html:</span>_||><||_html:<span '
 "style='background-color: rgba(0.0, 165.0, 0, 0.15); border-radius: 3px;' "
 "title='1.0'>_||>description<||_html:</span>_||><||_html:<span "
 "style='background-color: rgba(0.0, 165.0, 0, 0.15); border-radius: 3px;' "
 'title=\'1.0\'>_||>",<||_html:</span>_||><||_html:<span '
 "style='background-color: rgba(0.0, 165.0, 0, 0.15); border-radius: 3px;' "
 "title='1.0'>_||>\n"
 "<||_html:</span>_||><||_html:<span style='background-color: rgba(0.0, 165.0, "
 "0, 0.15); border-radius: 3px;' title='1.0'>_||>     "
 "<||_html:</span>_||><||_html:<span style='background-color: rgba(0.0, 165.0, "
 "0, 0.15); border-radius: 3px;' title='1.0'>_||> "
 '"<||_html:</span>_||><||_html:<span style=\'background-color: rgba(0.0, '
 "165.0, 0, 0.15); border-radius: 3px;' "
 "title='1.0'>_||>change<||_html:</span>_||><||_html:<span "
 "style='background-color: rgba(0.0, 165.0, 0, 0.15); border-radius: 3px;' "
 'title=\'1.0\'>_||>":<||_html:</span>_||><||_html:<span '
 "style='background-color: rgba(0.0, 165.0, 0, 0.15); border-radius: 3px;' "
 'title=\'1.0\'>_||> "<||_html:</span>_||><||_html:<span '
 "style='background-color: rgba(0.0, 165.0, 0, 0.15); border-radius: 3px;' "
 "title='1.0'>_||>field<||_html:</span>_||><||_html:<span "
 "style='background-color: rgba(0.0, 165.0, 0, 0.15); border-radius: 3px;' "
 "title='1.0'>_||> removed<||_html:</span>_||><||_html:<span "
 "style='background-color: rgba(0.0, 165.0, 0, 0.15); border-radius: 3px;' "
 'title=\'1.0\'>_||>",<||_html:</span>_||><||_html:<span '
 "style='background-color: rgba(0.0, 165.0, 0, 0.15); border-radius: 3px;' "
 "title='1.0'>_||>\n"
 "<||_html:</span>_||><||_html:<span style='background-color: rgba(0.0, 165.0, "
 "0, 0.15); border-radius: 3px;' title='1.0'>_||>     "
 "<||_html:</span>_||><||_html:<span style='background-color: rgba(0.0, 165.0, "
 "0, 0.15); border-radius: 3px;' title='1.0'>_||> "
 '"<||_html:</span>_||><||_html:<span style=\'background-color: rgba(0.0, '
 "165.0, 0, 0.15); border-radius: 3px;' "
 "title='1.0'>_||>breaking<||_html:</span>_||><||_html:<span "
 "style='background-color: rgba(0.0, 165.0, 0, 0.15); border-radius: 3px;' "
 'title=\'1.0\'>_||>":<||_html:</span>_||><||_html:<span '
 "style='background-color: rgba(0.0, 165.0, 0, 0.15); border-radius: 3px;' "
 'title=\'1.0\'>_||> "<||_html:</span>_||><||_html:<span '
 "style='background-color: rgba(0.0, 165.0, 0, 0.15); border-radius: 3px;' "
 "title='1.0'>_||>true<||_html:</span>_||><||_html:<span "
 "style='background-color: rgba(0.0, 165.0, 0, 0.15); border-radius: 3px;' "
 'title=\'1.0\'>_||>",<||_html:</span>_||><||_html:<span '
 "style='background-color: rgba(0.0, 165.0, 0, 0.15); border-radius: 3px;' "
 "title='1.0'>_||>\n"
 "<||_html:</span>_||><||_html:<span style='background-color: rgba(0.0, 165.0, "
 "0, 0.15); border-radius: 3px;' title='1.0'>_||>     "
 "<||_html:</span>_||><||_html:<span style='background-color: rgba(0.0, 165.0, "
 "0, 0.15); border-radius: 3px;' title='1.0'>_||> "
 '"<||_html:</span>_||><||_html:<span style=\'background-color: rgba(0.0, '
 "165.0, 0, 0.15); border-radius: 3px;' "
 "title='1.0'>_||>release<||_html:</span>_||><||_html:<span "
 "style='background-color: rgba(0.0, 165.0, 0, 0.15); border-radius: 3px;' "
 "title='1.0'>_||>_<||_html:</span>_||><||_html:<span style='background-color: "
 "rgba(0.0, 165.0, 0, 0.15); border-radius: 3px;' "
 "title='1.0'>_||>note<||_html:</span>_||><||_html:<span "
 "style='background-color: rgba(0.0, 165.0, 0, 0.15); border-radius: 3px;' "
 'title=\'1.0\'>_||>":<||_html:</span>_||><||_html:<span '
 "style='background-color: rgba(0.0, 165.0, 0, 0.15); border-radius: 3px;' "
 'title=\'1.0\'>_||> "<||_html:</span>_||><||_html:<span '
 "style='background-color: rgba(0.0, 165.0, 0, 0.15); border-radius: 3px;' "
 "title='1.0'>_||>The<||_html:</span>_||><||_html:<span "
 "style='background-color: rgba(0.0, 165.0, 0, 0.15); border-radius: 3px;' "
 "title='1.0'>_||> '<||_html:</span>_||><||_html:<span "
 "style='background-color: rgba(0.0, 165.0, 0, 0.15); border-radius: 3px;' "
 "title='1.0'>_||>Product<||_html:</span>_||><||_html:<span "
 "style='background-color: rgba(0.0, 165.0, 0, 0.15); border-radius: 3px;' "
 "title='1.0'>_||>'<||_html:</span>_||><||_html:<span style='background-color: "
 "rgba(0.0, 165.0, 0, 0.15); border-radius: 3px;' title='1.0'>_||> "
 "type<||_html:</span>_||><||_html:<span style='background-color: rgba(0.0, "
 "165.0, 0, 0.15); border-radius: 3px;' title='1.0'>_||> "
 "no<||_html:</span>_||><||_html:<span style='background-color: rgba(0.0, "
 "165.0, 0, 0.15); border-radius: 3px;' title='1.0'>_||> "
 "longer<||_html:</span>_||><||_html:<span style='background-color: rgba(0.0, "
 "165.0, 0, 0.15); border-radius: 3px;' title='1.0'>_||> "
 "includes<||_html:</span>_||><||_html:<span style='background-color: "
 "rgba(0.0, 165.0, 0, 0.15); border-radius: 3px;' title='1.0'>_||> "
 "the<||_html:</span>_||><||_html:<span style='background-color: rgba(0.0, "
 "165.0, 0, 0.15); border-radius: 3px;' title='1.0'>_||> "
 "'<||_html:</span>_||><||_html:<span style='background-color: rgba(0.0, "
 "165.0, 0, 0.15); border-radius: 3px;' "
 "title='1.0'>_||>description<||_html:</span>_||><||_html:<span "
 "style='background-color: rgba(0.0, 165.0, 0, 0.15); border-radius: 3px;' "
 "title='1.0'>_||>'<||_html:</span>_||><||_html:<span style='background-color: "
 "rgba(0.0, 165.0, 0, 0.15); border-radius: 3px;' title='1.0'>_||> "
 "field<||_html:</span>_||><||_html:<span style='background-color: rgba(0.0, "
 "165.0, 0, 0.15); border-radius: 3px;' "
 'title=\'1.0\'>_||>."<||_html:</span>_||><||_html:<span '
 "style='background-color: rgba(0.0, 165.0, 0, 0.15); border-radius: 3px;' "
 "title='1.0'>_||>\n"
 "<||_html:</span>_||><||_html:<span style='background-color: rgba(0.0, 165.0, "
 "0, 0.15); border-radius: 3px;' title='1.0'>_||>   "
 "<||_html:</span>_||><||_html:<span style='background-color: rgba(0.0, 165.0, "
 "0, 0.15); border-radius: 3px;' title='1.0'>_||> "
 "},<||_html:</span>_||><||_html:<span style='background-color: rgba(0.0, "
 "165.0, 0, 0.15); border-radius: 3px;' title='1.0'>_||>\n"
 "<||_html:</span>_||><||_html:<span style='background-color: rgba(0.0, 165.0, "
 "0, 0.15); border-radius: 3px;' title='1.0'>_||>   "
 "<||_html:</span>_||><||_html:<span style='background-color: rgba(0.0, 165.0, "
 "0, 0.15); border-radius: 3px;' title='1.0'>_||> "
 "{<||_html:</span>_||><||_html:<span style='background-color: rgba(0.0, "
 "165.0, 0, 0.15); border-radius: 3px;' title='1.0'>_||>\n"
 "<||_html:</span>_||><||_html:<span style='background-color: rgba(0.0, 165.0, "
 "0, 0.15); border-radius: 3px;' title='1.0'>_||>     "
 "<||_html:</span>_||><||_html:<span style='background-color: rgba(0.0, 165.0, "
 "0, 0.15); border-radius: 3px;' title='1.0'>_||> "
 '"<||_html:</span>_||><||_html:<span style=\'background-color: rgba(0.0, '
 "165.0, 0, 0.15); border-radius: 3px;' "
 "title='1.0'>_||>type<||_html:</span>_||><||_html:<span "
 "style='background-color: rgba(0.0, 165.0, 0, 0.15); border-radius: 3px;' "
 'title=\'1.0\'>_||>":<||_html:</span>_||><||_html:<span '
 "style='background-color: rgba(0.0, 165.0, 0, 0.15); border-radius: 3px;' "
 'title=\'1.0\'>_||> "<||_html:</span>_||><||_html:<span '
 "style='background-color: rgba(0.0, 165.0, 0, 0.15); border-radius: 3px;' "
 "title='1.0'>_||>Product<||_html:</span>_||><||_html:<span "
 "style='background-color: rgba(0.0, 165.0, 0, 0.15); border-radius: 3px;' "
 'title=\'1.0\'>_||>",<||_html:</span>_||><||_html:<span '
 "style='background-color: rgba(0.0, 165.0, 0, 0.15); border-radius: 3px;' "
 "title='1.0'>_||>\n"
 "<||_html:</span>_||><||_html:<span style='background-color: rgba(0.0, 165.0, "
 "0, 0.15); border-radius: 3px;' title='1.0'>_||>     "
 "<||_html:</span>_||><||_html:<span style='background-color: rgba(0.0, 165.0, "
 "0, 0.15); border-radius: 3px;' title='1.0'>_||> "
 '"<||_html:</span>_||><||_html:<span style=\'background-color: rgba(0.0, '
 "165.0, 0, 0.15); border-radius: 3px;' "
 "title='1.0'>_||>field<||_html:</span>_||><||_html:<span "
 "style='background-color: rgba(0.0, 165.0, 0, 0.15); border-radius: 3px;' "
 'title=\'1.0\'>_||>":<||_html:</span>_||><||_html:<span '
 "style='background-color: rgba(0.0, 165.0, 0, 0.15); border-radius: 3px;' "
 'title=\'1.0\'>_||> "<||_html:</span>_||><||_html:<span '
 "style='background-color: rgba(0.0, 165.0, 0, 0.15); border-radius: 3px;' "
 "title='1.0'>_||>stock<||_html:</span>_||><||_html:<span "
 "style='background-color: rgba(0.0, 165.0, 0, 0.15); border-radius: 3px;' "
 'title=\'1.0\'>_||>",<||_html:</span>_||><||_html:<span '
 "style='background-color: rgba(0.0, 165.0, 0, 0.15); border-radius: 3px;' "
 "title='1.0'>_||>\n"
 "<||_html:</span>_||><||_html:<span style='background-color: rgba(0.0, 165.0, "
 "0, 0.15); border-radius: 3px;' title='1.0'>_||>     "
 "<||_html:</span>_||><||_html:<span style='background-color: rgba(0.0, 165.0, "
 "0, 0.15); border-radius: 3px;' title='1.0'>_||> "
 '"<||_html:</span>_||><||_html:<span style=\'background-color: rgba(0.0, '
 "165.0, 0, 0.15); border-radius: 3px;' "
 "title='1.0'>_||>change<||_html:</span>_||><||_html:<span "
 "style='background-color: rgba(0.0, 165.0, 0, 0.15); border-radius: 3px;' "
 'title=\'1.0\'>_||>":<||_html:</span>_||><||_html:<span '
 "style='background-color: rgba(0.0, 165.0, 0, 0.15); border-radius: 3px;' "
 'title=\'1.0\'>_||> "<||_html:</span>_||><||_html:<span '
 "style='background-color: rgba(0.0, 165.0, 0, 0.15); border-radius: 3px;' "
 "title='1.0'>_||>field<||_html:</span>_||><||_html:<span "
 "style='background-color: rgba(0.0, 165.0, 0, 0.15); border-radius: 3px;' "
 "title='1.0'>_||> removed<||_html:</span>_||><||_html:<span "
 "style='background-color: rgba(0.0, 165.0, 0, 0.15); border-radius: 3px;' "
 'title=\'1.0\'>_||>",<||_html:</span>_||><||_html:<span '
 "style='background-color: rgba(0.0, 165.0, 0, 0.15); border-radius: 3px;' "
 "title='1.0'>_||>\n"
 "<||_html:</span>_||><||_html:<span style='background-color: rgba(0.0, 165.0, "
 "0, 0.15); border-radius: 3px;' title='1.0'>_||>     "
 "<||_html:</span>_||><||_html:<span style='background-color: rgba(0.0, 165.0, "
 "0, 0.15); border-radius: 3px;' title='1.0'>_||> "
 '"<||_html:</span>_||><||_html:<span style=\'background-color: rgba(0.0, '
 "165.0, 0, 0.15); border-radius: 3px;' "
 "title='1.0'>_||>breaking<||_html:</span>_||><||_html:<span "
 "style='background-color: rgba(0.0, 165.0, 0, 0.15); border-radius: 3px;' "
 'title=\'1.0\'>_||>":<||_html:</span>_||><||_html:<span '
 "style='background-color: rgba(0.0, 165.0, 0, 0.15); border-radius: 3px;' "
 'title=\'1.0\'>_||> "<||_html:</span>_||><||_html:<span '
 "style='background-color: rgba(0.0, 165.0, 0, 0.15); border-radius: 3px;' "
 "title='1.0'>_||>true<||_html:</span>_||><||_html:<span "
 "style='background-color: rgba(0.0, 165.0, 0, 0.15); border-radius: 3px;' "
 'title=\'1.0\'>_||>",<||_html:</span>_||><||_html:<span '
 "style='background-color: rgba(0.0, 165.0, 0, 0.15); border-radius: 3px;' "
 "title='1.0'>_||>\n"
 "<||_html:</span>_||><||_html:<span style='background-color: rgba(0.0, 165.0, "
 "0, 0.15); border-radius: 3px;' title='1.0'>_||>     "
 "<||_html:</span>_||><||_html:<span style='background-color: rgba(0.0, 165.0, "
 "0, 0.15); border-radius: 3px;' title='1.0'>_||> "
 '"<||_html:</span>_||><||_html:<span style=\'background-color: rgba(0.0, '
 "165.0, 0, 0.15); border-radius: 3px;' "
 "title='1.0'>_||>release<||_html:</span>_||><||_html:<span "
 "style='background-color: rgba(0.0, 165.0, 0, 0.15); border-radius: 3px;' "
 "title='1.0'>_||>_<||_html:</span>_||><||_html:<span style='background-color: "
 "rgba(0.0, 165.0, 0, 0.15); border-radius: 3px;' "
 "title='1.0'>_||>note<||_html:</span>_||><||_html:<span "
 "style='background-color: rgba(0.0, 165.0, 0, 0.15); border-radius: 3px;' "
 "title='1.0'>_||>")
('Analyze the following two GraphQL schemas for changes, including both '
 'breaking and non-breaking changes.\n'
 '\n'
 '                        Provide your analysis in the following JSON format:\n'
 '                        {\n'
 '                          "changes": [\n'
 '                            {\n'
 '                              "type": "String representing the GraphQL type '
 '(e.g., Query, Mutation, Subscription)",\n'
 '                              "field": "String representing the specific '
 'field that changed",\n'
 '                              "change": "String describing the change (e.g., '
 'field renamed, new field added, field removed)",\n'
 '                              "breaking": "Boolean indicating if the change '
 'is breaking (true) or non-breaking (false)",\n'
 '                              "release_note": "String with a natural '
 'language description of the change for release notes"\n'
 '                            }\n'
 '                          ],\n'
 '                          "release_notes": {\n'
 '                              "summary": "String summarizing all changes, '
 'suitable for a mailing list or public announcement"\n'
 '                          }\n'
 '                        }\n'
 '\n'
 '                        When analyzing, consider the following types of '
 'changes:\n'
 '                        1. Removing fields or types (breaking)\n'
 '                        2. Changing field types (potentially breaking)\n'
 '                        3. Adding required fields (breaking)\n'
 '                        4. Changing the type of existing arguments '
 '(breaking)\n'
 '                        5. Adding optional fields (non-breaking)\n'
 '                        6. Adding new types (non-breaking)\n'
 '                        7. Deprecating fields (non-breaking)\n'
 '\n'
 '                        Ensure that each change is categorized correctly as '
 'breaking or non-breaking.: type Query {\n'
 '  getProduct(id: ID!): Product\n'
 '}\n'
 '\n'
 'type Product {\n'
 '  id: ID\n'
 '  name: String\n'
 '  description: String\n'
 '  price: Float\n'
 '  stock: Int\n'
 '}\n'
 ', type Query {\n'
 '  getProduct(id: ID!): Product\n'
 '}\n'
 '\n'
 'type Product {\n'
 '  id: ID\n'
 '  name: String\n'
 '  details: String\n'
 '  price: Float\n'
 '}\n'
 '\n'
 "Answer:<||_html:<span style='background-color: rgba(0.0, 165.0, 0, 0.15); "
 "border-radius: 3px;' title='1.0'>_||> {<||_html:</span>_||><||_html:<span "
 "style='background-color: rgba(0.0, 165.0, 0, 0.15); border-radius: 3px;' "
 "title='1.0'>_||>\n"
 "<||_html:</span>_||><||_html:<span style='background-color: rgba(0.0, 165.0, "
 "0, 0.15); border-radius: 3px;' title='1.0'>_||> "
 "<||_html:</span>_||><||_html:<span style='background-color: rgba(0.0, 165.0, "
 "0, 0.15); border-radius: 3px;' title='1.0'>_||> "
 '"<||_html:</span>_||><||_html:<span style=\'background-color: rgba(0.0, '
 "165.0, 0, 0.15); border-radius: 3px;' "
 "title='1.0'>_||>changes<||_html:</span>_||><||_html:<span "
 "style='background-color: rgba(0.0, 165.0, 0, 0.15); border-radius: 3px;' "
 'title=\'1.0\'>_||>":<||_html:</span>_||><||_html:<span '
 "style='background-color: rgba(0.0, 165.0, 0, 0.15); border-radius: 3px;' "
 "title='1.0'>_||> [<||_html:</span>_||><||_html:<span "
 "style='background-color: rgba(0.0, 165.0, 0, 0.15); border-radius: 3px;' "
 "title='1.0'>_||>\n"
 "<||_html:</span>_||><||_html:<span style='background-color: rgba(0.0, 165.0, "
 "0, 0.15); border-radius: 3px;' title='1.0'>_||>   "
 "<||_html:</span>_||><||_html:<span style='background-color: rgba(0.0, 165.0, "
 "0, 0.15); border-radius: 3px;' title='1.0'>_||> "
 "{<||_html:</span>_||><||_html:<span style='background-color: rgba(0.0, "
 "165.0, 0, 0.15); border-radius: 3px;' title='1.0'>_||>\n"
 "<||_html:</span>_||><||_html:<span style='background-color: rgba(0.0, 165.0, "
 "0, 0.15); border-radius: 3px;' title='1.0'>_||>     "
 "<||_html:</span>_||><||_html:<span style='background-color: rgba(0.0, 165.0, "
 "0, 0.15); border-radius: 3px;' title='1.0'>_||> "
 '"<||_html:</span>_||><||_html:<span style=\'background-color: rgba(0.0, '
 "165.0, 0, 0.15); border-radius: 3px;' "
 "title='1.0'>_||>type<||_html:</span>_||><||_html:<span "
 "style='background-color: rgba(0.0, 165.0, 0, 0.15); border-radius: 3px;' "
 'title=\'1.0\'>_||>":<||_html:</span>_||><||_html:<span '
 "style='background-color: rgba(0.0, 165.0, 0, 0.15); border-radius: 3px;' "
 'title=\'1.0\'>_||> "<||_html:</span>_||><||_html:<span '
 "style='background-color: rgba(0.0, 165.0, 0, 0.15); border-radius: 3px;' "
 "title='1.0'>_||>Query<||_html:</span>_||><||_html:<span "
 "style='background-color: rgba(0.0, 165.0, 0, 0.15); border-radius: 3px;' "
 'title=\'1.0\'>_||>",<||_html:</span>_||><||_html:<span '
 "style='background-color: rgba(0.0, 165.0, 0, 0.15); border-radius: 3px;' "
 "title='1.0'>_||>\n"
 "<||_html:</span>_||><||_html:<span style='background-color: rgba(0.0, 165.0, "
 "0, 0.15); border-radius: 3px;' title='1.0'>_||>     "
 "<||_html:</span>_||><||_html:<span style='background-color: rgba(0.0, 165.0, "
 "0, 0.15); border-radius: 3px;' title='1.0'>_||> "
 '"<||_html:</span>_||><||_html:<span style=\'background-color: rgba(0.0, '
 "165.0, 0, 0.15); border-radius: 3px;' "
 "title='1.0'>_||>field<||_html:</span>_||><||_html:<span "
 "style='background-color: rgba(0.0, 165.0, 0, 0.15); border-radius: 3px;' "
 'title=\'1.0\'>_||>":<||_html:</span>_||><||_html:<span '
 "style='background-color: rgba(0.0, 165.0, 0, 0.15); border-radius: 3px;' "
 'title=\'1.0\'>_||> "<||_html:</span>_||><||_html:<span '
 "style='background-color: rgba(0.0, 165.0, 0, 0.15); border-radius: 3px;' "
 "title='1.0'>_||>get<||_html:</span>_||><||_html:<span "
 "style='background-color: rgba(0.0, 165.0, 0, 0.15); border-radius: 3px;' "
 "title='1.0'>_||>Product<||_html:</span>_||><||_html:<span "
 "style='background-color: rgba(0.0, 165.0, 0, 0.15); border-radius: 3px;' "
 'title=\'1.0\'>_||>",<||_html:</span>_||><||_html:<span '
 "style='background-color: rgba(0.0, 165.0, 0, 0.15); border-radius: 3px;' "
 "title='1.0'>_||>\n"
 "<||_html:</span>_||><||_html:<span style='background-color: rgba(0.0, 165.0, "
 "0, 0.15); border-radius: 3px;' title='1.0'>_||>     "
 "<||_html:</span>_||><||_html:<span style='background-color: rgba(0.0, 165.0, "
 "0, 0.15); border-radius: 3px;' title='1.0'>_||> "
 '"<||_html:</span>_||><||_html:<span style=\'background-color: rgba(0.0, '
 "165.0, 0, 0.15); border-radius: 3px;' "
 "title='1.0'>_||>change<||_html:</span>_||><||_html:<span "
 "style='background-color: rgba(0.0, 165.0, 0, 0.15); border-radius: 3px;' "
 'title=\'1.0\'>_||>":<||_html:</span>_||><||_html:<span '
 "style='background-color: rgba(0.0, 165.0, 0, 0.15); border-radius: 3px;' "
 'title=\'1.0\'>_||> "<||_html:</span>_||><||_html:<span '
 "style='background-color: rgba(0.0, 165.0, 0, 0.15); border-radius: 3px;' "
 "title='1.0'>_||>field<||_html:</span>_||><||_html:<span "
 "style='background-color: rgba(0.0, 165.0, 0, 0.15); border-radius: 3px;' "
 "title='1.0'>_||> details<||_html:</span>_||><||_html:<span "
 "style='background-color: rgba(0.0, 165.0, 0, 0.15); border-radius: 3px;' "
 "title='1.0'>_||> added<||_html:</span>_||><||_html:<span "
 "style='background-color: rgba(0.0, 165.0, 0, 0.15); border-radius: 3px;' "
 'title=\'1.0\'>_||>",<||_html:</span>_||><||_html:<span '
 "style='background-color: rgba(0.0, 165.0, 0, 0.15); border-radius: 3px;' "
 "title='1.0'>_||>\n"
 "<||_html:</span>_||><||_html:<span style='background-color: rgba(0.0, 165.0, "
 "0, 0.15); border-radius: 3px;' title='1.0'>_||>     "
 "<||_html:</span>_||><||_html:<span style='background-color: rgba(0.0, 165.0, "
 "0, 0.15); border-radius: 3px;' title='1.0'>_||> "
 '"<||_html:</span>_||><||_html:<span style=\'background-color: rgba(0.0, '
 "165.0, 0, 0.15); border-radius: 3px;' "
 "title='1.0'>_||>breaking<||_html:</span>_||><||_html:<span "
 "style='background-color: rgba(0.0, 165.0, 0, 0.15); border-radius: 3px;' "
 'title=\'1.0\'>_||>":<||_html:</span>_||><||_html:<span '
 "style='background-color: rgba(0.0, 165.0, 0, 0.15); border-radius: 3px;' "
 'title=\'1.0\'>_||> "<||_html:</span>_||><||_html:<span '
 "style='background-color: rgba(0.0, 165.0, 0, 0.15); border-radius: 3px;' "
 "title='1.0'>_||>false<||_html:</span>_||><||_html:<span "
 "style='background-color: rgba(0.0, 165.0, 0, 0.15); border-radius: 3px;' "
 'title=\'1.0\'>_||>",<||_html:</span>_||><||_html:<span '
 "style='background-color: rgba(0.0, 165.0, 0, 0.15); border-radius: 3px;' "
 "title='1.0'>_||>\n"
 "<||_html:</span>_||><||_html:<span style='background-color: rgba(0.0, 165.0, "
 "0, 0.15); border-radius: 3px;' title='1.0'>_||>     "
 "<||_html:</span>_||><||_html:<span style='background-color: rgba(0.0, 165.0, "
 "0, 0.15); border-radius: 3px;' title='1.0'>_||> "
 '"<||_html:</span>_||><||_html:<span style=\'background-color: rgba(0.0, '
 "165.0, 0, 0.15); border-radius: 3px;' "
 "title='1.0'>_||>release<||_html:</span>_||><||_html:<span "
 "style='background-color: rgba(0.0, 165.0, 0, 0.15); border-radius: 3px;' "
 "title='1.0'>_||>_<||_html:</span>_||><||_html:<span style='background-color: "
 "rgba(0.0, 165.0, 0, 0.15); border-radius: 3px;' "
 "title='1.0'>_||>note<||_html:</span>_||><||_html:<span "
 "style='background-color: rgba(0.0, 165.0, 0, 0.15); border-radius: 3px;' "
 'title=\'1.0\'>_||>":<||_html:</span>_||><||_html:<span '
 "style='background-color: rgba(0.0, 165.0, 0, 0.15); border-radius: 3px;' "
 'title=\'1.0\'>_||> "<||_html:</span>_||><||_html:<span '
 "style='background-color: rgba(0.0, 165.0, 0, 0.15); border-radius: 3px;' "
 "title='1.0'>_||>The<||_html:</span>_||><||_html:<span "
 "style='background-color: rgba(0.0, 165.0, 0, 0.15); border-radius: 3px;' "
 "title='1.0'>_||> '<||_html:</span>_||><||_html:<span "
 "style='background-color: rgba(0.0, 165.0, 0, 0.15); border-radius: 3px;' "
 "title='1.0'>_||>get<||_html:</span>_||><||_html:<span "
 "style='background-color: rgba(0.0, 165.0, 0, 0.15); border-radius: 3px;' "
 "title='1.0'>_||>Product<||_html:</span>_||><||_html:<span "
 "style='background-color: rgba(0.0, 165.0, 0, 0.15); border-radius: 3px;' "
 "title='1.0'>_||>'<||_html:</span>_||><||_html:<span style='background-color: "
 "rgba(0.0, 165.0, 0, 0.15); border-radius: 3px;' title='1.0'>_||> "
 "query<||_html:</span>_||><||_html:<span style='background-color: rgba(0.0, "
 "165.0, 0, 0.15); border-radius: 3px;' title='1.0'>_||> "
 "now<||_html:</span>_||><||_html:<span style='background-color: rgba(0.0, "
 "165.0, 0, 0.15); border-radius: 3px;' title='1.0'>_||> "
 "includes<||_html:</span>_||><||_html:<span style='background-color: "
 "rgba(0.0, 165.0, 0, 0.15); border-radius: 3px;' title='1.0'>_||> "
 "a<||_html:</span>_||><||_html:<span style='background-color: rgba(0.0, "
 "165.0, 0, 0.15); border-radius: 3px;' title='1.0'>_||> "
 "new<||_html:</span>_||><||_html:<span style='background-color: rgba(0.0, "
 "165.0, 0, 0.15); border-radius: 3px;' title='1.0'>_||> "
 "field<||_html:</span>_||><||_html:<span style='background-color: rgba(0.0, "
 "165.0, 0, 0.15); border-radius: 3px;' title='1.0'>_||> "
 "'<||_html:</span>_||><||_html:<span style='background-color: rgba(0.0, "
 "165.0, 0, 0.15); border-radius: 3px;' "
 "title='1.0'>_||>details<||_html:</span>_||><||_html:<span "
 "style='background-color: rgba(0.0, 165.0, 0, 0.15); border-radius: 3px;' "
 "title='1.0'>_||>'<||_html:</span>_||><||_html:<span style='background-color: "
 "rgba(0.0, 165.0, 0, 0.15); border-radius: 3px;' title='1.0'>_||> "
 "of<||_html:</span>_||><||_html:<span style='background-color: rgba(0.0, "
 "165.0, 0, 0.15); border-radius: 3px;' title='1.0'>_||> "
 "type<||_html:</span>_||><||_html:<span style='background-color: rgba(0.0, "
 "165.0, 0, 0.15); border-radius: 3px;' title='1.0'>_||> "
 "String<||_html:</span>_||><||_html:<span style='background-color: rgba(0.0, "
 "165.0, 0, 0.15); border-radius: 3px;' "
 'title=\'1.0\'>_||>."<||_html:</span>_||><||_html:<span '
 "style='background-color: rgba(0.0, 165.0, 0, 0.15); border-radius: 3px;' "
 "title='1.0'>_||>\n"
 "<||_html:</span>_||><||_html:<span style='background-color: rgba(0.0, 165.0, "
 "0, 0.15); border-radius: 3px;' title='1.0'>_||>   "
 "<||_html:</span>_||><||_html:<span style='background-color: rgba(0.0, 165.0, "
 "0, 0.15); border-radius: 3px;' title='1.0'>_||> "
 "},<||_html:</span>_||><||_html:<span style='background-color: rgba(0.0, "
 "165.0, 0, 0.15); border-radius: 3px;' title='1.0'>_||>\n"
 "<||_html:</span>_||><||_html:<span style='background-color: rgba(0.0, 165.0, "
 "0, 0.15); border-radius: 3px;' title='1.0'>_||>   "
 "<||_html:</span>_||><||_html:<span style='background-color: rgba(0.0, 165.0, "
 "0, 0.15); border-radius: 3px;' title='1.0'>_||> "
 "{<||_html:</span>_||><||_html:<span style='background-color: rgba(0.0, "
 "165.0, 0, 0.15); border-radius: 3px;' title='1.0'>_||>\n"
 "<||_html:</span>_||><||_html:<span style='background-color: rgba(0.0, 165.0, "
 "0, 0.15); border-radius: 3px;' title='1.0'>_||>     "
 "<||_html:</span>_||><||_html:<span style='background-color: rgba(0.0, 165.0, "
 "0, 0.15); border-radius: 3px;' title='1.0'>_||> "
 '"<||_html:</span>_||><||_html:<span style=\'background-color: rgba(0.0, '
 "165.0, 0, 0.15); border-radius: 3px;' "
 "title='1.0'>_||>type<||_html:</span>_||><||_html:<span "
 "style='background-color: rgba(0.0, 165.0, 0, 0.15); border-radius: 3px;' "
 'title=\'1.0\'>_||>":<||_html:</span>_||><||_html:<span '
 "style='background-color: rgba(0.0, 165.0, 0, 0.15); border-radius: 3px;' "
 'title=\'1.0\'>_||> "<||_html:</span>_||><||_html:<span '
 "style='background-color: rgba(0.0, 165.0, 0, 0.15); border-radius: 3px;' "
 "title='1.0'>_||>Product<||_html:</span>_||><||_html:<span "
 "style='background-color: rgba(0.0, 165.0, 0, 0.15); border-radius: 3px;' "
 'title=\'1.0\'>_||>",<||_html:</span>_||><||_html:<span '
 "style='background-color: rgba(0.0, 165.0, 0, 0.15); border-radius: 3px;' "
 "title='1.0'>_||>\n"
 "<||_html:</span>_||><||_html:<span style='background-color: rgba(0.0, 165.0, "
 "0, 0.15); border-radius: 3px;' title='1.0'>_||>     "
 "<||_html:</span>_||><||_html:<span style='background-color: rgba(0.0, 165.0, "
 "0, 0.15); border-radius: 3px;' title='1.0'>_||> "
 '"<||_html:</span>_||><||_html:<span style=\'background-color: rgba(0.0, '
 "165.0, 0, 0.15); border-radius: 3px;' "
 "title='1.0'>_||>field<||_html:</span>_||><||_html:<span "
 "style='background-color: rgba(0.0, 165.0, 0, 0.15); border-radius: 3px;' "
 'title=\'1.0\'>_||>":<||_html:</span>_||><||_html:<span '
 "style='background-color: rgba(0.0, 165.0, 0, 0.15); border-radius: 3px;' "
 'title=\'1.0\'>_||> "<||_html:</span>_||><||_html:<span '
 "style='background-color: rgba(0.0, 165.0, 0, 0.15); border-radius: 3px;' "
 "title='1.0'>_||>description<||_html:</span>_||><||_html:<span "
 "style='background-color: rgba(0.0, 165.0, 0, 0.15); border-radius: 3px;' "
 'title=\'1.0\'>_||>",<||_html:</span>_||><||_html:<span '
 "style='background-color: rgba(0.0, 165.0, 0, 0.15); border-radius: 3px;' "
 "title='1.0'>_||>\n"
 "<||_html:</span>_||><||_html:<span style='background-color: rgba(0.0, 165.0, "
 "0, 0.15); border-radius: 3px;' title='1.0'>_||>     "
 "<||_html:</span>_||><||_html:<span style='background-color: rgba(0.0, 165.0, "
 "0, 0.15); border-radius: 3px;' title='1.0'>_||> "
 '"<||_html:</span>_||><||_html:<span style=\'background-color: rgba(0.0, '
 "165.0, 0, 0.15); border-radius: 3px;' "
 "title='1.0'>_||>change<||_html:</span>_||><||_html:<span "
 "style='background-color: rgba(0.0, 165.0, 0, 0.15); border-radius: 3px;' "
 'title=\'1.0\'>_||>":<||_html:</span>_||><||_html:<span '
 "style='background-color: rgba(0.0, 165.0, 0, 0.15); border-radius: 3px;' "
 'title=\'1.0\'>_||> "<||_html:</span>_||><||_html:<span '
 "style='background-color: rgba(0.0, 165.0, 0, 0.15); border-radius: 3px;' "
 "title='1.0'>_||>field<||_html:</span>_||><||_html:<span "
 "style='background-color: rgba(0.0, 165.0, 0, 0.15); border-radius: 3px;' "
 "title='1.0'>_||> removed<||_html:</span>_||><||_html:<span "
 "style='background-color: rgba(0.0, 165.0, 0, 0.15); border-radius: 3px;' "
 'title=\'1.0\'>_||>",<||_html:</span>_||><||_html:<span '
 "style='background-color: rgba(0.0, 165.0, 0, 0.15); border-radius: 3px;' "
 "title='1.0'>_||>\n"
 "<||_html:</span>_||><||_html:<span style='background-color: rgba(0.0, 165.0, "
 "0, 0.15); border-radius: 3px;' title='1.0'>_||>     "
 "<||_html:</span>_||><||_html:<span style='background-color: rgba(0.0, 165.0, "
 "0, 0.15); border-radius: 3px;' title='1.0'>_||> "
 '"<||_html:</span>_||><||_html:<span style=\'background-color: rgba(0.0, '
 "165.0, 0, 0.15); border-radius: 3px;' "
 "title='1.0'>_||>breaking<||_html:</span>_||><||_html:<span "
 "style='background-color: rgba(0.0, 165.0, 0, 0.15); border-radius: 3px;' "
 'title=\'1.0\'>_||>":<||_html:</span>_||><||_html:<span '
 "style='background-color: rgba(0.0, 165.0, 0, 0.15); border-radius: 3px;' "
 'title=\'1.0\'>_||> "<||_html:</span>_||><||_html:<span '
 "style='background-color: rgba(0.0, 165.0, 0, 0.15); border-radius: 3px;' "
 "title='1.0'>_||>true<||_html:</span>_||><||_html:<span "
 "style='background-color: rgba(0.0, 165.0, 0, 0.15); border-radius: 3px;' "
 'title=\'1.0\'>_||>",<||_html:</span>_||><||_html:<span '
 "style='background-color: rgba(0.0, 165.0, 0, 0.15); border-radius: 3px;' "
 "title='1.0'>_||>\n"
 "<||_html:</span>_||><||_html:<span style='background-color: rgba(0.0, 165.0, "
 "0, 0.15); border-radius: 3px;' title='1.0'>_||>     "
 "<||_html:</span>_||><||_html:<span style='background-color: rgba(0.0, 165.0, "
 "0, 0.15); border-radius: 3px;' title='1.0'>_||> "
 '"<||_html:</span>_||><||_html:<span style=\'background-color: rgba(0.0, '
 "165.0, 0, 0.15); border-radius: 3px;' "
 "title='1.0'>_||>release<||_html:</span>_||><||_html:<span "
 "style='background-color: rgba(0.0, 165.0, 0, 0.15); border-radius: 3px;' "
 "title='1.0'>_||>_<||_html:</span>_||><||_html:<span style='background-color: "
 "rgba(0.0, 165.0, 0, 0.15); border-radius: 3px;' "
 "title='1.0'>_||>note<||_html:</span>_||><||_html:<span "
 "style='background-color: rgba(0.0, 165.0, 0, 0.15); border-radius: 3px;' "
 'title=\'1.0\'>_||>":<||_html:</span>_||><||_html:<span '
 "style='background-color: rgba(0.0, 165.0, 0, 0.15); border-radius: 3px;' "
 'title=\'1.0\'>_||> "<||_html:</span>_||><||_html:<span '
 "style='background-color: rgba(0.0, 165.0, 0, 0.15); border-radius: 3px;' "
 "title='1.0'>_||>The<||_html:</span>_||><||_html:<span "
 "style='background-color: rgba(0.0, 165.0, 0, 0.15); border-radius: 3px;' "
 "title='1.0'>_||> '<||_html:</span>_||><||_html:<span "
 "style='background-color: rgba(0.0, 165.0, 0, 0.15); border-radius: 3px;' "
 "title='1.0'>_||>Product<||_html:</span>_||><||_html:<span "
 "style='background-color: rgba(0.0, 165.0, 0, 0.15); border-radius: 3px;' "
 "title='1.0'>_||>'<||_html:</span>_||><||_html:<span style='background-color: "
 "rgba(0.0, 165.0, 0, 0.15); border-radius: 3px;' title='1.0'>_||> "
 "type<||_html:</span>_||><||_html:<span style='background-color: rgba(0.0, "
 "165.0, 0, 0.15); border-radius: 3px;' title='1.0'>_||> "
 "no<||_html:</span>_||><||_html:<span style='background-color: rgba(0.0, "
 "165.0, 0, 0.15); border-radius: 3px;' title='1.0'>_||> "
 "longer<||_html:</span>_||><||_html:<span style='background-color: rgba(0.0, "
 "165.0, 0, 0.15); border-radius: 3px;' title='1.0'>_||> "
 "includes<||_html:</span>_||><||_html:<span style='background-color: "
 "rgba(0.0, 165.0, 0, 0.15); border-radius: 3px;' title='1.0'>_||> "
 "the<||_html:</span>_||><||_html:<span style='background-color: rgba(0.0, "
 "165.0, 0, 0.15); border-radius: 3px;' title='1.0'>_||> "
 "'<||_html:</span>_||><||_html:<span style='background-color: rgba(0.0, "
 "165.0, 0, 0.15); border-radius: 3px;' "
 "title='1.0'>_||>description<||_html:</span>_||><||_html:<span "
 "style='background-color: rgba(0.0, 165.0, 0, 0.15); border-radius: 3px;' "
 "title='1.0'>_||>'<||_html:</span>_||><||_html:<span style='background-color: "
 "rgba(0.0, 165.0, 0, 0.15); border-radius: 3px;' title='1.0'>_||> "
 "field<||_html:</span>_||><||_html:<span style='background-color: rgba(0.0, "
 "165.0, 0, 0.15); border-radius: 3px;' "
 'title=\'1.0\'>_||>."<||_html:</span>_||><||_html:<span '
 "style='background-color: rgba(0.0, 165.0, 0, 0.15); border-radius: 3px;' "
 "title='1.0'>_||>\n"
 "<||_html:</span>_||><||_html:<span style='background-color: rgba(0.0, 165.0, "
 "0, 0.15); border-radius: 3px;' title='1.0'>_||>   "
 "<||_html:</span>_||><||_html:<span style='background-color: rgba(0.0, 165.0, "
 "0, 0.15); border-radius: 3px;' title='1.0'>_||> "
 "},<||_html:</span>_||><||_html:<span style='background-color: rgba(0.0, "
 "165.0, 0, 0.15); border-radius: 3px;' title='1.0'>_||>\n"
 "<||_html:</span>_||><||_html:<span style='background-color: rgba(0.0, 165.0, "
 "0, 0.15); border-radius: 3px;' title='1.0'>_||>   "
 "<||_html:</span>_||><||_html:<span style='background-color: rgba(0.0, 165.0, "
 "0, 0.15); border-radius: 3px;' title='1.0'>_||> "
 "{<||_html:</span>_||><||_html:<span style='background-color: rgba(0.0, "
 "165.0, 0, 0.15); border-radius: 3px;' title='1.0'>_||>\n"
 "<||_html:</span>_||><||_html:<span style='background-color: rgba(0.0, 165.0, "
 "0, 0.15); border-radius: 3px;' title='1.0'>_||>     "
 "<||_html:</span>_||><||_html:<span style='background-color: rgba(0.0, 165.0, "
 "0, 0.15); border-radius: 3px;' title='1.0'>_||> "
 '"<||_html:</span>_||><||_html:<span style=\'background-color: rgba(0.0, '
 "165.0, 0, 0.15); border-radius: 3px;' "
 "title='1.0'>_||>type<||_html:</span>_||><||_html:<span "
 "style='background-color: rgba(0.0, 165.0, 0, 0.15); border-radius: 3px;' "
 'title=\'1.0\'>_||>":<||_html:</span>_||><||_html:<span '
 "style='background-color: rgba(0.0, 165.0, 0, 0.15); border-radius: 3px;' "
 'title=\'1.0\'>_||> "<||_html:</span>_||><||_html:<span '
 "style='background-color: rgba(0.0, 165.0, 0, 0.15); border-radius: 3px;' "
 "title='1.0'>_||>Product<||_html:</span>_||><||_html:<span "
 "style='background-color: rgba(0.0, 165.0, 0, 0.15); border-radius: 3px;' "
 'title=\'1.0\'>_||>",<||_html:</span>_||><||_html:<span '
 "style='background-color: rgba(0.0, 165.0, 0, 0.15); border-radius: 3px;' "
 "title='1.0'>_||>\n"
 "<||_html:</span>_||><||_html:<span style='background-color: rgba(0.0, 165.0, "
 "0, 0.15); border-radius: 3px;' title='1.0'>_||>     "
 "<||_html:</span>_||><||_html:<span style='background-color: rgba(0.0, 165.0, "
 "0, 0.15); border-radius: 3px;' title='1.0'>_||> "
 '"<||_html:</span>_||><||_html:<span style=\'background-color: rgba(0.0, '
 "165.0, 0, 0.15); border-radius: 3px;' "
 "title='1.0'>_||>field<||_html:</span>_||><||_html:<span "
 "style='background-color: rgba(0.0, 165.0, 0, 0.15); border-radius: 3px;' "
 'title=\'1.0\'>_||>":<||_html:</span>_||><||_html:<span '
 "style='background-color: rgba(0.0, 165.0, 0, 0.15); border-radius: 3px;' "
 'title=\'1.0\'>_||> "<||_html:</span>_||><||_html:<span '
 "style='background-color: rgba(0.0, 165.0, 0, 0.15); border-radius: 3px;' "
 "title='1.0'>_||>stock<||_html:</span>_||><||_html:<span "
 "style='background-color: rgba(0.0, 165.0, 0, 0.15); border-radius: 3px;' "
 'title=\'1.0\'>_||>",<||_html:</span>_||><||_html:<span '
 "style='background-color: rgba(0.0, 165.0, 0, 0.15); border-radius: 3px;' "
 "title='1.0'>_||>\n"
 "<||_html:</span>_||><||_html:<span style='background-color: rgba(0.0, 165.0, "
 "0, 0.15); border-radius: 3px;' title='1.0'>_||>     "
 "<||_html:</span>_||><||_html:<span style='background-color: rgba(0.0, 165.0, "
 "0, 0.15); border-radius: 3px;' title='1.0'>_||> "
 '"<||_html:</span>_||><||_html:<span style=\'background-color: rgba(0.0, '
 "165.0, 0, 0.15); border-radius: 3px;' "
 "title='1.0'>_||>change<||_html:</span>_||><||_html:<span "
 "style='background-color: rgba(0.0, 165.0, 0, 0.15); border-radius: 3px;' "
 'title=\'1.0\'>_||>":<||_html:</span>_||><||_html:<span '
 "style='background-color: rgba(0.0, 165.0, 0, 0.15); border-radius: 3px;' "
 'title=\'1.0\'>_||> "<||_html:</span>_||><||_html:<span '
 "style='background-color: rgba(0.0, 165.0, 0, 0.15); border-radius: 3px;' "
 "title='1.0'>_||>field<||_html:</span>_||><||_html:<span "
 "style='background-color: rgba(0.0, 165.0, 0, 0.15); border-radius: 3px;' "
 "title='1.0'>_||> removed<||_html:</span>_||><||_html:<span "
 "style='background-color: rgba(0.0, 165.0, 0, 0.15); border-radius: 3px;' "
 'title=\'1.0\'>_||>",<||_html:</span>_||><||_html:<span '
 "style='background-color: rgba(0.0, 165.0, 0, 0.15); border-radius: 3px;' "
 "title='1.0'>_||>\n"
 "<||_html:</span>_||><||_html:<span style='background-color: rgba(0.0, 165.0, "
 "0, 0.15); border-radius: 3px;' title='1.0'>_||>     "
 "<||_html:</span>_||><||_html:<span style='background-color: rgba(0.0, 165.0, "
 "0, 0.15); border-radius: 3px;' title='1.0'>_||> "
 '"<||_html:</span>_||><||_html:<span style=\'background-color: rgba(0.0, '
 "165.0, 0, 0.15); border-radius: 3px;' "
 "title='1.0'>_||>breaking<||_html:</span>_||><||_html:<span "
 "style='background-color: rgba(0.0, 165.0, 0, 0.15); border-radius: 3px;' "
 'title=\'1.0\'>_||>":<||_html:</span>_||><||_html:<span '
 "style='background-color: rgba(0.0, 165.0, 0, 0.15); border-radius: 3px;' "
 'title=\'1.0\'>_||> "<||_html:</span>_||><||_html:<span '
 "style='background-color: rgba(0.0, 165.0, 0, 0.15); border-radius: 3px;' "
 "title='1.0'>_||>true<||_html:</span>_||><||_html:<span "
 "style='background-color: rgba(0.0, 165.0, 0, 0.15); border-radius: 3px;' "
 'title=\'1.0\'>_||>",<||_html:</span>_||><||_html:<span '
 "style='background-color: rgba(0.0, 165.0, 0, 0.15); border-radius: 3px;' "
 "title='1.0'>_||>\n"
 "<||_html:</span>_||><||_html:<span style='background-color: rgba(0.0, 165.0, "
 "0, 0.15); border-radius: 3px;' title='1.0'>_||>     "
 "<||_html:</span>_||><||_html:<span style='background-color: rgba(0.0, 165.0, "
 "0, 0.15); border-radius: 3px;' title='1.0'>_||> "
 '"<||_html:</span>_||><||_html:<span style=\'background-color: rgba(0.0, '
 "165.0, 0, 0.15); border-radius: 3px;' "
 "title='1.0'>_||>release<||_html:</span>_||><||_html:<span "
 "style='background-color: rgba(0.0, 165.0, 0, 0.15); border-radius: 3px;' "
 "title='1.0'>_||>_<||_html:</span>_||><||_html:<span style='background-color: "
 "rgba(0.0, 165.0, 0, 0.15); border-radius: 3px;' "
 "title='1.0'>_||>note<||_html:</span>_||><||_html:<span "
 "style='background-color: rgba(0.0, 165.0, 0, 0.15); border-radius: 3px;' "
 'title=\'1.0\'>_||>":<||_html:</span>_||><||_html:<span '
 "style='background-color: rgba(0.0, 165.0, 0, 0.15); border-radius: 3px;' "
 'title=\'1.0\'>_||> "<||_html:</span>_||><||_html:<span '
 "style='background-color: rgba(0.0, 165.0, 0, 0.15); border-radius: 3px;' "
 "title='1.0'>_||>The<||_html:</span>_||><||_html:<span "
 "style='background-color: rgba(0.0, 165.0, 0, 0.15); border-radius: 3px;' "
 "title='1.0'>_||>")
('Analyze the following two GraphQL schemas for changes, including both '
 'breaking and non-breaking changes.\n'
 '\n'
 '                        Provide your analysis in the following JSON format:\n'
 '                        {\n'
 '                          "changes": [\n'
 '                            {\n'
 '                              "type": "String representing the GraphQL type '
 '(e.g., Query, Mutation, Subscription)",\n'
 '                              "field": "String representing the specific '
 'field that changed",\n'
 '                              "change": "String describing the change (e.g., '
 'field renamed, new field added, field removed)",\n'
 '                              "breaking": "Boolean indicating if the change '
 'is breaking (true) or non-breaking (false)",\n'
 '                              "release_note": "String with a natural '
 'language description of the change for release notes"\n'
 '                            }\n'
 '                          ],\n'
 '                          "release_notes": {\n'
 '                              "summary": "String summarizing all changes, '
 'suitable for a mailing list or public announcement"\n'
 '                          }\n'
 '                        }\n'
 '\n'
 '                        When analyzing, consider the following types of '
 'changes:\n'
 '                        1. Removing fields or types (breaking)\n'
 '                        2. Changing field types (potentially breaking)\n'
 '                        3. Adding required fields (breaking)\n'
 '                        4. Changing the type of existing arguments '
 '(breaking)\n'
 '                        5. Adding optional fields (non-breaking)\n'
 '                        6. Adding new types (non-breaking)\n'
 '                        7. Deprecating fields (non-breaking)\n'
 '\n'
 '                        Ensure that each change is categorized correctly as '
 'breaking or non-breaking.: type Query {\n'
 '  getProduct(id: ID!): Product\n'
 '}\n'
 '\n'
 'type Product {\n'
 '  id: ID\n'
 '  name: String\n'
 '  description: String\n'
 '  price: Float\n'
 '  stock: Int\n'
 '}\n'
 ', type Query {\n'
 '  getProduct(id: ID!): Product\n'
 '}\n'
 '\n'
 'type Product {\n'
 '  id: ID\n'
 '  name: String\n'
 '  details: String\n'
 '  price: Float\n'
 '}\n'
 '\n'
 "Answer:<||_html:<span style='background-color: rgba(0.0, 165.0, 0, 0.15); "
 "border-radius: 3px;' title='1.0'>_||> {<||_html:</span>_||><||_html:<span "
 "style='background-color: rgba(0.0, 165.0, 0, 0.15); border-radius: 3px;' "
 "title='1.0'>_||>\n"
 "<||_html:</span>_||><||_html:<span style='background-color: rgba(0.0, 165.0, "
 "0, 0.15); border-radius: 3px;' title='1.0'>_||> "
 "<||_html:</span>_||><||_html:<span style='background-color: rgba(0.0, 165.0, "
 "0, 0.15); border-radius: 3px;' title='1.0'>_||> "
 '"<||_html:</span>_||><||_html:<span style=\'background-color: rgba(0.0, '
 "165.0, 0, 0.15); border-radius: 3px;' "
 "title='1.0'>_||>changes<||_html:</span>_||><||_html:<span "
 "style='background-color: rgba(0.0, 165.0, 0, 0.15); border-radius: 3px;' "
 'title=\'1.0\'>_||>":<||_html:</span>_||><||_html:<span '
 "style='background-color: rgba(0.0, 165.0, 0, 0.15); border-radius: 3px;' "
 "title='1.0'>_||> [<||_html:</span>_||><||_html:<span "
 "style='background-color: rgba(0.0, 165.0, 0, 0.15); border-radius: 3px;' "
 "title='1.0'>_||>\n"
 "<||_html:</span>_||><||_html:<span style='background-color: rgba(0.0, 165.0, "
 "0, 0.15); border-radius: 3px;' title='1.0'>_||>   "
 "<||_html:</span>_||><||_html:<span style='background-color: rgba(0.0, 165.0, "
 "0, 0.15); border-radius: 3px;' title='1.0'>_||> "
 "{<||_html:</span>_||><||_html:<span style='background-color: rgba(0.0, "
 "165.0, 0, 0.15); border-radius: 3px;' title='1.0'>_||>\n"
 "<||_html:</span>_||><||_html:<span style='background-color: rgba(0.0, 165.0, "
 "0, 0.15); border-radius: 3px;' title='1.0'>_||>     "
 "<||_html:</span>_||><||_html:<span style='background-color: rgba(0.0, 165.0, "
 "0, 0.15); border-radius: 3px;' title='1.0'>_||> "
 '"<||_html:</span>_||><||_html:<span style=\'background-color: rgba(0.0, '
 "165.0, 0, 0.15); border-radius: 3px;' "
 "title='1.0'>_||>type<||_html:</span>_||><||_html:<span "
 "style='background-color: rgba(0.0, 165.0, 0, 0.15); border-radius: 3px;' "
 'title=\'1.0\'>_||>":<||_html:</span>_||><||_html:<span '
 "style='background-color: rgba(0.0, 165.0, 0, 0.15); border-radius: 3px;' "
 'title=\'1.0\'>_||> "<||_html:</span>_||><||_html:<span '
 "style='background-color: rgba(0.0, 165.0, 0, 0.15); border-radius: 3px;' "
 "title='1.0'>_||>Query<||_html:</span>_||><||_html:<span "
 "style='background-color: rgba(0.0, 165.0, 0, 0.15); border-radius: 3px;' "
 'title=\'1.0\'>_||>",<||_html:</span>_||><||_html:<span '
 "style='background-color: rgba(0.0, 165.0, 0, 0.15); border-radius: 3px;' "
 "title='1.0'>_||>\n"
 "<||_html:</span>_||><||_html:<span style='background-color: rgba(0.0, 165.0, "
 "0, 0.15); border-radius: 3px;' title='1.0'>_||>     "
 "<||_html:</span>_||><||_html:<span style='background-color: rgba(0.0, 165.0, "
 "0, 0.15); border-radius: 3px;' title='1.0'>_||> "
 '"<||_html:</span>_||><||_html:<span style=\'background-color: rgba(0.0, '
 "165.0, 0, 0.15); border-radius: 3px;' "
 "title='1.0'>_||>field<||_html:</span>_||><||_html:<span "
 "style='background-color: rgba(0.0, 165.0, 0, 0.15); border-radius: 3px;' "
 'title=\'1.0\'>_||>":<||_html:</span>_||><||_html:<span '
 "style='background-color: rgba(0.0, 165.0, 0, 0.15); border-radius: 3px;' "
 'title=\'1.0\'>_||> "<||_html:</span>_||><||_html:<span '
 "style='background-color: rgba(0.0, 165.0, 0, 0.15); border-radius: 3px;' "
 "title='1.0'>_||>get<||_html:</span>_||><||_html:<span "
 "style='background-color: rgba(0.0, 165.0, 0, 0.15); border-radius: 3px;' "
 "title='1.0'>_||>Product<||_html:</span>_||><||_html:<span "
 "style='background-color: rgba(0.0, 165.0, 0, 0.15); border-radius: 3px;' "
 'title=\'1.0\'>_||>",<||_html:</span>_||><||_html:<span '
 "style='background-color: rgba(0.0, 165.0, 0, 0.15); border-radius: 3px;' "
 "title='1.0'>_||>\n"
 "<||_html:</span>_||><||_html:<span style='background-color: rgba(0.0, 165.0, "
 "0, 0.15); border-radius: 3px;' title='1.0'>_||>     "
 "<||_html:</span>_||><||_html:<span style='background-color: rgba(0.0, 165.0, "
 "0, 0.15); border-radius: 3px;' title='1.0'>_||> "
 '"<||_html:</span>_||><||_html:<span style=\'background-color: rgba(0.0, '
 "165.0, 0, 0.15); border-radius: 3px;' "
 "title='1.0'>_||>change<||_html:</span>_||><||_html:<span "
 "style='background-color: rgba(0.0, 165.0, 0, 0.15); border-radius: 3px;' "
 'title=\'1.0\'>_||>":<||_html:</span>_||><||_html:<span '
 "style='background-color: rgba(0.0, 165.0, 0, 0.15); border-radius: 3px;' "
 'title=\'1.0\'>_||> "<||_html:</span>_||><||_html:<span '
 "style='background-color: rgba(0.0, 165.0, 0, 0.15); border-radius: 3px;' "
 "title='1.0'>_||>field<||_html:</span>_||><||_html:<span "
 "style='background-color: rgba(0.0, 165.0, 0, 0.15); border-radius: 3px;' "
 "title='1.0'>_||> details<||_html:</span>_||><||_html:<span "
 "style='background-color: rgba(0.0, 165.0, 0, 0.15); border-radius: 3px;' "
 "title='1.0'>_||> added<||_html:</span>_||><||_html:<span "
 "style='background-color: rgba(0.0, 165.0, 0, 0.15); border-radius: 3px;' "
 'title=\'1.0\'>_||>",<||_html:</span>_||><||_html:<span '
 "style='background-color: rgba(0.0, 165.0, 0, 0.15); border-radius: 3px;' "
 "title='1.0'>_||>\n"
 "<||_html:</span>_||><||_html:<span style='background-color: rgba(0.0, 165.0, "
 "0, 0.15); border-radius: 3px;' title='1.0'>_||>     "
 "<||_html:</span>_||><||_html:<span style='background-color: rgba(0.0, 165.0, "
 "0, 0.15); border-radius: 3px;' title='1.0'>_||> "
 '"<||_html:</span>_||><||_html:<span style=\'background-color: rgba(0.0, '
 "165.0, 0, 0.15); border-radius: 3px;' "
 "title='1.0'>_||>breaking<||_html:</span>_||><||_html:<span "
 "style='background-color: rgba(0.0, 165.0, 0, 0.15); border-radius: 3px;' "
 'title=\'1.0\'>_||>":<||_html:</span>_||><||_html:<span '
 "style='background-color: rgba(0.0, 165.0, 0, 0.15); border-radius: 3px;' "
 'title=\'1.0\'>_||> "<||_html:</span>_||><||_html:<span '
 "style='background-color: rgba(0.0, 165.0, 0, 0.15); border-radius: 3px;' "
 "title='1.0'>_||>false<||_html:</span>_||><||_html:<span "
 "style='background-color: rgba(0.0, 165.0, 0, 0.15); border-radius: 3px;' "
 'title=\'1.0\'>_||>",<||_html:</span>_||><||_html:<span '
 "style='background-color: rgba(0.0, 165.0, 0, 0.15); border-radius: 3px;' "
 "title='1.0'>_||>\n"
 "<||_html:</span>_||><||_html:<span style='background-color: rgba(0.0, 165.0, "
 "0, 0.15); border-radius: 3px;' title='1.0'>_||>     "
 "<||_html:</span>_||><||_html:<span style='background-color: rgba(0.0, 165.0, "
 "0, 0.15); border-radius: 3px;' title='1.0'>_||> "
 '"<||_html:</span>_||><||_html:<span style=\'background-color: rgba(0.0, '
 "165.0, 0, 0.15); border-radius: 3px;' "
 "title='1.0'>_||>release<||_html:</span>_||><||_html:<span "
 "style='background-color: rgba(0.0, 165.0, 0, 0.15); border-radius: 3px;' "
 "title='1.0'>_||>_<||_html:</span>_||><||_html:<span style='background-color: "
 "rgba(0.0, 165.0, 0, 0.15); border-radius: 3px;' "
 "title='1.0'>_||>note<||_html:</span>_||><||_html:<span "
 "style='background-color: rgba(0.0, 165.0, 0, 0.15); border-radius: 3px;' "
 'title=\'1.0\'>_||>":<||_html:</span>_||><||_html:<span '
 "style='background-color: rgba(0.0, 165.0, 0, 0.15); border-radius: 3px;' "
 'title=\'1.0\'>_||> "<||_html:</span>_||><||_html:<span '
 "style='background-color: rgba(0.0, 165.0, 0, 0.15); border-radius: 3px;' "
 "title='1.0'>_||>The<||_html:</span>_||><||_html:<span "
 "style='background-color: rgba(0.0, 165.0, 0, 0.15); border-radius: 3px;' "
 "title='1.0'>_||> '<||_html:</span>_||><||_html:<span "
 "style='background-color: rgba(0.0, 165.0, 0, 0.15); border-radius: 3px;' "
 "title='1.0'>_||>get<||_html:</span>_||><||_html:<span "
 "style='background-color: rgba(0.0, 165.0, 0, 0.15); border-radius: 3px;' "
 "title='1.0'>_||>Product<||_html:</span>_||><||_html:<span "
 "style='background-color: rgba(0.0, 165.0, 0, 0.15); border-radius: 3px;' "
 "title='1.0'>_||>'<||_html:</span>_||><||_html:<span style='background-color: "
 "rgba(0.0, 165.0, 0, 0.15); border-radius: 3px;' title='1.0'>_||> "
 "query<||_html:</span>_||><||_html:<span style='background-color: rgba(0.0, "
 "165.0, 0, 0.15); border-radius: 3px;' title='1.0'>_||> "
 "now<||_html:</span>_||><||_html:<span style='background-color: rgba(0.0, "
 "165.0, 0, 0.15); border-radius: 3px;' title='1.0'>_||> "
 "includes<||_html:</span>_||><||_html:<span style='background-color: "
 "rgba(0.0, 165.0, 0, 0.15); border-radius: 3px;' title='1.0'>_||> "
 "a<||_html:</span>_||><||_html:<span style='background-color: rgba(0.0, "
 "165.0, 0, 0.15); border-radius: 3px;' title='1.0'>_||> "
 "new<||_html:</span>_||><||_html:<span style='background-color: rgba(0.0, "
 "165.0, 0, 0.15); border-radius: 3px;' title='1.0'>_||> "
 "field<||_html:</span>_||><||_html:<span style='background-color: rgba(0.0, "
 "165.0, 0, 0.15); border-radius: 3px;' title='1.0'>_||> "
 "'<||_html:</span>_||><||_html:<span style='background-color: rgba(0.0, "
 "165.0, 0, 0.15); border-radius: 3px;' "
 "title='1.0'>_||>details<||_html:</span>_||><||_html:<span "
 "style='background-color: rgba(0.0, 165.0, 0, 0.15); border-radius: 3px;' "
 "title='1.0'>_||>'<||_html:</span>_||><||_html:<span style='background-color: "
 "rgba(0.0, 165.0, 0, 0.15); border-radius: 3px;' title='1.0'>_||> "
 "of<||_html:</span>_||><||_html:<span style='background-color: rgba(0.0, "
 "165.0, 0, 0.15); border-radius: 3px;' title='1.0'>_||> "
 "type<||_html:</span>_||><||_html:<span style='background-color: rgba(0.0, "
 "165.0, 0, 0.15); border-radius: 3px;' title='1.0'>_||> "
 "String<||_html:</span>_||><||_html:<span style='background-color: rgba(0.0, "
 "165.0, 0, 0.15); border-radius: 3px;' "
 'title=\'1.0\'>_||>."<||_html:</span>_||><||_html:<span '
 "style='background-color: rgba(0.0, 165.0, 0, 0.15); border-radius: 3px;' "
 "title='1.0'>_||>\n"
 "<||_html:</span>_||><||_html:<span style='background-color: rgba(0.0, 165.0, "
 "0, 0.15); border-radius: 3px;' title='1.0'>_||>   "
 "<||_html:</span>_||><||_html:<span style='background-color: rgba(0.0, 165.0, "
 "0, 0.15); border-radius: 3px;' title='1.0'>_||> "
 "},<||_html:</span>_||><||_html:<span style='background-color: rgba(0.0, "
 "165.0, 0, 0.15); border-radius: 3px;' title='1.0'>_||>\n"
 "<||_html:</span>_||><||_html:<span style='background-color: rgba(0.0, 165.0, "
 "0, 0.15); border-radius: 3px;' title='1.0'>_||>   "
 "<||_html:</span>_||><||_html:<span style='background-color: rgba(0.0, 165.0, "
 "0, 0.15); border-radius: 3px;' title='1.0'>_||> "
 "{<||_html:</span>_||><||_html:<span style='background-color: rgba(0.0, "
 "165.0, 0, 0.15); border-radius: 3px;' title='1.0'>_||>\n"
 "<||_html:</span>_||><||_html:<span style='background-color: rgba(0.0, 165.0, "
 "0, 0.15); border-radius: 3px;' title='1.0'>_||>     "
 "<||_html:</span>_||><||_html:<span style='background-color: rgba(0.0, 165.0, "
 "0, 0.15); border-radius: 3px;' title='1.0'>_||> "
 '"<||_html:</span>_||><||_html:<span style=\'background-color: rgba(0.0, '
 "165.0, 0, 0.15); border-radius: 3px;' "
 "title='1.0'>_||>type<||_html:</span>_||><||_html:<span "
 "style='background-color: rgba(0.0, 165.0, 0, 0.15); border-radius: 3px;' "
 'title=\'1.0\'>_||>":<||_html:</span>_||><||_html:<span '
 "style='background-color: rgba(0.0, 165.0, 0, 0.15); border-radius: 3px;' "
 'title=\'1.0\'>_||> "<||_html:</span>_||><||_html:<span '
 "style='background-color: rgba(0.0, 165.0, 0, 0.15); border-radius: 3px;' "
 "title='1.0'>_||>Product<||_html:</span>_||><||_html:<span "
 "style='background-color: rgba(0.0, 165.0, 0, 0.15); border-radius: 3px;' "
 'title=\'1.0\'>_||>",<||_html:</span>_||><||_html:<span '
 "style='background-color: rgba(0.0, 165.0, 0, 0.15); border-radius: 3px;' "
 "title='1.0'>_||>\n"
 "<||_html:</span>_||><||_html:<span style='background-color: rgba(0.0, 165.0, "
 "0, 0.15); border-radius: 3px;' title='1.0'>_||>     "
 "<||_html:</span>_||><||_html:<span style='background-color: rgba(0.0, 165.0, "
 "0, 0.15); border-radius: 3px;' title='1.0'>_||> "
 '"<||_html:</span>_||><||_html:<span style=\'background-color: rgba(0.0, '
 "165.0, 0, 0.15); border-radius: 3px;' "
 "title='1.0'>_||>field<||_html:</span>_||><||_html:<span "
 "style='background-color: rgba(0.0, 165.0, 0, 0.15); border-radius: 3px;' "
 'title=\'1.0\'>_||>":<||_html:</span>_||><||_html:<span '
 "style='background-color: rgba(0.0, 165.0, 0, 0.15); border-radius: 3px;' "
 'title=\'1.0\'>_||> "<||_html:</span>_||><||_html:<span '
 "style='background-color: rgba(0.0, 165.0, 0, 0.15); border-radius: 3px;' "
 "title='1.0'>_||>description<||_html:</span>_||><||_html:<span "
 "style='background-color: rgba(0.0, 165.0, 0, 0.15); border-radius: 3px;' "
 'title=\'1.0\'>_||>",<||_html:</span>_||><||_html:<span '
 "style='background-color: rgba(0.0, 165.0, 0, 0.15); border-radius: 3px;' "
 "title='1.0'>_||>\n"
 "<||_html:</span>_||><||_html:<span style='background-color: rgba(0.0, 165.0, "
 "0, 0.15); border-radius: 3px;' title='1.0'>_||>     "
 "<||_html:</span>_||><||_html:<span style='background-color: rgba(0.0, 165.0, "
 "0, 0.15); border-radius: 3px;' title='1.0'>_||> "
 '"<||_html:</span>_||><||_html:<span style=\'background-color: rgba(0.0, '
 "165.0, 0, 0.15); border-radius: 3px;' "
 "title='1.0'>_||>change<||_html:</span>_||><||_html:<span "
 "style='background-color: rgba(0.0, 165.0, 0, 0.15); border-radius: 3px;' "
 'title=\'1.0\'>_||>":<||_html:</span>_||><||_html:<span '
 "style='background-color: rgba(0.0, 165.0, 0, 0.15); border-radius: 3px;' "
 'title=\'1.0\'>_||> "<||_html:</span>_||><||_html:<span '
 "style='background-color: rgba(0.0, 165.0, 0, 0.15); border-radius: 3px;' "
 "title='1.0'>_||>field<||_html:</span>_||><||_html:<span "
 "style='background-color: rgba(0.0, 165.0, 0, 0.15); border-radius: 3px;' "
 "title='1.0'>_||> removed<||_html:</span>_||><||_html:<span "
 "style='background-color: rgba(0.0, 165.0, 0, 0.15); border-radius: 3px;' "
 'title=\'1.0\'>_||>",<||_html:</span>_||><||_html:<span '
 "style='background-color: rgba(0.0, 165.0, 0, 0.15); border-radius: 3px;' "
 "title='1.0'>_||>\n"
 "<||_html:</span>_||><||_html:<span style='background-color: rgba(0.0, 165.0, "
 "0, 0.15); border-radius: 3px;' title='1.0'>_||>     "
 "<||_html:</span>_||><||_html:<span style='background-color: rgba(0.0, 165.0, "
 "0, 0.15); border-radius: 3px;' title='1.0'>_||> "
 '"<||_html:</span>_||><||_html:<span style=\'background-color: rgba(0.0, '
 "165.0, 0, 0.15); border-radius: 3px;' "
 "title='1.0'>_||>breaking<||_html:</span>_||><||_html:<span "
 "style='background-color: rgba(0.0, 165.0, 0, 0.15); border-radius: 3px;' "
 'title=\'1.0\'>_||>":<||_html:</span>_||><||_html:<span '
 "style='background-color: rgba(0.0, 165.0, 0, 0.15); border-radius: 3px;' "
 'title=\'1.0\'>_||> "<||_html:</span>_||><||_html:<span '
 "style='background-color: rgba(0.0, 165.0, 0, 0.15); border-radius: 3px;' "
 "title='1.0'>_||>true<||_html:</span>_||><||_html:<span "
 "style='background-color: rgba(0.0, 165.0, 0, 0.15); border-radius: 3px;' "
 'title=\'1.0\'>_||>",<||_html:</span>_||><||_html:<span '
 "style='background-color: rgba(0.0, 165.0, 0, 0.15); border-radius: 3px;' "
 "title='1.0'>_||>\n"
 "<||_html:</span>_||><||_html:<span style='background-color: rgba(0.0, 165.0, "
 "0, 0.15); border-radius: 3px;' title='1.0'>_||>     "
 "<||_html:</span>_||><||_html:<span style='background-color: rgba(0.0, 165.0, "
 "0, 0.15); border-radius: 3px;' title='1.0'>_||> "
 '"<||_html:</span>_||><||_html:<span style=\'background-color: rgba(0.0, '
 "165.0, 0, 0.15); border-radius: 3px;' "
 "title='1.0'>_||>release<||_html:</span>_||><||_html:<span "
 "style='background-color: rgba(0.0, 165.0, 0, 0.15); border-radius: 3px;' "
 "title='1.0'>_||>_<||_html:</span>_||><||_html:<span style='background-color: "
 "rgba(0.0, 165.0, 0, 0.15); border-radius: 3px;' "
 "title='1.0'>_||>note<||_html:</span>_||><||_html:<span "
 "style='background-color: rgba(0.0, 165.0, 0, 0.15); border-radius: 3px;' "
 'title=\'1.0\'>_||>":<||_html:</span>_||><||_html:<span '
 "style='background-color: rgba(0.0, 165.0, 0, 0.15); border-radius: 3px;' "
 'title=\'1.0\'>_||> "<||_html:</span>_||><||_html:<span '
 "style='background-color: rgba(0.0, 165.0, 0, 0.15); border-radius: 3px;' "
 "title='1.0'>_||>The<||_html:</span>_||><||_html:<span "
 "style='background-color: rgba(0.0, 165.0, 0, 0.15); border-radius: 3px;' "
 "title='1.0'>_||> '<||_html:</span>_||><||_html:<span "
 "style='background-color: rgba(0.0, 165.0, 0, 0.15); border-radius: 3px;' "
 "title='1.0'>_||>Product<||_html:</span>_||><||_html:<span "
 "style='background-color: rgba(0.0, 165.0, 0, 0.15); border-radius: 3px;' "
 "title='1.0'>_||>'<||_html:</span>_||><||_html:<span style='background-color: "
 "rgba(0.0, 165.0, 0, 0.15); border-radius: 3px;' title='1.0'>_||> "
 "type<||_html:</span>_||><||_html:<span style='background-color: rgba(0.0, "
 "165.0, 0, 0.15); border-radius: 3px;' title='1.0'>_||> "
 "no<||_html:</span>_||><||_html:<span style='background-color: rgba(0.0, "
 "165.0, 0, 0.15); border-radius: 3px;' title='1.0'>_||> "
 "longer<||_html:</span>_||><||_html:<span style='background-color: rgba(0.0, "
 "165.0, 0, 0.15); border-radius: 3px;' title='1.0'>_||> "
 "includes<||_html:</span>_||><||_html:<span style='background-color: "
 "rgba(0.0, 165.0, 0, 0.15); border-radius: 3px;' title='1.0'>_||> "
 "the<||_html:</span>_||><||_html:<span style='background-color: rgba(0.0, "
 "165.0, 0, 0.15); border-radius: 3px;' title='1.0'>_||> "
 "'<||_html:</span>_||><||_html:<span style='background-color: rgba(0.0, "
 "165.0, 0, 0.15); border-radius: 3px;' "
 "title='1.0'>_||>description<||_html:</span>_||><||_html:<span "
 "style='background-color: rgba(0.0, 165.0, 0, 0.15); border-radius: 3px;' "
 "title='1.0'>_||>'<||_html:</span>_||><||_html:<span style='background-color: "
 "rgba(0.0, 165.0, 0, 0.15); border-radius: 3px;' title='1.0'>_||> "
 "field<||_html:</span>_||><||_html:<span style='background-color: rgba(0.0, "
 "165.0, 0, 0.15); border-radius: 3px;' "
 'title=\'1.0\'>_||>."<||_html:</span>_||><||_html:<span '
 "style='background-color: rgba(0.0, 165.0, 0, 0.15); border-radius: 3px;' "
 "title='1.0'>_||>\n"
 "<||_html:</span>_||><||_html:<span style='background-color: rgba(0.0, 165.0, "
 "0, 0.15); border-radius: 3px;' title='1.0'>_||>   "
 "<||_html:</span>_||><||_html:<span style='background-color: rgba(0.0, 165.0, "
 "0, 0.15); border-radius: 3px;' title='1.0'>_||> "
 "},<||_html:</span>_||><||_html:<span style='background-color: rgba(0.0, "
 "165.0, 0, 0.15); border-radius: 3px;' title='1.0'>_||>\n"
 "<||_html:</span>_||><||_html:<span style='background-color: rgba(0.0, 165.0, "
 "0, 0.15); border-radius: 3px;' title='1.0'>_||>   "
 "<||_html:</span>_||><||_html:<span style='background-color: rgba(0.0, 165.0, "
 "0, 0.15); border-radius: 3px;' title='1.0'>_||> "
 "{<||_html:</span>_||><||_html:<span style='background-color: rgba(0.0, "
 "165.0, 0, 0.15); border-radius: 3px;' title='1.0'>_||>\n"
 "<||_html:</span>_||><||_html:<span style='background-color: rgba(0.0, 165.0, "
 "0, 0.15); border-radius: 3px;' title='1.0'>_||>     "
 "<||_html:</span>_||><||_html:<span style='background-color: rgba(0.0, 165.0, "
 "0, 0.15); border-radius: 3px;' title='1.0'>_||> "
 '"<||_html:</span>_||><||_html:<span style=\'background-color: rgba(0.0, '
 "165.0, 0, 0.15); border-radius: 3px;' "
 "title='1.0'>_||>type<||_html:</span>_||><||_html:<span "
 "style='background-color: rgba(0.0, 165.0, 0, 0.15); border-radius: 3px;' "
 'title=\'1.0\'>_||>":<||_html:</span>_||><||_html:<span '
 "style='background-color: rgba(0.0, 165.0, 0, 0.15); border-radius: 3px;' "
 'title=\'1.0\'>_||> "<||_html:</span>_||><||_html:<span '
 "style='background-color: rgba(0.0, 165.0, 0, 0.15); border-radius: 3px;' "
 "title='1.0'>_||>Product<||_html:</span>_||><||_html:<span "
 "style='background-color: rgba(0.0, 165.0, 0, 0.15); border-radius: 3px;' "
 'title=\'1.0\'>_||>",<||_html:</span>_||><||_html:<span '
 "style='background-color: rgba(0.0, 165.0, 0, 0.15); border-radius: 3px;' "
 "title='1.0'>_||>\n"
 "<||_html:</span>_||><||_html:<span style='background-color: rgba(0.0, 165.0, "
 "0, 0.15); border-radius: 3px;' title='1.0'>_||>     "
 "<||_html:</span>_||><||_html:<span style='background-color: rgba(0.0, 165.0, "
 "0, 0.15); border-radius: 3px;' title='1.0'>_||> "
 '"<||_html:</span>_||><||_html:<span style=\'background-color: rgba(0.0, '
 "165.0, 0, 0.15); border-radius: 3px;' "
 "title='1.0'>_||>field<||_html:</span>_||><||_html:<span "
 "style='background-color: rgba(0.0, 165.0, 0, 0.15); border-radius: 3px;' "
 'title=\'1.0\'>_||>":<||_html:</span>_||><||_html:<span '
 "style='background-color: rgba(0.0, 165.0, 0, 0.15); border-radius: 3px;' "
 'title=\'1.0\'>_||> "<||_html:</span>_||><||_html:<span '
 "style='background-color: rgba(0.0, 165.0, 0, 0.15); border-radius: 3px;' "
 "title='1.0'>_||>stock<||_html:</span>_||><||_html:<span "
 "style='background-color: rgba(0.0, 165.0, 0, 0.15); border-radius: 3px;' "
 'title=\'1.0\'>_||>",<||_html:</span>_||><||_html:<span '
 "style='background-color: rgba(0.0, 165.0, 0, 0.15); border-radius: 3px;' "
 "title='1.0'>_||>\n"
 "<||_html:</span>_||><||_html:<span style='background-color: rgba(0.0, 165.0, "
 "0, 0.15); border-radius: 3px;' title='1.0'>_||>     "
 "<||_html:</span>_||><||_html:<span style='background-color: rgba(0.0, 165.0, "
 "0, 0.15); border-radius: 3px;' title='1.0'>_||> "
 '"<||_html:</span>_||><||_html:<span style=\'background-color: rgba(0.0, '
 "165.0, 0, 0.15); border-radius: 3px;' "
 "title='1.0'>_||>change<||_html:</span>_||><||_html:<span "
 "style='background-color: rgba(0.0, 165.0, 0, 0.15); border-radius: 3px;' "
 'title=\'1.0\'>_||>":<||_html:</span>_||><||_html:<span '
 "style='background-color: rgba(0.0, 165.0, 0, 0.15); border-radius: 3px;' "
 'title=\'1.0\'>_||> "<||_html:</span>_||><||_html:<span '
 "style='background-color: rgba(0.0, 165.0, 0, 0.15); border-radius: 3px;' "
 "title='1.0'>_||>field<||_html:</span>_||><||_html:<span "
 "style='background-color: rgba(0.0, 165.0, 0, 0.15); border-radius: 3px;' "
 "title='1.0'>_||> removed<||_html:</span>_||><||_html:<span "
 "style='background-color: rgba(0.0, 165.0, 0, 0.15); border-radius: 3px;' "
 'title=\'1.0\'>_||>",<||_html:</span>_||><||_html:<span '
 "style='background-color: rgba(0.0, 165.0, 0, 0.15); border-radius: 3px;' "
 "title='1.0'>_||>\n"
 "<||_html:</span>_||><||_html:<span style='background-color: rgba(0.0, 165.0, "
 "0, 0.15); border-radius: 3px;' title='1.0'>_||>     "
 "<||_html:</span>_||><||_html:<span style='background-color: rgba(0.0, 165.0, "
 "0, 0.15); border-radius: 3px;' title='1.0'>_||> "
 '"<||_html:</span>_||><||_html:<span style=\'background-color: rgba(0.0, '
 "165.0, 0, 0.15); border-radius: 3px;' "
 "title='1.0'>_||>breaking<||_html:</span>_||><||_html:<span "
 "style='background-color: rgba(0.0, 165.0, 0, 0.15); border-radius: 3px;' "
 'title=\'1.0\'>_||>":<||_html:</span>_||><||_html:<span '
 "style='background-color: rgba(0.0, 165.0, 0, 0.15); border-radius: 3px;' "
 'title=\'1.0\'>_||> "<||_html:</span>_||><||_html:<span '
 "style='background-color: rgba(0.0, 165.0, 0, 0.15); border-radius: 3px;' "
 "title='1.0'>_||>true<||_html:</span>_||><||_html:<span "
 "style='background-color: rgba(0.0, 165.0, 0, 0.15); border-radius: 3px;' "
 'title=\'1.0\'>_||>",<||_html:</span>_||><||_html:<span '
 "style='background-color: rgba(0.0, 165.0, 0, 0.15); border-radius: 3px;' "
 "title='1.0'>_||>\n"
 "<||_html:</span>_||><||_html:<span style='background-color: rgba(0.0, 165.0, "
 "0, 0.15); border-radius: 3px;' title='1.0'>_||>     "
 "<||_html:</span>_||><||_html:<span style='background-color: rgba(0.0, 165.0, "
 "0, 0.15); border-radius: 3px;' title='1.0'>_||> "
 '"<||_html:</span>_||><||_html:<span style=\'background-color: rgba(0.0, '
 "165.0, 0, 0.15); border-radius: 3px;' "
 "title='1.0'>_||>release<||_html:</span>_||><||_html:<span "
 "style='background-color: rgba(0.0, 165.0, 0, 0.15); border-radius: 3px;' "
 "title='1.0'>_||>_<||_html:</span>_||><||_html:<span style='background-color: "
 "rgba(0.0, 165.0, 0, 0.15); border-radius: 3px;' "
 "title='1.0'>_||>note<||_html:</span>_||><||_html:<span "
 "style='background-color: rgba(0.0, 165.0, 0, 0.15); border-radius: 3px;' "
 'title=\'1.0\'>_||>":<||_html:</span>_||><||_html:<span '
 "style='background-color: rgba(0.0, 165.0, 0, 0.15); border-radius: 3px;' "
 'title=\'1.0\'>_||> "<||_html:</span>_||><||_html:<span '
 "style='background-color: rgba(0.0, 165.0, 0, 0.15); border-radius: 3px;' "
 "title='1.0'>_||>The<||_html:</span>_||><||_html:<span "
 "style='background-color: rgba(0.0, 165.0, 0, 0.15); border-radius: 3px;' "
 "title='1.0'>_||> '<||_html:</span>_||><||_html:<span "
 "style='background-color: rgba(0.0, 165.0, 0, 0.15); border-radius: 3px;' "
 "title='1.0'>_||>Product<||_html:</span>_||><||_html:<span "
 "style='background-color: rgba(0.0, 165.0, 0, 0.15); border-radius: 3px;' "
 "title='1.0'>_||>'<||_html:</span>_||><||_html:<span style='background-color: "
 "rgba(0.0, 165.0, 0, 0.15); border-radius: 3px;' title='1.0'>_||>")
('Analyze the following two GraphQL schemas for changes, including both '
 'breaking and non-breaking changes.\n'
 '\n'
 '                        Provide your analysis in the following JSON format:\n'
 '                        {\n'
 '                          "changes": [\n'
 '                            {\n'
 '                              "type": "String representing the GraphQL type '
 '(e.g., Query, Mutation, Subscription)",\n'
 '                              "field": "String representing the specific '
 'field that changed",\n'
 '                              "change": "String describing the change (e.g., '
 'field renamed, new field added, field removed)",\n'
 '                              "breaking": "Boolean indicating if the change '
 'is breaking (true) or non-breaking (false)",\n'
 '                              "release_note": "String with a natural '
 'language description of the change for release notes"\n'
 '                            }\n'
 '                          ],\n'
 '                          "release_notes": {\n'
 '                              "summary": "String summarizing all changes, '
 'suitable for a mailing list or public announcement"\n'
 '                          }\n'
 '                        }\n'
 '\n'
 '                        When analyzing, consider the following types of '
 'changes:\n'
 '                        1. Removing fields or types (breaking)\n'
 '                        2. Changing field types (potentially breaking)\n'
 '                        3. Adding required fields (breaking)\n'
 '                        4. Changing the type of existing arguments '
 '(breaking)\n'
 '                        5. Adding optional fields (non-breaking)\n'
 '                        6. Adding new types (non-breaking)\n'
 '                        7. Deprecating fields (non-breaking)\n'
 '\n'
 '                        Ensure that each change is categorized correctly as '
 'breaking or non-breaking.: type Query {\n'
 '  getProduct(id: ID!): Product\n'
 '}\n'
 '\n'
 'type Product {\n'
 '  id: ID\n'
 '  name: String\n'
 '  description: String\n'
 '  price: Float\n'
 '  stock: Int\n'
 '}\n'
 ', type Query {\n'
 '  getProduct(id: ID!): Product\n'
 '}\n'
 '\n'
 'type Product {\n'
 '  id: ID\n'
 '  name: String\n'
 '  details: String\n'
 '  price: Float\n'
 '}\n'
 '\n'
 "Answer:<||_html:<span style='background-color: rgba(0.0, 165.0, 0, 0.15); "
 "border-radius: 3px;' title='1.0'>_||> {<||_html:</span>_||><||_html:<span "
 "style='background-color: rgba(0.0, 165.0, 0, 0.15); border-radius: 3px;' "
 "title='1.0'>_||>\n"
 "<||_html:</span>_||><||_html:<span style='background-color: rgba(0.0, 165.0, "
 "0, 0.15); border-radius: 3px;' title='1.0'>_||> "
 "<||_html:</span>_||><||_html:<span style='background-color: rgba(0.0, 165.0, "
 "0, 0.15); border-radius: 3px;' title='1.0'>_||> "
 '"<||_html:</span>_||><||_html:<span style=\'background-color: rgba(0.0, '
 "165.0, 0, 0.15); border-radius: 3px;' "
 "title='1.0'>_||>changes<||_html:</span>_||><||_html:<span "
 "style='background-color: rgba(0.0, 165.0, 0, 0.15); border-radius: 3px;' "
 'title=\'1.0\'>_||>":<||_html:</span>_||><||_html:<span '
 "style='background-color: rgba(0.0, 165.0, 0, 0.15); border-radius: 3px;' "
 "title='1.0'>_||> [<||_html:</span>_||><||_html:<span "
 "style='background-color: rgba(0.0, 165.0, 0, 0.15); border-radius: 3px;' "
 "title='1.0'>_||>\n"
 "<||_html:</span>_||><||_html:<span style='background-color: rgba(0.0, 165.0, "
 "0, 0.15); border-radius: 3px;' title='1.0'>_||>   "
 "<||_html:</span>_||><||_html:<span style='background-color: rgba(0.0, 165.0, "
 "0, 0.15); border-radius: 3px;' title='1.0'>_||> "
 "{<||_html:</span>_||><||_html:<span style='background-color: rgba(0.0, "
 "165.0, 0, 0.15); border-radius: 3px;' title='1.0'>_||>\n"
 "<||_html:</span>_||><||_html:<span style='background-color: rgba(0.0, 165.0, "
 "0, 0.15); border-radius: 3px;' title='1.0'>_||>     "
 "<||_html:</span>_||><||_html:<span style='background-color: rgba(0.0, 165.0, "
 "0, 0.15); border-radius: 3px;' title='1.0'>_||> "
 '"<||_html:</span>_||><||_html:<span style=\'background-color: rgba(0.0, '
 "165.0, 0, 0.15); border-radius: 3px;' "
 "title='1.0'>_||>type<||_html:</span>_||><||_html:<span "
 "style='background-color: rgba(0.0, 165.0, 0, 0.15); border-radius: 3px;' "
 'title=\'1.0\'>_||>":<||_html:</span>_||><||_html:<span '
 "style='background-color: rgba(0.0, 165.0, 0, 0.15); border-radius: 3px;' "
 'title=\'1.0\'>_||> "<||_html:</span>_||><||_html:<span '
 "style='background-color: rgba(0.0, 165.0, 0, 0.15); border-radius: 3px;' "
 "title='1.0'>_||>Query<||_html:</span>_||><||_html:<span "
 "style='background-color: rgba(0.0, 165.0, 0, 0.15); border-radius: 3px;' "
 'title=\'1.0\'>_||>",<||_html:</span>_||><||_html:<span '
 "style='background-color: rgba(0.0, 165.0, 0, 0.15); border-radius: 3px;' "
 "title='1.0'>_||>\n"
 "<||_html:</span>_||><||_html:<span style='background-color: rgba(0.0, 165.0, "
 "0, 0.15); border-radius: 3px;' title='1.0'>_||>     "
 "<||_html:</span>_||><||_html:<span style='background-color: rgba(0.0, 165.0, "
 "0, 0.15); border-radius: 3px;' title='1.0'>_||> "
 '"<||_html:</span>_||><||_html:<span style=\'background-color: rgba(0.0, '
 "165.0, 0, 0.15); border-radius: 3px;' "
 "title='1.0'>_||>field<||_html:</span>_||><||_html:<span "
 "style='background-color: rgba(0.0, 165.0, 0, 0.15); border-radius: 3px;' "
 'title=\'1.0\'>_||>":<||_html:</span>_||><||_html:<span '
 "style='background-color: rgba(0.0, 165.0, 0, 0.15); border-radius: 3px;' "
 'title=\'1.0\'>_||> "<||_html:</span>_||><||_html:<span '
 "style='background-color: rgba(0.0, 165.0, 0, 0.15); border-radius: 3px;' "
 "title='1.0'>_||>get<||_html:</span>_||><||_html:<span "
 "style='background-color: rgba(0.0, 165.0, 0, 0.15); border-radius: 3px;' "
 "title='1.0'>_||>Product<||_html:</span>_||><||_html:<span "
 "style='background-color: rgba(0.0, 165.0, 0, 0.15); border-radius: 3px;' "
 'title=\'1.0\'>_||>",<||_html:</span>_||><||_html:<span '
 "style='background-color: rgba(0.0, 165.0, 0, 0.15); border-radius: 3px;' "
 "title='1.0'>_||>\n"
 "<||_html:</span>_||><||_html:<span style='background-color: rgba(0.0, 165.0, "
 "0, 0.15); border-radius: 3px;' title='1.0'>_||>     "
 "<||_html:</span>_||><||_html:<span style='background-color: rgba(0.0, 165.0, "
 "0, 0.15); border-radius: 3px;' title='1.0'>_||> "
 '"<||_html:</span>_||><||_html:<span style=\'background-color: rgba(0.0, '
 "165.0, 0, 0.15); border-radius: 3px;' "
 "title='1.0'>_||>change<||_html:</span>_||><||_html:<span "
 "style='background-color: rgba(0.0, 165.0, 0, 0.15); border-radius: 3px;' "
 'title=\'1.0\'>_||>":<||_html:</span>_||><||_html:<span '
 "style='background-color: rgba(0.0, 165.0, 0, 0.15); border-radius: 3px;' "
 'title=\'1.0\'>_||> "<||_html:</span>_||><||_html:<span '
 "style='background-color: rgba(0.0, 165.0, 0, 0.15); border-radius: 3px;' "
 "title='1.0'>_||>field<||_html:</span>_||><||_html:<span "
 "style='background-color: rgba(0.0, 165.0, 0, 0.15); border-radius: 3px;' "
 "title='1.0'>_||> details<||_html:</span>_||><||_html:<span "
 "style='background-color: rgba(0.0, 165.0, 0, 0.15); border-radius: 3px;' "
 "title='1.0'>_||> added<||_html:</span>_||><||_html:<span "
 "style='background-color: rgba(0.0, 165.0, 0, 0.15); border-radius: 3px;' "
 'title=\'1.0\'>_||>",<||_html:</span>_||><||_html:<span '
 "style='background-color: rgba(0.0, 165.0, 0, 0.15); border-radius: 3px;' "
 "title='1.0'>_||>\n"
 "<||_html:</span>_||><||_html:<span style='background-color: rgba(0.0, 165.0, "
 "0, 0.15); border-radius: 3px;' title='1.0'>_||>     "
 "<||_html:</span>_||><||_html:<span style='background-color: rgba(0.0, 165.0, "
 "0, 0.15); border-radius: 3px;' title='1.0'>_||> "
 '"<||_html:</span>_||><||_html:<span style=\'background-color: rgba(0.0, '
 "165.0, 0, 0.15); border-radius: 3px;' "
 "title='1.0'>_||>breaking<||_html:</span>_||><||_html:<span "
 "style='background-color: rgba(0.0, 165.0, 0, 0.15); border-radius: 3px;' "
 'title=\'1.0\'>_||>":<||_html:</span>_||><||_html:<span '
 "style='background-color: rgba(0.0, 165.0, 0, 0.15); border-radius: 3px;' "
 'title=\'1.0\'>_||> "<||_html:</span>_||><||_html:<span '
 "style='background-color: rgba(0.0, 165.0, 0, 0.15); border-radius: 3px;' "
 "title='1.0'>_||>false<||_html:</span>_||><||_html:<span "
 "style='background-color: rgba(0.0, 165.0, 0, 0.15); border-radius: 3px;' "
 'title=\'1.0\'>_||>",<||_html:</span>_||><||_html:<span '
 "style='background-color: rgba(0.0, 165.0, 0, 0.15); border-radius: 3px;' "
 "title='1.0'>_||>\n"
 "<||_html:</span>_||><||_html:<span style='background-color: rgba(0.0, 165.0, "
 "0, 0.15); border-radius: 3px;' title='1.0'>_||>     "
 "<||_html:</span>_||><||_html:<span style='background-color: rgba(0.0, 165.0, "
 "0, 0.15); border-radius: 3px;' title='1.0'>_||> "
 '"<||_html:</span>_||><||_html:<span style=\'background-color: rgba(0.0, '
 "165.0, 0, 0.15); border-radius: 3px;' "
 "title='1.0'>_||>release<||_html:</span>_||><||_html:<span "
 "style='background-color: rgba(0.0, 165.0, 0, 0.15); border-radius: 3px;' "
 "title='1.0'>_||>_<||_html:</span>_||><||_html:<span style='background-color: "
 "rgba(0.0, 165.0, 0, 0.15); border-radius: 3px;' "
 "title='1.0'>_||>note<||_html:</span>_||><||_html:<span "
 "style='background-color: rgba(0.0, 165.0, 0, 0.15); border-radius: 3px;' "
 'title=\'1.0\'>_||>":<||_html:</span>_||><||_html:<span '
 "style='background-color: rgba(0.0, 165.0, 0, 0.15); border-radius: 3px;' "
 'title=\'1.0\'>_||> "<||_html:</span>_||><||_html:<span '
 "style='background-color: rgba(0.0, 165.0, 0, 0.15); border-radius: 3px;' "
 "title='1.0'>_||>The<||_html:</span>_||><||_html:<span "
 "style='background-color: rgba(0.0, 165.0, 0, 0.15); border-radius: 3px;' "
 "title='1.0'>_||> '<||_html:</span>_||><||_html:<span "
 "style='background-color: rgba(0.0, 165.0, 0, 0.15); border-radius: 3px;' "
 "title='1.0'>_||>get<||_html:</span>_||><||_html:<span "
 "style='background-color: rgba(0.0, 165.0, 0, 0.15); border-radius: 3px;' "
 "title='1.0'>_||>Product<||_html:</span>_||><||_html:<span "
 "style='background-color: rgba(0.0, 165.0, 0, 0.15); border-radius: 3px;' "
 "title='1.0'>_||>'<||_html:</span>_||><||_html:<span style='background-color: "
 "rgba(0.0, 165.0, 0, 0.15); border-radius: 3px;' title='1.0'>_||> "
 "query<||_html:</span>_||><||_html:<span style='background-color: rgba(0.0, "
 "165.0, 0, 0.15); border-radius: 3px;' title='1.0'>_||> "
 "now<||_html:</span>_||><||_html:<span style='background-color: rgba(0.0, "
 "165.0, 0, 0.15); border-radius: 3px;' title='1.0'>_||> "
 "includes<||_html:</span>_||><||_html:<span style='background-color: "
 "rgba(0.0, 165.0, 0, 0.15); border-radius: 3px;' title='1.0'>_||> "
 "a<||_html:</span>_||><||_html:<span style='background-color: rgba(0.0, "
 "165.0, 0, 0.15); border-radius: 3px;' title='1.0'>_||> "
 "new<||_html:</span>_||><||_html:<span style='background-color: rgba(0.0, "
 "165.0, 0, 0.15); border-radius: 3px;' title='1.0'>_||> "
 "field<||_html:</span>_||><||_html:<span style='background-color: rgba(0.0, "
 "165.0, 0, 0.15); border-radius: 3px;' title='1.0'>_||> "
 "'<||_html:</span>_||><||_html:<span style='background-color: rgba(0.0, "
 "165.0, 0, 0.15); border-radius: 3px;' "
 "title='1.0'>_||>details<||_html:</span>_||><||_html:<span "
 "style='background-color: rgba(0.0, 165.0, 0, 0.15); border-radius: 3px;' "
 "title='1.0'>_||>'<||_html:</span>_||><||_html:<span style='background-color: "
 "rgba(0.0, 165.0, 0, 0.15); border-radius: 3px;' title='1.0'>_||> "
 "of<||_html:</span>_||><||_html:<span style='background-color: rgba(0.0, "
 "165.0, 0, 0.15); border-radius: 3px;' title='1.0'>_||> "
 "type<||_html:</span>_||><||_html:<span style='background-color: rgba(0.0, "
 "165.0, 0, 0.15); border-radius: 3px;' title='1.0'>_||> "
 "String<||_html:</span>_||><||_html:<span style='background-color: rgba(0.0, "
 "165.0, 0, 0.15); border-radius: 3px;' "
 'title=\'1.0\'>_||>."<||_html:</span>_||><||_html:<span '
 "style='background-color: rgba(0.0, 165.0, 0, 0.15); border-radius: 3px;' "
 "title='1.0'>_||>\n"
 "<||_html:</span>_||><||_html:<span style='background-color: rgba(0.0, 165.0, "
 "0, 0.15); border-radius: 3px;' title='1.0'>_||>   "
 "<||_html:</span>_||><||_html:<span style='background-color: rgba(0.0, 165.0, "
 "0, 0.15); border-radius: 3px;' title='1.0'>_||> "
 "},<||_html:</span>_||><||_html:<span style='background-color: rgba(0.0, "
 "165.0, 0, 0.15); border-radius: 3px;' title='1.0'>_||>\n"
 "<||_html:</span>_||><||_html:<span style='background-color: rgba(0.0, 165.0, "
 "0, 0.15); border-radius: 3px;' title='1.0'>_||>   "
 "<||_html:</span>_||><||_html:<span style='background-color: rgba(0.0, 165.0, "
 "0, 0.15); border-radius: 3px;' title='1.0'>_||> "
 "{<||_html:</span>_||><||_html:<span style='background-color: rgba(0.0, "
 "165.0, 0, 0.15); border-radius: 3px;' title='1.0'>_||>\n"
 "<||_html:</span>_||><||_html:<span style='background-color: rgba(0.0, 165.0, "
 "0, 0.15); border-radius: 3px;' title='1.0'>_||>     "
 "<||_html:</span>_||><||_html:<span style='background-color: rgba(0.0, 165.0, "
 "0, 0.15); border-radius: 3px;' title='1.0'>_||> "
 '"<||_html:</span>_||><||_html:<span style=\'background-color: rgba(0.0, '
 "165.0, 0, 0.15); border-radius: 3px;' "
 "title='1.0'>_||>type<||_html:</span>_||><||_html:<span "
 "style='background-color: rgba(0.0, 165.0, 0, 0.15); border-radius: 3px;' "
 'title=\'1.0\'>_||>":<||_html:</span>_||><||_html:<span '
 "style='background-color: rgba(0.0, 165.0, 0, 0.15); border-radius: 3px;' "
 'title=\'1.0\'>_||> "<||_html:</span>_||><||_html:<span '
 "style='background-color: rgba(0.0, 165.0, 0, 0.15); border-radius: 3px;' "
 "title='1.0'>_||>Product<||_html:</span>_||><||_html:<span "
 "style='background-color: rgba(0.0, 165.0, 0, 0.15); border-radius: 3px;' "
 'title=\'1.0\'>_||>",<||_html:</span>_||><||_html:<span '
 "style='background-color: rgba(0.0, 165.0, 0, 0.15); border-radius: 3px;' "
 "title='1.0'>_||>\n"
 "<||_html:</span>_||><||_html:<span style='background-color: rgba(0.0, 165.0, "
 "0, 0.15); border-radius: 3px;' title='1.0'>_||>     "
 "<||_html:</span>_||><||_html:<span style='background-color: rgba(0.0, 165.0, "
 "0, 0.15); border-radius: 3px;' title='1.0'>_||> "
 '"<||_html:</span>_||><||_html:<span style=\'background-color: rgba(0.0, '
 "165.0, 0, 0.15); border-radius: 3px;' "
 "title='1.0'>_||>field<||_html:</span>_||><||_html:<span "
 "style='background-color: rgba(0.0, 165.0, 0, 0.15); border-radius: 3px;' "
 'title=\'1.0\'>_||>":<||_html:</span>_||><||_html:<span '
 "style='background-color: rgba(0.0, 165.0, 0, 0.15); border-radius: 3px;' "
 'title=\'1.0\'>_||> "<||_html:</span>_||><||_html:<span '
 "style='background-color: rgba(0.0, 165.0, 0, 0.15); border-radius: 3px;' "
 "title='1.0'>_||>description<||_html:</span>_||><||_html:<span "
 "style='background-color: rgba(0.0, 165.0, 0, 0.15); border-radius: 3px;' "
 'title=\'1.0\'>_||>",<||_html:</span>_||><||_html:<span '
 "style='background-color: rgba(0.0, 165.0, 0, 0.15); border-radius: 3px;' "
 "title='1.0'>_||>\n"
 "<||_html:</span>_||><||_html:<span style='background-color: rgba(0.0, 165.0, "
 "0, 0.15); border-radius: 3px;' title='1.0'>_||>     "
 "<||_html:</span>_||><||_html:<span style='background-color: rgba(0.0, 165.0, "
 "0, 0.15); border-radius: 3px;' title='1.0'>_||> "
 '"<||_html:</span>_||><||_html:<span style=\'background-color: rgba(0.0, '
 "165.0, 0, 0.15); border-radius: 3px;' "
 "title='1.0'>_||>change<||_html:</span>_||><||_html:<span "
 "style='background-color: rgba(0.0, 165.0, 0, 0.15); border-radius: 3px;' "
 'title=\'1.0\'>_||>":<||_html:</span>_||><||_html:<span '
 "style='background-color: rgba(0.0, 165.0, 0, 0.15); border-radius: 3px;' "
 'title=\'1.0\'>_||> "<||_html:</span>_||><||_html:<span '
 "style='background-color: rgba(0.0, 165.0, 0, 0.15); border-radius: 3px;' "
 "title='1.0'>_||>field<||_html:</span>_||><||_html:<span "
 "style='background-color: rgba(0.0, 165.0, 0, 0.15); border-radius: 3px;' "
 "title='1.0'>_||> removed<||_html:</span>_||><||_html:<span "
 "style='background-color: rgba(0.0, 165.0, 0, 0.15); border-radius: 3px;' "
 'title=\'1.0\'>_||>",<||_html:</span>_||><||_html:<span '
 "style='background-color: rgba(0.0, 165.0, 0, 0.15); border-radius: 3px;' "
 "title='1.0'>_||>\n"
 "<||_html:</span>_||><||_html:<span style='background-color: rgba(0.0, 165.0, "
 "0, 0.15); border-radius: 3px;' title='1.0'>_||>     "
 "<||_html:</span>_||><||_html:<span style='background-color: rgba(0.0, 165.0, "
 "0, 0.15); border-radius: 3px;' title='1.0'>_||> "
 '"<||_html:</span>_||><||_html:<span style=\'background-color: rgba(0.0, '
 "165.0, 0, 0.15); border-radius: 3px;' "
 "title='1.0'>_||>breaking<||_html:</span>_||><||_html:<span "
 "style='background-color: rgba(0.0, 165.0, 0, 0.15); border-radius: 3px;' "
 'title=\'1.0\'>_||>":<||_html:</span>_||><||_html:<span '
 "style='background-color: rgba(0.0, 165.0, 0, 0.15); border-radius: 3px;' "
 'title=\'1.0\'>_||> "<||_html:</span>_||><||_html:<span '
 "style='background-color: rgba(0.0, 165.0, 0, 0.15); border-radius: 3px;' "
 "title='1.0'>_||>true<||_html:</span>_||><||_html:<span "
 "style='background-color: rgba(0.0, 165.0, 0, 0.15); border-radius: 3px;' "
 'title=\'1.0\'>_||>",<||_html:</span>_||><||_html:<span '
 "style='background-color: rgba(0.0, 165.0, 0, 0.15); border-radius: 3px;' "
 "title='1.0'>_||>\n"
 "<||_html:</span>_||><||_html:<span style='background-color: rgba(0.0, 165.0, "
 "0, 0.15); border-radius: 3px;' title='1.0'>_||>     "
 "<||_html:</span>_||><||_html:<span style='background-color: rgba(0.0, 165.0, "
 "0, 0.15); border-radius: 3px;' title='1.0'>_||> "
 '"<||_html:</span>_||><||_html:<span style=\'background-color: rgba(0.0, '
 "165.0, 0, 0.15); border-radius: 3px;' "
 "title='1.0'>_||>release<||_html:</span>_||><||_html:<span "
 "style='background-color: rgba(0.0, 165.0, 0, 0.15); border-radius: 3px;' "
 "title='1.0'>_||>_<||_html:</span>_||><||_html:<span style='background-color: "
 "rgba(0.0, 165.0, 0, 0.15); border-radius: 3px;' "
 "title='1.0'>_||>note<||_html:</span>_||><||_html:<span "
 "style='background-color: rgba(0.0, 165.0, 0, 0.15); border-radius: 3px;' "
 'title=\'1.0\'>_||>":<||_html:</span>_||><||_html:<span '
 "style='background-color: rgba(0.0, 165.0, 0, 0.15); border-radius: 3px;' "
 'title=\'1.0\'>_||> "<||_html:</span>_||><||_html:<span '
 "style='background-color: rgba(0.0, 165.0, 0, 0.15); border-radius: 3px;' "
 "title='1.0'>_||>The<||_html:</span>_||><||_html:<span "
 "style='background-color: rgba(0.0, 165.0, 0, 0.15); border-radius: 3px;' "
 "title='1.0'>_||> '<||_html:</span>_||><||_html:<span "
 "style='background-color: rgba(0.0, 165.0, 0, 0.15); border-radius: 3px;' "
 "title='1.0'>_||>Product<||_html:</span>_||><||_html:<span "
 "style='background-color: rgba(0.0, 165.0, 0, 0.15); border-radius: 3px;' "
 "title='1.0'>_||>'<||_html:</span>_||><||_html:<span style='background-color: "
 "rgba(0.0, 165.0, 0, 0.15); border-radius: 3px;' title='1.0'>_||> "
 "type<||_html:</span>_||><||_html:<span style='background-color: rgba(0.0, "
 "165.0, 0, 0.15); border-radius: 3px;' title='1.0'>_||> "
 "no<||_html:</span>_||><||_html:<span style='background-color: rgba(0.0, "
 "165.0, 0, 0.15); border-radius: 3px;' title='1.0'>_||> "
 "longer<||_html:</span>_||><||_html:<span style='background-color: rgba(0.0, "
 "165.0, 0, 0.15); border-radius: 3px;' title='1.0'>_||> "
 "includes<||_html:</span>_||><||_html:<span style='background-color: "
 "rgba(0.0, 165.0, 0, 0.15); border-radius: 3px;' title='1.0'>_||> "
 "the<||_html:</span>_||><||_html:<span style='background-color: rgba(0.0, "
 "165.0, 0, 0.15); border-radius: 3px;' title='1.0'>_||> "
 "'<||_html:</span>_||><||_html:<span style='background-color: rgba(0.0, "
 "165.0, 0, 0.15); border-radius: 3px;' "
 "title='1.0'>_||>description<||_html:</span>_||><||_html:<span "
 "style='background-color: rgba(0.0, 165.0, 0, 0.15); border-radius: 3px;' "
 "title='1.0'>_||>'<||_html:</span>_||><||_html:<span style='background-color: "
 "rgba(0.0, 165.0, 0, 0.15); border-radius: 3px;' title='1.0'>_||> "
 "field<||_html:</span>_||><||_html:<span style='background-color: rgba(0.0, "
 "165.0, 0, 0.15); border-radius: 3px;' "
 'title=\'1.0\'>_||>."<||_html:</span>_||><||_html:<span '
 "style='background-color: rgba(0.0, 165.0, 0, 0.15); border-radius: 3px;' "
 "title='1.0'>_||>\n"
 "<||_html:</span>_||><||_html:<span style='background-color: rgba(0.0, 165.0, "
 "0, 0.15); border-radius: 3px;' title='1.0'>_||>   "
 "<||_html:</span>_||><||_html:<span style='background-color: rgba(0.0, 165.0, "
 "0, 0.15); border-radius: 3px;' title='1.0'>_||> "
 "},<||_html:</span>_||><||_html:<span style='background-color: rgba(0.0, "
 "165.0, 0, 0.15); border-radius: 3px;' title='1.0'>_||>\n"
 "<||_html:</span>_||><||_html:<span style='background-color: rgba(0.0, 165.0, "
 "0, 0.15); border-radius: 3px;' title='1.0'>_||>   "
 "<||_html:</span>_||><||_html:<span style='background-color: rgba(0.0, 165.0, "
 "0, 0.15); border-radius: 3px;' title='1.0'>_||> "
 "{<||_html:</span>_||><||_html:<span style='background-color: rgba(0.0, "
 "165.0, 0, 0.15); border-radius: 3px;' title='1.0'>_||>\n"
 "<||_html:</span>_||><||_html:<span style='background-color: rgba(0.0, 165.0, "
 "0, 0.15); border-radius: 3px;' title='1.0'>_||>     "
 "<||_html:</span>_||><||_html:<span style='background-color: rgba(0.0, 165.0, "
 "0, 0.15); border-radius: 3px;' title='1.0'>_||> "
 '"<||_html:</span>_||><||_html:<span style=\'background-color: rgba(0.0, '
 "165.0, 0, 0.15); border-radius: 3px;' "
 "title='1.0'>_||>type<||_html:</span>_||><||_html:<span "
 "style='background-color: rgba(0.0, 165.0, 0, 0.15); border-radius: 3px;' "
 'title=\'1.0\'>_||>":<||_html:</span>_||><||_html:<span '
 "style='background-color: rgba(0.0, 165.0, 0, 0.15); border-radius: 3px;' "
 'title=\'1.0\'>_||> "<||_html:</span>_||><||_html:<span '
 "style='background-color: rgba(0.0, 165.0, 0, 0.15); border-radius: 3px;' "
 "title='1.0'>_||>Product<||_html:</span>_||><||_html:<span "
 "style='background-color: rgba(0.0, 165.0, 0, 0.15); border-radius: 3px;' "
 'title=\'1.0\'>_||>",<||_html:</span>_||><||_html:<span '
 "style='background-color: rgba(0.0, 165.0, 0, 0.15); border-radius: 3px;' "
 "title='1.0'>_||>\n"
 "<||_html:</span>_||><||_html:<span style='background-color: rgba(0.0, 165.0, "
 "0, 0.15); border-radius: 3px;' title='1.0'>_||>     "
 "<||_html:</span>_||><||_html:<span style='background-color: rgba(0.0, 165.0, "
 "0, 0.15); border-radius: 3px;' title='1.0'>_||> "
 '"<||_html:</span>_||><||_html:<span style=\'background-color: rgba(0.0, '
 "165.0, 0, 0.15); border-radius: 3px;' "
 "title='1.0'>_||>field<||_html:</span>_||><||_html:<span "
 "style='background-color: rgba(0.0, 165.0, 0, 0.15); border-radius: 3px;' "
 'title=\'1.0\'>_||>":<||_html:</span>_||><||_html:<span '
 "style='background-color: rgba(0.0, 165.0, 0, 0.15); border-radius: 3px;' "
 'title=\'1.0\'>_||> "<||_html:</span>_||><||_html:<span '
 "style='background-color: rgba(0.0, 165.0, 0, 0.15); border-radius: 3px;' "
 "title='1.0'>_||>stock<||_html:</span>_||><||_html:<span "
 "style='background-color: rgba(0.0, 165.0, 0, 0.15); border-radius: 3px;' "
 'title=\'1.0\'>_||>",<||_html:</span>_||><||_html:<span '
 "style='background-color: rgba(0.0, 165.0, 0, 0.15); border-radius: 3px;' "
 "title='1.0'>_||>\n"
 "<||_html:</span>_||><||_html:<span style='background-color: rgba(0.0, 165.0, "
 "0, 0.15); border-radius: 3px;' title='1.0'>_||>     "
 "<||_html:</span>_||><||_html:<span style='background-color: rgba(0.0, 165.0, "
 "0, 0.15); border-radius: 3px;' title='1.0'>_||> "
 '"<||_html:</span>_||><||_html:<span style=\'background-color: rgba(0.0, '
 "165.0, 0, 0.15); border-radius: 3px;' "
 "title='1.0'>_||>change<||_html:</span>_||><||_html:<span "
 "style='background-color: rgba(0.0, 165.0, 0, 0.15); border-radius: 3px;' "
 'title=\'1.0\'>_||>":<||_html:</span>_||><||_html:<span '
 "style='background-color: rgba(0.0, 165.0, 0, 0.15); border-radius: 3px;' "
 'title=\'1.0\'>_||> "<||_html:</span>_||><||_html:<span '
 "style='background-color: rgba(0.0, 165.0, 0, 0.15); border-radius: 3px;' "
 "title='1.0'>_||>field<||_html:</span>_||><||_html:<span "
 "style='background-color: rgba(0.0, 165.0, 0, 0.15); border-radius: 3px;' "
 "title='1.0'>_||> removed<||_html:</span>_||><||_html:<span "
 "style='background-color: rgba(0.0, 165.0, 0, 0.15); border-radius: 3px;' "
 'title=\'1.0\'>_||>",<||_html:</span>_||><||_html:<span '
 "style='background-color: rgba(0.0, 165.0, 0, 0.15); border-radius: 3px;' "
 "title='1.0'>_||>\n"
 "<||_html:</span>_||><||_html:<span style='background-color: rgba(0.0, 165.0, "
 "0, 0.15); border-radius: 3px;' title='1.0'>_||>     "
 "<||_html:</span>_||><||_html:<span style='background-color: rgba(0.0, 165.0, "
 "0, 0.15); border-radius: 3px;' title='1.0'>_||> "
 '"<||_html:</span>_||><||_html:<span style=\'background-color: rgba(0.0, '
 "165.0, 0, 0.15); border-radius: 3px;' "
 "title='1.0'>_||>breaking<||_html:</span>_||><||_html:<span "
 "style='background-color: rgba(0.0, 165.0, 0, 0.15); border-radius: 3px;' "
 'title=\'1.0\'>_||>":<||_html:</span>_||><||_html:<span '
 "style='background-color: rgba(0.0, 165.0, 0, 0.15); border-radius: 3px;' "
 'title=\'1.0\'>_||> "<||_html:</span>_||><||_html:<span '
 "style='background-color: rgba(0.0, 165.0, 0, 0.15); border-radius: 3px;' "
 "title='1.0'>_||>true<||_html:</span>_||><||_html:<span "
 "style='background-color: rgba(0.0, 165.0, 0, 0.15); border-radius: 3px;' "
 'title=\'1.0\'>_||>",<||_html:</span>_||><||_html:<span '
 "style='background-color: rgba(0.0, 165.0, 0, 0.15); border-radius: 3px;' "
 "title='1.0'>_||>\n"
 "<||_html:</span>_||><||_html:<span style='background-color: rgba(0.0, 165.0, "
 "0, 0.15); border-radius: 3px;' title='1.0'>_||>     "
 "<||_html:</span>_||><||_html:<span style='background-color: rgba(0.0, 165.0, "
 "0, 0.15); border-radius: 3px;' title='1.0'>_||> "
 '"<||_html:</span>_||><||_html:<span style=\'background-color: rgba(0.0, '
 "165.0, 0, 0.15); border-radius: 3px;' "
 "title='1.0'>_||>release<||_html:</span>_||><||_html:<span "
 "style='background-color: rgba(0.0, 165.0, 0, 0.15); border-radius: 3px;' "
 "title='1.0'>_||>_<||_html:</span>_||><||_html:<span style='background-color: "
 "rgba(0.0, 165.0, 0, 0.15); border-radius: 3px;' "
 "title='1.0'>_||>note<||_html:</span>_||><||_html:<span "
 "style='background-color: rgba(0.0, 165.0, 0, 0.15); border-radius: 3px;' "
 'title=\'1.0\'>_||>":<||_html:</span>_||><||_html:<span '
 "style='background-color: rgba(0.0, 165.0, 0, 0.15); border-radius: 3px;' "
 'title=\'1.0\'>_||> "<||_html:</span>_||><||_html:<span '
 "style='background-color: rgba(0.0, 165.0, 0, 0.15); border-radius: 3px;' "
 "title='1.0'>_||>The<||_html:</span>_||><||_html:<span "
 "style='background-color: rgba(0.0, 165.0, 0, 0.15); border-radius: 3px;' "
 "title='1.0'>_||> '<||_html:</span>_||><||_html:<span "
 "style='background-color: rgba(0.0, 165.0, 0, 0.15); border-radius: 3px;' "
 "title='1.0'>_||>Product<||_html:</span>_||><||_html:<span "
 "style='background-color: rgba(0.0, 165.0, 0, 0.15); border-radius: 3px;' "
 "title='1.0'>_||>'<||_html:</span>_||><||_html:<span style='background-color: "
 "rgba(0.0, 165.0, 0, 0.15); border-radius: 3px;' title='1.0'>_||> "
 "type<||_html:</span>_||><||_html:<span style='background-color: rgba(0.0, "
 "165.0, 0, 0.15); border-radius: 3px;' title='1.0'>_||> "
 "no<||_html:</span>_||><||_html:<span style='background-color: rgba(0.0, "
 "165.0, 0, 0.15); border-radius: 3px;' title='1.0'>_||> "
 "longer<||_html:</span>_||><||_html:<span style='background-color: rgba(0.0, "
 "165.0, 0, 0.15); border-radius: 3px;' title='1.0'>_||>")
('Analyze the following two GraphQL schemas for changes, including both '
 'breaking and non-breaking changes.\n'
 '\n'
 '                        Provide your analysis in the following JSON format:\n'
 '                        {\n'
 '                          "changes": [\n'
 '                            {\n'
 '                              "type": "String representing the GraphQL type '
 '(e.g., Query, Mutation, Subscription)",\n'
 '                              "field": "String representing the specific '
 'field that changed",\n'
 '                              "change": "String describing the change (e.g., '
 'field renamed, new field added, field removed)",\n'
 '                              "breaking": "Boolean indicating if the change '
 'is breaking (true) or non-breaking (false)",\n'
 '                              "release_note": "String with a natural '
 'language description of the change for release notes"\n'
 '                            }\n'
 '                          ],\n'
 '                          "release_notes": {\n'
 '                              "summary": "String summarizing all changes, '
 'suitable for a mailing list or public announcement"\n'
 '                          }\n'
 '                        }\n'
 '\n'
 '                        When analyzing, consider the following types of '
 'changes:\n'
 '                        1. Removing fields or types (breaking)\n'
 '                        2. Changing field types (potentially breaking)\n'
 '                        3. Adding required fields (breaking)\n'
 '                        4. Changing the type of existing arguments '
 '(breaking)\n'
 '                        5. Adding optional fields (non-breaking)\n'
 '                        6. Adding new types (non-breaking)\n'
 '                        7. Deprecating fields (non-breaking)\n'
 '\n'
 '                        Ensure that each change is categorized correctly as '
 'breaking or non-breaking.: type Query {\n'
 '  getProduct(id: ID!): Product\n'
 '}\n'
 '\n'
 'type Product {\n'
 '  id: ID\n'
 '  name: String\n'
 '  description: String\n'
 '  price: Float\n'
 '  stock: Int\n'
 '}\n'
 ', type Query {\n'
 '  getProduct(id: ID!): Product\n'
 '}\n'
 '\n'
 'type Product {\n'
 '  id: ID\n'
 '  name: String\n'
 '  details: String\n'
 '  price: Float\n'
 '}\n'
 '\n'
 "Answer:<||_html:<span style='background-color: rgba(0.0, 165.0, 0, 0.15); "
 "border-radius: 3px;' title='1.0'>_||> {<||_html:</span>_||><||_html:<span "
 "style='background-color: rgba(0.0, 165.0, 0, 0.15); border-radius: 3px;' "
 "title='1.0'>_||>\n"
 "<||_html:</span>_||><||_html:<span style='background-color: rgba(0.0, 165.0, "
 "0, 0.15); border-radius: 3px;' title='1.0'>_||> "
 "<||_html:</span>_||><||_html:<span style='background-color: rgba(0.0, 165.0, "
 "0, 0.15); border-radius: 3px;' title='1.0'>_||> "
 '"<||_html:</span>_||><||_html:<span style=\'background-color: rgba(0.0, '
 "165.0, 0, 0.15); border-radius: 3px;' "
 "title='1.0'>_||>changes<||_html:</span>_||><||_html:<span "
 "style='background-color: rgba(0.0, 165.0, 0, 0.15); border-radius: 3px;' "
 'title=\'1.0\'>_||>":<||_html:</span>_||><||_html:<span '
 "style='background-color: rgba(0.0, 165.0, 0, 0.15); border-radius: 3px;' "
 "title='1.0'>_||> [<||_html:</span>_||><||_html:<span "
 "style='background-color: rgba(0.0, 165.0, 0, 0.15); border-radius: 3px;' "
 "title='1.0'>_||>\n"
 "<||_html:</span>_||><||_html:<span style='background-color: rgba(0.0, 165.0, "
 "0, 0.15); border-radius: 3px;' title='1.0'>_||>   "
 "<||_html:</span>_||><||_html:<span style='background-color: rgba(0.0, 165.0, "
 "0, 0.15); border-radius: 3px;' title='1.0'>_||> "
 "{<||_html:</span>_||><||_html:<span style='background-color: rgba(0.0, "
 "165.0, 0, 0.15); border-radius: 3px;' title='1.0'>_||>\n"
 "<||_html:</span>_||><||_html:<span style='background-color: rgba(0.0, 165.0, "
 "0, 0.15); border-radius: 3px;' title='1.0'>_||>     "
 "<||_html:</span>_||><||_html:<span style='background-color: rgba(0.0, 165.0, "
 "0, 0.15); border-radius: 3px;' title='1.0'>_||> "
 '"<||_html:</span>_||><||_html:<span style=\'background-color: rgba(0.0, '
 "165.0, 0, 0.15); border-radius: 3px;' "
 "title='1.0'>_||>type<||_html:</span>_||><||_html:<span "
 "style='background-color: rgba(0.0, 165.0, 0, 0.15); border-radius: 3px;' "
 'title=\'1.0\'>_||>":<||_html:</span>_||><||_html:<span '
 "style='background-color: rgba(0.0, 165.0, 0, 0.15); border-radius: 3px;' "
 'title=\'1.0\'>_||> "<||_html:</span>_||><||_html:<span '
 "style='background-color: rgba(0.0, 165.0, 0, 0.15); border-radius: 3px;' "
 "title='1.0'>_||>Query<||_html:</span>_||><||_html:<span "
 "style='background-color: rgba(0.0, 165.0, 0, 0.15); border-radius: 3px;' "
 'title=\'1.0\'>_||>",<||_html:</span>_||><||_html:<span '
 "style='background-color: rgba(0.0, 165.0, 0, 0.15); border-radius: 3px;' "
 "title='1.0'>_||>\n"
 "<||_html:</span>_||><||_html:<span style='background-color: rgba(0.0, 165.0, "
 "0, 0.15); border-radius: 3px;' title='1.0'>_||>     "
 "<||_html:</span>_||><||_html:<span style='background-color: rgba(0.0, 165.0, "
 "0, 0.15); border-radius: 3px;' title='1.0'>_||> "
 '"<||_html:</span>_||><||_html:<span style=\'background-color: rgba(0.0, '
 "165.0, 0, 0.15); border-radius: 3px;' "
 "title='1.0'>_||>field<||_html:</span>_||><||_html:<span "
 "style='background-color: rgba(0.0, 165.0, 0, 0.15); border-radius: 3px;' "
 'title=\'1.0\'>_||>":<||_html:</span>_||><||_html:<span '
 "style='background-color: rgba(0.0, 165.0, 0, 0.15); border-radius: 3px;' "
 'title=\'1.0\'>_||> "<||_html:</span>_||><||_html:<span '
 "style='background-color: rgba(0.0, 165.0, 0, 0.15); border-radius: 3px;' "
 "title='1.0'>_||>get<||_html:</span>_||><||_html:<span "
 "style='background-color: rgba(0.0, 165.0, 0, 0.15); border-radius: 3px;' "
 "title='1.0'>_||>Product<||_html:</span>_||><||_html:<span "
 "style='background-color: rgba(0.0, 165.0, 0, 0.15); border-radius: 3px;' "
 'title=\'1.0\'>_||>",<||_html:</span>_||><||_html:<span '
 "style='background-color: rgba(0.0, 165.0, 0, 0.15); border-radius: 3px;' "
 "title='1.0'>_||>\n"
 "<||_html:</span>_||><||_html:<span style='background-color: rgba(0.0, 165.0, "
 "0, 0.15); border-radius: 3px;' title='1.0'>_||>     "
 "<||_html:</span>_||><||_html:<span style='background-color: rgba(0.0, 165.0, "
 "0, 0.15); border-radius: 3px;' title='1.0'>_||> "
 '"<||_html:</span>_||><||_html:<span style=\'background-color: rgba(0.0, '
 "165.0, 0, 0.15); border-radius: 3px;' "
 "title='1.0'>_||>change<||_html:</span>_||><||_html:<span "
 "style='background-color: rgba(0.0, 165.0, 0, 0.15); border-radius: 3px;' "
 'title=\'1.0\'>_||>":<||_html:</span>_||><||_html:<span '
 "style='background-color: rgba(0.0, 165.0, 0, 0.15); border-radius: 3px;' "
 'title=\'1.0\'>_||> "<||_html:</span>_||><||_html:<span '
 "style='background-color: rgba(0.0, 165.0, 0, 0.15); border-radius: 3px;' "
 "title='1.0'>_||>field<||_html:</span>_||><||_html:<span "
 "style='background-color: rgba(0.0, 165.0, 0, 0.15); border-radius: 3px;' "
 "title='1.0'>_||> details<||_html:</span>_||><||_html:<span "
 "style='background-color: rgba(0.0, 165.0, 0, 0.15); border-radius: 3px;' "
 "title='1.0'>_||> added<||_html:</span>_||><||_html:<span "
 "style='background-color: rgba(0.0, 165.0, 0, 0.15); border-radius: 3px;' "
 'title=\'1.0\'>_||>",<||_html:</span>_||><||_html:<span '
 "style='background-color: rgba(0.0, 165.0, 0, 0.15); border-radius: 3px;' "
 "title='1.0'>_||>\n"
 "<||_html:</span>_||><||_html:<span style='background-color: rgba(0.0, 165.0, "
 "0, 0.15); border-radius: 3px;' title='1.0'>_||>     "
 "<||_html:</span>_||><||_html:<span style='background-color: rgba(0.0, 165.0, "
 "0, 0.15); border-radius: 3px;' title='1.0'>_||> "
 '"<||_html:</span>_||><||_html:<span style=\'background-color: rgba(0.0, '
 "165.0, 0, 0.15); border-radius: 3px;' "
 "title='1.0'>_||>breaking<||_html:</span>_||><||_html:<span "
 "style='background-color: rgba(0.0, 165.0, 0, 0.15); border-radius: 3px;' "
 'title=\'1.0\'>_||>":<||_html:</span>_||><||_html:<span '
 "style='background-color: rgba(0.0, 165.0, 0, 0.15); border-radius: 3px;' "
 'title=\'1.0\'>_||> "<||_html:</span>_||><||_html:<span '
 "style='background-color: rgba(0.0, 165.0, 0, 0.15); border-radius: 3px;' "
 "title='1.0'>_||>false<||_html:</span>_||><||_html:<span "
 "style='background-color: rgba(0.0, 165.0, 0, 0.15); border-radius: 3px;' "
 'title=\'1.0\'>_||>",<||_html:</span>_||><||_html:<span '
 "style='background-color: rgba(0.0, 165.0, 0, 0.15); border-radius: 3px;' "
 "title='1.0'>_||>\n"
 "<||_html:</span>_||><||_html:<span style='background-color: rgba(0.0, 165.0, "
 "0, 0.15); border-radius: 3px;' title='1.0'>_||>     "
 "<||_html:</span>_||><||_html:<span style='background-color: rgba(0.0, 165.0, "
 "0, 0.15); border-radius: 3px;' title='1.0'>_||> "
 '"<||_html:</span>_||><||_html:<span style=\'background-color: rgba(0.0, '
 "165.0, 0, 0.15); border-radius: 3px;' "
 "title='1.0'>_||>release<||_html:</span>_||><||_html:<span "
 "style='background-color: rgba(0.0, 165.0, 0, 0.15); border-radius: 3px;' "
 "title='1.0'>_||>_<||_html:</span>_||><||_html:<span style='background-color: "
 "rgba(0.0, 165.0, 0, 0.15); border-radius: 3px;' "
 "title='1.0'>_||>note<||_html:</span>_||><||_html:<span "
 "style='background-color: rgba(0.0, 165.0, 0, 0.15); border-radius: 3px;' "
 'title=\'1.0\'>_||>":<||_html:</span>_||><||_html:<span '
 "style='background-color: rgba(0.0, 165.0, 0, 0.15); border-radius: 3px;' "
 'title=\'1.0\'>_||> "<||_html:</span>_||><||_html:<span '
 "style='background-color: rgba(0.0, 165.0, 0, 0.15); border-radius: 3px;' "
 "title='1.0'>_||>The<||_html:</span>_||><||_html:<span "
 "style='background-color: rgba(0.0, 165.0, 0, 0.15); border-radius: 3px;' "
 "title='1.0'>_||> '<||_html:</span>_||><||_html:<span "
 "style='background-color: rgba(0.0, 165.0, 0, 0.15); border-radius: 3px;' "
 "title='1.0'>_||>get<||_html:</span>_||><||_html:<span "
 "style='background-color: rgba(0.0, 165.0, 0, 0.15); border-radius: 3px;' "
 "title='1.0'>_||>Product<||_html:</span>_||><||_html:<span "
 "style='background-color: rgba(0.0, 165.0, 0, 0.15); border-radius: 3px;' "
 "title='1.0'>_||>'<||_html:</span>_||><||_html:<span style='background-color: "
 "rgba(0.0, 165.0, 0, 0.15); border-radius: 3px;' title='1.0'>_||> "
 "query<||_html:</span>_||><||_html:<span style='background-color: rgba(0.0, "
 "165.0, 0, 0.15); border-radius: 3px;' title='1.0'>_||> "
 "now<||_html:</span>_||><||_html:<span style='background-color: rgba(0.0, "
 "165.0, 0, 0.15); border-radius: 3px;' title='1.0'>_||> "
 "includes<||_html:</span>_||><||_html:<span style='background-color: "
 "rgba(0.0, 165.0, 0, 0.15); border-radius: 3px;' title='1.0'>_||> "
 "a<||_html:</span>_||><||_html:<span style='background-color: rgba(0.0, "
 "165.0, 0, 0.15); border-radius: 3px;' title='1.0'>_||> "
 "new<||_html:</span>_||><||_html:<span style='background-color: rgba(0.0, "
 "165.0, 0, 0.15); border-radius: 3px;' title='1.0'>_||> "
 "field<||_html:</span>_||><||_html:<span style='background-color: rgba(0.0, "
 "165.0, 0, 0.15); border-radius: 3px;' title='1.0'>_||> "
 "'<||_html:</span>_||><||_html:<span style='background-color: rgba(0.0, "
 "165.0, 0, 0.15); border-radius: 3px;' "
 "title='1.0'>_||>details<||_html:</span>_||><||_html:<span "
 "style='background-color: rgba(0.0, 165.0, 0, 0.15); border-radius: 3px;' "
 "title='1.0'>_||>'<||_html:</span>_||><||_html:<span style='background-color: "
 "rgba(0.0, 165.0, 0, 0.15); border-radius: 3px;' title='1.0'>_||> "
 "of<||_html:</span>_||><||_html:<span style='background-color: rgba(0.0, "
 "165.0, 0, 0.15); border-radius: 3px;' title='1.0'>_||> "
 "type<||_html:</span>_||><||_html:<span style='background-color: rgba(0.0, "
 "165.0, 0, 0.15); border-radius: 3px;' title='1.0'>_||> "
 "String<||_html:</span>_||><||_html:<span style='background-color: rgba(0.0, "
 "165.0, 0, 0.15); border-radius: 3px;' "
 'title=\'1.0\'>_||>."<||_html:</span>_||><||_html:<span '
 "style='background-color: rgba(0.0, 165.0, 0, 0.15); border-radius: 3px;' "
 "title='1.0'>_||>\n"
 "<||_html:</span>_||><||_html:<span style='background-color: rgba(0.0, 165.0, "
 "0, 0.15); border-radius: 3px;' title='1.0'>_||>   "
 "<||_html:</span>_||><||_html:<span style='background-color: rgba(0.0, 165.0, "
 "0, 0.15); border-radius: 3px;' title='1.0'>_||> "
 "},<||_html:</span>_||><||_html:<span style='background-color: rgba(0.0, "
 "165.0, 0, 0.15); border-radius: 3px;' title='1.0'>_||>\n"
 "<||_html:</span>_||><||_html:<span style='background-color: rgba(0.0, 165.0, "
 "0, 0.15); border-radius: 3px;' title='1.0'>_||>   "
 "<||_html:</span>_||><||_html:<span style='background-color: rgba(0.0, 165.0, "
 "0, 0.15); border-radius: 3px;' title='1.0'>_||> "
 "{<||_html:</span>_||><||_html:<span style='background-color: rgba(0.0, "
 "165.0, 0, 0.15); border-radius: 3px;' title='1.0'>_||>\n"
 "<||_html:</span>_||><||_html:<span style='background-color: rgba(0.0, 165.0, "
 "0, 0.15); border-radius: 3px;' title='1.0'>_||>     "
 "<||_html:</span>_||><||_html:<span style='background-color: rgba(0.0, 165.0, "
 "0, 0.15); border-radius: 3px;' title='1.0'>_||> "
 '"<||_html:</span>_||><||_html:<span style=\'background-color: rgba(0.0, '
 "165.0, 0, 0.15); border-radius: 3px;' "
 "title='1.0'>_||>type<||_html:</span>_||><||_html:<span "
 "style='background-color: rgba(0.0, 165.0, 0, 0.15); border-radius: 3px;' "
 'title=\'1.0\'>_||>":<||_html:</span>_||><||_html:<span '
 "style='background-color: rgba(0.0, 165.0, 0, 0.15); border-radius: 3px;' "
 'title=\'1.0\'>_||> "<||_html:</span>_||><||_html:<span '
 "style='background-color: rgba(0.0, 165.0, 0, 0.15); border-radius: 3px;' "
 "title='1.0'>_||>Product<||_html:</span>_||><||_html:<span "
 "style='background-color: rgba(0.0, 165.0, 0, 0.15); border-radius: 3px;' "
 'title=\'1.0\'>_||>",<||_html:</span>_||><||_html:<span '
 "style='background-color: rgba(0.0, 165.0, 0, 0.15); border-radius: 3px;' "
 "title='1.0'>_||>\n"
 "<||_html:</span>_||><||_html:<span style='background-color: rgba(0.0, 165.0, "
 "0, 0.15); border-radius: 3px;' title='1.0'>_||>     "
 "<||_html:</span>_||><||_html:<span style='background-color: rgba(0.0, 165.0, "
 "0, 0.15); border-radius: 3px;' title='1.0'>_||> "
 '"<||_html:</span>_||><||_html:<span style=\'background-color: rgba(0.0, '
 "165.0, 0, 0.15); border-radius: 3px;' "
 "title='1.0'>_||>field<||_html:</span>_||><||_html:<span "
 "style='background-color: rgba(0.0, 165.0, 0, 0.15); border-radius: 3px;' "
 'title=\'1.0\'>_||>":<||_html:</span>_||><||_html:<span '
 "style='background-color: rgba(0.0, 165.0, 0, 0.15); border-radius: 3px;' "
 'title=\'1.0\'>_||> "<||_html:</span>_||><||_html:<span '
 "style='background-color: rgba(0.0, 165.0, 0, 0.15); border-radius: 3px;' "
 "title='1.0'>_||>description<||_html:</span>_||><||_html:<span "
 "style='background-color: rgba(0.0, 165.0, 0, 0.15); border-radius: 3px;' "
 'title=\'1.0\'>_||>",<||_html:</span>_||><||_html:<span '
 "style='background-color: rgba(0.0, 165.0, 0, 0.15); border-radius: 3px;' "
 "title='1.0'>_||>\n"
 "<||_html:</span>_||><||_html:<span style='background-color: rgba(0.0, 165.0, "
 "0, 0.15); border-radius: 3px;' title='1.0'>_||>     "
 "<||_html:</span>_||><||_html:<span style='background-color: rgba(0.0, 165.0, "
 "0, 0.15); border-radius: 3px;' title='1.0'>_||> "
 '"<||_html:</span>_||><||_html:<span style=\'background-color: rgba(0.0, '
 "165.0, 0, 0.15); border-radius: 3px;' "
 "title='1.0'>_||>change<||_html:</span>_||><||_html:<span "
 "style='background-color: rgba(0.0, 165.0, 0, 0.15); border-radius: 3px;' "
 'title=\'1.0\'>_||>":<||_html:</span>_||><||_html:<span '
 "style='background-color: rgba(0.0, 165.0, 0, 0.15); border-radius: 3px;' "
 'title=\'1.0\'>_||> "<||_html:</span>_||><||_html:<span '
 "style='background-color: rgba(0.0, 165.0, 0, 0.15); border-radius: 3px;' "
 "title='1.0'>_||>field<||_html:</span>_||><||_html:<span "
 "style='background-color: rgba(0.0, 165.0, 0, 0.15); border-radius: 3px;' "
 "title='1.0'>_||> removed<||_html:</span>_||><||_html:<span "
 "style='background-color: rgba(0.0, 165.0, 0, 0.15); border-radius: 3px;' "
 'title=\'1.0\'>_||>",<||_html:</span>_||><||_html:<span '
 "style='background-color: rgba(0.0, 165.0, 0, 0.15); border-radius: 3px;' "
 "title='1.0'>_||>\n"
 "<||_html:</span>_||><||_html:<span style='background-color: rgba(0.0, 165.0, "
 "0, 0.15); border-radius: 3px;' title='1.0'>_||>     "
 "<||_html:</span>_||><||_html:<span style='background-color: rgba(0.0, 165.0, "
 "0, 0.15); border-radius: 3px;' title='1.0'>_||> "
 '"<||_html:</span>_||><||_html:<span style=\'background-color: rgba(0.0, '
 "165.0, 0, 0.15); border-radius: 3px;' "
 "title='1.0'>_||>breaking<||_html:</span>_||><||_html:<span "
 "style='background-color: rgba(0.0, 165.0, 0, 0.15); border-radius: 3px;' "
 'title=\'1.0\'>_||>":<||_html:</span>_||><||_html:<span '
 "style='background-color: rgba(0.0, 165.0, 0, 0.15); border-radius: 3px;' "
 'title=\'1.0\'>_||> "<||_html:</span>_||><||_html:<span '
 "style='background-color: rgba(0.0, 165.0, 0, 0.15); border-radius: 3px;' "
 "title='1.0'>_||>true<||_html:</span>_||><||_html:<span "
 "style='background-color: rgba(0.0, 165.0, 0, 0.15); border-radius: 3px;' "
 'title=\'1.0\'>_||>",<||_html:</span>_||><||_html:<span '
 "style='background-color: rgba(0.0, 165.0, 0, 0.15); border-radius: 3px;' "
 "title='1.0'>_||>\n"
 "<||_html:</span>_||><||_html:<span style='background-color: rgba(0.0, 165.0, "
 "0, 0.15); border-radius: 3px;' title='1.0'>_||>     "
 "<||_html:</span>_||><||_html:<span style='background-color: rgba(0.0, 165.0, "
 "0, 0.15); border-radius: 3px;' title='1.0'>_||> "
 '"<||_html:</span>_||><||_html:<span style=\'background-color: rgba(0.0, '
 "165.0, 0, 0.15); border-radius: 3px;' "
 "title='1.0'>_||>release<||_html:</span>_||><||_html:<span "
 "style='background-color: rgba(0.0, 165.0, 0, 0.15); border-radius: 3px;' "
 "title='1.0'>_||>_<||_html:</span>_||><||_html:<span style='background-color: "
 "rgba(0.0, 165.0, 0, 0.15); border-radius: 3px;' "
 "title='1.0'>_||>note<||_html:</span>_||><||_html:<span "
 "style='background-color: rgba(0.0, 165.0, 0, 0.15); border-radius: 3px;' "
 'title=\'1.0\'>_||>":<||_html:</span>_||><||_html:<span '
 "style='background-color: rgba(0.0, 165.0, 0, 0.15); border-radius: 3px;' "
 'title=\'1.0\'>_||> "<||_html:</span>_||><||_html:<span '
 "style='background-color: rgba(0.0, 165.0, 0, 0.15); border-radius: 3px;' "
 "title='1.0'>_||>The<||_html:</span>_||><||_html:<span "
 "style='background-color: rgba(0.0, 165.0, 0, 0.15); border-radius: 3px;' "
 "title='1.0'>_||> '<||_html:</span>_||><||_html:<span "
 "style='background-color: rgba(0.0, 165.0, 0, 0.15); border-radius: 3px;' "
 "title='1.0'>_||>Product<||_html:</span>_||><||_html:<span "
 "style='background-color: rgba(0.0, 165.0, 0, 0.15); border-radius: 3px;' "
 "title='1.0'>_||>'<||_html:</span>_||><||_html:<span style='background-color: "
 "rgba(0.0, 165.0, 0, 0.15); border-radius: 3px;' title='1.0'>_||> "
 "type<||_html:</span>_||><||_html:<span style='background-color: rgba(0.0, "
 "165.0, 0, 0.15); border-radius: 3px;' title='1.0'>_||> "
 "no<||_html:</span>_||><||_html:<span style='background-color: rgba(0.0, "
 "165.0, 0, 0.15); border-radius: 3px;' title='1.0'>_||> "
 "longer<||_html:</span>_||><||_html:<span style='background-color: rgba(0.0, "
 "165.0, 0, 0.15); border-radius: 3px;' title='1.0'>_||> "
 "includes<||_html:</span>_||><||_html:<span style='background-color: "
 "rgba(0.0, 165.0, 0, 0.15); border-radius: 3px;' title='1.0'>_||> "
 "the<||_html:</span>_||><||_html:<span style='background-color: rgba(0.0, "
 "165.0, 0, 0.15); border-radius: 3px;' title='1.0'>_||> "
 "'<||_html:</span>_||><||_html:<span style='background-color: rgba(0.0, "
 "165.0, 0, 0.15); border-radius: 3px;' "
 "title='1.0'>_||>description<||_html:</span>_||><||_html:<span "
 "style='background-color: rgba(0.0, 165.0, 0, 0.15); border-radius: 3px;' "
 "title='1.0'>_||>'<||_html:</span>_||><||_html:<span style='background-color: "
 "rgba(0.0, 165.0, 0, 0.15); border-radius: 3px;' title='1.0'>_||> "
 "field<||_html:</span>_||><||_html:<span style='background-color: rgba(0.0, "
 "165.0, 0, 0.15); border-radius: 3px;' "
 'title=\'1.0\'>_||>."<||_html:</span>_||><||_html:<span '
 "style='background-color: rgba(0.0, 165.0, 0, 0.15); border-radius: 3px;' "
 "title='1.0'>_||>\n"
 "<||_html:</span>_||><||_html:<span style='background-color: rgba(0.0, 165.0, "
 "0, 0.15); border-radius: 3px;' title='1.0'>_||>   "
 "<||_html:</span>_||><||_html:<span style='background-color: rgba(0.0, 165.0, "
 "0, 0.15); border-radius: 3px;' title='1.0'>_||> "
 "},<||_html:</span>_||><||_html:<span style='background-color: rgba(0.0, "
 "165.0, 0, 0.15); border-radius: 3px;' title='1.0'>_||>\n"
 "<||_html:</span>_||><||_html:<span style='background-color: rgba(0.0, 165.0, "
 "0, 0.15); border-radius: 3px;' title='1.0'>_||>   "
 "<||_html:</span>_||><||_html:<span style='background-color: rgba(0.0, 165.0, "
 "0, 0.15); border-radius: 3px;' title='1.0'>_||> "
 "{<||_html:</span>_||><||_html:<span style='background-color: rgba(0.0, "
 "165.0, 0, 0.15); border-radius: 3px;' title='1.0'>_||>\n"
 "<||_html:</span>_||><||_html:<span style='background-color: rgba(0.0, 165.0, "
 "0, 0.15); border-radius: 3px;' title='1.0'>_||>     "
 "<||_html:</span>_||><||_html:<span style='background-color: rgba(0.0, 165.0, "
 "0, 0.15); border-radius: 3px;' title='1.0'>_||> "
 '"<||_html:</span>_||><||_html:<span style=\'background-color: rgba(0.0, '
 "165.0, 0, 0.15); border-radius: 3px;' "
 "title='1.0'>_||>type<||_html:</span>_||><||_html:<span "
 "style='background-color: rgba(0.0, 165.0, 0, 0.15); border-radius: 3px;' "
 'title=\'1.0\'>_||>":<||_html:</span>_||><||_html:<span '
 "style='background-color: rgba(0.0, 165.0, 0, 0.15); border-radius: 3px;' "
 'title=\'1.0\'>_||> "<||_html:</span>_||><||_html:<span '
 "style='background-color: rgba(0.0, 165.0, 0, 0.15); border-radius: 3px;' "
 "title='1.0'>_||>Product<||_html:</span>_||><||_html:<span "
 "style='background-color: rgba(0.0, 165.0, 0, 0.15); border-radius: 3px;' "
 'title=\'1.0\'>_||>",<||_html:</span>_||><||_html:<span '
 "style='background-color: rgba(0.0, 165.0, 0, 0.15); border-radius: 3px;' "
 "title='1.0'>_||>\n"
 "<||_html:</span>_||><||_html:<span style='background-color: rgba(0.0, 165.0, "
 "0, 0.15); border-radius: 3px;' title='1.0'>_||>     "
 "<||_html:</span>_||><||_html:<span style='background-color: rgba(0.0, 165.0, "
 "0, 0.15); border-radius: 3px;' title='1.0'>_||> "
 '"<||_html:</span>_||><||_html:<span style=\'background-color: rgba(0.0, '
 "165.0, 0, 0.15); border-radius: 3px;' "
 "title='1.0'>_||>field<||_html:</span>_||><||_html:<span "
 "style='background-color: rgba(0.0, 165.0, 0, 0.15); border-radius: 3px;' "
 'title=\'1.0\'>_||>":<||_html:</span>_||><||_html:<span '
 "style='background-color: rgba(0.0, 165.0, 0, 0.15); border-radius: 3px;' "
 'title=\'1.0\'>_||> "<||_html:</span>_||><||_html:<span '
 "style='background-color: rgba(0.0, 165.0, 0, 0.15); border-radius: 3px;' "
 "title='1.0'>_||>stock<||_html:</span>_||><||_html:<span "
 "style='background-color: rgba(0.0, 165.0, 0, 0.15); border-radius: 3px;' "
 'title=\'1.0\'>_||>",<||_html:</span>_||><||_html:<span '
 "style='background-color: rgba(0.0, 165.0, 0, 0.15); border-radius: 3px;' "
 "title='1.0'>_||>\n"
 "<||_html:</span>_||><||_html:<span style='background-color: rgba(0.0, 165.0, "
 "0, 0.15); border-radius: 3px;' title='1.0'>_||>     "
 "<||_html:</span>_||><||_html:<span style='background-color: rgba(0.0, 165.0, "
 "0, 0.15); border-radius: 3px;' title='1.0'>_||> "
 '"<||_html:</span>_||><||_html:<span style=\'background-color: rgba(0.0, '
 "165.0, 0, 0.15); border-radius: 3px;' "
 "title='1.0'>_||>change<||_html:</span>_||><||_html:<span "
 "style='background-color: rgba(0.0, 165.0, 0, 0.15); border-radius: 3px;' "
 'title=\'1.0\'>_||>":<||_html:</span>_||><||_html:<span '
 "style='background-color: rgba(0.0, 165.0, 0, 0.15); border-radius: 3px;' "
 'title=\'1.0\'>_||> "<||_html:</span>_||><||_html:<span '
 "style='background-color: rgba(0.0, 165.0, 0, 0.15); border-radius: 3px;' "
 "title='1.0'>_||>field<||_html:</span>_||><||_html:<span "
 "style='background-color: rgba(0.0, 165.0, 0, 0.15); border-radius: 3px;' "
 "title='1.0'>_||> removed<||_html:</span>_||><||_html:<span "
 "style='background-color: rgba(0.0, 165.0, 0, 0.15); border-radius: 3px;' "
 'title=\'1.0\'>_||>",<||_html:</span>_||><||_html:<span '
 "style='background-color: rgba(0.0, 165.0, 0, 0.15); border-radius: 3px;' "
 "title='1.0'>_||>\n"
 "<||_html:</span>_||><||_html:<span style='background-color: rgba(0.0, 165.0, "
 "0, 0.15); border-radius: 3px;' title='1.0'>_||>     "
 "<||_html:</span>_||><||_html:<span style='background-color: rgba(0.0, 165.0, "
 "0, 0.15); border-radius: 3px;' title='1.0'>_||> "
 '"<||_html:</span>_||><||_html:<span style=\'background-color: rgba(0.0, '
 "165.0, 0, 0.15); border-radius: 3px;' "
 "title='1.0'>_||>breaking<||_html:</span>_||><||_html:<span "
 "style='background-color: rgba(0.0, 165.0, 0, 0.15); border-radius: 3px;' "
 'title=\'1.0\'>_||>":<||_html:</span>_||><||_html:<span '
 "style='background-color: rgba(0.0, 165.0, 0, 0.15); border-radius: 3px;' "
 'title=\'1.0\'>_||> "<||_html:</span>_||><||_html:<span '
 "style='background-color: rgba(0.0, 165.0, 0, 0.15); border-radius: 3px;' "
 "title='1.0'>_||>true<||_html:</span>_||><||_html:<span "
 "style='background-color: rgba(0.0, 165.0, 0, 0.15); border-radius: 3px;' "
 'title=\'1.0\'>_||>",<||_html:</span>_||><||_html:<span '
 "style='background-color: rgba(0.0, 165.0, 0, 0.15); border-radius: 3px;' "
 "title='1.0'>_||>\n"
 "<||_html:</span>_||><||_html:<span style='background-color: rgba(0.0, 165.0, "
 "0, 0.15); border-radius: 3px;' title='1.0'>_||>     "
 "<||_html:</span>_||><||_html:<span style='background-color: rgba(0.0, 165.0, "
 "0, 0.15); border-radius: 3px;' title='1.0'>_||> "
 '"<||_html:</span>_||><||_html:<span style=\'background-color: rgba(0.0, '
 "165.0, 0, 0.15); border-radius: 3px;' "
 "title='1.0'>_||>release<||_html:</span>_||><||_html:<span "
 "style='background-color: rgba(0.0, 165.0, 0, 0.15); border-radius: 3px;' "
 "title='1.0'>_||>_<||_html:</span>_||><||_html:<span style='background-color: "
 "rgba(0.0, 165.0, 0, 0.15); border-radius: 3px;' "
 "title='1.0'>_||>note<||_html:</span>_||><||_html:<span "
 "style='background-color: rgba(0.0, 165.0, 0, 0.15); border-radius: 3px;' "
 'title=\'1.0\'>_||>":<||_html:</span>_||><||_html:<span '
 "style='background-color: rgba(0.0, 165.0, 0, 0.15); border-radius: 3px;' "
 'title=\'1.0\'>_||> "<||_html:</span>_||><||_html:<span '
 "style='background-color: rgba(0.0, 165.0, 0, 0.15); border-radius: 3px;' "
 "title='1.0'>_||>The<||_html:</span>_||><||_html:<span "
 "style='background-color: rgba(0.0, 165.0, 0, 0.15); border-radius: 3px;' "
 "title='1.0'>_||> '<||_html:</span>_||><||_html:<span "
 "style='background-color: rgba(0.0, 165.0, 0, 0.15); border-radius: 3px;' "
 "title='1.0'>_||>Product<||_html:</span>_||><||_html:<span "
 "style='background-color: rgba(0.0, 165.0, 0, 0.15); border-radius: 3px;' "
 "title='1.0'>_||>'<||_html:</span>_||><||_html:<span style='background-color: "
 "rgba(0.0, 165.0, 0, 0.15); border-radius: 3px;' title='1.0'>_||> "
 "type<||_html:</span>_||><||_html:<span style='background-color: rgba(0.0, "
 "165.0, 0, 0.15); border-radius: 3px;' title='1.0'>_||> "
 "no<||_html:</span>_||><||_html:<span style='background-color: rgba(0.0, "
 "165.0, 0, 0.15); border-radius: 3px;' title='1.0'>_||> "
 "longer<||_html:</span>_||><||_html:<span style='background-color: rgba(0.0, "
 "165.0, 0, 0.15); border-radius: 3px;' title='1.0'>_||> "
 "includes<||_html:</span>_||><||_html:<span style='background-color: "
 "rgba(0.0, 165.0, 0, 0.15); border-radius: 3px;' title='1.0'>_||> "
 "the<||_html:</span>_||><||_html:<span style='background-color: rgba(0.0, "
 "165.0, 0, 0.15); border-radius: 3px;' title='1.0'>_||> "
 "'<||_html:</span>_||><||_html:<span style='background-color: rgba(0.0, "
 "165.0, 0, 0.15); border-radius: 3px;' title='1.0'>_||>")
('Analyze the following two GraphQL schemas for changes, including both '
 'breaking and non-breaking changes.\n'
 '\n'
 '                        Provide your analysis in the following JSON format:\n'
 '                        {\n'
 '                          "changes": [\n'
 '                            {\n'
 '                              "type": "String representing the GraphQL type '
 '(e.g., Query, Mutation, Subscription)",\n'
 '                              "field": "String representing the specific '
 'field that changed",\n'
 '                              "change": "String describing the change (e.g., '
 'field renamed, new field added, field removed)",\n'
 '                              "breaking": "Boolean indicating if the change '
 'is breaking (true) or non-breaking (false)",\n'
 '                              "release_note": "String with a natural '
 'language description of the change for release notes"\n'
 '                            }\n'
 '                          ],\n'
 '                          "release_notes": {\n'
 '                              "summary": "String summarizing all changes, '
 'suitable for a mailing list or public announcement"\n'
 '                          }\n'
 '                        }\n'
 '\n'
 '                        When analyzing, consider the following types of '
 'changes:\n'
 '                        1. Removing fields or types (breaking)\n'
 '                        2. Changing field types (potentially breaking)\n'
 '                        3. Adding required fields (breaking)\n'
 '                        4. Changing the type of existing arguments '
 '(breaking)\n'
 '                        5. Adding optional fields (non-breaking)\n'
 '                        6. Adding new types (non-breaking)\n'
 '                        7. Deprecating fields (non-breaking)\n'
 '\n'
 '                        Ensure that each change is categorized correctly as '
 'breaking or non-breaking.: type Query {\n'
 '  getProduct(id: ID!): Product\n'
 '}\n'
 '\n'
 'type Product {\n'
 '  id: ID\n'
 '  name: String\n'
 '  description: String\n'
 '  price: Float\n'
 '  stock: Int\n'
 '}\n'
 ', type Query {\n'
 '  getProduct(id: ID!): Product\n'
 '}\n'
 '\n'
 'type Product {\n'
 '  id: ID\n'
 '  name: String\n'
 '  details: String\n'
 '  price: Float\n'
 '}\n'
 '\n'
 "Answer:<||_html:<span style='background-color: rgba(0.0, 165.0, 0, 0.15); "
 "border-radius: 3px;' title='1.0'>_||> {<||_html:</span>_||><||_html:<span "
 "style='background-color: rgba(0.0, 165.0, 0, 0.15); border-radius: 3px;' "
 "title='1.0'>_||>\n"
 "<||_html:</span>_||><||_html:<span style='background-color: rgba(0.0, 165.0, "
 "0, 0.15); border-radius: 3px;' title='1.0'>_||> "
 "<||_html:</span>_||><||_html:<span style='background-color: rgba(0.0, 165.0, "
 "0, 0.15); border-radius: 3px;' title='1.0'>_||> "
 '"<||_html:</span>_||><||_html:<span style=\'background-color: rgba(0.0, '
 "165.0, 0, 0.15); border-radius: 3px;' "
 "title='1.0'>_||>changes<||_html:</span>_||><||_html:<span "
 "style='background-color: rgba(0.0, 165.0, 0, 0.15); border-radius: 3px;' "
 'title=\'1.0\'>_||>":<||_html:</span>_||><||_html:<span '
 "style='background-color: rgba(0.0, 165.0, 0, 0.15); border-radius: 3px;' "
 "title='1.0'>_||> [<||_html:</span>_||><||_html:<span "
 "style='background-color: rgba(0.0, 165.0, 0, 0.15); border-radius: 3px;' "
 "title='1.0'>_||>\n"
 "<||_html:</span>_||><||_html:<span style='background-color: rgba(0.0, 165.0, "
 "0, 0.15); border-radius: 3px;' title='1.0'>_||>   "
 "<||_html:</span>_||><||_html:<span style='background-color: rgba(0.0, 165.0, "
 "0, 0.15); border-radius: 3px;' title='1.0'>_||> "
 "{<||_html:</span>_||><||_html:<span style='background-color: rgba(0.0, "
 "165.0, 0, 0.15); border-radius: 3px;' title='1.0'>_||>\n"
 "<||_html:</span>_||><||_html:<span style='background-color: rgba(0.0, 165.0, "
 "0, 0.15); border-radius: 3px;' title='1.0'>_||>     "
 "<||_html:</span>_||><||_html:<span style='background-color: rgba(0.0, 165.0, "
 "0, 0.15); border-radius: 3px;' title='1.0'>_||> "
 '"<||_html:</span>_||><||_html:<span style=\'background-color: rgba(0.0, '
 "165.0, 0, 0.15); border-radius: 3px;' "
 "title='1.0'>_||>type<||_html:</span>_||><||_html:<span "
 "style='background-color: rgba(0.0, 165.0, 0, 0.15); border-radius: 3px;' "
 'title=\'1.0\'>_||>":<||_html:</span>_||><||_html:<span '
 "style='background-color: rgba(0.0, 165.0, 0, 0.15); border-radius: 3px;' "
 'title=\'1.0\'>_||> "<||_html:</span>_||><||_html:<span '
 "style='background-color: rgba(0.0, 165.0, 0, 0.15); border-radius: 3px;' "
 "title='1.0'>_||>Query<||_html:</span>_||><||_html:<span "
 "style='background-color: rgba(0.0, 165.0, 0, 0.15); border-radius: 3px;' "
 'title=\'1.0\'>_||>",<||_html:</span>_||><||_html:<span '
 "style='background-color: rgba(0.0, 165.0, 0, 0.15); border-radius: 3px;' "
 "title='1.0'>_||>\n"
 "<||_html:</span>_||><||_html:<span style='background-color: rgba(0.0, 165.0, "
 "0, 0.15); border-radius: 3px;' title='1.0'>_||>     "
 "<||_html:</span>_||><||_html:<span style='background-color: rgba(0.0, 165.0, "
 "0, 0.15); border-radius: 3px;' title='1.0'>_||> "
 '"<||_html:</span>_||><||_html:<span style=\'background-color: rgba(0.0, '
 "165.0, 0, 0.15); border-radius: 3px;' "
 "title='1.0'>_||>field<||_html:</span>_||><||_html:<span "
 "style='background-color: rgba(0.0, 165.0, 0, 0.15); border-radius: 3px;' "
 'title=\'1.0\'>_||>":<||_html:</span>_||><||_html:<span '
 "style='background-color: rgba(0.0, 165.0, 0, 0.15); border-radius: 3px;' "
 'title=\'1.0\'>_||> "<||_html:</span>_||><||_html:<span '
 "style='background-color: rgba(0.0, 165.0, 0, 0.15); border-radius: 3px;' "
 "title='1.0'>_||>get<||_html:</span>_||><||_html:<span "
 "style='background-color: rgba(0.0, 165.0, 0, 0.15); border-radius: 3px;' "
 "title='1.0'>_||>Product<||_html:</span>_||><||_html:<span "
 "style='background-color: rgba(0.0, 165.0, 0, 0.15); border-radius: 3px;' "
 'title=\'1.0\'>_||>",<||_html:</span>_||><||_html:<span '
 "style='background-color: rgba(0.0, 165.0, 0, 0.15); border-radius: 3px;' "
 "title='1.0'>_||>\n"
 "<||_html:</span>_||><||_html:<span style='background-color: rgba(0.0, 165.0, "
 "0, 0.15); border-radius: 3px;' title='1.0'>_||>     "
 "<||_html:</span>_||><||_html:<span style='background-color: rgba(0.0, 165.0, "
 "0, 0.15); border-radius: 3px;' title='1.0'>_||> "
 '"<||_html:</span>_||><||_html:<span style=\'background-color: rgba(0.0, '
 "165.0, 0, 0.15); border-radius: 3px;' "
 "title='1.0'>_||>change<||_html:</span>_||><||_html:<span "
 "style='background-color: rgba(0.0, 165.0, 0, 0.15); border-radius: 3px;' "
 'title=\'1.0\'>_||>":<||_html:</span>_||><||_html:<span '
 "style='background-color: rgba(0.0, 165.0, 0, 0.15); border-radius: 3px;' "
 'title=\'1.0\'>_||> "<||_html:</span>_||><||_html:<span '
 "style='background-color: rgba(0.0, 165.0, 0, 0.15); border-radius: 3px;' "
 "title='1.0'>_||>field<||_html:</span>_||><||_html:<span "
 "style='background-color: rgba(0.0, 165.0, 0, 0.15); border-radius: 3px;' "
 "title='1.0'>_||> details<||_html:</span>_||><||_html:<span "
 "style='background-color: rgba(0.0, 165.0, 0, 0.15); border-radius: 3px;' "
 "title='1.0'>_||> added<||_html:</span>_||><||_html:<span "
 "style='background-color: rgba(0.0, 165.0, 0, 0.15); border-radius: 3px;' "
 'title=\'1.0\'>_||>",<||_html:</span>_||><||_html:<span '
 "style='background-color: rgba(0.0, 165.0, 0, 0.15); border-radius: 3px;' "
 "title='1.0'>_||>\n"
 "<||_html:</span>_||><||_html:<span style='background-color: rgba(0.0, 165.0, "
 "0, 0.15); border-radius: 3px;' title='1.0'>_||>     "
 "<||_html:</span>_||><||_html:<span style='background-color: rgba(0.0, 165.0, "
 "0, 0.15); border-radius: 3px;' title='1.0'>_||> "
 '"<||_html:</span>_||><||_html:<span style=\'background-color: rgba(0.0, '
 "165.0, 0, 0.15); border-radius: 3px;' "
 "title='1.0'>_||>breaking<||_html:</span>_||><||_html:<span "
 "style='background-color: rgba(0.0, 165.0, 0, 0.15); border-radius: 3px;' "
 'title=\'1.0\'>_||>":<||_html:</span>_||><||_html:<span '
 "style='background-color: rgba(0.0, 165.0, 0, 0.15); border-radius: 3px;' "
 'title=\'1.0\'>_||> "<||_html:</span>_||><||_html:<span '
 "style='background-color: rgba(0.0, 165.0, 0, 0.15); border-radius: 3px;' "
 "title='1.0'>_||>false<||_html:</span>_||><||_html:<span "
 "style='background-color: rgba(0.0, 165.0, 0, 0.15); border-radius: 3px;' "
 'title=\'1.0\'>_||>",<||_html:</span>_||><||_html:<span '
 "style='background-color: rgba(0.0, 165.0, 0, 0.15); border-radius: 3px;' "
 "title='1.0'>_||>\n"
 "<||_html:</span>_||><||_html:<span style='background-color: rgba(0.0, 165.0, "
 "0, 0.15); border-radius: 3px;' title='1.0'>_||>     "
 "<||_html:</span>_||><||_html:<span style='background-color: rgba(0.0, 165.0, "
 "0, 0.15); border-radius: 3px;' title='1.0'>_||> "
 '"<||_html:</span>_||><||_html:<span style=\'background-color: rgba(0.0, '
 "165.0, 0, 0.15); border-radius: 3px;' "
 "title='1.0'>_||>release<||_html:</span>_||><||_html:<span "
 "style='background-color: rgba(0.0, 165.0, 0, 0.15); border-radius: 3px;' "
 "title='1.0'>_||>_<||_html:</span>_||><||_html:<span style='background-color: "
 "rgba(0.0, 165.0, 0, 0.15); border-radius: 3px;' "
 "title='1.0'>_||>note<||_html:</span>_||><||_html:<span "
 "style='background-color: rgba(0.0, 165.0, 0, 0.15); border-radius: 3px;' "
 'title=\'1.0\'>_||>":<||_html:</span>_||><||_html:<span '
 "style='background-color: rgba(0.0, 165.0, 0, 0.15); border-radius: 3px;' "
 'title=\'1.0\'>_||> "<||_html:</span>_||><||_html:<span '
 "style='background-color: rgba(0.0, 165.0, 0, 0.15); border-radius: 3px;' "
 "title='1.0'>_||>The<||_html:</span>_||><||_html:<span "
 "style='background-color: rgba(0.0, 165.0, 0, 0.15); border-radius: 3px;' "
 "title='1.0'>_||> '<||_html:</span>_||><||_html:<span "
 "style='background-color: rgba(0.0, 165.0, 0, 0.15); border-radius: 3px;' "
 "title='1.0'>_||>get<||_html:</span>_||><||_html:<span "
 "style='background-color: rgba(0.0, 165.0, 0, 0.15); border-radius: 3px;' "
 "title='1.0'>_||>Product<||_html:</span>_||><||_html:<span "
 "style='background-color: rgba(0.0, 165.0, 0, 0.15); border-radius: 3px;' "
 "title='1.0'>_||>'<||_html:</span>_||><||_html:<span style='background-color: "
 "rgba(0.0, 165.0, 0, 0.15); border-radius: 3px;' title='1.0'>_||> "
 "query<||_html:</span>_||><||_html:<span style='background-color: rgba(0.0, "
 "165.0, 0, 0.15); border-radius: 3px;' title='1.0'>_||> "
 "now<||_html:</span>_||><||_html:<span style='background-color: rgba(0.0, "
 "165.0, 0, 0.15); border-radius: 3px;' title='1.0'>_||> "
 "includes<||_html:</span>_||><||_html:<span style='background-color: "
 "rgba(0.0, 165.0, 0, 0.15); border-radius: 3px;' title='1.0'>_||> "
 "a<||_html:</span>_||><||_html:<span style='background-color: rgba(0.0, "
 "165.0, 0, 0.15); border-radius: 3px;' title='1.0'>_||> "
 "new<||_html:</span>_||><||_html:<span style='background-color: rgba(0.0, "
 "165.0, 0, 0.15); border-radius: 3px;' title='1.0'>_||> "
 "field<||_html:</span>_||><||_html:<span style='background-color: rgba(0.0, "
 "165.0, 0, 0.15); border-radius: 3px;' title='1.0'>_||> "
 "'<||_html:</span>_||><||_html:<span style='background-color: rgba(0.0, "
 "165.0, 0, 0.15); border-radius: 3px;' "
 "title='1.0'>_||>details<||_html:</span>_||><||_html:<span "
 "style='background-color: rgba(0.0, 165.0, 0, 0.15); border-radius: 3px;' "
 "title='1.0'>_||>'<||_html:</span>_||><||_html:<span style='background-color: "
 "rgba(0.0, 165.0, 0, 0.15); border-radius: 3px;' title='1.0'>_||> "
 "of<||_html:</span>_||><||_html:<span style='background-color: rgba(0.0, "
 "165.0, 0, 0.15); border-radius: 3px;' title='1.0'>_||> "
 "type<||_html:</span>_||><||_html:<span style='background-color: rgba(0.0, "
 "165.0, 0, 0.15); border-radius: 3px;' title='1.0'>_||> "
 "String<||_html:</span>_||><||_html:<span style='background-color: rgba(0.0, "
 "165.0, 0, 0.15); border-radius: 3px;' "
 'title=\'1.0\'>_||>."<||_html:</span>_||><||_html:<span '
 "style='background-color: rgba(0.0, 165.0, 0, 0.15); border-radius: 3px;' "
 "title='1.0'>_||>\n"
 "<||_html:</span>_||><||_html:<span style='background-color: rgba(0.0, 165.0, "
 "0, 0.15); border-radius: 3px;' title='1.0'>_||>   "
 "<||_html:</span>_||><||_html:<span style='background-color: rgba(0.0, 165.0, "
 "0, 0.15); border-radius: 3px;' title='1.0'>_||> "
 "},<||_html:</span>_||><||_html:<span style='background-color: rgba(0.0, "
 "165.0, 0, 0.15); border-radius: 3px;' title='1.0'>_||>\n"
 "<||_html:</span>_||><||_html:<span style='background-color: rgba(0.0, 165.0, "
 "0, 0.15); border-radius: 3px;' title='1.0'>_||>   "
 "<||_html:</span>_||><||_html:<span style='background-color: rgba(0.0, 165.0, "
 "0, 0.15); border-radius: 3px;' title='1.0'>_||> "
 "{<||_html:</span>_||><||_html:<span style='background-color: rgba(0.0, "
 "165.0, 0, 0.15); border-radius: 3px;' title='1.0'>_||>\n"
 "<||_html:</span>_||><||_html:<span style='background-color: rgba(0.0, 165.0, "
 "0, 0.15); border-radius: 3px;' title='1.0'>_||>     "
 "<||_html:</span>_||><||_html:<span style='background-color: rgba(0.0, 165.0, "
 "0, 0.15); border-radius: 3px;' title='1.0'>_||> "
 '"<||_html:</span>_||><||_html:<span style=\'background-color: rgba(0.0, '
 "165.0, 0, 0.15); border-radius: 3px;' "
 "title='1.0'>_||>type<||_html:</span>_||><||_html:<span "
 "style='background-color: rgba(0.0, 165.0, 0, 0.15); border-radius: 3px;' "
 'title=\'1.0\'>_||>":<||_html:</span>_||><||_html:<span '
 "style='background-color: rgba(0.0, 165.0, 0, 0.15); border-radius: 3px;' "
 'title=\'1.0\'>_||> "<||_html:</span>_||><||_html:<span '
 "style='background-color: rgba(0.0, 165.0, 0, 0.15); border-radius: 3px;' "
 "title='1.0'>_||>Product<||_html:</span>_||><||_html:<span "
 "style='background-color: rgba(0.0, 165.0, 0, 0.15); border-radius: 3px;' "
 'title=\'1.0\'>_||>",<||_html:</span>_||><||_html:<span '
 "style='background-color: rgba(0.0, 165.0, 0, 0.15); border-radius: 3px;' "
 "title='1.0'>_||>\n"
 "<||_html:</span>_||><||_html:<span style='background-color: rgba(0.0, 165.0, "
 "0, 0.15); border-radius: 3px;' title='1.0'>_||>     "
 "<||_html:</span>_||><||_html:<span style='background-color: rgba(0.0, 165.0, "
 "0, 0.15); border-radius: 3px;' title='1.0'>_||> "
 '"<||_html:</span>_||><||_html:<span style=\'background-color: rgba(0.0, '
 "165.0, 0, 0.15); border-radius: 3px;' "
 "title='1.0'>_||>field<||_html:</span>_||><||_html:<span "
 "style='background-color: rgba(0.0, 165.0, 0, 0.15); border-radius: 3px;' "
 'title=\'1.0\'>_||>":<||_html:</span>_||><||_html:<span '
 "style='background-color: rgba(0.0, 165.0, 0, 0.15); border-radius: 3px;' "
 'title=\'1.0\'>_||> "<||_html:</span>_||><||_html:<span '
 "style='background-color: rgba(0.0, 165.0, 0, 0.15); border-radius: 3px;' "
 "title='1.0'>_||>description<||_html:</span>_||><||_html:<span "
 "style='background-color: rgba(0.0, 165.0, 0, 0.15); border-radius: 3px;' "
 'title=\'1.0\'>_||>",<||_html:</span>_||><||_html:<span '
 "style='background-color: rgba(0.0, 165.0, 0, 0.15); border-radius: 3px;' "
 "title='1.0'>_||>\n"
 "<||_html:</span>_||><||_html:<span style='background-color: rgba(0.0, 165.0, "
 "0, 0.15); border-radius: 3px;' title='1.0'>_||>     "
 "<||_html:</span>_||><||_html:<span style='background-color: rgba(0.0, 165.0, "
 "0, 0.15); border-radius: 3px;' title='1.0'>_||> "
 '"<||_html:</span>_||><||_html:<span style=\'background-color: rgba(0.0, '
 "165.0, 0, 0.15); border-radius: 3px;' "
 "title='1.0'>_||>change<||_html:</span>_||><||_html:<span "
 "style='background-color: rgba(0.0, 165.0, 0, 0.15); border-radius: 3px;' "
 'title=\'1.0\'>_||>":<||_html:</span>_||><||_html:<span '
 "style='background-color: rgba(0.0, 165.0, 0, 0.15); border-radius: 3px;' "
 'title=\'1.0\'>_||> "<||_html:</span>_||><||_html:<span '
 "style='background-color: rgba(0.0, 165.0, 0, 0.15); border-radius: 3px;' "
 "title='1.0'>_||>field<||_html:</span>_||><||_html:<span "
 "style='background-color: rgba(0.0, 165.0, 0, 0.15); border-radius: 3px;' "
 "title='1.0'>_||> removed<||_html:</span>_||><||_html:<span "
 "style='background-color: rgba(0.0, 165.0, 0, 0.15); border-radius: 3px;' "
 'title=\'1.0\'>_||>",<||_html:</span>_||><||_html:<span '
 "style='background-color: rgba(0.0, 165.0, 0, 0.15); border-radius: 3px;' "
 "title='1.0'>_||>\n"
 "<||_html:</span>_||><||_html:<span style='background-color: rgba(0.0, 165.0, "
 "0, 0.15); border-radius: 3px;' title='1.0'>_||>     "
 "<||_html:</span>_||><||_html:<span style='background-color: rgba(0.0, 165.0, "
 "0, 0.15); border-radius: 3px;' title='1.0'>_||> "
 '"<||_html:</span>_||><||_html:<span style=\'background-color: rgba(0.0, '
 "165.0, 0, 0.15); border-radius: 3px;' "
 "title='1.0'>_||>breaking<||_html:</span>_||><||_html:<span "
 "style='background-color: rgba(0.0, 165.0, 0, 0.15); border-radius: 3px;' "
 'title=\'1.0\'>_||>":<||_html:</span>_||><||_html:<span '
 "style='background-color: rgba(0.0, 165.0, 0, 0.15); border-radius: 3px;' "
 'title=\'1.0\'>_||> "<||_html:</span>_||><||_html:<span '
 "style='background-color: rgba(0.0, 165.0, 0, 0.15); border-radius: 3px;' "
 "title='1.0'>_||>true<||_html:</span>_||><||_html:<span "
 "style='background-color: rgba(0.0, 165.0, 0, 0.15); border-radius: 3px;' "
 'title=\'1.0\'>_||>",<||_html:</span>_||><||_html:<span '
 "style='background-color: rgba(0.0, 165.0, 0, 0.15); border-radius: 3px;' "
 "title='1.0'>_||>\n"
 "<||_html:</span>_||><||_html:<span style='background-color: rgba(0.0, 165.0, "
 "0, 0.15); border-radius: 3px;' title='1.0'>_||>     "
 "<||_html:</span>_||><||_html:<span style='background-color: rgba(0.0, 165.0, "
 "0, 0.15); border-radius: 3px;' title='1.0'>_||> "
 '"<||_html:</span>_||><||_html:<span style=\'background-color: rgba(0.0, '
 "165.0, 0, 0.15); border-radius: 3px;' "
 "title='1.0'>_||>release<||_html:</span>_||><||_html:<span "
 "style='background-color: rgba(0.0, 165.0, 0, 0.15); border-radius: 3px;' "
 "title='1.0'>_||>_<||_html:</span>_||><||_html:<span style='background-color: "
 "rgba(0.0, 165.0, 0, 0.15); border-radius: 3px;' "
 "title='1.0'>_||>note<||_html:</span>_||><||_html:<span "
 "style='background-color: rgba(0.0, 165.0, 0, 0.15); border-radius: 3px;' "
 'title=\'1.0\'>_||>":<||_html:</span>_||><||_html:<span '
 "style='background-color: rgba(0.0, 165.0, 0, 0.15); border-radius: 3px;' "
 'title=\'1.0\'>_||> "<||_html:</span>_||><||_html:<span '
 "style='background-color: rgba(0.0, 165.0, 0, 0.15); border-radius: 3px;' "
 "title='1.0'>_||>The<||_html:</span>_||><||_html:<span "
 "style='background-color: rgba(0.0, 165.0, 0, 0.15); border-radius: 3px;' "
 "title='1.0'>_||> '<||_html:</span>_||><||_html:<span "
 "style='background-color: rgba(0.0, 165.0, 0, 0.15); border-radius: 3px;' "
 "title='1.0'>_||>Product<||_html:</span>_||><||_html:<span "
 "style='background-color: rgba(0.0, 165.0, 0, 0.15); border-radius: 3px;' "
 "title='1.0'>_||>'<||_html:</span>_||><||_html:<span style='background-color: "
 "rgba(0.0, 165.0, 0, 0.15); border-radius: 3px;' title='1.0'>_||> "
 "type<||_html:</span>_||><||_html:<span style='background-color: rgba(0.0, "
 "165.0, 0, 0.15); border-radius: 3px;' title='1.0'>_||> "
 "no<||_html:</span>_||><||_html:<span style='background-color: rgba(0.0, "
 "165.0, 0, 0.15); border-radius: 3px;' title='1.0'>_||> "
 "longer<||_html:</span>_||><||_html:<span style='background-color: rgba(0.0, "
 "165.0, 0, 0.15); border-radius: 3px;' title='1.0'>_||> "
 "includes<||_html:</span>_||><||_html:<span style='background-color: "
 "rgba(0.0, 165.0, 0, 0.15); border-radius: 3px;' title='1.0'>_||> "
 "the<||_html:</span>_||><||_html:<span style='background-color: rgba(0.0, "
 "165.0, 0, 0.15); border-radius: 3px;' title='1.0'>_||> "
 "'<||_html:</span>_||><||_html:<span style='background-color: rgba(0.0, "
 "165.0, 0, 0.15); border-radius: 3px;' "
 "title='1.0'>_||>description<||_html:</span>_||><||_html:<span "
 "style='background-color: rgba(0.0, 165.0, 0, 0.15); border-radius: 3px;' "
 "title='1.0'>_||>'<||_html:</span>_||><||_html:<span style='background-color: "
 "rgba(0.0, 165.0, 0, 0.15); border-radius: 3px;' title='1.0'>_||> "
 "field<||_html:</span>_||><||_html:<span style='background-color: rgba(0.0, "
 "165.0, 0, 0.15); border-radius: 3px;' "
 'title=\'1.0\'>_||>."<||_html:</span>_||><||_html:<span '
 "style='background-color: rgba(0.0, 165.0, 0, 0.15); border-radius: 3px;' "
 "title='1.0'>_||>\n"
 "<||_html:</span>_||><||_html:<span style='background-color: rgba(0.0, 165.0, "
 "0, 0.15); border-radius: 3px;' title='1.0'>_||>   "
 "<||_html:</span>_||><||_html:<span style='background-color: rgba(0.0, 165.0, "
 "0, 0.15); border-radius: 3px;' title='1.0'>_||> "
 "},<||_html:</span>_||><||_html:<span style='background-color: rgba(0.0, "
 "165.0, 0, 0.15); border-radius: 3px;' title='1.0'>_||>\n"
 "<||_html:</span>_||><||_html:<span style='background-color: rgba(0.0, 165.0, "
 "0, 0.15); border-radius: 3px;' title='1.0'>_||>   "
 "<||_html:</span>_||><||_html:<span style='background-color: rgba(0.0, 165.0, "
 "0, 0.15); border-radius: 3px;' title='1.0'>_||> "
 "{<||_html:</span>_||><||_html:<span style='background-color: rgba(0.0, "
 "165.0, 0, 0.15); border-radius: 3px;' title='1.0'>_||>\n"
 "<||_html:</span>_||><||_html:<span style='background-color: rgba(0.0, 165.0, "
 "0, 0.15); border-radius: 3px;' title='1.0'>_||>     "
 "<||_html:</span>_||><||_html:<span style='background-color: rgba(0.0, 165.0, "
 "0, 0.15); border-radius: 3px;' title='1.0'>_||> "
 '"<||_html:</span>_||><||_html:<span style=\'background-color: rgba(0.0, '
 "165.0, 0, 0.15); border-radius: 3px;' "
 "title='1.0'>_||>type<||_html:</span>_||><||_html:<span "
 "style='background-color: rgba(0.0, 165.0, 0, 0.15); border-radius: 3px;' "
 'title=\'1.0\'>_||>":<||_html:</span>_||><||_html:<span '
 "style='background-color: rgba(0.0, 165.0, 0, 0.15); border-radius: 3px;' "
 'title=\'1.0\'>_||> "<||_html:</span>_||><||_html:<span '
 "style='background-color: rgba(0.0, 165.0, 0, 0.15); border-radius: 3px;' "
 "title='1.0'>_||>Product<||_html:</span>_||><||_html:<span "
 "style='background-color: rgba(0.0, 165.0, 0, 0.15); border-radius: 3px;' "
 'title=\'1.0\'>_||>",<||_html:</span>_||><||_html:<span '
 "style='background-color: rgba(0.0, 165.0, 0, 0.15); border-radius: 3px;' "
 "title='1.0'>_||>\n"
 "<||_html:</span>_||><||_html:<span style='background-color: rgba(0.0, 165.0, "
 "0, 0.15); border-radius: 3px;' title='1.0'>_||>     "
 "<||_html:</span>_||><||_html:<span style='background-color: rgba(0.0, 165.0, "
 "0, 0.15); border-radius: 3px;' title='1.0'>_||> "
 '"<||_html:</span>_||><||_html:<span style=\'background-color: rgba(0.0, '
 "165.0, 0, 0.15); border-radius: 3px;' "
 "title='1.0'>_||>field<||_html:</span>_||><||_html:<span "
 "style='background-color: rgba(0.0, 165.0, 0, 0.15); border-radius: 3px;' "
 'title=\'1.0\'>_||>":<||_html:</span>_||><||_html:<span '
 "style='background-color: rgba(0.0, 165.0, 0, 0.15); border-radius: 3px;' "
 'title=\'1.0\'>_||> "<||_html:</span>_||><||_html:<span '
 "style='background-color: rgba(0.0, 165.0, 0, 0.15); border-radius: 3px;' "
 "title='1.0'>_||>stock<||_html:</span>_||><||_html:<span "
 "style='background-color: rgba(0.0, 165.0, 0, 0.15); border-radius: 3px;' "
 'title=\'1.0\'>_||>",<||_html:</span>_||><||_html:<span '
 "style='background-color: rgba(0.0, 165.0, 0, 0.15); border-radius: 3px;' "
 "title='1.0'>_||>\n"
 "<||_html:</span>_||><||_html:<span style='background-color: rgba(0.0, 165.0, "
 "0, 0.15); border-radius: 3px;' title='1.0'>_||>     "
 "<||_html:</span>_||><||_html:<span style='background-color: rgba(0.0, 165.0, "
 "0, 0.15); border-radius: 3px;' title='1.0'>_||> "
 '"<||_html:</span>_||><||_html:<span style=\'background-color: rgba(0.0, '
 "165.0, 0, 0.15); border-radius: 3px;' "
 "title='1.0'>_||>change<||_html:</span>_||><||_html:<span "
 "style='background-color: rgba(0.0, 165.0, 0, 0.15); border-radius: 3px;' "
 'title=\'1.0\'>_||>":<||_html:</span>_||><||_html:<span '
 "style='background-color: rgba(0.0, 165.0, 0, 0.15); border-radius: 3px;' "
 'title=\'1.0\'>_||> "<||_html:</span>_||><||_html:<span '
 "style='background-color: rgba(0.0, 165.0, 0, 0.15); border-radius: 3px;' "
 "title='1.0'>_||>field<||_html:</span>_||><||_html:<span "
 "style='background-color: rgba(0.0, 165.0, 0, 0.15); border-radius: 3px;' "
 "title='1.0'>_||> removed<||_html:</span>_||><||_html:<span "
 "style='background-color: rgba(0.0, 165.0, 0, 0.15); border-radius: 3px;' "
 'title=\'1.0\'>_||>",<||_html:</span>_||><||_html:<span '
 "style='background-color: rgba(0.0, 165.0, 0, 0.15); border-radius: 3px;' "
 "title='1.0'>_||>\n"
 "<||_html:</span>_||><||_html:<span style='background-color: rgba(0.0, 165.0, "
 "0, 0.15); border-radius: 3px;' title='1.0'>_||>     "
 "<||_html:</span>_||><||_html:<span style='background-color: rgba(0.0, 165.0, "
 "0, 0.15); border-radius: 3px;' title='1.0'>_||> "
 '"<||_html:</span>_||><||_html:<span style=\'background-color: rgba(0.0, '
 "165.0, 0, 0.15); border-radius: 3px;' "
 "title='1.0'>_||>breaking<||_html:</span>_||><||_html:<span "
 "style='background-color: rgba(0.0, 165.0, 0, 0.15); border-radius: 3px;' "
 'title=\'1.0\'>_||>":<||_html:</span>_||><||_html:<span '
 "style='background-color: rgba(0.0, 165.0, 0, 0.15); border-radius: 3px;' "
 'title=\'1.0\'>_||> "<||_html:</span>_||><||_html:<span '
 "style='background-color: rgba(0.0, 165.0, 0, 0.15); border-radius: 3px;' "
 "title='1.0'>_||>true<||_html:</span>_||><||_html:<span "
 "style='background-color: rgba(0.0, 165.0, 0, 0.15); border-radius: 3px;' "
 'title=\'1.0\'>_||>",<||_html:</span>_||><||_html:<span '
 "style='background-color: rgba(0.0, 165.0, 0, 0.15); border-radius: 3px;' "
 "title='1.0'>_||>\n"
 "<||_html:</span>_||><||_html:<span style='background-color: rgba(0.0, 165.0, "
 "0, 0.15); border-radius: 3px;' title='1.0'>_||>     "
 "<||_html:</span>_||><||_html:<span style='background-color: rgba(0.0, 165.0, "
 "0, 0.15); border-radius: 3px;' title='1.0'>_||> "
 '"<||_html:</span>_||><||_html:<span style=\'background-color: rgba(0.0, '
 "165.0, 0, 0.15); border-radius: 3px;' "
 "title='1.0'>_||>release<||_html:</span>_||><||_html:<span "
 "style='background-color: rgba(0.0, 165.0, 0, 0.15); border-radius: 3px;' "
 "title='1.0'>_||>_<||_html:</span>_||><||_html:<span style='background-color: "
 "rgba(0.0, 165.0, 0, 0.15); border-radius: 3px;' "
 "title='1.0'>_||>note<||_html:</span>_||><||_html:<span "
 "style='background-color: rgba(0.0, 165.0, 0, 0.15); border-radius: 3px;' "
 'title=\'1.0\'>_||>":<||_html:</span>_||><||_html:<span '
 "style='background-color: rgba(0.0, 165.0, 0, 0.15); border-radius: 3px;' "
 'title=\'1.0\'>_||> "<||_html:</span>_||><||_html:<span '
 "style='background-color: rgba(0.0, 165.0, 0, 0.15); border-radius: 3px;' "
 "title='1.0'>_||>The<||_html:</span>_||><||_html:<span "
 "style='background-color: rgba(0.0, 165.0, 0, 0.15); border-radius: 3px;' "
 "title='1.0'>_||> '<||_html:</span>_||><||_html:<span "
 "style='background-color: rgba(0.0, 165.0, 0, 0.15); border-radius: 3px;' "
 "title='1.0'>_||>Product<||_html:</span>_||><||_html:<span "
 "style='background-color: rgba(0.0, 165.0, 0, 0.15); border-radius: 3px;' "
 "title='1.0'>_||>'<||_html:</span>_||><||_html:<span style='background-color: "
 "rgba(0.0, 165.0, 0, 0.15); border-radius: 3px;' title='1.0'>_||> "
 "type<||_html:</span>_||><||_html:<span style='background-color: rgba(0.0, "
 "165.0, 0, 0.15); border-radius: 3px;' title='1.0'>_||> "
 "no<||_html:</span>_||><||_html:<span style='background-color: rgba(0.0, "
 "165.0, 0, 0.15); border-radius: 3px;' title='1.0'>_||> "
 "longer<||_html:</span>_||><||_html:<span style='background-color: rgba(0.0, "
 "165.0, 0, 0.15); border-radius: 3px;' title='1.0'>_||> "
 "includes<||_html:</span>_||><||_html:<span style='background-color: "
 "rgba(0.0, 165.0, 0, 0.15); border-radius: 3px;' title='1.0'>_||> "
 "the<||_html:</span>_||><||_html:<span style='background-color: rgba(0.0, "
 "165.0, 0, 0.15); border-radius: 3px;' title='1.0'>_||> "
 "'<||_html:</span>_||><||_html:<span style='background-color: rgba(0.0, "
 "165.0, 0, 0.15); border-radius: 3px;' "
 "title='1.0'>_||>stock<||_html:</span>_||><||_html:<span "
 "style='background-color: rgba(0.0, 165.0, 0, 0.15); border-radius: 3px;' "
 "title='1.0'>_||>'<||_html:</span>_||><||_html:<span style='background-color: "
 "rgba(0.0, 165.0, 0, 0.15); border-radius: 3px;' title='1.0'>_||> "
 "field<||_html:</span>_||><||_html:<span style='background-color: rgba(0.0, "
 "165.0, 0, 0.15); border-radius: 3px;' title='1.0'>_||>")
('Analyze the following two GraphQL schemas for changes, including both '
 'breaking and non-breaking changes.\n'
 '\n'
 '                        Provide your analysis in the following JSON format:\n'
 '                        {\n'
 '                          "changes": [\n'
 '                            {\n'
 '                              "type": "String representing the GraphQL type '
 '(e.g., Query, Mutation, Subscription)",\n'
 '                              "field": "String representing the specific '
 'field that changed",\n'
 '                              "change": "String describing the change (e.g., '
 'field renamed, new field added, field removed)",\n'
 '                              "breaking": "Boolean indicating if the change '
 'is breaking (true) or non-breaking (false)",\n'
 '                              "release_note": "String with a natural '
 'language description of the change for release notes"\n'
 '                            }\n'
 '                          ],\n'
 '                          "release_notes": {\n'
 '                              "summary": "String summarizing all changes, '
 'suitable for a mailing list or public announcement"\n'
 '                          }\n'
 '                        }\n'
 '\n'
 '                        When analyzing, consider the following types of '
 'changes:\n'
 '                        1. Removing fields or types (breaking)\n'
 '                        2. Changing field types (potentially breaking)\n'
 '                        3. Adding required fields (breaking)\n'
 '                        4. Changing the type of existing arguments '
 '(breaking)\n'
 '                        5. Adding optional fields (non-breaking)\n'
 '                        6. Adding new types (non-breaking)\n'
 '                        7. Deprecating fields (non-breaking)\n'
 '\n'
 '                        Ensure that each change is categorized correctly as '
 'breaking or non-breaking.: type Query {\n'
 '  getProduct(id: ID!): Product\n'
 '}\n'
 '\n'
 'type Product {\n'
 '  id: ID\n'
 '  name: String\n'
 '  description: String\n'
 '  price: Float\n'
 '  stock: Int\n'
 '}\n'
 ', type Query {\n'
 '  getProduct(id: ID!): Product\n'
 '}\n'
 '\n'
 'type Product {\n'
 '  id: ID\n'
 '  name: String\n'
 '  details: String\n'
 '  price: Float\n'
 '}\n'
 '\n'
 "Answer:<||_html:<span style='background-color: rgba(0.0, 165.0, 0, 0.15); "
 "border-radius: 3px;' title='1.0'>_||> {<||_html:</span>_||><||_html:<span "
 "style='background-color: rgba(0.0, 165.0, 0, 0.15); border-radius: 3px;' "
 "title='1.0'>_||>\n"
 "<||_html:</span>_||><||_html:<span style='background-color: rgba(0.0, 165.0, "
 "0, 0.15); border-radius: 3px;' title='1.0'>_||> "
 "<||_html:</span>_||><||_html:<span style='background-color: rgba(0.0, 165.0, "
 "0, 0.15); border-radius: 3px;' title='1.0'>_||> "
 '"<||_html:</span>_||><||_html:<span style=\'background-color: rgba(0.0, '
 "165.0, 0, 0.15); border-radius: 3px;' "
 "title='1.0'>_||>changes<||_html:</span>_||><||_html:<span "
 "style='background-color: rgba(0.0, 165.0, 0, 0.15); border-radius: 3px;' "
 'title=\'1.0\'>_||>":<||_html:</span>_||><||_html:<span '
 "style='background-color: rgba(0.0, 165.0, 0, 0.15); border-radius: 3px;' "
 "title='1.0'>_||> [<||_html:</span>_||><||_html:<span "
 "style='background-color: rgba(0.0, 165.0, 0, 0.15); border-radius: 3px;' "
 "title='1.0'>_||>\n"
 "<||_html:</span>_||><||_html:<span style='background-color: rgba(0.0, 165.0, "
 "0, 0.15); border-radius: 3px;' title='1.0'>_||>   "
 "<||_html:</span>_||><||_html:<span style='background-color: rgba(0.0, 165.0, "
 "0, 0.15); border-radius: 3px;' title='1.0'>_||> "
 "{<||_html:</span>_||><||_html:<span style='background-color: rgba(0.0, "
 "165.0, 0, 0.15); border-radius: 3px;' title='1.0'>_||>\n"
 "<||_html:</span>_||><||_html:<span style='background-color: rgba(0.0, 165.0, "
 "0, 0.15); border-radius: 3px;' title='1.0'>_||>     "
 "<||_html:</span>_||><||_html:<span style='background-color: rgba(0.0, 165.0, "
 "0, 0.15); border-radius: 3px;' title='1.0'>_||> "
 '"<||_html:</span>_||><||_html:<span style=\'background-color: rgba(0.0, '
 "165.0, 0, 0.15); border-radius: 3px;' "
 "title='1.0'>_||>type<||_html:</span>_||><||_html:<span "
 "style='background-color: rgba(0.0, 165.0, 0, 0.15); border-radius: 3px;' "
 'title=\'1.0\'>_||>":<||_html:</span>_||><||_html:<span '
 "style='background-color: rgba(0.0, 165.0, 0, 0.15); border-radius: 3px;' "
 'title=\'1.0\'>_||> "<||_html:</span>_||><||_html:<span '
 "style='background-color: rgba(0.0, 165.0, 0, 0.15); border-radius: 3px;' "
 "title='1.0'>_||>Query<||_html:</span>_||><||_html:<span "
 "style='background-color: rgba(0.0, 165.0, 0, 0.15); border-radius: 3px;' "
 'title=\'1.0\'>_||>",<||_html:</span>_||><||_html:<span '
 "style='background-color: rgba(0.0, 165.0, 0, 0.15); border-radius: 3px;' "
 "title='1.0'>_||>\n"
 "<||_html:</span>_||><||_html:<span style='background-color: rgba(0.0, 165.0, "
 "0, 0.15); border-radius: 3px;' title='1.0'>_||>     "
 "<||_html:</span>_||><||_html:<span style='background-color: rgba(0.0, 165.0, "
 "0, 0.15); border-radius: 3px;' title='1.0'>_||> "
 '"<||_html:</span>_||><||_html:<span style=\'background-color: rgba(0.0, '
 "165.0, 0, 0.15); border-radius: 3px;' "
 "title='1.0'>_||>field<||_html:</span>_||><||_html:<span "
 "style='background-color: rgba(0.0, 165.0, 0, 0.15); border-radius: 3px;' "
 'title=\'1.0\'>_||>":<||_html:</span>_||><||_html:<span '
 "style='background-color: rgba(0.0, 165.0, 0, 0.15); border-radius: 3px;' "
 'title=\'1.0\'>_||> "<||_html:</span>_||><||_html:<span '
 "style='background-color: rgba(0.0, 165.0, 0, 0.15); border-radius: 3px;' "
 "title='1.0'>_||>get<||_html:</span>_||><||_html:<span "
 "style='background-color: rgba(0.0, 165.0, 0, 0.15); border-radius: 3px;' "
 "title='1.0'>_||>Product<||_html:</span>_||><||_html:<span "
 "style='background-color: rgba(0.0, 165.0, 0, 0.15); border-radius: 3px;' "
 'title=\'1.0\'>_||>",<||_html:</span>_||><||_html:<span '
 "style='background-color: rgba(0.0, 165.0, 0, 0.15); border-radius: 3px;' "
 "title='1.0'>_||>\n"
 "<||_html:</span>_||><||_html:<span style='background-color: rgba(0.0, 165.0, "
 "0, 0.15); border-radius: 3px;' title='1.0'>_||>     "
 "<||_html:</span>_||><||_html:<span style='background-color: rgba(0.0, 165.0, "
 "0, 0.15); border-radius: 3px;' title='1.0'>_||> "
 '"<||_html:</span>_||><||_html:<span style=\'background-color: rgba(0.0, '
 "165.0, 0, 0.15); border-radius: 3px;' "
 "title='1.0'>_||>change<||_html:</span>_||><||_html:<span "
 "style='background-color: rgba(0.0, 165.0, 0, 0.15); border-radius: 3px;' "
 'title=\'1.0\'>_||>":<||_html:</span>_||><||_html:<span '
 "style='background-color: rgba(0.0, 165.0, 0, 0.15); border-radius: 3px;' "
 'title=\'1.0\'>_||> "<||_html:</span>_||><||_html:<span '
 "style='background-color: rgba(0.0, 165.0, 0, 0.15); border-radius: 3px;' "
 "title='1.0'>_||>field<||_html:</span>_||><||_html:<span "
 "style='background-color: rgba(0.0, 165.0, 0, 0.15); border-radius: 3px;' "
 "title='1.0'>_||> details<||_html:</span>_||><||_html:<span "
 "style='background-color: rgba(0.0, 165.0, 0, 0.15); border-radius: 3px;' "
 "title='1.0'>_||> added<||_html:</span>_||><||_html:<span "
 "style='background-color: rgba(0.0, 165.0, 0, 0.15); border-radius: 3px;' "
 'title=\'1.0\'>_||>",<||_html:</span>_||><||_html:<span '
 "style='background-color: rgba(0.0, 165.0, 0, 0.15); border-radius: 3px;' "
 "title='1.0'>_||>\n"
 "<||_html:</span>_||><||_html:<span style='background-color: rgba(0.0, 165.0, "
 "0, 0.15); border-radius: 3px;' title='1.0'>_||>     "
 "<||_html:</span>_||><||_html:<span style='background-color: rgba(0.0, 165.0, "
 "0, 0.15); border-radius: 3px;' title='1.0'>_||> "
 '"<||_html:</span>_||><||_html:<span style=\'background-color: rgba(0.0, '
 "165.0, 0, 0.15); border-radius: 3px;' "
 "title='1.0'>_||>breaking<||_html:</span>_||><||_html:<span "
 "style='background-color: rgba(0.0, 165.0, 0, 0.15); border-radius: 3px;' "
 'title=\'1.0\'>_||>":<||_html:</span>_||><||_html:<span '
 "style='background-color: rgba(0.0, 165.0, 0, 0.15); border-radius: 3px;' "
 'title=\'1.0\'>_||> "<||_html:</span>_||><||_html:<span '
 "style='background-color: rgba(0.0, 165.0, 0, 0.15); border-radius: 3px;' "
 "title='1.0'>_||>false<||_html:</span>_||><||_html:<span "
 "style='background-color: rgba(0.0, 165.0, 0, 0.15); border-radius: 3px;' "
 'title=\'1.0\'>_||>",<||_html:</span>_||><||_html:<span '
 "style='background-color: rgba(0.0, 165.0, 0, 0.15); border-radius: 3px;' "
 "title='1.0'>_||>\n"
 "<||_html:</span>_||><||_html:<span style='background-color: rgba(0.0, 165.0, "
 "0, 0.15); border-radius: 3px;' title='1.0'>_||>     "
 "<||_html:</span>_||><||_html:<span style='background-color: rgba(0.0, 165.0, "
 "0, 0.15); border-radius: 3px;' title='1.0'>_||> "
 '"<||_html:</span>_||><||_html:<span style=\'background-color: rgba(0.0, '
 "165.0, 0, 0.15); border-radius: 3px;' "
 "title='1.0'>_||>release<||_html:</span>_||><||_html:<span "
 "style='background-color: rgba(0.0, 165.0, 0, 0.15); border-radius: 3px;' "
 "title='1.0'>_||>_<||_html:</span>_||><||_html:<span style='background-color: "
 "rgba(0.0, 165.0, 0, 0.15); border-radius: 3px;' "
 "title='1.0'>_||>note<||_html:</span>_||><||_html:<span "
 "style='background-color: rgba(0.0, 165.0, 0, 0.15); border-radius: 3px;' "
 'title=\'1.0\'>_||>":<||_html:</span>_||><||_html:<span '
 "style='background-color: rgba(0.0, 165.0, 0, 0.15); border-radius: 3px;' "
 'title=\'1.0\'>_||> "<||_html:</span>_||><||_html:<span '
 "style='background-color: rgba(0.0, 165.0, 0, 0.15); border-radius: 3px;' "
 "title='1.0'>_||>The<||_html:</span>_||><||_html:<span "
 "style='background-color: rgba(0.0, 165.0, 0, 0.15); border-radius: 3px;' "
 "title='1.0'>_||> '<||_html:</span>_||><||_html:<span "
 "style='background-color: rgba(0.0, 165.0, 0, 0.15); border-radius: 3px;' "
 "title='1.0'>_||>get<||_html:</span>_||><||_html:<span "
 "style='background-color: rgba(0.0, 165.0, 0, 0.15); border-radius: 3px;' "
 "title='1.0'>_||>Product<||_html:</span>_||><||_html:<span "
 "style='background-color: rgba(0.0, 165.0, 0, 0.15); border-radius: 3px;' "
 "title='1.0'>_||>'<||_html:</span>_||><||_html:<span style='background-color: "
 "rgba(0.0, 165.0, 0, 0.15); border-radius: 3px;' title='1.0'>_||> "
 "query<||_html:</span>_||><||_html:<span style='background-color: rgba(0.0, "
 "165.0, 0, 0.15); border-radius: 3px;' title='1.0'>_||> "
 "now<||_html:</span>_||><||_html:<span style='background-color: rgba(0.0, "
 "165.0, 0, 0.15); border-radius: 3px;' title='1.0'>_||> "
 "includes<||_html:</span>_||><||_html:<span style='background-color: "
 "rgba(0.0, 165.0, 0, 0.15); border-radius: 3px;' title='1.0'>_||> "
 "a<||_html:</span>_||><||_html:<span style='background-color: rgba(0.0, "
 "165.0, 0, 0.15); border-radius: 3px;' title='1.0'>_||> "
 "new<||_html:</span>_||><||_html:<span style='background-color: rgba(0.0, "
 "165.0, 0, 0.15); border-radius: 3px;' title='1.0'>_||> "
 "field<||_html:</span>_||><||_html:<span style='background-color: rgba(0.0, "
 "165.0, 0, 0.15); border-radius: 3px;' title='1.0'>_||> "
 "'<||_html:</span>_||><||_html:<span style='background-color: rgba(0.0, "
 "165.0, 0, 0.15); border-radius: 3px;' "
 "title='1.0'>_||>details<||_html:</span>_||><||_html:<span "
 "style='background-color: rgba(0.0, 165.0, 0, 0.15); border-radius: 3px;' "
 "title='1.0'>_||>'<||_html:</span>_||><||_html:<span style='background-color: "
 "rgba(0.0, 165.0, 0, 0.15); border-radius: 3px;' title='1.0'>_||> "
 "of<||_html:</span>_||><||_html:<span style='background-color: rgba(0.0, "
 "165.0, 0, 0.15); border-radius: 3px;' title='1.0'>_||> "
 "type<||_html:</span>_||><||_html:<span style='background-color: rgba(0.0, "
 "165.0, 0, 0.15); border-radius: 3px;' title='1.0'>_||> "
 "String<||_html:</span>_||><||_html:<span style='background-color: rgba(0.0, "
 "165.0, 0, 0.15); border-radius: 3px;' "
 'title=\'1.0\'>_||>."<||_html:</span>_||><||_html:<span '
 "style='background-color: rgba(0.0, 165.0, 0, 0.15); border-radius: 3px;' "
 "title='1.0'>_||>\n"
 "<||_html:</span>_||><||_html:<span style='background-color: rgba(0.0, 165.0, "
 "0, 0.15); border-radius: 3px;' title='1.0'>_||>   "
 "<||_html:</span>_||><||_html:<span style='background-color: rgba(0.0, 165.0, "
 "0, 0.15); border-radius: 3px;' title='1.0'>_||> "
 "},<||_html:</span>_||><||_html:<span style='background-color: rgba(0.0, "
 "165.0, 0, 0.15); border-radius: 3px;' title='1.0'>_||>\n"
 "<||_html:</span>_||><||_html:<span style='background-color: rgba(0.0, 165.0, "
 "0, 0.15); border-radius: 3px;' title='1.0'>_||>   "
 "<||_html:</span>_||><||_html:<span style='background-color: rgba(0.0, 165.0, "
 "0, 0.15); border-radius: 3px;' title='1.0'>_||> "
 "{<||_html:</span>_||><||_html:<span style='background-color: rgba(0.0, "
 "165.0, 0, 0.15); border-radius: 3px;' title='1.0'>_||>\n"
 "<||_html:</span>_||><||_html:<span style='background-color: rgba(0.0, 165.0, "
 "0, 0.15); border-radius: 3px;' title='1.0'>_||>     "
 "<||_html:</span>_||><||_html:<span style='background-color: rgba(0.0, 165.0, "
 "0, 0.15); border-radius: 3px;' title='1.0'>_||> "
 '"<||_html:</span>_||><||_html:<span style=\'background-color: rgba(0.0, '
 "165.0, 0, 0.15); border-radius: 3px;' "
 "title='1.0'>_||>type<||_html:</span>_||><||_html:<span "
 "style='background-color: rgba(0.0, 165.0, 0, 0.15); border-radius: 3px;' "
 'title=\'1.0\'>_||>":<||_html:</span>_||><||_html:<span '
 "style='background-color: rgba(0.0, 165.0, 0, 0.15); border-radius: 3px;' "
 'title=\'1.0\'>_||> "<||_html:</span>_||><||_html:<span '
 "style='background-color: rgba(0.0, 165.0, 0, 0.15); border-radius: 3px;' "
 "title='1.0'>_||>Product<||_html:</span>_||><||_html:<span "
 "style='background-color: rgba(0.0, 165.0, 0, 0.15); border-radius: 3px;' "
 'title=\'1.0\'>_||>",<||_html:</span>_||><||_html:<span '
 "style='background-color: rgba(0.0, 165.0, 0, 0.15); border-radius: 3px;' "
 "title='1.0'>_||>\n"
 "<||_html:</span>_||><||_html:<span style='background-color: rgba(0.0, 165.0, "
 "0, 0.15); border-radius: 3px;' title='1.0'>_||>     "
 "<||_html:</span>_||><||_html:<span style='background-color: rgba(0.0, 165.0, "
 "0, 0.15); border-radius: 3px;' title='1.0'>_||> "
 '"<||_html:</span>_||><||_html:<span style=\'background-color: rgba(0.0, '
 "165.0, 0, 0.15); border-radius: 3px;' "
 "title='1.0'>_||>field<||_html:</span>_||><||_html:<span "
 "style='background-color: rgba(0.0, 165.0, 0, 0.15); border-radius: 3px;' "
 'title=\'1.0\'>_||>":<||_html:</span>_||><||_html:<span '
 "style='background-color: rgba(0.0, 165.0, 0, 0.15); border-radius: 3px;' "
 'title=\'1.0\'>_||> "<||_html:</span>_||><||_html:<span '
 "style='background-color: rgba(0.0, 165.0, 0, 0.15); border-radius: 3px;' "
 "title='1.0'>_||>description<||_html:</span>_||><||_html:<span "
 "style='background-color: rgba(0.0, 165.0, 0, 0.15); border-radius: 3px;' "
 'title=\'1.0\'>_||>",<||_html:</span>_||><||_html:<span '
 "style='background-color: rgba(0.0, 165.0, 0, 0.15); border-radius: 3px;' "
 "title='1.0'>_||>\n"
 "<||_html:</span>_||><||_html:<span style='background-color: rgba(0.0, 165.0, "
 "0, 0.15); border-radius: 3px;' title='1.0'>_||>     "
 "<||_html:</span>_||><||_html:<span style='background-color: rgba(0.0, 165.0, "
 "0, 0.15); border-radius: 3px;' title='1.0'>_||> "
 '"<||_html:</span>_||><||_html:<span style=\'background-color: rgba(0.0, '
 "165.0, 0, 0.15); border-radius: 3px;' "
 "title='1.0'>_||>change<||_html:</span>_||><||_html:<span "
 "style='background-color: rgba(0.0, 165.0, 0, 0.15); border-radius: 3px;' "
 'title=\'1.0\'>_||>":<||_html:</span>_||><||_html:<span '
 "style='background-color: rgba(0.0, 165.0, 0, 0.15); border-radius: 3px;' "
 'title=\'1.0\'>_||> "<||_html:</span>_||><||_html:<span '
 "style='background-color: rgba(0.0, 165.0, 0, 0.15); border-radius: 3px;' "
 "title='1.0'>_||>field<||_html:</span>_||><||_html:<span "
 "style='background-color: rgba(0.0, 165.0, 0, 0.15); border-radius: 3px;' "
 "title='1.0'>_||> removed<||_html:</span>_||><||_html:<span "
 "style='background-color: rgba(0.0, 165.0, 0, 0.15); border-radius: 3px;' "
 'title=\'1.0\'>_||>",<||_html:</span>_||><||_html:<span '
 "style='background-color: rgba(0.0, 165.0, 0, 0.15); border-radius: 3px;' "
 "title='1.0'>_||>\n"
 "<||_html:</span>_||><||_html:<span style='background-color: rgba(0.0, 165.0, "
 "0, 0.15); border-radius: 3px;' title='1.0'>_||>     "
 "<||_html:</span>_||><||_html:<span style='background-color: rgba(0.0, 165.0, "
 "0, 0.15); border-radius: 3px;' title='1.0'>_||> "
 '"<||_html:</span>_||><||_html:<span style=\'background-color: rgba(0.0, '
 "165.0, 0, 0.15); border-radius: 3px;' "
 "title='1.0'>_||>breaking<||_html:</span>_||><||_html:<span "
 "style='background-color: rgba(0.0, 165.0, 0, 0.15); border-radius: 3px;' "
 'title=\'1.0\'>_||>":<||_html:</span>_||><||_html:<span '
 "style='background-color: rgba(0.0, 165.0, 0, 0.15); border-radius: 3px;' "
 'title=\'1.0\'>_||> "<||_html:</span>_||><||_html:<span '
 "style='background-color: rgba(0.0, 165.0, 0, 0.15); border-radius: 3px;' "
 "title='1.0'>_||>true<||_html:</span>_||><||_html:<span "
 "style='background-color: rgba(0.0, 165.0, 0, 0.15); border-radius: 3px;' "
 'title=\'1.0\'>_||>",<||_html:</span>_||><||_html:<span '
 "style='background-color: rgba(0.0, 165.0, 0, 0.15); border-radius: 3px;' "
 "title='1.0'>_||>\n"
 "<||_html:</span>_||><||_html:<span style='background-color: rgba(0.0, 165.0, "
 "0, 0.15); border-radius: 3px;' title='1.0'>_||>     "
 "<||_html:</span>_||><||_html:<span style='background-color: rgba(0.0, 165.0, "
 "0, 0.15); border-radius: 3px;' title='1.0'>_||> "
 '"<||_html:</span>_||><||_html:<span style=\'background-color: rgba(0.0, '
 "165.0, 0, 0.15); border-radius: 3px;' "
 "title='1.0'>_||>release<||_html:</span>_||><||_html:<span "
 "style='background-color: rgba(0.0, 165.0, 0, 0.15); border-radius: 3px;' "
 "title='1.0'>_||>_<||_html:</span>_||><||_html:<span style='background-color: "
 "rgba(0.0, 165.0, 0, 0.15); border-radius: 3px;' "
 "title='1.0'>_||>note<||_html:</span>_||><||_html:<span "
 "style='background-color: rgba(0.0, 165.0, 0, 0.15); border-radius: 3px;' "
 'title=\'1.0\'>_||>":<||_html:</span>_||><||_html:<span '
 "style='background-color: rgba(0.0, 165.0, 0, 0.15); border-radius: 3px;' "
 'title=\'1.0\'>_||> "<||_html:</span>_||><||_html:<span '
 "style='background-color: rgba(0.0, 165.0, 0, 0.15); border-radius: 3px;' "
 "title='1.0'>_||>The<||_html:</span>_||><||_html:<span "
 "style='background-color: rgba(0.0, 165.0, 0, 0.15); border-radius: 3px;' "
 "title='1.0'>_||> '<||_html:</span>_||><||_html:<span "
 "style='background-color: rgba(0.0, 165.0, 0, 0.15); border-radius: 3px;' "
 "title='1.0'>_||>Product<||_html:</span>_||><||_html:<span "
 "style='background-color: rgba(0.0, 165.0, 0, 0.15); border-radius: 3px;' "
 "title='1.0'>_||>'<||_html:</span>_||><||_html:<span style='background-color: "
 "rgba(0.0, 165.0, 0, 0.15); border-radius: 3px;' title='1.0'>_||> "
 "type<||_html:</span>_||><||_html:<span style='background-color: rgba(0.0, "
 "165.0, 0, 0.15); border-radius: 3px;' title='1.0'>_||> "
 "no<||_html:</span>_||><||_html:<span style='background-color: rgba(0.0, "
 "165.0, 0, 0.15); border-radius: 3px;' title='1.0'>_||> "
 "longer<||_html:</span>_||><||_html:<span style='background-color: rgba(0.0, "
 "165.0, 0, 0.15); border-radius: 3px;' title='1.0'>_||> "
 "includes<||_html:</span>_||><||_html:<span style='background-color: "
 "rgba(0.0, 165.0, 0, 0.15); border-radius: 3px;' title='1.0'>_||> "
 "the<||_html:</span>_||><||_html:<span style='background-color: rgba(0.0, "
 "165.0, 0, 0.15); border-radius: 3px;' title='1.0'>_||> "
 "'<||_html:</span>_||><||_html:<span style='background-color: rgba(0.0, "
 "165.0, 0, 0.15); border-radius: 3px;' "
 "title='1.0'>_||>description<||_html:</span>_||><||_html:<span "
 "style='background-color: rgba(0.0, 165.0, 0, 0.15); border-radius: 3px;' "
 "title='1.0'>_||>'<||_html:</span>_||><||_html:<span style='background-color: "
 "rgba(0.0, 165.0, 0, 0.15); border-radius: 3px;' title='1.0'>_||> "
 "field<||_html:</span>_||><||_html:<span style='background-color: rgba(0.0, "
 "165.0, 0, 0.15); border-radius: 3px;' "
 'title=\'1.0\'>_||>."<||_html:</span>_||><||_html:<span '
 "style='background-color: rgba(0.0, 165.0, 0, 0.15); border-radius: 3px;' "
 "title='1.0'>_||>\n"
 "<||_html:</span>_||><||_html:<span style='background-color: rgba(0.0, 165.0, "
 "0, 0.15); border-radius: 3px;' title='1.0'>_||>   "
 "<||_html:</span>_||><||_html:<span style='background-color: rgba(0.0, 165.0, "
 "0, 0.15); border-radius: 3px;' title='1.0'>_||> "
 "},<||_html:</span>_||><||_html:<span style='background-color: rgba(0.0, "
 "165.0, 0, 0.15); border-radius: 3px;' title='1.0'>_||>\n"
 "<||_html:</span>_||><||_html:<span style='background-color: rgba(0.0, 165.0, "
 "0, 0.15); border-radius: 3px;' title='1.0'>_||>   "
 "<||_html:</span>_||><||_html:<span style='background-color: rgba(0.0, 165.0, "
 "0, 0.15); border-radius: 3px;' title='1.0'>_||> "
 "{<||_html:</span>_||><||_html:<span style='background-color: rgba(0.0, "
 "165.0, 0, 0.15); border-radius: 3px;' title='1.0'>_||>\n"
 "<||_html:</span>_||><||_html:<span style='background-color: rgba(0.0, 165.0, "
 "0, 0.15); border-radius: 3px;' title='1.0'>_||>     "
 "<||_html:</span>_||><||_html:<span style='background-color: rgba(0.0, 165.0, "
 "0, 0.15); border-radius: 3px;' title='1.0'>_||> "
 '"<||_html:</span>_||><||_html:<span style=\'background-color: rgba(0.0, '
 "165.0, 0, 0.15); border-radius: 3px;' "
 "title='1.0'>_||>type<||_html:</span>_||><||_html:<span "
 "style='background-color: rgba(0.0, 165.0, 0, 0.15); border-radius: 3px;' "
 'title=\'1.0\'>_||>":<||_html:</span>_||><||_html:<span '
 "style='background-color: rgba(0.0, 165.0, 0, 0.15); border-radius: 3px;' "
 'title=\'1.0\'>_||> "<||_html:</span>_||><||_html:<span '
 "style='background-color: rgba(0.0, 165.0, 0, 0.15); border-radius: 3px;' "
 "title='1.0'>_||>Product<||_html:</span>_||><||_html:<span "
 "style='background-color: rgba(0.0, 165.0, 0, 0.15); border-radius: 3px;' "
 'title=\'1.0\'>_||>",<||_html:</span>_||><||_html:<span '
 "style='background-color: rgba(0.0, 165.0, 0, 0.15); border-radius: 3px;' "
 "title='1.0'>_||>\n"
 "<||_html:</span>_||><||_html:<span style='background-color: rgba(0.0, 165.0, "
 "0, 0.15); border-radius: 3px;' title='1.0'>_||>     "
 "<||_html:</span>_||><||_html:<span style='background-color: rgba(0.0, 165.0, "
 "0, 0.15); border-radius: 3px;' title='1.0'>_||> "
 '"<||_html:</span>_||><||_html:<span style=\'background-color: rgba(0.0, '
 "165.0, 0, 0.15); border-radius: 3px;' "
 "title='1.0'>_||>field<||_html:</span>_||><||_html:<span "
 "style='background-color: rgba(0.0, 165.0, 0, 0.15); border-radius: 3px;' "
 'title=\'1.0\'>_||>":<||_html:</span>_||><||_html:<span '
 "style='background-color: rgba(0.0, 165.0, 0, 0.15); border-radius: 3px;' "
 'title=\'1.0\'>_||> "<||_html:</span>_||><||_html:<span '
 "style='background-color: rgba(0.0, 165.0, 0, 0.15); border-radius: 3px;' "
 "title='1.0'>_||>stock<||_html:</span>_||><||_html:<span "
 "style='background-color: rgba(0.0, 165.0, 0, 0.15); border-radius: 3px;' "
 'title=\'1.0\'>_||>",<||_html:</span>_||><||_html:<span '
 "style='background-color: rgba(0.0, 165.0, 0, 0.15); border-radius: 3px;' "
 "title='1.0'>_||>\n"
 "<||_html:</span>_||><||_html:<span style='background-color: rgba(0.0, 165.0, "
 "0, 0.15); border-radius: 3px;' title='1.0'>_||>     "
 "<||_html:</span>_||><||_html:<span style='background-color: rgba(0.0, 165.0, "
 "0, 0.15); border-radius: 3px;' title='1.0'>_||> "
 '"<||_html:</span>_||><||_html:<span style=\'background-color: rgba(0.0, '
 "165.0, 0, 0.15); border-radius: 3px;' "
 "title='1.0'>_||>change<||_html:</span>_||><||_html:<span "
 "style='background-color: rgba(0.0, 165.0, 0, 0.15); border-radius: 3px;' "
 'title=\'1.0\'>_||>":<||_html:</span>_||><||_html:<span '
 "style='background-color: rgba(0.0, 165.0, 0, 0.15); border-radius: 3px;' "
 'title=\'1.0\'>_||> "<||_html:</span>_||><||_html:<span '
 "style='background-color: rgba(0.0, 165.0, 0, 0.15); border-radius: 3px;' "
 "title='1.0'>_||>field<||_html:</span>_||><||_html:<span "
 "style='background-color: rgba(0.0, 165.0, 0, 0.15); border-radius: 3px;' "
 "title='1.0'>_||> removed<||_html:</span>_||><||_html:<span "
 "style='background-color: rgba(0.0, 165.0, 0, 0.15); border-radius: 3px;' "
 'title=\'1.0\'>_||>",<||_html:</span>_||><||_html:<span '
 "style='background-color: rgba(0.0, 165.0, 0, 0.15); border-radius: 3px;' "
 "title='1.0'>_||>\n"
 "<||_html:</span>_||><||_html:<span style='background-color: rgba(0.0, 165.0, "
 "0, 0.15); border-radius: 3px;' title='1.0'>_||>     "
 "<||_html:</span>_||><||_html:<span style='background-color: rgba(0.0, 165.0, "
 "0, 0.15); border-radius: 3px;' title='1.0'>_||> "
 '"<||_html:</span>_||><||_html:<span style=\'background-color: rgba(0.0, '
 "165.0, 0, 0.15); border-radius: 3px;' "
 "title='1.0'>_||>breaking<||_html:</span>_||><||_html:<span "
 "style='background-color: rgba(0.0, 165.0, 0, 0.15); border-radius: 3px;' "
 'title=\'1.0\'>_||>":<||_html:</span>_||><||_html:<span '
 "style='background-color: rgba(0.0, 165.0, 0, 0.15); border-radius: 3px;' "
 'title=\'1.0\'>_||> "<||_html:</span>_||><||_html:<span '
 "style='background-color: rgba(0.0, 165.0, 0, 0.15); border-radius: 3px;' "
 "title='1.0'>_||>true<||_html:</span>_||><||_html:<span "
 "style='background-color: rgba(0.0, 165.0, 0, 0.15); border-radius: 3px;' "
 'title=\'1.0\'>_||>",<||_html:</span>_||><||_html:<span '
 "style='background-color: rgba(0.0, 165.0, 0, 0.15); border-radius: 3px;' "
 "title='1.0'>_||>\n"
 "<||_html:</span>_||><||_html:<span style='background-color: rgba(0.0, 165.0, "
 "0, 0.15); border-radius: 3px;' title='1.0'>_||>     "
 "<||_html:</span>_||><||_html:<span style='background-color: rgba(0.0, 165.0, "
 "0, 0.15); border-radius: 3px;' title='1.0'>_||> "
 '"<||_html:</span>_||><||_html:<span style=\'background-color: rgba(0.0, '
 "165.0, 0, 0.15); border-radius: 3px;' "
 "title='1.0'>_||>release<||_html:</span>_||><||_html:<span "
 "style='background-color: rgba(0.0, 165.0, 0, 0.15); border-radius: 3px;' "
 "title='1.0'>_||>_<||_html:</span>_||><||_html:<span style='background-color: "
 "rgba(0.0, 165.0, 0, 0.15); border-radius: 3px;' "
 "title='1.0'>_||>note<||_html:</span>_||><||_html:<span "
 "style='background-color: rgba(0.0, 165.0, 0, 0.15); border-radius: 3px;' "
 'title=\'1.0\'>_||>":<||_html:</span>_||><||_html:<span '
 "style='background-color: rgba(0.0, 165.0, 0, 0.15); border-radius: 3px;' "
 'title=\'1.0\'>_||> "<||_html:</span>_||><||_html:<span '
 "style='background-color: rgba(0.0, 165.0, 0, 0.15); border-radius: 3px;' "
 "title='1.0'>_||>The<||_html:</span>_||><||_html:<span "
 "style='background-color: rgba(0.0, 165.0, 0, 0.15); border-radius: 3px;' "
 "title='1.0'>_||> '<||_html:</span>_||><||_html:<span "
 "style='background-color: rgba(0.0, 165.0, 0, 0.15); border-radius: 3px;' "
 "title='1.0'>_||>Product<||_html:</span>_||><||_html:<span "
 "style='background-color: rgba(0.0, 165.0, 0, 0.15); border-radius: 3px;' "
 "title='1.0'>_||>'<||_html:</span>_||><||_html:<span style='background-color: "
 "rgba(0.0, 165.0, 0, 0.15); border-radius: 3px;' title='1.0'>_||> "
 "type<||_html:</span>_||><||_html:<span style='background-color: rgba(0.0, "
 "165.0, 0, 0.15); border-radius: 3px;' title='1.0'>_||> "
 "no<||_html:</span>_||><||_html:<span style='background-color: rgba(0.0, "
 "165.0, 0, 0.15); border-radius: 3px;' title='1.0'>_||> "
 "longer<||_html:</span>_||><||_html:<span style='background-color: rgba(0.0, "
 "165.0, 0, 0.15); border-radius: 3px;' title='1.0'>_||> "
 "includes<||_html:</span>_||><||_html:<span style='background-color: "
 "rgba(0.0, 165.0, 0, 0.15); border-radius: 3px;' title='1.0'>_||> "
 "the<||_html:</span>_||><||_html:<span style='background-color: rgba(0.0, "
 "165.0, 0, 0.15); border-radius: 3px;' title='1.0'>_||> "
 "'<||_html:</span>_||><||_html:<span style='background-color: rgba(0.0, "
 "165.0, 0, 0.15); border-radius: 3px;' "
 "title='1.0'>_||>stock<||_html:</span>_||><||_html:<span "
 "style='background-color: rgba(0.0, 165.0, 0, 0.15); border-radius: 3px;' "
 "title='1.0'>_||>'<||_html:</span>_||><||_html:<span style='background-color: "
 "rgba(0.0, 165.0, 0, 0.15); border-radius: 3px;' title='1.0'>_||> "
 "field<||_html:</span>_||><||_html:<span style='background-color: rgba(0.0, "
 "165.0, 0, 0.15); border-radius: 3px;' "
 'title=\'1.0\'>_||>."<||_html:</span>_||><||_html:<span '
 "style='background-color: rgba(0.0, 165.0, 0, 0.15); border-radius: 3px;' "
 "title='1.0'>_||>\n"
 "<||_html:</span>_||><||_html:<span style='background-color: rgba(0.0, 165.0, "
 "0, 0.15); border-radius: 3px;' title='1.0'>_||>   "
 "<||_html:</span>_||><||_html:<span style='background-color: rgba(0.0, 165.0, "
 "0, 0.15); border-radius: 3px;' title='1.0'>_||>")
('Analyze the following two GraphQL schemas for changes, including both '
 'breaking and non-breaking changes.\n'
 '\n'
 '                        Provide your analysis in the following JSON format:\n'
 '                        {\n'
 '                          "changes": [\n'
 '                            {\n'
 '                              "type": "String representing the GraphQL type '
 '(e.g., Query, Mutation, Subscription)",\n'
 '                              "field": "String representing the specific '
 'field that changed",\n'
 '                              "change": "String describing the change (e.g., '
 'field renamed, new field added, field removed)",\n'
 '                              "breaking": "Boolean indicating if the change '
 'is breaking (true) or non-breaking (false)",\n'
 '                              "release_note": "String with a natural '
 'language description of the change for release notes"\n'
 '                            }\n'
 '                          ],\n'
 '                          "release_notes": {\n'
 '                              "summary": "String summarizing all changes, '
 'suitable for a mailing list or public announcement"\n'
 '                          }\n'
 '                        }\n'
 '\n'
 '                        When analyzing, consider the following types of '
 'changes:\n'
 '                        1. Removing fields or types (breaking)\n'
 '                        2. Changing field types (potentially breaking)\n'
 '                        3. Adding required fields (breaking)\n'
 '                        4. Changing the type of existing arguments '
 '(breaking)\n'
 '                        5. Adding optional fields (non-breaking)\n'
 '                        6. Adding new types (non-breaking)\n'
 '                        7. Deprecating fields (non-breaking)\n'
 '\n'
 '                        Ensure that each change is categorized correctly as '
 'breaking or non-breaking.: type Query {\n'
 '  getProduct(id: ID!): Product\n'
 '}\n'
 '\n'
 'type Product {\n'
 '  id: ID\n'
 '  name: String\n'
 '  description: String\n'
 '  price: Float\n'
 '  stock: Int\n'
 '}\n'
 ', type Query {\n'
 '  getProduct(id: ID!): Product\n'
 '}\n'
 '\n'
 'type Product {\n'
 '  id: ID\n'
 '  name: String\n'
 '  details: String\n'
 '  price: Float\n'
 '}\n'
 '\n'
 "Answer:<||_html:<span style='background-color: rgba(0.0, 165.0, 0, 0.15); "
 "border-radius: 3px;' title='1.0'>_||> {<||_html:</span>_||><||_html:<span "
 "style='background-color: rgba(0.0, 165.0, 0, 0.15); border-radius: 3px;' "
 "title='1.0'>_||>\n"
 "<||_html:</span>_||><||_html:<span style='background-color: rgba(0.0, 165.0, "
 "0, 0.15); border-radius: 3px;' title='1.0'>_||> "
 "<||_html:</span>_||><||_html:<span style='background-color: rgba(0.0, 165.0, "
 "0, 0.15); border-radius: 3px;' title='1.0'>_||> "
 '"<||_html:</span>_||><||_html:<span style=\'background-color: rgba(0.0, '
 "165.0, 0, 0.15); border-radius: 3px;' "
 "title='1.0'>_||>changes<||_html:</span>_||><||_html:<span "
 "style='background-color: rgba(0.0, 165.0, 0, 0.15); border-radius: 3px;' "
 'title=\'1.0\'>_||>":<||_html:</span>_||><||_html:<span '
 "style='background-color: rgba(0.0, 165.0, 0, 0.15); border-radius: 3px;' "
 "title='1.0'>_||> [<||_html:</span>_||><||_html:<span "
 "style='background-color: rgba(0.0, 165.0, 0, 0.15); border-radius: 3px;' "
 "title='1.0'>_||>\n"
 "<||_html:</span>_||><||_html:<span style='background-color: rgba(0.0, 165.0, "
 "0, 0.15); border-radius: 3px;' title='1.0'>_||>   "
 "<||_html:</span>_||><||_html:<span style='background-color: rgba(0.0, 165.0, "
 "0, 0.15); border-radius: 3px;' title='1.0'>_||> "
 "{<||_html:</span>_||><||_html:<span style='background-color: rgba(0.0, "
 "165.0, 0, 0.15); border-radius: 3px;' title='1.0'>_||>\n"
 "<||_html:</span>_||><||_html:<span style='background-color: rgba(0.0, 165.0, "
 "0, 0.15); border-radius: 3px;' title='1.0'>_||>     "
 "<||_html:</span>_||><||_html:<span style='background-color: rgba(0.0, 165.0, "
 "0, 0.15); border-radius: 3px;' title='1.0'>_||> "
 '"<||_html:</span>_||><||_html:<span style=\'background-color: rgba(0.0, '
 "165.0, 0, 0.15); border-radius: 3px;' "
 "title='1.0'>_||>type<||_html:</span>_||><||_html:<span "
 "style='background-color: rgba(0.0, 165.0, 0, 0.15); border-radius: 3px;' "
 'title=\'1.0\'>_||>":<||_html:</span>_||><||_html:<span '
 "style='background-color: rgba(0.0, 165.0, 0, 0.15); border-radius: 3px;' "
 'title=\'1.0\'>_||> "<||_html:</span>_||><||_html:<span '
 "style='background-color: rgba(0.0, 165.0, 0, 0.15); border-radius: 3px;' "
 "title='1.0'>_||>Query<||_html:</span>_||><||_html:<span "
 "style='background-color: rgba(0.0, 165.0, 0, 0.15); border-radius: 3px;' "
 'title=\'1.0\'>_||>",<||_html:</span>_||><||_html:<span '
 "style='background-color: rgba(0.0, 165.0, 0, 0.15); border-radius: 3px;' "
 "title='1.0'>_||>\n"
 "<||_html:</span>_||><||_html:<span style='background-color: rgba(0.0, 165.0, "
 "0, 0.15); border-radius: 3px;' title='1.0'>_||>     "
 "<||_html:</span>_||><||_html:<span style='background-color: rgba(0.0, 165.0, "
 "0, 0.15); border-radius: 3px;' title='1.0'>_||> "
 '"<||_html:</span>_||><||_html:<span style=\'background-color: rgba(0.0, '
 "165.0, 0, 0.15); border-radius: 3px;' "
 "title='1.0'>_||>field<||_html:</span>_||><||_html:<span "
 "style='background-color: rgba(0.0, 165.0, 0, 0.15); border-radius: 3px;' "
 'title=\'1.0\'>_||>":<||_html:</span>_||><||_html:<span '
 "style='background-color: rgba(0.0, 165.0, 0, 0.15); border-radius: 3px;' "
 'title=\'1.0\'>_||> "<||_html:</span>_||><||_html:<span '
 "style='background-color: rgba(0.0, 165.0, 0, 0.15); border-radius: 3px;' "
 "title='1.0'>_||>get<||_html:</span>_||><||_html:<span "
 "style='background-color: rgba(0.0, 165.0, 0, 0.15); border-radius: 3px;' "
 "title='1.0'>_||>Product<||_html:</span>_||><||_html:<span "
 "style='background-color: rgba(0.0, 165.0, 0, 0.15); border-radius: 3px;' "
 'title=\'1.0\'>_||>",<||_html:</span>_||><||_html:<span '
 "style='background-color: rgba(0.0, 165.0, 0, 0.15); border-radius: 3px;' "
 "title='1.0'>_||>\n"
 "<||_html:</span>_||><||_html:<span style='background-color: rgba(0.0, 165.0, "
 "0, 0.15); border-radius: 3px;' title='1.0'>_||>     "
 "<||_html:</span>_||><||_html:<span style='background-color: rgba(0.0, 165.0, "
 "0, 0.15); border-radius: 3px;' title='1.0'>_||> "
 '"<||_html:</span>_||><||_html:<span style=\'background-color: rgba(0.0, '
 "165.0, 0, 0.15); border-radius: 3px;' "
 "title='1.0'>_||>change<||_html:</span>_||><||_html:<span "
 "style='background-color: rgba(0.0, 165.0, 0, 0.15); border-radius: 3px;' "
 'title=\'1.0\'>_||>":<||_html:</span>_||><||_html:<span '
 "style='background-color: rgba(0.0, 165.0, 0, 0.15); border-radius: 3px;' "
 'title=\'1.0\'>_||> "<||_html:</span>_||><||_html:<span '
 "style='background-color: rgba(0.0, 165.0, 0, 0.15); border-radius: 3px;' "
 "title='1.0'>_||>field<||_html:</span>_||><||_html:<span "
 "style='background-color: rgba(0.0, 165.0, 0, 0.15); border-radius: 3px;' "
 "title='1.0'>_||> details<||_html:</span>_||><||_html:<span "
 "style='background-color: rgba(0.0, 165.0, 0, 0.15); border-radius: 3px;' "
 "title='1.0'>_||> added<||_html:</span>_||><||_html:<span "
 "style='background-color: rgba(0.0, 165.0, 0, 0.15); border-radius: 3px;' "
 'title=\'1.0\'>_||>",<||_html:</span>_||><||_html:<span '
 "style='background-color: rgba(0.0, 165.0, 0, 0.15); border-radius: 3px;' "
 "title='1.0'>_||>\n"
 "<||_html:</span>_||><||_html:<span style='background-color: rgba(0.0, 165.0, "
 "0, 0.15); border-radius: 3px;' title='1.0'>_||>     "
 "<||_html:</span>_||><||_html:<span style='background-color: rgba(0.0, 165.0, "
 "0, 0.15); border-radius: 3px;' title='1.0'>_||> "
 '"<||_html:</span>_||><||_html:<span style=\'background-color: rgba(0.0, '
 "165.0, 0, 0.15); border-radius: 3px;' "
 "title='1.0'>_||>breaking<||_html:</span>_||><||_html:<span "
 "style='background-color: rgba(0.0, 165.0, 0, 0.15); border-radius: 3px;' "
 'title=\'1.0\'>_||>":<||_html:</span>_||><||_html:<span '
 "style='background-color: rgba(0.0, 165.0, 0, 0.15); border-radius: 3px;' "
 'title=\'1.0\'>_||> "<||_html:</span>_||><||_html:<span '
 "style='background-color: rgba(0.0, 165.0, 0, 0.15); border-radius: 3px;' "
 "title='1.0'>_||>false<||_html:</span>_||><||_html:<span "
 "style='background-color: rgba(0.0, 165.0, 0, 0.15); border-radius: 3px;' "
 'title=\'1.0\'>_||>",<||_html:</span>_||><||_html:<span '
 "style='background-color: rgba(0.0, 165.0, 0, 0.15); border-radius: 3px;' "
 "title='1.0'>_||>\n"
 "<||_html:</span>_||><||_html:<span style='background-color: rgba(0.0, 165.0, "
 "0, 0.15); border-radius: 3px;' title='1.0'>_||>     "
 "<||_html:</span>_||><||_html:<span style='background-color: rgba(0.0, 165.0, "
 "0, 0.15); border-radius: 3px;' title='1.0'>_||> "
 '"<||_html:</span>_||><||_html:<span style=\'background-color: rgba(0.0, '
 "165.0, 0, 0.15); border-radius: 3px;' "
 "title='1.0'>_||>release<||_html:</span>_||><||_html:<span "
 "style='background-color: rgba(0.0, 165.0, 0, 0.15); border-radius: 3px;' "
 "title='1.0'>_||>_<||_html:</span>_||><||_html:<span style='background-color: "
 "rgba(0.0, 165.0, 0, 0.15); border-radius: 3px;' "
 "title='1.0'>_||>note<||_html:</span>_||><||_html:<span "
 "style='background-color: rgba(0.0, 165.0, 0, 0.15); border-radius: 3px;' "
 'title=\'1.0\'>_||>":<||_html:</span>_||><||_html:<span '
 "style='background-color: rgba(0.0, 165.0, 0, 0.15); border-radius: 3px;' "
 'title=\'1.0\'>_||> "<||_html:</span>_||><||_html:<span '
 "style='background-color: rgba(0.0, 165.0, 0, 0.15); border-radius: 3px;' "
 "title='1.0'>_||>The<||_html:</span>_||><||_html:<span "
 "style='background-color: rgba(0.0, 165.0, 0, 0.15); border-radius: 3px;' "
 "title='1.0'>_||> '<||_html:</span>_||><||_html:<span "
 "style='background-color: rgba(0.0, 165.0, 0, 0.15); border-radius: 3px;' "
 "title='1.0'>_||>get<||_html:</span>_||><||_html:<span "
 "style='background-color: rgba(0.0, 165.0, 0, 0.15); border-radius: 3px;' "
 "title='1.0'>_||>Product<||_html:</span>_||><||_html:<span "
 "style='background-color: rgba(0.0, 165.0, 0, 0.15); border-radius: 3px;' "
 "title='1.0'>_||>'<||_html:</span>_||><||_html:<span style='background-color: "
 "rgba(0.0, 165.0, 0, 0.15); border-radius: 3px;' title='1.0'>_||> "
 "query<||_html:</span>_||><||_html:<span style='background-color: rgba(0.0, "
 "165.0, 0, 0.15); border-radius: 3px;' title='1.0'>_||> "
 "now<||_html:</span>_||><||_html:<span style='background-color: rgba(0.0, "
 "165.0, 0, 0.15); border-radius: 3px;' title='1.0'>_||> "
 "includes<||_html:</span>_||><||_html:<span style='background-color: "
 "rgba(0.0, 165.0, 0, 0.15); border-radius: 3px;' title='1.0'>_||> "
 "a<||_html:</span>_||><||_html:<span style='background-color: rgba(0.0, "
 "165.0, 0, 0.15); border-radius: 3px;' title='1.0'>_||> "
 "new<||_html:</span>_||><||_html:<span style='background-color: rgba(0.0, "
 "165.0, 0, 0.15); border-radius: 3px;' title='1.0'>_||> "
 "field<||_html:</span>_||><||_html:<span style='background-color: rgba(0.0, "
 "165.0, 0, 0.15); border-radius: 3px;' title='1.0'>_||> "
 "'<||_html:</span>_||><||_html:<span style='background-color: rgba(0.0, "
 "165.0, 0, 0.15); border-radius: 3px;' "
 "title='1.0'>_||>details<||_html:</span>_||><||_html:<span "
 "style='background-color: rgba(0.0, 165.0, 0, 0.15); border-radius: 3px;' "
 "title='1.0'>_||>'<||_html:</span>_||><||_html:<span style='background-color: "
 "rgba(0.0, 165.0, 0, 0.15); border-radius: 3px;' title='1.0'>_||> "
 "of<||_html:</span>_||><||_html:<span style='background-color: rgba(0.0, "
 "165.0, 0, 0.15); border-radius: 3px;' title='1.0'>_||> "
 "type<||_html:</span>_||><||_html:<span style='background-color: rgba(0.0, "
 "165.0, 0, 0.15); border-radius: 3px;' title='1.0'>_||> "
 "String<||_html:</span>_||><||_html:<span style='background-color: rgba(0.0, "
 "165.0, 0, 0.15); border-radius: 3px;' "
 'title=\'1.0\'>_||>."<||_html:</span>_||><||_html:<span '
 "style='background-color: rgba(0.0, 165.0, 0, 0.15); border-radius: 3px;' "
 "title='1.0'>_||>\n"
 "<||_html:</span>_||><||_html:<span style='background-color: rgba(0.0, 165.0, "
 "0, 0.15); border-radius: 3px;' title='1.0'>_||>   "
 "<||_html:</span>_||><||_html:<span style='background-color: rgba(0.0, 165.0, "
 "0, 0.15); border-radius: 3px;' title='1.0'>_||> "
 "},<||_html:</span>_||><||_html:<span style='background-color: rgba(0.0, "
 "165.0, 0, 0.15); border-radius: 3px;' title='1.0'>_||>\n"
 "<||_html:</span>_||><||_html:<span style='background-color: rgba(0.0, 165.0, "
 "0, 0.15); border-radius: 3px;' title='1.0'>_||>   "
 "<||_html:</span>_||><||_html:<span style='background-color: rgba(0.0, 165.0, "
 "0, 0.15); border-radius: 3px;' title='1.0'>_||> "
 "{<||_html:</span>_||><||_html:<span style='background-color: rgba(0.0, "
 "165.0, 0, 0.15); border-radius: 3px;' title='1.0'>_||>\n"
 "<||_html:</span>_||><||_html:<span style='background-color: rgba(0.0, 165.0, "
 "0, 0.15); border-radius: 3px;' title='1.0'>_||>     "
 "<||_html:</span>_||><||_html:<span style='background-color: rgba(0.0, 165.0, "
 "0, 0.15); border-radius: 3px;' title='1.0'>_||> "
 '"<||_html:</span>_||><||_html:<span style=\'background-color: rgba(0.0, '
 "165.0, 0, 0.15); border-radius: 3px;' "
 "title='1.0'>_||>type<||_html:</span>_||><||_html:<span "
 "style='background-color: rgba(0.0, 165.0, 0, 0.15); border-radius: 3px;' "
 'title=\'1.0\'>_||>":<||_html:</span>_||><||_html:<span '
 "style='background-color: rgba(0.0, 165.0, 0, 0.15); border-radius: 3px;' "
 'title=\'1.0\'>_||> "<||_html:</span>_||><||_html:<span '
 "style='background-color: rgba(0.0, 165.0, 0, 0.15); border-radius: 3px;' "
 "title='1.0'>_||>Product<||_html:</span>_||><||_html:<span "
 "style='background-color: rgba(0.0, 165.0, 0, 0.15); border-radius: 3px;' "
 'title=\'1.0\'>_||>",<||_html:</span>_||><||_html:<span '
 "style='background-color: rgba(0.0, 165.0, 0, 0.15); border-radius: 3px;' "
 "title='1.0'>_||>\n"
 "<||_html:</span>_||><||_html:<span style='background-color: rgba(0.0, 165.0, "
 "0, 0.15); border-radius: 3px;' title='1.0'>_||>     "
 "<||_html:</span>_||><||_html:<span style='background-color: rgba(0.0, 165.0, "
 "0, 0.15); border-radius: 3px;' title='1.0'>_||> "
 '"<||_html:</span>_||><||_html:<span style=\'background-color: rgba(0.0, '
 "165.0, 0, 0.15); border-radius: 3px;' "
 "title='1.0'>_||>field<||_html:</span>_||><||_html:<span "
 "style='background-color: rgba(0.0, 165.0, 0, 0.15); border-radius: 3px;' "
 'title=\'1.0\'>_||>":<||_html:</span>_||><||_html:<span '
 "style='background-color: rgba(0.0, 165.0, 0, 0.15); border-radius: 3px;' "
 'title=\'1.0\'>_||> "<||_html:</span>_||><||_html:<span '
 "style='background-color: rgba(0.0, 165.0, 0, 0.15); border-radius: 3px;' "
 "title='1.0'>_||>description<||_html:</span>_||><||_html:<span "
 "style='background-color: rgba(0.0, 165.0, 0, 0.15); border-radius: 3px;' "
 'title=\'1.0\'>_||>",<||_html:</span>_||><||_html:<span '
 "style='background-color: rgba(0.0, 165.0, 0, 0.15); border-radius: 3px;' "
 "title='1.0'>_||>\n"
 "<||_html:</span>_||><||_html:<span style='background-color: rgba(0.0, 165.0, "
 "0, 0.15); border-radius: 3px;' title='1.0'>_||>     "
 "<||_html:</span>_||><||_html:<span style='background-color: rgba(0.0, 165.0, "
 "0, 0.15); border-radius: 3px;' title='1.0'>_||> "
 '"<||_html:</span>_||><||_html:<span style=\'background-color: rgba(0.0, '
 "165.0, 0, 0.15); border-radius: 3px;' "
 "title='1.0'>_||>change<||_html:</span>_||><||_html:<span "
 "style='background-color: rgba(0.0, 165.0, 0, 0.15); border-radius: 3px;' "
 'title=\'1.0\'>_||>":<||_html:</span>_||><||_html:<span '
 "style='background-color: rgba(0.0, 165.0, 0, 0.15); border-radius: 3px;' "
 'title=\'1.0\'>_||> "<||_html:</span>_||><||_html:<span '
 "style='background-color: rgba(0.0, 165.0, 0, 0.15); border-radius: 3px;' "
 "title='1.0'>_||>field<||_html:</span>_||><||_html:<span "
 "style='background-color: rgba(0.0, 165.0, 0, 0.15); border-radius: 3px;' "
 "title='1.0'>_||> removed<||_html:</span>_||><||_html:<span "
 "style='background-color: rgba(0.0, 165.0, 0, 0.15); border-radius: 3px;' "
 'title=\'1.0\'>_||>",<||_html:</span>_||><||_html:<span '
 "style='background-color: rgba(0.0, 165.0, 0, 0.15); border-radius: 3px;' "
 "title='1.0'>_||>\n"
 "<||_html:</span>_||><||_html:<span style='background-color: rgba(0.0, 165.0, "
 "0, 0.15); border-radius: 3px;' title='1.0'>_||>     "
 "<||_html:</span>_||><||_html:<span style='background-color: rgba(0.0, 165.0, "
 "0, 0.15); border-radius: 3px;' title='1.0'>_||> "
 '"<||_html:</span>_||><||_html:<span style=\'background-color: rgba(0.0, '
 "165.0, 0, 0.15); border-radius: 3px;' "
 "title='1.0'>_||>breaking<||_html:</span>_||><||_html:<span "
 "style='background-color: rgba(0.0, 165.0, 0, 0.15); border-radius: 3px;' "
 'title=\'1.0\'>_||>":<||_html:</span>_||><||_html:<span '
 "style='background-color: rgba(0.0, 165.0, 0, 0.15); border-radius: 3px;' "
 'title=\'1.0\'>_||> "<||_html:</span>_||><||_html:<span '
 "style='background-color: rgba(0.0, 165.0, 0, 0.15); border-radius: 3px;' "
 "title='1.0'>_||>true<||_html:</span>_||><||_html:<span "
 "style='background-color: rgba(0.0, 165.0, 0, 0.15); border-radius: 3px;' "
 'title=\'1.0\'>_||>",<||_html:</span>_||><||_html:<span '
 "style='background-color: rgba(0.0, 165.0, 0, 0.15); border-radius: 3px;' "
 "title='1.0'>_||>\n"
 "<||_html:</span>_||><||_html:<span style='background-color: rgba(0.0, 165.0, "
 "0, 0.15); border-radius: 3px;' title='1.0'>_||>     "
 "<||_html:</span>_||><||_html:<span style='background-color: rgba(0.0, 165.0, "
 "0, 0.15); border-radius: 3px;' title='1.0'>_||> "
 '"<||_html:</span>_||><||_html:<span style=\'background-color: rgba(0.0, '
 "165.0, 0, 0.15); border-radius: 3px;' "
 "title='1.0'>_||>release<||_html:</span>_||><||_html:<span "
 "style='background-color: rgba(0.0, 165.0, 0, 0.15); border-radius: 3px;' "
 "title='1.0'>_||>_<||_html:</span>_||><||_html:<span style='background-color: "
 "rgba(0.0, 165.0, 0, 0.15); border-radius: 3px;' "
 "title='1.0'>_||>note<||_html:</span>_||><||_html:<span "
 "style='background-color: rgba(0.0, 165.0, 0, 0.15); border-radius: 3px;' "
 'title=\'1.0\'>_||>":<||_html:</span>_||><||_html:<span '
 "style='background-color: rgba(0.0, 165.0, 0, 0.15); border-radius: 3px;' "
 'title=\'1.0\'>_||> "<||_html:</span>_||><||_html:<span '
 "style='background-color: rgba(0.0, 165.0, 0, 0.15); border-radius: 3px;' "
 "title='1.0'>_||>The<||_html:</span>_||><||_html:<span "
 "style='background-color: rgba(0.0, 165.0, 0, 0.15); border-radius: 3px;' "
 "title='1.0'>_||> '<||_html:</span>_||><||_html:<span "
 "style='background-color: rgba(0.0, 165.0, 0, 0.15); border-radius: 3px;' "
 "title='1.0'>_||>Product<||_html:</span>_||><||_html:<span "
 "style='background-color: rgba(0.0, 165.0, 0, 0.15); border-radius: 3px;' "
 "title='1.0'>_||>'<||_html:</span>_||><||_html:<span style='background-color: "
 "rgba(0.0, 165.0, 0, 0.15); border-radius: 3px;' title='1.0'>_||> "
 "type<||_html:</span>_||><||_html:<span style='background-color: rgba(0.0, "
 "165.0, 0, 0.15); border-radius: 3px;' title='1.0'>_||> "
 "no<||_html:</span>_||><||_html:<span style='background-color: rgba(0.0, "
 "165.0, 0, 0.15); border-radius: 3px;' title='1.0'>_||> "
 "longer<||_html:</span>_||><||_html:<span style='background-color: rgba(0.0, "
 "165.0, 0, 0.15); border-radius: 3px;' title='1.0'>_||> "
 "includes<||_html:</span>_||><||_html:<span style='background-color: "
 "rgba(0.0, 165.0, 0, 0.15); border-radius: 3px;' title='1.0'>_||> "
 "the<||_html:</span>_||><||_html:<span style='background-color: rgba(0.0, "
 "165.0, 0, 0.15); border-radius: 3px;' title='1.0'>_||> "
 "'<||_html:</span>_||><||_html:<span style='background-color: rgba(0.0, "
 "165.0, 0, 0.15); border-radius: 3px;' "
 "title='1.0'>_||>description<||_html:</span>_||><||_html:<span "
 "style='background-color: rgba(0.0, 165.0, 0, 0.15); border-radius: 3px;' "
 "title='1.0'>_||>'<||_html:</span>_||><||_html:<span style='background-color: "
 "rgba(0.0, 165.0, 0, 0.15); border-radius: 3px;' title='1.0'>_||> "
 "field<||_html:</span>_||><||_html:<span style='background-color: rgba(0.0, "
 "165.0, 0, 0.15); border-radius: 3px;' "
 'title=\'1.0\'>_||>."<||_html:</span>_||><||_html:<span '
 "style='background-color: rgba(0.0, 165.0, 0, 0.15); border-radius: 3px;' "
 "title='1.0'>_||>\n"
 "<||_html:</span>_||><||_html:<span style='background-color: rgba(0.0, 165.0, "
 "0, 0.15); border-radius: 3px;' title='1.0'>_||>   "
 "<||_html:</span>_||><||_html:<span style='background-color: rgba(0.0, 165.0, "
 "0, 0.15); border-radius: 3px;' title='1.0'>_||> "
 "},<||_html:</span>_||><||_html:<span style='background-color: rgba(0.0, "
 "165.0, 0, 0.15); border-radius: 3px;' title='1.0'>_||>\n"
 "<||_html:</span>_||><||_html:<span style='background-color: rgba(0.0, 165.0, "
 "0, 0.15); border-radius: 3px;' title='1.0'>_||>   "
 "<||_html:</span>_||><||_html:<span style='background-color: rgba(0.0, 165.0, "
 "0, 0.15); border-radius: 3px;' title='1.0'>_||> "
 "{<||_html:</span>_||><||_html:<span style='background-color: rgba(0.0, "
 "165.0, 0, 0.15); border-radius: 3px;' title='1.0'>_||>\n"
 "<||_html:</span>_||><||_html:<span style='background-color: rgba(0.0, 165.0, "
 "0, 0.15); border-radius: 3px;' title='1.0'>_||>     "
 "<||_html:</span>_||><||_html:<span style='background-color: rgba(0.0, 165.0, "
 "0, 0.15); border-radius: 3px;' title='1.0'>_||> "
 '"<||_html:</span>_||><||_html:<span style=\'background-color: rgba(0.0, '
 "165.0, 0, 0.15); border-radius: 3px;' "
 "title='1.0'>_||>type<||_html:</span>_||><||_html:<span "
 "style='background-color: rgba(0.0, 165.0, 0, 0.15); border-radius: 3px;' "
 'title=\'1.0\'>_||>":<||_html:</span>_||><||_html:<span '
 "style='background-color: rgba(0.0, 165.0, 0, 0.15); border-radius: 3px;' "
 'title=\'1.0\'>_||> "<||_html:</span>_||><||_html:<span '
 "style='background-color: rgba(0.0, 165.0, 0, 0.15); border-radius: 3px;' "
 "title='1.0'>_||>Product<||_html:</span>_||><||_html:<span "
 "style='background-color: rgba(0.0, 165.0, 0, 0.15); border-radius: 3px;' "
 'title=\'1.0\'>_||>",<||_html:</span>_||><||_html:<span '
 "style='background-color: rgba(0.0, 165.0, 0, 0.15); border-radius: 3px;' "
 "title='1.0'>_||>\n"
 "<||_html:</span>_||><||_html:<span style='background-color: rgba(0.0, 165.0, "
 "0, 0.15); border-radius: 3px;' title='1.0'>_||>     "
 "<||_html:</span>_||><||_html:<span style='background-color: rgba(0.0, 165.0, "
 "0, 0.15); border-radius: 3px;' title='1.0'>_||> "
 '"<||_html:</span>_||><||_html:<span style=\'background-color: rgba(0.0, '
 "165.0, 0, 0.15); border-radius: 3px;' "
 "title='1.0'>_||>field<||_html:</span>_||><||_html:<span "
 "style='background-color: rgba(0.0, 165.0, 0, 0.15); border-radius: 3px;' "
 'title=\'1.0\'>_||>":<||_html:</span>_||><||_html:<span '
 "style='background-color: rgba(0.0, 165.0, 0, 0.15); border-radius: 3px;' "
 'title=\'1.0\'>_||> "<||_html:</span>_||><||_html:<span '
 "style='background-color: rgba(0.0, 165.0, 0, 0.15); border-radius: 3px;' "
 "title='1.0'>_||>stock<||_html:</span>_||><||_html:<span "
 "style='background-color: rgba(0.0, 165.0, 0, 0.15); border-radius: 3px;' "
 'title=\'1.0\'>_||>",<||_html:</span>_||><||_html:<span '
 "style='background-color: rgba(0.0, 165.0, 0, 0.15); border-radius: 3px;' "
 "title='1.0'>_||>\n"
 "<||_html:</span>_||><||_html:<span style='background-color: rgba(0.0, 165.0, "
 "0, 0.15); border-radius: 3px;' title='1.0'>_||>     "
 "<||_html:</span>_||><||_html:<span style='background-color: rgba(0.0, 165.0, "
 "0, 0.15); border-radius: 3px;' title='1.0'>_||> "
 '"<||_html:</span>_||><||_html:<span style=\'background-color: rgba(0.0, '
 "165.0, 0, 0.15); border-radius: 3px;' "
 "title='1.0'>_||>change<||_html:</span>_||><||_html:<span "
 "style='background-color: rgba(0.0, 165.0, 0, 0.15); border-radius: 3px;' "
 'title=\'1.0\'>_||>":<||_html:</span>_||><||_html:<span '
 "style='background-color: rgba(0.0, 165.0, 0, 0.15); border-radius: 3px;' "
 'title=\'1.0\'>_||> "<||_html:</span>_||><||_html:<span '
 "style='background-color: rgba(0.0, 165.0, 0, 0.15); border-radius: 3px;' "
 "title='1.0'>_||>field<||_html:</span>_||><||_html:<span "
 "style='background-color: rgba(0.0, 165.0, 0, 0.15); border-radius: 3px;' "
 "title='1.0'>_||> removed<||_html:</span>_||><||_html:<span "
 "style='background-color: rgba(0.0, 165.0, 0, 0.15); border-radius: 3px;' "
 'title=\'1.0\'>_||>",<||_html:</span>_||><||_html:<span '
 "style='background-color: rgba(0.0, 165.0, 0, 0.15); border-radius: 3px;' "
 "title='1.0'>_||>\n"
 "<||_html:</span>_||><||_html:<span style='background-color: rgba(0.0, 165.0, "
 "0, 0.15); border-radius: 3px;' title='1.0'>_||>     "
 "<||_html:</span>_||><||_html:<span style='background-color: rgba(0.0, 165.0, "
 "0, 0.15); border-radius: 3px;' title='1.0'>_||> "
 '"<||_html:</span>_||><||_html:<span style=\'background-color: rgba(0.0, '
 "165.0, 0, 0.15); border-radius: 3px;' "
 "title='1.0'>_||>breaking<||_html:</span>_||><||_html:<span "
 "style='background-color: rgba(0.0, 165.0, 0, 0.15); border-radius: 3px;' "
 'title=\'1.0\'>_||>":<||_html:</span>_||><||_html:<span '
 "style='background-color: rgba(0.0, 165.0, 0, 0.15); border-radius: 3px;' "
 'title=\'1.0\'>_||> "<||_html:</span>_||><||_html:<span '
 "style='background-color: rgba(0.0, 165.0, 0, 0.15); border-radius: 3px;' "
 "title='1.0'>_||>true<||_html:</span>_||><||_html:<span "
 "style='background-color: rgba(0.0, 165.0, 0, 0.15); border-radius: 3px;' "
 'title=\'1.0\'>_||>",<||_html:</span>_||><||_html:<span '
 "style='background-color: rgba(0.0, 165.0, 0, 0.15); border-radius: 3px;' "
 "title='1.0'>_||>\n"
 "<||_html:</span>_||><||_html:<span style='background-color: rgba(0.0, 165.0, "
 "0, 0.15); border-radius: 3px;' title='1.0'>_||>     "
 "<||_html:</span>_||><||_html:<span style='background-color: rgba(0.0, 165.0, "
 "0, 0.15); border-radius: 3px;' title='1.0'>_||> "
 '"<||_html:</span>_||><||_html:<span style=\'background-color: rgba(0.0, '
 "165.0, 0, 0.15); border-radius: 3px;' "
 "title='1.0'>_||>release<||_html:</span>_||><||_html:<span "
 "style='background-color: rgba(0.0, 165.0, 0, 0.15); border-radius: 3px;' "
 "title='1.0'>_||>_<||_html:</span>_||><||_html:<span style='background-color: "
 "rgba(0.0, 165.0, 0, 0.15); border-radius: 3px;' "
 "title='1.0'>_||>note<||_html:</span>_||><||_html:<span "
 "style='background-color: rgba(0.0, 165.0, 0, 0.15); border-radius: 3px;' "
 'title=\'1.0\'>_||>":<||_html:</span>_||><||_html:<span '
 "style='background-color: rgba(0.0, 165.0, 0, 0.15); border-radius: 3px;' "
 'title=\'1.0\'>_||> "<||_html:</span>_||><||_html:<span '
 "style='background-color: rgba(0.0, 165.0, 0, 0.15); border-radius: 3px;' "
 "title='1.0'>_||>The<||_html:</span>_||><||_html:<span "
 "style='background-color: rgba(0.0, 165.0, 0, 0.15); border-radius: 3px;' "
 "title='1.0'>_||> '<||_html:</span>_||><||_html:<span "
 "style='background-color: rgba(0.0, 165.0, 0, 0.15); border-radius: 3px;' "
 "title='1.0'>_||>Product<||_html:</span>_||><||_html:<span "
 "style='background-color: rgba(0.0, 165.0, 0, 0.15); border-radius: 3px;' "
 "title='1.0'>_||>'<||_html:</span>_||><||_html:<span style='background-color: "
 "rgba(0.0, 165.0, 0, 0.15); border-radius: 3px;' title='1.0'>_||> "
 "type<||_html:</span>_||><||_html:<span style='background-color: rgba(0.0, "
 "165.0, 0, 0.15); border-radius: 3px;' title='1.0'>_||> "
 "no<||_html:</span>_||><||_html:<span style='background-color: rgba(0.0, "
 "165.0, 0, 0.15); border-radius: 3px;' title='1.0'>_||> "
 "longer<||_html:</span>_||><||_html:<span style='background-color: rgba(0.0, "
 "165.0, 0, 0.15); border-radius: 3px;' title='1.0'>_||> "
 "includes<||_html:</span>_||><||_html:<span style='background-color: "
 "rgba(0.0, 165.0, 0, 0.15); border-radius: 3px;' title='1.0'>_||> "
 "the<||_html:</span>_||><||_html:<span style='background-color: rgba(0.0, "
 "165.0, 0, 0.15); border-radius: 3px;' title='1.0'>_||> "
 "'<||_html:</span>_||><||_html:<span style='background-color: rgba(0.0, "
 "165.0, 0, 0.15); border-radius: 3px;' "
 "title='1.0'>_||>stock<||_html:</span>_||><||_html:<span "
 "style='background-color: rgba(0.0, 165.0, 0, 0.15); border-radius: 3px;' "
 "title='1.0'>_||>'<||_html:</span>_||><||_html:<span style='background-color: "
 "rgba(0.0, 165.0, 0, 0.15); border-radius: 3px;' title='1.0'>_||> "
 "field<||_html:</span>_||><||_html:<span style='background-color: rgba(0.0, "
 "165.0, 0, 0.15); border-radius: 3px;' "
 'title=\'1.0\'>_||>."<||_html:</span>_||><||_html:<span '
 "style='background-color: rgba(0.0, 165.0, 0, 0.15); border-radius: 3px;' "
 "title='1.0'>_||>\n"
 "<||_html:</span>_||><||_html:<span style='background-color: rgba(0.0, 165.0, "
 "0, 0.15); border-radius: 3px;' title='1.0'>_||>   "
 "<||_html:</span>_||><||_html:<span style='background-color: rgba(0.0, 165.0, "
 "0, 0.15); border-radius: 3px;' title='1.0'>_||> "
 "}<||_html:</span>_||><||_html:<span style='background-color: rgba(0.0, "
 "165.0, 0, 0.15); border-radius: 3px;' title='1.0'>_||>\n"
 "<||_html:</span>_||><||_html:<span style='background-color: rgba(0.0, 165.0, "
 "0, 0.15); border-radius: 3px;' title='1.0'>_||> "
 "<||_html:</span>_||><||_html:<span style='background-color: rgba(0.0, 165.0, "
 "0, 0.15); border-radius: 3px;' title='1.0'>_||>")
('Analyze the following two GraphQL schemas for changes, including both '
 'breaking and non-breaking changes.\n'
 '\n'
 '                        Provide your analysis in the following JSON format:\n'
 '                        {\n'
 '                          "changes": [\n'
 '                            {\n'
 '                              "type": "String representing the GraphQL type '
 '(e.g., Query, Mutation, Subscription)",\n'
 '                              "field": "String representing the specific '
 'field that changed",\n'
 '                              "change": "String describing the change (e.g., '
 'field renamed, new field added, field removed)",\n'
 '                              "breaking": "Boolean indicating if the change '
 'is breaking (true) or non-breaking (false)",\n'
 '                              "release_note": "String with a natural '
 'language description of the change for release notes"\n'
 '                            }\n'
 '                          ],\n'
 '                          "release_notes": {\n'
 '                              "summary": "String summarizing all changes, '
 'suitable for a mailing list or public announcement"\n'
 '                          }\n'
 '                        }\n'
 '\n'
 '                        When analyzing, consider the following types of '
 'changes:\n'
 '                        1. Removing fields or types (breaking)\n'
 '                        2. Changing field types (potentially breaking)\n'
 '                        3. Adding required fields (breaking)\n'
 '                        4. Changing the type of existing arguments '
 '(breaking)\n'
 '                        5. Adding optional fields (non-breaking)\n'
 '                        6. Adding new types (non-breaking)\n'
 '                        7. Deprecating fields (non-breaking)\n'
 '\n'
 '                        Ensure that each change is categorized correctly as '
 'breaking or non-breaking.: type Query {\n'
 '  getProduct(id: ID!): Product\n'
 '}\n'
 '\n'
 'type Product {\n'
 '  id: ID\n'
 '  name: String\n'
 '  description: String\n'
 '  price: Float\n'
 '  stock: Int\n'
 '}\n'
 ', type Query {\n'
 '  getProduct(id: ID!): Product\n'
 '}\n'
 '\n'
 'type Product {\n'
 '  id: ID\n'
 '  name: String\n'
 '  details: String\n'
 '  price: Float\n'
 '}\n'
 '\n'
 "Answer:<||_html:<span style='background-color: rgba(0.0, 165.0, 0, 0.15); "
 "border-radius: 3px;' title='1.0'>_||> {<||_html:</span>_||><||_html:<span "
 "style='background-color: rgba(0.0, 165.0, 0, 0.15); border-radius: 3px;' "
 "title='1.0'>_||>\n"
 "<||_html:</span>_||><||_html:<span style='background-color: rgba(0.0, 165.0, "
 "0, 0.15); border-radius: 3px;' title='1.0'>_||> "
 "<||_html:</span>_||><||_html:<span style='background-color: rgba(0.0, 165.0, "
 "0, 0.15); border-radius: 3px;' title='1.0'>_||> "
 '"<||_html:</span>_||><||_html:<span style=\'background-color: rgba(0.0, '
 "165.0, 0, 0.15); border-radius: 3px;' "
 "title='1.0'>_||>changes<||_html:</span>_||><||_html:<span "
 "style='background-color: rgba(0.0, 165.0, 0, 0.15); border-radius: 3px;' "
 'title=\'1.0\'>_||>":<||_html:</span>_||><||_html:<span '
 "style='background-color: rgba(0.0, 165.0, 0, 0.15); border-radius: 3px;' "
 "title='1.0'>_||> [<||_html:</span>_||><||_html:<span "
 "style='background-color: rgba(0.0, 165.0, 0, 0.15); border-radius: 3px;' "
 "title='1.0'>_||>\n"
 "<||_html:</span>_||><||_html:<span style='background-color: rgba(0.0, 165.0, "
 "0, 0.15); border-radius: 3px;' title='1.0'>_||>   "
 "<||_html:</span>_||><||_html:<span style='background-color: rgba(0.0, 165.0, "
 "0, 0.15); border-radius: 3px;' title='1.0'>_||> "
 "{<||_html:</span>_||><||_html:<span style='background-color: rgba(0.0, "
 "165.0, 0, 0.15); border-radius: 3px;' title='1.0'>_||>\n"
 "<||_html:</span>_||><||_html:<span style='background-color: rgba(0.0, 165.0, "
 "0, 0.15); border-radius: 3px;' title='1.0'>_||>     "
 "<||_html:</span>_||><||_html:<span style='background-color: rgba(0.0, 165.0, "
 "0, 0.15); border-radius: 3px;' title='1.0'>_||> "
 '"<||_html:</span>_||><||_html:<span style=\'background-color: rgba(0.0, '
 "165.0, 0, 0.15); border-radius: 3px;' "
 "title='1.0'>_||>type<||_html:</span>_||><||_html:<span "
 "style='background-color: rgba(0.0, 165.0, 0, 0.15); border-radius: 3px;' "
 'title=\'1.0\'>_||>":<||_html:</span>_||><||_html:<span '
 "style='background-color: rgba(0.0, 165.0, 0, 0.15); border-radius: 3px;' "
 'title=\'1.0\'>_||> "<||_html:</span>_||><||_html:<span '
 "style='background-color: rgba(0.0, 165.0, 0, 0.15); border-radius: 3px;' "
 "title='1.0'>_||>Query<||_html:</span>_||><||_html:<span "
 "style='background-color: rgba(0.0, 165.0, 0, 0.15); border-radius: 3px;' "
 'title=\'1.0\'>_||>",<||_html:</span>_||><||_html:<span '
 "style='background-color: rgba(0.0, 165.0, 0, 0.15); border-radius: 3px;' "
 "title='1.0'>_||>\n"
 "<||_html:</span>_||><||_html:<span style='background-color: rgba(0.0, 165.0, "
 "0, 0.15); border-radius: 3px;' title='1.0'>_||>     "
 "<||_html:</span>_||><||_html:<span style='background-color: rgba(0.0, 165.0, "
 "0, 0.15); border-radius: 3px;' title='1.0'>_||> "
 '"<||_html:</span>_||><||_html:<span style=\'background-color: rgba(0.0, '
 "165.0, 0, 0.15); border-radius: 3px;' "
 "title='1.0'>_||>field<||_html:</span>_||><||_html:<span "
 "style='background-color: rgba(0.0, 165.0, 0, 0.15); border-radius: 3px;' "
 'title=\'1.0\'>_||>":<||_html:</span>_||><||_html:<span '
 "style='background-color: rgba(0.0, 165.0, 0, 0.15); border-radius: 3px;' "
 'title=\'1.0\'>_||> "<||_html:</span>_||><||_html:<span '
 "style='background-color: rgba(0.0, 165.0, 0, 0.15); border-radius: 3px;' "
 "title='1.0'>_||>get<||_html:</span>_||><||_html:<span "
 "style='background-color: rgba(0.0, 165.0, 0, 0.15); border-radius: 3px;' "
 "title='1.0'>_||>Product<||_html:</span>_||><||_html:<span "
 "style='background-color: rgba(0.0, 165.0, 0, 0.15); border-radius: 3px;' "
 'title=\'1.0\'>_||>",<||_html:</span>_||><||_html:<span '
 "style='background-color: rgba(0.0, 165.0, 0, 0.15); border-radius: 3px;' "
 "title='1.0'>_||>\n"
 "<||_html:</span>_||><||_html:<span style='background-color: rgba(0.0, 165.0, "
 "0, 0.15); border-radius: 3px;' title='1.0'>_||>     "
 "<||_html:</span>_||><||_html:<span style='background-color: rgba(0.0, 165.0, "
 "0, 0.15); border-radius: 3px;' title='1.0'>_||> "
 '"<||_html:</span>_||><||_html:<span style=\'background-color: rgba(0.0, '
 "165.0, 0, 0.15); border-radius: 3px;' "
 "title='1.0'>_||>change<||_html:</span>_||><||_html:<span "
 "style='background-color: rgba(0.0, 165.0, 0, 0.15); border-radius: 3px;' "
 'title=\'1.0\'>_||>":<||_html:</span>_||><||_html:<span '
 "style='background-color: rgba(0.0, 165.0, 0, 0.15); border-radius: 3px;' "
 'title=\'1.0\'>_||> "<||_html:</span>_||><||_html:<span '
 "style='background-color: rgba(0.0, 165.0, 0, 0.15); border-radius: 3px;' "
 "title='1.0'>_||>field<||_html:</span>_||><||_html:<span "
 "style='background-color: rgba(0.0, 165.0, 0, 0.15); border-radius: 3px;' "
 "title='1.0'>_||> details<||_html:</span>_||><||_html:<span "
 "style='background-color: rgba(0.0, 165.0, 0, 0.15); border-radius: 3px;' "
 "title='1.0'>_||> added<||_html:</span>_||><||_html:<span "
 "style='background-color: rgba(0.0, 165.0, 0, 0.15); border-radius: 3px;' "
 'title=\'1.0\'>_||>",<||_html:</span>_||><||_html:<span '
 "style='background-color: rgba(0.0, 165.0, 0, 0.15); border-radius: 3px;' "
 "title='1.0'>_||>\n"
 "<||_html:</span>_||><||_html:<span style='background-color: rgba(0.0, 165.0, "
 "0, 0.15); border-radius: 3px;' title='1.0'>_||>     "
 "<||_html:</span>_||><||_html:<span style='background-color: rgba(0.0, 165.0, "
 "0, 0.15); border-radius: 3px;' title='1.0'>_||> "
 '"<||_html:</span>_||><||_html:<span style=\'background-color: rgba(0.0, '
 "165.0, 0, 0.15); border-radius: 3px;' "
 "title='1.0'>_||>breaking<||_html:</span>_||><||_html:<span "
 "style='background-color: rgba(0.0, 165.0, 0, 0.15); border-radius: 3px;' "
 'title=\'1.0\'>_||>":<||_html:</span>_||><||_html:<span '
 "style='background-color: rgba(0.0, 165.0, 0, 0.15); border-radius: 3px;' "
 'title=\'1.0\'>_||> "<||_html:</span>_||><||_html:<span '
 "style='background-color: rgba(0.0, 165.0, 0, 0.15); border-radius: 3px;' "
 "title='1.0'>_||>false<||_html:</span>_||><||_html:<span "
 "style='background-color: rgba(0.0, 165.0, 0, 0.15); border-radius: 3px;' "
 'title=\'1.0\'>_||>",<||_html:</span>_||><||_html:<span '
 "style='background-color: rgba(0.0, 165.0, 0, 0.15); border-radius: 3px;' "
 "title='1.0'>_||>\n"
 "<||_html:</span>_||><||_html:<span style='background-color: rgba(0.0, 165.0, "
 "0, 0.15); border-radius: 3px;' title='1.0'>_||>     "
 "<||_html:</span>_||><||_html:<span style='background-color: rgba(0.0, 165.0, "
 "0, 0.15); border-radius: 3px;' title='1.0'>_||> "
 '"<||_html:</span>_||><||_html:<span style=\'background-color: rgba(0.0, '
 "165.0, 0, 0.15); border-radius: 3px;' "
 "title='1.0'>_||>release<||_html:</span>_||><||_html:<span "
 "style='background-color: rgba(0.0, 165.0, 0, 0.15); border-radius: 3px;' "
 "title='1.0'>_||>_<||_html:</span>_||><||_html:<span style='background-color: "
 "rgba(0.0, 165.0, 0, 0.15); border-radius: 3px;' "
 "title='1.0'>_||>note<||_html:</span>_||><||_html:<span "
 "style='background-color: rgba(0.0, 165.0, 0, 0.15); border-radius: 3px;' "
 'title=\'1.0\'>_||>":<||_html:</span>_||><||_html:<span '
 "style='background-color: rgba(0.0, 165.0, 0, 0.15); border-radius: 3px;' "
 'title=\'1.0\'>_||> "<||_html:</span>_||><||_html:<span '
 "style='background-color: rgba(0.0, 165.0, 0, 0.15); border-radius: 3px;' "
 "title='1.0'>_||>The<||_html:</span>_||><||_html:<span "
 "style='background-color: rgba(0.0, 165.0, 0, 0.15); border-radius: 3px;' "
 "title='1.0'>_||> '<||_html:</span>_||><||_html:<span "
 "style='background-color: rgba(0.0, 165.0, 0, 0.15); border-radius: 3px;' "
 "title='1.0'>_||>get<||_html:</span>_||><||_html:<span "
 "style='background-color: rgba(0.0, 165.0, 0, 0.15); border-radius: 3px;' "
 "title='1.0'>_||>Product<||_html:</span>_||><||_html:<span "
 "style='background-color: rgba(0.0, 165.0, 0, 0.15); border-radius: 3px;' "
 "title='1.0'>_||>'<||_html:</span>_||><||_html:<span style='background-color: "
 "rgba(0.0, 165.0, 0, 0.15); border-radius: 3px;' title='1.0'>_||> "
 "query<||_html:</span>_||><||_html:<span style='background-color: rgba(0.0, "
 "165.0, 0, 0.15); border-radius: 3px;' title='1.0'>_||> "
 "now<||_html:</span>_||><||_html:<span style='background-color: rgba(0.0, "
 "165.0, 0, 0.15); border-radius: 3px;' title='1.0'>_||> "
 "includes<||_html:</span>_||><||_html:<span style='background-color: "
 "rgba(0.0, 165.0, 0, 0.15); border-radius: 3px;' title='1.0'>_||> "
 "a<||_html:</span>_||><||_html:<span style='background-color: rgba(0.0, "
 "165.0, 0, 0.15); border-radius: 3px;' title='1.0'>_||> "
 "new<||_html:</span>_||><||_html:<span style='background-color: rgba(0.0, "
 "165.0, 0, 0.15); border-radius: 3px;' title='1.0'>_||> "
 "field<||_html:</span>_||><||_html:<span style='background-color: rgba(0.0, "
 "165.0, 0, 0.15); border-radius: 3px;' title='1.0'>_||> "
 "'<||_html:</span>_||><||_html:<span style='background-color: rgba(0.0, "
 "165.0, 0, 0.15); border-radius: 3px;' "
 "title='1.0'>_||>details<||_html:</span>_||><||_html:<span "
 "style='background-color: rgba(0.0, 165.0, 0, 0.15); border-radius: 3px;' "
 "title='1.0'>_||>'<||_html:</span>_||><||_html:<span style='background-color: "
 "rgba(0.0, 165.0, 0, 0.15); border-radius: 3px;' title='1.0'>_||> "
 "of<||_html:</span>_||><||_html:<span style='background-color: rgba(0.0, "
 "165.0, 0, 0.15); border-radius: 3px;' title='1.0'>_||> "
 "type<||_html:</span>_||><||_html:<span style='background-color: rgba(0.0, "
 "165.0, 0, 0.15); border-radius: 3px;' title='1.0'>_||> "
 "String<||_html:</span>_||><||_html:<span style='background-color: rgba(0.0, "
 "165.0, 0, 0.15); border-radius: 3px;' "
 'title=\'1.0\'>_||>."<||_html:</span>_||><||_html:<span '
 "style='background-color: rgba(0.0, 165.0, 0, 0.15); border-radius: 3px;' "
 "title='1.0'>_||>\n"
 "<||_html:</span>_||><||_html:<span style='background-color: rgba(0.0, 165.0, "
 "0, 0.15); border-radius: 3px;' title='1.0'>_||>   "
 "<||_html:</span>_||><||_html:<span style='background-color: rgba(0.0, 165.0, "
 "0, 0.15); border-radius: 3px;' title='1.0'>_||> "
 "},<||_html:</span>_||><||_html:<span style='background-color: rgba(0.0, "
 "165.0, 0, 0.15); border-radius: 3px;' title='1.0'>_||>\n"
 "<||_html:</span>_||><||_html:<span style='background-color: rgba(0.0, 165.0, "
 "0, 0.15); border-radius: 3px;' title='1.0'>_||>   "
 "<||_html:</span>_||><||_html:<span style='background-color: rgba(0.0, 165.0, "
 "0, 0.15); border-radius: 3px;' title='1.0'>_||> "
 "{<||_html:</span>_||><||_html:<span style='background-color: rgba(0.0, "
 "165.0, 0, 0.15); border-radius: 3px;' title='1.0'>_||>\n"
 "<||_html:</span>_||><||_html:<span style='background-color: rgba(0.0, 165.0, "
 "0, 0.15); border-radius: 3px;' title='1.0'>_||>     "
 "<||_html:</span>_||><||_html:<span style='background-color: rgba(0.0, 165.0, "
 "0, 0.15); border-radius: 3px;' title='1.0'>_||> "
 '"<||_html:</span>_||><||_html:<span style=\'background-color: rgba(0.0, '
 "165.0, 0, 0.15); border-radius: 3px;' "
 "title='1.0'>_||>type<||_html:</span>_||><||_html:<span "
 "style='background-color: rgba(0.0, 165.0, 0, 0.15); border-radius: 3px;' "
 'title=\'1.0\'>_||>":<||_html:</span>_||><||_html:<span '
 "style='background-color: rgba(0.0, 165.0, 0, 0.15); border-radius: 3px;' "
 'title=\'1.0\'>_||> "<||_html:</span>_||><||_html:<span '
 "style='background-color: rgba(0.0, 165.0, 0, 0.15); border-radius: 3px;' "
 "title='1.0'>_||>Product<||_html:</span>_||><||_html:<span "
 "style='background-color: rgba(0.0, 165.0, 0, 0.15); border-radius: 3px;' "
 'title=\'1.0\'>_||>",<||_html:</span>_||><||_html:<span '
 "style='background-color: rgba(0.0, 165.0, 0, 0.15); border-radius: 3px;' "
 "title='1.0'>_||>\n"
 "<||_html:</span>_||><||_html:<span style='background-color: rgba(0.0, 165.0, "
 "0, 0.15); border-radius: 3px;' title='1.0'>_||>     "
 "<||_html:</span>_||><||_html:<span style='background-color: rgba(0.0, 165.0, "
 "0, 0.15); border-radius: 3px;' title='1.0'>_||> "
 '"<||_html:</span>_||><||_html:<span style=\'background-color: rgba(0.0, '
 "165.0, 0, 0.15); border-radius: 3px;' "
 "title='1.0'>_||>field<||_html:</span>_||><||_html:<span "
 "style='background-color: rgba(0.0, 165.0, 0, 0.15); border-radius: 3px;' "
 'title=\'1.0\'>_||>":<||_html:</span>_||><||_html:<span '
 "style='background-color: rgba(0.0, 165.0, 0, 0.15); border-radius: 3px;' "
 'title=\'1.0\'>_||> "<||_html:</span>_||><||_html:<span '
 "style='background-color: rgba(0.0, 165.0, 0, 0.15); border-radius: 3px;' "
 "title='1.0'>_||>description<||_html:</span>_||><||_html:<span "
 "style='background-color: rgba(0.0, 165.0, 0, 0.15); border-radius: 3px;' "
 'title=\'1.0\'>_||>",<||_html:</span>_||><||_html:<span '
 "style='background-color: rgba(0.0, 165.0, 0, 0.15); border-radius: 3px;' "
 "title='1.0'>_||>\n"
 "<||_html:</span>_||><||_html:<span style='background-color: rgba(0.0, 165.0, "
 "0, 0.15); border-radius: 3px;' title='1.0'>_||>     "
 "<||_html:</span>_||><||_html:<span style='background-color: rgba(0.0, 165.0, "
 "0, 0.15); border-radius: 3px;' title='1.0'>_||> "
 '"<||_html:</span>_||><||_html:<span style=\'background-color: rgba(0.0, '
 "165.0, 0, 0.15); border-radius: 3px;' "
 "title='1.0'>_||>change<||_html:</span>_||><||_html:<span "
 "style='background-color: rgba(0.0, 165.0, 0, 0.15); border-radius: 3px;' "
 'title=\'1.0\'>_||>":<||_html:</span>_||><||_html:<span '
 "style='background-color: rgba(0.0, 165.0, 0, 0.15); border-radius: 3px;' "
 'title=\'1.0\'>_||> "<||_html:</span>_||><||_html:<span '
 "style='background-color: rgba(0.0, 165.0, 0, 0.15); border-radius: 3px;' "
 "title='1.0'>_||>field<||_html:</span>_||><||_html:<span "
 "style='background-color: rgba(0.0, 165.0, 0, 0.15); border-radius: 3px;' "
 "title='1.0'>_||> removed<||_html:</span>_||><||_html:<span "
 "style='background-color: rgba(0.0, 165.0, 0, 0.15); border-radius: 3px;' "
 'title=\'1.0\'>_||>",<||_html:</span>_||><||_html:<span '
 "style='background-color: rgba(0.0, 165.0, 0, 0.15); border-radius: 3px;' "
 "title='1.0'>_||>\n"
 "<||_html:</span>_||><||_html:<span style='background-color: rgba(0.0, 165.0, "
 "0, 0.15); border-radius: 3px;' title='1.0'>_||>     "
 "<||_html:</span>_||><||_html:<span style='background-color: rgba(0.0, 165.0, "
 "0, 0.15); border-radius: 3px;' title='1.0'>_||> "
 '"<||_html:</span>_||><||_html:<span style=\'background-color: rgba(0.0, '
 "165.0, 0, 0.15); border-radius: 3px;' "
 "title='1.0'>_||>breaking<||_html:</span>_||><||_html:<span "
 "style='background-color: rgba(0.0, 165.0, 0, 0.15); border-radius: 3px;' "
 'title=\'1.0\'>_||>":<||_html:</span>_||><||_html:<span '
 "style='background-color: rgba(0.0, 165.0, 0, 0.15); border-radius: 3px;' "
 'title=\'1.0\'>_||> "<||_html:</span>_||><||_html:<span '
 "style='background-color: rgba(0.0, 165.0, 0, 0.15); border-radius: 3px;' "
 "title='1.0'>_||>true<||_html:</span>_||><||_html:<span "
 "style='background-color: rgba(0.0, 165.0, 0, 0.15); border-radius: 3px;' "
 'title=\'1.0\'>_||>",<||_html:</span>_||><||_html:<span '
 "style='background-color: rgba(0.0, 165.0, 0, 0.15); border-radius: 3px;' "
 "title='1.0'>_||>\n"
 "<||_html:</span>_||><||_html:<span style='background-color: rgba(0.0, 165.0, "
 "0, 0.15); border-radius: 3px;' title='1.0'>_||>     "
 "<||_html:</span>_||><||_html:<span style='background-color: rgba(0.0, 165.0, "
 "0, 0.15); border-radius: 3px;' title='1.0'>_||> "
 '"<||_html:</span>_||><||_html:<span style=\'background-color: rgba(0.0, '
 "165.0, 0, 0.15); border-radius: 3px;' "
 "title='1.0'>_||>release<||_html:</span>_||><||_html:<span "
 "style='background-color: rgba(0.0, 165.0, 0, 0.15); border-radius: 3px;' "
 "title='1.0'>_||>_<||_html:</span>_||><||_html:<span style='background-color: "
 "rgba(0.0, 165.0, 0, 0.15); border-radius: 3px;' "
 "title='1.0'>_||>note<||_html:</span>_||><||_html:<span "
 "style='background-color: rgba(0.0, 165.0, 0, 0.15); border-radius: 3px;' "
 'title=\'1.0\'>_||>":<||_html:</span>_||><||_html:<span '
 "style='background-color: rgba(0.0, 165.0, 0, 0.15); border-radius: 3px;' "
 'title=\'1.0\'>_||> "<||_html:</span>_||><||_html:<span '
 "style='background-color: rgba(0.0, 165.0, 0, 0.15); border-radius: 3px;' "
 "title='1.0'>_||>The<||_html:</span>_||><||_html:<span "
 "style='background-color: rgba(0.0, 165.0, 0, 0.15); border-radius: 3px;' "
 "title='1.0'>_||> '<||_html:</span>_||><||_html:<span "
 "style='background-color: rgba(0.0, 165.0, 0, 0.15); border-radius: 3px;' "
 "title='1.0'>_||>Product<||_html:</span>_||><||_html:<span "
 "style='background-color: rgba(0.0, 165.0, 0, 0.15); border-radius: 3px;' "
 "title='1.0'>_||>'<||_html:</span>_||><||_html:<span style='background-color: "
 "rgba(0.0, 165.0, 0, 0.15); border-radius: 3px;' title='1.0'>_||> "
 "type<||_html:</span>_||><||_html:<span style='background-color: rgba(0.0, "
 "165.0, 0, 0.15); border-radius: 3px;' title='1.0'>_||> "
 "no<||_html:</span>_||><||_html:<span style='background-color: rgba(0.0, "
 "165.0, 0, 0.15); border-radius: 3px;' title='1.0'>_||> "
 "longer<||_html:</span>_||><||_html:<span style='background-color: rgba(0.0, "
 "165.0, 0, 0.15); border-radius: 3px;' title='1.0'>_||> "
 "includes<||_html:</span>_||><||_html:<span style='background-color: "
 "rgba(0.0, 165.0, 0, 0.15); border-radius: 3px;' title='1.0'>_||> "
 "the<||_html:</span>_||><||_html:<span style='background-color: rgba(0.0, "
 "165.0, 0, 0.15); border-radius: 3px;' title='1.0'>_||> "
 "'<||_html:</span>_||><||_html:<span style='background-color: rgba(0.0, "
 "165.0, 0, 0.15); border-radius: 3px;' "
 "title='1.0'>_||>description<||_html:</span>_||><||_html:<span "
 "style='background-color: rgba(0.0, 165.0, 0, 0.15); border-radius: 3px;' "
 "title='1.0'>_||>'<||_html:</span>_||><||_html:<span style='background-color: "
 "rgba(0.0, 165.0, 0, 0.15); border-radius: 3px;' title='1.0'>_||> "
 "field<||_html:</span>_||><||_html:<span style='background-color: rgba(0.0, "
 "165.0, 0, 0.15); border-radius: 3px;' "
 'title=\'1.0\'>_||>."<||_html:</span>_||><||_html:<span '
 "style='background-color: rgba(0.0, 165.0, 0, 0.15); border-radius: 3px;' "
 "title='1.0'>_||>\n"
 "<||_html:</span>_||><||_html:<span style='background-color: rgba(0.0, 165.0, "
 "0, 0.15); border-radius: 3px;' title='1.0'>_||>   "
 "<||_html:</span>_||><||_html:<span style='background-color: rgba(0.0, 165.0, "
 "0, 0.15); border-radius: 3px;' title='1.0'>_||> "
 "},<||_html:</span>_||><||_html:<span style='background-color: rgba(0.0, "
 "165.0, 0, 0.15); border-radius: 3px;' title='1.0'>_||>\n"
 "<||_html:</span>_||><||_html:<span style='background-color: rgba(0.0, 165.0, "
 "0, 0.15); border-radius: 3px;' title='1.0'>_||>   "
 "<||_html:</span>_||><||_html:<span style='background-color: rgba(0.0, 165.0, "
 "0, 0.15); border-radius: 3px;' title='1.0'>_||> "
 "{<||_html:</span>_||><||_html:<span style='background-color: rgba(0.0, "
 "165.0, 0, 0.15); border-radius: 3px;' title='1.0'>_||>\n"
 "<||_html:</span>_||><||_html:<span style='background-color: rgba(0.0, 165.0, "
 "0, 0.15); border-radius: 3px;' title='1.0'>_||>     "
 "<||_html:</span>_||><||_html:<span style='background-color: rgba(0.0, 165.0, "
 "0, 0.15); border-radius: 3px;' title='1.0'>_||> "
 '"<||_html:</span>_||><||_html:<span style=\'background-color: rgba(0.0, '
 "165.0, 0, 0.15); border-radius: 3px;' "
 "title='1.0'>_||>type<||_html:</span>_||><||_html:<span "
 "style='background-color: rgba(0.0, 165.0, 0, 0.15); border-radius: 3px;' "
 'title=\'1.0\'>_||>":<||_html:</span>_||><||_html:<span '
 "style='background-color: rgba(0.0, 165.0, 0, 0.15); border-radius: 3px;' "
 'title=\'1.0\'>_||> "<||_html:</span>_||><||_html:<span '
 "style='background-color: rgba(0.0, 165.0, 0, 0.15); border-radius: 3px;' "
 "title='1.0'>_||>Product<||_html:</span>_||><||_html:<span "
 "style='background-color: rgba(0.0, 165.0, 0, 0.15); border-radius: 3px;' "
 'title=\'1.0\'>_||>",<||_html:</span>_||><||_html:<span '
 "style='background-color: rgba(0.0, 165.0, 0, 0.15); border-radius: 3px;' "
 "title='1.0'>_||>\n"
 "<||_html:</span>_||><||_html:<span style='background-color: rgba(0.0, 165.0, "
 "0, 0.15); border-radius: 3px;' title='1.0'>_||>     "
 "<||_html:</span>_||><||_html:<span style='background-color: rgba(0.0, 165.0, "
 "0, 0.15); border-radius: 3px;' title='1.0'>_||> "
 '"<||_html:</span>_||><||_html:<span style=\'background-color: rgba(0.0, '
 "165.0, 0, 0.15); border-radius: 3px;' "
 "title='1.0'>_||>field<||_html:</span>_||><||_html:<span "
 "style='background-color: rgba(0.0, 165.0, 0, 0.15); border-radius: 3px;' "
 'title=\'1.0\'>_||>":<||_html:</span>_||><||_html:<span '
 "style='background-color: rgba(0.0, 165.0, 0, 0.15); border-radius: 3px;' "
 'title=\'1.0\'>_||> "<||_html:</span>_||><||_html:<span '
 "style='background-color: rgba(0.0, 165.0, 0, 0.15); border-radius: 3px;' "
 "title='1.0'>_||>stock<||_html:</span>_||><||_html:<span "
 "style='background-color: rgba(0.0, 165.0, 0, 0.15); border-radius: 3px;' "
 'title=\'1.0\'>_||>",<||_html:</span>_||><||_html:<span '
 "style='background-color: rgba(0.0, 165.0, 0, 0.15); border-radius: 3px;' "
 "title='1.0'>_||>\n"
 "<||_html:</span>_||><||_html:<span style='background-color: rgba(0.0, 165.0, "
 "0, 0.15); border-radius: 3px;' title='1.0'>_||>     "
 "<||_html:</span>_||><||_html:<span style='background-color: rgba(0.0, 165.0, "
 "0, 0.15); border-radius: 3px;' title='1.0'>_||> "
 '"<||_html:</span>_||><||_html:<span style=\'background-color: rgba(0.0, '
 "165.0, 0, 0.15); border-radius: 3px;' "
 "title='1.0'>_||>change<||_html:</span>_||><||_html:<span "
 "style='background-color: rgba(0.0, 165.0, 0, 0.15); border-radius: 3px;' "
 'title=\'1.0\'>_||>":<||_html:</span>_||><||_html:<span '
 "style='background-color: rgba(0.0, 165.0, 0, 0.15); border-radius: 3px;' "
 'title=\'1.0\'>_||> "<||_html:</span>_||><||_html:<span '
 "style='background-color: rgba(0.0, 165.0, 0, 0.15); border-radius: 3px;' "
 "title='1.0'>_||>field<||_html:</span>_||><||_html:<span "
 "style='background-color: rgba(0.0, 165.0, 0, 0.15); border-radius: 3px;' "
 "title='1.0'>_||> removed<||_html:</span>_||><||_html:<span "
 "style='background-color: rgba(0.0, 165.0, 0, 0.15); border-radius: 3px;' "
 'title=\'1.0\'>_||>",<||_html:</span>_||><||_html:<span '
 "style='background-color: rgba(0.0, 165.0, 0, 0.15); border-radius: 3px;' "
 "title='1.0'>_||>\n"
 "<||_html:</span>_||><||_html:<span style='background-color: rgba(0.0, 165.0, "
 "0, 0.15); border-radius: 3px;' title='1.0'>_||>     "
 "<||_html:</span>_||><||_html:<span style='background-color: rgba(0.0, 165.0, "
 "0, 0.15); border-radius: 3px;' title='1.0'>_||> "
 '"<||_html:</span>_||><||_html:<span style=\'background-color: rgba(0.0, '
 "165.0, 0, 0.15); border-radius: 3px;' "
 "title='1.0'>_||>breaking<||_html:</span>_||><||_html:<span "
 "style='background-color: rgba(0.0, 165.0, 0, 0.15); border-radius: 3px;' "
 'title=\'1.0\'>_||>":<||_html:</span>_||><||_html:<span '
 "style='background-color: rgba(0.0, 165.0, 0, 0.15); border-radius: 3px;' "
 'title=\'1.0\'>_||> "<||_html:</span>_||><||_html:<span '
 "style='background-color: rgba(0.0, 165.0, 0, 0.15); border-radius: 3px;' "
 "title='1.0'>_||>true<||_html:</span>_||><||_html:<span "
 "style='background-color: rgba(0.0, 165.0, 0, 0.15); border-radius: 3px;' "
 'title=\'1.0\'>_||>",<||_html:</span>_||><||_html:<span '
 "style='background-color: rgba(0.0, 165.0, 0, 0.15); border-radius: 3px;' "
 "title='1.0'>_||>\n"
 "<||_html:</span>_||><||_html:<span style='background-color: rgba(0.0, 165.0, "
 "0, 0.15); border-radius: 3px;' title='1.0'>_||>     "
 "<||_html:</span>_||><||_html:<span style='background-color: rgba(0.0, 165.0, "
 "0, 0.15); border-radius: 3px;' title='1.0'>_||> "
 '"<||_html:</span>_||><||_html:<span style=\'background-color: rgba(0.0, '
 "165.0, 0, 0.15); border-radius: 3px;' "
 "title='1.0'>_||>release<||_html:</span>_||><||_html:<span "
 "style='background-color: rgba(0.0, 165.0, 0, 0.15); border-radius: 3px;' "
 "title='1.0'>_||>_<||_html:</span>_||><||_html:<span style='background-color: "
 "rgba(0.0, 165.0, 0, 0.15); border-radius: 3px;' "
 "title='1.0'>_||>note<||_html:</span>_||><||_html:<span "
 "style='background-color: rgba(0.0, 165.0, 0, 0.15); border-radius: 3px;' "
 'title=\'1.0\'>_||>":<||_html:</span>_||><||_html:<span '
 "style='background-color: rgba(0.0, 165.0, 0, 0.15); border-radius: 3px;' "
 'title=\'1.0\'>_||> "<||_html:</span>_||><||_html:<span '
 "style='background-color: rgba(0.0, 165.0, 0, 0.15); border-radius: 3px;' "
 "title='1.0'>_||>The<||_html:</span>_||><||_html:<span "
 "style='background-color: rgba(0.0, 165.0, 0, 0.15); border-radius: 3px;' "
 "title='1.0'>_||> '<||_html:</span>_||><||_html:<span "
 "style='background-color: rgba(0.0, 165.0, 0, 0.15); border-radius: 3px;' "
 "title='1.0'>_||>Product<||_html:</span>_||><||_html:<span "
 "style='background-color: rgba(0.0, 165.0, 0, 0.15); border-radius: 3px;' "
 "title='1.0'>_||>'<||_html:</span>_||><||_html:<span style='background-color: "
 "rgba(0.0, 165.0, 0, 0.15); border-radius: 3px;' title='1.0'>_||> "
 "type<||_html:</span>_||><||_html:<span style='background-color: rgba(0.0, "
 "165.0, 0, 0.15); border-radius: 3px;' title='1.0'>_||> "
 "no<||_html:</span>_||><||_html:<span style='background-color: rgba(0.0, "
 "165.0, 0, 0.15); border-radius: 3px;' title='1.0'>_||> "
 "longer<||_html:</span>_||><||_html:<span style='background-color: rgba(0.0, "
 "165.0, 0, 0.15); border-radius: 3px;' title='1.0'>_||> "
 "includes<||_html:</span>_||><||_html:<span style='background-color: "
 "rgba(0.0, 165.0, 0, 0.15); border-radius: 3px;' title='1.0'>_||> "
 "the<||_html:</span>_||><||_html:<span style='background-color: rgba(0.0, "
 "165.0, 0, 0.15); border-radius: 3px;' title='1.0'>_||> "
 "'<||_html:</span>_||><||_html:<span style='background-color: rgba(0.0, "
 "165.0, 0, 0.15); border-radius: 3px;' "
 "title='1.0'>_||>stock<||_html:</span>_||><||_html:<span "
 "style='background-color: rgba(0.0, 165.0, 0, 0.15); border-radius: 3px;' "
 "title='1.0'>_||>'<||_html:</span>_||><||_html:<span style='background-color: "
 "rgba(0.0, 165.0, 0, 0.15); border-radius: 3px;' title='1.0'>_||> "
 "field<||_html:</span>_||><||_html:<span style='background-color: rgba(0.0, "
 "165.0, 0, 0.15); border-radius: 3px;' "
 'title=\'1.0\'>_||>."<||_html:</span>_||><||_html:<span '
 "style='background-color: rgba(0.0, 165.0, 0, 0.15); border-radius: 3px;' "
 "title='1.0'>_||>\n"
 "<||_html:</span>_||><||_html:<span style='background-color: rgba(0.0, 165.0, "
 "0, 0.15); border-radius: 3px;' title='1.0'>_||>   "
 "<||_html:</span>_||><||_html:<span style='background-color: rgba(0.0, 165.0, "
 "0, 0.15); border-radius: 3px;' title='1.0'>_||> "
 "}<||_html:</span>_||><||_html:<span style='background-color: rgba(0.0, "
 "165.0, 0, 0.15); border-radius: 3px;' title='1.0'>_||>\n"
 "<||_html:</span>_||><||_html:<span style='background-color: rgba(0.0, 165.0, "
 "0, 0.15); border-radius: 3px;' title='1.0'>_||> "
 "<||_html:</span>_||><||_html:<span style='background-color: rgba(0.0, 165.0, "
 "0, 0.15); border-radius: 3px;' title='1.0'>_||> "
 "],<||_html:</span>_||><||_html:<span style='background-color: rgba(0.0, "
 "165.0, 0, 0.15); border-radius: 3px;' title='1.0'>_||>\n"
 "<||_html:</span>_||><||_html:<span style='background-color: rgba(0.0, 165.0, "
 "0, 0.15); border-radius: 3px;' title='1.0'>_||> "
 "<||_html:</span>_||><||_html:<span style='background-color: rgba(0.0, 165.0, "
 "0, 0.15); border-radius: 3px;' title='1.0'>_||>")
('Analyze the following two GraphQL schemas for changes, including both '
 'breaking and non-breaking changes.\n'
 '\n'
 '                        Provide your analysis in the following JSON format:\n'
 '                        {\n'
 '                          "changes": [\n'
 '                            {\n'
 '                              "type": "String representing the GraphQL type '
 '(e.g., Query, Mutation, Subscription)",\n'
 '                              "field": "String representing the specific '
 'field that changed",\n'
 '                              "change": "String describing the change (e.g., '
 'field renamed, new field added, field removed)",\n'
 '                              "breaking": "Boolean indicating if the change '
 'is breaking (true) or non-breaking (false)",\n'
 '                              "release_note": "String with a natural '
 'language description of the change for release notes"\n'
 '                            }\n'
 '                          ],\n'
 '                          "release_notes": {\n'
 '                              "summary": "String summarizing all changes, '
 'suitable for a mailing list or public announcement"\n'
 '                          }\n'
 '                        }\n'
 '\n'
 '                        When analyzing, consider the following types of '
 'changes:\n'
 '                        1. Removing fields or types (breaking)\n'
 '                        2. Changing field types (potentially breaking)\n'
 '                        3. Adding required fields (breaking)\n'
 '                        4. Changing the type of existing arguments '
 '(breaking)\n'
 '                        5. Adding optional fields (non-breaking)\n'
 '                        6. Adding new types (non-breaking)\n'
 '                        7. Deprecating fields (non-breaking)\n'
 '\n'
 '                        Ensure that each change is categorized correctly as '
 'breaking or non-breaking.: type Query {\n'
 '  getProduct(id: ID!): Product\n'
 '}\n'
 '\n'
 'type Product {\n'
 '  id: ID\n'
 '  name: String\n'
 '  description: String\n'
 '  price: Float\n'
 '  stock: Int\n'
 '}\n'
 ', type Query {\n'
 '  getProduct(id: ID!): Product\n'
 '}\n'
 '\n'
 'type Product {\n'
 '  id: ID\n'
 '  name: String\n'
 '  details: String\n'
 '  price: Float\n'
 '}\n'
 '\n'
 "Answer:<||_html:<span style='background-color: rgba(0.0, 165.0, 0, 0.15); "
 "border-radius: 3px;' title='1.0'>_||> {<||_html:</span>_||><||_html:<span "
 "style='background-color: rgba(0.0, 165.0, 0, 0.15); border-radius: 3px;' "
 "title='1.0'>_||>\n"
 "<||_html:</span>_||><||_html:<span style='background-color: rgba(0.0, 165.0, "
 "0, 0.15); border-radius: 3px;' title='1.0'>_||> "
 "<||_html:</span>_||><||_html:<span style='background-color: rgba(0.0, 165.0, "
 "0, 0.15); border-radius: 3px;' title='1.0'>_||> "
 '"<||_html:</span>_||><||_html:<span style=\'background-color: rgba(0.0, '
 "165.0, 0, 0.15); border-radius: 3px;' "
 "title='1.0'>_||>changes<||_html:</span>_||><||_html:<span "
 "style='background-color: rgba(0.0, 165.0, 0, 0.15); border-radius: 3px;' "
 'title=\'1.0\'>_||>":<||_html:</span>_||><||_html:<span '
 "style='background-color: rgba(0.0, 165.0, 0, 0.15); border-radius: 3px;' "
 "title='1.0'>_||> [<||_html:</span>_||><||_html:<span "
 "style='background-color: rgba(0.0, 165.0, 0, 0.15); border-radius: 3px;' "
 "title='1.0'>_||>\n"
 "<||_html:</span>_||><||_html:<span style='background-color: rgba(0.0, 165.0, "
 "0, 0.15); border-radius: 3px;' title='1.0'>_||>   "
 "<||_html:</span>_||><||_html:<span style='background-color: rgba(0.0, 165.0, "
 "0, 0.15); border-radius: 3px;' title='1.0'>_||> "
 "{<||_html:</span>_||><||_html:<span style='background-color: rgba(0.0, "
 "165.0, 0, 0.15); border-radius: 3px;' title='1.0'>_||>\n"
 "<||_html:</span>_||><||_html:<span style='background-color: rgba(0.0, 165.0, "
 "0, 0.15); border-radius: 3px;' title='1.0'>_||>     "
 "<||_html:</span>_||><||_html:<span style='background-color: rgba(0.0, 165.0, "
 "0, 0.15); border-radius: 3px;' title='1.0'>_||> "
 '"<||_html:</span>_||><||_html:<span style=\'background-color: rgba(0.0, '
 "165.0, 0, 0.15); border-radius: 3px;' "
 "title='1.0'>_||>type<||_html:</span>_||><||_html:<span "
 "style='background-color: rgba(0.0, 165.0, 0, 0.15); border-radius: 3px;' "
 'title=\'1.0\'>_||>":<||_html:</span>_||><||_html:<span '
 "style='background-color: rgba(0.0, 165.0, 0, 0.15); border-radius: 3px;' "
 'title=\'1.0\'>_||> "<||_html:</span>_||><||_html:<span '
 "style='background-color: rgba(0.0, 165.0, 0, 0.15); border-radius: 3px;' "
 "title='1.0'>_||>Query<||_html:</span>_||><||_html:<span "
 "style='background-color: rgba(0.0, 165.0, 0, 0.15); border-radius: 3px;' "
 'title=\'1.0\'>_||>",<||_html:</span>_||><||_html:<span '
 "style='background-color: rgba(0.0, 165.0, 0, 0.15); border-radius: 3px;' "
 "title='1.0'>_||>\n"
 "<||_html:</span>_||><||_html:<span style='background-color: rgba(0.0, 165.0, "
 "0, 0.15); border-radius: 3px;' title='1.0'>_||>     "
 "<||_html:</span>_||><||_html:<span style='background-color: rgba(0.0, 165.0, "
 "0, 0.15); border-radius: 3px;' title='1.0'>_||> "
 '"<||_html:</span>_||><||_html:<span style=\'background-color: rgba(0.0, '
 "165.0, 0, 0.15); border-radius: 3px;' "
 "title='1.0'>_||>field<||_html:</span>_||><||_html:<span "
 "style='background-color: rgba(0.0, 165.0, 0, 0.15); border-radius: 3px;' "
 'title=\'1.0\'>_||>":<||_html:</span>_||><||_html:<span '
 "style='background-color: rgba(0.0, 165.0, 0, 0.15); border-radius: 3px;' "
 'title=\'1.0\'>_||> "<||_html:</span>_||><||_html:<span '
 "style='background-color: rgba(0.0, 165.0, 0, 0.15); border-radius: 3px;' "
 "title='1.0'>_||>get<||_html:</span>_||><||_html:<span "
 "style='background-color: rgba(0.0, 165.0, 0, 0.15); border-radius: 3px;' "
 "title='1.0'>_||>Product<||_html:</span>_||><||_html:<span "
 "style='background-color: rgba(0.0, 165.0, 0, 0.15); border-radius: 3px;' "
 'title=\'1.0\'>_||>",<||_html:</span>_||><||_html:<span '
 "style='background-color: rgba(0.0, 165.0, 0, 0.15); border-radius: 3px;' "
 "title='1.0'>_||>\n"
 "<||_html:</span>_||><||_html:<span style='background-color: rgba(0.0, 165.0, "
 "0, 0.15); border-radius: 3px;' title='1.0'>_||>     "
 "<||_html:</span>_||><||_html:<span style='background-color: rgba(0.0, 165.0, "
 "0, 0.15); border-radius: 3px;' title='1.0'>_||> "
 '"<||_html:</span>_||><||_html:<span style=\'background-color: rgba(0.0, '
 "165.0, 0, 0.15); border-radius: 3px;' "
 "title='1.0'>_||>change<||_html:</span>_||><||_html:<span "
 "style='background-color: rgba(0.0, 165.0, 0, 0.15); border-radius: 3px;' "
 'title=\'1.0\'>_||>":<||_html:</span>_||><||_html:<span '
 "style='background-color: rgba(0.0, 165.0, 0, 0.15); border-radius: 3px;' "
 'title=\'1.0\'>_||> "<||_html:</span>_||><||_html:<span '
 "style='background-color: rgba(0.0, 165.0, 0, 0.15); border-radius: 3px;' "
 "title='1.0'>_||>field<||_html:</span>_||><||_html:<span "
 "style='background-color: rgba(0.0, 165.0, 0, 0.15); border-radius: 3px;' "
 "title='1.0'>_||> details<||_html:</span>_||><||_html:<span "
 "style='background-color: rgba(0.0, 165.0, 0, 0.15); border-radius: 3px;' "
 "title='1.0'>_||> added<||_html:</span>_||><||_html:<span "
 "style='background-color: rgba(0.0, 165.0, 0, 0.15); border-radius: 3px;' "
 'title=\'1.0\'>_||>",<||_html:</span>_||><||_html:<span '
 "style='background-color: rgba(0.0, 165.0, 0, 0.15); border-radius: 3px;' "
 "title='1.0'>_||>\n"
 "<||_html:</span>_||><||_html:<span style='background-color: rgba(0.0, 165.0, "
 "0, 0.15); border-radius: 3px;' title='1.0'>_||>     "
 "<||_html:</span>_||><||_html:<span style='background-color: rgba(0.0, 165.0, "
 "0, 0.15); border-radius: 3px;' title='1.0'>_||> "
 '"<||_html:</span>_||><||_html:<span style=\'background-color: rgba(0.0, '
 "165.0, 0, 0.15); border-radius: 3px;' "
 "title='1.0'>_||>breaking<||_html:</span>_||><||_html:<span "
 "style='background-color: rgba(0.0, 165.0, 0, 0.15); border-radius: 3px;' "
 'title=\'1.0\'>_||>":<||_html:</span>_||><||_html:<span '
 "style='background-color: rgba(0.0, 165.0, 0, 0.15); border-radius: 3px;' "
 'title=\'1.0\'>_||> "<||_html:</span>_||><||_html:<span '
 "style='background-color: rgba(0.0, 165.0, 0, 0.15); border-radius: 3px;' "
 "title='1.0'>_||>false<||_html:</span>_||><||_html:<span "
 "style='background-color: rgba(0.0, 165.0, 0, 0.15); border-radius: 3px;' "
 'title=\'1.0\'>_||>",<||_html:</span>_||><||_html:<span '
 "style='background-color: rgba(0.0, 165.0, 0, 0.15); border-radius: 3px;' "
 "title='1.0'>_||>\n"
 "<||_html:</span>_||><||_html:<span style='background-color: rgba(0.0, 165.0, "
 "0, 0.15); border-radius: 3px;' title='1.0'>_||>     "
 "<||_html:</span>_||><||_html:<span style='background-color: rgba(0.0, 165.0, "
 "0, 0.15); border-radius: 3px;' title='1.0'>_||> "
 '"<||_html:</span>_||><||_html:<span style=\'background-color: rgba(0.0, '
 "165.0, 0, 0.15); border-radius: 3px;' "
 "title='1.0'>_||>release<||_html:</span>_||><||_html:<span "
 "style='background-color: rgba(0.0, 165.0, 0, 0.15); border-radius: 3px;' "
 "title='1.0'>_||>_<||_html:</span>_||><||_html:<span style='background-color: "
 "rgba(0.0, 165.0, 0, 0.15); border-radius: 3px;' "
 "title='1.0'>_||>note<||_html:</span>_||><||_html:<span "
 "style='background-color: rgba(0.0, 165.0, 0, 0.15); border-radius: 3px;' "
 'title=\'1.0\'>_||>":<||_html:</span>_||><||_html:<span '
 "style='background-color: rgba(0.0, 165.0, 0, 0.15); border-radius: 3px;' "
 'title=\'1.0\'>_||> "<||_html:</span>_||><||_html:<span '
 "style='background-color: rgba(0.0, 165.0, 0, 0.15); border-radius: 3px;' "
 "title='1.0'>_||>The<||_html:</span>_||><||_html:<span "
 "style='background-color: rgba(0.0, 165.0, 0, 0.15); border-radius: 3px;' "
 "title='1.0'>_||> '<||_html:</span>_||><||_html:<span "
 "style='background-color: rgba(0.0, 165.0, 0, 0.15); border-radius: 3px;' "
 "title='1.0'>_||>get<||_html:</span>_||><||_html:<span "
 "style='background-color: rgba(0.0, 165.0, 0, 0.15); border-radius: 3px;' "
 "title='1.0'>_||>Product<||_html:</span>_||><||_html:<span "
 "style='background-color: rgba(0.0, 165.0, 0, 0.15); border-radius: 3px;' "
 "title='1.0'>_||>'<||_html:</span>_||><||_html:<span style='background-color: "
 "rgba(0.0, 165.0, 0, 0.15); border-radius: 3px;' title='1.0'>_||> "
 "query<||_html:</span>_||><||_html:<span style='background-color: rgba(0.0, "
 "165.0, 0, 0.15); border-radius: 3px;' title='1.0'>_||> "
 "now<||_html:</span>_||><||_html:<span style='background-color: rgba(0.0, "
 "165.0, 0, 0.15); border-radius: 3px;' title='1.0'>_||> "
 "includes<||_html:</span>_||><||_html:<span style='background-color: "
 "rgba(0.0, 165.0, 0, 0.15); border-radius: 3px;' title='1.0'>_||> "
 "a<||_html:</span>_||><||_html:<span style='background-color: rgba(0.0, "
 "165.0, 0, 0.15); border-radius: 3px;' title='1.0'>_||> "
 "new<||_html:</span>_||><||_html:<span style='background-color: rgba(0.0, "
 "165.0, 0, 0.15); border-radius: 3px;' title='1.0'>_||> "
 "field<||_html:</span>_||><||_html:<span style='background-color: rgba(0.0, "
 "165.0, 0, 0.15); border-radius: 3px;' title='1.0'>_||> "
 "'<||_html:</span>_||><||_html:<span style='background-color: rgba(0.0, "
 "165.0, 0, 0.15); border-radius: 3px;' "
 "title='1.0'>_||>details<||_html:</span>_||><||_html:<span "
 "style='background-color: rgba(0.0, 165.0, 0, 0.15); border-radius: 3px;' "
 "title='1.0'>_||>'<||_html:</span>_||><||_html:<span style='background-color: "
 "rgba(0.0, 165.0, 0, 0.15); border-radius: 3px;' title='1.0'>_||> "
 "of<||_html:</span>_||><||_html:<span style='background-color: rgba(0.0, "
 "165.0, 0, 0.15); border-radius: 3px;' title='1.0'>_||> "
 "type<||_html:</span>_||><||_html:<span style='background-color: rgba(0.0, "
 "165.0, 0, 0.15); border-radius: 3px;' title='1.0'>_||> "
 "String<||_html:</span>_||><||_html:<span style='background-color: rgba(0.0, "
 "165.0, 0, 0.15); border-radius: 3px;' "
 'title=\'1.0\'>_||>."<||_html:</span>_||><||_html:<span '
 "style='background-color: rgba(0.0, 165.0, 0, 0.15); border-radius: 3px;' "
 "title='1.0'>_||>\n"
 "<||_html:</span>_||><||_html:<span style='background-color: rgba(0.0, 165.0, "
 "0, 0.15); border-radius: 3px;' title='1.0'>_||>   "
 "<||_html:</span>_||><||_html:<span style='background-color: rgba(0.0, 165.0, "
 "0, 0.15); border-radius: 3px;' title='1.0'>_||> "
 "},<||_html:</span>_||><||_html:<span style='background-color: rgba(0.0, "
 "165.0, 0, 0.15); border-radius: 3px;' title='1.0'>_||>\n"
 "<||_html:</span>_||><||_html:<span style='background-color: rgba(0.0, 165.0, "
 "0, 0.15); border-radius: 3px;' title='1.0'>_||>   "
 "<||_html:</span>_||><||_html:<span style='background-color: rgba(0.0, 165.0, "
 "0, 0.15); border-radius: 3px;' title='1.0'>_||> "
 "{<||_html:</span>_||><||_html:<span style='background-color: rgba(0.0, "
 "165.0, 0, 0.15); border-radius: 3px;' title='1.0'>_||>\n"
 "<||_html:</span>_||><||_html:<span style='background-color: rgba(0.0, 165.0, "
 "0, 0.15); border-radius: 3px;' title='1.0'>_||>     "
 "<||_html:</span>_||><||_html:<span style='background-color: rgba(0.0, 165.0, "
 "0, 0.15); border-radius: 3px;' title='1.0'>_||> "
 '"<||_html:</span>_||><||_html:<span style=\'background-color: rgba(0.0, '
 "165.0, 0, 0.15); border-radius: 3px;' "
 "title='1.0'>_||>type<||_html:</span>_||><||_html:<span "
 "style='background-color: rgba(0.0, 165.0, 0, 0.15); border-radius: 3px;' "
 'title=\'1.0\'>_||>":<||_html:</span>_||><||_html:<span '
 "style='background-color: rgba(0.0, 165.0, 0, 0.15); border-radius: 3px;' "
 'title=\'1.0\'>_||> "<||_html:</span>_||><||_html:<span '
 "style='background-color: rgba(0.0, 165.0, 0, 0.15); border-radius: 3px;' "
 "title='1.0'>_||>Product<||_html:</span>_||><||_html:<span "
 "style='background-color: rgba(0.0, 165.0, 0, 0.15); border-radius: 3px;' "
 'title=\'1.0\'>_||>",<||_html:</span>_||><||_html:<span '
 "style='background-color: rgba(0.0, 165.0, 0, 0.15); border-radius: 3px;' "
 "title='1.0'>_||>\n"
 "<||_html:</span>_||><||_html:<span style='background-color: rgba(0.0, 165.0, "
 "0, 0.15); border-radius: 3px;' title='1.0'>_||>     "
 "<||_html:</span>_||><||_html:<span style='background-color: rgba(0.0, 165.0, "
 "0, 0.15); border-radius: 3px;' title='1.0'>_||> "
 '"<||_html:</span>_||><||_html:<span style=\'background-color: rgba(0.0, '
 "165.0, 0, 0.15); border-radius: 3px;' "
 "title='1.0'>_||>field<||_html:</span>_||><||_html:<span "
 "style='background-color: rgba(0.0, 165.0, 0, 0.15); border-radius: 3px;' "
 'title=\'1.0\'>_||>":<||_html:</span>_||><||_html:<span '
 "style='background-color: rgba(0.0, 165.0, 0, 0.15); border-radius: 3px;' "
 'title=\'1.0\'>_||> "<||_html:</span>_||><||_html:<span '
 "style='background-color: rgba(0.0, 165.0, 0, 0.15); border-radius: 3px;' "
 "title='1.0'>_||>description<||_html:</span>_||><||_html:<span "
 "style='background-color: rgba(0.0, 165.0, 0, 0.15); border-radius: 3px;' "
 'title=\'1.0\'>_||>",<||_html:</span>_||><||_html:<span '
 "style='background-color: rgba(0.0, 165.0, 0, 0.15); border-radius: 3px;' "
 "title='1.0'>_||>\n"
 "<||_html:</span>_||><||_html:<span style='background-color: rgba(0.0, 165.0, "
 "0, 0.15); border-radius: 3px;' title='1.0'>_||>     "
 "<||_html:</span>_||><||_html:<span style='background-color: rgba(0.0, 165.0, "
 "0, 0.15); border-radius: 3px;' title='1.0'>_||> "
 '"<||_html:</span>_||><||_html:<span style=\'background-color: rgba(0.0, '
 "165.0, 0, 0.15); border-radius: 3px;' "
 "title='1.0'>_||>change<||_html:</span>_||><||_html:<span "
 "style='background-color: rgba(0.0, 165.0, 0, 0.15); border-radius: 3px;' "
 'title=\'1.0\'>_||>":<||_html:</span>_||><||_html:<span '
 "style='background-color: rgba(0.0, 165.0, 0, 0.15); border-radius: 3px;' "
 'title=\'1.0\'>_||> "<||_html:</span>_||><||_html:<span '
 "style='background-color: rgba(0.0, 165.0, 0, 0.15); border-radius: 3px;' "
 "title='1.0'>_||>field<||_html:</span>_||><||_html:<span "
 "style='background-color: rgba(0.0, 165.0, 0, 0.15); border-radius: 3px;' "
 "title='1.0'>_||> removed<||_html:</span>_||><||_html:<span "
 "style='background-color: rgba(0.0, 165.0, 0, 0.15); border-radius: 3px;' "
 'title=\'1.0\'>_||>",<||_html:</span>_||><||_html:<span '
 "style='background-color: rgba(0.0, 165.0, 0, 0.15); border-radius: 3px;' "
 "title='1.0'>_||>\n"
 "<||_html:</span>_||><||_html:<span style='background-color: rgba(0.0, 165.0, "
 "0, 0.15); border-radius: 3px;' title='1.0'>_||>     "
 "<||_html:</span>_||><||_html:<span style='background-color: rgba(0.0, 165.0, "
 "0, 0.15); border-radius: 3px;' title='1.0'>_||> "
 '"<||_html:</span>_||><||_html:<span style=\'background-color: rgba(0.0, '
 "165.0, 0, 0.15); border-radius: 3px;' "
 "title='1.0'>_||>breaking<||_html:</span>_||><||_html:<span "
 "style='background-color: rgba(0.0, 165.0, 0, 0.15); border-radius: 3px;' "
 'title=\'1.0\'>_||>":<||_html:</span>_||><||_html:<span '
 "style='background-color: rgba(0.0, 165.0, 0, 0.15); border-radius: 3px;' "
 'title=\'1.0\'>_||> "<||_html:</span>_||><||_html:<span '
 "style='background-color: rgba(0.0, 165.0, 0, 0.15); border-radius: 3px;' "
 "title='1.0'>_||>true<||_html:</span>_||><||_html:<span "
 "style='background-color: rgba(0.0, 165.0, 0, 0.15); border-radius: 3px;' "
 'title=\'1.0\'>_||>",<||_html:</span>_||><||_html:<span '
 "style='background-color: rgba(0.0, 165.0, 0, 0.15); border-radius: 3px;' "
 "title='1.0'>_||>\n"
 "<||_html:</span>_||><||_html:<span style='background-color: rgba(0.0, 165.0, "
 "0, 0.15); border-radius: 3px;' title='1.0'>_||>     "
 "<||_html:</span>_||><||_html:<span style='background-color: rgba(0.0, 165.0, "
 "0, 0.15); border-radius: 3px;' title='1.0'>_||> "
 '"<||_html:</span>_||><||_html:<span style=\'background-color: rgba(0.0, '
 "165.0, 0, 0.15); border-radius: 3px;' "
 "title='1.0'>_||>release<||_html:</span>_||><||_html:<span "
 "style='background-color: rgba(0.0, 165.0, 0, 0.15); border-radius: 3px;' "
 "title='1.0'>_||>_<||_html:</span>_||><||_html:<span style='background-color: "
 "rgba(0.0, 165.0, 0, 0.15); border-radius: 3px;' "
 "title='1.0'>_||>note<||_html:</span>_||><||_html:<span "
 "style='background-color: rgba(0.0, 165.0, 0, 0.15); border-radius: 3px;' "
 'title=\'1.0\'>_||>":<||_html:</span>_||><||_html:<span '
 "style='background-color: rgba(0.0, 165.0, 0, 0.15); border-radius: 3px;' "
 'title=\'1.0\'>_||> "<||_html:</span>_||><||_html:<span '
 "style='background-color: rgba(0.0, 165.0, 0, 0.15); border-radius: 3px;' "
 "title='1.0'>_||>The<||_html:</span>_||><||_html:<span "
 "style='background-color: rgba(0.0, 165.0, 0, 0.15); border-radius: 3px;' "
 "title='1.0'>_||> '<||_html:</span>_||><||_html:<span "
 "style='background-color: rgba(0.0, 165.0, 0, 0.15); border-radius: 3px;' "
 "title='1.0'>_||>Product<||_html:</span>_||><||_html:<span "
 "style='background-color: rgba(0.0, 165.0, 0, 0.15); border-radius: 3px;' "
 "title='1.0'>_||>'<||_html:</span>_||><||_html:<span style='background-color: "
 "rgba(0.0, 165.0, 0, 0.15); border-radius: 3px;' title='1.0'>_||> "
 "type<||_html:</span>_||><||_html:<span style='background-color: rgba(0.0, "
 "165.0, 0, 0.15); border-radius: 3px;' title='1.0'>_||> "
 "no<||_html:</span>_||><||_html:<span style='background-color: rgba(0.0, "
 "165.0, 0, 0.15); border-radius: 3px;' title='1.0'>_||> "
 "longer<||_html:</span>_||><||_html:<span style='background-color: rgba(0.0, "
 "165.0, 0, 0.15); border-radius: 3px;' title='1.0'>_||> "
 "includes<||_html:</span>_||><||_html:<span style='background-color: "
 "rgba(0.0, 165.0, 0, 0.15); border-radius: 3px;' title='1.0'>_||> "
 "the<||_html:</span>_||><||_html:<span style='background-color: rgba(0.0, "
 "165.0, 0, 0.15); border-radius: 3px;' title='1.0'>_||> "
 "'<||_html:</span>_||><||_html:<span style='background-color: rgba(0.0, "
 "165.0, 0, 0.15); border-radius: 3px;' "
 "title='1.0'>_||>description<||_html:</span>_||><||_html:<span "
 "style='background-color: rgba(0.0, 165.0, 0, 0.15); border-radius: 3px;' "
 "title='1.0'>_||>'<||_html:</span>_||><||_html:<span style='background-color: "
 "rgba(0.0, 165.0, 0, 0.15); border-radius: 3px;' title='1.0'>_||> "
 "field<||_html:</span>_||><||_html:<span style='background-color: rgba(0.0, "
 "165.0, 0, 0.15); border-radius: 3px;' "
 'title=\'1.0\'>_||>."<||_html:</span>_||><||_html:<span '
 "style='background-color: rgba(0.0, 165.0, 0, 0.15); border-radius: 3px;' "
 "title='1.0'>_||>\n"
 "<||_html:</span>_||><||_html:<span style='background-color: rgba(0.0, 165.0, "
 "0, 0.15); border-radius: 3px;' title='1.0'>_||>   "
 "<||_html:</span>_||><||_html:<span style='background-color: rgba(0.0, 165.0, "
 "0, 0.15); border-radius: 3px;' title='1.0'>_||> "
 "},<||_html:</span>_||><||_html:<span style='background-color: rgba(0.0, "
 "165.0, 0, 0.15); border-radius: 3px;' title='1.0'>_||>\n"
 "<||_html:</span>_||><||_html:<span style='background-color: rgba(0.0, 165.0, "
 "0, 0.15); border-radius: 3px;' title='1.0'>_||>   "
 "<||_html:</span>_||><||_html:<span style='background-color: rgba(0.0, 165.0, "
 "0, 0.15); border-radius: 3px;' title='1.0'>_||> "
 "{<||_html:</span>_||><||_html:<span style='background-color: rgba(0.0, "
 "165.0, 0, 0.15); border-radius: 3px;' title='1.0'>_||>\n"
 "<||_html:</span>_||><||_html:<span style='background-color: rgba(0.0, 165.0, "
 "0, 0.15); border-radius: 3px;' title='1.0'>_||>     "
 "<||_html:</span>_||><||_html:<span style='background-color: rgba(0.0, 165.0, "
 "0, 0.15); border-radius: 3px;' title='1.0'>_||> "
 '"<||_html:</span>_||><||_html:<span style=\'background-color: rgba(0.0, '
 "165.0, 0, 0.15); border-radius: 3px;' "
 "title='1.0'>_||>type<||_html:</span>_||><||_html:<span "
 "style='background-color: rgba(0.0, 165.0, 0, 0.15); border-radius: 3px;' "
 'title=\'1.0\'>_||>":<||_html:</span>_||><||_html:<span '
 "style='background-color: rgba(0.0, 165.0, 0, 0.15); border-radius: 3px;' "
 'title=\'1.0\'>_||> "<||_html:</span>_||><||_html:<span '
 "style='background-color: rgba(0.0, 165.0, 0, 0.15); border-radius: 3px;' "
 "title='1.0'>_||>Product<||_html:</span>_||><||_html:<span "
 "style='background-color: rgba(0.0, 165.0, 0, 0.15); border-radius: 3px;' "
 'title=\'1.0\'>_||>",<||_html:</span>_||><||_html:<span '
 "style='background-color: rgba(0.0, 165.0, 0, 0.15); border-radius: 3px;' "
 "title='1.0'>_||>\n"
 "<||_html:</span>_||><||_html:<span style='background-color: rgba(0.0, 165.0, "
 "0, 0.15); border-radius: 3px;' title='1.0'>_||>     "
 "<||_html:</span>_||><||_html:<span style='background-color: rgba(0.0, 165.0, "
 "0, 0.15); border-radius: 3px;' title='1.0'>_||> "
 '"<||_html:</span>_||><||_html:<span style=\'background-color: rgba(0.0, '
 "165.0, 0, 0.15); border-radius: 3px;' "
 "title='1.0'>_||>field<||_html:</span>_||><||_html:<span "
 "style='background-color: rgba(0.0, 165.0, 0, 0.15); border-radius: 3px;' "
 'title=\'1.0\'>_||>":<||_html:</span>_||><||_html:<span '
 "style='background-color: rgba(0.0, 165.0, 0, 0.15); border-radius: 3px;' "
 'title=\'1.0\'>_||> "<||_html:</span>_||><||_html:<span '
 "style='background-color: rgba(0.0, 165.0, 0, 0.15); border-radius: 3px;' "
 "title='1.0'>_||>stock<||_html:</span>_||><||_html:<span "
 "style='background-color: rgba(0.0, 165.0, 0, 0.15); border-radius: 3px;' "
 'title=\'1.0\'>_||>",<||_html:</span>_||><||_html:<span '
 "style='background-color: rgba(0.0, 165.0, 0, 0.15); border-radius: 3px;' "
 "title='1.0'>_||>\n"
 "<||_html:</span>_||><||_html:<span style='background-color: rgba(0.0, 165.0, "
 "0, 0.15); border-radius: 3px;' title='1.0'>_||>     "
 "<||_html:</span>_||><||_html:<span style='background-color: rgba(0.0, 165.0, "
 "0, 0.15); border-radius: 3px;' title='1.0'>_||> "
 '"<||_html:</span>_||><||_html:<span style=\'background-color: rgba(0.0, '
 "165.0, 0, 0.15); border-radius: 3px;' "
 "title='1.0'>_||>change<||_html:</span>_||><||_html:<span "
 "style='background-color: rgba(0.0, 165.0, 0, 0.15); border-radius: 3px;' "
 'title=\'1.0\'>_||>":<||_html:</span>_||><||_html:<span '
 "style='background-color: rgba(0.0, 165.0, 0, 0.15); border-radius: 3px;' "
 'title=\'1.0\'>_||> "<||_html:</span>_||><||_html:<span '
 "style='background-color: rgba(0.0, 165.0, 0, 0.15); border-radius: 3px;' "
 "title='1.0'>_||>field<||_html:</span>_||><||_html:<span "
 "style='background-color: rgba(0.0, 165.0, 0, 0.15); border-radius: 3px;' "
 "title='1.0'>_||> removed<||_html:</span>_||><||_html:<span "
 "style='background-color: rgba(0.0, 165.0, 0, 0.15); border-radius: 3px;' "
 'title=\'1.0\'>_||>",<||_html:</span>_||><||_html:<span '
 "style='background-color: rgba(0.0, 165.0, 0, 0.15); border-radius: 3px;' "
 "title='1.0'>_||>\n"
 "<||_html:</span>_||><||_html:<span style='background-color: rgba(0.0, 165.0, "
 "0, 0.15); border-radius: 3px;' title='1.0'>_||>     "
 "<||_html:</span>_||><||_html:<span style='background-color: rgba(0.0, 165.0, "
 "0, 0.15); border-radius: 3px;' title='1.0'>_||> "
 '"<||_html:</span>_||><||_html:<span style=\'background-color: rgba(0.0, '
 "165.0, 0, 0.15); border-radius: 3px;' "
 "title='1.0'>_||>breaking<||_html:</span>_||><||_html:<span "
 "style='background-color: rgba(0.0, 165.0, 0, 0.15); border-radius: 3px;' "
 'title=\'1.0\'>_||>":<||_html:</span>_||><||_html:<span '
 "style='background-color: rgba(0.0, 165.0, 0, 0.15); border-radius: 3px;' "
 'title=\'1.0\'>_||> "<||_html:</span>_||><||_html:<span '
 "style='background-color: rgba(0.0, 165.0, 0, 0.15); border-radius: 3px;' "
 "title='1.0'>_||>true<||_html:</span>_||><||_html:<span "
 "style='background-color: rgba(0.0, 165.0, 0, 0.15); border-radius: 3px;' "
 'title=\'1.0\'>_||>",<||_html:</span>_||><||_html:<span '
 "style='background-color: rgba(0.0, 165.0, 0, 0.15); border-radius: 3px;' "
 "title='1.0'>_||>\n"
 "<||_html:</span>_||><||_html:<span style='background-color: rgba(0.0, 165.0, "
 "0, 0.15); border-radius: 3px;' title='1.0'>_||>     "
 "<||_html:</span>_||><||_html:<span style='background-color: rgba(0.0, 165.0, "
 "0, 0.15); border-radius: 3px;' title='1.0'>_||> "
 '"<||_html:</span>_||><||_html:<span style=\'background-color: rgba(0.0, '
 "165.0, 0, 0.15); border-radius: 3px;' "
 "title='1.0'>_||>release<||_html:</span>_||><||_html:<span "
 "style='background-color: rgba(0.0, 165.0, 0, 0.15); border-radius: 3px;' "
 "title='1.0'>_||>_<||_html:</span>_||><||_html:<span style='background-color: "
 "rgba(0.0, 165.0, 0, 0.15); border-radius: 3px;' "
 "title='1.0'>_||>note<||_html:</span>_||><||_html:<span "
 "style='background-color: rgba(0.0, 165.0, 0, 0.15); border-radius: 3px;' "
 'title=\'1.0\'>_||>":<||_html:</span>_||><||_html:<span '
 "style='background-color: rgba(0.0, 165.0, 0, 0.15); border-radius: 3px;' "
 'title=\'1.0\'>_||> "<||_html:</span>_||><||_html:<span '
 "style='background-color: rgba(0.0, 165.0, 0, 0.15); border-radius: 3px;' "
 "title='1.0'>_||>The<||_html:</span>_||><||_html:<span "
 "style='background-color: rgba(0.0, 165.0, 0, 0.15); border-radius: 3px;' "
 "title='1.0'>_||> '<||_html:</span>_||><||_html:<span "
 "style='background-color: rgba(0.0, 165.0, 0, 0.15); border-radius: 3px;' "
 "title='1.0'>_||>Product<||_html:</span>_||><||_html:<span "
 "style='background-color: rgba(0.0, 165.0, 0, 0.15); border-radius: 3px;' "
 "title='1.0'>_||>'<||_html:</span>_||><||_html:<span style='background-color: "
 "rgba(0.0, 165.0, 0, 0.15); border-radius: 3px;' title='1.0'>_||> "
 "type<||_html:</span>_||><||_html:<span style='background-color: rgba(0.0, "
 "165.0, 0, 0.15); border-radius: 3px;' title='1.0'>_||> "
 "no<||_html:</span>_||><||_html:<span style='background-color: rgba(0.0, "
 "165.0, 0, 0.15); border-radius: 3px;' title='1.0'>_||> "
 "longer<||_html:</span>_||><||_html:<span style='background-color: rgba(0.0, "
 "165.0, 0, 0.15); border-radius: 3px;' title='1.0'>_||> "
 "includes<||_html:</span>_||><||_html:<span style='background-color: "
 "rgba(0.0, 165.0, 0, 0.15); border-radius: 3px;' title='1.0'>_||> "
 "the<||_html:</span>_||><||_html:<span style='background-color: rgba(0.0, "
 "165.0, 0, 0.15); border-radius: 3px;' title='1.0'>_||> "
 "'<||_html:</span>_||><||_html:<span style='background-color: rgba(0.0, "
 "165.0, 0, 0.15); border-radius: 3px;' "
 "title='1.0'>_||>stock<||_html:</span>_||><||_html:<span "
 "style='background-color: rgba(0.0, 165.0, 0, 0.15); border-radius: 3px;' "
 "title='1.0'>_||>'<||_html:</span>_||><||_html:<span style='background-color: "
 "rgba(0.0, 165.0, 0, 0.15); border-radius: 3px;' title='1.0'>_||> "
 "field<||_html:</span>_||><||_html:<span style='background-color: rgba(0.0, "
 "165.0, 0, 0.15); border-radius: 3px;' "
 'title=\'1.0\'>_||>."<||_html:</span>_||><||_html:<span '
 "style='background-color: rgba(0.0, 165.0, 0, 0.15); border-radius: 3px;' "
 "title='1.0'>_||>\n"
 "<||_html:</span>_||><||_html:<span style='background-color: rgba(0.0, 165.0, "
 "0, 0.15); border-radius: 3px;' title='1.0'>_||>   "
 "<||_html:</span>_||><||_html:<span style='background-color: rgba(0.0, 165.0, "
 "0, 0.15); border-radius: 3px;' title='1.0'>_||> "
 "}<||_html:</span>_||><||_html:<span style='background-color: rgba(0.0, "
 "165.0, 0, 0.15); border-radius: 3px;' title='1.0'>_||>\n"
 "<||_html:</span>_||><||_html:<span style='background-color: rgba(0.0, 165.0, "
 "0, 0.15); border-radius: 3px;' title='1.0'>_||> "
 "<||_html:</span>_||><||_html:<span style='background-color: rgba(0.0, 165.0, "
 "0, 0.15); border-radius: 3px;' title='1.0'>_||> "
 "],<||_html:</span>_||><||_html:<span style='background-color: rgba(0.0, "
 "165.0, 0, 0.15); border-radius: 3px;' title='1.0'>_||>\n"
 "<||_html:</span>_||><||_html:<span style='background-color: rgba(0.0, 165.0, "
 "0, 0.15); border-radius: 3px;' title='1.0'>_||> "
 "<||_html:</span>_||><||_html:<span style='background-color: rgba(0.0, 165.0, "
 "0, 0.15); border-radius: 3px;' title='1.0'>_||> "
 '"<||_html:</span>_||><||_html:<span style=\'background-color: rgba(0.0, '
 "165.0, 0, 0.15); border-radius: 3px;' "
 "title='1.0'>_||>release<||_html:</span>_||><||_html:<span "
 "style='background-color: rgba(0.0, 165.0, 0, 0.15); border-radius: 3px;' "
 "title='1.0'>_||>_<||_html:</span>_||><||_html:<span style='background-color: "
 "rgba(0.0, 165.0, 0, 0.15); border-radius: 3px;' title='1.0'>_||>")
('Analyze the following two GraphQL schemas for changes, including both '
 'breaking and non-breaking changes.\n'
 '\n'
 '                        Provide your analysis in the following JSON format:\n'
 '                        {\n'
 '                          "changes": [\n'
 '                            {\n'
 '                              "type": "String representing the GraphQL type '
 '(e.g., Query, Mutation, Subscription)",\n'
 '                              "field": "String representing the specific '
 'field that changed",\n'
 '                              "change": "String describing the change (e.g., '
 'field renamed, new field added, field removed)",\n'
 '                              "breaking": "Boolean indicating if the change '
 'is breaking (true) or non-breaking (false)",\n'
 '                              "release_note": "String with a natural '
 'language description of the change for release notes"\n'
 '                            }\n'
 '                          ],\n'
 '                          "release_notes": {\n'
 '                              "summary": "String summarizing all changes, '
 'suitable for a mailing list or public announcement"\n'
 '                          }\n'
 '                        }\n'
 '\n'
 '                        When analyzing, consider the following types of '
 'changes:\n'
 '                        1. Removing fields or types (breaking)\n'
 '                        2. Changing field types (potentially breaking)\n'
 '                        3. Adding required fields (breaking)\n'
 '                        4. Changing the type of existing arguments '
 '(breaking)\n'
 '                        5. Adding optional fields (non-breaking)\n'
 '                        6. Adding new types (non-breaking)\n'
 '                        7. Deprecating fields (non-breaking)\n'
 '\n'
 '                        Ensure that each change is categorized correctly as '
 'breaking or non-breaking.: type Query {\n'
 '  getProduct(id: ID!): Product\n'
 '}\n'
 '\n'
 'type Product {\n'
 '  id: ID\n'
 '  name: String\n'
 '  description: String\n'
 '  price: Float\n'
 '  stock: Int\n'
 '}\n'
 ', type Query {\n'
 '  getProduct(id: ID!): Product\n'
 '}\n'
 '\n'
 'type Product {\n'
 '  id: ID\n'
 '  name: String\n'
 '  details: String\n'
 '  price: Float\n'
 '}\n'
 '\n'
 "Answer:<||_html:<span style='background-color: rgba(0.0, 165.0, 0, 0.15); "
 "border-radius: 3px;' title='1.0'>_||> {<||_html:</span>_||><||_html:<span "
 "style='background-color: rgba(0.0, 165.0, 0, 0.15); border-radius: 3px;' "
 "title='1.0'>_||>\n"
 "<||_html:</span>_||><||_html:<span style='background-color: rgba(0.0, 165.0, "
 "0, 0.15); border-radius: 3px;' title='1.0'>_||> "
 "<||_html:</span>_||><||_html:<span style='background-color: rgba(0.0, 165.0, "
 "0, 0.15); border-radius: 3px;' title='1.0'>_||> "
 '"<||_html:</span>_||><||_html:<span style=\'background-color: rgba(0.0, '
 "165.0, 0, 0.15); border-radius: 3px;' "
 "title='1.0'>_||>changes<||_html:</span>_||><||_html:<span "
 "style='background-color: rgba(0.0, 165.0, 0, 0.15); border-radius: 3px;' "
 'title=\'1.0\'>_||>":<||_html:</span>_||><||_html:<span '
 "style='background-color: rgba(0.0, 165.0, 0, 0.15); border-radius: 3px;' "
 "title='1.0'>_||> [<||_html:</span>_||><||_html:<span "
 "style='background-color: rgba(0.0, 165.0, 0, 0.15); border-radius: 3px;' "
 "title='1.0'>_||>\n"
 "<||_html:</span>_||><||_html:<span style='background-color: rgba(0.0, 165.0, "
 "0, 0.15); border-radius: 3px;' title='1.0'>_||>   "
 "<||_html:</span>_||><||_html:<span style='background-color: rgba(0.0, 165.0, "
 "0, 0.15); border-radius: 3px;' title='1.0'>_||> "
 "{<||_html:</span>_||><||_html:<span style='background-color: rgba(0.0, "
 "165.0, 0, 0.15); border-radius: 3px;' title='1.0'>_||>\n"
 "<||_html:</span>_||><||_html:<span style='background-color: rgba(0.0, 165.0, "
 "0, 0.15); border-radius: 3px;' title='1.0'>_||>     "
 "<||_html:</span>_||><||_html:<span style='background-color: rgba(0.0, 165.0, "
 "0, 0.15); border-radius: 3px;' title='1.0'>_||> "
 '"<||_html:</span>_||><||_html:<span style=\'background-color: rgba(0.0, '
 "165.0, 0, 0.15); border-radius: 3px;' "
 "title='1.0'>_||>type<||_html:</span>_||><||_html:<span "
 "style='background-color: rgba(0.0, 165.0, 0, 0.15); border-radius: 3px;' "
 'title=\'1.0\'>_||>":<||_html:</span>_||><||_html:<span '
 "style='background-color: rgba(0.0, 165.0, 0, 0.15); border-radius: 3px;' "
 'title=\'1.0\'>_||> "<||_html:</span>_||><||_html:<span '
 "style='background-color: rgba(0.0, 165.0, 0, 0.15); border-radius: 3px;' "
 "title='1.0'>_||>Query<||_html:</span>_||><||_html:<span "
 "style='background-color: rgba(0.0, 165.0, 0, 0.15); border-radius: 3px;' "
 'title=\'1.0\'>_||>",<||_html:</span>_||><||_html:<span '
 "style='background-color: rgba(0.0, 165.0, 0, 0.15); border-radius: 3px;' "
 "title='1.0'>_||>\n"
 "<||_html:</span>_||><||_html:<span style='background-color: rgba(0.0, 165.0, "
 "0, 0.15); border-radius: 3px;' title='1.0'>_||>     "
 "<||_html:</span>_||><||_html:<span style='background-color: rgba(0.0, 165.0, "
 "0, 0.15); border-radius: 3px;' title='1.0'>_||> "
 '"<||_html:</span>_||><||_html:<span style=\'background-color: rgba(0.0, '
 "165.0, 0, 0.15); border-radius: 3px;' "
 "title='1.0'>_||>field<||_html:</span>_||><||_html:<span "
 "style='background-color: rgba(0.0, 165.0, 0, 0.15); border-radius: 3px;' "
 'title=\'1.0\'>_||>":<||_html:</span>_||><||_html:<span '
 "style='background-color: rgba(0.0, 165.0, 0, 0.15); border-radius: 3px;' "
 'title=\'1.0\'>_||> "<||_html:</span>_||><||_html:<span '
 "style='background-color: rgba(0.0, 165.0, 0, 0.15); border-radius: 3px;' "
 "title='1.0'>_||>get<||_html:</span>_||><||_html:<span "
 "style='background-color: rgba(0.0, 165.0, 0, 0.15); border-radius: 3px;' "
 "title='1.0'>_||>Product<||_html:</span>_||><||_html:<span "
 "style='background-color: rgba(0.0, 165.0, 0, 0.15); border-radius: 3px;' "
 'title=\'1.0\'>_||>",<||_html:</span>_||><||_html:<span '
 "style='background-color: rgba(0.0, 165.0, 0, 0.15); border-radius: 3px;' "
 "title='1.0'>_||>\n"
 "<||_html:</span>_||><||_html:<span style='background-color: rgba(0.0, 165.0, "
 "0, 0.15); border-radius: 3px;' title='1.0'>_||>     "
 "<||_html:</span>_||><||_html:<span style='background-color: rgba(0.0, 165.0, "
 "0, 0.15); border-radius: 3px;' title='1.0'>_||> "
 '"<||_html:</span>_||><||_html:<span style=\'background-color: rgba(0.0, '
 "165.0, 0, 0.15); border-radius: 3px;' "
 "title='1.0'>_||>change<||_html:</span>_||><||_html:<span "
 "style='background-color: rgba(0.0, 165.0, 0, 0.15); border-radius: 3px;' "
 'title=\'1.0\'>_||>":<||_html:</span>_||><||_html:<span '
 "style='background-color: rgba(0.0, 165.0, 0, 0.15); border-radius: 3px;' "
 'title=\'1.0\'>_||> "<||_html:</span>_||><||_html:<span '
 "style='background-color: rgba(0.0, 165.0, 0, 0.15); border-radius: 3px;' "
 "title='1.0'>_||>field<||_html:</span>_||><||_html:<span "
 "style='background-color: rgba(0.0, 165.0, 0, 0.15); border-radius: 3px;' "
 "title='1.0'>_||> details<||_html:</span>_||><||_html:<span "
 "style='background-color: rgba(0.0, 165.0, 0, 0.15); border-radius: 3px;' "
 "title='1.0'>_||> added<||_html:</span>_||><||_html:<span "
 "style='background-color: rgba(0.0, 165.0, 0, 0.15); border-radius: 3px;' "
 'title=\'1.0\'>_||>",<||_html:</span>_||><||_html:<span '
 "style='background-color: rgba(0.0, 165.0, 0, 0.15); border-radius: 3px;' "
 "title='1.0'>_||>\n"
 "<||_html:</span>_||><||_html:<span style='background-color: rgba(0.0, 165.0, "
 "0, 0.15); border-radius: 3px;' title='1.0'>_||>     "
 "<||_html:</span>_||><||_html:<span style='background-color: rgba(0.0, 165.0, "
 "0, 0.15); border-radius: 3px;' title='1.0'>_||> "
 '"<||_html:</span>_||><||_html:<span style=\'background-color: rgba(0.0, '
 "165.0, 0, 0.15); border-radius: 3px;' "
 "title='1.0'>_||>breaking<||_html:</span>_||><||_html:<span "
 "style='background-color: rgba(0.0, 165.0, 0, 0.15); border-radius: 3px;' "
 'title=\'1.0\'>_||>":<||_html:</span>_||><||_html:<span '
 "style='background-color: rgba(0.0, 165.0, 0, 0.15); border-radius: 3px;' "
 'title=\'1.0\'>_||> "<||_html:</span>_||><||_html:<span '
 "style='background-color: rgba(0.0, 165.0, 0, 0.15); border-radius: 3px;' "
 "title='1.0'>_||>false<||_html:</span>_||><||_html:<span "
 "style='background-color: rgba(0.0, 165.0, 0, 0.15); border-radius: 3px;' "
 'title=\'1.0\'>_||>",<||_html:</span>_||><||_html:<span '
 "style='background-color: rgba(0.0, 165.0, 0, 0.15); border-radius: 3px;' "
 "title='1.0'>_||>\n"
 "<||_html:</span>_||><||_html:<span style='background-color: rgba(0.0, 165.0, "
 "0, 0.15); border-radius: 3px;' title='1.0'>_||>     "
 "<||_html:</span>_||><||_html:<span style='background-color: rgba(0.0, 165.0, "
 "0, 0.15); border-radius: 3px;' title='1.0'>_||> "
 '"<||_html:</span>_||><||_html:<span style=\'background-color: rgba(0.0, '
 "165.0, 0, 0.15); border-radius: 3px;' "
 "title='1.0'>_||>release<||_html:</span>_||><||_html:<span "
 "style='background-color: rgba(0.0, 165.0, 0, 0.15); border-radius: 3px;' "
 "title='1.0'>_||>_<||_html:</span>_||><||_html:<span style='background-color: "
 "rgba(0.0, 165.0, 0, 0.15); border-radius: 3px;' "
 "title='1.0'>_||>note<||_html:</span>_||><||_html:<span "
 "style='background-color: rgba(0.0, 165.0, 0, 0.15); border-radius: 3px;' "
 'title=\'1.0\'>_||>":<||_html:</span>_||><||_html:<span '
 "style='background-color: rgba(0.0, 165.0, 0, 0.15); border-radius: 3px;' "
 'title=\'1.0\'>_||> "<||_html:</span>_||><||_html:<span '
 "style='background-color: rgba(0.0, 165.0, 0, 0.15); border-radius: 3px;' "
 "title='1.0'>_||>The<||_html:</span>_||><||_html:<span "
 "style='background-color: rgba(0.0, 165.0, 0, 0.15); border-radius: 3px;' "
 "title='1.0'>_||> '<||_html:</span>_||><||_html:<span "
 "style='background-color: rgba(0.0, 165.0, 0, 0.15); border-radius: 3px;' "
 "title='1.0'>_||>get<||_html:</span>_||><||_html:<span "
 "style='background-color: rgba(0.0, 165.0, 0, 0.15); border-radius: 3px;' "
 "title='1.0'>_||>Product<||_html:</span>_||><||_html:<span "
 "style='background-color: rgba(0.0, 165.0, 0, 0.15); border-radius: 3px;' "
 "title='1.0'>_||>'<||_html:</span>_||><||_html:<span style='background-color: "
 "rgba(0.0, 165.0, 0, 0.15); border-radius: 3px;' title='1.0'>_||> "
 "query<||_html:</span>_||><||_html:<span style='background-color: rgba(0.0, "
 "165.0, 0, 0.15); border-radius: 3px;' title='1.0'>_||> "
 "now<||_html:</span>_||><||_html:<span style='background-color: rgba(0.0, "
 "165.0, 0, 0.15); border-radius: 3px;' title='1.0'>_||> "
 "includes<||_html:</span>_||><||_html:<span style='background-color: "
 "rgba(0.0, 165.0, 0, 0.15); border-radius: 3px;' title='1.0'>_||> "
 "a<||_html:</span>_||><||_html:<span style='background-color: rgba(0.0, "
 "165.0, 0, 0.15); border-radius: 3px;' title='1.0'>_||> "
 "new<||_html:</span>_||><||_html:<span style='background-color: rgba(0.0, "
 "165.0, 0, 0.15); border-radius: 3px;' title='1.0'>_||> "
 "field<||_html:</span>_||><||_html:<span style='background-color: rgba(0.0, "
 "165.0, 0, 0.15); border-radius: 3px;' title='1.0'>_||> "
 "'<||_html:</span>_||><||_html:<span style='background-color: rgba(0.0, "
 "165.0, 0, 0.15); border-radius: 3px;' "
 "title='1.0'>_||>details<||_html:</span>_||><||_html:<span "
 "style='background-color: rgba(0.0, 165.0, 0, 0.15); border-radius: 3px;' "
 "title='1.0'>_||>'<||_html:</span>_||><||_html:<span style='background-color: "
 "rgba(0.0, 165.0, 0, 0.15); border-radius: 3px;' title='1.0'>_||> "
 "of<||_html:</span>_||><||_html:<span style='background-color: rgba(0.0, "
 "165.0, 0, 0.15); border-radius: 3px;' title='1.0'>_||> "
 "type<||_html:</span>_||><||_html:<span style='background-color: rgba(0.0, "
 "165.0, 0, 0.15); border-radius: 3px;' title='1.0'>_||> "
 "String<||_html:</span>_||><||_html:<span style='background-color: rgba(0.0, "
 "165.0, 0, 0.15); border-radius: 3px;' "
 'title=\'1.0\'>_||>."<||_html:</span>_||><||_html:<span '
 "style='background-color: rgba(0.0, 165.0, 0, 0.15); border-radius: 3px;' "
 "title='1.0'>_||>\n"
 "<||_html:</span>_||><||_html:<span style='background-color: rgba(0.0, 165.0, "
 "0, 0.15); border-radius: 3px;' title='1.0'>_||>   "
 "<||_html:</span>_||><||_html:<span style='background-color: rgba(0.0, 165.0, "
 "0, 0.15); border-radius: 3px;' title='1.0'>_||> "
 "},<||_html:</span>_||><||_html:<span style='background-color: rgba(0.0, "
 "165.0, 0, 0.15); border-radius: 3px;' title='1.0'>_||>\n"
 "<||_html:</span>_||><||_html:<span style='background-color: rgba(0.0, 165.0, "
 "0, 0.15); border-radius: 3px;' title='1.0'>_||>   "
 "<||_html:</span>_||><||_html:<span style='background-color: rgba(0.0, 165.0, "
 "0, 0.15); border-radius: 3px;' title='1.0'>_||> "
 "{<||_html:</span>_||><||_html:<span style='background-color: rgba(0.0, "
 "165.0, 0, 0.15); border-radius: 3px;' title='1.0'>_||>\n"
 "<||_html:</span>_||><||_html:<span style='background-color: rgba(0.0, 165.0, "
 "0, 0.15); border-radius: 3px;' title='1.0'>_||>     "
 "<||_html:</span>_||><||_html:<span style='background-color: rgba(0.0, 165.0, "
 "0, 0.15); border-radius: 3px;' title='1.0'>_||> "
 '"<||_html:</span>_||><||_html:<span style=\'background-color: rgba(0.0, '
 "165.0, 0, 0.15); border-radius: 3px;' "
 "title='1.0'>_||>type<||_html:</span>_||><||_html:<span "
 "style='background-color: rgba(0.0, 165.0, 0, 0.15); border-radius: 3px;' "
 'title=\'1.0\'>_||>":<||_html:</span>_||><||_html:<span '
 "style='background-color: rgba(0.0, 165.0, 0, 0.15); border-radius: 3px;' "
 'title=\'1.0\'>_||> "<||_html:</span>_||><||_html:<span '
 "style='background-color: rgba(0.0, 165.0, 0, 0.15); border-radius: 3px;' "
 "title='1.0'>_||>Product<||_html:</span>_||><||_html:<span "
 "style='background-color: rgba(0.0, 165.0, 0, 0.15); border-radius: 3px;' "
 'title=\'1.0\'>_||>",<||_html:</span>_||><||_html:<span '
 "style='background-color: rgba(0.0, 165.0, 0, 0.15); border-radius: 3px;' "
 "title='1.0'>_||>\n"
 "<||_html:</span>_||><||_html:<span style='background-color: rgba(0.0, 165.0, "
 "0, 0.15); border-radius: 3px;' title='1.0'>_||>     "
 "<||_html:</span>_||><||_html:<span style='background-color: rgba(0.0, 165.0, "
 "0, 0.15); border-radius: 3px;' title='1.0'>_||> "
 '"<||_html:</span>_||><||_html:<span style=\'background-color: rgba(0.0, '
 "165.0, 0, 0.15); border-radius: 3px;' "
 "title='1.0'>_||>field<||_html:</span>_||><||_html:<span "
 "style='background-color: rgba(0.0, 165.0, 0, 0.15); border-radius: 3px;' "
 'title=\'1.0\'>_||>":<||_html:</span>_||><||_html:<span '
 "style='background-color: rgba(0.0, 165.0, 0, 0.15); border-radius: 3px;' "
 'title=\'1.0\'>_||> "<||_html:</span>_||><||_html:<span '
 "style='background-color: rgba(0.0, 165.0, 0, 0.15); border-radius: 3px;' "
 "title='1.0'>_||>description<||_html:</span>_||><||_html:<span "
 "style='background-color: rgba(0.0, 165.0, 0, 0.15); border-radius: 3px;' "
 'title=\'1.0\'>_||>",<||_html:</span>_||><||_html:<span '
 "style='background-color: rgba(0.0, 165.0, 0, 0.15); border-radius: 3px;' "
 "title='1.0'>_||>\n"
 "<||_html:</span>_||><||_html:<span style='background-color: rgba(0.0, 165.0, "
 "0, 0.15); border-radius: 3px;' title='1.0'>_||>     "
 "<||_html:</span>_||><||_html:<span style='background-color: rgba(0.0, 165.0, "
 "0, 0.15); border-radius: 3px;' title='1.0'>_||> "
 '"<||_html:</span>_||><||_html:<span style=\'background-color: rgba(0.0, '
 "165.0, 0, 0.15); border-radius: 3px;' "
 "title='1.0'>_||>change<||_html:</span>_||><||_html:<span "
 "style='background-color: rgba(0.0, 165.0, 0, 0.15); border-radius: 3px;' "
 'title=\'1.0\'>_||>":<||_html:</span>_||><||_html:<span '
 "style='background-color: rgba(0.0, 165.0, 0, 0.15); border-radius: 3px;' "
 'title=\'1.0\'>_||> "<||_html:</span>_||><||_html:<span '
 "style='background-color: rgba(0.0, 165.0, 0, 0.15); border-radius: 3px;' "
 "title='1.0'>_||>field<||_html:</span>_||><||_html:<span "
 "style='background-color: rgba(0.0, 165.0, 0, 0.15); border-radius: 3px;' "
 "title='1.0'>_||> removed<||_html:</span>_||><||_html:<span "
 "style='background-color: rgba(0.0, 165.0, 0, 0.15); border-radius: 3px;' "
 'title=\'1.0\'>_||>",<||_html:</span>_||><||_html:<span '
 "style='background-color: rgba(0.0, 165.0, 0, 0.15); border-radius: 3px;' "
 "title='1.0'>_||>\n"
 "<||_html:</span>_||><||_html:<span style='background-color: rgba(0.0, 165.0, "
 "0, 0.15); border-radius: 3px;' title='1.0'>_||>     "
 "<||_html:</span>_||><||_html:<span style='background-color: rgba(0.0, 165.0, "
 "0, 0.15); border-radius: 3px;' title='1.0'>_||> "
 '"<||_html:</span>_||><||_html:<span style=\'background-color: rgba(0.0, '
 "165.0, 0, 0.15); border-radius: 3px;' "
 "title='1.0'>_||>breaking<||_html:</span>_||><||_html:<span "
 "style='background-color: rgba(0.0, 165.0, 0, 0.15); border-radius: 3px;' "
 'title=\'1.0\'>_||>":<||_html:</span>_||><||_html:<span '
 "style='background-color: rgba(0.0, 165.0, 0, 0.15); border-radius: 3px;' "
 'title=\'1.0\'>_||> "<||_html:</span>_||><||_html:<span '
 "style='background-color: rgba(0.0, 165.0, 0, 0.15); border-radius: 3px;' "
 "title='1.0'>_||>true<||_html:</span>_||><||_html:<span "
 "style='background-color: rgba(0.0, 165.0, 0, 0.15); border-radius: 3px;' "
 'title=\'1.0\'>_||>",<||_html:</span>_||><||_html:<span '
 "style='background-color: rgba(0.0, 165.0, 0, 0.15); border-radius: 3px;' "
 "title='1.0'>_||>\n"
 "<||_html:</span>_||><||_html:<span style='background-color: rgba(0.0, 165.0, "
 "0, 0.15); border-radius: 3px;' title='1.0'>_||>     "
 "<||_html:</span>_||><||_html:<span style='background-color: rgba(0.0, 165.0, "
 "0, 0.15); border-radius: 3px;' title='1.0'>_||> "
 '"<||_html:</span>_||><||_html:<span style=\'background-color: rgba(0.0, '
 "165.0, 0, 0.15); border-radius: 3px;' "
 "title='1.0'>_||>release<||_html:</span>_||><||_html:<span "
 "style='background-color: rgba(0.0, 165.0, 0, 0.15); border-radius: 3px;' "
 "title='1.0'>_||>_<||_html:</span>_||><||_html:<span style='background-color: "
 "rgba(0.0, 165.0, 0, 0.15); border-radius: 3px;' "
 "title='1.0'>_||>note<||_html:</span>_||><||_html:<span "
 "style='background-color: rgba(0.0, 165.0, 0, 0.15); border-radius: 3px;' "
 'title=\'1.0\'>_||>":<||_html:</span>_||><||_html:<span '
 "style='background-color: rgba(0.0, 165.0, 0, 0.15); border-radius: 3px;' "
 'title=\'1.0\'>_||> "<||_html:</span>_||><||_html:<span '
 "style='background-color: rgba(0.0, 165.0, 0, 0.15); border-radius: 3px;' "
 "title='1.0'>_||>The<||_html:</span>_||><||_html:<span "
 "style='background-color: rgba(0.0, 165.0, 0, 0.15); border-radius: 3px;' "
 "title='1.0'>_||> '<||_html:</span>_||><||_html:<span "
 "style='background-color: rgba(0.0, 165.0, 0, 0.15); border-radius: 3px;' "
 "title='1.0'>_||>Product<||_html:</span>_||><||_html:<span "
 "style='background-color: rgba(0.0, 165.0, 0, 0.15); border-radius: 3px;' "
 "title='1.0'>_||>'<||_html:</span>_||><||_html:<span style='background-color: "
 "rgba(0.0, 165.0, 0, 0.15); border-radius: 3px;' title='1.0'>_||> "
 "type<||_html:</span>_||><||_html:<span style='background-color: rgba(0.0, "
 "165.0, 0, 0.15); border-radius: 3px;' title='1.0'>_||> "
 "no<||_html:</span>_||><||_html:<span style='background-color: rgba(0.0, "
 "165.0, 0, 0.15); border-radius: 3px;' title='1.0'>_||> "
 "longer<||_html:</span>_||><||_html:<span style='background-color: rgba(0.0, "
 "165.0, 0, 0.15); border-radius: 3px;' title='1.0'>_||> "
 "includes<||_html:</span>_||><||_html:<span style='background-color: "
 "rgba(0.0, 165.0, 0, 0.15); border-radius: 3px;' title='1.0'>_||> "
 "the<||_html:</span>_||><||_html:<span style='background-color: rgba(0.0, "
 "165.0, 0, 0.15); border-radius: 3px;' title='1.0'>_||> "
 "'<||_html:</span>_||><||_html:<span style='background-color: rgba(0.0, "
 "165.0, 0, 0.15); border-radius: 3px;' "
 "title='1.0'>_||>description<||_html:</span>_||><||_html:<span "
 "style='background-color: rgba(0.0, 165.0, 0, 0.15); border-radius: 3px;' "
 "title='1.0'>_||>'<||_html:</span>_||><||_html:<span style='background-color: "
 "rgba(0.0, 165.0, 0, 0.15); border-radius: 3px;' title='1.0'>_||> "
 "field<||_html:</span>_||><||_html:<span style='background-color: rgba(0.0, "
 "165.0, 0, 0.15); border-radius: 3px;' "
 'title=\'1.0\'>_||>."<||_html:</span>_||><||_html:<span '
 "style='background-color: rgba(0.0, 165.0, 0, 0.15); border-radius: 3px;' "
 "title='1.0'>_||>\n"
 "<||_html:</span>_||><||_html:<span style='background-color: rgba(0.0, 165.0, "
 "0, 0.15); border-radius: 3px;' title='1.0'>_||>   "
 "<||_html:</span>_||><||_html:<span style='background-color: rgba(0.0, 165.0, "
 "0, 0.15); border-radius: 3px;' title='1.0'>_||> "
 "},<||_html:</span>_||><||_html:<span style='background-color: rgba(0.0, "
 "165.0, 0, 0.15); border-radius: 3px;' title='1.0'>_||>\n"
 "<||_html:</span>_||><||_html:<span style='background-color: rgba(0.0, 165.0, "
 "0, 0.15); border-radius: 3px;' title='1.0'>_||>   "
 "<||_html:</span>_||><||_html:<span style='background-color: rgba(0.0, 165.0, "
 "0, 0.15); border-radius: 3px;' title='1.0'>_||> "
 "{<||_html:</span>_||><||_html:<span style='background-color: rgba(0.0, "
 "165.0, 0, 0.15); border-radius: 3px;' title='1.0'>_||>\n"
 "<||_html:</span>_||><||_html:<span style='background-color: rgba(0.0, 165.0, "
 "0, 0.15); border-radius: 3px;' title='1.0'>_||>     "
 "<||_html:</span>_||><||_html:<span style='background-color: rgba(0.0, 165.0, "
 "0, 0.15); border-radius: 3px;' title='1.0'>_||> "
 '"<||_html:</span>_||><||_html:<span style=\'background-color: rgba(0.0, '
 "165.0, 0, 0.15); border-radius: 3px;' "
 "title='1.0'>_||>type<||_html:</span>_||><||_html:<span "
 "style='background-color: rgba(0.0, 165.0, 0, 0.15); border-radius: 3px;' "
 'title=\'1.0\'>_||>":<||_html:</span>_||><||_html:<span '
 "style='background-color: rgba(0.0, 165.0, 0, 0.15); border-radius: 3px;' "
 'title=\'1.0\'>_||> "<||_html:</span>_||><||_html:<span '
 "style='background-color: rgba(0.0, 165.0, 0, 0.15); border-radius: 3px;' "
 "title='1.0'>_||>Product<||_html:</span>_||><||_html:<span "
 "style='background-color: rgba(0.0, 165.0, 0, 0.15); border-radius: 3px;' "
 'title=\'1.0\'>_||>",<||_html:</span>_||><||_html:<span '
 "style='background-color: rgba(0.0, 165.0, 0, 0.15); border-radius: 3px;' "
 "title='1.0'>_||>\n"
 "<||_html:</span>_||><||_html:<span style='background-color: rgba(0.0, 165.0, "
 "0, 0.15); border-radius: 3px;' title='1.0'>_||>     "
 "<||_html:</span>_||><||_html:<span style='background-color: rgba(0.0, 165.0, "
 "0, 0.15); border-radius: 3px;' title='1.0'>_||> "
 '"<||_html:</span>_||><||_html:<span style=\'background-color: rgba(0.0, '
 "165.0, 0, 0.15); border-radius: 3px;' "
 "title='1.0'>_||>field<||_html:</span>_||><||_html:<span "
 "style='background-color: rgba(0.0, 165.0, 0, 0.15); border-radius: 3px;' "
 'title=\'1.0\'>_||>":<||_html:</span>_||><||_html:<span '
 "style='background-color: rgba(0.0, 165.0, 0, 0.15); border-radius: 3px;' "
 'title=\'1.0\'>_||> "<||_html:</span>_||><||_html:<span '
 "style='background-color: rgba(0.0, 165.0, 0, 0.15); border-radius: 3px;' "
 "title='1.0'>_||>stock<||_html:</span>_||><||_html:<span "
 "style='background-color: rgba(0.0, 165.0, 0, 0.15); border-radius: 3px;' "
 'title=\'1.0\'>_||>",<||_html:</span>_||><||_html:<span '
 "style='background-color: rgba(0.0, 165.0, 0, 0.15); border-radius: 3px;' "
 "title='1.0'>_||>\n"
 "<||_html:</span>_||><||_html:<span style='background-color: rgba(0.0, 165.0, "
 "0, 0.15); border-radius: 3px;' title='1.0'>_||>     "
 "<||_html:</span>_||><||_html:<span style='background-color: rgba(0.0, 165.0, "
 "0, 0.15); border-radius: 3px;' title='1.0'>_||> "
 '"<||_html:</span>_||><||_html:<span style=\'background-color: rgba(0.0, '
 "165.0, 0, 0.15); border-radius: 3px;' "
 "title='1.0'>_||>change<||_html:</span>_||><||_html:<span "
 "style='background-color: rgba(0.0, 165.0, 0, 0.15); border-radius: 3px;' "
 'title=\'1.0\'>_||>":<||_html:</span>_||><||_html:<span '
 "style='background-color: rgba(0.0, 165.0, 0, 0.15); border-radius: 3px;' "
 'title=\'1.0\'>_||> "<||_html:</span>_||><||_html:<span '
 "style='background-color: rgba(0.0, 165.0, 0, 0.15); border-radius: 3px;' "
 "title='1.0'>_||>field<||_html:</span>_||><||_html:<span "
 "style='background-color: rgba(0.0, 165.0, 0, 0.15); border-radius: 3px;' "
 "title='1.0'>_||> removed<||_html:</span>_||><||_html:<span "
 "style='background-color: rgba(0.0, 165.0, 0, 0.15); border-radius: 3px;' "
 'title=\'1.0\'>_||>",<||_html:</span>_||><||_html:<span '
 "style='background-color: rgba(0.0, 165.0, 0, 0.15); border-radius: 3px;' "
 "title='1.0'>_||>\n"
 "<||_html:</span>_||><||_html:<span style='background-color: rgba(0.0, 165.0, "
 "0, 0.15); border-radius: 3px;' title='1.0'>_||>     "
 "<||_html:</span>_||><||_html:<span style='background-color: rgba(0.0, 165.0, "
 "0, 0.15); border-radius: 3px;' title='1.0'>_||> "
 '"<||_html:</span>_||><||_html:<span style=\'background-color: rgba(0.0, '
 "165.0, 0, 0.15); border-radius: 3px;' "
 "title='1.0'>_||>breaking<||_html:</span>_||><||_html:<span "
 "style='background-color: rgba(0.0, 165.0, 0, 0.15); border-radius: 3px;' "
 'title=\'1.0\'>_||>":<||_html:</span>_||><||_html:<span '
 "style='background-color: rgba(0.0, 165.0, 0, 0.15); border-radius: 3px;' "
 'title=\'1.0\'>_||> "<||_html:</span>_||><||_html:<span '
 "style='background-color: rgba(0.0, 165.0, 0, 0.15); border-radius: 3px;' "
 "title='1.0'>_||>true<||_html:</span>_||><||_html:<span "
 "style='background-color: rgba(0.0, 165.0, 0, 0.15); border-radius: 3px;' "
 'title=\'1.0\'>_||>",<||_html:</span>_||><||_html:<span '
 "style='background-color: rgba(0.0, 165.0, 0, 0.15); border-radius: 3px;' "
 "title='1.0'>_||>\n"
 "<||_html:</span>_||><||_html:<span style='background-color: rgba(0.0, 165.0, "
 "0, 0.15); border-radius: 3px;' title='1.0'>_||>     "
 "<||_html:</span>_||><||_html:<span style='background-color: rgba(0.0, 165.0, "
 "0, 0.15); border-radius: 3px;' title='1.0'>_||> "
 '"<||_html:</span>_||><||_html:<span style=\'background-color: rgba(0.0, '
 "165.0, 0, 0.15); border-radius: 3px;' "
 "title='1.0'>_||>release<||_html:</span>_||><||_html:<span "
 "style='background-color: rgba(0.0, 165.0, 0, 0.15); border-radius: 3px;' "
 "title='1.0'>_||>_<||_html:</span>_||><||_html:<span style='background-color: "
 "rgba(0.0, 165.0, 0, 0.15); border-radius: 3px;' "
 "title='1.0'>_||>note<||_html:</span>_||><||_html:<span "
 "style='background-color: rgba(0.0, 165.0, 0, 0.15); border-radius: 3px;' "
 'title=\'1.0\'>_||>":<||_html:</span>_||><||_html:<span '
 "style='background-color: rgba(0.0, 165.0, 0, 0.15); border-radius: 3px;' "
 'title=\'1.0\'>_||> "<||_html:</span>_||><||_html:<span '
 "style='background-color: rgba(0.0, 165.0, 0, 0.15); border-radius: 3px;' "
 "title='1.0'>_||>The<||_html:</span>_||><||_html:<span "
 "style='background-color: rgba(0.0, 165.0, 0, 0.15); border-radius: 3px;' "
 "title='1.0'>_||> '<||_html:</span>_||><||_html:<span "
 "style='background-color: rgba(0.0, 165.0, 0, 0.15); border-radius: 3px;' "
 "title='1.0'>_||>Product<||_html:</span>_||><||_html:<span "
 "style='background-color: rgba(0.0, 165.0, 0, 0.15); border-radius: 3px;' "
 "title='1.0'>_||>'<||_html:</span>_||><||_html:<span style='background-color: "
 "rgba(0.0, 165.0, 0, 0.15); border-radius: 3px;' title='1.0'>_||> "
 "type<||_html:</span>_||><||_html:<span style='background-color: rgba(0.0, "
 "165.0, 0, 0.15); border-radius: 3px;' title='1.0'>_||> "
 "no<||_html:</span>_||><||_html:<span style='background-color: rgba(0.0, "
 "165.0, 0, 0.15); border-radius: 3px;' title='1.0'>_||> "
 "longer<||_html:</span>_||><||_html:<span style='background-color: rgba(0.0, "
 "165.0, 0, 0.15); border-radius: 3px;' title='1.0'>_||> "
 "includes<||_html:</span>_||><||_html:<span style='background-color: "
 "rgba(0.0, 165.0, 0, 0.15); border-radius: 3px;' title='1.0'>_||> "
 "the<||_html:</span>_||><||_html:<span style='background-color: rgba(0.0, "
 "165.0, 0, 0.15); border-radius: 3px;' title='1.0'>_||> "
 "'<||_html:</span>_||><||_html:<span style='background-color: rgba(0.0, "
 "165.0, 0, 0.15); border-radius: 3px;' "
 "title='1.0'>_||>stock<||_html:</span>_||><||_html:<span "
 "style='background-color: rgba(0.0, 165.0, 0, 0.15); border-radius: 3px;' "
 "title='1.0'>_||>'<||_html:</span>_||><||_html:<span style='background-color: "
 "rgba(0.0, 165.0, 0, 0.15); border-radius: 3px;' title='1.0'>_||> "
 "field<||_html:</span>_||><||_html:<span style='background-color: rgba(0.0, "
 "165.0, 0, 0.15); border-radius: 3px;' "
 'title=\'1.0\'>_||>."<||_html:</span>_||><||_html:<span '
 "style='background-color: rgba(0.0, 165.0, 0, 0.15); border-radius: 3px;' "
 "title='1.0'>_||>\n"
 "<||_html:</span>_||><||_html:<span style='background-color: rgba(0.0, 165.0, "
 "0, 0.15); border-radius: 3px;' title='1.0'>_||>   "
 "<||_html:</span>_||><||_html:<span style='background-color: rgba(0.0, 165.0, "
 "0, 0.15); border-radius: 3px;' title='1.0'>_||> "
 "}<||_html:</span>_||><||_html:<span style='background-color: rgba(0.0, "
 "165.0, 0, 0.15); border-radius: 3px;' title='1.0'>_||>\n"
 "<||_html:</span>_||><||_html:<span style='background-color: rgba(0.0, 165.0, "
 "0, 0.15); border-radius: 3px;' title='1.0'>_||> "
 "<||_html:</span>_||><||_html:<span style='background-color: rgba(0.0, 165.0, "
 "0, 0.15); border-radius: 3px;' title='1.0'>_||> "
 "],<||_html:</span>_||><||_html:<span style='background-color: rgba(0.0, "
 "165.0, 0, 0.15); border-radius: 3px;' title='1.0'>_||>\n"
 "<||_html:</span>_||><||_html:<span style='background-color: rgba(0.0, 165.0, "
 "0, 0.15); border-radius: 3px;' title='1.0'>_||> "
 "<||_html:</span>_||><||_html:<span style='background-color: rgba(0.0, 165.0, "
 "0, 0.15); border-radius: 3px;' title='1.0'>_||> "
 '"<||_html:</span>_||><||_html:<span style=\'background-color: rgba(0.0, '
 "165.0, 0, 0.15); border-radius: 3px;' "
 "title='1.0'>_||>release<||_html:</span>_||><||_html:<span "
 "style='background-color: rgba(0.0, 165.0, 0, 0.15); border-radius: 3px;' "
 "title='1.0'>_||>_<||_html:</span>_||><||_html:<span style='background-color: "
 "rgba(0.0, 165.0, 0, 0.15); border-radius: 3px;' "
 "title='1.0'>_||>notes<||_html:</span>_||><||_html:<span "
 "style='background-color: rgba(0.0, 165.0, 0, 0.15); border-radius: 3px;' "
 'title=\'1.0\'>_||>":<||_html:</span>_||><||_html:<span '
 "style='background-color: rgba(0.0, 165.0, 0, 0.15); border-radius: 3px;' "
 "title='1.0'>_||> {<||_html:</span>_||><||_html:<span "
 "style='background-color: rgba(0.0, 165.0, 0, 0.15); border-radius: 3px;' "
 "title='1.0'>_||>")
('Analyze the following two GraphQL schemas for changes, including both '
 'breaking and non-breaking changes.\n'
 '\n'
 '                        Provide your analysis in the following JSON format:\n'
 '                        {\n'
 '                          "changes": [\n'
 '                            {\n'
 '                              "type": "String representing the GraphQL type '
 '(e.g., Query, Mutation, Subscription)",\n'
 '                              "field": "String representing the specific '
 'field that changed",\n'
 '                              "change": "String describing the change (e.g., '
 'field renamed, new field added, field removed)",\n'
 '                              "breaking": "Boolean indicating if the change '
 'is breaking (true) or non-breaking (false)",\n'
 '                              "release_note": "String with a natural '
 'language description of the change for release notes"\n'
 '                            }\n'
 '                          ],\n'
 '                          "release_notes": {\n'
 '                              "summary": "String summarizing all changes, '
 'suitable for a mailing list or public announcement"\n'
 '                          }\n'
 '                        }\n'
 '\n'
 '                        When analyzing, consider the following types of '
 'changes:\n'
 '                        1. Removing fields or types (breaking)\n'
 '                        2. Changing field types (potentially breaking)\n'
 '                        3. Adding required fields (breaking)\n'
 '                        4. Changing the type of existing arguments '
 '(breaking)\n'
 '                        5. Adding optional fields (non-breaking)\n'
 '                        6. Adding new types (non-breaking)\n'
 '                        7. Deprecating fields (non-breaking)\n'
 '\n'
 '                        Ensure that each change is categorized correctly as '
 'breaking or non-breaking.: type Query {\n'
 '  getProduct(id: ID!): Product\n'
 '}\n'
 '\n'
 'type Product {\n'
 '  id: ID\n'
 '  name: String\n'
 '  description: String\n'
 '  price: Float\n'
 '  stock: Int\n'
 '}\n'
 ', type Query {\n'
 '  getProduct(id: ID!): Product\n'
 '}\n'
 '\n'
 'type Product {\n'
 '  id: ID\n'
 '  name: String\n'
 '  details: String\n'
 '  price: Float\n'
 '}\n'
 '\n'
 "Answer:<||_html:<span style='background-color: rgba(0.0, 165.0, 0, 0.15); "
 "border-radius: 3px;' title='1.0'>_||> {<||_html:</span>_||><||_html:<span "
 "style='background-color: rgba(0.0, 165.0, 0, 0.15); border-radius: 3px;' "
 "title='1.0'>_||>\n"
 "<||_html:</span>_||><||_html:<span style='background-color: rgba(0.0, 165.0, "
 "0, 0.15); border-radius: 3px;' title='1.0'>_||> "
 "<||_html:</span>_||><||_html:<span style='background-color: rgba(0.0, 165.0, "
 "0, 0.15); border-radius: 3px;' title='1.0'>_||> "
 '"<||_html:</span>_||><||_html:<span style=\'background-color: rgba(0.0, '
 "165.0, 0, 0.15); border-radius: 3px;' "
 "title='1.0'>_||>changes<||_html:</span>_||><||_html:<span "
 "style='background-color: rgba(0.0, 165.0, 0, 0.15); border-radius: 3px;' "
 'title=\'1.0\'>_||>":<||_html:</span>_||><||_html:<span '
 "style='background-color: rgba(0.0, 165.0, 0, 0.15); border-radius: 3px;' "
 "title='1.0'>_||> [<||_html:</span>_||><||_html:<span "
 "style='background-color: rgba(0.0, 165.0, 0, 0.15); border-radius: 3px;' "
 "title='1.0'>_||>\n"
 "<||_html:</span>_||><||_html:<span style='background-color: rgba(0.0, 165.0, "
 "0, 0.15); border-radius: 3px;' title='1.0'>_||>   "
 "<||_html:</span>_||><||_html:<span style='background-color: rgba(0.0, 165.0, "
 "0, 0.15); border-radius: 3px;' title='1.0'>_||> "
 "{<||_html:</span>_||><||_html:<span style='background-color: rgba(0.0, "
 "165.0, 0, 0.15); border-radius: 3px;' title='1.0'>_||>\n"
 "<||_html:</span>_||><||_html:<span style='background-color: rgba(0.0, 165.0, "
 "0, 0.15); border-radius: 3px;' title='1.0'>_||>     "
 "<||_html:</span>_||><||_html:<span style='background-color: rgba(0.0, 165.0, "
 "0, 0.15); border-radius: 3px;' title='1.0'>_||> "
 '"<||_html:</span>_||><||_html:<span style=\'background-color: rgba(0.0, '
 "165.0, 0, 0.15); border-radius: 3px;' "
 "title='1.0'>_||>type<||_html:</span>_||><||_html:<span "
 "style='background-color: rgba(0.0, 165.0, 0, 0.15); border-radius: 3px;' "
 'title=\'1.0\'>_||>":<||_html:</span>_||><||_html:<span '
 "style='background-color: rgba(0.0, 165.0, 0, 0.15); border-radius: 3px;' "
 'title=\'1.0\'>_||> "<||_html:</span>_||><||_html:<span '
 "style='background-color: rgba(0.0, 165.0, 0, 0.15); border-radius: 3px;' "
 "title='1.0'>_||>Query<||_html:</span>_||><||_html:<span "
 "style='background-color: rgba(0.0, 165.0, 0, 0.15); border-radius: 3px;' "
 'title=\'1.0\'>_||>",<||_html:</span>_||><||_html:<span '
 "style='background-color: rgba(0.0, 165.0, 0, 0.15); border-radius: 3px;' "
 "title='1.0'>_||>\n"
 "<||_html:</span>_||><||_html:<span style='background-color: rgba(0.0, 165.0, "
 "0, 0.15); border-radius: 3px;' title='1.0'>_||>     "
 "<||_html:</span>_||><||_html:<span style='background-color: rgba(0.0, 165.0, "
 "0, 0.15); border-radius: 3px;' title='1.0'>_||> "
 '"<||_html:</span>_||><||_html:<span style=\'background-color: rgba(0.0, '
 "165.0, 0, 0.15); border-radius: 3px;' "
 "title='1.0'>_||>field<||_html:</span>_||><||_html:<span "
 "style='background-color: rgba(0.0, 165.0, 0, 0.15); border-radius: 3px;' "
 'title=\'1.0\'>_||>":<||_html:</span>_||><||_html:<span '
 "style='background-color: rgba(0.0, 165.0, 0, 0.15); border-radius: 3px;' "
 'title=\'1.0\'>_||> "<||_html:</span>_||><||_html:<span '
 "style='background-color: rgba(0.0, 165.0, 0, 0.15); border-radius: 3px;' "
 "title='1.0'>_||>get<||_html:</span>_||><||_html:<span "
 "style='background-color: rgba(0.0, 165.0, 0, 0.15); border-radius: 3px;' "
 "title='1.0'>_||>Product<||_html:</span>_||><||_html:<span "
 "style='background-color: rgba(0.0, 165.0, 0, 0.15); border-radius: 3px;' "
 'title=\'1.0\'>_||>",<||_html:</span>_||><||_html:<span '
 "style='background-color: rgba(0.0, 165.0, 0, 0.15); border-radius: 3px;' "
 "title='1.0'>_||>\n"
 "<||_html:</span>_||><||_html:<span style='background-color: rgba(0.0, 165.0, "
 "0, 0.15); border-radius: 3px;' title='1.0'>_||>     "
 "<||_html:</span>_||><||_html:<span style='background-color: rgba(0.0, 165.0, "
 "0, 0.15); border-radius: 3px;' title='1.0'>_||> "
 '"<||_html:</span>_||><||_html:<span style=\'background-color: rgba(0.0, '
 "165.0, 0, 0.15); border-radius: 3px;' "
 "title='1.0'>_||>change<||_html:</span>_||><||_html:<span "
 "style='background-color: rgba(0.0, 165.0, 0, 0.15); border-radius: 3px;' "
 'title=\'1.0\'>_||>":<||_html:</span>_||><||_html:<span '
 "style='background-color: rgba(0.0, 165.0, 0, 0.15); border-radius: 3px;' "
 'title=\'1.0\'>_||> "<||_html:</span>_||><||_html:<span '
 "style='background-color: rgba(0.0, 165.0, 0, 0.15); border-radius: 3px;' "
 "title='1.0'>_||>field<||_html:</span>_||><||_html:<span "
 "style='background-color: rgba(0.0, 165.0, 0, 0.15); border-radius: 3px;' "
 "title='1.0'>_||> details<||_html:</span>_||><||_html:<span "
 "style='background-color: rgba(0.0, 165.0, 0, 0.15); border-radius: 3px;' "
 "title='1.0'>_||> added<||_html:</span>_||><||_html:<span "
 "style='background-color: rgba(0.0, 165.0, 0, 0.15); border-radius: 3px;' "
 'title=\'1.0\'>_||>",<||_html:</span>_||><||_html:<span '
 "style='background-color: rgba(0.0, 165.0, 0, 0.15); border-radius: 3px;' "
 "title='1.0'>_||>\n"
 "<||_html:</span>_||><||_html:<span style='background-color: rgba(0.0, 165.0, "
 "0, 0.15); border-radius: 3px;' title='1.0'>_||>     "
 "<||_html:</span>_||><||_html:<span style='background-color: rgba(0.0, 165.0, "
 "0, 0.15); border-radius: 3px;' title='1.0'>_||> "
 '"<||_html:</span>_||><||_html:<span style=\'background-color: rgba(0.0, '
 "165.0, 0, 0.15); border-radius: 3px;' "
 "title='1.0'>_||>breaking<||_html:</span>_||><||_html:<span "
 "style='background-color: rgba(0.0, 165.0, 0, 0.15); border-radius: 3px;' "
 'title=\'1.0\'>_||>":<||_html:</span>_||><||_html:<span '
 "style='background-color: rgba(0.0, 165.0, 0, 0.15); border-radius: 3px;' "
 'title=\'1.0\'>_||> "<||_html:</span>_||><||_html:<span '
 "style='background-color: rgba(0.0, 165.0, 0, 0.15); border-radius: 3px;' "
 "title='1.0'>_||>false<||_html:</span>_||><||_html:<span "
 "style='background-color: rgba(0.0, 165.0, 0, 0.15); border-radius: 3px;' "
 'title=\'1.0\'>_||>",<||_html:</span>_||><||_html:<span '
 "style='background-color: rgba(0.0, 165.0, 0, 0.15); border-radius: 3px;' "
 "title='1.0'>_||>\n"
 "<||_html:</span>_||><||_html:<span style='background-color: rgba(0.0, 165.0, "
 "0, 0.15); border-radius: 3px;' title='1.0'>_||>     "
 "<||_html:</span>_||><||_html:<span style='background-color: rgba(0.0, 165.0, "
 "0, 0.15); border-radius: 3px;' title='1.0'>_||> "
 '"<||_html:</span>_||><||_html:<span style=\'background-color: rgba(0.0, '
 "165.0, 0, 0.15); border-radius: 3px;' "
 "title='1.0'>_||>release<||_html:</span>_||><||_html:<span "
 "style='background-color: rgba(0.0, 165.0, 0, 0.15); border-radius: 3px;' "
 "title='1.0'>_||>_<||_html:</span>_||><||_html:<span style='background-color: "
 "rgba(0.0, 165.0, 0, 0.15); border-radius: 3px;' "
 "title='1.0'>_||>note<||_html:</span>_||><||_html:<span "
 "style='background-color: rgba(0.0, 165.0, 0, 0.15); border-radius: 3px;' "
 'title=\'1.0\'>_||>":<||_html:</span>_||><||_html:<span '
 "style='background-color: rgba(0.0, 165.0, 0, 0.15); border-radius: 3px;' "
 'title=\'1.0\'>_||> "<||_html:</span>_||><||_html:<span '
 "style='background-color: rgba(0.0, 165.0, 0, 0.15); border-radius: 3px;' "
 "title='1.0'>_||>The<||_html:</span>_||><||_html:<span "
 "style='background-color: rgba(0.0, 165.0, 0, 0.15); border-radius: 3px;' "
 "title='1.0'>_||> '<||_html:</span>_||><||_html:<span "
 "style='background-color: rgba(0.0, 165.0, 0, 0.15); border-radius: 3px;' "
 "title='1.0'>_||>get<||_html:</span>_||><||_html:<span "
 "style='background-color: rgba(0.0, 165.0, 0, 0.15); border-radius: 3px;' "
 "title='1.0'>_||>Product<||_html:</span>_||><||_html:<span "
 "style='background-color: rgba(0.0, 165.0, 0, 0.15); border-radius: 3px;' "
 "title='1.0'>_||>'<||_html:</span>_||><||_html:<span style='background-color: "
 "rgba(0.0, 165.0, 0, 0.15); border-radius: 3px;' title='1.0'>_||> "
 "query<||_html:</span>_||><||_html:<span style='background-color: rgba(0.0, "
 "165.0, 0, 0.15); border-radius: 3px;' title='1.0'>_||> "
 "now<||_html:</span>_||><||_html:<span style='background-color: rgba(0.0, "
 "165.0, 0, 0.15); border-radius: 3px;' title='1.0'>_||> "
 "includes<||_html:</span>_||><||_html:<span style='background-color: "
 "rgba(0.0, 165.0, 0, 0.15); border-radius: 3px;' title='1.0'>_||> "
 "a<||_html:</span>_||><||_html:<span style='background-color: rgba(0.0, "
 "165.0, 0, 0.15); border-radius: 3px;' title='1.0'>_||> "
 "new<||_html:</span>_||><||_html:<span style='background-color: rgba(0.0, "
 "165.0, 0, 0.15); border-radius: 3px;' title='1.0'>_||> "
 "field<||_html:</span>_||><||_html:<span style='background-color: rgba(0.0, "
 "165.0, 0, 0.15); border-radius: 3px;' title='1.0'>_||> "
 "'<||_html:</span>_||><||_html:<span style='background-color: rgba(0.0, "
 "165.0, 0, 0.15); border-radius: 3px;' "
 "title='1.0'>_||>details<||_html:</span>_||><||_html:<span "
 "style='background-color: rgba(0.0, 165.0, 0, 0.15); border-radius: 3px;' "
 "title='1.0'>_||>'<||_html:</span>_||><||_html:<span style='background-color: "
 "rgba(0.0, 165.0, 0, 0.15); border-radius: 3px;' title='1.0'>_||> "
 "of<||_html:</span>_||><||_html:<span style='background-color: rgba(0.0, "
 "165.0, 0, 0.15); border-radius: 3px;' title='1.0'>_||> "
 "type<||_html:</span>_||><||_html:<span style='background-color: rgba(0.0, "
 "165.0, 0, 0.15); border-radius: 3px;' title='1.0'>_||> "
 "String<||_html:</span>_||><||_html:<span style='background-color: rgba(0.0, "
 "165.0, 0, 0.15); border-radius: 3px;' "
 'title=\'1.0\'>_||>."<||_html:</span>_||><||_html:<span '
 "style='background-color: rgba(0.0, 165.0, 0, 0.15); border-radius: 3px;' "
 "title='1.0'>_||>\n"
 "<||_html:</span>_||><||_html:<span style='background-color: rgba(0.0, 165.0, "
 "0, 0.15); border-radius: 3px;' title='1.0'>_||>   "
 "<||_html:</span>_||><||_html:<span style='background-color: rgba(0.0, 165.0, "
 "0, 0.15); border-radius: 3px;' title='1.0'>_||> "
 "},<||_html:</span>_||><||_html:<span style='background-color: rgba(0.0, "
 "165.0, 0, 0.15); border-radius: 3px;' title='1.0'>_||>\n"
 "<||_html:</span>_||><||_html:<span style='background-color: rgba(0.0, 165.0, "
 "0, 0.15); border-radius: 3px;' title='1.0'>_||>   "
 "<||_html:</span>_||><||_html:<span style='background-color: rgba(0.0, 165.0, "
 "0, 0.15); border-radius: 3px;' title='1.0'>_||> "
 "{<||_html:</span>_||><||_html:<span style='background-color: rgba(0.0, "
 "165.0, 0, 0.15); border-radius: 3px;' title='1.0'>_||>\n"
 "<||_html:</span>_||><||_html:<span style='background-color: rgba(0.0, 165.0, "
 "0, 0.15); border-radius: 3px;' title='1.0'>_||>     "
 "<||_html:</span>_||><||_html:<span style='background-color: rgba(0.0, 165.0, "
 "0, 0.15); border-radius: 3px;' title='1.0'>_||> "
 '"<||_html:</span>_||><||_html:<span style=\'background-color: rgba(0.0, '
 "165.0, 0, 0.15); border-radius: 3px;' "
 "title='1.0'>_||>type<||_html:</span>_||><||_html:<span "
 "style='background-color: rgba(0.0, 165.0, 0, 0.15); border-radius: 3px;' "
 'title=\'1.0\'>_||>":<||_html:</span>_||><||_html:<span '
 "style='background-color: rgba(0.0, 165.0, 0, 0.15); border-radius: 3px;' "
 'title=\'1.0\'>_||> "<||_html:</span>_||><||_html:<span '
 "style='background-color: rgba(0.0, 165.0, 0, 0.15); border-radius: 3px;' "
 "title='1.0'>_||>Product<||_html:</span>_||><||_html:<span "
 "style='background-color: rgba(0.0, 165.0, 0, 0.15); border-radius: 3px;' "
 'title=\'1.0\'>_||>",<||_html:</span>_||><||_html:<span '
 "style='background-color: rgba(0.0, 165.0, 0, 0.15); border-radius: 3px;' "
 "title='1.0'>_||>\n"
 "<||_html:</span>_||><||_html:<span style='background-color: rgba(0.0, 165.0, "
 "0, 0.15); border-radius: 3px;' title='1.0'>_||>     "
 "<||_html:</span>_||><||_html:<span style='background-color: rgba(0.0, 165.0, "
 "0, 0.15); border-radius: 3px;' title='1.0'>_||> "
 '"<||_html:</span>_||><||_html:<span style=\'background-color: rgba(0.0, '
 "165.0, 0, 0.15); border-radius: 3px;' "
 "title='1.0'>_||>field<||_html:</span>_||><||_html:<span "
 "style='background-color: rgba(0.0, 165.0, 0, 0.15); border-radius: 3px;' "
 'title=\'1.0\'>_||>":<||_html:</span>_||><||_html:<span '
 "style='background-color: rgba(0.0, 165.0, 0, 0.15); border-radius: 3px;' "
 'title=\'1.0\'>_||> "<||_html:</span>_||><||_html:<span '
 "style='background-color: rgba(0.0, 165.0, 0, 0.15); border-radius: 3px;' "
 "title='1.0'>_||>description<||_html:</span>_||><||_html:<span "
 "style='background-color: rgba(0.0, 165.0, 0, 0.15); border-radius: 3px;' "
 'title=\'1.0\'>_||>",<||_html:</span>_||><||_html:<span '
 "style='background-color: rgba(0.0, 165.0, 0, 0.15); border-radius: 3px;' "
 "title='1.0'>_||>\n"
 "<||_html:</span>_||><||_html:<span style='background-color: rgba(0.0, 165.0, "
 "0, 0.15); border-radius: 3px;' title='1.0'>_||>     "
 "<||_html:</span>_||><||_html:<span style='background-color: rgba(0.0, 165.0, "
 "0, 0.15); border-radius: 3px;' title='1.0'>_||> "
 '"<||_html:</span>_||><||_html:<span style=\'background-color: rgba(0.0, '
 "165.0, 0, 0.15); border-radius: 3px;' "
 "title='1.0'>_||>change<||_html:</span>_||><||_html:<span "
 "style='background-color: rgba(0.0, 165.0, 0, 0.15); border-radius: 3px;' "
 'title=\'1.0\'>_||>":<||_html:</span>_||><||_html:<span '
 "style='background-color: rgba(0.0, 165.0, 0, 0.15); border-radius: 3px;' "
 'title=\'1.0\'>_||> "<||_html:</span>_||><||_html:<span '
 "style='background-color: rgba(0.0, 165.0, 0, 0.15); border-radius: 3px;' "
 "title='1.0'>_||>field<||_html:</span>_||><||_html:<span "
 "style='background-color: rgba(0.0, 165.0, 0, 0.15); border-radius: 3px;' "
 "title='1.0'>_||> removed<||_html:</span>_||><||_html:<span "
 "style='background-color: rgba(0.0, 165.0, 0, 0.15); border-radius: 3px;' "
 'title=\'1.0\'>_||>",<||_html:</span>_||><||_html:<span '
 "style='background-color: rgba(0.0, 165.0, 0, 0.15); border-radius: 3px;' "
 "title='1.0'>_||>\n"
 "<||_html:</span>_||><||_html:<span style='background-color: rgba(0.0, 165.0, "
 "0, 0.15); border-radius: 3px;' title='1.0'>_||>     "
 "<||_html:</span>_||><||_html:<span style='background-color: rgba(0.0, 165.0, "
 "0, 0.15); border-radius: 3px;' title='1.0'>_||> "
 '"<||_html:</span>_||><||_html:<span style=\'background-color: rgba(0.0, '
 "165.0, 0, 0.15); border-radius: 3px;' "
 "title='1.0'>_||>breaking<||_html:</span>_||><||_html:<span "
 "style='background-color: rgba(0.0, 165.0, 0, 0.15); border-radius: 3px;' "
 'title=\'1.0\'>_||>":<||_html:</span>_||><||_html:<span '
 "style='background-color: rgba(0.0, 165.0, 0, 0.15); border-radius: 3px;' "
 'title=\'1.0\'>_||> "<||_html:</span>_||><||_html:<span '
 "style='background-color: rgba(0.0, 165.0, 0, 0.15); border-radius: 3px;' "
 "title='1.0'>_||>true<||_html:</span>_||><||_html:<span "
 "style='background-color: rgba(0.0, 165.0, 0, 0.15); border-radius: 3px;' "
 'title=\'1.0\'>_||>",<||_html:</span>_||><||_html:<span '
 "style='background-color: rgba(0.0, 165.0, 0, 0.15); border-radius: 3px;' "
 "title='1.0'>_||>\n"
 "<||_html:</span>_||><||_html:<span style='background-color: rgba(0.0, 165.0, "
 "0, 0.15); border-radius: 3px;' title='1.0'>_||>     "
 "<||_html:</span>_||><||_html:<span style='background-color: rgba(0.0, 165.0, "
 "0, 0.15); border-radius: 3px;' title='1.0'>_||> "
 '"<||_html:</span>_||><||_html:<span style=\'background-color: rgba(0.0, '
 "165.0, 0, 0.15); border-radius: 3px;' "
 "title='1.0'>_||>release<||_html:</span>_||><||_html:<span "
 "style='background-color: rgba(0.0, 165.0, 0, 0.15); border-radius: 3px;' "
 "title='1.0'>_||>_<||_html:</span>_||><||_html:<span style='background-color: "
 "rgba(0.0, 165.0, 0, 0.15); border-radius: 3px;' "
 "title='1.0'>_||>note<||_html:</span>_||><||_html:<span "
 "style='background-color: rgba(0.0, 165.0, 0, 0.15); border-radius: 3px;' "
 'title=\'1.0\'>_||>":<||_html:</span>_||><||_html:<span '
 "style='background-color: rgba(0.0, 165.0, 0, 0.15); border-radius: 3px;' "
 'title=\'1.0\'>_||> "<||_html:</span>_||><||_html:<span '
 "style='background-color: rgba(0.0, 165.0, 0, 0.15); border-radius: 3px;' "
 "title='1.0'>_||>The<||_html:</span>_||><||_html:<span "
 "style='background-color: rgba(0.0, 165.0, 0, 0.15); border-radius: 3px;' "
 "title='1.0'>_||> '<||_html:</span>_||><||_html:<span "
 "style='background-color: rgba(0.0, 165.0, 0, 0.15); border-radius: 3px;' "
 "title='1.0'>_||>Product<||_html:</span>_||><||_html:<span "
 "style='background-color: rgba(0.0, 165.0, 0, 0.15); border-radius: 3px;' "
 "title='1.0'>_||>'<||_html:</span>_||><||_html:<span style='background-color: "
 "rgba(0.0, 165.0, 0, 0.15); border-radius: 3px;' title='1.0'>_||> "
 "type<||_html:</span>_||><||_html:<span style='background-color: rgba(0.0, "
 "165.0, 0, 0.15); border-radius: 3px;' title='1.0'>_||> "
 "no<||_html:</span>_||><||_html:<span style='background-color: rgba(0.0, "
 "165.0, 0, 0.15); border-radius: 3px;' title='1.0'>_||> "
 "longer<||_html:</span>_||><||_html:<span style='background-color: rgba(0.0, "
 "165.0, 0, 0.15); border-radius: 3px;' title='1.0'>_||> "
 "includes<||_html:</span>_||><||_html:<span style='background-color: "
 "rgba(0.0, 165.0, 0, 0.15); border-radius: 3px;' title='1.0'>_||> "
 "the<||_html:</span>_||><||_html:<span style='background-color: rgba(0.0, "
 "165.0, 0, 0.15); border-radius: 3px;' title='1.0'>_||> "
 "'<||_html:</span>_||><||_html:<span style='background-color: rgba(0.0, "
 "165.0, 0, 0.15); border-radius: 3px;' "
 "title='1.0'>_||>description<||_html:</span>_||><||_html:<span "
 "style='background-color: rgba(0.0, 165.0, 0, 0.15); border-radius: 3px;' "
 "title='1.0'>_||>'<||_html:</span>_||><||_html:<span style='background-color: "
 "rgba(0.0, 165.0, 0, 0.15); border-radius: 3px;' title='1.0'>_||> "
 "field<||_html:</span>_||><||_html:<span style='background-color: rgba(0.0, "
 "165.0, 0, 0.15); border-radius: 3px;' "
 'title=\'1.0\'>_||>."<||_html:</span>_||><||_html:<span '
 "style='background-color: rgba(0.0, 165.0, 0, 0.15); border-radius: 3px;' "
 "title='1.0'>_||>\n"
 "<||_html:</span>_||><||_html:<span style='background-color: rgba(0.0, 165.0, "
 "0, 0.15); border-radius: 3px;' title='1.0'>_||>   "
 "<||_html:</span>_||><||_html:<span style='background-color: rgba(0.0, 165.0, "
 "0, 0.15); border-radius: 3px;' title='1.0'>_||> "
 "},<||_html:</span>_||><||_html:<span style='background-color: rgba(0.0, "
 "165.0, 0, 0.15); border-radius: 3px;' title='1.0'>_||>\n"
 "<||_html:</span>_||><||_html:<span style='background-color: rgba(0.0, 165.0, "
 "0, 0.15); border-radius: 3px;' title='1.0'>_||>   "
 "<||_html:</span>_||><||_html:<span style='background-color: rgba(0.0, 165.0, "
 "0, 0.15); border-radius: 3px;' title='1.0'>_||> "
 "{<||_html:</span>_||><||_html:<span style='background-color: rgba(0.0, "
 "165.0, 0, 0.15); border-radius: 3px;' title='1.0'>_||>\n"
 "<||_html:</span>_||><||_html:<span style='background-color: rgba(0.0, 165.0, "
 "0, 0.15); border-radius: 3px;' title='1.0'>_||>     "
 "<||_html:</span>_||><||_html:<span style='background-color: rgba(0.0, 165.0, "
 "0, 0.15); border-radius: 3px;' title='1.0'>_||> "
 '"<||_html:</span>_||><||_html:<span style=\'background-color: rgba(0.0, '
 "165.0, 0, 0.15); border-radius: 3px;' "
 "title='1.0'>_||>type<||_html:</span>_||><||_html:<span "
 "style='background-color: rgba(0.0, 165.0, 0, 0.15); border-radius: 3px;' "
 'title=\'1.0\'>_||>":<||_html:</span>_||><||_html:<span '
 "style='background-color: rgba(0.0, 165.0, 0, 0.15); border-radius: 3px;' "
 'title=\'1.0\'>_||> "<||_html:</span>_||><||_html:<span '
 "style='background-color: rgba(0.0, 165.0, 0, 0.15); border-radius: 3px;' "
 "title='1.0'>_||>Product<||_html:</span>_||><||_html:<span "
 "style='background-color: rgba(0.0, 165.0, 0, 0.15); border-radius: 3px;' "
 'title=\'1.0\'>_||>",<||_html:</span>_||><||_html:<span '
 "style='background-color: rgba(0.0, 165.0, 0, 0.15); border-radius: 3px;' "
 "title='1.0'>_||>\n"
 "<||_html:</span>_||><||_html:<span style='background-color: rgba(0.0, 165.0, "
 "0, 0.15); border-radius: 3px;' title='1.0'>_||>     "
 "<||_html:</span>_||><||_html:<span style='background-color: rgba(0.0, 165.0, "
 "0, 0.15); border-radius: 3px;' title='1.0'>_||> "
 '"<||_html:</span>_||><||_html:<span style=\'background-color: rgba(0.0, '
 "165.0, 0, 0.15); border-radius: 3px;' "
 "title='1.0'>_||>field<||_html:</span>_||><||_html:<span "
 "style='background-color: rgba(0.0, 165.0, 0, 0.15); border-radius: 3px;' "
 'title=\'1.0\'>_||>":<||_html:</span>_||><||_html:<span '
 "style='background-color: rgba(0.0, 165.0, 0, 0.15); border-radius: 3px;' "
 'title=\'1.0\'>_||> "<||_html:</span>_||><||_html:<span '
 "style='background-color: rgba(0.0, 165.0, 0, 0.15); border-radius: 3px;' "
 "title='1.0'>_||>stock<||_html:</span>_||><||_html:<span "
 "style='background-color: rgba(0.0, 165.0, 0, 0.15); border-radius: 3px;' "
 'title=\'1.0\'>_||>",<||_html:</span>_||><||_html:<span '
 "style='background-color: rgba(0.0, 165.0, 0, 0.15); border-radius: 3px;' "
 "title='1.0'>_||>\n"
 "<||_html:</span>_||><||_html:<span style='background-color: rgba(0.0, 165.0, "
 "0, 0.15); border-radius: 3px;' title='1.0'>_||>     "
 "<||_html:</span>_||><||_html:<span style='background-color: rgba(0.0, 165.0, "
 "0, 0.15); border-radius: 3px;' title='1.0'>_||> "
 '"<||_html:</span>_||><||_html:<span style=\'background-color: rgba(0.0, '
 "165.0, 0, 0.15); border-radius: 3px;' "
 "title='1.0'>_||>change<||_html:</span>_||><||_html:<span "
 "style='background-color: rgba(0.0, 165.0, 0, 0.15); border-radius: 3px;' "
 'title=\'1.0\'>_||>":<||_html:</span>_||><||_html:<span '
 "style='background-color: rgba(0.0, 165.0, 0, 0.15); border-radius: 3px;' "
 'title=\'1.0\'>_||> "<||_html:</span>_||><||_html:<span '
 "style='background-color: rgba(0.0, 165.0, 0, 0.15); border-radius: 3px;' "
 "title='1.0'>_||>field<||_html:</span>_||><||_html:<span "
 "style='background-color: rgba(0.0, 165.0, 0, 0.15); border-radius: 3px;' "
 "title='1.0'>_||> removed<||_html:</span>_||><||_html:<span "
 "style='background-color: rgba(0.0, 165.0, 0, 0.15); border-radius: 3px;' "
 'title=\'1.0\'>_||>",<||_html:</span>_||><||_html:<span '
 "style='background-color: rgba(0.0, 165.0, 0, 0.15); border-radius: 3px;' "
 "title='1.0'>_||>\n"
 "<||_html:</span>_||><||_html:<span style='background-color: rgba(0.0, 165.0, "
 "0, 0.15); border-radius: 3px;' title='1.0'>_||>     "
 "<||_html:</span>_||><||_html:<span style='background-color: rgba(0.0, 165.0, "
 "0, 0.15); border-radius: 3px;' title='1.0'>_||> "
 '"<||_html:</span>_||><||_html:<span style=\'background-color: rgba(0.0, '
 "165.0, 0, 0.15); border-radius: 3px;' "
 "title='1.0'>_||>breaking<||_html:</span>_||><||_html:<span "
 "style='background-color: rgba(0.0, 165.0, 0, 0.15); border-radius: 3px;' "
 'title=\'1.0\'>_||>":<||_html:</span>_||><||_html:<span '
 "style='background-color: rgba(0.0, 165.0, 0, 0.15); border-radius: 3px;' "
 'title=\'1.0\'>_||> "<||_html:</span>_||><||_html:<span '
 "style='background-color: rgba(0.0, 165.0, 0, 0.15); border-radius: 3px;' "
 "title='1.0'>_||>true<||_html:</span>_||><||_html:<span "
 "style='background-color: rgba(0.0, 165.0, 0, 0.15); border-radius: 3px;' "
 'title=\'1.0\'>_||>",<||_html:</span>_||><||_html:<span '
 "style='background-color: rgba(0.0, 165.0, 0, 0.15); border-radius: 3px;' "
 "title='1.0'>_||>\n"
 "<||_html:</span>_||><||_html:<span style='background-color: rgba(0.0, 165.0, "
 "0, 0.15); border-radius: 3px;' title='1.0'>_||>     "
 "<||_html:</span>_||><||_html:<span style='background-color: rgba(0.0, 165.0, "
 "0, 0.15); border-radius: 3px;' title='1.0'>_||> "
 '"<||_html:</span>_||><||_html:<span style=\'background-color: rgba(0.0, '
 "165.0, 0, 0.15); border-radius: 3px;' "
 "title='1.0'>_||>release<||_html:</span>_||><||_html:<span "
 "style='background-color: rgba(0.0, 165.0, 0, 0.15); border-radius: 3px;' "
 "title='1.0'>_||>_<||_html:</span>_||><||_html:<span style='background-color: "
 "rgba(0.0, 165.0, 0, 0.15); border-radius: 3px;' "
 "title='1.0'>_||>note<||_html:</span>_||><||_html:<span "
 "style='background-color: rgba(0.0, 165.0, 0, 0.15); border-radius: 3px;' "
 'title=\'1.0\'>_||>":<||_html:</span>_||><||_html:<span '
 "style='background-color: rgba(0.0, 165.0, 0, 0.15); border-radius: 3px;' "
 'title=\'1.0\'>_||> "<||_html:</span>_||><||_html:<span '
 "style='background-color: rgba(0.0, 165.0, 0, 0.15); border-radius: 3px;' "
 "title='1.0'>_||>The<||_html:</span>_||><||_html:<span "
 "style='background-color: rgba(0.0, 165.0, 0, 0.15); border-radius: 3px;' "
 "title='1.0'>_||> '<||_html:</span>_||><||_html:<span "
 "style='background-color: rgba(0.0, 165.0, 0, 0.15); border-radius: 3px;' "
 "title='1.0'>_||>Product<||_html:</span>_||><||_html:<span "
 "style='background-color: rgba(0.0, 165.0, 0, 0.15); border-radius: 3px;' "
 "title='1.0'>_||>'<||_html:</span>_||><||_html:<span style='background-color: "
 "rgba(0.0, 165.0, 0, 0.15); border-radius: 3px;' title='1.0'>_||> "
 "type<||_html:</span>_||><||_html:<span style='background-color: rgba(0.0, "
 "165.0, 0, 0.15); border-radius: 3px;' title='1.0'>_||> "
 "no<||_html:</span>_||><||_html:<span style='background-color: rgba(0.0, "
 "165.0, 0, 0.15); border-radius: 3px;' title='1.0'>_||> "
 "longer<||_html:</span>_||><||_html:<span style='background-color: rgba(0.0, "
 "165.0, 0, 0.15); border-radius: 3px;' title='1.0'>_||> "
 "includes<||_html:</span>_||><||_html:<span style='background-color: "
 "rgba(0.0, 165.0, 0, 0.15); border-radius: 3px;' title='1.0'>_||> "
 "the<||_html:</span>_||><||_html:<span style='background-color: rgba(0.0, "
 "165.0, 0, 0.15); border-radius: 3px;' title='1.0'>_||> "
 "'<||_html:</span>_||><||_html:<span style='background-color: rgba(0.0, "
 "165.0, 0, 0.15); border-radius: 3px;' "
 "title='1.0'>_||>stock<||_html:</span>_||><||_html:<span "
 "style='background-color: rgba(0.0, 165.0, 0, 0.15); border-radius: 3px;' "
 "title='1.0'>_||>'<||_html:</span>_||><||_html:<span style='background-color: "
 "rgba(0.0, 165.0, 0, 0.15); border-radius: 3px;' title='1.0'>_||> "
 "field<||_html:</span>_||><||_html:<span style='background-color: rgba(0.0, "
 "165.0, 0, 0.15); border-radius: 3px;' "
 'title=\'1.0\'>_||>."<||_html:</span>_||><||_html:<span '
 "style='background-color: rgba(0.0, 165.0, 0, 0.15); border-radius: 3px;' "
 "title='1.0'>_||>\n"
 "<||_html:</span>_||><||_html:<span style='background-color: rgba(0.0, 165.0, "
 "0, 0.15); border-radius: 3px;' title='1.0'>_||>   "
 "<||_html:</span>_||><||_html:<span style='background-color: rgba(0.0, 165.0, "
 "0, 0.15); border-radius: 3px;' title='1.0'>_||> "
 "}<||_html:</span>_||><||_html:<span style='background-color: rgba(0.0, "
 "165.0, 0, 0.15); border-radius: 3px;' title='1.0'>_||>\n"
 "<||_html:</span>_||><||_html:<span style='background-color: rgba(0.0, 165.0, "
 "0, 0.15); border-radius: 3px;' title='1.0'>_||> "
 "<||_html:</span>_||><||_html:<span style='background-color: rgba(0.0, 165.0, "
 "0, 0.15); border-radius: 3px;' title='1.0'>_||> "
 "],<||_html:</span>_||><||_html:<span style='background-color: rgba(0.0, "
 "165.0, 0, 0.15); border-radius: 3px;' title='1.0'>_||>\n"
 "<||_html:</span>_||><||_html:<span style='background-color: rgba(0.0, 165.0, "
 "0, 0.15); border-radius: 3px;' title='1.0'>_||> "
 "<||_html:</span>_||><||_html:<span style='background-color: rgba(0.0, 165.0, "
 "0, 0.15); border-radius: 3px;' title='1.0'>_||> "
 '"<||_html:</span>_||><||_html:<span style=\'background-color: rgba(0.0, '
 "165.0, 0, 0.15); border-radius: 3px;' "
 "title='1.0'>_||>release<||_html:</span>_||><||_html:<span "
 "style='background-color: rgba(0.0, 165.0, 0, 0.15); border-radius: 3px;' "
 "title='1.0'>_||>_<||_html:</span>_||><||_html:<span style='background-color: "
 "rgba(0.0, 165.0, 0, 0.15); border-radius: 3px;' "
 "title='1.0'>_||>notes<||_html:</span>_||><||_html:<span "
 "style='background-color: rgba(0.0, 165.0, 0, 0.15); border-radius: 3px;' "
 'title=\'1.0\'>_||>":<||_html:</span>_||><||_html:<span '
 "style='background-color: rgba(0.0, 165.0, 0, 0.15); border-radius: 3px;' "
 "title='1.0'>_||> {<||_html:</span>_||><||_html:<span "
 "style='background-color: rgba(0.0, 165.0, 0, 0.15); border-radius: 3px;' "
 "title='1.0'>_||>\n"
 "<||_html:</span>_||><||_html:<span style='background-color: rgba(0.0, 165.0, "
 "0, 0.15); border-radius: 3px;' title='1.0'>_||>   "
 "<||_html:</span>_||><||_html:<span style='background-color: rgba(0.0, 165.0, "
 "0, 0.15); border-radius: 3px;' title='1.0'>_||> "
 '"<||_html:</span>_||><||_html:<span style=\'background-color: rgba(0.0, '
 "165.0, 0, 0.15); border-radius: 3px;' title='1.0'>_||>")
('Analyze the following two GraphQL schemas for changes, including both '
 'breaking and non-breaking changes.\n'
 '\n'
 '                        Provide your analysis in the following JSON format:\n'
 '                        {\n'
 '                          "changes": [\n'
 '                            {\n'
 '                              "type": "String representing the GraphQL type '
 '(e.g., Query, Mutation, Subscription)",\n'
 '                              "field": "String representing the specific '
 'field that changed",\n'
 '                              "change": "String describing the change (e.g., '
 'field renamed, new field added, field removed)",\n'
 '                              "breaking": "Boolean indicating if the change '
 'is breaking (true) or non-breaking (false)",\n'
 '                              "release_note": "String with a natural '
 'language description of the change for release notes"\n'
 '                            }\n'
 '                          ],\n'
 '                          "release_notes": {\n'
 '                              "summary": "String summarizing all changes, '
 'suitable for a mailing list or public announcement"\n'
 '                          }\n'
 '                        }\n'
 '\n'
 '                        When analyzing, consider the following types of '
 'changes:\n'
 '                        1. Removing fields or types (breaking)\n'
 '                        2. Changing field types (potentially breaking)\n'
 '                        3. Adding required fields (breaking)\n'
 '                        4. Changing the type of existing arguments '
 '(breaking)\n'
 '                        5. Adding optional fields (non-breaking)\n'
 '                        6. Adding new types (non-breaking)\n'
 '                        7. Deprecating fields (non-breaking)\n'
 '\n'
 '                        Ensure that each change is categorized correctly as '
 'breaking or non-breaking.: type Query {\n'
 '  getProduct(id: ID!): Product\n'
 '}\n'
 '\n'
 'type Product {\n'
 '  id: ID\n'
 '  name: String\n'
 '  description: String\n'
 '  price: Float\n'
 '  stock: Int\n'
 '}\n'
 ', type Query {\n'
 '  getProduct(id: ID!): Product\n'
 '}\n'
 '\n'
 'type Product {\n'
 '  id: ID\n'
 '  name: String\n'
 '  details: String\n'
 '  price: Float\n'
 '}\n'
 '\n'
 "Answer:<||_html:<span style='background-color: rgba(0.0, 165.0, 0, 0.15); "
 "border-radius: 3px;' title='1.0'>_||> {<||_html:</span>_||><||_html:<span "
 "style='background-color: rgba(0.0, 165.0, 0, 0.15); border-radius: 3px;' "
 "title='1.0'>_||>\n"
 "<||_html:</span>_||><||_html:<span style='background-color: rgba(0.0, 165.0, "
 "0, 0.15); border-radius: 3px;' title='1.0'>_||> "
 "<||_html:</span>_||><||_html:<span style='background-color: rgba(0.0, 165.0, "
 "0, 0.15); border-radius: 3px;' title='1.0'>_||> "
 '"<||_html:</span>_||><||_html:<span style=\'background-color: rgba(0.0, '
 "165.0, 0, 0.15); border-radius: 3px;' "
 "title='1.0'>_||>changes<||_html:</span>_||><||_html:<span "
 "style='background-color: rgba(0.0, 165.0, 0, 0.15); border-radius: 3px;' "
 'title=\'1.0\'>_||>":<||_html:</span>_||><||_html:<span '
 "style='background-color: rgba(0.0, 165.0, 0, 0.15); border-radius: 3px;' "
 "title='1.0'>_||> [<||_html:</span>_||><||_html:<span "
 "style='background-color: rgba(0.0, 165.0, 0, 0.15); border-radius: 3px;' "
 "title='1.0'>_||>\n"
 "<||_html:</span>_||><||_html:<span style='background-color: rgba(0.0, 165.0, "
 "0, 0.15); border-radius: 3px;' title='1.0'>_||>   "
 "<||_html:</span>_||><||_html:<span style='background-color: rgba(0.0, 165.0, "
 "0, 0.15); border-radius: 3px;' title='1.0'>_||> "
 "{<||_html:</span>_||><||_html:<span style='background-color: rgba(0.0, "
 "165.0, 0, 0.15); border-radius: 3px;' title='1.0'>_||>\n"
 "<||_html:</span>_||><||_html:<span style='background-color: rgba(0.0, 165.0, "
 "0, 0.15); border-radius: 3px;' title='1.0'>_||>     "
 "<||_html:</span>_||><||_html:<span style='background-color: rgba(0.0, 165.0, "
 "0, 0.15); border-radius: 3px;' title='1.0'>_||> "
 '"<||_html:</span>_||><||_html:<span style=\'background-color: rgba(0.0, '
 "165.0, 0, 0.15); border-radius: 3px;' "
 "title='1.0'>_||>type<||_html:</span>_||><||_html:<span "
 "style='background-color: rgba(0.0, 165.0, 0, 0.15); border-radius: 3px;' "
 'title=\'1.0\'>_||>":<||_html:</span>_||><||_html:<span '
 "style='background-color: rgba(0.0, 165.0, 0, 0.15); border-radius: 3px;' "
 'title=\'1.0\'>_||> "<||_html:</span>_||><||_html:<span '
 "style='background-color: rgba(0.0, 165.0, 0, 0.15); border-radius: 3px;' "
 "title='1.0'>_||>Query<||_html:</span>_||><||_html:<span "
 "style='background-color: rgba(0.0, 165.0, 0, 0.15); border-radius: 3px;' "
 'title=\'1.0\'>_||>",<||_html:</span>_||><||_html:<span '
 "style='background-color: rgba(0.0, 165.0, 0, 0.15); border-radius: 3px;' "
 "title='1.0'>_||>\n"
 "<||_html:</span>_||><||_html:<span style='background-color: rgba(0.0, 165.0, "
 "0, 0.15); border-radius: 3px;' title='1.0'>_||>     "
 "<||_html:</span>_||><||_html:<span style='background-color: rgba(0.0, 165.0, "
 "0, 0.15); border-radius: 3px;' title='1.0'>_||> "
 '"<||_html:</span>_||><||_html:<span style=\'background-color: rgba(0.0, '
 "165.0, 0, 0.15); border-radius: 3px;' "
 "title='1.0'>_||>field<||_html:</span>_||><||_html:<span "
 "style='background-color: rgba(0.0, 165.0, 0, 0.15); border-radius: 3px;' "
 'title=\'1.0\'>_||>":<||_html:</span>_||><||_html:<span '
 "style='background-color: rgba(0.0, 165.0, 0, 0.15); border-radius: 3px;' "
 'title=\'1.0\'>_||> "<||_html:</span>_||><||_html:<span '
 "style='background-color: rgba(0.0, 165.0, 0, 0.15); border-radius: 3px;' "
 "title='1.0'>_||>get<||_html:</span>_||><||_html:<span "
 "style='background-color: rgba(0.0, 165.0, 0, 0.15); border-radius: 3px;' "
 "title='1.0'>_||>Product<||_html:</span>_||><||_html:<span "
 "style='background-color: rgba(0.0, 165.0, 0, 0.15); border-radius: 3px;' "
 'title=\'1.0\'>_||>",<||_html:</span>_||><||_html:<span '
 "style='background-color: rgba(0.0, 165.0, 0, 0.15); border-radius: 3px;' "
 "title='1.0'>_||>\n"
 "<||_html:</span>_||><||_html:<span style='background-color: rgba(0.0, 165.0, "
 "0, 0.15); border-radius: 3px;' title='1.0'>_||>     "
 "<||_html:</span>_||><||_html:<span style='background-color: rgba(0.0, 165.0, "
 "0, 0.15); border-radius: 3px;' title='1.0'>_||> "
 '"<||_html:</span>_||><||_html:<span style=\'background-color: rgba(0.0, '
 "165.0, 0, 0.15); border-radius: 3px;' "
 "title='1.0'>_||>change<||_html:</span>_||><||_html:<span "
 "style='background-color: rgba(0.0, 165.0, 0, 0.15); border-radius: 3px;' "
 'title=\'1.0\'>_||>":<||_html:</span>_||><||_html:<span '
 "style='background-color: rgba(0.0, 165.0, 0, 0.15); border-radius: 3px;' "
 'title=\'1.0\'>_||> "<||_html:</span>_||><||_html:<span '
 "style='background-color: rgba(0.0, 165.0, 0, 0.15); border-radius: 3px;' "
 "title='1.0'>_||>field<||_html:</span>_||><||_html:<span "
 "style='background-color: rgba(0.0, 165.0, 0, 0.15); border-radius: 3px;' "
 "title='1.0'>_||> details<||_html:</span>_||><||_html:<span "
 "style='background-color: rgba(0.0, 165.0, 0, 0.15); border-radius: 3px;' "
 "title='1.0'>_||> added<||_html:</span>_||><||_html:<span "
 "style='background-color: rgba(0.0, 165.0, 0, 0.15); border-radius: 3px;' "
 'title=\'1.0\'>_||>",<||_html:</span>_||><||_html:<span '
 "style='background-color: rgba(0.0, 165.0, 0, 0.15); border-radius: 3px;' "
 "title='1.0'>_||>\n"
 "<||_html:</span>_||><||_html:<span style='background-color: rgba(0.0, 165.0, "
 "0, 0.15); border-radius: 3px;' title='1.0'>_||>     "
 "<||_html:</span>_||><||_html:<span style='background-color: rgba(0.0, 165.0, "
 "0, 0.15); border-radius: 3px;' title='1.0'>_||> "
 '"<||_html:</span>_||><||_html:<span style=\'background-color: rgba(0.0, '
 "165.0, 0, 0.15); border-radius: 3px;' "
 "title='1.0'>_||>breaking<||_html:</span>_||><||_html:<span "
 "style='background-color: rgba(0.0, 165.0, 0, 0.15); border-radius: 3px;' "
 'title=\'1.0\'>_||>":<||_html:</span>_||><||_html:<span '
 "style='background-color: rgba(0.0, 165.0, 0, 0.15); border-radius: 3px;' "
 'title=\'1.0\'>_||> "<||_html:</span>_||><||_html:<span '
 "style='background-color: rgba(0.0, 165.0, 0, 0.15); border-radius: 3px;' "
 "title='1.0'>_||>false<||_html:</span>_||><||_html:<span "
 "style='background-color: rgba(0.0, 165.0, 0, 0.15); border-radius: 3px;' "
 'title=\'1.0\'>_||>",<||_html:</span>_||><||_html:<span '
 "style='background-color: rgba(0.0, 165.0, 0, 0.15); border-radius: 3px;' "
 "title='1.0'>_||>\n"
 "<||_html:</span>_||><||_html:<span style='background-color: rgba(0.0, 165.0, "
 "0, 0.15); border-radius: 3px;' title='1.0'>_||>     "
 "<||_html:</span>_||><||_html:<span style='background-color: rgba(0.0, 165.0, "
 "0, 0.15); border-radius: 3px;' title='1.0'>_||> "
 '"<||_html:</span>_||><||_html:<span style=\'background-color: rgba(0.0, '
 "165.0, 0, 0.15); border-radius: 3px;' "
 "title='1.0'>_||>release<||_html:</span>_||><||_html:<span "
 "style='background-color: rgba(0.0, 165.0, 0, 0.15); border-radius: 3px;' "
 "title='1.0'>_||>_<||_html:</span>_||><||_html:<span style='background-color: "
 "rgba(0.0, 165.0, 0, 0.15); border-radius: 3px;' "
 "title='1.0'>_||>note<||_html:</span>_||><||_html:<span "
 "style='background-color: rgba(0.0, 165.0, 0, 0.15); border-radius: 3px;' "
 'title=\'1.0\'>_||>":<||_html:</span>_||><||_html:<span '
 "style='background-color: rgba(0.0, 165.0, 0, 0.15); border-radius: 3px;' "
 'title=\'1.0\'>_||> "<||_html:</span>_||><||_html:<span '
 "style='background-color: rgba(0.0, 165.0, 0, 0.15); border-radius: 3px;' "
 "title='1.0'>_||>The<||_html:</span>_||><||_html:<span "
 "style='background-color: rgba(0.0, 165.0, 0, 0.15); border-radius: 3px;' "
 "title='1.0'>_||> '<||_html:</span>_||><||_html:<span "
 "style='background-color: rgba(0.0, 165.0, 0, 0.15); border-radius: 3px;' "
 "title='1.0'>_||>get<||_html:</span>_||><||_html:<span "
 "style='background-color: rgba(0.0, 165.0, 0, 0.15); border-radius: 3px;' "
 "title='1.0'>_||>Product<||_html:</span>_||><||_html:<span "
 "style='background-color: rgba(0.0, 165.0, 0, 0.15); border-radius: 3px;' "
 "title='1.0'>_||>'<||_html:</span>_||><||_html:<span style='background-color: "
 "rgba(0.0, 165.0, 0, 0.15); border-radius: 3px;' title='1.0'>_||> "
 "query<||_html:</span>_||><||_html:<span style='background-color: rgba(0.0, "
 "165.0, 0, 0.15); border-radius: 3px;' title='1.0'>_||> "
 "now<||_html:</span>_||><||_html:<span style='background-color: rgba(0.0, "
 "165.0, 0, 0.15); border-radius: 3px;' title='1.0'>_||> "
 "includes<||_html:</span>_||><||_html:<span style='background-color: "
 "rgba(0.0, 165.0, 0, 0.15); border-radius: 3px;' title='1.0'>_||> "
 "a<||_html:</span>_||><||_html:<span style='background-color: rgba(0.0, "
 "165.0, 0, 0.15); border-radius: 3px;' title='1.0'>_||> "
 "new<||_html:</span>_||><||_html:<span style='background-color: rgba(0.0, "
 "165.0, 0, 0.15); border-radius: 3px;' title='1.0'>_||> "
 "field<||_html:</span>_||><||_html:<span style='background-color: rgba(0.0, "
 "165.0, 0, 0.15); border-radius: 3px;' title='1.0'>_||> "
 "'<||_html:</span>_||><||_html:<span style='background-color: rgba(0.0, "
 "165.0, 0, 0.15); border-radius: 3px;' "
 "title='1.0'>_||>details<||_html:</span>_||><||_html:<span "
 "style='background-color: rgba(0.0, 165.0, 0, 0.15); border-radius: 3px;' "
 "title='1.0'>_||>'<||_html:</span>_||><||_html:<span style='background-color: "
 "rgba(0.0, 165.0, 0, 0.15); border-radius: 3px;' title='1.0'>_||> "
 "of<||_html:</span>_||><||_html:<span style='background-color: rgba(0.0, "
 "165.0, 0, 0.15); border-radius: 3px;' title='1.0'>_||> "
 "type<||_html:</span>_||><||_html:<span style='background-color: rgba(0.0, "
 "165.0, 0, 0.15); border-radius: 3px;' title='1.0'>_||> "
 "String<||_html:</span>_||><||_html:<span style='background-color: rgba(0.0, "
 "165.0, 0, 0.15); border-radius: 3px;' "
 'title=\'1.0\'>_||>."<||_html:</span>_||><||_html:<span '
 "style='background-color: rgba(0.0, 165.0, 0, 0.15); border-radius: 3px;' "
 "title='1.0'>_||>\n"
 "<||_html:</span>_||><||_html:<span style='background-color: rgba(0.0, 165.0, "
 "0, 0.15); border-radius: 3px;' title='1.0'>_||>   "
 "<||_html:</span>_||><||_html:<span style='background-color: rgba(0.0, 165.0, "
 "0, 0.15); border-radius: 3px;' title='1.0'>_||> "
 "},<||_html:</span>_||><||_html:<span style='background-color: rgba(0.0, "
 "165.0, 0, 0.15); border-radius: 3px;' title='1.0'>_||>\n"
 "<||_html:</span>_||><||_html:<span style='background-color: rgba(0.0, 165.0, "
 "0, 0.15); border-radius: 3px;' title='1.0'>_||>   "
 "<||_html:</span>_||><||_html:<span style='background-color: rgba(0.0, 165.0, "
 "0, 0.15); border-radius: 3px;' title='1.0'>_||> "
 "{<||_html:</span>_||><||_html:<span style='background-color: rgba(0.0, "
 "165.0, 0, 0.15); border-radius: 3px;' title='1.0'>_||>\n"
 "<||_html:</span>_||><||_html:<span style='background-color: rgba(0.0, 165.0, "
 "0, 0.15); border-radius: 3px;' title='1.0'>_||>     "
 "<||_html:</span>_||><||_html:<span style='background-color: rgba(0.0, 165.0, "
 "0, 0.15); border-radius: 3px;' title='1.0'>_||> "
 '"<||_html:</span>_||><||_html:<span style=\'background-color: rgba(0.0, '
 "165.0, 0, 0.15); border-radius: 3px;' "
 "title='1.0'>_||>type<||_html:</span>_||><||_html:<span "
 "style='background-color: rgba(0.0, 165.0, 0, 0.15); border-radius: 3px;' "
 'title=\'1.0\'>_||>":<||_html:</span>_||><||_html:<span '
 "style='background-color: rgba(0.0, 165.0, 0, 0.15); border-radius: 3px;' "
 'title=\'1.0\'>_||> "<||_html:</span>_||><||_html:<span '
 "style='background-color: rgba(0.0, 165.0, 0, 0.15); border-radius: 3px;' "
 "title='1.0'>_||>Product<||_html:</span>_||><||_html:<span "
 "style='background-color: rgba(0.0, 165.0, 0, 0.15); border-radius: 3px;' "
 'title=\'1.0\'>_||>",<||_html:</span>_||><||_html:<span '
 "style='background-color: rgba(0.0, 165.0, 0, 0.15); border-radius: 3px;' "
 "title='1.0'>_||>\n"
 "<||_html:</span>_||><||_html:<span style='background-color: rgba(0.0, 165.0, "
 "0, 0.15); border-radius: 3px;' title='1.0'>_||>     "
 "<||_html:</span>_||><||_html:<span style='background-color: rgba(0.0, 165.0, "
 "0, 0.15); border-radius: 3px;' title='1.0'>_||> "
 '"<||_html:</span>_||><||_html:<span style=\'background-color: rgba(0.0, '
 "165.0, 0, 0.15); border-radius: 3px;' "
 "title='1.0'>_||>field<||_html:</span>_||><||_html:<span "
 "style='background-color: rgba(0.0, 165.0, 0, 0.15); border-radius: 3px;' "
 'title=\'1.0\'>_||>":<||_html:</span>_||><||_html:<span '
 "style='background-color: rgba(0.0, 165.0, 0, 0.15); border-radius: 3px;' "
 'title=\'1.0\'>_||> "<||_html:</span>_||><||_html:<span '
 "style='background-color: rgba(0.0, 165.0, 0, 0.15); border-radius: 3px;' "
 "title='1.0'>_||>description<||_html:</span>_||><||_html:<span "
 "style='background-color: rgba(0.0, 165.0, 0, 0.15); border-radius: 3px;' "
 'title=\'1.0\'>_||>",<||_html:</span>_||><||_html:<span '
 "style='background-color: rgba(0.0, 165.0, 0, 0.15); border-radius: 3px;' "
 "title='1.0'>_||>\n"
 "<||_html:</span>_||><||_html:<span style='background-color: rgba(0.0, 165.0, "
 "0, 0.15); border-radius: 3px;' title='1.0'>_||>     "
 "<||_html:</span>_||><||_html:<span style='background-color: rgba(0.0, 165.0, "
 "0, 0.15); border-radius: 3px;' title='1.0'>_||> "
 '"<||_html:</span>_||><||_html:<span style=\'background-color: rgba(0.0, '
 "165.0, 0, 0.15); border-radius: 3px;' "
 "title='1.0'>_||>change<||_html:</span>_||><||_html:<span "
 "style='background-color: rgba(0.0, 165.0, 0, 0.15); border-radius: 3px;' "
 'title=\'1.0\'>_||>":<||_html:</span>_||><||_html:<span '
 "style='background-color: rgba(0.0, 165.0, 0, 0.15); border-radius: 3px;' "
 'title=\'1.0\'>_||> "<||_html:</span>_||><||_html:<span '
 "style='background-color: rgba(0.0, 165.0, 0, 0.15); border-radius: 3px;' "
 "title='1.0'>_||>field<||_html:</span>_||><||_html:<span "
 "style='background-color: rgba(0.0, 165.0, 0, 0.15); border-radius: 3px;' "
 "title='1.0'>_||> removed<||_html:</span>_||><||_html:<span "
 "style='background-color: rgba(0.0, 165.0, 0, 0.15); border-radius: 3px;' "
 'title=\'1.0\'>_||>",<||_html:</span>_||><||_html:<span '
 "style='background-color: rgba(0.0, 165.0, 0, 0.15); border-radius: 3px;' "
 "title='1.0'>_||>\n"
 "<||_html:</span>_||><||_html:<span style='background-color: rgba(0.0, 165.0, "
 "0, 0.15); border-radius: 3px;' title='1.0'>_||>     "
 "<||_html:</span>_||><||_html:<span style='background-color: rgba(0.0, 165.0, "
 "0, 0.15); border-radius: 3px;' title='1.0'>_||> "
 '"<||_html:</span>_||><||_html:<span style=\'background-color: rgba(0.0, '
 "165.0, 0, 0.15); border-radius: 3px;' "
 "title='1.0'>_||>breaking<||_html:</span>_||><||_html:<span "
 "style='background-color: rgba(0.0, 165.0, 0, 0.15); border-radius: 3px;' "
 'title=\'1.0\'>_||>":<||_html:</span>_||><||_html:<span '
 "style='background-color: rgba(0.0, 165.0, 0, 0.15); border-radius: 3px;' "
 'title=\'1.0\'>_||> "<||_html:</span>_||><||_html:<span '
 "style='background-color: rgba(0.0, 165.0, 0, 0.15); border-radius: 3px;' "
 "title='1.0'>_||>true<||_html:</span>_||><||_html:<span "
 "style='background-color: rgba(0.0, 165.0, 0, 0.15); border-radius: 3px;' "
 'title=\'1.0\'>_||>",<||_html:</span>_||><||_html:<span '
 "style='background-color: rgba(0.0, 165.0, 0, 0.15); border-radius: 3px;' "
 "title='1.0'>_||>\n"
 "<||_html:</span>_||><||_html:<span style='background-color: rgba(0.0, 165.0, "
 "0, 0.15); border-radius: 3px;' title='1.0'>_||>     "
 "<||_html:</span>_||><||_html:<span style='background-color: rgba(0.0, 165.0, "
 "0, 0.15); border-radius: 3px;' title='1.0'>_||> "
 '"<||_html:</span>_||><||_html:<span style=\'background-color: rgba(0.0, '
 "165.0, 0, 0.15); border-radius: 3px;' "
 "title='1.0'>_||>release<||_html:</span>_||><||_html:<span "
 "style='background-color: rgba(0.0, 165.0, 0, 0.15); border-radius: 3px;' "
 "title='1.0'>_||>_<||_html:</span>_||><||_html:<span style='background-color: "
 "rgba(0.0, 165.0, 0, 0.15); border-radius: 3px;' "
 "title='1.0'>_||>note<||_html:</span>_||><||_html:<span "
 "style='background-color: rgba(0.0, 165.0, 0, 0.15); border-radius: 3px;' "
 'title=\'1.0\'>_||>":<||_html:</span>_||><||_html:<span '
 "style='background-color: rgba(0.0, 165.0, 0, 0.15); border-radius: 3px;' "
 'title=\'1.0\'>_||> "<||_html:</span>_||><||_html:<span '
 "style='background-color: rgba(0.0, 165.0, 0, 0.15); border-radius: 3px;' "
 "title='1.0'>_||>The<||_html:</span>_||><||_html:<span "
 "style='background-color: rgba(0.0, 165.0, 0, 0.15); border-radius: 3px;' "
 "title='1.0'>_||> '<||_html:</span>_||><||_html:<span "
 "style='background-color: rgba(0.0, 165.0, 0, 0.15); border-radius: 3px;' "
 "title='1.0'>_||>Product<||_html:</span>_||><||_html:<span "
 "style='background-color: rgba(0.0, 165.0, 0, 0.15); border-radius: 3px;' "
 "title='1.0'>_||>'<||_html:</span>_||><||_html:<span style='background-color: "
 "rgba(0.0, 165.0, 0, 0.15); border-radius: 3px;' title='1.0'>_||> "
 "type<||_html:</span>_||><||_html:<span style='background-color: rgba(0.0, "
 "165.0, 0, 0.15); border-radius: 3px;' title='1.0'>_||> "
 "no<||_html:</span>_||><||_html:<span style='background-color: rgba(0.0, "
 "165.0, 0, 0.15); border-radius: 3px;' title='1.0'>_||> "
 "longer<||_html:</span>_||><||_html:<span style='background-color: rgba(0.0, "
 "165.0, 0, 0.15); border-radius: 3px;' title='1.0'>_||> "
 "includes<||_html:</span>_||><||_html:<span style='background-color: "
 "rgba(0.0, 165.0, 0, 0.15); border-radius: 3px;' title='1.0'>_||> "
 "the<||_html:</span>_||><||_html:<span style='background-color: rgba(0.0, "
 "165.0, 0, 0.15); border-radius: 3px;' title='1.0'>_||> "
 "'<||_html:</span>_||><||_html:<span style='background-color: rgba(0.0, "
 "165.0, 0, 0.15); border-radius: 3px;' "
 "title='1.0'>_||>description<||_html:</span>_||><||_html:<span "
 "style='background-color: rgba(0.0, 165.0, 0, 0.15); border-radius: 3px;' "
 "title='1.0'>_||>'<||_html:</span>_||><||_html:<span style='background-color: "
 "rgba(0.0, 165.0, 0, 0.15); border-radius: 3px;' title='1.0'>_||> "
 "field<||_html:</span>_||><||_html:<span style='background-color: rgba(0.0, "
 "165.0, 0, 0.15); border-radius: 3px;' "
 'title=\'1.0\'>_||>."<||_html:</span>_||><||_html:<span '
 "style='background-color: rgba(0.0, 165.0, 0, 0.15); border-radius: 3px;' "
 "title='1.0'>_||>\n"
 "<||_html:</span>_||><||_html:<span style='background-color: rgba(0.0, 165.0, "
 "0, 0.15); border-radius: 3px;' title='1.0'>_||>   "
 "<||_html:</span>_||><||_html:<span style='background-color: rgba(0.0, 165.0, "
 "0, 0.15); border-radius: 3px;' title='1.0'>_||> "
 "},<||_html:</span>_||><||_html:<span style='background-color: rgba(0.0, "
 "165.0, 0, 0.15); border-radius: 3px;' title='1.0'>_||>\n"
 "<||_html:</span>_||><||_html:<span style='background-color: rgba(0.0, 165.0, "
 "0, 0.15); border-radius: 3px;' title='1.0'>_||>   "
 "<||_html:</span>_||><||_html:<span style='background-color: rgba(0.0, 165.0, "
 "0, 0.15); border-radius: 3px;' title='1.0'>_||> "
 "{<||_html:</span>_||><||_html:<span style='background-color: rgba(0.0, "
 "165.0, 0, 0.15); border-radius: 3px;' title='1.0'>_||>\n"
 "<||_html:</span>_||><||_html:<span style='background-color: rgba(0.0, 165.0, "
 "0, 0.15); border-radius: 3px;' title='1.0'>_||>     "
 "<||_html:</span>_||><||_html:<span style='background-color: rgba(0.0, 165.0, "
 "0, 0.15); border-radius: 3px;' title='1.0'>_||> "
 '"<||_html:</span>_||><||_html:<span style=\'background-color: rgba(0.0, '
 "165.0, 0, 0.15); border-radius: 3px;' "
 "title='1.0'>_||>type<||_html:</span>_||><||_html:<span "
 "style='background-color: rgba(0.0, 165.0, 0, 0.15); border-radius: 3px;' "
 'title=\'1.0\'>_||>":<||_html:</span>_||><||_html:<span '
 "style='background-color: rgba(0.0, 165.0, 0, 0.15); border-radius: 3px;' "
 'title=\'1.0\'>_||> "<||_html:</span>_||><||_html:<span '
 "style='background-color: rgba(0.0, 165.0, 0, 0.15); border-radius: 3px;' "
 "title='1.0'>_||>Product<||_html:</span>_||><||_html:<span "
 "style='background-color: rgba(0.0, 165.0, 0, 0.15); border-radius: 3px;' "
 'title=\'1.0\'>_||>",<||_html:</span>_||><||_html:<span '
 "style='background-color: rgba(0.0, 165.0, 0, 0.15); border-radius: 3px;' "
 "title='1.0'>_||>\n"
 "<||_html:</span>_||><||_html:<span style='background-color: rgba(0.0, 165.0, "
 "0, 0.15); border-radius: 3px;' title='1.0'>_||>     "
 "<||_html:</span>_||><||_html:<span style='background-color: rgba(0.0, 165.0, "
 "0, 0.15); border-radius: 3px;' title='1.0'>_||> "
 '"<||_html:</span>_||><||_html:<span style=\'background-color: rgba(0.0, '
 "165.0, 0, 0.15); border-radius: 3px;' "
 "title='1.0'>_||>field<||_html:</span>_||><||_html:<span "
 "style='background-color: rgba(0.0, 165.0, 0, 0.15); border-radius: 3px;' "
 'title=\'1.0\'>_||>":<||_html:</span>_||><||_html:<span '
 "style='background-color: rgba(0.0, 165.0, 0, 0.15); border-radius: 3px;' "
 'title=\'1.0\'>_||> "<||_html:</span>_||><||_html:<span '
 "style='background-color: rgba(0.0, 165.0, 0, 0.15); border-radius: 3px;' "
 "title='1.0'>_||>stock<||_html:</span>_||><||_html:<span "
 "style='background-color: rgba(0.0, 165.0, 0, 0.15); border-radius: 3px;' "
 'title=\'1.0\'>_||>",<||_html:</span>_||><||_html:<span '
 "style='background-color: rgba(0.0, 165.0, 0, 0.15); border-radius: 3px;' "
 "title='1.0'>_||>\n"
 "<||_html:</span>_||><||_html:<span style='background-color: rgba(0.0, 165.0, "
 "0, 0.15); border-radius: 3px;' title='1.0'>_||>     "
 "<||_html:</span>_||><||_html:<span style='background-color: rgba(0.0, 165.0, "
 "0, 0.15); border-radius: 3px;' title='1.0'>_||> "
 '"<||_html:</span>_||><||_html:<span style=\'background-color: rgba(0.0, '
 "165.0, 0, 0.15); border-radius: 3px;' "
 "title='1.0'>_||>change<||_html:</span>_||><||_html:<span "
 "style='background-color: rgba(0.0, 165.0, 0, 0.15); border-radius: 3px;' "
 'title=\'1.0\'>_||>":<||_html:</span>_||><||_html:<span '
 "style='background-color: rgba(0.0, 165.0, 0, 0.15); border-radius: 3px;' "
 'title=\'1.0\'>_||> "<||_html:</span>_||><||_html:<span '
 "style='background-color: rgba(0.0, 165.0, 0, 0.15); border-radius: 3px;' "
 "title='1.0'>_||>field<||_html:</span>_||><||_html:<span "
 "style='background-color: rgba(0.0, 165.0, 0, 0.15); border-radius: 3px;' "
 "title='1.0'>_||> removed<||_html:</span>_||><||_html:<span "
 "style='background-color: rgba(0.0, 165.0, 0, 0.15); border-radius: 3px;' "
 'title=\'1.0\'>_||>",<||_html:</span>_||><||_html:<span '
 "style='background-color: rgba(0.0, 165.0, 0, 0.15); border-radius: 3px;' "
 "title='1.0'>_||>\n"
 "<||_html:</span>_||><||_html:<span style='background-color: rgba(0.0, 165.0, "
 "0, 0.15); border-radius: 3px;' title='1.0'>_||>     "
 "<||_html:</span>_||><||_html:<span style='background-color: rgba(0.0, 165.0, "
 "0, 0.15); border-radius: 3px;' title='1.0'>_||> "
 '"<||_html:</span>_||><||_html:<span style=\'background-color: rgba(0.0, '
 "165.0, 0, 0.15); border-radius: 3px;' "
 "title='1.0'>_||>breaking<||_html:</span>_||><||_html:<span "
 "style='background-color: rgba(0.0, 165.0, 0, 0.15); border-radius: 3px;' "
 'title=\'1.0\'>_||>":<||_html:</span>_||><||_html:<span '
 "style='background-color: rgba(0.0, 165.0, 0, 0.15); border-radius: 3px;' "
 'title=\'1.0\'>_||> "<||_html:</span>_||><||_html:<span '
 "style='background-color: rgba(0.0, 165.0, 0, 0.15); border-radius: 3px;' "
 "title='1.0'>_||>true<||_html:</span>_||><||_html:<span "
 "style='background-color: rgba(0.0, 165.0, 0, 0.15); border-radius: 3px;' "
 'title=\'1.0\'>_||>",<||_html:</span>_||><||_html:<span '
 "style='background-color: rgba(0.0, 165.0, 0, 0.15); border-radius: 3px;' "
 "title='1.0'>_||>\n"
 "<||_html:</span>_||><||_html:<span style='background-color: rgba(0.0, 165.0, "
 "0, 0.15); border-radius: 3px;' title='1.0'>_||>     "
 "<||_html:</span>_||><||_html:<span style='background-color: rgba(0.0, 165.0, "
 "0, 0.15); border-radius: 3px;' title='1.0'>_||> "
 '"<||_html:</span>_||><||_html:<span style=\'background-color: rgba(0.0, '
 "165.0, 0, 0.15); border-radius: 3px;' "
 "title='1.0'>_||>release<||_html:</span>_||><||_html:<span "
 "style='background-color: rgba(0.0, 165.0, 0, 0.15); border-radius: 3px;' "
 "title='1.0'>_||>_<||_html:</span>_||><||_html:<span style='background-color: "
 "rgba(0.0, 165.0, 0, 0.15); border-radius: 3px;' "
 "title='1.0'>_||>note<||_html:</span>_||><||_html:<span "
 "style='background-color: rgba(0.0, 165.0, 0, 0.15); border-radius: 3px;' "
 'title=\'1.0\'>_||>":<||_html:</span>_||><||_html:<span '
 "style='background-color: rgba(0.0, 165.0, 0, 0.15); border-radius: 3px;' "
 'title=\'1.0\'>_||> "<||_html:</span>_||><||_html:<span '
 "style='background-color: rgba(0.0, 165.0, 0, 0.15); border-radius: 3px;' "
 "title='1.0'>_||>The<||_html:</span>_||><||_html:<span "
 "style='background-color: rgba(0.0, 165.0, 0, 0.15); border-radius: 3px;' "
 "title='1.0'>_||> '<||_html:</span>_||><||_html:<span "
 "style='background-color: rgba(0.0, 165.0, 0, 0.15); border-radius: 3px;' "
 "title='1.0'>_||>Product<||_html:</span>_||><||_html:<span "
 "style='background-color: rgba(0.0, 165.0, 0, 0.15); border-radius: 3px;' "
 "title='1.0'>_||>'<||_html:</span>_||><||_html:<span style='background-color: "
 "rgba(0.0, 165.0, 0, 0.15); border-radius: 3px;' title='1.0'>_||> "
 "type<||_html:</span>_||><||_html:<span style='background-color: rgba(0.0, "
 "165.0, 0, 0.15); border-radius: 3px;' title='1.0'>_||> "
 "no<||_html:</span>_||><||_html:<span style='background-color: rgba(0.0, "
 "165.0, 0, 0.15); border-radius: 3px;' title='1.0'>_||> "
 "longer<||_html:</span>_||><||_html:<span style='background-color: rgba(0.0, "
 "165.0, 0, 0.15); border-radius: 3px;' title='1.0'>_||> "
 "includes<||_html:</span>_||><||_html:<span style='background-color: "
 "rgba(0.0, 165.0, 0, 0.15); border-radius: 3px;' title='1.0'>_||> "
 "the<||_html:</span>_||><||_html:<span style='background-color: rgba(0.0, "
 "165.0, 0, 0.15); border-radius: 3px;' title='1.0'>_||> "
 "'<||_html:</span>_||><||_html:<span style='background-color: rgba(0.0, "
 "165.0, 0, 0.15); border-radius: 3px;' "
 "title='1.0'>_||>stock<||_html:</span>_||><||_html:<span "
 "style='background-color: rgba(0.0, 165.0, 0, 0.15); border-radius: 3px;' "
 "title='1.0'>_||>'<||_html:</span>_||><||_html:<span style='background-color: "
 "rgba(0.0, 165.0, 0, 0.15); border-radius: 3px;' title='1.0'>_||> "
 "field<||_html:</span>_||><||_html:<span style='background-color: rgba(0.0, "
 "165.0, 0, 0.15); border-radius: 3px;' "
 'title=\'1.0\'>_||>."<||_html:</span>_||><||_html:<span '
 "style='background-color: rgba(0.0, 165.0, 0, 0.15); border-radius: 3px;' "
 "title='1.0'>_||>\n"
 "<||_html:</span>_||><||_html:<span style='background-color: rgba(0.0, 165.0, "
 "0, 0.15); border-radius: 3px;' title='1.0'>_||>   "
 "<||_html:</span>_||><||_html:<span style='background-color: rgba(0.0, 165.0, "
 "0, 0.15); border-radius: 3px;' title='1.0'>_||> "
 "}<||_html:</span>_||><||_html:<span style='background-color: rgba(0.0, "
 "165.0, 0, 0.15); border-radius: 3px;' title='1.0'>_||>\n"
 "<||_html:</span>_||><||_html:<span style='background-color: rgba(0.0, 165.0, "
 "0, 0.15); border-radius: 3px;' title='1.0'>_||> "
 "<||_html:</span>_||><||_html:<span style='background-color: rgba(0.0, 165.0, "
 "0, 0.15); border-radius: 3px;' title='1.0'>_||> "
 "],<||_html:</span>_||><||_html:<span style='background-color: rgba(0.0, "
 "165.0, 0, 0.15); border-radius: 3px;' title='1.0'>_||>\n"
 "<||_html:</span>_||><||_html:<span style='background-color: rgba(0.0, 165.0, "
 "0, 0.15); border-radius: 3px;' title='1.0'>_||> "
 "<||_html:</span>_||><||_html:<span style='background-color: rgba(0.0, 165.0, "
 "0, 0.15); border-radius: 3px;' title='1.0'>_||> "
 '"<||_html:</span>_||><||_html:<span style=\'background-color: rgba(0.0, '
 "165.0, 0, 0.15); border-radius: 3px;' "
 "title='1.0'>_||>release<||_html:</span>_||><||_html:<span "
 "style='background-color: rgba(0.0, 165.0, 0, 0.15); border-radius: 3px;' "
 "title='1.0'>_||>_<||_html:</span>_||><||_html:<span style='background-color: "
 "rgba(0.0, 165.0, 0, 0.15); border-radius: 3px;' "
 "title='1.0'>_||>notes<||_html:</span>_||><||_html:<span "
 "style='background-color: rgba(0.0, 165.0, 0, 0.15); border-radius: 3px;' "
 'title=\'1.0\'>_||>":<||_html:</span>_||><||_html:<span '
 "style='background-color: rgba(0.0, 165.0, 0, 0.15); border-radius: 3px;' "
 "title='1.0'>_||> {<||_html:</span>_||><||_html:<span "
 "style='background-color: rgba(0.0, 165.0, 0, 0.15); border-radius: 3px;' "
 "title='1.0'>_||>\n"
 "<||_html:</span>_||><||_html:<span style='background-color: rgba(0.0, 165.0, "
 "0, 0.15); border-radius: 3px;' title='1.0'>_||>   "
 "<||_html:</span>_||><||_html:<span style='background-color: rgba(0.0, 165.0, "
 "0, 0.15); border-radius: 3px;' title='1.0'>_||> "
 '"<||_html:</span>_||><||_html:<span style=\'background-color: rgba(0.0, '
 "165.0, 0, 0.15); border-radius: 3px;' "
 "title='1.0'>_||>summary<||_html:</span>_||><||_html:<span "
 "style='background-color: rgba(0.0, 165.0, 0, 0.15); border-radius: 3px;' "
 'title=\'1.0\'>_||>":<||_html:</span>_||><||_html:<span '
 "style='background-color: rgba(0.0, 165.0, 0, 0.15); border-radius: 3px;' "
 'title=\'1.0\'>_||> "<||_html:</span>_||><||_html:<span '
 "style='background-color: rgba(0.0, 165.0, 0, 0.15); border-radius: 3px;' "
 "title='1.0'>_||>")
('Analyze the following two GraphQL schemas for changes, including both '
 'breaking and non-breaking changes.\n'
 '\n'
 '                        Provide your analysis in the following JSON format:\n'
 '                        {\n'
 '                          "changes": [\n'
 '                            {\n'
 '                              "type": "String representing the GraphQL type '
 '(e.g., Query, Mutation, Subscription)",\n'
 '                              "field": "String representing the specific '
 'field that changed",\n'
 '                              "change": "String describing the change (e.g., '
 'field renamed, new field added, field removed)",\n'
 '                              "breaking": "Boolean indicating if the change '
 'is breaking (true) or non-breaking (false)",\n'
 '                              "release_note": "String with a natural '
 'language description of the change for release notes"\n'
 '                            }\n'
 '                          ],\n'
 '                          "release_notes": {\n'
 '                              "summary": "String summarizing all changes, '
 'suitable for a mailing list or public announcement"\n'
 '                          }\n'
 '                        }\n'
 '\n'
 '                        When analyzing, consider the following types of '
 'changes:\n'
 '                        1. Removing fields or types (breaking)\n'
 '                        2. Changing field types (potentially breaking)\n'
 '                        3. Adding required fields (breaking)\n'
 '                        4. Changing the type of existing arguments '
 '(breaking)\n'
 '                        5. Adding optional fields (non-breaking)\n'
 '                        6. Adding new types (non-breaking)\n'
 '                        7. Deprecating fields (non-breaking)\n'
 '\n'
 '                        Ensure that each change is categorized correctly as '
 'breaking or non-breaking.: type Query {\n'
 '  getProduct(id: ID!): Product\n'
 '}\n'
 '\n'
 'type Product {\n'
 '  id: ID\n'
 '  name: String\n'
 '  description: String\n'
 '  price: Float\n'
 '  stock: Int\n'
 '}\n'
 ', type Query {\n'
 '  getProduct(id: ID!): Product\n'
 '}\n'
 '\n'
 'type Product {\n'
 '  id: ID\n'
 '  name: String\n'
 '  details: String\n'
 '  price: Float\n'
 '}\n'
 '\n'
 "Answer:<||_html:<span style='background-color: rgba(0.0, 165.0, 0, 0.15); "
 "border-radius: 3px;' title='1.0'>_||> {<||_html:</span>_||><||_html:<span "
 "style='background-color: rgba(0.0, 165.0, 0, 0.15); border-radius: 3px;' "
 "title='1.0'>_||>\n"
 "<||_html:</span>_||><||_html:<span style='background-color: rgba(0.0, 165.0, "
 "0, 0.15); border-radius: 3px;' title='1.0'>_||> "
 "<||_html:</span>_||><||_html:<span style='background-color: rgba(0.0, 165.0, "
 "0, 0.15); border-radius: 3px;' title='1.0'>_||> "
 '"<||_html:</span>_||><||_html:<span style=\'background-color: rgba(0.0, '
 "165.0, 0, 0.15); border-radius: 3px;' "
 "title='1.0'>_||>changes<||_html:</span>_||><||_html:<span "
 "style='background-color: rgba(0.0, 165.0, 0, 0.15); border-radius: 3px;' "
 'title=\'1.0\'>_||>":<||_html:</span>_||><||_html:<span '
 "style='background-color: rgba(0.0, 165.0, 0, 0.15); border-radius: 3px;' "
 "title='1.0'>_||> [<||_html:</span>_||><||_html:<span "
 "style='background-color: rgba(0.0, 165.0, 0, 0.15); border-radius: 3px;' "
 "title='1.0'>_||>\n"
 "<||_html:</span>_||><||_html:<span style='background-color: rgba(0.0, 165.0, "
 "0, 0.15); border-radius: 3px;' title='1.0'>_||>   "
 "<||_html:</span>_||><||_html:<span style='background-color: rgba(0.0, 165.0, "
 "0, 0.15); border-radius: 3px;' title='1.0'>_||> "
 "{<||_html:</span>_||><||_html:<span style='background-color: rgba(0.0, "
 "165.0, 0, 0.15); border-radius: 3px;' title='1.0'>_||>\n"
 "<||_html:</span>_||><||_html:<span style='background-color: rgba(0.0, 165.0, "
 "0, 0.15); border-radius: 3px;' title='1.0'>_||>     "
 "<||_html:</span>_||><||_html:<span style='background-color: rgba(0.0, 165.0, "
 "0, 0.15); border-radius: 3px;' title='1.0'>_||> "
 '"<||_html:</span>_||><||_html:<span style=\'background-color: rgba(0.0, '
 "165.0, 0, 0.15); border-radius: 3px;' "
 "title='1.0'>_||>type<||_html:</span>_||><||_html:<span "
 "style='background-color: rgba(0.0, 165.0, 0, 0.15); border-radius: 3px;' "
 'title=\'1.0\'>_||>":<||_html:</span>_||><||_html:<span '
 "style='background-color: rgba(0.0, 165.0, 0, 0.15); border-radius: 3px;' "
 'title=\'1.0\'>_||> "<||_html:</span>_||><||_html:<span '
 "style='background-color: rgba(0.0, 165.0, 0, 0.15); border-radius: 3px;' "
 "title='1.0'>_||>Query<||_html:</span>_||><||_html:<span "
 "style='background-color: rgba(0.0, 165.0, 0, 0.15); border-radius: 3px;' "
 'title=\'1.0\'>_||>",<||_html:</span>_||><||_html:<span '
 "style='background-color: rgba(0.0, 165.0, 0, 0.15); border-radius: 3px;' "
 "title='1.0'>_||>\n"
 "<||_html:</span>_||><||_html:<span style='background-color: rgba(0.0, 165.0, "
 "0, 0.15); border-radius: 3px;' title='1.0'>_||>     "
 "<||_html:</span>_||><||_html:<span style='background-color: rgba(0.0, 165.0, "
 "0, 0.15); border-radius: 3px;' title='1.0'>_||> "
 '"<||_html:</span>_||><||_html:<span style=\'background-color: rgba(0.0, '
 "165.0, 0, 0.15); border-radius: 3px;' "
 "title='1.0'>_||>field<||_html:</span>_||><||_html:<span "
 "style='background-color: rgba(0.0, 165.0, 0, 0.15); border-radius: 3px;' "
 'title=\'1.0\'>_||>":<||_html:</span>_||><||_html:<span '
 "style='background-color: rgba(0.0, 165.0, 0, 0.15); border-radius: 3px;' "
 'title=\'1.0\'>_||> "<||_html:</span>_||><||_html:<span '
 "style='background-color: rgba(0.0, 165.0, 0, 0.15); border-radius: 3px;' "
 "title='1.0'>_||>get<||_html:</span>_||><||_html:<span "
 "style='background-color: rgba(0.0, 165.0, 0, 0.15); border-radius: 3px;' "
 "title='1.0'>_||>Product<||_html:</span>_||><||_html:<span "
 "style='background-color: rgba(0.0, 165.0, 0, 0.15); border-radius: 3px;' "
 'title=\'1.0\'>_||>",<||_html:</span>_||><||_html:<span '
 "style='background-color: rgba(0.0, 165.0, 0, 0.15); border-radius: 3px;' "
 "title='1.0'>_||>\n"
 "<||_html:</span>_||><||_html:<span style='background-color: rgba(0.0, 165.0, "
 "0, 0.15); border-radius: 3px;' title='1.0'>_||>     "
 "<||_html:</span>_||><||_html:<span style='background-color: rgba(0.0, 165.0, "
 "0, 0.15); border-radius: 3px;' title='1.0'>_||> "
 '"<||_html:</span>_||><||_html:<span style=\'background-color: rgba(0.0, '
 "165.0, 0, 0.15); border-radius: 3px;' "
 "title='1.0'>_||>change<||_html:</span>_||><||_html:<span "
 "style='background-color: rgba(0.0, 165.0, 0, 0.15); border-radius: 3px;' "
 'title=\'1.0\'>_||>":<||_html:</span>_||><||_html:<span '
 "style='background-color: rgba(0.0, 165.0, 0, 0.15); border-radius: 3px;' "
 'title=\'1.0\'>_||> "<||_html:</span>_||><||_html:<span '
 "style='background-color: rgba(0.0, 165.0, 0, 0.15); border-radius: 3px;' "
 "title='1.0'>_||>field<||_html:</span>_||><||_html:<span "
 "style='background-color: rgba(0.0, 165.0, 0, 0.15); border-radius: 3px;' "
 "title='1.0'>_||> details<||_html:</span>_||><||_html:<span "
 "style='background-color: rgba(0.0, 165.0, 0, 0.15); border-radius: 3px;' "
 "title='1.0'>_||> added<||_html:</span>_||><||_html:<span "
 "style='background-color: rgba(0.0, 165.0, 0, 0.15); border-radius: 3px;' "
 'title=\'1.0\'>_||>",<||_html:</span>_||><||_html:<span '
 "style='background-color: rgba(0.0, 165.0, 0, 0.15); border-radius: 3px;' "
 "title='1.0'>_||>\n"
 "<||_html:</span>_||><||_html:<span style='background-color: rgba(0.0, 165.0, "
 "0, 0.15); border-radius: 3px;' title='1.0'>_||>     "
 "<||_html:</span>_||><||_html:<span style='background-color: rgba(0.0, 165.0, "
 "0, 0.15); border-radius: 3px;' title='1.0'>_||> "
 '"<||_html:</span>_||><||_html:<span style=\'background-color: rgba(0.0, '
 "165.0, 0, 0.15); border-radius: 3px;' "
 "title='1.0'>_||>breaking<||_html:</span>_||><||_html:<span "
 "style='background-color: rgba(0.0, 165.0, 0, 0.15); border-radius: 3px;' "
 'title=\'1.0\'>_||>":<||_html:</span>_||><||_html:<span '
 "style='background-color: rgba(0.0, 165.0, 0, 0.15); border-radius: 3px;' "
 'title=\'1.0\'>_||> "<||_html:</span>_||><||_html:<span '
 "style='background-color: rgba(0.0, 165.0, 0, 0.15); border-radius: 3px;' "
 "title='1.0'>_||>false<||_html:</span>_||><||_html:<span "
 "style='background-color: rgba(0.0, 165.0, 0, 0.15); border-radius: 3px;' "
 'title=\'1.0\'>_||>",<||_html:</span>_||><||_html:<span '
 "style='background-color: rgba(0.0, 165.0, 0, 0.15); border-radius: 3px;' "
 "title='1.0'>_||>\n"
 "<||_html:</span>_||><||_html:<span style='background-color: rgba(0.0, 165.0, "
 "0, 0.15); border-radius: 3px;' title='1.0'>_||>     "
 "<||_html:</span>_||><||_html:<span style='background-color: rgba(0.0, 165.0, "
 "0, 0.15); border-radius: 3px;' title='1.0'>_||> "
 '"<||_html:</span>_||><||_html:<span style=\'background-color: rgba(0.0, '
 "165.0, 0, 0.15); border-radius: 3px;' "
 "title='1.0'>_||>release<||_html:</span>_||><||_html:<span "
 "style='background-color: rgba(0.0, 165.0, 0, 0.15); border-radius: 3px;' "
 "title='1.0'>_||>_<||_html:</span>_||><||_html:<span style='background-color: "
 "rgba(0.0, 165.0, 0, 0.15); border-radius: 3px;' "
 "title='1.0'>_||>note<||_html:</span>_||><||_html:<span "
 "style='background-color: rgba(0.0, 165.0, 0, 0.15); border-radius: 3px;' "
 'title=\'1.0\'>_||>":<||_html:</span>_||><||_html:<span '
 "style='background-color: rgba(0.0, 165.0, 0, 0.15); border-radius: 3px;' "
 'title=\'1.0\'>_||> "<||_html:</span>_||><||_html:<span '
 "style='background-color: rgba(0.0, 165.0, 0, 0.15); border-radius: 3px;' "
 "title='1.0'>_||>The<||_html:</span>_||><||_html:<span "
 "style='background-color: rgba(0.0, 165.0, 0, 0.15); border-radius: 3px;' "
 "title='1.0'>_||> '<||_html:</span>_||><||_html:<span "
 "style='background-color: rgba(0.0, 165.0, 0, 0.15); border-radius: 3px;' "
 "title='1.0'>_||>get<||_html:</span>_||><||_html:<span "
 "style='background-color: rgba(0.0, 165.0, 0, 0.15); border-radius: 3px;' "
 "title='1.0'>_||>Product<||_html:</span>_||><||_html:<span "
 "style='background-color: rgba(0.0, 165.0, 0, 0.15); border-radius: 3px;' "
 "title='1.0'>_||>'<||_html:</span>_||><||_html:<span style='background-color: "
 "rgba(0.0, 165.0, 0, 0.15); border-radius: 3px;' title='1.0'>_||> "
 "query<||_html:</span>_||><||_html:<span style='background-color: rgba(0.0, "
 "165.0, 0, 0.15); border-radius: 3px;' title='1.0'>_||> "
 "now<||_html:</span>_||><||_html:<span style='background-color: rgba(0.0, "
 "165.0, 0, 0.15); border-radius: 3px;' title='1.0'>_||> "
 "includes<||_html:</span>_||><||_html:<span style='background-color: "
 "rgba(0.0, 165.0, 0, 0.15); border-radius: 3px;' title='1.0'>_||> "
 "a<||_html:</span>_||><||_html:<span style='background-color: rgba(0.0, "
 "165.0, 0, 0.15); border-radius: 3px;' title='1.0'>_||> "
 "new<||_html:</span>_||><||_html:<span style='background-color: rgba(0.0, "
 "165.0, 0, 0.15); border-radius: 3px;' title='1.0'>_||> "
 "field<||_html:</span>_||><||_html:<span style='background-color: rgba(0.0, "
 "165.0, 0, 0.15); border-radius: 3px;' title='1.0'>_||> "
 "'<||_html:</span>_||><||_html:<span style='background-color: rgba(0.0, "
 "165.0, 0, 0.15); border-radius: 3px;' "
 "title='1.0'>_||>details<||_html:</span>_||><||_html:<span "
 "style='background-color: rgba(0.0, 165.0, 0, 0.15); border-radius: 3px;' "
 "title='1.0'>_||>'<||_html:</span>_||><||_html:<span style='background-color: "
 "rgba(0.0, 165.0, 0, 0.15); border-radius: 3px;' title='1.0'>_||> "
 "of<||_html:</span>_||><||_html:<span style='background-color: rgba(0.0, "
 "165.0, 0, 0.15); border-radius: 3px;' title='1.0'>_||> "
 "type<||_html:</span>_||><||_html:<span style='background-color: rgba(0.0, "
 "165.0, 0, 0.15); border-radius: 3px;' title='1.0'>_||> "
 "String<||_html:</span>_||><||_html:<span style='background-color: rgba(0.0, "
 "165.0, 0, 0.15); border-radius: 3px;' "
 'title=\'1.0\'>_||>."<||_html:</span>_||><||_html:<span '
 "style='background-color: rgba(0.0, 165.0, 0, 0.15); border-radius: 3px;' "
 "title='1.0'>_||>\n"
 "<||_html:</span>_||><||_html:<span style='background-color: rgba(0.0, 165.0, "
 "0, 0.15); border-radius: 3px;' title='1.0'>_||>   "
 "<||_html:</span>_||><||_html:<span style='background-color: rgba(0.0, 165.0, "
 "0, 0.15); border-radius: 3px;' title='1.0'>_||> "
 "},<||_html:</span>_||><||_html:<span style='background-color: rgba(0.0, "
 "165.0, 0, 0.15); border-radius: 3px;' title='1.0'>_||>\n"
 "<||_html:</span>_||><||_html:<span style='background-color: rgba(0.0, 165.0, "
 "0, 0.15); border-radius: 3px;' title='1.0'>_||>   "
 "<||_html:</span>_||><||_html:<span style='background-color: rgba(0.0, 165.0, "
 "0, 0.15); border-radius: 3px;' title='1.0'>_||> "
 "{<||_html:</span>_||><||_html:<span style='background-color: rgba(0.0, "
 "165.0, 0, 0.15); border-radius: 3px;' title='1.0'>_||>\n"
 "<||_html:</span>_||><||_html:<span style='background-color: rgba(0.0, 165.0, "
 "0, 0.15); border-radius: 3px;' title='1.0'>_||>     "
 "<||_html:</span>_||><||_html:<span style='background-color: rgba(0.0, 165.0, "
 "0, 0.15); border-radius: 3px;' title='1.0'>_||> "
 '"<||_html:</span>_||><||_html:<span style=\'background-color: rgba(0.0, '
 "165.0, 0, 0.15); border-radius: 3px;' "
 "title='1.0'>_||>type<||_html:</span>_||><||_html:<span "
 "style='background-color: rgba(0.0, 165.0, 0, 0.15); border-radius: 3px;' "
 'title=\'1.0\'>_||>":<||_html:</span>_||><||_html:<span '
 "style='background-color: rgba(0.0, 165.0, 0, 0.15); border-radius: 3px;' "
 'title=\'1.0\'>_||> "<||_html:</span>_||><||_html:<span '
 "style='background-color: rgba(0.0, 165.0, 0, 0.15); border-radius: 3px;' "
 "title='1.0'>_||>Product<||_html:</span>_||><||_html:<span "
 "style='background-color: rgba(0.0, 165.0, 0, 0.15); border-radius: 3px;' "
 'title=\'1.0\'>_||>",<||_html:</span>_||><||_html:<span '
 "style='background-color: rgba(0.0, 165.0, 0, 0.15); border-radius: 3px;' "
 "title='1.0'>_||>\n"
 "<||_html:</span>_||><||_html:<span style='background-color: rgba(0.0, 165.0, "
 "0, 0.15); border-radius: 3px;' title='1.0'>_||>     "
 "<||_html:</span>_||><||_html:<span style='background-color: rgba(0.0, 165.0, "
 "0, 0.15); border-radius: 3px;' title='1.0'>_||> "
 '"<||_html:</span>_||><||_html:<span style=\'background-color: rgba(0.0, '
 "165.0, 0, 0.15); border-radius: 3px;' "
 "title='1.0'>_||>field<||_html:</span>_||><||_html:<span "
 "style='background-color: rgba(0.0, 165.0, 0, 0.15); border-radius: 3px;' "
 'title=\'1.0\'>_||>":<||_html:</span>_||><||_html:<span '
 "style='background-color: rgba(0.0, 165.0, 0, 0.15); border-radius: 3px;' "
 'title=\'1.0\'>_||> "<||_html:</span>_||><||_html:<span '
 "style='background-color: rgba(0.0, 165.0, 0, 0.15); border-radius: 3px;' "
 "title='1.0'>_||>description<||_html:</span>_||><||_html:<span "
 "style='background-color: rgba(0.0, 165.0, 0, 0.15); border-radius: 3px;' "
 'title=\'1.0\'>_||>",<||_html:</span>_||><||_html:<span '
 "style='background-color: rgba(0.0, 165.0, 0, 0.15); border-radius: 3px;' "
 "title='1.0'>_||>\n"
 "<||_html:</span>_||><||_html:<span style='background-color: rgba(0.0, 165.0, "
 "0, 0.15); border-radius: 3px;' title='1.0'>_||>     "
 "<||_html:</span>_||><||_html:<span style='background-color: rgba(0.0, 165.0, "
 "0, 0.15); border-radius: 3px;' title='1.0'>_||> "
 '"<||_html:</span>_||><||_html:<span style=\'background-color: rgba(0.0, '
 "165.0, 0, 0.15); border-radius: 3px;' "
 "title='1.0'>_||>change<||_html:</span>_||><||_html:<span "
 "style='background-color: rgba(0.0, 165.0, 0, 0.15); border-radius: 3px;' "
 'title=\'1.0\'>_||>":<||_html:</span>_||><||_html:<span '
 "style='background-color: rgba(0.0, 165.0, 0, 0.15); border-radius: 3px;' "
 'title=\'1.0\'>_||> "<||_html:</span>_||><||_html:<span '
 "style='background-color: rgba(0.0, 165.0, 0, 0.15); border-radius: 3px;' "
 "title='1.0'>_||>field<||_html:</span>_||><||_html:<span "
 "style='background-color: rgba(0.0, 165.0, 0, 0.15); border-radius: 3px;' "
 "title='1.0'>_||> removed<||_html:</span>_||><||_html:<span "
 "style='background-color: rgba(0.0, 165.0, 0, 0.15); border-radius: 3px;' "
 'title=\'1.0\'>_||>",<||_html:</span>_||><||_html:<span '
 "style='background-color: rgba(0.0, 165.0, 0, 0.15); border-radius: 3px;' "
 "title='1.0'>_||>\n"
 "<||_html:</span>_||><||_html:<span style='background-color: rgba(0.0, 165.0, "
 "0, 0.15); border-radius: 3px;' title='1.0'>_||>     "
 "<||_html:</span>_||><||_html:<span style='background-color: rgba(0.0, 165.0, "
 "0, 0.15); border-radius: 3px;' title='1.0'>_||> "
 '"<||_html:</span>_||><||_html:<span style=\'background-color: rgba(0.0, '
 "165.0, 0, 0.15); border-radius: 3px;' "
 "title='1.0'>_||>breaking<||_html:</span>_||><||_html:<span "
 "style='background-color: rgba(0.0, 165.0, 0, 0.15); border-radius: 3px;' "
 'title=\'1.0\'>_||>":<||_html:</span>_||><||_html:<span '
 "style='background-color: rgba(0.0, 165.0, 0, 0.15); border-radius: 3px;' "
 'title=\'1.0\'>_||> "<||_html:</span>_||><||_html:<span '
 "style='background-color: rgba(0.0, 165.0, 0, 0.15); border-radius: 3px;' "
 "title='1.0'>_||>true<||_html:</span>_||><||_html:<span "
 "style='background-color: rgba(0.0, 165.0, 0, 0.15); border-radius: 3px;' "
 'title=\'1.0\'>_||>",<||_html:</span>_||><||_html:<span '
 "style='background-color: rgba(0.0, 165.0, 0, 0.15); border-radius: 3px;' "
 "title='1.0'>_||>\n"
 "<||_html:</span>_||><||_html:<span style='background-color: rgba(0.0, 165.0, "
 "0, 0.15); border-radius: 3px;' title='1.0'>_||>     "
 "<||_html:</span>_||><||_html:<span style='background-color: rgba(0.0, 165.0, "
 "0, 0.15); border-radius: 3px;' title='1.0'>_||> "
 '"<||_html:</span>_||><||_html:<span style=\'background-color: rgba(0.0, '
 "165.0, 0, 0.15); border-radius: 3px;' "
 "title='1.0'>_||>release<||_html:</span>_||><||_html:<span "
 "style='background-color: rgba(0.0, 165.0, 0, 0.15); border-radius: 3px;' "
 "title='1.0'>_||>_<||_html:</span>_||><||_html:<span style='background-color: "
 "rgba(0.0, 165.0, 0, 0.15); border-radius: 3px;' "
 "title='1.0'>_||>note<||_html:</span>_||><||_html:<span "
 "style='background-color: rgba(0.0, 165.0, 0, 0.15); border-radius: 3px;' "
 'title=\'1.0\'>_||>":<||_html:</span>_||><||_html:<span '
 "style='background-color: rgba(0.0, 165.0, 0, 0.15); border-radius: 3px;' "
 'title=\'1.0\'>_||> "<||_html:</span>_||><||_html:<span '
 "style='background-color: rgba(0.0, 165.0, 0, 0.15); border-radius: 3px;' "
 "title='1.0'>_||>The<||_html:</span>_||><||_html:<span "
 "style='background-color: rgba(0.0, 165.0, 0, 0.15); border-radius: 3px;' "
 "title='1.0'>_||> '<||_html:</span>_||><||_html:<span "
 "style='background-color: rgba(0.0, 165.0, 0, 0.15); border-radius: 3px;' "
 "title='1.0'>_||>Product<||_html:</span>_||><||_html:<span "
 "style='background-color: rgba(0.0, 165.0, 0, 0.15); border-radius: 3px;' "
 "title='1.0'>_||>'<||_html:</span>_||><||_html:<span style='background-color: "
 "rgba(0.0, 165.0, 0, 0.15); border-radius: 3px;' title='1.0'>_||> "
 "type<||_html:</span>_||><||_html:<span style='background-color: rgba(0.0, "
 "165.0, 0, 0.15); border-radius: 3px;' title='1.0'>_||> "
 "no<||_html:</span>_||><||_html:<span style='background-color: rgba(0.0, "
 "165.0, 0, 0.15); border-radius: 3px;' title='1.0'>_||> "
 "longer<||_html:</span>_||><||_html:<span style='background-color: rgba(0.0, "
 "165.0, 0, 0.15); border-radius: 3px;' title='1.0'>_||> "
 "includes<||_html:</span>_||><||_html:<span style='background-color: "
 "rgba(0.0, 165.0, 0, 0.15); border-radius: 3px;' title='1.0'>_||> "
 "the<||_html:</span>_||><||_html:<span style='background-color: rgba(0.0, "
 "165.0, 0, 0.15); border-radius: 3px;' title='1.0'>_||> "
 "'<||_html:</span>_||><||_html:<span style='background-color: rgba(0.0, "
 "165.0, 0, 0.15); border-radius: 3px;' "
 "title='1.0'>_||>description<||_html:</span>_||><||_html:<span "
 "style='background-color: rgba(0.0, 165.0, 0, 0.15); border-radius: 3px;' "
 "title='1.0'>_||>'<||_html:</span>_||><||_html:<span style='background-color: "
 "rgba(0.0, 165.0, 0, 0.15); border-radius: 3px;' title='1.0'>_||> "
 "field<||_html:</span>_||><||_html:<span style='background-color: rgba(0.0, "
 "165.0, 0, 0.15); border-radius: 3px;' "
 'title=\'1.0\'>_||>."<||_html:</span>_||><||_html:<span '
 "style='background-color: rgba(0.0, 165.0, 0, 0.15); border-radius: 3px;' "
 "title='1.0'>_||>\n"
 "<||_html:</span>_||><||_html:<span style='background-color: rgba(0.0, 165.0, "
 "0, 0.15); border-radius: 3px;' title='1.0'>_||>   "
 "<||_html:</span>_||><||_html:<span style='background-color: rgba(0.0, 165.0, "
 "0, 0.15); border-radius: 3px;' title='1.0'>_||> "
 "},<||_html:</span>_||><||_html:<span style='background-color: rgba(0.0, "
 "165.0, 0, 0.15); border-radius: 3px;' title='1.0'>_||>\n"
 "<||_html:</span>_||><||_html:<span style='background-color: rgba(0.0, 165.0, "
 "0, 0.15); border-radius: 3px;' title='1.0'>_||>   "
 "<||_html:</span>_||><||_html:<span style='background-color: rgba(0.0, 165.0, "
 "0, 0.15); border-radius: 3px;' title='1.0'>_||> "
 "{<||_html:</span>_||><||_html:<span style='background-color: rgba(0.0, "
 "165.0, 0, 0.15); border-radius: 3px;' title='1.0'>_||>\n"
 "<||_html:</span>_||><||_html:<span style='background-color: rgba(0.0, 165.0, "
 "0, 0.15); border-radius: 3px;' title='1.0'>_||>     "
 "<||_html:</span>_||><||_html:<span style='background-color: rgba(0.0, 165.0, "
 "0, 0.15); border-radius: 3px;' title='1.0'>_||> "
 '"<||_html:</span>_||><||_html:<span style=\'background-color: rgba(0.0, '
 "165.0, 0, 0.15); border-radius: 3px;' "
 "title='1.0'>_||>type<||_html:</span>_||><||_html:<span "
 "style='background-color: rgba(0.0, 165.0, 0, 0.15); border-radius: 3px;' "
 'title=\'1.0\'>_||>":<||_html:</span>_||><||_html:<span '
 "style='background-color: rgba(0.0, 165.0, 0, 0.15); border-radius: 3px;' "
 'title=\'1.0\'>_||> "<||_html:</span>_||><||_html:<span '
 "style='background-color: rgba(0.0, 165.0, 0, 0.15); border-radius: 3px;' "
 "title='1.0'>_||>Product<||_html:</span>_||><||_html:<span "
 "style='background-color: rgba(0.0, 165.0, 0, 0.15); border-radius: 3px;' "
 'title=\'1.0\'>_||>",<||_html:</span>_||><||_html:<span '
 "style='background-color: rgba(0.0, 165.0, 0, 0.15); border-radius: 3px;' "
 "title='1.0'>_||>\n"
 "<||_html:</span>_||><||_html:<span style='background-color: rgba(0.0, 165.0, "
 "0, 0.15); border-radius: 3px;' title='1.0'>_||>     "
 "<||_html:</span>_||><||_html:<span style='background-color: rgba(0.0, 165.0, "
 "0, 0.15); border-radius: 3px;' title='1.0'>_||> "
 '"<||_html:</span>_||><||_html:<span style=\'background-color: rgba(0.0, '
 "165.0, 0, 0.15); border-radius: 3px;' "
 "title='1.0'>_||>field<||_html:</span>_||><||_html:<span "
 "style='background-color: rgba(0.0, 165.0, 0, 0.15); border-radius: 3px;' "
 'title=\'1.0\'>_||>":<||_html:</span>_||><||_html:<span '
 "style='background-color: rgba(0.0, 165.0, 0, 0.15); border-radius: 3px;' "
 'title=\'1.0\'>_||> "<||_html:</span>_||><||_html:<span '
 "style='background-color: rgba(0.0, 165.0, 0, 0.15); border-radius: 3px;' "
 "title='1.0'>_||>stock<||_html:</span>_||><||_html:<span "
 "style='background-color: rgba(0.0, 165.0, 0, 0.15); border-radius: 3px;' "
 'title=\'1.0\'>_||>",<||_html:</span>_||><||_html:<span '
 "style='background-color: rgba(0.0, 165.0, 0, 0.15); border-radius: 3px;' "
 "title='1.0'>_||>\n"
 "<||_html:</span>_||><||_html:<span style='background-color: rgba(0.0, 165.0, "
 "0, 0.15); border-radius: 3px;' title='1.0'>_||>     "
 "<||_html:</span>_||><||_html:<span style='background-color: rgba(0.0, 165.0, "
 "0, 0.15); border-radius: 3px;' title='1.0'>_||> "
 '"<||_html:</span>_||><||_html:<span style=\'background-color: rgba(0.0, '
 "165.0, 0, 0.15); border-radius: 3px;' "
 "title='1.0'>_||>change<||_html:</span>_||><||_html:<span "
 "style='background-color: rgba(0.0, 165.0, 0, 0.15); border-radius: 3px;' "
 'title=\'1.0\'>_||>":<||_html:</span>_||><||_html:<span '
 "style='background-color: rgba(0.0, 165.0, 0, 0.15); border-radius: 3px;' "
 'title=\'1.0\'>_||> "<||_html:</span>_||><||_html:<span '
 "style='background-color: rgba(0.0, 165.0, 0, 0.15); border-radius: 3px;' "
 "title='1.0'>_||>field<||_html:</span>_||><||_html:<span "
 "style='background-color: rgba(0.0, 165.0, 0, 0.15); border-radius: 3px;' "
 "title='1.0'>_||> removed<||_html:</span>_||><||_html:<span "
 "style='background-color: rgba(0.0, 165.0, 0, 0.15); border-radius: 3px;' "
 'title=\'1.0\'>_||>",<||_html:</span>_||><||_html:<span '
 "style='background-color: rgba(0.0, 165.0, 0, 0.15); border-radius: 3px;' "
 "title='1.0'>_||>\n"
 "<||_html:</span>_||><||_html:<span style='background-color: rgba(0.0, 165.0, "
 "0, 0.15); border-radius: 3px;' title='1.0'>_||>     "
 "<||_html:</span>_||><||_html:<span style='background-color: rgba(0.0, 165.0, "
 "0, 0.15); border-radius: 3px;' title='1.0'>_||> "
 '"<||_html:</span>_||><||_html:<span style=\'background-color: rgba(0.0, '
 "165.0, 0, 0.15); border-radius: 3px;' "
 "title='1.0'>_||>breaking<||_html:</span>_||><||_html:<span "
 "style='background-color: rgba(0.0, 165.0, 0, 0.15); border-radius: 3px;' "
 'title=\'1.0\'>_||>":<||_html:</span>_||><||_html:<span '
 "style='background-color: rgba(0.0, 165.0, 0, 0.15); border-radius: 3px;' "
 'title=\'1.0\'>_||> "<||_html:</span>_||><||_html:<span '
 "style='background-color: rgba(0.0, 165.0, 0, 0.15); border-radius: 3px;' "
 "title='1.0'>_||>true<||_html:</span>_||><||_html:<span "
 "style='background-color: rgba(0.0, 165.0, 0, 0.15); border-radius: 3px;' "
 'title=\'1.0\'>_||>",<||_html:</span>_||><||_html:<span '
 "style='background-color: rgba(0.0, 165.0, 0, 0.15); border-radius: 3px;' "
 "title='1.0'>_||>\n"
 "<||_html:</span>_||><||_html:<span style='background-color: rgba(0.0, 165.0, "
 "0, 0.15); border-radius: 3px;' title='1.0'>_||>     "
 "<||_html:</span>_||><||_html:<span style='background-color: rgba(0.0, 165.0, "
 "0, 0.15); border-radius: 3px;' title='1.0'>_||> "
 '"<||_html:</span>_||><||_html:<span style=\'background-color: rgba(0.0, '
 "165.0, 0, 0.15); border-radius: 3px;' "
 "title='1.0'>_||>release<||_html:</span>_||><||_html:<span "
 "style='background-color: rgba(0.0, 165.0, 0, 0.15); border-radius: 3px;' "
 "title='1.0'>_||>_<||_html:</span>_||><||_html:<span style='background-color: "
 "rgba(0.0, 165.0, 0, 0.15); border-radius: 3px;' "
 "title='1.0'>_||>note<||_html:</span>_||><||_html:<span "
 "style='background-color: rgba(0.0, 165.0, 0, 0.15); border-radius: 3px;' "
 'title=\'1.0\'>_||>":<||_html:</span>_||><||_html:<span '
 "style='background-color: rgba(0.0, 165.0, 0, 0.15); border-radius: 3px;' "
 'title=\'1.0\'>_||> "<||_html:</span>_||><||_html:<span '
 "style='background-color: rgba(0.0, 165.0, 0, 0.15); border-radius: 3px;' "
 "title='1.0'>_||>The<||_html:</span>_||><||_html:<span "
 "style='background-color: rgba(0.0, 165.0, 0, 0.15); border-radius: 3px;' "
 "title='1.0'>_||> '<||_html:</span>_||><||_html:<span "
 "style='background-color: rgba(0.0, 165.0, 0, 0.15); border-radius: 3px;' "
 "title='1.0'>_||>Product<||_html:</span>_||><||_html:<span "
 "style='background-color: rgba(0.0, 165.0, 0, 0.15); border-radius: 3px;' "
 "title='1.0'>_||>'<||_html:</span>_||><||_html:<span style='background-color: "
 "rgba(0.0, 165.0, 0, 0.15); border-radius: 3px;' title='1.0'>_||> "
 "type<||_html:</span>_||><||_html:<span style='background-color: rgba(0.0, "
 "165.0, 0, 0.15); border-radius: 3px;' title='1.0'>_||> "
 "no<||_html:</span>_||><||_html:<span style='background-color: rgba(0.0, "
 "165.0, 0, 0.15); border-radius: 3px;' title='1.0'>_||> "
 "longer<||_html:</span>_||><||_html:<span style='background-color: rgba(0.0, "
 "165.0, 0, 0.15); border-radius: 3px;' title='1.0'>_||> "
 "includes<||_html:</span>_||><||_html:<span style='background-color: "
 "rgba(0.0, 165.0, 0, 0.15); border-radius: 3px;' title='1.0'>_||> "
 "the<||_html:</span>_||><||_html:<span style='background-color: rgba(0.0, "
 "165.0, 0, 0.15); border-radius: 3px;' title='1.0'>_||> "
 "'<||_html:</span>_||><||_html:<span style='background-color: rgba(0.0, "
 "165.0, 0, 0.15); border-radius: 3px;' "
 "title='1.0'>_||>stock<||_html:</span>_||><||_html:<span "
 "style='background-color: rgba(0.0, 165.0, 0, 0.15); border-radius: 3px;' "
 "title='1.0'>_||>'<||_html:</span>_||><||_html:<span style='background-color: "
 "rgba(0.0, 165.0, 0, 0.15); border-radius: 3px;' title='1.0'>_||> "
 "field<||_html:</span>_||><||_html:<span style='background-color: rgba(0.0, "
 "165.0, 0, 0.15); border-radius: 3px;' "
 'title=\'1.0\'>_||>."<||_html:</span>_||><||_html:<span '
 "style='background-color: rgba(0.0, 165.0, 0, 0.15); border-radius: 3px;' "
 "title='1.0'>_||>\n"
 "<||_html:</span>_||><||_html:<span style='background-color: rgba(0.0, 165.0, "
 "0, 0.15); border-radius: 3px;' title='1.0'>_||>   "
 "<||_html:</span>_||><||_html:<span style='background-color: rgba(0.0, 165.0, "
 "0, 0.15); border-radius: 3px;' title='1.0'>_||> "
 "}<||_html:</span>_||><||_html:<span style='background-color: rgba(0.0, "
 "165.0, 0, 0.15); border-radius: 3px;' title='1.0'>_||>\n"
 "<||_html:</span>_||><||_html:<span style='background-color: rgba(0.0, 165.0, "
 "0, 0.15); border-radius: 3px;' title='1.0'>_||> "
 "<||_html:</span>_||><||_html:<span style='background-color: rgba(0.0, 165.0, "
 "0, 0.15); border-radius: 3px;' title='1.0'>_||> "
 "],<||_html:</span>_||><||_html:<span style='background-color: rgba(0.0, "
 "165.0, 0, 0.15); border-radius: 3px;' title='1.0'>_||>\n"
 "<||_html:</span>_||><||_html:<span style='background-color: rgba(0.0, 165.0, "
 "0, 0.15); border-radius: 3px;' title='1.0'>_||> "
 "<||_html:</span>_||><||_html:<span style='background-color: rgba(0.0, 165.0, "
 "0, 0.15); border-radius: 3px;' title='1.0'>_||> "
 '"<||_html:</span>_||><||_html:<span style=\'background-color: rgba(0.0, '
 "165.0, 0, 0.15); border-radius: 3px;' "
 "title='1.0'>_||>release<||_html:</span>_||><||_html:<span "
 "style='background-color: rgba(0.0, 165.0, 0, 0.15); border-radius: 3px;' "
 "title='1.0'>_||>_<||_html:</span>_||><||_html:<span style='background-color: "
 "rgba(0.0, 165.0, 0, 0.15); border-radius: 3px;' "
 "title='1.0'>_||>notes<||_html:</span>_||><||_html:<span "
 "style='background-color: rgba(0.0, 165.0, 0, 0.15); border-radius: 3px;' "
 'title=\'1.0\'>_||>":<||_html:</span>_||><||_html:<span '
 "style='background-color: rgba(0.0, 165.0, 0, 0.15); border-radius: 3px;' "
 "title='1.0'>_||> {<||_html:</span>_||><||_html:<span "
 "style='background-color: rgba(0.0, 165.0, 0, 0.15); border-radius: 3px;' "
 "title='1.0'>_||>\n"
 "<||_html:</span>_||><||_html:<span style='background-color: rgba(0.0, 165.0, "
 "0, 0.15); border-radius: 3px;' title='1.0'>_||>   "
 "<||_html:</span>_||><||_html:<span style='background-color: rgba(0.0, 165.0, "
 "0, 0.15); border-radius: 3px;' title='1.0'>_||> "
 '"<||_html:</span>_||><||_html:<span style=\'background-color: rgba(0.0, '
 "165.0, 0, 0.15); border-radius: 3px;' "
 "title='1.0'>_||>summary<||_html:</span>_||><||_html:<span "
 "style='background-color: rgba(0.0, 165.0, 0, 0.15); border-radius: 3px;' "
 'title=\'1.0\'>_||>":<||_html:</span>_||><||_html:<span '
 "style='background-color: rgba(0.0, 165.0, 0, 0.15); border-radius: 3px;' "
 'title=\'1.0\'>_||> "<||_html:</span>_||><||_html:<span '
 "style='background-color: rgba(0.0, 165.0, 0, 0.15); border-radius: 3px;' "
 "title='1.0'>_||>The<||_html:</span>_||><||_html:<span "
 "style='background-color: rgba(0.0, 165.0, 0, 0.15); border-radius: 3px;' "
 "title='1.0'>_||> '<||_html:</span>_||><||_html:<span "
 "style='background-color: rgba(0.0, 165.0, 0, 0.15); border-radius: 3px;' "
 "title='1.0'>_||>get<||_html:</span>_||><||_html:<span "
 "style='background-color: rgba(0.0, 165.0, 0, 0.15); border-radius: 3px;' "
 "title='1.0'>_||>")
('Analyze the following two GraphQL schemas for changes, including both '
 'breaking and non-breaking changes.\n'
 '\n'
 '                        Provide your analysis in the following JSON format:\n'
 '                        {\n'
 '                          "changes": [\n'
 '                            {\n'
 '                              "type": "String representing the GraphQL type '
 '(e.g., Query, Mutation, Subscription)",\n'
 '                              "field": "String representing the specific '
 'field that changed",\n'
 '                              "change": "String describing the change (e.g., '
 'field renamed, new field added, field removed)",\n'
 '                              "breaking": "Boolean indicating if the change '
 'is breaking (true) or non-breaking (false)",\n'
 '                              "release_note": "String with a natural '
 'language description of the change for release notes"\n'
 '                            }\n'
 '                          ],\n'
 '                          "release_notes": {\n'
 '                              "summary": "String summarizing all changes, '
 'suitable for a mailing list or public announcement"\n'
 '                          }\n'
 '                        }\n'
 '\n'
 '                        When analyzing, consider the following types of '
 'changes:\n'
 '                        1. Removing fields or types (breaking)\n'
 '                        2. Changing field types (potentially breaking)\n'
 '                        3. Adding required fields (breaking)\n'
 '                        4. Changing the type of existing arguments '
 '(breaking)\n'
 '                        5. Adding optional fields (non-breaking)\n'
 '                        6. Adding new types (non-breaking)\n'
 '                        7. Deprecating fields (non-breaking)\n'
 '\n'
 '                        Ensure that each change is categorized correctly as '
 'breaking or non-breaking.: type Query {\n'
 '  getProduct(id: ID!): Product\n'
 '}\n'
 '\n'
 'type Product {\n'
 '  id: ID\n'
 '  name: String\n'
 '  description: String\n'
 '  price: Float\n'
 '  stock: Int\n'
 '}\n'
 ', type Query {\n'
 '  getProduct(id: ID!): Product\n'
 '}\n'
 '\n'
 'type Product {\n'
 '  id: ID\n'
 '  name: String\n'
 '  details: String\n'
 '  price: Float\n'
 '}\n'
 '\n'
 "Answer:<||_html:<span style='background-color: rgba(0.0, 165.0, 0, 0.15); "
 "border-radius: 3px;' title='1.0'>_||> {<||_html:</span>_||><||_html:<span "
 "style='background-color: rgba(0.0, 165.0, 0, 0.15); border-radius: 3px;' "
 "title='1.0'>_||>\n"
 "<||_html:</span>_||><||_html:<span style='background-color: rgba(0.0, 165.0, "
 "0, 0.15); border-radius: 3px;' title='1.0'>_||> "
 "<||_html:</span>_||><||_html:<span style='background-color: rgba(0.0, 165.0, "
 "0, 0.15); border-radius: 3px;' title='1.0'>_||> "
 '"<||_html:</span>_||><||_html:<span style=\'background-color: rgba(0.0, '
 "165.0, 0, 0.15); border-radius: 3px;' "
 "title='1.0'>_||>changes<||_html:</span>_||><||_html:<span "
 "style='background-color: rgba(0.0, 165.0, 0, 0.15); border-radius: 3px;' "
 'title=\'1.0\'>_||>":<||_html:</span>_||><||_html:<span '
 "style='background-color: rgba(0.0, 165.0, 0, 0.15); border-radius: 3px;' "
 "title='1.0'>_||> [<||_html:</span>_||><||_html:<span "
 "style='background-color: rgba(0.0, 165.0, 0, 0.15); border-radius: 3px;' "
 "title='1.0'>_||>\n"
 "<||_html:</span>_||><||_html:<span style='background-color: rgba(0.0, 165.0, "
 "0, 0.15); border-radius: 3px;' title='1.0'>_||>   "
 "<||_html:</span>_||><||_html:<span style='background-color: rgba(0.0, 165.0, "
 "0, 0.15); border-radius: 3px;' title='1.0'>_||> "
 "{<||_html:</span>_||><||_html:<span style='background-color: rgba(0.0, "
 "165.0, 0, 0.15); border-radius: 3px;' title='1.0'>_||>\n"
 "<||_html:</span>_||><||_html:<span style='background-color: rgba(0.0, 165.0, "
 "0, 0.15); border-radius: 3px;' title='1.0'>_||>     "
 "<||_html:</span>_||><||_html:<span style='background-color: rgba(0.0, 165.0, "
 "0, 0.15); border-radius: 3px;' title='1.0'>_||> "
 '"<||_html:</span>_||><||_html:<span style=\'background-color: rgba(0.0, '
 "165.0, 0, 0.15); border-radius: 3px;' "
 "title='1.0'>_||>type<||_html:</span>_||><||_html:<span "
 "style='background-color: rgba(0.0, 165.0, 0, 0.15); border-radius: 3px;' "
 'title=\'1.0\'>_||>":<||_html:</span>_||><||_html:<span '
 "style='background-color: rgba(0.0, 165.0, 0, 0.15); border-radius: 3px;' "
 'title=\'1.0\'>_||> "<||_html:</span>_||><||_html:<span '
 "style='background-color: rgba(0.0, 165.0, 0, 0.15); border-radius: 3px;' "
 "title='1.0'>_||>Query<||_html:</span>_||><||_html:<span "
 "style='background-color: rgba(0.0, 165.0, 0, 0.15); border-radius: 3px;' "
 'title=\'1.0\'>_||>",<||_html:</span>_||><||_html:<span '
 "style='background-color: rgba(0.0, 165.0, 0, 0.15); border-radius: 3px;' "
 "title='1.0'>_||>\n"
 "<||_html:</span>_||><||_html:<span style='background-color: rgba(0.0, 165.0, "
 "0, 0.15); border-radius: 3px;' title='1.0'>_||>     "
 "<||_html:</span>_||><||_html:<span style='background-color: rgba(0.0, 165.0, "
 "0, 0.15); border-radius: 3px;' title='1.0'>_||> "
 '"<||_html:</span>_||><||_html:<span style=\'background-color: rgba(0.0, '
 "165.0, 0, 0.15); border-radius: 3px;' "
 "title='1.0'>_||>field<||_html:</span>_||><||_html:<span "
 "style='background-color: rgba(0.0, 165.0, 0, 0.15); border-radius: 3px;' "
 'title=\'1.0\'>_||>":<||_html:</span>_||><||_html:<span '
 "style='background-color: rgba(0.0, 165.0, 0, 0.15); border-radius: 3px;' "
 'title=\'1.0\'>_||> "<||_html:</span>_||><||_html:<span '
 "style='background-color: rgba(0.0, 165.0, 0, 0.15); border-radius: 3px;' "
 "title='1.0'>_||>get<||_html:</span>_||><||_html:<span "
 "style='background-color: rgba(0.0, 165.0, 0, 0.15); border-radius: 3px;' "
 "title='1.0'>_||>Product<||_html:</span>_||><||_html:<span "
 "style='background-color: rgba(0.0, 165.0, 0, 0.15); border-radius: 3px;' "
 'title=\'1.0\'>_||>",<||_html:</span>_||><||_html:<span '
 "style='background-color: rgba(0.0, 165.0, 0, 0.15); border-radius: 3px;' "
 "title='1.0'>_||>\n"
 "<||_html:</span>_||><||_html:<span style='background-color: rgba(0.0, 165.0, "
 "0, 0.15); border-radius: 3px;' title='1.0'>_||>     "
 "<||_html:</span>_||><||_html:<span style='background-color: rgba(0.0, 165.0, "
 "0, 0.15); border-radius: 3px;' title='1.0'>_||> "
 '"<||_html:</span>_||><||_html:<span style=\'background-color: rgba(0.0, '
 "165.0, 0, 0.15); border-radius: 3px;' "
 "title='1.0'>_||>change<||_html:</span>_||><||_html:<span "
 "style='background-color: rgba(0.0, 165.0, 0, 0.15); border-radius: 3px;' "
 'title=\'1.0\'>_||>":<||_html:</span>_||><||_html:<span '
 "style='background-color: rgba(0.0, 165.0, 0, 0.15); border-radius: 3px;' "
 'title=\'1.0\'>_||> "<||_html:</span>_||><||_html:<span '
 "style='background-color: rgba(0.0, 165.0, 0, 0.15); border-radius: 3px;' "
 "title='1.0'>_||>field<||_html:</span>_||><||_html:<span "
 "style='background-color: rgba(0.0, 165.0, 0, 0.15); border-radius: 3px;' "
 "title='1.0'>_||> details<||_html:</span>_||><||_html:<span "
 "style='background-color: rgba(0.0, 165.0, 0, 0.15); border-radius: 3px;' "
 "title='1.0'>_||> added<||_html:</span>_||><||_html:<span "
 "style='background-color: rgba(0.0, 165.0, 0, 0.15); border-radius: 3px;' "
 'title=\'1.0\'>_||>",<||_html:</span>_||><||_html:<span '
 "style='background-color: rgba(0.0, 165.0, 0, 0.15); border-radius: 3px;' "
 "title='1.0'>_||>\n"
 "<||_html:</span>_||><||_html:<span style='background-color: rgba(0.0, 165.0, "
 "0, 0.15); border-radius: 3px;' title='1.0'>_||>     "
 "<||_html:</span>_||><||_html:<span style='background-color: rgba(0.0, 165.0, "
 "0, 0.15); border-radius: 3px;' title='1.0'>_||> "
 '"<||_html:</span>_||><||_html:<span style=\'background-color: rgba(0.0, '
 "165.0, 0, 0.15); border-radius: 3px;' "
 "title='1.0'>_||>breaking<||_html:</span>_||><||_html:<span "
 "style='background-color: rgba(0.0, 165.0, 0, 0.15); border-radius: 3px;' "
 'title=\'1.0\'>_||>":<||_html:</span>_||><||_html:<span '
 "style='background-color: rgba(0.0, 165.0, 0, 0.15); border-radius: 3px;' "
 'title=\'1.0\'>_||> "<||_html:</span>_||><||_html:<span '
 "style='background-color: rgba(0.0, 165.0, 0, 0.15); border-radius: 3px;' "
 "title='1.0'>_||>false<||_html:</span>_||><||_html:<span "
 "style='background-color: rgba(0.0, 165.0, 0, 0.15); border-radius: 3px;' "
 'title=\'1.0\'>_||>",<||_html:</span>_||><||_html:<span '
 "style='background-color: rgba(0.0, 165.0, 0, 0.15); border-radius: 3px;' "
 "title='1.0'>_||>\n"
 "<||_html:</span>_||><||_html:<span style='background-color: rgba(0.0, 165.0, "
 "0, 0.15); border-radius: 3px;' title='1.0'>_||>     "
 "<||_html:</span>_||><||_html:<span style='background-color: rgba(0.0, 165.0, "
 "0, 0.15); border-radius: 3px;' title='1.0'>_||> "
 '"<||_html:</span>_||><||_html:<span style=\'background-color: rgba(0.0, '
 "165.0, 0, 0.15); border-radius: 3px;' "
 "title='1.0'>_||>release<||_html:</span>_||><||_html:<span "
 "style='background-color: rgba(0.0, 165.0, 0, 0.15); border-radius: 3px;' "
 "title='1.0'>_||>_<||_html:</span>_||><||_html:<span style='background-color: "
 "rgba(0.0, 165.0, 0, 0.15); border-radius: 3px;' "
 "title='1.0'>_||>note<||_html:</span>_||><||_html:<span "
 "style='background-color: rgba(0.0, 165.0, 0, 0.15); border-radius: 3px;' "
 'title=\'1.0\'>_||>":<||_html:</span>_||><||_html:<span '
 "style='background-color: rgba(0.0, 165.0, 0, 0.15); border-radius: 3px;' "
 'title=\'1.0\'>_||> "<||_html:</span>_||><||_html:<span '
 "style='background-color: rgba(0.0, 165.0, 0, 0.15); border-radius: 3px;' "
 "title='1.0'>_||>The<||_html:</span>_||><||_html:<span "
 "style='background-color: rgba(0.0, 165.0, 0, 0.15); border-radius: 3px;' "
 "title='1.0'>_||> '<||_html:</span>_||><||_html:<span "
 "style='background-color: rgba(0.0, 165.0, 0, 0.15); border-radius: 3px;' "
 "title='1.0'>_||>get<||_html:</span>_||><||_html:<span "
 "style='background-color: rgba(0.0, 165.0, 0, 0.15); border-radius: 3px;' "
 "title='1.0'>_||>Product<||_html:</span>_||><||_html:<span "
 "style='background-color: rgba(0.0, 165.0, 0, 0.15); border-radius: 3px;' "
 "title='1.0'>_||>'<||_html:</span>_||><||_html:<span style='background-color: "
 "rgba(0.0, 165.0, 0, 0.15); border-radius: 3px;' title='1.0'>_||> "
 "query<||_html:</span>_||><||_html:<span style='background-color: rgba(0.0, "
 "165.0, 0, 0.15); border-radius: 3px;' title='1.0'>_||> "
 "now<||_html:</span>_||><||_html:<span style='background-color: rgba(0.0, "
 "165.0, 0, 0.15); border-radius: 3px;' title='1.0'>_||> "
 "includes<||_html:</span>_||><||_html:<span style='background-color: "
 "rgba(0.0, 165.0, 0, 0.15); border-radius: 3px;' title='1.0'>_||> "
 "a<||_html:</span>_||><||_html:<span style='background-color: rgba(0.0, "
 "165.0, 0, 0.15); border-radius: 3px;' title='1.0'>_||> "
 "new<||_html:</span>_||><||_html:<span style='background-color: rgba(0.0, "
 "165.0, 0, 0.15); border-radius: 3px;' title='1.0'>_||> "
 "field<||_html:</span>_||><||_html:<span style='background-color: rgba(0.0, "
 "165.0, 0, 0.15); border-radius: 3px;' title='1.0'>_||> "
 "'<||_html:</span>_||><||_html:<span style='background-color: rgba(0.0, "
 "165.0, 0, 0.15); border-radius: 3px;' "
 "title='1.0'>_||>details<||_html:</span>_||><||_html:<span "
 "style='background-color: rgba(0.0, 165.0, 0, 0.15); border-radius: 3px;' "
 "title='1.0'>_||>'<||_html:</span>_||><||_html:<span style='background-color: "
 "rgba(0.0, 165.0, 0, 0.15); border-radius: 3px;' title='1.0'>_||> "
 "of<||_html:</span>_||><||_html:<span style='background-color: rgba(0.0, "
 "165.0, 0, 0.15); border-radius: 3px;' title='1.0'>_||> "
 "type<||_html:</span>_||><||_html:<span style='background-color: rgba(0.0, "
 "165.0, 0, 0.15); border-radius: 3px;' title='1.0'>_||> "
 "String<||_html:</span>_||><||_html:<span style='background-color: rgba(0.0, "
 "165.0, 0, 0.15); border-radius: 3px;' "
 'title=\'1.0\'>_||>."<||_html:</span>_||><||_html:<span '
 "style='background-color: rgba(0.0, 165.0, 0, 0.15); border-radius: 3px;' "
 "title='1.0'>_||>\n"
 "<||_html:</span>_||><||_html:<span style='background-color: rgba(0.0, 165.0, "
 "0, 0.15); border-radius: 3px;' title='1.0'>_||>   "
 "<||_html:</span>_||><||_html:<span style='background-color: rgba(0.0, 165.0, "
 "0, 0.15); border-radius: 3px;' title='1.0'>_||> "
 "},<||_html:</span>_||><||_html:<span style='background-color: rgba(0.0, "
 "165.0, 0, 0.15); border-radius: 3px;' title='1.0'>_||>\n"
 "<||_html:</span>_||><||_html:<span style='background-color: rgba(0.0, 165.0, "
 "0, 0.15); border-radius: 3px;' title='1.0'>_||>   "
 "<||_html:</span>_||><||_html:<span style='background-color: rgba(0.0, 165.0, "
 "0, 0.15); border-radius: 3px;' title='1.0'>_||> "
 "{<||_html:</span>_||><||_html:<span style='background-color: rgba(0.0, "
 "165.0, 0, 0.15); border-radius: 3px;' title='1.0'>_||>\n"
 "<||_html:</span>_||><||_html:<span style='background-color: rgba(0.0, 165.0, "
 "0, 0.15); border-radius: 3px;' title='1.0'>_||>     "
 "<||_html:</span>_||><||_html:<span style='background-color: rgba(0.0, 165.0, "
 "0, 0.15); border-radius: 3px;' title='1.0'>_||> "
 '"<||_html:</span>_||><||_html:<span style=\'background-color: rgba(0.0, '
 "165.0, 0, 0.15); border-radius: 3px;' "
 "title='1.0'>_||>type<||_html:</span>_||><||_html:<span "
 "style='background-color: rgba(0.0, 165.0, 0, 0.15); border-radius: 3px;' "
 'title=\'1.0\'>_||>":<||_html:</span>_||><||_html:<span '
 "style='background-color: rgba(0.0, 165.0, 0, 0.15); border-radius: 3px;' "
 'title=\'1.0\'>_||> "<||_html:</span>_||><||_html:<span '
 "style='background-color: rgba(0.0, 165.0, 0, 0.15); border-radius: 3px;' "
 "title='1.0'>_||>Product<||_html:</span>_||><||_html:<span "
 "style='background-color: rgba(0.0, 165.0, 0, 0.15); border-radius: 3px;' "
 'title=\'1.0\'>_||>",<||_html:</span>_||><||_html:<span '
 "style='background-color: rgba(0.0, 165.0, 0, 0.15); border-radius: 3px;' "
 "title='1.0'>_||>\n"
 "<||_html:</span>_||><||_html:<span style='background-color: rgba(0.0, 165.0, "
 "0, 0.15); border-radius: 3px;' title='1.0'>_||>     "
 "<||_html:</span>_||><||_html:<span style='background-color: rgba(0.0, 165.0, "
 "0, 0.15); border-radius: 3px;' title='1.0'>_||> "
 '"<||_html:</span>_||><||_html:<span style=\'background-color: rgba(0.0, '
 "165.0, 0, 0.15); border-radius: 3px;' "
 "title='1.0'>_||>field<||_html:</span>_||><||_html:<span "
 "style='background-color: rgba(0.0, 165.0, 0, 0.15); border-radius: 3px;' "
 'title=\'1.0\'>_||>":<||_html:</span>_||><||_html:<span '
 "style='background-color: rgba(0.0, 165.0, 0, 0.15); border-radius: 3px;' "
 'title=\'1.0\'>_||> "<||_html:</span>_||><||_html:<span '
 "style='background-color: rgba(0.0, 165.0, 0, 0.15); border-radius: 3px;' "
 "title='1.0'>_||>description<||_html:</span>_||><||_html:<span "
 "style='background-color: rgba(0.0, 165.0, 0, 0.15); border-radius: 3px;' "
 'title=\'1.0\'>_||>",<||_html:</span>_||><||_html:<span '
 "style='background-color: rgba(0.0, 165.0, 0, 0.15); border-radius: 3px;' "
 "title='1.0'>_||>\n"
 "<||_html:</span>_||><||_html:<span style='background-color: rgba(0.0, 165.0, "
 "0, 0.15); border-radius: 3px;' title='1.0'>_||>     "
 "<||_html:</span>_||><||_html:<span style='background-color: rgba(0.0, 165.0, "
 "0, 0.15); border-radius: 3px;' title='1.0'>_||> "
 '"<||_html:</span>_||><||_html:<span style=\'background-color: rgba(0.0, '
 "165.0, 0, 0.15); border-radius: 3px;' "
 "title='1.0'>_||>change<||_html:</span>_||><||_html:<span "
 "style='background-color: rgba(0.0, 165.0, 0, 0.15); border-radius: 3px;' "
 'title=\'1.0\'>_||>":<||_html:</span>_||><||_html:<span '
 "style='background-color: rgba(0.0, 165.0, 0, 0.15); border-radius: 3px;' "
 'title=\'1.0\'>_||> "<||_html:</span>_||><||_html:<span '
 "style='background-color: rgba(0.0, 165.0, 0, 0.15); border-radius: 3px;' "
 "title='1.0'>_||>field<||_html:</span>_||><||_html:<span "
 "style='background-color: rgba(0.0, 165.0, 0, 0.15); border-radius: 3px;' "
 "title='1.0'>_||> removed<||_html:</span>_||><||_html:<span "
 "style='background-color: rgba(0.0, 165.0, 0, 0.15); border-radius: 3px;' "
 'title=\'1.0\'>_||>",<||_html:</span>_||><||_html:<span '
 "style='background-color: rgba(0.0, 165.0, 0, 0.15); border-radius: 3px;' "
 "title='1.0'>_||>\n"
 "<||_html:</span>_||><||_html:<span style='background-color: rgba(0.0, 165.0, "
 "0, 0.15); border-radius: 3px;' title='1.0'>_||>     "
 "<||_html:</span>_||><||_html:<span style='background-color: rgba(0.0, 165.0, "
 "0, 0.15); border-radius: 3px;' title='1.0'>_||> "
 '"<||_html:</span>_||><||_html:<span style=\'background-color: rgba(0.0, '
 "165.0, 0, 0.15); border-radius: 3px;' "
 "title='1.0'>_||>breaking<||_html:</span>_||><||_html:<span "
 "style='background-color: rgba(0.0, 165.0, 0, 0.15); border-radius: 3px;' "
 'title=\'1.0\'>_||>":<||_html:</span>_||><||_html:<span '
 "style='background-color: rgba(0.0, 165.0, 0, 0.15); border-radius: 3px;' "
 'title=\'1.0\'>_||> "<||_html:</span>_||><||_html:<span '
 "style='background-color: rgba(0.0, 165.0, 0, 0.15); border-radius: 3px;' "
 "title='1.0'>_||>true<||_html:</span>_||><||_html:<span "
 "style='background-color: rgba(0.0, 165.0, 0, 0.15); border-radius: 3px;' "
 'title=\'1.0\'>_||>",<||_html:</span>_||><||_html:<span '
 "style='background-color: rgba(0.0, 165.0, 0, 0.15); border-radius: 3px;' "
 "title='1.0'>_||>\n"
 "<||_html:</span>_||><||_html:<span style='background-color: rgba(0.0, 165.0, "
 "0, 0.15); border-radius: 3px;' title='1.0'>_||>     "
 "<||_html:</span>_||><||_html:<span style='background-color: rgba(0.0, 165.0, "
 "0, 0.15); border-radius: 3px;' title='1.0'>_||> "
 '"<||_html:</span>_||><||_html:<span style=\'background-color: rgba(0.0, '
 "165.0, 0, 0.15); border-radius: 3px;' "
 "title='1.0'>_||>release<||_html:</span>_||><||_html:<span "
 "style='background-color: rgba(0.0, 165.0, 0, 0.15); border-radius: 3px;' "
 "title='1.0'>_||>_<||_html:</span>_||><||_html:<span style='background-color: "
 "rgba(0.0, 165.0, 0, 0.15); border-radius: 3px;' "
 "title='1.0'>_||>note<||_html:</span>_||><||_html:<span "
 "style='background-color: rgba(0.0, 165.0, 0, 0.15); border-radius: 3px;' "
 'title=\'1.0\'>_||>":<||_html:</span>_||><||_html:<span '
 "style='background-color: rgba(0.0, 165.0, 0, 0.15); border-radius: 3px;' "
 'title=\'1.0\'>_||> "<||_html:</span>_||><||_html:<span '
 "style='background-color: rgba(0.0, 165.0, 0, 0.15); border-radius: 3px;' "
 "title='1.0'>_||>The<||_html:</span>_||><||_html:<span "
 "style='background-color: rgba(0.0, 165.0, 0, 0.15); border-radius: 3px;' "
 "title='1.0'>_||> '<||_html:</span>_||><||_html:<span "
 "style='background-color: rgba(0.0, 165.0, 0, 0.15); border-radius: 3px;' "
 "title='1.0'>_||>Product<||_html:</span>_||><||_html:<span "
 "style='background-color: rgba(0.0, 165.0, 0, 0.15); border-radius: 3px;' "
 "title='1.0'>_||>'<||_html:</span>_||><||_html:<span style='background-color: "
 "rgba(0.0, 165.0, 0, 0.15); border-radius: 3px;' title='1.0'>_||> "
 "type<||_html:</span>_||><||_html:<span style='background-color: rgba(0.0, "
 "165.0, 0, 0.15); border-radius: 3px;' title='1.0'>_||> "
 "no<||_html:</span>_||><||_html:<span style='background-color: rgba(0.0, "
 "165.0, 0, 0.15); border-radius: 3px;' title='1.0'>_||> "
 "longer<||_html:</span>_||><||_html:<span style='background-color: rgba(0.0, "
 "165.0, 0, 0.15); border-radius: 3px;' title='1.0'>_||> "
 "includes<||_html:</span>_||><||_html:<span style='background-color: "
 "rgba(0.0, 165.0, 0, 0.15); border-radius: 3px;' title='1.0'>_||> "
 "the<||_html:</span>_||><||_html:<span style='background-color: rgba(0.0, "
 "165.0, 0, 0.15); border-radius: 3px;' title='1.0'>_||> "
 "'<||_html:</span>_||><||_html:<span style='background-color: rgba(0.0, "
 "165.0, 0, 0.15); border-radius: 3px;' "
 "title='1.0'>_||>description<||_html:</span>_||><||_html:<span "
 "style='background-color: rgba(0.0, 165.0, 0, 0.15); border-radius: 3px;' "
 "title='1.0'>_||>'<||_html:</span>_||><||_html:<span style='background-color: "
 "rgba(0.0, 165.0, 0, 0.15); border-radius: 3px;' title='1.0'>_||> "
 "field<||_html:</span>_||><||_html:<span style='background-color: rgba(0.0, "
 "165.0, 0, 0.15); border-radius: 3px;' "
 'title=\'1.0\'>_||>."<||_html:</span>_||><||_html:<span '
 "style='background-color: rgba(0.0, 165.0, 0, 0.15); border-radius: 3px;' "
 "title='1.0'>_||>\n"
 "<||_html:</span>_||><||_html:<span style='background-color: rgba(0.0, 165.0, "
 "0, 0.15); border-radius: 3px;' title='1.0'>_||>   "
 "<||_html:</span>_||><||_html:<span style='background-color: rgba(0.0, 165.0, "
 "0, 0.15); border-radius: 3px;' title='1.0'>_||> "
 "},<||_html:</span>_||><||_html:<span style='background-color: rgba(0.0, "
 "165.0, 0, 0.15); border-radius: 3px;' title='1.0'>_||>\n"
 "<||_html:</span>_||><||_html:<span style='background-color: rgba(0.0, 165.0, "
 "0, 0.15); border-radius: 3px;' title='1.0'>_||>   "
 "<||_html:</span>_||><||_html:<span style='background-color: rgba(0.0, 165.0, "
 "0, 0.15); border-radius: 3px;' title='1.0'>_||> "
 "{<||_html:</span>_||><||_html:<span style='background-color: rgba(0.0, "
 "165.0, 0, 0.15); border-radius: 3px;' title='1.0'>_||>\n"
 "<||_html:</span>_||><||_html:<span style='background-color: rgba(0.0, 165.0, "
 "0, 0.15); border-radius: 3px;' title='1.0'>_||>     "
 "<||_html:</span>_||><||_html:<span style='background-color: rgba(0.0, 165.0, "
 "0, 0.15); border-radius: 3px;' title='1.0'>_||> "
 '"<||_html:</span>_||><||_html:<span style=\'background-color: rgba(0.0, '
 "165.0, 0, 0.15); border-radius: 3px;' "
 "title='1.0'>_||>type<||_html:</span>_||><||_html:<span "
 "style='background-color: rgba(0.0, 165.0, 0, 0.15); border-radius: 3px;' "
 'title=\'1.0\'>_||>":<||_html:</span>_||><||_html:<span '
 "style='background-color: rgba(0.0, 165.0, 0, 0.15); border-radius: 3px;' "
 'title=\'1.0\'>_||> "<||_html:</span>_||><||_html:<span '
 "style='background-color: rgba(0.0, 165.0, 0, 0.15); border-radius: 3px;' "
 "title='1.0'>_||>Product<||_html:</span>_||><||_html:<span "
 "style='background-color: rgba(0.0, 165.0, 0, 0.15); border-radius: 3px;' "
 'title=\'1.0\'>_||>",<||_html:</span>_||><||_html:<span '
 "style='background-color: rgba(0.0, 165.0, 0, 0.15); border-radius: 3px;' "
 "title='1.0'>_||>\n"
 "<||_html:</span>_||><||_html:<span style='background-color: rgba(0.0, 165.0, "
 "0, 0.15); border-radius: 3px;' title='1.0'>_||>     "
 "<||_html:</span>_||><||_html:<span style='background-color: rgba(0.0, 165.0, "
 "0, 0.15); border-radius: 3px;' title='1.0'>_||> "
 '"<||_html:</span>_||><||_html:<span style=\'background-color: rgba(0.0, '
 "165.0, 0, 0.15); border-radius: 3px;' "
 "title='1.0'>_||>field<||_html:</span>_||><||_html:<span "
 "style='background-color: rgba(0.0, 165.0, 0, 0.15); border-radius: 3px;' "
 'title=\'1.0\'>_||>":<||_html:</span>_||><||_html:<span '
 "style='background-color: rgba(0.0, 165.0, 0, 0.15); border-radius: 3px;' "
 'title=\'1.0\'>_||> "<||_html:</span>_||><||_html:<span '
 "style='background-color: rgba(0.0, 165.0, 0, 0.15); border-radius: 3px;' "
 "title='1.0'>_||>stock<||_html:</span>_||><||_html:<span "
 "style='background-color: rgba(0.0, 165.0, 0, 0.15); border-radius: 3px;' "
 'title=\'1.0\'>_||>",<||_html:</span>_||><||_html:<span '
 "style='background-color: rgba(0.0, 165.0, 0, 0.15); border-radius: 3px;' "
 "title='1.0'>_||>\n"
 "<||_html:</span>_||><||_html:<span style='background-color: rgba(0.0, 165.0, "
 "0, 0.15); border-radius: 3px;' title='1.0'>_||>     "
 "<||_html:</span>_||><||_html:<span style='background-color: rgba(0.0, 165.0, "
 "0, 0.15); border-radius: 3px;' title='1.0'>_||> "
 '"<||_html:</span>_||><||_html:<span style=\'background-color: rgba(0.0, '
 "165.0, 0, 0.15); border-radius: 3px;' "
 "title='1.0'>_||>change<||_html:</span>_||><||_html:<span "
 "style='background-color: rgba(0.0, 165.0, 0, 0.15); border-radius: 3px;' "
 'title=\'1.0\'>_||>":<||_html:</span>_||><||_html:<span '
 "style='background-color: rgba(0.0, 165.0, 0, 0.15); border-radius: 3px;' "
 'title=\'1.0\'>_||> "<||_html:</span>_||><||_html:<span '
 "style='background-color: rgba(0.0, 165.0, 0, 0.15); border-radius: 3px;' "
 "title='1.0'>_||>field<||_html:</span>_||><||_html:<span "
 "style='background-color: rgba(0.0, 165.0, 0, 0.15); border-radius: 3px;' "
 "title='1.0'>_||> removed<||_html:</span>_||><||_html:<span "
 "style='background-color: rgba(0.0, 165.0, 0, 0.15); border-radius: 3px;' "
 'title=\'1.0\'>_||>",<||_html:</span>_||><||_html:<span '
 "style='background-color: rgba(0.0, 165.0, 0, 0.15); border-radius: 3px;' "
 "title='1.0'>_||>\n"
 "<||_html:</span>_||><||_html:<span style='background-color: rgba(0.0, 165.0, "
 "0, 0.15); border-radius: 3px;' title='1.0'>_||>     "
 "<||_html:</span>_||><||_html:<span style='background-color: rgba(0.0, 165.0, "
 "0, 0.15); border-radius: 3px;' title='1.0'>_||> "
 '"<||_html:</span>_||><||_html:<span style=\'background-color: rgba(0.0, '
 "165.0, 0, 0.15); border-radius: 3px;' "
 "title='1.0'>_||>breaking<||_html:</span>_||><||_html:<span "
 "style='background-color: rgba(0.0, 165.0, 0, 0.15); border-radius: 3px;' "
 'title=\'1.0\'>_||>":<||_html:</span>_||><||_html:<span '
 "style='background-color: rgba(0.0, 165.0, 0, 0.15); border-radius: 3px;' "
 'title=\'1.0\'>_||> "<||_html:</span>_||><||_html:<span '
 "style='background-color: rgba(0.0, 165.0, 0, 0.15); border-radius: 3px;' "
 "title='1.0'>_||>true<||_html:</span>_||><||_html:<span "
 "style='background-color: rgba(0.0, 165.0, 0, 0.15); border-radius: 3px;' "
 'title=\'1.0\'>_||>",<||_html:</span>_||><||_html:<span '
 "style='background-color: rgba(0.0, 165.0, 0, 0.15); border-radius: 3px;' "
 "title='1.0'>_||>\n"
 "<||_html:</span>_||><||_html:<span style='background-color: rgba(0.0, 165.0, "
 "0, 0.15); border-radius: 3px;' title='1.0'>_||>     "
 "<||_html:</span>_||><||_html:<span style='background-color: rgba(0.0, 165.0, "
 "0, 0.15); border-radius: 3px;' title='1.0'>_||> "
 '"<||_html:</span>_||><||_html:<span style=\'background-color: rgba(0.0, '
 "165.0, 0, 0.15); border-radius: 3px;' "
 "title='1.0'>_||>release<||_html:</span>_||><||_html:<span "
 "style='background-color: rgba(0.0, 165.0, 0, 0.15); border-radius: 3px;' "
 "title='1.0'>_||>_<||_html:</span>_||><||_html:<span style='background-color: "
 "rgba(0.0, 165.0, 0, 0.15); border-radius: 3px;' "
 "title='1.0'>_||>note<||_html:</span>_||><||_html:<span "
 "style='background-color: rgba(0.0, 165.0, 0, 0.15); border-radius: 3px;' "
 'title=\'1.0\'>_||>":<||_html:</span>_||><||_html:<span '
 "style='background-color: rgba(0.0, 165.0, 0, 0.15); border-radius: 3px;' "
 'title=\'1.0\'>_||> "<||_html:</span>_||><||_html:<span '
 "style='background-color: rgba(0.0, 165.0, 0, 0.15); border-radius: 3px;' "
 "title='1.0'>_||>The<||_html:</span>_||><||_html:<span "
 "style='background-color: rgba(0.0, 165.0, 0, 0.15); border-radius: 3px;' "
 "title='1.0'>_||> '<||_html:</span>_||><||_html:<span "
 "style='background-color: rgba(0.0, 165.0, 0, 0.15); border-radius: 3px;' "
 "title='1.0'>_||>Product<||_html:</span>_||><||_html:<span "
 "style='background-color: rgba(0.0, 165.0, 0, 0.15); border-radius: 3px;' "
 "title='1.0'>_||>'<||_html:</span>_||><||_html:<span style='background-color: "
 "rgba(0.0, 165.0, 0, 0.15); border-radius: 3px;' title='1.0'>_||> "
 "type<||_html:</span>_||><||_html:<span style='background-color: rgba(0.0, "
 "165.0, 0, 0.15); border-radius: 3px;' title='1.0'>_||> "
 "no<||_html:</span>_||><||_html:<span style='background-color: rgba(0.0, "
 "165.0, 0, 0.15); border-radius: 3px;' title='1.0'>_||> "
 "longer<||_html:</span>_||><||_html:<span style='background-color: rgba(0.0, "
 "165.0, 0, 0.15); border-radius: 3px;' title='1.0'>_||> "
 "includes<||_html:</span>_||><||_html:<span style='background-color: "
 "rgba(0.0, 165.0, 0, 0.15); border-radius: 3px;' title='1.0'>_||> "
 "the<||_html:</span>_||><||_html:<span style='background-color: rgba(0.0, "
 "165.0, 0, 0.15); border-radius: 3px;' title='1.0'>_||> "
 "'<||_html:</span>_||><||_html:<span style='background-color: rgba(0.0, "
 "165.0, 0, 0.15); border-radius: 3px;' "
 "title='1.0'>_||>stock<||_html:</span>_||><||_html:<span "
 "style='background-color: rgba(0.0, 165.0, 0, 0.15); border-radius: 3px;' "
 "title='1.0'>_||>'<||_html:</span>_||><||_html:<span style='background-color: "
 "rgba(0.0, 165.0, 0, 0.15); border-radius: 3px;' title='1.0'>_||> "
 "field<||_html:</span>_||><||_html:<span style='background-color: rgba(0.0, "
 "165.0, 0, 0.15); border-radius: 3px;' "
 'title=\'1.0\'>_||>."<||_html:</span>_||><||_html:<span '
 "style='background-color: rgba(0.0, 165.0, 0, 0.15); border-radius: 3px;' "
 "title='1.0'>_||>\n"
 "<||_html:</span>_||><||_html:<span style='background-color: rgba(0.0, 165.0, "
 "0, 0.15); border-radius: 3px;' title='1.0'>_||>   "
 "<||_html:</span>_||><||_html:<span style='background-color: rgba(0.0, 165.0, "
 "0, 0.15); border-radius: 3px;' title='1.0'>_||> "
 "}<||_html:</span>_||><||_html:<span style='background-color: rgba(0.0, "
 "165.0, 0, 0.15); border-radius: 3px;' title='1.0'>_||>\n"
 "<||_html:</span>_||><||_html:<span style='background-color: rgba(0.0, 165.0, "
 "0, 0.15); border-radius: 3px;' title='1.0'>_||> "
 "<||_html:</span>_||><||_html:<span style='background-color: rgba(0.0, 165.0, "
 "0, 0.15); border-radius: 3px;' title='1.0'>_||> "
 "],<||_html:</span>_||><||_html:<span style='background-color: rgba(0.0, "
 "165.0, 0, 0.15); border-radius: 3px;' title='1.0'>_||>\n"
 "<||_html:</span>_||><||_html:<span style='background-color: rgba(0.0, 165.0, "
 "0, 0.15); border-radius: 3px;' title='1.0'>_||> "
 "<||_html:</span>_||><||_html:<span style='background-color: rgba(0.0, 165.0, "
 "0, 0.15); border-radius: 3px;' title='1.0'>_||> "
 '"<||_html:</span>_||><||_html:<span style=\'background-color: rgba(0.0, '
 "165.0, 0, 0.15); border-radius: 3px;' "
 "title='1.0'>_||>release<||_html:</span>_||><||_html:<span "
 "style='background-color: rgba(0.0, 165.0, 0, 0.15); border-radius: 3px;' "
 "title='1.0'>_||>_<||_html:</span>_||><||_html:<span style='background-color: "
 "rgba(0.0, 165.0, 0, 0.15); border-radius: 3px;' "
 "title='1.0'>_||>notes<||_html:</span>_||><||_html:<span "
 "style='background-color: rgba(0.0, 165.0, 0, 0.15); border-radius: 3px;' "
 'title=\'1.0\'>_||>":<||_html:</span>_||><||_html:<span '
 "style='background-color: rgba(0.0, 165.0, 0, 0.15); border-radius: 3px;' "
 "title='1.0'>_||> {<||_html:</span>_||><||_html:<span "
 "style='background-color: rgba(0.0, 165.0, 0, 0.15); border-radius: 3px;' "
 "title='1.0'>_||>\n"
 "<||_html:</span>_||><||_html:<span style='background-color: rgba(0.0, 165.0, "
 "0, 0.15); border-radius: 3px;' title='1.0'>_||>   "
 "<||_html:</span>_||><||_html:<span style='background-color: rgba(0.0, 165.0, "
 "0, 0.15); border-radius: 3px;' title='1.0'>_||> "
 '"<||_html:</span>_||><||_html:<span style=\'background-color: rgba(0.0, '
 "165.0, 0, 0.15); border-radius: 3px;' "
 "title='1.0'>_||>summary<||_html:</span>_||><||_html:<span "
 "style='background-color: rgba(0.0, 165.0, 0, 0.15); border-radius: 3px;' "
 'title=\'1.0\'>_||>":<||_html:</span>_||><||_html:<span '
 "style='background-color: rgba(0.0, 165.0, 0, 0.15); border-radius: 3px;' "
 'title=\'1.0\'>_||> "<||_html:</span>_||><||_html:<span '
 "style='background-color: rgba(0.0, 165.0, 0, 0.15); border-radius: 3px;' "
 "title='1.0'>_||>The<||_html:</span>_||><||_html:<span "
 "style='background-color: rgba(0.0, 165.0, 0, 0.15); border-radius: 3px;' "
 "title='1.0'>_||> '<||_html:</span>_||><||_html:<span "
 "style='background-color: rgba(0.0, 165.0, 0, 0.15); border-radius: 3px;' "
 "title='1.0'>_||>get<||_html:</span>_||><||_html:<span "
 "style='background-color: rgba(0.0, 165.0, 0, 0.15); border-radius: 3px;' "
 "title='1.0'>_||>Product<||_html:</span>_||><||_html:<span "
 "style='background-color: rgba(0.0, 165.0, 0, 0.15); border-radius: 3px;' "
 "title='1.0'>_||>'<||_html:</span>_||><||_html:<span style='background-color: "
 "rgba(0.0, 165.0, 0, 0.15); border-radius: 3px;' title='1.0'>_||> "
 "query<||_html:</span>_||><||_html:<span style='background-color: rgba(0.0, "
 "165.0, 0, 0.15); border-radius: 3px;' title='1.0'>_||>")
('Analyze the following two GraphQL schemas for changes, including both '
 'breaking and non-breaking changes.\n'
 '\n'
 '                        Provide your analysis in the following JSON format:\n'
 '                        {\n'
 '                          "changes": [\n'
 '                            {\n'
 '                              "type": "String representing the GraphQL type '
 '(e.g., Query, Mutation, Subscription)",\n'
 '                              "field": "String representing the specific '
 'field that changed",\n'
 '                              "change": "String describing the change (e.g., '
 'field renamed, new field added, field removed)",\n'
 '                              "breaking": "Boolean indicating if the change '
 'is breaking (true) or non-breaking (false)",\n'
 '                              "release_note": "String with a natural '
 'language description of the change for release notes"\n'
 '                            }\n'
 '                          ],\n'
 '                          "release_notes": {\n'
 '                              "summary": "String summarizing all changes, '
 'suitable for a mailing list or public announcement"\n'
 '                          }\n'
 '                        }\n'
 '\n'
 '                        When analyzing, consider the following types of '
 'changes:\n'
 '                        1. Removing fields or types (breaking)\n'
 '                        2. Changing field types (potentially breaking)\n'
 '                        3. Adding required fields (breaking)\n'
 '                        4. Changing the type of existing arguments '
 '(breaking)\n'
 '                        5. Adding optional fields (non-breaking)\n'
 '                        6. Adding new types (non-breaking)\n'
 '                        7. Deprecating fields (non-breaking)\n'
 '\n'
 '                        Ensure that each change is categorized correctly as '
 'breaking or non-breaking.: type Query {\n'
 '  getProduct(id: ID!): Product\n'
 '}\n'
 '\n'
 'type Product {\n'
 '  id: ID\n'
 '  name: String\n'
 '  description: String\n'
 '  price: Float\n'
 '  stock: Int\n'
 '}\n'
 ', type Query {\n'
 '  getProduct(id: ID!): Product\n'
 '}\n'
 '\n'
 'type Product {\n'
 '  id: ID\n'
 '  name: String\n'
 '  details: String\n'
 '  price: Float\n'
 '}\n'
 '\n'
 "Answer:<||_html:<span style='background-color: rgba(0.0, 165.0, 0, 0.15); "
 "border-radius: 3px;' title='1.0'>_||> {<||_html:</span>_||><||_html:<span "
 "style='background-color: rgba(0.0, 165.0, 0, 0.15); border-radius: 3px;' "
 "title='1.0'>_||>\n"
 "<||_html:</span>_||><||_html:<span style='background-color: rgba(0.0, 165.0, "
 "0, 0.15); border-radius: 3px;' title='1.0'>_||> "
 "<||_html:</span>_||><||_html:<span style='background-color: rgba(0.0, 165.0, "
 "0, 0.15); border-radius: 3px;' title='1.0'>_||> "
 '"<||_html:</span>_||><||_html:<span style=\'background-color: rgba(0.0, '
 "165.0, 0, 0.15); border-radius: 3px;' "
 "title='1.0'>_||>changes<||_html:</span>_||><||_html:<span "
 "style='background-color: rgba(0.0, 165.0, 0, 0.15); border-radius: 3px;' "
 'title=\'1.0\'>_||>":<||_html:</span>_||><||_html:<span '
 "style='background-color: rgba(0.0, 165.0, 0, 0.15); border-radius: 3px;' "
 "title='1.0'>_||> [<||_html:</span>_||><||_html:<span "
 "style='background-color: rgba(0.0, 165.0, 0, 0.15); border-radius: 3px;' "
 "title='1.0'>_||>\n"
 "<||_html:</span>_||><||_html:<span style='background-color: rgba(0.0, 165.0, "
 "0, 0.15); border-radius: 3px;' title='1.0'>_||>   "
 "<||_html:</span>_||><||_html:<span style='background-color: rgba(0.0, 165.0, "
 "0, 0.15); border-radius: 3px;' title='1.0'>_||> "
 "{<||_html:</span>_||><||_html:<span style='background-color: rgba(0.0, "
 "165.0, 0, 0.15); border-radius: 3px;' title='1.0'>_||>\n"
 "<||_html:</span>_||><||_html:<span style='background-color: rgba(0.0, 165.0, "
 "0, 0.15); border-radius: 3px;' title='1.0'>_||>     "
 "<||_html:</span>_||><||_html:<span style='background-color: rgba(0.0, 165.0, "
 "0, 0.15); border-radius: 3px;' title='1.0'>_||> "
 '"<||_html:</span>_||><||_html:<span style=\'background-color: rgba(0.0, '
 "165.0, 0, 0.15); border-radius: 3px;' "
 "title='1.0'>_||>type<||_html:</span>_||><||_html:<span "
 "style='background-color: rgba(0.0, 165.0, 0, 0.15); border-radius: 3px;' "
 'title=\'1.0\'>_||>":<||_html:</span>_||><||_html:<span '
 "style='background-color: rgba(0.0, 165.0, 0, 0.15); border-radius: 3px;' "
 'title=\'1.0\'>_||> "<||_html:</span>_||><||_html:<span '
 "style='background-color: rgba(0.0, 165.0, 0, 0.15); border-radius: 3px;' "
 "title='1.0'>_||>Query<||_html:</span>_||><||_html:<span "
 "style='background-color: rgba(0.0, 165.0, 0, 0.15); border-radius: 3px;' "
 'title=\'1.0\'>_||>",<||_html:</span>_||><||_html:<span '
 "style='background-color: rgba(0.0, 165.0, 0, 0.15); border-radius: 3px;' "
 "title='1.0'>_||>\n"
 "<||_html:</span>_||><||_html:<span style='background-color: rgba(0.0, 165.0, "
 "0, 0.15); border-radius: 3px;' title='1.0'>_||>     "
 "<||_html:</span>_||><||_html:<span style='background-color: rgba(0.0, 165.0, "
 "0, 0.15); border-radius: 3px;' title='1.0'>_||> "
 '"<||_html:</span>_||><||_html:<span style=\'background-color: rgba(0.0, '
 "165.0, 0, 0.15); border-radius: 3px;' "
 "title='1.0'>_||>field<||_html:</span>_||><||_html:<span "
 "style='background-color: rgba(0.0, 165.0, 0, 0.15); border-radius: 3px;' "
 'title=\'1.0\'>_||>":<||_html:</span>_||><||_html:<span '
 "style='background-color: rgba(0.0, 165.0, 0, 0.15); border-radius: 3px;' "
 'title=\'1.0\'>_||> "<||_html:</span>_||><||_html:<span '
 "style='background-color: rgba(0.0, 165.0, 0, 0.15); border-radius: 3px;' "
 "title='1.0'>_||>get<||_html:</span>_||><||_html:<span "
 "style='background-color: rgba(0.0, 165.0, 0, 0.15); border-radius: 3px;' "
 "title='1.0'>_||>Product<||_html:</span>_||><||_html:<span "
 "style='background-color: rgba(0.0, 165.0, 0, 0.15); border-radius: 3px;' "
 'title=\'1.0\'>_||>",<||_html:</span>_||><||_html:<span '
 "style='background-color: rgba(0.0, 165.0, 0, 0.15); border-radius: 3px;' "
 "title='1.0'>_||>\n"
 "<||_html:</span>_||><||_html:<span style='background-color: rgba(0.0, 165.0, "
 "0, 0.15); border-radius: 3px;' title='1.0'>_||>     "
 "<||_html:</span>_||><||_html:<span style='background-color: rgba(0.0, 165.0, "
 "0, 0.15); border-radius: 3px;' title='1.0'>_||> "
 '"<||_html:</span>_||><||_html:<span style=\'background-color: rgba(0.0, '
 "165.0, 0, 0.15); border-radius: 3px;' "
 "title='1.0'>_||>change<||_html:</span>_||><||_html:<span "
 "style='background-color: rgba(0.0, 165.0, 0, 0.15); border-radius: 3px;' "
 'title=\'1.0\'>_||>":<||_html:</span>_||><||_html:<span '
 "style='background-color: rgba(0.0, 165.0, 0, 0.15); border-radius: 3px;' "
 'title=\'1.0\'>_||> "<||_html:</span>_||><||_html:<span '
 "style='background-color: rgba(0.0, 165.0, 0, 0.15); border-radius: 3px;' "
 "title='1.0'>_||>field<||_html:</span>_||><||_html:<span "
 "style='background-color: rgba(0.0, 165.0, 0, 0.15); border-radius: 3px;' "
 "title='1.0'>_||> details<||_html:</span>_||><||_html:<span "
 "style='background-color: rgba(0.0, 165.0, 0, 0.15); border-radius: 3px;' "
 "title='1.0'>_||> added<||_html:</span>_||><||_html:<span "
 "style='background-color: rgba(0.0, 165.0, 0, 0.15); border-radius: 3px;' "
 'title=\'1.0\'>_||>",<||_html:</span>_||><||_html:<span '
 "style='background-color: rgba(0.0, 165.0, 0, 0.15); border-radius: 3px;' "
 "title='1.0'>_||>\n"
 "<||_html:</span>_||><||_html:<span style='background-color: rgba(0.0, 165.0, "
 "0, 0.15); border-radius: 3px;' title='1.0'>_||>     "
 "<||_html:</span>_||><||_html:<span style='background-color: rgba(0.0, 165.0, "
 "0, 0.15); border-radius: 3px;' title='1.0'>_||> "
 '"<||_html:</span>_||><||_html:<span style=\'background-color: rgba(0.0, '
 "165.0, 0, 0.15); border-radius: 3px;' "
 "title='1.0'>_||>breaking<||_html:</span>_||><||_html:<span "
 "style='background-color: rgba(0.0, 165.0, 0, 0.15); border-radius: 3px;' "
 'title=\'1.0\'>_||>":<||_html:</span>_||><||_html:<span '
 "style='background-color: rgba(0.0, 165.0, 0, 0.15); border-radius: 3px;' "
 'title=\'1.0\'>_||> "<||_html:</span>_||><||_html:<span '
 "style='background-color: rgba(0.0, 165.0, 0, 0.15); border-radius: 3px;' "
 "title='1.0'>_||>false<||_html:</span>_||><||_html:<span "
 "style='background-color: rgba(0.0, 165.0, 0, 0.15); border-radius: 3px;' "
 'title=\'1.0\'>_||>",<||_html:</span>_||><||_html:<span '
 "style='background-color: rgba(0.0, 165.0, 0, 0.15); border-radius: 3px;' "
 "title='1.0'>_||>\n"
 "<||_html:</span>_||><||_html:<span style='background-color: rgba(0.0, 165.0, "
 "0, 0.15); border-radius: 3px;' title='1.0'>_||>     "
 "<||_html:</span>_||><||_html:<span style='background-color: rgba(0.0, 165.0, "
 "0, 0.15); border-radius: 3px;' title='1.0'>_||> "
 '"<||_html:</span>_||><||_html:<span style=\'background-color: rgba(0.0, '
 "165.0, 0, 0.15); border-radius: 3px;' "
 "title='1.0'>_||>release<||_html:</span>_||><||_html:<span "
 "style='background-color: rgba(0.0, 165.0, 0, 0.15); border-radius: 3px;' "
 "title='1.0'>_||>_<||_html:</span>_||><||_html:<span style='background-color: "
 "rgba(0.0, 165.0, 0, 0.15); border-radius: 3px;' "
 "title='1.0'>_||>note<||_html:</span>_||><||_html:<span "
 "style='background-color: rgba(0.0, 165.0, 0, 0.15); border-radius: 3px;' "
 'title=\'1.0\'>_||>":<||_html:</span>_||><||_html:<span '
 "style='background-color: rgba(0.0, 165.0, 0, 0.15); border-radius: 3px;' "
 'title=\'1.0\'>_||> "<||_html:</span>_||><||_html:<span '
 "style='background-color: rgba(0.0, 165.0, 0, 0.15); border-radius: 3px;' "
 "title='1.0'>_||>The<||_html:</span>_||><||_html:<span "
 "style='background-color: rgba(0.0, 165.0, 0, 0.15); border-radius: 3px;' "
 "title='1.0'>_||> '<||_html:</span>_||><||_html:<span "
 "style='background-color: rgba(0.0, 165.0, 0, 0.15); border-radius: 3px;' "
 "title='1.0'>_||>get<||_html:</span>_||><||_html:<span "
 "style='background-color: rgba(0.0, 165.0, 0, 0.15); border-radius: 3px;' "
 "title='1.0'>_||>Product<||_html:</span>_||><||_html:<span "
 "style='background-color: rgba(0.0, 165.0, 0, 0.15); border-radius: 3px;' "
 "title='1.0'>_||>'<||_html:</span>_||><||_html:<span style='background-color: "
 "rgba(0.0, 165.0, 0, 0.15); border-radius: 3px;' title='1.0'>_||> "
 "query<||_html:</span>_||><||_html:<span style='background-color: rgba(0.0, "
 "165.0, 0, 0.15); border-radius: 3px;' title='1.0'>_||> "
 "now<||_html:</span>_||><||_html:<span style='background-color: rgba(0.0, "
 "165.0, 0, 0.15); border-radius: 3px;' title='1.0'>_||> "
 "includes<||_html:</span>_||><||_html:<span style='background-color: "
 "rgba(0.0, 165.0, 0, 0.15); border-radius: 3px;' title='1.0'>_||> "
 "a<||_html:</span>_||><||_html:<span style='background-color: rgba(0.0, "
 "165.0, 0, 0.15); border-radius: 3px;' title='1.0'>_||> "
 "new<||_html:</span>_||><||_html:<span style='background-color: rgba(0.0, "
 "165.0, 0, 0.15); border-radius: 3px;' title='1.0'>_||> "
 "field<||_html:</span>_||><||_html:<span style='background-color: rgba(0.0, "
 "165.0, 0, 0.15); border-radius: 3px;' title='1.0'>_||> "
 "'<||_html:</span>_||><||_html:<span style='background-color: rgba(0.0, "
 "165.0, 0, 0.15); border-radius: 3px;' "
 "title='1.0'>_||>details<||_html:</span>_||><||_html:<span "
 "style='background-color: rgba(0.0, 165.0, 0, 0.15); border-radius: 3px;' "
 "title='1.0'>_||>'<||_html:</span>_||><||_html:<span style='background-color: "
 "rgba(0.0, 165.0, 0, 0.15); border-radius: 3px;' title='1.0'>_||> "
 "of<||_html:</span>_||><||_html:<span style='background-color: rgba(0.0, "
 "165.0, 0, 0.15); border-radius: 3px;' title='1.0'>_||> "
 "type<||_html:</span>_||><||_html:<span style='background-color: rgba(0.0, "
 "165.0, 0, 0.15); border-radius: 3px;' title='1.0'>_||> "
 "String<||_html:</span>_||><||_html:<span style='background-color: rgba(0.0, "
 "165.0, 0, 0.15); border-radius: 3px;' "
 'title=\'1.0\'>_||>."<||_html:</span>_||><||_html:<span '
 "style='background-color: rgba(0.0, 165.0, 0, 0.15); border-radius: 3px;' "
 "title='1.0'>_||>\n"
 "<||_html:</span>_||><||_html:<span style='background-color: rgba(0.0, 165.0, "
 "0, 0.15); border-radius: 3px;' title='1.0'>_||>   "
 "<||_html:</span>_||><||_html:<span style='background-color: rgba(0.0, 165.0, "
 "0, 0.15); border-radius: 3px;' title='1.0'>_||> "
 "},<||_html:</span>_||><||_html:<span style='background-color: rgba(0.0, "
 "165.0, 0, 0.15); border-radius: 3px;' title='1.0'>_||>\n"
 "<||_html:</span>_||><||_html:<span style='background-color: rgba(0.0, 165.0, "
 "0, 0.15); border-radius: 3px;' title='1.0'>_||>   "
 "<||_html:</span>_||><||_html:<span style='background-color: rgba(0.0, 165.0, "
 "0, 0.15); border-radius: 3px;' title='1.0'>_||> "
 "{<||_html:</span>_||><||_html:<span style='background-color: rgba(0.0, "
 "165.0, 0, 0.15); border-radius: 3px;' title='1.0'>_||>\n"
 "<||_html:</span>_||><||_html:<span style='background-color: rgba(0.0, 165.0, "
 "0, 0.15); border-radius: 3px;' title='1.0'>_||>     "
 "<||_html:</span>_||><||_html:<span style='background-color: rgba(0.0, 165.0, "
 "0, 0.15); border-radius: 3px;' title='1.0'>_||> "
 '"<||_html:</span>_||><||_html:<span style=\'background-color: rgba(0.0, '
 "165.0, 0, 0.15); border-radius: 3px;' "
 "title='1.0'>_||>type<||_html:</span>_||><||_html:<span "
 "style='background-color: rgba(0.0, 165.0, 0, 0.15); border-radius: 3px;' "
 'title=\'1.0\'>_||>":<||_html:</span>_||><||_html:<span '
 "style='background-color: rgba(0.0, 165.0, 0, 0.15); border-radius: 3px;' "
 'title=\'1.0\'>_||> "<||_html:</span>_||><||_html:<span '
 "style='background-color: rgba(0.0, 165.0, 0, 0.15); border-radius: 3px;' "
 "title='1.0'>_||>Product<||_html:</span>_||><||_html:<span "
 "style='background-color: rgba(0.0, 165.0, 0, 0.15); border-radius: 3px;' "
 'title=\'1.0\'>_||>",<||_html:</span>_||><||_html:<span '
 "style='background-color: rgba(0.0, 165.0, 0, 0.15); border-radius: 3px;' "
 "title='1.0'>_||>\n"
 "<||_html:</span>_||><||_html:<span style='background-color: rgba(0.0, 165.0, "
 "0, 0.15); border-radius: 3px;' title='1.0'>_||>     "
 "<||_html:</span>_||><||_html:<span style='background-color: rgba(0.0, 165.0, "
 "0, 0.15); border-radius: 3px;' title='1.0'>_||> "
 '"<||_html:</span>_||><||_html:<span style=\'background-color: rgba(0.0, '
 "165.0, 0, 0.15); border-radius: 3px;' "
 "title='1.0'>_||>field<||_html:</span>_||><||_html:<span "
 "style='background-color: rgba(0.0, 165.0, 0, 0.15); border-radius: 3px;' "
 'title=\'1.0\'>_||>":<||_html:</span>_||><||_html:<span '
 "style='background-color: rgba(0.0, 165.0, 0, 0.15); border-radius: 3px;' "
 'title=\'1.0\'>_||> "<||_html:</span>_||><||_html:<span '
 "style='background-color: rgba(0.0, 165.0, 0, 0.15); border-radius: 3px;' "
 "title='1.0'>_||>description<||_html:</span>_||><||_html:<span "
 "style='background-color: rgba(0.0, 165.0, 0, 0.15); border-radius: 3px;' "
 'title=\'1.0\'>_||>",<||_html:</span>_||><||_html:<span '
 "style='background-color: rgba(0.0, 165.0, 0, 0.15); border-radius: 3px;' "
 "title='1.0'>_||>\n"
 "<||_html:</span>_||><||_html:<span style='background-color: rgba(0.0, 165.0, "
 "0, 0.15); border-radius: 3px;' title='1.0'>_||>     "
 "<||_html:</span>_||><||_html:<span style='background-color: rgba(0.0, 165.0, "
 "0, 0.15); border-radius: 3px;' title='1.0'>_||> "
 '"<||_html:</span>_||><||_html:<span style=\'background-color: rgba(0.0, '
 "165.0, 0, 0.15); border-radius: 3px;' "
 "title='1.0'>_||>change<||_html:</span>_||><||_html:<span "
 "style='background-color: rgba(0.0, 165.0, 0, 0.15); border-radius: 3px;' "
 'title=\'1.0\'>_||>":<||_html:</span>_||><||_html:<span '
 "style='background-color: rgba(0.0, 165.0, 0, 0.15); border-radius: 3px;' "
 'title=\'1.0\'>_||> "<||_html:</span>_||><||_html:<span '
 "style='background-color: rgba(0.0, 165.0, 0, 0.15); border-radius: 3px;' "
 "title='1.0'>_||>field<||_html:</span>_||><||_html:<span "
 "style='background-color: rgba(0.0, 165.0, 0, 0.15); border-radius: 3px;' "
 "title='1.0'>_||> removed<||_html:</span>_||><||_html:<span "
 "style='background-color: rgba(0.0, 165.0, 0, 0.15); border-radius: 3px;' "
 'title=\'1.0\'>_||>",<||_html:</span>_||><||_html:<span '
 "style='background-color: rgba(0.0, 165.0, 0, 0.15); border-radius: 3px;' "
 "title='1.0'>_||>\n"
 "<||_html:</span>_||><||_html:<span style='background-color: rgba(0.0, 165.0, "
 "0, 0.15); border-radius: 3px;' title='1.0'>_||>     "
 "<||_html:</span>_||><||_html:<span style='background-color: rgba(0.0, 165.0, "
 "0, 0.15); border-radius: 3px;' title='1.0'>_||> "
 '"<||_html:</span>_||><||_html:<span style=\'background-color: rgba(0.0, '
 "165.0, 0, 0.15); border-radius: 3px;' "
 "title='1.0'>_||>breaking<||_html:</span>_||><||_html:<span "
 "style='background-color: rgba(0.0, 165.0, 0, 0.15); border-radius: 3px;' "
 'title=\'1.0\'>_||>":<||_html:</span>_||><||_html:<span '
 "style='background-color: rgba(0.0, 165.0, 0, 0.15); border-radius: 3px;' "
 'title=\'1.0\'>_||> "<||_html:</span>_||><||_html:<span '
 "style='background-color: rgba(0.0, 165.0, 0, 0.15); border-radius: 3px;' "
 "title='1.0'>_||>true<||_html:</span>_||><||_html:<span "
 "style='background-color: rgba(0.0, 165.0, 0, 0.15); border-radius: 3px;' "
 'title=\'1.0\'>_||>",<||_html:</span>_||><||_html:<span '
 "style='background-color: rgba(0.0, 165.0, 0, 0.15); border-radius: 3px;' "
 "title='1.0'>_||>\n"
 "<||_html:</span>_||><||_html:<span style='background-color: rgba(0.0, 165.0, "
 "0, 0.15); border-radius: 3px;' title='1.0'>_||>     "
 "<||_html:</span>_||><||_html:<span style='background-color: rgba(0.0, 165.0, "
 "0, 0.15); border-radius: 3px;' title='1.0'>_||> "
 '"<||_html:</span>_||><||_html:<span style=\'background-color: rgba(0.0, '
 "165.0, 0, 0.15); border-radius: 3px;' "
 "title='1.0'>_||>release<||_html:</span>_||><||_html:<span "
 "style='background-color: rgba(0.0, 165.0, 0, 0.15); border-radius: 3px;' "
 "title='1.0'>_||>_<||_html:</span>_||><||_html:<span style='background-color: "
 "rgba(0.0, 165.0, 0, 0.15); border-radius: 3px;' "
 "title='1.0'>_||>note<||_html:</span>_||><||_html:<span "
 "style='background-color: rgba(0.0, 165.0, 0, 0.15); border-radius: 3px;' "
 'title=\'1.0\'>_||>":<||_html:</span>_||><||_html:<span '
 "style='background-color: rgba(0.0, 165.0, 0, 0.15); border-radius: 3px;' "
 'title=\'1.0\'>_||> "<||_html:</span>_||><||_html:<span '
 "style='background-color: rgba(0.0, 165.0, 0, 0.15); border-radius: 3px;' "
 "title='1.0'>_||>The<||_html:</span>_||><||_html:<span "
 "style='background-color: rgba(0.0, 165.0, 0, 0.15); border-radius: 3px;' "
 "title='1.0'>_||> '<||_html:</span>_||><||_html:<span "
 "style='background-color: rgba(0.0, 165.0, 0, 0.15); border-radius: 3px;' "
 "title='1.0'>_||>Product<||_html:</span>_||><||_html:<span "
 "style='background-color: rgba(0.0, 165.0, 0, 0.15); border-radius: 3px;' "
 "title='1.0'>_||>'<||_html:</span>_||><||_html:<span style='background-color: "
 "rgba(0.0, 165.0, 0, 0.15); border-radius: 3px;' title='1.0'>_||> "
 "type<||_html:</span>_||><||_html:<span style='background-color: rgba(0.0, "
 "165.0, 0, 0.15); border-radius: 3px;' title='1.0'>_||> "
 "no<||_html:</span>_||><||_html:<span style='background-color: rgba(0.0, "
 "165.0, 0, 0.15); border-radius: 3px;' title='1.0'>_||> "
 "longer<||_html:</span>_||><||_html:<span style='background-color: rgba(0.0, "
 "165.0, 0, 0.15); border-radius: 3px;' title='1.0'>_||> "
 "includes<||_html:</span>_||><||_html:<span style='background-color: "
 "rgba(0.0, 165.0, 0, 0.15); border-radius: 3px;' title='1.0'>_||> "
 "the<||_html:</span>_||><||_html:<span style='background-color: rgba(0.0, "
 "165.0, 0, 0.15); border-radius: 3px;' title='1.0'>_||> "
 "'<||_html:</span>_||><||_html:<span style='background-color: rgba(0.0, "
 "165.0, 0, 0.15); border-radius: 3px;' "
 "title='1.0'>_||>description<||_html:</span>_||><||_html:<span "
 "style='background-color: rgba(0.0, 165.0, 0, 0.15); border-radius: 3px;' "
 "title='1.0'>_||>'<||_html:</span>_||><||_html:<span style='background-color: "
 "rgba(0.0, 165.0, 0, 0.15); border-radius: 3px;' title='1.0'>_||> "
 "field<||_html:</span>_||><||_html:<span style='background-color: rgba(0.0, "
 "165.0, 0, 0.15); border-radius: 3px;' "
 'title=\'1.0\'>_||>."<||_html:</span>_||><||_html:<span '
 "style='background-color: rgba(0.0, 165.0, 0, 0.15); border-radius: 3px;' "
 "title='1.0'>_||>\n"
 "<||_html:</span>_||><||_html:<span style='background-color: rgba(0.0, 165.0, "
 "0, 0.15); border-radius: 3px;' title='1.0'>_||>   "
 "<||_html:</span>_||><||_html:<span style='background-color: rgba(0.0, 165.0, "
 "0, 0.15); border-radius: 3px;' title='1.0'>_||> "
 "},<||_html:</span>_||><||_html:<span style='background-color: rgba(0.0, "
 "165.0, 0, 0.15); border-radius: 3px;' title='1.0'>_||>\n"
 "<||_html:</span>_||><||_html:<span style='background-color: rgba(0.0, 165.0, "
 "0, 0.15); border-radius: 3px;' title='1.0'>_||>   "
 "<||_html:</span>_||><||_html:<span style='background-color: rgba(0.0, 165.0, "
 "0, 0.15); border-radius: 3px;' title='1.0'>_||> "
 "{<||_html:</span>_||><||_html:<span style='background-color: rgba(0.0, "
 "165.0, 0, 0.15); border-radius: 3px;' title='1.0'>_||>\n"
 "<||_html:</span>_||><||_html:<span style='background-color: rgba(0.0, 165.0, "
 "0, 0.15); border-radius: 3px;' title='1.0'>_||>     "
 "<||_html:</span>_||><||_html:<span style='background-color: rgba(0.0, 165.0, "
 "0, 0.15); border-radius: 3px;' title='1.0'>_||> "
 '"<||_html:</span>_||><||_html:<span style=\'background-color: rgba(0.0, '
 "165.0, 0, 0.15); border-radius: 3px;' "
 "title='1.0'>_||>type<||_html:</span>_||><||_html:<span "
 "style='background-color: rgba(0.0, 165.0, 0, 0.15); border-radius: 3px;' "
 'title=\'1.0\'>_||>":<||_html:</span>_||><||_html:<span '
 "style='background-color: rgba(0.0, 165.0, 0, 0.15); border-radius: 3px;' "
 'title=\'1.0\'>_||> "<||_html:</span>_||><||_html:<span '
 "style='background-color: rgba(0.0, 165.0, 0, 0.15); border-radius: 3px;' "
 "title='1.0'>_||>Product<||_html:</span>_||><||_html:<span "
 "style='background-color: rgba(0.0, 165.0, 0, 0.15); border-radius: 3px;' "
 'title=\'1.0\'>_||>",<||_html:</span>_||><||_html:<span '
 "style='background-color: rgba(0.0, 165.0, 0, 0.15); border-radius: 3px;' "
 "title='1.0'>_||>\n"
 "<||_html:</span>_||><||_html:<span style='background-color: rgba(0.0, 165.0, "
 "0, 0.15); border-radius: 3px;' title='1.0'>_||>     "
 "<||_html:</span>_||><||_html:<span style='background-color: rgba(0.0, 165.0, "
 "0, 0.15); border-radius: 3px;' title='1.0'>_||> "
 '"<||_html:</span>_||><||_html:<span style=\'background-color: rgba(0.0, '
 "165.0, 0, 0.15); border-radius: 3px;' "
 "title='1.0'>_||>field<||_html:</span>_||><||_html:<span "
 "style='background-color: rgba(0.0, 165.0, 0, 0.15); border-radius: 3px;' "
 'title=\'1.0\'>_||>":<||_html:</span>_||><||_html:<span '
 "style='background-color: rgba(0.0, 165.0, 0, 0.15); border-radius: 3px;' "
 'title=\'1.0\'>_||> "<||_html:</span>_||><||_html:<span '
 "style='background-color: rgba(0.0, 165.0, 0, 0.15); border-radius: 3px;' "
 "title='1.0'>_||>stock<||_html:</span>_||><||_html:<span "
 "style='background-color: rgba(0.0, 165.0, 0, 0.15); border-radius: 3px;' "
 'title=\'1.0\'>_||>",<||_html:</span>_||><||_html:<span '
 "style='background-color: rgba(0.0, 165.0, 0, 0.15); border-radius: 3px;' "
 "title='1.0'>_||>\n"
 "<||_html:</span>_||><||_html:<span style='background-color: rgba(0.0, 165.0, "
 "0, 0.15); border-radius: 3px;' title='1.0'>_||>     "
 "<||_html:</span>_||><||_html:<span style='background-color: rgba(0.0, 165.0, "
 "0, 0.15); border-radius: 3px;' title='1.0'>_||> "
 '"<||_html:</span>_||><||_html:<span style=\'background-color: rgba(0.0, '
 "165.0, 0, 0.15); border-radius: 3px;' "
 "title='1.0'>_||>change<||_html:</span>_||><||_html:<span "
 "style='background-color: rgba(0.0, 165.0, 0, 0.15); border-radius: 3px;' "
 'title=\'1.0\'>_||>":<||_html:</span>_||><||_html:<span '
 "style='background-color: rgba(0.0, 165.0, 0, 0.15); border-radius: 3px;' "
 'title=\'1.0\'>_||> "<||_html:</span>_||><||_html:<span '
 "style='background-color: rgba(0.0, 165.0, 0, 0.15); border-radius: 3px;' "
 "title='1.0'>_||>field<||_html:</span>_||><||_html:<span "
 "style='background-color: rgba(0.0, 165.0, 0, 0.15); border-radius: 3px;' "
 "title='1.0'>_||> removed<||_html:</span>_||><||_html:<span "
 "style='background-color: rgba(0.0, 165.0, 0, 0.15); border-radius: 3px;' "
 'title=\'1.0\'>_||>",<||_html:</span>_||><||_html:<span '
 "style='background-color: rgba(0.0, 165.0, 0, 0.15); border-radius: 3px;' "
 "title='1.0'>_||>\n"
 "<||_html:</span>_||><||_html:<span style='background-color: rgba(0.0, 165.0, "
 "0, 0.15); border-radius: 3px;' title='1.0'>_||>     "
 "<||_html:</span>_||><||_html:<span style='background-color: rgba(0.0, 165.0, "
 "0, 0.15); border-radius: 3px;' title='1.0'>_||> "
 '"<||_html:</span>_||><||_html:<span style=\'background-color: rgba(0.0, '
 "165.0, 0, 0.15); border-radius: 3px;' "
 "title='1.0'>_||>breaking<||_html:</span>_||><||_html:<span "
 "style='background-color: rgba(0.0, 165.0, 0, 0.15); border-radius: 3px;' "
 'title=\'1.0\'>_||>":<||_html:</span>_||><||_html:<span '
 "style='background-color: rgba(0.0, 165.0, 0, 0.15); border-radius: 3px;' "
 'title=\'1.0\'>_||> "<||_html:</span>_||><||_html:<span '
 "style='background-color: rgba(0.0, 165.0, 0, 0.15); border-radius: 3px;' "
 "title='1.0'>_||>true<||_html:</span>_||><||_html:<span "
 "style='background-color: rgba(0.0, 165.0, 0, 0.15); border-radius: 3px;' "
 'title=\'1.0\'>_||>",<||_html:</span>_||><||_html:<span '
 "style='background-color: rgba(0.0, 165.0, 0, 0.15); border-radius: 3px;' "
 "title='1.0'>_||>\n"
 "<||_html:</span>_||><||_html:<span style='background-color: rgba(0.0, 165.0, "
 "0, 0.15); border-radius: 3px;' title='1.0'>_||>     "
 "<||_html:</span>_||><||_html:<span style='background-color: rgba(0.0, 165.0, "
 "0, 0.15); border-radius: 3px;' title='1.0'>_||> "
 '"<||_html:</span>_||><||_html:<span style=\'background-color: rgba(0.0, '
 "165.0, 0, 0.15); border-radius: 3px;' "
 "title='1.0'>_||>release<||_html:</span>_||><||_html:<span "
 "style='background-color: rgba(0.0, 165.0, 0, 0.15); border-radius: 3px;' "
 "title='1.0'>_||>_<||_html:</span>_||><||_html:<span style='background-color: "
 "rgba(0.0, 165.0, 0, 0.15); border-radius: 3px;' "
 "title='1.0'>_||>note<||_html:</span>_||><||_html:<span "
 "style='background-color: rgba(0.0, 165.0, 0, 0.15); border-radius: 3px;' "
 'title=\'1.0\'>_||>":<||_html:</span>_||><||_html:<span '
 "style='background-color: rgba(0.0, 165.0, 0, 0.15); border-radius: 3px;' "
 'title=\'1.0\'>_||> "<||_html:</span>_||><||_html:<span '
 "style='background-color: rgba(0.0, 165.0, 0, 0.15); border-radius: 3px;' "
 "title='1.0'>_||>The<||_html:</span>_||><||_html:<span "
 "style='background-color: rgba(0.0, 165.0, 0, 0.15); border-radius: 3px;' "
 "title='1.0'>_||> '<||_html:</span>_||><||_html:<span "
 "style='background-color: rgba(0.0, 165.0, 0, 0.15); border-radius: 3px;' "
 "title='1.0'>_||>Product<||_html:</span>_||><||_html:<span "
 "style='background-color: rgba(0.0, 165.0, 0, 0.15); border-radius: 3px;' "
 "title='1.0'>_||>'<||_html:</span>_||><||_html:<span style='background-color: "
 "rgba(0.0, 165.0, 0, 0.15); border-radius: 3px;' title='1.0'>_||> "
 "type<||_html:</span>_||><||_html:<span style='background-color: rgba(0.0, "
 "165.0, 0, 0.15); border-radius: 3px;' title='1.0'>_||> "
 "no<||_html:</span>_||><||_html:<span style='background-color: rgba(0.0, "
 "165.0, 0, 0.15); border-radius: 3px;' title='1.0'>_||> "
 "longer<||_html:</span>_||><||_html:<span style='background-color: rgba(0.0, "
 "165.0, 0, 0.15); border-radius: 3px;' title='1.0'>_||> "
 "includes<||_html:</span>_||><||_html:<span style='background-color: "
 "rgba(0.0, 165.0, 0, 0.15); border-radius: 3px;' title='1.0'>_||> "
 "the<||_html:</span>_||><||_html:<span style='background-color: rgba(0.0, "
 "165.0, 0, 0.15); border-radius: 3px;' title='1.0'>_||> "
 "'<||_html:</span>_||><||_html:<span style='background-color: rgba(0.0, "
 "165.0, 0, 0.15); border-radius: 3px;' "
 "title='1.0'>_||>stock<||_html:</span>_||><||_html:<span "
 "style='background-color: rgba(0.0, 165.0, 0, 0.15); border-radius: 3px;' "
 "title='1.0'>_||>'<||_html:</span>_||><||_html:<span style='background-color: "
 "rgba(0.0, 165.0, 0, 0.15); border-radius: 3px;' title='1.0'>_||> "
 "field<||_html:</span>_||><||_html:<span style='background-color: rgba(0.0, "
 "165.0, 0, 0.15); border-radius: 3px;' "
 'title=\'1.0\'>_||>."<||_html:</span>_||><||_html:<span '
 "style='background-color: rgba(0.0, 165.0, 0, 0.15); border-radius: 3px;' "
 "title='1.0'>_||>\n"
 "<||_html:</span>_||><||_html:<span style='background-color: rgba(0.0, 165.0, "
 "0, 0.15); border-radius: 3px;' title='1.0'>_||>   "
 "<||_html:</span>_||><||_html:<span style='background-color: rgba(0.0, 165.0, "
 "0, 0.15); border-radius: 3px;' title='1.0'>_||> "
 "}<||_html:</span>_||><||_html:<span style='background-color: rgba(0.0, "
 "165.0, 0, 0.15); border-radius: 3px;' title='1.0'>_||>\n"
 "<||_html:</span>_||><||_html:<span style='background-color: rgba(0.0, 165.0, "
 "0, 0.15); border-radius: 3px;' title='1.0'>_||> "
 "<||_html:</span>_||><||_html:<span style='background-color: rgba(0.0, 165.0, "
 "0, 0.15); border-radius: 3px;' title='1.0'>_||> "
 "],<||_html:</span>_||><||_html:<span style='background-color: rgba(0.0, "
 "165.0, 0, 0.15); border-radius: 3px;' title='1.0'>_||>\n"
 "<||_html:</span>_||><||_html:<span style='background-color: rgba(0.0, 165.0, "
 "0, 0.15); border-radius: 3px;' title='1.0'>_||> "
 "<||_html:</span>_||><||_html:<span style='background-color: rgba(0.0, 165.0, "
 "0, 0.15); border-radius: 3px;' title='1.0'>_||> "
 '"<||_html:</span>_||><||_html:<span style=\'background-color: rgba(0.0, '
 "165.0, 0, 0.15); border-radius: 3px;' "
 "title='1.0'>_||>release<||_html:</span>_||><||_html:<span "
 "style='background-color: rgba(0.0, 165.0, 0, 0.15); border-radius: 3px;' "
 "title='1.0'>_||>_<||_html:</span>_||><||_html:<span style='background-color: "
 "rgba(0.0, 165.0, 0, 0.15); border-radius: 3px;' "
 "title='1.0'>_||>notes<||_html:</span>_||><||_html:<span "
 "style='background-color: rgba(0.0, 165.0, 0, 0.15); border-radius: 3px;' "
 'title=\'1.0\'>_||>":<||_html:</span>_||><||_html:<span '
 "style='background-color: rgba(0.0, 165.0, 0, 0.15); border-radius: 3px;' "
 "title='1.0'>_||> {<||_html:</span>_||><||_html:<span "
 "style='background-color: rgba(0.0, 165.0, 0, 0.15); border-radius: 3px;' "
 "title='1.0'>_||>\n"
 "<||_html:</span>_||><||_html:<span style='background-color: rgba(0.0, 165.0, "
 "0, 0.15); border-radius: 3px;' title='1.0'>_||>   "
 "<||_html:</span>_||><||_html:<span style='background-color: rgba(0.0, 165.0, "
 "0, 0.15); border-radius: 3px;' title='1.0'>_||> "
 '"<||_html:</span>_||><||_html:<span style=\'background-color: rgba(0.0, '
 "165.0, 0, 0.15); border-radius: 3px;' "
 "title='1.0'>_||>summary<||_html:</span>_||><||_html:<span "
 "style='background-color: rgba(0.0, 165.0, 0, 0.15); border-radius: 3px;' "
 'title=\'1.0\'>_||>":<||_html:</span>_||><||_html:<span '
 "style='background-color: rgba(0.0, 165.0, 0, 0.15); border-radius: 3px;' "
 'title=\'1.0\'>_||> "<||_html:</span>_||><||_html:<span '
 "style='background-color: rgba(0.0, 165.0, 0, 0.15); border-radius: 3px;' "
 "title='1.0'>_||>The<||_html:</span>_||><||_html:<span "
 "style='background-color: rgba(0.0, 165.0, 0, 0.15); border-radius: 3px;' "
 "title='1.0'>_||> '<||_html:</span>_||><||_html:<span "
 "style='background-color: rgba(0.0, 165.0, 0, 0.15); border-radius: 3px;' "
 "title='1.0'>_||>get<||_html:</span>_||><||_html:<span "
 "style='background-color: rgba(0.0, 165.0, 0, 0.15); border-radius: 3px;' "
 "title='1.0'>_||>Product<||_html:</span>_||><||_html:<span "
 "style='background-color: rgba(0.0, 165.0, 0, 0.15); border-radius: 3px;' "
 "title='1.0'>_||>'<||_html:</span>_||><||_html:<span style='background-color: "
 "rgba(0.0, 165.0, 0, 0.15); border-radius: 3px;' title='1.0'>_||> "
 "query<||_html:</span>_||><||_html:<span style='background-color: rgba(0.0, "
 "165.0, 0, 0.15); border-radius: 3px;' title='1.0'>_||> "
 "now<||_html:</span>_||><||_html:<span style='background-color: rgba(0.0, "
 "165.0, 0, 0.15); border-radius: 3px;' title='1.0'>_||> "
 "includes<||_html:</span>_||><||_html:<span style='background-color: "
 "rgba(0.0, 165.0, 0, 0.15); border-radius: 3px;' title='1.0'>_||> "
 "a<||_html:</span>_||><||_html:<span style='background-color: rgba(0.0, "
 "165.0, 0, 0.15); border-radius: 3px;' title='1.0'>_||>")
('Analyze the following two GraphQL schemas for changes, including both '
 'breaking and non-breaking changes.\n'
 '\n'
 '                        Provide your analysis in the following JSON format:\n'
 '                        {\n'
 '                          "changes": [\n'
 '                            {\n'
 '                              "type": "String representing the GraphQL type '
 '(e.g., Query, Mutation, Subscription)",\n'
 '                              "field": "String representing the specific '
 'field that changed",\n'
 '                              "change": "String describing the change (e.g., '
 'field renamed, new field added, field removed)",\n'
 '                              "breaking": "Boolean indicating if the change '
 'is breaking (true) or non-breaking (false)",\n'
 '                              "release_note": "String with a natural '
 'language description of the change for release notes"\n'
 '                            }\n'
 '                          ],\n'
 '                          "release_notes": {\n'
 '                              "summary": "String summarizing all changes, '
 'suitable for a mailing list or public announcement"\n'
 '                          }\n'
 '                        }\n'
 '\n'
 '                        When analyzing, consider the following types of '
 'changes:\n'
 '                        1. Removing fields or types (breaking)\n'
 '                        2. Changing field types (potentially breaking)\n'
 '                        3. Adding required fields (breaking)\n'
 '                        4. Changing the type of existing arguments '
 '(breaking)\n'
 '                        5. Adding optional fields (non-breaking)\n'
 '                        6. Adding new types (non-breaking)\n'
 '                        7. Deprecating fields (non-breaking)\n'
 '\n'
 '                        Ensure that each change is categorized correctly as '
 'breaking or non-breaking.: type Query {\n'
 '  getProduct(id: ID!): Product\n'
 '}\n'
 '\n'
 'type Product {\n'
 '  id: ID\n'
 '  name: String\n'
 '  description: String\n'
 '  price: Float\n'
 '  stock: Int\n'
 '}\n'
 ', type Query {\n'
 '  getProduct(id: ID!): Product\n'
 '}\n'
 '\n'
 'type Product {\n'
 '  id: ID\n'
 '  name: String\n'
 '  details: String\n'
 '  price: Float\n'
 '}\n'
 '\n'
 "Answer:<||_html:<span style='background-color: rgba(0.0, 165.0, 0, 0.15); "
 "border-radius: 3px;' title='1.0'>_||> {<||_html:</span>_||><||_html:<span "
 "style='background-color: rgba(0.0, 165.0, 0, 0.15); border-radius: 3px;' "
 "title='1.0'>_||>\n"
 "<||_html:</span>_||><||_html:<span style='background-color: rgba(0.0, 165.0, "
 "0, 0.15); border-radius: 3px;' title='1.0'>_||> "
 "<||_html:</span>_||><||_html:<span style='background-color: rgba(0.0, 165.0, "
 "0, 0.15); border-radius: 3px;' title='1.0'>_||> "
 '"<||_html:</span>_||><||_html:<span style=\'background-color: rgba(0.0, '
 "165.0, 0, 0.15); border-radius: 3px;' "
 "title='1.0'>_||>changes<||_html:</span>_||><||_html:<span "
 "style='background-color: rgba(0.0, 165.0, 0, 0.15); border-radius: 3px;' "
 'title=\'1.0\'>_||>":<||_html:</span>_||><||_html:<span '
 "style='background-color: rgba(0.0, 165.0, 0, 0.15); border-radius: 3px;' "
 "title='1.0'>_||> [<||_html:</span>_||><||_html:<span "
 "style='background-color: rgba(0.0, 165.0, 0, 0.15); border-radius: 3px;' "
 "title='1.0'>_||>\n"
 "<||_html:</span>_||><||_html:<span style='background-color: rgba(0.0, 165.0, "
 "0, 0.15); border-radius: 3px;' title='1.0'>_||>   "
 "<||_html:</span>_||><||_html:<span style='background-color: rgba(0.0, 165.0, "
 "0, 0.15); border-radius: 3px;' title='1.0'>_||> "
 "{<||_html:</span>_||><||_html:<span style='background-color: rgba(0.0, "
 "165.0, 0, 0.15); border-radius: 3px;' title='1.0'>_||>\n"
 "<||_html:</span>_||><||_html:<span style='background-color: rgba(0.0, 165.0, "
 "0, 0.15); border-radius: 3px;' title='1.0'>_||>     "
 "<||_html:</span>_||><||_html:<span style='background-color: rgba(0.0, 165.0, "
 "0, 0.15); border-radius: 3px;' title='1.0'>_||> "
 '"<||_html:</span>_||><||_html:<span style=\'background-color: rgba(0.0, '
 "165.0, 0, 0.15); border-radius: 3px;' "
 "title='1.0'>_||>type<||_html:</span>_||><||_html:<span "
 "style='background-color: rgba(0.0, 165.0, 0, 0.15); border-radius: 3px;' "
 'title=\'1.0\'>_||>":<||_html:</span>_||><||_html:<span '
 "style='background-color: rgba(0.0, 165.0, 0, 0.15); border-radius: 3px;' "
 'title=\'1.0\'>_||> "<||_html:</span>_||><||_html:<span '
 "style='background-color: rgba(0.0, 165.0, 0, 0.15); border-radius: 3px;' "
 "title='1.0'>_||>Query<||_html:</span>_||><||_html:<span "
 "style='background-color: rgba(0.0, 165.0, 0, 0.15); border-radius: 3px;' "
 'title=\'1.0\'>_||>",<||_html:</span>_||><||_html:<span '
 "style='background-color: rgba(0.0, 165.0, 0, 0.15); border-radius: 3px;' "
 "title='1.0'>_||>\n"
 "<||_html:</span>_||><||_html:<span style='background-color: rgba(0.0, 165.0, "
 "0, 0.15); border-radius: 3px;' title='1.0'>_||>     "
 "<||_html:</span>_||><||_html:<span style='background-color: rgba(0.0, 165.0, "
 "0, 0.15); border-radius: 3px;' title='1.0'>_||> "
 '"<||_html:</span>_||><||_html:<span style=\'background-color: rgba(0.0, '
 "165.0, 0, 0.15); border-radius: 3px;' "
 "title='1.0'>_||>field<||_html:</span>_||><||_html:<span "
 "style='background-color: rgba(0.0, 165.0, 0, 0.15); border-radius: 3px;' "
 'title=\'1.0\'>_||>":<||_html:</span>_||><||_html:<span '
 "style='background-color: rgba(0.0, 165.0, 0, 0.15); border-radius: 3px;' "
 'title=\'1.0\'>_||> "<||_html:</span>_||><||_html:<span '
 "style='background-color: rgba(0.0, 165.0, 0, 0.15); border-radius: 3px;' "
 "title='1.0'>_||>get<||_html:</span>_||><||_html:<span "
 "style='background-color: rgba(0.0, 165.0, 0, 0.15); border-radius: 3px;' "
 "title='1.0'>_||>Product<||_html:</span>_||><||_html:<span "
 "style='background-color: rgba(0.0, 165.0, 0, 0.15); border-radius: 3px;' "
 'title=\'1.0\'>_||>",<||_html:</span>_||><||_html:<span '
 "style='background-color: rgba(0.0, 165.0, 0, 0.15); border-radius: 3px;' "
 "title='1.0'>_||>\n"
 "<||_html:</span>_||><||_html:<span style='background-color: rgba(0.0, 165.0, "
 "0, 0.15); border-radius: 3px;' title='1.0'>_||>     "
 "<||_html:</span>_||><||_html:<span style='background-color: rgba(0.0, 165.0, "
 "0, 0.15); border-radius: 3px;' title='1.0'>_||> "
 '"<||_html:</span>_||><||_html:<span style=\'background-color: rgba(0.0, '
 "165.0, 0, 0.15); border-radius: 3px;' "
 "title='1.0'>_||>change<||_html:</span>_||><||_html:<span "
 "style='background-color: rgba(0.0, 165.0, 0, 0.15); border-radius: 3px;' "
 'title=\'1.0\'>_||>":<||_html:</span>_||><||_html:<span '
 "style='background-color: rgba(0.0, 165.0, 0, 0.15); border-radius: 3px;' "
 'title=\'1.0\'>_||> "<||_html:</span>_||><||_html:<span '
 "style='background-color: rgba(0.0, 165.0, 0, 0.15); border-radius: 3px;' "
 "title='1.0'>_||>field<||_html:</span>_||><||_html:<span "
 "style='background-color: rgba(0.0, 165.0, 0, 0.15); border-radius: 3px;' "
 "title='1.0'>_||> details<||_html:</span>_||><||_html:<span "
 "style='background-color: rgba(0.0, 165.0, 0, 0.15); border-radius: 3px;' "
 "title='1.0'>_||> added<||_html:</span>_||><||_html:<span "
 "style='background-color: rgba(0.0, 165.0, 0, 0.15); border-radius: 3px;' "
 'title=\'1.0\'>_||>",<||_html:</span>_||><||_html:<span '
 "style='background-color: rgba(0.0, 165.0, 0, 0.15); border-radius: 3px;' "
 "title='1.0'>_||>\n"
 "<||_html:</span>_||><||_html:<span style='background-color: rgba(0.0, 165.0, "
 "0, 0.15); border-radius: 3px;' title='1.0'>_||>     "
 "<||_html:</span>_||><||_html:<span style='background-color: rgba(0.0, 165.0, "
 "0, 0.15); border-radius: 3px;' title='1.0'>_||> "
 '"<||_html:</span>_||><||_html:<span style=\'background-color: rgba(0.0, '
 "165.0, 0, 0.15); border-radius: 3px;' "
 "title='1.0'>_||>breaking<||_html:</span>_||><||_html:<span "
 "style='background-color: rgba(0.0, 165.0, 0, 0.15); border-radius: 3px;' "
 'title=\'1.0\'>_||>":<||_html:</span>_||><||_html:<span '
 "style='background-color: rgba(0.0, 165.0, 0, 0.15); border-radius: 3px;' "
 'title=\'1.0\'>_||> "<||_html:</span>_||><||_html:<span '
 "style='background-color: rgba(0.0, 165.0, 0, 0.15); border-radius: 3px;' "
 "title='1.0'>_||>false<||_html:</span>_||><||_html:<span "
 "style='background-color: rgba(0.0, 165.0, 0, 0.15); border-radius: 3px;' "
 'title=\'1.0\'>_||>",<||_html:</span>_||><||_html:<span '
 "style='background-color: rgba(0.0, 165.0, 0, 0.15); border-radius: 3px;' "
 "title='1.0'>_||>\n"
 "<||_html:</span>_||><||_html:<span style='background-color: rgba(0.0, 165.0, "
 "0, 0.15); border-radius: 3px;' title='1.0'>_||>     "
 "<||_html:</span>_||><||_html:<span style='background-color: rgba(0.0, 165.0, "
 "0, 0.15); border-radius: 3px;' title='1.0'>_||> "
 '"<||_html:</span>_||><||_html:<span style=\'background-color: rgba(0.0, '
 "165.0, 0, 0.15); border-radius: 3px;' "
 "title='1.0'>_||>release<||_html:</span>_||><||_html:<span "
 "style='background-color: rgba(0.0, 165.0, 0, 0.15); border-radius: 3px;' "
 "title='1.0'>_||>_<||_html:</span>_||><||_html:<span style='background-color: "
 "rgba(0.0, 165.0, 0, 0.15); border-radius: 3px;' "
 "title='1.0'>_||>note<||_html:</span>_||><||_html:<span "
 "style='background-color: rgba(0.0, 165.0, 0, 0.15); border-radius: 3px;' "
 'title=\'1.0\'>_||>":<||_html:</span>_||><||_html:<span '
 "style='background-color: rgba(0.0, 165.0, 0, 0.15); border-radius: 3px;' "
 'title=\'1.0\'>_||> "<||_html:</span>_||><||_html:<span '
 "style='background-color: rgba(0.0, 165.0, 0, 0.15); border-radius: 3px;' "
 "title='1.0'>_||>The<||_html:</span>_||><||_html:<span "
 "style='background-color: rgba(0.0, 165.0, 0, 0.15); border-radius: 3px;' "
 "title='1.0'>_||> '<||_html:</span>_||><||_html:<span "
 "style='background-color: rgba(0.0, 165.0, 0, 0.15); border-radius: 3px;' "
 "title='1.0'>_||>get<||_html:</span>_||><||_html:<span "
 "style='background-color: rgba(0.0, 165.0, 0, 0.15); border-radius: 3px;' "
 "title='1.0'>_||>Product<||_html:</span>_||><||_html:<span "
 "style='background-color: rgba(0.0, 165.0, 0, 0.15); border-radius: 3px;' "
 "title='1.0'>_||>'<||_html:</span>_||><||_html:<span style='background-color: "
 "rgba(0.0, 165.0, 0, 0.15); border-radius: 3px;' title='1.0'>_||> "
 "query<||_html:</span>_||><||_html:<span style='background-color: rgba(0.0, "
 "165.0, 0, 0.15); border-radius: 3px;' title='1.0'>_||> "
 "now<||_html:</span>_||><||_html:<span style='background-color: rgba(0.0, "
 "165.0, 0, 0.15); border-radius: 3px;' title='1.0'>_||> "
 "includes<||_html:</span>_||><||_html:<span style='background-color: "
 "rgba(0.0, 165.0, 0, 0.15); border-radius: 3px;' title='1.0'>_||> "
 "a<||_html:</span>_||><||_html:<span style='background-color: rgba(0.0, "
 "165.0, 0, 0.15); border-radius: 3px;' title='1.0'>_||> "
 "new<||_html:</span>_||><||_html:<span style='background-color: rgba(0.0, "
 "165.0, 0, 0.15); border-radius: 3px;' title='1.0'>_||> "
 "field<||_html:</span>_||><||_html:<span style='background-color: rgba(0.0, "
 "165.0, 0, 0.15); border-radius: 3px;' title='1.0'>_||> "
 "'<||_html:</span>_||><||_html:<span style='background-color: rgba(0.0, "
 "165.0, 0, 0.15); border-radius: 3px;' "
 "title='1.0'>_||>details<||_html:</span>_||><||_html:<span "
 "style='background-color: rgba(0.0, 165.0, 0, 0.15); border-radius: 3px;' "
 "title='1.0'>_||>'<||_html:</span>_||><||_html:<span style='background-color: "
 "rgba(0.0, 165.0, 0, 0.15); border-radius: 3px;' title='1.0'>_||> "
 "of<||_html:</span>_||><||_html:<span style='background-color: rgba(0.0, "
 "165.0, 0, 0.15); border-radius: 3px;' title='1.0'>_||> "
 "type<||_html:</span>_||><||_html:<span style='background-color: rgba(0.0, "
 "165.0, 0, 0.15); border-radius: 3px;' title='1.0'>_||> "
 "String<||_html:</span>_||><||_html:<span style='background-color: rgba(0.0, "
 "165.0, 0, 0.15); border-radius: 3px;' "
 'title=\'1.0\'>_||>."<||_html:</span>_||><||_html:<span '
 "style='background-color: rgba(0.0, 165.0, 0, 0.15); border-radius: 3px;' "
 "title='1.0'>_||>\n"
 "<||_html:</span>_||><||_html:<span style='background-color: rgba(0.0, 165.0, "
 "0, 0.15); border-radius: 3px;' title='1.0'>_||>   "
 "<||_html:</span>_||><||_html:<span style='background-color: rgba(0.0, 165.0, "
 "0, 0.15); border-radius: 3px;' title='1.0'>_||> "
 "},<||_html:</span>_||><||_html:<span style='background-color: rgba(0.0, "
 "165.0, 0, 0.15); border-radius: 3px;' title='1.0'>_||>\n"
 "<||_html:</span>_||><||_html:<span style='background-color: rgba(0.0, 165.0, "
 "0, 0.15); border-radius: 3px;' title='1.0'>_||>   "
 "<||_html:</span>_||><||_html:<span style='background-color: rgba(0.0, 165.0, "
 "0, 0.15); border-radius: 3px;' title='1.0'>_||> "
 "{<||_html:</span>_||><||_html:<span style='background-color: rgba(0.0, "
 "165.0, 0, 0.15); border-radius: 3px;' title='1.0'>_||>\n"
 "<||_html:</span>_||><||_html:<span style='background-color: rgba(0.0, 165.0, "
 "0, 0.15); border-radius: 3px;' title='1.0'>_||>     "
 "<||_html:</span>_||><||_html:<span style='background-color: rgba(0.0, 165.0, "
 "0, 0.15); border-radius: 3px;' title='1.0'>_||> "
 '"<||_html:</span>_||><||_html:<span style=\'background-color: rgba(0.0, '
 "165.0, 0, 0.15); border-radius: 3px;' "
 "title='1.0'>_||>type<||_html:</span>_||><||_html:<span "
 "style='background-color: rgba(0.0, 165.0, 0, 0.15); border-radius: 3px;' "
 'title=\'1.0\'>_||>":<||_html:</span>_||><||_html:<span '
 "style='background-color: rgba(0.0, 165.0, 0, 0.15); border-radius: 3px;' "
 'title=\'1.0\'>_||> "<||_html:</span>_||><||_html:<span '
 "style='background-color: rgba(0.0, 165.0, 0, 0.15); border-radius: 3px;' "
 "title='1.0'>_||>Product<||_html:</span>_||><||_html:<span "
 "style='background-color: rgba(0.0, 165.0, 0, 0.15); border-radius: 3px;' "
 'title=\'1.0\'>_||>",<||_html:</span>_||><||_html:<span '
 "style='background-color: rgba(0.0, 165.0, 0, 0.15); border-radius: 3px;' "
 "title='1.0'>_||>\n"
 "<||_html:</span>_||><||_html:<span style='background-color: rgba(0.0, 165.0, "
 "0, 0.15); border-radius: 3px;' title='1.0'>_||>     "
 "<||_html:</span>_||><||_html:<span style='background-color: rgba(0.0, 165.0, "
 "0, 0.15); border-radius: 3px;' title='1.0'>_||> "
 '"<||_html:</span>_||><||_html:<span style=\'background-color: rgba(0.0, '
 "165.0, 0, 0.15); border-radius: 3px;' "
 "title='1.0'>_||>field<||_html:</span>_||><||_html:<span "
 "style='background-color: rgba(0.0, 165.0, 0, 0.15); border-radius: 3px;' "
 'title=\'1.0\'>_||>":<||_html:</span>_||><||_html:<span '
 "style='background-color: rgba(0.0, 165.0, 0, 0.15); border-radius: 3px;' "
 'title=\'1.0\'>_||> "<||_html:</span>_||><||_html:<span '
 "style='background-color: rgba(0.0, 165.0, 0, 0.15); border-radius: 3px;' "
 "title='1.0'>_||>description<||_html:</span>_||><||_html:<span "
 "style='background-color: rgba(0.0, 165.0, 0, 0.15); border-radius: 3px;' "
 'title=\'1.0\'>_||>",<||_html:</span>_||><||_html:<span '
 "style='background-color: rgba(0.0, 165.0, 0, 0.15); border-radius: 3px;' "
 "title='1.0'>_||>\n"
 "<||_html:</span>_||><||_html:<span style='background-color: rgba(0.0, 165.0, "
 "0, 0.15); border-radius: 3px;' title='1.0'>_||>     "
 "<||_html:</span>_||><||_html:<span style='background-color: rgba(0.0, 165.0, "
 "0, 0.15); border-radius: 3px;' title='1.0'>_||> "
 '"<||_html:</span>_||><||_html:<span style=\'background-color: rgba(0.0, '
 "165.0, 0, 0.15); border-radius: 3px;' "
 "title='1.0'>_||>change<||_html:</span>_||><||_html:<span "
 "style='background-color: rgba(0.0, 165.0, 0, 0.15); border-radius: 3px;' "
 'title=\'1.0\'>_||>":<||_html:</span>_||><||_html:<span '
 "style='background-color: rgba(0.0, 165.0, 0, 0.15); border-radius: 3px;' "
 'title=\'1.0\'>_||> "<||_html:</span>_||><||_html:<span '
 "style='background-color: rgba(0.0, 165.0, 0, 0.15); border-radius: 3px;' "
 "title='1.0'>_||>field<||_html:</span>_||><||_html:<span "
 "style='background-color: rgba(0.0, 165.0, 0, 0.15); border-radius: 3px;' "
 "title='1.0'>_||> removed<||_html:</span>_||><||_html:<span "
 "style='background-color: rgba(0.0, 165.0, 0, 0.15); border-radius: 3px;' "
 'title=\'1.0\'>_||>",<||_html:</span>_||><||_html:<span '
 "style='background-color: rgba(0.0, 165.0, 0, 0.15); border-radius: 3px;' "
 "title='1.0'>_||>\n"
 "<||_html:</span>_||><||_html:<span style='background-color: rgba(0.0, 165.0, "
 "0, 0.15); border-radius: 3px;' title='1.0'>_||>     "
 "<||_html:</span>_||><||_html:<span style='background-color: rgba(0.0, 165.0, "
 "0, 0.15); border-radius: 3px;' title='1.0'>_||> "
 '"<||_html:</span>_||><||_html:<span style=\'background-color: rgba(0.0, '
 "165.0, 0, 0.15); border-radius: 3px;' "
 "title='1.0'>_||>breaking<||_html:</span>_||><||_html:<span "
 "style='background-color: rgba(0.0, 165.0, 0, 0.15); border-radius: 3px;' "
 'title=\'1.0\'>_||>":<||_html:</span>_||><||_html:<span '
 "style='background-color: rgba(0.0, 165.0, 0, 0.15); border-radius: 3px;' "
 'title=\'1.0\'>_||> "<||_html:</span>_||><||_html:<span '
 "style='background-color: rgba(0.0, 165.0, 0, 0.15); border-radius: 3px;' "
 "title='1.0'>_||>true<||_html:</span>_||><||_html:<span "
 "style='background-color: rgba(0.0, 165.0, 0, 0.15); border-radius: 3px;' "
 'title=\'1.0\'>_||>",<||_html:</span>_||><||_html:<span '
 "style='background-color: rgba(0.0, 165.0, 0, 0.15); border-radius: 3px;' "
 "title='1.0'>_||>\n"
 "<||_html:</span>_||><||_html:<span style='background-color: rgba(0.0, 165.0, "
 "0, 0.15); border-radius: 3px;' title='1.0'>_||>     "
 "<||_html:</span>_||><||_html:<span style='background-color: rgba(0.0, 165.0, "
 "0, 0.15); border-radius: 3px;' title='1.0'>_||> "
 '"<||_html:</span>_||><||_html:<span style=\'background-color: rgba(0.0, '
 "165.0, 0, 0.15); border-radius: 3px;' "
 "title='1.0'>_||>release<||_html:</span>_||><||_html:<span "
 "style='background-color: rgba(0.0, 165.0, 0, 0.15); border-radius: 3px;' "
 "title='1.0'>_||>_<||_html:</span>_||><||_html:<span style='background-color: "
 "rgba(0.0, 165.0, 0, 0.15); border-radius: 3px;' "
 "title='1.0'>_||>note<||_html:</span>_||><||_html:<span "
 "style='background-color: rgba(0.0, 165.0, 0, 0.15); border-radius: 3px;' "
 'title=\'1.0\'>_||>":<||_html:</span>_||><||_html:<span '
 "style='background-color: rgba(0.0, 165.0, 0, 0.15); border-radius: 3px;' "
 'title=\'1.0\'>_||> "<||_html:</span>_||><||_html:<span '
 "style='background-color: rgba(0.0, 165.0, 0, 0.15); border-radius: 3px;' "
 "title='1.0'>_||>The<||_html:</span>_||><||_html:<span "
 "style='background-color: rgba(0.0, 165.0, 0, 0.15); border-radius: 3px;' "
 "title='1.0'>_||> '<||_html:</span>_||><||_html:<span "
 "style='background-color: rgba(0.0, 165.0, 0, 0.15); border-radius: 3px;' "
 "title='1.0'>_||>Product<||_html:</span>_||><||_html:<span "
 "style='background-color: rgba(0.0, 165.0, 0, 0.15); border-radius: 3px;' "
 "title='1.0'>_||>'<||_html:</span>_||><||_html:<span style='background-color: "
 "rgba(0.0, 165.0, 0, 0.15); border-radius: 3px;' title='1.0'>_||> "
 "type<||_html:</span>_||><||_html:<span style='background-color: rgba(0.0, "
 "165.0, 0, 0.15); border-radius: 3px;' title='1.0'>_||> "
 "no<||_html:</span>_||><||_html:<span style='background-color: rgba(0.0, "
 "165.0, 0, 0.15); border-radius: 3px;' title='1.0'>_||> "
 "longer<||_html:</span>_||><||_html:<span style='background-color: rgba(0.0, "
 "165.0, 0, 0.15); border-radius: 3px;' title='1.0'>_||> "
 "includes<||_html:</span>_||><||_html:<span style='background-color: "
 "rgba(0.0, 165.0, 0, 0.15); border-radius: 3px;' title='1.0'>_||> "
 "the<||_html:</span>_||><||_html:<span style='background-color: rgba(0.0, "
 "165.0, 0, 0.15); border-radius: 3px;' title='1.0'>_||> "
 "'<||_html:</span>_||><||_html:<span style='background-color: rgba(0.0, "
 "165.0, 0, 0.15); border-radius: 3px;' "
 "title='1.0'>_||>description<||_html:</span>_||><||_html:<span "
 "style='background-color: rgba(0.0, 165.0, 0, 0.15); border-radius: 3px;' "
 "title='1.0'>_||>'<||_html:</span>_||><||_html:<span style='background-color: "
 "rgba(0.0, 165.0, 0, 0.15); border-radius: 3px;' title='1.0'>_||> "
 "field<||_html:</span>_||><||_html:<span style='background-color: rgba(0.0, "
 "165.0, 0, 0.15); border-radius: 3px;' "
 'title=\'1.0\'>_||>."<||_html:</span>_||><||_html:<span '
 "style='background-color: rgba(0.0, 165.0, 0, 0.15); border-radius: 3px;' "
 "title='1.0'>_||>\n"
 "<||_html:</span>_||><||_html:<span style='background-color: rgba(0.0, 165.0, "
 "0, 0.15); border-radius: 3px;' title='1.0'>_||>   "
 "<||_html:</span>_||><||_html:<span style='background-color: rgba(0.0, 165.0, "
 "0, 0.15); border-radius: 3px;' title='1.0'>_||> "
 "},<||_html:</span>_||><||_html:<span style='background-color: rgba(0.0, "
 "165.0, 0, 0.15); border-radius: 3px;' title='1.0'>_||>\n"
 "<||_html:</span>_||><||_html:<span style='background-color: rgba(0.0, 165.0, "
 "0, 0.15); border-radius: 3px;' title='1.0'>_||>   "
 "<||_html:</span>_||><||_html:<span style='background-color: rgba(0.0, 165.0, "
 "0, 0.15); border-radius: 3px;' title='1.0'>_||> "
 "{<||_html:</span>_||><||_html:<span style='background-color: rgba(0.0, "
 "165.0, 0, 0.15); border-radius: 3px;' title='1.0'>_||>\n"
 "<||_html:</span>_||><||_html:<span style='background-color: rgba(0.0, 165.0, "
 "0, 0.15); border-radius: 3px;' title='1.0'>_||>     "
 "<||_html:</span>_||><||_html:<span style='background-color: rgba(0.0, 165.0, "
 "0, 0.15); border-radius: 3px;' title='1.0'>_||> "
 '"<||_html:</span>_||><||_html:<span style=\'background-color: rgba(0.0, '
 "165.0, 0, 0.15); border-radius: 3px;' "
 "title='1.0'>_||>type<||_html:</span>_||><||_html:<span "
 "style='background-color: rgba(0.0, 165.0, 0, 0.15); border-radius: 3px;' "
 'title=\'1.0\'>_||>":<||_html:</span>_||><||_html:<span '
 "style='background-color: rgba(0.0, 165.0, 0, 0.15); border-radius: 3px;' "
 'title=\'1.0\'>_||> "<||_html:</span>_||><||_html:<span '
 "style='background-color: rgba(0.0, 165.0, 0, 0.15); border-radius: 3px;' "
 "title='1.0'>_||>Product<||_html:</span>_||><||_html:<span "
 "style='background-color: rgba(0.0, 165.0, 0, 0.15); border-radius: 3px;' "
 'title=\'1.0\'>_||>",<||_html:</span>_||><||_html:<span '
 "style='background-color: rgba(0.0, 165.0, 0, 0.15); border-radius: 3px;' "
 "title='1.0'>_||>\n"
 "<||_html:</span>_||><||_html:<span style='background-color: rgba(0.0, 165.0, "
 "0, 0.15); border-radius: 3px;' title='1.0'>_||>     "
 "<||_html:</span>_||><||_html:<span style='background-color: rgba(0.0, 165.0, "
 "0, 0.15); border-radius: 3px;' title='1.0'>_||> "
 '"<||_html:</span>_||><||_html:<span style=\'background-color: rgba(0.0, '
 "165.0, 0, 0.15); border-radius: 3px;' "
 "title='1.0'>_||>field<||_html:</span>_||><||_html:<span "
 "style='background-color: rgba(0.0, 165.0, 0, 0.15); border-radius: 3px;' "
 'title=\'1.0\'>_||>":<||_html:</span>_||><||_html:<span '
 "style='background-color: rgba(0.0, 165.0, 0, 0.15); border-radius: 3px;' "
 'title=\'1.0\'>_||> "<||_html:</span>_||><||_html:<span '
 "style='background-color: rgba(0.0, 165.0, 0, 0.15); border-radius: 3px;' "
 "title='1.0'>_||>stock<||_html:</span>_||><||_html:<span "
 "style='background-color: rgba(0.0, 165.0, 0, 0.15); border-radius: 3px;' "
 'title=\'1.0\'>_||>",<||_html:</span>_||><||_html:<span '
 "style='background-color: rgba(0.0, 165.0, 0, 0.15); border-radius: 3px;' "
 "title='1.0'>_||>\n"
 "<||_html:</span>_||><||_html:<span style='background-color: rgba(0.0, 165.0, "
 "0, 0.15); border-radius: 3px;' title='1.0'>_||>     "
 "<||_html:</span>_||><||_html:<span style='background-color: rgba(0.0, 165.0, "
 "0, 0.15); border-radius: 3px;' title='1.0'>_||> "
 '"<||_html:</span>_||><||_html:<span style=\'background-color: rgba(0.0, '
 "165.0, 0, 0.15); border-radius: 3px;' "
 "title='1.0'>_||>change<||_html:</span>_||><||_html:<span "
 "style='background-color: rgba(0.0, 165.0, 0, 0.15); border-radius: 3px;' "
 'title=\'1.0\'>_||>":<||_html:</span>_||><||_html:<span '
 "style='background-color: rgba(0.0, 165.0, 0, 0.15); border-radius: 3px;' "
 'title=\'1.0\'>_||> "<||_html:</span>_||><||_html:<span '
 "style='background-color: rgba(0.0, 165.0, 0, 0.15); border-radius: 3px;' "
 "title='1.0'>_||>field<||_html:</span>_||><||_html:<span "
 "style='background-color: rgba(0.0, 165.0, 0, 0.15); border-radius: 3px;' "
 "title='1.0'>_||> removed<||_html:</span>_||><||_html:<span "
 "style='background-color: rgba(0.0, 165.0, 0, 0.15); border-radius: 3px;' "
 'title=\'1.0\'>_||>",<||_html:</span>_||><||_html:<span '
 "style='background-color: rgba(0.0, 165.0, 0, 0.15); border-radius: 3px;' "
 "title='1.0'>_||>\n"
 "<||_html:</span>_||><||_html:<span style='background-color: rgba(0.0, 165.0, "
 "0, 0.15); border-radius: 3px;' title='1.0'>_||>     "
 "<||_html:</span>_||><||_html:<span style='background-color: rgba(0.0, 165.0, "
 "0, 0.15); border-radius: 3px;' title='1.0'>_||> "
 '"<||_html:</span>_||><||_html:<span style=\'background-color: rgba(0.0, '
 "165.0, 0, 0.15); border-radius: 3px;' "
 "title='1.0'>_||>breaking<||_html:</span>_||><||_html:<span "
 "style='background-color: rgba(0.0, 165.0, 0, 0.15); border-radius: 3px;' "
 'title=\'1.0\'>_||>":<||_html:</span>_||><||_html:<span '
 "style='background-color: rgba(0.0, 165.0, 0, 0.15); border-radius: 3px;' "
 'title=\'1.0\'>_||> "<||_html:</span>_||><||_html:<span '
 "style='background-color: rgba(0.0, 165.0, 0, 0.15); border-radius: 3px;' "
 "title='1.0'>_||>true<||_html:</span>_||><||_html:<span "
 "style='background-color: rgba(0.0, 165.0, 0, 0.15); border-radius: 3px;' "
 'title=\'1.0\'>_||>",<||_html:</span>_||><||_html:<span '
 "style='background-color: rgba(0.0, 165.0, 0, 0.15); border-radius: 3px;' "
 "title='1.0'>_||>\n"
 "<||_html:</span>_||><||_html:<span style='background-color: rgba(0.0, 165.0, "
 "0, 0.15); border-radius: 3px;' title='1.0'>_||>     "
 "<||_html:</span>_||><||_html:<span style='background-color: rgba(0.0, 165.0, "
 "0, 0.15); border-radius: 3px;' title='1.0'>_||> "
 '"<||_html:</span>_||><||_html:<span style=\'background-color: rgba(0.0, '
 "165.0, 0, 0.15); border-radius: 3px;' "
 "title='1.0'>_||>release<||_html:</span>_||><||_html:<span "
 "style='background-color: rgba(0.0, 165.0, 0, 0.15); border-radius: 3px;' "
 "title='1.0'>_||>_<||_html:</span>_||><||_html:<span style='background-color: "
 "rgba(0.0, 165.0, 0, 0.15); border-radius: 3px;' "
 "title='1.0'>_||>note<||_html:</span>_||><||_html:<span "
 "style='background-color: rgba(0.0, 165.0, 0, 0.15); border-radius: 3px;' "
 'title=\'1.0\'>_||>":<||_html:</span>_||><||_html:<span '
 "style='background-color: rgba(0.0, 165.0, 0, 0.15); border-radius: 3px;' "
 'title=\'1.0\'>_||> "<||_html:</span>_||><||_html:<span '
 "style='background-color: rgba(0.0, 165.0, 0, 0.15); border-radius: 3px;' "
 "title='1.0'>_||>The<||_html:</span>_||><||_html:<span "
 "style='background-color: rgba(0.0, 165.0, 0, 0.15); border-radius: 3px;' "
 "title='1.0'>_||> '<||_html:</span>_||><||_html:<span "
 "style='background-color: rgba(0.0, 165.0, 0, 0.15); border-radius: 3px;' "
 "title='1.0'>_||>Product<||_html:</span>_||><||_html:<span "
 "style='background-color: rgba(0.0, 165.0, 0, 0.15); border-radius: 3px;' "
 "title='1.0'>_||>'<||_html:</span>_||><||_html:<span style='background-color: "
 "rgba(0.0, 165.0, 0, 0.15); border-radius: 3px;' title='1.0'>_||> "
 "type<||_html:</span>_||><||_html:<span style='background-color: rgba(0.0, "
 "165.0, 0, 0.15); border-radius: 3px;' title='1.0'>_||> "
 "no<||_html:</span>_||><||_html:<span style='background-color: rgba(0.0, "
 "165.0, 0, 0.15); border-radius: 3px;' title='1.0'>_||> "
 "longer<||_html:</span>_||><||_html:<span style='background-color: rgba(0.0, "
 "165.0, 0, 0.15); border-radius: 3px;' title='1.0'>_||> "
 "includes<||_html:</span>_||><||_html:<span style='background-color: "
 "rgba(0.0, 165.0, 0, 0.15); border-radius: 3px;' title='1.0'>_||> "
 "the<||_html:</span>_||><||_html:<span style='background-color: rgba(0.0, "
 "165.0, 0, 0.15); border-radius: 3px;' title='1.0'>_||> "
 "'<||_html:</span>_||><||_html:<span style='background-color: rgba(0.0, "
 "165.0, 0, 0.15); border-radius: 3px;' "
 "title='1.0'>_||>stock<||_html:</span>_||><||_html:<span "
 "style='background-color: rgba(0.0, 165.0, 0, 0.15); border-radius: 3px;' "
 "title='1.0'>_||>'<||_html:</span>_||><||_html:<span style='background-color: "
 "rgba(0.0, 165.0, 0, 0.15); border-radius: 3px;' title='1.0'>_||> "
 "field<||_html:</span>_||><||_html:<span style='background-color: rgba(0.0, "
 "165.0, 0, 0.15); border-radius: 3px;' "
 'title=\'1.0\'>_||>."<||_html:</span>_||><||_html:<span '
 "style='background-color: rgba(0.0, 165.0, 0, 0.15); border-radius: 3px;' "
 "title='1.0'>_||>\n"
 "<||_html:</span>_||><||_html:<span style='background-color: rgba(0.0, 165.0, "
 "0, 0.15); border-radius: 3px;' title='1.0'>_||>   "
 "<||_html:</span>_||><||_html:<span style='background-color: rgba(0.0, 165.0, "
 "0, 0.15); border-radius: 3px;' title='1.0'>_||> "
 "}<||_html:</span>_||><||_html:<span style='background-color: rgba(0.0, "
 "165.0, 0, 0.15); border-radius: 3px;' title='1.0'>_||>\n"
 "<||_html:</span>_||><||_html:<span style='background-color: rgba(0.0, 165.0, "
 "0, 0.15); border-radius: 3px;' title='1.0'>_||> "
 "<||_html:</span>_||><||_html:<span style='background-color: rgba(0.0, 165.0, "
 "0, 0.15); border-radius: 3px;' title='1.0'>_||> "
 "],<||_html:</span>_||><||_html:<span style='background-color: rgba(0.0, "
 "165.0, 0, 0.15); border-radius: 3px;' title='1.0'>_||>\n"
 "<||_html:</span>_||><||_html:<span style='background-color: rgba(0.0, 165.0, "
 "0, 0.15); border-radius: 3px;' title='1.0'>_||> "
 "<||_html:</span>_||><||_html:<span style='background-color: rgba(0.0, 165.0, "
 "0, 0.15); border-radius: 3px;' title='1.0'>_||> "
 '"<||_html:</span>_||><||_html:<span style=\'background-color: rgba(0.0, '
 "165.0, 0, 0.15); border-radius: 3px;' "
 "title='1.0'>_||>release<||_html:</span>_||><||_html:<span "
 "style='background-color: rgba(0.0, 165.0, 0, 0.15); border-radius: 3px;' "
 "title='1.0'>_||>_<||_html:</span>_||><||_html:<span style='background-color: "
 "rgba(0.0, 165.0, 0, 0.15); border-radius: 3px;' "
 "title='1.0'>_||>notes<||_html:</span>_||><||_html:<span "
 "style='background-color: rgba(0.0, 165.0, 0, 0.15); border-radius: 3px;' "
 'title=\'1.0\'>_||>":<||_html:</span>_||><||_html:<span '
 "style='background-color: rgba(0.0, 165.0, 0, 0.15); border-radius: 3px;' "
 "title='1.0'>_||> {<||_html:</span>_||><||_html:<span "
 "style='background-color: rgba(0.0, 165.0, 0, 0.15); border-radius: 3px;' "
 "title='1.0'>_||>\n"
 "<||_html:</span>_||><||_html:<span style='background-color: rgba(0.0, 165.0, "
 "0, 0.15); border-radius: 3px;' title='1.0'>_||>   "
 "<||_html:</span>_||><||_html:<span style='background-color: rgba(0.0, 165.0, "
 "0, 0.15); border-radius: 3px;' title='1.0'>_||> "
 '"<||_html:</span>_||><||_html:<span style=\'background-color: rgba(0.0, '
 "165.0, 0, 0.15); border-radius: 3px;' "
 "title='1.0'>_||>summary<||_html:</span>_||><||_html:<span "
 "style='background-color: rgba(0.0, 165.0, 0, 0.15); border-radius: 3px;' "
 'title=\'1.0\'>_||>":<||_html:</span>_||><||_html:<span '
 "style='background-color: rgba(0.0, 165.0, 0, 0.15); border-radius: 3px;' "
 'title=\'1.0\'>_||> "<||_html:</span>_||><||_html:<span '
 "style='background-color: rgba(0.0, 165.0, 0, 0.15); border-radius: 3px;' "
 "title='1.0'>_||>The<||_html:</span>_||><||_html:<span "
 "style='background-color: rgba(0.0, 165.0, 0, 0.15); border-radius: 3px;' "
 "title='1.0'>_||> '<||_html:</span>_||><||_html:<span "
 "style='background-color: rgba(0.0, 165.0, 0, 0.15); border-radius: 3px;' "
 "title='1.0'>_||>get<||_html:</span>_||><||_html:<span "
 "style='background-color: rgba(0.0, 165.0, 0, 0.15); border-radius: 3px;' "
 "title='1.0'>_||>Product<||_html:</span>_||><||_html:<span "
 "style='background-color: rgba(0.0, 165.0, 0, 0.15); border-radius: 3px;' "
 "title='1.0'>_||>'<||_html:</span>_||><||_html:<span style='background-color: "
 "rgba(0.0, 165.0, 0, 0.15); border-radius: 3px;' title='1.0'>_||> "
 "query<||_html:</span>_||><||_html:<span style='background-color: rgba(0.0, "
 "165.0, 0, 0.15); border-radius: 3px;' title='1.0'>_||> "
 "now<||_html:</span>_||><||_html:<span style='background-color: rgba(0.0, "
 "165.0, 0, 0.15); border-radius: 3px;' title='1.0'>_||> "
 "includes<||_html:</span>_||><||_html:<span style='background-color: "
 "rgba(0.0, 165.0, 0, 0.15); border-radius: 3px;' title='1.0'>_||> "
 "a<||_html:</span>_||><||_html:<span style='background-color: rgba(0.0, "
 "165.0, 0, 0.15); border-radius: 3px;' title='1.0'>_||> "
 "new<||_html:</span>_||><||_html:<span style='background-color: rgba(0.0, "
 "165.0, 0, 0.15); border-radius: 3px;' title='1.0'>_||> "
 "field<||_html:</span>_||><||_html:<span style='background-color: rgba(0.0, "
 "165.0, 0, 0.15); border-radius: 3px;' title='1.0'>_||> "
 "'<||_html:</span>_||><||_html:<span style='background-color: rgba(0.0, "
 "165.0, 0, 0.15); border-radius: 3px;' title='1.0'>_||>")
('Analyze the following two GraphQL schemas for changes, including both '
 'breaking and non-breaking changes.\n'
 '\n'
 '                        Provide your analysis in the following JSON format:\n'
 '                        {\n'
 '                          "changes": [\n'
 '                            {\n'
 '                              "type": "String representing the GraphQL type '
 '(e.g., Query, Mutation, Subscription)",\n'
 '                              "field": "String representing the specific '
 'field that changed",\n'
 '                              "change": "String describing the change (e.g., '
 'field renamed, new field added, field removed)",\n'
 '                              "breaking": "Boolean indicating if the change '
 'is breaking (true) or non-breaking (false)",\n'
 '                              "release_note": "String with a natural '
 'language description of the change for release notes"\n'
 '                            }\n'
 '                          ],\n'
 '                          "release_notes": {\n'
 '                              "summary": "String summarizing all changes, '
 'suitable for a mailing list or public announcement"\n'
 '                          }\n'
 '                        }\n'
 '\n'
 '                        When analyzing, consider the following types of '
 'changes:\n'
 '                        1. Removing fields or types (breaking)\n'
 '                        2. Changing field types (potentially breaking)\n'
 '                        3. Adding required fields (breaking)\n'
 '                        4. Changing the type of existing arguments '
 '(breaking)\n'
 '                        5. Adding optional fields (non-breaking)\n'
 '                        6. Adding new types (non-breaking)\n'
 '                        7. Deprecating fields (non-breaking)\n'
 '\n'
 '                        Ensure that each change is categorized correctly as '
 'breaking or non-breaking.: type Query {\n'
 '  getProduct(id: ID!): Product\n'
 '}\n'
 '\n'
 'type Product {\n'
 '  id: ID\n'
 '  name: String\n'
 '  description: String\n'
 '  price: Float\n'
 '  stock: Int\n'
 '}\n'
 ', type Query {\n'
 '  getProduct(id: ID!): Product\n'
 '}\n'
 '\n'
 'type Product {\n'
 '  id: ID\n'
 '  name: String\n'
 '  details: String\n'
 '  price: Float\n'
 '}\n'
 '\n'
 "Answer:<||_html:<span style='background-color: rgba(0.0, 165.0, 0, 0.15); "
 "border-radius: 3px;' title='1.0'>_||> {<||_html:</span>_||><||_html:<span "
 "style='background-color: rgba(0.0, 165.0, 0, 0.15); border-radius: 3px;' "
 "title='1.0'>_||>\n"
 "<||_html:</span>_||><||_html:<span style='background-color: rgba(0.0, 165.0, "
 "0, 0.15); border-radius: 3px;' title='1.0'>_||> "
 "<||_html:</span>_||><||_html:<span style='background-color: rgba(0.0, 165.0, "
 "0, 0.15); border-radius: 3px;' title='1.0'>_||> "
 '"<||_html:</span>_||><||_html:<span style=\'background-color: rgba(0.0, '
 "165.0, 0, 0.15); border-radius: 3px;' "
 "title='1.0'>_||>changes<||_html:</span>_||><||_html:<span "
 "style='background-color: rgba(0.0, 165.0, 0, 0.15); border-radius: 3px;' "
 'title=\'1.0\'>_||>":<||_html:</span>_||><||_html:<span '
 "style='background-color: rgba(0.0, 165.0, 0, 0.15); border-radius: 3px;' "
 "title='1.0'>_||> [<||_html:</span>_||><||_html:<span "
 "style='background-color: rgba(0.0, 165.0, 0, 0.15); border-radius: 3px;' "
 "title='1.0'>_||>\n"
 "<||_html:</span>_||><||_html:<span style='background-color: rgba(0.0, 165.0, "
 "0, 0.15); border-radius: 3px;' title='1.0'>_||>   "
 "<||_html:</span>_||><||_html:<span style='background-color: rgba(0.0, 165.0, "
 "0, 0.15); border-radius: 3px;' title='1.0'>_||> "
 "{<||_html:</span>_||><||_html:<span style='background-color: rgba(0.0, "
 "165.0, 0, 0.15); border-radius: 3px;' title='1.0'>_||>\n"
 "<||_html:</span>_||><||_html:<span style='background-color: rgba(0.0, 165.0, "
 "0, 0.15); border-radius: 3px;' title='1.0'>_||>     "
 "<||_html:</span>_||><||_html:<span style='background-color: rgba(0.0, 165.0, "
 "0, 0.15); border-radius: 3px;' title='1.0'>_||> "
 '"<||_html:</span>_||><||_html:<span style=\'background-color: rgba(0.0, '
 "165.0, 0, 0.15); border-radius: 3px;' "
 "title='1.0'>_||>type<||_html:</span>_||><||_html:<span "
 "style='background-color: rgba(0.0, 165.0, 0, 0.15); border-radius: 3px;' "
 'title=\'1.0\'>_||>":<||_html:</span>_||><||_html:<span '
 "style='background-color: rgba(0.0, 165.0, 0, 0.15); border-radius: 3px;' "
 'title=\'1.0\'>_||> "<||_html:</span>_||><||_html:<span '
 "style='background-color: rgba(0.0, 165.0, 0, 0.15); border-radius: 3px;' "
 "title='1.0'>_||>Query<||_html:</span>_||><||_html:<span "
 "style='background-color: rgba(0.0, 165.0, 0, 0.15); border-radius: 3px;' "
 'title=\'1.0\'>_||>",<||_html:</span>_||><||_html:<span '
 "style='background-color: rgba(0.0, 165.0, 0, 0.15); border-radius: 3px;' "
 "title='1.0'>_||>\n"
 "<||_html:</span>_||><||_html:<span style='background-color: rgba(0.0, 165.0, "
 "0, 0.15); border-radius: 3px;' title='1.0'>_||>     "
 "<||_html:</span>_||><||_html:<span style='background-color: rgba(0.0, 165.0, "
 "0, 0.15); border-radius: 3px;' title='1.0'>_||> "
 '"<||_html:</span>_||><||_html:<span style=\'background-color: rgba(0.0, '
 "165.0, 0, 0.15); border-radius: 3px;' "
 "title='1.0'>_||>field<||_html:</span>_||><||_html:<span "
 "style='background-color: rgba(0.0, 165.0, 0, 0.15); border-radius: 3px;' "
 'title=\'1.0\'>_||>":<||_html:</span>_||><||_html:<span '
 "style='background-color: rgba(0.0, 165.0, 0, 0.15); border-radius: 3px;' "
 'title=\'1.0\'>_||> "<||_html:</span>_||><||_html:<span '
 "style='background-color: rgba(0.0, 165.0, 0, 0.15); border-radius: 3px;' "
 "title='1.0'>_||>get<||_html:</span>_||><||_html:<span "
 "style='background-color: rgba(0.0, 165.0, 0, 0.15); border-radius: 3px;' "
 "title='1.0'>_||>Product<||_html:</span>_||><||_html:<span "
 "style='background-color: rgba(0.0, 165.0, 0, 0.15); border-radius: 3px;' "
 'title=\'1.0\'>_||>",<||_html:</span>_||><||_html:<span '
 "style='background-color: rgba(0.0, 165.0, 0, 0.15); border-radius: 3px;' "
 "title='1.0'>_||>\n"
 "<||_html:</span>_||><||_html:<span style='background-color: rgba(0.0, 165.0, "
 "0, 0.15); border-radius: 3px;' title='1.0'>_||>     "
 "<||_html:</span>_||><||_html:<span style='background-color: rgba(0.0, 165.0, "
 "0, 0.15); border-radius: 3px;' title='1.0'>_||> "
 '"<||_html:</span>_||><||_html:<span style=\'background-color: rgba(0.0, '
 "165.0, 0, 0.15); border-radius: 3px;' "
 "title='1.0'>_||>change<||_html:</span>_||><||_html:<span "
 "style='background-color: rgba(0.0, 165.0, 0, 0.15); border-radius: 3px;' "
 'title=\'1.0\'>_||>":<||_html:</span>_||><||_html:<span '
 "style='background-color: rgba(0.0, 165.0, 0, 0.15); border-radius: 3px;' "
 'title=\'1.0\'>_||> "<||_html:</span>_||><||_html:<span '
 "style='background-color: rgba(0.0, 165.0, 0, 0.15); border-radius: 3px;' "
 "title='1.0'>_||>field<||_html:</span>_||><||_html:<span "
 "style='background-color: rgba(0.0, 165.0, 0, 0.15); border-radius: 3px;' "
 "title='1.0'>_||> details<||_html:</span>_||><||_html:<span "
 "style='background-color: rgba(0.0, 165.0, 0, 0.15); border-radius: 3px;' "
 "title='1.0'>_||> added<||_html:</span>_||><||_html:<span "
 "style='background-color: rgba(0.0, 165.0, 0, 0.15); border-radius: 3px;' "
 'title=\'1.0\'>_||>",<||_html:</span>_||><||_html:<span '
 "style='background-color: rgba(0.0, 165.0, 0, 0.15); border-radius: 3px;' "
 "title='1.0'>_||>\n"
 "<||_html:</span>_||><||_html:<span style='background-color: rgba(0.0, 165.0, "
 "0, 0.15); border-radius: 3px;' title='1.0'>_||>     "
 "<||_html:</span>_||><||_html:<span style='background-color: rgba(0.0, 165.0, "
 "0, 0.15); border-radius: 3px;' title='1.0'>_||> "
 '"<||_html:</span>_||><||_html:<span style=\'background-color: rgba(0.0, '
 "165.0, 0, 0.15); border-radius: 3px;' "
 "title='1.0'>_||>breaking<||_html:</span>_||><||_html:<span "
 "style='background-color: rgba(0.0, 165.0, 0, 0.15); border-radius: 3px;' "
 'title=\'1.0\'>_||>":<||_html:</span>_||><||_html:<span '
 "style='background-color: rgba(0.0, 165.0, 0, 0.15); border-radius: 3px;' "
 'title=\'1.0\'>_||> "<||_html:</span>_||><||_html:<span '
 "style='background-color: rgba(0.0, 165.0, 0, 0.15); border-radius: 3px;' "
 "title='1.0'>_||>false<||_html:</span>_||><||_html:<span "
 "style='background-color: rgba(0.0, 165.0, 0, 0.15); border-radius: 3px;' "
 'title=\'1.0\'>_||>",<||_html:</span>_||><||_html:<span '
 "style='background-color: rgba(0.0, 165.0, 0, 0.15); border-radius: 3px;' "
 "title='1.0'>_||>\n"
 "<||_html:</span>_||><||_html:<span style='background-color: rgba(0.0, 165.0, "
 "0, 0.15); border-radius: 3px;' title='1.0'>_||>     "
 "<||_html:</span>_||><||_html:<span style='background-color: rgba(0.0, 165.0, "
 "0, 0.15); border-radius: 3px;' title='1.0'>_||> "
 '"<||_html:</span>_||><||_html:<span style=\'background-color: rgba(0.0, '
 "165.0, 0, 0.15); border-radius: 3px;' "
 "title='1.0'>_||>release<||_html:</span>_||><||_html:<span "
 "style='background-color: rgba(0.0, 165.0, 0, 0.15); border-radius: 3px;' "
 "title='1.0'>_||>_<||_html:</span>_||><||_html:<span style='background-color: "
 "rgba(0.0, 165.0, 0, 0.15); border-radius: 3px;' "
 "title='1.0'>_||>note<||_html:</span>_||><||_html:<span "
 "style='background-color: rgba(0.0, 165.0, 0, 0.15); border-radius: 3px;' "
 'title=\'1.0\'>_||>":<||_html:</span>_||><||_html:<span '
 "style='background-color: rgba(0.0, 165.0, 0, 0.15); border-radius: 3px;' "
 'title=\'1.0\'>_||> "<||_html:</span>_||><||_html:<span '
 "style='background-color: rgba(0.0, 165.0, 0, 0.15); border-radius: 3px;' "
 "title='1.0'>_||>The<||_html:</span>_||><||_html:<span "
 "style='background-color: rgba(0.0, 165.0, 0, 0.15); border-radius: 3px;' "
 "title='1.0'>_||> '<||_html:</span>_||><||_html:<span "
 "style='background-color: rgba(0.0, 165.0, 0, 0.15); border-radius: 3px;' "
 "title='1.0'>_||>get<||_html:</span>_||><||_html:<span "
 "style='background-color: rgba(0.0, 165.0, 0, 0.15); border-radius: 3px;' "
 "title='1.0'>_||>Product<||_html:</span>_||><||_html:<span "
 "style='background-color: rgba(0.0, 165.0, 0, 0.15); border-radius: 3px;' "
 "title='1.0'>_||>'<||_html:</span>_||><||_html:<span style='background-color: "
 "rgba(0.0, 165.0, 0, 0.15); border-radius: 3px;' title='1.0'>_||> "
 "query<||_html:</span>_||><||_html:<span style='background-color: rgba(0.0, "
 "165.0, 0, 0.15); border-radius: 3px;' title='1.0'>_||> "
 "now<||_html:</span>_||><||_html:<span style='background-color: rgba(0.0, "
 "165.0, 0, 0.15); border-radius: 3px;' title='1.0'>_||> "
 "includes<||_html:</span>_||><||_html:<span style='background-color: "
 "rgba(0.0, 165.0, 0, 0.15); border-radius: 3px;' title='1.0'>_||> "
 "a<||_html:</span>_||><||_html:<span style='background-color: rgba(0.0, "
 "165.0, 0, 0.15); border-radius: 3px;' title='1.0'>_||> "
 "new<||_html:</span>_||><||_html:<span style='background-color: rgba(0.0, "
 "165.0, 0, 0.15); border-radius: 3px;' title='1.0'>_||> "
 "field<||_html:</span>_||><||_html:<span style='background-color: rgba(0.0, "
 "165.0, 0, 0.15); border-radius: 3px;' title='1.0'>_||> "
 "'<||_html:</span>_||><||_html:<span style='background-color: rgba(0.0, "
 "165.0, 0, 0.15); border-radius: 3px;' "
 "title='1.0'>_||>details<||_html:</span>_||><||_html:<span "
 "style='background-color: rgba(0.0, 165.0, 0, 0.15); border-radius: 3px;' "
 "title='1.0'>_||>'<||_html:</span>_||><||_html:<span style='background-color: "
 "rgba(0.0, 165.0, 0, 0.15); border-radius: 3px;' title='1.0'>_||> "
 "of<||_html:</span>_||><||_html:<span style='background-color: rgba(0.0, "
 "165.0, 0, 0.15); border-radius: 3px;' title='1.0'>_||> "
 "type<||_html:</span>_||><||_html:<span style='background-color: rgba(0.0, "
 "165.0, 0, 0.15); border-radius: 3px;' title='1.0'>_||> "
 "String<||_html:</span>_||><||_html:<span style='background-color: rgba(0.0, "
 "165.0, 0, 0.15); border-radius: 3px;' "
 'title=\'1.0\'>_||>."<||_html:</span>_||><||_html:<span '
 "style='background-color: rgba(0.0, 165.0, 0, 0.15); border-radius: 3px;' "
 "title='1.0'>_||>\n"
 "<||_html:</span>_||><||_html:<span style='background-color: rgba(0.0, 165.0, "
 "0, 0.15); border-radius: 3px;' title='1.0'>_||>   "
 "<||_html:</span>_||><||_html:<span style='background-color: rgba(0.0, 165.0, "
 "0, 0.15); border-radius: 3px;' title='1.0'>_||> "
 "},<||_html:</span>_||><||_html:<span style='background-color: rgba(0.0, "
 "165.0, 0, 0.15); border-radius: 3px;' title='1.0'>_||>\n"
 "<||_html:</span>_||><||_html:<span style='background-color: rgba(0.0, 165.0, "
 "0, 0.15); border-radius: 3px;' title='1.0'>_||>   "
 "<||_html:</span>_||><||_html:<span style='background-color: rgba(0.0, 165.0, "
 "0, 0.15); border-radius: 3px;' title='1.0'>_||> "
 "{<||_html:</span>_||><||_html:<span style='background-color: rgba(0.0, "
 "165.0, 0, 0.15); border-radius: 3px;' title='1.0'>_||>\n"
 "<||_html:</span>_||><||_html:<span style='background-color: rgba(0.0, 165.0, "
 "0, 0.15); border-radius: 3px;' title='1.0'>_||>     "
 "<||_html:</span>_||><||_html:<span style='background-color: rgba(0.0, 165.0, "
 "0, 0.15); border-radius: 3px;' title='1.0'>_||> "
 '"<||_html:</span>_||><||_html:<span style=\'background-color: rgba(0.0, '
 "165.0, 0, 0.15); border-radius: 3px;' "
 "title='1.0'>_||>type<||_html:</span>_||><||_html:<span "
 "style='background-color: rgba(0.0, 165.0, 0, 0.15); border-radius: 3px;' "
 'title=\'1.0\'>_||>":<||_html:</span>_||><||_html:<span '
 "style='background-color: rgba(0.0, 165.0, 0, 0.15); border-radius: 3px;' "
 'title=\'1.0\'>_||> "<||_html:</span>_||><||_html:<span '
 "style='background-color: rgba(0.0, 165.0, 0, 0.15); border-radius: 3px;' "
 "title='1.0'>_||>Product<||_html:</span>_||><||_html:<span "
 "style='background-color: rgba(0.0, 165.0, 0, 0.15); border-radius: 3px;' "
 'title=\'1.0\'>_||>",<||_html:</span>_||><||_html:<span '
 "style='background-color: rgba(0.0, 165.0, 0, 0.15); border-radius: 3px;' "
 "title='1.0'>_||>\n"
 "<||_html:</span>_||><||_html:<span style='background-color: rgba(0.0, 165.0, "
 "0, 0.15); border-radius: 3px;' title='1.0'>_||>     "
 "<||_html:</span>_||><||_html:<span style='background-color: rgba(0.0, 165.0, "
 "0, 0.15); border-radius: 3px;' title='1.0'>_||> "
 '"<||_html:</span>_||><||_html:<span style=\'background-color: rgba(0.0, '
 "165.0, 0, 0.15); border-radius: 3px;' "
 "title='1.0'>_||>field<||_html:</span>_||><||_html:<span "
 "style='background-color: rgba(0.0, 165.0, 0, 0.15); border-radius: 3px;' "
 'title=\'1.0\'>_||>":<||_html:</span>_||><||_html:<span '
 "style='background-color: rgba(0.0, 165.0, 0, 0.15); border-radius: 3px;' "
 'title=\'1.0\'>_||> "<||_html:</span>_||><||_html:<span '
 "style='background-color: rgba(0.0, 165.0, 0, 0.15); border-radius: 3px;' "
 "title='1.0'>_||>description<||_html:</span>_||><||_html:<span "
 "style='background-color: rgba(0.0, 165.0, 0, 0.15); border-radius: 3px;' "
 'title=\'1.0\'>_||>",<||_html:</span>_||><||_html:<span '
 "style='background-color: rgba(0.0, 165.0, 0, 0.15); border-radius: 3px;' "
 "title='1.0'>_||>\n"
 "<||_html:</span>_||><||_html:<span style='background-color: rgba(0.0, 165.0, "
 "0, 0.15); border-radius: 3px;' title='1.0'>_||>     "
 "<||_html:</span>_||><||_html:<span style='background-color: rgba(0.0, 165.0, "
 "0, 0.15); border-radius: 3px;' title='1.0'>_||> "
 '"<||_html:</span>_||><||_html:<span style=\'background-color: rgba(0.0, '
 "165.0, 0, 0.15); border-radius: 3px;' "
 "title='1.0'>_||>change<||_html:</span>_||><||_html:<span "
 "style='background-color: rgba(0.0, 165.0, 0, 0.15); border-radius: 3px;' "
 'title=\'1.0\'>_||>":<||_html:</span>_||><||_html:<span '
 "style='background-color: rgba(0.0, 165.0, 0, 0.15); border-radius: 3px;' "
 'title=\'1.0\'>_||> "<||_html:</span>_||><||_html:<span '
 "style='background-color: rgba(0.0, 165.0, 0, 0.15); border-radius: 3px;' "
 "title='1.0'>_||>field<||_html:</span>_||><||_html:<span "
 "style='background-color: rgba(0.0, 165.0, 0, 0.15); border-radius: 3px;' "
 "title='1.0'>_||> removed<||_html:</span>_||><||_html:<span "
 "style='background-color: rgba(0.0, 165.0, 0, 0.15); border-radius: 3px;' "
 'title=\'1.0\'>_||>",<||_html:</span>_||><||_html:<span '
 "style='background-color: rgba(0.0, 165.0, 0, 0.15); border-radius: 3px;' "
 "title='1.0'>_||>\n"
 "<||_html:</span>_||><||_html:<span style='background-color: rgba(0.0, 165.0, "
 "0, 0.15); border-radius: 3px;' title='1.0'>_||>     "
 "<||_html:</span>_||><||_html:<span style='background-color: rgba(0.0, 165.0, "
 "0, 0.15); border-radius: 3px;' title='1.0'>_||> "
 '"<||_html:</span>_||><||_html:<span style=\'background-color: rgba(0.0, '
 "165.0, 0, 0.15); border-radius: 3px;' "
 "title='1.0'>_||>breaking<||_html:</span>_||><||_html:<span "
 "style='background-color: rgba(0.0, 165.0, 0, 0.15); border-radius: 3px;' "
 'title=\'1.0\'>_||>":<||_html:</span>_||><||_html:<span '
 "style='background-color: rgba(0.0, 165.0, 0, 0.15); border-radius: 3px;' "
 'title=\'1.0\'>_||> "<||_html:</span>_||><||_html:<span '
 "style='background-color: rgba(0.0, 165.0, 0, 0.15); border-radius: 3px;' "
 "title='1.0'>_||>true<||_html:</span>_||><||_html:<span "
 "style='background-color: rgba(0.0, 165.0, 0, 0.15); border-radius: 3px;' "
 'title=\'1.0\'>_||>",<||_html:</span>_||><||_html:<span '
 "style='background-color: rgba(0.0, 165.0, 0, 0.15); border-radius: 3px;' "
 "title='1.0'>_||>\n"
 "<||_html:</span>_||><||_html:<span style='background-color: rgba(0.0, 165.0, "
 "0, 0.15); border-radius: 3px;' title='1.0'>_||>     "
 "<||_html:</span>_||><||_html:<span style='background-color: rgba(0.0, 165.0, "
 "0, 0.15); border-radius: 3px;' title='1.0'>_||> "
 '"<||_html:</span>_||><||_html:<span style=\'background-color: rgba(0.0, '
 "165.0, 0, 0.15); border-radius: 3px;' "
 "title='1.0'>_||>release<||_html:</span>_||><||_html:<span "
 "style='background-color: rgba(0.0, 165.0, 0, 0.15); border-radius: 3px;' "
 "title='1.0'>_||>_<||_html:</span>_||><||_html:<span style='background-color: "
 "rgba(0.0, 165.0, 0, 0.15); border-radius: 3px;' "
 "title='1.0'>_||>note<||_html:</span>_||><||_html:<span "
 "style='background-color: rgba(0.0, 165.0, 0, 0.15); border-radius: 3px;' "
 'title=\'1.0\'>_||>":<||_html:</span>_||><||_html:<span '
 "style='background-color: rgba(0.0, 165.0, 0, 0.15); border-radius: 3px;' "
 'title=\'1.0\'>_||> "<||_html:</span>_||><||_html:<span '
 "style='background-color: rgba(0.0, 165.0, 0, 0.15); border-radius: 3px;' "
 "title='1.0'>_||>The<||_html:</span>_||><||_html:<span "
 "style='background-color: rgba(0.0, 165.0, 0, 0.15); border-radius: 3px;' "
 "title='1.0'>_||> '<||_html:</span>_||><||_html:<span "
 "style='background-color: rgba(0.0, 165.0, 0, 0.15); border-radius: 3px;' "
 "title='1.0'>_||>Product<||_html:</span>_||><||_html:<span "
 "style='background-color: rgba(0.0, 165.0, 0, 0.15); border-radius: 3px;' "
 "title='1.0'>_||>'<||_html:</span>_||><||_html:<span style='background-color: "
 "rgba(0.0, 165.0, 0, 0.15); border-radius: 3px;' title='1.0'>_||> "
 "type<||_html:</span>_||><||_html:<span style='background-color: rgba(0.0, "
 "165.0, 0, 0.15); border-radius: 3px;' title='1.0'>_||> "
 "no<||_html:</span>_||><||_html:<span style='background-color: rgba(0.0, "
 "165.0, 0, 0.15); border-radius: 3px;' title='1.0'>_||> "
 "longer<||_html:</span>_||><||_html:<span style='background-color: rgba(0.0, "
 "165.0, 0, 0.15); border-radius: 3px;' title='1.0'>_||> "
 "includes<||_html:</span>_||><||_html:<span style='background-color: "
 "rgba(0.0, 165.0, 0, 0.15); border-radius: 3px;' title='1.0'>_||> "
 "the<||_html:</span>_||><||_html:<span style='background-color: rgba(0.0, "
 "165.0, 0, 0.15); border-radius: 3px;' title='1.0'>_||> "
 "'<||_html:</span>_||><||_html:<span style='background-color: rgba(0.0, "
 "165.0, 0, 0.15); border-radius: 3px;' "
 "title='1.0'>_||>description<||_html:</span>_||><||_html:<span "
 "style='background-color: rgba(0.0, 165.0, 0, 0.15); border-radius: 3px;' "
 "title='1.0'>_||>'<||_html:</span>_||><||_html:<span style='background-color: "
 "rgba(0.0, 165.0, 0, 0.15); border-radius: 3px;' title='1.0'>_||> "
 "field<||_html:</span>_||><||_html:<span style='background-color: rgba(0.0, "
 "165.0, 0, 0.15); border-radius: 3px;' "
 'title=\'1.0\'>_||>."<||_html:</span>_||><||_html:<span '
 "style='background-color: rgba(0.0, 165.0, 0, 0.15); border-radius: 3px;' "
 "title='1.0'>_||>\n"
 "<||_html:</span>_||><||_html:<span style='background-color: rgba(0.0, 165.0, "
 "0, 0.15); border-radius: 3px;' title='1.0'>_||>   "
 "<||_html:</span>_||><||_html:<span style='background-color: rgba(0.0, 165.0, "
 "0, 0.15); border-radius: 3px;' title='1.0'>_||> "
 "},<||_html:</span>_||><||_html:<span style='background-color: rgba(0.0, "
 "165.0, 0, 0.15); border-radius: 3px;' title='1.0'>_||>\n"
 "<||_html:</span>_||><||_html:<span style='background-color: rgba(0.0, 165.0, "
 "0, 0.15); border-radius: 3px;' title='1.0'>_||>   "
 "<||_html:</span>_||><||_html:<span style='background-color: rgba(0.0, 165.0, "
 "0, 0.15); border-radius: 3px;' title='1.0'>_||> "
 "{<||_html:</span>_||><||_html:<span style='background-color: rgba(0.0, "
 "165.0, 0, 0.15); border-radius: 3px;' title='1.0'>_||>\n"
 "<||_html:</span>_||><||_html:<span style='background-color: rgba(0.0, 165.0, "
 "0, 0.15); border-radius: 3px;' title='1.0'>_||>     "
 "<||_html:</span>_||><||_html:<span style='background-color: rgba(0.0, 165.0, "
 "0, 0.15); border-radius: 3px;' title='1.0'>_||> "
 '"<||_html:</span>_||><||_html:<span style=\'background-color: rgba(0.0, '
 "165.0, 0, 0.15); border-radius: 3px;' "
 "title='1.0'>_||>type<||_html:</span>_||><||_html:<span "
 "style='background-color: rgba(0.0, 165.0, 0, 0.15); border-radius: 3px;' "
 'title=\'1.0\'>_||>":<||_html:</span>_||><||_html:<span '
 "style='background-color: rgba(0.0, 165.0, 0, 0.15); border-radius: 3px;' "
 'title=\'1.0\'>_||> "<||_html:</span>_||><||_html:<span '
 "style='background-color: rgba(0.0, 165.0, 0, 0.15); border-radius: 3px;' "
 "title='1.0'>_||>Product<||_html:</span>_||><||_html:<span "
 "style='background-color: rgba(0.0, 165.0, 0, 0.15); border-radius: 3px;' "
 'title=\'1.0\'>_||>",<||_html:</span>_||><||_html:<span '
 "style='background-color: rgba(0.0, 165.0, 0, 0.15); border-radius: 3px;' "
 "title='1.0'>_||>\n"
 "<||_html:</span>_||><||_html:<span style='background-color: rgba(0.0, 165.0, "
 "0, 0.15); border-radius: 3px;' title='1.0'>_||>     "
 "<||_html:</span>_||><||_html:<span style='background-color: rgba(0.0, 165.0, "
 "0, 0.15); border-radius: 3px;' title='1.0'>_||> "
 '"<||_html:</span>_||><||_html:<span style=\'background-color: rgba(0.0, '
 "165.0, 0, 0.15); border-radius: 3px;' "
 "title='1.0'>_||>field<||_html:</span>_||><||_html:<span "
 "style='background-color: rgba(0.0, 165.0, 0, 0.15); border-radius: 3px;' "
 'title=\'1.0\'>_||>":<||_html:</span>_||><||_html:<span '
 "style='background-color: rgba(0.0, 165.0, 0, 0.15); border-radius: 3px;' "
 'title=\'1.0\'>_||> "<||_html:</span>_||><||_html:<span '
 "style='background-color: rgba(0.0, 165.0, 0, 0.15); border-radius: 3px;' "
 "title='1.0'>_||>stock<||_html:</span>_||><||_html:<span "
 "style='background-color: rgba(0.0, 165.0, 0, 0.15); border-radius: 3px;' "
 'title=\'1.0\'>_||>",<||_html:</span>_||><||_html:<span '
 "style='background-color: rgba(0.0, 165.0, 0, 0.15); border-radius: 3px;' "
 "title='1.0'>_||>\n"
 "<||_html:</span>_||><||_html:<span style='background-color: rgba(0.0, 165.0, "
 "0, 0.15); border-radius: 3px;' title='1.0'>_||>     "
 "<||_html:</span>_||><||_html:<span style='background-color: rgba(0.0, 165.0, "
 "0, 0.15); border-radius: 3px;' title='1.0'>_||> "
 '"<||_html:</span>_||><||_html:<span style=\'background-color: rgba(0.0, '
 "165.0, 0, 0.15); border-radius: 3px;' "
 "title='1.0'>_||>change<||_html:</span>_||><||_html:<span "
 "style='background-color: rgba(0.0, 165.0, 0, 0.15); border-radius: 3px;' "
 'title=\'1.0\'>_||>":<||_html:</span>_||><||_html:<span '
 "style='background-color: rgba(0.0, 165.0, 0, 0.15); border-radius: 3px;' "
 'title=\'1.0\'>_||> "<||_html:</span>_||><||_html:<span '
 "style='background-color: rgba(0.0, 165.0, 0, 0.15); border-radius: 3px;' "
 "title='1.0'>_||>field<||_html:</span>_||><||_html:<span "
 "style='background-color: rgba(0.0, 165.0, 0, 0.15); border-radius: 3px;' "
 "title='1.0'>_||> removed<||_html:</span>_||><||_html:<span "
 "style='background-color: rgba(0.0, 165.0, 0, 0.15); border-radius: 3px;' "
 'title=\'1.0\'>_||>",<||_html:</span>_||><||_html:<span '
 "style='background-color: rgba(0.0, 165.0, 0, 0.15); border-radius: 3px;' "
 "title='1.0'>_||>\n"
 "<||_html:</span>_||><||_html:<span style='background-color: rgba(0.0, 165.0, "
 "0, 0.15); border-radius: 3px;' title='1.0'>_||>     "
 "<||_html:</span>_||><||_html:<span style='background-color: rgba(0.0, 165.0, "
 "0, 0.15); border-radius: 3px;' title='1.0'>_||> "
 '"<||_html:</span>_||><||_html:<span style=\'background-color: rgba(0.0, '
 "165.0, 0, 0.15); border-radius: 3px;' "
 "title='1.0'>_||>breaking<||_html:</span>_||><||_html:<span "
 "style='background-color: rgba(0.0, 165.0, 0, 0.15); border-radius: 3px;' "
 'title=\'1.0\'>_||>":<||_html:</span>_||><||_html:<span '
 "style='background-color: rgba(0.0, 165.0, 0, 0.15); border-radius: 3px;' "
 'title=\'1.0\'>_||> "<||_html:</span>_||><||_html:<span '
 "style='background-color: rgba(0.0, 165.0, 0, 0.15); border-radius: 3px;' "
 "title='1.0'>_||>true<||_html:</span>_||><||_html:<span "
 "style='background-color: rgba(0.0, 165.0, 0, 0.15); border-radius: 3px;' "
 'title=\'1.0\'>_||>",<||_html:</span>_||><||_html:<span '
 "style='background-color: rgba(0.0, 165.0, 0, 0.15); border-radius: 3px;' "
 "title='1.0'>_||>\n"
 "<||_html:</span>_||><||_html:<span style='background-color: rgba(0.0, 165.0, "
 "0, 0.15); border-radius: 3px;' title='1.0'>_||>     "
 "<||_html:</span>_||><||_html:<span style='background-color: rgba(0.0, 165.0, "
 "0, 0.15); border-radius: 3px;' title='1.0'>_||> "
 '"<||_html:</span>_||><||_html:<span style=\'background-color: rgba(0.0, '
 "165.0, 0, 0.15); border-radius: 3px;' "
 "title='1.0'>_||>release<||_html:</span>_||><||_html:<span "
 "style='background-color: rgba(0.0, 165.0, 0, 0.15); border-radius: 3px;' "
 "title='1.0'>_||>_<||_html:</span>_||><||_html:<span style='background-color: "
 "rgba(0.0, 165.0, 0, 0.15); border-radius: 3px;' "
 "title='1.0'>_||>note<||_html:</span>_||><||_html:<span "
 "style='background-color: rgba(0.0, 165.0, 0, 0.15); border-radius: 3px;' "
 'title=\'1.0\'>_||>":<||_html:</span>_||><||_html:<span '
 "style='background-color: rgba(0.0, 165.0, 0, 0.15); border-radius: 3px;' "
 'title=\'1.0\'>_||> "<||_html:</span>_||><||_html:<span '
 "style='background-color: rgba(0.0, 165.0, 0, 0.15); border-radius: 3px;' "
 "title='1.0'>_||>The<||_html:</span>_||><||_html:<span "
 "style='background-color: rgba(0.0, 165.0, 0, 0.15); border-radius: 3px;' "
 "title='1.0'>_||> '<||_html:</span>_||><||_html:<span "
 "style='background-color: rgba(0.0, 165.0, 0, 0.15); border-radius: 3px;' "
 "title='1.0'>_||>Product<||_html:</span>_||><||_html:<span "
 "style='background-color: rgba(0.0, 165.0, 0, 0.15); border-radius: 3px;' "
 "title='1.0'>_||>'<||_html:</span>_||><||_html:<span style='background-color: "
 "rgba(0.0, 165.0, 0, 0.15); border-radius: 3px;' title='1.0'>_||> "
 "type<||_html:</span>_||><||_html:<span style='background-color: rgba(0.0, "
 "165.0, 0, 0.15); border-radius: 3px;' title='1.0'>_||> "
 "no<||_html:</span>_||><||_html:<span style='background-color: rgba(0.0, "
 "165.0, 0, 0.15); border-radius: 3px;' title='1.0'>_||> "
 "longer<||_html:</span>_||><||_html:<span style='background-color: rgba(0.0, "
 "165.0, 0, 0.15); border-radius: 3px;' title='1.0'>_||> "
 "includes<||_html:</span>_||><||_html:<span style='background-color: "
 "rgba(0.0, 165.0, 0, 0.15); border-radius: 3px;' title='1.0'>_||> "
 "the<||_html:</span>_||><||_html:<span style='background-color: rgba(0.0, "
 "165.0, 0, 0.15); border-radius: 3px;' title='1.0'>_||> "
 "'<||_html:</span>_||><||_html:<span style='background-color: rgba(0.0, "
 "165.0, 0, 0.15); border-radius: 3px;' "
 "title='1.0'>_||>stock<||_html:</span>_||><||_html:<span "
 "style='background-color: rgba(0.0, 165.0, 0, 0.15); border-radius: 3px;' "
 "title='1.0'>_||>'<||_html:</span>_||><||_html:<span style='background-color: "
 "rgba(0.0, 165.0, 0, 0.15); border-radius: 3px;' title='1.0'>_||> "
 "field<||_html:</span>_||><||_html:<span style='background-color: rgba(0.0, "
 "165.0, 0, 0.15); border-radius: 3px;' "
 'title=\'1.0\'>_||>."<||_html:</span>_||><||_html:<span '
 "style='background-color: rgba(0.0, 165.0, 0, 0.15); border-radius: 3px;' "
 "title='1.0'>_||>\n"
 "<||_html:</span>_||><||_html:<span style='background-color: rgba(0.0, 165.0, "
 "0, 0.15); border-radius: 3px;' title='1.0'>_||>   "
 "<||_html:</span>_||><||_html:<span style='background-color: rgba(0.0, 165.0, "
 "0, 0.15); border-radius: 3px;' title='1.0'>_||> "
 "}<||_html:</span>_||><||_html:<span style='background-color: rgba(0.0, "
 "165.0, 0, 0.15); border-radius: 3px;' title='1.0'>_||>\n"
 "<||_html:</span>_||><||_html:<span style='background-color: rgba(0.0, 165.0, "
 "0, 0.15); border-radius: 3px;' title='1.0'>_||> "
 "<||_html:</span>_||><||_html:<span style='background-color: rgba(0.0, 165.0, "
 "0, 0.15); border-radius: 3px;' title='1.0'>_||> "
 "],<||_html:</span>_||><||_html:<span style='background-color: rgba(0.0, "
 "165.0, 0, 0.15); border-radius: 3px;' title='1.0'>_||>\n"
 "<||_html:</span>_||><||_html:<span style='background-color: rgba(0.0, 165.0, "
 "0, 0.15); border-radius: 3px;' title='1.0'>_||> "
 "<||_html:</span>_||><||_html:<span style='background-color: rgba(0.0, 165.0, "
 "0, 0.15); border-radius: 3px;' title='1.0'>_||> "
 '"<||_html:</span>_||><||_html:<span style=\'background-color: rgba(0.0, '
 "165.0, 0, 0.15); border-radius: 3px;' "
 "title='1.0'>_||>release<||_html:</span>_||><||_html:<span "
 "style='background-color: rgba(0.0, 165.0, 0, 0.15); border-radius: 3px;' "
 "title='1.0'>_||>_<||_html:</span>_||><||_html:<span style='background-color: "
 "rgba(0.0, 165.0, 0, 0.15); border-radius: 3px;' "
 "title='1.0'>_||>notes<||_html:</span>_||><||_html:<span "
 "style='background-color: rgba(0.0, 165.0, 0, 0.15); border-radius: 3px;' "
 'title=\'1.0\'>_||>":<||_html:</span>_||><||_html:<span '
 "style='background-color: rgba(0.0, 165.0, 0, 0.15); border-radius: 3px;' "
 "title='1.0'>_||> {<||_html:</span>_||><||_html:<span "
 "style='background-color: rgba(0.0, 165.0, 0, 0.15); border-radius: 3px;' "
 "title='1.0'>_||>\n"
 "<||_html:</span>_||><||_html:<span style='background-color: rgba(0.0, 165.0, "
 "0, 0.15); border-radius: 3px;' title='1.0'>_||>   "
 "<||_html:</span>_||><||_html:<span style='background-color: rgba(0.0, 165.0, "
 "0, 0.15); border-radius: 3px;' title='1.0'>_||> "
 '"<||_html:</span>_||><||_html:<span style=\'background-color: rgba(0.0, '
 "165.0, 0, 0.15); border-radius: 3px;' "
 "title='1.0'>_||>summary<||_html:</span>_||><||_html:<span "
 "style='background-color: rgba(0.0, 165.0, 0, 0.15); border-radius: 3px;' "
 'title=\'1.0\'>_||>":<||_html:</span>_||><||_html:<span '
 "style='background-color: rgba(0.0, 165.0, 0, 0.15); border-radius: 3px;' "
 'title=\'1.0\'>_||> "<||_html:</span>_||><||_html:<span '
 "style='background-color: rgba(0.0, 165.0, 0, 0.15); border-radius: 3px;' "
 "title='1.0'>_||>The<||_html:</span>_||><||_html:<span "
 "style='background-color: rgba(0.0, 165.0, 0, 0.15); border-radius: 3px;' "
 "title='1.0'>_||> '<||_html:</span>_||><||_html:<span "
 "style='background-color: rgba(0.0, 165.0, 0, 0.15); border-radius: 3px;' "
 "title='1.0'>_||>get<||_html:</span>_||><||_html:<span "
 "style='background-color: rgba(0.0, 165.0, 0, 0.15); border-radius: 3px;' "
 "title='1.0'>_||>Product<||_html:</span>_||><||_html:<span "
 "style='background-color: rgba(0.0, 165.0, 0, 0.15); border-radius: 3px;' "
 "title='1.0'>_||>'<||_html:</span>_||><||_html:<span style='background-color: "
 "rgba(0.0, 165.0, 0, 0.15); border-radius: 3px;' title='1.0'>_||> "
 "query<||_html:</span>_||><||_html:<span style='background-color: rgba(0.0, "
 "165.0, 0, 0.15); border-radius: 3px;' title='1.0'>_||> "
 "now<||_html:</span>_||><||_html:<span style='background-color: rgba(0.0, "
 "165.0, 0, 0.15); border-radius: 3px;' title='1.0'>_||> "
 "includes<||_html:</span>_||><||_html:<span style='background-color: "
 "rgba(0.0, 165.0, 0, 0.15); border-radius: 3px;' title='1.0'>_||> "
 "a<||_html:</span>_||><||_html:<span style='background-color: rgba(0.0, "
 "165.0, 0, 0.15); border-radius: 3px;' title='1.0'>_||> "
 "new<||_html:</span>_||><||_html:<span style='background-color: rgba(0.0, "
 "165.0, 0, 0.15); border-radius: 3px;' title='1.0'>_||> "
 "field<||_html:</span>_||><||_html:<span style='background-color: rgba(0.0, "
 "165.0, 0, 0.15); border-radius: 3px;' title='1.0'>_||> "
 "'<||_html:</span>_||><||_html:<span style='background-color: rgba(0.0, "
 "165.0, 0, 0.15); border-radius: 3px;' "
 "title='1.0'>_||>details<||_html:</span>_||><||_html:<span "
 "style='background-color: rgba(0.0, 165.0, 0, 0.15); border-radius: 3px;' "
 "title='1.0'>_||>'<||_html:</span>_||><||_html:<span style='background-color: "
 "rgba(0.0, 165.0, 0, 0.15); border-radius: 3px;' title='1.0'>_||> "
 "of<||_html:</span>_||><||_html:<span style='background-color: rgba(0.0, "
 "165.0, 0, 0.15); border-radius: 3px;' title='1.0'>_||>")
('Analyze the following two GraphQL schemas for changes, including both '
 'breaking and non-breaking changes.\n'
 '\n'
 '                        Provide your analysis in the following JSON format:\n'
 '                        {\n'
 '                          "changes": [\n'
 '                            {\n'
 '                              "type": "String representing the GraphQL type '
 '(e.g., Query, Mutation, Subscription)",\n'
 '                              "field": "String representing the specific '
 'field that changed",\n'
 '                              "change": "String describing the change (e.g., '
 'field renamed, new field added, field removed)",\n'
 '                              "breaking": "Boolean indicating if the change '
 'is breaking (true) or non-breaking (false)",\n'
 '                              "release_note": "String with a natural '
 'language description of the change for release notes"\n'
 '                            }\n'
 '                          ],\n'
 '                          "release_notes": {\n'
 '                              "summary": "String summarizing all changes, '
 'suitable for a mailing list or public announcement"\n'
 '                          }\n'
 '                        }\n'
 '\n'
 '                        When analyzing, consider the following types of '
 'changes:\n'
 '                        1. Removing fields or types (breaking)\n'
 '                        2. Changing field types (potentially breaking)\n'
 '                        3. Adding required fields (breaking)\n'
 '                        4. Changing the type of existing arguments '
 '(breaking)\n'
 '                        5. Adding optional fields (non-breaking)\n'
 '                        6. Adding new types (non-breaking)\n'
 '                        7. Deprecating fields (non-breaking)\n'
 '\n'
 '                        Ensure that each change is categorized correctly as '
 'breaking or non-breaking.: type Query {\n'
 '  getProduct(id: ID!): Product\n'
 '}\n'
 '\n'
 'type Product {\n'
 '  id: ID\n'
 '  name: String\n'
 '  description: String\n'
 '  price: Float\n'
 '  stock: Int\n'
 '}\n'
 ', type Query {\n'
 '  getProduct(id: ID!): Product\n'
 '}\n'
 '\n'
 'type Product {\n'
 '  id: ID\n'
 '  name: String\n'
 '  details: String\n'
 '  price: Float\n'
 '}\n'
 '\n'
 "Answer:<||_html:<span style='background-color: rgba(0.0, 165.0, 0, 0.15); "
 "border-radius: 3px;' title='1.0'>_||> {<||_html:</span>_||><||_html:<span "
 "style='background-color: rgba(0.0, 165.0, 0, 0.15); border-radius: 3px;' "
 "title='1.0'>_||>\n"
 "<||_html:</span>_||><||_html:<span style='background-color: rgba(0.0, 165.0, "
 "0, 0.15); border-radius: 3px;' title='1.0'>_||> "
 "<||_html:</span>_||><||_html:<span style='background-color: rgba(0.0, 165.0, "
 "0, 0.15); border-radius: 3px;' title='1.0'>_||> "
 '"<||_html:</span>_||><||_html:<span style=\'background-color: rgba(0.0, '
 "165.0, 0, 0.15); border-radius: 3px;' "
 "title='1.0'>_||>changes<||_html:</span>_||><||_html:<span "
 "style='background-color: rgba(0.0, 165.0, 0, 0.15); border-radius: 3px;' "
 'title=\'1.0\'>_||>":<||_html:</span>_||><||_html:<span '
 "style='background-color: rgba(0.0, 165.0, 0, 0.15); border-radius: 3px;' "
 "title='1.0'>_||> [<||_html:</span>_||><||_html:<span "
 "style='background-color: rgba(0.0, 165.0, 0, 0.15); border-radius: 3px;' "
 "title='1.0'>_||>\n"
 "<||_html:</span>_||><||_html:<span style='background-color: rgba(0.0, 165.0, "
 "0, 0.15); border-radius: 3px;' title='1.0'>_||>   "
 "<||_html:</span>_||><||_html:<span style='background-color: rgba(0.0, 165.0, "
 "0, 0.15); border-radius: 3px;' title='1.0'>_||> "
 "{<||_html:</span>_||><||_html:<span style='background-color: rgba(0.0, "
 "165.0, 0, 0.15); border-radius: 3px;' title='1.0'>_||>\n"
 "<||_html:</span>_||><||_html:<span style='background-color: rgba(0.0, 165.0, "
 "0, 0.15); border-radius: 3px;' title='1.0'>_||>     "
 "<||_html:</span>_||><||_html:<span style='background-color: rgba(0.0, 165.0, "
 "0, 0.15); border-radius: 3px;' title='1.0'>_||> "
 '"<||_html:</span>_||><||_html:<span style=\'background-color: rgba(0.0, '
 "165.0, 0, 0.15); border-radius: 3px;' "
 "title='1.0'>_||>type<||_html:</span>_||><||_html:<span "
 "style='background-color: rgba(0.0, 165.0, 0, 0.15); border-radius: 3px;' "
 'title=\'1.0\'>_||>":<||_html:</span>_||><||_html:<span '
 "style='background-color: rgba(0.0, 165.0, 0, 0.15); border-radius: 3px;' "
 'title=\'1.0\'>_||> "<||_html:</span>_||><||_html:<span '
 "style='background-color: rgba(0.0, 165.0, 0, 0.15); border-radius: 3px;' "
 "title='1.0'>_||>Query<||_html:</span>_||><||_html:<span "
 "style='background-color: rgba(0.0, 165.0, 0, 0.15); border-radius: 3px;' "
 'title=\'1.0\'>_||>",<||_html:</span>_||><||_html:<span '
 "style='background-color: rgba(0.0, 165.0, 0, 0.15); border-radius: 3px;' "
 "title='1.0'>_||>\n"
 "<||_html:</span>_||><||_html:<span style='background-color: rgba(0.0, 165.0, "
 "0, 0.15); border-radius: 3px;' title='1.0'>_||>     "
 "<||_html:</span>_||><||_html:<span style='background-color: rgba(0.0, 165.0, "
 "0, 0.15); border-radius: 3px;' title='1.0'>_||> "
 '"<||_html:</span>_||><||_html:<span style=\'background-color: rgba(0.0, '
 "165.0, 0, 0.15); border-radius: 3px;' "
 "title='1.0'>_||>field<||_html:</span>_||><||_html:<span "
 "style='background-color: rgba(0.0, 165.0, 0, 0.15); border-radius: 3px;' "
 'title=\'1.0\'>_||>":<||_html:</span>_||><||_html:<span '
 "style='background-color: rgba(0.0, 165.0, 0, 0.15); border-radius: 3px;' "
 'title=\'1.0\'>_||> "<||_html:</span>_||><||_html:<span '
 "style='background-color: rgba(0.0, 165.0, 0, 0.15); border-radius: 3px;' "
 "title='1.0'>_||>get<||_html:</span>_||><||_html:<span "
 "style='background-color: rgba(0.0, 165.0, 0, 0.15); border-radius: 3px;' "
 "title='1.0'>_||>Product<||_html:</span>_||><||_html:<span "
 "style='background-color: rgba(0.0, 165.0, 0, 0.15); border-radius: 3px;' "
 'title=\'1.0\'>_||>",<||_html:</span>_||><||_html:<span '
 "style='background-color: rgba(0.0, 165.0, 0, 0.15); border-radius: 3px;' "
 "title='1.0'>_||>\n"
 "<||_html:</span>_||><||_html:<span style='background-color: rgba(0.0, 165.0, "
 "0, 0.15); border-radius: 3px;' title='1.0'>_||>     "
 "<||_html:</span>_||><||_html:<span style='background-color: rgba(0.0, 165.0, "
 "0, 0.15); border-radius: 3px;' title='1.0'>_||> "
 '"<||_html:</span>_||><||_html:<span style=\'background-color: rgba(0.0, '
 "165.0, 0, 0.15); border-radius: 3px;' "
 "title='1.0'>_||>change<||_html:</span>_||><||_html:<span "
 "style='background-color: rgba(0.0, 165.0, 0, 0.15); border-radius: 3px;' "
 'title=\'1.0\'>_||>":<||_html:</span>_||><||_html:<span '
 "style='background-color: rgba(0.0, 165.0, 0, 0.15); border-radius: 3px;' "
 'title=\'1.0\'>_||> "<||_html:</span>_||><||_html:<span '
 "style='background-color: rgba(0.0, 165.0, 0, 0.15); border-radius: 3px;' "
 "title='1.0'>_||>field<||_html:</span>_||><||_html:<span "
 "style='background-color: rgba(0.0, 165.0, 0, 0.15); border-radius: 3px;' "
 "title='1.0'>_||> details<||_html:</span>_||><||_html:<span "
 "style='background-color: rgba(0.0, 165.0, 0, 0.15); border-radius: 3px;' "
 "title='1.0'>_||> added<||_html:</span>_||><||_html:<span "
 "style='background-color: rgba(0.0, 165.0, 0, 0.15); border-radius: 3px;' "
 'title=\'1.0\'>_||>",<||_html:</span>_||><||_html:<span '
 "style='background-color: rgba(0.0, 165.0, 0, 0.15); border-radius: 3px;' "
 "title='1.0'>_||>\n"
 "<||_html:</span>_||><||_html:<span style='background-color: rgba(0.0, 165.0, "
 "0, 0.15); border-radius: 3px;' title='1.0'>_||>     "
 "<||_html:</span>_||><||_html:<span style='background-color: rgba(0.0, 165.0, "
 "0, 0.15); border-radius: 3px;' title='1.0'>_||> "
 '"<||_html:</span>_||><||_html:<span style=\'background-color: rgba(0.0, '
 "165.0, 0, 0.15); border-radius: 3px;' "
 "title='1.0'>_||>breaking<||_html:</span>_||><||_html:<span "
 "style='background-color: rgba(0.0, 165.0, 0, 0.15); border-radius: 3px;' "
 'title=\'1.0\'>_||>":<||_html:</span>_||><||_html:<span '
 "style='background-color: rgba(0.0, 165.0, 0, 0.15); border-radius: 3px;' "
 'title=\'1.0\'>_||> "<||_html:</span>_||><||_html:<span '
 "style='background-color: rgba(0.0, 165.0, 0, 0.15); border-radius: 3px;' "
 "title='1.0'>_||>false<||_html:</span>_||><||_html:<span "
 "style='background-color: rgba(0.0, 165.0, 0, 0.15); border-radius: 3px;' "
 'title=\'1.0\'>_||>",<||_html:</span>_||><||_html:<span '
 "style='background-color: rgba(0.0, 165.0, 0, 0.15); border-radius: 3px;' "
 "title='1.0'>_||>\n"
 "<||_html:</span>_||><||_html:<span style='background-color: rgba(0.0, 165.0, "
 "0, 0.15); border-radius: 3px;' title='1.0'>_||>     "
 "<||_html:</span>_||><||_html:<span style='background-color: rgba(0.0, 165.0, "
 "0, 0.15); border-radius: 3px;' title='1.0'>_||> "
 '"<||_html:</span>_||><||_html:<span style=\'background-color: rgba(0.0, '
 "165.0, 0, 0.15); border-radius: 3px;' "
 "title='1.0'>_||>release<||_html:</span>_||><||_html:<span "
 "style='background-color: rgba(0.0, 165.0, 0, 0.15); border-radius: 3px;' "
 "title='1.0'>_||>_<||_html:</span>_||><||_html:<span style='background-color: "
 "rgba(0.0, 165.0, 0, 0.15); border-radius: 3px;' "
 "title='1.0'>_||>note<||_html:</span>_||><||_html:<span "
 "style='background-color: rgba(0.0, 165.0, 0, 0.15); border-radius: 3px;' "
 'title=\'1.0\'>_||>":<||_html:</span>_||><||_html:<span '
 "style='background-color: rgba(0.0, 165.0, 0, 0.15); border-radius: 3px;' "
 'title=\'1.0\'>_||> "<||_html:</span>_||><||_html:<span '
 "style='background-color: rgba(0.0, 165.0, 0, 0.15); border-radius: 3px;' "
 "title='1.0'>_||>The<||_html:</span>_||><||_html:<span "
 "style='background-color: rgba(0.0, 165.0, 0, 0.15); border-radius: 3px;' "
 "title='1.0'>_||> '<||_html:</span>_||><||_html:<span "
 "style='background-color: rgba(0.0, 165.0, 0, 0.15); border-radius: 3px;' "
 "title='1.0'>_||>get<||_html:</span>_||><||_html:<span "
 "style='background-color: rgba(0.0, 165.0, 0, 0.15); border-radius: 3px;' "
 "title='1.0'>_||>Product<||_html:</span>_||><||_html:<span "
 "style='background-color: rgba(0.0, 165.0, 0, 0.15); border-radius: 3px;' "
 "title='1.0'>_||>'<||_html:</span>_||><||_html:<span style='background-color: "
 "rgba(0.0, 165.0, 0, 0.15); border-radius: 3px;' title='1.0'>_||> "
 "query<||_html:</span>_||><||_html:<span style='background-color: rgba(0.0, "
 "165.0, 0, 0.15); border-radius: 3px;' title='1.0'>_||> "
 "now<||_html:</span>_||><||_html:<span style='background-color: rgba(0.0, "
 "165.0, 0, 0.15); border-radius: 3px;' title='1.0'>_||> "
 "includes<||_html:</span>_||><||_html:<span style='background-color: "
 "rgba(0.0, 165.0, 0, 0.15); border-radius: 3px;' title='1.0'>_||> "
 "a<||_html:</span>_||><||_html:<span style='background-color: rgba(0.0, "
 "165.0, 0, 0.15); border-radius: 3px;' title='1.0'>_||> "
 "new<||_html:</span>_||><||_html:<span style='background-color: rgba(0.0, "
 "165.0, 0, 0.15); border-radius: 3px;' title='1.0'>_||> "
 "field<||_html:</span>_||><||_html:<span style='background-color: rgba(0.0, "
 "165.0, 0, 0.15); border-radius: 3px;' title='1.0'>_||> "
 "'<||_html:</span>_||><||_html:<span style='background-color: rgba(0.0, "
 "165.0, 0, 0.15); border-radius: 3px;' "
 "title='1.0'>_||>details<||_html:</span>_||><||_html:<span "
 "style='background-color: rgba(0.0, 165.0, 0, 0.15); border-radius: 3px;' "
 "title='1.0'>_||>'<||_html:</span>_||><||_html:<span style='background-color: "
 "rgba(0.0, 165.0, 0, 0.15); border-radius: 3px;' title='1.0'>_||> "
 "of<||_html:</span>_||><||_html:<span style='background-color: rgba(0.0, "
 "165.0, 0, 0.15); border-radius: 3px;' title='1.0'>_||> "
 "type<||_html:</span>_||><||_html:<span style='background-color: rgba(0.0, "
 "165.0, 0, 0.15); border-radius: 3px;' title='1.0'>_||> "
 "String<||_html:</span>_||><||_html:<span style='background-color: rgba(0.0, "
 "165.0, 0, 0.15); border-radius: 3px;' "
 'title=\'1.0\'>_||>."<||_html:</span>_||><||_html:<span '
 "style='background-color: rgba(0.0, 165.0, 0, 0.15); border-radius: 3px;' "
 "title='1.0'>_||>\n"
 "<||_html:</span>_||><||_html:<span style='background-color: rgba(0.0, 165.0, "
 "0, 0.15); border-radius: 3px;' title='1.0'>_||>   "
 "<||_html:</span>_||><||_html:<span style='background-color: rgba(0.0, 165.0, "
 "0, 0.15); border-radius: 3px;' title='1.0'>_||> "
 "},<||_html:</span>_||><||_html:<span style='background-color: rgba(0.0, "
 "165.0, 0, 0.15); border-radius: 3px;' title='1.0'>_||>\n"
 "<||_html:</span>_||><||_html:<span style='background-color: rgba(0.0, 165.0, "
 "0, 0.15); border-radius: 3px;' title='1.0'>_||>   "
 "<||_html:</span>_||><||_html:<span style='background-color: rgba(0.0, 165.0, "
 "0, 0.15); border-radius: 3px;' title='1.0'>_||> "
 "{<||_html:</span>_||><||_html:<span style='background-color: rgba(0.0, "
 "165.0, 0, 0.15); border-radius: 3px;' title='1.0'>_||>\n"
 "<||_html:</span>_||><||_html:<span style='background-color: rgba(0.0, 165.0, "
 "0, 0.15); border-radius: 3px;' title='1.0'>_||>     "
 "<||_html:</span>_||><||_html:<span style='background-color: rgba(0.0, 165.0, "
 "0, 0.15); border-radius: 3px;' title='1.0'>_||> "
 '"<||_html:</span>_||><||_html:<span style=\'background-color: rgba(0.0, '
 "165.0, 0, 0.15); border-radius: 3px;' "
 "title='1.0'>_||>type<||_html:</span>_||><||_html:<span "
 "style='background-color: rgba(0.0, 165.0, 0, 0.15); border-radius: 3px;' "
 'title=\'1.0\'>_||>":<||_html:</span>_||><||_html:<span '
 "style='background-color: rgba(0.0, 165.0, 0, 0.15); border-radius: 3px;' "
 'title=\'1.0\'>_||> "<||_html:</span>_||><||_html:<span '
 "style='background-color: rgba(0.0, 165.0, 0, 0.15); border-radius: 3px;' "
 "title='1.0'>_||>Product<||_html:</span>_||><||_html:<span "
 "style='background-color: rgba(0.0, 165.0, 0, 0.15); border-radius: 3px;' "
 'title=\'1.0\'>_||>",<||_html:</span>_||><||_html:<span '
 "style='background-color: rgba(0.0, 165.0, 0, 0.15); border-radius: 3px;' "
 "title='1.0'>_||>\n"
 "<||_html:</span>_||><||_html:<span style='background-color: rgba(0.0, 165.0, "
 "0, 0.15); border-radius: 3px;' title='1.0'>_||>     "
 "<||_html:</span>_||><||_html:<span style='background-color: rgba(0.0, 165.0, "
 "0, 0.15); border-radius: 3px;' title='1.0'>_||> "
 '"<||_html:</span>_||><||_html:<span style=\'background-color: rgba(0.0, '
 "165.0, 0, 0.15); border-radius: 3px;' "
 "title='1.0'>_||>field<||_html:</span>_||><||_html:<span "
 "style='background-color: rgba(0.0, 165.0, 0, 0.15); border-radius: 3px;' "
 'title=\'1.0\'>_||>":<||_html:</span>_||><||_html:<span '
 "style='background-color: rgba(0.0, 165.0, 0, 0.15); border-radius: 3px;' "
 'title=\'1.0\'>_||> "<||_html:</span>_||><||_html:<span '
 "style='background-color: rgba(0.0, 165.0, 0, 0.15); border-radius: 3px;' "
 "title='1.0'>_||>description<||_html:</span>_||><||_html:<span "
 "style='background-color: rgba(0.0, 165.0, 0, 0.15); border-radius: 3px;' "
 'title=\'1.0\'>_||>",<||_html:</span>_||><||_html:<span '
 "style='background-color: rgba(0.0, 165.0, 0, 0.15); border-radius: 3px;' "
 "title='1.0'>_||>\n"
 "<||_html:</span>_||><||_html:<span style='background-color: rgba(0.0, 165.0, "
 "0, 0.15); border-radius: 3px;' title='1.0'>_||>     "
 "<||_html:</span>_||><||_html:<span style='background-color: rgba(0.0, 165.0, "
 "0, 0.15); border-radius: 3px;' title='1.0'>_||> "
 '"<||_html:</span>_||><||_html:<span style=\'background-color: rgba(0.0, '
 "165.0, 0, 0.15); border-radius: 3px;' "
 "title='1.0'>_||>change<||_html:</span>_||><||_html:<span "
 "style='background-color: rgba(0.0, 165.0, 0, 0.15); border-radius: 3px;' "
 'title=\'1.0\'>_||>":<||_html:</span>_||><||_html:<span '
 "style='background-color: rgba(0.0, 165.0, 0, 0.15); border-radius: 3px;' "
 'title=\'1.0\'>_||> "<||_html:</span>_||><||_html:<span '
 "style='background-color: rgba(0.0, 165.0, 0, 0.15); border-radius: 3px;' "
 "title='1.0'>_||>field<||_html:</span>_||><||_html:<span "
 "style='background-color: rgba(0.0, 165.0, 0, 0.15); border-radius: 3px;' "
 "title='1.0'>_||> removed<||_html:</span>_||><||_html:<span "
 "style='background-color: rgba(0.0, 165.0, 0, 0.15); border-radius: 3px;' "
 'title=\'1.0\'>_||>",<||_html:</span>_||><||_html:<span '
 "style='background-color: rgba(0.0, 165.0, 0, 0.15); border-radius: 3px;' "
 "title='1.0'>_||>\n"
 "<||_html:</span>_||><||_html:<span style='background-color: rgba(0.0, 165.0, "
 "0, 0.15); border-radius: 3px;' title='1.0'>_||>     "
 "<||_html:</span>_||><||_html:<span style='background-color: rgba(0.0, 165.0, "
 "0, 0.15); border-radius: 3px;' title='1.0'>_||> "
 '"<||_html:</span>_||><||_html:<span style=\'background-color: rgba(0.0, '
 "165.0, 0, 0.15); border-radius: 3px;' "
 "title='1.0'>_||>breaking<||_html:</span>_||><||_html:<span "
 "style='background-color: rgba(0.0, 165.0, 0, 0.15); border-radius: 3px;' "
 'title=\'1.0\'>_||>":<||_html:</span>_||><||_html:<span '
 "style='background-color: rgba(0.0, 165.0, 0, 0.15); border-radius: 3px;' "
 'title=\'1.0\'>_||> "<||_html:</span>_||><||_html:<span '
 "style='background-color: rgba(0.0, 165.0, 0, 0.15); border-radius: 3px;' "
 "title='1.0'>_||>true<||_html:</span>_||><||_html:<span "
 "style='background-color: rgba(0.0, 165.0, 0, 0.15); border-radius: 3px;' "
 'title=\'1.0\'>_||>",<||_html:</span>_||><||_html:<span '
 "style='background-color: rgba(0.0, 165.0, 0, 0.15); border-radius: 3px;' "
 "title='1.0'>_||>\n"
 "<||_html:</span>_||><||_html:<span style='background-color: rgba(0.0, 165.0, "
 "0, 0.15); border-radius: 3px;' title='1.0'>_||>     "
 "<||_html:</span>_||><||_html:<span style='background-color: rgba(0.0, 165.0, "
 "0, 0.15); border-radius: 3px;' title='1.0'>_||> "
 '"<||_html:</span>_||><||_html:<span style=\'background-color: rgba(0.0, '
 "165.0, 0, 0.15); border-radius: 3px;' "
 "title='1.0'>_||>release<||_html:</span>_||><||_html:<span "
 "style='background-color: rgba(0.0, 165.0, 0, 0.15); border-radius: 3px;' "
 "title='1.0'>_||>_<||_html:</span>_||><||_html:<span style='background-color: "
 "rgba(0.0, 165.0, 0, 0.15); border-radius: 3px;' "
 "title='1.0'>_||>note<||_html:</span>_||><||_html:<span "
 "style='background-color: rgba(0.0, 165.0, 0, 0.15); border-radius: 3px;' "
 'title=\'1.0\'>_||>":<||_html:</span>_||><||_html:<span '
 "style='background-color: rgba(0.0, 165.0, 0, 0.15); border-radius: 3px;' "
 'title=\'1.0\'>_||> "<||_html:</span>_||><||_html:<span '
 "style='background-color: rgba(0.0, 165.0, 0, 0.15); border-radius: 3px;' "
 "title='1.0'>_||>The<||_html:</span>_||><||_html:<span "
 "style='background-color: rgba(0.0, 165.0, 0, 0.15); border-radius: 3px;' "
 "title='1.0'>_||> '<||_html:</span>_||><||_html:<span "
 "style='background-color: rgba(0.0, 165.0, 0, 0.15); border-radius: 3px;' "
 "title='1.0'>_||>Product<||_html:</span>_||><||_html:<span "
 "style='background-color: rgba(0.0, 165.0, 0, 0.15); border-radius: 3px;' "
 "title='1.0'>_||>'<||_html:</span>_||><||_html:<span style='background-color: "
 "rgba(0.0, 165.0, 0, 0.15); border-radius: 3px;' title='1.0'>_||> "
 "type<||_html:</span>_||><||_html:<span style='background-color: rgba(0.0, "
 "165.0, 0, 0.15); border-radius: 3px;' title='1.0'>_||> "
 "no<||_html:</span>_||><||_html:<span style='background-color: rgba(0.0, "
 "165.0, 0, 0.15); border-radius: 3px;' title='1.0'>_||> "
 "longer<||_html:</span>_||><||_html:<span style='background-color: rgba(0.0, "
 "165.0, 0, 0.15); border-radius: 3px;' title='1.0'>_||> "
 "includes<||_html:</span>_||><||_html:<span style='background-color: "
 "rgba(0.0, 165.0, 0, 0.15); border-radius: 3px;' title='1.0'>_||> "
 "the<||_html:</span>_||><||_html:<span style='background-color: rgba(0.0, "
 "165.0, 0, 0.15); border-radius: 3px;' title='1.0'>_||> "
 "'<||_html:</span>_||><||_html:<span style='background-color: rgba(0.0, "
 "165.0, 0, 0.15); border-radius: 3px;' "
 "title='1.0'>_||>description<||_html:</span>_||><||_html:<span "
 "style='background-color: rgba(0.0, 165.0, 0, 0.15); border-radius: 3px;' "
 "title='1.0'>_||>'<||_html:</span>_||><||_html:<span style='background-color: "
 "rgba(0.0, 165.0, 0, 0.15); border-radius: 3px;' title='1.0'>_||> "
 "field<||_html:</span>_||><||_html:<span style='background-color: rgba(0.0, "
 "165.0, 0, 0.15); border-radius: 3px;' "
 'title=\'1.0\'>_||>."<||_html:</span>_||><||_html:<span '
 "style='background-color: rgba(0.0, 165.0, 0, 0.15); border-radius: 3px;' "
 "title='1.0'>_||>\n"
 "<||_html:</span>_||><||_html:<span style='background-color: rgba(0.0, 165.0, "
 "0, 0.15); border-radius: 3px;' title='1.0'>_||>   "
 "<||_html:</span>_||><||_html:<span style='background-color: rgba(0.0, 165.0, "
 "0, 0.15); border-radius: 3px;' title='1.0'>_||> "
 "},<||_html:</span>_||><||_html:<span style='background-color: rgba(0.0, "
 "165.0, 0, 0.15); border-radius: 3px;' title='1.0'>_||>\n"
 "<||_html:</span>_||><||_html:<span style='background-color: rgba(0.0, 165.0, "
 "0, 0.15); border-radius: 3px;' title='1.0'>_||>   "
 "<||_html:</span>_||><||_html:<span style='background-color: rgba(0.0, 165.0, "
 "0, 0.15); border-radius: 3px;' title='1.0'>_||> "
 "{<||_html:</span>_||><||_html:<span style='background-color: rgba(0.0, "
 "165.0, 0, 0.15); border-radius: 3px;' title='1.0'>_||>\n"
 "<||_html:</span>_||><||_html:<span style='background-color: rgba(0.0, 165.0, "
 "0, 0.15); border-radius: 3px;' title='1.0'>_||>     "
 "<||_html:</span>_||><||_html:<span style='background-color: rgba(0.0, 165.0, "
 "0, 0.15); border-radius: 3px;' title='1.0'>_||> "
 '"<||_html:</span>_||><||_html:<span style=\'background-color: rgba(0.0, '
 "165.0, 0, 0.15); border-radius: 3px;' "
 "title='1.0'>_||>type<||_html:</span>_||><||_html:<span "
 "style='background-color: rgba(0.0, 165.0, 0, 0.15); border-radius: 3px;' "
 'title=\'1.0\'>_||>":<||_html:</span>_||><||_html:<span '
 "style='background-color: rgba(0.0, 165.0, 0, 0.15); border-radius: 3px;' "
 'title=\'1.0\'>_||> "<||_html:</span>_||><||_html:<span '
 "style='background-color: rgba(0.0, 165.0, 0, 0.15); border-radius: 3px;' "
 "title='1.0'>_||>Product<||_html:</span>_||><||_html:<span "
 "style='background-color: rgba(0.0, 165.0, 0, 0.15); border-radius: 3px;' "
 'title=\'1.0\'>_||>",<||_html:</span>_||><||_html:<span '
 "style='background-color: rgba(0.0, 165.0, 0, 0.15); border-radius: 3px;' "
 "title='1.0'>_||>\n"
 "<||_html:</span>_||><||_html:<span style='background-color: rgba(0.0, 165.0, "
 "0, 0.15); border-radius: 3px;' title='1.0'>_||>     "
 "<||_html:</span>_||><||_html:<span style='background-color: rgba(0.0, 165.0, "
 "0, 0.15); border-radius: 3px;' title='1.0'>_||> "
 '"<||_html:</span>_||><||_html:<span style=\'background-color: rgba(0.0, '
 "165.0, 0, 0.15); border-radius: 3px;' "
 "title='1.0'>_||>field<||_html:</span>_||><||_html:<span "
 "style='background-color: rgba(0.0, 165.0, 0, 0.15); border-radius: 3px;' "
 'title=\'1.0\'>_||>":<||_html:</span>_||><||_html:<span '
 "style='background-color: rgba(0.0, 165.0, 0, 0.15); border-radius: 3px;' "
 'title=\'1.0\'>_||> "<||_html:</span>_||><||_html:<span '
 "style='background-color: rgba(0.0, 165.0, 0, 0.15); border-radius: 3px;' "
 "title='1.0'>_||>stock<||_html:</span>_||><||_html:<span "
 "style='background-color: rgba(0.0, 165.0, 0, 0.15); border-radius: 3px;' "
 'title=\'1.0\'>_||>",<||_html:</span>_||><||_html:<span '
 "style='background-color: rgba(0.0, 165.0, 0, 0.15); border-radius: 3px;' "
 "title='1.0'>_||>\n"
 "<||_html:</span>_||><||_html:<span style='background-color: rgba(0.0, 165.0, "
 "0, 0.15); border-radius: 3px;' title='1.0'>_||>     "
 "<||_html:</span>_||><||_html:<span style='background-color: rgba(0.0, 165.0, "
 "0, 0.15); border-radius: 3px;' title='1.0'>_||> "
 '"<||_html:</span>_||><||_html:<span style=\'background-color: rgba(0.0, '
 "165.0, 0, 0.15); border-radius: 3px;' "
 "title='1.0'>_||>change<||_html:</span>_||><||_html:<span "
 "style='background-color: rgba(0.0, 165.0, 0, 0.15); border-radius: 3px;' "
 'title=\'1.0\'>_||>":<||_html:</span>_||><||_html:<span '
 "style='background-color: rgba(0.0, 165.0, 0, 0.15); border-radius: 3px;' "
 'title=\'1.0\'>_||> "<||_html:</span>_||><||_html:<span '
 "style='background-color: rgba(0.0, 165.0, 0, 0.15); border-radius: 3px;' "
 "title='1.0'>_||>field<||_html:</span>_||><||_html:<span "
 "style='background-color: rgba(0.0, 165.0, 0, 0.15); border-radius: 3px;' "
 "title='1.0'>_||> removed<||_html:</span>_||><||_html:<span "
 "style='background-color: rgba(0.0, 165.0, 0, 0.15); border-radius: 3px;' "
 'title=\'1.0\'>_||>",<||_html:</span>_||><||_html:<span '
 "style='background-color: rgba(0.0, 165.0, 0, 0.15); border-radius: 3px;' "
 "title='1.0'>_||>\n"
 "<||_html:</span>_||><||_html:<span style='background-color: rgba(0.0, 165.0, "
 "0, 0.15); border-radius: 3px;' title='1.0'>_||>     "
 "<||_html:</span>_||><||_html:<span style='background-color: rgba(0.0, 165.0, "
 "0, 0.15); border-radius: 3px;' title='1.0'>_||> "
 '"<||_html:</span>_||><||_html:<span style=\'background-color: rgba(0.0, '
 "165.0, 0, 0.15); border-radius: 3px;' "
 "title='1.0'>_||>breaking<||_html:</span>_||><||_html:<span "
 "style='background-color: rgba(0.0, 165.0, 0, 0.15); border-radius: 3px;' "
 'title=\'1.0\'>_||>":<||_html:</span>_||><||_html:<span '
 "style='background-color: rgba(0.0, 165.0, 0, 0.15); border-radius: 3px;' "
 'title=\'1.0\'>_||> "<||_html:</span>_||><||_html:<span '
 "style='background-color: rgba(0.0, 165.0, 0, 0.15); border-radius: 3px;' "
 "title='1.0'>_||>true<||_html:</span>_||><||_html:<span "
 "style='background-color: rgba(0.0, 165.0, 0, 0.15); border-radius: 3px;' "
 'title=\'1.0\'>_||>",<||_html:</span>_||><||_html:<span '
 "style='background-color: rgba(0.0, 165.0, 0, 0.15); border-radius: 3px;' "
 "title='1.0'>_||>\n"
 "<||_html:</span>_||><||_html:<span style='background-color: rgba(0.0, 165.0, "
 "0, 0.15); border-radius: 3px;' title='1.0'>_||>     "
 "<||_html:</span>_||><||_html:<span style='background-color: rgba(0.0, 165.0, "
 "0, 0.15); border-radius: 3px;' title='1.0'>_||> "
 '"<||_html:</span>_||><||_html:<span style=\'background-color: rgba(0.0, '
 "165.0, 0, 0.15); border-radius: 3px;' "
 "title='1.0'>_||>release<||_html:</span>_||><||_html:<span "
 "style='background-color: rgba(0.0, 165.0, 0, 0.15); border-radius: 3px;' "
 "title='1.0'>_||>_<||_html:</span>_||><||_html:<span style='background-color: "
 "rgba(0.0, 165.0, 0, 0.15); border-radius: 3px;' "
 "title='1.0'>_||>note<||_html:</span>_||><||_html:<span "
 "style='background-color: rgba(0.0, 165.0, 0, 0.15); border-radius: 3px;' "
 'title=\'1.0\'>_||>":<||_html:</span>_||><||_html:<span '
 "style='background-color: rgba(0.0, 165.0, 0, 0.15); border-radius: 3px;' "
 'title=\'1.0\'>_||> "<||_html:</span>_||><||_html:<span '
 "style='background-color: rgba(0.0, 165.0, 0, 0.15); border-radius: 3px;' "
 "title='1.0'>_||>The<||_html:</span>_||><||_html:<span "
 "style='background-color: rgba(0.0, 165.0, 0, 0.15); border-radius: 3px;' "
 "title='1.0'>_||> '<||_html:</span>_||><||_html:<span "
 "style='background-color: rgba(0.0, 165.0, 0, 0.15); border-radius: 3px;' "
 "title='1.0'>_||>Product<||_html:</span>_||><||_html:<span "
 "style='background-color: rgba(0.0, 165.0, 0, 0.15); border-radius: 3px;' "
 "title='1.0'>_||>'<||_html:</span>_||><||_html:<span style='background-color: "
 "rgba(0.0, 165.0, 0, 0.15); border-radius: 3px;' title='1.0'>_||> "
 "type<||_html:</span>_||><||_html:<span style='background-color: rgba(0.0, "
 "165.0, 0, 0.15); border-radius: 3px;' title='1.0'>_||> "
 "no<||_html:</span>_||><||_html:<span style='background-color: rgba(0.0, "
 "165.0, 0, 0.15); border-radius: 3px;' title='1.0'>_||> "
 "longer<||_html:</span>_||><||_html:<span style='background-color: rgba(0.0, "
 "165.0, 0, 0.15); border-radius: 3px;' title='1.0'>_||> "
 "includes<||_html:</span>_||><||_html:<span style='background-color: "
 "rgba(0.0, 165.0, 0, 0.15); border-radius: 3px;' title='1.0'>_||> "
 "the<||_html:</span>_||><||_html:<span style='background-color: rgba(0.0, "
 "165.0, 0, 0.15); border-radius: 3px;' title='1.0'>_||> "
 "'<||_html:</span>_||><||_html:<span style='background-color: rgba(0.0, "
 "165.0, 0, 0.15); border-radius: 3px;' "
 "title='1.0'>_||>stock<||_html:</span>_||><||_html:<span "
 "style='background-color: rgba(0.0, 165.0, 0, 0.15); border-radius: 3px;' "
 "title='1.0'>_||>'<||_html:</span>_||><||_html:<span style='background-color: "
 "rgba(0.0, 165.0, 0, 0.15); border-radius: 3px;' title='1.0'>_||> "
 "field<||_html:</span>_||><||_html:<span style='background-color: rgba(0.0, "
 "165.0, 0, 0.15); border-radius: 3px;' "
 'title=\'1.0\'>_||>."<||_html:</span>_||><||_html:<span '
 "style='background-color: rgba(0.0, 165.0, 0, 0.15); border-radius: 3px;' "
 "title='1.0'>_||>\n"
 "<||_html:</span>_||><||_html:<span style='background-color: rgba(0.0, 165.0, "
 "0, 0.15); border-radius: 3px;' title='1.0'>_||>   "
 "<||_html:</span>_||><||_html:<span style='background-color: rgba(0.0, 165.0, "
 "0, 0.15); border-radius: 3px;' title='1.0'>_||> "
 "}<||_html:</span>_||><||_html:<span style='background-color: rgba(0.0, "
 "165.0, 0, 0.15); border-radius: 3px;' title='1.0'>_||>\n"
 "<||_html:</span>_||><||_html:<span style='background-color: rgba(0.0, 165.0, "
 "0, 0.15); border-radius: 3px;' title='1.0'>_||> "
 "<||_html:</span>_||><||_html:<span style='background-color: rgba(0.0, 165.0, "
 "0, 0.15); border-radius: 3px;' title='1.0'>_||> "
 "],<||_html:</span>_||><||_html:<span style='background-color: rgba(0.0, "
 "165.0, 0, 0.15); border-radius: 3px;' title='1.0'>_||>\n"
 "<||_html:</span>_||><||_html:<span style='background-color: rgba(0.0, 165.0, "
 "0, 0.15); border-radius: 3px;' title='1.0'>_||> "
 "<||_html:</span>_||><||_html:<span style='background-color: rgba(0.0, 165.0, "
 "0, 0.15); border-radius: 3px;' title='1.0'>_||> "
 '"<||_html:</span>_||><||_html:<span style=\'background-color: rgba(0.0, '
 "165.0, 0, 0.15); border-radius: 3px;' "
 "title='1.0'>_||>release<||_html:</span>_||><||_html:<span "
 "style='background-color: rgba(0.0, 165.0, 0, 0.15); border-radius: 3px;' "
 "title='1.0'>_||>_<||_html:</span>_||><||_html:<span style='background-color: "
 "rgba(0.0, 165.0, 0, 0.15); border-radius: 3px;' "
 "title='1.0'>_||>notes<||_html:</span>_||><||_html:<span "
 "style='background-color: rgba(0.0, 165.0, 0, 0.15); border-radius: 3px;' "
 'title=\'1.0\'>_||>":<||_html:</span>_||><||_html:<span '
 "style='background-color: rgba(0.0, 165.0, 0, 0.15); border-radius: 3px;' "
 "title='1.0'>_||> {<||_html:</span>_||><||_html:<span "
 "style='background-color: rgba(0.0, 165.0, 0, 0.15); border-radius: 3px;' "
 "title='1.0'>_||>\n"
 "<||_html:</span>_||><||_html:<span style='background-color: rgba(0.0, 165.0, "
 "0, 0.15); border-radius: 3px;' title='1.0'>_||>   "
 "<||_html:</span>_||><||_html:<span style='background-color: rgba(0.0, 165.0, "
 "0, 0.15); border-radius: 3px;' title='1.0'>_||> "
 '"<||_html:</span>_||><||_html:<span style=\'background-color: rgba(0.0, '
 "165.0, 0, 0.15); border-radius: 3px;' "
 "title='1.0'>_||>summary<||_html:</span>_||><||_html:<span "
 "style='background-color: rgba(0.0, 165.0, 0, 0.15); border-radius: 3px;' "
 'title=\'1.0\'>_||>":<||_html:</span>_||><||_html:<span '
 "style='background-color: rgba(0.0, 165.0, 0, 0.15); border-radius: 3px;' "
 'title=\'1.0\'>_||> "<||_html:</span>_||><||_html:<span '
 "style='background-color: rgba(0.0, 165.0, 0, 0.15); border-radius: 3px;' "
 "title='1.0'>_||>The<||_html:</span>_||><||_html:<span "
 "style='background-color: rgba(0.0, 165.0, 0, 0.15); border-radius: 3px;' "
 "title='1.0'>_||> '<||_html:</span>_||><||_html:<span "
 "style='background-color: rgba(0.0, 165.0, 0, 0.15); border-radius: 3px;' "
 "title='1.0'>_||>get<||_html:</span>_||><||_html:<span "
 "style='background-color: rgba(0.0, 165.0, 0, 0.15); border-radius: 3px;' "
 "title='1.0'>_||>Product<||_html:</span>_||><||_html:<span "
 "style='background-color: rgba(0.0, 165.0, 0, 0.15); border-radius: 3px;' "
 "title='1.0'>_||>'<||_html:</span>_||><||_html:<span style='background-color: "
 "rgba(0.0, 165.0, 0, 0.15); border-radius: 3px;' title='1.0'>_||> "
 "query<||_html:</span>_||><||_html:<span style='background-color: rgba(0.0, "
 "165.0, 0, 0.15); border-radius: 3px;' title='1.0'>_||> "
 "now<||_html:</span>_||><||_html:<span style='background-color: rgba(0.0, "
 "165.0, 0, 0.15); border-radius: 3px;' title='1.0'>_||> "
 "includes<||_html:</span>_||><||_html:<span style='background-color: "
 "rgba(0.0, 165.0, 0, 0.15); border-radius: 3px;' title='1.0'>_||> "
 "a<||_html:</span>_||><||_html:<span style='background-color: rgba(0.0, "
 "165.0, 0, 0.15); border-radius: 3px;' title='1.0'>_||> "
 "new<||_html:</span>_||><||_html:<span style='background-color: rgba(0.0, "
 "165.0, 0, 0.15); border-radius: 3px;' title='1.0'>_||> "
 "field<||_html:</span>_||><||_html:<span style='background-color: rgba(0.0, "
 "165.0, 0, 0.15); border-radius: 3px;' title='1.0'>_||> "
 "'<||_html:</span>_||><||_html:<span style='background-color: rgba(0.0, "
 "165.0, 0, 0.15); border-radius: 3px;' "
 "title='1.0'>_||>details<||_html:</span>_||><||_html:<span "
 "style='background-color: rgba(0.0, 165.0, 0, 0.15); border-radius: 3px;' "
 "title='1.0'>_||>'<||_html:</span>_||><||_html:<span style='background-color: "
 "rgba(0.0, 165.0, 0, 0.15); border-radius: 3px;' title='1.0'>_||> "
 "of<||_html:</span>_||><||_html:<span style='background-color: rgba(0.0, "
 "165.0, 0, 0.15); border-radius: 3px;' title='1.0'>_||> "
 "type<||_html:</span>_||><||_html:<span style='background-color: rgba(0.0, "
 "165.0, 0, 0.15); border-radius: 3px;' title='1.0'>_||> "
 "String<||_html:</span>_||><||_html:<span style='background-color: rgba(0.0, "
 "165.0, 0, 0.15); border-radius: 3px;' "
 "title='1.0'>_||>.<||_html:</span>_||><||_html:<span style='background-color: "
 "rgba(0.0, 165.0, 0, 0.15); border-radius: 3px;' title='1.0'>_||>")
('Analyze the following two GraphQL schemas for changes, including both '
 'breaking and non-breaking changes.\n'
 '\n'
 '                        Provide your analysis in the following JSON format:\n'
 '                        {\n'
 '                          "changes": [\n'
 '                            {\n'
 '                              "type": "String representing the GraphQL type '
 '(e.g., Query, Mutation, Subscription)",\n'
 '                              "field": "String representing the specific '
 'field that changed",\n'
 '                              "change": "String describing the change (e.g., '
 'field renamed, new field added, field removed)",\n'
 '                              "breaking": "Boolean indicating if the change '
 'is breaking (true) or non-breaking (false)",\n'
 '                              "release_note": "String with a natural '
 'language description of the change for release notes"\n'
 '                            }\n'
 '                          ],\n'
 '                          "release_notes": {\n'
 '                              "summary": "String summarizing all changes, '
 'suitable for a mailing list or public announcement"\n'
 '                          }\n'
 '                        }\n'
 '\n'
 '                        When analyzing, consider the following types of '
 'changes:\n'
 '                        1. Removing fields or types (breaking)\n'
 '                        2. Changing field types (potentially breaking)\n'
 '                        3. Adding required fields (breaking)\n'
 '                        4. Changing the type of existing arguments '
 '(breaking)\n'
 '                        5. Adding optional fields (non-breaking)\n'
 '                        6. Adding new types (non-breaking)\n'
 '                        7. Deprecating fields (non-breaking)\n'
 '\n'
 '                        Ensure that each change is categorized correctly as '
 'breaking or non-breaking.: type Query {\n'
 '  getProduct(id: ID!): Product\n'
 '}\n'
 '\n'
 'type Product {\n'
 '  id: ID\n'
 '  name: String\n'
 '  description: String\n'
 '  price: Float\n'
 '  stock: Int\n'
 '}\n'
 ', type Query {\n'
 '  getProduct(id: ID!): Product\n'
 '}\n'
 '\n'
 'type Product {\n'
 '  id: ID\n'
 '  name: String\n'
 '  details: String\n'
 '  price: Float\n'
 '}\n'
 '\n'
 "Answer:<||_html:<span style='background-color: rgba(0.0, 165.0, 0, 0.15); "
 "border-radius: 3px;' title='1.0'>_||> {<||_html:</span>_||><||_html:<span "
 "style='background-color: rgba(0.0, 165.0, 0, 0.15); border-radius: 3px;' "
 "title='1.0'>_||>\n"
 "<||_html:</span>_||><||_html:<span style='background-color: rgba(0.0, 165.0, "
 "0, 0.15); border-radius: 3px;' title='1.0'>_||> "
 "<||_html:</span>_||><||_html:<span style='background-color: rgba(0.0, 165.0, "
 "0, 0.15); border-radius: 3px;' title='1.0'>_||> "
 '"<||_html:</span>_||><||_html:<span style=\'background-color: rgba(0.0, '
 "165.0, 0, 0.15); border-radius: 3px;' "
 "title='1.0'>_||>changes<||_html:</span>_||><||_html:<span "
 "style='background-color: rgba(0.0, 165.0, 0, 0.15); border-radius: 3px;' "
 'title=\'1.0\'>_||>":<||_html:</span>_||><||_html:<span '
 "style='background-color: rgba(0.0, 165.0, 0, 0.15); border-radius: 3px;' "
 "title='1.0'>_||> [<||_html:</span>_||><||_html:<span "
 "style='background-color: rgba(0.0, 165.0, 0, 0.15); border-radius: 3px;' "
 "title='1.0'>_||>\n"
 "<||_html:</span>_||><||_html:<span style='background-color: rgba(0.0, 165.0, "
 "0, 0.15); border-radius: 3px;' title='1.0'>_||>   "
 "<||_html:</span>_||><||_html:<span style='background-color: rgba(0.0, 165.0, "
 "0, 0.15); border-radius: 3px;' title='1.0'>_||> "
 "{<||_html:</span>_||><||_html:<span style='background-color: rgba(0.0, "
 "165.0, 0, 0.15); border-radius: 3px;' title='1.0'>_||>\n"
 "<||_html:</span>_||><||_html:<span style='background-color: rgba(0.0, 165.0, "
 "0, 0.15); border-radius: 3px;' title='1.0'>_||>     "
 "<||_html:</span>_||><||_html:<span style='background-color: rgba(0.0, 165.0, "
 "0, 0.15); border-radius: 3px;' title='1.0'>_||> "
 '"<||_html:</span>_||><||_html:<span style=\'background-color: rgba(0.0, '
 "165.0, 0, 0.15); border-radius: 3px;' "
 "title='1.0'>_||>type<||_html:</span>_||><||_html:<span "
 "style='background-color: rgba(0.0, 165.0, 0, 0.15); border-radius: 3px;' "
 'title=\'1.0\'>_||>":<||_html:</span>_||><||_html:<span '
 "style='background-color: rgba(0.0, 165.0, 0, 0.15); border-radius: 3px;' "
 'title=\'1.0\'>_||> "<||_html:</span>_||><||_html:<span '
 "style='background-color: rgba(0.0, 165.0, 0, 0.15); border-radius: 3px;' "
 "title='1.0'>_||>Query<||_html:</span>_||><||_html:<span "
 "style='background-color: rgba(0.0, 165.0, 0, 0.15); border-radius: 3px;' "
 'title=\'1.0\'>_||>",<||_html:</span>_||><||_html:<span '
 "style='background-color: rgba(0.0, 165.0, 0, 0.15); border-radius: 3px;' "
 "title='1.0'>_||>\n"
 "<||_html:</span>_||><||_html:<span style='background-color: rgba(0.0, 165.0, "
 "0, 0.15); border-radius: 3px;' title='1.0'>_||>     "
 "<||_html:</span>_||><||_html:<span style='background-color: rgba(0.0, 165.0, "
 "0, 0.15); border-radius: 3px;' title='1.0'>_||> "
 '"<||_html:</span>_||><||_html:<span style=\'background-color: rgba(0.0, '
 "165.0, 0, 0.15); border-radius: 3px;' "
 "title='1.0'>_||>field<||_html:</span>_||><||_html:<span "
 "style='background-color: rgba(0.0, 165.0, 0, 0.15); border-radius: 3px;' "
 'title=\'1.0\'>_||>":<||_html:</span>_||><||_html:<span '
 "style='background-color: rgba(0.0, 165.0, 0, 0.15); border-radius: 3px;' "
 'title=\'1.0\'>_||> "<||_html:</span>_||><||_html:<span '
 "style='background-color: rgba(0.0, 165.0, 0, 0.15); border-radius: 3px;' "
 "title='1.0'>_||>get<||_html:</span>_||><||_html:<span "
 "style='background-color: rgba(0.0, 165.0, 0, 0.15); border-radius: 3px;' "
 "title='1.0'>_||>Product<||_html:</span>_||><||_html:<span "
 "style='background-color: rgba(0.0, 165.0, 0, 0.15); border-radius: 3px;' "
 'title=\'1.0\'>_||>",<||_html:</span>_||><||_html:<span '
 "style='background-color: rgba(0.0, 165.0, 0, 0.15); border-radius: 3px;' "
 "title='1.0'>_||>\n"
 "<||_html:</span>_||><||_html:<span style='background-color: rgba(0.0, 165.0, "
 "0, 0.15); border-radius: 3px;' title='1.0'>_||>     "
 "<||_html:</span>_||><||_html:<span style='background-color: rgba(0.0, 165.0, "
 "0, 0.15); border-radius: 3px;' title='1.0'>_||> "
 '"<||_html:</span>_||><||_html:<span style=\'background-color: rgba(0.0, '
 "165.0, 0, 0.15); border-radius: 3px;' "
 "title='1.0'>_||>change<||_html:</span>_||><||_html:<span "
 "style='background-color: rgba(0.0, 165.0, 0, 0.15); border-radius: 3px;' "
 'title=\'1.0\'>_||>":<||_html:</span>_||><||_html:<span '
 "style='background-color: rgba(0.0, 165.0, 0, 0.15); border-radius: 3px;' "
 'title=\'1.0\'>_||> "<||_html:</span>_||><||_html:<span '
 "style='background-color: rgba(0.0, 165.0, 0, 0.15); border-radius: 3px;' "
 "title='1.0'>_||>field<||_html:</span>_||><||_html:<span "
 "style='background-color: rgba(0.0, 165.0, 0, 0.15); border-radius: 3px;' "
 "title='1.0'>_||> details<||_html:</span>_||><||_html:<span "
 "style='background-color: rgba(0.0, 165.0, 0, 0.15); border-radius: 3px;' "
 "title='1.0'>_||> added<||_html:</span>_||><||_html:<span "
 "style='background-color: rgba(0.0, 165.0, 0, 0.15); border-radius: 3px;' "
 'title=\'1.0\'>_||>",<||_html:</span>_||><||_html:<span '
 "style='background-color: rgba(0.0, 165.0, 0, 0.15); border-radius: 3px;' "
 "title='1.0'>_||>\n"
 "<||_html:</span>_||><||_html:<span style='background-color: rgba(0.0, 165.0, "
 "0, 0.15); border-radius: 3px;' title='1.0'>_||>     "
 "<||_html:</span>_||><||_html:<span style='background-color: rgba(0.0, 165.0, "
 "0, 0.15); border-radius: 3px;' title='1.0'>_||> "
 '"<||_html:</span>_||><||_html:<span style=\'background-color: rgba(0.0, '
 "165.0, 0, 0.15); border-radius: 3px;' "
 "title='1.0'>_||>breaking<||_html:</span>_||><||_html:<span "
 "style='background-color: rgba(0.0, 165.0, 0, 0.15); border-radius: 3px;' "
 'title=\'1.0\'>_||>":<||_html:</span>_||><||_html:<span '
 "style='background-color: rgba(0.0, 165.0, 0, 0.15); border-radius: 3px;' "
 'title=\'1.0\'>_||> "<||_html:</span>_||><||_html:<span '
 "style='background-color: rgba(0.0, 165.0, 0, 0.15); border-radius: 3px;' "
 "title='1.0'>_||>false<||_html:</span>_||><||_html:<span "
 "style='background-color: rgba(0.0, 165.0, 0, 0.15); border-radius: 3px;' "
 'title=\'1.0\'>_||>",<||_html:</span>_||><||_html:<span '
 "style='background-color: rgba(0.0, 165.0, 0, 0.15); border-radius: 3px;' "
 "title='1.0'>_||>\n"
 "<||_html:</span>_||><||_html:<span style='background-color: rgba(0.0, 165.0, "
 "0, 0.15); border-radius: 3px;' title='1.0'>_||>     "
 "<||_html:</span>_||><||_html:<span style='background-color: rgba(0.0, 165.0, "
 "0, 0.15); border-radius: 3px;' title='1.0'>_||> "
 '"<||_html:</span>_||><||_html:<span style=\'background-color: rgba(0.0, '
 "165.0, 0, 0.15); border-radius: 3px;' "
 "title='1.0'>_||>release<||_html:</span>_||><||_html:<span "
 "style='background-color: rgba(0.0, 165.0, 0, 0.15); border-radius: 3px;' "
 "title='1.0'>_||>_<||_html:</span>_||><||_html:<span style='background-color: "
 "rgba(0.0, 165.0, 0, 0.15); border-radius: 3px;' "
 "title='1.0'>_||>note<||_html:</span>_||><||_html:<span "
 "style='background-color: rgba(0.0, 165.0, 0, 0.15); border-radius: 3px;' "
 'title=\'1.0\'>_||>":<||_html:</span>_||><||_html:<span '
 "style='background-color: rgba(0.0, 165.0, 0, 0.15); border-radius: 3px;' "
 'title=\'1.0\'>_||> "<||_html:</span>_||><||_html:<span '
 "style='background-color: rgba(0.0, 165.0, 0, 0.15); border-radius: 3px;' "
 "title='1.0'>_||>The<||_html:</span>_||><||_html:<span "
 "style='background-color: rgba(0.0, 165.0, 0, 0.15); border-radius: 3px;' "
 "title='1.0'>_||> '<||_html:</span>_||><||_html:<span "
 "style='background-color: rgba(0.0, 165.0, 0, 0.15); border-radius: 3px;' "
 "title='1.0'>_||>get<||_html:</span>_||><||_html:<span "
 "style='background-color: rgba(0.0, 165.0, 0, 0.15); border-radius: 3px;' "
 "title='1.0'>_||>Product<||_html:</span>_||><||_html:<span "
 "style='background-color: rgba(0.0, 165.0, 0, 0.15); border-radius: 3px;' "
 "title='1.0'>_||>'<||_html:</span>_||><||_html:<span style='background-color: "
 "rgba(0.0, 165.0, 0, 0.15); border-radius: 3px;' title='1.0'>_||> "
 "query<||_html:</span>_||><||_html:<span style='background-color: rgba(0.0, "
 "165.0, 0, 0.15); border-radius: 3px;' title='1.0'>_||> "
 "now<||_html:</span>_||><||_html:<span style='background-color: rgba(0.0, "
 "165.0, 0, 0.15); border-radius: 3px;' title='1.0'>_||> "
 "includes<||_html:</span>_||><||_html:<span style='background-color: "
 "rgba(0.0, 165.0, 0, 0.15); border-radius: 3px;' title='1.0'>_||> "
 "a<||_html:</span>_||><||_html:<span style='background-color: rgba(0.0, "
 "165.0, 0, 0.15); border-radius: 3px;' title='1.0'>_||> "
 "new<||_html:</span>_||><||_html:<span style='background-color: rgba(0.0, "
 "165.0, 0, 0.15); border-radius: 3px;' title='1.0'>_||> "
 "field<||_html:</span>_||><||_html:<span style='background-color: rgba(0.0, "
 "165.0, 0, 0.15); border-radius: 3px;' title='1.0'>_||> "
 "'<||_html:</span>_||><||_html:<span style='background-color: rgba(0.0, "
 "165.0, 0, 0.15); border-radius: 3px;' "
 "title='1.0'>_||>details<||_html:</span>_||><||_html:<span "
 "style='background-color: rgba(0.0, 165.0, 0, 0.15); border-radius: 3px;' "
 "title='1.0'>_||>'<||_html:</span>_||><||_html:<span style='background-color: "
 "rgba(0.0, 165.0, 0, 0.15); border-radius: 3px;' title='1.0'>_||> "
 "of<||_html:</span>_||><||_html:<span style='background-color: rgba(0.0, "
 "165.0, 0, 0.15); border-radius: 3px;' title='1.0'>_||> "
 "type<||_html:</span>_||><||_html:<span style='background-color: rgba(0.0, "
 "165.0, 0, 0.15); border-radius: 3px;' title='1.0'>_||> "
 "String<||_html:</span>_||><||_html:<span style='background-color: rgba(0.0, "
 "165.0, 0, 0.15); border-radius: 3px;' "
 'title=\'1.0\'>_||>."<||_html:</span>_||><||_html:<span '
 "style='background-color: rgba(0.0, 165.0, 0, 0.15); border-radius: 3px;' "
 "title='1.0'>_||>\n"
 "<||_html:</span>_||><||_html:<span style='background-color: rgba(0.0, 165.0, "
 "0, 0.15); border-radius: 3px;' title='1.0'>_||>   "
 "<||_html:</span>_||><||_html:<span style='background-color: rgba(0.0, 165.0, "
 "0, 0.15); border-radius: 3px;' title='1.0'>_||> "
 "},<||_html:</span>_||><||_html:<span style='background-color: rgba(0.0, "
 "165.0, 0, 0.15); border-radius: 3px;' title='1.0'>_||>\n"
 "<||_html:</span>_||><||_html:<span style='background-color: rgba(0.0, 165.0, "
 "0, 0.15); border-radius: 3px;' title='1.0'>_||>   "
 "<||_html:</span>_||><||_html:<span style='background-color: rgba(0.0, 165.0, "
 "0, 0.15); border-radius: 3px;' title='1.0'>_||> "
 "{<||_html:</span>_||><||_html:<span style='background-color: rgba(0.0, "
 "165.0, 0, 0.15); border-radius: 3px;' title='1.0'>_||>\n"
 "<||_html:</span>_||><||_html:<span style='background-color: rgba(0.0, 165.0, "
 "0, 0.15); border-radius: 3px;' title='1.0'>_||>     "
 "<||_html:</span>_||><||_html:<span style='background-color: rgba(0.0, 165.0, "
 "0, 0.15); border-radius: 3px;' title='1.0'>_||> "
 '"<||_html:</span>_||><||_html:<span style=\'background-color: rgba(0.0, '
 "165.0, 0, 0.15); border-radius: 3px;' "
 "title='1.0'>_||>type<||_html:</span>_||><||_html:<span "
 "style='background-color: rgba(0.0, 165.0, 0, 0.15); border-radius: 3px;' "
 'title=\'1.0\'>_||>":<||_html:</span>_||><||_html:<span '
 "style='background-color: rgba(0.0, 165.0, 0, 0.15); border-radius: 3px;' "
 'title=\'1.0\'>_||> "<||_html:</span>_||><||_html:<span '
 "style='background-color: rgba(0.0, 165.0, 0, 0.15); border-radius: 3px;' "
 "title='1.0'>_||>Product<||_html:</span>_||><||_html:<span "
 "style='background-color: rgba(0.0, 165.0, 0, 0.15); border-radius: 3px;' "
 'title=\'1.0\'>_||>",<||_html:</span>_||><||_html:<span '
 "style='background-color: rgba(0.0, 165.0, 0, 0.15); border-radius: 3px;' "
 "title='1.0'>_||>\n"
 "<||_html:</span>_||><||_html:<span style='background-color: rgba(0.0, 165.0, "
 "0, 0.15); border-radius: 3px;' title='1.0'>_||>     "
 "<||_html:</span>_||><||_html:<span style='background-color: rgba(0.0, 165.0, "
 "0, 0.15); border-radius: 3px;' title='1.0'>_||> "
 '"<||_html:</span>_||><||_html:<span style=\'background-color: rgba(0.0, '
 "165.0, 0, 0.15); border-radius: 3px;' "
 "title='1.0'>_||>field<||_html:</span>_||><||_html:<span "
 "style='background-color: rgba(0.0, 165.0, 0, 0.15); border-radius: 3px;' "
 'title=\'1.0\'>_||>":<||_html:</span>_||><||_html:<span '
 "style='background-color: rgba(0.0, 165.0, 0, 0.15); border-radius: 3px;' "
 'title=\'1.0\'>_||> "<||_html:</span>_||><||_html:<span '
 "style='background-color: rgba(0.0, 165.0, 0, 0.15); border-radius: 3px;' "
 "title='1.0'>_||>description<||_html:</span>_||><||_html:<span "
 "style='background-color: rgba(0.0, 165.0, 0, 0.15); border-radius: 3px;' "
 'title=\'1.0\'>_||>",<||_html:</span>_||><||_html:<span '
 "style='background-color: rgba(0.0, 165.0, 0, 0.15); border-radius: 3px;' "
 "title='1.0'>_||>\n"
 "<||_html:</span>_||><||_html:<span style='background-color: rgba(0.0, 165.0, "
 "0, 0.15); border-radius: 3px;' title='1.0'>_||>     "
 "<||_html:</span>_||><||_html:<span style='background-color: rgba(0.0, 165.0, "
 "0, 0.15); border-radius: 3px;' title='1.0'>_||> "
 '"<||_html:</span>_||><||_html:<span style=\'background-color: rgba(0.0, '
 "165.0, 0, 0.15); border-radius: 3px;' "
 "title='1.0'>_||>change<||_html:</span>_||><||_html:<span "
 "style='background-color: rgba(0.0, 165.0, 0, 0.15); border-radius: 3px;' "
 'title=\'1.0\'>_||>":<||_html:</span>_||><||_html:<span '
 "style='background-color: rgba(0.0, 165.0, 0, 0.15); border-radius: 3px;' "
 'title=\'1.0\'>_||> "<||_html:</span>_||><||_html:<span '
 "style='background-color: rgba(0.0, 165.0, 0, 0.15); border-radius: 3px;' "
 "title='1.0'>_||>field<||_html:</span>_||><||_html:<span "
 "style='background-color: rgba(0.0, 165.0, 0, 0.15); border-radius: 3px;' "
 "title='1.0'>_||> removed<||_html:</span>_||><||_html:<span "
 "style='background-color: rgba(0.0, 165.0, 0, 0.15); border-radius: 3px;' "
 'title=\'1.0\'>_||>",<||_html:</span>_||><||_html:<span '
 "style='background-color: rgba(0.0, 165.0, 0, 0.15); border-radius: 3px;' "
 "title='1.0'>_||>\n"
 "<||_html:</span>_||><||_html:<span style='background-color: rgba(0.0, 165.0, "
 "0, 0.15); border-radius: 3px;' title='1.0'>_||>     "
 "<||_html:</span>_||><||_html:<span style='background-color: rgba(0.0, 165.0, "
 "0, 0.15); border-radius: 3px;' title='1.0'>_||> "
 '"<||_html:</span>_||><||_html:<span style=\'background-color: rgba(0.0, '
 "165.0, 0, 0.15); border-radius: 3px;' "
 "title='1.0'>_||>breaking<||_html:</span>_||><||_html:<span "
 "style='background-color: rgba(0.0, 165.0, 0, 0.15); border-radius: 3px;' "
 'title=\'1.0\'>_||>":<||_html:</span>_||><||_html:<span '
 "style='background-color: rgba(0.0, 165.0, 0, 0.15); border-radius: 3px;' "
 'title=\'1.0\'>_||> "<||_html:</span>_||><||_html:<span '
 "style='background-color: rgba(0.0, 165.0, 0, 0.15); border-radius: 3px;' "
 "title='1.0'>_||>true<||_html:</span>_||><||_html:<span "
 "style='background-color: rgba(0.0, 165.0, 0, 0.15); border-radius: 3px;' "
 'title=\'1.0\'>_||>",<||_html:</span>_||><||_html:<span '
 "style='background-color: rgba(0.0, 165.0, 0, 0.15); border-radius: 3px;' "
 "title='1.0'>_||>\n"
 "<||_html:</span>_||><||_html:<span style='background-color: rgba(0.0, 165.0, "
 "0, 0.15); border-radius: 3px;' title='1.0'>_||>     "
 "<||_html:</span>_||><||_html:<span style='background-color: rgba(0.0, 165.0, "
 "0, 0.15); border-radius: 3px;' title='1.0'>_||> "
 '"<||_html:</span>_||><||_html:<span style=\'background-color: rgba(0.0, '
 "165.0, 0, 0.15); border-radius: 3px;' "
 "title='1.0'>_||>release<||_html:</span>_||><||_html:<span "
 "style='background-color: rgba(0.0, 165.0, 0, 0.15); border-radius: 3px;' "
 "title='1.0'>_||>_<||_html:</span>_||><||_html:<span style='background-color: "
 "rgba(0.0, 165.0, 0, 0.15); border-radius: 3px;' "
 "title='1.0'>_||>note<||_html:</span>_||><||_html:<span "
 "style='background-color: rgba(0.0, 165.0, 0, 0.15); border-radius: 3px;' "
 'title=\'1.0\'>_||>":<||_html:</span>_||><||_html:<span '
 "style='background-color: rgba(0.0, 165.0, 0, 0.15); border-radius: 3px;' "
 'title=\'1.0\'>_||> "<||_html:</span>_||><||_html:<span '
 "style='background-color: rgba(0.0, 165.0, 0, 0.15); border-radius: 3px;' "
 "title='1.0'>_||>The<||_html:</span>_||><||_html:<span "
 "style='background-color: rgba(0.0, 165.0, 0, 0.15); border-radius: 3px;' "
 "title='1.0'>_||> '<||_html:</span>_||><||_html:<span "
 "style='background-color: rgba(0.0, 165.0, 0, 0.15); border-radius: 3px;' "
 "title='1.0'>_||>Product<||_html:</span>_||><||_html:<span "
 "style='background-color: rgba(0.0, 165.0, 0, 0.15); border-radius: 3px;' "
 "title='1.0'>_||>'<||_html:</span>_||><||_html:<span style='background-color: "
 "rgba(0.0, 165.0, 0, 0.15); border-radius: 3px;' title='1.0'>_||> "
 "type<||_html:</span>_||><||_html:<span style='background-color: rgba(0.0, "
 "165.0, 0, 0.15); border-radius: 3px;' title='1.0'>_||> "
 "no<||_html:</span>_||><||_html:<span style='background-color: rgba(0.0, "
 "165.0, 0, 0.15); border-radius: 3px;' title='1.0'>_||> "
 "longer<||_html:</span>_||><||_html:<span style='background-color: rgba(0.0, "
 "165.0, 0, 0.15); border-radius: 3px;' title='1.0'>_||> "
 "includes<||_html:</span>_||><||_html:<span style='background-color: "
 "rgba(0.0, 165.0, 0, 0.15); border-radius: 3px;' title='1.0'>_||> "
 "the<||_html:</span>_||><||_html:<span style='background-color: rgba(0.0, "
 "165.0, 0, 0.15); border-radius: 3px;' title='1.0'>_||> "
 "'<||_html:</span>_||><||_html:<span style='background-color: rgba(0.0, "
 "165.0, 0, 0.15); border-radius: 3px;' "
 "title='1.0'>_||>description<||_html:</span>_||><||_html:<span "
 "style='background-color: rgba(0.0, 165.0, 0, 0.15); border-radius: 3px;' "
 "title='1.0'>_||>'<||_html:</span>_||><||_html:<span style='background-color: "
 "rgba(0.0, 165.0, 0, 0.15); border-radius: 3px;' title='1.0'>_||> "
 "field<||_html:</span>_||><||_html:<span style='background-color: rgba(0.0, "
 "165.0, 0, 0.15); border-radius: 3px;' "
 'title=\'1.0\'>_||>."<||_html:</span>_||><||_html:<span '
 "style='background-color: rgba(0.0, 165.0, 0, 0.15); border-radius: 3px;' "
 "title='1.0'>_||>\n"
 "<||_html:</span>_||><||_html:<span style='background-color: rgba(0.0, 165.0, "
 "0, 0.15); border-radius: 3px;' title='1.0'>_||>   "
 "<||_html:</span>_||><||_html:<span style='background-color: rgba(0.0, 165.0, "
 "0, 0.15); border-radius: 3px;' title='1.0'>_||> "
 "},<||_html:</span>_||><||_html:<span style='background-color: rgba(0.0, "
 "165.0, 0, 0.15); border-radius: 3px;' title='1.0'>_||>\n"
 "<||_html:</span>_||><||_html:<span style='background-color: rgba(0.0, 165.0, "
 "0, 0.15); border-radius: 3px;' title='1.0'>_||>   "
 "<||_html:</span>_||><||_html:<span style='background-color: rgba(0.0, 165.0, "
 "0, 0.15); border-radius: 3px;' title='1.0'>_||> "
 "{<||_html:</span>_||><||_html:<span style='background-color: rgba(0.0, "
 "165.0, 0, 0.15); border-radius: 3px;' title='1.0'>_||>\n"
 "<||_html:</span>_||><||_html:<span style='background-color: rgba(0.0, 165.0, "
 "0, 0.15); border-radius: 3px;' title='1.0'>_||>     "
 "<||_html:</span>_||><||_html:<span style='background-color: rgba(0.0, 165.0, "
 "0, 0.15); border-radius: 3px;' title='1.0'>_||> "
 '"<||_html:</span>_||><||_html:<span style=\'background-color: rgba(0.0, '
 "165.0, 0, 0.15); border-radius: 3px;' "
 "title='1.0'>_||>type<||_html:</span>_||><||_html:<span "
 "style='background-color: rgba(0.0, 165.0, 0, 0.15); border-radius: 3px;' "
 'title=\'1.0\'>_||>":<||_html:</span>_||><||_html:<span '
 "style='background-color: rgba(0.0, 165.0, 0, 0.15); border-radius: 3px;' "
 'title=\'1.0\'>_||> "<||_html:</span>_||><||_html:<span '
 "style='background-color: rgba(0.0, 165.0, 0, 0.15); border-radius: 3px;' "
 "title='1.0'>_||>Product<||_html:</span>_||><||_html:<span "
 "style='background-color: rgba(0.0, 165.0, 0, 0.15); border-radius: 3px;' "
 'title=\'1.0\'>_||>",<||_html:</span>_||><||_html:<span '
 "style='background-color: rgba(0.0, 165.0, 0, 0.15); border-radius: 3px;' "
 "title='1.0'>_||>\n"
 "<||_html:</span>_||><||_html:<span style='background-color: rgba(0.0, 165.0, "
 "0, 0.15); border-radius: 3px;' title='1.0'>_||>     "
 "<||_html:</span>_||><||_html:<span style='background-color: rgba(0.0, 165.0, "
 "0, 0.15); border-radius: 3px;' title='1.0'>_||> "
 '"<||_html:</span>_||><||_html:<span style=\'background-color: rgba(0.0, '
 "165.0, 0, 0.15); border-radius: 3px;' "
 "title='1.0'>_||>field<||_html:</span>_||><||_html:<span "
 "style='background-color: rgba(0.0, 165.0, 0, 0.15); border-radius: 3px;' "
 'title=\'1.0\'>_||>":<||_html:</span>_||><||_html:<span '
 "style='background-color: rgba(0.0, 165.0, 0, 0.15); border-radius: 3px;' "
 'title=\'1.0\'>_||> "<||_html:</span>_||><||_html:<span '
 "style='background-color: rgba(0.0, 165.0, 0, 0.15); border-radius: 3px;' "
 "title='1.0'>_||>stock<||_html:</span>_||><||_html:<span "
 "style='background-color: rgba(0.0, 165.0, 0, 0.15); border-radius: 3px;' "
 'title=\'1.0\'>_||>",<||_html:</span>_||><||_html:<span '
 "style='background-color: rgba(0.0, 165.0, 0, 0.15); border-radius: 3px;' "
 "title='1.0'>_||>\n"
 "<||_html:</span>_||><||_html:<span style='background-color: rgba(0.0, 165.0, "
 "0, 0.15); border-radius: 3px;' title='1.0'>_||>     "
 "<||_html:</span>_||><||_html:<span style='background-color: rgba(0.0, 165.0, "
 "0, 0.15); border-radius: 3px;' title='1.0'>_||> "
 '"<||_html:</span>_||><||_html:<span style=\'background-color: rgba(0.0, '
 "165.0, 0, 0.15); border-radius: 3px;' "
 "title='1.0'>_||>change<||_html:</span>_||><||_html:<span "
 "style='background-color: rgba(0.0, 165.0, 0, 0.15); border-radius: 3px;' "
 'title=\'1.0\'>_||>":<||_html:</span>_||><||_html:<span '
 "style='background-color: rgba(0.0, 165.0, 0, 0.15); border-radius: 3px;' "
 'title=\'1.0\'>_||> "<||_html:</span>_||><||_html:<span '
 "style='background-color: rgba(0.0, 165.0, 0, 0.15); border-radius: 3px;' "
 "title='1.0'>_||>field<||_html:</span>_||><||_html:<span "
 "style='background-color: rgba(0.0, 165.0, 0, 0.15); border-radius: 3px;' "
 "title='1.0'>_||> removed<||_html:</span>_||><||_html:<span "
 "style='background-color: rgba(0.0, 165.0, 0, 0.15); border-radius: 3px;' "
 'title=\'1.0\'>_||>",<||_html:</span>_||><||_html:<span '
 "style='background-color: rgba(0.0, 165.0, 0, 0.15); border-radius: 3px;' "
 "title='1.0'>_||>\n"
 "<||_html:</span>_||><||_html:<span style='background-color: rgba(0.0, 165.0, "
 "0, 0.15); border-radius: 3px;' title='1.0'>_||>     "
 "<||_html:</span>_||><||_html:<span style='background-color: rgba(0.0, 165.0, "
 "0, 0.15); border-radius: 3px;' title='1.0'>_||> "
 '"<||_html:</span>_||><||_html:<span style=\'background-color: rgba(0.0, '
 "165.0, 0, 0.15); border-radius: 3px;' "
 "title='1.0'>_||>breaking<||_html:</span>_||><||_html:<span "
 "style='background-color: rgba(0.0, 165.0, 0, 0.15); border-radius: 3px;' "
 'title=\'1.0\'>_||>":<||_html:</span>_||><||_html:<span '
 "style='background-color: rgba(0.0, 165.0, 0, 0.15); border-radius: 3px;' "
 'title=\'1.0\'>_||> "<||_html:</span>_||><||_html:<span '
 "style='background-color: rgba(0.0, 165.0, 0, 0.15); border-radius: 3px;' "
 "title='1.0'>_||>true<||_html:</span>_||><||_html:<span "
 "style='background-color: rgba(0.0, 165.0, 0, 0.15); border-radius: 3px;' "
 'title=\'1.0\'>_||>",<||_html:</span>_||><||_html:<span '
 "style='background-color: rgba(0.0, 165.0, 0, 0.15); border-radius: 3px;' "
 "title='1.0'>_||>\n"
 "<||_html:</span>_||><||_html:<span style='background-color: rgba(0.0, 165.0, "
 "0, 0.15); border-radius: 3px;' title='1.0'>_||>     "
 "<||_html:</span>_||><||_html:<span style='background-color: rgba(0.0, 165.0, "
 "0, 0.15); border-radius: 3px;' title='1.0'>_||> "
 '"<||_html:</span>_||><||_html:<span style=\'background-color: rgba(0.0, '
 "165.0, 0, 0.15); border-radius: 3px;' "
 "title='1.0'>_||>release<||_html:</span>_||><||_html:<span "
 "style='background-color: rgba(0.0, 165.0, 0, 0.15); border-radius: 3px;' "
 "title='1.0'>_||>_<||_html:</span>_||><||_html:<span style='background-color: "
 "rgba(0.0, 165.0, 0, 0.15); border-radius: 3px;' "
 "title='1.0'>_||>note<||_html:</span>_||><||_html:<span "
 "style='background-color: rgba(0.0, 165.0, 0, 0.15); border-radius: 3px;' "
 'title=\'1.0\'>_||>":<||_html:</span>_||><||_html:<span '
 "style='background-color: rgba(0.0, 165.0, 0, 0.15); border-radius: 3px;' "
 'title=\'1.0\'>_||> "<||_html:</span>_||><||_html:<span '
 "style='background-color: rgba(0.0, 165.0, 0, 0.15); border-radius: 3px;' "
 "title='1.0'>_||>The<||_html:</span>_||><||_html:<span "
 "style='background-color: rgba(0.0, 165.0, 0, 0.15); border-radius: 3px;' "
 "title='1.0'>_||> '<||_html:</span>_||><||_html:<span "
 "style='background-color: rgba(0.0, 165.0, 0, 0.15); border-radius: 3px;' "
 "title='1.0'>_||>Product<||_html:</span>_||><||_html:<span "
 "style='background-color: rgba(0.0, 165.0, 0, 0.15); border-radius: 3px;' "
 "title='1.0'>_||>'<||_html:</span>_||><||_html:<span style='background-color: "
 "rgba(0.0, 165.0, 0, 0.15); border-radius: 3px;' title='1.0'>_||> "
 "type<||_html:</span>_||><||_html:<span style='background-color: rgba(0.0, "
 "165.0, 0, 0.15); border-radius: 3px;' title='1.0'>_||> "
 "no<||_html:</span>_||><||_html:<span style='background-color: rgba(0.0, "
 "165.0, 0, 0.15); border-radius: 3px;' title='1.0'>_||> "
 "longer<||_html:</span>_||><||_html:<span style='background-color: rgba(0.0, "
 "165.0, 0, 0.15); border-radius: 3px;' title='1.0'>_||> "
 "includes<||_html:</span>_||><||_html:<span style='background-color: "
 "rgba(0.0, 165.0, 0, 0.15); border-radius: 3px;' title='1.0'>_||> "
 "the<||_html:</span>_||><||_html:<span style='background-color: rgba(0.0, "
 "165.0, 0, 0.15); border-radius: 3px;' title='1.0'>_||> "
 "'<||_html:</span>_||><||_html:<span style='background-color: rgba(0.0, "
 "165.0, 0, 0.15); border-radius: 3px;' "
 "title='1.0'>_||>stock<||_html:</span>_||><||_html:<span "
 "style='background-color: rgba(0.0, 165.0, 0, 0.15); border-radius: 3px;' "
 "title='1.0'>_||>'<||_html:</span>_||><||_html:<span style='background-color: "
 "rgba(0.0, 165.0, 0, 0.15); border-radius: 3px;' title='1.0'>_||> "
 "field<||_html:</span>_||><||_html:<span style='background-color: rgba(0.0, "
 "165.0, 0, 0.15); border-radius: 3px;' "
 'title=\'1.0\'>_||>."<||_html:</span>_||><||_html:<span '
 "style='background-color: rgba(0.0, 165.0, 0, 0.15); border-radius: 3px;' "
 "title='1.0'>_||>\n"
 "<||_html:</span>_||><||_html:<span style='background-color: rgba(0.0, 165.0, "
 "0, 0.15); border-radius: 3px;' title='1.0'>_||>   "
 "<||_html:</span>_||><||_html:<span style='background-color: rgba(0.0, 165.0, "
 "0, 0.15); border-radius: 3px;' title='1.0'>_||> "
 "}<||_html:</span>_||><||_html:<span style='background-color: rgba(0.0, "
 "165.0, 0, 0.15); border-radius: 3px;' title='1.0'>_||>\n"
 "<||_html:</span>_||><||_html:<span style='background-color: rgba(0.0, 165.0, "
 "0, 0.15); border-radius: 3px;' title='1.0'>_||> "
 "<||_html:</span>_||><||_html:<span style='background-color: rgba(0.0, 165.0, "
 "0, 0.15); border-radius: 3px;' title='1.0'>_||> "
 "],<||_html:</span>_||><||_html:<span style='background-color: rgba(0.0, "
 "165.0, 0, 0.15); border-radius: 3px;' title='1.0'>_||>\n"
 "<||_html:</span>_||><||_html:<span style='background-color: rgba(0.0, 165.0, "
 "0, 0.15); border-radius: 3px;' title='1.0'>_||> "
 "<||_html:</span>_||><||_html:<span style='background-color: rgba(0.0, 165.0, "
 "0, 0.15); border-radius: 3px;' title='1.0'>_||> "
 '"<||_html:</span>_||><||_html:<span style=\'background-color: rgba(0.0, '
 "165.0, 0, 0.15); border-radius: 3px;' "
 "title='1.0'>_||>release<||_html:</span>_||><||_html:<span "
 "style='background-color: rgba(0.0, 165.0, 0, 0.15); border-radius: 3px;' "
 "title='1.0'>_||>_<||_html:</span>_||><||_html:<span style='background-color: "
 "rgba(0.0, 165.0, 0, 0.15); border-radius: 3px;' "
 "title='1.0'>_||>notes<||_html:</span>_||><||_html:<span "
 "style='background-color: rgba(0.0, 165.0, 0, 0.15); border-radius: 3px;' "
 'title=\'1.0\'>_||>":<||_html:</span>_||><||_html:<span '
 "style='background-color: rgba(0.0, 165.0, 0, 0.15); border-radius: 3px;' "
 "title='1.0'>_||> {<||_html:</span>_||><||_html:<span "
 "style='background-color: rgba(0.0, 165.0, 0, 0.15); border-radius: 3px;' "
 "title='1.0'>_||>\n"
 "<||_html:</span>_||><||_html:<span style='background-color: rgba(0.0, 165.0, "
 "0, 0.15); border-radius: 3px;' title='1.0'>_||>   "
 "<||_html:</span>_||><||_html:<span style='background-color: rgba(0.0, 165.0, "
 "0, 0.15); border-radius: 3px;' title='1.0'>_||> "
 '"<||_html:</span>_||><||_html:<span style=\'background-color: rgba(0.0, '
 "165.0, 0, 0.15); border-radius: 3px;' "
 "title='1.0'>_||>summary<||_html:</span>_||><||_html:<span "
 "style='background-color: rgba(0.0, 165.0, 0, 0.15); border-radius: 3px;' "
 'title=\'1.0\'>_||>":<||_html:</span>_||><||_html:<span '
 "style='background-color: rgba(0.0, 165.0, 0, 0.15); border-radius: 3px;' "
 'title=\'1.0\'>_||> "<||_html:</span>_||><||_html:<span '
 "style='background-color: rgba(0.0, 165.0, 0, 0.15); border-radius: 3px;' "
 "title='1.0'>_||>The<||_html:</span>_||><||_html:<span "
 "style='background-color: rgba(0.0, 165.0, 0, 0.15); border-radius: 3px;' "
 "title='1.0'>_||> '<||_html:</span>_||><||_html:<span "
 "style='background-color: rgba(0.0, 165.0, 0, 0.15); border-radius: 3px;' "
 "title='1.0'>_||>get<||_html:</span>_||><||_html:<span "
 "style='background-color: rgba(0.0, 165.0, 0, 0.15); border-radius: 3px;' "
 "title='1.0'>_||>Product<||_html:</span>_||><||_html:<span "
 "style='background-color: rgba(0.0, 165.0, 0, 0.15); border-radius: 3px;' "
 "title='1.0'>_||>'<||_html:</span>_||><||_html:<span style='background-color: "
 "rgba(0.0, 165.0, 0, 0.15); border-radius: 3px;' title='1.0'>_||> "
 "query<||_html:</span>_||><||_html:<span style='background-color: rgba(0.0, "
 "165.0, 0, 0.15); border-radius: 3px;' title='1.0'>_||> "
 "now<||_html:</span>_||><||_html:<span style='background-color: rgba(0.0, "
 "165.0, 0, 0.15); border-radius: 3px;' title='1.0'>_||> "
 "includes<||_html:</span>_||><||_html:<span style='background-color: "
 "rgba(0.0, 165.0, 0, 0.15); border-radius: 3px;' title='1.0'>_||> "
 "a<||_html:</span>_||><||_html:<span style='background-color: rgba(0.0, "
 "165.0, 0, 0.15); border-radius: 3px;' title='1.0'>_||> "
 "new<||_html:</span>_||><||_html:<span style='background-color: rgba(0.0, "
 "165.0, 0, 0.15); border-radius: 3px;' title='1.0'>_||> "
 "field<||_html:</span>_||><||_html:<span style='background-color: rgba(0.0, "
 "165.0, 0, 0.15); border-radius: 3px;' title='1.0'>_||> "
 "'<||_html:</span>_||><||_html:<span style='background-color: rgba(0.0, "
 "165.0, 0, 0.15); border-radius: 3px;' "
 "title='1.0'>_||>details<||_html:</span>_||><||_html:<span "
 "style='background-color: rgba(0.0, 165.0, 0, 0.15); border-radius: 3px;' "
 "title='1.0'>_||>'<||_html:</span>_||><||_html:<span style='background-color: "
 "rgba(0.0, 165.0, 0, 0.15); border-radius: 3px;' title='1.0'>_||> "
 "of<||_html:</span>_||><||_html:<span style='background-color: rgba(0.0, "
 "165.0, 0, 0.15); border-radius: 3px;' title='1.0'>_||> "
 "type<||_html:</span>_||><||_html:<span style='background-color: rgba(0.0, "
 "165.0, 0, 0.15); border-radius: 3px;' title='1.0'>_||> "
 "String<||_html:</span>_||><||_html:<span style='background-color: rgba(0.0, "
 "165.0, 0, 0.15); border-radius: 3px;' "
 "title='1.0'>_||>.<||_html:</span>_||><||_html:<span style='background-color: "
 "rgba(0.0, 165.0, 0, 0.15); border-radius: 3px;' title='1.0'>_||> "
 "The<||_html:</span>_||><||_html:<span style='background-color: rgba(0.0, "
 "165.0, 0, 0.15); border-radius: 3px;' title='1.0'>_||> "
 "'<||_html:</span>_||><||_html:<span style='background-color: rgba(0.0, "
 "165.0, 0, 0.15); border-radius: 3px;' "
 "title='1.0'>_||>Product<||_html:</span>_||><||_html:<span "
 "style='background-color: rgba(0.0, 165.0, 0, 0.15); border-radius: 3px;' "
 "title='1.0'>_||>")
('Analyze the following two GraphQL schemas for changes, including both '
 'breaking and non-breaking changes.\n'
 '\n'
 '                        Provide your analysis in the following JSON format:\n'
 '                        {\n'
 '                          "changes": [\n'
 '                            {\n'
 '                              "type": "String representing the GraphQL type '
 '(e.g., Query, Mutation, Subscription)",\n'
 '                              "field": "String representing the specific '
 'field that changed",\n'
 '                              "change": "String describing the change (e.g., '
 'field renamed, new field added, field removed)",\n'
 '                              "breaking": "Boolean indicating if the change '
 'is breaking (true) or non-breaking (false)",\n'
 '                              "release_note": "String with a natural '
 'language description of the change for release notes"\n'
 '                            }\n'
 '                          ],\n'
 '                          "release_notes": {\n'
 '                              "summary": "String summarizing all changes, '
 'suitable for a mailing list or public announcement"\n'
 '                          }\n'
 '                        }\n'
 '\n'
 '                        When analyzing, consider the following types of '
 'changes:\n'
 '                        1. Removing fields or types (breaking)\n'
 '                        2. Changing field types (potentially breaking)\n'
 '                        3. Adding required fields (breaking)\n'
 '                        4. Changing the type of existing arguments '
 '(breaking)\n'
 '                        5. Adding optional fields (non-breaking)\n'
 '                        6. Adding new types (non-breaking)\n'
 '                        7. Deprecating fields (non-breaking)\n'
 '\n'
 '                        Ensure that each change is categorized correctly as '
 'breaking or non-breaking.: type Query {\n'
 '  getProduct(id: ID!): Product\n'
 '}\n'
 '\n'
 'type Product {\n'
 '  id: ID\n'
 '  name: String\n'
 '  description: String\n'
 '  price: Float\n'
 '  stock: Int\n'
 '}\n'
 ', type Query {\n'
 '  getProduct(id: ID!): Product\n'
 '}\n'
 '\n'
 'type Product {\n'
 '  id: ID\n'
 '  name: String\n'
 '  details: String\n'
 '  price: Float\n'
 '}\n'
 '\n'
 "Answer:<||_html:<span style='background-color: rgba(0.0, 165.0, 0, 0.15); "
 "border-radius: 3px;' title='1.0'>_||> {<||_html:</span>_||><||_html:<span "
 "style='background-color: rgba(0.0, 165.0, 0, 0.15); border-radius: 3px;' "
 "title='1.0'>_||>\n"
 "<||_html:</span>_||><||_html:<span style='background-color: rgba(0.0, 165.0, "
 "0, 0.15); border-radius: 3px;' title='1.0'>_||> "
 "<||_html:</span>_||><||_html:<span style='background-color: rgba(0.0, 165.0, "
 "0, 0.15); border-radius: 3px;' title='1.0'>_||> "
 '"<||_html:</span>_||><||_html:<span style=\'background-color: rgba(0.0, '
 "165.0, 0, 0.15); border-radius: 3px;' "
 "title='1.0'>_||>changes<||_html:</span>_||><||_html:<span "
 "style='background-color: rgba(0.0, 165.0, 0, 0.15); border-radius: 3px;' "
 'title=\'1.0\'>_||>":<||_html:</span>_||><||_html:<span '
 "style='background-color: rgba(0.0, 165.0, 0, 0.15); border-radius: 3px;' "
 "title='1.0'>_||> [<||_html:</span>_||><||_html:<span "
 "style='background-color: rgba(0.0, 165.0, 0, 0.15); border-radius: 3px;' "
 "title='1.0'>_||>\n"
 "<||_html:</span>_||><||_html:<span style='background-color: rgba(0.0, 165.0, "
 "0, 0.15); border-radius: 3px;' title='1.0'>_||>   "
 "<||_html:</span>_||><||_html:<span style='background-color: rgba(0.0, 165.0, "
 "0, 0.15); border-radius: 3px;' title='1.0'>_||> "
 "{<||_html:</span>_||><||_html:<span style='background-color: rgba(0.0, "
 "165.0, 0, 0.15); border-radius: 3px;' title='1.0'>_||>\n"
 "<||_html:</span>_||><||_html:<span style='background-color: rgba(0.0, 165.0, "
 "0, 0.15); border-radius: 3px;' title='1.0'>_||>     "
 "<||_html:</span>_||><||_html:<span style='background-color: rgba(0.0, 165.0, "
 "0, 0.15); border-radius: 3px;' title='1.0'>_||> "
 '"<||_html:</span>_||><||_html:<span style=\'background-color: rgba(0.0, '
 "165.0, 0, 0.15); border-radius: 3px;' "
 "title='1.0'>_||>type<||_html:</span>_||><||_html:<span "
 "style='background-color: rgba(0.0, 165.0, 0, 0.15); border-radius: 3px;' "
 'title=\'1.0\'>_||>":<||_html:</span>_||><||_html:<span '
 "style='background-color: rgba(0.0, 165.0, 0, 0.15); border-radius: 3px;' "
 'title=\'1.0\'>_||> "<||_html:</span>_||><||_html:<span '
 "style='background-color: rgba(0.0, 165.0, 0, 0.15); border-radius: 3px;' "
 "title='1.0'>_||>Query<||_html:</span>_||><||_html:<span "
 "style='background-color: rgba(0.0, 165.0, 0, 0.15); border-radius: 3px;' "
 'title=\'1.0\'>_||>",<||_html:</span>_||><||_html:<span '
 "style='background-color: rgba(0.0, 165.0, 0, 0.15); border-radius: 3px;' "
 "title='1.0'>_||>\n"
 "<||_html:</span>_||><||_html:<span style='background-color: rgba(0.0, 165.0, "
 "0, 0.15); border-radius: 3px;' title='1.0'>_||>     "
 "<||_html:</span>_||><||_html:<span style='background-color: rgba(0.0, 165.0, "
 "0, 0.15); border-radius: 3px;' title='1.0'>_||> "
 '"<||_html:</span>_||><||_html:<span style=\'background-color: rgba(0.0, '
 "165.0, 0, 0.15); border-radius: 3px;' "
 "title='1.0'>_||>field<||_html:</span>_||><||_html:<span "
 "style='background-color: rgba(0.0, 165.0, 0, 0.15); border-radius: 3px;' "
 'title=\'1.0\'>_||>":<||_html:</span>_||><||_html:<span '
 "style='background-color: rgba(0.0, 165.0, 0, 0.15); border-radius: 3px;' "
 'title=\'1.0\'>_||> "<||_html:</span>_||><||_html:<span '
 "style='background-color: rgba(0.0, 165.0, 0, 0.15); border-radius: 3px;' "
 "title='1.0'>_||>get<||_html:</span>_||><||_html:<span "
 "style='background-color: rgba(0.0, 165.0, 0, 0.15); border-radius: 3px;' "
 "title='1.0'>_||>Product<||_html:</span>_||><||_html:<span "
 "style='background-color: rgba(0.0, 165.0, 0, 0.15); border-radius: 3px;' "
 'title=\'1.0\'>_||>",<||_html:</span>_||><||_html:<span '
 "style='background-color: rgba(0.0, 165.0, 0, 0.15); border-radius: 3px;' "
 "title='1.0'>_||>\n"
 "<||_html:</span>_||><||_html:<span style='background-color: rgba(0.0, 165.0, "
 "0, 0.15); border-radius: 3px;' title='1.0'>_||>     "
 "<||_html:</span>_||><||_html:<span style='background-color: rgba(0.0, 165.0, "
 "0, 0.15); border-radius: 3px;' title='1.0'>_||> "
 '"<||_html:</span>_||><||_html:<span style=\'background-color: rgba(0.0, '
 "165.0, 0, 0.15); border-radius: 3px;' "
 "title='1.0'>_||>change<||_html:</span>_||><||_html:<span "
 "style='background-color: rgba(0.0, 165.0, 0, 0.15); border-radius: 3px;' "
 'title=\'1.0\'>_||>":<||_html:</span>_||><||_html:<span '
 "style='background-color: rgba(0.0, 165.0, 0, 0.15); border-radius: 3px;' "
 'title=\'1.0\'>_||> "<||_html:</span>_||><||_html:<span '
 "style='background-color: rgba(0.0, 165.0, 0, 0.15); border-radius: 3px;' "
 "title='1.0'>_||>field<||_html:</span>_||><||_html:<span "
 "style='background-color: rgba(0.0, 165.0, 0, 0.15); border-radius: 3px;' "
 "title='1.0'>_||> details<||_html:</span>_||><||_html:<span "
 "style='background-color: rgba(0.0, 165.0, 0, 0.15); border-radius: 3px;' "
 "title='1.0'>_||> added<||_html:</span>_||><||_html:<span "
 "style='background-color: rgba(0.0, 165.0, 0, 0.15); border-radius: 3px;' "
 'title=\'1.0\'>_||>",<||_html:</span>_||><||_html:<span '
 "style='background-color: rgba(0.0, 165.0, 0, 0.15); border-radius: 3px;' "
 "title='1.0'>_||>\n"
 "<||_html:</span>_||><||_html:<span style='background-color: rgba(0.0, 165.0, "
 "0, 0.15); border-radius: 3px;' title='1.0'>_||>     "
 "<||_html:</span>_||><||_html:<span style='background-color: rgba(0.0, 165.0, "
 "0, 0.15); border-radius: 3px;' title='1.0'>_||> "
 '"<||_html:</span>_||><||_html:<span style=\'background-color: rgba(0.0, '
 "165.0, 0, 0.15); border-radius: 3px;' "
 "title='1.0'>_||>breaking<||_html:</span>_||><||_html:<span "
 "style='background-color: rgba(0.0, 165.0, 0, 0.15); border-radius: 3px;' "
 'title=\'1.0\'>_||>":<||_html:</span>_||><||_html:<span '
 "style='background-color: rgba(0.0, 165.0, 0, 0.15); border-radius: 3px;' "
 'title=\'1.0\'>_||> "<||_html:</span>_||><||_html:<span '
 "style='background-color: rgba(0.0, 165.0, 0, 0.15); border-radius: 3px;' "
 "title='1.0'>_||>false<||_html:</span>_||><||_html:<span "
 "style='background-color: rgba(0.0, 165.0, 0, 0.15); border-radius: 3px;' "
 'title=\'1.0\'>_||>",<||_html:</span>_||><||_html:<span '
 "style='background-color: rgba(0.0, 165.0, 0, 0.15); border-radius: 3px;' "
 "title='1.0'>_||>\n"
 "<||_html:</span>_||><||_html:<span style='background-color: rgba(0.0, 165.0, "
 "0, 0.15); border-radius: 3px;' title='1.0'>_||>     "
 "<||_html:</span>_||><||_html:<span style='background-color: rgba(0.0, 165.0, "
 "0, 0.15); border-radius: 3px;' title='1.0'>_||> "
 '"<||_html:</span>_||><||_html:<span style=\'background-color: rgba(0.0, '
 "165.0, 0, 0.15); border-radius: 3px;' "
 "title='1.0'>_||>release<||_html:</span>_||><||_html:<span "
 "style='background-color: rgba(0.0, 165.0, 0, 0.15); border-radius: 3px;' "
 "title='1.0'>_||>_<||_html:</span>_||><||_html:<span style='background-color: "
 "rgba(0.0, 165.0, 0, 0.15); border-radius: 3px;' "
 "title='1.0'>_||>note<||_html:</span>_||><||_html:<span "
 "style='background-color: rgba(0.0, 165.0, 0, 0.15); border-radius: 3px;' "
 'title=\'1.0\'>_||>":<||_html:</span>_||><||_html:<span '
 "style='background-color: rgba(0.0, 165.0, 0, 0.15); border-radius: 3px;' "
 'title=\'1.0\'>_||> "<||_html:</span>_||><||_html:<span '
 "style='background-color: rgba(0.0, 165.0, 0, 0.15); border-radius: 3px;' "
 "title='1.0'>_||>The<||_html:</span>_||><||_html:<span "
 "style='background-color: rgba(0.0, 165.0, 0, 0.15); border-radius: 3px;' "
 "title='1.0'>_||> '<||_html:</span>_||><||_html:<span "
 "style='background-color: rgba(0.0, 165.0, 0, 0.15); border-radius: 3px;' "
 "title='1.0'>_||>get<||_html:</span>_||><||_html:<span "
 "style='background-color: rgba(0.0, 165.0, 0, 0.15); border-radius: 3px;' "
 "title='1.0'>_||>Product<||_html:</span>_||><||_html:<span "
 "style='background-color: rgba(0.0, 165.0, 0, 0.15); border-radius: 3px;' "
 "title='1.0'>_||>'<||_html:</span>_||><||_html:<span style='background-color: "
 "rgba(0.0, 165.0, 0, 0.15); border-radius: 3px;' title='1.0'>_||> "
 "query<||_html:</span>_||><||_html:<span style='background-color: rgba(0.0, "
 "165.0, 0, 0.15); border-radius: 3px;' title='1.0'>_||> "
 "now<||_html:</span>_||><||_html:<span style='background-color: rgba(0.0, "
 "165.0, 0, 0.15); border-radius: 3px;' title='1.0'>_||> "
 "includes<||_html:</span>_||><||_html:<span style='background-color: "
 "rgba(0.0, 165.0, 0, 0.15); border-radius: 3px;' title='1.0'>_||> "
 "a<||_html:</span>_||><||_html:<span style='background-color: rgba(0.0, "
 "165.0, 0, 0.15); border-radius: 3px;' title='1.0'>_||> "
 "new<||_html:</span>_||><||_html:<span style='background-color: rgba(0.0, "
 "165.0, 0, 0.15); border-radius: 3px;' title='1.0'>_||> "
 "field<||_html:</span>_||><||_html:<span style='background-color: rgba(0.0, "
 "165.0, 0, 0.15); border-radius: 3px;' title='1.0'>_||> "
 "'<||_html:</span>_||><||_html:<span style='background-color: rgba(0.0, "
 "165.0, 0, 0.15); border-radius: 3px;' "
 "title='1.0'>_||>details<||_html:</span>_||><||_html:<span "
 "style='background-color: rgba(0.0, 165.0, 0, 0.15); border-radius: 3px;' "
 "title='1.0'>_||>'<||_html:</span>_||><||_html:<span style='background-color: "
 "rgba(0.0, 165.0, 0, 0.15); border-radius: 3px;' title='1.0'>_||> "
 "of<||_html:</span>_||><||_html:<span style='background-color: rgba(0.0, "
 "165.0, 0, 0.15); border-radius: 3px;' title='1.0'>_||> "
 "type<||_html:</span>_||><||_html:<span style='background-color: rgba(0.0, "
 "165.0, 0, 0.15); border-radius: 3px;' title='1.0'>_||> "
 "String<||_html:</span>_||><||_html:<span style='background-color: rgba(0.0, "
 "165.0, 0, 0.15); border-radius: 3px;' "
 'title=\'1.0\'>_||>."<||_html:</span>_||><||_html:<span '
 "style='background-color: rgba(0.0, 165.0, 0, 0.15); border-radius: 3px;' "
 "title='1.0'>_||>\n"
 "<||_html:</span>_||><||_html:<span style='background-color: rgba(0.0, 165.0, "
 "0, 0.15); border-radius: 3px;' title='1.0'>_||>   "
 "<||_html:</span>_||><||_html:<span style='background-color: rgba(0.0, 165.0, "
 "0, 0.15); border-radius: 3px;' title='1.0'>_||> "
 "},<||_html:</span>_||><||_html:<span style='background-color: rgba(0.0, "
 "165.0, 0, 0.15); border-radius: 3px;' title='1.0'>_||>\n"
 "<||_html:</span>_||><||_html:<span style='background-color: rgba(0.0, 165.0, "
 "0, 0.15); border-radius: 3px;' title='1.0'>_||>   "
 "<||_html:</span>_||><||_html:<span style='background-color: rgba(0.0, 165.0, "
 "0, 0.15); border-radius: 3px;' title='1.0'>_||> "
 "{<||_html:</span>_||><||_html:<span style='background-color: rgba(0.0, "
 "165.0, 0, 0.15); border-radius: 3px;' title='1.0'>_||>\n"
 "<||_html:</span>_||><||_html:<span style='background-color: rgba(0.0, 165.0, "
 "0, 0.15); border-radius: 3px;' title='1.0'>_||>     "
 "<||_html:</span>_||><||_html:<span style='background-color: rgba(0.0, 165.0, "
 "0, 0.15); border-radius: 3px;' title='1.0'>_||> "
 '"<||_html:</span>_||><||_html:<span style=\'background-color: rgba(0.0, '
 "165.0, 0, 0.15); border-radius: 3px;' "
 "title='1.0'>_||>type<||_html:</span>_||><||_html:<span "
 "style='background-color: rgba(0.0, 165.0, 0, 0.15); border-radius: 3px;' "
 'title=\'1.0\'>_||>":<||_html:</span>_||><||_html:<span '
 "style='background-color: rgba(0.0, 165.0, 0, 0.15); border-radius: 3px;' "
 'title=\'1.0\'>_||> "<||_html:</span>_||><||_html:<span '
 "style='background-color: rgba(0.0, 165.0, 0, 0.15); border-radius: 3px;' "
 "title='1.0'>_||>Product<||_html:</span>_||><||_html:<span "
 "style='background-color: rgba(0.0, 165.0, 0, 0.15); border-radius: 3px;' "
 'title=\'1.0\'>_||>",<||_html:</span>_||><||_html:<span '
 "style='background-color: rgba(0.0, 165.0, 0, 0.15); border-radius: 3px;' "
 "title='1.0'>_||>\n"
 "<||_html:</span>_||><||_html:<span style='background-color: rgba(0.0, 165.0, "
 "0, 0.15); border-radius: 3px;' title='1.0'>_||>     "
 "<||_html:</span>_||><||_html:<span style='background-color: rgba(0.0, 165.0, "
 "0, 0.15); border-radius: 3px;' title='1.0'>_||> "
 '"<||_html:</span>_||><||_html:<span style=\'background-color: rgba(0.0, '
 "165.0, 0, 0.15); border-radius: 3px;' "
 "title='1.0'>_||>field<||_html:</span>_||><||_html:<span "
 "style='background-color: rgba(0.0, 165.0, 0, 0.15); border-radius: 3px;' "
 'title=\'1.0\'>_||>":<||_html:</span>_||><||_html:<span '
 "style='background-color: rgba(0.0, 165.0, 0, 0.15); border-radius: 3px;' "
 'title=\'1.0\'>_||> "<||_html:</span>_||><||_html:<span '
 "style='background-color: rgba(0.0, 165.0, 0, 0.15); border-radius: 3px;' "
 "title='1.0'>_||>description<||_html:</span>_||><||_html:<span "
 "style='background-color: rgba(0.0, 165.0, 0, 0.15); border-radius: 3px;' "
 'title=\'1.0\'>_||>",<||_html:</span>_||><||_html:<span '
 "style='background-color: rgba(0.0, 165.0, 0, 0.15); border-radius: 3px;' "
 "title='1.0'>_||>\n"
 "<||_html:</span>_||><||_html:<span style='background-color: rgba(0.0, 165.0, "
 "0, 0.15); border-radius: 3px;' title='1.0'>_||>     "
 "<||_html:</span>_||><||_html:<span style='background-color: rgba(0.0, 165.0, "
 "0, 0.15); border-radius: 3px;' title='1.0'>_||> "
 '"<||_html:</span>_||><||_html:<span style=\'background-color: rgba(0.0, '
 "165.0, 0, 0.15); border-radius: 3px;' "
 "title='1.0'>_||>change<||_html:</span>_||><||_html:<span "
 "style='background-color: rgba(0.0, 165.0, 0, 0.15); border-radius: 3px;' "
 'title=\'1.0\'>_||>":<||_html:</span>_||><||_html:<span '
 "style='background-color: rgba(0.0, 165.0, 0, 0.15); border-radius: 3px;' "
 'title=\'1.0\'>_||> "<||_html:</span>_||><||_html:<span '
 "style='background-color: rgba(0.0, 165.0, 0, 0.15); border-radius: 3px;' "
 "title='1.0'>_||>field<||_html:</span>_||><||_html:<span "
 "style='background-color: rgba(0.0, 165.0, 0, 0.15); border-radius: 3px;' "
 "title='1.0'>_||> removed<||_html:</span>_||><||_html:<span "
 "style='background-color: rgba(0.0, 165.0, 0, 0.15); border-radius: 3px;' "
 'title=\'1.0\'>_||>",<||_html:</span>_||><||_html:<span '
 "style='background-color: rgba(0.0, 165.0, 0, 0.15); border-radius: 3px;' "
 "title='1.0'>_||>\n"
 "<||_html:</span>_||><||_html:<span style='background-color: rgba(0.0, 165.0, "
 "0, 0.15); border-radius: 3px;' title='1.0'>_||>     "
 "<||_html:</span>_||><||_html:<span style='background-color: rgba(0.0, 165.0, "
 "0, 0.15); border-radius: 3px;' title='1.0'>_||> "
 '"<||_html:</span>_||><||_html:<span style=\'background-color: rgba(0.0, '
 "165.0, 0, 0.15); border-radius: 3px;' "
 "title='1.0'>_||>breaking<||_html:</span>_||><||_html:<span "
 "style='background-color: rgba(0.0, 165.0, 0, 0.15); border-radius: 3px;' "
 'title=\'1.0\'>_||>":<||_html:</span>_||><||_html:<span '
 "style='background-color: rgba(0.0, 165.0, 0, 0.15); border-radius: 3px;' "
 'title=\'1.0\'>_||> "<||_html:</span>_||><||_html:<span '
 "style='background-color: rgba(0.0, 165.0, 0, 0.15); border-radius: 3px;' "
 "title='1.0'>_||>true<||_html:</span>_||><||_html:<span "
 "style='background-color: rgba(0.0, 165.0, 0, 0.15); border-radius: 3px;' "
 'title=\'1.0\'>_||>",<||_html:</span>_||><||_html:<span '
 "style='background-color: rgba(0.0, 165.0, 0, 0.15); border-radius: 3px;' "
 "title='1.0'>_||>\n"
 "<||_html:</span>_||><||_html:<span style='background-color: rgba(0.0, 165.0, "
 "0, 0.15); border-radius: 3px;' title='1.0'>_||>     "
 "<||_html:</span>_||><||_html:<span style='background-color: rgba(0.0, 165.0, "
 "0, 0.15); border-radius: 3px;' title='1.0'>_||> "
 '"<||_html:</span>_||><||_html:<span style=\'background-color: rgba(0.0, '
 "165.0, 0, 0.15); border-radius: 3px;' "
 "title='1.0'>_||>release<||_html:</span>_||><||_html:<span "
 "style='background-color: rgba(0.0, 165.0, 0, 0.15); border-radius: 3px;' "
 "title='1.0'>_||>_<||_html:</span>_||><||_html:<span style='background-color: "
 "rgba(0.0, 165.0, 0, 0.15); border-radius: 3px;' "
 "title='1.0'>_||>note<||_html:</span>_||><||_html:<span "
 "style='background-color: rgba(0.0, 165.0, 0, 0.15); border-radius: 3px;' "
 'title=\'1.0\'>_||>":<||_html:</span>_||><||_html:<span '
 "style='background-color: rgba(0.0, 165.0, 0, 0.15); border-radius: 3px;' "
 'title=\'1.0\'>_||> "<||_html:</span>_||><||_html:<span '
 "style='background-color: rgba(0.0, 165.0, 0, 0.15); border-radius: 3px;' "
 "title='1.0'>_||>The<||_html:</span>_||><||_html:<span "
 "style='background-color: rgba(0.0, 165.0, 0, 0.15); border-radius: 3px;' "
 "title='1.0'>_||> '<||_html:</span>_||><||_html:<span "
 "style='background-color: rgba(0.0, 165.0, 0, 0.15); border-radius: 3px;' "
 "title='1.0'>_||>Product<||_html:</span>_||><||_html:<span "
 "style='background-color: rgba(0.0, 165.0, 0, 0.15); border-radius: 3px;' "
 "title='1.0'>_||>'<||_html:</span>_||><||_html:<span style='background-color: "
 "rgba(0.0, 165.0, 0, 0.15); border-radius: 3px;' title='1.0'>_||> "
 "type<||_html:</span>_||><||_html:<span style='background-color: rgba(0.0, "
 "165.0, 0, 0.15); border-radius: 3px;' title='1.0'>_||> "
 "no<||_html:</span>_||><||_html:<span style='background-color: rgba(0.0, "
 "165.0, 0, 0.15); border-radius: 3px;' title='1.0'>_||> "
 "longer<||_html:</span>_||><||_html:<span style='background-color: rgba(0.0, "
 "165.0, 0, 0.15); border-radius: 3px;' title='1.0'>_||> "
 "includes<||_html:</span>_||><||_html:<span style='background-color: "
 "rgba(0.0, 165.0, 0, 0.15); border-radius: 3px;' title='1.0'>_||> "
 "the<||_html:</span>_||><||_html:<span style='background-color: rgba(0.0, "
 "165.0, 0, 0.15); border-radius: 3px;' title='1.0'>_||> "
 "'<||_html:</span>_||><||_html:<span style='background-color: rgba(0.0, "
 "165.0, 0, 0.15); border-radius: 3px;' "
 "title='1.0'>_||>description<||_html:</span>_||><||_html:<span "
 "style='background-color: rgba(0.0, 165.0, 0, 0.15); border-radius: 3px;' "
 "title='1.0'>_||>'<||_html:</span>_||><||_html:<span style='background-color: "
 "rgba(0.0, 165.0, 0, 0.15); border-radius: 3px;' title='1.0'>_||> "
 "field<||_html:</span>_||><||_html:<span style='background-color: rgba(0.0, "
 "165.0, 0, 0.15); border-radius: 3px;' "
 'title=\'1.0\'>_||>."<||_html:</span>_||><||_html:<span '
 "style='background-color: rgba(0.0, 165.0, 0, 0.15); border-radius: 3px;' "
 "title='1.0'>_||>\n"
 "<||_html:</span>_||><||_html:<span style='background-color: rgba(0.0, 165.0, "
 "0, 0.15); border-radius: 3px;' title='1.0'>_||>   "
 "<||_html:</span>_||><||_html:<span style='background-color: rgba(0.0, 165.0, "
 "0, 0.15); border-radius: 3px;' title='1.0'>_||> "
 "},<||_html:</span>_||><||_html:<span style='background-color: rgba(0.0, "
 "165.0, 0, 0.15); border-radius: 3px;' title='1.0'>_||>\n"
 "<||_html:</span>_||><||_html:<span style='background-color: rgba(0.0, 165.0, "
 "0, 0.15); border-radius: 3px;' title='1.0'>_||>   "
 "<||_html:</span>_||><||_html:<span style='background-color: rgba(0.0, 165.0, "
 "0, 0.15); border-radius: 3px;' title='1.0'>_||> "
 "{<||_html:</span>_||><||_html:<span style='background-color: rgba(0.0, "
 "165.0, 0, 0.15); border-radius: 3px;' title='1.0'>_||>\n"
 "<||_html:</span>_||><||_html:<span style='background-color: rgba(0.0, 165.0, "
 "0, 0.15); border-radius: 3px;' title='1.0'>_||>     "
 "<||_html:</span>_||><||_html:<span style='background-color: rgba(0.0, 165.0, "
 "0, 0.15); border-radius: 3px;' title='1.0'>_||> "
 '"<||_html:</span>_||><||_html:<span style=\'background-color: rgba(0.0, '
 "165.0, 0, 0.15); border-radius: 3px;' "
 "title='1.0'>_||>type<||_html:</span>_||><||_html:<span "
 "style='background-color: rgba(0.0, 165.0, 0, 0.15); border-radius: 3px;' "
 'title=\'1.0\'>_||>":<||_html:</span>_||><||_html:<span '
 "style='background-color: rgba(0.0, 165.0, 0, 0.15); border-radius: 3px;' "
 'title=\'1.0\'>_||> "<||_html:</span>_||><||_html:<span '
 "style='background-color: rgba(0.0, 165.0, 0, 0.15); border-radius: 3px;' "
 "title='1.0'>_||>Product<||_html:</span>_||><||_html:<span "
 "style='background-color: rgba(0.0, 165.0, 0, 0.15); border-radius: 3px;' "
 'title=\'1.0\'>_||>",<||_html:</span>_||><||_html:<span '
 "style='background-color: rgba(0.0, 165.0, 0, 0.15); border-radius: 3px;' "
 "title='1.0'>_||>\n"
 "<||_html:</span>_||><||_html:<span style='background-color: rgba(0.0, 165.0, "
 "0, 0.15); border-radius: 3px;' title='1.0'>_||>     "
 "<||_html:</span>_||><||_html:<span style='background-color: rgba(0.0, 165.0, "
 "0, 0.15); border-radius: 3px;' title='1.0'>_||> "
 '"<||_html:</span>_||><||_html:<span style=\'background-color: rgba(0.0, '
 "165.0, 0, 0.15); border-radius: 3px;' "
 "title='1.0'>_||>field<||_html:</span>_||><||_html:<span "
 "style='background-color: rgba(0.0, 165.0, 0, 0.15); border-radius: 3px;' "
 'title=\'1.0\'>_||>":<||_html:</span>_||><||_html:<span '
 "style='background-color: rgba(0.0, 165.0, 0, 0.15); border-radius: 3px;' "
 'title=\'1.0\'>_||> "<||_html:</span>_||><||_html:<span '
 "style='background-color: rgba(0.0, 165.0, 0, 0.15); border-radius: 3px;' "
 "title='1.0'>_||>stock<||_html:</span>_||><||_html:<span "
 "style='background-color: rgba(0.0, 165.0, 0, 0.15); border-radius: 3px;' "
 'title=\'1.0\'>_||>",<||_html:</span>_||><||_html:<span '
 "style='background-color: rgba(0.0, 165.0, 0, 0.15); border-radius: 3px;' "
 "title='1.0'>_||>\n"
 "<||_html:</span>_||><||_html:<span style='background-color: rgba(0.0, 165.0, "
 "0, 0.15); border-radius: 3px;' title='1.0'>_||>     "
 "<||_html:</span>_||><||_html:<span style='background-color: rgba(0.0, 165.0, "
 "0, 0.15); border-radius: 3px;' title='1.0'>_||> "
 '"<||_html:</span>_||><||_html:<span style=\'background-color: rgba(0.0, '
 "165.0, 0, 0.15); border-radius: 3px;' "
 "title='1.0'>_||>change<||_html:</span>_||><||_html:<span "
 "style='background-color: rgba(0.0, 165.0, 0, 0.15); border-radius: 3px;' "
 'title=\'1.0\'>_||>":<||_html:</span>_||><||_html:<span '
 "style='background-color: rgba(0.0, 165.0, 0, 0.15); border-radius: 3px;' "
 'title=\'1.0\'>_||> "<||_html:</span>_||><||_html:<span '
 "style='background-color: rgba(0.0, 165.0, 0, 0.15); border-radius: 3px;' "
 "title='1.0'>_||>field<||_html:</span>_||><||_html:<span "
 "style='background-color: rgba(0.0, 165.0, 0, 0.15); border-radius: 3px;' "
 "title='1.0'>_||> removed<||_html:</span>_||><||_html:<span "
 "style='background-color: rgba(0.0, 165.0, 0, 0.15); border-radius: 3px;' "
 'title=\'1.0\'>_||>",<||_html:</span>_||><||_html:<span '
 "style='background-color: rgba(0.0, 165.0, 0, 0.15); border-radius: 3px;' "
 "title='1.0'>_||>\n"
 "<||_html:</span>_||><||_html:<span style='background-color: rgba(0.0, 165.0, "
 "0, 0.15); border-radius: 3px;' title='1.0'>_||>     "
 "<||_html:</span>_||><||_html:<span style='background-color: rgba(0.0, 165.0, "
 "0, 0.15); border-radius: 3px;' title='1.0'>_||> "
 '"<||_html:</span>_||><||_html:<span style=\'background-color: rgba(0.0, '
 "165.0, 0, 0.15); border-radius: 3px;' "
 "title='1.0'>_||>breaking<||_html:</span>_||><||_html:<span "
 "style='background-color: rgba(0.0, 165.0, 0, 0.15); border-radius: 3px;' "
 'title=\'1.0\'>_||>":<||_html:</span>_||><||_html:<span '
 "style='background-color: rgba(0.0, 165.0, 0, 0.15); border-radius: 3px;' "
 'title=\'1.0\'>_||> "<||_html:</span>_||><||_html:<span '
 "style='background-color: rgba(0.0, 165.0, 0, 0.15); border-radius: 3px;' "
 "title='1.0'>_||>true<||_html:</span>_||><||_html:<span "
 "style='background-color: rgba(0.0, 165.0, 0, 0.15); border-radius: 3px;' "
 'title=\'1.0\'>_||>",<||_html:</span>_||><||_html:<span '
 "style='background-color: rgba(0.0, 165.0, 0, 0.15); border-radius: 3px;' "
 "title='1.0'>_||>\n"
 "<||_html:</span>_||><||_html:<span style='background-color: rgba(0.0, 165.0, "
 "0, 0.15); border-radius: 3px;' title='1.0'>_||>     "
 "<||_html:</span>_||><||_html:<span style='background-color: rgba(0.0, 165.0, "
 "0, 0.15); border-radius: 3px;' title='1.0'>_||> "
 '"<||_html:</span>_||><||_html:<span style=\'background-color: rgba(0.0, '
 "165.0, 0, 0.15); border-radius: 3px;' "
 "title='1.0'>_||>release<||_html:</span>_||><||_html:<span "
 "style='background-color: rgba(0.0, 165.0, 0, 0.15); border-radius: 3px;' "
 "title='1.0'>_||>_<||_html:</span>_||><||_html:<span style='background-color: "
 "rgba(0.0, 165.0, 0, 0.15); border-radius: 3px;' "
 "title='1.0'>_||>note<||_html:</span>_||><||_html:<span "
 "style='background-color: rgba(0.0, 165.0, 0, 0.15); border-radius: 3px;' "
 'title=\'1.0\'>_||>":<||_html:</span>_||><||_html:<span '
 "style='background-color: rgba(0.0, 165.0, 0, 0.15); border-radius: 3px;' "
 'title=\'1.0\'>_||> "<||_html:</span>_||><||_html:<span '
 "style='background-color: rgba(0.0, 165.0, 0, 0.15); border-radius: 3px;' "
 "title='1.0'>_||>The<||_html:</span>_||><||_html:<span "
 "style='background-color: rgba(0.0, 165.0, 0, 0.15); border-radius: 3px;' "
 "title='1.0'>_||> '<||_html:</span>_||><||_html:<span "
 "style='background-color: rgba(0.0, 165.0, 0, 0.15); border-radius: 3px;' "
 "title='1.0'>_||>Product<||_html:</span>_||><||_html:<span "
 "style='background-color: rgba(0.0, 165.0, 0, 0.15); border-radius: 3px;' "
 "title='1.0'>_||>'<||_html:</span>_||><||_html:<span style='background-color: "
 "rgba(0.0, 165.0, 0, 0.15); border-radius: 3px;' title='1.0'>_||> "
 "type<||_html:</span>_||><||_html:<span style='background-color: rgba(0.0, "
 "165.0, 0, 0.15); border-radius: 3px;' title='1.0'>_||> "
 "no<||_html:</span>_||><||_html:<span style='background-color: rgba(0.0, "
 "165.0, 0, 0.15); border-radius: 3px;' title='1.0'>_||> "
 "longer<||_html:</span>_||><||_html:<span style='background-color: rgba(0.0, "
 "165.0, 0, 0.15); border-radius: 3px;' title='1.0'>_||> "
 "includes<||_html:</span>_||><||_html:<span style='background-color: "
 "rgba(0.0, 165.0, 0, 0.15); border-radius: 3px;' title='1.0'>_||> "
 "the<||_html:</span>_||><||_html:<span style='background-color: rgba(0.0, "
 "165.0, 0, 0.15); border-radius: 3px;' title='1.0'>_||> "
 "'<||_html:</span>_||><||_html:<span style='background-color: rgba(0.0, "
 "165.0, 0, 0.15); border-radius: 3px;' "
 "title='1.0'>_||>stock<||_html:</span>_||><||_html:<span "
 "style='background-color: rgba(0.0, 165.0, 0, 0.15); border-radius: 3px;' "
 "title='1.0'>_||>'<||_html:</span>_||><||_html:<span style='background-color: "
 "rgba(0.0, 165.0, 0, 0.15); border-radius: 3px;' title='1.0'>_||> "
 "field<||_html:</span>_||><||_html:<span style='background-color: rgba(0.0, "
 "165.0, 0, 0.15); border-radius: 3px;' "
 'title=\'1.0\'>_||>."<||_html:</span>_||><||_html:<span '
 "style='background-color: rgba(0.0, 165.0, 0, 0.15); border-radius: 3px;' "
 "title='1.0'>_||>\n"
 "<||_html:</span>_||><||_html:<span style='background-color: rgba(0.0, 165.0, "
 "0, 0.15); border-radius: 3px;' title='1.0'>_||>   "
 "<||_html:</span>_||><||_html:<span style='background-color: rgba(0.0, 165.0, "
 "0, 0.15); border-radius: 3px;' title='1.0'>_||> "
 "}<||_html:</span>_||><||_html:<span style='background-color: rgba(0.0, "
 "165.0, 0, 0.15); border-radius: 3px;' title='1.0'>_||>\n"
 "<||_html:</span>_||><||_html:<span style='background-color: rgba(0.0, 165.0, "
 "0, 0.15); border-radius: 3px;' title='1.0'>_||> "
 "<||_html:</span>_||><||_html:<span style='background-color: rgba(0.0, 165.0, "
 "0, 0.15); border-radius: 3px;' title='1.0'>_||> "
 "],<||_html:</span>_||><||_html:<span style='background-color: rgba(0.0, "
 "165.0, 0, 0.15); border-radius: 3px;' title='1.0'>_||>\n"
 "<||_html:</span>_||><||_html:<span style='background-color: rgba(0.0, 165.0, "
 "0, 0.15); border-radius: 3px;' title='1.0'>_||> "
 "<||_html:</span>_||><||_html:<span style='background-color: rgba(0.0, 165.0, "
 "0, 0.15); border-radius: 3px;' title='1.0'>_||> "
 '"<||_html:</span>_||><||_html:<span style=\'background-color: rgba(0.0, '
 "165.0, 0, 0.15); border-radius: 3px;' "
 "title='1.0'>_||>release<||_html:</span>_||><||_html:<span "
 "style='background-color: rgba(0.0, 165.0, 0, 0.15); border-radius: 3px;' "
 "title='1.0'>_||>_<||_html:</span>_||><||_html:<span style='background-color: "
 "rgba(0.0, 165.0, 0, 0.15); border-radius: 3px;' "
 "title='1.0'>_||>notes<||_html:</span>_||><||_html:<span "
 "style='background-color: rgba(0.0, 165.0, 0, 0.15); border-radius: 3px;' "
 'title=\'1.0\'>_||>":<||_html:</span>_||><||_html:<span '
 "style='background-color: rgba(0.0, 165.0, 0, 0.15); border-radius: 3px;' "
 "title='1.0'>_||> {<||_html:</span>_||><||_html:<span "
 "style='background-color: rgba(0.0, 165.0, 0, 0.15); border-radius: 3px;' "
 "title='1.0'>_||>\n"
 "<||_html:</span>_||><||_html:<span style='background-color: rgba(0.0, 165.0, "
 "0, 0.15); border-radius: 3px;' title='1.0'>_||>   "
 "<||_html:</span>_||><||_html:<span style='background-color: rgba(0.0, 165.0, "
 "0, 0.15); border-radius: 3px;' title='1.0'>_||> "
 '"<||_html:</span>_||><||_html:<span style=\'background-color: rgba(0.0, '
 "165.0, 0, 0.15); border-radius: 3px;' "
 "title='1.0'>_||>summary<||_html:</span>_||><||_html:<span "
 "style='background-color: rgba(0.0, 165.0, 0, 0.15); border-radius: 3px;' "
 'title=\'1.0\'>_||>":<||_html:</span>_||><||_html:<span '
 "style='background-color: rgba(0.0, 165.0, 0, 0.15); border-radius: 3px;' "
 'title=\'1.0\'>_||> "<||_html:</span>_||><||_html:<span '
 "style='background-color: rgba(0.0, 165.0, 0, 0.15); border-radius: 3px;' "
 "title='1.0'>_||>The<||_html:</span>_||><||_html:<span "
 "style='background-color: rgba(0.0, 165.0, 0, 0.15); border-radius: 3px;' "
 "title='1.0'>_||> '<||_html:</span>_||><||_html:<span "
 "style='background-color: rgba(0.0, 165.0, 0, 0.15); border-radius: 3px;' "
 "title='1.0'>_||>get<||_html:</span>_||><||_html:<span "
 "style='background-color: rgba(0.0, 165.0, 0, 0.15); border-radius: 3px;' "
 "title='1.0'>_||>Product<||_html:</span>_||><||_html:<span "
 "style='background-color: rgba(0.0, 165.0, 0, 0.15); border-radius: 3px;' "
 "title='1.0'>_||>'<||_html:</span>_||><||_html:<span style='background-color: "
 "rgba(0.0, 165.0, 0, 0.15); border-radius: 3px;' title='1.0'>_||> "
 "query<||_html:</span>_||><||_html:<span style='background-color: rgba(0.0, "
 "165.0, 0, 0.15); border-radius: 3px;' title='1.0'>_||> "
 "now<||_html:</span>_||><||_html:<span style='background-color: rgba(0.0, "
 "165.0, 0, 0.15); border-radius: 3px;' title='1.0'>_||> "
 "includes<||_html:</span>_||><||_html:<span style='background-color: "
 "rgba(0.0, 165.0, 0, 0.15); border-radius: 3px;' title='1.0'>_||> "
 "a<||_html:</span>_||><||_html:<span style='background-color: rgba(0.0, "
 "165.0, 0, 0.15); border-radius: 3px;' title='1.0'>_||> "
 "new<||_html:</span>_||><||_html:<span style='background-color: rgba(0.0, "
 "165.0, 0, 0.15); border-radius: 3px;' title='1.0'>_||> "
 "field<||_html:</span>_||><||_html:<span style='background-color: rgba(0.0, "
 "165.0, 0, 0.15); border-radius: 3px;' title='1.0'>_||> "
 "'<||_html:</span>_||><||_html:<span style='background-color: rgba(0.0, "
 "165.0, 0, 0.15); border-radius: 3px;' "
 "title='1.0'>_||>details<||_html:</span>_||><||_html:<span "
 "style='background-color: rgba(0.0, 165.0, 0, 0.15); border-radius: 3px;' "
 "title='1.0'>_||>'<||_html:</span>_||><||_html:<span style='background-color: "
 "rgba(0.0, 165.0, 0, 0.15); border-radius: 3px;' title='1.0'>_||> "
 "of<||_html:</span>_||><||_html:<span style='background-color: rgba(0.0, "
 "165.0, 0, 0.15); border-radius: 3px;' title='1.0'>_||> "
 "type<||_html:</span>_||><||_html:<span style='background-color: rgba(0.0, "
 "165.0, 0, 0.15); border-radius: 3px;' title='1.0'>_||> "
 "String<||_html:</span>_||><||_html:<span style='background-color: rgba(0.0, "
 "165.0, 0, 0.15); border-radius: 3px;' "
 "title='1.0'>_||>.<||_html:</span>_||><||_html:<span style='background-color: "
 "rgba(0.0, 165.0, 0, 0.15); border-radius: 3px;' title='1.0'>_||> "
 "The<||_html:</span>_||><||_html:<span style='background-color: rgba(0.0, "
 "165.0, 0, 0.15); border-radius: 3px;' title='1.0'>_||> "
 "'<||_html:</span>_||><||_html:<span style='background-color: rgba(0.0, "
 "165.0, 0, 0.15); border-radius: 3px;' "
 "title='1.0'>_||>Product<||_html:</span>_||><||_html:<span "
 "style='background-color: rgba(0.0, 165.0, 0, 0.15); border-radius: 3px;' "
 "title='1.0'>_||>'<||_html:</span>_||><||_html:<span style='background-color: "
 "rgba(0.0, 165.0, 0, 0.15); border-radius: 3px;' title='1.0'>_||> "
 "type<||_html:</span>_||><||_html:<span style='background-color: rgba(0.0, "
 "165.0, 0, 0.15); border-radius: 3px;' title='1.0'>_||> "
 "no<||_html:</span>_||><||_html:<span style='background-color: rgba(0.0, "
 "165.0, 0, 0.15); border-radius: 3px;' title='1.0'>_||>")
('Analyze the following two GraphQL schemas for changes, including both '
 'breaking and non-breaking changes.\n'
 '\n'
 '                        Provide your analysis in the following JSON format:\n'
 '                        {\n'
 '                          "changes": [\n'
 '                            {\n'
 '                              "type": "String representing the GraphQL type '
 '(e.g., Query, Mutation, Subscription)",\n'
 '                              "field": "String representing the specific '
 'field that changed",\n'
 '                              "change": "String describing the change (e.g., '
 'field renamed, new field added, field removed)",\n'
 '                              "breaking": "Boolean indicating if the change '
 'is breaking (true) or non-breaking (false)",\n'
 '                              "release_note": "String with a natural '
 'language description of the change for release notes"\n'
 '                            }\n'
 '                          ],\n'
 '                          "release_notes": {\n'
 '                              "summary": "String summarizing all changes, '
 'suitable for a mailing list or public announcement"\n'
 '                          }\n'
 '                        }\n'
 '\n'
 '                        When analyzing, consider the following types of '
 'changes:\n'
 '                        1. Removing fields or types (breaking)\n'
 '                        2. Changing field types (potentially breaking)\n'
 '                        3. Adding required fields (breaking)\n'
 '                        4. Changing the type of existing arguments '
 '(breaking)\n'
 '                        5. Adding optional fields (non-breaking)\n'
 '                        6. Adding new types (non-breaking)\n'
 '                        7. Deprecating fields (non-breaking)\n'
 '\n'
 '                        Ensure that each change is categorized correctly as '
 'breaking or non-breaking.: type Query {\n'
 '  getProduct(id: ID!): Product\n'
 '}\n'
 '\n'
 'type Product {\n'
 '  id: ID\n'
 '  name: String\n'
 '  description: String\n'
 '  price: Float\n'
 '  stock: Int\n'
 '}\n'
 ', type Query {\n'
 '  getProduct(id: ID!): Product\n'
 '}\n'
 '\n'
 'type Product {\n'
 '  id: ID\n'
 '  name: String\n'
 '  details: String\n'
 '  price: Float\n'
 '}\n'
 '\n'
 "Answer:<||_html:<span style='background-color: rgba(0.0, 165.0, 0, 0.15); "
 "border-radius: 3px;' title='1.0'>_||> {<||_html:</span>_||><||_html:<span "
 "style='background-color: rgba(0.0, 165.0, 0, 0.15); border-radius: 3px;' "
 "title='1.0'>_||>\n"
 "<||_html:</span>_||><||_html:<span style='background-color: rgba(0.0, 165.0, "
 "0, 0.15); border-radius: 3px;' title='1.0'>_||> "
 "<||_html:</span>_||><||_html:<span style='background-color: rgba(0.0, 165.0, "
 "0, 0.15); border-radius: 3px;' title='1.0'>_||> "
 '"<||_html:</span>_||><||_html:<span style=\'background-color: rgba(0.0, '
 "165.0, 0, 0.15); border-radius: 3px;' "
 "title='1.0'>_||>changes<||_html:</span>_||><||_html:<span "
 "style='background-color: rgba(0.0, 165.0, 0, 0.15); border-radius: 3px;' "
 'title=\'1.0\'>_||>":<||_html:</span>_||><||_html:<span '
 "style='background-color: rgba(0.0, 165.0, 0, 0.15); border-radius: 3px;' "
 "title='1.0'>_||> [<||_html:</span>_||><||_html:<span "
 "style='background-color: rgba(0.0, 165.0, 0, 0.15); border-radius: 3px;' "
 "title='1.0'>_||>\n"
 "<||_html:</span>_||><||_html:<span style='background-color: rgba(0.0, 165.0, "
 "0, 0.15); border-radius: 3px;' title='1.0'>_||>   "
 "<||_html:</span>_||><||_html:<span style='background-color: rgba(0.0, 165.0, "
 "0, 0.15); border-radius: 3px;' title='1.0'>_||> "
 "{<||_html:</span>_||><||_html:<span style='background-color: rgba(0.0, "
 "165.0, 0, 0.15); border-radius: 3px;' title='1.0'>_||>\n"
 "<||_html:</span>_||><||_html:<span style='background-color: rgba(0.0, 165.0, "
 "0, 0.15); border-radius: 3px;' title='1.0'>_||>     "
 "<||_html:</span>_||><||_html:<span style='background-color: rgba(0.0, 165.0, "
 "0, 0.15); border-radius: 3px;' title='1.0'>_||> "
 '"<||_html:</span>_||><||_html:<span style=\'background-color: rgba(0.0, '
 "165.0, 0, 0.15); border-radius: 3px;' "
 "title='1.0'>_||>type<||_html:</span>_||><||_html:<span "
 "style='background-color: rgba(0.0, 165.0, 0, 0.15); border-radius: 3px;' "
 'title=\'1.0\'>_||>":<||_html:</span>_||><||_html:<span '
 "style='background-color: rgba(0.0, 165.0, 0, 0.15); border-radius: 3px;' "
 'title=\'1.0\'>_||> "<||_html:</span>_||><||_html:<span '
 "style='background-color: rgba(0.0, 165.0, 0, 0.15); border-radius: 3px;' "
 "title='1.0'>_||>Query<||_html:</span>_||><||_html:<span "
 "style='background-color: rgba(0.0, 165.0, 0, 0.15); border-radius: 3px;' "
 'title=\'1.0\'>_||>",<||_html:</span>_||><||_html:<span '
 "style='background-color: rgba(0.0, 165.0, 0, 0.15); border-radius: 3px;' "
 "title='1.0'>_||>\n"
 "<||_html:</span>_||><||_html:<span style='background-color: rgba(0.0, 165.0, "
 "0, 0.15); border-radius: 3px;' title='1.0'>_||>     "
 "<||_html:</span>_||><||_html:<span style='background-color: rgba(0.0, 165.0, "
 "0, 0.15); border-radius: 3px;' title='1.0'>_||> "
 '"<||_html:</span>_||><||_html:<span style=\'background-color: rgba(0.0, '
 "165.0, 0, 0.15); border-radius: 3px;' "
 "title='1.0'>_||>field<||_html:</span>_||><||_html:<span "
 "style='background-color: rgba(0.0, 165.0, 0, 0.15); border-radius: 3px;' "
 'title=\'1.0\'>_||>":<||_html:</span>_||><||_html:<span '
 "style='background-color: rgba(0.0, 165.0, 0, 0.15); border-radius: 3px;' "
 'title=\'1.0\'>_||> "<||_html:</span>_||><||_html:<span '
 "style='background-color: rgba(0.0, 165.0, 0, 0.15); border-radius: 3px;' "
 "title='1.0'>_||>get<||_html:</span>_||><||_html:<span "
 "style='background-color: rgba(0.0, 165.0, 0, 0.15); border-radius: 3px;' "
 "title='1.0'>_||>Product<||_html:</span>_||><||_html:<span "
 "style='background-color: rgba(0.0, 165.0, 0, 0.15); border-radius: 3px;' "
 'title=\'1.0\'>_||>",<||_html:</span>_||><||_html:<span '
 "style='background-color: rgba(0.0, 165.0, 0, 0.15); border-radius: 3px;' "
 "title='1.0'>_||>\n"
 "<||_html:</span>_||><||_html:<span style='background-color: rgba(0.0, 165.0, "
 "0, 0.15); border-radius: 3px;' title='1.0'>_||>     "
 "<||_html:</span>_||><||_html:<span style='background-color: rgba(0.0, 165.0, "
 "0, 0.15); border-radius: 3px;' title='1.0'>_||> "
 '"<||_html:</span>_||><||_html:<span style=\'background-color: rgba(0.0, '
 "165.0, 0, 0.15); border-radius: 3px;' "
 "title='1.0'>_||>change<||_html:</span>_||><||_html:<span "
 "style='background-color: rgba(0.0, 165.0, 0, 0.15); border-radius: 3px;' "
 'title=\'1.0\'>_||>":<||_html:</span>_||><||_html:<span '
 "style='background-color: rgba(0.0, 165.0, 0, 0.15); border-radius: 3px;' "
 'title=\'1.0\'>_||> "<||_html:</span>_||><||_html:<span '
 "style='background-color: rgba(0.0, 165.0, 0, 0.15); border-radius: 3px;' "
 "title='1.0'>_||>field<||_html:</span>_||><||_html:<span "
 "style='background-color: rgba(0.0, 165.0, 0, 0.15); border-radius: 3px;' "
 "title='1.0'>_||> details<||_html:</span>_||><||_html:<span "
 "style='background-color: rgba(0.0, 165.0, 0, 0.15); border-radius: 3px;' "
 "title='1.0'>_||> added<||_html:</span>_||><||_html:<span "
 "style='background-color: rgba(0.0, 165.0, 0, 0.15); border-radius: 3px;' "
 'title=\'1.0\'>_||>",<||_html:</span>_||><||_html:<span '
 "style='background-color: rgba(0.0, 165.0, 0, 0.15); border-radius: 3px;' "
 "title='1.0'>_||>\n"
 "<||_html:</span>_||><||_html:<span style='background-color: rgba(0.0, 165.0, "
 "0, 0.15); border-radius: 3px;' title='1.0'>_||>     "
 "<||_html:</span>_||><||_html:<span style='background-color: rgba(0.0, 165.0, "
 "0, 0.15); border-radius: 3px;' title='1.0'>_||> "
 '"<||_html:</span>_||><||_html:<span style=\'background-color: rgba(0.0, '
 "165.0, 0, 0.15); border-radius: 3px;' "
 "title='1.0'>_||>breaking<||_html:</span>_||><||_html:<span "
 "style='background-color: rgba(0.0, 165.0, 0, 0.15); border-radius: 3px;' "
 'title=\'1.0\'>_||>":<||_html:</span>_||><||_html:<span '
 "style='background-color: rgba(0.0, 165.0, 0, 0.15); border-radius: 3px;' "
 'title=\'1.0\'>_||> "<||_html:</span>_||><||_html:<span '
 "style='background-color: rgba(0.0, 165.0, 0, 0.15); border-radius: 3px;' "
 "title='1.0'>_||>false<||_html:</span>_||><||_html:<span "
 "style='background-color: rgba(0.0, 165.0, 0, 0.15); border-radius: 3px;' "
 'title=\'1.0\'>_||>",<||_html:</span>_||><||_html:<span '
 "style='background-color: rgba(0.0, 165.0, 0, 0.15); border-radius: 3px;' "
 "title='1.0'>_||>\n"
 "<||_html:</span>_||><||_html:<span style='background-color: rgba(0.0, 165.0, "
 "0, 0.15); border-radius: 3px;' title='1.0'>_||>     "
 "<||_html:</span>_||><||_html:<span style='background-color: rgba(0.0, 165.0, "
 "0, 0.15); border-radius: 3px;' title='1.0'>_||> "
 '"<||_html:</span>_||><||_html:<span style=\'background-color: rgba(0.0, '
 "165.0, 0, 0.15); border-radius: 3px;' "
 "title='1.0'>_||>release<||_html:</span>_||><||_html:<span "
 "style='background-color: rgba(0.0, 165.0, 0, 0.15); border-radius: 3px;' "
 "title='1.0'>_||>_<||_html:</span>_||><||_html:<span style='background-color: "
 "rgba(0.0, 165.0, 0, 0.15); border-radius: 3px;' "
 "title='1.0'>_||>note<||_html:</span>_||><||_html:<span "
 "style='background-color: rgba(0.0, 165.0, 0, 0.15); border-radius: 3px;' "
 'title=\'1.0\'>_||>":<||_html:</span>_||><||_html:<span '
 "style='background-color: rgba(0.0, 165.0, 0, 0.15); border-radius: 3px;' "
 'title=\'1.0\'>_||> "<||_html:</span>_||><||_html:<span '
 "style='background-color: rgba(0.0, 165.0, 0, 0.15); border-radius: 3px;' "
 "title='1.0'>_||>The<||_html:</span>_||><||_html:<span "
 "style='background-color: rgba(0.0, 165.0, 0, 0.15); border-radius: 3px;' "
 "title='1.0'>_||> '<||_html:</span>_||><||_html:<span "
 "style='background-color: rgba(0.0, 165.0, 0, 0.15); border-radius: 3px;' "
 "title='1.0'>_||>get<||_html:</span>_||><||_html:<span "
 "style='background-color: rgba(0.0, 165.0, 0, 0.15); border-radius: 3px;' "
 "title='1.0'>_||>Product<||_html:</span>_||><||_html:<span "
 "style='background-color: rgba(0.0, 165.0, 0, 0.15); border-radius: 3px;' "
 "title='1.0'>_||>'<||_html:</span>_||><||_html:<span style='background-color: "
 "rgba(0.0, 165.0, 0, 0.15); border-radius: 3px;' title='1.0'>_||> "
 "query<||_html:</span>_||><||_html:<span style='background-color: rgba(0.0, "
 "165.0, 0, 0.15); border-radius: 3px;' title='1.0'>_||> "
 "now<||_html:</span>_||><||_html:<span style='background-color: rgba(0.0, "
 "165.0, 0, 0.15); border-radius: 3px;' title='1.0'>_||> "
 "includes<||_html:</span>_||><||_html:<span style='background-color: "
 "rgba(0.0, 165.0, 0, 0.15); border-radius: 3px;' title='1.0'>_||> "
 "a<||_html:</span>_||><||_html:<span style='background-color: rgba(0.0, "
 "165.0, 0, 0.15); border-radius: 3px;' title='1.0'>_||> "
 "new<||_html:</span>_||><||_html:<span style='background-color: rgba(0.0, "
 "165.0, 0, 0.15); border-radius: 3px;' title='1.0'>_||> "
 "field<||_html:</span>_||><||_html:<span style='background-color: rgba(0.0, "
 "165.0, 0, 0.15); border-radius: 3px;' title='1.0'>_||> "
 "'<||_html:</span>_||><||_html:<span style='background-color: rgba(0.0, "
 "165.0, 0, 0.15); border-radius: 3px;' "
 "title='1.0'>_||>details<||_html:</span>_||><||_html:<span "
 "style='background-color: rgba(0.0, 165.0, 0, 0.15); border-radius: 3px;' "
 "title='1.0'>_||>'<||_html:</span>_||><||_html:<span style='background-color: "
 "rgba(0.0, 165.0, 0, 0.15); border-radius: 3px;' title='1.0'>_||> "
 "of<||_html:</span>_||><||_html:<span style='background-color: rgba(0.0, "
 "165.0, 0, 0.15); border-radius: 3px;' title='1.0'>_||> "
 "type<||_html:</span>_||><||_html:<span style='background-color: rgba(0.0, "
 "165.0, 0, 0.15); border-radius: 3px;' title='1.0'>_||> "
 "String<||_html:</span>_||><||_html:<span style='background-color: rgba(0.0, "
 "165.0, 0, 0.15); border-radius: 3px;' "
 'title=\'1.0\'>_||>."<||_html:</span>_||><||_html:<span '
 "style='background-color: rgba(0.0, 165.0, 0, 0.15); border-radius: 3px;' "
 "title='1.0'>_||>\n"
 "<||_html:</span>_||><||_html:<span style='background-color: rgba(0.0, 165.0, "
 "0, 0.15); border-radius: 3px;' title='1.0'>_||>   "
 "<||_html:</span>_||><||_html:<span style='background-color: rgba(0.0, 165.0, "
 "0, 0.15); border-radius: 3px;' title='1.0'>_||> "
 "},<||_html:</span>_||><||_html:<span style='background-color: rgba(0.0, "
 "165.0, 0, 0.15); border-radius: 3px;' title='1.0'>_||>\n"
 "<||_html:</span>_||><||_html:<span style='background-color: rgba(0.0, 165.0, "
 "0, 0.15); border-radius: 3px;' title='1.0'>_||>   "
 "<||_html:</span>_||><||_html:<span style='background-color: rgba(0.0, 165.0, "
 "0, 0.15); border-radius: 3px;' title='1.0'>_||> "
 "{<||_html:</span>_||><||_html:<span style='background-color: rgba(0.0, "
 "165.0, 0, 0.15); border-radius: 3px;' title='1.0'>_||>\n"
 "<||_html:</span>_||><||_html:<span style='background-color: rgba(0.0, 165.0, "
 "0, 0.15); border-radius: 3px;' title='1.0'>_||>     "
 "<||_html:</span>_||><||_html:<span style='background-color: rgba(0.0, 165.0, "
 "0, 0.15); border-radius: 3px;' title='1.0'>_||> "
 '"<||_html:</span>_||><||_html:<span style=\'background-color: rgba(0.0, '
 "165.0, 0, 0.15); border-radius: 3px;' "
 "title='1.0'>_||>type<||_html:</span>_||><||_html:<span "
 "style='background-color: rgba(0.0, 165.0, 0, 0.15); border-radius: 3px;' "
 'title=\'1.0\'>_||>":<||_html:</span>_||><||_html:<span '
 "style='background-color: rgba(0.0, 165.0, 0, 0.15); border-radius: 3px;' "
 'title=\'1.0\'>_||> "<||_html:</span>_||><||_html:<span '
 "style='background-color: rgba(0.0, 165.0, 0, 0.15); border-radius: 3px;' "
 "title='1.0'>_||>Product<||_html:</span>_||><||_html:<span "
 "style='background-color: rgba(0.0, 165.0, 0, 0.15); border-radius: 3px;' "
 'title=\'1.0\'>_||>",<||_html:</span>_||><||_html:<span '
 "style='background-color: rgba(0.0, 165.0, 0, 0.15); border-radius: 3px;' "
 "title='1.0'>_||>\n"
 "<||_html:</span>_||><||_html:<span style='background-color: rgba(0.0, 165.0, "
 "0, 0.15); border-radius: 3px;' title='1.0'>_||>     "
 "<||_html:</span>_||><||_html:<span style='background-color: rgba(0.0, 165.0, "
 "0, 0.15); border-radius: 3px;' title='1.0'>_||> "
 '"<||_html:</span>_||><||_html:<span style=\'background-color: rgba(0.0, '
 "165.0, 0, 0.15); border-radius: 3px;' "
 "title='1.0'>_||>field<||_html:</span>_||><||_html:<span "
 "style='background-color: rgba(0.0, 165.0, 0, 0.15); border-radius: 3px;' "
 'title=\'1.0\'>_||>":<||_html:</span>_||><||_html:<span '
 "style='background-color: rgba(0.0, 165.0, 0, 0.15); border-radius: 3px;' "
 'title=\'1.0\'>_||> "<||_html:</span>_||><||_html:<span '
 "style='background-color: rgba(0.0, 165.0, 0, 0.15); border-radius: 3px;' "
 "title='1.0'>_||>description<||_html:</span>_||><||_html:<span "
 "style='background-color: rgba(0.0, 165.0, 0, 0.15); border-radius: 3px;' "
 'title=\'1.0\'>_||>",<||_html:</span>_||><||_html:<span '
 "style='background-color: rgba(0.0, 165.0, 0, 0.15); border-radius: 3px;' "
 "title='1.0'>_||>\n"
 "<||_html:</span>_||><||_html:<span style='background-color: rgba(0.0, 165.0, "
 "0, 0.15); border-radius: 3px;' title='1.0'>_||>     "
 "<||_html:</span>_||><||_html:<span style='background-color: rgba(0.0, 165.0, "
 "0, 0.15); border-radius: 3px;' title='1.0'>_||> "
 '"<||_html:</span>_||><||_html:<span style=\'background-color: rgba(0.0, '
 "165.0, 0, 0.15); border-radius: 3px;' "
 "title='1.0'>_||>change<||_html:</span>_||><||_html:<span "
 "style='background-color: rgba(0.0, 165.0, 0, 0.15); border-radius: 3px;' "
 'title=\'1.0\'>_||>":<||_html:</span>_||><||_html:<span '
 "style='background-color: rgba(0.0, 165.0, 0, 0.15); border-radius: 3px;' "
 'title=\'1.0\'>_||> "<||_html:</span>_||><||_html:<span '
 "style='background-color: rgba(0.0, 165.0, 0, 0.15); border-radius: 3px;' "
 "title='1.0'>_||>field<||_html:</span>_||><||_html:<span "
 "style='background-color: rgba(0.0, 165.0, 0, 0.15); border-radius: 3px;' "
 "title='1.0'>_||> removed<||_html:</span>_||><||_html:<span "
 "style='background-color: rgba(0.0, 165.0, 0, 0.15); border-radius: 3px;' "
 'title=\'1.0\'>_||>",<||_html:</span>_||><||_html:<span '
 "style='background-color: rgba(0.0, 165.0, 0, 0.15); border-radius: 3px;' "
 "title='1.0'>_||>\n"
 "<||_html:</span>_||><||_html:<span style='background-color: rgba(0.0, 165.0, "
 "0, 0.15); border-radius: 3px;' title='1.0'>_||>     "
 "<||_html:</span>_||><||_html:<span style='background-color: rgba(0.0, 165.0, "
 "0, 0.15); border-radius: 3px;' title='1.0'>_||> "
 '"<||_html:</span>_||><||_html:<span style=\'background-color: rgba(0.0, '
 "165.0, 0, 0.15); border-radius: 3px;' "
 "title='1.0'>_||>breaking<||_html:</span>_||><||_html:<span "
 "style='background-color: rgba(0.0, 165.0, 0, 0.15); border-radius: 3px;' "
 'title=\'1.0\'>_||>":<||_html:</span>_||><||_html:<span '
 "style='background-color: rgba(0.0, 165.0, 0, 0.15); border-radius: 3px;' "
 'title=\'1.0\'>_||> "<||_html:</span>_||><||_html:<span '
 "style='background-color: rgba(0.0, 165.0, 0, 0.15); border-radius: 3px;' "
 "title='1.0'>_||>true<||_html:</span>_||><||_html:<span "
 "style='background-color: rgba(0.0, 165.0, 0, 0.15); border-radius: 3px;' "
 'title=\'1.0\'>_||>",<||_html:</span>_||><||_html:<span '
 "style='background-color: rgba(0.0, 165.0, 0, 0.15); border-radius: 3px;' "
 "title='1.0'>_||>\n"
 "<||_html:</span>_||><||_html:<span style='background-color: rgba(0.0, 165.0, "
 "0, 0.15); border-radius: 3px;' title='1.0'>_||>     "
 "<||_html:</span>_||><||_html:<span style='background-color: rgba(0.0, 165.0, "
 "0, 0.15); border-radius: 3px;' title='1.0'>_||> "
 '"<||_html:</span>_||><||_html:<span style=\'background-color: rgba(0.0, '
 "165.0, 0, 0.15); border-radius: 3px;' "
 "title='1.0'>_||>release<||_html:</span>_||><||_html:<span "
 "style='background-color: rgba(0.0, 165.0, 0, 0.15); border-radius: 3px;' "
 "title='1.0'>_||>_<||_html:</span>_||><||_html:<span style='background-color: "
 "rgba(0.0, 165.0, 0, 0.15); border-radius: 3px;' "
 "title='1.0'>_||>note<||_html:</span>_||><||_html:<span "
 "style='background-color: rgba(0.0, 165.0, 0, 0.15); border-radius: 3px;' "
 'title=\'1.0\'>_||>":<||_html:</span>_||><||_html:<span '
 "style='background-color: rgba(0.0, 165.0, 0, 0.15); border-radius: 3px;' "
 'title=\'1.0\'>_||> "<||_html:</span>_||><||_html:<span '
 "style='background-color: rgba(0.0, 165.0, 0, 0.15); border-radius: 3px;' "
 "title='1.0'>_||>The<||_html:</span>_||><||_html:<span "
 "style='background-color: rgba(0.0, 165.0, 0, 0.15); border-radius: 3px;' "
 "title='1.0'>_||> '<||_html:</span>_||><||_html:<span "
 "style='background-color: rgba(0.0, 165.0, 0, 0.15); border-radius: 3px;' "
 "title='1.0'>_||>Product<||_html:</span>_||><||_html:<span "
 "style='background-color: rgba(0.0, 165.0, 0, 0.15); border-radius: 3px;' "
 "title='1.0'>_||>'<||_html:</span>_||><||_html:<span style='background-color: "
 "rgba(0.0, 165.0, 0, 0.15); border-radius: 3px;' title='1.0'>_||> "
 "type<||_html:</span>_||><||_html:<span style='background-color: rgba(0.0, "
 "165.0, 0, 0.15); border-radius: 3px;' title='1.0'>_||> "
 "no<||_html:</span>_||><||_html:<span style='background-color: rgba(0.0, "
 "165.0, 0, 0.15); border-radius: 3px;' title='1.0'>_||> "
 "longer<||_html:</span>_||><||_html:<span style='background-color: rgba(0.0, "
 "165.0, 0, 0.15); border-radius: 3px;' title='1.0'>_||> "
 "includes<||_html:</span>_||><||_html:<span style='background-color: "
 "rgba(0.0, 165.0, 0, 0.15); border-radius: 3px;' title='1.0'>_||> "
 "the<||_html:</span>_||><||_html:<span style='background-color: rgba(0.0, "
 "165.0, 0, 0.15); border-radius: 3px;' title='1.0'>_||> "
 "'<||_html:</span>_||><||_html:<span style='background-color: rgba(0.0, "
 "165.0, 0, 0.15); border-radius: 3px;' "
 "title='1.0'>_||>description<||_html:</span>_||><||_html:<span "
 "style='background-color: rgba(0.0, 165.0, 0, 0.15); border-radius: 3px;' "
 "title='1.0'>_||>'<||_html:</span>_||><||_html:<span style='background-color: "
 "rgba(0.0, 165.0, 0, 0.15); border-radius: 3px;' title='1.0'>_||> "
 "field<||_html:</span>_||><||_html:<span style='background-color: rgba(0.0, "
 "165.0, 0, 0.15); border-radius: 3px;' "
 'title=\'1.0\'>_||>."<||_html:</span>_||><||_html:<span '
 "style='background-color: rgba(0.0, 165.0, 0, 0.15); border-radius: 3px;' "
 "title='1.0'>_||>\n"
 "<||_html:</span>_||><||_html:<span style='background-color: rgba(0.0, 165.0, "
 "0, 0.15); border-radius: 3px;' title='1.0'>_||>   "
 "<||_html:</span>_||><||_html:<span style='background-color: rgba(0.0, 165.0, "
 "0, 0.15); border-radius: 3px;' title='1.0'>_||> "
 "},<||_html:</span>_||><||_html:<span style='background-color: rgba(0.0, "
 "165.0, 0, 0.15); border-radius: 3px;' title='1.0'>_||>\n"
 "<||_html:</span>_||><||_html:<span style='background-color: rgba(0.0, 165.0, "
 "0, 0.15); border-radius: 3px;' title='1.0'>_||>   "
 "<||_html:</span>_||><||_html:<span style='background-color: rgba(0.0, 165.0, "
 "0, 0.15); border-radius: 3px;' title='1.0'>_||> "
 "{<||_html:</span>_||><||_html:<span style='background-color: rgba(0.0, "
 "165.0, 0, 0.15); border-radius: 3px;' title='1.0'>_||>\n"
 "<||_html:</span>_||><||_html:<span style='background-color: rgba(0.0, 165.0, "
 "0, 0.15); border-radius: 3px;' title='1.0'>_||>     "
 "<||_html:</span>_||><||_html:<span style='background-color: rgba(0.0, 165.0, "
 "0, 0.15); border-radius: 3px;' title='1.0'>_||> "
 '"<||_html:</span>_||><||_html:<span style=\'background-color: rgba(0.0, '
 "165.0, 0, 0.15); border-radius: 3px;' "
 "title='1.0'>_||>type<||_html:</span>_||><||_html:<span "
 "style='background-color: rgba(0.0, 165.0, 0, 0.15); border-radius: 3px;' "
 'title=\'1.0\'>_||>":<||_html:</span>_||><||_html:<span '
 "style='background-color: rgba(0.0, 165.0, 0, 0.15); border-radius: 3px;' "
 'title=\'1.0\'>_||> "<||_html:</span>_||><||_html:<span '
 "style='background-color: rgba(0.0, 165.0, 0, 0.15); border-radius: 3px;' "
 "title='1.0'>_||>Product<||_html:</span>_||><||_html:<span "
 "style='background-color: rgba(0.0, 165.0, 0, 0.15); border-radius: 3px;' "
 'title=\'1.0\'>_||>",<||_html:</span>_||><||_html:<span '
 "style='background-color: rgba(0.0, 165.0, 0, 0.15); border-radius: 3px;' "
 "title='1.0'>_||>\n"
 "<||_html:</span>_||><||_html:<span style='background-color: rgba(0.0, 165.0, "
 "0, 0.15); border-radius: 3px;' title='1.0'>_||>     "
 "<||_html:</span>_||><||_html:<span style='background-color: rgba(0.0, 165.0, "
 "0, 0.15); border-radius: 3px;' title='1.0'>_||> "
 '"<||_html:</span>_||><||_html:<span style=\'background-color: rgba(0.0, '
 "165.0, 0, 0.15); border-radius: 3px;' "
 "title='1.0'>_||>field<||_html:</span>_||><||_html:<span "
 "style='background-color: rgba(0.0, 165.0, 0, 0.15); border-radius: 3px;' "
 'title=\'1.0\'>_||>":<||_html:</span>_||><||_html:<span '
 "style='background-color: rgba(0.0, 165.0, 0, 0.15); border-radius: 3px;' "
 'title=\'1.0\'>_||> "<||_html:</span>_||><||_html:<span '
 "style='background-color: rgba(0.0, 165.0, 0, 0.15); border-radius: 3px;' "
 "title='1.0'>_||>stock<||_html:</span>_||><||_html:<span "
 "style='background-color: rgba(0.0, 165.0, 0, 0.15); border-radius: 3px;' "
 'title=\'1.0\'>_||>",<||_html:</span>_||><||_html:<span '
 "style='background-color: rgba(0.0, 165.0, 0, 0.15); border-radius: 3px;' "
 "title='1.0'>_||>\n"
 "<||_html:</span>_||><||_html:<span style='background-color: rgba(0.0, 165.0, "
 "0, 0.15); border-radius: 3px;' title='1.0'>_||>     "
 "<||_html:</span>_||><||_html:<span style='background-color: rgba(0.0, 165.0, "
 "0, 0.15); border-radius: 3px;' title='1.0'>_||> "
 '"<||_html:</span>_||><||_html:<span style=\'background-color: rgba(0.0, '
 "165.0, 0, 0.15); border-radius: 3px;' "
 "title='1.0'>_||>change<||_html:</span>_||><||_html:<span "
 "style='background-color: rgba(0.0, 165.0, 0, 0.15); border-radius: 3px;' "
 'title=\'1.0\'>_||>":<||_html:</span>_||><||_html:<span '
 "style='background-color: rgba(0.0, 165.0, 0, 0.15); border-radius: 3px;' "
 'title=\'1.0\'>_||> "<||_html:</span>_||><||_html:<span '
 "style='background-color: rgba(0.0, 165.0, 0, 0.15); border-radius: 3px;' "
 "title='1.0'>_||>field<||_html:</span>_||><||_html:<span "
 "style='background-color: rgba(0.0, 165.0, 0, 0.15); border-radius: 3px;' "
 "title='1.0'>_||> removed<||_html:</span>_||><||_html:<span "
 "style='background-color: rgba(0.0, 165.0, 0, 0.15); border-radius: 3px;' "
 'title=\'1.0\'>_||>",<||_html:</span>_||><||_html:<span '
 "style='background-color: rgba(0.0, 165.0, 0, 0.15); border-radius: 3px;' "
 "title='1.0'>_||>\n"
 "<||_html:</span>_||><||_html:<span style='background-color: rgba(0.0, 165.0, "
 "0, 0.15); border-radius: 3px;' title='1.0'>_||>     "
 "<||_html:</span>_||><||_html:<span style='background-color: rgba(0.0, 165.0, "
 "0, 0.15); border-radius: 3px;' title='1.0'>_||> "
 '"<||_html:</span>_||><||_html:<span style=\'background-color: rgba(0.0, '
 "165.0, 0, 0.15); border-radius: 3px;' "
 "title='1.0'>_||>breaking<||_html:</span>_||><||_html:<span "
 "style='background-color: rgba(0.0, 165.0, 0, 0.15); border-radius: 3px;' "
 'title=\'1.0\'>_||>":<||_html:</span>_||><||_html:<span '
 "style='background-color: rgba(0.0, 165.0, 0, 0.15); border-radius: 3px;' "
 'title=\'1.0\'>_||> "<||_html:</span>_||><||_html:<span '
 "style='background-color: rgba(0.0, 165.0, 0, 0.15); border-radius: 3px;' "
 "title='1.0'>_||>true<||_html:</span>_||><||_html:<span "
 "style='background-color: rgba(0.0, 165.0, 0, 0.15); border-radius: 3px;' "
 'title=\'1.0\'>_||>",<||_html:</span>_||><||_html:<span '
 "style='background-color: rgba(0.0, 165.0, 0, 0.15); border-radius: 3px;' "
 "title='1.0'>_||>\n"
 "<||_html:</span>_||><||_html:<span style='background-color: rgba(0.0, 165.0, "
 "0, 0.15); border-radius: 3px;' title='1.0'>_||>     "
 "<||_html:</span>_||><||_html:<span style='background-color: rgba(0.0, 165.0, "
 "0, 0.15); border-radius: 3px;' title='1.0'>_||> "
 '"<||_html:</span>_||><||_html:<span style=\'background-color: rgba(0.0, '
 "165.0, 0, 0.15); border-radius: 3px;' "
 "title='1.0'>_||>release<||_html:</span>_||><||_html:<span "
 "style='background-color: rgba(0.0, 165.0, 0, 0.15); border-radius: 3px;' "
 "title='1.0'>_||>_<||_html:</span>_||><||_html:<span style='background-color: "
 "rgba(0.0, 165.0, 0, 0.15); border-radius: 3px;' "
 "title='1.0'>_||>note<||_html:</span>_||><||_html:<span "
 "style='background-color: rgba(0.0, 165.0, 0, 0.15); border-radius: 3px;' "
 'title=\'1.0\'>_||>":<||_html:</span>_||><||_html:<span '
 "style='background-color: rgba(0.0, 165.0, 0, 0.15); border-radius: 3px;' "
 'title=\'1.0\'>_||> "<||_html:</span>_||><||_html:<span '
 "style='background-color: rgba(0.0, 165.0, 0, 0.15); border-radius: 3px;' "
 "title='1.0'>_||>The<||_html:</span>_||><||_html:<span "
 "style='background-color: rgba(0.0, 165.0, 0, 0.15); border-radius: 3px;' "
 "title='1.0'>_||> '<||_html:</span>_||><||_html:<span "
 "style='background-color: rgba(0.0, 165.0, 0, 0.15); border-radius: 3px;' "
 "title='1.0'>_||>Product<||_html:</span>_||><||_html:<span "
 "style='background-color: rgba(0.0, 165.0, 0, 0.15); border-radius: 3px;' "
 "title='1.0'>_||>'<||_html:</span>_||><||_html:<span style='background-color: "
 "rgba(0.0, 165.0, 0, 0.15); border-radius: 3px;' title='1.0'>_||> "
 "type<||_html:</span>_||><||_html:<span style='background-color: rgba(0.0, "
 "165.0, 0, 0.15); border-radius: 3px;' title='1.0'>_||> "
 "no<||_html:</span>_||><||_html:<span style='background-color: rgba(0.0, "
 "165.0, 0, 0.15); border-radius: 3px;' title='1.0'>_||> "
 "longer<||_html:</span>_||><||_html:<span style='background-color: rgba(0.0, "
 "165.0, 0, 0.15); border-radius: 3px;' title='1.0'>_||> "
 "includes<||_html:</span>_||><||_html:<span style='background-color: "
 "rgba(0.0, 165.0, 0, 0.15); border-radius: 3px;' title='1.0'>_||> "
 "the<||_html:</span>_||><||_html:<span style='background-color: rgba(0.0, "
 "165.0, 0, 0.15); border-radius: 3px;' title='1.0'>_||> "
 "'<||_html:</span>_||><||_html:<span style='background-color: rgba(0.0, "
 "165.0, 0, 0.15); border-radius: 3px;' "
 "title='1.0'>_||>stock<||_html:</span>_||><||_html:<span "
 "style='background-color: rgba(0.0, 165.0, 0, 0.15); border-radius: 3px;' "
 "title='1.0'>_||>'<||_html:</span>_||><||_html:<span style='background-color: "
 "rgba(0.0, 165.0, 0, 0.15); border-radius: 3px;' title='1.0'>_||> "
 "field<||_html:</span>_||><||_html:<span style='background-color: rgba(0.0, "
 "165.0, 0, 0.15); border-radius: 3px;' "
 'title=\'1.0\'>_||>."<||_html:</span>_||><||_html:<span '
 "style='background-color: rgba(0.0, 165.0, 0, 0.15); border-radius: 3px;' "
 "title='1.0'>_||>\n"
 "<||_html:</span>_||><||_html:<span style='background-color: rgba(0.0, 165.0, "
 "0, 0.15); border-radius: 3px;' title='1.0'>_||>   "
 "<||_html:</span>_||><||_html:<span style='background-color: rgba(0.0, 165.0, "
 "0, 0.15); border-radius: 3px;' title='1.0'>_||> "
 "}<||_html:</span>_||><||_html:<span style='background-color: rgba(0.0, "
 "165.0, 0, 0.15); border-radius: 3px;' title='1.0'>_||>\n"
 "<||_html:</span>_||><||_html:<span style='background-color: rgba(0.0, 165.0, "
 "0, 0.15); border-radius: 3px;' title='1.0'>_||> "
 "<||_html:</span>_||><||_html:<span style='background-color: rgba(0.0, 165.0, "
 "0, 0.15); border-radius: 3px;' title='1.0'>_||> "
 "],<||_html:</span>_||><||_html:<span style='background-color: rgba(0.0, "
 "165.0, 0, 0.15); border-radius: 3px;' title='1.0'>_||>\n"
 "<||_html:</span>_||><||_html:<span style='background-color: rgba(0.0, 165.0, "
 "0, 0.15); border-radius: 3px;' title='1.0'>_||> "
 "<||_html:</span>_||><||_html:<span style='background-color: rgba(0.0, 165.0, "
 "0, 0.15); border-radius: 3px;' title='1.0'>_||> "
 '"<||_html:</span>_||><||_html:<span style=\'background-color: rgba(0.0, '
 "165.0, 0, 0.15); border-radius: 3px;' "
 "title='1.0'>_||>release<||_html:</span>_||><||_html:<span "
 "style='background-color: rgba(0.0, 165.0, 0, 0.15); border-radius: 3px;' "
 "title='1.0'>_||>_<||_html:</span>_||><||_html:<span style='background-color: "
 "rgba(0.0, 165.0, 0, 0.15); border-radius: 3px;' "
 "title='1.0'>_||>notes<||_html:</span>_||><||_html:<span "
 "style='background-color: rgba(0.0, 165.0, 0, 0.15); border-radius: 3px;' "
 'title=\'1.0\'>_||>":<||_html:</span>_||><||_html:<span '
 "style='background-color: rgba(0.0, 165.0, 0, 0.15); border-radius: 3px;' "
 "title='1.0'>_||> {<||_html:</span>_||><||_html:<span "
 "style='background-color: rgba(0.0, 165.0, 0, 0.15); border-radius: 3px;' "
 "title='1.0'>_||>\n"
 "<||_html:</span>_||><||_html:<span style='background-color: rgba(0.0, 165.0, "
 "0, 0.15); border-radius: 3px;' title='1.0'>_||>   "
 "<||_html:</span>_||><||_html:<span style='background-color: rgba(0.0, 165.0, "
 "0, 0.15); border-radius: 3px;' title='1.0'>_||> "
 '"<||_html:</span>_||><||_html:<span style=\'background-color: rgba(0.0, '
 "165.0, 0, 0.15); border-radius: 3px;' "
 "title='1.0'>_||>summary<||_html:</span>_||><||_html:<span "
 "style='background-color: rgba(0.0, 165.0, 0, 0.15); border-radius: 3px;' "
 'title=\'1.0\'>_||>":<||_html:</span>_||><||_html:<span '
 "style='background-color: rgba(0.0, 165.0, 0, 0.15); border-radius: 3px;' "
 'title=\'1.0\'>_||> "<||_html:</span>_||><||_html:<span '
 "style='background-color: rgba(0.0, 165.0, 0, 0.15); border-radius: 3px;' "
 "title='1.0'>_||>The<||_html:</span>_||><||_html:<span "
 "style='background-color: rgba(0.0, 165.0, 0, 0.15); border-radius: 3px;' "
 "title='1.0'>_||> '<||_html:</span>_||><||_html:<span "
 "style='background-color: rgba(0.0, 165.0, 0, 0.15); border-radius: 3px;' "
 "title='1.0'>_||>get<||_html:</span>_||><||_html:<span "
 "style='background-color: rgba(0.0, 165.0, 0, 0.15); border-radius: 3px;' "
 "title='1.0'>_||>Product<||_html:</span>_||><||_html:<span "
 "style='background-color: rgba(0.0, 165.0, 0, 0.15); border-radius: 3px;' "
 "title='1.0'>_||>'<||_html:</span>_||><||_html:<span style='background-color: "
 "rgba(0.0, 165.0, 0, 0.15); border-radius: 3px;' title='1.0'>_||> "
 "query<||_html:</span>_||><||_html:<span style='background-color: rgba(0.0, "
 "165.0, 0, 0.15); border-radius: 3px;' title='1.0'>_||> "
 "now<||_html:</span>_||><||_html:<span style='background-color: rgba(0.0, "
 "165.0, 0, 0.15); border-radius: 3px;' title='1.0'>_||> "
 "includes<||_html:</span>_||><||_html:<span style='background-color: "
 "rgba(0.0, 165.0, 0, 0.15); border-radius: 3px;' title='1.0'>_||> "
 "a<||_html:</span>_||><||_html:<span style='background-color: rgba(0.0, "
 "165.0, 0, 0.15); border-radius: 3px;' title='1.0'>_||> "
 "new<||_html:</span>_||><||_html:<span style='background-color: rgba(0.0, "
 "165.0, 0, 0.15); border-radius: 3px;' title='1.0'>_||> "
 "field<||_html:</span>_||><||_html:<span style='background-color: rgba(0.0, "
 "165.0, 0, 0.15); border-radius: 3px;' title='1.0'>_||> "
 "'<||_html:</span>_||><||_html:<span style='background-color: rgba(0.0, "
 "165.0, 0, 0.15); border-radius: 3px;' "
 "title='1.0'>_||>details<||_html:</span>_||><||_html:<span "
 "style='background-color: rgba(0.0, 165.0, 0, 0.15); border-radius: 3px;' "
 "title='1.0'>_||>'<||_html:</span>_||><||_html:<span style='background-color: "
 "rgba(0.0, 165.0, 0, 0.15); border-radius: 3px;' title='1.0'>_||> "
 "of<||_html:</span>_||><||_html:<span style='background-color: rgba(0.0, "
 "165.0, 0, 0.15); border-radius: 3px;' title='1.0'>_||> "
 "type<||_html:</span>_||><||_html:<span style='background-color: rgba(0.0, "
 "165.0, 0, 0.15); border-radius: 3px;' title='1.0'>_||> "
 "String<||_html:</span>_||><||_html:<span style='background-color: rgba(0.0, "
 "165.0, 0, 0.15); border-radius: 3px;' "
 "title='1.0'>_||>.<||_html:</span>_||><||_html:<span style='background-color: "
 "rgba(0.0, 165.0, 0, 0.15); border-radius: 3px;' title='1.0'>_||> "
 "The<||_html:</span>_||><||_html:<span style='background-color: rgba(0.0, "
 "165.0, 0, 0.15); border-radius: 3px;' title='1.0'>_||> "
 "'<||_html:</span>_||><||_html:<span style='background-color: rgba(0.0, "
 "165.0, 0, 0.15); border-radius: 3px;' "
 "title='1.0'>_||>Product<||_html:</span>_||><||_html:<span "
 "style='background-color: rgba(0.0, 165.0, 0, 0.15); border-radius: 3px;' "
 "title='1.0'>_||>'<||_html:</span>_||><||_html:<span style='background-color: "
 "rgba(0.0, 165.0, 0, 0.15); border-radius: 3px;' title='1.0'>_||> "
 "type<||_html:</span>_||><||_html:<span style='background-color: rgba(0.0, "
 "165.0, 0, 0.15); border-radius: 3px;' title='1.0'>_||> "
 "no<||_html:</span>_||><||_html:<span style='background-color: rgba(0.0, "
 "165.0, 0, 0.15); border-radius: 3px;' title='1.0'>_||> "
 "longer<||_html:</span>_||><||_html:<span style='background-color: rgba(0.0, "
 "165.0, 0, 0.15); border-radius: 3px;' title='1.0'>_||> "
 "includes<||_html:</span>_||><||_html:<span style='background-color: "
 "rgba(0.0, 165.0, 0, 0.15); border-radius: 3px;' title='1.0'>_||> "
 "the<||_html:</span>_||><||_html:<span style='background-color: rgba(0.0, "
 "165.0, 0, 0.15); border-radius: 3px;' title='1.0'>_||>")
('Analyze the following two GraphQL schemas for changes, including both '
 'breaking and non-breaking changes.\n'
 '\n'
 '                        Provide your analysis in the following JSON format:\n'
 '                        {\n'
 '                          "changes": [\n'
 '                            {\n'
 '                              "type": "String representing the GraphQL type '
 '(e.g., Query, Mutation, Subscription)",\n'
 '                              "field": "String representing the specific '
 'field that changed",\n'
 '                              "change": "String describing the change (e.g., '
 'field renamed, new field added, field removed)",\n'
 '                              "breaking": "Boolean indicating if the change '
 'is breaking (true) or non-breaking (false)",\n'
 '                              "release_note": "String with a natural '
 'language description of the change for release notes"\n'
 '                            }\n'
 '                          ],\n'
 '                          "release_notes": {\n'
 '                              "summary": "String summarizing all changes, '
 'suitable for a mailing list or public announcement"\n'
 '                          }\n'
 '                        }\n'
 '\n'
 '                        When analyzing, consider the following types of '
 'changes:\n'
 '                        1. Removing fields or types (breaking)\n'
 '                        2. Changing field types (potentially breaking)\n'
 '                        3. Adding required fields (breaking)\n'
 '                        4. Changing the type of existing arguments '
 '(breaking)\n'
 '                        5. Adding optional fields (non-breaking)\n'
 '                        6. Adding new types (non-breaking)\n'
 '                        7. Deprecating fields (non-breaking)\n'
 '\n'
 '                        Ensure that each change is categorized correctly as '
 'breaking or non-breaking.: type Query {\n'
 '  getProduct(id: ID!): Product\n'
 '}\n'
 '\n'
 'type Product {\n'
 '  id: ID\n'
 '  name: String\n'
 '  description: String\n'
 '  price: Float\n'
 '  stock: Int\n'
 '}\n'
 ', type Query {\n'
 '  getProduct(id: ID!): Product\n'
 '}\n'
 '\n'
 'type Product {\n'
 '  id: ID\n'
 '  name: String\n'
 '  details: String\n'
 '  price: Float\n'
 '}\n'
 '\n'
 "Answer:<||_html:<span style='background-color: rgba(0.0, 165.0, 0, 0.15); "
 "border-radius: 3px;' title='1.0'>_||> {<||_html:</span>_||><||_html:<span "
 "style='background-color: rgba(0.0, 165.0, 0, 0.15); border-radius: 3px;' "
 "title='1.0'>_||>\n"
 "<||_html:</span>_||><||_html:<span style='background-color: rgba(0.0, 165.0, "
 "0, 0.15); border-radius: 3px;' title='1.0'>_||> "
 "<||_html:</span>_||><||_html:<span style='background-color: rgba(0.0, 165.0, "
 "0, 0.15); border-radius: 3px;' title='1.0'>_||> "
 '"<||_html:</span>_||><||_html:<span style=\'background-color: rgba(0.0, '
 "165.0, 0, 0.15); border-radius: 3px;' "
 "title='1.0'>_||>changes<||_html:</span>_||><||_html:<span "
 "style='background-color: rgba(0.0, 165.0, 0, 0.15); border-radius: 3px;' "
 'title=\'1.0\'>_||>":<||_html:</span>_||><||_html:<span '
 "style='background-color: rgba(0.0, 165.0, 0, 0.15); border-radius: 3px;' "
 "title='1.0'>_||> [<||_html:</span>_||><||_html:<span "
 "style='background-color: rgba(0.0, 165.0, 0, 0.15); border-radius: 3px;' "
 "title='1.0'>_||>\n"
 "<||_html:</span>_||><||_html:<span style='background-color: rgba(0.0, 165.0, "
 "0, 0.15); border-radius: 3px;' title='1.0'>_||>   "
 "<||_html:</span>_||><||_html:<span style='background-color: rgba(0.0, 165.0, "
 "0, 0.15); border-radius: 3px;' title='1.0'>_||> "
 "{<||_html:</span>_||><||_html:<span style='background-color: rgba(0.0, "
 "165.0, 0, 0.15); border-radius: 3px;' title='1.0'>_||>\n"
 "<||_html:</span>_||><||_html:<span style='background-color: rgba(0.0, 165.0, "
 "0, 0.15); border-radius: 3px;' title='1.0'>_||>     "
 "<||_html:</span>_||><||_html:<span style='background-color: rgba(0.0, 165.0, "
 "0, 0.15); border-radius: 3px;' title='1.0'>_||> "
 '"<||_html:</span>_||><||_html:<span style=\'background-color: rgba(0.0, '
 "165.0, 0, 0.15); border-radius: 3px;' "
 "title='1.0'>_||>type<||_html:</span>_||><||_html:<span "
 "style='background-color: rgba(0.0, 165.0, 0, 0.15); border-radius: 3px;' "
 'title=\'1.0\'>_||>":<||_html:</span>_||><||_html:<span '
 "style='background-color: rgba(0.0, 165.0, 0, 0.15); border-radius: 3px;' "
 'title=\'1.0\'>_||> "<||_html:</span>_||><||_html:<span '
 "style='background-color: rgba(0.0, 165.0, 0, 0.15); border-radius: 3px;' "
 "title='1.0'>_||>Query<||_html:</span>_||><||_html:<span "
 "style='background-color: rgba(0.0, 165.0, 0, 0.15); border-radius: 3px;' "
 'title=\'1.0\'>_||>",<||_html:</span>_||><||_html:<span '
 "style='background-color: rgba(0.0, 165.0, 0, 0.15); border-radius: 3px;' "
 "title='1.0'>_||>\n"
 "<||_html:</span>_||><||_html:<span style='background-color: rgba(0.0, 165.0, "
 "0, 0.15); border-radius: 3px;' title='1.0'>_||>     "
 "<||_html:</span>_||><||_html:<span style='background-color: rgba(0.0, 165.0, "
 "0, 0.15); border-radius: 3px;' title='1.0'>_||> "
 '"<||_html:</span>_||><||_html:<span style=\'background-color: rgba(0.0, '
 "165.0, 0, 0.15); border-radius: 3px;' "
 "title='1.0'>_||>field<||_html:</span>_||><||_html:<span "
 "style='background-color: rgba(0.0, 165.0, 0, 0.15); border-radius: 3px;' "
 'title=\'1.0\'>_||>":<||_html:</span>_||><||_html:<span '
 "style='background-color: rgba(0.0, 165.0, 0, 0.15); border-radius: 3px;' "
 'title=\'1.0\'>_||> "<||_html:</span>_||><||_html:<span '
 "style='background-color: rgba(0.0, 165.0, 0, 0.15); border-radius: 3px;' "
 "title='1.0'>_||>get<||_html:</span>_||><||_html:<span "
 "style='background-color: rgba(0.0, 165.0, 0, 0.15); border-radius: 3px;' "
 "title='1.0'>_||>Product<||_html:</span>_||><||_html:<span "
 "style='background-color: rgba(0.0, 165.0, 0, 0.15); border-radius: 3px;' "
 'title=\'1.0\'>_||>",<||_html:</span>_||><||_html:<span '
 "style='background-color: rgba(0.0, 165.0, 0, 0.15); border-radius: 3px;' "
 "title='1.0'>_||>\n"
 "<||_html:</span>_||><||_html:<span style='background-color: rgba(0.0, 165.0, "
 "0, 0.15); border-radius: 3px;' title='1.0'>_||>     "
 "<||_html:</span>_||><||_html:<span style='background-color: rgba(0.0, 165.0, "
 "0, 0.15); border-radius: 3px;' title='1.0'>_||> "
 '"<||_html:</span>_||><||_html:<span style=\'background-color: rgba(0.0, '
 "165.0, 0, 0.15); border-radius: 3px;' "
 "title='1.0'>_||>change<||_html:</span>_||><||_html:<span "
 "style='background-color: rgba(0.0, 165.0, 0, 0.15); border-radius: 3px;' "
 'title=\'1.0\'>_||>":<||_html:</span>_||><||_html:<span '
 "style='background-color: rgba(0.0, 165.0, 0, 0.15); border-radius: 3px;' "
 'title=\'1.0\'>_||> "<||_html:</span>_||><||_html:<span '
 "style='background-color: rgba(0.0, 165.0, 0, 0.15); border-radius: 3px;' "
 "title='1.0'>_||>field<||_html:</span>_||><||_html:<span "
 "style='background-color: rgba(0.0, 165.0, 0, 0.15); border-radius: 3px;' "
 "title='1.0'>_||> details<||_html:</span>_||><||_html:<span "
 "style='background-color: rgba(0.0, 165.0, 0, 0.15); border-radius: 3px;' "
 "title='1.0'>_||> added<||_html:</span>_||><||_html:<span "
 "style='background-color: rgba(0.0, 165.0, 0, 0.15); border-radius: 3px;' "
 'title=\'1.0\'>_||>",<||_html:</span>_||><||_html:<span '
 "style='background-color: rgba(0.0, 165.0, 0, 0.15); border-radius: 3px;' "
 "title='1.0'>_||>\n"
 "<||_html:</span>_||><||_html:<span style='background-color: rgba(0.0, 165.0, "
 "0, 0.15); border-radius: 3px;' title='1.0'>_||>     "
 "<||_html:</span>_||><||_html:<span style='background-color: rgba(0.0, 165.0, "
 "0, 0.15); border-radius: 3px;' title='1.0'>_||> "
 '"<||_html:</span>_||><||_html:<span style=\'background-color: rgba(0.0, '
 "165.0, 0, 0.15); border-radius: 3px;' "
 "title='1.0'>_||>breaking<||_html:</span>_||><||_html:<span "
 "style='background-color: rgba(0.0, 165.0, 0, 0.15); border-radius: 3px;' "
 'title=\'1.0\'>_||>":<||_html:</span>_||><||_html:<span '
 "style='background-color: rgba(0.0, 165.0, 0, 0.15); border-radius: 3px;' "
 'title=\'1.0\'>_||> "<||_html:</span>_||><||_html:<span '
 "style='background-color: rgba(0.0, 165.0, 0, 0.15); border-radius: 3px;' "
 "title='1.0'>_||>false<||_html:</span>_||><||_html:<span "
 "style='background-color: rgba(0.0, 165.0, 0, 0.15); border-radius: 3px;' "
 'title=\'1.0\'>_||>",<||_html:</span>_||><||_html:<span '
 "style='background-color: rgba(0.0, 165.0, 0, 0.15); border-radius: 3px;' "
 "title='1.0'>_||>\n"
 "<||_html:</span>_||><||_html:<span style='background-color: rgba(0.0, 165.0, "
 "0, 0.15); border-radius: 3px;' title='1.0'>_||>     "
 "<||_html:</span>_||><||_html:<span style='background-color: rgba(0.0, 165.0, "
 "0, 0.15); border-radius: 3px;' title='1.0'>_||> "
 '"<||_html:</span>_||><||_html:<span style=\'background-color: rgba(0.0, '
 "165.0, 0, 0.15); border-radius: 3px;' "
 "title='1.0'>_||>release<||_html:</span>_||><||_html:<span "
 "style='background-color: rgba(0.0, 165.0, 0, 0.15); border-radius: 3px;' "
 "title='1.0'>_||>_<||_html:</span>_||><||_html:<span style='background-color: "
 "rgba(0.0, 165.0, 0, 0.15); border-radius: 3px;' "
 "title='1.0'>_||>note<||_html:</span>_||><||_html:<span "
 "style='background-color: rgba(0.0, 165.0, 0, 0.15); border-radius: 3px;' "
 'title=\'1.0\'>_||>":<||_html:</span>_||><||_html:<span '
 "style='background-color: rgba(0.0, 165.0, 0, 0.15); border-radius: 3px;' "
 'title=\'1.0\'>_||> "<||_html:</span>_||><||_html:<span '
 "style='background-color: rgba(0.0, 165.0, 0, 0.15); border-radius: 3px;' "
 "title='1.0'>_||>The<||_html:</span>_||><||_html:<span "
 "style='background-color: rgba(0.0, 165.0, 0, 0.15); border-radius: 3px;' "
 "title='1.0'>_||> '<||_html:</span>_||><||_html:<span "
 "style='background-color: rgba(0.0, 165.0, 0, 0.15); border-radius: 3px;' "
 "title='1.0'>_||>get<||_html:</span>_||><||_html:<span "
 "style='background-color: rgba(0.0, 165.0, 0, 0.15); border-radius: 3px;' "
 "title='1.0'>_||>Product<||_html:</span>_||><||_html:<span "
 "style='background-color: rgba(0.0, 165.0, 0, 0.15); border-radius: 3px;' "
 "title='1.0'>_||>'<||_html:</span>_||><||_html:<span style='background-color: "
 "rgba(0.0, 165.0, 0, 0.15); border-radius: 3px;' title='1.0'>_||> "
 "query<||_html:</span>_||><||_html:<span style='background-color: rgba(0.0, "
 "165.0, 0, 0.15); border-radius: 3px;' title='1.0'>_||> "
 "now<||_html:</span>_||><||_html:<span style='background-color: rgba(0.0, "
 "165.0, 0, 0.15); border-radius: 3px;' title='1.0'>_||> "
 "includes<||_html:</span>_||><||_html:<span style='background-color: "
 "rgba(0.0, 165.0, 0, 0.15); border-radius: 3px;' title='1.0'>_||> "
 "a<||_html:</span>_||><||_html:<span style='background-color: rgba(0.0, "
 "165.0, 0, 0.15); border-radius: 3px;' title='1.0'>_||> "
 "new<||_html:</span>_||><||_html:<span style='background-color: rgba(0.0, "
 "165.0, 0, 0.15); border-radius: 3px;' title='1.0'>_||> "
 "field<||_html:</span>_||><||_html:<span style='background-color: rgba(0.0, "
 "165.0, 0, 0.15); border-radius: 3px;' title='1.0'>_||> "
 "'<||_html:</span>_||><||_html:<span style='background-color: rgba(0.0, "
 "165.0, 0, 0.15); border-radius: 3px;' "
 "title='1.0'>_||>details<||_html:</span>_||><||_html:<span "
 "style='background-color: rgba(0.0, 165.0, 0, 0.15); border-radius: 3px;' "
 "title='1.0'>_||>'<||_html:</span>_||><||_html:<span style='background-color: "
 "rgba(0.0, 165.0, 0, 0.15); border-radius: 3px;' title='1.0'>_||> "
 "of<||_html:</span>_||><||_html:<span style='background-color: rgba(0.0, "
 "165.0, 0, 0.15); border-radius: 3px;' title='1.0'>_||> "
 "type<||_html:</span>_||><||_html:<span style='background-color: rgba(0.0, "
 "165.0, 0, 0.15); border-radius: 3px;' title='1.0'>_||> "
 "String<||_html:</span>_||><||_html:<span style='background-color: rgba(0.0, "
 "165.0, 0, 0.15); border-radius: 3px;' "
 'title=\'1.0\'>_||>."<||_html:</span>_||><||_html:<span '
 "style='background-color: rgba(0.0, 165.0, 0, 0.15); border-radius: 3px;' "
 "title='1.0'>_||>\n"
 "<||_html:</span>_||><||_html:<span style='background-color: rgba(0.0, 165.0, "
 "0, 0.15); border-radius: 3px;' title='1.0'>_||>   "
 "<||_html:</span>_||><||_html:<span style='background-color: rgba(0.0, 165.0, "
 "0, 0.15); border-radius: 3px;' title='1.0'>_||> "
 "},<||_html:</span>_||><||_html:<span style='background-color: rgba(0.0, "
 "165.0, 0, 0.15); border-radius: 3px;' title='1.0'>_||>\n"
 "<||_html:</span>_||><||_html:<span style='background-color: rgba(0.0, 165.0, "
 "0, 0.15); border-radius: 3px;' title='1.0'>_||>   "
 "<||_html:</span>_||><||_html:<span style='background-color: rgba(0.0, 165.0, "
 "0, 0.15); border-radius: 3px;' title='1.0'>_||> "
 "{<||_html:</span>_||><||_html:<span style='background-color: rgba(0.0, "
 "165.0, 0, 0.15); border-radius: 3px;' title='1.0'>_||>\n"
 "<||_html:</span>_||><||_html:<span style='background-color: rgba(0.0, 165.0, "
 "0, 0.15); border-radius: 3px;' title='1.0'>_||>     "
 "<||_html:</span>_||><||_html:<span style='background-color: rgba(0.0, 165.0, "
 "0, 0.15); border-radius: 3px;' title='1.0'>_||> "
 '"<||_html:</span>_||><||_html:<span style=\'background-color: rgba(0.0, '
 "165.0, 0, 0.15); border-radius: 3px;' "
 "title='1.0'>_||>type<||_html:</span>_||><||_html:<span "
 "style='background-color: rgba(0.0, 165.0, 0, 0.15); border-radius: 3px;' "
 'title=\'1.0\'>_||>":<||_html:</span>_||><||_html:<span '
 "style='background-color: rgba(0.0, 165.0, 0, 0.15); border-radius: 3px;' "
 'title=\'1.0\'>_||> "<||_html:</span>_||><||_html:<span '
 "style='background-color: rgba(0.0, 165.0, 0, 0.15); border-radius: 3px;' "
 "title='1.0'>_||>Product<||_html:</span>_||><||_html:<span "
 "style='background-color: rgba(0.0, 165.0, 0, 0.15); border-radius: 3px;' "
 'title=\'1.0\'>_||>",<||_html:</span>_||><||_html:<span '
 "style='background-color: rgba(0.0, 165.0, 0, 0.15); border-radius: 3px;' "
 "title='1.0'>_||>\n"
 "<||_html:</span>_||><||_html:<span style='background-color: rgba(0.0, 165.0, "
 "0, 0.15); border-radius: 3px;' title='1.0'>_||>     "
 "<||_html:</span>_||><||_html:<span style='background-color: rgba(0.0, 165.0, "
 "0, 0.15); border-radius: 3px;' title='1.0'>_||> "
 '"<||_html:</span>_||><||_html:<span style=\'background-color: rgba(0.0, '
 "165.0, 0, 0.15); border-radius: 3px;' "
 "title='1.0'>_||>field<||_html:</span>_||><||_html:<span "
 "style='background-color: rgba(0.0, 165.0, 0, 0.15); border-radius: 3px;' "
 'title=\'1.0\'>_||>":<||_html:</span>_||><||_html:<span '
 "style='background-color: rgba(0.0, 165.0, 0, 0.15); border-radius: 3px;' "
 'title=\'1.0\'>_||> "<||_html:</span>_||><||_html:<span '
 "style='background-color: rgba(0.0, 165.0, 0, 0.15); border-radius: 3px;' "
 "title='1.0'>_||>description<||_html:</span>_||><||_html:<span "
 "style='background-color: rgba(0.0, 165.0, 0, 0.15); border-radius: 3px;' "
 'title=\'1.0\'>_||>",<||_html:</span>_||><||_html:<span '
 "style='background-color: rgba(0.0, 165.0, 0, 0.15); border-radius: 3px;' "
 "title='1.0'>_||>\n"
 "<||_html:</span>_||><||_html:<span style='background-color: rgba(0.0, 165.0, "
 "0, 0.15); border-radius: 3px;' title='1.0'>_||>     "
 "<||_html:</span>_||><||_html:<span style='background-color: rgba(0.0, 165.0, "
 "0, 0.15); border-radius: 3px;' title='1.0'>_||> "
 '"<||_html:</span>_||><||_html:<span style=\'background-color: rgba(0.0, '
 "165.0, 0, 0.15); border-radius: 3px;' "
 "title='1.0'>_||>change<||_html:</span>_||><||_html:<span "
 "style='background-color: rgba(0.0, 165.0, 0, 0.15); border-radius: 3px;' "
 'title=\'1.0\'>_||>":<||_html:</span>_||><||_html:<span '
 "style='background-color: rgba(0.0, 165.0, 0, 0.15); border-radius: 3px;' "
 'title=\'1.0\'>_||> "<||_html:</span>_||><||_html:<span '
 "style='background-color: rgba(0.0, 165.0, 0, 0.15); border-radius: 3px;' "
 "title='1.0'>_||>field<||_html:</span>_||><||_html:<span "
 "style='background-color: rgba(0.0, 165.0, 0, 0.15); border-radius: 3px;' "
 "title='1.0'>_||> removed<||_html:</span>_||><||_html:<span "
 "style='background-color: rgba(0.0, 165.0, 0, 0.15); border-radius: 3px;' "
 'title=\'1.0\'>_||>",<||_html:</span>_||><||_html:<span '
 "style='background-color: rgba(0.0, 165.0, 0, 0.15); border-radius: 3px;' "
 "title='1.0'>_||>\n"
 "<||_html:</span>_||><||_html:<span style='background-color: rgba(0.0, 165.0, "
 "0, 0.15); border-radius: 3px;' title='1.0'>_||>     "
 "<||_html:</span>_||><||_html:<span style='background-color: rgba(0.0, 165.0, "
 "0, 0.15); border-radius: 3px;' title='1.0'>_||> "
 '"<||_html:</span>_||><||_html:<span style=\'background-color: rgba(0.0, '
 "165.0, 0, 0.15); border-radius: 3px;' "
 "title='1.0'>_||>breaking<||_html:</span>_||><||_html:<span "
 "style='background-color: rgba(0.0, 165.0, 0, 0.15); border-radius: 3px;' "
 'title=\'1.0\'>_||>":<||_html:</span>_||><||_html:<span '
 "style='background-color: rgba(0.0, 165.0, 0, 0.15); border-radius: 3px;' "
 'title=\'1.0\'>_||> "<||_html:</span>_||><||_html:<span '
 "style='background-color: rgba(0.0, 165.0, 0, 0.15); border-radius: 3px;' "
 "title='1.0'>_||>true<||_html:</span>_||><||_html:<span "
 "style='background-color: rgba(0.0, 165.0, 0, 0.15); border-radius: 3px;' "
 'title=\'1.0\'>_||>",<||_html:</span>_||><||_html:<span '
 "style='background-color: rgba(0.0, 165.0, 0, 0.15); border-radius: 3px;' "
 "title='1.0'>_||>\n"
 "<||_html:</span>_||><||_html:<span style='background-color: rgba(0.0, 165.0, "
 "0, 0.15); border-radius: 3px;' title='1.0'>_||>     "
 "<||_html:</span>_||><||_html:<span style='background-color: rgba(0.0, 165.0, "
 "0, 0.15); border-radius: 3px;' title='1.0'>_||> "
 '"<||_html:</span>_||><||_html:<span style=\'background-color: rgba(0.0, '
 "165.0, 0, 0.15); border-radius: 3px;' "
 "title='1.0'>_||>release<||_html:</span>_||><||_html:<span "
 "style='background-color: rgba(0.0, 165.0, 0, 0.15); border-radius: 3px;' "
 "title='1.0'>_||>_<||_html:</span>_||><||_html:<span style='background-color: "
 "rgba(0.0, 165.0, 0, 0.15); border-radius: 3px;' "
 "title='1.0'>_||>note<||_html:</span>_||><||_html:<span "
 "style='background-color: rgba(0.0, 165.0, 0, 0.15); border-radius: 3px;' "
 'title=\'1.0\'>_||>":<||_html:</span>_||><||_html:<span '
 "style='background-color: rgba(0.0, 165.0, 0, 0.15); border-radius: 3px;' "
 'title=\'1.0\'>_||> "<||_html:</span>_||><||_html:<span '
 "style='background-color: rgba(0.0, 165.0, 0, 0.15); border-radius: 3px;' "
 "title='1.0'>_||>The<||_html:</span>_||><||_html:<span "
 "style='background-color: rgba(0.0, 165.0, 0, 0.15); border-radius: 3px;' "
 "title='1.0'>_||> '<||_html:</span>_||><||_html:<span "
 "style='background-color: rgba(0.0, 165.0, 0, 0.15); border-radius: 3px;' "
 "title='1.0'>_||>Product<||_html:</span>_||><||_html:<span "
 "style='background-color: rgba(0.0, 165.0, 0, 0.15); border-radius: 3px;' "
 "title='1.0'>_||>'<||_html:</span>_||><||_html:<span style='background-color: "
 "rgba(0.0, 165.0, 0, 0.15); border-radius: 3px;' title='1.0'>_||> "
 "type<||_html:</span>_||><||_html:<span style='background-color: rgba(0.0, "
 "165.0, 0, 0.15); border-radius: 3px;' title='1.0'>_||> "
 "no<||_html:</span>_||><||_html:<span style='background-color: rgba(0.0, "
 "165.0, 0, 0.15); border-radius: 3px;' title='1.0'>_||> "
 "longer<||_html:</span>_||><||_html:<span style='background-color: rgba(0.0, "
 "165.0, 0, 0.15); border-radius: 3px;' title='1.0'>_||> "
 "includes<||_html:</span>_||><||_html:<span style='background-color: "
 "rgba(0.0, 165.0, 0, 0.15); border-radius: 3px;' title='1.0'>_||> "
 "the<||_html:</span>_||><||_html:<span style='background-color: rgba(0.0, "
 "165.0, 0, 0.15); border-radius: 3px;' title='1.0'>_||> "
 "'<||_html:</span>_||><||_html:<span style='background-color: rgba(0.0, "
 "165.0, 0, 0.15); border-radius: 3px;' "
 "title='1.0'>_||>description<||_html:</span>_||><||_html:<span "
 "style='background-color: rgba(0.0, 165.0, 0, 0.15); border-radius: 3px;' "
 "title='1.0'>_||>'<||_html:</span>_||><||_html:<span style='background-color: "
 "rgba(0.0, 165.0, 0, 0.15); border-radius: 3px;' title='1.0'>_||> "
 "field<||_html:</span>_||><||_html:<span style='background-color: rgba(0.0, "
 "165.0, 0, 0.15); border-radius: 3px;' "
 'title=\'1.0\'>_||>."<||_html:</span>_||><||_html:<span '
 "style='background-color: rgba(0.0, 165.0, 0, 0.15); border-radius: 3px;' "
 "title='1.0'>_||>\n"
 "<||_html:</span>_||><||_html:<span style='background-color: rgba(0.0, 165.0, "
 "0, 0.15); border-radius: 3px;' title='1.0'>_||>   "
 "<||_html:</span>_||><||_html:<span style='background-color: rgba(0.0, 165.0, "
 "0, 0.15); border-radius: 3px;' title='1.0'>_||> "
 "},<||_html:</span>_||><||_html:<span style='background-color: rgba(0.0, "
 "165.0, 0, 0.15); border-radius: 3px;' title='1.0'>_||>\n"
 "<||_html:</span>_||><||_html:<span style='background-color: rgba(0.0, 165.0, "
 "0, 0.15); border-radius: 3px;' title='1.0'>_||>   "
 "<||_html:</span>_||><||_html:<span style='background-color: rgba(0.0, 165.0, "
 "0, 0.15); border-radius: 3px;' title='1.0'>_||> "
 "{<||_html:</span>_||><||_html:<span style='background-color: rgba(0.0, "
 "165.0, 0, 0.15); border-radius: 3px;' title='1.0'>_||>\n"
 "<||_html:</span>_||><||_html:<span style='background-color: rgba(0.0, 165.0, "
 "0, 0.15); border-radius: 3px;' title='1.0'>_||>     "
 "<||_html:</span>_||><||_html:<span style='background-color: rgba(0.0, 165.0, "
 "0, 0.15); border-radius: 3px;' title='1.0'>_||> "
 '"<||_html:</span>_||><||_html:<span style=\'background-color: rgba(0.0, '
 "165.0, 0, 0.15); border-radius: 3px;' "
 "title='1.0'>_||>type<||_html:</span>_||><||_html:<span "
 "style='background-color: rgba(0.0, 165.0, 0, 0.15); border-radius: 3px;' "
 'title=\'1.0\'>_||>":<||_html:</span>_||><||_html:<span '
 "style='background-color: rgba(0.0, 165.0, 0, 0.15); border-radius: 3px;' "
 'title=\'1.0\'>_||> "<||_html:</span>_||><||_html:<span '
 "style='background-color: rgba(0.0, 165.0, 0, 0.15); border-radius: 3px;' "
 "title='1.0'>_||>Product<||_html:</span>_||><||_html:<span "
 "style='background-color: rgba(0.0, 165.0, 0, 0.15); border-radius: 3px;' "
 'title=\'1.0\'>_||>",<||_html:</span>_||><||_html:<span '
 "style='background-color: rgba(0.0, 165.0, 0, 0.15); border-radius: 3px;' "
 "title='1.0'>_||>\n"
 "<||_html:</span>_||><||_html:<span style='background-color: rgba(0.0, 165.0, "
 "0, 0.15); border-radius: 3px;' title='1.0'>_||>     "
 "<||_html:</span>_||><||_html:<span style='background-color: rgba(0.0, 165.0, "
 "0, 0.15); border-radius: 3px;' title='1.0'>_||> "
 '"<||_html:</span>_||><||_html:<span style=\'background-color: rgba(0.0, '
 "165.0, 0, 0.15); border-radius: 3px;' "
 "title='1.0'>_||>field<||_html:</span>_||><||_html:<span "
 "style='background-color: rgba(0.0, 165.0, 0, 0.15); border-radius: 3px;' "
 'title=\'1.0\'>_||>":<||_html:</span>_||><||_html:<span '
 "style='background-color: rgba(0.0, 165.0, 0, 0.15); border-radius: 3px;' "
 'title=\'1.0\'>_||> "<||_html:</span>_||><||_html:<span '
 "style='background-color: rgba(0.0, 165.0, 0, 0.15); border-radius: 3px;' "
 "title='1.0'>_||>stock<||_html:</span>_||><||_html:<span "
 "style='background-color: rgba(0.0, 165.0, 0, 0.15); border-radius: 3px;' "
 'title=\'1.0\'>_||>",<||_html:</span>_||><||_html:<span '
 "style='background-color: rgba(0.0, 165.0, 0, 0.15); border-radius: 3px;' "
 "title='1.0'>_||>\n"
 "<||_html:</span>_||><||_html:<span style='background-color: rgba(0.0, 165.0, "
 "0, 0.15); border-radius: 3px;' title='1.0'>_||>     "
 "<||_html:</span>_||><||_html:<span style='background-color: rgba(0.0, 165.0, "
 "0, 0.15); border-radius: 3px;' title='1.0'>_||> "
 '"<||_html:</span>_||><||_html:<span style=\'background-color: rgba(0.0, '
 "165.0, 0, 0.15); border-radius: 3px;' "
 "title='1.0'>_||>change<||_html:</span>_||><||_html:<span "
 "style='background-color: rgba(0.0, 165.0, 0, 0.15); border-radius: 3px;' "
 'title=\'1.0\'>_||>":<||_html:</span>_||><||_html:<span '
 "style='background-color: rgba(0.0, 165.0, 0, 0.15); border-radius: 3px;' "
 'title=\'1.0\'>_||> "<||_html:</span>_||><||_html:<span '
 "style='background-color: rgba(0.0, 165.0, 0, 0.15); border-radius: 3px;' "
 "title='1.0'>_||>field<||_html:</span>_||><||_html:<span "
 "style='background-color: rgba(0.0, 165.0, 0, 0.15); border-radius: 3px;' "
 "title='1.0'>_||> removed<||_html:</span>_||><||_html:<span "
 "style='background-color: rgba(0.0, 165.0, 0, 0.15); border-radius: 3px;' "
 'title=\'1.0\'>_||>",<||_html:</span>_||><||_html:<span '
 "style='background-color: rgba(0.0, 165.0, 0, 0.15); border-radius: 3px;' "
 "title='1.0'>_||>\n"
 "<||_html:</span>_||><||_html:<span style='background-color: rgba(0.0, 165.0, "
 "0, 0.15); border-radius: 3px;' title='1.0'>_||>     "
 "<||_html:</span>_||><||_html:<span style='background-color: rgba(0.0, 165.0, "
 "0, 0.15); border-radius: 3px;' title='1.0'>_||> "
 '"<||_html:</span>_||><||_html:<span style=\'background-color: rgba(0.0, '
 "165.0, 0, 0.15); border-radius: 3px;' "
 "title='1.0'>_||>breaking<||_html:</span>_||><||_html:<span "
 "style='background-color: rgba(0.0, 165.0, 0, 0.15); border-radius: 3px;' "
 'title=\'1.0\'>_||>":<||_html:</span>_||><||_html:<span '
 "style='background-color: rgba(0.0, 165.0, 0, 0.15); border-radius: 3px;' "
 'title=\'1.0\'>_||> "<||_html:</span>_||><||_html:<span '
 "style='background-color: rgba(0.0, 165.0, 0, 0.15); border-radius: 3px;' "
 "title='1.0'>_||>true<||_html:</span>_||><||_html:<span "
 "style='background-color: rgba(0.0, 165.0, 0, 0.15); border-radius: 3px;' "
 'title=\'1.0\'>_||>",<||_html:</span>_||><||_html:<span '
 "style='background-color: rgba(0.0, 165.0, 0, 0.15); border-radius: 3px;' "
 "title='1.0'>_||>\n"
 "<||_html:</span>_||><||_html:<span style='background-color: rgba(0.0, 165.0, "
 "0, 0.15); border-radius: 3px;' title='1.0'>_||>     "
 "<||_html:</span>_||><||_html:<span style='background-color: rgba(0.0, 165.0, "
 "0, 0.15); border-radius: 3px;' title='1.0'>_||> "
 '"<||_html:</span>_||><||_html:<span style=\'background-color: rgba(0.0, '
 "165.0, 0, 0.15); border-radius: 3px;' "
 "title='1.0'>_||>release<||_html:</span>_||><||_html:<span "
 "style='background-color: rgba(0.0, 165.0, 0, 0.15); border-radius: 3px;' "
 "title='1.0'>_||>_<||_html:</span>_||><||_html:<span style='background-color: "
 "rgba(0.0, 165.0, 0, 0.15); border-radius: 3px;' "
 "title='1.0'>_||>note<||_html:</span>_||><||_html:<span "
 "style='background-color: rgba(0.0, 165.0, 0, 0.15); border-radius: 3px;' "
 'title=\'1.0\'>_||>":<||_html:</span>_||><||_html:<span '
 "style='background-color: rgba(0.0, 165.0, 0, 0.15); border-radius: 3px;' "
 'title=\'1.0\'>_||> "<||_html:</span>_||><||_html:<span '
 "style='background-color: rgba(0.0, 165.0, 0, 0.15); border-radius: 3px;' "
 "title='1.0'>_||>The<||_html:</span>_||><||_html:<span "
 "style='background-color: rgba(0.0, 165.0, 0, 0.15); border-radius: 3px;' "
 "title='1.0'>_||> '<||_html:</span>_||><||_html:<span "
 "style='background-color: rgba(0.0, 165.0, 0, 0.15); border-radius: 3px;' "
 "title='1.0'>_||>Product<||_html:</span>_||><||_html:<span "
 "style='background-color: rgba(0.0, 165.0, 0, 0.15); border-radius: 3px;' "
 "title='1.0'>_||>'<||_html:</span>_||><||_html:<span style='background-color: "
 "rgba(0.0, 165.0, 0, 0.15); border-radius: 3px;' title='1.0'>_||> "
 "type<||_html:</span>_||><||_html:<span style='background-color: rgba(0.0, "
 "165.0, 0, 0.15); border-radius: 3px;' title='1.0'>_||> "
 "no<||_html:</span>_||><||_html:<span style='background-color: rgba(0.0, "
 "165.0, 0, 0.15); border-radius: 3px;' title='1.0'>_||> "
 "longer<||_html:</span>_||><||_html:<span style='background-color: rgba(0.0, "
 "165.0, 0, 0.15); border-radius: 3px;' title='1.0'>_||> "
 "includes<||_html:</span>_||><||_html:<span style='background-color: "
 "rgba(0.0, 165.0, 0, 0.15); border-radius: 3px;' title='1.0'>_||> "
 "the<||_html:</span>_||><||_html:<span style='background-color: rgba(0.0, "
 "165.0, 0, 0.15); border-radius: 3px;' title='1.0'>_||> "
 "'<||_html:</span>_||><||_html:<span style='background-color: rgba(0.0, "
 "165.0, 0, 0.15); border-radius: 3px;' "
 "title='1.0'>_||>stock<||_html:</span>_||><||_html:<span "
 "style='background-color: rgba(0.0, 165.0, 0, 0.15); border-radius: 3px;' "
 "title='1.0'>_||>'<||_html:</span>_||><||_html:<span style='background-color: "
 "rgba(0.0, 165.0, 0, 0.15); border-radius: 3px;' title='1.0'>_||> "
 "field<||_html:</span>_||><||_html:<span style='background-color: rgba(0.0, "
 "165.0, 0, 0.15); border-radius: 3px;' "
 'title=\'1.0\'>_||>."<||_html:</span>_||><||_html:<span '
 "style='background-color: rgba(0.0, 165.0, 0, 0.15); border-radius: 3px;' "
 "title='1.0'>_||>\n"
 "<||_html:</span>_||><||_html:<span style='background-color: rgba(0.0, 165.0, "
 "0, 0.15); border-radius: 3px;' title='1.0'>_||>   "
 "<||_html:</span>_||><||_html:<span style='background-color: rgba(0.0, 165.0, "
 "0, 0.15); border-radius: 3px;' title='1.0'>_||> "
 "}<||_html:</span>_||><||_html:<span style='background-color: rgba(0.0, "
 "165.0, 0, 0.15); border-radius: 3px;' title='1.0'>_||>\n"
 "<||_html:</span>_||><||_html:<span style='background-color: rgba(0.0, 165.0, "
 "0, 0.15); border-radius: 3px;' title='1.0'>_||> "
 "<||_html:</span>_||><||_html:<span style='background-color: rgba(0.0, 165.0, "
 "0, 0.15); border-radius: 3px;' title='1.0'>_||> "
 "],<||_html:</span>_||><||_html:<span style='background-color: rgba(0.0, "
 "165.0, 0, 0.15); border-radius: 3px;' title='1.0'>_||>\n"
 "<||_html:</span>_||><||_html:<span style='background-color: rgba(0.0, 165.0, "
 "0, 0.15); border-radius: 3px;' title='1.0'>_||> "
 "<||_html:</span>_||><||_html:<span style='background-color: rgba(0.0, 165.0, "
 "0, 0.15); border-radius: 3px;' title='1.0'>_||> "
 '"<||_html:</span>_||><||_html:<span style=\'background-color: rgba(0.0, '
 "165.0, 0, 0.15); border-radius: 3px;' "
 "title='1.0'>_||>release<||_html:</span>_||><||_html:<span "
 "style='background-color: rgba(0.0, 165.0, 0, 0.15); border-radius: 3px;' "
 "title='1.0'>_||>_<||_html:</span>_||><||_html:<span style='background-color: "
 "rgba(0.0, 165.0, 0, 0.15); border-radius: 3px;' "
 "title='1.0'>_||>notes<||_html:</span>_||><||_html:<span "
 "style='background-color: rgba(0.0, 165.0, 0, 0.15); border-radius: 3px;' "
 'title=\'1.0\'>_||>":<||_html:</span>_||><||_html:<span '
 "style='background-color: rgba(0.0, 165.0, 0, 0.15); border-radius: 3px;' "
 "title='1.0'>_||> {<||_html:</span>_||><||_html:<span "
 "style='background-color: rgba(0.0, 165.0, 0, 0.15); border-radius: 3px;' "
 "title='1.0'>_||>\n"
 "<||_html:</span>_||><||_html:<span style='background-color: rgba(0.0, 165.0, "
 "0, 0.15); border-radius: 3px;' title='1.0'>_||>   "
 "<||_html:</span>_||><||_html:<span style='background-color: rgba(0.0, 165.0, "
 "0, 0.15); border-radius: 3px;' title='1.0'>_||> "
 '"<||_html:</span>_||><||_html:<span style=\'background-color: rgba(0.0, '
 "165.0, 0, 0.15); border-radius: 3px;' "
 "title='1.0'>_||>summary<||_html:</span>_||><||_html:<span "
 "style='background-color: rgba(0.0, 165.0, 0, 0.15); border-radius: 3px;' "
 'title=\'1.0\'>_||>":<||_html:</span>_||><||_html:<span '
 "style='background-color: rgba(0.0, 165.0, 0, 0.15); border-radius: 3px;' "
 'title=\'1.0\'>_||> "<||_html:</span>_||><||_html:<span '
 "style='background-color: rgba(0.0, 165.0, 0, 0.15); border-radius: 3px;' "
 "title='1.0'>_||>The<||_html:</span>_||><||_html:<span "
 "style='background-color: rgba(0.0, 165.0, 0, 0.15); border-radius: 3px;' "
 "title='1.0'>_||> '<||_html:</span>_||><||_html:<span "
 "style='background-color: rgba(0.0, 165.0, 0, 0.15); border-radius: 3px;' "
 "title='1.0'>_||>get<||_html:</span>_||><||_html:<span "
 "style='background-color: rgba(0.0, 165.0, 0, 0.15); border-radius: 3px;' "
 "title='1.0'>_||>Product<||_html:</span>_||><||_html:<span "
 "style='background-color: rgba(0.0, 165.0, 0, 0.15); border-radius: 3px;' "
 "title='1.0'>_||>'<||_html:</span>_||><||_html:<span style='background-color: "
 "rgba(0.0, 165.0, 0, 0.15); border-radius: 3px;' title='1.0'>_||> "
 "query<||_html:</span>_||><||_html:<span style='background-color: rgba(0.0, "
 "165.0, 0, 0.15); border-radius: 3px;' title='1.0'>_||> "
 "now<||_html:</span>_||><||_html:<span style='background-color: rgba(0.0, "
 "165.0, 0, 0.15); border-radius: 3px;' title='1.0'>_||> "
 "includes<||_html:</span>_||><||_html:<span style='background-color: "
 "rgba(0.0, 165.0, 0, 0.15); border-radius: 3px;' title='1.0'>_||> "
 "a<||_html:</span>_||><||_html:<span style='background-color: rgba(0.0, "
 "165.0, 0, 0.15); border-radius: 3px;' title='1.0'>_||> "
 "new<||_html:</span>_||><||_html:<span style='background-color: rgba(0.0, "
 "165.0, 0, 0.15); border-radius: 3px;' title='1.0'>_||> "
 "field<||_html:</span>_||><||_html:<span style='background-color: rgba(0.0, "
 "165.0, 0, 0.15); border-radius: 3px;' title='1.0'>_||> "
 "'<||_html:</span>_||><||_html:<span style='background-color: rgba(0.0, "
 "165.0, 0, 0.15); border-radius: 3px;' "
 "title='1.0'>_||>details<||_html:</span>_||><||_html:<span "
 "style='background-color: rgba(0.0, 165.0, 0, 0.15); border-radius: 3px;' "
 "title='1.0'>_||>'<||_html:</span>_||><||_html:<span style='background-color: "
 "rgba(0.0, 165.0, 0, 0.15); border-radius: 3px;' title='1.0'>_||> "
 "of<||_html:</span>_||><||_html:<span style='background-color: rgba(0.0, "
 "165.0, 0, 0.15); border-radius: 3px;' title='1.0'>_||> "
 "type<||_html:</span>_||><||_html:<span style='background-color: rgba(0.0, "
 "165.0, 0, 0.15); border-radius: 3px;' title='1.0'>_||> "
 "String<||_html:</span>_||><||_html:<span style='background-color: rgba(0.0, "
 "165.0, 0, 0.15); border-radius: 3px;' "
 "title='1.0'>_||>.<||_html:</span>_||><||_html:<span style='background-color: "
 "rgba(0.0, 165.0, 0, 0.15); border-radius: 3px;' title='1.0'>_||> "
 "The<||_html:</span>_||><||_html:<span style='background-color: rgba(0.0, "
 "165.0, 0, 0.15); border-radius: 3px;' title='1.0'>_||> "
 "'<||_html:</span>_||><||_html:<span style='background-color: rgba(0.0, "
 "165.0, 0, 0.15); border-radius: 3px;' "
 "title='1.0'>_||>Product<||_html:</span>_||><||_html:<span "
 "style='background-color: rgba(0.0, 165.0, 0, 0.15); border-radius: 3px;' "
 "title='1.0'>_||>'<||_html:</span>_||><||_html:<span style='background-color: "
 "rgba(0.0, 165.0, 0, 0.15); border-radius: 3px;' title='1.0'>_||> "
 "type<||_html:</span>_||><||_html:<span style='background-color: rgba(0.0, "
 "165.0, 0, 0.15); border-radius: 3px;' title='1.0'>_||> "
 "no<||_html:</span>_||><||_html:<span style='background-color: rgba(0.0, "
 "165.0, 0, 0.15); border-radius: 3px;' title='1.0'>_||> "
 "longer<||_html:</span>_||><||_html:<span style='background-color: rgba(0.0, "
 "165.0, 0, 0.15); border-radius: 3px;' title='1.0'>_||> "
 "includes<||_html:</span>_||><||_html:<span style='background-color: "
 "rgba(0.0, 165.0, 0, 0.15); border-radius: 3px;' title='1.0'>_||> "
 "the<||_html:</span>_||><||_html:<span style='background-color: rgba(0.0, "
 "165.0, 0, 0.15); border-radius: 3px;' title='1.0'>_||> "
 "'<||_html:</span>_||><||_html:<span style='background-color: rgba(0.0, "
 "165.0, 0, 0.15); border-radius: 3px;' "
 "title='1.0'>_||>description<||_html:</span>_||><||_html:<span "
 "style='background-color: rgba(0.0, 165.0, 0, 0.15); border-radius: 3px;' "
 "title='1.0'>_||>'<||_html:</span>_||><||_html:<span style='background-color: "
 "rgba(0.0, 165.0, 0, 0.15); border-radius: 3px;' title='1.0'>_||>")
('Analyze the following two GraphQL schemas for changes, including both '
 'breaking and non-breaking changes.\n'
 '\n'
 '                        Provide your analysis in the following JSON format:\n'
 '                        {\n'
 '                          "changes": [\n'
 '                            {\n'
 '                              "type": "String representing the GraphQL type '
 '(e.g., Query, Mutation, Subscription)",\n'
 '                              "field": "String representing the specific '
 'field that changed",\n'
 '                              "change": "String describing the change (e.g., '
 'field renamed, new field added, field removed)",\n'
 '                              "breaking": "Boolean indicating if the change '
 'is breaking (true) or non-breaking (false)",\n'
 '                              "release_note": "String with a natural '
 'language description of the change for release notes"\n'
 '                            }\n'
 '                          ],\n'
 '                          "release_notes": {\n'
 '                              "summary": "String summarizing all changes, '
 'suitable for a mailing list or public announcement"\n'
 '                          }\n'
 '                        }\n'
 '\n'
 '                        When analyzing, consider the following types of '
 'changes:\n'
 '                        1. Removing fields or types (breaking)\n'
 '                        2. Changing field types (potentially breaking)\n'
 '                        3. Adding required fields (breaking)\n'
 '                        4. Changing the type of existing arguments '
 '(breaking)\n'
 '                        5. Adding optional fields (non-breaking)\n'
 '                        6. Adding new types (non-breaking)\n'
 '                        7. Deprecating fields (non-breaking)\n'
 '\n'
 '                        Ensure that each change is categorized correctly as '
 'breaking or non-breaking.: type Query {\n'
 '  getProduct(id: ID!): Product\n'
 '}\n'
 '\n'
 'type Product {\n'
 '  id: ID\n'
 '  name: String\n'
 '  description: String\n'
 '  price: Float\n'
 '  stock: Int\n'
 '}\n'
 ', type Query {\n'
 '  getProduct(id: ID!): Product\n'
 '}\n'
 '\n'
 'type Product {\n'
 '  id: ID\n'
 '  name: String\n'
 '  details: String\n'
 '  price: Float\n'
 '}\n'
 '\n'
 "Answer:<||_html:<span style='background-color: rgba(0.0, 165.0, 0, 0.15); "
 "border-radius: 3px;' title='1.0'>_||> {<||_html:</span>_||><||_html:<span "
 "style='background-color: rgba(0.0, 165.0, 0, 0.15); border-radius: 3px;' "
 "title='1.0'>_||>\n"
 "<||_html:</span>_||><||_html:<span style='background-color: rgba(0.0, 165.0, "
 "0, 0.15); border-radius: 3px;' title='1.0'>_||> "
 "<||_html:</span>_||><||_html:<span style='background-color: rgba(0.0, 165.0, "
 "0, 0.15); border-radius: 3px;' title='1.0'>_||> "
 '"<||_html:</span>_||><||_html:<span style=\'background-color: rgba(0.0, '
 "165.0, 0, 0.15); border-radius: 3px;' "
 "title='1.0'>_||>changes<||_html:</span>_||><||_html:<span "
 "style='background-color: rgba(0.0, 165.0, 0, 0.15); border-radius: 3px;' "
 'title=\'1.0\'>_||>":<||_html:</span>_||><||_html:<span '
 "style='background-color: rgba(0.0, 165.0, 0, 0.15); border-radius: 3px;' "
 "title='1.0'>_||> [<||_html:</span>_||><||_html:<span "
 "style='background-color: rgba(0.0, 165.0, 0, 0.15); border-radius: 3px;' "
 "title='1.0'>_||>\n"
 "<||_html:</span>_||><||_html:<span style='background-color: rgba(0.0, 165.0, "
 "0, 0.15); border-radius: 3px;' title='1.0'>_||>   "
 "<||_html:</span>_||><||_html:<span style='background-color: rgba(0.0, 165.0, "
 "0, 0.15); border-radius: 3px;' title='1.0'>_||> "
 "{<||_html:</span>_||><||_html:<span style='background-color: rgba(0.0, "
 "165.0, 0, 0.15); border-radius: 3px;' title='1.0'>_||>\n"
 "<||_html:</span>_||><||_html:<span style='background-color: rgba(0.0, 165.0, "
 "0, 0.15); border-radius: 3px;' title='1.0'>_||>     "
 "<||_html:</span>_||><||_html:<span style='background-color: rgba(0.0, 165.0, "
 "0, 0.15); border-radius: 3px;' title='1.0'>_||> "
 '"<||_html:</span>_||><||_html:<span style=\'background-color: rgba(0.0, '
 "165.0, 0, 0.15); border-radius: 3px;' "
 "title='1.0'>_||>type<||_html:</span>_||><||_html:<span "
 "style='background-color: rgba(0.0, 165.0, 0, 0.15); border-radius: 3px;' "
 'title=\'1.0\'>_||>":<||_html:</span>_||><||_html:<span '
 "style='background-color: rgba(0.0, 165.0, 0, 0.15); border-radius: 3px;' "
 'title=\'1.0\'>_||> "<||_html:</span>_||><||_html:<span '
 "style='background-color: rgba(0.0, 165.0, 0, 0.15); border-radius: 3px;' "
 "title='1.0'>_||>Query<||_html:</span>_||><||_html:<span "
 "style='background-color: rgba(0.0, 165.0, 0, 0.15); border-radius: 3px;' "
 'title=\'1.0\'>_||>",<||_html:</span>_||><||_html:<span '
 "style='background-color: rgba(0.0, 165.0, 0, 0.15); border-radius: 3px;' "
 "title='1.0'>_||>\n"
 "<||_html:</span>_||><||_html:<span style='background-color: rgba(0.0, 165.0, "
 "0, 0.15); border-radius: 3px;' title='1.0'>_||>     "
 "<||_html:</span>_||><||_html:<span style='background-color: rgba(0.0, 165.0, "
 "0, 0.15); border-radius: 3px;' title='1.0'>_||> "
 '"<||_html:</span>_||><||_html:<span style=\'background-color: rgba(0.0, '
 "165.0, 0, 0.15); border-radius: 3px;' "
 "title='1.0'>_||>field<||_html:</span>_||><||_html:<span "
 "style='background-color: rgba(0.0, 165.0, 0, 0.15); border-radius: 3px;' "
 'title=\'1.0\'>_||>":<||_html:</span>_||><||_html:<span '
 "style='background-color: rgba(0.0, 165.0, 0, 0.15); border-radius: 3px;' "
 'title=\'1.0\'>_||> "<||_html:</span>_||><||_html:<span '
 "style='background-color: rgba(0.0, 165.0, 0, 0.15); border-radius: 3px;' "
 "title='1.0'>_||>get<||_html:</span>_||><||_html:<span "
 "style='background-color: rgba(0.0, 165.0, 0, 0.15); border-radius: 3px;' "
 "title='1.0'>_||>Product<||_html:</span>_||><||_html:<span "
 "style='background-color: rgba(0.0, 165.0, 0, 0.15); border-radius: 3px;' "
 'title=\'1.0\'>_||>",<||_html:</span>_||><||_html:<span '
 "style='background-color: rgba(0.0, 165.0, 0, 0.15); border-radius: 3px;' "
 "title='1.0'>_||>\n"
 "<||_html:</span>_||><||_html:<span style='background-color: rgba(0.0, 165.0, "
 "0, 0.15); border-radius: 3px;' title='1.0'>_||>     "
 "<||_html:</span>_||><||_html:<span style='background-color: rgba(0.0, 165.0, "
 "0, 0.15); border-radius: 3px;' title='1.0'>_||> "
 '"<||_html:</span>_||><||_html:<span style=\'background-color: rgba(0.0, '
 "165.0, 0, 0.15); border-radius: 3px;' "
 "title='1.0'>_||>change<||_html:</span>_||><||_html:<span "
 "style='background-color: rgba(0.0, 165.0, 0, 0.15); border-radius: 3px;' "
 'title=\'1.0\'>_||>":<||_html:</span>_||><||_html:<span '
 "style='background-color: rgba(0.0, 165.0, 0, 0.15); border-radius: 3px;' "
 'title=\'1.0\'>_||> "<||_html:</span>_||><||_html:<span '
 "style='background-color: rgba(0.0, 165.0, 0, 0.15); border-radius: 3px;' "
 "title='1.0'>_||>field<||_html:</span>_||><||_html:<span "
 "style='background-color: rgba(0.0, 165.0, 0, 0.15); border-radius: 3px;' "
 "title='1.0'>_||> details<||_html:</span>_||><||_html:<span "
 "style='background-color: rgba(0.0, 165.0, 0, 0.15); border-radius: 3px;' "
 "title='1.0'>_||> added<||_html:</span>_||><||_html:<span "
 "style='background-color: rgba(0.0, 165.0, 0, 0.15); border-radius: 3px;' "
 'title=\'1.0\'>_||>",<||_html:</span>_||><||_html:<span '
 "style='background-color: rgba(0.0, 165.0, 0, 0.15); border-radius: 3px;' "
 "title='1.0'>_||>\n"
 "<||_html:</span>_||><||_html:<span style='background-color: rgba(0.0, 165.0, "
 "0, 0.15); border-radius: 3px;' title='1.0'>_||>     "
 "<||_html:</span>_||><||_html:<span style='background-color: rgba(0.0, 165.0, "
 "0, 0.15); border-radius: 3px;' title='1.0'>_||> "
 '"<||_html:</span>_||><||_html:<span style=\'background-color: rgba(0.0, '
 "165.0, 0, 0.15); border-radius: 3px;' "
 "title='1.0'>_||>breaking<||_html:</span>_||><||_html:<span "
 "style='background-color: rgba(0.0, 165.0, 0, 0.15); border-radius: 3px;' "
 'title=\'1.0\'>_||>":<||_html:</span>_||><||_html:<span '
 "style='background-color: rgba(0.0, 165.0, 0, 0.15); border-radius: 3px;' "
 'title=\'1.0\'>_||> "<||_html:</span>_||><||_html:<span '
 "style='background-color: rgba(0.0, 165.0, 0, 0.15); border-radius: 3px;' "
 "title='1.0'>_||>false<||_html:</span>_||><||_html:<span "
 "style='background-color: rgba(0.0, 165.0, 0, 0.15); border-radius: 3px;' "
 'title=\'1.0\'>_||>",<||_html:</span>_||><||_html:<span '
 "style='background-color: rgba(0.0, 165.0, 0, 0.15); border-radius: 3px;' "
 "title='1.0'>_||>\n"
 "<||_html:</span>_||><||_html:<span style='background-color: rgba(0.0, 165.0, "
 "0, 0.15); border-radius: 3px;' title='1.0'>_||>     "
 "<||_html:</span>_||><||_html:<span style='background-color: rgba(0.0, 165.0, "
 "0, 0.15); border-radius: 3px;' title='1.0'>_||> "
 '"<||_html:</span>_||><||_html:<span style=\'background-color: rgba(0.0, '
 "165.0, 0, 0.15); border-radius: 3px;' "
 "title='1.0'>_||>release<||_html:</span>_||><||_html:<span "
 "style='background-color: rgba(0.0, 165.0, 0, 0.15); border-radius: 3px;' "
 "title='1.0'>_||>_<||_html:</span>_||><||_html:<span style='background-color: "
 "rgba(0.0, 165.0, 0, 0.15); border-radius: 3px;' "
 "title='1.0'>_||>note<||_html:</span>_||><||_html:<span "
 "style='background-color: rgba(0.0, 165.0, 0, 0.15); border-radius: 3px;' "
 'title=\'1.0\'>_||>":<||_html:</span>_||><||_html:<span '
 "style='background-color: rgba(0.0, 165.0, 0, 0.15); border-radius: 3px;' "
 'title=\'1.0\'>_||> "<||_html:</span>_||><||_html:<span '
 "style='background-color: rgba(0.0, 165.0, 0, 0.15); border-radius: 3px;' "
 "title='1.0'>_||>The<||_html:</span>_||><||_html:<span "
 "style='background-color: rgba(0.0, 165.0, 0, 0.15); border-radius: 3px;' "
 "title='1.0'>_||> '<||_html:</span>_||><||_html:<span "
 "style='background-color: rgba(0.0, 165.0, 0, 0.15); border-radius: 3px;' "
 "title='1.0'>_||>get<||_html:</span>_||><||_html:<span "
 "style='background-color: rgba(0.0, 165.0, 0, 0.15); border-radius: 3px;' "
 "title='1.0'>_||>Product<||_html:</span>_||><||_html:<span "
 "style='background-color: rgba(0.0, 165.0, 0, 0.15); border-radius: 3px;' "
 "title='1.0'>_||>'<||_html:</span>_||><||_html:<span style='background-color: "
 "rgba(0.0, 165.0, 0, 0.15); border-radius: 3px;' title='1.0'>_||> "
 "query<||_html:</span>_||><||_html:<span style='background-color: rgba(0.0, "
 "165.0, 0, 0.15); border-radius: 3px;' title='1.0'>_||> "
 "now<||_html:</span>_||><||_html:<span style='background-color: rgba(0.0, "
 "165.0, 0, 0.15); border-radius: 3px;' title='1.0'>_||> "
 "includes<||_html:</span>_||><||_html:<span style='background-color: "
 "rgba(0.0, 165.0, 0, 0.15); border-radius: 3px;' title='1.0'>_||> "
 "a<||_html:</span>_||><||_html:<span style='background-color: rgba(0.0, "
 "165.0, 0, 0.15); border-radius: 3px;' title='1.0'>_||> "
 "new<||_html:</span>_||><||_html:<span style='background-color: rgba(0.0, "
 "165.0, 0, 0.15); border-radius: 3px;' title='1.0'>_||> "
 "field<||_html:</span>_||><||_html:<span style='background-color: rgba(0.0, "
 "165.0, 0, 0.15); border-radius: 3px;' title='1.0'>_||> "
 "'<||_html:</span>_||><||_html:<span style='background-color: rgba(0.0, "
 "165.0, 0, 0.15); border-radius: 3px;' "
 "title='1.0'>_||>details<||_html:</span>_||><||_html:<span "
 "style='background-color: rgba(0.0, 165.0, 0, 0.15); border-radius: 3px;' "
 "title='1.0'>_||>'<||_html:</span>_||><||_html:<span style='background-color: "
 "rgba(0.0, 165.0, 0, 0.15); border-radius: 3px;' title='1.0'>_||> "
 "of<||_html:</span>_||><||_html:<span style='background-color: rgba(0.0, "
 "165.0, 0, 0.15); border-radius: 3px;' title='1.0'>_||> "
 "type<||_html:</span>_||><||_html:<span style='background-color: rgba(0.0, "
 "165.0, 0, 0.15); border-radius: 3px;' title='1.0'>_||> "
 "String<||_html:</span>_||><||_html:<span style='background-color: rgba(0.0, "
 "165.0, 0, 0.15); border-radius: 3px;' "
 'title=\'1.0\'>_||>."<||_html:</span>_||><||_html:<span '
 "style='background-color: rgba(0.0, 165.0, 0, 0.15); border-radius: 3px;' "
 "title='1.0'>_||>\n"
 "<||_html:</span>_||><||_html:<span style='background-color: rgba(0.0, 165.0, "
 "0, 0.15); border-radius: 3px;' title='1.0'>_||>   "
 "<||_html:</span>_||><||_html:<span style='background-color: rgba(0.0, 165.0, "
 "0, 0.15); border-radius: 3px;' title='1.0'>_||> "
 "},<||_html:</span>_||><||_html:<span style='background-color: rgba(0.0, "
 "165.0, 0, 0.15); border-radius: 3px;' title='1.0'>_||>\n"
 "<||_html:</span>_||><||_html:<span style='background-color: rgba(0.0, 165.0, "
 "0, 0.15); border-radius: 3px;' title='1.0'>_||>   "
 "<||_html:</span>_||><||_html:<span style='background-color: rgba(0.0, 165.0, "
 "0, 0.15); border-radius: 3px;' title='1.0'>_||> "
 "{<||_html:</span>_||><||_html:<span style='background-color: rgba(0.0, "
 "165.0, 0, 0.15); border-radius: 3px;' title='1.0'>_||>\n"
 "<||_html:</span>_||><||_html:<span style='background-color: rgba(0.0, 165.0, "
 "0, 0.15); border-radius: 3px;' title='1.0'>_||>     "
 "<||_html:</span>_||><||_html:<span style='background-color: rgba(0.0, 165.0, "
 "0, 0.15); border-radius: 3px;' title='1.0'>_||> "
 '"<||_html:</span>_||><||_html:<span style=\'background-color: rgba(0.0, '
 "165.0, 0, 0.15); border-radius: 3px;' "
 "title='1.0'>_||>type<||_html:</span>_||><||_html:<span "
 "style='background-color: rgba(0.0, 165.0, 0, 0.15); border-radius: 3px;' "
 'title=\'1.0\'>_||>":<||_html:</span>_||><||_html:<span '
 "style='background-color: rgba(0.0, 165.0, 0, 0.15); border-radius: 3px;' "
 'title=\'1.0\'>_||> "<||_html:</span>_||><||_html:<span '
 "style='background-color: rgba(0.0, 165.0, 0, 0.15); border-radius: 3px;' "
 "title='1.0'>_||>Product<||_html:</span>_||><||_html:<span "
 "style='background-color: rgba(0.0, 165.0, 0, 0.15); border-radius: 3px;' "
 'title=\'1.0\'>_||>",<||_html:</span>_||><||_html:<span '
 "style='background-color: rgba(0.0, 165.0, 0, 0.15); border-radius: 3px;' "
 "title='1.0'>_||>\n"
 "<||_html:</span>_||><||_html:<span style='background-color: rgba(0.0, 165.0, "
 "0, 0.15); border-radius: 3px;' title='1.0'>_||>     "
 "<||_html:</span>_||><||_html:<span style='background-color: rgba(0.0, 165.0, "
 "0, 0.15); border-radius: 3px;' title='1.0'>_||> "
 '"<||_html:</span>_||><||_html:<span style=\'background-color: rgba(0.0, '
 "165.0, 0, 0.15); border-radius: 3px;' "
 "title='1.0'>_||>field<||_html:</span>_||><||_html:<span "
 "style='background-color: rgba(0.0, 165.0, 0, 0.15); border-radius: 3px;' "
 'title=\'1.0\'>_||>":<||_html:</span>_||><||_html:<span '
 "style='background-color: rgba(0.0, 165.0, 0, 0.15); border-radius: 3px;' "
 'title=\'1.0\'>_||> "<||_html:</span>_||><||_html:<span '
 "style='background-color: rgba(0.0, 165.0, 0, 0.15); border-radius: 3px;' "
 "title='1.0'>_||>description<||_html:</span>_||><||_html:<span "
 "style='background-color: rgba(0.0, 165.0, 0, 0.15); border-radius: 3px;' "
 'title=\'1.0\'>_||>",<||_html:</span>_||><||_html:<span '
 "style='background-color: rgba(0.0, 165.0, 0, 0.15); border-radius: 3px;' "
 "title='1.0'>_||>\n"
 "<||_html:</span>_||><||_html:<span style='background-color: rgba(0.0, 165.0, "
 "0, 0.15); border-radius: 3px;' title='1.0'>_||>     "
 "<||_html:</span>_||><||_html:<span style='background-color: rgba(0.0, 165.0, "
 "0, 0.15); border-radius: 3px;' title='1.0'>_||> "
 '"<||_html:</span>_||><||_html:<span style=\'background-color: rgba(0.0, '
 "165.0, 0, 0.15); border-radius: 3px;' "
 "title='1.0'>_||>change<||_html:</span>_||><||_html:<span "
 "style='background-color: rgba(0.0, 165.0, 0, 0.15); border-radius: 3px;' "
 'title=\'1.0\'>_||>":<||_html:</span>_||><||_html:<span '
 "style='background-color: rgba(0.0, 165.0, 0, 0.15); border-radius: 3px;' "
 'title=\'1.0\'>_||> "<||_html:</span>_||><||_html:<span '
 "style='background-color: rgba(0.0, 165.0, 0, 0.15); border-radius: 3px;' "
 "title='1.0'>_||>field<||_html:</span>_||><||_html:<span "
 "style='background-color: rgba(0.0, 165.0, 0, 0.15); border-radius: 3px;' "
 "title='1.0'>_||> removed<||_html:</span>_||><||_html:<span "
 "style='background-color: rgba(0.0, 165.0, 0, 0.15); border-radius: 3px;' "
 'title=\'1.0\'>_||>",<||_html:</span>_||><||_html:<span '
 "style='background-color: rgba(0.0, 165.0, 0, 0.15); border-radius: 3px;' "
 "title='1.0'>_||>\n"
 "<||_html:</span>_||><||_html:<span style='background-color: rgba(0.0, 165.0, "
 "0, 0.15); border-radius: 3px;' title='1.0'>_||>     "
 "<||_html:</span>_||><||_html:<span style='background-color: rgba(0.0, 165.0, "
 "0, 0.15); border-radius: 3px;' title='1.0'>_||> "
 '"<||_html:</span>_||><||_html:<span style=\'background-color: rgba(0.0, '
 "165.0, 0, 0.15); border-radius: 3px;' "
 "title='1.0'>_||>breaking<||_html:</span>_||><||_html:<span "
 "style='background-color: rgba(0.0, 165.0, 0, 0.15); border-radius: 3px;' "
 'title=\'1.0\'>_||>":<||_html:</span>_||><||_html:<span '
 "style='background-color: rgba(0.0, 165.0, 0, 0.15); border-radius: 3px;' "
 'title=\'1.0\'>_||> "<||_html:</span>_||><||_html:<span '
 "style='background-color: rgba(0.0, 165.0, 0, 0.15); border-radius: 3px;' "
 "title='1.0'>_||>true<||_html:</span>_||><||_html:<span "
 "style='background-color: rgba(0.0, 165.0, 0, 0.15); border-radius: 3px;' "
 'title=\'1.0\'>_||>",<||_html:</span>_||><||_html:<span '
 "style='background-color: rgba(0.0, 165.0, 0, 0.15); border-radius: 3px;' "
 "title='1.0'>_||>\n"
 "<||_html:</span>_||><||_html:<span style='background-color: rgba(0.0, 165.0, "
 "0, 0.15); border-radius: 3px;' title='1.0'>_||>     "
 "<||_html:</span>_||><||_html:<span style='background-color: rgba(0.0, 165.0, "
 "0, 0.15); border-radius: 3px;' title='1.0'>_||> "
 '"<||_html:</span>_||><||_html:<span style=\'background-color: rgba(0.0, '
 "165.0, 0, 0.15); border-radius: 3px;' "
 "title='1.0'>_||>release<||_html:</span>_||><||_html:<span "
 "style='background-color: rgba(0.0, 165.0, 0, 0.15); border-radius: 3px;' "
 "title='1.0'>_||>_<||_html:</span>_||><||_html:<span style='background-color: "
 "rgba(0.0, 165.0, 0, 0.15); border-radius: 3px;' "
 "title='1.0'>_||>note<||_html:</span>_||><||_html:<span "
 "style='background-color: rgba(0.0, 165.0, 0, 0.15); border-radius: 3px;' "
 'title=\'1.0\'>_||>":<||_html:</span>_||><||_html:<span '
 "style='background-color: rgba(0.0, 165.0, 0, 0.15); border-radius: 3px;' "
 'title=\'1.0\'>_||> "<||_html:</span>_||><||_html:<span '
 "style='background-color: rgba(0.0, 165.0, 0, 0.15); border-radius: 3px;' "
 "title='1.0'>_||>The<||_html:</span>_||><||_html:<span "
 "style='background-color: rgba(0.0, 165.0, 0, 0.15); border-radius: 3px;' "
 "title='1.0'>_||> '<||_html:</span>_||><||_html:<span "
 "style='background-color: rgba(0.0, 165.0, 0, 0.15); border-radius: 3px;' "
 "title='1.0'>_||>Product<||_html:</span>_||><||_html:<span "
 "style='background-color: rgba(0.0, 165.0, 0, 0.15); border-radius: 3px;' "
 "title='1.0'>_||>'<||_html:</span>_||><||_html:<span style='background-color: "
 "rgba(0.0, 165.0, 0, 0.15); border-radius: 3px;' title='1.0'>_||> "
 "type<||_html:</span>_||><||_html:<span style='background-color: rgba(0.0, "
 "165.0, 0, 0.15); border-radius: 3px;' title='1.0'>_||> "
 "no<||_html:</span>_||><||_html:<span style='background-color: rgba(0.0, "
 "165.0, 0, 0.15); border-radius: 3px;' title='1.0'>_||> "
 "longer<||_html:</span>_||><||_html:<span style='background-color: rgba(0.0, "
 "165.0, 0, 0.15); border-radius: 3px;' title='1.0'>_||> "
 "includes<||_html:</span>_||><||_html:<span style='background-color: "
 "rgba(0.0, 165.0, 0, 0.15); border-radius: 3px;' title='1.0'>_||> "
 "the<||_html:</span>_||><||_html:<span style='background-color: rgba(0.0, "
 "165.0, 0, 0.15); border-radius: 3px;' title='1.0'>_||> "
 "'<||_html:</span>_||><||_html:<span style='background-color: rgba(0.0, "
 "165.0, 0, 0.15); border-radius: 3px;' "
 "title='1.0'>_||>description<||_html:</span>_||><||_html:<span "
 "style='background-color: rgba(0.0, 165.0, 0, 0.15); border-radius: 3px;' "
 "title='1.0'>_||>'<||_html:</span>_||><||_html:<span style='background-color: "
 "rgba(0.0, 165.0, 0, 0.15); border-radius: 3px;' title='1.0'>_||> "
 "field<||_html:</span>_||><||_html:<span style='background-color: rgba(0.0, "
 "165.0, 0, 0.15); border-radius: 3px;' "
 'title=\'1.0\'>_||>."<||_html:</span>_||><||_html:<span '
 "style='background-color: rgba(0.0, 165.0, 0, 0.15); border-radius: 3px;' "
 "title='1.0'>_||>\n"
 "<||_html:</span>_||><||_html:<span style='background-color: rgba(0.0, 165.0, "
 "0, 0.15); border-radius: 3px;' title='1.0'>_||>   "
 "<||_html:</span>_||><||_html:<span style='background-color: rgba(0.0, 165.0, "
 "0, 0.15); border-radius: 3px;' title='1.0'>_||> "
 "},<||_html:</span>_||><||_html:<span style='background-color: rgba(0.0, "
 "165.0, 0, 0.15); border-radius: 3px;' title='1.0'>_||>\n"
 "<||_html:</span>_||><||_html:<span style='background-color: rgba(0.0, 165.0, "
 "0, 0.15); border-radius: 3px;' title='1.0'>_||>   "
 "<||_html:</span>_||><||_html:<span style='background-color: rgba(0.0, 165.0, "
 "0, 0.15); border-radius: 3px;' title='1.0'>_||> "
 "{<||_html:</span>_||><||_html:<span style='background-color: rgba(0.0, "
 "165.0, 0, 0.15); border-radius: 3px;' title='1.0'>_||>\n"
 "<||_html:</span>_||><||_html:<span style='background-color: rgba(0.0, 165.0, "
 "0, 0.15); border-radius: 3px;' title='1.0'>_||>     "
 "<||_html:</span>_||><||_html:<span style='background-color: rgba(0.0, 165.0, "
 "0, 0.15); border-radius: 3px;' title='1.0'>_||> "
 '"<||_html:</span>_||><||_html:<span style=\'background-color: rgba(0.0, '
 "165.0, 0, 0.15); border-radius: 3px;' "
 "title='1.0'>_||>type<||_html:</span>_||><||_html:<span "
 "style='background-color: rgba(0.0, 165.0, 0, 0.15); border-radius: 3px;' "
 'title=\'1.0\'>_||>":<||_html:</span>_||><||_html:<span '
 "style='background-color: rgba(0.0, 165.0, 0, 0.15); border-radius: 3px;' "
 'title=\'1.0\'>_||> "<||_html:</span>_||><||_html:<span '
 "style='background-color: rgba(0.0, 165.0, 0, 0.15); border-radius: 3px;' "
 "title='1.0'>_||>Product<||_html:</span>_||><||_html:<span "
 "style='background-color: rgba(0.0, 165.0, 0, 0.15); border-radius: 3px;' "
 'title=\'1.0\'>_||>",<||_html:</span>_||><||_html:<span '
 "style='background-color: rgba(0.0, 165.0, 0, 0.15); border-radius: 3px;' "
 "title='1.0'>_||>\n"
 "<||_html:</span>_||><||_html:<span style='background-color: rgba(0.0, 165.0, "
 "0, 0.15); border-radius: 3px;' title='1.0'>_||>     "
 "<||_html:</span>_||><||_html:<span style='background-color: rgba(0.0, 165.0, "
 "0, 0.15); border-radius: 3px;' title='1.0'>_||> "
 '"<||_html:</span>_||><||_html:<span style=\'background-color: rgba(0.0, '
 "165.0, 0, 0.15); border-radius: 3px;' "
 "title='1.0'>_||>field<||_html:</span>_||><||_html:<span "
 "style='background-color: rgba(0.0, 165.0, 0, 0.15); border-radius: 3px;' "
 'title=\'1.0\'>_||>":<||_html:</span>_||><||_html:<span '
 "style='background-color: rgba(0.0, 165.0, 0, 0.15); border-radius: 3px;' "
 'title=\'1.0\'>_||> "<||_html:</span>_||><||_html:<span '
 "style='background-color: rgba(0.0, 165.0, 0, 0.15); border-radius: 3px;' "
 "title='1.0'>_||>stock<||_html:</span>_||><||_html:<span "
 "style='background-color: rgba(0.0, 165.0, 0, 0.15); border-radius: 3px;' "
 'title=\'1.0\'>_||>",<||_html:</span>_||><||_html:<span '
 "style='background-color: rgba(0.0, 165.0, 0, 0.15); border-radius: 3px;' "
 "title='1.0'>_||>\n"
 "<||_html:</span>_||><||_html:<span style='background-color: rgba(0.0, 165.0, "
 "0, 0.15); border-radius: 3px;' title='1.0'>_||>     "
 "<||_html:</span>_||><||_html:<span style='background-color: rgba(0.0, 165.0, "
 "0, 0.15); border-radius: 3px;' title='1.0'>_||> "
 '"<||_html:</span>_||><||_html:<span style=\'background-color: rgba(0.0, '
 "165.0, 0, 0.15); border-radius: 3px;' "
 "title='1.0'>_||>change<||_html:</span>_||><||_html:<span "
 "style='background-color: rgba(0.0, 165.0, 0, 0.15); border-radius: 3px;' "
 'title=\'1.0\'>_||>":<||_html:</span>_||><||_html:<span '
 "style='background-color: rgba(0.0, 165.0, 0, 0.15); border-radius: 3px;' "
 'title=\'1.0\'>_||> "<||_html:</span>_||><||_html:<span '
 "style='background-color: rgba(0.0, 165.0, 0, 0.15); border-radius: 3px;' "
 "title='1.0'>_||>field<||_html:</span>_||><||_html:<span "
 "style='background-color: rgba(0.0, 165.0, 0, 0.15); border-radius: 3px;' "
 "title='1.0'>_||> removed<||_html:</span>_||><||_html:<span "
 "style='background-color: rgba(0.0, 165.0, 0, 0.15); border-radius: 3px;' "
 'title=\'1.0\'>_||>",<||_html:</span>_||><||_html:<span '
 "style='background-color: rgba(0.0, 165.0, 0, 0.15); border-radius: 3px;' "
 "title='1.0'>_||>\n"
 "<||_html:</span>_||><||_html:<span style='background-color: rgba(0.0, 165.0, "
 "0, 0.15); border-radius: 3px;' title='1.0'>_||>     "
 "<||_html:</span>_||><||_html:<span style='background-color: rgba(0.0, 165.0, "
 "0, 0.15); border-radius: 3px;' title='1.0'>_||> "
 '"<||_html:</span>_||><||_html:<span style=\'background-color: rgba(0.0, '
 "165.0, 0, 0.15); border-radius: 3px;' "
 "title='1.0'>_||>breaking<||_html:</span>_||><||_html:<span "
 "style='background-color: rgba(0.0, 165.0, 0, 0.15); border-radius: 3px;' "
 'title=\'1.0\'>_||>":<||_html:</span>_||><||_html:<span '
 "style='background-color: rgba(0.0, 165.0, 0, 0.15); border-radius: 3px;' "
 'title=\'1.0\'>_||> "<||_html:</span>_||><||_html:<span '
 "style='background-color: rgba(0.0, 165.0, 0, 0.15); border-radius: 3px;' "
 "title='1.0'>_||>true<||_html:</span>_||><||_html:<span "
 "style='background-color: rgba(0.0, 165.0, 0, 0.15); border-radius: 3px;' "
 'title=\'1.0\'>_||>",<||_html:</span>_||><||_html:<span '
 "style='background-color: rgba(0.0, 165.0, 0, 0.15); border-radius: 3px;' "
 "title='1.0'>_||>\n"
 "<||_html:</span>_||><||_html:<span style='background-color: rgba(0.0, 165.0, "
 "0, 0.15); border-radius: 3px;' title='1.0'>_||>     "
 "<||_html:</span>_||><||_html:<span style='background-color: rgba(0.0, 165.0, "
 "0, 0.15); border-radius: 3px;' title='1.0'>_||> "
 '"<||_html:</span>_||><||_html:<span style=\'background-color: rgba(0.0, '
 "165.0, 0, 0.15); border-radius: 3px;' "
 "title='1.0'>_||>release<||_html:</span>_||><||_html:<span "
 "style='background-color: rgba(0.0, 165.0, 0, 0.15); border-radius: 3px;' "
 "title='1.0'>_||>_<||_html:</span>_||><||_html:<span style='background-color: "
 "rgba(0.0, 165.0, 0, 0.15); border-radius: 3px;' "
 "title='1.0'>_||>note<||_html:</span>_||><||_html:<span "
 "style='background-color: rgba(0.0, 165.0, 0, 0.15); border-radius: 3px;' "
 'title=\'1.0\'>_||>":<||_html:</span>_||><||_html:<span '
 "style='background-color: rgba(0.0, 165.0, 0, 0.15); border-radius: 3px;' "
 'title=\'1.0\'>_||> "<||_html:</span>_||><||_html:<span '
 "style='background-color: rgba(0.0, 165.0, 0, 0.15); border-radius: 3px;' "
 "title='1.0'>_||>The<||_html:</span>_||><||_html:<span "
 "style='background-color: rgba(0.0, 165.0, 0, 0.15); border-radius: 3px;' "
 "title='1.0'>_||> '<||_html:</span>_||><||_html:<span "
 "style='background-color: rgba(0.0, 165.0, 0, 0.15); border-radius: 3px;' "
 "title='1.0'>_||>Product<||_html:</span>_||><||_html:<span "
 "style='background-color: rgba(0.0, 165.0, 0, 0.15); border-radius: 3px;' "
 "title='1.0'>_||>'<||_html:</span>_||><||_html:<span style='background-color: "
 "rgba(0.0, 165.0, 0, 0.15); border-radius: 3px;' title='1.0'>_||> "
 "type<||_html:</span>_||><||_html:<span style='background-color: rgba(0.0, "
 "165.0, 0, 0.15); border-radius: 3px;' title='1.0'>_||> "
 "no<||_html:</span>_||><||_html:<span style='background-color: rgba(0.0, "
 "165.0, 0, 0.15); border-radius: 3px;' title='1.0'>_||> "
 "longer<||_html:</span>_||><||_html:<span style='background-color: rgba(0.0, "
 "165.0, 0, 0.15); border-radius: 3px;' title='1.0'>_||> "
 "includes<||_html:</span>_||><||_html:<span style='background-color: "
 "rgba(0.0, 165.0, 0, 0.15); border-radius: 3px;' title='1.0'>_||> "
 "the<||_html:</span>_||><||_html:<span style='background-color: rgba(0.0, "
 "165.0, 0, 0.15); border-radius: 3px;' title='1.0'>_||> "
 "'<||_html:</span>_||><||_html:<span style='background-color: rgba(0.0, "
 "165.0, 0, 0.15); border-radius: 3px;' "
 "title='1.0'>_||>stock<||_html:</span>_||><||_html:<span "
 "style='background-color: rgba(0.0, 165.0, 0, 0.15); border-radius: 3px;' "
 "title='1.0'>_||>'<||_html:</span>_||><||_html:<span style='background-color: "
 "rgba(0.0, 165.0, 0, 0.15); border-radius: 3px;' title='1.0'>_||> "
 "field<||_html:</span>_||><||_html:<span style='background-color: rgba(0.0, "
 "165.0, 0, 0.15); border-radius: 3px;' "
 'title=\'1.0\'>_||>."<||_html:</span>_||><||_html:<span '
 "style='background-color: rgba(0.0, 165.0, 0, 0.15); border-radius: 3px;' "
 "title='1.0'>_||>\n"
 "<||_html:</span>_||><||_html:<span style='background-color: rgba(0.0, 165.0, "
 "0, 0.15); border-radius: 3px;' title='1.0'>_||>   "
 "<||_html:</span>_||><||_html:<span style='background-color: rgba(0.0, 165.0, "
 "0, 0.15); border-radius: 3px;' title='1.0'>_||> "
 "}<||_html:</span>_||><||_html:<span style='background-color: rgba(0.0, "
 "165.0, 0, 0.15); border-radius: 3px;' title='1.0'>_||>\n"
 "<||_html:</span>_||><||_html:<span style='background-color: rgba(0.0, 165.0, "
 "0, 0.15); border-radius: 3px;' title='1.0'>_||> "
 "<||_html:</span>_||><||_html:<span style='background-color: rgba(0.0, 165.0, "
 "0, 0.15); border-radius: 3px;' title='1.0'>_||> "
 "],<||_html:</span>_||><||_html:<span style='background-color: rgba(0.0, "
 "165.0, 0, 0.15); border-radius: 3px;' title='1.0'>_||>\n"
 "<||_html:</span>_||><||_html:<span style='background-color: rgba(0.0, 165.0, "
 "0, 0.15); border-radius: 3px;' title='1.0'>_||> "
 "<||_html:</span>_||><||_html:<span style='background-color: rgba(0.0, 165.0, "
 "0, 0.15); border-radius: 3px;' title='1.0'>_||> "
 '"<||_html:</span>_||><||_html:<span style=\'background-color: rgba(0.0, '
 "165.0, 0, 0.15); border-radius: 3px;' "
 "title='1.0'>_||>release<||_html:</span>_||><||_html:<span "
 "style='background-color: rgba(0.0, 165.0, 0, 0.15); border-radius: 3px;' "
 "title='1.0'>_||>_<||_html:</span>_||><||_html:<span style='background-color: "
 "rgba(0.0, 165.0, 0, 0.15); border-radius: 3px;' "
 "title='1.0'>_||>notes<||_html:</span>_||><||_html:<span "
 "style='background-color: rgba(0.0, 165.0, 0, 0.15); border-radius: 3px;' "
 'title=\'1.0\'>_||>":<||_html:</span>_||><||_html:<span '
 "style='background-color: rgba(0.0, 165.0, 0, 0.15); border-radius: 3px;' "
 "title='1.0'>_||> {<||_html:</span>_||><||_html:<span "
 "style='background-color: rgba(0.0, 165.0, 0, 0.15); border-radius: 3px;' "
 "title='1.0'>_||>\n"
 "<||_html:</span>_||><||_html:<span style='background-color: rgba(0.0, 165.0, "
 "0, 0.15); border-radius: 3px;' title='1.0'>_||>   "
 "<||_html:</span>_||><||_html:<span style='background-color: rgba(0.0, 165.0, "
 "0, 0.15); border-radius: 3px;' title='1.0'>_||> "
 '"<||_html:</span>_||><||_html:<span style=\'background-color: rgba(0.0, '
 "165.0, 0, 0.15); border-radius: 3px;' "
 "title='1.0'>_||>summary<||_html:</span>_||><||_html:<span "
 "style='background-color: rgba(0.0, 165.0, 0, 0.15); border-radius: 3px;' "
 'title=\'1.0\'>_||>":<||_html:</span>_||><||_html:<span '
 "style='background-color: rgba(0.0, 165.0, 0, 0.15); border-radius: 3px;' "
 'title=\'1.0\'>_||> "<||_html:</span>_||><||_html:<span '
 "style='background-color: rgba(0.0, 165.0, 0, 0.15); border-radius: 3px;' "
 "title='1.0'>_||>The<||_html:</span>_||><||_html:<span "
 "style='background-color: rgba(0.0, 165.0, 0, 0.15); border-radius: 3px;' "
 "title='1.0'>_||> '<||_html:</span>_||><||_html:<span "
 "style='background-color: rgba(0.0, 165.0, 0, 0.15); border-radius: 3px;' "
 "title='1.0'>_||>get<||_html:</span>_||><||_html:<span "
 "style='background-color: rgba(0.0, 165.0, 0, 0.15); border-radius: 3px;' "
 "title='1.0'>_||>Product<||_html:</span>_||><||_html:<span "
 "style='background-color: rgba(0.0, 165.0, 0, 0.15); border-radius: 3px;' "
 "title='1.0'>_||>'<||_html:</span>_||><||_html:<span style='background-color: "
 "rgba(0.0, 165.0, 0, 0.15); border-radius: 3px;' title='1.0'>_||> "
 "query<||_html:</span>_||><||_html:<span style='background-color: rgba(0.0, "
 "165.0, 0, 0.15); border-radius: 3px;' title='1.0'>_||> "
 "now<||_html:</span>_||><||_html:<span style='background-color: rgba(0.0, "
 "165.0, 0, 0.15); border-radius: 3px;' title='1.0'>_||> "
 "includes<||_html:</span>_||><||_html:<span style='background-color: "
 "rgba(0.0, 165.0, 0, 0.15); border-radius: 3px;' title='1.0'>_||> "
 "a<||_html:</span>_||><||_html:<span style='background-color: rgba(0.0, "
 "165.0, 0, 0.15); border-radius: 3px;' title='1.0'>_||> "
 "new<||_html:</span>_||><||_html:<span style='background-color: rgba(0.0, "
 "165.0, 0, 0.15); border-radius: 3px;' title='1.0'>_||> "
 "field<||_html:</span>_||><||_html:<span style='background-color: rgba(0.0, "
 "165.0, 0, 0.15); border-radius: 3px;' title='1.0'>_||> "
 "'<||_html:</span>_||><||_html:<span style='background-color: rgba(0.0, "
 "165.0, 0, 0.15); border-radius: 3px;' "
 "title='1.0'>_||>details<||_html:</span>_||><||_html:<span "
 "style='background-color: rgba(0.0, 165.0, 0, 0.15); border-radius: 3px;' "
 "title='1.0'>_||>'<||_html:</span>_||><||_html:<span style='background-color: "
 "rgba(0.0, 165.0, 0, 0.15); border-radius: 3px;' title='1.0'>_||> "
 "of<||_html:</span>_||><||_html:<span style='background-color: rgba(0.0, "
 "165.0, 0, 0.15); border-radius: 3px;' title='1.0'>_||> "
 "type<||_html:</span>_||><||_html:<span style='background-color: rgba(0.0, "
 "165.0, 0, 0.15); border-radius: 3px;' title='1.0'>_||> "
 "String<||_html:</span>_||><||_html:<span style='background-color: rgba(0.0, "
 "165.0, 0, 0.15); border-radius: 3px;' "
 "title='1.0'>_||>.<||_html:</span>_||><||_html:<span style='background-color: "
 "rgba(0.0, 165.0, 0, 0.15); border-radius: 3px;' title='1.0'>_||> "
 "The<||_html:</span>_||><||_html:<span style='background-color: rgba(0.0, "
 "165.0, 0, 0.15); border-radius: 3px;' title='1.0'>_||> "
 "'<||_html:</span>_||><||_html:<span style='background-color: rgba(0.0, "
 "165.0, 0, 0.15); border-radius: 3px;' "
 "title='1.0'>_||>Product<||_html:</span>_||><||_html:<span "
 "style='background-color: rgba(0.0, 165.0, 0, 0.15); border-radius: 3px;' "
 "title='1.0'>_||>'<||_html:</span>_||><||_html:<span style='background-color: "
 "rgba(0.0, 165.0, 0, 0.15); border-radius: 3px;' title='1.0'>_||> "
 "type<||_html:</span>_||><||_html:<span style='background-color: rgba(0.0, "
 "165.0, 0, 0.15); border-radius: 3px;' title='1.0'>_||> "
 "no<||_html:</span>_||><||_html:<span style='background-color: rgba(0.0, "
 "165.0, 0, 0.15); border-radius: 3px;' title='1.0'>_||> "
 "longer<||_html:</span>_||><||_html:<span style='background-color: rgba(0.0, "
 "165.0, 0, 0.15); border-radius: 3px;' title='1.0'>_||> "
 "includes<||_html:</span>_||><||_html:<span style='background-color: "
 "rgba(0.0, 165.0, 0, 0.15); border-radius: 3px;' title='1.0'>_||> "
 "the<||_html:</span>_||><||_html:<span style='background-color: rgba(0.0, "
 "165.0, 0, 0.15); border-radius: 3px;' title='1.0'>_||> "
 "'<||_html:</span>_||><||_html:<span style='background-color: rgba(0.0, "
 "165.0, 0, 0.15); border-radius: 3px;' "
 "title='1.0'>_||>description<||_html:</span>_||><||_html:<span "
 "style='background-color: rgba(0.0, 165.0, 0, 0.15); border-radius: 3px;' "
 "title='1.0'>_||>'<||_html:</span>_||><||_html:<span style='background-color: "
 "rgba(0.0, 165.0, 0, 0.15); border-radius: 3px;' title='1.0'>_||> "
 "and<||_html:</span>_||><||_html:<span style='background-color: rgba(0.0, "
 "165.0, 0, 0.15); border-radius: 3px;' title='1.0'>_||> "
 "'<||_html:</span>_||><||_html:<span style='background-color: rgba(0.0, "
 "165.0, 0, 0.15); border-radius: 3px;' "
 "title='1.0'>_||>stock<||_html:</span>_||><||_html:<span "
 "style='background-color: rgba(0.0, 165.0, 0, 0.15); border-radius: 3px;' "
 "title='1.0'>_||>")
('Analyze the following two GraphQL schemas for changes, including both '
 'breaking and non-breaking changes.\n'
 '\n'
 '                        Provide your analysis in the following JSON format:\n'
 '                        {\n'
 '                          "changes": [\n'
 '                            {\n'
 '                              "type": "String representing the GraphQL type '
 '(e.g., Query, Mutation, Subscription)",\n'
 '                              "field": "String representing the specific '
 'field that changed",\n'
 '                              "change": "String describing the change (e.g., '
 'field renamed, new field added, field removed)",\n'
 '                              "breaking": "Boolean indicating if the change '
 'is breaking (true) or non-breaking (false)",\n'
 '                              "release_note": "String with a natural '
 'language description of the change for release notes"\n'
 '                            }\n'
 '                          ],\n'
 '                          "release_notes": {\n'
 '                              "summary": "String summarizing all changes, '
 'suitable for a mailing list or public announcement"\n'
 '                          }\n'
 '                        }\n'
 '\n'
 '                        When analyzing, consider the following types of '
 'changes:\n'
 '                        1. Removing fields or types (breaking)\n'
 '                        2. Changing field types (potentially breaking)\n'
 '                        3. Adding required fields (breaking)\n'
 '                        4. Changing the type of existing arguments '
 '(breaking)\n'
 '                        5. Adding optional fields (non-breaking)\n'
 '                        6. Adding new types (non-breaking)\n'
 '                        7. Deprecating fields (non-breaking)\n'
 '\n'
 '                        Ensure that each change is categorized correctly as '
 'breaking or non-breaking.: type Query {\n'
 '  getProduct(id: ID!): Product\n'
 '}\n'
 '\n'
 'type Product {\n'
 '  id: ID\n'
 '  name: String\n'
 '  description: String\n'
 '  price: Float\n'
 '  stock: Int\n'
 '}\n'
 ', type Query {\n'
 '  getProduct(id: ID!): Product\n'
 '}\n'
 '\n'
 'type Product {\n'
 '  id: ID\n'
 '  name: String\n'
 '  details: String\n'
 '  price: Float\n'
 '}\n'
 '\n'
 "Answer:<||_html:<span style='background-color: rgba(0.0, 165.0, 0, 0.15); "
 "border-radius: 3px;' title='1.0'>_||> {<||_html:</span>_||><||_html:<span "
 "style='background-color: rgba(0.0, 165.0, 0, 0.15); border-radius: 3px;' "
 "title='1.0'>_||>\n"
 "<||_html:</span>_||><||_html:<span style='background-color: rgba(0.0, 165.0, "
 "0, 0.15); border-radius: 3px;' title='1.0'>_||> "
 "<||_html:</span>_||><||_html:<span style='background-color: rgba(0.0, 165.0, "
 "0, 0.15); border-radius: 3px;' title='1.0'>_||> "
 '"<||_html:</span>_||><||_html:<span style=\'background-color: rgba(0.0, '
 "165.0, 0, 0.15); border-radius: 3px;' "
 "title='1.0'>_||>changes<||_html:</span>_||><||_html:<span "
 "style='background-color: rgba(0.0, 165.0, 0, 0.15); border-radius: 3px;' "
 'title=\'1.0\'>_||>":<||_html:</span>_||><||_html:<span '
 "style='background-color: rgba(0.0, 165.0, 0, 0.15); border-radius: 3px;' "
 "title='1.0'>_||> [<||_html:</span>_||><||_html:<span "
 "style='background-color: rgba(0.0, 165.0, 0, 0.15); border-radius: 3px;' "
 "title='1.0'>_||>\n"
 "<||_html:</span>_||><||_html:<span style='background-color: rgba(0.0, 165.0, "
 "0, 0.15); border-radius: 3px;' title='1.0'>_||>   "
 "<||_html:</span>_||><||_html:<span style='background-color: rgba(0.0, 165.0, "
 "0, 0.15); border-radius: 3px;' title='1.0'>_||> "
 "{<||_html:</span>_||><||_html:<span style='background-color: rgba(0.0, "
 "165.0, 0, 0.15); border-radius: 3px;' title='1.0'>_||>\n"
 "<||_html:</span>_||><||_html:<span style='background-color: rgba(0.0, 165.0, "
 "0, 0.15); border-radius: 3px;' title='1.0'>_||>     "
 "<||_html:</span>_||><||_html:<span style='background-color: rgba(0.0, 165.0, "
 "0, 0.15); border-radius: 3px;' title='1.0'>_||> "
 '"<||_html:</span>_||><||_html:<span style=\'background-color: rgba(0.0, '
 "165.0, 0, 0.15); border-radius: 3px;' "
 "title='1.0'>_||>type<||_html:</span>_||><||_html:<span "
 "style='background-color: rgba(0.0, 165.0, 0, 0.15); border-radius: 3px;' "
 'title=\'1.0\'>_||>":<||_html:</span>_||><||_html:<span '
 "style='background-color: rgba(0.0, 165.0, 0, 0.15); border-radius: 3px;' "
 'title=\'1.0\'>_||> "<||_html:</span>_||><||_html:<span '
 "style='background-color: rgba(0.0, 165.0, 0, 0.15); border-radius: 3px;' "
 "title='1.0'>_||>Query<||_html:</span>_||><||_html:<span "
 "style='background-color: rgba(0.0, 165.0, 0, 0.15); border-radius: 3px;' "
 'title=\'1.0\'>_||>",<||_html:</span>_||><||_html:<span '
 "style='background-color: rgba(0.0, 165.0, 0, 0.15); border-radius: 3px;' "
 "title='1.0'>_||>\n"
 "<||_html:</span>_||><||_html:<span style='background-color: rgba(0.0, 165.0, "
 "0, 0.15); border-radius: 3px;' title='1.0'>_||>     "
 "<||_html:</span>_||><||_html:<span style='background-color: rgba(0.0, 165.0, "
 "0, 0.15); border-radius: 3px;' title='1.0'>_||> "
 '"<||_html:</span>_||><||_html:<span style=\'background-color: rgba(0.0, '
 "165.0, 0, 0.15); border-radius: 3px;' "
 "title='1.0'>_||>field<||_html:</span>_||><||_html:<span "
 "style='background-color: rgba(0.0, 165.0, 0, 0.15); border-radius: 3px;' "
 'title=\'1.0\'>_||>":<||_html:</span>_||><||_html:<span '
 "style='background-color: rgba(0.0, 165.0, 0, 0.15); border-radius: 3px;' "
 'title=\'1.0\'>_||> "<||_html:</span>_||><||_html:<span '
 "style='background-color: rgba(0.0, 165.0, 0, 0.15); border-radius: 3px;' "
 "title='1.0'>_||>get<||_html:</span>_||><||_html:<span "
 "style='background-color: rgba(0.0, 165.0, 0, 0.15); border-radius: 3px;' "
 "title='1.0'>_||>Product<||_html:</span>_||><||_html:<span "
 "style='background-color: rgba(0.0, 165.0, 0, 0.15); border-radius: 3px;' "
 'title=\'1.0\'>_||>",<||_html:</span>_||><||_html:<span '
 "style='background-color: rgba(0.0, 165.0, 0, 0.15); border-radius: 3px;' "
 "title='1.0'>_||>\n"
 "<||_html:</span>_||><||_html:<span style='background-color: rgba(0.0, 165.0, "
 "0, 0.15); border-radius: 3px;' title='1.0'>_||>     "
 "<||_html:</span>_||><||_html:<span style='background-color: rgba(0.0, 165.0, "
 "0, 0.15); border-radius: 3px;' title='1.0'>_||> "
 '"<||_html:</span>_||><||_html:<span style=\'background-color: rgba(0.0, '
 "165.0, 0, 0.15); border-radius: 3px;' "
 "title='1.0'>_||>change<||_html:</span>_||><||_html:<span "
 "style='background-color: rgba(0.0, 165.0, 0, 0.15); border-radius: 3px;' "
 'title=\'1.0\'>_||>":<||_html:</span>_||><||_html:<span '
 "style='background-color: rgba(0.0, 165.0, 0, 0.15); border-radius: 3px;' "
 'title=\'1.0\'>_||> "<||_html:</span>_||><||_html:<span '
 "style='background-color: rgba(0.0, 165.0, 0, 0.15); border-radius: 3px;' "
 "title='1.0'>_||>field<||_html:</span>_||><||_html:<span "
 "style='background-color: rgba(0.0, 165.0, 0, 0.15); border-radius: 3px;' "
 "title='1.0'>_||> details<||_html:</span>_||><||_html:<span "
 "style='background-color: rgba(0.0, 165.0, 0, 0.15); border-radius: 3px;' "
 "title='1.0'>_||> added<||_html:</span>_||><||_html:<span "
 "style='background-color: rgba(0.0, 165.0, 0, 0.15); border-radius: 3px;' "
 'title=\'1.0\'>_||>",<||_html:</span>_||><||_html:<span '
 "style='background-color: rgba(0.0, 165.0, 0, 0.15); border-radius: 3px;' "
 "title='1.0'>_||>\n"
 "<||_html:</span>_||><||_html:<span style='background-color: rgba(0.0, 165.0, "
 "0, 0.15); border-radius: 3px;' title='1.0'>_||>     "
 "<||_html:</span>_||><||_html:<span style='background-color: rgba(0.0, 165.0, "
 "0, 0.15); border-radius: 3px;' title='1.0'>_||> "
 '"<||_html:</span>_||><||_html:<span style=\'background-color: rgba(0.0, '
 "165.0, 0, 0.15); border-radius: 3px;' "
 "title='1.0'>_||>breaking<||_html:</span>_||><||_html:<span "
 "style='background-color: rgba(0.0, 165.0, 0, 0.15); border-radius: 3px;' "
 'title=\'1.0\'>_||>":<||_html:</span>_||><||_html:<span '
 "style='background-color: rgba(0.0, 165.0, 0, 0.15); border-radius: 3px;' "
 'title=\'1.0\'>_||> "<||_html:</span>_||><||_html:<span '
 "style='background-color: rgba(0.0, 165.0, 0, 0.15); border-radius: 3px;' "
 "title='1.0'>_||>false<||_html:</span>_||><||_html:<span "
 "style='background-color: rgba(0.0, 165.0, 0, 0.15); border-radius: 3px;' "
 'title=\'1.0\'>_||>",<||_html:</span>_||><||_html:<span '
 "style='background-color: rgba(0.0, 165.0, 0, 0.15); border-radius: 3px;' "
 "title='1.0'>_||>\n"
 "<||_html:</span>_||><||_html:<span style='background-color: rgba(0.0, 165.0, "
 "0, 0.15); border-radius: 3px;' title='1.0'>_||>     "
 "<||_html:</span>_||><||_html:<span style='background-color: rgba(0.0, 165.0, "
 "0, 0.15); border-radius: 3px;' title='1.0'>_||> "
 '"<||_html:</span>_||><||_html:<span style=\'background-color: rgba(0.0, '
 "165.0, 0, 0.15); border-radius: 3px;' "
 "title='1.0'>_||>release<||_html:</span>_||><||_html:<span "
 "style='background-color: rgba(0.0, 165.0, 0, 0.15); border-radius: 3px;' "
 "title='1.0'>_||>_<||_html:</span>_||><||_html:<span style='background-color: "
 "rgba(0.0, 165.0, 0, 0.15); border-radius: 3px;' "
 "title='1.0'>_||>note<||_html:</span>_||><||_html:<span "
 "style='background-color: rgba(0.0, 165.0, 0, 0.15); border-radius: 3px;' "
 'title=\'1.0\'>_||>":<||_html:</span>_||><||_html:<span '
 "style='background-color: rgba(0.0, 165.0, 0, 0.15); border-radius: 3px;' "
 'title=\'1.0\'>_||> "<||_html:</span>_||><||_html:<span '
 "style='background-color: rgba(0.0, 165.0, 0, 0.15); border-radius: 3px;' "
 "title='1.0'>_||>The<||_html:</span>_||><||_html:<span "
 "style='background-color: rgba(0.0, 165.0, 0, 0.15); border-radius: 3px;' "
 "title='1.0'>_||> '<||_html:</span>_||><||_html:<span "
 "style='background-color: rgba(0.0, 165.0, 0, 0.15); border-radius: 3px;' "
 "title='1.0'>_||>get<||_html:</span>_||><||_html:<span "
 "style='background-color: rgba(0.0, 165.0, 0, 0.15); border-radius: 3px;' "
 "title='1.0'>_||>Product<||_html:</span>_||><||_html:<span "
 "style='background-color: rgba(0.0, 165.0, 0, 0.15); border-radius: 3px;' "
 "title='1.0'>_||>'<||_html:</span>_||><||_html:<span style='background-color: "
 "rgba(0.0, 165.0, 0, 0.15); border-radius: 3px;' title='1.0'>_||> "
 "query<||_html:</span>_||><||_html:<span style='background-color: rgba(0.0, "
 "165.0, 0, 0.15); border-radius: 3px;' title='1.0'>_||> "
 "now<||_html:</span>_||><||_html:<span style='background-color: rgba(0.0, "
 "165.0, 0, 0.15); border-radius: 3px;' title='1.0'>_||> "
 "includes<||_html:</span>_||><||_html:<span style='background-color: "
 "rgba(0.0, 165.0, 0, 0.15); border-radius: 3px;' title='1.0'>_||> "
 "a<||_html:</span>_||><||_html:<span style='background-color: rgba(0.0, "
 "165.0, 0, 0.15); border-radius: 3px;' title='1.0'>_||> "
 "new<||_html:</span>_||><||_html:<span style='background-color: rgba(0.0, "
 "165.0, 0, 0.15); border-radius: 3px;' title='1.0'>_||> "
 "field<||_html:</span>_||><||_html:<span style='background-color: rgba(0.0, "
 "165.0, 0, 0.15); border-radius: 3px;' title='1.0'>_||> "
 "'<||_html:</span>_||><||_html:<span style='background-color: rgba(0.0, "
 "165.0, 0, 0.15); border-radius: 3px;' "
 "title='1.0'>_||>details<||_html:</span>_||><||_html:<span "
 "style='background-color: rgba(0.0, 165.0, 0, 0.15); border-radius: 3px;' "
 "title='1.0'>_||>'<||_html:</span>_||><||_html:<span style='background-color: "
 "rgba(0.0, 165.0, 0, 0.15); border-radius: 3px;' title='1.0'>_||> "
 "of<||_html:</span>_||><||_html:<span style='background-color: rgba(0.0, "
 "165.0, 0, 0.15); border-radius: 3px;' title='1.0'>_||> "
 "type<||_html:</span>_||><||_html:<span style='background-color: rgba(0.0, "
 "165.0, 0, 0.15); border-radius: 3px;' title='1.0'>_||> "
 "String<||_html:</span>_||><||_html:<span style='background-color: rgba(0.0, "
 "165.0, 0, 0.15); border-radius: 3px;' "
 'title=\'1.0\'>_||>."<||_html:</span>_||><||_html:<span '
 "style='background-color: rgba(0.0, 165.0, 0, 0.15); border-radius: 3px;' "
 "title='1.0'>_||>\n"
 "<||_html:</span>_||><||_html:<span style='background-color: rgba(0.0, 165.0, "
 "0, 0.15); border-radius: 3px;' title='1.0'>_||>   "
 "<||_html:</span>_||><||_html:<span style='background-color: rgba(0.0, 165.0, "
 "0, 0.15); border-radius: 3px;' title='1.0'>_||> "
 "},<||_html:</span>_||><||_html:<span style='background-color: rgba(0.0, "
 "165.0, 0, 0.15); border-radius: 3px;' title='1.0'>_||>\n"
 "<||_html:</span>_||><||_html:<span style='background-color: rgba(0.0, 165.0, "
 "0, 0.15); border-radius: 3px;' title='1.0'>_||>   "
 "<||_html:</span>_||><||_html:<span style='background-color: rgba(0.0, 165.0, "
 "0, 0.15); border-radius: 3px;' title='1.0'>_||> "
 "{<||_html:</span>_||><||_html:<span style='background-color: rgba(0.0, "
 "165.0, 0, 0.15); border-radius: 3px;' title='1.0'>_||>\n"
 "<||_html:</span>_||><||_html:<span style='background-color: rgba(0.0, 165.0, "
 "0, 0.15); border-radius: 3px;' title='1.0'>_||>     "
 "<||_html:</span>_||><||_html:<span style='background-color: rgba(0.0, 165.0, "
 "0, 0.15); border-radius: 3px;' title='1.0'>_||> "
 '"<||_html:</span>_||><||_html:<span style=\'background-color: rgba(0.0, '
 "165.0, 0, 0.15); border-radius: 3px;' "
 "title='1.0'>_||>type<||_html:</span>_||><||_html:<span "
 "style='background-color: rgba(0.0, 165.0, 0, 0.15); border-radius: 3px;' "
 'title=\'1.0\'>_||>":<||_html:</span>_||><||_html:<span '
 "style='background-color: rgba(0.0, 165.0, 0, 0.15); border-radius: 3px;' "
 'title=\'1.0\'>_||> "<||_html:</span>_||><||_html:<span '
 "style='background-color: rgba(0.0, 165.0, 0, 0.15); border-radius: 3px;' "
 "title='1.0'>_||>Product<||_html:</span>_||><||_html:<span "
 "style='background-color: rgba(0.0, 165.0, 0, 0.15); border-radius: 3px;' "
 'title=\'1.0\'>_||>",<||_html:</span>_||><||_html:<span '
 "style='background-color: rgba(0.0, 165.0, 0, 0.15); border-radius: 3px;' "
 "title='1.0'>_||>\n"
 "<||_html:</span>_||><||_html:<span style='background-color: rgba(0.0, 165.0, "
 "0, 0.15); border-radius: 3px;' title='1.0'>_||>     "
 "<||_html:</span>_||><||_html:<span style='background-color: rgba(0.0, 165.0, "
 "0, 0.15); border-radius: 3px;' title='1.0'>_||> "
 '"<||_html:</span>_||><||_html:<span style=\'background-color: rgba(0.0, '
 "165.0, 0, 0.15); border-radius: 3px;' "
 "title='1.0'>_||>field<||_html:</span>_||><||_html:<span "
 "style='background-color: rgba(0.0, 165.0, 0, 0.15); border-radius: 3px;' "
 'title=\'1.0\'>_||>":<||_html:</span>_||><||_html:<span '
 "style='background-color: rgba(0.0, 165.0, 0, 0.15); border-radius: 3px;' "
 'title=\'1.0\'>_||> "<||_html:</span>_||><||_html:<span '
 "style='background-color: rgba(0.0, 165.0, 0, 0.15); border-radius: 3px;' "
 "title='1.0'>_||>description<||_html:</span>_||><||_html:<span "
 "style='background-color: rgba(0.0, 165.0, 0, 0.15); border-radius: 3px;' "
 'title=\'1.0\'>_||>",<||_html:</span>_||><||_html:<span '
 "style='background-color: rgba(0.0, 165.0, 0, 0.15); border-radius: 3px;' "
 "title='1.0'>_||>\n"
 "<||_html:</span>_||><||_html:<span style='background-color: rgba(0.0, 165.0, "
 "0, 0.15); border-radius: 3px;' title='1.0'>_||>     "
 "<||_html:</span>_||><||_html:<span style='background-color: rgba(0.0, 165.0, "
 "0, 0.15); border-radius: 3px;' title='1.0'>_||> "
 '"<||_html:</span>_||><||_html:<span style=\'background-color: rgba(0.0, '
 "165.0, 0, 0.15); border-radius: 3px;' "
 "title='1.0'>_||>change<||_html:</span>_||><||_html:<span "
 "style='background-color: rgba(0.0, 165.0, 0, 0.15); border-radius: 3px;' "
 'title=\'1.0\'>_||>":<||_html:</span>_||><||_html:<span '
 "style='background-color: rgba(0.0, 165.0, 0, 0.15); border-radius: 3px;' "
 'title=\'1.0\'>_||> "<||_html:</span>_||><||_html:<span '
 "style='background-color: rgba(0.0, 165.0, 0, 0.15); border-radius: 3px;' "
 "title='1.0'>_||>field<||_html:</span>_||><||_html:<span "
 "style='background-color: rgba(0.0, 165.0, 0, 0.15); border-radius: 3px;' "
 "title='1.0'>_||> removed<||_html:</span>_||><||_html:<span "
 "style='background-color: rgba(0.0, 165.0, 0, 0.15); border-radius: 3px;' "
 'title=\'1.0\'>_||>",<||_html:</span>_||><||_html:<span '
 "style='background-color: rgba(0.0, 165.0, 0, 0.15); border-radius: 3px;' "
 "title='1.0'>_||>\n"
 "<||_html:</span>_||><||_html:<span style='background-color: rgba(0.0, 165.0, "
 "0, 0.15); border-radius: 3px;' title='1.0'>_||>     "
 "<||_html:</span>_||><||_html:<span style='background-color: rgba(0.0, 165.0, "
 "0, 0.15); border-radius: 3px;' title='1.0'>_||> "
 '"<||_html:</span>_||><||_html:<span style=\'background-color: rgba(0.0, '
 "165.0, 0, 0.15); border-radius: 3px;' "
 "title='1.0'>_||>breaking<||_html:</span>_||><||_html:<span "
 "style='background-color: rgba(0.0, 165.0, 0, 0.15); border-radius: 3px;' "
 'title=\'1.0\'>_||>":<||_html:</span>_||><||_html:<span '
 "style='background-color: rgba(0.0, 165.0, 0, 0.15); border-radius: 3px;' "
 'title=\'1.0\'>_||> "<||_html:</span>_||><||_html:<span '
 "style='background-color: rgba(0.0, 165.0, 0, 0.15); border-radius: 3px;' "
 "title='1.0'>_||>true<||_html:</span>_||><||_html:<span "
 "style='background-color: rgba(0.0, 165.0, 0, 0.15); border-radius: 3px;' "
 'title=\'1.0\'>_||>",<||_html:</span>_||><||_html:<span '
 "style='background-color: rgba(0.0, 165.0, 0, 0.15); border-radius: 3px;' "
 "title='1.0'>_||>\n"
 "<||_html:</span>_||><||_html:<span style='background-color: rgba(0.0, 165.0, "
 "0, 0.15); border-radius: 3px;' title='1.0'>_||>     "
 "<||_html:</span>_||><||_html:<span style='background-color: rgba(0.0, 165.0, "
 "0, 0.15); border-radius: 3px;' title='1.0'>_||> "
 '"<||_html:</span>_||><||_html:<span style=\'background-color: rgba(0.0, '
 "165.0, 0, 0.15); border-radius: 3px;' "
 "title='1.0'>_||>release<||_html:</span>_||><||_html:<span "
 "style='background-color: rgba(0.0, 165.0, 0, 0.15); border-radius: 3px;' "
 "title='1.0'>_||>_<||_html:</span>_||><||_html:<span style='background-color: "
 "rgba(0.0, 165.0, 0, 0.15); border-radius: 3px;' "
 "title='1.0'>_||>note<||_html:</span>_||><||_html:<span "
 "style='background-color: rgba(0.0, 165.0, 0, 0.15); border-radius: 3px;' "
 'title=\'1.0\'>_||>":<||_html:</span>_||><||_html:<span '
 "style='background-color: rgba(0.0, 165.0, 0, 0.15); border-radius: 3px;' "
 'title=\'1.0\'>_||> "<||_html:</span>_||><||_html:<span '
 "style='background-color: rgba(0.0, 165.0, 0, 0.15); border-radius: 3px;' "
 "title='1.0'>_||>The<||_html:</span>_||><||_html:<span "
 "style='background-color: rgba(0.0, 165.0, 0, 0.15); border-radius: 3px;' "
 "title='1.0'>_||> '<||_html:</span>_||><||_html:<span "
 "style='background-color: rgba(0.0, 165.0, 0, 0.15); border-radius: 3px;' "
 "title='1.0'>_||>Product<||_html:</span>_||><||_html:<span "
 "style='background-color: rgba(0.0, 165.0, 0, 0.15); border-radius: 3px;' "
 "title='1.0'>_||>'<||_html:</span>_||><||_html:<span style='background-color: "
 "rgba(0.0, 165.0, 0, 0.15); border-radius: 3px;' title='1.0'>_||> "
 "type<||_html:</span>_||><||_html:<span style='background-color: rgba(0.0, "
 "165.0, 0, 0.15); border-radius: 3px;' title='1.0'>_||> "
 "no<||_html:</span>_||><||_html:<span style='background-color: rgba(0.0, "
 "165.0, 0, 0.15); border-radius: 3px;' title='1.0'>_||> "
 "longer<||_html:</span>_||><||_html:<span style='background-color: rgba(0.0, "
 "165.0, 0, 0.15); border-radius: 3px;' title='1.0'>_||> "
 "includes<||_html:</span>_||><||_html:<span style='background-color: "
 "rgba(0.0, 165.0, 0, 0.15); border-radius: 3px;' title='1.0'>_||> "
 "the<||_html:</span>_||><||_html:<span style='background-color: rgba(0.0, "
 "165.0, 0, 0.15); border-radius: 3px;' title='1.0'>_||> "
 "'<||_html:</span>_||><||_html:<span style='background-color: rgba(0.0, "
 "165.0, 0, 0.15); border-radius: 3px;' "
 "title='1.0'>_||>description<||_html:</span>_||><||_html:<span "
 "style='background-color: rgba(0.0, 165.0, 0, 0.15); border-radius: 3px;' "
 "title='1.0'>_||>'<||_html:</span>_||><||_html:<span style='background-color: "
 "rgba(0.0, 165.0, 0, 0.15); border-radius: 3px;' title='1.0'>_||> "
 "field<||_html:</span>_||><||_html:<span style='background-color: rgba(0.0, "
 "165.0, 0, 0.15); border-radius: 3px;' "
 'title=\'1.0\'>_||>."<||_html:</span>_||><||_html:<span '
 "style='background-color: rgba(0.0, 165.0, 0, 0.15); border-radius: 3px;' "
 "title='1.0'>_||>\n"
 "<||_html:</span>_||><||_html:<span style='background-color: rgba(0.0, 165.0, "
 "0, 0.15); border-radius: 3px;' title='1.0'>_||>   "
 "<||_html:</span>_||><||_html:<span style='background-color: rgba(0.0, 165.0, "
 "0, 0.15); border-radius: 3px;' title='1.0'>_||> "
 "},<||_html:</span>_||><||_html:<span style='background-color: rgba(0.0, "
 "165.0, 0, 0.15); border-radius: 3px;' title='1.0'>_||>\n"
 "<||_html:</span>_||><||_html:<span style='background-color: rgba(0.0, 165.0, "
 "0, 0.15); border-radius: 3px;' title='1.0'>_||>   "
 "<||_html:</span>_||><||_html:<span style='background-color: rgba(0.0, 165.0, "
 "0, 0.15); border-radius: 3px;' title='1.0'>_||> "
 "{<||_html:</span>_||><||_html:<span style='background-color: rgba(0.0, "
 "165.0, 0, 0.15); border-radius: 3px;' title='1.0'>_||>\n"
 "<||_html:</span>_||><||_html:<span style='background-color: rgba(0.0, 165.0, "
 "0, 0.15); border-radius: 3px;' title='1.0'>_||>     "
 "<||_html:</span>_||><||_html:<span style='background-color: rgba(0.0, 165.0, "
 "0, 0.15); border-radius: 3px;' title='1.0'>_||> "
 '"<||_html:</span>_||><||_html:<span style=\'background-color: rgba(0.0, '
 "165.0, 0, 0.15); border-radius: 3px;' "
 "title='1.0'>_||>type<||_html:</span>_||><||_html:<span "
 "style='background-color: rgba(0.0, 165.0, 0, 0.15); border-radius: 3px;' "
 'title=\'1.0\'>_||>":<||_html:</span>_||><||_html:<span '
 "style='background-color: rgba(0.0, 165.0, 0, 0.15); border-radius: 3px;' "
 'title=\'1.0\'>_||> "<||_html:</span>_||><||_html:<span '
 "style='background-color: rgba(0.0, 165.0, 0, 0.15); border-radius: 3px;' "
 "title='1.0'>_||>Product<||_html:</span>_||><||_html:<span "
 "style='background-color: rgba(0.0, 165.0, 0, 0.15); border-radius: 3px;' "
 'title=\'1.0\'>_||>",<||_html:</span>_||><||_html:<span '
 "style='background-color: rgba(0.0, 165.0, 0, 0.15); border-radius: 3px;' "
 "title='1.0'>_||>\n"
 "<||_html:</span>_||><||_html:<span style='background-color: rgba(0.0, 165.0, "
 "0, 0.15); border-radius: 3px;' title='1.0'>_||>     "
 "<||_html:</span>_||><||_html:<span style='background-color: rgba(0.0, 165.0, "
 "0, 0.15); border-radius: 3px;' title='1.0'>_||> "
 '"<||_html:</span>_||><||_html:<span style=\'background-color: rgba(0.0, '
 "165.0, 0, 0.15); border-radius: 3px;' "
 "title='1.0'>_||>field<||_html:</span>_||><||_html:<span "
 "style='background-color: rgba(0.0, 165.0, 0, 0.15); border-radius: 3px;' "
 'title=\'1.0\'>_||>":<||_html:</span>_||><||_html:<span '
 "style='background-color: rgba(0.0, 165.0, 0, 0.15); border-radius: 3px;' "
 'title=\'1.0\'>_||> "<||_html:</span>_||><||_html:<span '
 "style='background-color: rgba(0.0, 165.0, 0, 0.15); border-radius: 3px;' "
 "title='1.0'>_||>stock<||_html:</span>_||><||_html:<span "
 "style='background-color: rgba(0.0, 165.0, 0, 0.15); border-radius: 3px;' "
 'title=\'1.0\'>_||>",<||_html:</span>_||><||_html:<span '
 "style='background-color: rgba(0.0, 165.0, 0, 0.15); border-radius: 3px;' "
 "title='1.0'>_||>\n"
 "<||_html:</span>_||><||_html:<span style='background-color: rgba(0.0, 165.0, "
 "0, 0.15); border-radius: 3px;' title='1.0'>_||>     "
 "<||_html:</span>_||><||_html:<span style='background-color: rgba(0.0, 165.0, "
 "0, 0.15); border-radius: 3px;' title='1.0'>_||> "
 '"<||_html:</span>_||><||_html:<span style=\'background-color: rgba(0.0, '
 "165.0, 0, 0.15); border-radius: 3px;' "
 "title='1.0'>_||>change<||_html:</span>_||><||_html:<span "
 "style='background-color: rgba(0.0, 165.0, 0, 0.15); border-radius: 3px;' "
 'title=\'1.0\'>_||>":<||_html:</span>_||><||_html:<span '
 "style='background-color: rgba(0.0, 165.0, 0, 0.15); border-radius: 3px;' "
 'title=\'1.0\'>_||> "<||_html:</span>_||><||_html:<span '
 "style='background-color: rgba(0.0, 165.0, 0, 0.15); border-radius: 3px;' "
 "title='1.0'>_||>field<||_html:</span>_||><||_html:<span "
 "style='background-color: rgba(0.0, 165.0, 0, 0.15); border-radius: 3px;' "
 "title='1.0'>_||> removed<||_html:</span>_||><||_html:<span "
 "style='background-color: rgba(0.0, 165.0, 0, 0.15); border-radius: 3px;' "
 'title=\'1.0\'>_||>",<||_html:</span>_||><||_html:<span '
 "style='background-color: rgba(0.0, 165.0, 0, 0.15); border-radius: 3px;' "
 "title='1.0'>_||>\n"
 "<||_html:</span>_||><||_html:<span style='background-color: rgba(0.0, 165.0, "
 "0, 0.15); border-radius: 3px;' title='1.0'>_||>     "
 "<||_html:</span>_||><||_html:<span style='background-color: rgba(0.0, 165.0, "
 "0, 0.15); border-radius: 3px;' title='1.0'>_||> "
 '"<||_html:</span>_||><||_html:<span style=\'background-color: rgba(0.0, '
 "165.0, 0, 0.15); border-radius: 3px;' "
 "title='1.0'>_||>breaking<||_html:</span>_||><||_html:<span "
 "style='background-color: rgba(0.0, 165.0, 0, 0.15); border-radius: 3px;' "
 'title=\'1.0\'>_||>":<||_html:</span>_||><||_html:<span '
 "style='background-color: rgba(0.0, 165.0, 0, 0.15); border-radius: 3px;' "
 'title=\'1.0\'>_||> "<||_html:</span>_||><||_html:<span '
 "style='background-color: rgba(0.0, 165.0, 0, 0.15); border-radius: 3px;' "
 "title='1.0'>_||>true<||_html:</span>_||><||_html:<span "
 "style='background-color: rgba(0.0, 165.0, 0, 0.15); border-radius: 3px;' "
 'title=\'1.0\'>_||>",<||_html:</span>_||><||_html:<span '
 "style='background-color: rgba(0.0, 165.0, 0, 0.15); border-radius: 3px;' "
 "title='1.0'>_||>\n"
 "<||_html:</span>_||><||_html:<span style='background-color: rgba(0.0, 165.0, "
 "0, 0.15); border-radius: 3px;' title='1.0'>_||>     "
 "<||_html:</span>_||><||_html:<span style='background-color: rgba(0.0, 165.0, "
 "0, 0.15); border-radius: 3px;' title='1.0'>_||> "
 '"<||_html:</span>_||><||_html:<span style=\'background-color: rgba(0.0, '
 "165.0, 0, 0.15); border-radius: 3px;' "
 "title='1.0'>_||>release<||_html:</span>_||><||_html:<span "
 "style='background-color: rgba(0.0, 165.0, 0, 0.15); border-radius: 3px;' "
 "title='1.0'>_||>_<||_html:</span>_||><||_html:<span style='background-color: "
 "rgba(0.0, 165.0, 0, 0.15); border-radius: 3px;' "
 "title='1.0'>_||>note<||_html:</span>_||><||_html:<span "
 "style='background-color: rgba(0.0, 165.0, 0, 0.15); border-radius: 3px;' "
 'title=\'1.0\'>_||>":<||_html:</span>_||><||_html:<span '
 "style='background-color: rgba(0.0, 165.0, 0, 0.15); border-radius: 3px;' "
 'title=\'1.0\'>_||> "<||_html:</span>_||><||_html:<span '
 "style='background-color: rgba(0.0, 165.0, 0, 0.15); border-radius: 3px;' "
 "title='1.0'>_||>The<||_html:</span>_||><||_html:<span "
 "style='background-color: rgba(0.0, 165.0, 0, 0.15); border-radius: 3px;' "
 "title='1.0'>_||> '<||_html:</span>_||><||_html:<span "
 "style='background-color: rgba(0.0, 165.0, 0, 0.15); border-radius: 3px;' "
 "title='1.0'>_||>Product<||_html:</span>_||><||_html:<span "
 "style='background-color: rgba(0.0, 165.0, 0, 0.15); border-radius: 3px;' "
 "title='1.0'>_||>'<||_html:</span>_||><||_html:<span style='background-color: "
 "rgba(0.0, 165.0, 0, 0.15); border-radius: 3px;' title='1.0'>_||> "
 "type<||_html:</span>_||><||_html:<span style='background-color: rgba(0.0, "
 "165.0, 0, 0.15); border-radius: 3px;' title='1.0'>_||> "
 "no<||_html:</span>_||><||_html:<span style='background-color: rgba(0.0, "
 "165.0, 0, 0.15); border-radius: 3px;' title='1.0'>_||> "
 "longer<||_html:</span>_||><||_html:<span style='background-color: rgba(0.0, "
 "165.0, 0, 0.15); border-radius: 3px;' title='1.0'>_||> "
 "includes<||_html:</span>_||><||_html:<span style='background-color: "
 "rgba(0.0, 165.0, 0, 0.15); border-radius: 3px;' title='1.0'>_||> "
 "the<||_html:</span>_||><||_html:<span style='background-color: rgba(0.0, "
 "165.0, 0, 0.15); border-radius: 3px;' title='1.0'>_||> "
 "'<||_html:</span>_||><||_html:<span style='background-color: rgba(0.0, "
 "165.0, 0, 0.15); border-radius: 3px;' "
 "title='1.0'>_||>stock<||_html:</span>_||><||_html:<span "
 "style='background-color: rgba(0.0, 165.0, 0, 0.15); border-radius: 3px;' "
 "title='1.0'>_||>'<||_html:</span>_||><||_html:<span style='background-color: "
 "rgba(0.0, 165.0, 0, 0.15); border-radius: 3px;' title='1.0'>_||> "
 "field<||_html:</span>_||><||_html:<span style='background-color: rgba(0.0, "
 "165.0, 0, 0.15); border-radius: 3px;' "
 'title=\'1.0\'>_||>."<||_html:</span>_||><||_html:<span '
 "style='background-color: rgba(0.0, 165.0, 0, 0.15); border-radius: 3px;' "
 "title='1.0'>_||>\n"
 "<||_html:</span>_||><||_html:<span style='background-color: rgba(0.0, 165.0, "
 "0, 0.15); border-radius: 3px;' title='1.0'>_||>   "
 "<||_html:</span>_||><||_html:<span style='background-color: rgba(0.0, 165.0, "
 "0, 0.15); border-radius: 3px;' title='1.0'>_||> "
 "}<||_html:</span>_||><||_html:<span style='background-color: rgba(0.0, "
 "165.0, 0, 0.15); border-radius: 3px;' title='1.0'>_||>\n"
 "<||_html:</span>_||><||_html:<span style='background-color: rgba(0.0, 165.0, "
 "0, 0.15); border-radius: 3px;' title='1.0'>_||> "
 "<||_html:</span>_||><||_html:<span style='background-color: rgba(0.0, 165.0, "
 "0, 0.15); border-radius: 3px;' title='1.0'>_||> "
 "],<||_html:</span>_||><||_html:<span style='background-color: rgba(0.0, "
 "165.0, 0, 0.15); border-radius: 3px;' title='1.0'>_||>\n"
 "<||_html:</span>_||><||_html:<span style='background-color: rgba(0.0, 165.0, "
 "0, 0.15); border-radius: 3px;' title='1.0'>_||> "
 "<||_html:</span>_||><||_html:<span style='background-color: rgba(0.0, 165.0, "
 "0, 0.15); border-radius: 3px;' title='1.0'>_||> "
 '"<||_html:</span>_||><||_html:<span style=\'background-color: rgba(0.0, '
 "165.0, 0, 0.15); border-radius: 3px;' "
 "title='1.0'>_||>release<||_html:</span>_||><||_html:<span "
 "style='background-color: rgba(0.0, 165.0, 0, 0.15); border-radius: 3px;' "
 "title='1.0'>_||>_<||_html:</span>_||><||_html:<span style='background-color: "
 "rgba(0.0, 165.0, 0, 0.15); border-radius: 3px;' "
 "title='1.0'>_||>notes<||_html:</span>_||><||_html:<span "
 "style='background-color: rgba(0.0, 165.0, 0, 0.15); border-radius: 3px;' "
 'title=\'1.0\'>_||>":<||_html:</span>_||><||_html:<span '
 "style='background-color: rgba(0.0, 165.0, 0, 0.15); border-radius: 3px;' "
 "title='1.0'>_||> {<||_html:</span>_||><||_html:<span "
 "style='background-color: rgba(0.0, 165.0, 0, 0.15); border-radius: 3px;' "
 "title='1.0'>_||>\n"
 "<||_html:</span>_||><||_html:<span style='background-color: rgba(0.0, 165.0, "
 "0, 0.15); border-radius: 3px;' title='1.0'>_||>   "
 "<||_html:</span>_||><||_html:<span style='background-color: rgba(0.0, 165.0, "
 "0, 0.15); border-radius: 3px;' title='1.0'>_||> "
 '"<||_html:</span>_||><||_html:<span style=\'background-color: rgba(0.0, '
 "165.0, 0, 0.15); border-radius: 3px;' "
 "title='1.0'>_||>summary<||_html:</span>_||><||_html:<span "
 "style='background-color: rgba(0.0, 165.0, 0, 0.15); border-radius: 3px;' "
 'title=\'1.0\'>_||>":<||_html:</span>_||><||_html:<span '
 "style='background-color: rgba(0.0, 165.0, 0, 0.15); border-radius: 3px;' "
 'title=\'1.0\'>_||> "<||_html:</span>_||><||_html:<span '
 "style='background-color: rgba(0.0, 165.0, 0, 0.15); border-radius: 3px;' "
 "title='1.0'>_||>The<||_html:</span>_||><||_html:<span "
 "style='background-color: rgba(0.0, 165.0, 0, 0.15); border-radius: 3px;' "
 "title='1.0'>_||> '<||_html:</span>_||><||_html:<span "
 "style='background-color: rgba(0.0, 165.0, 0, 0.15); border-radius: 3px;' "
 "title='1.0'>_||>get<||_html:</span>_||><||_html:<span "
 "style='background-color: rgba(0.0, 165.0, 0, 0.15); border-radius: 3px;' "
 "title='1.0'>_||>Product<||_html:</span>_||><||_html:<span "
 "style='background-color: rgba(0.0, 165.0, 0, 0.15); border-radius: 3px;' "
 "title='1.0'>_||>'<||_html:</span>_||><||_html:<span style='background-color: "
 "rgba(0.0, 165.0, 0, 0.15); border-radius: 3px;' title='1.0'>_||> "
 "query<||_html:</span>_||><||_html:<span style='background-color: rgba(0.0, "
 "165.0, 0, 0.15); border-radius: 3px;' title='1.0'>_||> "
 "now<||_html:</span>_||><||_html:<span style='background-color: rgba(0.0, "
 "165.0, 0, 0.15); border-radius: 3px;' title='1.0'>_||> "
 "includes<||_html:</span>_||><||_html:<span style='background-color: "
 "rgba(0.0, 165.0, 0, 0.15); border-radius: 3px;' title='1.0'>_||> "
 "a<||_html:</span>_||><||_html:<span style='background-color: rgba(0.0, "
 "165.0, 0, 0.15); border-radius: 3px;' title='1.0'>_||> "
 "new<||_html:</span>_||><||_html:<span style='background-color: rgba(0.0, "
 "165.0, 0, 0.15); border-radius: 3px;' title='1.0'>_||> "
 "field<||_html:</span>_||><||_html:<span style='background-color: rgba(0.0, "
 "165.0, 0, 0.15); border-radius: 3px;' title='1.0'>_||> "
 "'<||_html:</span>_||><||_html:<span style='background-color: rgba(0.0, "
 "165.0, 0, 0.15); border-radius: 3px;' "
 "title='1.0'>_||>details<||_html:</span>_||><||_html:<span "
 "style='background-color: rgba(0.0, 165.0, 0, 0.15); border-radius: 3px;' "
 "title='1.0'>_||>'<||_html:</span>_||><||_html:<span style='background-color: "
 "rgba(0.0, 165.0, 0, 0.15); border-radius: 3px;' title='1.0'>_||> "
 "of<||_html:</span>_||><||_html:<span style='background-color: rgba(0.0, "
 "165.0, 0, 0.15); border-radius: 3px;' title='1.0'>_||> "
 "type<||_html:</span>_||><||_html:<span style='background-color: rgba(0.0, "
 "165.0, 0, 0.15); border-radius: 3px;' title='1.0'>_||> "
 "String<||_html:</span>_||><||_html:<span style='background-color: rgba(0.0, "
 "165.0, 0, 0.15); border-radius: 3px;' "
 "title='1.0'>_||>.<||_html:</span>_||><||_html:<span style='background-color: "
 "rgba(0.0, 165.0, 0, 0.15); border-radius: 3px;' title='1.0'>_||> "
 "The<||_html:</span>_||><||_html:<span style='background-color: rgba(0.0, "
 "165.0, 0, 0.15); border-radius: 3px;' title='1.0'>_||> "
 "'<||_html:</span>_||><||_html:<span style='background-color: rgba(0.0, "
 "165.0, 0, 0.15); border-radius: 3px;' "
 "title='1.0'>_||>Product<||_html:</span>_||><||_html:<span "
 "style='background-color: rgba(0.0, 165.0, 0, 0.15); border-radius: 3px;' "
 "title='1.0'>_||>'<||_html:</span>_||><||_html:<span style='background-color: "
 "rgba(0.0, 165.0, 0, 0.15); border-radius: 3px;' title='1.0'>_||> "
 "type<||_html:</span>_||><||_html:<span style='background-color: rgba(0.0, "
 "165.0, 0, 0.15); border-radius: 3px;' title='1.0'>_||> "
 "no<||_html:</span>_||><||_html:<span style='background-color: rgba(0.0, "
 "165.0, 0, 0.15); border-radius: 3px;' title='1.0'>_||> "
 "longer<||_html:</span>_||><||_html:<span style='background-color: rgba(0.0, "
 "165.0, 0, 0.15); border-radius: 3px;' title='1.0'>_||> "
 "includes<||_html:</span>_||><||_html:<span style='background-color: "
 "rgba(0.0, 165.0, 0, 0.15); border-radius: 3px;' title='1.0'>_||> "
 "the<||_html:</span>_||><||_html:<span style='background-color: rgba(0.0, "
 "165.0, 0, 0.15); border-radius: 3px;' title='1.0'>_||> "
 "'<||_html:</span>_||><||_html:<span style='background-color: rgba(0.0, "
 "165.0, 0, 0.15); border-radius: 3px;' "
 "title='1.0'>_||>description<||_html:</span>_||><||_html:<span "
 "style='background-color: rgba(0.0, 165.0, 0, 0.15); border-radius: 3px;' "
 "title='1.0'>_||>'<||_html:</span>_||><||_html:<span style='background-color: "
 "rgba(0.0, 165.0, 0, 0.15); border-radius: 3px;' title='1.0'>_||> "
 "and<||_html:</span>_||><||_html:<span style='background-color: rgba(0.0, "
 "165.0, 0, 0.15); border-radius: 3px;' title='1.0'>_||> "
 "'<||_html:</span>_||><||_html:<span style='background-color: rgba(0.0, "
 "165.0, 0, 0.15); border-radius: 3px;' "
 "title='1.0'>_||>stock<||_html:</span>_||><||_html:<span "
 "style='background-color: rgba(0.0, 165.0, 0, 0.15); border-radius: 3px;' "
 "title='1.0'>_||>'<||_html:</span>_||><||_html:<span style='background-color: "
 "rgba(0.0, 165.0, 0, 0.15); border-radius: 3px;' title='1.0'>_||> "
 "fields<||_html:</span>_||><||_html:<span style='background-color: rgba(0.0, "
 "165.0, 0, 0.15); border-radius: 3px;' "
 'title=\'1.0\'>_||>."<||_html:</span>_||><||_html:<span '
 "style='background-color: rgba(0.0, 165.0, 0, 0.15); border-radius: 3px;' "
 "title='1.0'>_||>")
('Analyze the following two GraphQL schemas for changes, including both '
 'breaking and non-breaking changes.\n'
 '\n'
 '                        Provide your analysis in the following JSON format:\n'
 '                        {\n'
 '                          "changes": [\n'
 '                            {\n'
 '                              "type": "String representing the GraphQL type '
 '(e.g., Query, Mutation, Subscription)",\n'
 '                              "field": "String representing the specific '
 'field that changed",\n'
 '                              "change": "String describing the change (e.g., '
 'field renamed, new field added, field removed)",\n'
 '                              "breaking": "Boolean indicating if the change '
 'is breaking (true) or non-breaking (false)",\n'
 '                              "release_note": "String with a natural '
 'language description of the change for release notes"\n'
 '                            }\n'
 '                          ],\n'
 '                          "release_notes": {\n'
 '                              "summary": "String summarizing all changes, '
 'suitable for a mailing list or public announcement"\n'
 '                          }\n'
 '                        }\n'
 '\n'
 '                        When analyzing, consider the following types of '
 'changes:\n'
 '                        1. Removing fields or types (breaking)\n'
 '                        2. Changing field types (potentially breaking)\n'
 '                        3. Adding required fields (breaking)\n'
 '                        4. Changing the type of existing arguments '
 '(breaking)\n'
 '                        5. Adding optional fields (non-breaking)\n'
 '                        6. Adding new types (non-breaking)\n'
 '                        7. Deprecating fields (non-breaking)\n'
 '\n'
 '                        Ensure that each change is categorized correctly as '
 'breaking or non-breaking.: type Query {\n'
 '  getProduct(id: ID!): Product\n'
 '}\n'
 '\n'
 'type Product {\n'
 '  id: ID\n'
 '  name: String\n'
 '  description: String\n'
 '  price: Float\n'
 '  stock: Int\n'
 '}\n'
 ', type Query {\n'
 '  getProduct(id: ID!): Product\n'
 '}\n'
 '\n'
 'type Product {\n'
 '  id: ID\n'
 '  name: String\n'
 '  details: String\n'
 '  price: Float\n'
 '}\n'
 '\n'
 "Answer:<||_html:<span style='background-color: rgba(0.0, 165.0, 0, 0.15); "
 "border-radius: 3px;' title='1.0'>_||> {<||_html:</span>_||><||_html:<span "
 "style='background-color: rgba(0.0, 165.0, 0, 0.15); border-radius: 3px;' "
 "title='1.0'>_||>\n"
 "<||_html:</span>_||><||_html:<span style='background-color: rgba(0.0, 165.0, "
 "0, 0.15); border-radius: 3px;' title='1.0'>_||> "
 "<||_html:</span>_||><||_html:<span style='background-color: rgba(0.0, 165.0, "
 "0, 0.15); border-radius: 3px;' title='1.0'>_||> "
 '"<||_html:</span>_||><||_html:<span style=\'background-color: rgba(0.0, '
 "165.0, 0, 0.15); border-radius: 3px;' "
 "title='1.0'>_||>changes<||_html:</span>_||><||_html:<span "
 "style='background-color: rgba(0.0, 165.0, 0, 0.15); border-radius: 3px;' "
 'title=\'1.0\'>_||>":<||_html:</span>_||><||_html:<span '
 "style='background-color: rgba(0.0, 165.0, 0, 0.15); border-radius: 3px;' "
 "title='1.0'>_||> [<||_html:</span>_||><||_html:<span "
 "style='background-color: rgba(0.0, 165.0, 0, 0.15); border-radius: 3px;' "
 "title='1.0'>_||>\n"
 "<||_html:</span>_||><||_html:<span style='background-color: rgba(0.0, 165.0, "
 "0, 0.15); border-radius: 3px;' title='1.0'>_||>   "
 "<||_html:</span>_||><||_html:<span style='background-color: rgba(0.0, 165.0, "
 "0, 0.15); border-radius: 3px;' title='1.0'>_||> "
 "{<||_html:</span>_||><||_html:<span style='background-color: rgba(0.0, "
 "165.0, 0, 0.15); border-radius: 3px;' title='1.0'>_||>\n"
 "<||_html:</span>_||><||_html:<span style='background-color: rgba(0.0, 165.0, "
 "0, 0.15); border-radius: 3px;' title='1.0'>_||>     "
 "<||_html:</span>_||><||_html:<span style='background-color: rgba(0.0, 165.0, "
 "0, 0.15); border-radius: 3px;' title='1.0'>_||> "
 '"<||_html:</span>_||><||_html:<span style=\'background-color: rgba(0.0, '
 "165.0, 0, 0.15); border-radius: 3px;' "
 "title='1.0'>_||>type<||_html:</span>_||><||_html:<span "
 "style='background-color: rgba(0.0, 165.0, 0, 0.15); border-radius: 3px;' "
 'title=\'1.0\'>_||>":<||_html:</span>_||><||_html:<span '
 "style='background-color: rgba(0.0, 165.0, 0, 0.15); border-radius: 3px;' "
 'title=\'1.0\'>_||> "<||_html:</span>_||><||_html:<span '
 "style='background-color: rgba(0.0, 165.0, 0, 0.15); border-radius: 3px;' "
 "title='1.0'>_||>Query<||_html:</span>_||><||_html:<span "
 "style='background-color: rgba(0.0, 165.0, 0, 0.15); border-radius: 3px;' "
 'title=\'1.0\'>_||>",<||_html:</span>_||><||_html:<span '
 "style='background-color: rgba(0.0, 165.0, 0, 0.15); border-radius: 3px;' "
 "title='1.0'>_||>\n"
 "<||_html:</span>_||><||_html:<span style='background-color: rgba(0.0, 165.0, "
 "0, 0.15); border-radius: 3px;' title='1.0'>_||>     "
 "<||_html:</span>_||><||_html:<span style='background-color: rgba(0.0, 165.0, "
 "0, 0.15); border-radius: 3px;' title='1.0'>_||> "
 '"<||_html:</span>_||><||_html:<span style=\'background-color: rgba(0.0, '
 "165.0, 0, 0.15); border-radius: 3px;' "
 "title='1.0'>_||>field<||_html:</span>_||><||_html:<span "
 "style='background-color: rgba(0.0, 165.0, 0, 0.15); border-radius: 3px;' "
 'title=\'1.0\'>_||>":<||_html:</span>_||><||_html:<span '
 "style='background-color: rgba(0.0, 165.0, 0, 0.15); border-radius: 3px;' "
 'title=\'1.0\'>_||> "<||_html:</span>_||><||_html:<span '
 "style='background-color: rgba(0.0, 165.0, 0, 0.15); border-radius: 3px;' "
 "title='1.0'>_||>get<||_html:</span>_||><||_html:<span "
 "style='background-color: rgba(0.0, 165.0, 0, 0.15); border-radius: 3px;' "
 "title='1.0'>_||>Product<||_html:</span>_||><||_html:<span "
 "style='background-color: rgba(0.0, 165.0, 0, 0.15); border-radius: 3px;' "
 'title=\'1.0\'>_||>",<||_html:</span>_||><||_html:<span '
 "style='background-color: rgba(0.0, 165.0, 0, 0.15); border-radius: 3px;' "
 "title='1.0'>_||>\n"
 "<||_html:</span>_||><||_html:<span style='background-color: rgba(0.0, 165.0, "
 "0, 0.15); border-radius: 3px;' title='1.0'>_||>     "
 "<||_html:</span>_||><||_html:<span style='background-color: rgba(0.0, 165.0, "
 "0, 0.15); border-radius: 3px;' title='1.0'>_||> "
 '"<||_html:</span>_||><||_html:<span style=\'background-color: rgba(0.0, '
 "165.0, 0, 0.15); border-radius: 3px;' "
 "title='1.0'>_||>change<||_html:</span>_||><||_html:<span "
 "style='background-color: rgba(0.0, 165.0, 0, 0.15); border-radius: 3px;' "
 'title=\'1.0\'>_||>":<||_html:</span>_||><||_html:<span '
 "style='background-color: rgba(0.0, 165.0, 0, 0.15); border-radius: 3px;' "
 'title=\'1.0\'>_||> "<||_html:</span>_||><||_html:<span '
 "style='background-color: rgba(0.0, 165.0, 0, 0.15); border-radius: 3px;' "
 "title='1.0'>_||>field<||_html:</span>_||><||_html:<span "
 "style='background-color: rgba(0.0, 165.0, 0, 0.15); border-radius: 3px;' "
 "title='1.0'>_||> details<||_html:</span>_||><||_html:<span "
 "style='background-color: rgba(0.0, 165.0, 0, 0.15); border-radius: 3px;' "
 "title='1.0'>_||> added<||_html:</span>_||><||_html:<span "
 "style='background-color: rgba(0.0, 165.0, 0, 0.15); border-radius: 3px;' "
 'title=\'1.0\'>_||>",<||_html:</span>_||><||_html:<span '
 "style='background-color: rgba(0.0, 165.0, 0, 0.15); border-radius: 3px;' "
 "title='1.0'>_||>\n"
 "<||_html:</span>_||><||_html:<span style='background-color: rgba(0.0, 165.0, "
 "0, 0.15); border-radius: 3px;' title='1.0'>_||>     "
 "<||_html:</span>_||><||_html:<span style='background-color: rgba(0.0, 165.0, "
 "0, 0.15); border-radius: 3px;' title='1.0'>_||> "
 '"<||_html:</span>_||><||_html:<span style=\'background-color: rgba(0.0, '
 "165.0, 0, 0.15); border-radius: 3px;' "
 "title='1.0'>_||>breaking<||_html:</span>_||><||_html:<span "
 "style='background-color: rgba(0.0, 165.0, 0, 0.15); border-radius: 3px;' "
 'title=\'1.0\'>_||>":<||_html:</span>_||><||_html:<span '
 "style='background-color: rgba(0.0, 165.0, 0, 0.15); border-radius: 3px;' "
 'title=\'1.0\'>_||> "<||_html:</span>_||><||_html:<span '
 "style='background-color: rgba(0.0, 165.0, 0, 0.15); border-radius: 3px;' "
 "title='1.0'>_||>false<||_html:</span>_||><||_html:<span "
 "style='background-color: rgba(0.0, 165.0, 0, 0.15); border-radius: 3px;' "
 'title=\'1.0\'>_||>",<||_html:</span>_||><||_html:<span '
 "style='background-color: rgba(0.0, 165.0, 0, 0.15); border-radius: 3px;' "
 "title='1.0'>_||>\n"
 "<||_html:</span>_||><||_html:<span style='background-color: rgba(0.0, 165.0, "
 "0, 0.15); border-radius: 3px;' title='1.0'>_||>     "
 "<||_html:</span>_||><||_html:<span style='background-color: rgba(0.0, 165.0, "
 "0, 0.15); border-radius: 3px;' title='1.0'>_||> "
 '"<||_html:</span>_||><||_html:<span style=\'background-color: rgba(0.0, '
 "165.0, 0, 0.15); border-radius: 3px;' "
 "title='1.0'>_||>release<||_html:</span>_||><||_html:<span "
 "style='background-color: rgba(0.0, 165.0, 0, 0.15); border-radius: 3px;' "
 "title='1.0'>_||>_<||_html:</span>_||><||_html:<span style='background-color: "
 "rgba(0.0, 165.0, 0, 0.15); border-radius: 3px;' "
 "title='1.0'>_||>note<||_html:</span>_||><||_html:<span "
 "style='background-color: rgba(0.0, 165.0, 0, 0.15); border-radius: 3px;' "
 'title=\'1.0\'>_||>":<||_html:</span>_||><||_html:<span '
 "style='background-color: rgba(0.0, 165.0, 0, 0.15); border-radius: 3px;' "
 'title=\'1.0\'>_||> "<||_html:</span>_||><||_html:<span '
 "style='background-color: rgba(0.0, 165.0, 0, 0.15); border-radius: 3px;' "
 "title='1.0'>_||>The<||_html:</span>_||><||_html:<span "
 "style='background-color: rgba(0.0, 165.0, 0, 0.15); border-radius: 3px;' "
 "title='1.0'>_||> '<||_html:</span>_||><||_html:<span "
 "style='background-color: rgba(0.0, 165.0, 0, 0.15); border-radius: 3px;' "
 "title='1.0'>_||>get<||_html:</span>_||><||_html:<span "
 "style='background-color: rgba(0.0, 165.0, 0, 0.15); border-radius: 3px;' "
 "title='1.0'>_||>Product<||_html:</span>_||><||_html:<span "
 "style='background-color: rgba(0.0, 165.0, 0, 0.15); border-radius: 3px;' "
 "title='1.0'>_||>'<||_html:</span>_||><||_html:<span style='background-color: "
 "rgba(0.0, 165.0, 0, 0.15); border-radius: 3px;' title='1.0'>_||> "
 "query<||_html:</span>_||><||_html:<span style='background-color: rgba(0.0, "
 "165.0, 0, 0.15); border-radius: 3px;' title='1.0'>_||> "
 "now<||_html:</span>_||><||_html:<span style='background-color: rgba(0.0, "
 "165.0, 0, 0.15); border-radius: 3px;' title='1.0'>_||> "
 "includes<||_html:</span>_||><||_html:<span style='background-color: "
 "rgba(0.0, 165.0, 0, 0.15); border-radius: 3px;' title='1.0'>_||> "
 "a<||_html:</span>_||><||_html:<span style='background-color: rgba(0.0, "
 "165.0, 0, 0.15); border-radius: 3px;' title='1.0'>_||> "
 "new<||_html:</span>_||><||_html:<span style='background-color: rgba(0.0, "
 "165.0, 0, 0.15); border-radius: 3px;' title='1.0'>_||> "
 "field<||_html:</span>_||><||_html:<span style='background-color: rgba(0.0, "
 "165.0, 0, 0.15); border-radius: 3px;' title='1.0'>_||> "
 "'<||_html:</span>_||><||_html:<span style='background-color: rgba(0.0, "
 "165.0, 0, 0.15); border-radius: 3px;' "
 "title='1.0'>_||>details<||_html:</span>_||><||_html:<span "
 "style='background-color: rgba(0.0, 165.0, 0, 0.15); border-radius: 3px;' "
 "title='1.0'>_||>'<||_html:</span>_||><||_html:<span style='background-color: "
 "rgba(0.0, 165.0, 0, 0.15); border-radius: 3px;' title='1.0'>_||> "
 "of<||_html:</span>_||><||_html:<span style='background-color: rgba(0.0, "
 "165.0, 0, 0.15); border-radius: 3px;' title='1.0'>_||> "
 "type<||_html:</span>_||><||_html:<span style='background-color: rgba(0.0, "
 "165.0, 0, 0.15); border-radius: 3px;' title='1.0'>_||> "
 "String<||_html:</span>_||><||_html:<span style='background-color: rgba(0.0, "
 "165.0, 0, 0.15); border-radius: 3px;' "
 'title=\'1.0\'>_||>."<||_html:</span>_||><||_html:<span '
 "style='background-color: rgba(0.0, 165.0, 0, 0.15); border-radius: 3px;' "
 "title='1.0'>_||>\n"
 "<||_html:</span>_||><||_html:<span style='background-color: rgba(0.0, 165.0, "
 "0, 0.15); border-radius: 3px;' title='1.0'>_||>   "
 "<||_html:</span>_||><||_html:<span style='background-color: rgba(0.0, 165.0, "
 "0, 0.15); border-radius: 3px;' title='1.0'>_||> "
 "},<||_html:</span>_||><||_html:<span style='background-color: rgba(0.0, "
 "165.0, 0, 0.15); border-radius: 3px;' title='1.0'>_||>\n"
 "<||_html:</span>_||><||_html:<span style='background-color: rgba(0.0, 165.0, "
 "0, 0.15); border-radius: 3px;' title='1.0'>_||>   "
 "<||_html:</span>_||><||_html:<span style='background-color: rgba(0.0, 165.0, "
 "0, 0.15); border-radius: 3px;' title='1.0'>_||> "
 "{<||_html:</span>_||><||_html:<span style='background-color: rgba(0.0, "
 "165.0, 0, 0.15); border-radius: 3px;' title='1.0'>_||>\n"
 "<||_html:</span>_||><||_html:<span style='background-color: rgba(0.0, 165.0, "
 "0, 0.15); border-radius: 3px;' title='1.0'>_||>     "
 "<||_html:</span>_||><||_html:<span style='background-color: rgba(0.0, 165.0, "
 "0, 0.15); border-radius: 3px;' title='1.0'>_||> "
 '"<||_html:</span>_||><||_html:<span style=\'background-color: rgba(0.0, '
 "165.0, 0, 0.15); border-radius: 3px;' "
 "title='1.0'>_||>type<||_html:</span>_||><||_html:<span "
 "style='background-color: rgba(0.0, 165.0, 0, 0.15); border-radius: 3px;' "
 'title=\'1.0\'>_||>":<||_html:</span>_||><||_html:<span '
 "style='background-color: rgba(0.0, 165.0, 0, 0.15); border-radius: 3px;' "
 'title=\'1.0\'>_||> "<||_html:</span>_||><||_html:<span '
 "style='background-color: rgba(0.0, 165.0, 0, 0.15); border-radius: 3px;' "
 "title='1.0'>_||>Product<||_html:</span>_||><||_html:<span "
 "style='background-color: rgba(0.0, 165.0, 0, 0.15); border-radius: 3px;' "
 'title=\'1.0\'>_||>",<||_html:</span>_||><||_html:<span '
 "style='background-color: rgba(0.0, 165.0, 0, 0.15); border-radius: 3px;' "
 "title='1.0'>_||>\n"
 "<||_html:</span>_||><||_html:<span style='background-color: rgba(0.0, 165.0, "
 "0, 0.15); border-radius: 3px;' title='1.0'>_||>     "
 "<||_html:</span>_||><||_html:<span style='background-color: rgba(0.0, 165.0, "
 "0, 0.15); border-radius: 3px;' title='1.0'>_||> "
 '"<||_html:</span>_||><||_html:<span style=\'background-color: rgba(0.0, '
 "165.0, 0, 0.15); border-radius: 3px;' "
 "title='1.0'>_||>field<||_html:</span>_||><||_html:<span "
 "style='background-color: rgba(0.0, 165.0, 0, 0.15); border-radius: 3px;' "
 'title=\'1.0\'>_||>":<||_html:</span>_||><||_html:<span '
 "style='background-color: rgba(0.0, 165.0, 0, 0.15); border-radius: 3px;' "
 'title=\'1.0\'>_||> "<||_html:</span>_||><||_html:<span '
 "style='background-color: rgba(0.0, 165.0, 0, 0.15); border-radius: 3px;' "
 "title='1.0'>_||>description<||_html:</span>_||><||_html:<span "
 "style='background-color: rgba(0.0, 165.0, 0, 0.15); border-radius: 3px;' "
 'title=\'1.0\'>_||>",<||_html:</span>_||><||_html:<span '
 "style='background-color: rgba(0.0, 165.0, 0, 0.15); border-radius: 3px;' "
 "title='1.0'>_||>\n"
 "<||_html:</span>_||><||_html:<span style='background-color: rgba(0.0, 165.0, "
 "0, 0.15); border-radius: 3px;' title='1.0'>_||>     "
 "<||_html:</span>_||><||_html:<span style='background-color: rgba(0.0, 165.0, "
 "0, 0.15); border-radius: 3px;' title='1.0'>_||> "
 '"<||_html:</span>_||><||_html:<span style=\'background-color: rgba(0.0, '
 "165.0, 0, 0.15); border-radius: 3px;' "
 "title='1.0'>_||>change<||_html:</span>_||><||_html:<span "
 "style='background-color: rgba(0.0, 165.0, 0, 0.15); border-radius: 3px;' "
 'title=\'1.0\'>_||>":<||_html:</span>_||><||_html:<span '
 "style='background-color: rgba(0.0, 165.0, 0, 0.15); border-radius: 3px;' "
 'title=\'1.0\'>_||> "<||_html:</span>_||><||_html:<span '
 "style='background-color: rgba(0.0, 165.0, 0, 0.15); border-radius: 3px;' "
 "title='1.0'>_||>field<||_html:</span>_||><||_html:<span "
 "style='background-color: rgba(0.0, 165.0, 0, 0.15); border-radius: 3px;' "
 "title='1.0'>_||> removed<||_html:</span>_||><||_html:<span "
 "style='background-color: rgba(0.0, 165.0, 0, 0.15); border-radius: 3px;' "
 'title=\'1.0\'>_||>",<||_html:</span>_||><||_html:<span '
 "style='background-color: rgba(0.0, 165.0, 0, 0.15); border-radius: 3px;' "
 "title='1.0'>_||>\n"
 "<||_html:</span>_||><||_html:<span style='background-color: rgba(0.0, 165.0, "
 "0, 0.15); border-radius: 3px;' title='1.0'>_||>     "
 "<||_html:</span>_||><||_html:<span style='background-color: rgba(0.0, 165.0, "
 "0, 0.15); border-radius: 3px;' title='1.0'>_||> "
 '"<||_html:</span>_||><||_html:<span style=\'background-color: rgba(0.0, '
 "165.0, 0, 0.15); border-radius: 3px;' "
 "title='1.0'>_||>breaking<||_html:</span>_||><||_html:<span "
 "style='background-color: rgba(0.0, 165.0, 0, 0.15); border-radius: 3px;' "
 'title=\'1.0\'>_||>":<||_html:</span>_||><||_html:<span '
 "style='background-color: rgba(0.0, 165.0, 0, 0.15); border-radius: 3px;' "
 'title=\'1.0\'>_||> "<||_html:</span>_||><||_html:<span '
 "style='background-color: rgba(0.0, 165.0, 0, 0.15); border-radius: 3px;' "
 "title='1.0'>_||>true<||_html:</span>_||><||_html:<span "
 "style='background-color: rgba(0.0, 165.0, 0, 0.15); border-radius: 3px;' "
 'title=\'1.0\'>_||>",<||_html:</span>_||><||_html:<span '
 "style='background-color: rgba(0.0, 165.0, 0, 0.15); border-radius: 3px;' "
 "title='1.0'>_||>\n"
 "<||_html:</span>_||><||_html:<span style='background-color: rgba(0.0, 165.0, "
 "0, 0.15); border-radius: 3px;' title='1.0'>_||>     "
 "<||_html:</span>_||><||_html:<span style='background-color: rgba(0.0, 165.0, "
 "0, 0.15); border-radius: 3px;' title='1.0'>_||> "
 '"<||_html:</span>_||><||_html:<span style=\'background-color: rgba(0.0, '
 "165.0, 0, 0.15); border-radius: 3px;' "
 "title='1.0'>_||>release<||_html:</span>_||><||_html:<span "
 "style='background-color: rgba(0.0, 165.0, 0, 0.15); border-radius: 3px;' "
 "title='1.0'>_||>_<||_html:</span>_||><||_html:<span style='background-color: "
 "rgba(0.0, 165.0, 0, 0.15); border-radius: 3px;' "
 "title='1.0'>_||>note<||_html:</span>_||><||_html:<span "
 "style='background-color: rgba(0.0, 165.0, 0, 0.15); border-radius: 3px;' "
 'title=\'1.0\'>_||>":<||_html:</span>_||><||_html:<span '
 "style='background-color: rgba(0.0, 165.0, 0, 0.15); border-radius: 3px;' "
 'title=\'1.0\'>_||> "<||_html:</span>_||><||_html:<span '
 "style='background-color: rgba(0.0, 165.0, 0, 0.15); border-radius: 3px;' "
 "title='1.0'>_||>The<||_html:</span>_||><||_html:<span "
 "style='background-color: rgba(0.0, 165.0, 0, 0.15); border-radius: 3px;' "
 "title='1.0'>_||> '<||_html:</span>_||><||_html:<span "
 "style='background-color: rgba(0.0, 165.0, 0, 0.15); border-radius: 3px;' "
 "title='1.0'>_||>Product<||_html:</span>_||><||_html:<span "
 "style='background-color: rgba(0.0, 165.0, 0, 0.15); border-radius: 3px;' "
 "title='1.0'>_||>'<||_html:</span>_||><||_html:<span style='background-color: "
 "rgba(0.0, 165.0, 0, 0.15); border-radius: 3px;' title='1.0'>_||> "
 "type<||_html:</span>_||><||_html:<span style='background-color: rgba(0.0, "
 "165.0, 0, 0.15); border-radius: 3px;' title='1.0'>_||> "
 "no<||_html:</span>_||><||_html:<span style='background-color: rgba(0.0, "
 "165.0, 0, 0.15); border-radius: 3px;' title='1.0'>_||> "
 "longer<||_html:</span>_||><||_html:<span style='background-color: rgba(0.0, "
 "165.0, 0, 0.15); border-radius: 3px;' title='1.0'>_||> "
 "includes<||_html:</span>_||><||_html:<span style='background-color: "
 "rgba(0.0, 165.0, 0, 0.15); border-radius: 3px;' title='1.0'>_||> "
 "the<||_html:</span>_||><||_html:<span style='background-color: rgba(0.0, "
 "165.0, 0, 0.15); border-radius: 3px;' title='1.0'>_||> "
 "'<||_html:</span>_||><||_html:<span style='background-color: rgba(0.0, "
 "165.0, 0, 0.15); border-radius: 3px;' "
 "title='1.0'>_||>description<||_html:</span>_||><||_html:<span "
 "style='background-color: rgba(0.0, 165.0, 0, 0.15); border-radius: 3px;' "
 "title='1.0'>_||>'<||_html:</span>_||><||_html:<span style='background-color: "
 "rgba(0.0, 165.0, 0, 0.15); border-radius: 3px;' title='1.0'>_||> "
 "field<||_html:</span>_||><||_html:<span style='background-color: rgba(0.0, "
 "165.0, 0, 0.15); border-radius: 3px;' "
 'title=\'1.0\'>_||>."<||_html:</span>_||><||_html:<span '
 "style='background-color: rgba(0.0, 165.0, 0, 0.15); border-radius: 3px;' "
 "title='1.0'>_||>\n"
 "<||_html:</span>_||><||_html:<span style='background-color: rgba(0.0, 165.0, "
 "0, 0.15); border-radius: 3px;' title='1.0'>_||>   "
 "<||_html:</span>_||><||_html:<span style='background-color: rgba(0.0, 165.0, "
 "0, 0.15); border-radius: 3px;' title='1.0'>_||> "
 "},<||_html:</span>_||><||_html:<span style='background-color: rgba(0.0, "
 "165.0, 0, 0.15); border-radius: 3px;' title='1.0'>_||>\n"
 "<||_html:</span>_||><||_html:<span style='background-color: rgba(0.0, 165.0, "
 "0, 0.15); border-radius: 3px;' title='1.0'>_||>   "
 "<||_html:</span>_||><||_html:<span style='background-color: rgba(0.0, 165.0, "
 "0, 0.15); border-radius: 3px;' title='1.0'>_||> "
 "{<||_html:</span>_||><||_html:<span style='background-color: rgba(0.0, "
 "165.0, 0, 0.15); border-radius: 3px;' title='1.0'>_||>\n"
 "<||_html:</span>_||><||_html:<span style='background-color: rgba(0.0, 165.0, "
 "0, 0.15); border-radius: 3px;' title='1.0'>_||>     "
 "<||_html:</span>_||><||_html:<span style='background-color: rgba(0.0, 165.0, "
 "0, 0.15); border-radius: 3px;' title='1.0'>_||> "
 '"<||_html:</span>_||><||_html:<span style=\'background-color: rgba(0.0, '
 "165.0, 0, 0.15); border-radius: 3px;' "
 "title='1.0'>_||>type<||_html:</span>_||><||_html:<span "
 "style='background-color: rgba(0.0, 165.0, 0, 0.15); border-radius: 3px;' "
 'title=\'1.0\'>_||>":<||_html:</span>_||><||_html:<span '
 "style='background-color: rgba(0.0, 165.0, 0, 0.15); border-radius: 3px;' "
 'title=\'1.0\'>_||> "<||_html:</span>_||><||_html:<span '
 "style='background-color: rgba(0.0, 165.0, 0, 0.15); border-radius: 3px;' "
 "title='1.0'>_||>Product<||_html:</span>_||><||_html:<span "
 "style='background-color: rgba(0.0, 165.0, 0, 0.15); border-radius: 3px;' "
 'title=\'1.0\'>_||>",<||_html:</span>_||><||_html:<span '
 "style='background-color: rgba(0.0, 165.0, 0, 0.15); border-radius: 3px;' "
 "title='1.0'>_||>\n"
 "<||_html:</span>_||><||_html:<span style='background-color: rgba(0.0, 165.0, "
 "0, 0.15); border-radius: 3px;' title='1.0'>_||>     "
 "<||_html:</span>_||><||_html:<span style='background-color: rgba(0.0, 165.0, "
 "0, 0.15); border-radius: 3px;' title='1.0'>_||> "
 '"<||_html:</span>_||><||_html:<span style=\'background-color: rgba(0.0, '
 "165.0, 0, 0.15); border-radius: 3px;' "
 "title='1.0'>_||>field<||_html:</span>_||><||_html:<span "
 "style='background-color: rgba(0.0, 165.0, 0, 0.15); border-radius: 3px;' "
 'title=\'1.0\'>_||>":<||_html:</span>_||><||_html:<span '
 "style='background-color: rgba(0.0, 165.0, 0, 0.15); border-radius: 3px;' "
 'title=\'1.0\'>_||> "<||_html:</span>_||><||_html:<span '
 "style='background-color: rgba(0.0, 165.0, 0, 0.15); border-radius: 3px;' "
 "title='1.0'>_||>stock<||_html:</span>_||><||_html:<span "
 "style='background-color: rgba(0.0, 165.0, 0, 0.15); border-radius: 3px;' "
 'title=\'1.0\'>_||>",<||_html:</span>_||><||_html:<span '
 "style='background-color: rgba(0.0, 165.0, 0, 0.15); border-radius: 3px;' "
 "title='1.0'>_||>\n"
 "<||_html:</span>_||><||_html:<span style='background-color: rgba(0.0, 165.0, "
 "0, 0.15); border-radius: 3px;' title='1.0'>_||>     "
 "<||_html:</span>_||><||_html:<span style='background-color: rgba(0.0, 165.0, "
 "0, 0.15); border-radius: 3px;' title='1.0'>_||> "
 '"<||_html:</span>_||><||_html:<span style=\'background-color: rgba(0.0, '
 "165.0, 0, 0.15); border-radius: 3px;' "
 "title='1.0'>_||>change<||_html:</span>_||><||_html:<span "
 "style='background-color: rgba(0.0, 165.0, 0, 0.15); border-radius: 3px;' "
 'title=\'1.0\'>_||>":<||_html:</span>_||><||_html:<span '
 "style='background-color: rgba(0.0, 165.0, 0, 0.15); border-radius: 3px;' "
 'title=\'1.0\'>_||> "<||_html:</span>_||><||_html:<span '
 "style='background-color: rgba(0.0, 165.0, 0, 0.15); border-radius: 3px;' "
 "title='1.0'>_||>field<||_html:</span>_||><||_html:<span "
 "style='background-color: rgba(0.0, 165.0, 0, 0.15); border-radius: 3px;' "
 "title='1.0'>_||> removed<||_html:</span>_||><||_html:<span "
 "style='background-color: rgba(0.0, 165.0, 0, 0.15); border-radius: 3px;' "
 'title=\'1.0\'>_||>",<||_html:</span>_||><||_html:<span '
 "style='background-color: rgba(0.0, 165.0, 0, 0.15); border-radius: 3px;' "
 "title='1.0'>_||>\n"
 "<||_html:</span>_||><||_html:<span style='background-color: rgba(0.0, 165.0, "
 "0, 0.15); border-radius: 3px;' title='1.0'>_||>     "
 "<||_html:</span>_||><||_html:<span style='background-color: rgba(0.0, 165.0, "
 "0, 0.15); border-radius: 3px;' title='1.0'>_||> "
 '"<||_html:</span>_||><||_html:<span style=\'background-color: rgba(0.0, '
 "165.0, 0, 0.15); border-radius: 3px;' "
 "title='1.0'>_||>breaking<||_html:</span>_||><||_html:<span "
 "style='background-color: rgba(0.0, 165.0, 0, 0.15); border-radius: 3px;' "
 'title=\'1.0\'>_||>":<||_html:</span>_||><||_html:<span '
 "style='background-color: rgba(0.0, 165.0, 0, 0.15); border-radius: 3px;' "
 'title=\'1.0\'>_||> "<||_html:</span>_||><||_html:<span '
 "style='background-color: rgba(0.0, 165.0, 0, 0.15); border-radius: 3px;' "
 "title='1.0'>_||>true<||_html:</span>_||><||_html:<span "
 "style='background-color: rgba(0.0, 165.0, 0, 0.15); border-radius: 3px;' "
 'title=\'1.0\'>_||>",<||_html:</span>_||><||_html:<span '
 "style='background-color: rgba(0.0, 165.0, 0, 0.15); border-radius: 3px;' "
 "title='1.0'>_||>\n"
 "<||_html:</span>_||><||_html:<span style='background-color: rgba(0.0, 165.0, "
 "0, 0.15); border-radius: 3px;' title='1.0'>_||>     "
 "<||_html:</span>_||><||_html:<span style='background-color: rgba(0.0, 165.0, "
 "0, 0.15); border-radius: 3px;' title='1.0'>_||> "
 '"<||_html:</span>_||><||_html:<span style=\'background-color: rgba(0.0, '
 "165.0, 0, 0.15); border-radius: 3px;' "
 "title='1.0'>_||>release<||_html:</span>_||><||_html:<span "
 "style='background-color: rgba(0.0, 165.0, 0, 0.15); border-radius: 3px;' "
 "title='1.0'>_||>_<||_html:</span>_||><||_html:<span style='background-color: "
 "rgba(0.0, 165.0, 0, 0.15); border-radius: 3px;' "
 "title='1.0'>_||>note<||_html:</span>_||><||_html:<span "
 "style='background-color: rgba(0.0, 165.0, 0, 0.15); border-radius: 3px;' "
 'title=\'1.0\'>_||>":<||_html:</span>_||><||_html:<span '
 "style='background-color: rgba(0.0, 165.0, 0, 0.15); border-radius: 3px;' "
 'title=\'1.0\'>_||> "<||_html:</span>_||><||_html:<span '
 "style='background-color: rgba(0.0, 165.0, 0, 0.15); border-radius: 3px;' "
 "title='1.0'>_||>The<||_html:</span>_||><||_html:<span "
 "style='background-color: rgba(0.0, 165.0, 0, 0.15); border-radius: 3px;' "
 "title='1.0'>_||> '<||_html:</span>_||><||_html:<span "
 "style='background-color: rgba(0.0, 165.0, 0, 0.15); border-radius: 3px;' "
 "title='1.0'>_||>Product<||_html:</span>_||><||_html:<span "
 "style='background-color: rgba(0.0, 165.0, 0, 0.15); border-radius: 3px;' "
 "title='1.0'>_||>'<||_html:</span>_||><||_html:<span style='background-color: "
 "rgba(0.0, 165.0, 0, 0.15); border-radius: 3px;' title='1.0'>_||> "
 "type<||_html:</span>_||><||_html:<span style='background-color: rgba(0.0, "
 "165.0, 0, 0.15); border-radius: 3px;' title='1.0'>_||> "
 "no<||_html:</span>_||><||_html:<span style='background-color: rgba(0.0, "
 "165.0, 0, 0.15); border-radius: 3px;' title='1.0'>_||> "
 "longer<||_html:</span>_||><||_html:<span style='background-color: rgba(0.0, "
 "165.0, 0, 0.15); border-radius: 3px;' title='1.0'>_||> "
 "includes<||_html:</span>_||><||_html:<span style='background-color: "
 "rgba(0.0, 165.0, 0, 0.15); border-radius: 3px;' title='1.0'>_||> "
 "the<||_html:</span>_||><||_html:<span style='background-color: rgba(0.0, "
 "165.0, 0, 0.15); border-radius: 3px;' title='1.0'>_||> "
 "'<||_html:</span>_||><||_html:<span style='background-color: rgba(0.0, "
 "165.0, 0, 0.15); border-radius: 3px;' "
 "title='1.0'>_||>stock<||_html:</span>_||><||_html:<span "
 "style='background-color: rgba(0.0, 165.0, 0, 0.15); border-radius: 3px;' "
 "title='1.0'>_||>'<||_html:</span>_||><||_html:<span style='background-color: "
 "rgba(0.0, 165.0, 0, 0.15); border-radius: 3px;' title='1.0'>_||> "
 "field<||_html:</span>_||><||_html:<span style='background-color: rgba(0.0, "
 "165.0, 0, 0.15); border-radius: 3px;' "
 'title=\'1.0\'>_||>."<||_html:</span>_||><||_html:<span '
 "style='background-color: rgba(0.0, 165.0, 0, 0.15); border-radius: 3px;' "
 "title='1.0'>_||>\n"
 "<||_html:</span>_||><||_html:<span style='background-color: rgba(0.0, 165.0, "
 "0, 0.15); border-radius: 3px;' title='1.0'>_||>   "
 "<||_html:</span>_||><||_html:<span style='background-color: rgba(0.0, 165.0, "
 "0, 0.15); border-radius: 3px;' title='1.0'>_||> "
 "}<||_html:</span>_||><||_html:<span style='background-color: rgba(0.0, "
 "165.0, 0, 0.15); border-radius: 3px;' title='1.0'>_||>\n"
 "<||_html:</span>_||><||_html:<span style='background-color: rgba(0.0, 165.0, "
 "0, 0.15); border-radius: 3px;' title='1.0'>_||> "
 "<||_html:</span>_||><||_html:<span style='background-color: rgba(0.0, 165.0, "
 "0, 0.15); border-radius: 3px;' title='1.0'>_||> "
 "],<||_html:</span>_||><||_html:<span style='background-color: rgba(0.0, "
 "165.0, 0, 0.15); border-radius: 3px;' title='1.0'>_||>\n"
 "<||_html:</span>_||><||_html:<span style='background-color: rgba(0.0, 165.0, "
 "0, 0.15); border-radius: 3px;' title='1.0'>_||> "
 "<||_html:</span>_||><||_html:<span style='background-color: rgba(0.0, 165.0, "
 "0, 0.15); border-radius: 3px;' title='1.0'>_||> "
 '"<||_html:</span>_||><||_html:<span style=\'background-color: rgba(0.0, '
 "165.0, 0, 0.15); border-radius: 3px;' "
 "title='1.0'>_||>release<||_html:</span>_||><||_html:<span "
 "style='background-color: rgba(0.0, 165.0, 0, 0.15); border-radius: 3px;' "
 "title='1.0'>_||>_<||_html:</span>_||><||_html:<span style='background-color: "
 "rgba(0.0, 165.0, 0, 0.15); border-radius: 3px;' "
 "title='1.0'>_||>notes<||_html:</span>_||><||_html:<span "
 "style='background-color: rgba(0.0, 165.0, 0, 0.15); border-radius: 3px;' "
 'title=\'1.0\'>_||>":<||_html:</span>_||><||_html:<span '
 "style='background-color: rgba(0.0, 165.0, 0, 0.15); border-radius: 3px;' "
 "title='1.0'>_||> {<||_html:</span>_||><||_html:<span "
 "style='background-color: rgba(0.0, 165.0, 0, 0.15); border-radius: 3px;' "
 "title='1.0'>_||>\n"
 "<||_html:</span>_||><||_html:<span style='background-color: rgba(0.0, 165.0, "
 "0, 0.15); border-radius: 3px;' title='1.0'>_||>   "
 "<||_html:</span>_||><||_html:<span style='background-color: rgba(0.0, 165.0, "
 "0, 0.15); border-radius: 3px;' title='1.0'>_||> "
 '"<||_html:</span>_||><||_html:<span style=\'background-color: rgba(0.0, '
 "165.0, 0, 0.15); border-radius: 3px;' "
 "title='1.0'>_||>summary<||_html:</span>_||><||_html:<span "
 "style='background-color: rgba(0.0, 165.0, 0, 0.15); border-radius: 3px;' "
 'title=\'1.0\'>_||>":<||_html:</span>_||><||_html:<span '
 "style='background-color: rgba(0.0, 165.0, 0, 0.15); border-radius: 3px;' "
 'title=\'1.0\'>_||> "<||_html:</span>_||><||_html:<span '
 "style='background-color: rgba(0.0, 165.0, 0, 0.15); border-radius: 3px;' "
 "title='1.0'>_||>The<||_html:</span>_||><||_html:<span "
 "style='background-color: rgba(0.0, 165.0, 0, 0.15); border-radius: 3px;' "
 "title='1.0'>_||> '<||_html:</span>_||><||_html:<span "
 "style='background-color: rgba(0.0, 165.0, 0, 0.15); border-radius: 3px;' "
 "title='1.0'>_||>get<||_html:</span>_||><||_html:<span "
 "style='background-color: rgba(0.0, 165.0, 0, 0.15); border-radius: 3px;' "
 "title='1.0'>_||>Product<||_html:</span>_||><||_html:<span "
 "style='background-color: rgba(0.0, 165.0, 0, 0.15); border-radius: 3px;' "
 "title='1.0'>_||>'<||_html:</span>_||><||_html:<span style='background-color: "
 "rgba(0.0, 165.0, 0, 0.15); border-radius: 3px;' title='1.0'>_||> "
 "query<||_html:</span>_||><||_html:<span style='background-color: rgba(0.0, "
 "165.0, 0, 0.15); border-radius: 3px;' title='1.0'>_||> "
 "now<||_html:</span>_||><||_html:<span style='background-color: rgba(0.0, "
 "165.0, 0, 0.15); border-radius: 3px;' title='1.0'>_||> "
 "includes<||_html:</span>_||><||_html:<span style='background-color: "
 "rgba(0.0, 165.0, 0, 0.15); border-radius: 3px;' title='1.0'>_||> "
 "a<||_html:</span>_||><||_html:<span style='background-color: rgba(0.0, "
 "165.0, 0, 0.15); border-radius: 3px;' title='1.0'>_||> "
 "new<||_html:</span>_||><||_html:<span style='background-color: rgba(0.0, "
 "165.0, 0, 0.15); border-radius: 3px;' title='1.0'>_||> "
 "field<||_html:</span>_||><||_html:<span style='background-color: rgba(0.0, "
 "165.0, 0, 0.15); border-radius: 3px;' title='1.0'>_||> "
 "'<||_html:</span>_||><||_html:<span style='background-color: rgba(0.0, "
 "165.0, 0, 0.15); border-radius: 3px;' "
 "title='1.0'>_||>details<||_html:</span>_||><||_html:<span "
 "style='background-color: rgba(0.0, 165.0, 0, 0.15); border-radius: 3px;' "
 "title='1.0'>_||>'<||_html:</span>_||><||_html:<span style='background-color: "
 "rgba(0.0, 165.0, 0, 0.15); border-radius: 3px;' title='1.0'>_||> "
 "of<||_html:</span>_||><||_html:<span style='background-color: rgba(0.0, "
 "165.0, 0, 0.15); border-radius: 3px;' title='1.0'>_||> "
 "type<||_html:</span>_||><||_html:<span style='background-color: rgba(0.0, "
 "165.0, 0, 0.15); border-radius: 3px;' title='1.0'>_||> "
 "String<||_html:</span>_||><||_html:<span style='background-color: rgba(0.0, "
 "165.0, 0, 0.15); border-radius: 3px;' "
 "title='1.0'>_||>.<||_html:</span>_||><||_html:<span style='background-color: "
 "rgba(0.0, 165.0, 0, 0.15); border-radius: 3px;' title='1.0'>_||> "
 "The<||_html:</span>_||><||_html:<span style='background-color: rgba(0.0, "
 "165.0, 0, 0.15); border-radius: 3px;' title='1.0'>_||> "
 "'<||_html:</span>_||><||_html:<span style='background-color: rgba(0.0, "
 "165.0, 0, 0.15); border-radius: 3px;' "
 "title='1.0'>_||>Product<||_html:</span>_||><||_html:<span "
 "style='background-color: rgba(0.0, 165.0, 0, 0.15); border-radius: 3px;' "
 "title='1.0'>_||>'<||_html:</span>_||><||_html:<span style='background-color: "
 "rgba(0.0, 165.0, 0, 0.15); border-radius: 3px;' title='1.0'>_||> "
 "type<||_html:</span>_||><||_html:<span style='background-color: rgba(0.0, "
 "165.0, 0, 0.15); border-radius: 3px;' title='1.0'>_||> "
 "no<||_html:</span>_||><||_html:<span style='background-color: rgba(0.0, "
 "165.0, 0, 0.15); border-radius: 3px;' title='1.0'>_||> "
 "longer<||_html:</span>_||><||_html:<span style='background-color: rgba(0.0, "
 "165.0, 0, 0.15); border-radius: 3px;' title='1.0'>_||> "
 "includes<||_html:</span>_||><||_html:<span style='background-color: "
 "rgba(0.0, 165.0, 0, 0.15); border-radius: 3px;' title='1.0'>_||> "
 "the<||_html:</span>_||><||_html:<span style='background-color: rgba(0.0, "
 "165.0, 0, 0.15); border-radius: 3px;' title='1.0'>_||> "
 "'<||_html:</span>_||><||_html:<span style='background-color: rgba(0.0, "
 "165.0, 0, 0.15); border-radius: 3px;' "
 "title='1.0'>_||>description<||_html:</span>_||><||_html:<span "
 "style='background-color: rgba(0.0, 165.0, 0, 0.15); border-radius: 3px;' "
 "title='1.0'>_||>'<||_html:</span>_||><||_html:<span style='background-color: "
 "rgba(0.0, 165.0, 0, 0.15); border-radius: 3px;' title='1.0'>_||> "
 "and<||_html:</span>_||><||_html:<span style='background-color: rgba(0.0, "
 "165.0, 0, 0.15); border-radius: 3px;' title='1.0'>_||> "
 "'<||_html:</span>_||><||_html:<span style='background-color: rgba(0.0, "
 "165.0, 0, 0.15); border-radius: 3px;' "
 "title='1.0'>_||>stock<||_html:</span>_||><||_html:<span "
 "style='background-color: rgba(0.0, 165.0, 0, 0.15); border-radius: 3px;' "
 "title='1.0'>_||>'<||_html:</span>_||><||_html:<span style='background-color: "
 "rgba(0.0, 165.0, 0, 0.15); border-radius: 3px;' title='1.0'>_||> "
 "fields<||_html:</span>_||><||_html:<span style='background-color: rgba(0.0, "
 "165.0, 0, 0.15); border-radius: 3px;' "
 'title=\'1.0\'>_||>."<||_html:</span>_||><||_html:<span '
 "style='background-color: rgba(0.0, 165.0, 0, 0.15); border-radius: 3px;' "
 "title='1.0'>_||>\n"
 "<||_html:</span>_||><||_html:<span style='background-color: rgba(0.0, 165.0, "
 "0, 0.15); border-radius: 3px;' title='1.0'>_||> "
 "<||_html:</span>_||><||_html:<span style='background-color: rgba(0.0, 165.0, "
 "0, 0.15); border-radius: 3px;' title='1.0'>_||> "
 "}<||_html:</span>_||><||_html:<span style='background-color: rgba(0.0, "
 "165.0, 0, 0.15); border-radius: 3px;' title='1.0'>_||>")
('Analyze the following two GraphQL schemas for changes, including both '
 'breaking and non-breaking changes.\n'
 '\n'
 '                        Provide your analysis in the following JSON format:\n'
 '                        {\n'
 '                          "changes": [\n'
 '                            {\n'
 '                              "type": "String representing the GraphQL type '
 '(e.g., Query, Mutation, Subscription)",\n'
 '                              "field": "String representing the specific '
 'field that changed",\n'
 '                              "change": "String describing the change (e.g., '
 'field renamed, new field added, field removed)",\n'
 '                              "breaking": "Boolean indicating if the change '
 'is breaking (true) or non-breaking (false)",\n'
 '                              "release_note": "String with a natural '
 'language description of the change for release notes"\n'
 '                            }\n'
 '                          ],\n'
 '                          "release_notes": {\n'
 '                              "summary": "String summarizing all changes, '
 'suitable for a mailing list or public announcement"\n'
 '                          }\n'
 '                        }\n'
 '\n'
 '                        When analyzing, consider the following types of '
 'changes:\n'
 '                        1. Removing fields or types (breaking)\n'
 '                        2. Changing field types (potentially breaking)\n'
 '                        3. Adding required fields (breaking)\n'
 '                        4. Changing the type of existing arguments '
 '(breaking)\n'
 '                        5. Adding optional fields (non-breaking)\n'
 '                        6. Adding new types (non-breaking)\n'
 '                        7. Deprecating fields (non-breaking)\n'
 '\n'
 '                        Ensure that each change is categorized correctly as '
 'breaking or non-breaking.: type Query {\n'
 '  getProduct(id: ID!): Product\n'
 '}\n'
 '\n'
 'type Product {\n'
 '  id: ID\n'
 '  name: String\n'
 '  description: String\n'
 '  price: Float\n'
 '  stock: Int\n'
 '}\n'
 ', type Query {\n'
 '  getProduct(id: ID!): Product\n'
 '}\n'
 '\n'
 'type Product {\n'
 '  id: ID\n'
 '  name: String\n'
 '  details: String\n'
 '  price: Float\n'
 '}\n'
 '\n'
 "Answer:<||_html:<span style='background-color: rgba(0.0, 165.0, 0, 0.15); "
 "border-radius: 3px;' title='1.0'>_||> {<||_html:</span>_||><||_html:<span "
 "style='background-color: rgba(0.0, 165.0, 0, 0.15); border-radius: 3px;' "
 "title='1.0'>_||>\n"
 "<||_html:</span>_||><||_html:<span style='background-color: rgba(0.0, 165.0, "
 "0, 0.15); border-radius: 3px;' title='1.0'>_||> "
 "<||_html:</span>_||><||_html:<span style='background-color: rgba(0.0, 165.0, "
 "0, 0.15); border-radius: 3px;' title='1.0'>_||> "
 '"<||_html:</span>_||><||_html:<span style=\'background-color: rgba(0.0, '
 "165.0, 0, 0.15); border-radius: 3px;' "
 "title='1.0'>_||>changes<||_html:</span>_||><||_html:<span "
 "style='background-color: rgba(0.0, 165.0, 0, 0.15); border-radius: 3px;' "
 'title=\'1.0\'>_||>":<||_html:</span>_||><||_html:<span '
 "style='background-color: rgba(0.0, 165.0, 0, 0.15); border-radius: 3px;' "
 "title='1.0'>_||> [<||_html:</span>_||><||_html:<span "
 "style='background-color: rgba(0.0, 165.0, 0, 0.15); border-radius: 3px;' "
 "title='1.0'>_||>\n"
 "<||_html:</span>_||><||_html:<span style='background-color: rgba(0.0, 165.0, "
 "0, 0.15); border-radius: 3px;' title='1.0'>_||>   "
 "<||_html:</span>_||><||_html:<span style='background-color: rgba(0.0, 165.0, "
 "0, 0.15); border-radius: 3px;' title='1.0'>_||> "
 "{<||_html:</span>_||><||_html:<span style='background-color: rgba(0.0, "
 "165.0, 0, 0.15); border-radius: 3px;' title='1.0'>_||>\n"
 "<||_html:</span>_||><||_html:<span style='background-color: rgba(0.0, 165.0, "
 "0, 0.15); border-radius: 3px;' title='1.0'>_||>     "
 "<||_html:</span>_||><||_html:<span style='background-color: rgba(0.0, 165.0, "
 "0, 0.15); border-radius: 3px;' title='1.0'>_||> "
 '"<||_html:</span>_||><||_html:<span style=\'background-color: rgba(0.0, '
 "165.0, 0, 0.15); border-radius: 3px;' "
 "title='1.0'>_||>type<||_html:</span>_||><||_html:<span "
 "style='background-color: rgba(0.0, 165.0, 0, 0.15); border-radius: 3px;' "
 'title=\'1.0\'>_||>":<||_html:</span>_||><||_html:<span '
 "style='background-color: rgba(0.0, 165.0, 0, 0.15); border-radius: 3px;' "
 'title=\'1.0\'>_||> "<||_html:</span>_||><||_html:<span '
 "style='background-color: rgba(0.0, 165.0, 0, 0.15); border-radius: 3px;' "
 "title='1.0'>_||>Query<||_html:</span>_||><||_html:<span "
 "style='background-color: rgba(0.0, 165.0, 0, 0.15); border-radius: 3px;' "
 'title=\'1.0\'>_||>",<||_html:</span>_||><||_html:<span '
 "style='background-color: rgba(0.0, 165.0, 0, 0.15); border-radius: 3px;' "
 "title='1.0'>_||>\n"
 "<||_html:</span>_||><||_html:<span style='background-color: rgba(0.0, 165.0, "
 "0, 0.15); border-radius: 3px;' title='1.0'>_||>     "
 "<||_html:</span>_||><||_html:<span style='background-color: rgba(0.0, 165.0, "
 "0, 0.15); border-radius: 3px;' title='1.0'>_||> "
 '"<||_html:</span>_||><||_html:<span style=\'background-color: rgba(0.0, '
 "165.0, 0, 0.15); border-radius: 3px;' "
 "title='1.0'>_||>field<||_html:</span>_||><||_html:<span "
 "style='background-color: rgba(0.0, 165.0, 0, 0.15); border-radius: 3px;' "
 'title=\'1.0\'>_||>":<||_html:</span>_||><||_html:<span '
 "style='background-color: rgba(0.0, 165.0, 0, 0.15); border-radius: 3px;' "
 'title=\'1.0\'>_||> "<||_html:</span>_||><||_html:<span '
 "style='background-color: rgba(0.0, 165.0, 0, 0.15); border-radius: 3px;' "
 "title='1.0'>_||>get<||_html:</span>_||><||_html:<span "
 "style='background-color: rgba(0.0, 165.0, 0, 0.15); border-radius: 3px;' "
 "title='1.0'>_||>Product<||_html:</span>_||><||_html:<span "
 "style='background-color: rgba(0.0, 165.0, 0, 0.15); border-radius: 3px;' "
 'title=\'1.0\'>_||>",<||_html:</span>_||><||_html:<span '
 "style='background-color: rgba(0.0, 165.0, 0, 0.15); border-radius: 3px;' "
 "title='1.0'>_||>\n"
 "<||_html:</span>_||><||_html:<span style='background-color: rgba(0.0, 165.0, "
 "0, 0.15); border-radius: 3px;' title='1.0'>_||>     "
 "<||_html:</span>_||><||_html:<span style='background-color: rgba(0.0, 165.0, "
 "0, 0.15); border-radius: 3px;' title='1.0'>_||> "
 '"<||_html:</span>_||><||_html:<span style=\'background-color: rgba(0.0, '
 "165.0, 0, 0.15); border-radius: 3px;' "
 "title='1.0'>_||>change<||_html:</span>_||><||_html:<span "
 "style='background-color: rgba(0.0, 165.0, 0, 0.15); border-radius: 3px;' "
 'title=\'1.0\'>_||>":<||_html:</span>_||><||_html:<span '
 "style='background-color: rgba(0.0, 165.0, 0, 0.15); border-radius: 3px;' "
 'title=\'1.0\'>_||> "<||_html:</span>_||><||_html:<span '
 "style='background-color: rgba(0.0, 165.0, 0, 0.15); border-radius: 3px;' "
 "title='1.0'>_||>field<||_html:</span>_||><||_html:<span "
 "style='background-color: rgba(0.0, 165.0, 0, 0.15); border-radius: 3px;' "
 "title='1.0'>_||> details<||_html:</span>_||><||_html:<span "
 "style='background-color: rgba(0.0, 165.0, 0, 0.15); border-radius: 3px;' "
 "title='1.0'>_||> added<||_html:</span>_||><||_html:<span "
 "style='background-color: rgba(0.0, 165.0, 0, 0.15); border-radius: 3px;' "
 'title=\'1.0\'>_||>",<||_html:</span>_||><||_html:<span '
 "style='background-color: rgba(0.0, 165.0, 0, 0.15); border-radius: 3px;' "
 "title='1.0'>_||>\n"
 "<||_html:</span>_||><||_html:<span style='background-color: rgba(0.0, 165.0, "
 "0, 0.15); border-radius: 3px;' title='1.0'>_||>     "
 "<||_html:</span>_||><||_html:<span style='background-color: rgba(0.0, 165.0, "
 "0, 0.15); border-radius: 3px;' title='1.0'>_||> "
 '"<||_html:</span>_||><||_html:<span style=\'background-color: rgba(0.0, '
 "165.0, 0, 0.15); border-radius: 3px;' "
 "title='1.0'>_||>breaking<||_html:</span>_||><||_html:<span "
 "style='background-color: rgba(0.0, 165.0, 0, 0.15); border-radius: 3px;' "
 'title=\'1.0\'>_||>":<||_html:</span>_||><||_html:<span '
 "style='background-color: rgba(0.0, 165.0, 0, 0.15); border-radius: 3px;' "
 'title=\'1.0\'>_||> "<||_html:</span>_||><||_html:<span '
 "style='background-color: rgba(0.0, 165.0, 0, 0.15); border-radius: 3px;' "
 "title='1.0'>_||>false<||_html:</span>_||><||_html:<span "
 "style='background-color: rgba(0.0, 165.0, 0, 0.15); border-radius: 3px;' "
 'title=\'1.0\'>_||>",<||_html:</span>_||><||_html:<span '
 "style='background-color: rgba(0.0, 165.0, 0, 0.15); border-radius: 3px;' "
 "title='1.0'>_||>\n"
 "<||_html:</span>_||><||_html:<span style='background-color: rgba(0.0, 165.0, "
 "0, 0.15); border-radius: 3px;' title='1.0'>_||>     "
 "<||_html:</span>_||><||_html:<span style='background-color: rgba(0.0, 165.0, "
 "0, 0.15); border-radius: 3px;' title='1.0'>_||> "
 '"<||_html:</span>_||><||_html:<span style=\'background-color: rgba(0.0, '
 "165.0, 0, 0.15); border-radius: 3px;' "
 "title='1.0'>_||>release<||_html:</span>_||><||_html:<span "
 "style='background-color: rgba(0.0, 165.0, 0, 0.15); border-radius: 3px;' "
 "title='1.0'>_||>_<||_html:</span>_||><||_html:<span style='background-color: "
 "rgba(0.0, 165.0, 0, 0.15); border-radius: 3px;' "
 "title='1.0'>_||>note<||_html:</span>_||><||_html:<span "
 "style='background-color: rgba(0.0, 165.0, 0, 0.15); border-radius: 3px;' "
 'title=\'1.0\'>_||>":<||_html:</span>_||><||_html:<span '
 "style='background-color: rgba(0.0, 165.0, 0, 0.15); border-radius: 3px;' "
 'title=\'1.0\'>_||> "<||_html:</span>_||><||_html:<span '
 "style='background-color: rgba(0.0, 165.0, 0, 0.15); border-radius: 3px;' "
 "title='1.0'>_||>The<||_html:</span>_||><||_html:<span "
 "style='background-color: rgba(0.0, 165.0, 0, 0.15); border-radius: 3px;' "
 "title='1.0'>_||> '<||_html:</span>_||><||_html:<span "
 "style='background-color: rgba(0.0, 165.0, 0, 0.15); border-radius: 3px;' "
 "title='1.0'>_||>get<||_html:</span>_||><||_html:<span "
 "style='background-color: rgba(0.0, 165.0, 0, 0.15); border-radius: 3px;' "
 "title='1.0'>_||>Product<||_html:</span>_||><||_html:<span "
 "style='background-color: rgba(0.0, 165.0, 0, 0.15); border-radius: 3px;' "
 "title='1.0'>_||>'<||_html:</span>_||><||_html:<span style='background-color: "
 "rgba(0.0, 165.0, 0, 0.15); border-radius: 3px;' title='1.0'>_||> "
 "query<||_html:</span>_||><||_html:<span style='background-color: rgba(0.0, "
 "165.0, 0, 0.15); border-radius: 3px;' title='1.0'>_||> "
 "now<||_html:</span>_||><||_html:<span style='background-color: rgba(0.0, "
 "165.0, 0, 0.15); border-radius: 3px;' title='1.0'>_||> "
 "includes<||_html:</span>_||><||_html:<span style='background-color: "
 "rgba(0.0, 165.0, 0, 0.15); border-radius: 3px;' title='1.0'>_||> "
 "a<||_html:</span>_||><||_html:<span style='background-color: rgba(0.0, "
 "165.0, 0, 0.15); border-radius: 3px;' title='1.0'>_||> "
 "new<||_html:</span>_||><||_html:<span style='background-color: rgba(0.0, "
 "165.0, 0, 0.15); border-radius: 3px;' title='1.0'>_||> "
 "field<||_html:</span>_||><||_html:<span style='background-color: rgba(0.0, "
 "165.0, 0, 0.15); border-radius: 3px;' title='1.0'>_||> "
 "'<||_html:</span>_||><||_html:<span style='background-color: rgba(0.0, "
 "165.0, 0, 0.15); border-radius: 3px;' "
 "title='1.0'>_||>details<||_html:</span>_||><||_html:<span "
 "style='background-color: rgba(0.0, 165.0, 0, 0.15); border-radius: 3px;' "
 "title='1.0'>_||>'<||_html:</span>_||><||_html:<span style='background-color: "
 "rgba(0.0, 165.0, 0, 0.15); border-radius: 3px;' title='1.0'>_||> "
 "of<||_html:</span>_||><||_html:<span style='background-color: rgba(0.0, "
 "165.0, 0, 0.15); border-radius: 3px;' title='1.0'>_||> "
 "type<||_html:</span>_||><||_html:<span style='background-color: rgba(0.0, "
 "165.0, 0, 0.15); border-radius: 3px;' title='1.0'>_||> "
 "String<||_html:</span>_||><||_html:<span style='background-color: rgba(0.0, "
 "165.0, 0, 0.15); border-radius: 3px;' "
 'title=\'1.0\'>_||>."<||_html:</span>_||><||_html:<span '
 "style='background-color: rgba(0.0, 165.0, 0, 0.15); border-radius: 3px;' "
 "title='1.0'>_||>\n"
 "<||_html:</span>_||><||_html:<span style='background-color: rgba(0.0, 165.0, "
 "0, 0.15); border-radius: 3px;' title='1.0'>_||>   "
 "<||_html:</span>_||><||_html:<span style='background-color: rgba(0.0, 165.0, "
 "0, 0.15); border-radius: 3px;' title='1.0'>_||> "
 "},<||_html:</span>_||><||_html:<span style='background-color: rgba(0.0, "
 "165.0, 0, 0.15); border-radius: 3px;' title='1.0'>_||>\n"
 "<||_html:</span>_||><||_html:<span style='background-color: rgba(0.0, 165.0, "
 "0, 0.15); border-radius: 3px;' title='1.0'>_||>   "
 "<||_html:</span>_||><||_html:<span style='background-color: rgba(0.0, 165.0, "
 "0, 0.15); border-radius: 3px;' title='1.0'>_||> "
 "{<||_html:</span>_||><||_html:<span style='background-color: rgba(0.0, "
 "165.0, 0, 0.15); border-radius: 3px;' title='1.0'>_||>\n"
 "<||_html:</span>_||><||_html:<span style='background-color: rgba(0.0, 165.0, "
 "0, 0.15); border-radius: 3px;' title='1.0'>_||>     "
 "<||_html:</span>_||><||_html:<span style='background-color: rgba(0.0, 165.0, "
 "0, 0.15); border-radius: 3px;' title='1.0'>_||> "
 '"<||_html:</span>_||><||_html:<span style=\'background-color: rgba(0.0, '
 "165.0, 0, 0.15); border-radius: 3px;' "
 "title='1.0'>_||>type<||_html:</span>_||><||_html:<span "
 "style='background-color: rgba(0.0, 165.0, 0, 0.15); border-radius: 3px;' "
 'title=\'1.0\'>_||>":<||_html:</span>_||><||_html:<span '
 "style='background-color: rgba(0.0, 165.0, 0, 0.15); border-radius: 3px;' "
 'title=\'1.0\'>_||> "<||_html:</span>_||><||_html:<span '
 "style='background-color: rgba(0.0, 165.0, 0, 0.15); border-radius: 3px;' "
 "title='1.0'>_||>Product<||_html:</span>_||><||_html:<span "
 "style='background-color: rgba(0.0, 165.0, 0, 0.15); border-radius: 3px;' "
 'title=\'1.0\'>_||>",<||_html:</span>_||><||_html:<span '
 "style='background-color: rgba(0.0, 165.0, 0, 0.15); border-radius: 3px;' "
 "title='1.0'>_||>\n"
 "<||_html:</span>_||><||_html:<span style='background-color: rgba(0.0, 165.0, "
 "0, 0.15); border-radius: 3px;' title='1.0'>_||>     "
 "<||_html:</span>_||><||_html:<span style='background-color: rgba(0.0, 165.0, "
 "0, 0.15); border-radius: 3px;' title='1.0'>_||> "
 '"<||_html:</span>_||><||_html:<span style=\'background-color: rgba(0.0, '
 "165.0, 0, 0.15); border-radius: 3px;' "
 "title='1.0'>_||>field<||_html:</span>_||><||_html:<span "
 "style='background-color: rgba(0.0, 165.0, 0, 0.15); border-radius: 3px;' "
 'title=\'1.0\'>_||>":<||_html:</span>_||><||_html:<span '
 "style='background-color: rgba(0.0, 165.0, 0, 0.15); border-radius: 3px;' "
 'title=\'1.0\'>_||> "<||_html:</span>_||><||_html:<span '
 "style='background-color: rgba(0.0, 165.0, 0, 0.15); border-radius: 3px;' "
 "title='1.0'>_||>description<||_html:</span>_||><||_html:<span "
 "style='background-color: rgba(0.0, 165.0, 0, 0.15); border-radius: 3px;' "
 'title=\'1.0\'>_||>",<||_html:</span>_||><||_html:<span '
 "style='background-color: rgba(0.0, 165.0, 0, 0.15); border-radius: 3px;' "
 "title='1.0'>_||>\n"
 "<||_html:</span>_||><||_html:<span style='background-color: rgba(0.0, 165.0, "
 "0, 0.15); border-radius: 3px;' title='1.0'>_||>     "
 "<||_html:</span>_||><||_html:<span style='background-color: rgba(0.0, 165.0, "
 "0, 0.15); border-radius: 3px;' title='1.0'>_||> "
 '"<||_html:</span>_||><||_html:<span style=\'background-color: rgba(0.0, '
 "165.0, 0, 0.15); border-radius: 3px;' "
 "title='1.0'>_||>change<||_html:</span>_||><||_html:<span "
 "style='background-color: rgba(0.0, 165.0, 0, 0.15); border-radius: 3px;' "
 'title=\'1.0\'>_||>":<||_html:</span>_||><||_html:<span '
 "style='background-color: rgba(0.0, 165.0, 0, 0.15); border-radius: 3px;' "
 'title=\'1.0\'>_||> "<||_html:</span>_||><||_html:<span '
 "style='background-color: rgba(0.0, 165.0, 0, 0.15); border-radius: 3px;' "
 "title='1.0'>_||>field<||_html:</span>_||><||_html:<span "
 "style='background-color: rgba(0.0, 165.0, 0, 0.15); border-radius: 3px;' "
 "title='1.0'>_||> removed<||_html:</span>_||><||_html:<span "
 "style='background-color: rgba(0.0, 165.0, 0, 0.15); border-radius: 3px;' "
 'title=\'1.0\'>_||>",<||_html:</span>_||><||_html:<span '
 "style='background-color: rgba(0.0, 165.0, 0, 0.15); border-radius: 3px;' "
 "title='1.0'>_||>\n"
 "<||_html:</span>_||><||_html:<span style='background-color: rgba(0.0, 165.0, "
 "0, 0.15); border-radius: 3px;' title='1.0'>_||>     "
 "<||_html:</span>_||><||_html:<span style='background-color: rgba(0.0, 165.0, "
 "0, 0.15); border-radius: 3px;' title='1.0'>_||> "
 '"<||_html:</span>_||><||_html:<span style=\'background-color: rgba(0.0, '
 "165.0, 0, 0.15); border-radius: 3px;' "
 "title='1.0'>_||>breaking<||_html:</span>_||><||_html:<span "
 "style='background-color: rgba(0.0, 165.0, 0, 0.15); border-radius: 3px;' "
 'title=\'1.0\'>_||>":<||_html:</span>_||><||_html:<span '
 "style='background-color: rgba(0.0, 165.0, 0, 0.15); border-radius: 3px;' "
 'title=\'1.0\'>_||> "<||_html:</span>_||><||_html:<span '
 "style='background-color: rgba(0.0, 165.0, 0, 0.15); border-radius: 3px;' "
 "title='1.0'>_||>true<||_html:</span>_||><||_html:<span "
 "style='background-color: rgba(0.0, 165.0, 0, 0.15); border-radius: 3px;' "
 'title=\'1.0\'>_||>",<||_html:</span>_||><||_html:<span '
 "style='background-color: rgba(0.0, 165.0, 0, 0.15); border-radius: 3px;' "
 "title='1.0'>_||>\n"
 "<||_html:</span>_||><||_html:<span style='background-color: rgba(0.0, 165.0, "
 "0, 0.15); border-radius: 3px;' title='1.0'>_||>     "
 "<||_html:</span>_||><||_html:<span style='background-color: rgba(0.0, 165.0, "
 "0, 0.15); border-radius: 3px;' title='1.0'>_||> "
 '"<||_html:</span>_||><||_html:<span style=\'background-color: rgba(0.0, '
 "165.0, 0, 0.15); border-radius: 3px;' "
 "title='1.0'>_||>release<||_html:</span>_||><||_html:<span "
 "style='background-color: rgba(0.0, 165.0, 0, 0.15); border-radius: 3px;' "
 "title='1.0'>_||>_<||_html:</span>_||><||_html:<span style='background-color: "
 "rgba(0.0, 165.0, 0, 0.15); border-radius: 3px;' "
 "title='1.0'>_||>note<||_html:</span>_||><||_html:<span "
 "style='background-color: rgba(0.0, 165.0, 0, 0.15); border-radius: 3px;' "
 'title=\'1.0\'>_||>":<||_html:</span>_||><||_html:<span '
 "style='background-color: rgba(0.0, 165.0, 0, 0.15); border-radius: 3px;' "
 'title=\'1.0\'>_||> "<||_html:</span>_||><||_html:<span '
 "style='background-color: rgba(0.0, 165.0, 0, 0.15); border-radius: 3px;' "
 "title='1.0'>_||>The<||_html:</span>_||><||_html:<span "
 "style='background-color: rgba(0.0, 165.0, 0, 0.15); border-radius: 3px;' "
 "title='1.0'>_||> '<||_html:</span>_||><||_html:<span "
 "style='background-color: rgba(0.0, 165.0, 0, 0.15); border-radius: 3px;' "
 "title='1.0'>_||>Product<||_html:</span>_||><||_html:<span "
 "style='background-color: rgba(0.0, 165.0, 0, 0.15); border-radius: 3px;' "
 "title='1.0'>_||>'<||_html:</span>_||><||_html:<span style='background-color: "
 "rgba(0.0, 165.0, 0, 0.15); border-radius: 3px;' title='1.0'>_||> "
 "type<||_html:</span>_||><||_html:<span style='background-color: rgba(0.0, "
 "165.0, 0, 0.15); border-radius: 3px;' title='1.0'>_||> "
 "no<||_html:</span>_||><||_html:<span style='background-color: rgba(0.0, "
 "165.0, 0, 0.15); border-radius: 3px;' title='1.0'>_||> "
 "longer<||_html:</span>_||><||_html:<span style='background-color: rgba(0.0, "
 "165.0, 0, 0.15); border-radius: 3px;' title='1.0'>_||> "
 "includes<||_html:</span>_||><||_html:<span style='background-color: "
 "rgba(0.0, 165.0, 0, 0.15); border-radius: 3px;' title='1.0'>_||> "
 "the<||_html:</span>_||><||_html:<span style='background-color: rgba(0.0, "
 "165.0, 0, 0.15); border-radius: 3px;' title='1.0'>_||> "
 "'<||_html:</span>_||><||_html:<span style='background-color: rgba(0.0, "
 "165.0, 0, 0.15); border-radius: 3px;' "
 "title='1.0'>_||>description<||_html:</span>_||><||_html:<span "
 "style='background-color: rgba(0.0, 165.0, 0, 0.15); border-radius: 3px;' "
 "title='1.0'>_||>'<||_html:</span>_||><||_html:<span style='background-color: "
 "rgba(0.0, 165.0, 0, 0.15); border-radius: 3px;' title='1.0'>_||> "
 "field<||_html:</span>_||><||_html:<span style='background-color: rgba(0.0, "
 "165.0, 0, 0.15); border-radius: 3px;' "
 'title=\'1.0\'>_||>."<||_html:</span>_||><||_html:<span '
 "style='background-color: rgba(0.0, 165.0, 0, 0.15); border-radius: 3px;' "
 "title='1.0'>_||>\n"
 "<||_html:</span>_||><||_html:<span style='background-color: rgba(0.0, 165.0, "
 "0, 0.15); border-radius: 3px;' title='1.0'>_||>   "
 "<||_html:</span>_||><||_html:<span style='background-color: rgba(0.0, 165.0, "
 "0, 0.15); border-radius: 3px;' title='1.0'>_||> "
 "},<||_html:</span>_||><||_html:<span style='background-color: rgba(0.0, "
 "165.0, 0, 0.15); border-radius: 3px;' title='1.0'>_||>\n"
 "<||_html:</span>_||><||_html:<span style='background-color: rgba(0.0, 165.0, "
 "0, 0.15); border-radius: 3px;' title='1.0'>_||>   "
 "<||_html:</span>_||><||_html:<span style='background-color: rgba(0.0, 165.0, "
 "0, 0.15); border-radius: 3px;' title='1.0'>_||> "
 "{<||_html:</span>_||><||_html:<span style='background-color: rgba(0.0, "
 "165.0, 0, 0.15); border-radius: 3px;' title='1.0'>_||>\n"
 "<||_html:</span>_||><||_html:<span style='background-color: rgba(0.0, 165.0, "
 "0, 0.15); border-radius: 3px;' title='1.0'>_||>     "
 "<||_html:</span>_||><||_html:<span style='background-color: rgba(0.0, 165.0, "
 "0, 0.15); border-radius: 3px;' title='1.0'>_||> "
 '"<||_html:</span>_||><||_html:<span style=\'background-color: rgba(0.0, '
 "165.0, 0, 0.15); border-radius: 3px;' "
 "title='1.0'>_||>type<||_html:</span>_||><||_html:<span "
 "style='background-color: rgba(0.0, 165.0, 0, 0.15); border-radius: 3px;' "
 'title=\'1.0\'>_||>":<||_html:</span>_||><||_html:<span '
 "style='background-color: rgba(0.0, 165.0, 0, 0.15); border-radius: 3px;' "
 'title=\'1.0\'>_||> "<||_html:</span>_||><||_html:<span '
 "style='background-color: rgba(0.0, 165.0, 0, 0.15); border-radius: 3px;' "
 "title='1.0'>_||>Product<||_html:</span>_||><||_html:<span "
 "style='background-color: rgba(0.0, 165.0, 0, 0.15); border-radius: 3px;' "
 'title=\'1.0\'>_||>",<||_html:</span>_||><||_html:<span '
 "style='background-color: rgba(0.0, 165.0, 0, 0.15); border-radius: 3px;' "
 "title='1.0'>_||>\n"
 "<||_html:</span>_||><||_html:<span style='background-color: rgba(0.0, 165.0, "
 "0, 0.15); border-radius: 3px;' title='1.0'>_||>     "
 "<||_html:</span>_||><||_html:<span style='background-color: rgba(0.0, 165.0, "
 "0, 0.15); border-radius: 3px;' title='1.0'>_||> "
 '"<||_html:</span>_||><||_html:<span style=\'background-color: rgba(0.0, '
 "165.0, 0, 0.15); border-radius: 3px;' "
 "title='1.0'>_||>field<||_html:</span>_||><||_html:<span "
 "style='background-color: rgba(0.0, 165.0, 0, 0.15); border-radius: 3px;' "
 'title=\'1.0\'>_||>":<||_html:</span>_||><||_html:<span '
 "style='background-color: rgba(0.0, 165.0, 0, 0.15); border-radius: 3px;' "
 'title=\'1.0\'>_||> "<||_html:</span>_||><||_html:<span '
 "style='background-color: rgba(0.0, 165.0, 0, 0.15); border-radius: 3px;' "
 "title='1.0'>_||>stock<||_html:</span>_||><||_html:<span "
 "style='background-color: rgba(0.0, 165.0, 0, 0.15); border-radius: 3px;' "
 'title=\'1.0\'>_||>",<||_html:</span>_||><||_html:<span '
 "style='background-color: rgba(0.0, 165.0, 0, 0.15); border-radius: 3px;' "
 "title='1.0'>_||>\n"
 "<||_html:</span>_||><||_html:<span style='background-color: rgba(0.0, 165.0, "
 "0, 0.15); border-radius: 3px;' title='1.0'>_||>     "
 "<||_html:</span>_||><||_html:<span style='background-color: rgba(0.0, 165.0, "
 "0, 0.15); border-radius: 3px;' title='1.0'>_||> "
 '"<||_html:</span>_||><||_html:<span style=\'background-color: rgba(0.0, '
 "165.0, 0, 0.15); border-radius: 3px;' "
 "title='1.0'>_||>change<||_html:</span>_||><||_html:<span "
 "style='background-color: rgba(0.0, 165.0, 0, 0.15); border-radius: 3px;' "
 'title=\'1.0\'>_||>":<||_html:</span>_||><||_html:<span '
 "style='background-color: rgba(0.0, 165.0, 0, 0.15); border-radius: 3px;' "
 'title=\'1.0\'>_||> "<||_html:</span>_||><||_html:<span '
 "style='background-color: rgba(0.0, 165.0, 0, 0.15); border-radius: 3px;' "
 "title='1.0'>_||>field<||_html:</span>_||><||_html:<span "
 "style='background-color: rgba(0.0, 165.0, 0, 0.15); border-radius: 3px;' "
 "title='1.0'>_||> removed<||_html:</span>_||><||_html:<span "
 "style='background-color: rgba(0.0, 165.0, 0, 0.15); border-radius: 3px;' "
 'title=\'1.0\'>_||>",<||_html:</span>_||><||_html:<span '
 "style='background-color: rgba(0.0, 165.0, 0, 0.15); border-radius: 3px;' "
 "title='1.0'>_||>\n"
 "<||_html:</span>_||><||_html:<span style='background-color: rgba(0.0, 165.0, "
 "0, 0.15); border-radius: 3px;' title='1.0'>_||>     "
 "<||_html:</span>_||><||_html:<span style='background-color: rgba(0.0, 165.0, "
 "0, 0.15); border-radius: 3px;' title='1.0'>_||> "
 '"<||_html:</span>_||><||_html:<span style=\'background-color: rgba(0.0, '
 "165.0, 0, 0.15); border-radius: 3px;' "
 "title='1.0'>_||>breaking<||_html:</span>_||><||_html:<span "
 "style='background-color: rgba(0.0, 165.0, 0, 0.15); border-radius: 3px;' "
 'title=\'1.0\'>_||>":<||_html:</span>_||><||_html:<span '
 "style='background-color: rgba(0.0, 165.0, 0, 0.15); border-radius: 3px;' "
 'title=\'1.0\'>_||> "<||_html:</span>_||><||_html:<span '
 "style='background-color: rgba(0.0, 165.0, 0, 0.15); border-radius: 3px;' "
 "title='1.0'>_||>true<||_html:</span>_||><||_html:<span "
 "style='background-color: rgba(0.0, 165.0, 0, 0.15); border-radius: 3px;' "
 'title=\'1.0\'>_||>",<||_html:</span>_||><||_html:<span '
 "style='background-color: rgba(0.0, 165.0, 0, 0.15); border-radius: 3px;' "
 "title='1.0'>_||>\n"
 "<||_html:</span>_||><||_html:<span style='background-color: rgba(0.0, 165.0, "
 "0, 0.15); border-radius: 3px;' title='1.0'>_||>     "
 "<||_html:</span>_||><||_html:<span style='background-color: rgba(0.0, 165.0, "
 "0, 0.15); border-radius: 3px;' title='1.0'>_||> "
 '"<||_html:</span>_||><||_html:<span style=\'background-color: rgba(0.0, '
 "165.0, 0, 0.15); border-radius: 3px;' "
 "title='1.0'>_||>release<||_html:</span>_||><||_html:<span "
 "style='background-color: rgba(0.0, 165.0, 0, 0.15); border-radius: 3px;' "
 "title='1.0'>_||>_<||_html:</span>_||><||_html:<span style='background-color: "
 "rgba(0.0, 165.0, 0, 0.15); border-radius: 3px;' "
 "title='1.0'>_||>note<||_html:</span>_||><||_html:<span "
 "style='background-color: rgba(0.0, 165.0, 0, 0.15); border-radius: 3px;' "
 'title=\'1.0\'>_||>":<||_html:</span>_||><||_html:<span '
 "style='background-color: rgba(0.0, 165.0, 0, 0.15); border-radius: 3px;' "
 'title=\'1.0\'>_||> "<||_html:</span>_||><||_html:<span '
 "style='background-color: rgba(0.0, 165.0, 0, 0.15); border-radius: 3px;' "
 "title='1.0'>_||>The<||_html:</span>_||><||_html:<span "
 "style='background-color: rgba(0.0, 165.0, 0, 0.15); border-radius: 3px;' "
 "title='1.0'>_||> '<||_html:</span>_||><||_html:<span "
 "style='background-color: rgba(0.0, 165.0, 0, 0.15); border-radius: 3px;' "
 "title='1.0'>_||>Product<||_html:</span>_||><||_html:<span "
 "style='background-color: rgba(0.0, 165.0, 0, 0.15); border-radius: 3px;' "
 "title='1.0'>_||>'<||_html:</span>_||><||_html:<span style='background-color: "
 "rgba(0.0, 165.0, 0, 0.15); border-radius: 3px;' title='1.0'>_||> "
 "type<||_html:</span>_||><||_html:<span style='background-color: rgba(0.0, "
 "165.0, 0, 0.15); border-radius: 3px;' title='1.0'>_||> "
 "no<||_html:</span>_||><||_html:<span style='background-color: rgba(0.0, "
 "165.0, 0, 0.15); border-radius: 3px;' title='1.0'>_||> "
 "longer<||_html:</span>_||><||_html:<span style='background-color: rgba(0.0, "
 "165.0, 0, 0.15); border-radius: 3px;' title='1.0'>_||> "
 "includes<||_html:</span>_||><||_html:<span style='background-color: "
 "rgba(0.0, 165.0, 0, 0.15); border-radius: 3px;' title='1.0'>_||> "
 "the<||_html:</span>_||><||_html:<span style='background-color: rgba(0.0, "
 "165.0, 0, 0.15); border-radius: 3px;' title='1.0'>_||> "
 "'<||_html:</span>_||><||_html:<span style='background-color: rgba(0.0, "
 "165.0, 0, 0.15); border-radius: 3px;' "
 "title='1.0'>_||>stock<||_html:</span>_||><||_html:<span "
 "style='background-color: rgba(0.0, 165.0, 0, 0.15); border-radius: 3px;' "
 "title='1.0'>_||>'<||_html:</span>_||><||_html:<span style='background-color: "
 "rgba(0.0, 165.0, 0, 0.15); border-radius: 3px;' title='1.0'>_||> "
 "field<||_html:</span>_||><||_html:<span style='background-color: rgba(0.0, "
 "165.0, 0, 0.15); border-radius: 3px;' "
 'title=\'1.0\'>_||>."<||_html:</span>_||><||_html:<span '
 "style='background-color: rgba(0.0, 165.0, 0, 0.15); border-radius: 3px;' "
 "title='1.0'>_||>\n"
 "<||_html:</span>_||><||_html:<span style='background-color: rgba(0.0, 165.0, "
 "0, 0.15); border-radius: 3px;' title='1.0'>_||>   "
 "<||_html:</span>_||><||_html:<span style='background-color: rgba(0.0, 165.0, "
 "0, 0.15); border-radius: 3px;' title='1.0'>_||> "
 "}<||_html:</span>_||><||_html:<span style='background-color: rgba(0.0, "
 "165.0, 0, 0.15); border-radius: 3px;' title='1.0'>_||>\n"
 "<||_html:</span>_||><||_html:<span style='background-color: rgba(0.0, 165.0, "
 "0, 0.15); border-radius: 3px;' title='1.0'>_||> "
 "<||_html:</span>_||><||_html:<span style='background-color: rgba(0.0, 165.0, "
 "0, 0.15); border-radius: 3px;' title='1.0'>_||> "
 "],<||_html:</span>_||><||_html:<span style='background-color: rgba(0.0, "
 "165.0, 0, 0.15); border-radius: 3px;' title='1.0'>_||>\n"
 "<||_html:</span>_||><||_html:<span style='background-color: rgba(0.0, 165.0, "
 "0, 0.15); border-radius: 3px;' title='1.0'>_||> "
 "<||_html:</span>_||><||_html:<span style='background-color: rgba(0.0, 165.0, "
 "0, 0.15); border-radius: 3px;' title='1.0'>_||> "
 '"<||_html:</span>_||><||_html:<span style=\'background-color: rgba(0.0, '
 "165.0, 0, 0.15); border-radius: 3px;' "
 "title='1.0'>_||>release<||_html:</span>_||><||_html:<span "
 "style='background-color: rgba(0.0, 165.0, 0, 0.15); border-radius: 3px;' "
 "title='1.0'>_||>_<||_html:</span>_||><||_html:<span style='background-color: "
 "rgba(0.0, 165.0, 0, 0.15); border-radius: 3px;' "
 "title='1.0'>_||>notes<||_html:</span>_||><||_html:<span "
 "style='background-color: rgba(0.0, 165.0, 0, 0.15); border-radius: 3px;' "
 'title=\'1.0\'>_||>":<||_html:</span>_||><||_html:<span '
 "style='background-color: rgba(0.0, 165.0, 0, 0.15); border-radius: 3px;' "
 "title='1.0'>_||> {<||_html:</span>_||><||_html:<span "
 "style='background-color: rgba(0.0, 165.0, 0, 0.15); border-radius: 3px;' "
 "title='1.0'>_||>\n"
 "<||_html:</span>_||><||_html:<span style='background-color: rgba(0.0, 165.0, "
 "0, 0.15); border-radius: 3px;' title='1.0'>_||>   "
 "<||_html:</span>_||><||_html:<span style='background-color: rgba(0.0, 165.0, "
 "0, 0.15); border-radius: 3px;' title='1.0'>_||> "
 '"<||_html:</span>_||><||_html:<span style=\'background-color: rgba(0.0, '
 "165.0, 0, 0.15); border-radius: 3px;' "
 "title='1.0'>_||>summary<||_html:</span>_||><||_html:<span "
 "style='background-color: rgba(0.0, 165.0, 0, 0.15); border-radius: 3px;' "
 'title=\'1.0\'>_||>":<||_html:</span>_||><||_html:<span '
 "style='background-color: rgba(0.0, 165.0, 0, 0.15); border-radius: 3px;' "
 'title=\'1.0\'>_||> "<||_html:</span>_||><||_html:<span '
 "style='background-color: rgba(0.0, 165.0, 0, 0.15); border-radius: 3px;' "
 "title='1.0'>_||>The<||_html:</span>_||><||_html:<span "
 "style='background-color: rgba(0.0, 165.0, 0, 0.15); border-radius: 3px;' "
 "title='1.0'>_||> '<||_html:</span>_||><||_html:<span "
 "style='background-color: rgba(0.0, 165.0, 0, 0.15); border-radius: 3px;' "
 "title='1.0'>_||>get<||_html:</span>_||><||_html:<span "
 "style='background-color: rgba(0.0, 165.0, 0, 0.15); border-radius: 3px;' "
 "title='1.0'>_||>Product<||_html:</span>_||><||_html:<span "
 "style='background-color: rgba(0.0, 165.0, 0, 0.15); border-radius: 3px;' "
 "title='1.0'>_||>'<||_html:</span>_||><||_html:<span style='background-color: "
 "rgba(0.0, 165.0, 0, 0.15); border-radius: 3px;' title='1.0'>_||> "
 "query<||_html:</span>_||><||_html:<span style='background-color: rgba(0.0, "
 "165.0, 0, 0.15); border-radius: 3px;' title='1.0'>_||> "
 "now<||_html:</span>_||><||_html:<span style='background-color: rgba(0.0, "
 "165.0, 0, 0.15); border-radius: 3px;' title='1.0'>_||> "
 "includes<||_html:</span>_||><||_html:<span style='background-color: "
 "rgba(0.0, 165.0, 0, 0.15); border-radius: 3px;' title='1.0'>_||> "
 "a<||_html:</span>_||><||_html:<span style='background-color: rgba(0.0, "
 "165.0, 0, 0.15); border-radius: 3px;' title='1.0'>_||> "
 "new<||_html:</span>_||><||_html:<span style='background-color: rgba(0.0, "
 "165.0, 0, 0.15); border-radius: 3px;' title='1.0'>_||> "
 "field<||_html:</span>_||><||_html:<span style='background-color: rgba(0.0, "
 "165.0, 0, 0.15); border-radius: 3px;' title='1.0'>_||> "
 "'<||_html:</span>_||><||_html:<span style='background-color: rgba(0.0, "
 "165.0, 0, 0.15); border-radius: 3px;' "
 "title='1.0'>_||>details<||_html:</span>_||><||_html:<span "
 "style='background-color: rgba(0.0, 165.0, 0, 0.15); border-radius: 3px;' "
 "title='1.0'>_||>'<||_html:</span>_||><||_html:<span style='background-color: "
 "rgba(0.0, 165.0, 0, 0.15); border-radius: 3px;' title='1.0'>_||> "
 "of<||_html:</span>_||><||_html:<span style='background-color: rgba(0.0, "
 "165.0, 0, 0.15); border-radius: 3px;' title='1.0'>_||> "
 "type<||_html:</span>_||><||_html:<span style='background-color: rgba(0.0, "
 "165.0, 0, 0.15); border-radius: 3px;' title='1.0'>_||> "
 "String<||_html:</span>_||><||_html:<span style='background-color: rgba(0.0, "
 "165.0, 0, 0.15); border-radius: 3px;' "
 "title='1.0'>_||>.<||_html:</span>_||><||_html:<span style='background-color: "
 "rgba(0.0, 165.0, 0, 0.15); border-radius: 3px;' title='1.0'>_||> "
 "The<||_html:</span>_||><||_html:<span style='background-color: rgba(0.0, "
 "165.0, 0, 0.15); border-radius: 3px;' title='1.0'>_||> "
 "'<||_html:</span>_||><||_html:<span style='background-color: rgba(0.0, "
 "165.0, 0, 0.15); border-radius: 3px;' "
 "title='1.0'>_||>Product<||_html:</span>_||><||_html:<span "
 "style='background-color: rgba(0.0, 165.0, 0, 0.15); border-radius: 3px;' "
 "title='1.0'>_||>'<||_html:</span>_||><||_html:<span style='background-color: "
 "rgba(0.0, 165.0, 0, 0.15); border-radius: 3px;' title='1.0'>_||> "
 "type<||_html:</span>_||><||_html:<span style='background-color: rgba(0.0, "
 "165.0, 0, 0.15); border-radius: 3px;' title='1.0'>_||> "
 "no<||_html:</span>_||><||_html:<span style='background-color: rgba(0.0, "
 "165.0, 0, 0.15); border-radius: 3px;' title='1.0'>_||> "
 "longer<||_html:</span>_||><||_html:<span style='background-color: rgba(0.0, "
 "165.0, 0, 0.15); border-radius: 3px;' title='1.0'>_||> "
 "includes<||_html:</span>_||><||_html:<span style='background-color: "
 "rgba(0.0, 165.0, 0, 0.15); border-radius: 3px;' title='1.0'>_||> "
 "the<||_html:</span>_||><||_html:<span style='background-color: rgba(0.0, "
 "165.0, 0, 0.15); border-radius: 3px;' title='1.0'>_||> "
 "'<||_html:</span>_||><||_html:<span style='background-color: rgba(0.0, "
 "165.0, 0, 0.15); border-radius: 3px;' "
 "title='1.0'>_||>description<||_html:</span>_||><||_html:<span "
 "style='background-color: rgba(0.0, 165.0, 0, 0.15); border-radius: 3px;' "
 "title='1.0'>_||>'<||_html:</span>_||><||_html:<span style='background-color: "
 "rgba(0.0, 165.0, 0, 0.15); border-radius: 3px;' title='1.0'>_||> "
 "and<||_html:</span>_||><||_html:<span style='background-color: rgba(0.0, "
 "165.0, 0, 0.15); border-radius: 3px;' title='1.0'>_||> "
 "'<||_html:</span>_||><||_html:<span style='background-color: rgba(0.0, "
 "165.0, 0, 0.15); border-radius: 3px;' "
 "title='1.0'>_||>stock<||_html:</span>_||><||_html:<span "
 "style='background-color: rgba(0.0, 165.0, 0, 0.15); border-radius: 3px;' "
 "title='1.0'>_||>'<||_html:</span>_||><||_html:<span style='background-color: "
 "rgba(0.0, 165.0, 0, 0.15); border-radius: 3px;' title='1.0'>_||> "
 "fields<||_html:</span>_||><||_html:<span style='background-color: rgba(0.0, "
 "165.0, 0, 0.15); border-radius: 3px;' "
 'title=\'1.0\'>_||>."<||_html:</span>_||><||_html:<span '
 "style='background-color: rgba(0.0, 165.0, 0, 0.15); border-radius: 3px;' "
 "title='1.0'>_||>\n"
 "<||_html:</span>_||><||_html:<span style='background-color: rgba(0.0, 165.0, "
 "0, 0.15); border-radius: 3px;' title='1.0'>_||> "
 "<||_html:</span>_||><||_html:<span style='background-color: rgba(0.0, 165.0, "
 "0, 0.15); border-radius: 3px;' title='1.0'>_||> "
 "}<||_html:</span>_||><||_html:<span style='background-color: rgba(0.0, "
 "165.0, 0, 0.15); border-radius: 3px;' title='1.0'>_||>\n"
 "<||_html:</span>_||><||_html:<span style='background-color: rgba(0.0, 165.0, "
 "0, 0.15); border-radius: 3px;' title='1.0'>_||>}<||_html:</span>_||>")
('Analyze the following two GraphQL schemas for changes, including both '
 'breaking and non-breaking changes.\n'
 '\n'
 '                        Provide your analysis in the following JSON format:\n'
 '                        {\n'
 '                          "changes": [\n'
 '                            {\n'
 '                              "type": "String representing the GraphQL type '
 '(e.g., Query, Mutation, Subscription)",\n'
 '                              "field": "String representing the specific '
 'field that changed",\n'
 '                              "change": "String describing the change (e.g., '
 'field renamed, new field added, field removed)",\n'
 '                              "breaking": "Boolean indicating if the change '
 'is breaking (true) or non-breaking (false)",\n'
 '                              "release_note": "String with a natural '
 'language description of the change for release notes"\n'
 '                            }\n'
 '                          ],\n'
 '                          "release_notes": {\n'
 '                              "summary": "String summarizing all changes, '
 'suitable for a mailing list or public announcement"\n'
 '                          }\n'
 '                        }\n'
 '\n'
 '                        When analyzing, consider the following types of '
 'changes:\n'
 '                        1. Removing fields or types (breaking)\n'
 '                        2. Changing field types (potentially breaking)\n'
 '                        3. Adding required fields (breaking)\n'
 '                        4. Changing the type of existing arguments '
 '(breaking)\n'
 '                        5. Adding optional fields (non-breaking)\n'
 '                        6. Adding new types (non-breaking)\n'
 '                        7. Deprecating fields (non-breaking)\n'
 '\n'
 '                        Ensure that each change is categorized correctly as '
 'breaking or non-breaking.: type Query {\n'
 '  getProduct(id: ID!): Product\n'
 '}\n'
 '\n'
 'type Product {\n'
 '  id: ID\n'
 '  name: String\n'
 '  description: String\n'
 '  price: Float\n'
 '  stock: Int\n'
 '}\n'
 ', type Query {\n'
 '  getProduct(id: ID!): Product\n'
 '}\n'
 '\n'
 'type Product {\n'
 '  id: ID\n'
 '  name: String\n'
 '  details: String\n'
 '  price: Float\n'
 '}\n'
 '\n'
 "Answer:<||_html:<span style='background-color: rgba(0.0, 165.0, 0, 0.15); "
 "border-radius: 3px;' title='1.0'>_||> {<||_html:</span>_||><||_html:<span "
 "style='background-color: rgba(0.0, 165.0, 0, 0.15); border-radius: 3px;' "
 "title='1.0'>_||>\n"
 "<||_html:</span>_||><||_html:<span style='background-color: rgba(0.0, 165.0, "
 "0, 0.15); border-radius: 3px;' title='1.0'>_||> "
 "<||_html:</span>_||><||_html:<span style='background-color: rgba(0.0, 165.0, "
 "0, 0.15); border-radius: 3px;' title='1.0'>_||> "
 '"<||_html:</span>_||><||_html:<span style=\'background-color: rgba(0.0, '
 "165.0, 0, 0.15); border-radius: 3px;' "
 "title='1.0'>_||>changes<||_html:</span>_||><||_html:<span "
 "style='background-color: rgba(0.0, 165.0, 0, 0.15); border-radius: 3px;' "
 'title=\'1.0\'>_||>":<||_html:</span>_||><||_html:<span '
 "style='background-color: rgba(0.0, 165.0, 0, 0.15); border-radius: 3px;' "
 "title='1.0'>_||> [<||_html:</span>_||><||_html:<span "
 "style='background-color: rgba(0.0, 165.0, 0, 0.15); border-radius: 3px;' "
 "title='1.0'>_||>\n"
 "<||_html:</span>_||><||_html:<span style='background-color: rgba(0.0, 165.0, "
 "0, 0.15); border-radius: 3px;' title='1.0'>_||>   "
 "<||_html:</span>_||><||_html:<span style='background-color: rgba(0.0, 165.0, "
 "0, 0.15); border-radius: 3px;' title='1.0'>_||> "
 "{<||_html:</span>_||><||_html:<span style='background-color: rgba(0.0, "
 "165.0, 0, 0.15); border-radius: 3px;' title='1.0'>_||>\n"
 "<||_html:</span>_||><||_html:<span style='background-color: rgba(0.0, 165.0, "
 "0, 0.15); border-radius: 3px;' title='1.0'>_||>     "
 "<||_html:</span>_||><||_html:<span style='background-color: rgba(0.0, 165.0, "
 "0, 0.15); border-radius: 3px;' title='1.0'>_||> "
 '"<||_html:</span>_||><||_html:<span style=\'background-color: rgba(0.0, '
 "165.0, 0, 0.15); border-radius: 3px;' "
 "title='1.0'>_||>type<||_html:</span>_||><||_html:<span "
 "style='background-color: rgba(0.0, 165.0, 0, 0.15); border-radius: 3px;' "
 'title=\'1.0\'>_||>":<||_html:</span>_||><||_html:<span '
 "style='background-color: rgba(0.0, 165.0, 0, 0.15); border-radius: 3px;' "
 'title=\'1.0\'>_||> "<||_html:</span>_||><||_html:<span '
 "style='background-color: rgba(0.0, 165.0, 0, 0.15); border-radius: 3px;' "
 "title='1.0'>_||>Query<||_html:</span>_||><||_html:<span "
 "style='background-color: rgba(0.0, 165.0, 0, 0.15); border-radius: 3px;' "
 'title=\'1.0\'>_||>",<||_html:</span>_||><||_html:<span '
 "style='background-color: rgba(0.0, 165.0, 0, 0.15); border-radius: 3px;' "
 "title='1.0'>_||>\n"
 "<||_html:</span>_||><||_html:<span style='background-color: rgba(0.0, 165.0, "
 "0, 0.15); border-radius: 3px;' title='1.0'>_||>     "
 "<||_html:</span>_||><||_html:<span style='background-color: rgba(0.0, 165.0, "
 "0, 0.15); border-radius: 3px;' title='1.0'>_||> "
 '"<||_html:</span>_||><||_html:<span style=\'background-color: rgba(0.0, '
 "165.0, 0, 0.15); border-radius: 3px;' "
 "title='1.0'>_||>field<||_html:</span>_||><||_html:<span "
 "style='background-color: rgba(0.0, 165.0, 0, 0.15); border-radius: 3px;' "
 'title=\'1.0\'>_||>":<||_html:</span>_||><||_html:<span '
 "style='background-color: rgba(0.0, 165.0, 0, 0.15); border-radius: 3px;' "
 'title=\'1.0\'>_||> "<||_html:</span>_||><||_html:<span '
 "style='background-color: rgba(0.0, 165.0, 0, 0.15); border-radius: 3px;' "
 "title='1.0'>_||>get<||_html:</span>_||><||_html:<span "
 "style='background-color: rgba(0.0, 165.0, 0, 0.15); border-radius: 3px;' "
 "title='1.0'>_||>Product<||_html:</span>_||><||_html:<span "
 "style='background-color: rgba(0.0, 165.0, 0, 0.15); border-radius: 3px;' "
 'title=\'1.0\'>_||>",<||_html:</span>_||><||_html:<span '
 "style='background-color: rgba(0.0, 165.0, 0, 0.15); border-radius: 3px;' "
 "title='1.0'>_||>\n"
 "<||_html:</span>_||><||_html:<span style='background-color: rgba(0.0, 165.0, "
 "0, 0.15); border-radius: 3px;' title='1.0'>_||>     "
 "<||_html:</span>_||><||_html:<span style='background-color: rgba(0.0, 165.0, "
 "0, 0.15); border-radius: 3px;' title='1.0'>_||> "
 '"<||_html:</span>_||><||_html:<span style=\'background-color: rgba(0.0, '
 "165.0, 0, 0.15); border-radius: 3px;' "
 "title='1.0'>_||>change<||_html:</span>_||><||_html:<span "
 "style='background-color: rgba(0.0, 165.0, 0, 0.15); border-radius: 3px;' "
 'title=\'1.0\'>_||>":<||_html:</span>_||><||_html:<span '
 "style='background-color: rgba(0.0, 165.0, 0, 0.15); border-radius: 3px;' "
 'title=\'1.0\'>_||> "<||_html:</span>_||><||_html:<span '
 "style='background-color: rgba(0.0, 165.0, 0, 0.15); border-radius: 3px;' "
 "title='1.0'>_||>field<||_html:</span>_||><||_html:<span "
 "style='background-color: rgba(0.0, 165.0, 0, 0.15); border-radius: 3px;' "
 "title='1.0'>_||> details<||_html:</span>_||><||_html:<span "
 "style='background-color: rgba(0.0, 165.0, 0, 0.15); border-radius: 3px;' "
 "title='1.0'>_||> added<||_html:</span>_||><||_html:<span "
 "style='background-color: rgba(0.0, 165.0, 0, 0.15); border-radius: 3px;' "
 'title=\'1.0\'>_||>",<||_html:</span>_||><||_html:<span '
 "style='background-color: rgba(0.0, 165.0, 0, 0.15); border-radius: 3px;' "
 "title='1.0'>_||>\n"
 "<||_html:</span>_||><||_html:<span style='background-color: rgba(0.0, 165.0, "
 "0, 0.15); border-radius: 3px;' title='1.0'>_||>     "
 "<||_html:</span>_||><||_html:<span style='background-color: rgba(0.0, 165.0, "
 "0, 0.15); border-radius: 3px;' title='1.0'>_||> "
 '"<||_html:</span>_||><||_html:<span style=\'background-color: rgba(0.0, '
 "165.0, 0, 0.15); border-radius: 3px;' "
 "title='1.0'>_||>breaking<||_html:</span>_||><||_html:<span "
 "style='background-color: rgba(0.0, 165.0, 0, 0.15); border-radius: 3px;' "
 'title=\'1.0\'>_||>":<||_html:</span>_||><||_html:<span '
 "style='background-color: rgba(0.0, 165.0, 0, 0.15); border-radius: 3px;' "
 'title=\'1.0\'>_||> "<||_html:</span>_||><||_html:<span '
 "style='background-color: rgba(0.0, 165.0, 0, 0.15); border-radius: 3px;' "
 "title='1.0'>_||>false<||_html:</span>_||><||_html:<span "
 "style='background-color: rgba(0.0, 165.0, 0, 0.15); border-radius: 3px;' "
 'title=\'1.0\'>_||>",<||_html:</span>_||><||_html:<span '
 "style='background-color: rgba(0.0, 165.0, 0, 0.15); border-radius: 3px;' "
 "title='1.0'>_||>\n"
 "<||_html:</span>_||><||_html:<span style='background-color: rgba(0.0, 165.0, "
 "0, 0.15); border-radius: 3px;' title='1.0'>_||>     "
 "<||_html:</span>_||><||_html:<span style='background-color: rgba(0.0, 165.0, "
 "0, 0.15); border-radius: 3px;' title='1.0'>_||> "
 '"<||_html:</span>_||><||_html:<span style=\'background-color: rgba(0.0, '
 "165.0, 0, 0.15); border-radius: 3px;' "
 "title='1.0'>_||>release<||_html:</span>_||><||_html:<span "
 "style='background-color: rgba(0.0, 165.0, 0, 0.15); border-radius: 3px;' "
 "title='1.0'>_||>_<||_html:</span>_||><||_html:<span style='background-color: "
 "rgba(0.0, 165.0, 0, 0.15); border-radius: 3px;' "
 "title='1.0'>_||>note<||_html:</span>_||><||_html:<span "
 "style='background-color: rgba(0.0, 165.0, 0, 0.15); border-radius: 3px;' "
 'title=\'1.0\'>_||>":<||_html:</span>_||><||_html:<span '
 "style='background-color: rgba(0.0, 165.0, 0, 0.15); border-radius: 3px;' "
 'title=\'1.0\'>_||> "<||_html:</span>_||><||_html:<span '
 "style='background-color: rgba(0.0, 165.0, 0, 0.15); border-radius: 3px;' "
 "title='1.0'>_||>The<||_html:</span>_||><||_html:<span "
 "style='background-color: rgba(0.0, 165.0, 0, 0.15); border-radius: 3px;' "
 "title='1.0'>_||> '<||_html:</span>_||><||_html:<span "
 "style='background-color: rgba(0.0, 165.0, 0, 0.15); border-radius: 3px;' "
 "title='1.0'>_||>get<||_html:</span>_||><||_html:<span "
 "style='background-color: rgba(0.0, 165.0, 0, 0.15); border-radius: 3px;' "
 "title='1.0'>_||>Product<||_html:</span>_||><||_html:<span "
 "style='background-color: rgba(0.0, 165.0, 0, 0.15); border-radius: 3px;' "
 "title='1.0'>_||>'<||_html:</span>_||><||_html:<span style='background-color: "
 "rgba(0.0, 165.0, 0, 0.15); border-radius: 3px;' title='1.0'>_||> "
 "query<||_html:</span>_||><||_html:<span style='background-color: rgba(0.0, "
 "165.0, 0, 0.15); border-radius: 3px;' title='1.0'>_||> "
 "now<||_html:</span>_||><||_html:<span style='background-color: rgba(0.0, "
 "165.0, 0, 0.15); border-radius: 3px;' title='1.0'>_||> "
 "includes<||_html:</span>_||><||_html:<span style='background-color: "
 "rgba(0.0, 165.0, 0, 0.15); border-radius: 3px;' title='1.0'>_||> "
 "a<||_html:</span>_||><||_html:<span style='background-color: rgba(0.0, "
 "165.0, 0, 0.15); border-radius: 3px;' title='1.0'>_||> "
 "new<||_html:</span>_||><||_html:<span style='background-color: rgba(0.0, "
 "165.0, 0, 0.15); border-radius: 3px;' title='1.0'>_||> "
 "field<||_html:</span>_||><||_html:<span style='background-color: rgba(0.0, "
 "165.0, 0, 0.15); border-radius: 3px;' title='1.0'>_||> "
 "'<||_html:</span>_||><||_html:<span style='background-color: rgba(0.0, "
 "165.0, 0, 0.15); border-radius: 3px;' "
 "title='1.0'>_||>details<||_html:</span>_||><||_html:<span "
 "style='background-color: rgba(0.0, 165.0, 0, 0.15); border-radius: 3px;' "
 "title='1.0'>_||>'<||_html:</span>_||><||_html:<span style='background-color: "
 "rgba(0.0, 165.0, 0, 0.15); border-radius: 3px;' title='1.0'>_||> "
 "of<||_html:</span>_||><||_html:<span style='background-color: rgba(0.0, "
 "165.0, 0, 0.15); border-radius: 3px;' title='1.0'>_||> "
 "type<||_html:</span>_||><||_html:<span style='background-color: rgba(0.0, "
 "165.0, 0, 0.15); border-radius: 3px;' title='1.0'>_||> "
 "String<||_html:</span>_||><||_html:<span style='background-color: rgba(0.0, "
 "165.0, 0, 0.15); border-radius: 3px;' "
 'title=\'1.0\'>_||>."<||_html:</span>_||><||_html:<span '
 "style='background-color: rgba(0.0, 165.0, 0, 0.15); border-radius: 3px;' "
 "title='1.0'>_||>\n"
 "<||_html:</span>_||><||_html:<span style='background-color: rgba(0.0, 165.0, "
 "0, 0.15); border-radius: 3px;' title='1.0'>_||>   "
 "<||_html:</span>_||><||_html:<span style='background-color: rgba(0.0, 165.0, "
 "0, 0.15); border-radius: 3px;' title='1.0'>_||> "
 "},<||_html:</span>_||><||_html:<span style='background-color: rgba(0.0, "
 "165.0, 0, 0.15); border-radius: 3px;' title='1.0'>_||>\n"
 "<||_html:</span>_||><||_html:<span style='background-color: rgba(0.0, 165.0, "
 "0, 0.15); border-radius: 3px;' title='1.0'>_||>   "
 "<||_html:</span>_||><||_html:<span style='background-color: rgba(0.0, 165.0, "
 "0, 0.15); border-radius: 3px;' title='1.0'>_||> "
 "{<||_html:</span>_||><||_html:<span style='background-color: rgba(0.0, "
 "165.0, 0, 0.15); border-radius: 3px;' title='1.0'>_||>\n"
 "<||_html:</span>_||><||_html:<span style='background-color: rgba(0.0, 165.0, "
 "0, 0.15); border-radius: 3px;' title='1.0'>_||>     "
 "<||_html:</span>_||><||_html:<span style='background-color: rgba(0.0, 165.0, "
 "0, 0.15); border-radius: 3px;' title='1.0'>_||> "
 '"<||_html:</span>_||><||_html:<span style=\'background-color: rgba(0.0, '
 "165.0, 0, 0.15); border-radius: 3px;' "
 "title='1.0'>_||>type<||_html:</span>_||><||_html:<span "
 "style='background-color: rgba(0.0, 165.0, 0, 0.15); border-radius: 3px;' "
 'title=\'1.0\'>_||>":<||_html:</span>_||><||_html:<span '
 "style='background-color: rgba(0.0, 165.0, 0, 0.15); border-radius: 3px;' "
 'title=\'1.0\'>_||> "<||_html:</span>_||><||_html:<span '
 "style='background-color: rgba(0.0, 165.0, 0, 0.15); border-radius: 3px;' "
 "title='1.0'>_||>Product<||_html:</span>_||><||_html:<span "
 "style='background-color: rgba(0.0, 165.0, 0, 0.15); border-radius: 3px;' "
 'title=\'1.0\'>_||>",<||_html:</span>_||><||_html:<span '
 "style='background-color: rgba(0.0, 165.0, 0, 0.15); border-radius: 3px;' "
 "title='1.0'>_||>\n"
 "<||_html:</span>_||><||_html:<span style='background-color: rgba(0.0, 165.0, "
 "0, 0.15); border-radius: 3px;' title='1.0'>_||>     "
 "<||_html:</span>_||><||_html:<span style='background-color: rgba(0.0, 165.0, "
 "0, 0.15); border-radius: 3px;' title='1.0'>_||> "
 '"<||_html:</span>_||><||_html:<span style=\'background-color: rgba(0.0, '
 "165.0, 0, 0.15); border-radius: 3px;' "
 "title='1.0'>_||>field<||_html:</span>_||><||_html:<span "
 "style='background-color: rgba(0.0, 165.0, 0, 0.15); border-radius: 3px;' "
 'title=\'1.0\'>_||>":<||_html:</span>_||><||_html:<span '
 "style='background-color: rgba(0.0, 165.0, 0, 0.15); border-radius: 3px;' "
 'title=\'1.0\'>_||> "<||_html:</span>_||><||_html:<span '
 "style='background-color: rgba(0.0, 165.0, 0, 0.15); border-radius: 3px;' "
 "title='1.0'>_||>description<||_html:</span>_||><||_html:<span "
 "style='background-color: rgba(0.0, 165.0, 0, 0.15); border-radius: 3px;' "
 'title=\'1.0\'>_||>",<||_html:</span>_||><||_html:<span '
 "style='background-color: rgba(0.0, 165.0, 0, 0.15); border-radius: 3px;' "
 "title='1.0'>_||>\n"
 "<||_html:</span>_||><||_html:<span style='background-color: rgba(0.0, 165.0, "
 "0, 0.15); border-radius: 3px;' title='1.0'>_||>     "
 "<||_html:</span>_||><||_html:<span style='background-color: rgba(0.0, 165.0, "
 "0, 0.15); border-radius: 3px;' title='1.0'>_||> "
 '"<||_html:</span>_||><||_html:<span style=\'background-color: rgba(0.0, '
 "165.0, 0, 0.15); border-radius: 3px;' "
 "title='1.0'>_||>change<||_html:</span>_||><||_html:<span "
 "style='background-color: rgba(0.0, 165.0, 0, 0.15); border-radius: 3px;' "
 'title=\'1.0\'>_||>":<||_html:</span>_||><||_html:<span '
 "style='background-color: rgba(0.0, 165.0, 0, 0.15); border-radius: 3px;' "
 'title=\'1.0\'>_||> "<||_html:</span>_||><||_html:<span '
 "style='background-color: rgba(0.0, 165.0, 0, 0.15); border-radius: 3px;' "
 "title='1.0'>_||>field<||_html:</span>_||><||_html:<span "
 "style='background-color: rgba(0.0, 165.0, 0, 0.15); border-radius: 3px;' "
 "title='1.0'>_||> removed<||_html:</span>_||><||_html:<span "
 "style='background-color: rgba(0.0, 165.0, 0, 0.15); border-radius: 3px;' "
 'title=\'1.0\'>_||>",<||_html:</span>_||><||_html:<span '
 "style='background-color: rgba(0.0, 165.0, 0, 0.15); border-radius: 3px;' "
 "title='1.0'>_||>\n"
 "<||_html:</span>_||><||_html:<span style='background-color: rgba(0.0, 165.0, "
 "0, 0.15); border-radius: 3px;' title='1.0'>_||>     "
 "<||_html:</span>_||><||_html:<span style='background-color: rgba(0.0, 165.0, "
 "0, 0.15); border-radius: 3px;' title='1.0'>_||> "
 '"<||_html:</span>_||><||_html:<span style=\'background-color: rgba(0.0, '
 "165.0, 0, 0.15); border-radius: 3px;' "
 "title='1.0'>_||>breaking<||_html:</span>_||><||_html:<span "
 "style='background-color: rgba(0.0, 165.0, 0, 0.15); border-radius: 3px;' "
 'title=\'1.0\'>_||>":<||_html:</span>_||><||_html:<span '
 "style='background-color: rgba(0.0, 165.0, 0, 0.15); border-radius: 3px;' "
 'title=\'1.0\'>_||> "<||_html:</span>_||><||_html:<span '
 "style='background-color: rgba(0.0, 165.0, 0, 0.15); border-radius: 3px;' "
 "title='1.0'>_||>true<||_html:</span>_||><||_html:<span "
 "style='background-color: rgba(0.0, 165.0, 0, 0.15); border-radius: 3px;' "
 'title=\'1.0\'>_||>",<||_html:</span>_||><||_html:<span '
 "style='background-color: rgba(0.0, 165.0, 0, 0.15); border-radius: 3px;' "
 "title='1.0'>_||>\n"
 "<||_html:</span>_||><||_html:<span style='background-color: rgba(0.0, 165.0, "
 "0, 0.15); border-radius: 3px;' title='1.0'>_||>     "
 "<||_html:</span>_||><||_html:<span style='background-color: rgba(0.0, 165.0, "
 "0, 0.15); border-radius: 3px;' title='1.0'>_||> "
 '"<||_html:</span>_||><||_html:<span style=\'background-color: rgba(0.0, '
 "165.0, 0, 0.15); border-radius: 3px;' "
 "title='1.0'>_||>release<||_html:</span>_||><||_html:<span "
 "style='background-color: rgba(0.0, 165.0, 0, 0.15); border-radius: 3px;' "
 "title='1.0'>_||>_<||_html:</span>_||><||_html:<span style='background-color: "
 "rgba(0.0, 165.0, 0, 0.15); border-radius: 3px;' "
 "title='1.0'>_||>note<||_html:</span>_||><||_html:<span "
 "style='background-color: rgba(0.0, 165.0, 0, 0.15); border-radius: 3px;' "
 'title=\'1.0\'>_||>":<||_html:</span>_||><||_html:<span '
 "style='background-color: rgba(0.0, 165.0, 0, 0.15); border-radius: 3px;' "
 'title=\'1.0\'>_||> "<||_html:</span>_||><||_html:<span '
 "style='background-color: rgba(0.0, 165.0, 0, 0.15); border-radius: 3px;' "
 "title='1.0'>_||>The<||_html:</span>_||><||_html:<span "
 "style='background-color: rgba(0.0, 165.0, 0, 0.15); border-radius: 3px;' "
 "title='1.0'>_||> '<||_html:</span>_||><||_html:<span "
 "style='background-color: rgba(0.0, 165.0, 0, 0.15); border-radius: 3px;' "
 "title='1.0'>_||>Product<||_html:</span>_||><||_html:<span "
 "style='background-color: rgba(0.0, 165.0, 0, 0.15); border-radius: 3px;' "
 "title='1.0'>_||>'<||_html:</span>_||><||_html:<span style='background-color: "
 "rgba(0.0, 165.0, 0, 0.15); border-radius: 3px;' title='1.0'>_||> "
 "type<||_html:</span>_||><||_html:<span style='background-color: rgba(0.0, "
 "165.0, 0, 0.15); border-radius: 3px;' title='1.0'>_||> "
 "no<||_html:</span>_||><||_html:<span style='background-color: rgba(0.0, "
 "165.0, 0, 0.15); border-radius: 3px;' title='1.0'>_||> "
 "longer<||_html:</span>_||><||_html:<span style='background-color: rgba(0.0, "
 "165.0, 0, 0.15); border-radius: 3px;' title='1.0'>_||> "
 "includes<||_html:</span>_||><||_html:<span style='background-color: "
 "rgba(0.0, 165.0, 0, 0.15); border-radius: 3px;' title='1.0'>_||> "
 "the<||_html:</span>_||><||_html:<span style='background-color: rgba(0.0, "
 "165.0, 0, 0.15); border-radius: 3px;' title='1.0'>_||> "
 "'<||_html:</span>_||><||_html:<span style='background-color: rgba(0.0, "
 "165.0, 0, 0.15); border-radius: 3px;' "
 "title='1.0'>_||>description<||_html:</span>_||><||_html:<span "
 "style='background-color: rgba(0.0, 165.0, 0, 0.15); border-radius: 3px;' "
 "title='1.0'>_||>'<||_html:</span>_||><||_html:<span style='background-color: "
 "rgba(0.0, 165.0, 0, 0.15); border-radius: 3px;' title='1.0'>_||> "
 "field<||_html:</span>_||><||_html:<span style='background-color: rgba(0.0, "
 "165.0, 0, 0.15); border-radius: 3px;' "
 'title=\'1.0\'>_||>."<||_html:</span>_||><||_html:<span '
 "style='background-color: rgba(0.0, 165.0, 0, 0.15); border-radius: 3px;' "
 "title='1.0'>_||>\n"
 "<||_html:</span>_||><||_html:<span style='background-color: rgba(0.0, 165.0, "
 "0, 0.15); border-radius: 3px;' title='1.0'>_||>   "
 "<||_html:</span>_||><||_html:<span style='background-color: rgba(0.0, 165.0, "
 "0, 0.15); border-radius: 3px;' title='1.0'>_||> "
 "},<||_html:</span>_||><||_html:<span style='background-color: rgba(0.0, "
 "165.0, 0, 0.15); border-radius: 3px;' title='1.0'>_||>\n"
 "<||_html:</span>_||><||_html:<span style='background-color: rgba(0.0, 165.0, "
 "0, 0.15); border-radius: 3px;' title='1.0'>_||>   "
 "<||_html:</span>_||><||_html:<span style='background-color: rgba(0.0, 165.0, "
 "0, 0.15); border-radius: 3px;' title='1.0'>_||> "
 "{<||_html:</span>_||><||_html:<span style='background-color: rgba(0.0, "
 "165.0, 0, 0.15); border-radius: 3px;' title='1.0'>_||>\n"
 "<||_html:</span>_||><||_html:<span style='background-color: rgba(0.0, 165.0, "
 "0, 0.15); border-radius: 3px;' title='1.0'>_||>     "
 "<||_html:</span>_||><||_html:<span style='background-color: rgba(0.0, 165.0, "
 "0, 0.15); border-radius: 3px;' title='1.0'>_||> "
 '"<||_html:</span>_||><||_html:<span style=\'background-color: rgba(0.0, '
 "165.0, 0, 0.15); border-radius: 3px;' "
 "title='1.0'>_||>type<||_html:</span>_||><||_html:<span "
 "style='background-color: rgba(0.0, 165.0, 0, 0.15); border-radius: 3px;' "
 'title=\'1.0\'>_||>":<||_html:</span>_||><||_html:<span '
 "style='background-color: rgba(0.0, 165.0, 0, 0.15); border-radius: 3px;' "
 'title=\'1.0\'>_||> "<||_html:</span>_||><||_html:<span '
 "style='background-color: rgba(0.0, 165.0, 0, 0.15); border-radius: 3px;' "
 "title='1.0'>_||>Product<||_html:</span>_||><||_html:<span "
 "style='background-color: rgba(0.0, 165.0, 0, 0.15); border-radius: 3px;' "
 'title=\'1.0\'>_||>",<||_html:</span>_||><||_html:<span '
 "style='background-color: rgba(0.0, 165.0, 0, 0.15); border-radius: 3px;' "
 "title='1.0'>_||>\n"
 "<||_html:</span>_||><||_html:<span style='background-color: rgba(0.0, 165.0, "
 "0, 0.15); border-radius: 3px;' title='1.0'>_||>     "
 "<||_html:</span>_||><||_html:<span style='background-color: rgba(0.0, 165.0, "
 "0, 0.15); border-radius: 3px;' title='1.0'>_||> "
 '"<||_html:</span>_||><||_html:<span style=\'background-color: rgba(0.0, '
 "165.0, 0, 0.15); border-radius: 3px;' "
 "title='1.0'>_||>field<||_html:</span>_||><||_html:<span "
 "style='background-color: rgba(0.0, 165.0, 0, 0.15); border-radius: 3px;' "
 'title=\'1.0\'>_||>":<||_html:</span>_||><||_html:<span '
 "style='background-color: rgba(0.0, 165.0, 0, 0.15); border-radius: 3px;' "
 'title=\'1.0\'>_||> "<||_html:</span>_||><||_html:<span '
 "style='background-color: rgba(0.0, 165.0, 0, 0.15); border-radius: 3px;' "
 "title='1.0'>_||>stock<||_html:</span>_||><||_html:<span "
 "style='background-color: rgba(0.0, 165.0, 0, 0.15); border-radius: 3px;' "
 'title=\'1.0\'>_||>",<||_html:</span>_||><||_html:<span '
 "style='background-color: rgba(0.0, 165.0, 0, 0.15); border-radius: 3px;' "
 "title='1.0'>_||>\n"
 "<||_html:</span>_||><||_html:<span style='background-color: rgba(0.0, 165.0, "
 "0, 0.15); border-radius: 3px;' title='1.0'>_||>     "
 "<||_html:</span>_||><||_html:<span style='background-color: rgba(0.0, 165.0, "
 "0, 0.15); border-radius: 3px;' title='1.0'>_||> "
 '"<||_html:</span>_||><||_html:<span style=\'background-color: rgba(0.0, '
 "165.0, 0, 0.15); border-radius: 3px;' "
 "title='1.0'>_||>change<||_html:</span>_||><||_html:<span "
 "style='background-color: rgba(0.0, 165.0, 0, 0.15); border-radius: 3px;' "
 'title=\'1.0\'>_||>":<||_html:</span>_||><||_html:<span '
 "style='background-color: rgba(0.0, 165.0, 0, 0.15); border-radius: 3px;' "
 'title=\'1.0\'>_||> "<||_html:</span>_||><||_html:<span '
 "style='background-color: rgba(0.0, 165.0, 0, 0.15); border-radius: 3px;' "
 "title='1.0'>_||>field<||_html:</span>_||><||_html:<span "
 "style='background-color: rgba(0.0, 165.0, 0, 0.15); border-radius: 3px;' "
 "title='1.0'>_||> removed<||_html:</span>_||><||_html:<span "
 "style='background-color: rgba(0.0, 165.0, 0, 0.15); border-radius: 3px;' "
 'title=\'1.0\'>_||>",<||_html:</span>_||><||_html:<span '
 "style='background-color: rgba(0.0, 165.0, 0, 0.15); border-radius: 3px;' "
 "title='1.0'>_||>\n"
 "<||_html:</span>_||><||_html:<span style='background-color: rgba(0.0, 165.0, "
 "0, 0.15); border-radius: 3px;' title='1.0'>_||>     "
 "<||_html:</span>_||><||_html:<span style='background-color: rgba(0.0, 165.0, "
 "0, 0.15); border-radius: 3px;' title='1.0'>_||> "
 '"<||_html:</span>_||><||_html:<span style=\'background-color: rgba(0.0, '
 "165.0, 0, 0.15); border-radius: 3px;' "
 "title='1.0'>_||>breaking<||_html:</span>_||><||_html:<span "
 "style='background-color: rgba(0.0, 165.0, 0, 0.15); border-radius: 3px;' "
 'title=\'1.0\'>_||>":<||_html:</span>_||><||_html:<span '
 "style='background-color: rgba(0.0, 165.0, 0, 0.15); border-radius: 3px;' "
 'title=\'1.0\'>_||> "<||_html:</span>_||><||_html:<span '
 "style='background-color: rgba(0.0, 165.0, 0, 0.15); border-radius: 3px;' "
 "title='1.0'>_||>true<||_html:</span>_||><||_html:<span "
 "style='background-color: rgba(0.0, 165.0, 0, 0.15); border-radius: 3px;' "
 'title=\'1.0\'>_||>",<||_html:</span>_||><||_html:<span '
 "style='background-color: rgba(0.0, 165.0, 0, 0.15); border-radius: 3px;' "
 "title='1.0'>_||>\n"
 "<||_html:</span>_||><||_html:<span style='background-color: rgba(0.0, 165.0, "
 "0, 0.15); border-radius: 3px;' title='1.0'>_||>     "
 "<||_html:</span>_||><||_html:<span style='background-color: rgba(0.0, 165.0, "
 "0, 0.15); border-radius: 3px;' title='1.0'>_||> "
 '"<||_html:</span>_||><||_html:<span style=\'background-color: rgba(0.0, '
 "165.0, 0, 0.15); border-radius: 3px;' "
 "title='1.0'>_||>release<||_html:</span>_||><||_html:<span "
 "style='background-color: rgba(0.0, 165.0, 0, 0.15); border-radius: 3px;' "
 "title='1.0'>_||>_<||_html:</span>_||><||_html:<span style='background-color: "
 "rgba(0.0, 165.0, 0, 0.15); border-radius: 3px;' "
 "title='1.0'>_||>note<||_html:</span>_||><||_html:<span "
 "style='background-color: rgba(0.0, 165.0, 0, 0.15); border-radius: 3px;' "
 'title=\'1.0\'>_||>":<||_html:</span>_||><||_html:<span '
 "style='background-color: rgba(0.0, 165.0, 0, 0.15); border-radius: 3px;' "
 'title=\'1.0\'>_||> "<||_html:</span>_||><||_html:<span '
 "style='background-color: rgba(0.0, 165.0, 0, 0.15); border-radius: 3px;' "
 "title='1.0'>_||>The<||_html:</span>_||><||_html:<span "
 "style='background-color: rgba(0.0, 165.0, 0, 0.15); border-radius: 3px;' "
 "title='1.0'>_||> '<||_html:</span>_||><||_html:<span "
 "style='background-color: rgba(0.0, 165.0, 0, 0.15); border-radius: 3px;' "
 "title='1.0'>_||>Product<||_html:</span>_||><||_html:<span "
 "style='background-color: rgba(0.0, 165.0, 0, 0.15); border-radius: 3px;' "
 "title='1.0'>_||>'<||_html:</span>_||><||_html:<span style='background-color: "
 "rgba(0.0, 165.0, 0, 0.15); border-radius: 3px;' title='1.0'>_||> "
 "type<||_html:</span>_||><||_html:<span style='background-color: rgba(0.0, "
 "165.0, 0, 0.15); border-radius: 3px;' title='1.0'>_||> "
 "no<||_html:</span>_||><||_html:<span style='background-color: rgba(0.0, "
 "165.0, 0, 0.15); border-radius: 3px;' title='1.0'>_||> "
 "longer<||_html:</span>_||><||_html:<span style='background-color: rgba(0.0, "
 "165.0, 0, 0.15); border-radius: 3px;' title='1.0'>_||> "
 "includes<||_html:</span>_||><||_html:<span style='background-color: "
 "rgba(0.0, 165.0, 0, 0.15); border-radius: 3px;' title='1.0'>_||> "
 "the<||_html:</span>_||><||_html:<span style='background-color: rgba(0.0, "
 "165.0, 0, 0.15); border-radius: 3px;' title='1.0'>_||> "
 "'<||_html:</span>_||><||_html:<span style='background-color: rgba(0.0, "
 "165.0, 0, 0.15); border-radius: 3px;' "
 "title='1.0'>_||>stock<||_html:</span>_||><||_html:<span "
 "style='background-color: rgba(0.0, 165.0, 0, 0.15); border-radius: 3px;' "
 "title='1.0'>_||>'<||_html:</span>_||><||_html:<span style='background-color: "
 "rgba(0.0, 165.0, 0, 0.15); border-radius: 3px;' title='1.0'>_||> "
 "field<||_html:</span>_||><||_html:<span style='background-color: rgba(0.0, "
 "165.0, 0, 0.15); border-radius: 3px;' "
 'title=\'1.0\'>_||>."<||_html:</span>_||><||_html:<span '
 "style='background-color: rgba(0.0, 165.0, 0, 0.15); border-radius: 3px;' "
 "title='1.0'>_||>\n"
 "<||_html:</span>_||><||_html:<span style='background-color: rgba(0.0, 165.0, "
 "0, 0.15); border-radius: 3px;' title='1.0'>_||>   "
 "<||_html:</span>_||><||_html:<span style='background-color: rgba(0.0, 165.0, "
 "0, 0.15); border-radius: 3px;' title='1.0'>_||> "
 "}<||_html:</span>_||><||_html:<span style='background-color: rgba(0.0, "
 "165.0, 0, 0.15); border-radius: 3px;' title='1.0'>_||>\n"
 "<||_html:</span>_||><||_html:<span style='background-color: rgba(0.0, 165.0, "
 "0, 0.15); border-radius: 3px;' title='1.0'>_||> "
 "<||_html:</span>_||><||_html:<span style='background-color: rgba(0.0, 165.0, "
 "0, 0.15); border-radius: 3px;' title='1.0'>_||> "
 "],<||_html:</span>_||><||_html:<span style='background-color: rgba(0.0, "
 "165.0, 0, 0.15); border-radius: 3px;' title='1.0'>_||>\n"
 "<||_html:</span>_||><||_html:<span style='background-color: rgba(0.0, 165.0, "
 "0, 0.15); border-radius: 3px;' title='1.0'>_||> "
 "<||_html:</span>_||><||_html:<span style='background-color: rgba(0.0, 165.0, "
 "0, 0.15); border-radius: 3px;' title='1.0'>_||> "
 '"<||_html:</span>_||><||_html:<span style=\'background-color: rgba(0.0, '
 "165.0, 0, 0.15); border-radius: 3px;' "
 "title='1.0'>_||>release<||_html:</span>_||><||_html:<span "
 "style='background-color: rgba(0.0, 165.0, 0, 0.15); border-radius: 3px;' "
 "title='1.0'>_||>_<||_html:</span>_||><||_html:<span style='background-color: "
 "rgba(0.0, 165.0, 0, 0.15); border-radius: 3px;' "
 "title='1.0'>_||>notes<||_html:</span>_||><||_html:<span "
 "style='background-color: rgba(0.0, 165.0, 0, 0.15); border-radius: 3px;' "
 'title=\'1.0\'>_||>":<||_html:</span>_||><||_html:<span '
 "style='background-color: rgba(0.0, 165.0, 0, 0.15); border-radius: 3px;' "
 "title='1.0'>_||> {<||_html:</span>_||><||_html:<span "
 "style='background-color: rgba(0.0, 165.0, 0, 0.15); border-radius: 3px;' "
 "title='1.0'>_||>\n"
 "<||_html:</span>_||><||_html:<span style='background-color: rgba(0.0, 165.0, "
 "0, 0.15); border-radius: 3px;' title='1.0'>_||>   "
 "<||_html:</span>_||><||_html:<span style='background-color: rgba(0.0, 165.0, "
 "0, 0.15); border-radius: 3px;' title='1.0'>_||> "
 '"<||_html:</span>_||><||_html:<span style=\'background-color: rgba(0.0, '
 "165.0, 0, 0.15); border-radius: 3px;' "
 "title='1.0'>_||>summary<||_html:</span>_||><||_html:<span "
 "style='background-color: rgba(0.0, 165.0, 0, 0.15); border-radius: 3px;' "
 'title=\'1.0\'>_||>":<||_html:</span>_||><||_html:<span '
 "style='background-color: rgba(0.0, 165.0, 0, 0.15); border-radius: 3px;' "
 'title=\'1.0\'>_||> "<||_html:</span>_||><||_html:<span '
 "style='background-color: rgba(0.0, 165.0, 0, 0.15); border-radius: 3px;' "
 "title='1.0'>_||>The<||_html:</span>_||><||_html:<span "
 "style='background-color: rgba(0.0, 165.0, 0, 0.15); border-radius: 3px;' "
 "title='1.0'>_||> '<||_html:</span>_||><||_html:<span "
 "style='background-color: rgba(0.0, 165.0, 0, 0.15); border-radius: 3px;' "
 "title='1.0'>_||>get<||_html:</span>_||><||_html:<span "
 "style='background-color: rgba(0.0, 165.0, 0, 0.15); border-radius: 3px;' "
 "title='1.0'>_||>Product<||_html:</span>_||><||_html:<span "
 "style='background-color: rgba(0.0, 165.0, 0, 0.15); border-radius: 3px;' "
 "title='1.0'>_||>'<||_html:</span>_||><||_html:<span style='background-color: "
 "rgba(0.0, 165.0, 0, 0.15); border-radius: 3px;' title='1.0'>_||> "
 "query<||_html:</span>_||><||_html:<span style='background-color: rgba(0.0, "
 "165.0, 0, 0.15); border-radius: 3px;' title='1.0'>_||> "
 "now<||_html:</span>_||><||_html:<span style='background-color: rgba(0.0, "
 "165.0, 0, 0.15); border-radius: 3px;' title='1.0'>_||> "
 "includes<||_html:</span>_||><||_html:<span style='background-color: "
 "rgba(0.0, 165.0, 0, 0.15); border-radius: 3px;' title='1.0'>_||> "
 "a<||_html:</span>_||><||_html:<span style='background-color: rgba(0.0, "
 "165.0, 0, 0.15); border-radius: 3px;' title='1.0'>_||> "
 "new<||_html:</span>_||><||_html:<span style='background-color: rgba(0.0, "
 "165.0, 0, 0.15); border-radius: 3px;' title='1.0'>_||> "
 "field<||_html:</span>_||><||_html:<span style='background-color: rgba(0.0, "
 "165.0, 0, 0.15); border-radius: 3px;' title='1.0'>_||> "
 "'<||_html:</span>_||><||_html:<span style='background-color: rgba(0.0, "
 "165.0, 0, 0.15); border-radius: 3px;' "
 "title='1.0'>_||>details<||_html:</span>_||><||_html:<span "
 "style='background-color: rgba(0.0, 165.0, 0, 0.15); border-radius: 3px;' "
 "title='1.0'>_||>'<||_html:</span>_||><||_html:<span style='background-color: "
 "rgba(0.0, 165.0, 0, 0.15); border-radius: 3px;' title='1.0'>_||> "
 "of<||_html:</span>_||><||_html:<span style='background-color: rgba(0.0, "
 "165.0, 0, 0.15); border-radius: 3px;' title='1.0'>_||> "
 "type<||_html:</span>_||><||_html:<span style='background-color: rgba(0.0, "
 "165.0, 0, 0.15); border-radius: 3px;' title='1.0'>_||> "
 "String<||_html:</span>_||><||_html:<span style='background-color: rgba(0.0, "
 "165.0, 0, 0.15); border-radius: 3px;' "
 "title='1.0'>_||>.<||_html:</span>_||><||_html:<span style='background-color: "
 "rgba(0.0, 165.0, 0, 0.15); border-radius: 3px;' title='1.0'>_||> "
 "The<||_html:</span>_||><||_html:<span style='background-color: rgba(0.0, "
 "165.0, 0, 0.15); border-radius: 3px;' title='1.0'>_||> "
 "'<||_html:</span>_||><||_html:<span style='background-color: rgba(0.0, "
 "165.0, 0, 0.15); border-radius: 3px;' "
 "title='1.0'>_||>Product<||_html:</span>_||><||_html:<span "
 "style='background-color: rgba(0.0, 165.0, 0, 0.15); border-radius: 3px;' "
 "title='1.0'>_||>'<||_html:</span>_||><||_html:<span style='background-color: "
 "rgba(0.0, 165.0, 0, 0.15); border-radius: 3px;' title='1.0'>_||> "
 "type<||_html:</span>_||><||_html:<span style='background-color: rgba(0.0, "
 "165.0, 0, 0.15); border-radius: 3px;' title='1.0'>_||> "
 "no<||_html:</span>_||><||_html:<span style='background-color: rgba(0.0, "
 "165.0, 0, 0.15); border-radius: 3px;' title='1.0'>_||> "
 "longer<||_html:</span>_||><||_html:<span style='background-color: rgba(0.0, "
 "165.0, 0, 0.15); border-radius: 3px;' title='1.0'>_||> "
 "includes<||_html:</span>_||><||_html:<span style='background-color: "
 "rgba(0.0, 165.0, 0, 0.15); border-radius: 3px;' title='1.0'>_||> "
 "the<||_html:</span>_||><||_html:<span style='background-color: rgba(0.0, "
 "165.0, 0, 0.15); border-radius: 3px;' title='1.0'>_||> "
 "'<||_html:</span>_||><||_html:<span style='background-color: rgba(0.0, "
 "165.0, 0, 0.15); border-radius: 3px;' "
 "title='1.0'>_||>description<||_html:</span>_||><||_html:<span "
 "style='background-color: rgba(0.0, 165.0, 0, 0.15); border-radius: 3px;' "
 "title='1.0'>_||>'<||_html:</span>_||><||_html:<span style='background-color: "
 "rgba(0.0, 165.0, 0, 0.15); border-radius: 3px;' title='1.0'>_||> "
 "and<||_html:</span>_||><||_html:<span style='background-color: rgba(0.0, "
 "165.0, 0, 0.15); border-radius: 3px;' title='1.0'>_||> "
 "'<||_html:</span>_||><||_html:<span style='background-color: rgba(0.0, "
 "165.0, 0, 0.15); border-radius: 3px;' "
 "title='1.0'>_||>stock<||_html:</span>_||><||_html:<span "
 "style='background-color: rgba(0.0, 165.0, 0, 0.15); border-radius: 3px;' "
 "title='1.0'>_||>'<||_html:</span>_||><||_html:<span style='background-color: "
 "rgba(0.0, 165.0, 0, 0.15); border-radius: 3px;' title='1.0'>_||> "
 "fields<||_html:</span>_||><||_html:<span style='background-color: rgba(0.0, "
 "165.0, 0, 0.15); border-radius: 3px;' "
 'title=\'1.0\'>_||>."<||_html:</span>_||><||_html:<span '
 "style='background-color: rgba(0.0, 165.0, 0, 0.15); border-radius: 3px;' "
 "title='1.0'>_||>\n"
 "<||_html:</span>_||><||_html:<span style='background-color: rgba(0.0, 165.0, "
 "0, 0.15); border-radius: 3px;' title='1.0'>_||> "
 "<||_html:</span>_||><||_html:<span style='background-color: rgba(0.0, 165.0, "
 "0, 0.15); border-radius: 3px;' title='1.0'>_||> "
 "}<||_html:</span>_||><||_html:<span style='background-color: rgba(0.0, "
 "165.0, 0, 0.15); border-radius: 3px;' title='1.0'>_||>\n"
 "<||_html:</span>_||><||_html:<span style='background-color: rgba(0.0, 165.0, "
 "0, 0.15); border-radius: 3px;' title='1.0'>_||>}<||_html:</span>_||>{")
('Analyze the following two GraphQL schemas for changes, including both '
 'breaking and non-breaking changes.\n'
 '\n'
 '                        Provide your analysis in the following JSON format:\n'
 '                        {\n'
 '                          "changes": [\n'
 '                            {\n'
 '                              "type": "String representing the GraphQL type '
 '(e.g., Query, Mutation, Subscription)",\n'
 '                              "field": "String representing the specific '
 'field that changed",\n'
 '                              "change": "String describing the change (e.g., '
 'field renamed, new field added, field removed)",\n'
 '                              "breaking": "Boolean indicating if the change '
 'is breaking (true) or non-breaking (false)",\n'
 '                              "release_note": "String with a natural '
 'language description of the change for release notes"\n'
 '                            }\n'
 '                          ],\n'
 '                          "release_notes": {\n'
 '                              "summary": "String summarizing all changes, '
 'suitable for a mailing list or public announcement"\n'
 '                          }\n'
 '                        }\n'
 '\n'
 '                        When analyzing, consider the following types of '
 'changes:\n'
 '                        1. Removing fields or types (breaking)\n'
 '                        2. Changing field types (potentially breaking)\n'
 '                        3. Adding required fields (breaking)\n'
 '                        4. Changing the type of existing arguments '
 '(breaking)\n'
 '                        5. Adding optional fields (non-breaking)\n'
 '                        6. Adding new types (non-breaking)\n'
 '                        7. Deprecating fields (non-breaking)\n'
 '\n'
 '                        Ensure that each change is categorized correctly as '
 'breaking or non-breaking.: type Query {\n'
 '  getProduct(id: ID!): Product\n'
 '}\n'
 '\n'
 'type Product {\n'
 '  id: ID\n'
 '  name: String\n'
 '  description: String\n'
 '  price: Float\n'
 '  stock: Int\n'
 '}\n'
 ', type Query {\n'
 '  getProduct(id: ID!): Product\n'
 '}\n'
 '\n'
 'type Product {\n'
 '  id: ID\n'
 '  name: String\n'
 '  details: String\n'
 '  price: Float\n'
 '}\n'
 '\n'
 "Answer:<||_html:<span style='background-color: rgba(0.0, 165.0, 0, 0.15); "
 "border-radius: 3px;' title='1.0'>_||> {<||_html:</span>_||><||_html:<span "
 "style='background-color: rgba(0.0, 165.0, 0, 0.15); border-radius: 3px;' "
 "title='1.0'>_||>\n"
 "<||_html:</span>_||><||_html:<span style='background-color: rgba(0.0, 165.0, "
 "0, 0.15); border-radius: 3px;' title='1.0'>_||> "
 "<||_html:</span>_||><||_html:<span style='background-color: rgba(0.0, 165.0, "
 "0, 0.15); border-radius: 3px;' title='1.0'>_||> "
 '"<||_html:</span>_||><||_html:<span style=\'background-color: rgba(0.0, '
 "165.0, 0, 0.15); border-radius: 3px;' "
 "title='1.0'>_||>changes<||_html:</span>_||><||_html:<span "
 "style='background-color: rgba(0.0, 165.0, 0, 0.15); border-radius: 3px;' "
 'title=\'1.0\'>_||>":<||_html:</span>_||><||_html:<span '
 "style='background-color: rgba(0.0, 165.0, 0, 0.15); border-radius: 3px;' "
 "title='1.0'>_||> [<||_html:</span>_||><||_html:<span "
 "style='background-color: rgba(0.0, 165.0, 0, 0.15); border-radius: 3px;' "
 "title='1.0'>_||>\n"
 "<||_html:</span>_||><||_html:<span style='background-color: rgba(0.0, 165.0, "
 "0, 0.15); border-radius: 3px;' title='1.0'>_||>   "
 "<||_html:</span>_||><||_html:<span style='background-color: rgba(0.0, 165.0, "
 "0, 0.15); border-radius: 3px;' title='1.0'>_||> "
 "{<||_html:</span>_||><||_html:<span style='background-color: rgba(0.0, "
 "165.0, 0, 0.15); border-radius: 3px;' title='1.0'>_||>\n"
 "<||_html:</span>_||><||_html:<span style='background-color: rgba(0.0, 165.0, "
 "0, 0.15); border-radius: 3px;' title='1.0'>_||>     "
 "<||_html:</span>_||><||_html:<span style='background-color: rgba(0.0, 165.0, "
 "0, 0.15); border-radius: 3px;' title='1.0'>_||> "
 '"<||_html:</span>_||><||_html:<span style=\'background-color: rgba(0.0, '
 "165.0, 0, 0.15); border-radius: 3px;' "
 "title='1.0'>_||>type<||_html:</span>_||><||_html:<span "
 "style='background-color: rgba(0.0, 165.0, 0, 0.15); border-radius: 3px;' "
 'title=\'1.0\'>_||>":<||_html:</span>_||><||_html:<span '
 "style='background-color: rgba(0.0, 165.0, 0, 0.15); border-radius: 3px;' "
 'title=\'1.0\'>_||> "<||_html:</span>_||><||_html:<span '
 "style='background-color: rgba(0.0, 165.0, 0, 0.15); border-radius: 3px;' "
 "title='1.0'>_||>Query<||_html:</span>_||><||_html:<span "
 "style='background-color: rgba(0.0, 165.0, 0, 0.15); border-radius: 3px;' "
 'title=\'1.0\'>_||>",<||_html:</span>_||><||_html:<span '
 "style='background-color: rgba(0.0, 165.0, 0, 0.15); border-radius: 3px;' "
 "title='1.0'>_||>\n"
 "<||_html:</span>_||><||_html:<span style='background-color: rgba(0.0, 165.0, "
 "0, 0.15); border-radius: 3px;' title='1.0'>_||>     "
 "<||_html:</span>_||><||_html:<span style='background-color: rgba(0.0, 165.0, "
 "0, 0.15); border-radius: 3px;' title='1.0'>_||> "
 '"<||_html:</span>_||><||_html:<span style=\'background-color: rgba(0.0, '
 "165.0, 0, 0.15); border-radius: 3px;' "
 "title='1.0'>_||>field<||_html:</span>_||><||_html:<span "
 "style='background-color: rgba(0.0, 165.0, 0, 0.15); border-radius: 3px;' "
 'title=\'1.0\'>_||>":<||_html:</span>_||><||_html:<span '
 "style='background-color: rgba(0.0, 165.0, 0, 0.15); border-radius: 3px;' "
 'title=\'1.0\'>_||> "<||_html:</span>_||><||_html:<span '
 "style='background-color: rgba(0.0, 165.0, 0, 0.15); border-radius: 3px;' "
 "title='1.0'>_||>get<||_html:</span>_||><||_html:<span "
 "style='background-color: rgba(0.0, 165.0, 0, 0.15); border-radius: 3px;' "
 "title='1.0'>_||>Product<||_html:</span>_||><||_html:<span "
 "style='background-color: rgba(0.0, 165.0, 0, 0.15); border-radius: 3px;' "
 'title=\'1.0\'>_||>",<||_html:</span>_||><||_html:<span '
 "style='background-color: rgba(0.0, 165.0, 0, 0.15); border-radius: 3px;' "
 "title='1.0'>_||>\n"
 "<||_html:</span>_||><||_html:<span style='background-color: rgba(0.0, 165.0, "
 "0, 0.15); border-radius: 3px;' title='1.0'>_||>     "
 "<||_html:</span>_||><||_html:<span style='background-color: rgba(0.0, 165.0, "
 "0, 0.15); border-radius: 3px;' title='1.0'>_||> "
 '"<||_html:</span>_||><||_html:<span style=\'background-color: rgba(0.0, '
 "165.0, 0, 0.15); border-radius: 3px;' "
 "title='1.0'>_||>change<||_html:</span>_||><||_html:<span "
 "style='background-color: rgba(0.0, 165.0, 0, 0.15); border-radius: 3px;' "
 'title=\'1.0\'>_||>":<||_html:</span>_||><||_html:<span '
 "style='background-color: rgba(0.0, 165.0, 0, 0.15); border-radius: 3px;' "
 'title=\'1.0\'>_||> "<||_html:</span>_||><||_html:<span '
 "style='background-color: rgba(0.0, 165.0, 0, 0.15); border-radius: 3px;' "
 "title='1.0'>_||>field<||_html:</span>_||><||_html:<span "
 "style='background-color: rgba(0.0, 165.0, 0, 0.15); border-radius: 3px;' "
 "title='1.0'>_||> details<||_html:</span>_||><||_html:<span "
 "style='background-color: rgba(0.0, 165.0, 0, 0.15); border-radius: 3px;' "
 "title='1.0'>_||> added<||_html:</span>_||><||_html:<span "
 "style='background-color: rgba(0.0, 165.0, 0, 0.15); border-radius: 3px;' "
 'title=\'1.0\'>_||>",<||_html:</span>_||><||_html:<span '
 "style='background-color: rgba(0.0, 165.0, 0, 0.15); border-radius: 3px;' "
 "title='1.0'>_||>\n"
 "<||_html:</span>_||><||_html:<span style='background-color: rgba(0.0, 165.0, "
 "0, 0.15); border-radius: 3px;' title='1.0'>_||>     "
 "<||_html:</span>_||><||_html:<span style='background-color: rgba(0.0, 165.0, "
 "0, 0.15); border-radius: 3px;' title='1.0'>_||> "
 '"<||_html:</span>_||><||_html:<span style=\'background-color: rgba(0.0, '
 "165.0, 0, 0.15); border-radius: 3px;' "
 "title='1.0'>_||>breaking<||_html:</span>_||><||_html:<span "
 "style='background-color: rgba(0.0, 165.0, 0, 0.15); border-radius: 3px;' "
 'title=\'1.0\'>_||>":<||_html:</span>_||><||_html:<span '
 "style='background-color: rgba(0.0, 165.0, 0, 0.15); border-radius: 3px;' "
 'title=\'1.0\'>_||> "<||_html:</span>_||><||_html:<span '
 "style='background-color: rgba(0.0, 165.0, 0, 0.15); border-radius: 3px;' "
 "title='1.0'>_||>false<||_html:</span>_||><||_html:<span "
 "style='background-color: rgba(0.0, 165.0, 0, 0.15); border-radius: 3px;' "
 'title=\'1.0\'>_||>",<||_html:</span>_||><||_html:<span '
 "style='background-color: rgba(0.0, 165.0, 0, 0.15); border-radius: 3px;' "
 "title='1.0'>_||>\n"
 "<||_html:</span>_||><||_html:<span style='background-color: rgba(0.0, 165.0, "
 "0, 0.15); border-radius: 3px;' title='1.0'>_||>     "
 "<||_html:</span>_||><||_html:<span style='background-color: rgba(0.0, 165.0, "
 "0, 0.15); border-radius: 3px;' title='1.0'>_||> "
 '"<||_html:</span>_||><||_html:<span style=\'background-color: rgba(0.0, '
 "165.0, 0, 0.15); border-radius: 3px;' "
 "title='1.0'>_||>release<||_html:</span>_||><||_html:<span "
 "style='background-color: rgba(0.0, 165.0, 0, 0.15); border-radius: 3px;' "
 "title='1.0'>_||>_<||_html:</span>_||><||_html:<span style='background-color: "
 "rgba(0.0, 165.0, 0, 0.15); border-radius: 3px;' "
 "title='1.0'>_||>note<||_html:</span>_||><||_html:<span "
 "style='background-color: rgba(0.0, 165.0, 0, 0.15); border-radius: 3px;' "
 'title=\'1.0\'>_||>":<||_html:</span>_||><||_html:<span '
 "style='background-color: rgba(0.0, 165.0, 0, 0.15); border-radius: 3px;' "
 'title=\'1.0\'>_||> "<||_html:</span>_||><||_html:<span '
 "style='background-color: rgba(0.0, 165.0, 0, 0.15); border-radius: 3px;' "
 "title='1.0'>_||>The<||_html:</span>_||><||_html:<span "
 "style='background-color: rgba(0.0, 165.0, 0, 0.15); border-radius: 3px;' "
 "title='1.0'>_||> '<||_html:</span>_||><||_html:<span "
 "style='background-color: rgba(0.0, 165.0, 0, 0.15); border-radius: 3px;' "
 "title='1.0'>_||>get<||_html:</span>_||><||_html:<span "
 "style='background-color: rgba(0.0, 165.0, 0, 0.15); border-radius: 3px;' "
 "title='1.0'>_||>Product<||_html:</span>_||><||_html:<span "
 "style='background-color: rgba(0.0, 165.0, 0, 0.15); border-radius: 3px;' "
 "title='1.0'>_||>'<||_html:</span>_||><||_html:<span style='background-color: "
 "rgba(0.0, 165.0, 0, 0.15); border-radius: 3px;' title='1.0'>_||> "
 "query<||_html:</span>_||><||_html:<span style='background-color: rgba(0.0, "
 "165.0, 0, 0.15); border-radius: 3px;' title='1.0'>_||> "
 "now<||_html:</span>_||><||_html:<span style='background-color: rgba(0.0, "
 "165.0, 0, 0.15); border-radius: 3px;' title='1.0'>_||> "
 "includes<||_html:</span>_||><||_html:<span style='background-color: "
 "rgba(0.0, 165.0, 0, 0.15); border-radius: 3px;' title='1.0'>_||> "
 "a<||_html:</span>_||><||_html:<span style='background-color: rgba(0.0, "
 "165.0, 0, 0.15); border-radius: 3px;' title='1.0'>_||> "
 "new<||_html:</span>_||><||_html:<span style='background-color: rgba(0.0, "
 "165.0, 0, 0.15); border-radius: 3px;' title='1.0'>_||> "
 "field<||_html:</span>_||><||_html:<span style='background-color: rgba(0.0, "
 "165.0, 0, 0.15); border-radius: 3px;' title='1.0'>_||> "
 "'<||_html:</span>_||><||_html:<span style='background-color: rgba(0.0, "
 "165.0, 0, 0.15); border-radius: 3px;' "
 "title='1.0'>_||>details<||_html:</span>_||><||_html:<span "
 "style='background-color: rgba(0.0, 165.0, 0, 0.15); border-radius: 3px;' "
 "title='1.0'>_||>'<||_html:</span>_||><||_html:<span style='background-color: "
 "rgba(0.0, 165.0, 0, 0.15); border-radius: 3px;' title='1.0'>_||> "
 "of<||_html:</span>_||><||_html:<span style='background-color: rgba(0.0, "
 "165.0, 0, 0.15); border-radius: 3px;' title='1.0'>_||> "
 "type<||_html:</span>_||><||_html:<span style='background-color: rgba(0.0, "
 "165.0, 0, 0.15); border-radius: 3px;' title='1.0'>_||> "
 "String<||_html:</span>_||><||_html:<span style='background-color: rgba(0.0, "
 "165.0, 0, 0.15); border-radius: 3px;' "
 'title=\'1.0\'>_||>."<||_html:</span>_||><||_html:<span '
 "style='background-color: rgba(0.0, 165.0, 0, 0.15); border-radius: 3px;' "
 "title='1.0'>_||>\n"
 "<||_html:</span>_||><||_html:<span style='background-color: rgba(0.0, 165.0, "
 "0, 0.15); border-radius: 3px;' title='1.0'>_||>   "
 "<||_html:</span>_||><||_html:<span style='background-color: rgba(0.0, 165.0, "
 "0, 0.15); border-radius: 3px;' title='1.0'>_||> "
 "},<||_html:</span>_||><||_html:<span style='background-color: rgba(0.0, "
 "165.0, 0, 0.15); border-radius: 3px;' title='1.0'>_||>\n"
 "<||_html:</span>_||><||_html:<span style='background-color: rgba(0.0, 165.0, "
 "0, 0.15); border-radius: 3px;' title='1.0'>_||>   "
 "<||_html:</span>_||><||_html:<span style='background-color: rgba(0.0, 165.0, "
 "0, 0.15); border-radius: 3px;' title='1.0'>_||> "
 "{<||_html:</span>_||><||_html:<span style='background-color: rgba(0.0, "
 "165.0, 0, 0.15); border-radius: 3px;' title='1.0'>_||>\n"
 "<||_html:</span>_||><||_html:<span style='background-color: rgba(0.0, 165.0, "
 "0, 0.15); border-radius: 3px;' title='1.0'>_||>     "
 "<||_html:</span>_||><||_html:<span style='background-color: rgba(0.0, 165.0, "
 "0, 0.15); border-radius: 3px;' title='1.0'>_||> "
 '"<||_html:</span>_||><||_html:<span style=\'background-color: rgba(0.0, '
 "165.0, 0, 0.15); border-radius: 3px;' "
 "title='1.0'>_||>type<||_html:</span>_||><||_html:<span "
 "style='background-color: rgba(0.0, 165.0, 0, 0.15); border-radius: 3px;' "
 'title=\'1.0\'>_||>":<||_html:</span>_||><||_html:<span '
 "style='background-color: rgba(0.0, 165.0, 0, 0.15); border-radius: 3px;' "
 'title=\'1.0\'>_||> "<||_html:</span>_||><||_html:<span '
 "style='background-color: rgba(0.0, 165.0, 0, 0.15); border-radius: 3px;' "
 "title='1.0'>_||>Product<||_html:</span>_||><||_html:<span "
 "style='background-color: rgba(0.0, 165.0, 0, 0.15); border-radius: 3px;' "
 'title=\'1.0\'>_||>",<||_html:</span>_||><||_html:<span '
 "style='background-color: rgba(0.0, 165.0, 0, 0.15); border-radius: 3px;' "
 "title='1.0'>_||>\n"
 "<||_html:</span>_||><||_html:<span style='background-color: rgba(0.0, 165.0, "
 "0, 0.15); border-radius: 3px;' title='1.0'>_||>     "
 "<||_html:</span>_||><||_html:<span style='background-color: rgba(0.0, 165.0, "
 "0, 0.15); border-radius: 3px;' title='1.0'>_||> "
 '"<||_html:</span>_||><||_html:<span style=\'background-color: rgba(0.0, '
 "165.0, 0, 0.15); border-radius: 3px;' "
 "title='1.0'>_||>field<||_html:</span>_||><||_html:<span "
 "style='background-color: rgba(0.0, 165.0, 0, 0.15); border-radius: 3px;' "
 'title=\'1.0\'>_||>":<||_html:</span>_||><||_html:<span '
 "style='background-color: rgba(0.0, 165.0, 0, 0.15); border-radius: 3px;' "
 'title=\'1.0\'>_||> "<||_html:</span>_||><||_html:<span '
 "style='background-color: rgba(0.0, 165.0, 0, 0.15); border-radius: 3px;' "
 "title='1.0'>_||>description<||_html:</span>_||><||_html:<span "
 "style='background-color: rgba(0.0, 165.0, 0, 0.15); border-radius: 3px;' "
 'title=\'1.0\'>_||>",<||_html:</span>_||><||_html:<span '
 "style='background-color: rgba(0.0, 165.0, 0, 0.15); border-radius: 3px;' "
 "title='1.0'>_||>\n"
 "<||_html:</span>_||><||_html:<span style='background-color: rgba(0.0, 165.0, "
 "0, 0.15); border-radius: 3px;' title='1.0'>_||>     "
 "<||_html:</span>_||><||_html:<span style='background-color: rgba(0.0, 165.0, "
 "0, 0.15); border-radius: 3px;' title='1.0'>_||> "
 '"<||_html:</span>_||><||_html:<span style=\'background-color: rgba(0.0, '
 "165.0, 0, 0.15); border-radius: 3px;' "
 "title='1.0'>_||>change<||_html:</span>_||><||_html:<span "
 "style='background-color: rgba(0.0, 165.0, 0, 0.15); border-radius: 3px;' "
 'title=\'1.0\'>_||>":<||_html:</span>_||><||_html:<span '
 "style='background-color: rgba(0.0, 165.0, 0, 0.15); border-radius: 3px;' "
 'title=\'1.0\'>_||> "<||_html:</span>_||><||_html:<span '
 "style='background-color: rgba(0.0, 165.0, 0, 0.15); border-radius: 3px;' "
 "title='1.0'>_||>field<||_html:</span>_||><||_html:<span "
 "style='background-color: rgba(0.0, 165.0, 0, 0.15); border-radius: 3px;' "
 "title='1.0'>_||> removed<||_html:</span>_||><||_html:<span "
 "style='background-color: rgba(0.0, 165.0, 0, 0.15); border-radius: 3px;' "
 'title=\'1.0\'>_||>",<||_html:</span>_||><||_html:<span '
 "style='background-color: rgba(0.0, 165.0, 0, 0.15); border-radius: 3px;' "
 "title='1.0'>_||>\n"
 "<||_html:</span>_||><||_html:<span style='background-color: rgba(0.0, 165.0, "
 "0, 0.15); border-radius: 3px;' title='1.0'>_||>     "
 "<||_html:</span>_||><||_html:<span style='background-color: rgba(0.0, 165.0, "
 "0, 0.15); border-radius: 3px;' title='1.0'>_||> "
 '"<||_html:</span>_||><||_html:<span style=\'background-color: rgba(0.0, '
 "165.0, 0, 0.15); border-radius: 3px;' "
 "title='1.0'>_||>breaking<||_html:</span>_||><||_html:<span "
 "style='background-color: rgba(0.0, 165.0, 0, 0.15); border-radius: 3px;' "
 'title=\'1.0\'>_||>":<||_html:</span>_||><||_html:<span '
 "style='background-color: rgba(0.0, 165.0, 0, 0.15); border-radius: 3px;' "
 'title=\'1.0\'>_||> "<||_html:</span>_||><||_html:<span '
 "style='background-color: rgba(0.0, 165.0, 0, 0.15); border-radius: 3px;' "
 "title='1.0'>_||>true<||_html:</span>_||><||_html:<span "
 "style='background-color: rgba(0.0, 165.0, 0, 0.15); border-radius: 3px;' "
 'title=\'1.0\'>_||>",<||_html:</span>_||><||_html:<span '
 "style='background-color: rgba(0.0, 165.0, 0, 0.15); border-radius: 3px;' "
 "title='1.0'>_||>\n"
 "<||_html:</span>_||><||_html:<span style='background-color: rgba(0.0, 165.0, "
 "0, 0.15); border-radius: 3px;' title='1.0'>_||>     "
 "<||_html:</span>_||><||_html:<span style='background-color: rgba(0.0, 165.0, "
 "0, 0.15); border-radius: 3px;' title='1.0'>_||> "
 '"<||_html:</span>_||><||_html:<span style=\'background-color: rgba(0.0, '
 "165.0, 0, 0.15); border-radius: 3px;' "
 "title='1.0'>_||>release<||_html:</span>_||><||_html:<span "
 "style='background-color: rgba(0.0, 165.0, 0, 0.15); border-radius: 3px;' "
 "title='1.0'>_||>_<||_html:</span>_||><||_html:<span style='background-color: "
 "rgba(0.0, 165.0, 0, 0.15); border-radius: 3px;' "
 "title='1.0'>_||>note<||_html:</span>_||><||_html:<span "
 "style='background-color: rgba(0.0, 165.0, 0, 0.15); border-radius: 3px;' "
 'title=\'1.0\'>_||>":<||_html:</span>_||><||_html:<span '
 "style='background-color: rgba(0.0, 165.0, 0, 0.15); border-radius: 3px;' "
 'title=\'1.0\'>_||> "<||_html:</span>_||><||_html:<span '
 "style='background-color: rgba(0.0, 165.0, 0, 0.15); border-radius: 3px;' "
 "title='1.0'>_||>The<||_html:</span>_||><||_html:<span "
 "style='background-color: rgba(0.0, 165.0, 0, 0.15); border-radius: 3px;' "
 "title='1.0'>_||> '<||_html:</span>_||><||_html:<span "
 "style='background-color: rgba(0.0, 165.0, 0, 0.15); border-radius: 3px;' "
 "title='1.0'>_||>Product<||_html:</span>_||><||_html:<span "
 "style='background-color: rgba(0.0, 165.0, 0, 0.15); border-radius: 3px;' "
 "title='1.0'>_||>'<||_html:</span>_||><||_html:<span style='background-color: "
 "rgba(0.0, 165.0, 0, 0.15); border-radius: 3px;' title='1.0'>_||> "
 "type<||_html:</span>_||><||_html:<span style='background-color: rgba(0.0, "
 "165.0, 0, 0.15); border-radius: 3px;' title='1.0'>_||> "
 "no<||_html:</span>_||><||_html:<span style='background-color: rgba(0.0, "
 "165.0, 0, 0.15); border-radius: 3px;' title='1.0'>_||> "
 "longer<||_html:</span>_||><||_html:<span style='background-color: rgba(0.0, "
 "165.0, 0, 0.15); border-radius: 3px;' title='1.0'>_||> "
 "includes<||_html:</span>_||><||_html:<span style='background-color: "
 "rgba(0.0, 165.0, 0, 0.15); border-radius: 3px;' title='1.0'>_||> "
 "the<||_html:</span>_||><||_html:<span style='background-color: rgba(0.0, "
 "165.0, 0, 0.15); border-radius: 3px;' title='1.0'>_||> "
 "'<||_html:</span>_||><||_html:<span style='background-color: rgba(0.0, "
 "165.0, 0, 0.15); border-radius: 3px;' "
 "title='1.0'>_||>description<||_html:</span>_||><||_html:<span "
 "style='background-color: rgba(0.0, 165.0, 0, 0.15); border-radius: 3px;' "
 "title='1.0'>_||>'<||_html:</span>_||><||_html:<span style='background-color: "
 "rgba(0.0, 165.0, 0, 0.15); border-radius: 3px;' title='1.0'>_||> "
 "field<||_html:</span>_||><||_html:<span style='background-color: rgba(0.0, "
 "165.0, 0, 0.15); border-radius: 3px;' "
 'title=\'1.0\'>_||>."<||_html:</span>_||><||_html:<span '
 "style='background-color: rgba(0.0, 165.0, 0, 0.15); border-radius: 3px;' "
 "title='1.0'>_||>\n"
 "<||_html:</span>_||><||_html:<span style='background-color: rgba(0.0, 165.0, "
 "0, 0.15); border-radius: 3px;' title='1.0'>_||>   "
 "<||_html:</span>_||><||_html:<span style='background-color: rgba(0.0, 165.0, "
 "0, 0.15); border-radius: 3px;' title='1.0'>_||> "
 "},<||_html:</span>_||><||_html:<span style='background-color: rgba(0.0, "
 "165.0, 0, 0.15); border-radius: 3px;' title='1.0'>_||>\n"
 "<||_html:</span>_||><||_html:<span style='background-color: rgba(0.0, 165.0, "
 "0, 0.15); border-radius: 3px;' title='1.0'>_||>   "
 "<||_html:</span>_||><||_html:<span style='background-color: rgba(0.0, 165.0, "
 "0, 0.15); border-radius: 3px;' title='1.0'>_||> "
 "{<||_html:</span>_||><||_html:<span style='background-color: rgba(0.0, "
 "165.0, 0, 0.15); border-radius: 3px;' title='1.0'>_||>\n"
 "<||_html:</span>_||><||_html:<span style='background-color: rgba(0.0, 165.0, "
 "0, 0.15); border-radius: 3px;' title='1.0'>_||>     "
 "<||_html:</span>_||><||_html:<span style='background-color: rgba(0.0, 165.0, "
 "0, 0.15); border-radius: 3px;' title='1.0'>_||> "
 '"<||_html:</span>_||><||_html:<span style=\'background-color: rgba(0.0, '
 "165.0, 0, 0.15); border-radius: 3px;' "
 "title='1.0'>_||>type<||_html:</span>_||><||_html:<span "
 "style='background-color: rgba(0.0, 165.0, 0, 0.15); border-radius: 3px;' "
 'title=\'1.0\'>_||>":<||_html:</span>_||><||_html:<span '
 "style='background-color: rgba(0.0, 165.0, 0, 0.15); border-radius: 3px;' "
 'title=\'1.0\'>_||> "<||_html:</span>_||><||_html:<span '
 "style='background-color: rgba(0.0, 165.0, 0, 0.15); border-radius: 3px;' "
 "title='1.0'>_||>Product<||_html:</span>_||><||_html:<span "
 "style='background-color: rgba(0.0, 165.0, 0, 0.15); border-radius: 3px;' "
 'title=\'1.0\'>_||>",<||_html:</span>_||><||_html:<span '
 "style='background-color: rgba(0.0, 165.0, 0, 0.15); border-radius: 3px;' "
 "title='1.0'>_||>\n"
 "<||_html:</span>_||><||_html:<span style='background-color: rgba(0.0, 165.0, "
 "0, 0.15); border-radius: 3px;' title='1.0'>_||>     "
 "<||_html:</span>_||><||_html:<span style='background-color: rgba(0.0, 165.0, "
 "0, 0.15); border-radius: 3px;' title='1.0'>_||> "
 '"<||_html:</span>_||><||_html:<span style=\'background-color: rgba(0.0, '
 "165.0, 0, 0.15); border-radius: 3px;' "
 "title='1.0'>_||>field<||_html:</span>_||><||_html:<span "
 "style='background-color: rgba(0.0, 165.0, 0, 0.15); border-radius: 3px;' "
 'title=\'1.0\'>_||>":<||_html:</span>_||><||_html:<span '
 "style='background-color: rgba(0.0, 165.0, 0, 0.15); border-radius: 3px;' "
 'title=\'1.0\'>_||> "<||_html:</span>_||><||_html:<span '
 "style='background-color: rgba(0.0, 165.0, 0, 0.15); border-radius: 3px;' "
 "title='1.0'>_||>stock<||_html:</span>_||><||_html:<span "
 "style='background-color: rgba(0.0, 165.0, 0, 0.15); border-radius: 3px;' "
 'title=\'1.0\'>_||>",<||_html:</span>_||><||_html:<span '
 "style='background-color: rgba(0.0, 165.0, 0, 0.15); border-radius: 3px;' "
 "title='1.0'>_||>\n"
 "<||_html:</span>_||><||_html:<span style='background-color: rgba(0.0, 165.0, "
 "0, 0.15); border-radius: 3px;' title='1.0'>_||>     "
 "<||_html:</span>_||><||_html:<span style='background-color: rgba(0.0, 165.0, "
 "0, 0.15); border-radius: 3px;' title='1.0'>_||> "
 '"<||_html:</span>_||><||_html:<span style=\'background-color: rgba(0.0, '
 "165.0, 0, 0.15); border-radius: 3px;' "
 "title='1.0'>_||>change<||_html:</span>_||><||_html:<span "
 "style='background-color: rgba(0.0, 165.0, 0, 0.15); border-radius: 3px;' "
 'title=\'1.0\'>_||>":<||_html:</span>_||><||_html:<span '
 "style='background-color: rgba(0.0, 165.0, 0, 0.15); border-radius: 3px;' "
 'title=\'1.0\'>_||> "<||_html:</span>_||><||_html:<span '
 "style='background-color: rgba(0.0, 165.0, 0, 0.15); border-radius: 3px;' "
 "title='1.0'>_||>field<||_html:</span>_||><||_html:<span "
 "style='background-color: rgba(0.0, 165.0, 0, 0.15); border-radius: 3px;' "
 "title='1.0'>_||> removed<||_html:</span>_||><||_html:<span "
 "style='background-color: rgba(0.0, 165.0, 0, 0.15); border-radius: 3px;' "
 'title=\'1.0\'>_||>",<||_html:</span>_||><||_html:<span '
 "style='background-color: rgba(0.0, 165.0, 0, 0.15); border-radius: 3px;' "
 "title='1.0'>_||>\n"
 "<||_html:</span>_||><||_html:<span style='background-color: rgba(0.0, 165.0, "
 "0, 0.15); border-radius: 3px;' title='1.0'>_||>     "
 "<||_html:</span>_||><||_html:<span style='background-color: rgba(0.0, 165.0, "
 "0, 0.15); border-radius: 3px;' title='1.0'>_||> "
 '"<||_html:</span>_||><||_html:<span style=\'background-color: rgba(0.0, '
 "165.0, 0, 0.15); border-radius: 3px;' "
 "title='1.0'>_||>breaking<||_html:</span>_||><||_html:<span "
 "style='background-color: rgba(0.0, 165.0, 0, 0.15); border-radius: 3px;' "
 'title=\'1.0\'>_||>":<||_html:</span>_||><||_html:<span '
 "style='background-color: rgba(0.0, 165.0, 0, 0.15); border-radius: 3px;' "
 'title=\'1.0\'>_||> "<||_html:</span>_||><||_html:<span '
 "style='background-color: rgba(0.0, 165.0, 0, 0.15); border-radius: 3px;' "
 "title='1.0'>_||>true<||_html:</span>_||><||_html:<span "
 "style='background-color: rgba(0.0, 165.0, 0, 0.15); border-radius: 3px;' "
 'title=\'1.0\'>_||>",<||_html:</span>_||><||_html:<span '
 "style='background-color: rgba(0.0, 165.0, 0, 0.15); border-radius: 3px;' "
 "title='1.0'>_||>\n"
 "<||_html:</span>_||><||_html:<span style='background-color: rgba(0.0, 165.0, "
 "0, 0.15); border-radius: 3px;' title='1.0'>_||>     "
 "<||_html:</span>_||><||_html:<span style='background-color: rgba(0.0, 165.0, "
 "0, 0.15); border-radius: 3px;' title='1.0'>_||> "
 '"<||_html:</span>_||><||_html:<span style=\'background-color: rgba(0.0, '
 "165.0, 0, 0.15); border-radius: 3px;' "
 "title='1.0'>_||>release<||_html:</span>_||><||_html:<span "
 "style='background-color: rgba(0.0, 165.0, 0, 0.15); border-radius: 3px;' "
 "title='1.0'>_||>_<||_html:</span>_||><||_html:<span style='background-color: "
 "rgba(0.0, 165.0, 0, 0.15); border-radius: 3px;' "
 "title='1.0'>_||>note<||_html:</span>_||><||_html:<span "
 "style='background-color: rgba(0.0, 165.0, 0, 0.15); border-radius: 3px;' "
 'title=\'1.0\'>_||>":<||_html:</span>_||><||_html:<span '
 "style='background-color: rgba(0.0, 165.0, 0, 0.15); border-radius: 3px;' "
 'title=\'1.0\'>_||> "<||_html:</span>_||><||_html:<span '
 "style='background-color: rgba(0.0, 165.0, 0, 0.15); border-radius: 3px;' "
 "title='1.0'>_||>The<||_html:</span>_||><||_html:<span "
 "style='background-color: rgba(0.0, 165.0, 0, 0.15); border-radius: 3px;' "
 "title='1.0'>_||> '<||_html:</span>_||><||_html:<span "
 "style='background-color: rgba(0.0, 165.0, 0, 0.15); border-radius: 3px;' "
 "title='1.0'>_||>Product<||_html:</span>_||><||_html:<span "
 "style='background-color: rgba(0.0, 165.0, 0, 0.15); border-radius: 3px;' "
 "title='1.0'>_||>'<||_html:</span>_||><||_html:<span style='background-color: "
 "rgba(0.0, 165.0, 0, 0.15); border-radius: 3px;' title='1.0'>_||> "
 "type<||_html:</span>_||><||_html:<span style='background-color: rgba(0.0, "
 "165.0, 0, 0.15); border-radius: 3px;' title='1.0'>_||> "
 "no<||_html:</span>_||><||_html:<span style='background-color: rgba(0.0, "
 "165.0, 0, 0.15); border-radius: 3px;' title='1.0'>_||> "
 "longer<||_html:</span>_||><||_html:<span style='background-color: rgba(0.0, "
 "165.0, 0, 0.15); border-radius: 3px;' title='1.0'>_||> "
 "includes<||_html:</span>_||><||_html:<span style='background-color: "
 "rgba(0.0, 165.0, 0, 0.15); border-radius: 3px;' title='1.0'>_||> "
 "the<||_html:</span>_||><||_html:<span style='background-color: rgba(0.0, "
 "165.0, 0, 0.15); border-radius: 3px;' title='1.0'>_||> "
 "'<||_html:</span>_||><||_html:<span style='background-color: rgba(0.0, "
 "165.0, 0, 0.15); border-radius: 3px;' "
 "title='1.0'>_||>stock<||_html:</span>_||><||_html:<span "
 "style='background-color: rgba(0.0, 165.0, 0, 0.15); border-radius: 3px;' "
 "title='1.0'>_||>'<||_html:</span>_||><||_html:<span style='background-color: "
 "rgba(0.0, 165.0, 0, 0.15); border-radius: 3px;' title='1.0'>_||> "
 "field<||_html:</span>_||><||_html:<span style='background-color: rgba(0.0, "
 "165.0, 0, 0.15); border-radius: 3px;' "
 'title=\'1.0\'>_||>."<||_html:</span>_||><||_html:<span '
 "style='background-color: rgba(0.0, 165.0, 0, 0.15); border-radius: 3px;' "
 "title='1.0'>_||>\n"
 "<||_html:</span>_||><||_html:<span style='background-color: rgba(0.0, 165.0, "
 "0, 0.15); border-radius: 3px;' title='1.0'>_||>   "
 "<||_html:</span>_||><||_html:<span style='background-color: rgba(0.0, 165.0, "
 "0, 0.15); border-radius: 3px;' title='1.0'>_||> "
 "}<||_html:</span>_||><||_html:<span style='background-color: rgba(0.0, "
 "165.0, 0, 0.15); border-radius: 3px;' title='1.0'>_||>\n"
 "<||_html:</span>_||><||_html:<span style='background-color: rgba(0.0, 165.0, "
 "0, 0.15); border-radius: 3px;' title='1.0'>_||> "
 "<||_html:</span>_||><||_html:<span style='background-color: rgba(0.0, 165.0, "
 "0, 0.15); border-radius: 3px;' title='1.0'>_||> "
 "],<||_html:</span>_||><||_html:<span style='background-color: rgba(0.0, "
 "165.0, 0, 0.15); border-radius: 3px;' title='1.0'>_||>\n"
 "<||_html:</span>_||><||_html:<span style='background-color: rgba(0.0, 165.0, "
 "0, 0.15); border-radius: 3px;' title='1.0'>_||> "
 "<||_html:</span>_||><||_html:<span style='background-color: rgba(0.0, 165.0, "
 "0, 0.15); border-radius: 3px;' title='1.0'>_||> "
 '"<||_html:</span>_||><||_html:<span style=\'background-color: rgba(0.0, '
 "165.0, 0, 0.15); border-radius: 3px;' "
 "title='1.0'>_||>release<||_html:</span>_||><||_html:<span "
 "style='background-color: rgba(0.0, 165.0, 0, 0.15); border-radius: 3px;' "
 "title='1.0'>_||>_<||_html:</span>_||><||_html:<span style='background-color: "
 "rgba(0.0, 165.0, 0, 0.15); border-radius: 3px;' "
 "title='1.0'>_||>notes<||_html:</span>_||><||_html:<span "
 "style='background-color: rgba(0.0, 165.0, 0, 0.15); border-radius: 3px;' "
 'title=\'1.0\'>_||>":<||_html:</span>_||><||_html:<span '
 "style='background-color: rgba(0.0, 165.0, 0, 0.15); border-radius: 3px;' "
 "title='1.0'>_||> {<||_html:</span>_||><||_html:<span "
 "style='background-color: rgba(0.0, 165.0, 0, 0.15); border-radius: 3px;' "
 "title='1.0'>_||>\n"
 "<||_html:</span>_||><||_html:<span style='background-color: rgba(0.0, 165.0, "
 "0, 0.15); border-radius: 3px;' title='1.0'>_||>   "
 "<||_html:</span>_||><||_html:<span style='background-color: rgba(0.0, 165.0, "
 "0, 0.15); border-radius: 3px;' title='1.0'>_||> "
 '"<||_html:</span>_||><||_html:<span style=\'background-color: rgba(0.0, '
 "165.0, 0, 0.15); border-radius: 3px;' "
 "title='1.0'>_||>summary<||_html:</span>_||><||_html:<span "
 "style='background-color: rgba(0.0, 165.0, 0, 0.15); border-radius: 3px;' "
 'title=\'1.0\'>_||>":<||_html:</span>_||><||_html:<span '
 "style='background-color: rgba(0.0, 165.0, 0, 0.15); border-radius: 3px;' "
 'title=\'1.0\'>_||> "<||_html:</span>_||><||_html:<span '
 "style='background-color: rgba(0.0, 165.0, 0, 0.15); border-radius: 3px;' "
 "title='1.0'>_||>The<||_html:</span>_||><||_html:<span "
 "style='background-color: rgba(0.0, 165.0, 0, 0.15); border-radius: 3px;' "
 "title='1.0'>_||> '<||_html:</span>_||><||_html:<span "
 "style='background-color: rgba(0.0, 165.0, 0, 0.15); border-radius: 3px;' "
 "title='1.0'>_||>get<||_html:</span>_||><||_html:<span "
 "style='background-color: rgba(0.0, 165.0, 0, 0.15); border-radius: 3px;' "
 "title='1.0'>_||>Product<||_html:</span>_||><||_html:<span "
 "style='background-color: rgba(0.0, 165.0, 0, 0.15); border-radius: 3px;' "
 "title='1.0'>_||>'<||_html:</span>_||><||_html:<span style='background-color: "
 "rgba(0.0, 165.0, 0, 0.15); border-radius: 3px;' title='1.0'>_||> "
 "query<||_html:</span>_||><||_html:<span style='background-color: rgba(0.0, "
 "165.0, 0, 0.15); border-radius: 3px;' title='1.0'>_||> "
 "now<||_html:</span>_||><||_html:<span style='background-color: rgba(0.0, "
 "165.0, 0, 0.15); border-radius: 3px;' title='1.0'>_||> "
 "includes<||_html:</span>_||><||_html:<span style='background-color: "
 "rgba(0.0, 165.0, 0, 0.15); border-radius: 3px;' title='1.0'>_||> "
 "a<||_html:</span>_||><||_html:<span style='background-color: rgba(0.0, "
 "165.0, 0, 0.15); border-radius: 3px;' title='1.0'>_||> "
 "new<||_html:</span>_||><||_html:<span style='background-color: rgba(0.0, "
 "165.0, 0, 0.15); border-radius: 3px;' title='1.0'>_||> "
 "field<||_html:</span>_||><||_html:<span style='background-color: rgba(0.0, "
 "165.0, 0, 0.15); border-radius: 3px;' title='1.0'>_||> "
 "'<||_html:</span>_||><||_html:<span style='background-color: rgba(0.0, "
 "165.0, 0, 0.15); border-radius: 3px;' "
 "title='1.0'>_||>details<||_html:</span>_||><||_html:<span "
 "style='background-color: rgba(0.0, 165.0, 0, 0.15); border-radius: 3px;' "
 "title='1.0'>_||>'<||_html:</span>_||><||_html:<span style='background-color: "
 "rgba(0.0, 165.0, 0, 0.15); border-radius: 3px;' title='1.0'>_||> "
 "of<||_html:</span>_||><||_html:<span style='background-color: rgba(0.0, "
 "165.0, 0, 0.15); border-radius: 3px;' title='1.0'>_||> "
 "type<||_html:</span>_||><||_html:<span style='background-color: rgba(0.0, "
 "165.0, 0, 0.15); border-radius: 3px;' title='1.0'>_||> "
 "String<||_html:</span>_||><||_html:<span style='background-color: rgba(0.0, "
 "165.0, 0, 0.15); border-radius: 3px;' "
 "title='1.0'>_||>.<||_html:</span>_||><||_html:<span style='background-color: "
 "rgba(0.0, 165.0, 0, 0.15); border-radius: 3px;' title='1.0'>_||> "
 "The<||_html:</span>_||><||_html:<span style='background-color: rgba(0.0, "
 "165.0, 0, 0.15); border-radius: 3px;' title='1.0'>_||> "
 "'<||_html:</span>_||><||_html:<span style='background-color: rgba(0.0, "
 "165.0, 0, 0.15); border-radius: 3px;' "
 "title='1.0'>_||>Product<||_html:</span>_||><||_html:<span "
 "style='background-color: rgba(0.0, 165.0, 0, 0.15); border-radius: 3px;' "
 "title='1.0'>_||>'<||_html:</span>_||><||_html:<span style='background-color: "
 "rgba(0.0, 165.0, 0, 0.15); border-radius: 3px;' title='1.0'>_||> "
 "type<||_html:</span>_||><||_html:<span style='background-color: rgba(0.0, "
 "165.0, 0, 0.15); border-radius: 3px;' title='1.0'>_||> "
 "no<||_html:</span>_||><||_html:<span style='background-color: rgba(0.0, "
 "165.0, 0, 0.15); border-radius: 3px;' title='1.0'>_||> "
 "longer<||_html:</span>_||><||_html:<span style='background-color: rgba(0.0, "
 "165.0, 0, 0.15); border-radius: 3px;' title='1.0'>_||> "
 "includes<||_html:</span>_||><||_html:<span style='background-color: "
 "rgba(0.0, 165.0, 0, 0.15); border-radius: 3px;' title='1.0'>_||> "
 "the<||_html:</span>_||><||_html:<span style='background-color: rgba(0.0, "
 "165.0, 0, 0.15); border-radius: 3px;' title='1.0'>_||> "
 "'<||_html:</span>_||><||_html:<span style='background-color: rgba(0.0, "
 "165.0, 0, 0.15); border-radius: 3px;' "
 "title='1.0'>_||>description<||_html:</span>_||><||_html:<span "
 "style='background-color: rgba(0.0, 165.0, 0, 0.15); border-radius: 3px;' "
 "title='1.0'>_||>'<||_html:</span>_||><||_html:<span style='background-color: "
 "rgba(0.0, 165.0, 0, 0.15); border-radius: 3px;' title='1.0'>_||> "
 "and<||_html:</span>_||><||_html:<span style='background-color: rgba(0.0, "
 "165.0, 0, 0.15); border-radius: 3px;' title='1.0'>_||> "
 "'<||_html:</span>_||><||_html:<span style='background-color: rgba(0.0, "
 "165.0, 0, 0.15); border-radius: 3px;' "
 "title='1.0'>_||>stock<||_html:</span>_||><||_html:<span "
 "style='background-color: rgba(0.0, 165.0, 0, 0.15); border-radius: 3px;' "
 "title='1.0'>_||>'<||_html:</span>_||><||_html:<span style='background-color: "
 "rgba(0.0, 165.0, 0, 0.15); border-radius: 3px;' title='1.0'>_||> "
 "fields<||_html:</span>_||><||_html:<span style='background-color: rgba(0.0, "
 "165.0, 0, 0.15); border-radius: 3px;' "
 'title=\'1.0\'>_||>."<||_html:</span>_||><||_html:<span '
 "style='background-color: rgba(0.0, 165.0, 0, 0.15); border-radius: 3px;' "
 "title='1.0'>_||>\n"
 "<||_html:</span>_||><||_html:<span style='background-color: rgba(0.0, 165.0, "
 "0, 0.15); border-radius: 3px;' title='1.0'>_||> "
 "<||_html:</span>_||><||_html:<span style='background-color: rgba(0.0, 165.0, "
 "0, 0.15); border-radius: 3px;' title='1.0'>_||> "
 "}<||_html:</span>_||><||_html:<span style='background-color: rgba(0.0, "
 "165.0, 0, 0.15); border-radius: 3px;' title='1.0'>_||>\n"
 "<||_html:</span>_||><||_html:<span style='background-color: rgba(0.0, 165.0, "
 "0, 0.15); border-radius: 3px;' "
 'title=\'1.0\'>_||>}<||_html:</span>_||>{"changes":<||_html:<span '
 "style='background-color: rgba(0.0, 165.0, 0, 0.15); border-radius: 3px;' "
 "title='1.0'>_||>")
('Analyze the following two GraphQL schemas for changes, including both '
 'breaking and non-breaking changes.\n'
 '\n'
 '                        Provide your analysis in the following JSON format:\n'
 '                        {\n'
 '                          "changes": [\n'
 '                            {\n'
 '                              "type": "String representing the GraphQL type '
 '(e.g., Query, Mutation, Subscription)",\n'
 '                              "field": "String representing the specific '
 'field that changed",\n'
 '                              "change": "String describing the change (e.g., '
 'field renamed, new field added, field removed)",\n'
 '                              "breaking": "Boolean indicating if the change '
 'is breaking (true) or non-breaking (false)",\n'
 '                              "release_note": "String with a natural '
 'language description of the change for release notes"\n'
 '                            }\n'
 '                          ],\n'
 '                          "release_notes": {\n'
 '                              "summary": "String summarizing all changes, '
 'suitable for a mailing list or public announcement"\n'
 '                          }\n'
 '                        }\n'
 '\n'
 '                        When analyzing, consider the following types of '
 'changes:\n'
 '                        1. Removing fields or types (breaking)\n'
 '                        2. Changing field types (potentially breaking)\n'
 '                        3. Adding required fields (breaking)\n'
 '                        4. Changing the type of existing arguments '
 '(breaking)\n'
 '                        5. Adding optional fields (non-breaking)\n'
 '                        6. Adding new types (non-breaking)\n'
 '                        7. Deprecating fields (non-breaking)\n'
 '\n'
 '                        Ensure that each change is categorized correctly as '
 'breaking or non-breaking.: type Query {\n'
 '  getProduct(id: ID!): Product\n'
 '}\n'
 '\n'
 'type Product {\n'
 '  id: ID\n'
 '  name: String\n'
 '  description: String\n'
 '  price: Float\n'
 '  stock: Int\n'
 '}\n'
 ', type Query {\n'
 '  getProduct(id: ID!): Product\n'
 '}\n'
 '\n'
 'type Product {\n'
 '  id: ID\n'
 '  name: String\n'
 '  details: String\n'
 '  price: Float\n'
 '}\n'
 '\n'
 "Answer:<||_html:<span style='background-color: rgba(0.0, 165.0, 0, 0.15); "
 "border-radius: 3px;' title='1.0'>_||> {<||_html:</span>_||><||_html:<span "
 "style='background-color: rgba(0.0, 165.0, 0, 0.15); border-radius: 3px;' "
 "title='1.0'>_||>\n"
 "<||_html:</span>_||><||_html:<span style='background-color: rgba(0.0, 165.0, "
 "0, 0.15); border-radius: 3px;' title='1.0'>_||> "
 "<||_html:</span>_||><||_html:<span style='background-color: rgba(0.0, 165.0, "
 "0, 0.15); border-radius: 3px;' title='1.0'>_||> "
 '"<||_html:</span>_||><||_html:<span style=\'background-color: rgba(0.0, '
 "165.0, 0, 0.15); border-radius: 3px;' "
 "title='1.0'>_||>changes<||_html:</span>_||><||_html:<span "
 "style='background-color: rgba(0.0, 165.0, 0, 0.15); border-radius: 3px;' "
 'title=\'1.0\'>_||>":<||_html:</span>_||><||_html:<span '
 "style='background-color: rgba(0.0, 165.0, 0, 0.15); border-radius: 3px;' "
 "title='1.0'>_||> [<||_html:</span>_||><||_html:<span "
 "style='background-color: rgba(0.0, 165.0, 0, 0.15); border-radius: 3px;' "
 "title='1.0'>_||>\n"
 "<||_html:</span>_||><||_html:<span style='background-color: rgba(0.0, 165.0, "
 "0, 0.15); border-radius: 3px;' title='1.0'>_||>   "
 "<||_html:</span>_||><||_html:<span style='background-color: rgba(0.0, 165.0, "
 "0, 0.15); border-radius: 3px;' title='1.0'>_||> "
 "{<||_html:</span>_||><||_html:<span style='background-color: rgba(0.0, "
 "165.0, 0, 0.15); border-radius: 3px;' title='1.0'>_||>\n"
 "<||_html:</span>_||><||_html:<span style='background-color: rgba(0.0, 165.0, "
 "0, 0.15); border-radius: 3px;' title='1.0'>_||>     "
 "<||_html:</span>_||><||_html:<span style='background-color: rgba(0.0, 165.0, "
 "0, 0.15); border-radius: 3px;' title='1.0'>_||> "
 '"<||_html:</span>_||><||_html:<span style=\'background-color: rgba(0.0, '
 "165.0, 0, 0.15); border-radius: 3px;' "
 "title='1.0'>_||>type<||_html:</span>_||><||_html:<span "
 "style='background-color: rgba(0.0, 165.0, 0, 0.15); border-radius: 3px;' "
 'title=\'1.0\'>_||>":<||_html:</span>_||><||_html:<span '
 "style='background-color: rgba(0.0, 165.0, 0, 0.15); border-radius: 3px;' "
 'title=\'1.0\'>_||> "<||_html:</span>_||><||_html:<span '
 "style='background-color: rgba(0.0, 165.0, 0, 0.15); border-radius: 3px;' "
 "title='1.0'>_||>Query<||_html:</span>_||><||_html:<span "
 "style='background-color: rgba(0.0, 165.0, 0, 0.15); border-radius: 3px;' "
 'title=\'1.0\'>_||>",<||_html:</span>_||><||_html:<span '
 "style='background-color: rgba(0.0, 165.0, 0, 0.15); border-radius: 3px;' "
 "title='1.0'>_||>\n"
 "<||_html:</span>_||><||_html:<span style='background-color: rgba(0.0, 165.0, "
 "0, 0.15); border-radius: 3px;' title='1.0'>_||>     "
 "<||_html:</span>_||><||_html:<span style='background-color: rgba(0.0, 165.0, "
 "0, 0.15); border-radius: 3px;' title='1.0'>_||> "
 '"<||_html:</span>_||><||_html:<span style=\'background-color: rgba(0.0, '
 "165.0, 0, 0.15); border-radius: 3px;' "
 "title='1.0'>_||>field<||_html:</span>_||><||_html:<span "
 "style='background-color: rgba(0.0, 165.0, 0, 0.15); border-radius: 3px;' "
 'title=\'1.0\'>_||>":<||_html:</span>_||><||_html:<span '
 "style='background-color: rgba(0.0, 165.0, 0, 0.15); border-radius: 3px;' "
 'title=\'1.0\'>_||> "<||_html:</span>_||><||_html:<span '
 "style='background-color: rgba(0.0, 165.0, 0, 0.15); border-radius: 3px;' "
 "title='1.0'>_||>get<||_html:</span>_||><||_html:<span "
 "style='background-color: rgba(0.0, 165.0, 0, 0.15); border-radius: 3px;' "
 "title='1.0'>_||>Product<||_html:</span>_||><||_html:<span "
 "style='background-color: rgba(0.0, 165.0, 0, 0.15); border-radius: 3px;' "
 'title=\'1.0\'>_||>",<||_html:</span>_||><||_html:<span '
 "style='background-color: rgba(0.0, 165.0, 0, 0.15); border-radius: 3px;' "
 "title='1.0'>_||>\n"
 "<||_html:</span>_||><||_html:<span style='background-color: rgba(0.0, 165.0, "
 "0, 0.15); border-radius: 3px;' title='1.0'>_||>     "
 "<||_html:</span>_||><||_html:<span style='background-color: rgba(0.0, 165.0, "
 "0, 0.15); border-radius: 3px;' title='1.0'>_||> "
 '"<||_html:</span>_||><||_html:<span style=\'background-color: rgba(0.0, '
 "165.0, 0, 0.15); border-radius: 3px;' "
 "title='1.0'>_||>change<||_html:</span>_||><||_html:<span "
 "style='background-color: rgba(0.0, 165.0, 0, 0.15); border-radius: 3px;' "
 'title=\'1.0\'>_||>":<||_html:</span>_||><||_html:<span '
 "style='background-color: rgba(0.0, 165.0, 0, 0.15); border-radius: 3px;' "
 'title=\'1.0\'>_||> "<||_html:</span>_||><||_html:<span '
 "style='background-color: rgba(0.0, 165.0, 0, 0.15); border-radius: 3px;' "
 "title='1.0'>_||>field<||_html:</span>_||><||_html:<span "
 "style='background-color: rgba(0.0, 165.0, 0, 0.15); border-radius: 3px;' "
 "title='1.0'>_||> details<||_html:</span>_||><||_html:<span "
 "style='background-color: rgba(0.0, 165.0, 0, 0.15); border-radius: 3px;' "
 "title='1.0'>_||> added<||_html:</span>_||><||_html:<span "
 "style='background-color: rgba(0.0, 165.0, 0, 0.15); border-radius: 3px;' "
 'title=\'1.0\'>_||>",<||_html:</span>_||><||_html:<span '
 "style='background-color: rgba(0.0, 165.0, 0, 0.15); border-radius: 3px;' "
 "title='1.0'>_||>\n"
 "<||_html:</span>_||><||_html:<span style='background-color: rgba(0.0, 165.0, "
 "0, 0.15); border-radius: 3px;' title='1.0'>_||>     "
 "<||_html:</span>_||><||_html:<span style='background-color: rgba(0.0, 165.0, "
 "0, 0.15); border-radius: 3px;' title='1.0'>_||> "
 '"<||_html:</span>_||><||_html:<span style=\'background-color: rgba(0.0, '
 "165.0, 0, 0.15); border-radius: 3px;' "
 "title='1.0'>_||>breaking<||_html:</span>_||><||_html:<span "
 "style='background-color: rgba(0.0, 165.0, 0, 0.15); border-radius: 3px;' "
 'title=\'1.0\'>_||>":<||_html:</span>_||><||_html:<span '
 "style='background-color: rgba(0.0, 165.0, 0, 0.15); border-radius: 3px;' "
 'title=\'1.0\'>_||> "<||_html:</span>_||><||_html:<span '
 "style='background-color: rgba(0.0, 165.0, 0, 0.15); border-radius: 3px;' "
 "title='1.0'>_||>false<||_html:</span>_||><||_html:<span "
 "style='background-color: rgba(0.0, 165.0, 0, 0.15); border-radius: 3px;' "
 'title=\'1.0\'>_||>",<||_html:</span>_||><||_html:<span '
 "style='background-color: rgba(0.0, 165.0, 0, 0.15); border-radius: 3px;' "
 "title='1.0'>_||>\n"
 "<||_html:</span>_||><||_html:<span style='background-color: rgba(0.0, 165.0, "
 "0, 0.15); border-radius: 3px;' title='1.0'>_||>     "
 "<||_html:</span>_||><||_html:<span style='background-color: rgba(0.0, 165.0, "
 "0, 0.15); border-radius: 3px;' title='1.0'>_||> "
 '"<||_html:</span>_||><||_html:<span style=\'background-color: rgba(0.0, '
 "165.0, 0, 0.15); border-radius: 3px;' "
 "title='1.0'>_||>release<||_html:</span>_||><||_html:<span "
 "style='background-color: rgba(0.0, 165.0, 0, 0.15); border-radius: 3px;' "
 "title='1.0'>_||>_<||_html:</span>_||><||_html:<span style='background-color: "
 "rgba(0.0, 165.0, 0, 0.15); border-radius: 3px;' "
 "title='1.0'>_||>note<||_html:</span>_||><||_html:<span "
 "style='background-color: rgba(0.0, 165.0, 0, 0.15); border-radius: 3px;' "
 'title=\'1.0\'>_||>":<||_html:</span>_||><||_html:<span '
 "style='background-color: rgba(0.0, 165.0, 0, 0.15); border-radius: 3px;' "
 'title=\'1.0\'>_||> "<||_html:</span>_||><||_html:<span '
 "style='background-color: rgba(0.0, 165.0, 0, 0.15); border-radius: 3px;' "
 "title='1.0'>_||>The<||_html:</span>_||><||_html:<span "
 "style='background-color: rgba(0.0, 165.0, 0, 0.15); border-radius: 3px;' "
 "title='1.0'>_||> '<||_html:</span>_||><||_html:<span "
 "style='background-color: rgba(0.0, 165.0, 0, 0.15); border-radius: 3px;' "
 "title='1.0'>_||>get<||_html:</span>_||><||_html:<span "
 "style='background-color: rgba(0.0, 165.0, 0, 0.15); border-radius: 3px;' "
 "title='1.0'>_||>Product<||_html:</span>_||><||_html:<span "
 "style='background-color: rgba(0.0, 165.0, 0, 0.15); border-radius: 3px;' "
 "title='1.0'>_||>'<||_html:</span>_||><||_html:<span style='background-color: "
 "rgba(0.0, 165.0, 0, 0.15); border-radius: 3px;' title='1.0'>_||> "
 "query<||_html:</span>_||><||_html:<span style='background-color: rgba(0.0, "
 "165.0, 0, 0.15); border-radius: 3px;' title='1.0'>_||> "
 "now<||_html:</span>_||><||_html:<span style='background-color: rgba(0.0, "
 "165.0, 0, 0.15); border-radius: 3px;' title='1.0'>_||> "
 "includes<||_html:</span>_||><||_html:<span style='background-color: "
 "rgba(0.0, 165.0, 0, 0.15); border-radius: 3px;' title='1.0'>_||> "
 "a<||_html:</span>_||><||_html:<span style='background-color: rgba(0.0, "
 "165.0, 0, 0.15); border-radius: 3px;' title='1.0'>_||> "
 "new<||_html:</span>_||><||_html:<span style='background-color: rgba(0.0, "
 "165.0, 0, 0.15); border-radius: 3px;' title='1.0'>_||> "
 "field<||_html:</span>_||><||_html:<span style='background-color: rgba(0.0, "
 "165.0, 0, 0.15); border-radius: 3px;' title='1.0'>_||> "
 "'<||_html:</span>_||><||_html:<span style='background-color: rgba(0.0, "
 "165.0, 0, 0.15); border-radius: 3px;' "
 "title='1.0'>_||>details<||_html:</span>_||><||_html:<span "
 "style='background-color: rgba(0.0, 165.0, 0, 0.15); border-radius: 3px;' "
 "title='1.0'>_||>'<||_html:</span>_||><||_html:<span style='background-color: "
 "rgba(0.0, 165.0, 0, 0.15); border-radius: 3px;' title='1.0'>_||> "
 "of<||_html:</span>_||><||_html:<span style='background-color: rgba(0.0, "
 "165.0, 0, 0.15); border-radius: 3px;' title='1.0'>_||> "
 "type<||_html:</span>_||><||_html:<span style='background-color: rgba(0.0, "
 "165.0, 0, 0.15); border-radius: 3px;' title='1.0'>_||> "
 "String<||_html:</span>_||><||_html:<span style='background-color: rgba(0.0, "
 "165.0, 0, 0.15); border-radius: 3px;' "
 'title=\'1.0\'>_||>."<||_html:</span>_||><||_html:<span '
 "style='background-color: rgba(0.0, 165.0, 0, 0.15); border-radius: 3px;' "
 "title='1.0'>_||>\n"
 "<||_html:</span>_||><||_html:<span style='background-color: rgba(0.0, 165.0, "
 "0, 0.15); border-radius: 3px;' title='1.0'>_||>   "
 "<||_html:</span>_||><||_html:<span style='background-color: rgba(0.0, 165.0, "
 "0, 0.15); border-radius: 3px;' title='1.0'>_||> "
 "},<||_html:</span>_||><||_html:<span style='background-color: rgba(0.0, "
 "165.0, 0, 0.15); border-radius: 3px;' title='1.0'>_||>\n"
 "<||_html:</span>_||><||_html:<span style='background-color: rgba(0.0, 165.0, "
 "0, 0.15); border-radius: 3px;' title='1.0'>_||>   "
 "<||_html:</span>_||><||_html:<span style='background-color: rgba(0.0, 165.0, "
 "0, 0.15); border-radius: 3px;' title='1.0'>_||> "
 "{<||_html:</span>_||><||_html:<span style='background-color: rgba(0.0, "
 "165.0, 0, 0.15); border-radius: 3px;' title='1.0'>_||>\n"
 "<||_html:</span>_||><||_html:<span style='background-color: rgba(0.0, 165.0, "
 "0, 0.15); border-radius: 3px;' title='1.0'>_||>     "
 "<||_html:</span>_||><||_html:<span style='background-color: rgba(0.0, 165.0, "
 "0, 0.15); border-radius: 3px;' title='1.0'>_||> "
 '"<||_html:</span>_||><||_html:<span style=\'background-color: rgba(0.0, '
 "165.0, 0, 0.15); border-radius: 3px;' "
 "title='1.0'>_||>type<||_html:</span>_||><||_html:<span "
 "style='background-color: rgba(0.0, 165.0, 0, 0.15); border-radius: 3px;' "
 'title=\'1.0\'>_||>":<||_html:</span>_||><||_html:<span '
 "style='background-color: rgba(0.0, 165.0, 0, 0.15); border-radius: 3px;' "
 'title=\'1.0\'>_||> "<||_html:</span>_||><||_html:<span '
 "style='background-color: rgba(0.0, 165.0, 0, 0.15); border-radius: 3px;' "
 "title='1.0'>_||>Product<||_html:</span>_||><||_html:<span "
 "style='background-color: rgba(0.0, 165.0, 0, 0.15); border-radius: 3px;' "
 'title=\'1.0\'>_||>",<||_html:</span>_||><||_html:<span '
 "style='background-color: rgba(0.0, 165.0, 0, 0.15); border-radius: 3px;' "
 "title='1.0'>_||>\n"
 "<||_html:</span>_||><||_html:<span style='background-color: rgba(0.0, 165.0, "
 "0, 0.15); border-radius: 3px;' title='1.0'>_||>     "
 "<||_html:</span>_||><||_html:<span style='background-color: rgba(0.0, 165.0, "
 "0, 0.15); border-radius: 3px;' title='1.0'>_||> "
 '"<||_html:</span>_||><||_html:<span style=\'background-color: rgba(0.0, '
 "165.0, 0, 0.15); border-radius: 3px;' "
 "title='1.0'>_||>field<||_html:</span>_||><||_html:<span "
 "style='background-color: rgba(0.0, 165.0, 0, 0.15); border-radius: 3px;' "
 'title=\'1.0\'>_||>":<||_html:</span>_||><||_html:<span '
 "style='background-color: rgba(0.0, 165.0, 0, 0.15); border-radius: 3px;' "
 'title=\'1.0\'>_||> "<||_html:</span>_||><||_html:<span '
 "style='background-color: rgba(0.0, 165.0, 0, 0.15); border-radius: 3px;' "
 "title='1.0'>_||>description<||_html:</span>_||><||_html:<span "
 "style='background-color: rgba(0.0, 165.0, 0, 0.15); border-radius: 3px;' "
 'title=\'1.0\'>_||>",<||_html:</span>_||><||_html:<span '
 "style='background-color: rgba(0.0, 165.0, 0, 0.15); border-radius: 3px;' "
 "title='1.0'>_||>\n"
 "<||_html:</span>_||><||_html:<span style='background-color: rgba(0.0, 165.0, "
 "0, 0.15); border-radius: 3px;' title='1.0'>_||>     "
 "<||_html:</span>_||><||_html:<span style='background-color: rgba(0.0, 165.0, "
 "0, 0.15); border-radius: 3px;' title='1.0'>_||> "
 '"<||_html:</span>_||><||_html:<span style=\'background-color: rgba(0.0, '
 "165.0, 0, 0.15); border-radius: 3px;' "
 "title='1.0'>_||>change<||_html:</span>_||><||_html:<span "
 "style='background-color: rgba(0.0, 165.0, 0, 0.15); border-radius: 3px;' "
 'title=\'1.0\'>_||>":<||_html:</span>_||><||_html:<span '
 "style='background-color: rgba(0.0, 165.0, 0, 0.15); border-radius: 3px;' "
 'title=\'1.0\'>_||> "<||_html:</span>_||><||_html:<span '
 "style='background-color: rgba(0.0, 165.0, 0, 0.15); border-radius: 3px;' "
 "title='1.0'>_||>field<||_html:</span>_||><||_html:<span "
 "style='background-color: rgba(0.0, 165.0, 0, 0.15); border-radius: 3px;' "
 "title='1.0'>_||> removed<||_html:</span>_||><||_html:<span "
 "style='background-color: rgba(0.0, 165.0, 0, 0.15); border-radius: 3px;' "
 'title=\'1.0\'>_||>",<||_html:</span>_||><||_html:<span '
 "style='background-color: rgba(0.0, 165.0, 0, 0.15); border-radius: 3px;' "
 "title='1.0'>_||>\n"
 "<||_html:</span>_||><||_html:<span style='background-color: rgba(0.0, 165.0, "
 "0, 0.15); border-radius: 3px;' title='1.0'>_||>     "
 "<||_html:</span>_||><||_html:<span style='background-color: rgba(0.0, 165.0, "
 "0, 0.15); border-radius: 3px;' title='1.0'>_||> "
 '"<||_html:</span>_||><||_html:<span style=\'background-color: rgba(0.0, '
 "165.0, 0, 0.15); border-radius: 3px;' "
 "title='1.0'>_||>breaking<||_html:</span>_||><||_html:<span "
 "style='background-color: rgba(0.0, 165.0, 0, 0.15); border-radius: 3px;' "
 'title=\'1.0\'>_||>":<||_html:</span>_||><||_html:<span '
 "style='background-color: rgba(0.0, 165.0, 0, 0.15); border-radius: 3px;' "
 'title=\'1.0\'>_||> "<||_html:</span>_||><||_html:<span '
 "style='background-color: rgba(0.0, 165.0, 0, 0.15); border-radius: 3px;' "
 "title='1.0'>_||>true<||_html:</span>_||><||_html:<span "
 "style='background-color: rgba(0.0, 165.0, 0, 0.15); border-radius: 3px;' "
 'title=\'1.0\'>_||>",<||_html:</span>_||><||_html:<span '
 "style='background-color: rgba(0.0, 165.0, 0, 0.15); border-radius: 3px;' "
 "title='1.0'>_||>\n"
 "<||_html:</span>_||><||_html:<span style='background-color: rgba(0.0, 165.0, "
 "0, 0.15); border-radius: 3px;' title='1.0'>_||>     "
 "<||_html:</span>_||><||_html:<span style='background-color: rgba(0.0, 165.0, "
 "0, 0.15); border-radius: 3px;' title='1.0'>_||> "
 '"<||_html:</span>_||><||_html:<span style=\'background-color: rgba(0.0, '
 "165.0, 0, 0.15); border-radius: 3px;' "
 "title='1.0'>_||>release<||_html:</span>_||><||_html:<span "
 "style='background-color: rgba(0.0, 165.0, 0, 0.15); border-radius: 3px;' "
 "title='1.0'>_||>_<||_html:</span>_||><||_html:<span style='background-color: "
 "rgba(0.0, 165.0, 0, 0.15); border-radius: 3px;' "
 "title='1.0'>_||>note<||_html:</span>_||><||_html:<span "
 "style='background-color: rgba(0.0, 165.0, 0, 0.15); border-radius: 3px;' "
 'title=\'1.0\'>_||>":<||_html:</span>_||><||_html:<span '
 "style='background-color: rgba(0.0, 165.0, 0, 0.15); border-radius: 3px;' "
 'title=\'1.0\'>_||> "<||_html:</span>_||><||_html:<span '
 "style='background-color: rgba(0.0, 165.0, 0, 0.15); border-radius: 3px;' "
 "title='1.0'>_||>The<||_html:</span>_||><||_html:<span "
 "style='background-color: rgba(0.0, 165.0, 0, 0.15); border-radius: 3px;' "
 "title='1.0'>_||> '<||_html:</span>_||><||_html:<span "
 "style='background-color: rgba(0.0, 165.0, 0, 0.15); border-radius: 3px;' "
 "title='1.0'>_||>Product<||_html:</span>_||><||_html:<span "
 "style='background-color: rgba(0.0, 165.0, 0, 0.15); border-radius: 3px;' "
 "title='1.0'>_||>'<||_html:</span>_||><||_html:<span style='background-color: "
 "rgba(0.0, 165.0, 0, 0.15); border-radius: 3px;' title='1.0'>_||> "
 "type<||_html:</span>_||><||_html:<span style='background-color: rgba(0.0, "
 "165.0, 0, 0.15); border-radius: 3px;' title='1.0'>_||> "
 "no<||_html:</span>_||><||_html:<span style='background-color: rgba(0.0, "
 "165.0, 0, 0.15); border-radius: 3px;' title='1.0'>_||> "
 "longer<||_html:</span>_||><||_html:<span style='background-color: rgba(0.0, "
 "165.0, 0, 0.15); border-radius: 3px;' title='1.0'>_||> "
 "includes<||_html:</span>_||><||_html:<span style='background-color: "
 "rgba(0.0, 165.0, 0, 0.15); border-radius: 3px;' title='1.0'>_||> "
 "the<||_html:</span>_||><||_html:<span style='background-color: rgba(0.0, "
 "165.0, 0, 0.15); border-radius: 3px;' title='1.0'>_||> "
 "'<||_html:</span>_||><||_html:<span style='background-color: rgba(0.0, "
 "165.0, 0, 0.15); border-radius: 3px;' "
 "title='1.0'>_||>description<||_html:</span>_||><||_html:<span "
 "style='background-color: rgba(0.0, 165.0, 0, 0.15); border-radius: 3px;' "
 "title='1.0'>_||>'<||_html:</span>_||><||_html:<span style='background-color: "
 "rgba(0.0, 165.0, 0, 0.15); border-radius: 3px;' title='1.0'>_||> "
 "field<||_html:</span>_||><||_html:<span style='background-color: rgba(0.0, "
 "165.0, 0, 0.15); border-radius: 3px;' "
 'title=\'1.0\'>_||>."<||_html:</span>_||><||_html:<span '
 "style='background-color: rgba(0.0, 165.0, 0, 0.15); border-radius: 3px;' "
 "title='1.0'>_||>\n"
 "<||_html:</span>_||><||_html:<span style='background-color: rgba(0.0, 165.0, "
 "0, 0.15); border-radius: 3px;' title='1.0'>_||>   "
 "<||_html:</span>_||><||_html:<span style='background-color: rgba(0.0, 165.0, "
 "0, 0.15); border-radius: 3px;' title='1.0'>_||> "
 "},<||_html:</span>_||><||_html:<span style='background-color: rgba(0.0, "
 "165.0, 0, 0.15); border-radius: 3px;' title='1.0'>_||>\n"
 "<||_html:</span>_||><||_html:<span style='background-color: rgba(0.0, 165.0, "
 "0, 0.15); border-radius: 3px;' title='1.0'>_||>   "
 "<||_html:</span>_||><||_html:<span style='background-color: rgba(0.0, 165.0, "
 "0, 0.15); border-radius: 3px;' title='1.0'>_||> "
 "{<||_html:</span>_||><||_html:<span style='background-color: rgba(0.0, "
 "165.0, 0, 0.15); border-radius: 3px;' title='1.0'>_||>\n"
 "<||_html:</span>_||><||_html:<span style='background-color: rgba(0.0, 165.0, "
 "0, 0.15); border-radius: 3px;' title='1.0'>_||>     "
 "<||_html:</span>_||><||_html:<span style='background-color: rgba(0.0, 165.0, "
 "0, 0.15); border-radius: 3px;' title='1.0'>_||> "
 '"<||_html:</span>_||><||_html:<span style=\'background-color: rgba(0.0, '
 "165.0, 0, 0.15); border-radius: 3px;' "
 "title='1.0'>_||>type<||_html:</span>_||><||_html:<span "
 "style='background-color: rgba(0.0, 165.0, 0, 0.15); border-radius: 3px;' "
 'title=\'1.0\'>_||>":<||_html:</span>_||><||_html:<span '
 "style='background-color: rgba(0.0, 165.0, 0, 0.15); border-radius: 3px;' "
 'title=\'1.0\'>_||> "<||_html:</span>_||><||_html:<span '
 "style='background-color: rgba(0.0, 165.0, 0, 0.15); border-radius: 3px;' "
 "title='1.0'>_||>Product<||_html:</span>_||><||_html:<span "
 "style='background-color: rgba(0.0, 165.0, 0, 0.15); border-radius: 3px;' "
 'title=\'1.0\'>_||>",<||_html:</span>_||><||_html:<span '
 "style='background-color: rgba(0.0, 165.0, 0, 0.15); border-radius: 3px;' "
 "title='1.0'>_||>\n"
 "<||_html:</span>_||><||_html:<span style='background-color: rgba(0.0, 165.0, "
 "0, 0.15); border-radius: 3px;' title='1.0'>_||>     "
 "<||_html:</span>_||><||_html:<span style='background-color: rgba(0.0, 165.0, "
 "0, 0.15); border-radius: 3px;' title='1.0'>_||> "
 '"<||_html:</span>_||><||_html:<span style=\'background-color: rgba(0.0, '
 "165.0, 0, 0.15); border-radius: 3px;' "
 "title='1.0'>_||>field<||_html:</span>_||><||_html:<span "
 "style='background-color: rgba(0.0, 165.0, 0, 0.15); border-radius: 3px;' "
 'title=\'1.0\'>_||>":<||_html:</span>_||><||_html:<span '
 "style='background-color: rgba(0.0, 165.0, 0, 0.15); border-radius: 3px;' "
 'title=\'1.0\'>_||> "<||_html:</span>_||><||_html:<span '
 "style='background-color: rgba(0.0, 165.0, 0, 0.15); border-radius: 3px;' "
 "title='1.0'>_||>stock<||_html:</span>_||><||_html:<span "
 "style='background-color: rgba(0.0, 165.0, 0, 0.15); border-radius: 3px;' "
 'title=\'1.0\'>_||>",<||_html:</span>_||><||_html:<span '
 "style='background-color: rgba(0.0, 165.0, 0, 0.15); border-radius: 3px;' "
 "title='1.0'>_||>\n"
 "<||_html:</span>_||><||_html:<span style='background-color: rgba(0.0, 165.0, "
 "0, 0.15); border-radius: 3px;' title='1.0'>_||>     "
 "<||_html:</span>_||><||_html:<span style='background-color: rgba(0.0, 165.0, "
 "0, 0.15); border-radius: 3px;' title='1.0'>_||> "
 '"<||_html:</span>_||><||_html:<span style=\'background-color: rgba(0.0, '
 "165.0, 0, 0.15); border-radius: 3px;' "
 "title='1.0'>_||>change<||_html:</span>_||><||_html:<span "
 "style='background-color: rgba(0.0, 165.0, 0, 0.15); border-radius: 3px;' "
 'title=\'1.0\'>_||>":<||_html:</span>_||><||_html:<span '
 "style='background-color: rgba(0.0, 165.0, 0, 0.15); border-radius: 3px;' "
 'title=\'1.0\'>_||> "<||_html:</span>_||><||_html:<span '
 "style='background-color: rgba(0.0, 165.0, 0, 0.15); border-radius: 3px;' "
 "title='1.0'>_||>field<||_html:</span>_||><||_html:<span "
 "style='background-color: rgba(0.0, 165.0, 0, 0.15); border-radius: 3px;' "
 "title='1.0'>_||> removed<||_html:</span>_||><||_html:<span "
 "style='background-color: rgba(0.0, 165.0, 0, 0.15); border-radius: 3px;' "
 'title=\'1.0\'>_||>",<||_html:</span>_||><||_html:<span '
 "style='background-color: rgba(0.0, 165.0, 0, 0.15); border-radius: 3px;' "
 "title='1.0'>_||>\n"
 "<||_html:</span>_||><||_html:<span style='background-color: rgba(0.0, 165.0, "
 "0, 0.15); border-radius: 3px;' title='1.0'>_||>     "
 "<||_html:</span>_||><||_html:<span style='background-color: rgba(0.0, 165.0, "
 "0, 0.15); border-radius: 3px;' title='1.0'>_||> "
 '"<||_html:</span>_||><||_html:<span style=\'background-color: rgba(0.0, '
 "165.0, 0, 0.15); border-radius: 3px;' "
 "title='1.0'>_||>breaking<||_html:</span>_||><||_html:<span "
 "style='background-color: rgba(0.0, 165.0, 0, 0.15); border-radius: 3px;' "
 'title=\'1.0\'>_||>":<||_html:</span>_||><||_html:<span '
 "style='background-color: rgba(0.0, 165.0, 0, 0.15); border-radius: 3px;' "
 'title=\'1.0\'>_||> "<||_html:</span>_||><||_html:<span '
 "style='background-color: rgba(0.0, 165.0, 0, 0.15); border-radius: 3px;' "
 "title='1.0'>_||>true<||_html:</span>_||><||_html:<span "
 "style='background-color: rgba(0.0, 165.0, 0, 0.15); border-radius: 3px;' "
 'title=\'1.0\'>_||>",<||_html:</span>_||><||_html:<span '
 "style='background-color: rgba(0.0, 165.0, 0, 0.15); border-radius: 3px;' "
 "title='1.0'>_||>\n"
 "<||_html:</span>_||><||_html:<span style='background-color: rgba(0.0, 165.0, "
 "0, 0.15); border-radius: 3px;' title='1.0'>_||>     "
 "<||_html:</span>_||><||_html:<span style='background-color: rgba(0.0, 165.0, "
 "0, 0.15); border-radius: 3px;' title='1.0'>_||> "
 '"<||_html:</span>_||><||_html:<span style=\'background-color: rgba(0.0, '
 "165.0, 0, 0.15); border-radius: 3px;' "
 "title='1.0'>_||>release<||_html:</span>_||><||_html:<span "
 "style='background-color: rgba(0.0, 165.0, 0, 0.15); border-radius: 3px;' "
 "title='1.0'>_||>_<||_html:</span>_||><||_html:<span style='background-color: "
 "rgba(0.0, 165.0, 0, 0.15); border-radius: 3px;' "
 "title='1.0'>_||>note<||_html:</span>_||><||_html:<span "
 "style='background-color: rgba(0.0, 165.0, 0, 0.15); border-radius: 3px;' "
 'title=\'1.0\'>_||>":<||_html:</span>_||><||_html:<span '
 "style='background-color: rgba(0.0, 165.0, 0, 0.15); border-radius: 3px;' "
 'title=\'1.0\'>_||> "<||_html:</span>_||><||_html:<span '
 "style='background-color: rgba(0.0, 165.0, 0, 0.15); border-radius: 3px;' "
 "title='1.0'>_||>The<||_html:</span>_||><||_html:<span "
 "style='background-color: rgba(0.0, 165.0, 0, 0.15); border-radius: 3px;' "
 "title='1.0'>_||> '<||_html:</span>_||><||_html:<span "
 "style='background-color: rgba(0.0, 165.0, 0, 0.15); border-radius: 3px;' "
 "title='1.0'>_||>Product<||_html:</span>_||><||_html:<span "
 "style='background-color: rgba(0.0, 165.0, 0, 0.15); border-radius: 3px;' "
 "title='1.0'>_||>'<||_html:</span>_||><||_html:<span style='background-color: "
 "rgba(0.0, 165.0, 0, 0.15); border-radius: 3px;' title='1.0'>_||> "
 "type<||_html:</span>_||><||_html:<span style='background-color: rgba(0.0, "
 "165.0, 0, 0.15); border-radius: 3px;' title='1.0'>_||> "
 "no<||_html:</span>_||><||_html:<span style='background-color: rgba(0.0, "
 "165.0, 0, 0.15); border-radius: 3px;' title='1.0'>_||> "
 "longer<||_html:</span>_||><||_html:<span style='background-color: rgba(0.0, "
 "165.0, 0, 0.15); border-radius: 3px;' title='1.0'>_||> "
 "includes<||_html:</span>_||><||_html:<span style='background-color: "
 "rgba(0.0, 165.0, 0, 0.15); border-radius: 3px;' title='1.0'>_||> "
 "the<||_html:</span>_||><||_html:<span style='background-color: rgba(0.0, "
 "165.0, 0, 0.15); border-radius: 3px;' title='1.0'>_||> "
 "'<||_html:</span>_||><||_html:<span style='background-color: rgba(0.0, "
 "165.0, 0, 0.15); border-radius: 3px;' "
 "title='1.0'>_||>stock<||_html:</span>_||><||_html:<span "
 "style='background-color: rgba(0.0, 165.0, 0, 0.15); border-radius: 3px;' "
 "title='1.0'>_||>'<||_html:</span>_||><||_html:<span style='background-color: "
 "rgba(0.0, 165.0, 0, 0.15); border-radius: 3px;' title='1.0'>_||> "
 "field<||_html:</span>_||><||_html:<span style='background-color: rgba(0.0, "
 "165.0, 0, 0.15); border-radius: 3px;' "
 'title=\'1.0\'>_||>."<||_html:</span>_||><||_html:<span '
 "style='background-color: rgba(0.0, 165.0, 0, 0.15); border-radius: 3px;' "
 "title='1.0'>_||>\n"
 "<||_html:</span>_||><||_html:<span style='background-color: rgba(0.0, 165.0, "
 "0, 0.15); border-radius: 3px;' title='1.0'>_||>   "
 "<||_html:</span>_||><||_html:<span style='background-color: rgba(0.0, 165.0, "
 "0, 0.15); border-radius: 3px;' title='1.0'>_||> "
 "}<||_html:</span>_||><||_html:<span style='background-color: rgba(0.0, "
 "165.0, 0, 0.15); border-radius: 3px;' title='1.0'>_||>\n"
 "<||_html:</span>_||><||_html:<span style='background-color: rgba(0.0, 165.0, "
 "0, 0.15); border-radius: 3px;' title='1.0'>_||> "
 "<||_html:</span>_||><||_html:<span style='background-color: rgba(0.0, 165.0, "
 "0, 0.15); border-radius: 3px;' title='1.0'>_||> "
 "],<||_html:</span>_||><||_html:<span style='background-color: rgba(0.0, "
 "165.0, 0, 0.15); border-radius: 3px;' title='1.0'>_||>\n"
 "<||_html:</span>_||><||_html:<span style='background-color: rgba(0.0, 165.0, "
 "0, 0.15); border-radius: 3px;' title='1.0'>_||> "
 "<||_html:</span>_||><||_html:<span style='background-color: rgba(0.0, 165.0, "
 "0, 0.15); border-radius: 3px;' title='1.0'>_||> "
 '"<||_html:</span>_||><||_html:<span style=\'background-color: rgba(0.0, '
 "165.0, 0, 0.15); border-radius: 3px;' "
 "title='1.0'>_||>release<||_html:</span>_||><||_html:<span "
 "style='background-color: rgba(0.0, 165.0, 0, 0.15); border-radius: 3px;' "
 "title='1.0'>_||>_<||_html:</span>_||><||_html:<span style='background-color: "
 "rgba(0.0, 165.0, 0, 0.15); border-radius: 3px;' "
 "title='1.0'>_||>notes<||_html:</span>_||><||_html:<span "
 "style='background-color: rgba(0.0, 165.0, 0, 0.15); border-radius: 3px;' "
 'title=\'1.0\'>_||>":<||_html:</span>_||><||_html:<span '
 "style='background-color: rgba(0.0, 165.0, 0, 0.15); border-radius: 3px;' "
 "title='1.0'>_||> {<||_html:</span>_||><||_html:<span "
 "style='background-color: rgba(0.0, 165.0, 0, 0.15); border-radius: 3px;' "
 "title='1.0'>_||>\n"
 "<||_html:</span>_||><||_html:<span style='background-color: rgba(0.0, 165.0, "
 "0, 0.15); border-radius: 3px;' title='1.0'>_||>   "
 "<||_html:</span>_||><||_html:<span style='background-color: rgba(0.0, 165.0, "
 "0, 0.15); border-radius: 3px;' title='1.0'>_||> "
 '"<||_html:</span>_||><||_html:<span style=\'background-color: rgba(0.0, '
 "165.0, 0, 0.15); border-radius: 3px;' "
 "title='1.0'>_||>summary<||_html:</span>_||><||_html:<span "
 "style='background-color: rgba(0.0, 165.0, 0, 0.15); border-radius: 3px;' "
 'title=\'1.0\'>_||>":<||_html:</span>_||><||_html:<span '
 "style='background-color: rgba(0.0, 165.0, 0, 0.15); border-radius: 3px;' "
 'title=\'1.0\'>_||> "<||_html:</span>_||><||_html:<span '
 "style='background-color: rgba(0.0, 165.0, 0, 0.15); border-radius: 3px;' "
 "title='1.0'>_||>The<||_html:</span>_||><||_html:<span "
 "style='background-color: rgba(0.0, 165.0, 0, 0.15); border-radius: 3px;' "
 "title='1.0'>_||> '<||_html:</span>_||><||_html:<span "
 "style='background-color: rgba(0.0, 165.0, 0, 0.15); border-radius: 3px;' "
 "title='1.0'>_||>get<||_html:</span>_||><||_html:<span "
 "style='background-color: rgba(0.0, 165.0, 0, 0.15); border-radius: 3px;' "
 "title='1.0'>_||>Product<||_html:</span>_||><||_html:<span "
 "style='background-color: rgba(0.0, 165.0, 0, 0.15); border-radius: 3px;' "
 "title='1.0'>_||>'<||_html:</span>_||><||_html:<span style='background-color: "
 "rgba(0.0, 165.0, 0, 0.15); border-radius: 3px;' title='1.0'>_||> "
 "query<||_html:</span>_||><||_html:<span style='background-color: rgba(0.0, "
 "165.0, 0, 0.15); border-radius: 3px;' title='1.0'>_||> "
 "now<||_html:</span>_||><||_html:<span style='background-color: rgba(0.0, "
 "165.0, 0, 0.15); border-radius: 3px;' title='1.0'>_||> "
 "includes<||_html:</span>_||><||_html:<span style='background-color: "
 "rgba(0.0, 165.0, 0, 0.15); border-radius: 3px;' title='1.0'>_||> "
 "a<||_html:</span>_||><||_html:<span style='background-color: rgba(0.0, "
 "165.0, 0, 0.15); border-radius: 3px;' title='1.0'>_||> "
 "new<||_html:</span>_||><||_html:<span style='background-color: rgba(0.0, "
 "165.0, 0, 0.15); border-radius: 3px;' title='1.0'>_||> "
 "field<||_html:</span>_||><||_html:<span style='background-color: rgba(0.0, "
 "165.0, 0, 0.15); border-radius: 3px;' title='1.0'>_||> "
 "'<||_html:</span>_||><||_html:<span style='background-color: rgba(0.0, "
 "165.0, 0, 0.15); border-radius: 3px;' "
 "title='1.0'>_||>details<||_html:</span>_||><||_html:<span "
 "style='background-color: rgba(0.0, 165.0, 0, 0.15); border-radius: 3px;' "
 "title='1.0'>_||>'<||_html:</span>_||><||_html:<span style='background-color: "
 "rgba(0.0, 165.0, 0, 0.15); border-radius: 3px;' title='1.0'>_||> "
 "of<||_html:</span>_||><||_html:<span style='background-color: rgba(0.0, "
 "165.0, 0, 0.15); border-radius: 3px;' title='1.0'>_||> "
 "type<||_html:</span>_||><||_html:<span style='background-color: rgba(0.0, "
 "165.0, 0, 0.15); border-radius: 3px;' title='1.0'>_||> "
 "String<||_html:</span>_||><||_html:<span style='background-color: rgba(0.0, "
 "165.0, 0, 0.15); border-radius: 3px;' "
 "title='1.0'>_||>.<||_html:</span>_||><||_html:<span style='background-color: "
 "rgba(0.0, 165.0, 0, 0.15); border-radius: 3px;' title='1.0'>_||> "
 "The<||_html:</span>_||><||_html:<span style='background-color: rgba(0.0, "
 "165.0, 0, 0.15); border-radius: 3px;' title='1.0'>_||> "
 "'<||_html:</span>_||><||_html:<span style='background-color: rgba(0.0, "
 "165.0, 0, 0.15); border-radius: 3px;' "
 "title='1.0'>_||>Product<||_html:</span>_||><||_html:<span "
 "style='background-color: rgba(0.0, 165.0, 0, 0.15); border-radius: 3px;' "
 "title='1.0'>_||>'<||_html:</span>_||><||_html:<span style='background-color: "
 "rgba(0.0, 165.0, 0, 0.15); border-radius: 3px;' title='1.0'>_||> "
 "type<||_html:</span>_||><||_html:<span style='background-color: rgba(0.0, "
 "165.0, 0, 0.15); border-radius: 3px;' title='1.0'>_||> "
 "no<||_html:</span>_||><||_html:<span style='background-color: rgba(0.0, "
 "165.0, 0, 0.15); border-radius: 3px;' title='1.0'>_||> "
 "longer<||_html:</span>_||><||_html:<span style='background-color: rgba(0.0, "
 "165.0, 0, 0.15); border-radius: 3px;' title='1.0'>_||> "
 "includes<||_html:</span>_||><||_html:<span style='background-color: "
 "rgba(0.0, 165.0, 0, 0.15); border-radius: 3px;' title='1.0'>_||> "
 "the<||_html:</span>_||><||_html:<span style='background-color: rgba(0.0, "
 "165.0, 0, 0.15); border-radius: 3px;' title='1.0'>_||> "
 "'<||_html:</span>_||><||_html:<span style='background-color: rgba(0.0, "
 "165.0, 0, 0.15); border-radius: 3px;' "
 "title='1.0'>_||>description<||_html:</span>_||><||_html:<span "
 "style='background-color: rgba(0.0, 165.0, 0, 0.15); border-radius: 3px;' "
 "title='1.0'>_||>'<||_html:</span>_||><||_html:<span style='background-color: "
 "rgba(0.0, 165.0, 0, 0.15); border-radius: 3px;' title='1.0'>_||> "
 "and<||_html:</span>_||><||_html:<span style='background-color: rgba(0.0, "
 "165.0, 0, 0.15); border-radius: 3px;' title='1.0'>_||> "
 "'<||_html:</span>_||><||_html:<span style='background-color: rgba(0.0, "
 "165.0, 0, 0.15); border-radius: 3px;' "
 "title='1.0'>_||>stock<||_html:</span>_||><||_html:<span "
 "style='background-color: rgba(0.0, 165.0, 0, 0.15); border-radius: 3px;' "
 "title='1.0'>_||>'<||_html:</span>_||><||_html:<span style='background-color: "
 "rgba(0.0, 165.0, 0, 0.15); border-radius: 3px;' title='1.0'>_||> "
 "fields<||_html:</span>_||><||_html:<span style='background-color: rgba(0.0, "
 "165.0, 0, 0.15); border-radius: 3px;' "
 'title=\'1.0\'>_||>."<||_html:</span>_||><||_html:<span '
 "style='background-color: rgba(0.0, 165.0, 0, 0.15); border-radius: 3px;' "
 "title='1.0'>_||>\n"
 "<||_html:</span>_||><||_html:<span style='background-color: rgba(0.0, 165.0, "
 "0, 0.15); border-radius: 3px;' title='1.0'>_||> "
 "<||_html:</span>_||><||_html:<span style='background-color: rgba(0.0, 165.0, "
 "0, 0.15); border-radius: 3px;' title='1.0'>_||> "
 "}<||_html:</span>_||><||_html:<span style='background-color: rgba(0.0, "
 "165.0, 0, 0.15); border-radius: 3px;' title='1.0'>_||>\n"
 "<||_html:</span>_||><||_html:<span style='background-color: rgba(0.0, 165.0, "
 "0, 0.15); border-radius: 3px;' "
 'title=\'1.0\'>_||>}<||_html:</span>_||>{"changes":<||_html:<span '
 "style='background-color: rgba(0.0, 165.0, 0, 0.15); border-radius: 3px;' "
 "title='1.0'>_||>[<||_html:</span>_||><||_html:<span style='background-color: "
 "rgba(0.0, 165.0, 0, 0.15); border-radius: 3px;' "
 'title=\'1.0\'>_||>{"<||_html:</span>_||>type<||_html:<span '
 "style='background-color: rgba(0.0, 165.0, 0, 0.15); border-radius: 3px;' "
 "title='1.0'>_||>")
('Analyze the following two GraphQL schemas for changes, including both '
 'breaking and non-breaking changes.\n'
 '\n'
 '                        Provide your analysis in the following JSON format:\n'
 '                        {\n'
 '                          "changes": [\n'
 '                            {\n'
 '                              "type": "String representing the GraphQL type '
 '(e.g., Query, Mutation, Subscription)",\n'
 '                              "field": "String representing the specific '
 'field that changed",\n'
 '                              "change": "String describing the change (e.g., '
 'field renamed, new field added, field removed)",\n'
 '                              "breaking": "Boolean indicating if the change '
 'is breaking (true) or non-breaking (false)",\n'
 '                              "release_note": "String with a natural '
 'language description of the change for release notes"\n'
 '                            }\n'
 '                          ],\n'
 '                          "release_notes": {\n'
 '                              "summary": "String summarizing all changes, '
 'suitable for a mailing list or public announcement"\n'
 '                          }\n'
 '                        }\n'
 '\n'
 '                        When analyzing, consider the following types of '
 'changes:\n'
 '                        1. Removing fields or types (breaking)\n'
 '                        2. Changing field types (potentially breaking)\n'
 '                        3. Adding required fields (breaking)\n'
 '                        4. Changing the type of existing arguments '
 '(breaking)\n'
 '                        5. Adding optional fields (non-breaking)\n'
 '                        6. Adding new types (non-breaking)\n'
 '                        7. Deprecating fields (non-breaking)\n'
 '\n'
 '                        Ensure that each change is categorized correctly as '
 'breaking or non-breaking.: type Query {\n'
 '  getProduct(id: ID!): Product\n'
 '}\n'
 '\n'
 'type Product {\n'
 '  id: ID\n'
 '  name: String\n'
 '  description: String\n'
 '  price: Float\n'
 '  stock: Int\n'
 '}\n'
 ', type Query {\n'
 '  getProduct(id: ID!): Product\n'
 '}\n'
 '\n'
 'type Product {\n'
 '  id: ID\n'
 '  name: String\n'
 '  details: String\n'
 '  price: Float\n'
 '}\n'
 '\n'
 "Answer:<||_html:<span style='background-color: rgba(0.0, 165.0, 0, 0.15); "
 "border-radius: 3px;' title='1.0'>_||> {<||_html:</span>_||><||_html:<span "
 "style='background-color: rgba(0.0, 165.0, 0, 0.15); border-radius: 3px;' "
 "title='1.0'>_||>\n"
 "<||_html:</span>_||><||_html:<span style='background-color: rgba(0.0, 165.0, "
 "0, 0.15); border-radius: 3px;' title='1.0'>_||> "
 "<||_html:</span>_||><||_html:<span style='background-color: rgba(0.0, 165.0, "
 "0, 0.15); border-radius: 3px;' title='1.0'>_||> "
 '"<||_html:</span>_||><||_html:<span style=\'background-color: rgba(0.0, '
 "165.0, 0, 0.15); border-radius: 3px;' "
 "title='1.0'>_||>changes<||_html:</span>_||><||_html:<span "
 "style='background-color: rgba(0.0, 165.0, 0, 0.15); border-radius: 3px;' "
 'title=\'1.0\'>_||>":<||_html:</span>_||><||_html:<span '
 "style='background-color: rgba(0.0, 165.0, 0, 0.15); border-radius: 3px;' "
 "title='1.0'>_||> [<||_html:</span>_||><||_html:<span "
 "style='background-color: rgba(0.0, 165.0, 0, 0.15); border-radius: 3px;' "
 "title='1.0'>_||>\n"
 "<||_html:</span>_||><||_html:<span style='background-color: rgba(0.0, 165.0, "
 "0, 0.15); border-radius: 3px;' title='1.0'>_||>   "
 "<||_html:</span>_||><||_html:<span style='background-color: rgba(0.0, 165.0, "
 "0, 0.15); border-radius: 3px;' title='1.0'>_||> "
 "{<||_html:</span>_||><||_html:<span style='background-color: rgba(0.0, "
 "165.0, 0, 0.15); border-radius: 3px;' title='1.0'>_||>\n"
 "<||_html:</span>_||><||_html:<span style='background-color: rgba(0.0, 165.0, "
 "0, 0.15); border-radius: 3px;' title='1.0'>_||>     "
 "<||_html:</span>_||><||_html:<span style='background-color: rgba(0.0, 165.0, "
 "0, 0.15); border-radius: 3px;' title='1.0'>_||> "
 '"<||_html:</span>_||><||_html:<span style=\'background-color: rgba(0.0, '
 "165.0, 0, 0.15); border-radius: 3px;' "
 "title='1.0'>_||>type<||_html:</span>_||><||_html:<span "
 "style='background-color: rgba(0.0, 165.0, 0, 0.15); border-radius: 3px;' "
 'title=\'1.0\'>_||>":<||_html:</span>_||><||_html:<span '
 "style='background-color: rgba(0.0, 165.0, 0, 0.15); border-radius: 3px;' "
 'title=\'1.0\'>_||> "<||_html:</span>_||><||_html:<span '
 "style='background-color: rgba(0.0, 165.0, 0, 0.15); border-radius: 3px;' "
 "title='1.0'>_||>Query<||_html:</span>_||><||_html:<span "
 "style='background-color: rgba(0.0, 165.0, 0, 0.15); border-radius: 3px;' "
 'title=\'1.0\'>_||>",<||_html:</span>_||><||_html:<span '
 "style='background-color: rgba(0.0, 165.0, 0, 0.15); border-radius: 3px;' "
 "title='1.0'>_||>\n"
 "<||_html:</span>_||><||_html:<span style='background-color: rgba(0.0, 165.0, "
 "0, 0.15); border-radius: 3px;' title='1.0'>_||>     "
 "<||_html:</span>_||><||_html:<span style='background-color: rgba(0.0, 165.0, "
 "0, 0.15); border-radius: 3px;' title='1.0'>_||> "
 '"<||_html:</span>_||><||_html:<span style=\'background-color: rgba(0.0, '
 "165.0, 0, 0.15); border-radius: 3px;' "
 "title='1.0'>_||>field<||_html:</span>_||><||_html:<span "
 "style='background-color: rgba(0.0, 165.0, 0, 0.15); border-radius: 3px;' "
 'title=\'1.0\'>_||>":<||_html:</span>_||><||_html:<span '
 "style='background-color: rgba(0.0, 165.0, 0, 0.15); border-radius: 3px;' "
 'title=\'1.0\'>_||> "<||_html:</span>_||><||_html:<span '
 "style='background-color: rgba(0.0, 165.0, 0, 0.15); border-radius: 3px;' "
 "title='1.0'>_||>get<||_html:</span>_||><||_html:<span "
 "style='background-color: rgba(0.0, 165.0, 0, 0.15); border-radius: 3px;' "
 "title='1.0'>_||>Product<||_html:</span>_||><||_html:<span "
 "style='background-color: rgba(0.0, 165.0, 0, 0.15); border-radius: 3px;' "
 'title=\'1.0\'>_||>",<||_html:</span>_||><||_html:<span '
 "style='background-color: rgba(0.0, 165.0, 0, 0.15); border-radius: 3px;' "
 "title='1.0'>_||>\n"
 "<||_html:</span>_||><||_html:<span style='background-color: rgba(0.0, 165.0, "
 "0, 0.15); border-radius: 3px;' title='1.0'>_||>     "
 "<||_html:</span>_||><||_html:<span style='background-color: rgba(0.0, 165.0, "
 "0, 0.15); border-radius: 3px;' title='1.0'>_||> "
 '"<||_html:</span>_||><||_html:<span style=\'background-color: rgba(0.0, '
 "165.0, 0, 0.15); border-radius: 3px;' "
 "title='1.0'>_||>change<||_html:</span>_||><||_html:<span "
 "style='background-color: rgba(0.0, 165.0, 0, 0.15); border-radius: 3px;' "
 'title=\'1.0\'>_||>":<||_html:</span>_||><||_html:<span '
 "style='background-color: rgba(0.0, 165.0, 0, 0.15); border-radius: 3px;' "
 'title=\'1.0\'>_||> "<||_html:</span>_||><||_html:<span '
 "style='background-color: rgba(0.0, 165.0, 0, 0.15); border-radius: 3px;' "
 "title='1.0'>_||>field<||_html:</span>_||><||_html:<span "
 "style='background-color: rgba(0.0, 165.0, 0, 0.15); border-radius: 3px;' "
 "title='1.0'>_||> details<||_html:</span>_||><||_html:<span "
 "style='background-color: rgba(0.0, 165.0, 0, 0.15); border-radius: 3px;' "
 "title='1.0'>_||> added<||_html:</span>_||><||_html:<span "
 "style='background-color: rgba(0.0, 165.0, 0, 0.15); border-radius: 3px;' "
 'title=\'1.0\'>_||>",<||_html:</span>_||><||_html:<span '
 "style='background-color: rgba(0.0, 165.0, 0, 0.15); border-radius: 3px;' "
 "title='1.0'>_||>\n"
 "<||_html:</span>_||><||_html:<span style='background-color: rgba(0.0, 165.0, "
 "0, 0.15); border-radius: 3px;' title='1.0'>_||>     "
 "<||_html:</span>_||><||_html:<span style='background-color: rgba(0.0, 165.0, "
 "0, 0.15); border-radius: 3px;' title='1.0'>_||> "
 '"<||_html:</span>_||><||_html:<span style=\'background-color: rgba(0.0, '
 "165.0, 0, 0.15); border-radius: 3px;' "
 "title='1.0'>_||>breaking<||_html:</span>_||><||_html:<span "
 "style='background-color: rgba(0.0, 165.0, 0, 0.15); border-radius: 3px;' "
 'title=\'1.0\'>_||>":<||_html:</span>_||><||_html:<span '
 "style='background-color: rgba(0.0, 165.0, 0, 0.15); border-radius: 3px;' "
 'title=\'1.0\'>_||> "<||_html:</span>_||><||_html:<span '
 "style='background-color: rgba(0.0, 165.0, 0, 0.15); border-radius: 3px;' "
 "title='1.0'>_||>false<||_html:</span>_||><||_html:<span "
 "style='background-color: rgba(0.0, 165.0, 0, 0.15); border-radius: 3px;' "
 'title=\'1.0\'>_||>",<||_html:</span>_||><||_html:<span '
 "style='background-color: rgba(0.0, 165.0, 0, 0.15); border-radius: 3px;' "
 "title='1.0'>_||>\n"
 "<||_html:</span>_||><||_html:<span style='background-color: rgba(0.0, 165.0, "
 "0, 0.15); border-radius: 3px;' title='1.0'>_||>     "
 "<||_html:</span>_||><||_html:<span style='background-color: rgba(0.0, 165.0, "
 "0, 0.15); border-radius: 3px;' title='1.0'>_||> "
 '"<||_html:</span>_||><||_html:<span style=\'background-color: rgba(0.0, '
 "165.0, 0, 0.15); border-radius: 3px;' "
 "title='1.0'>_||>release<||_html:</span>_||><||_html:<span "
 "style='background-color: rgba(0.0, 165.0, 0, 0.15); border-radius: 3px;' "
 "title='1.0'>_||>_<||_html:</span>_||><||_html:<span style='background-color: "
 "rgba(0.0, 165.0, 0, 0.15); border-radius: 3px;' "
 "title='1.0'>_||>note<||_html:</span>_||><||_html:<span "
 "style='background-color: rgba(0.0, 165.0, 0, 0.15); border-radius: 3px;' "
 'title=\'1.0\'>_||>":<||_html:</span>_||><||_html:<span '
 "style='background-color: rgba(0.0, 165.0, 0, 0.15); border-radius: 3px;' "
 'title=\'1.0\'>_||> "<||_html:</span>_||><||_html:<span '
 "style='background-color: rgba(0.0, 165.0, 0, 0.15); border-radius: 3px;' "
 "title='1.0'>_||>The<||_html:</span>_||><||_html:<span "
 "style='background-color: rgba(0.0, 165.0, 0, 0.15); border-radius: 3px;' "
 "title='1.0'>_||> '<||_html:</span>_||><||_html:<span "
 "style='background-color: rgba(0.0, 165.0, 0, 0.15); border-radius: 3px;' "
 "title='1.0'>_||>get<||_html:</span>_||><||_html:<span "
 "style='background-color: rgba(0.0, 165.0, 0, 0.15); border-radius: 3px;' "
 "title='1.0'>_||>Product<||_html:</span>_||><||_html:<span "
 "style='background-color: rgba(0.0, 165.0, 0, 0.15); border-radius: 3px;' "
 "title='1.0'>_||>'<||_html:</span>_||><||_html:<span style='background-color: "
 "rgba(0.0, 165.0, 0, 0.15); border-radius: 3px;' title='1.0'>_||> "
 "query<||_html:</span>_||><||_html:<span style='background-color: rgba(0.0, "
 "165.0, 0, 0.15); border-radius: 3px;' title='1.0'>_||> "
 "now<||_html:</span>_||><||_html:<span style='background-color: rgba(0.0, "
 "165.0, 0, 0.15); border-radius: 3px;' title='1.0'>_||> "
 "includes<||_html:</span>_||><||_html:<span style='background-color: "
 "rgba(0.0, 165.0, 0, 0.15); border-radius: 3px;' title='1.0'>_||> "
 "a<||_html:</span>_||><||_html:<span style='background-color: rgba(0.0, "
 "165.0, 0, 0.15); border-radius: 3px;' title='1.0'>_||> "
 "new<||_html:</span>_||><||_html:<span style='background-color: rgba(0.0, "
 "165.0, 0, 0.15); border-radius: 3px;' title='1.0'>_||> "
 "field<||_html:</span>_||><||_html:<span style='background-color: rgba(0.0, "
 "165.0, 0, 0.15); border-radius: 3px;' title='1.0'>_||> "
 "'<||_html:</span>_||><||_html:<span style='background-color: rgba(0.0, "
 "165.0, 0, 0.15); border-radius: 3px;' "
 "title='1.0'>_||>details<||_html:</span>_||><||_html:<span "
 "style='background-color: rgba(0.0, 165.0, 0, 0.15); border-radius: 3px;' "
 "title='1.0'>_||>'<||_html:</span>_||><||_html:<span style='background-color: "
 "rgba(0.0, 165.0, 0, 0.15); border-radius: 3px;' title='1.0'>_||> "
 "of<||_html:</span>_||><||_html:<span style='background-color: rgba(0.0, "
 "165.0, 0, 0.15); border-radius: 3px;' title='1.0'>_||> "
 "type<||_html:</span>_||><||_html:<span style='background-color: rgba(0.0, "
 "165.0, 0, 0.15); border-radius: 3px;' title='1.0'>_||> "
 "String<||_html:</span>_||><||_html:<span style='background-color: rgba(0.0, "
 "165.0, 0, 0.15); border-radius: 3px;' "
 'title=\'1.0\'>_||>."<||_html:</span>_||><||_html:<span '
 "style='background-color: rgba(0.0, 165.0, 0, 0.15); border-radius: 3px;' "
 "title='1.0'>_||>\n"
 "<||_html:</span>_||><||_html:<span style='background-color: rgba(0.0, 165.0, "
 "0, 0.15); border-radius: 3px;' title='1.0'>_||>   "
 "<||_html:</span>_||><||_html:<span style='background-color: rgba(0.0, 165.0, "
 "0, 0.15); border-radius: 3px;' title='1.0'>_||> "
 "},<||_html:</span>_||><||_html:<span style='background-color: rgba(0.0, "
 "165.0, 0, 0.15); border-radius: 3px;' title='1.0'>_||>\n"
 "<||_html:</span>_||><||_html:<span style='background-color: rgba(0.0, 165.0, "
 "0, 0.15); border-radius: 3px;' title='1.0'>_||>   "
 "<||_html:</span>_||><||_html:<span style='background-color: rgba(0.0, 165.0, "
 "0, 0.15); border-radius: 3px;' title='1.0'>_||> "
 "{<||_html:</span>_||><||_html:<span style='background-color: rgba(0.0, "
 "165.0, 0, 0.15); border-radius: 3px;' title='1.0'>_||>\n"
 "<||_html:</span>_||><||_html:<span style='background-color: rgba(0.0, 165.0, "
 "0, 0.15); border-radius: 3px;' title='1.0'>_||>     "
 "<||_html:</span>_||><||_html:<span style='background-color: rgba(0.0, 165.0, "
 "0, 0.15); border-radius: 3px;' title='1.0'>_||> "
 '"<||_html:</span>_||><||_html:<span style=\'background-color: rgba(0.0, '
 "165.0, 0, 0.15); border-radius: 3px;' "
 "title='1.0'>_||>type<||_html:</span>_||><||_html:<span "
 "style='background-color: rgba(0.0, 165.0, 0, 0.15); border-radius: 3px;' "
 'title=\'1.0\'>_||>":<||_html:</span>_||><||_html:<span '
 "style='background-color: rgba(0.0, 165.0, 0, 0.15); border-radius: 3px;' "
 'title=\'1.0\'>_||> "<||_html:</span>_||><||_html:<span '
 "style='background-color: rgba(0.0, 165.0, 0, 0.15); border-radius: 3px;' "
 "title='1.0'>_||>Product<||_html:</span>_||><||_html:<span "
 "style='background-color: rgba(0.0, 165.0, 0, 0.15); border-radius: 3px;' "
 'title=\'1.0\'>_||>",<||_html:</span>_||><||_html:<span '
 "style='background-color: rgba(0.0, 165.0, 0, 0.15); border-radius: 3px;' "
 "title='1.0'>_||>\n"
 "<||_html:</span>_||><||_html:<span style='background-color: rgba(0.0, 165.0, "
 "0, 0.15); border-radius: 3px;' title='1.0'>_||>     "
 "<||_html:</span>_||><||_html:<span style='background-color: rgba(0.0, 165.0, "
 "0, 0.15); border-radius: 3px;' title='1.0'>_||> "
 '"<||_html:</span>_||><||_html:<span style=\'background-color: rgba(0.0, '
 "165.0, 0, 0.15); border-radius: 3px;' "
 "title='1.0'>_||>field<||_html:</span>_||><||_html:<span "
 "style='background-color: rgba(0.0, 165.0, 0, 0.15); border-radius: 3px;' "
 'title=\'1.0\'>_||>":<||_html:</span>_||><||_html:<span '
 "style='background-color: rgba(0.0, 165.0, 0, 0.15); border-radius: 3px;' "
 'title=\'1.0\'>_||> "<||_html:</span>_||><||_html:<span '
 "style='background-color: rgba(0.0, 165.0, 0, 0.15); border-radius: 3px;' "
 "title='1.0'>_||>description<||_html:</span>_||><||_html:<span "
 "style='background-color: rgba(0.0, 165.0, 0, 0.15); border-radius: 3px;' "
 'title=\'1.0\'>_||>",<||_html:</span>_||><||_html:<span '
 "style='background-color: rgba(0.0, 165.0, 0, 0.15); border-radius: 3px;' "
 "title='1.0'>_||>\n"
 "<||_html:</span>_||><||_html:<span style='background-color: rgba(0.0, 165.0, "
 "0, 0.15); border-radius: 3px;' title='1.0'>_||>     "
 "<||_html:</span>_||><||_html:<span style='background-color: rgba(0.0, 165.0, "
 "0, 0.15); border-radius: 3px;' title='1.0'>_||> "
 '"<||_html:</span>_||><||_html:<span style=\'background-color: rgba(0.0, '
 "165.0, 0, 0.15); border-radius: 3px;' "
 "title='1.0'>_||>change<||_html:</span>_||><||_html:<span "
 "style='background-color: rgba(0.0, 165.0, 0, 0.15); border-radius: 3px;' "
 'title=\'1.0\'>_||>":<||_html:</span>_||><||_html:<span '
 "style='background-color: rgba(0.0, 165.0, 0, 0.15); border-radius: 3px;' "
 'title=\'1.0\'>_||> "<||_html:</span>_||><||_html:<span '
 "style='background-color: rgba(0.0, 165.0, 0, 0.15); border-radius: 3px;' "
 "title='1.0'>_||>field<||_html:</span>_||><||_html:<span "
 "style='background-color: rgba(0.0, 165.0, 0, 0.15); border-radius: 3px;' "
 "title='1.0'>_||> removed<||_html:</span>_||><||_html:<span "
 "style='background-color: rgba(0.0, 165.0, 0, 0.15); border-radius: 3px;' "
 'title=\'1.0\'>_||>",<||_html:</span>_||><||_html:<span '
 "style='background-color: rgba(0.0, 165.0, 0, 0.15); border-radius: 3px;' "
 "title='1.0'>_||>\n"
 "<||_html:</span>_||><||_html:<span style='background-color: rgba(0.0, 165.0, "
 "0, 0.15); border-radius: 3px;' title='1.0'>_||>     "
 "<||_html:</span>_||><||_html:<span style='background-color: rgba(0.0, 165.0, "
 "0, 0.15); border-radius: 3px;' title='1.0'>_||> "
 '"<||_html:</span>_||><||_html:<span style=\'background-color: rgba(0.0, '
 "165.0, 0, 0.15); border-radius: 3px;' "
 "title='1.0'>_||>breaking<||_html:</span>_||><||_html:<span "
 "style='background-color: rgba(0.0, 165.0, 0, 0.15); border-radius: 3px;' "
 'title=\'1.0\'>_||>":<||_html:</span>_||><||_html:<span '
 "style='background-color: rgba(0.0, 165.0, 0, 0.15); border-radius: 3px;' "
 'title=\'1.0\'>_||> "<||_html:</span>_||><||_html:<span '
 "style='background-color: rgba(0.0, 165.0, 0, 0.15); border-radius: 3px;' "
 "title='1.0'>_||>true<||_html:</span>_||><||_html:<span "
 "style='background-color: rgba(0.0, 165.0, 0, 0.15); border-radius: 3px;' "
 'title=\'1.0\'>_||>",<||_html:</span>_||><||_html:<span '
 "style='background-color: rgba(0.0, 165.0, 0, 0.15); border-radius: 3px;' "
 "title='1.0'>_||>\n"
 "<||_html:</span>_||><||_html:<span style='background-color: rgba(0.0, 165.0, "
 "0, 0.15); border-radius: 3px;' title='1.0'>_||>     "
 "<||_html:</span>_||><||_html:<span style='background-color: rgba(0.0, 165.0, "
 "0, 0.15); border-radius: 3px;' title='1.0'>_||> "
 '"<||_html:</span>_||><||_html:<span style=\'background-color: rgba(0.0, '
 "165.0, 0, 0.15); border-radius: 3px;' "
 "title='1.0'>_||>release<||_html:</span>_||><||_html:<span "
 "style='background-color: rgba(0.0, 165.0, 0, 0.15); border-radius: 3px;' "
 "title='1.0'>_||>_<||_html:</span>_||><||_html:<span style='background-color: "
 "rgba(0.0, 165.0, 0, 0.15); border-radius: 3px;' "
 "title='1.0'>_||>note<||_html:</span>_||><||_html:<span "
 "style='background-color: rgba(0.0, 165.0, 0, 0.15); border-radius: 3px;' "
 'title=\'1.0\'>_||>":<||_html:</span>_||><||_html:<span '
 "style='background-color: rgba(0.0, 165.0, 0, 0.15); border-radius: 3px;' "
 'title=\'1.0\'>_||> "<||_html:</span>_||><||_html:<span '
 "style='background-color: rgba(0.0, 165.0, 0, 0.15); border-radius: 3px;' "
 "title='1.0'>_||>The<||_html:</span>_||><||_html:<span "
 "style='background-color: rgba(0.0, 165.0, 0, 0.15); border-radius: 3px;' "
 "title='1.0'>_||> '<||_html:</span>_||><||_html:<span "
 "style='background-color: rgba(0.0, 165.0, 0, 0.15); border-radius: 3px;' "
 "title='1.0'>_||>Product<||_html:</span>_||><||_html:<span "
 "style='background-color: rgba(0.0, 165.0, 0, 0.15); border-radius: 3px;' "
 "title='1.0'>_||>'<||_html:</span>_||><||_html:<span style='background-color: "
 "rgba(0.0, 165.0, 0, 0.15); border-radius: 3px;' title='1.0'>_||> "
 "type<||_html:</span>_||><||_html:<span style='background-color: rgba(0.0, "
 "165.0, 0, 0.15); border-radius: 3px;' title='1.0'>_||> "
 "no<||_html:</span>_||><||_html:<span style='background-color: rgba(0.0, "
 "165.0, 0, 0.15); border-radius: 3px;' title='1.0'>_||> "
 "longer<||_html:</span>_||><||_html:<span style='background-color: rgba(0.0, "
 "165.0, 0, 0.15); border-radius: 3px;' title='1.0'>_||> "
 "includes<||_html:</span>_||><||_html:<span style='background-color: "
 "rgba(0.0, 165.0, 0, 0.15); border-radius: 3px;' title='1.0'>_||> "
 "the<||_html:</span>_||><||_html:<span style='background-color: rgba(0.0, "
 "165.0, 0, 0.15); border-radius: 3px;' title='1.0'>_||> "
 "'<||_html:</span>_||><||_html:<span style='background-color: rgba(0.0, "
 "165.0, 0, 0.15); border-radius: 3px;' "
 "title='1.0'>_||>description<||_html:</span>_||><||_html:<span "
 "style='background-color: rgba(0.0, 165.0, 0, 0.15); border-radius: 3px;' "
 "title='1.0'>_||>'<||_html:</span>_||><||_html:<span style='background-color: "
 "rgba(0.0, 165.0, 0, 0.15); border-radius: 3px;' title='1.0'>_||> "
 "field<||_html:</span>_||><||_html:<span style='background-color: rgba(0.0, "
 "165.0, 0, 0.15); border-radius: 3px;' "
 'title=\'1.0\'>_||>."<||_html:</span>_||><||_html:<span '
 "style='background-color: rgba(0.0, 165.0, 0, 0.15); border-radius: 3px;' "
 "title='1.0'>_||>\n"
 "<||_html:</span>_||><||_html:<span style='background-color: rgba(0.0, 165.0, "
 "0, 0.15); border-radius: 3px;' title='1.0'>_||>   "
 "<||_html:</span>_||><||_html:<span style='background-color: rgba(0.0, 165.0, "
 "0, 0.15); border-radius: 3px;' title='1.0'>_||> "
 "},<||_html:</span>_||><||_html:<span style='background-color: rgba(0.0, "
 "165.0, 0, 0.15); border-radius: 3px;' title='1.0'>_||>\n"
 "<||_html:</span>_||><||_html:<span style='background-color: rgba(0.0, 165.0, "
 "0, 0.15); border-radius: 3px;' title='1.0'>_||>   "
 "<||_html:</span>_||><||_html:<span style='background-color: rgba(0.0, 165.0, "
 "0, 0.15); border-radius: 3px;' title='1.0'>_||> "
 "{<||_html:</span>_||><||_html:<span style='background-color: rgba(0.0, "
 "165.0, 0, 0.15); border-radius: 3px;' title='1.0'>_||>\n"
 "<||_html:</span>_||><||_html:<span style='background-color: rgba(0.0, 165.0, "
 "0, 0.15); border-radius: 3px;' title='1.0'>_||>     "
 "<||_html:</span>_||><||_html:<span style='background-color: rgba(0.0, 165.0, "
 "0, 0.15); border-radius: 3px;' title='1.0'>_||> "
 '"<||_html:</span>_||><||_html:<span style=\'background-color: rgba(0.0, '
 "165.0, 0, 0.15); border-radius: 3px;' "
 "title='1.0'>_||>type<||_html:</span>_||><||_html:<span "
 "style='background-color: rgba(0.0, 165.0, 0, 0.15); border-radius: 3px;' "
 'title=\'1.0\'>_||>":<||_html:</span>_||><||_html:<span '
 "style='background-color: rgba(0.0, 165.0, 0, 0.15); border-radius: 3px;' "
 'title=\'1.0\'>_||> "<||_html:</span>_||><||_html:<span '
 "style='background-color: rgba(0.0, 165.0, 0, 0.15); border-radius: 3px;' "
 "title='1.0'>_||>Product<||_html:</span>_||><||_html:<span "
 "style='background-color: rgba(0.0, 165.0, 0, 0.15); border-radius: 3px;' "
 'title=\'1.0\'>_||>",<||_html:</span>_||><||_html:<span '
 "style='background-color: rgba(0.0, 165.0, 0, 0.15); border-radius: 3px;' "
 "title='1.0'>_||>\n"
 "<||_html:</span>_||><||_html:<span style='background-color: rgba(0.0, 165.0, "
 "0, 0.15); border-radius: 3px;' title='1.0'>_||>     "
 "<||_html:</span>_||><||_html:<span style='background-color: rgba(0.0, 165.0, "
 "0, 0.15); border-radius: 3px;' title='1.0'>_||> "
 '"<||_html:</span>_||><||_html:<span style=\'background-color: rgba(0.0, '
 "165.0, 0, 0.15); border-radius: 3px;' "
 "title='1.0'>_||>field<||_html:</span>_||><||_html:<span "
 "style='background-color: rgba(0.0, 165.0, 0, 0.15); border-radius: 3px;' "
 'title=\'1.0\'>_||>":<||_html:</span>_||><||_html:<span '
 "style='background-color: rgba(0.0, 165.0, 0, 0.15); border-radius: 3px;' "
 'title=\'1.0\'>_||> "<||_html:</span>_||><||_html:<span '
 "style='background-color: rgba(0.0, 165.0, 0, 0.15); border-radius: 3px;' "
 "title='1.0'>_||>stock<||_html:</span>_||><||_html:<span "
 "style='background-color: rgba(0.0, 165.0, 0, 0.15); border-radius: 3px;' "
 'title=\'1.0\'>_||>",<||_html:</span>_||><||_html:<span '
 "style='background-color: rgba(0.0, 165.0, 0, 0.15); border-radius: 3px;' "
 "title='1.0'>_||>\n"
 "<||_html:</span>_||><||_html:<span style='background-color: rgba(0.0, 165.0, "
 "0, 0.15); border-radius: 3px;' title='1.0'>_||>     "
 "<||_html:</span>_||><||_html:<span style='background-color: rgba(0.0, 165.0, "
 "0, 0.15); border-radius: 3px;' title='1.0'>_||> "
 '"<||_html:</span>_||><||_html:<span style=\'background-color: rgba(0.0, '
 "165.0, 0, 0.15); border-radius: 3px;' "
 "title='1.0'>_||>change<||_html:</span>_||><||_html:<span "
 "style='background-color: rgba(0.0, 165.0, 0, 0.15); border-radius: 3px;' "
 'title=\'1.0\'>_||>":<||_html:</span>_||><||_html:<span '
 "style='background-color: rgba(0.0, 165.0, 0, 0.15); border-radius: 3px;' "
 'title=\'1.0\'>_||> "<||_html:</span>_||><||_html:<span '
 "style='background-color: rgba(0.0, 165.0, 0, 0.15); border-radius: 3px;' "
 "title='1.0'>_||>field<||_html:</span>_||><||_html:<span "
 "style='background-color: rgba(0.0, 165.0, 0, 0.15); border-radius: 3px;' "
 "title='1.0'>_||> removed<||_html:</span>_||><||_html:<span "
 "style='background-color: rgba(0.0, 165.0, 0, 0.15); border-radius: 3px;' "
 'title=\'1.0\'>_||>",<||_html:</span>_||><||_html:<span '
 "style='background-color: rgba(0.0, 165.0, 0, 0.15); border-radius: 3px;' "
 "title='1.0'>_||>\n"
 "<||_html:</span>_||><||_html:<span style='background-color: rgba(0.0, 165.0, "
 "0, 0.15); border-radius: 3px;' title='1.0'>_||>     "
 "<||_html:</span>_||><||_html:<span style='background-color: rgba(0.0, 165.0, "
 "0, 0.15); border-radius: 3px;' title='1.0'>_||> "
 '"<||_html:</span>_||><||_html:<span style=\'background-color: rgba(0.0, '
 "165.0, 0, 0.15); border-radius: 3px;' "
 "title='1.0'>_||>breaking<||_html:</span>_||><||_html:<span "
 "style='background-color: rgba(0.0, 165.0, 0, 0.15); border-radius: 3px;' "
 'title=\'1.0\'>_||>":<||_html:</span>_||><||_html:<span '
 "style='background-color: rgba(0.0, 165.0, 0, 0.15); border-radius: 3px;' "
 'title=\'1.0\'>_||> "<||_html:</span>_||><||_html:<span '
 "style='background-color: rgba(0.0, 165.0, 0, 0.15); border-radius: 3px;' "
 "title='1.0'>_||>true<||_html:</span>_||><||_html:<span "
 "style='background-color: rgba(0.0, 165.0, 0, 0.15); border-radius: 3px;' "
 'title=\'1.0\'>_||>",<||_html:</span>_||><||_html:<span '
 "style='background-color: rgba(0.0, 165.0, 0, 0.15); border-radius: 3px;' "
 "title='1.0'>_||>\n"
 "<||_html:</span>_||><||_html:<span style='background-color: rgba(0.0, 165.0, "
 "0, 0.15); border-radius: 3px;' title='1.0'>_||>     "
 "<||_html:</span>_||><||_html:<span style='background-color: rgba(0.0, 165.0, "
 "0, 0.15); border-radius: 3px;' title='1.0'>_||> "
 '"<||_html:</span>_||><||_html:<span style=\'background-color: rgba(0.0, '
 "165.0, 0, 0.15); border-radius: 3px;' "
 "title='1.0'>_||>release<||_html:</span>_||><||_html:<span "
 "style='background-color: rgba(0.0, 165.0, 0, 0.15); border-radius: 3px;' "
 "title='1.0'>_||>_<||_html:</span>_||><||_html:<span style='background-color: "
 "rgba(0.0, 165.0, 0, 0.15); border-radius: 3px;' "
 "title='1.0'>_||>note<||_html:</span>_||><||_html:<span "
 "style='background-color: rgba(0.0, 165.0, 0, 0.15); border-radius: 3px;' "
 'title=\'1.0\'>_||>":<||_html:</span>_||><||_html:<span '
 "style='background-color: rgba(0.0, 165.0, 0, 0.15); border-radius: 3px;' "
 'title=\'1.0\'>_||> "<||_html:</span>_||><||_html:<span '
 "style='background-color: rgba(0.0, 165.0, 0, 0.15); border-radius: 3px;' "
 "title='1.0'>_||>The<||_html:</span>_||><||_html:<span "
 "style='background-color: rgba(0.0, 165.0, 0, 0.15); border-radius: 3px;' "
 "title='1.0'>_||> '<||_html:</span>_||><||_html:<span "
 "style='background-color: rgba(0.0, 165.0, 0, 0.15); border-radius: 3px;' "
 "title='1.0'>_||>Product<||_html:</span>_||><||_html:<span "
 "style='background-color: rgba(0.0, 165.0, 0, 0.15); border-radius: 3px;' "
 "title='1.0'>_||>'<||_html:</span>_||><||_html:<span style='background-color: "
 "rgba(0.0, 165.0, 0, 0.15); border-radius: 3px;' title='1.0'>_||> "
 "type<||_html:</span>_||><||_html:<span style='background-color: rgba(0.0, "
 "165.0, 0, 0.15); border-radius: 3px;' title='1.0'>_||> "
 "no<||_html:</span>_||><||_html:<span style='background-color: rgba(0.0, "
 "165.0, 0, 0.15); border-radius: 3px;' title='1.0'>_||> "
 "longer<||_html:</span>_||><||_html:<span style='background-color: rgba(0.0, "
 "165.0, 0, 0.15); border-radius: 3px;' title='1.0'>_||> "
 "includes<||_html:</span>_||><||_html:<span style='background-color: "
 "rgba(0.0, 165.0, 0, 0.15); border-radius: 3px;' title='1.0'>_||> "
 "the<||_html:</span>_||><||_html:<span style='background-color: rgba(0.0, "
 "165.0, 0, 0.15); border-radius: 3px;' title='1.0'>_||> "
 "'<||_html:</span>_||><||_html:<span style='background-color: rgba(0.0, "
 "165.0, 0, 0.15); border-radius: 3px;' "
 "title='1.0'>_||>stock<||_html:</span>_||><||_html:<span "
 "style='background-color: rgba(0.0, 165.0, 0, 0.15); border-radius: 3px;' "
 "title='1.0'>_||>'<||_html:</span>_||><||_html:<span style='background-color: "
 "rgba(0.0, 165.0, 0, 0.15); border-radius: 3px;' title='1.0'>_||> "
 "field<||_html:</span>_||><||_html:<span style='background-color: rgba(0.0, "
 "165.0, 0, 0.15); border-radius: 3px;' "
 'title=\'1.0\'>_||>."<||_html:</span>_||><||_html:<span '
 "style='background-color: rgba(0.0, 165.0, 0, 0.15); border-radius: 3px;' "
 "title='1.0'>_||>\n"
 "<||_html:</span>_||><||_html:<span style='background-color: rgba(0.0, 165.0, "
 "0, 0.15); border-radius: 3px;' title='1.0'>_||>   "
 "<||_html:</span>_||><||_html:<span style='background-color: rgba(0.0, 165.0, "
 "0, 0.15); border-radius: 3px;' title='1.0'>_||> "
 "}<||_html:</span>_||><||_html:<span style='background-color: rgba(0.0, "
 "165.0, 0, 0.15); border-radius: 3px;' title='1.0'>_||>\n"
 "<||_html:</span>_||><||_html:<span style='background-color: rgba(0.0, 165.0, "
 "0, 0.15); border-radius: 3px;' title='1.0'>_||> "
 "<||_html:</span>_||><||_html:<span style='background-color: rgba(0.0, 165.0, "
 "0, 0.15); border-radius: 3px;' title='1.0'>_||> "
 "],<||_html:</span>_||><||_html:<span style='background-color: rgba(0.0, "
 "165.0, 0, 0.15); border-radius: 3px;' title='1.0'>_||>\n"
 "<||_html:</span>_||><||_html:<span style='background-color: rgba(0.0, 165.0, "
 "0, 0.15); border-radius: 3px;' title='1.0'>_||> "
 "<||_html:</span>_||><||_html:<span style='background-color: rgba(0.0, 165.0, "
 "0, 0.15); border-radius: 3px;' title='1.0'>_||> "
 '"<||_html:</span>_||><||_html:<span style=\'background-color: rgba(0.0, '
 "165.0, 0, 0.15); border-radius: 3px;' "
 "title='1.0'>_||>release<||_html:</span>_||><||_html:<span "
 "style='background-color: rgba(0.0, 165.0, 0, 0.15); border-radius: 3px;' "
 "title='1.0'>_||>_<||_html:</span>_||><||_html:<span style='background-color: "
 "rgba(0.0, 165.0, 0, 0.15); border-radius: 3px;' "
 "title='1.0'>_||>notes<||_html:</span>_||><||_html:<span "
 "style='background-color: rgba(0.0, 165.0, 0, 0.15); border-radius: 3px;' "
 'title=\'1.0\'>_||>":<||_html:</span>_||><||_html:<span '
 "style='background-color: rgba(0.0, 165.0, 0, 0.15); border-radius: 3px;' "
 "title='1.0'>_||> {<||_html:</span>_||><||_html:<span "
 "style='background-color: rgba(0.0, 165.0, 0, 0.15); border-radius: 3px;' "
 "title='1.0'>_||>\n"
 "<||_html:</span>_||><||_html:<span style='background-color: rgba(0.0, 165.0, "
 "0, 0.15); border-radius: 3px;' title='1.0'>_||>   "
 "<||_html:</span>_||><||_html:<span style='background-color: rgba(0.0, 165.0, "
 "0, 0.15); border-radius: 3px;' title='1.0'>_||> "
 '"<||_html:</span>_||><||_html:<span style=\'background-color: rgba(0.0, '
 "165.0, 0, 0.15); border-radius: 3px;' "
 "title='1.0'>_||>summary<||_html:</span>_||><||_html:<span "
 "style='background-color: rgba(0.0, 165.0, 0, 0.15); border-radius: 3px;' "
 'title=\'1.0\'>_||>":<||_html:</span>_||><||_html:<span '
 "style='background-color: rgba(0.0, 165.0, 0, 0.15); border-radius: 3px;' "
 'title=\'1.0\'>_||> "<||_html:</span>_||><||_html:<span '
 "style='background-color: rgba(0.0, 165.0, 0, 0.15); border-radius: 3px;' "
 "title='1.0'>_||>The<||_html:</span>_||><||_html:<span "
 "style='background-color: rgba(0.0, 165.0, 0, 0.15); border-radius: 3px;' "
 "title='1.0'>_||> '<||_html:</span>_||><||_html:<span "
 "style='background-color: rgba(0.0, 165.0, 0, 0.15); border-radius: 3px;' "
 "title='1.0'>_||>get<||_html:</span>_||><||_html:<span "
 "style='background-color: rgba(0.0, 165.0, 0, 0.15); border-radius: 3px;' "
 "title='1.0'>_||>Product<||_html:</span>_||><||_html:<span "
 "style='background-color: rgba(0.0, 165.0, 0, 0.15); border-radius: 3px;' "
 "title='1.0'>_||>'<||_html:</span>_||><||_html:<span style='background-color: "
 "rgba(0.0, 165.0, 0, 0.15); border-radius: 3px;' title='1.0'>_||> "
 "query<||_html:</span>_||><||_html:<span style='background-color: rgba(0.0, "
 "165.0, 0, 0.15); border-radius: 3px;' title='1.0'>_||> "
 "now<||_html:</span>_||><||_html:<span style='background-color: rgba(0.0, "
 "165.0, 0, 0.15); border-radius: 3px;' title='1.0'>_||> "
 "includes<||_html:</span>_||><||_html:<span style='background-color: "
 "rgba(0.0, 165.0, 0, 0.15); border-radius: 3px;' title='1.0'>_||> "
 "a<||_html:</span>_||><||_html:<span style='background-color: rgba(0.0, "
 "165.0, 0, 0.15); border-radius: 3px;' title='1.0'>_||> "
 "new<||_html:</span>_||><||_html:<span style='background-color: rgba(0.0, "
 "165.0, 0, 0.15); border-radius: 3px;' title='1.0'>_||> "
 "field<||_html:</span>_||><||_html:<span style='background-color: rgba(0.0, "
 "165.0, 0, 0.15); border-radius: 3px;' title='1.0'>_||> "
 "'<||_html:</span>_||><||_html:<span style='background-color: rgba(0.0, "
 "165.0, 0, 0.15); border-radius: 3px;' "
 "title='1.0'>_||>details<||_html:</span>_||><||_html:<span "
 "style='background-color: rgba(0.0, 165.0, 0, 0.15); border-radius: 3px;' "
 "title='1.0'>_||>'<||_html:</span>_||><||_html:<span style='background-color: "
 "rgba(0.0, 165.0, 0, 0.15); border-radius: 3px;' title='1.0'>_||> "
 "of<||_html:</span>_||><||_html:<span style='background-color: rgba(0.0, "
 "165.0, 0, 0.15); border-radius: 3px;' title='1.0'>_||> "
 "type<||_html:</span>_||><||_html:<span style='background-color: rgba(0.0, "
 "165.0, 0, 0.15); border-radius: 3px;' title='1.0'>_||> "
 "String<||_html:</span>_||><||_html:<span style='background-color: rgba(0.0, "
 "165.0, 0, 0.15); border-radius: 3px;' "
 "title='1.0'>_||>.<||_html:</span>_||><||_html:<span style='background-color: "
 "rgba(0.0, 165.0, 0, 0.15); border-radius: 3px;' title='1.0'>_||> "
 "The<||_html:</span>_||><||_html:<span style='background-color: rgba(0.0, "
 "165.0, 0, 0.15); border-radius: 3px;' title='1.0'>_||> "
 "'<||_html:</span>_||><||_html:<span style='background-color: rgba(0.0, "
 "165.0, 0, 0.15); border-radius: 3px;' "
 "title='1.0'>_||>Product<||_html:</span>_||><||_html:<span "
 "style='background-color: rgba(0.0, 165.0, 0, 0.15); border-radius: 3px;' "
 "title='1.0'>_||>'<||_html:</span>_||><||_html:<span style='background-color: "
 "rgba(0.0, 165.0, 0, 0.15); border-radius: 3px;' title='1.0'>_||> "
 "type<||_html:</span>_||><||_html:<span style='background-color: rgba(0.0, "
 "165.0, 0, 0.15); border-radius: 3px;' title='1.0'>_||> "
 "no<||_html:</span>_||><||_html:<span style='background-color: rgba(0.0, "
 "165.0, 0, 0.15); border-radius: 3px;' title='1.0'>_||> "
 "longer<||_html:</span>_||><||_html:<span style='background-color: rgba(0.0, "
 "165.0, 0, 0.15); border-radius: 3px;' title='1.0'>_||> "
 "includes<||_html:</span>_||><||_html:<span style='background-color: "
 "rgba(0.0, 165.0, 0, 0.15); border-radius: 3px;' title='1.0'>_||> "
 "the<||_html:</span>_||><||_html:<span style='background-color: rgba(0.0, "
 "165.0, 0, 0.15); border-radius: 3px;' title='1.0'>_||> "
 "'<||_html:</span>_||><||_html:<span style='background-color: rgba(0.0, "
 "165.0, 0, 0.15); border-radius: 3px;' "
 "title='1.0'>_||>description<||_html:</span>_||><||_html:<span "
 "style='background-color: rgba(0.0, 165.0, 0, 0.15); border-radius: 3px;' "
 "title='1.0'>_||>'<||_html:</span>_||><||_html:<span style='background-color: "
 "rgba(0.0, 165.0, 0, 0.15); border-radius: 3px;' title='1.0'>_||> "
 "and<||_html:</span>_||><||_html:<span style='background-color: rgba(0.0, "
 "165.0, 0, 0.15); border-radius: 3px;' title='1.0'>_||> "
 "'<||_html:</span>_||><||_html:<span style='background-color: rgba(0.0, "
 "165.0, 0, 0.15); border-radius: 3px;' "
 "title='1.0'>_||>stock<||_html:</span>_||><||_html:<span "
 "style='background-color: rgba(0.0, 165.0, 0, 0.15); border-radius: 3px;' "
 "title='1.0'>_||>'<||_html:</span>_||><||_html:<span style='background-color: "
 "rgba(0.0, 165.0, 0, 0.15); border-radius: 3px;' title='1.0'>_||> "
 "fields<||_html:</span>_||><||_html:<span style='background-color: rgba(0.0, "
 "165.0, 0, 0.15); border-radius: 3px;' "
 'title=\'1.0\'>_||>."<||_html:</span>_||><||_html:<span '
 "style='background-color: rgba(0.0, 165.0, 0, 0.15); border-radius: 3px;' "
 "title='1.0'>_||>\n"
 "<||_html:</span>_||><||_html:<span style='background-color: rgba(0.0, 165.0, "
 "0, 0.15); border-radius: 3px;' title='1.0'>_||> "
 "<||_html:</span>_||><||_html:<span style='background-color: rgba(0.0, 165.0, "
 "0, 0.15); border-radius: 3px;' title='1.0'>_||> "
 "}<||_html:</span>_||><||_html:<span style='background-color: rgba(0.0, "
 "165.0, 0, 0.15); border-radius: 3px;' title='1.0'>_||>\n"
 "<||_html:</span>_||><||_html:<span style='background-color: rgba(0.0, 165.0, "
 "0, 0.15); border-radius: 3px;' "
 'title=\'1.0\'>_||>}<||_html:</span>_||>{"changes":<||_html:<span '
 "style='background-color: rgba(0.0, 165.0, 0, 0.15); border-radius: 3px;' "
 "title='1.0'>_||>[<||_html:</span>_||><||_html:<span style='background-color: "
 "rgba(0.0, 165.0, 0, 0.15); border-radius: 3px;' "
 'title=\'1.0\'>_||>{"<||_html:</span>_||>type<||_html:<span '
 "style='background-color: rgba(0.0, 165.0, 0, 0.15); border-radius: 3px;' "
 'title=\'1.0\'>_||>":"<||_html:</span>_||><||_html:<span '
 "style='background-color: rgba(0.0, 165.0, 0, 0.15); border-radius: 3px;' "
 "title='1.0'>_||>Query<||_html:</span>_||><||_html:<span "
 "style='background-color: rgba(0.0, 165.0, 0, 0.15); border-radius: 3px;' "
 'title=\'1.0\'>_||>","<||_html:</span>_||>field<||_html:<span '
 "style='background-color: rgba(0.0, 165.0, 0, 0.15); border-radius: 3px;' "
 "title='1.0'>_||>")
('Analyze the following two GraphQL schemas for changes, including both '
 'breaking and non-breaking changes.\n'
 '\n'
 '                        Provide your analysis in the following JSON format:\n'
 '                        {\n'
 '                          "changes": [\n'
 '                            {\n'
 '                              "type": "String representing the GraphQL type '
 '(e.g., Query, Mutation, Subscription)",\n'
 '                              "field": "String representing the specific '
 'field that changed",\n'
 '                              "change": "String describing the change (e.g., '
 'field renamed, new field added, field removed)",\n'
 '                              "breaking": "Boolean indicating if the change '
 'is breaking (true) or non-breaking (false)",\n'
 '                              "release_note": "String with a natural '
 'language description of the change for release notes"\n'
 '                            }\n'
 '                          ],\n'
 '                          "release_notes": {\n'
 '                              "summary": "String summarizing all changes, '
 'suitable for a mailing list or public announcement"\n'
 '                          }\n'
 '                        }\n'
 '\n'
 '                        When analyzing, consider the following types of '
 'changes:\n'
 '                        1. Removing fields or types (breaking)\n'
 '                        2. Changing field types (potentially breaking)\n'
 '                        3. Adding required fields (breaking)\n'
 '                        4. Changing the type of existing arguments '
 '(breaking)\n'
 '                        5. Adding optional fields (non-breaking)\n'
 '                        6. Adding new types (non-breaking)\n'
 '                        7. Deprecating fields (non-breaking)\n'
 '\n'
 '                        Ensure that each change is categorized correctly as '
 'breaking or non-breaking.: type Query {\n'
 '  getProduct(id: ID!): Product\n'
 '}\n'
 '\n'
 'type Product {\n'
 '  id: ID\n'
 '  name: String\n'
 '  description: String\n'
 '  price: Float\n'
 '  stock: Int\n'
 '}\n'
 ', type Query {\n'
 '  getProduct(id: ID!): Product\n'
 '}\n'
 '\n'
 'type Product {\n'
 '  id: ID\n'
 '  name: String\n'
 '  details: String\n'
 '  price: Float\n'
 '}\n'
 '\n'
 "Answer:<||_html:<span style='background-color: rgba(0.0, 165.0, 0, 0.15); "
 "border-radius: 3px;' title='1.0'>_||> {<||_html:</span>_||><||_html:<span "
 "style='background-color: rgba(0.0, 165.0, 0, 0.15); border-radius: 3px;' "
 "title='1.0'>_||>\n"
 "<||_html:</span>_||><||_html:<span style='background-color: rgba(0.0, 165.0, "
 "0, 0.15); border-radius: 3px;' title='1.0'>_||> "
 "<||_html:</span>_||><||_html:<span style='background-color: rgba(0.0, 165.0, "
 "0, 0.15); border-radius: 3px;' title='1.0'>_||> "
 '"<||_html:</span>_||><||_html:<span style=\'background-color: rgba(0.0, '
 "165.0, 0, 0.15); border-radius: 3px;' "
 "title='1.0'>_||>changes<||_html:</span>_||><||_html:<span "
 "style='background-color: rgba(0.0, 165.0, 0, 0.15); border-radius: 3px;' "
 'title=\'1.0\'>_||>":<||_html:</span>_||><||_html:<span '
 "style='background-color: rgba(0.0, 165.0, 0, 0.15); border-radius: 3px;' "
 "title='1.0'>_||> [<||_html:</span>_||><||_html:<span "
 "style='background-color: rgba(0.0, 165.0, 0, 0.15); border-radius: 3px;' "
 "title='1.0'>_||>\n"
 "<||_html:</span>_||><||_html:<span style='background-color: rgba(0.0, 165.0, "
 "0, 0.15); border-radius: 3px;' title='1.0'>_||>   "
 "<||_html:</span>_||><||_html:<span style='background-color: rgba(0.0, 165.0, "
 "0, 0.15); border-radius: 3px;' title='1.0'>_||> "
 "{<||_html:</span>_||><||_html:<span style='background-color: rgba(0.0, "
 "165.0, 0, 0.15); border-radius: 3px;' title='1.0'>_||>\n"
 "<||_html:</span>_||><||_html:<span style='background-color: rgba(0.0, 165.0, "
 "0, 0.15); border-radius: 3px;' title='1.0'>_||>     "
 "<||_html:</span>_||><||_html:<span style='background-color: rgba(0.0, 165.0, "
 "0, 0.15); border-radius: 3px;' title='1.0'>_||> "
 '"<||_html:</span>_||><||_html:<span style=\'background-color: rgba(0.0, '
 "165.0, 0, 0.15); border-radius: 3px;' "
 "title='1.0'>_||>type<||_html:</span>_||><||_html:<span "
 "style='background-color: rgba(0.0, 165.0, 0, 0.15); border-radius: 3px;' "
 'title=\'1.0\'>_||>":<||_html:</span>_||><||_html:<span '
 "style='background-color: rgba(0.0, 165.0, 0, 0.15); border-radius: 3px;' "
 'title=\'1.0\'>_||> "<||_html:</span>_||><||_html:<span '
 "style='background-color: rgba(0.0, 165.0, 0, 0.15); border-radius: 3px;' "
 "title='1.0'>_||>Query<||_html:</span>_||><||_html:<span "
 "style='background-color: rgba(0.0, 165.0, 0, 0.15); border-radius: 3px;' "
 'title=\'1.0\'>_||>",<||_html:</span>_||><||_html:<span '
 "style='background-color: rgba(0.0, 165.0, 0, 0.15); border-radius: 3px;' "
 "title='1.0'>_||>\n"
 "<||_html:</span>_||><||_html:<span style='background-color: rgba(0.0, 165.0, "
 "0, 0.15); border-radius: 3px;' title='1.0'>_||>     "
 "<||_html:</span>_||><||_html:<span style='background-color: rgba(0.0, 165.0, "
 "0, 0.15); border-radius: 3px;' title='1.0'>_||> "
 '"<||_html:</span>_||><||_html:<span style=\'background-color: rgba(0.0, '
 "165.0, 0, 0.15); border-radius: 3px;' "
 "title='1.0'>_||>field<||_html:</span>_||><||_html:<span "
 "style='background-color: rgba(0.0, 165.0, 0, 0.15); border-radius: 3px;' "
 'title=\'1.0\'>_||>":<||_html:</span>_||><||_html:<span '
 "style='background-color: rgba(0.0, 165.0, 0, 0.15); border-radius: 3px;' "
 'title=\'1.0\'>_||> "<||_html:</span>_||><||_html:<span '
 "style='background-color: rgba(0.0, 165.0, 0, 0.15); border-radius: 3px;' "
 "title='1.0'>_||>get<||_html:</span>_||><||_html:<span "
 "style='background-color: rgba(0.0, 165.0, 0, 0.15); border-radius: 3px;' "
 "title='1.0'>_||>Product<||_html:</span>_||><||_html:<span "
 "style='background-color: rgba(0.0, 165.0, 0, 0.15); border-radius: 3px;' "
 'title=\'1.0\'>_||>",<||_html:</span>_||><||_html:<span '
 "style='background-color: rgba(0.0, 165.0, 0, 0.15); border-radius: 3px;' "
 "title='1.0'>_||>\n"
 "<||_html:</span>_||><||_html:<span style='background-color: rgba(0.0, 165.0, "
 "0, 0.15); border-radius: 3px;' title='1.0'>_||>     "
 "<||_html:</span>_||><||_html:<span style='background-color: rgba(0.0, 165.0, "
 "0, 0.15); border-radius: 3px;' title='1.0'>_||> "
 '"<||_html:</span>_||><||_html:<span style=\'background-color: rgba(0.0, '
 "165.0, 0, 0.15); border-radius: 3px;' "
 "title='1.0'>_||>change<||_html:</span>_||><||_html:<span "
 "style='background-color: rgba(0.0, 165.0, 0, 0.15); border-radius: 3px;' "
 'title=\'1.0\'>_||>":<||_html:</span>_||><||_html:<span '
 "style='background-color: rgba(0.0, 165.0, 0, 0.15); border-radius: 3px;' "
 'title=\'1.0\'>_||> "<||_html:</span>_||><||_html:<span '
 "style='background-color: rgba(0.0, 165.0, 0, 0.15); border-radius: 3px;' "
 "title='1.0'>_||>field<||_html:</span>_||><||_html:<span "
 "style='background-color: rgba(0.0, 165.0, 0, 0.15); border-radius: 3px;' "
 "title='1.0'>_||> details<||_html:</span>_||><||_html:<span "
 "style='background-color: rgba(0.0, 165.0, 0, 0.15); border-radius: 3px;' "
 "title='1.0'>_||> added<||_html:</span>_||><||_html:<span "
 "style='background-color: rgba(0.0, 165.0, 0, 0.15); border-radius: 3px;' "
 'title=\'1.0\'>_||>",<||_html:</span>_||><||_html:<span '
 "style='background-color: rgba(0.0, 165.0, 0, 0.15); border-radius: 3px;' "
 "title='1.0'>_||>\n"
 "<||_html:</span>_||><||_html:<span style='background-color: rgba(0.0, 165.0, "
 "0, 0.15); border-radius: 3px;' title='1.0'>_||>     "
 "<||_html:</span>_||><||_html:<span style='background-color: rgba(0.0, 165.0, "
 "0, 0.15); border-radius: 3px;' title='1.0'>_||> "
 '"<||_html:</span>_||><||_html:<span style=\'background-color: rgba(0.0, '
 "165.0, 0, 0.15); border-radius: 3px;' "
 "title='1.0'>_||>breaking<||_html:</span>_||><||_html:<span "
 "style='background-color: rgba(0.0, 165.0, 0, 0.15); border-radius: 3px;' "
 'title=\'1.0\'>_||>":<||_html:</span>_||><||_html:<span '
 "style='background-color: rgba(0.0, 165.0, 0, 0.15); border-radius: 3px;' "
 'title=\'1.0\'>_||> "<||_html:</span>_||><||_html:<span '
 "style='background-color: rgba(0.0, 165.0, 0, 0.15); border-radius: 3px;' "
 "title='1.0'>_||>false<||_html:</span>_||><||_html:<span "
 "style='background-color: rgba(0.0, 165.0, 0, 0.15); border-radius: 3px;' "
 'title=\'1.0\'>_||>",<||_html:</span>_||><||_html:<span '
 "style='background-color: rgba(0.0, 165.0, 0, 0.15); border-radius: 3px;' "
 "title='1.0'>_||>\n"
 "<||_html:</span>_||><||_html:<span style='background-color: rgba(0.0, 165.0, "
 "0, 0.15); border-radius: 3px;' title='1.0'>_||>     "
 "<||_html:</span>_||><||_html:<span style='background-color: rgba(0.0, 165.0, "
 "0, 0.15); border-radius: 3px;' title='1.0'>_||> "
 '"<||_html:</span>_||><||_html:<span style=\'background-color: rgba(0.0, '
 "165.0, 0, 0.15); border-radius: 3px;' "
 "title='1.0'>_||>release<||_html:</span>_||><||_html:<span "
 "style='background-color: rgba(0.0, 165.0, 0, 0.15); border-radius: 3px;' "
 "title='1.0'>_||>_<||_html:</span>_||><||_html:<span style='background-color: "
 "rgba(0.0, 165.0, 0, 0.15); border-radius: 3px;' "
 "title='1.0'>_||>note<||_html:</span>_||><||_html:<span "
 "style='background-color: rgba(0.0, 165.0, 0, 0.15); border-radius: 3px;' "
 'title=\'1.0\'>_||>":<||_html:</span>_||><||_html:<span '
 "style='background-color: rgba(0.0, 165.0, 0, 0.15); border-radius: 3px;' "
 'title=\'1.0\'>_||> "<||_html:</span>_||><||_html:<span '
 "style='background-color: rgba(0.0, 165.0, 0, 0.15); border-radius: 3px;' "
 "title='1.0'>_||>The<||_html:</span>_||><||_html:<span "
 "style='background-color: rgba(0.0, 165.0, 0, 0.15); border-radius: 3px;' "
 "title='1.0'>_||> '<||_html:</span>_||><||_html:<span "
 "style='background-color: rgba(0.0, 165.0, 0, 0.15); border-radius: 3px;' "
 "title='1.0'>_||>get<||_html:</span>_||><||_html:<span "
 "style='background-color: rgba(0.0, 165.0, 0, 0.15); border-radius: 3px;' "
 "title='1.0'>_||>Product<||_html:</span>_||><||_html:<span "
 "style='background-color: rgba(0.0, 165.0, 0, 0.15); border-radius: 3px;' "
 "title='1.0'>_||>'<||_html:</span>_||><||_html:<span style='background-color: "
 "rgba(0.0, 165.0, 0, 0.15); border-radius: 3px;' title='1.0'>_||> "
 "query<||_html:</span>_||><||_html:<span style='background-color: rgba(0.0, "
 "165.0, 0, 0.15); border-radius: 3px;' title='1.0'>_||> "
 "now<||_html:</span>_||><||_html:<span style='background-color: rgba(0.0, "
 "165.0, 0, 0.15); border-radius: 3px;' title='1.0'>_||> "
 "includes<||_html:</span>_||><||_html:<span style='background-color: "
 "rgba(0.0, 165.0, 0, 0.15); border-radius: 3px;' title='1.0'>_||> "
 "a<||_html:</span>_||><||_html:<span style='background-color: rgba(0.0, "
 "165.0, 0, 0.15); border-radius: 3px;' title='1.0'>_||> "
 "new<||_html:</span>_||><||_html:<span style='background-color: rgba(0.0, "
 "165.0, 0, 0.15); border-radius: 3px;' title='1.0'>_||> "
 "field<||_html:</span>_||><||_html:<span style='background-color: rgba(0.0, "
 "165.0, 0, 0.15); border-radius: 3px;' title='1.0'>_||> "
 "'<||_html:</span>_||><||_html:<span style='background-color: rgba(0.0, "
 "165.0, 0, 0.15); border-radius: 3px;' "
 "title='1.0'>_||>details<||_html:</span>_||><||_html:<span "
 "style='background-color: rgba(0.0, 165.0, 0, 0.15); border-radius: 3px;' "
 "title='1.0'>_||>'<||_html:</span>_||><||_html:<span style='background-color: "
 "rgba(0.0, 165.0, 0, 0.15); border-radius: 3px;' title='1.0'>_||> "
 "of<||_html:</span>_||><||_html:<span style='background-color: rgba(0.0, "
 "165.0, 0, 0.15); border-radius: 3px;' title='1.0'>_||> "
 "type<||_html:</span>_||><||_html:<span style='background-color: rgba(0.0, "
 "165.0, 0, 0.15); border-radius: 3px;' title='1.0'>_||> "
 "String<||_html:</span>_||><||_html:<span style='background-color: rgba(0.0, "
 "165.0, 0, 0.15); border-radius: 3px;' "
 'title=\'1.0\'>_||>."<||_html:</span>_||><||_html:<span '
 "style='background-color: rgba(0.0, 165.0, 0, 0.15); border-radius: 3px;' "
 "title='1.0'>_||>\n"
 "<||_html:</span>_||><||_html:<span style='background-color: rgba(0.0, 165.0, "
 "0, 0.15); border-radius: 3px;' title='1.0'>_||>   "
 "<||_html:</span>_||><||_html:<span style='background-color: rgba(0.0, 165.0, "
 "0, 0.15); border-radius: 3px;' title='1.0'>_||> "
 "},<||_html:</span>_||><||_html:<span style='background-color: rgba(0.0, "
 "165.0, 0, 0.15); border-radius: 3px;' title='1.0'>_||>\n"
 "<||_html:</span>_||><||_html:<span style='background-color: rgba(0.0, 165.0, "
 "0, 0.15); border-radius: 3px;' title='1.0'>_||>   "
 "<||_html:</span>_||><||_html:<span style='background-color: rgba(0.0, 165.0, "
 "0, 0.15); border-radius: 3px;' title='1.0'>_||> "
 "{<||_html:</span>_||><||_html:<span style='background-color: rgba(0.0, "
 "165.0, 0, 0.15); border-radius: 3px;' title='1.0'>_||>\n"
 "<||_html:</span>_||><||_html:<span style='background-color: rgba(0.0, 165.0, "
 "0, 0.15); border-radius: 3px;' title='1.0'>_||>     "
 "<||_html:</span>_||><||_html:<span style='background-color: rgba(0.0, 165.0, "
 "0, 0.15); border-radius: 3px;' title='1.0'>_||> "
 '"<||_html:</span>_||><||_html:<span style=\'background-color: rgba(0.0, '
 "165.0, 0, 0.15); border-radius: 3px;' "
 "title='1.0'>_||>type<||_html:</span>_||><||_html:<span "
 "style='background-color: rgba(0.0, 165.0, 0, 0.15); border-radius: 3px;' "
 'title=\'1.0\'>_||>":<||_html:</span>_||><||_html:<span '
 "style='background-color: rgba(0.0, 165.0, 0, 0.15); border-radius: 3px;' "
 'title=\'1.0\'>_||> "<||_html:</span>_||><||_html:<span '
 "style='background-color: rgba(0.0, 165.0, 0, 0.15); border-radius: 3px;' "
 "title='1.0'>_||>Product<||_html:</span>_||><||_html:<span "
 "style='background-color: rgba(0.0, 165.0, 0, 0.15); border-radius: 3px;' "
 'title=\'1.0\'>_||>",<||_html:</span>_||><||_html:<span '
 "style='background-color: rgba(0.0, 165.0, 0, 0.15); border-radius: 3px;' "
 "title='1.0'>_||>\n"
 "<||_html:</span>_||><||_html:<span style='background-color: rgba(0.0, 165.0, "
 "0, 0.15); border-radius: 3px;' title='1.0'>_||>     "
 "<||_html:</span>_||><||_html:<span style='background-color: rgba(0.0, 165.0, "
 "0, 0.15); border-radius: 3px;' title='1.0'>_||> "
 '"<||_html:</span>_||><||_html:<span style=\'background-color: rgba(0.0, '
 "165.0, 0, 0.15); border-radius: 3px;' "
 "title='1.0'>_||>field<||_html:</span>_||><||_html:<span "
 "style='background-color: rgba(0.0, 165.0, 0, 0.15); border-radius: 3px;' "
 'title=\'1.0\'>_||>":<||_html:</span>_||><||_html:<span '
 "style='background-color: rgba(0.0, 165.0, 0, 0.15); border-radius: 3px;' "
 'title=\'1.0\'>_||> "<||_html:</span>_||><||_html:<span '
 "style='background-color: rgba(0.0, 165.0, 0, 0.15); border-radius: 3px;' "
 "title='1.0'>_||>description<||_html:</span>_||><||_html:<span "
 "style='background-color: rgba(0.0, 165.0, 0, 0.15); border-radius: 3px;' "
 'title=\'1.0\'>_||>",<||_html:</span>_||><||_html:<span '
 "style='background-color: rgba(0.0, 165.0, 0, 0.15); border-radius: 3px;' "
 "title='1.0'>_||>\n"
 "<||_html:</span>_||><||_html:<span style='background-color: rgba(0.0, 165.0, "
 "0, 0.15); border-radius: 3px;' title='1.0'>_||>     "
 "<||_html:</span>_||><||_html:<span style='background-color: rgba(0.0, 165.0, "
 "0, 0.15); border-radius: 3px;' title='1.0'>_||> "
 '"<||_html:</span>_||><||_html:<span style=\'background-color: rgba(0.0, '
 "165.0, 0, 0.15); border-radius: 3px;' "
 "title='1.0'>_||>change<||_html:</span>_||><||_html:<span "
 "style='background-color: rgba(0.0, 165.0, 0, 0.15); border-radius: 3px;' "
 'title=\'1.0\'>_||>":<||_html:</span>_||><||_html:<span '
 "style='background-color: rgba(0.0, 165.0, 0, 0.15); border-radius: 3px;' "
 'title=\'1.0\'>_||> "<||_html:</span>_||><||_html:<span '
 "style='background-color: rgba(0.0, 165.0, 0, 0.15); border-radius: 3px;' "
 "title='1.0'>_||>field<||_html:</span>_||><||_html:<span "
 "style='background-color: rgba(0.0, 165.0, 0, 0.15); border-radius: 3px;' "
 "title='1.0'>_||> removed<||_html:</span>_||><||_html:<span "
 "style='background-color: rgba(0.0, 165.0, 0, 0.15); border-radius: 3px;' "
 'title=\'1.0\'>_||>",<||_html:</span>_||><||_html:<span '
 "style='background-color: rgba(0.0, 165.0, 0, 0.15); border-radius: 3px;' "
 "title='1.0'>_||>\n"
 "<||_html:</span>_||><||_html:<span style='background-color: rgba(0.0, 165.0, "
 "0, 0.15); border-radius: 3px;' title='1.0'>_||>     "
 "<||_html:</span>_||><||_html:<span style='background-color: rgba(0.0, 165.0, "
 "0, 0.15); border-radius: 3px;' title='1.0'>_||> "
 '"<||_html:</span>_||><||_html:<span style=\'background-color: rgba(0.0, '
 "165.0, 0, 0.15); border-radius: 3px;' "
 "title='1.0'>_||>breaking<||_html:</span>_||><||_html:<span "
 "style='background-color: rgba(0.0, 165.0, 0, 0.15); border-radius: 3px;' "
 'title=\'1.0\'>_||>":<||_html:</span>_||><||_html:<span '
 "style='background-color: rgba(0.0, 165.0, 0, 0.15); border-radius: 3px;' "
 'title=\'1.0\'>_||> "<||_html:</span>_||><||_html:<span '
 "style='background-color: rgba(0.0, 165.0, 0, 0.15); border-radius: 3px;' "
 "title='1.0'>_||>true<||_html:</span>_||><||_html:<span "
 "style='background-color: rgba(0.0, 165.0, 0, 0.15); border-radius: 3px;' "
 'title=\'1.0\'>_||>",<||_html:</span>_||><||_html:<span '
 "style='background-color: rgba(0.0, 165.0, 0, 0.15); border-radius: 3px;' "
 "title='1.0'>_||>\n"
 "<||_html:</span>_||><||_html:<span style='background-color: rgba(0.0, 165.0, "
 "0, 0.15); border-radius: 3px;' title='1.0'>_||>     "
 "<||_html:</span>_||><||_html:<span style='background-color: rgba(0.0, 165.0, "
 "0, 0.15); border-radius: 3px;' title='1.0'>_||> "
 '"<||_html:</span>_||><||_html:<span style=\'background-color: rgba(0.0, '
 "165.0, 0, 0.15); border-radius: 3px;' "
 "title='1.0'>_||>release<||_html:</span>_||><||_html:<span "
 "style='background-color: rgba(0.0, 165.0, 0, 0.15); border-radius: 3px;' "
 "title='1.0'>_||>_<||_html:</span>_||><||_html:<span style='background-color: "
 "rgba(0.0, 165.0, 0, 0.15); border-radius: 3px;' "
 "title='1.0'>_||>note<||_html:</span>_||><||_html:<span "
 "style='background-color: rgba(0.0, 165.0, 0, 0.15); border-radius: 3px;' "
 'title=\'1.0\'>_||>":<||_html:</span>_||><||_html:<span '
 "style='background-color: rgba(0.0, 165.0, 0, 0.15); border-radius: 3px;' "
 'title=\'1.0\'>_||> "<||_html:</span>_||><||_html:<span '
 "style='background-color: rgba(0.0, 165.0, 0, 0.15); border-radius: 3px;' "
 "title='1.0'>_||>The<||_html:</span>_||><||_html:<span "
 "style='background-color: rgba(0.0, 165.0, 0, 0.15); border-radius: 3px;' "
 "title='1.0'>_||> '<||_html:</span>_||><||_html:<span "
 "style='background-color: rgba(0.0, 165.0, 0, 0.15); border-radius: 3px;' "
 "title='1.0'>_||>Product<||_html:</span>_||><||_html:<span "
 "style='background-color: rgba(0.0, 165.0, 0, 0.15); border-radius: 3px;' "
 "title='1.0'>_||>'<||_html:</span>_||><||_html:<span style='background-color: "
 "rgba(0.0, 165.0, 0, 0.15); border-radius: 3px;' title='1.0'>_||> "
 "type<||_html:</span>_||><||_html:<span style='background-color: rgba(0.0, "
 "165.0, 0, 0.15); border-radius: 3px;' title='1.0'>_||> "
 "no<||_html:</span>_||><||_html:<span style='background-color: rgba(0.0, "
 "165.0, 0, 0.15); border-radius: 3px;' title='1.0'>_||> "
 "longer<||_html:</span>_||><||_html:<span style='background-color: rgba(0.0, "
 "165.0, 0, 0.15); border-radius: 3px;' title='1.0'>_||> "
 "includes<||_html:</span>_||><||_html:<span style='background-color: "
 "rgba(0.0, 165.0, 0, 0.15); border-radius: 3px;' title='1.0'>_||> "
 "the<||_html:</span>_||><||_html:<span style='background-color: rgba(0.0, "
 "165.0, 0, 0.15); border-radius: 3px;' title='1.0'>_||> "
 "'<||_html:</span>_||><||_html:<span style='background-color: rgba(0.0, "
 "165.0, 0, 0.15); border-radius: 3px;' "
 "title='1.0'>_||>description<||_html:</span>_||><||_html:<span "
 "style='background-color: rgba(0.0, 165.0, 0, 0.15); border-radius: 3px;' "
 "title='1.0'>_||>'<||_html:</span>_||><||_html:<span style='background-color: "
 "rgba(0.0, 165.0, 0, 0.15); border-radius: 3px;' title='1.0'>_||> "
 "field<||_html:</span>_||><||_html:<span style='background-color: rgba(0.0, "
 "165.0, 0, 0.15); border-radius: 3px;' "
 'title=\'1.0\'>_||>."<||_html:</span>_||><||_html:<span '
 "style='background-color: rgba(0.0, 165.0, 0, 0.15); border-radius: 3px;' "
 "title='1.0'>_||>\n"
 "<||_html:</span>_||><||_html:<span style='background-color: rgba(0.0, 165.0, "
 "0, 0.15); border-radius: 3px;' title='1.0'>_||>   "
 "<||_html:</span>_||><||_html:<span style='background-color: rgba(0.0, 165.0, "
 "0, 0.15); border-radius: 3px;' title='1.0'>_||> "
 "},<||_html:</span>_||><||_html:<span style='background-color: rgba(0.0, "
 "165.0, 0, 0.15); border-radius: 3px;' title='1.0'>_||>\n"
 "<||_html:</span>_||><||_html:<span style='background-color: rgba(0.0, 165.0, "
 "0, 0.15); border-radius: 3px;' title='1.0'>_||>   "
 "<||_html:</span>_||><||_html:<span style='background-color: rgba(0.0, 165.0, "
 "0, 0.15); border-radius: 3px;' title='1.0'>_||> "
 "{<||_html:</span>_||><||_html:<span style='background-color: rgba(0.0, "
 "165.0, 0, 0.15); border-radius: 3px;' title='1.0'>_||>\n"
 "<||_html:</span>_||><||_html:<span style='background-color: rgba(0.0, 165.0, "
 "0, 0.15); border-radius: 3px;' title='1.0'>_||>     "
 "<||_html:</span>_||><||_html:<span style='background-color: rgba(0.0, 165.0, "
 "0, 0.15); border-radius: 3px;' title='1.0'>_||> "
 '"<||_html:</span>_||><||_html:<span style=\'background-color: rgba(0.0, '
 "165.0, 0, 0.15); border-radius: 3px;' "
 "title='1.0'>_||>type<||_html:</span>_||><||_html:<span "
 "style='background-color: rgba(0.0, 165.0, 0, 0.15); border-radius: 3px;' "
 'title=\'1.0\'>_||>":<||_html:</span>_||><||_html:<span '
 "style='background-color: rgba(0.0, 165.0, 0, 0.15); border-radius: 3px;' "
 'title=\'1.0\'>_||> "<||_html:</span>_||><||_html:<span '
 "style='background-color: rgba(0.0, 165.0, 0, 0.15); border-radius: 3px;' "
 "title='1.0'>_||>Product<||_html:</span>_||><||_html:<span "
 "style='background-color: rgba(0.0, 165.0, 0, 0.15); border-radius: 3px;' "
 'title=\'1.0\'>_||>",<||_html:</span>_||><||_html:<span '
 "style='background-color: rgba(0.0, 165.0, 0, 0.15); border-radius: 3px;' "
 "title='1.0'>_||>\n"
 "<||_html:</span>_||><||_html:<span style='background-color: rgba(0.0, 165.0, "
 "0, 0.15); border-radius: 3px;' title='1.0'>_||>     "
 "<||_html:</span>_||><||_html:<span style='background-color: rgba(0.0, 165.0, "
 "0, 0.15); border-radius: 3px;' title='1.0'>_||> "
 '"<||_html:</span>_||><||_html:<span style=\'background-color: rgba(0.0, '
 "165.0, 0, 0.15); border-radius: 3px;' "
 "title='1.0'>_||>field<||_html:</span>_||><||_html:<span "
 "style='background-color: rgba(0.0, 165.0, 0, 0.15); border-radius: 3px;' "
 'title=\'1.0\'>_||>":<||_html:</span>_||><||_html:<span '
 "style='background-color: rgba(0.0, 165.0, 0, 0.15); border-radius: 3px;' "
 'title=\'1.0\'>_||> "<||_html:</span>_||><||_html:<span '
 "style='background-color: rgba(0.0, 165.0, 0, 0.15); border-radius: 3px;' "
 "title='1.0'>_||>stock<||_html:</span>_||><||_html:<span "
 "style='background-color: rgba(0.0, 165.0, 0, 0.15); border-radius: 3px;' "
 'title=\'1.0\'>_||>",<||_html:</span>_||><||_html:<span '
 "style='background-color: rgba(0.0, 165.0, 0, 0.15); border-radius: 3px;' "
 "title='1.0'>_||>\n"
 "<||_html:</span>_||><||_html:<span style='background-color: rgba(0.0, 165.0, "
 "0, 0.15); border-radius: 3px;' title='1.0'>_||>     "
 "<||_html:</span>_||><||_html:<span style='background-color: rgba(0.0, 165.0, "
 "0, 0.15); border-radius: 3px;' title='1.0'>_||> "
 '"<||_html:</span>_||><||_html:<span style=\'background-color: rgba(0.0, '
 "165.0, 0, 0.15); border-radius: 3px;' "
 "title='1.0'>_||>change<||_html:</span>_||><||_html:<span "
 "style='background-color: rgba(0.0, 165.0, 0, 0.15); border-radius: 3px;' "
 'title=\'1.0\'>_||>":<||_html:</span>_||><||_html:<span '
 "style='background-color: rgba(0.0, 165.0, 0, 0.15); border-radius: 3px;' "
 'title=\'1.0\'>_||> "<||_html:</span>_||><||_html:<span '
 "style='background-color: rgba(0.0, 165.0, 0, 0.15); border-radius: 3px;' "
 "title='1.0'>_||>field<||_html:</span>_||><||_html:<span "
 "style='background-color: rgba(0.0, 165.0, 0, 0.15); border-radius: 3px;' "
 "title='1.0'>_||> removed<||_html:</span>_||><||_html:<span "
 "style='background-color: rgba(0.0, 165.0, 0, 0.15); border-radius: 3px;' "
 'title=\'1.0\'>_||>",<||_html:</span>_||><||_html:<span '
 "style='background-color: rgba(0.0, 165.0, 0, 0.15); border-radius: 3px;' "
 "title='1.0'>_||>\n"
 "<||_html:</span>_||><||_html:<span style='background-color: rgba(0.0, 165.0, "
 "0, 0.15); border-radius: 3px;' title='1.0'>_||>     "
 "<||_html:</span>_||><||_html:<span style='background-color: rgba(0.0, 165.0, "
 "0, 0.15); border-radius: 3px;' title='1.0'>_||> "
 '"<||_html:</span>_||><||_html:<span style=\'background-color: rgba(0.0, '
 "165.0, 0, 0.15); border-radius: 3px;' "
 "title='1.0'>_||>breaking<||_html:</span>_||><||_html:<span "
 "style='background-color: rgba(0.0, 165.0, 0, 0.15); border-radius: 3px;' "
 'title=\'1.0\'>_||>":<||_html:</span>_||><||_html:<span '
 "style='background-color: rgba(0.0, 165.0, 0, 0.15); border-radius: 3px;' "
 'title=\'1.0\'>_||> "<||_html:</span>_||><||_html:<span '
 "style='background-color: rgba(0.0, 165.0, 0, 0.15); border-radius: 3px;' "
 "title='1.0'>_||>true<||_html:</span>_||><||_html:<span "
 "style='background-color: rgba(0.0, 165.0, 0, 0.15); border-radius: 3px;' "
 'title=\'1.0\'>_||>",<||_html:</span>_||><||_html:<span '
 "style='background-color: rgba(0.0, 165.0, 0, 0.15); border-radius: 3px;' "
 "title='1.0'>_||>\n"
 "<||_html:</span>_||><||_html:<span style='background-color: rgba(0.0, 165.0, "
 "0, 0.15); border-radius: 3px;' title='1.0'>_||>     "
 "<||_html:</span>_||><||_html:<span style='background-color: rgba(0.0, 165.0, "
 "0, 0.15); border-radius: 3px;' title='1.0'>_||> "
 '"<||_html:</span>_||><||_html:<span style=\'background-color: rgba(0.0, '
 "165.0, 0, 0.15); border-radius: 3px;' "
 "title='1.0'>_||>release<||_html:</span>_||><||_html:<span "
 "style='background-color: rgba(0.0, 165.0, 0, 0.15); border-radius: 3px;' "
 "title='1.0'>_||>_<||_html:</span>_||><||_html:<span style='background-color: "
 "rgba(0.0, 165.0, 0, 0.15); border-radius: 3px;' "
 "title='1.0'>_||>note<||_html:</span>_||><||_html:<span "
 "style='background-color: rgba(0.0, 165.0, 0, 0.15); border-radius: 3px;' "
 'title=\'1.0\'>_||>":<||_html:</span>_||><||_html:<span '
 "style='background-color: rgba(0.0, 165.0, 0, 0.15); border-radius: 3px;' "
 'title=\'1.0\'>_||> "<||_html:</span>_||><||_html:<span '
 "style='background-color: rgba(0.0, 165.0, 0, 0.15); border-radius: 3px;' "
 "title='1.0'>_||>The<||_html:</span>_||><||_html:<span "
 "style='background-color: rgba(0.0, 165.0, 0, 0.15); border-radius: 3px;' "
 "title='1.0'>_||> '<||_html:</span>_||><||_html:<span "
 "style='background-color: rgba(0.0, 165.0, 0, 0.15); border-radius: 3px;' "
 "title='1.0'>_||>Product<||_html:</span>_||><||_html:<span "
 "style='background-color: rgba(0.0, 165.0, 0, 0.15); border-radius: 3px;' "
 "title='1.0'>_||>'<||_html:</span>_||><||_html:<span style='background-color: "
 "rgba(0.0, 165.0, 0, 0.15); border-radius: 3px;' title='1.0'>_||> "
 "type<||_html:</span>_||><||_html:<span style='background-color: rgba(0.0, "
 "165.0, 0, 0.15); border-radius: 3px;' title='1.0'>_||> "
 "no<||_html:</span>_||><||_html:<span style='background-color: rgba(0.0, "
 "165.0, 0, 0.15); border-radius: 3px;' title='1.0'>_||> "
 "longer<||_html:</span>_||><||_html:<span style='background-color: rgba(0.0, "
 "165.0, 0, 0.15); border-radius: 3px;' title='1.0'>_||> "
 "includes<||_html:</span>_||><||_html:<span style='background-color: "
 "rgba(0.0, 165.0, 0, 0.15); border-radius: 3px;' title='1.0'>_||> "
 "the<||_html:</span>_||><||_html:<span style='background-color: rgba(0.0, "
 "165.0, 0, 0.15); border-radius: 3px;' title='1.0'>_||> "
 "'<||_html:</span>_||><||_html:<span style='background-color: rgba(0.0, "
 "165.0, 0, 0.15); border-radius: 3px;' "
 "title='1.0'>_||>stock<||_html:</span>_||><||_html:<span "
 "style='background-color: rgba(0.0, 165.0, 0, 0.15); border-radius: 3px;' "
 "title='1.0'>_||>'<||_html:</span>_||><||_html:<span style='background-color: "
 "rgba(0.0, 165.0, 0, 0.15); border-radius: 3px;' title='1.0'>_||> "
 "field<||_html:</span>_||><||_html:<span style='background-color: rgba(0.0, "
 "165.0, 0, 0.15); border-radius: 3px;' "
 'title=\'1.0\'>_||>."<||_html:</span>_||><||_html:<span '
 "style='background-color: rgba(0.0, 165.0, 0, 0.15); border-radius: 3px;' "
 "title='1.0'>_||>\n"
 "<||_html:</span>_||><||_html:<span style='background-color: rgba(0.0, 165.0, "
 "0, 0.15); border-radius: 3px;' title='1.0'>_||>   "
 "<||_html:</span>_||><||_html:<span style='background-color: rgba(0.0, 165.0, "
 "0, 0.15); border-radius: 3px;' title='1.0'>_||> "
 "}<||_html:</span>_||><||_html:<span style='background-color: rgba(0.0, "
 "165.0, 0, 0.15); border-radius: 3px;' title='1.0'>_||>\n"
 "<||_html:</span>_||><||_html:<span style='background-color: rgba(0.0, 165.0, "
 "0, 0.15); border-radius: 3px;' title='1.0'>_||> "
 "<||_html:</span>_||><||_html:<span style='background-color: rgba(0.0, 165.0, "
 "0, 0.15); border-radius: 3px;' title='1.0'>_||> "
 "],<||_html:</span>_||><||_html:<span style='background-color: rgba(0.0, "
 "165.0, 0, 0.15); border-radius: 3px;' title='1.0'>_||>\n"
 "<||_html:</span>_||><||_html:<span style='background-color: rgba(0.0, 165.0, "
 "0, 0.15); border-radius: 3px;' title='1.0'>_||> "
 "<||_html:</span>_||><||_html:<span style='background-color: rgba(0.0, 165.0, "
 "0, 0.15); border-radius: 3px;' title='1.0'>_||> "
 '"<||_html:</span>_||><||_html:<span style=\'background-color: rgba(0.0, '
 "165.0, 0, 0.15); border-radius: 3px;' "
 "title='1.0'>_||>release<||_html:</span>_||><||_html:<span "
 "style='background-color: rgba(0.0, 165.0, 0, 0.15); border-radius: 3px;' "
 "title='1.0'>_||>_<||_html:</span>_||><||_html:<span style='background-color: "
 "rgba(0.0, 165.0, 0, 0.15); border-radius: 3px;' "
 "title='1.0'>_||>notes<||_html:</span>_||><||_html:<span "
 "style='background-color: rgba(0.0, 165.0, 0, 0.15); border-radius: 3px;' "
 'title=\'1.0\'>_||>":<||_html:</span>_||><||_html:<span '
 "style='background-color: rgba(0.0, 165.0, 0, 0.15); border-radius: 3px;' "
 "title='1.0'>_||> {<||_html:</span>_||><||_html:<span "
 "style='background-color: rgba(0.0, 165.0, 0, 0.15); border-radius: 3px;' "
 "title='1.0'>_||>\n"
 "<||_html:</span>_||><||_html:<span style='background-color: rgba(0.0, 165.0, "
 "0, 0.15); border-radius: 3px;' title='1.0'>_||>   "
 "<||_html:</span>_||><||_html:<span style='background-color: rgba(0.0, 165.0, "
 "0, 0.15); border-radius: 3px;' title='1.0'>_||> "
 '"<||_html:</span>_||><||_html:<span style=\'background-color: rgba(0.0, '
 "165.0, 0, 0.15); border-radius: 3px;' "
 "title='1.0'>_||>summary<||_html:</span>_||><||_html:<span "
 "style='background-color: rgba(0.0, 165.0, 0, 0.15); border-radius: 3px;' "
 'title=\'1.0\'>_||>":<||_html:</span>_||><||_html:<span '
 "style='background-color: rgba(0.0, 165.0, 0, 0.15); border-radius: 3px;' "
 'title=\'1.0\'>_||> "<||_html:</span>_||><||_html:<span '
 "style='background-color: rgba(0.0, 165.0, 0, 0.15); border-radius: 3px;' "
 "title='1.0'>_||>The<||_html:</span>_||><||_html:<span "
 "style='background-color: rgba(0.0, 165.0, 0, 0.15); border-radius: 3px;' "
 "title='1.0'>_||> '<||_html:</span>_||><||_html:<span "
 "style='background-color: rgba(0.0, 165.0, 0, 0.15); border-radius: 3px;' "
 "title='1.0'>_||>get<||_html:</span>_||><||_html:<span "
 "style='background-color: rgba(0.0, 165.0, 0, 0.15); border-radius: 3px;' "
 "title='1.0'>_||>Product<||_html:</span>_||><||_html:<span "
 "style='background-color: rgba(0.0, 165.0, 0, 0.15); border-radius: 3px;' "
 "title='1.0'>_||>'<||_html:</span>_||><||_html:<span style='background-color: "
 "rgba(0.0, 165.0, 0, 0.15); border-radius: 3px;' title='1.0'>_||> "
 "query<||_html:</span>_||><||_html:<span style='background-color: rgba(0.0, "
 "165.0, 0, 0.15); border-radius: 3px;' title='1.0'>_||> "
 "now<||_html:</span>_||><||_html:<span style='background-color: rgba(0.0, "
 "165.0, 0, 0.15); border-radius: 3px;' title='1.0'>_||> "
 "includes<||_html:</span>_||><||_html:<span style='background-color: "
 "rgba(0.0, 165.0, 0, 0.15); border-radius: 3px;' title='1.0'>_||> "
 "a<||_html:</span>_||><||_html:<span style='background-color: rgba(0.0, "
 "165.0, 0, 0.15); border-radius: 3px;' title='1.0'>_||> "
 "new<||_html:</span>_||><||_html:<span style='background-color: rgba(0.0, "
 "165.0, 0, 0.15); border-radius: 3px;' title='1.0'>_||> "
 "field<||_html:</span>_||><||_html:<span style='background-color: rgba(0.0, "
 "165.0, 0, 0.15); border-radius: 3px;' title='1.0'>_||> "
 "'<||_html:</span>_||><||_html:<span style='background-color: rgba(0.0, "
 "165.0, 0, 0.15); border-radius: 3px;' "
 "title='1.0'>_||>details<||_html:</span>_||><||_html:<span "
 "style='background-color: rgba(0.0, 165.0, 0, 0.15); border-radius: 3px;' "
 "title='1.0'>_||>'<||_html:</span>_||><||_html:<span style='background-color: "
 "rgba(0.0, 165.0, 0, 0.15); border-radius: 3px;' title='1.0'>_||> "
 "of<||_html:</span>_||><||_html:<span style='background-color: rgba(0.0, "
 "165.0, 0, 0.15); border-radius: 3px;' title='1.0'>_||> "
 "type<||_html:</span>_||><||_html:<span style='background-color: rgba(0.0, "
 "165.0, 0, 0.15); border-radius: 3px;' title='1.0'>_||> "
 "String<||_html:</span>_||><||_html:<span style='background-color: rgba(0.0, "
 "165.0, 0, 0.15); border-radius: 3px;' "
 "title='1.0'>_||>.<||_html:</span>_||><||_html:<span style='background-color: "
 "rgba(0.0, 165.0, 0, 0.15); border-radius: 3px;' title='1.0'>_||> "
 "The<||_html:</span>_||><||_html:<span style='background-color: rgba(0.0, "
 "165.0, 0, 0.15); border-radius: 3px;' title='1.0'>_||> "
 "'<||_html:</span>_||><||_html:<span style='background-color: rgba(0.0, "
 "165.0, 0, 0.15); border-radius: 3px;' "
 "title='1.0'>_||>Product<||_html:</span>_||><||_html:<span "
 "style='background-color: rgba(0.0, 165.0, 0, 0.15); border-radius: 3px;' "
 "title='1.0'>_||>'<||_html:</span>_||><||_html:<span style='background-color: "
 "rgba(0.0, 165.0, 0, 0.15); border-radius: 3px;' title='1.0'>_||> "
 "type<||_html:</span>_||><||_html:<span style='background-color: rgba(0.0, "
 "165.0, 0, 0.15); border-radius: 3px;' title='1.0'>_||> "
 "no<||_html:</span>_||><||_html:<span style='background-color: rgba(0.0, "
 "165.0, 0, 0.15); border-radius: 3px;' title='1.0'>_||> "
 "longer<||_html:</span>_||><||_html:<span style='background-color: rgba(0.0, "
 "165.0, 0, 0.15); border-radius: 3px;' title='1.0'>_||> "
 "includes<||_html:</span>_||><||_html:<span style='background-color: "
 "rgba(0.0, 165.0, 0, 0.15); border-radius: 3px;' title='1.0'>_||> "
 "the<||_html:</span>_||><||_html:<span style='background-color: rgba(0.0, "
 "165.0, 0, 0.15); border-radius: 3px;' title='1.0'>_||> "
 "'<||_html:</span>_||><||_html:<span style='background-color: rgba(0.0, "
 "165.0, 0, 0.15); border-radius: 3px;' "
 "title='1.0'>_||>description<||_html:</span>_||><||_html:<span "
 "style='background-color: rgba(0.0, 165.0, 0, 0.15); border-radius: 3px;' "
 "title='1.0'>_||>'<||_html:</span>_||><||_html:<span style='background-color: "
 "rgba(0.0, 165.0, 0, 0.15); border-radius: 3px;' title='1.0'>_||> "
 "and<||_html:</span>_||><||_html:<span style='background-color: rgba(0.0, "
 "165.0, 0, 0.15); border-radius: 3px;' title='1.0'>_||> "
 "'<||_html:</span>_||><||_html:<span style='background-color: rgba(0.0, "
 "165.0, 0, 0.15); border-radius: 3px;' "
 "title='1.0'>_||>stock<||_html:</span>_||><||_html:<span "
 "style='background-color: rgba(0.0, 165.0, 0, 0.15); border-radius: 3px;' "
 "title='1.0'>_||>'<||_html:</span>_||><||_html:<span style='background-color: "
 "rgba(0.0, 165.0, 0, 0.15); border-radius: 3px;' title='1.0'>_||> "
 "fields<||_html:</span>_||><||_html:<span style='background-color: rgba(0.0, "
 "165.0, 0, 0.15); border-radius: 3px;' "
 'title=\'1.0\'>_||>."<||_html:</span>_||><||_html:<span '
 "style='background-color: rgba(0.0, 165.0, 0, 0.15); border-radius: 3px;' "
 "title='1.0'>_||>\n"
 "<||_html:</span>_||><||_html:<span style='background-color: rgba(0.0, 165.0, "
 "0, 0.15); border-radius: 3px;' title='1.0'>_||> "
 "<||_html:</span>_||><||_html:<span style='background-color: rgba(0.0, 165.0, "
 "0, 0.15); border-radius: 3px;' title='1.0'>_||> "
 "}<||_html:</span>_||><||_html:<span style='background-color: rgba(0.0, "
 "165.0, 0, 0.15); border-radius: 3px;' title='1.0'>_||>\n"
 "<||_html:</span>_||><||_html:<span style='background-color: rgba(0.0, 165.0, "
 "0, 0.15); border-radius: 3px;' "
 'title=\'1.0\'>_||>}<||_html:</span>_||>{"changes":<||_html:<span '
 "style='background-color: rgba(0.0, 165.0, 0, 0.15); border-radius: 3px;' "
 "title='1.0'>_||>[<||_html:</span>_||><||_html:<span style='background-color: "
 "rgba(0.0, 165.0, 0, 0.15); border-radius: 3px;' "
 'title=\'1.0\'>_||>{"<||_html:</span>_||>type<||_html:<span '
 "style='background-color: rgba(0.0, 165.0, 0, 0.15); border-radius: 3px;' "
 'title=\'1.0\'>_||>":"<||_html:</span>_||><||_html:<span '
 "style='background-color: rgba(0.0, 165.0, 0, 0.15); border-radius: 3px;' "
 "title='1.0'>_||>Query<||_html:</span>_||><||_html:<span "
 "style='background-color: rgba(0.0, 165.0, 0, 0.15); border-radius: 3px;' "
 'title=\'1.0\'>_||>","<||_html:</span>_||>field<||_html:<span '
 "style='background-color: rgba(0.0, 165.0, 0, 0.15); border-radius: 3px;' "
 'title=\'1.0\'>_||>":"<||_html:</span>_||><||_html:<span '
 "style='background-color: rgba(0.0, 165.0, 0, 0.15); border-radius: 3px;' "
 "title='1.0'>_||>get<||_html:</span>_||><||_html:<span "
 "style='background-color: rgba(0.0, 165.0, 0, 0.15); border-radius: 3px;' "
 "title='1.0'>_||>Product<||_html:</span>_||><||_html:<span "
 "style='background-color: rgba(0.0, 165.0, 0, 0.15); border-radius: 3px;' "
 "title='1.0'>_||>")
('Analyze the following two GraphQL schemas for changes, including both '
 'breaking and non-breaking changes.\n'
 '\n'
 '                        Provide your analysis in the following JSON format:\n'
 '                        {\n'
 '                          "changes": [\n'
 '                            {\n'
 '                              "type": "String representing the GraphQL type '
 '(e.g., Query, Mutation, Subscription)",\n'
 '                              "field": "String representing the specific '
 'field that changed",\n'
 '                              "change": "String describing the change (e.g., '
 'field renamed, new field added, field removed)",\n'
 '                              "breaking": "Boolean indicating if the change '
 'is breaking (true) or non-breaking (false)",\n'
 '                              "release_note": "String with a natural '
 'language description of the change for release notes"\n'
 '                            }\n'
 '                          ],\n'
 '                          "release_notes": {\n'
 '                              "summary": "String summarizing all changes, '
 'suitable for a mailing list or public announcement"\n'
 '                          }\n'
 '                        }\n'
 '\n'
 '                        When analyzing, consider the following types of '
 'changes:\n'
 '                        1. Removing fields or types (breaking)\n'
 '                        2. Changing field types (potentially breaking)\n'
 '                        3. Adding required fields (breaking)\n'
 '                        4. Changing the type of existing arguments '
 '(breaking)\n'
 '                        5. Adding optional fields (non-breaking)\n'
 '                        6. Adding new types (non-breaking)\n'
 '                        7. Deprecating fields (non-breaking)\n'
 '\n'
 '                        Ensure that each change is categorized correctly as '
 'breaking or non-breaking.: type Query {\n'
 '  getProduct(id: ID!): Product\n'
 '}\n'
 '\n'
 'type Product {\n'
 '  id: ID\n'
 '  name: String\n'
 '  description: String\n'
 '  price: Float\n'
 '  stock: Int\n'
 '}\n'
 ', type Query {\n'
 '  getProduct(id: ID!): Product\n'
 '}\n'
 '\n'
 'type Product {\n'
 '  id: ID\n'
 '  name: String\n'
 '  details: String\n'
 '  price: Float\n'
 '}\n'
 '\n'
 "Answer:<||_html:<span style='background-color: rgba(0.0, 165.0, 0, 0.15); "
 "border-radius: 3px;' title='1.0'>_||> {<||_html:</span>_||><||_html:<span "
 "style='background-color: rgba(0.0, 165.0, 0, 0.15); border-radius: 3px;' "
 "title='1.0'>_||>\n"
 "<||_html:</span>_||><||_html:<span style='background-color: rgba(0.0, 165.0, "
 "0, 0.15); border-radius: 3px;' title='1.0'>_||> "
 "<||_html:</span>_||><||_html:<span style='background-color: rgba(0.0, 165.0, "
 "0, 0.15); border-radius: 3px;' title='1.0'>_||> "
 '"<||_html:</span>_||><||_html:<span style=\'background-color: rgba(0.0, '
 "165.0, 0, 0.15); border-radius: 3px;' "
 "title='1.0'>_||>changes<||_html:</span>_||><||_html:<span "
 "style='background-color: rgba(0.0, 165.0, 0, 0.15); border-radius: 3px;' "
 'title=\'1.0\'>_||>":<||_html:</span>_||><||_html:<span '
 "style='background-color: rgba(0.0, 165.0, 0, 0.15); border-radius: 3px;' "
 "title='1.0'>_||> [<||_html:</span>_||><||_html:<span "
 "style='background-color: rgba(0.0, 165.0, 0, 0.15); border-radius: 3px;' "
 "title='1.0'>_||>\n"
 "<||_html:</span>_||><||_html:<span style='background-color: rgba(0.0, 165.0, "
 "0, 0.15); border-radius: 3px;' title='1.0'>_||>   "
 "<||_html:</span>_||><||_html:<span style='background-color: rgba(0.0, 165.0, "
 "0, 0.15); border-radius: 3px;' title='1.0'>_||> "
 "{<||_html:</span>_||><||_html:<span style='background-color: rgba(0.0, "
 "165.0, 0, 0.15); border-radius: 3px;' title='1.0'>_||>\n"
 "<||_html:</span>_||><||_html:<span style='background-color: rgba(0.0, 165.0, "
 "0, 0.15); border-radius: 3px;' title='1.0'>_||>     "
 "<||_html:</span>_||><||_html:<span style='background-color: rgba(0.0, 165.0, "
 "0, 0.15); border-radius: 3px;' title='1.0'>_||> "
 '"<||_html:</span>_||><||_html:<span style=\'background-color: rgba(0.0, '
 "165.0, 0, 0.15); border-radius: 3px;' "
 "title='1.0'>_||>type<||_html:</span>_||><||_html:<span "
 "style='background-color: rgba(0.0, 165.0, 0, 0.15); border-radius: 3px;' "
 'title=\'1.0\'>_||>":<||_html:</span>_||><||_html:<span '
 "style='background-color: rgba(0.0, 165.0, 0, 0.15); border-radius: 3px;' "
 'title=\'1.0\'>_||> "<||_html:</span>_||><||_html:<span '
 "style='background-color: rgba(0.0, 165.0, 0, 0.15); border-radius: 3px;' "
 "title='1.0'>_||>Query<||_html:</span>_||><||_html:<span "
 "style='background-color: rgba(0.0, 165.0, 0, 0.15); border-radius: 3px;' "
 'title=\'1.0\'>_||>",<||_html:</span>_||><||_html:<span '
 "style='background-color: rgba(0.0, 165.0, 0, 0.15); border-radius: 3px;' "
 "title='1.0'>_||>\n"
 "<||_html:</span>_||><||_html:<span style='background-color: rgba(0.0, 165.0, "
 "0, 0.15); border-radius: 3px;' title='1.0'>_||>     "
 "<||_html:</span>_||><||_html:<span style='background-color: rgba(0.0, 165.0, "
 "0, 0.15); border-radius: 3px;' title='1.0'>_||> "
 '"<||_html:</span>_||><||_html:<span style=\'background-color: rgba(0.0, '
 "165.0, 0, 0.15); border-radius: 3px;' "
 "title='1.0'>_||>field<||_html:</span>_||><||_html:<span "
 "style='background-color: rgba(0.0, 165.0, 0, 0.15); border-radius: 3px;' "
 'title=\'1.0\'>_||>":<||_html:</span>_||><||_html:<span '
 "style='background-color: rgba(0.0, 165.0, 0, 0.15); border-radius: 3px;' "
 'title=\'1.0\'>_||> "<||_html:</span>_||><||_html:<span '
 "style='background-color: rgba(0.0, 165.0, 0, 0.15); border-radius: 3px;' "
 "title='1.0'>_||>get<||_html:</span>_||><||_html:<span "
 "style='background-color: rgba(0.0, 165.0, 0, 0.15); border-radius: 3px;' "
 "title='1.0'>_||>Product<||_html:</span>_||><||_html:<span "
 "style='background-color: rgba(0.0, 165.0, 0, 0.15); border-radius: 3px;' "
 'title=\'1.0\'>_||>",<||_html:</span>_||><||_html:<span '
 "style='background-color: rgba(0.0, 165.0, 0, 0.15); border-radius: 3px;' "
 "title='1.0'>_||>\n"
 "<||_html:</span>_||><||_html:<span style='background-color: rgba(0.0, 165.0, "
 "0, 0.15); border-radius: 3px;' title='1.0'>_||>     "
 "<||_html:</span>_||><||_html:<span style='background-color: rgba(0.0, 165.0, "
 "0, 0.15); border-radius: 3px;' title='1.0'>_||> "
 '"<||_html:</span>_||><||_html:<span style=\'background-color: rgba(0.0, '
 "165.0, 0, 0.15); border-radius: 3px;' "
 "title='1.0'>_||>change<||_html:</span>_||><||_html:<span "
 "style='background-color: rgba(0.0, 165.0, 0, 0.15); border-radius: 3px;' "
 'title=\'1.0\'>_||>":<||_html:</span>_||><||_html:<span '
 "style='background-color: rgba(0.0, 165.0, 0, 0.15); border-radius: 3px;' "
 'title=\'1.0\'>_||> "<||_html:</span>_||><||_html:<span '
 "style='background-color: rgba(0.0, 165.0, 0, 0.15); border-radius: 3px;' "
 "title='1.0'>_||>field<||_html:</span>_||><||_html:<span "
 "style='background-color: rgba(0.0, 165.0, 0, 0.15); border-radius: 3px;' "
 "title='1.0'>_||> details<||_html:</span>_||><||_html:<span "
 "style='background-color: rgba(0.0, 165.0, 0, 0.15); border-radius: 3px;' "
 "title='1.0'>_||> added<||_html:</span>_||><||_html:<span "
 "style='background-color: rgba(0.0, 165.0, 0, 0.15); border-radius: 3px;' "
 'title=\'1.0\'>_||>",<||_html:</span>_||><||_html:<span '
 "style='background-color: rgba(0.0, 165.0, 0, 0.15); border-radius: 3px;' "
 "title='1.0'>_||>\n"
 "<||_html:</span>_||><||_html:<span style='background-color: rgba(0.0, 165.0, "
 "0, 0.15); border-radius: 3px;' title='1.0'>_||>     "
 "<||_html:</span>_||><||_html:<span style='background-color: rgba(0.0, 165.0, "
 "0, 0.15); border-radius: 3px;' title='1.0'>_||> "
 '"<||_html:</span>_||><||_html:<span style=\'background-color: rgba(0.0, '
 "165.0, 0, 0.15); border-radius: 3px;' "
 "title='1.0'>_||>breaking<||_html:</span>_||><||_html:<span "
 "style='background-color: rgba(0.0, 165.0, 0, 0.15); border-radius: 3px;' "
 'title=\'1.0\'>_||>":<||_html:</span>_||><||_html:<span '
 "style='background-color: rgba(0.0, 165.0, 0, 0.15); border-radius: 3px;' "
 'title=\'1.0\'>_||> "<||_html:</span>_||><||_html:<span '
 "style='background-color: rgba(0.0, 165.0, 0, 0.15); border-radius: 3px;' "
 "title='1.0'>_||>false<||_html:</span>_||><||_html:<span "
 "style='background-color: rgba(0.0, 165.0, 0, 0.15); border-radius: 3px;' "
 'title=\'1.0\'>_||>",<||_html:</span>_||><||_html:<span '
 "style='background-color: rgba(0.0, 165.0, 0, 0.15); border-radius: 3px;' "
 "title='1.0'>_||>\n"
 "<||_html:</span>_||><||_html:<span style='background-color: rgba(0.0, 165.0, "
 "0, 0.15); border-radius: 3px;' title='1.0'>_||>     "
 "<||_html:</span>_||><||_html:<span style='background-color: rgba(0.0, 165.0, "
 "0, 0.15); border-radius: 3px;' title='1.0'>_||> "
 '"<||_html:</span>_||><||_html:<span style=\'background-color: rgba(0.0, '
 "165.0, 0, 0.15); border-radius: 3px;' "
 "title='1.0'>_||>release<||_html:</span>_||><||_html:<span "
 "style='background-color: rgba(0.0, 165.0, 0, 0.15); border-radius: 3px;' "
 "title='1.0'>_||>_<||_html:</span>_||><||_html:<span style='background-color: "
 "rgba(0.0, 165.0, 0, 0.15); border-radius: 3px;' "
 "title='1.0'>_||>note<||_html:</span>_||><||_html:<span "
 "style='background-color: rgba(0.0, 165.0, 0, 0.15); border-radius: 3px;' "
 'title=\'1.0\'>_||>":<||_html:</span>_||><||_html:<span '
 "style='background-color: rgba(0.0, 165.0, 0, 0.15); border-radius: 3px;' "
 'title=\'1.0\'>_||> "<||_html:</span>_||><||_html:<span '
 "style='background-color: rgba(0.0, 165.0, 0, 0.15); border-radius: 3px;' "
 "title='1.0'>_||>The<||_html:</span>_||><||_html:<span "
 "style='background-color: rgba(0.0, 165.0, 0, 0.15); border-radius: 3px;' "
 "title='1.0'>_||> '<||_html:</span>_||><||_html:<span "
 "style='background-color: rgba(0.0, 165.0, 0, 0.15); border-radius: 3px;' "
 "title='1.0'>_||>get<||_html:</span>_||><||_html:<span "
 "style='background-color: rgba(0.0, 165.0, 0, 0.15); border-radius: 3px;' "
 "title='1.0'>_||>Product<||_html:</span>_||><||_html:<span "
 "style='background-color: rgba(0.0, 165.0, 0, 0.15); border-radius: 3px;' "
 "title='1.0'>_||>'<||_html:</span>_||><||_html:<span style='background-color: "
 "rgba(0.0, 165.0, 0, 0.15); border-radius: 3px;' title='1.0'>_||> "
 "query<||_html:</span>_||><||_html:<span style='background-color: rgba(0.0, "
 "165.0, 0, 0.15); border-radius: 3px;' title='1.0'>_||> "
 "now<||_html:</span>_||><||_html:<span style='background-color: rgba(0.0, "
 "165.0, 0, 0.15); border-radius: 3px;' title='1.0'>_||> "
 "includes<||_html:</span>_||><||_html:<span style='background-color: "
 "rgba(0.0, 165.0, 0, 0.15); border-radius: 3px;' title='1.0'>_||> "
 "a<||_html:</span>_||><||_html:<span style='background-color: rgba(0.0, "
 "165.0, 0, 0.15); border-radius: 3px;' title='1.0'>_||> "
 "new<||_html:</span>_||><||_html:<span style='background-color: rgba(0.0, "
 "165.0, 0, 0.15); border-radius: 3px;' title='1.0'>_||> "
 "field<||_html:</span>_||><||_html:<span style='background-color: rgba(0.0, "
 "165.0, 0, 0.15); border-radius: 3px;' title='1.0'>_||> "
 "'<||_html:</span>_||><||_html:<span style='background-color: rgba(0.0, "
 "165.0, 0, 0.15); border-radius: 3px;' "
 "title='1.0'>_||>details<||_html:</span>_||><||_html:<span "
 "style='background-color: rgba(0.0, 165.0, 0, 0.15); border-radius: 3px;' "
 "title='1.0'>_||>'<||_html:</span>_||><||_html:<span style='background-color: "
 "rgba(0.0, 165.0, 0, 0.15); border-radius: 3px;' title='1.0'>_||> "
 "of<||_html:</span>_||><||_html:<span style='background-color: rgba(0.0, "
 "165.0, 0, 0.15); border-radius: 3px;' title='1.0'>_||> "
 "type<||_html:</span>_||><||_html:<span style='background-color: rgba(0.0, "
 "165.0, 0, 0.15); border-radius: 3px;' title='1.0'>_||> "
 "String<||_html:</span>_||><||_html:<span style='background-color: rgba(0.0, "
 "165.0, 0, 0.15); border-radius: 3px;' "
 'title=\'1.0\'>_||>."<||_html:</span>_||><||_html:<span '
 "style='background-color: rgba(0.0, 165.0, 0, 0.15); border-radius: 3px;' "
 "title='1.0'>_||>\n"
 "<||_html:</span>_||><||_html:<span style='background-color: rgba(0.0, 165.0, "
 "0, 0.15); border-radius: 3px;' title='1.0'>_||>   "
 "<||_html:</span>_||><||_html:<span style='background-color: rgba(0.0, 165.0, "
 "0, 0.15); border-radius: 3px;' title='1.0'>_||> "
 "},<||_html:</span>_||><||_html:<span style='background-color: rgba(0.0, "
 "165.0, 0, 0.15); border-radius: 3px;' title='1.0'>_||>\n"
 "<||_html:</span>_||><||_html:<span style='background-color: rgba(0.0, 165.0, "
 "0, 0.15); border-radius: 3px;' title='1.0'>_||>   "
 "<||_html:</span>_||><||_html:<span style='background-color: rgba(0.0, 165.0, "
 "0, 0.15); border-radius: 3px;' title='1.0'>_||> "
 "{<||_html:</span>_||><||_html:<span style='background-color: rgba(0.0, "
 "165.0, 0, 0.15); border-radius: 3px;' title='1.0'>_||>\n"
 "<||_html:</span>_||><||_html:<span style='background-color: rgba(0.0, 165.0, "
 "0, 0.15); border-radius: 3px;' title='1.0'>_||>     "
 "<||_html:</span>_||><||_html:<span style='background-color: rgba(0.0, 165.0, "
 "0, 0.15); border-radius: 3px;' title='1.0'>_||> "
 '"<||_html:</span>_||><||_html:<span style=\'background-color: rgba(0.0, '
 "165.0, 0, 0.15); border-radius: 3px;' "
 "title='1.0'>_||>type<||_html:</span>_||><||_html:<span "
 "style='background-color: rgba(0.0, 165.0, 0, 0.15); border-radius: 3px;' "
 'title=\'1.0\'>_||>":<||_html:</span>_||><||_html:<span '
 "style='background-color: rgba(0.0, 165.0, 0, 0.15); border-radius: 3px;' "
 'title=\'1.0\'>_||> "<||_html:</span>_||><||_html:<span '
 "style='background-color: rgba(0.0, 165.0, 0, 0.15); border-radius: 3px;' "
 "title='1.0'>_||>Product<||_html:</span>_||><||_html:<span "
 "style='background-color: rgba(0.0, 165.0, 0, 0.15); border-radius: 3px;' "
 'title=\'1.0\'>_||>",<||_html:</span>_||><||_html:<span '
 "style='background-color: rgba(0.0, 165.0, 0, 0.15); border-radius: 3px;' "
 "title='1.0'>_||>\n"
 "<||_html:</span>_||><||_html:<span style='background-color: rgba(0.0, 165.0, "
 "0, 0.15); border-radius: 3px;' title='1.0'>_||>     "
 "<||_html:</span>_||><||_html:<span style='background-color: rgba(0.0, 165.0, "
 "0, 0.15); border-radius: 3px;' title='1.0'>_||> "
 '"<||_html:</span>_||><||_html:<span style=\'background-color: rgba(0.0, '
 "165.0, 0, 0.15); border-radius: 3px;' "
 "title='1.0'>_||>field<||_html:</span>_||><||_html:<span "
 "style='background-color: rgba(0.0, 165.0, 0, 0.15); border-radius: 3px;' "
 'title=\'1.0\'>_||>":<||_html:</span>_||><||_html:<span '
 "style='background-color: rgba(0.0, 165.0, 0, 0.15); border-radius: 3px;' "
 'title=\'1.0\'>_||> "<||_html:</span>_||><||_html:<span '
 "style='background-color: rgba(0.0, 165.0, 0, 0.15); border-radius: 3px;' "
 "title='1.0'>_||>description<||_html:</span>_||><||_html:<span "
 "style='background-color: rgba(0.0, 165.0, 0, 0.15); border-radius: 3px;' "
 'title=\'1.0\'>_||>",<||_html:</span>_||><||_html:<span '
 "style='background-color: rgba(0.0, 165.0, 0, 0.15); border-radius: 3px;' "
 "title='1.0'>_||>\n"
 "<||_html:</span>_||><||_html:<span style='background-color: rgba(0.0, 165.0, "
 "0, 0.15); border-radius: 3px;' title='1.0'>_||>     "
 "<||_html:</span>_||><||_html:<span style='background-color: rgba(0.0, 165.0, "
 "0, 0.15); border-radius: 3px;' title='1.0'>_||> "
 '"<||_html:</span>_||><||_html:<span style=\'background-color: rgba(0.0, '
 "165.0, 0, 0.15); border-radius: 3px;' "
 "title='1.0'>_||>change<||_html:</span>_||><||_html:<span "
 "style='background-color: rgba(0.0, 165.0, 0, 0.15); border-radius: 3px;' "
 'title=\'1.0\'>_||>":<||_html:</span>_||><||_html:<span '
 "style='background-color: rgba(0.0, 165.0, 0, 0.15); border-radius: 3px;' "
 'title=\'1.0\'>_||> "<||_html:</span>_||><||_html:<span '
 "style='background-color: rgba(0.0, 165.0, 0, 0.15); border-radius: 3px;' "
 "title='1.0'>_||>field<||_html:</span>_||><||_html:<span "
 "style='background-color: rgba(0.0, 165.0, 0, 0.15); border-radius: 3px;' "
 "title='1.0'>_||> removed<||_html:</span>_||><||_html:<span "
 "style='background-color: rgba(0.0, 165.0, 0, 0.15); border-radius: 3px;' "
 'title=\'1.0\'>_||>",<||_html:</span>_||><||_html:<span '
 "style='background-color: rgba(0.0, 165.0, 0, 0.15); border-radius: 3px;' "
 "title='1.0'>_||>\n"
 "<||_html:</span>_||><||_html:<span style='background-color: rgba(0.0, 165.0, "
 "0, 0.15); border-radius: 3px;' title='1.0'>_||>     "
 "<||_html:</span>_||><||_html:<span style='background-color: rgba(0.0, 165.0, "
 "0, 0.15); border-radius: 3px;' title='1.0'>_||> "
 '"<||_html:</span>_||><||_html:<span style=\'background-color: rgba(0.0, '
 "165.0, 0, 0.15); border-radius: 3px;' "
 "title='1.0'>_||>breaking<||_html:</span>_||><||_html:<span "
 "style='background-color: rgba(0.0, 165.0, 0, 0.15); border-radius: 3px;' "
 'title=\'1.0\'>_||>":<||_html:</span>_||><||_html:<span '
 "style='background-color: rgba(0.0, 165.0, 0, 0.15); border-radius: 3px;' "
 'title=\'1.0\'>_||> "<||_html:</span>_||><||_html:<span '
 "style='background-color: rgba(0.0, 165.0, 0, 0.15); border-radius: 3px;' "
 "title='1.0'>_||>true<||_html:</span>_||><||_html:<span "
 "style='background-color: rgba(0.0, 165.0, 0, 0.15); border-radius: 3px;' "
 'title=\'1.0\'>_||>",<||_html:</span>_||><||_html:<span '
 "style='background-color: rgba(0.0, 165.0, 0, 0.15); border-radius: 3px;' "
 "title='1.0'>_||>\n"
 "<||_html:</span>_||><||_html:<span style='background-color: rgba(0.0, 165.0, "
 "0, 0.15); border-radius: 3px;' title='1.0'>_||>     "
 "<||_html:</span>_||><||_html:<span style='background-color: rgba(0.0, 165.0, "
 "0, 0.15); border-radius: 3px;' title='1.0'>_||> "
 '"<||_html:</span>_||><||_html:<span style=\'background-color: rgba(0.0, '
 "165.0, 0, 0.15); border-radius: 3px;' "
 "title='1.0'>_||>release<||_html:</span>_||><||_html:<span "
 "style='background-color: rgba(0.0, 165.0, 0, 0.15); border-radius: 3px;' "
 "title='1.0'>_||>_<||_html:</span>_||><||_html:<span style='background-color: "
 "rgba(0.0, 165.0, 0, 0.15); border-radius: 3px;' "
 "title='1.0'>_||>note<||_html:</span>_||><||_html:<span "
 "style='background-color: rgba(0.0, 165.0, 0, 0.15); border-radius: 3px;' "
 'title=\'1.0\'>_||>":<||_html:</span>_||><||_html:<span '
 "style='background-color: rgba(0.0, 165.0, 0, 0.15); border-radius: 3px;' "
 'title=\'1.0\'>_||> "<||_html:</span>_||><||_html:<span '
 "style='background-color: rgba(0.0, 165.0, 0, 0.15); border-radius: 3px;' "
 "title='1.0'>_||>The<||_html:</span>_||><||_html:<span "
 "style='background-color: rgba(0.0, 165.0, 0, 0.15); border-radius: 3px;' "
 "title='1.0'>_||> '<||_html:</span>_||><||_html:<span "
 "style='background-color: rgba(0.0, 165.0, 0, 0.15); border-radius: 3px;' "
 "title='1.0'>_||>Product<||_html:</span>_||><||_html:<span "
 "style='background-color: rgba(0.0, 165.0, 0, 0.15); border-radius: 3px;' "
 "title='1.0'>_||>'<||_html:</span>_||><||_html:<span style='background-color: "
 "rgba(0.0, 165.0, 0, 0.15); border-radius: 3px;' title='1.0'>_||> "
 "type<||_html:</span>_||><||_html:<span style='background-color: rgba(0.0, "
 "165.0, 0, 0.15); border-radius: 3px;' title='1.0'>_||> "
 "no<||_html:</span>_||><||_html:<span style='background-color: rgba(0.0, "
 "165.0, 0, 0.15); border-radius: 3px;' title='1.0'>_||> "
 "longer<||_html:</span>_||><||_html:<span style='background-color: rgba(0.0, "
 "165.0, 0, 0.15); border-radius: 3px;' title='1.0'>_||> "
 "includes<||_html:</span>_||><||_html:<span style='background-color: "
 "rgba(0.0, 165.0, 0, 0.15); border-radius: 3px;' title='1.0'>_||> "
 "the<||_html:</span>_||><||_html:<span style='background-color: rgba(0.0, "
 "165.0, 0, 0.15); border-radius: 3px;' title='1.0'>_||> "
 "'<||_html:</span>_||><||_html:<span style='background-color: rgba(0.0, "
 "165.0, 0, 0.15); border-radius: 3px;' "
 "title='1.0'>_||>description<||_html:</span>_||><||_html:<span "
 "style='background-color: rgba(0.0, 165.0, 0, 0.15); border-radius: 3px;' "
 "title='1.0'>_||>'<||_html:</span>_||><||_html:<span style='background-color: "
 "rgba(0.0, 165.0, 0, 0.15); border-radius: 3px;' title='1.0'>_||> "
 "field<||_html:</span>_||><||_html:<span style='background-color: rgba(0.0, "
 "165.0, 0, 0.15); border-radius: 3px;' "
 'title=\'1.0\'>_||>."<||_html:</span>_||><||_html:<span '
 "style='background-color: rgba(0.0, 165.0, 0, 0.15); border-radius: 3px;' "
 "title='1.0'>_||>\n"
 "<||_html:</span>_||><||_html:<span style='background-color: rgba(0.0, 165.0, "
 "0, 0.15); border-radius: 3px;' title='1.0'>_||>   "
 "<||_html:</span>_||><||_html:<span style='background-color: rgba(0.0, 165.0, "
 "0, 0.15); border-radius: 3px;' title='1.0'>_||> "
 "},<||_html:</span>_||><||_html:<span style='background-color: rgba(0.0, "
 "165.0, 0, 0.15); border-radius: 3px;' title='1.0'>_||>\n"
 "<||_html:</span>_||><||_html:<span style='background-color: rgba(0.0, 165.0, "
 "0, 0.15); border-radius: 3px;' title='1.0'>_||>   "
 "<||_html:</span>_||><||_html:<span style='background-color: rgba(0.0, 165.0, "
 "0, 0.15); border-radius: 3px;' title='1.0'>_||> "
 "{<||_html:</span>_||><||_html:<span style='background-color: rgba(0.0, "
 "165.0, 0, 0.15); border-radius: 3px;' title='1.0'>_||>\n"
 "<||_html:</span>_||><||_html:<span style='background-color: rgba(0.0, 165.0, "
 "0, 0.15); border-radius: 3px;' title='1.0'>_||>     "
 "<||_html:</span>_||><||_html:<span style='background-color: rgba(0.0, 165.0, "
 "0, 0.15); border-radius: 3px;' title='1.0'>_||> "
 '"<||_html:</span>_||><||_html:<span style=\'background-color: rgba(0.0, '
 "165.0, 0, 0.15); border-radius: 3px;' "
 "title='1.0'>_||>type<||_html:</span>_||><||_html:<span "
 "style='background-color: rgba(0.0, 165.0, 0, 0.15); border-radius: 3px;' "
 'title=\'1.0\'>_||>":<||_html:</span>_||><||_html:<span '
 "style='background-color: rgba(0.0, 165.0, 0, 0.15); border-radius: 3px;' "
 'title=\'1.0\'>_||> "<||_html:</span>_||><||_html:<span '
 "style='background-color: rgba(0.0, 165.0, 0, 0.15); border-radius: 3px;' "
 "title='1.0'>_||>Product<||_html:</span>_||><||_html:<span "
 "style='background-color: rgba(0.0, 165.0, 0, 0.15); border-radius: 3px;' "
 'title=\'1.0\'>_||>",<||_html:</span>_||><||_html:<span '
 "style='background-color: rgba(0.0, 165.0, 0, 0.15); border-radius: 3px;' "
 "title='1.0'>_||>\n"
 "<||_html:</span>_||><||_html:<span style='background-color: rgba(0.0, 165.0, "
 "0, 0.15); border-radius: 3px;' title='1.0'>_||>     "
 "<||_html:</span>_||><||_html:<span style='background-color: rgba(0.0, 165.0, "
 "0, 0.15); border-radius: 3px;' title='1.0'>_||> "
 '"<||_html:</span>_||><||_html:<span style=\'background-color: rgba(0.0, '
 "165.0, 0, 0.15); border-radius: 3px;' "
 "title='1.0'>_||>field<||_html:</span>_||><||_html:<span "
 "style='background-color: rgba(0.0, 165.0, 0, 0.15); border-radius: 3px;' "
 'title=\'1.0\'>_||>":<||_html:</span>_||><||_html:<span '
 "style='background-color: rgba(0.0, 165.0, 0, 0.15); border-radius: 3px;' "
 'title=\'1.0\'>_||> "<||_html:</span>_||><||_html:<span '
 "style='background-color: rgba(0.0, 165.0, 0, 0.15); border-radius: 3px;' "
 "title='1.0'>_||>stock<||_html:</span>_||><||_html:<span "
 "style='background-color: rgba(0.0, 165.0, 0, 0.15); border-radius: 3px;' "
 'title=\'1.0\'>_||>",<||_html:</span>_||><||_html:<span '
 "style='background-color: rgba(0.0, 165.0, 0, 0.15); border-radius: 3px;' "
 "title='1.0'>_||>\n"
 "<||_html:</span>_||><||_html:<span style='background-color: rgba(0.0, 165.0, "
 "0, 0.15); border-radius: 3px;' title='1.0'>_||>     "
 "<||_html:</span>_||><||_html:<span style='background-color: rgba(0.0, 165.0, "
 "0, 0.15); border-radius: 3px;' title='1.0'>_||> "
 '"<||_html:</span>_||><||_html:<span style=\'background-color: rgba(0.0, '
 "165.0, 0, 0.15); border-radius: 3px;' "
 "title='1.0'>_||>change<||_html:</span>_||><||_html:<span "
 "style='background-color: rgba(0.0, 165.0, 0, 0.15); border-radius: 3px;' "
 'title=\'1.0\'>_||>":<||_html:</span>_||><||_html:<span '
 "style='background-color: rgba(0.0, 165.0, 0, 0.15); border-radius: 3px;' "
 'title=\'1.0\'>_||> "<||_html:</span>_||><||_html:<span '
 "style='background-color: rgba(0.0, 165.0, 0, 0.15); border-radius: 3px;' "
 "title='1.0'>_||>field<||_html:</span>_||><||_html:<span "
 "style='background-color: rgba(0.0, 165.0, 0, 0.15); border-radius: 3px;' "
 "title='1.0'>_||> removed<||_html:</span>_||><||_html:<span "
 "style='background-color: rgba(0.0, 165.0, 0, 0.15); border-radius: 3px;' "
 'title=\'1.0\'>_||>",<||_html:</span>_||><||_html:<span '
 "style='background-color: rgba(0.0, 165.0, 0, 0.15); border-radius: 3px;' "
 "title='1.0'>_||>\n"
 "<||_html:</span>_||><||_html:<span style='background-color: rgba(0.0, 165.0, "
 "0, 0.15); border-radius: 3px;' title='1.0'>_||>     "
 "<||_html:</span>_||><||_html:<span style='background-color: rgba(0.0, 165.0, "
 "0, 0.15); border-radius: 3px;' title='1.0'>_||> "
 '"<||_html:</span>_||><||_html:<span style=\'background-color: rgba(0.0, '
 "165.0, 0, 0.15); border-radius: 3px;' "
 "title='1.0'>_||>breaking<||_html:</span>_||><||_html:<span "
 "style='background-color: rgba(0.0, 165.0, 0, 0.15); border-radius: 3px;' "
 'title=\'1.0\'>_||>":<||_html:</span>_||><||_html:<span '
 "style='background-color: rgba(0.0, 165.0, 0, 0.15); border-radius: 3px;' "
 'title=\'1.0\'>_||> "<||_html:</span>_||><||_html:<span '
 "style='background-color: rgba(0.0, 165.0, 0, 0.15); border-radius: 3px;' "
 "title='1.0'>_||>true<||_html:</span>_||><||_html:<span "
 "style='background-color: rgba(0.0, 165.0, 0, 0.15); border-radius: 3px;' "
 'title=\'1.0\'>_||>",<||_html:</span>_||><||_html:<span '
 "style='background-color: rgba(0.0, 165.0, 0, 0.15); border-radius: 3px;' "
 "title='1.0'>_||>\n"
 "<||_html:</span>_||><||_html:<span style='background-color: rgba(0.0, 165.0, "
 "0, 0.15); border-radius: 3px;' title='1.0'>_||>     "
 "<||_html:</span>_||><||_html:<span style='background-color: rgba(0.0, 165.0, "
 "0, 0.15); border-radius: 3px;' title='1.0'>_||> "
 '"<||_html:</span>_||><||_html:<span style=\'background-color: rgba(0.0, '
 "165.0, 0, 0.15); border-radius: 3px;' "
 "title='1.0'>_||>release<||_html:</span>_||><||_html:<span "
 "style='background-color: rgba(0.0, 165.0, 0, 0.15); border-radius: 3px;' "
 "title='1.0'>_||>_<||_html:</span>_||><||_html:<span style='background-color: "
 "rgba(0.0, 165.0, 0, 0.15); border-radius: 3px;' "
 "title='1.0'>_||>note<||_html:</span>_||><||_html:<span "
 "style='background-color: rgba(0.0, 165.0, 0, 0.15); border-radius: 3px;' "
 'title=\'1.0\'>_||>":<||_html:</span>_||><||_html:<span '
 "style='background-color: rgba(0.0, 165.0, 0, 0.15); border-radius: 3px;' "
 'title=\'1.0\'>_||> "<||_html:</span>_||><||_html:<span '
 "style='background-color: rgba(0.0, 165.0, 0, 0.15); border-radius: 3px;' "
 "title='1.0'>_||>The<||_html:</span>_||><||_html:<span "
 "style='background-color: rgba(0.0, 165.0, 0, 0.15); border-radius: 3px;' "
 "title='1.0'>_||> '<||_html:</span>_||><||_html:<span "
 "style='background-color: rgba(0.0, 165.0, 0, 0.15); border-radius: 3px;' "
 "title='1.0'>_||>Product<||_html:</span>_||><||_html:<span "
 "style='background-color: rgba(0.0, 165.0, 0, 0.15); border-radius: 3px;' "
 "title='1.0'>_||>'<||_html:</span>_||><||_html:<span style='background-color: "
 "rgba(0.0, 165.0, 0, 0.15); border-radius: 3px;' title='1.0'>_||> "
 "type<||_html:</span>_||><||_html:<span style='background-color: rgba(0.0, "
 "165.0, 0, 0.15); border-radius: 3px;' title='1.0'>_||> "
 "no<||_html:</span>_||><||_html:<span style='background-color: rgba(0.0, "
 "165.0, 0, 0.15); border-radius: 3px;' title='1.0'>_||> "
 "longer<||_html:</span>_||><||_html:<span style='background-color: rgba(0.0, "
 "165.0, 0, 0.15); border-radius: 3px;' title='1.0'>_||> "
 "includes<||_html:</span>_||><||_html:<span style='background-color: "
 "rgba(0.0, 165.0, 0, 0.15); border-radius: 3px;' title='1.0'>_||> "
 "the<||_html:</span>_||><||_html:<span style='background-color: rgba(0.0, "
 "165.0, 0, 0.15); border-radius: 3px;' title='1.0'>_||> "
 "'<||_html:</span>_||><||_html:<span style='background-color: rgba(0.0, "
 "165.0, 0, 0.15); border-radius: 3px;' "
 "title='1.0'>_||>stock<||_html:</span>_||><||_html:<span "
 "style='background-color: rgba(0.0, 165.0, 0, 0.15); border-radius: 3px;' "
 "title='1.0'>_||>'<||_html:</span>_||><||_html:<span style='background-color: "
 "rgba(0.0, 165.0, 0, 0.15); border-radius: 3px;' title='1.0'>_||> "
 "field<||_html:</span>_||><||_html:<span style='background-color: rgba(0.0, "
 "165.0, 0, 0.15); border-radius: 3px;' "
 'title=\'1.0\'>_||>."<||_html:</span>_||><||_html:<span '
 "style='background-color: rgba(0.0, 165.0, 0, 0.15); border-radius: 3px;' "
 "title='1.0'>_||>\n"
 "<||_html:</span>_||><||_html:<span style='background-color: rgba(0.0, 165.0, "
 "0, 0.15); border-radius: 3px;' title='1.0'>_||>   "
 "<||_html:</span>_||><||_html:<span style='background-color: rgba(0.0, 165.0, "
 "0, 0.15); border-radius: 3px;' title='1.0'>_||> "
 "}<||_html:</span>_||><||_html:<span style='background-color: rgba(0.0, "
 "165.0, 0, 0.15); border-radius: 3px;' title='1.0'>_||>\n"
 "<||_html:</span>_||><||_html:<span style='background-color: rgba(0.0, 165.0, "
 "0, 0.15); border-radius: 3px;' title='1.0'>_||> "
 "<||_html:</span>_||><||_html:<span style='background-color: rgba(0.0, 165.0, "
 "0, 0.15); border-radius: 3px;' title='1.0'>_||> "
 "],<||_html:</span>_||><||_html:<span style='background-color: rgba(0.0, "
 "165.0, 0, 0.15); border-radius: 3px;' title='1.0'>_||>\n"
 "<||_html:</span>_||><||_html:<span style='background-color: rgba(0.0, 165.0, "
 "0, 0.15); border-radius: 3px;' title='1.0'>_||> "
 "<||_html:</span>_||><||_html:<span style='background-color: rgba(0.0, 165.0, "
 "0, 0.15); border-radius: 3px;' title='1.0'>_||> "
 '"<||_html:</span>_||><||_html:<span style=\'background-color: rgba(0.0, '
 "165.0, 0, 0.15); border-radius: 3px;' "
 "title='1.0'>_||>release<||_html:</span>_||><||_html:<span "
 "style='background-color: rgba(0.0, 165.0, 0, 0.15); border-radius: 3px;' "
 "title='1.0'>_||>_<||_html:</span>_||><||_html:<span style='background-color: "
 "rgba(0.0, 165.0, 0, 0.15); border-radius: 3px;' "
 "title='1.0'>_||>notes<||_html:</span>_||><||_html:<span "
 "style='background-color: rgba(0.0, 165.0, 0, 0.15); border-radius: 3px;' "
 'title=\'1.0\'>_||>":<||_html:</span>_||><||_html:<span '
 "style='background-color: rgba(0.0, 165.0, 0, 0.15); border-radius: 3px;' "
 "title='1.0'>_||> {<||_html:</span>_||><||_html:<span "
 "style='background-color: rgba(0.0, 165.0, 0, 0.15); border-radius: 3px;' "
 "title='1.0'>_||>\n"
 "<||_html:</span>_||><||_html:<span style='background-color: rgba(0.0, 165.0, "
 "0, 0.15); border-radius: 3px;' title='1.0'>_||>   "
 "<||_html:</span>_||><||_html:<span style='background-color: rgba(0.0, 165.0, "
 "0, 0.15); border-radius: 3px;' title='1.0'>_||> "
 '"<||_html:</span>_||><||_html:<span style=\'background-color: rgba(0.0, '
 "165.0, 0, 0.15); border-radius: 3px;' "
 "title='1.0'>_||>summary<||_html:</span>_||><||_html:<span "
 "style='background-color: rgba(0.0, 165.0, 0, 0.15); border-radius: 3px;' "
 'title=\'1.0\'>_||>":<||_html:</span>_||><||_html:<span '
 "style='background-color: rgba(0.0, 165.0, 0, 0.15); border-radius: 3px;' "
 'title=\'1.0\'>_||> "<||_html:</span>_||><||_html:<span '
 "style='background-color: rgba(0.0, 165.0, 0, 0.15); border-radius: 3px;' "
 "title='1.0'>_||>The<||_html:</span>_||><||_html:<span "
 "style='background-color: rgba(0.0, 165.0, 0, 0.15); border-radius: 3px;' "
 "title='1.0'>_||> '<||_html:</span>_||><||_html:<span "
 "style='background-color: rgba(0.0, 165.0, 0, 0.15); border-radius: 3px;' "
 "title='1.0'>_||>get<||_html:</span>_||><||_html:<span "
 "style='background-color: rgba(0.0, 165.0, 0, 0.15); border-radius: 3px;' "
 "title='1.0'>_||>Product<||_html:</span>_||><||_html:<span "
 "style='background-color: rgba(0.0, 165.0, 0, 0.15); border-radius: 3px;' "
 "title='1.0'>_||>'<||_html:</span>_||><||_html:<span style='background-color: "
 "rgba(0.0, 165.0, 0, 0.15); border-radius: 3px;' title='1.0'>_||> "
 "query<||_html:</span>_||><||_html:<span style='background-color: rgba(0.0, "
 "165.0, 0, 0.15); border-radius: 3px;' title='1.0'>_||> "
 "now<||_html:</span>_||><||_html:<span style='background-color: rgba(0.0, "
 "165.0, 0, 0.15); border-radius: 3px;' title='1.0'>_||> "
 "includes<||_html:</span>_||><||_html:<span style='background-color: "
 "rgba(0.0, 165.0, 0, 0.15); border-radius: 3px;' title='1.0'>_||> "
 "a<||_html:</span>_||><||_html:<span style='background-color: rgba(0.0, "
 "165.0, 0, 0.15); border-radius: 3px;' title='1.0'>_||> "
 "new<||_html:</span>_||><||_html:<span style='background-color: rgba(0.0, "
 "165.0, 0, 0.15); border-radius: 3px;' title='1.0'>_||> "
 "field<||_html:</span>_||><||_html:<span style='background-color: rgba(0.0, "
 "165.0, 0, 0.15); border-radius: 3px;' title='1.0'>_||> "
 "'<||_html:</span>_||><||_html:<span style='background-color: rgba(0.0, "
 "165.0, 0, 0.15); border-radius: 3px;' "
 "title='1.0'>_||>details<||_html:</span>_||><||_html:<span "
 "style='background-color: rgba(0.0, 165.0, 0, 0.15); border-radius: 3px;' "
 "title='1.0'>_||>'<||_html:</span>_||><||_html:<span style='background-color: "
 "rgba(0.0, 165.0, 0, 0.15); border-radius: 3px;' title='1.0'>_||> "
 "of<||_html:</span>_||><||_html:<span style='background-color: rgba(0.0, "
 "165.0, 0, 0.15); border-radius: 3px;' title='1.0'>_||> "
 "type<||_html:</span>_||><||_html:<span style='background-color: rgba(0.0, "
 "165.0, 0, 0.15); border-radius: 3px;' title='1.0'>_||> "
 "String<||_html:</span>_||><||_html:<span style='background-color: rgba(0.0, "
 "165.0, 0, 0.15); border-radius: 3px;' "
 "title='1.0'>_||>.<||_html:</span>_||><||_html:<span style='background-color: "
 "rgba(0.0, 165.0, 0, 0.15); border-radius: 3px;' title='1.0'>_||> "
 "The<||_html:</span>_||><||_html:<span style='background-color: rgba(0.0, "
 "165.0, 0, 0.15); border-radius: 3px;' title='1.0'>_||> "
 "'<||_html:</span>_||><||_html:<span style='background-color: rgba(0.0, "
 "165.0, 0, 0.15); border-radius: 3px;' "
 "title='1.0'>_||>Product<||_html:</span>_||><||_html:<span "
 "style='background-color: rgba(0.0, 165.0, 0, 0.15); border-radius: 3px;' "
 "title='1.0'>_||>'<||_html:</span>_||><||_html:<span style='background-color: "
 "rgba(0.0, 165.0, 0, 0.15); border-radius: 3px;' title='1.0'>_||> "
 "type<||_html:</span>_||><||_html:<span style='background-color: rgba(0.0, "
 "165.0, 0, 0.15); border-radius: 3px;' title='1.0'>_||> "
 "no<||_html:</span>_||><||_html:<span style='background-color: rgba(0.0, "
 "165.0, 0, 0.15); border-radius: 3px;' title='1.0'>_||> "
 "longer<||_html:</span>_||><||_html:<span style='background-color: rgba(0.0, "
 "165.0, 0, 0.15); border-radius: 3px;' title='1.0'>_||> "
 "includes<||_html:</span>_||><||_html:<span style='background-color: "
 "rgba(0.0, 165.0, 0, 0.15); border-radius: 3px;' title='1.0'>_||> "
 "the<||_html:</span>_||><||_html:<span style='background-color: rgba(0.0, "
 "165.0, 0, 0.15); border-radius: 3px;' title='1.0'>_||> "
 "'<||_html:</span>_||><||_html:<span style='background-color: rgba(0.0, "
 "165.0, 0, 0.15); border-radius: 3px;' "
 "title='1.0'>_||>description<||_html:</span>_||><||_html:<span "
 "style='background-color: rgba(0.0, 165.0, 0, 0.15); border-radius: 3px;' "
 "title='1.0'>_||>'<||_html:</span>_||><||_html:<span style='background-color: "
 "rgba(0.0, 165.0, 0, 0.15); border-radius: 3px;' title='1.0'>_||> "
 "and<||_html:</span>_||><||_html:<span style='background-color: rgba(0.0, "
 "165.0, 0, 0.15); border-radius: 3px;' title='1.0'>_||> "
 "'<||_html:</span>_||><||_html:<span style='background-color: rgba(0.0, "
 "165.0, 0, 0.15); border-radius: 3px;' "
 "title='1.0'>_||>stock<||_html:</span>_||><||_html:<span "
 "style='background-color: rgba(0.0, 165.0, 0, 0.15); border-radius: 3px;' "
 "title='1.0'>_||>'<||_html:</span>_||><||_html:<span style='background-color: "
 "rgba(0.0, 165.0, 0, 0.15); border-radius: 3px;' title='1.0'>_||> "
 "fields<||_html:</span>_||><||_html:<span style='background-color: rgba(0.0, "
 "165.0, 0, 0.15); border-radius: 3px;' "
 'title=\'1.0\'>_||>."<||_html:</span>_||><||_html:<span '
 "style='background-color: rgba(0.0, 165.0, 0, 0.15); border-radius: 3px;' "
 "title='1.0'>_||>\n"
 "<||_html:</span>_||><||_html:<span style='background-color: rgba(0.0, 165.0, "
 "0, 0.15); border-radius: 3px;' title='1.0'>_||> "
 "<||_html:</span>_||><||_html:<span style='background-color: rgba(0.0, 165.0, "
 "0, 0.15); border-radius: 3px;' title='1.0'>_||> "
 "}<||_html:</span>_||><||_html:<span style='background-color: rgba(0.0, "
 "165.0, 0, 0.15); border-radius: 3px;' title='1.0'>_||>\n"
 "<||_html:</span>_||><||_html:<span style='background-color: rgba(0.0, 165.0, "
 "0, 0.15); border-radius: 3px;' "
 'title=\'1.0\'>_||>}<||_html:</span>_||>{"changes":<||_html:<span '
 "style='background-color: rgba(0.0, 165.0, 0, 0.15); border-radius: 3px;' "
 "title='1.0'>_||>[<||_html:</span>_||><||_html:<span style='background-color: "
 "rgba(0.0, 165.0, 0, 0.15); border-radius: 3px;' "
 'title=\'1.0\'>_||>{"<||_html:</span>_||>type<||_html:<span '
 "style='background-color: rgba(0.0, 165.0, 0, 0.15); border-radius: 3px;' "
 'title=\'1.0\'>_||>":"<||_html:</span>_||><||_html:<span '
 "style='background-color: rgba(0.0, 165.0, 0, 0.15); border-radius: 3px;' "
 "title='1.0'>_||>Query<||_html:</span>_||><||_html:<span "
 "style='background-color: rgba(0.0, 165.0, 0, 0.15); border-radius: 3px;' "
 'title=\'1.0\'>_||>","<||_html:</span>_||>field<||_html:<span '
 "style='background-color: rgba(0.0, 165.0, 0, 0.15); border-radius: 3px;' "
 'title=\'1.0\'>_||>":"<||_html:</span>_||><||_html:<span '
 "style='background-color: rgba(0.0, 165.0, 0, 0.15); border-radius: 3px;' "
 "title='1.0'>_||>get<||_html:</span>_||><||_html:<span "
 "style='background-color: rgba(0.0, 165.0, 0, 0.15); border-radius: 3px;' "
 "title='1.0'>_||>Product<||_html:</span>_||><||_html:<span "
 "style='background-color: rgba(0.0, 165.0, 0, 0.15); border-radius: 3px;' "
 'title=\'1.0\'>_||>","<||_html:</span>_||>change<||_html:<span '
 "style='background-color: rgba(0.0, 165.0, 0, 0.15); border-radius: 3px;' "
 "title='1.0'>_||>")
('Analyze the following two GraphQL schemas for changes, including both '
 'breaking and non-breaking changes.\n'
 '\n'
 '                        Provide your analysis in the following JSON format:\n'
 '                        {\n'
 '                          "changes": [\n'
 '                            {\n'
 '                              "type": "String representing the GraphQL type '
 '(e.g., Query, Mutation, Subscription)",\n'
 '                              "field": "String representing the specific '
 'field that changed",\n'
 '                              "change": "String describing the change (e.g., '
 'field renamed, new field added, field removed)",\n'
 '                              "breaking": "Boolean indicating if the change '
 'is breaking (true) or non-breaking (false)",\n'
 '                              "release_note": "String with a natural '
 'language description of the change for release notes"\n'
 '                            }\n'
 '                          ],\n'
 '                          "release_notes": {\n'
 '                              "summary": "String summarizing all changes, '
 'suitable for a mailing list or public announcement"\n'
 '                          }\n'
 '                        }\n'
 '\n'
 '                        When analyzing, consider the following types of '
 'changes:\n'
 '                        1. Removing fields or types (breaking)\n'
 '                        2. Changing field types (potentially breaking)\n'
 '                        3. Adding required fields (breaking)\n'
 '                        4. Changing the type of existing arguments '
 '(breaking)\n'
 '                        5. Adding optional fields (non-breaking)\n'
 '                        6. Adding new types (non-breaking)\n'
 '                        7. Deprecating fields (non-breaking)\n'
 '\n'
 '                        Ensure that each change is categorized correctly as '
 'breaking or non-breaking.: type Query {\n'
 '  getProduct(id: ID!): Product\n'
 '}\n'
 '\n'
 'type Product {\n'
 '  id: ID\n'
 '  name: String\n'
 '  description: String\n'
 '  price: Float\n'
 '  stock: Int\n'
 '}\n'
 ', type Query {\n'
 '  getProduct(id: ID!): Product\n'
 '}\n'
 '\n'
 'type Product {\n'
 '  id: ID\n'
 '  name: String\n'
 '  details: String\n'
 '  price: Float\n'
 '}\n'
 '\n'
 "Answer:<||_html:<span style='background-color: rgba(0.0, 165.0, 0, 0.15); "
 "border-radius: 3px;' title='1.0'>_||> {<||_html:</span>_||><||_html:<span "
 "style='background-color: rgba(0.0, 165.0, 0, 0.15); border-radius: 3px;' "
 "title='1.0'>_||>\n"
 "<||_html:</span>_||><||_html:<span style='background-color: rgba(0.0, 165.0, "
 "0, 0.15); border-radius: 3px;' title='1.0'>_||> "
 "<||_html:</span>_||><||_html:<span style='background-color: rgba(0.0, 165.0, "
 "0, 0.15); border-radius: 3px;' title='1.0'>_||> "
 '"<||_html:</span>_||><||_html:<span style=\'background-color: rgba(0.0, '
 "165.0, 0, 0.15); border-radius: 3px;' "
 "title='1.0'>_||>changes<||_html:</span>_||><||_html:<span "
 "style='background-color: rgba(0.0, 165.0, 0, 0.15); border-radius: 3px;' "
 'title=\'1.0\'>_||>":<||_html:</span>_||><||_html:<span '
 "style='background-color: rgba(0.0, 165.0, 0, 0.15); border-radius: 3px;' "
 "title='1.0'>_||> [<||_html:</span>_||><||_html:<span "
 "style='background-color: rgba(0.0, 165.0, 0, 0.15); border-radius: 3px;' "
 "title='1.0'>_||>\n"
 "<||_html:</span>_||><||_html:<span style='background-color: rgba(0.0, 165.0, "
 "0, 0.15); border-radius: 3px;' title='1.0'>_||>   "
 "<||_html:</span>_||><||_html:<span style='background-color: rgba(0.0, 165.0, "
 "0, 0.15); border-radius: 3px;' title='1.0'>_||> "
 "{<||_html:</span>_||><||_html:<span style='background-color: rgba(0.0, "
 "165.0, 0, 0.15); border-radius: 3px;' title='1.0'>_||>\n"
 "<||_html:</span>_||><||_html:<span style='background-color: rgba(0.0, 165.0, "
 "0, 0.15); border-radius: 3px;' title='1.0'>_||>     "
 "<||_html:</span>_||><||_html:<span style='background-color: rgba(0.0, 165.0, "
 "0, 0.15); border-radius: 3px;' title='1.0'>_||> "
 '"<||_html:</span>_||><||_html:<span style=\'background-color: rgba(0.0, '
 "165.0, 0, 0.15); border-radius: 3px;' "
 "title='1.0'>_||>type<||_html:</span>_||><||_html:<span "
 "style='background-color: rgba(0.0, 165.0, 0, 0.15); border-radius: 3px;' "
 'title=\'1.0\'>_||>":<||_html:</span>_||><||_html:<span '
 "style='background-color: rgba(0.0, 165.0, 0, 0.15); border-radius: 3px;' "
 'title=\'1.0\'>_||> "<||_html:</span>_||><||_html:<span '
 "style='background-color: rgba(0.0, 165.0, 0, 0.15); border-radius: 3px;' "
 "title='1.0'>_||>Query<||_html:</span>_||><||_html:<span "
 "style='background-color: rgba(0.0, 165.0, 0, 0.15); border-radius: 3px;' "
 'title=\'1.0\'>_||>",<||_html:</span>_||><||_html:<span '
 "style='background-color: rgba(0.0, 165.0, 0, 0.15); border-radius: 3px;' "
 "title='1.0'>_||>\n"
 "<||_html:</span>_||><||_html:<span style='background-color: rgba(0.0, 165.0, "
 "0, 0.15); border-radius: 3px;' title='1.0'>_||>     "
 "<||_html:</span>_||><||_html:<span style='background-color: rgba(0.0, 165.0, "
 "0, 0.15); border-radius: 3px;' title='1.0'>_||> "
 '"<||_html:</span>_||><||_html:<span style=\'background-color: rgba(0.0, '
 "165.0, 0, 0.15); border-radius: 3px;' "
 "title='1.0'>_||>field<||_html:</span>_||><||_html:<span "
 "style='background-color: rgba(0.0, 165.0, 0, 0.15); border-radius: 3px;' "
 'title=\'1.0\'>_||>":<||_html:</span>_||><||_html:<span '
 "style='background-color: rgba(0.0, 165.0, 0, 0.15); border-radius: 3px;' "
 'title=\'1.0\'>_||> "<||_html:</span>_||><||_html:<span '
 "style='background-color: rgba(0.0, 165.0, 0, 0.15); border-radius: 3px;' "
 "title='1.0'>_||>get<||_html:</span>_||><||_html:<span "
 "style='background-color: rgba(0.0, 165.0, 0, 0.15); border-radius: 3px;' "
 "title='1.0'>_||>Product<||_html:</span>_||><||_html:<span "
 "style='background-color: rgba(0.0, 165.0, 0, 0.15); border-radius: 3px;' "
 'title=\'1.0\'>_||>",<||_html:</span>_||><||_html:<span '
 "style='background-color: rgba(0.0, 165.0, 0, 0.15); border-radius: 3px;' "
 "title='1.0'>_||>\n"
 "<||_html:</span>_||><||_html:<span style='background-color: rgba(0.0, 165.0, "
 "0, 0.15); border-radius: 3px;' title='1.0'>_||>     "
 "<||_html:</span>_||><||_html:<span style='background-color: rgba(0.0, 165.0, "
 "0, 0.15); border-radius: 3px;' title='1.0'>_||> "
 '"<||_html:</span>_||><||_html:<span style=\'background-color: rgba(0.0, '
 "165.0, 0, 0.15); border-radius: 3px;' "
 "title='1.0'>_||>change<||_html:</span>_||><||_html:<span "
 "style='background-color: rgba(0.0, 165.0, 0, 0.15); border-radius: 3px;' "
 'title=\'1.0\'>_||>":<||_html:</span>_||><||_html:<span '
 "style='background-color: rgba(0.0, 165.0, 0, 0.15); border-radius: 3px;' "
 'title=\'1.0\'>_||> "<||_html:</span>_||><||_html:<span '
 "style='background-color: rgba(0.0, 165.0, 0, 0.15); border-radius: 3px;' "
 "title='1.0'>_||>field<||_html:</span>_||><||_html:<span "
 "style='background-color: rgba(0.0, 165.0, 0, 0.15); border-radius: 3px;' "
 "title='1.0'>_||> details<||_html:</span>_||><||_html:<span "
 "style='background-color: rgba(0.0, 165.0, 0, 0.15); border-radius: 3px;' "
 "title='1.0'>_||> added<||_html:</span>_||><||_html:<span "
 "style='background-color: rgba(0.0, 165.0, 0, 0.15); border-radius: 3px;' "
 'title=\'1.0\'>_||>",<||_html:</span>_||><||_html:<span '
 "style='background-color: rgba(0.0, 165.0, 0, 0.15); border-radius: 3px;' "
 "title='1.0'>_||>\n"
 "<||_html:</span>_||><||_html:<span style='background-color: rgba(0.0, 165.0, "
 "0, 0.15); border-radius: 3px;' title='1.0'>_||>     "
 "<||_html:</span>_||><||_html:<span style='background-color: rgba(0.0, 165.0, "
 "0, 0.15); border-radius: 3px;' title='1.0'>_||> "
 '"<||_html:</span>_||><||_html:<span style=\'background-color: rgba(0.0, '
 "165.0, 0, 0.15); border-radius: 3px;' "
 "title='1.0'>_||>breaking<||_html:</span>_||><||_html:<span "
 "style='background-color: rgba(0.0, 165.0, 0, 0.15); border-radius: 3px;' "
 'title=\'1.0\'>_||>":<||_html:</span>_||><||_html:<span '
 "style='background-color: rgba(0.0, 165.0, 0, 0.15); border-radius: 3px;' "
 'title=\'1.0\'>_||> "<||_html:</span>_||><||_html:<span '
 "style='background-color: rgba(0.0, 165.0, 0, 0.15); border-radius: 3px;' "
 "title='1.0'>_||>false<||_html:</span>_||><||_html:<span "
 "style='background-color: rgba(0.0, 165.0, 0, 0.15); border-radius: 3px;' "
 'title=\'1.0\'>_||>",<||_html:</span>_||><||_html:<span '
 "style='background-color: rgba(0.0, 165.0, 0, 0.15); border-radius: 3px;' "
 "title='1.0'>_||>\n"
 "<||_html:</span>_||><||_html:<span style='background-color: rgba(0.0, 165.0, "
 "0, 0.15); border-radius: 3px;' title='1.0'>_||>     "
 "<||_html:</span>_||><||_html:<span style='background-color: rgba(0.0, 165.0, "
 "0, 0.15); border-radius: 3px;' title='1.0'>_||> "
 '"<||_html:</span>_||><||_html:<span style=\'background-color: rgba(0.0, '
 "165.0, 0, 0.15); border-radius: 3px;' "
 "title='1.0'>_||>release<||_html:</span>_||><||_html:<span "
 "style='background-color: rgba(0.0, 165.0, 0, 0.15); border-radius: 3px;' "
 "title='1.0'>_||>_<||_html:</span>_||><||_html:<span style='background-color: "
 "rgba(0.0, 165.0, 0, 0.15); border-radius: 3px;' "
 "title='1.0'>_||>note<||_html:</span>_||><||_html:<span "
 "style='background-color: rgba(0.0, 165.0, 0, 0.15); border-radius: 3px;' "
 'title=\'1.0\'>_||>":<||_html:</span>_||><||_html:<span '
 "style='background-color: rgba(0.0, 165.0, 0, 0.15); border-radius: 3px;' "
 'title=\'1.0\'>_||> "<||_html:</span>_||><||_html:<span '
 "style='background-color: rgba(0.0, 165.0, 0, 0.15); border-radius: 3px;' "
 "title='1.0'>_||>The<||_html:</span>_||><||_html:<span "
 "style='background-color: rgba(0.0, 165.0, 0, 0.15); border-radius: 3px;' "
 "title='1.0'>_||> '<||_html:</span>_||><||_html:<span "
 "style='background-color: rgba(0.0, 165.0, 0, 0.15); border-radius: 3px;' "
 "title='1.0'>_||>get<||_html:</span>_||><||_html:<span "
 "style='background-color: rgba(0.0, 165.0, 0, 0.15); border-radius: 3px;' "
 "title='1.0'>_||>Product<||_html:</span>_||><||_html:<span "
 "style='background-color: rgba(0.0, 165.0, 0, 0.15); border-radius: 3px;' "
 "title='1.0'>_||>'<||_html:</span>_||><||_html:<span style='background-color: "
 "rgba(0.0, 165.0, 0, 0.15); border-radius: 3px;' title='1.0'>_||> "
 "query<||_html:</span>_||><||_html:<span style='background-color: rgba(0.0, "
 "165.0, 0, 0.15); border-radius: 3px;' title='1.0'>_||> "
 "now<||_html:</span>_||><||_html:<span style='background-color: rgba(0.0, "
 "165.0, 0, 0.15); border-radius: 3px;' title='1.0'>_||> "
 "includes<||_html:</span>_||><||_html:<span style='background-color: "
 "rgba(0.0, 165.0, 0, 0.15); border-radius: 3px;' title='1.0'>_||> "
 "a<||_html:</span>_||><||_html:<span style='background-color: rgba(0.0, "
 "165.0, 0, 0.15); border-radius: 3px;' title='1.0'>_||> "
 "new<||_html:</span>_||><||_html:<span style='background-color: rgba(0.0, "
 "165.0, 0, 0.15); border-radius: 3px;' title='1.0'>_||> "
 "field<||_html:</span>_||><||_html:<span style='background-color: rgba(0.0, "
 "165.0, 0, 0.15); border-radius: 3px;' title='1.0'>_||> "
 "'<||_html:</span>_||><||_html:<span style='background-color: rgba(0.0, "
 "165.0, 0, 0.15); border-radius: 3px;' "
 "title='1.0'>_||>details<||_html:</span>_||><||_html:<span "
 "style='background-color: rgba(0.0, 165.0, 0, 0.15); border-radius: 3px;' "
 "title='1.0'>_||>'<||_html:</span>_||><||_html:<span style='background-color: "
 "rgba(0.0, 165.0, 0, 0.15); border-radius: 3px;' title='1.0'>_||> "
 "of<||_html:</span>_||><||_html:<span style='background-color: rgba(0.0, "
 "165.0, 0, 0.15); border-radius: 3px;' title='1.0'>_||> "
 "type<||_html:</span>_||><||_html:<span style='background-color: rgba(0.0, "
 "165.0, 0, 0.15); border-radius: 3px;' title='1.0'>_||> "
 "String<||_html:</span>_||><||_html:<span style='background-color: rgba(0.0, "
 "165.0, 0, 0.15); border-radius: 3px;' "
 'title=\'1.0\'>_||>."<||_html:</span>_||><||_html:<span '
 "style='background-color: rgba(0.0, 165.0, 0, 0.15); border-radius: 3px;' "
 "title='1.0'>_||>\n"
 "<||_html:</span>_||><||_html:<span style='background-color: rgba(0.0, 165.0, "
 "0, 0.15); border-radius: 3px;' title='1.0'>_||>   "
 "<||_html:</span>_||><||_html:<span style='background-color: rgba(0.0, 165.0, "
 "0, 0.15); border-radius: 3px;' title='1.0'>_||> "
 "},<||_html:</span>_||><||_html:<span style='background-color: rgba(0.0, "
 "165.0, 0, 0.15); border-radius: 3px;' title='1.0'>_||>\n"
 "<||_html:</span>_||><||_html:<span style='background-color: rgba(0.0, 165.0, "
 "0, 0.15); border-radius: 3px;' title='1.0'>_||>   "
 "<||_html:</span>_||><||_html:<span style='background-color: rgba(0.0, 165.0, "
 "0, 0.15); border-radius: 3px;' title='1.0'>_||> "
 "{<||_html:</span>_||><||_html:<span style='background-color: rgba(0.0, "
 "165.0, 0, 0.15); border-radius: 3px;' title='1.0'>_||>\n"
 "<||_html:</span>_||><||_html:<span style='background-color: rgba(0.0, 165.0, "
 "0, 0.15); border-radius: 3px;' title='1.0'>_||>     "
 "<||_html:</span>_||><||_html:<span style='background-color: rgba(0.0, 165.0, "
 "0, 0.15); border-radius: 3px;' title='1.0'>_||> "
 '"<||_html:</span>_||><||_html:<span style=\'background-color: rgba(0.0, '
 "165.0, 0, 0.15); border-radius: 3px;' "
 "title='1.0'>_||>type<||_html:</span>_||><||_html:<span "
 "style='background-color: rgba(0.0, 165.0, 0, 0.15); border-radius: 3px;' "
 'title=\'1.0\'>_||>":<||_html:</span>_||><||_html:<span '
 "style='background-color: rgba(0.0, 165.0, 0, 0.15); border-radius: 3px;' "
 'title=\'1.0\'>_||> "<||_html:</span>_||><||_html:<span '
 "style='background-color: rgba(0.0, 165.0, 0, 0.15); border-radius: 3px;' "
 "title='1.0'>_||>Product<||_html:</span>_||><||_html:<span "
 "style='background-color: rgba(0.0, 165.0, 0, 0.15); border-radius: 3px;' "
 'title=\'1.0\'>_||>",<||_html:</span>_||><||_html:<span '
 "style='background-color: rgba(0.0, 165.0, 0, 0.15); border-radius: 3px;' "
 "title='1.0'>_||>\n"
 "<||_html:</span>_||><||_html:<span style='background-color: rgba(0.0, 165.0, "
 "0, 0.15); border-radius: 3px;' title='1.0'>_||>     "
 "<||_html:</span>_||><||_html:<span style='background-color: rgba(0.0, 165.0, "
 "0, 0.15); border-radius: 3px;' title='1.0'>_||> "
 '"<||_html:</span>_||><||_html:<span style=\'background-color: rgba(0.0, '
 "165.0, 0, 0.15); border-radius: 3px;' "
 "title='1.0'>_||>field<||_html:</span>_||><||_html:<span "
 "style='background-color: rgba(0.0, 165.0, 0, 0.15); border-radius: 3px;' "
 'title=\'1.0\'>_||>":<||_html:</span>_||><||_html:<span '
 "style='background-color: rgba(0.0, 165.0, 0, 0.15); border-radius: 3px;' "
 'title=\'1.0\'>_||> "<||_html:</span>_||><||_html:<span '
 "style='background-color: rgba(0.0, 165.0, 0, 0.15); border-radius: 3px;' "
 "title='1.0'>_||>description<||_html:</span>_||><||_html:<span "
 "style='background-color: rgba(0.0, 165.0, 0, 0.15); border-radius: 3px;' "
 'title=\'1.0\'>_||>",<||_html:</span>_||><||_html:<span '
 "style='background-color: rgba(0.0, 165.0, 0, 0.15); border-radius: 3px;' "
 "title='1.0'>_||>\n"
 "<||_html:</span>_||><||_html:<span style='background-color: rgba(0.0, 165.0, "
 "0, 0.15); border-radius: 3px;' title='1.0'>_||>     "
 "<||_html:</span>_||><||_html:<span style='background-color: rgba(0.0, 165.0, "
 "0, 0.15); border-radius: 3px;' title='1.0'>_||> "
 '"<||_html:</span>_||><||_html:<span style=\'background-color: rgba(0.0, '
 "165.0, 0, 0.15); border-radius: 3px;' "
 "title='1.0'>_||>change<||_html:</span>_||><||_html:<span "
 "style='background-color: rgba(0.0, 165.0, 0, 0.15); border-radius: 3px;' "
 'title=\'1.0\'>_||>":<||_html:</span>_||><||_html:<span '
 "style='background-color: rgba(0.0, 165.0, 0, 0.15); border-radius: 3px;' "
 'title=\'1.0\'>_||> "<||_html:</span>_||><||_html:<span '
 "style='background-color: rgba(0.0, 165.0, 0, 0.15); border-radius: 3px;' "
 "title='1.0'>_||>field<||_html:</span>_||><||_html:<span "
 "style='background-color: rgba(0.0, 165.0, 0, 0.15); border-radius: 3px;' "
 "title='1.0'>_||> removed<||_html:</span>_||><||_html:<span "
 "style='background-color: rgba(0.0, 165.0, 0, 0.15); border-radius: 3px;' "
 'title=\'1.0\'>_||>",<||_html:</span>_||><||_html:<span '
 "style='background-color: rgba(0.0, 165.0, 0, 0.15); border-radius: 3px;' "
 "title='1.0'>_||>\n"
 "<||_html:</span>_||><||_html:<span style='background-color: rgba(0.0, 165.0, "
 "0, 0.15); border-radius: 3px;' title='1.0'>_||>     "
 "<||_html:</span>_||><||_html:<span style='background-color: rgba(0.0, 165.0, "
 "0, 0.15); border-radius: 3px;' title='1.0'>_||> "
 '"<||_html:</span>_||><||_html:<span style=\'background-color: rgba(0.0, '
 "165.0, 0, 0.15); border-radius: 3px;' "
 "title='1.0'>_||>breaking<||_html:</span>_||><||_html:<span "
 "style='background-color: rgba(0.0, 165.0, 0, 0.15); border-radius: 3px;' "
 'title=\'1.0\'>_||>":<||_html:</span>_||><||_html:<span '
 "style='background-color: rgba(0.0, 165.0, 0, 0.15); border-radius: 3px;' "
 'title=\'1.0\'>_||> "<||_html:</span>_||><||_html:<span '
 "style='background-color: rgba(0.0, 165.0, 0, 0.15); border-radius: 3px;' "
 "title='1.0'>_||>true<||_html:</span>_||><||_html:<span "
 "style='background-color: rgba(0.0, 165.0, 0, 0.15); border-radius: 3px;' "
 'title=\'1.0\'>_||>",<||_html:</span>_||><||_html:<span '
 "style='background-color: rgba(0.0, 165.0, 0, 0.15); border-radius: 3px;' "
 "title='1.0'>_||>\n"
 "<||_html:</span>_||><||_html:<span style='background-color: rgba(0.0, 165.0, "
 "0, 0.15); border-radius: 3px;' title='1.0'>_||>     "
 "<||_html:</span>_||><||_html:<span style='background-color: rgba(0.0, 165.0, "
 "0, 0.15); border-radius: 3px;' title='1.0'>_||> "
 '"<||_html:</span>_||><||_html:<span style=\'background-color: rgba(0.0, '
 "165.0, 0, 0.15); border-radius: 3px;' "
 "title='1.0'>_||>release<||_html:</span>_||><||_html:<span "
 "style='background-color: rgba(0.0, 165.0, 0, 0.15); border-radius: 3px;' "
 "title='1.0'>_||>_<||_html:</span>_||><||_html:<span style='background-color: "
 "rgba(0.0, 165.0, 0, 0.15); border-radius: 3px;' "
 "title='1.0'>_||>note<||_html:</span>_||><||_html:<span "
 "style='background-color: rgba(0.0, 165.0, 0, 0.15); border-radius: 3px;' "
 'title=\'1.0\'>_||>":<||_html:</span>_||><||_html:<span '
 "style='background-color: rgba(0.0, 165.0, 0, 0.15); border-radius: 3px;' "
 'title=\'1.0\'>_||> "<||_html:</span>_||><||_html:<span '
 "style='background-color: rgba(0.0, 165.0, 0, 0.15); border-radius: 3px;' "
 "title='1.0'>_||>The<||_html:</span>_||><||_html:<span "
 "style='background-color: rgba(0.0, 165.0, 0, 0.15); border-radius: 3px;' "
 "title='1.0'>_||> '<||_html:</span>_||><||_html:<span "
 "style='background-color: rgba(0.0, 165.0, 0, 0.15); border-radius: 3px;' "
 "title='1.0'>_||>Product<||_html:</span>_||><||_html:<span "
 "style='background-color: rgba(0.0, 165.0, 0, 0.15); border-radius: 3px;' "
 "title='1.0'>_||>'<||_html:</span>_||><||_html:<span style='background-color: "
 "rgba(0.0, 165.0, 0, 0.15); border-radius: 3px;' title='1.0'>_||> "
 "type<||_html:</span>_||><||_html:<span style='background-color: rgba(0.0, "
 "165.0, 0, 0.15); border-radius: 3px;' title='1.0'>_||> "
 "no<||_html:</span>_||><||_html:<span style='background-color: rgba(0.0, "
 "165.0, 0, 0.15); border-radius: 3px;' title='1.0'>_||> "
 "longer<||_html:</span>_||><||_html:<span style='background-color: rgba(0.0, "
 "165.0, 0, 0.15); border-radius: 3px;' title='1.0'>_||> "
 "includes<||_html:</span>_||><||_html:<span style='background-color: "
 "rgba(0.0, 165.0, 0, 0.15); border-radius: 3px;' title='1.0'>_||> "
 "the<||_html:</span>_||><||_html:<span style='background-color: rgba(0.0, "
 "165.0, 0, 0.15); border-radius: 3px;' title='1.0'>_||> "
 "'<||_html:</span>_||><||_html:<span style='background-color: rgba(0.0, "
 "165.0, 0, 0.15); border-radius: 3px;' "
 "title='1.0'>_||>description<||_html:</span>_||><||_html:<span "
 "style='background-color: rgba(0.0, 165.0, 0, 0.15); border-radius: 3px;' "
 "title='1.0'>_||>'<||_html:</span>_||><||_html:<span style='background-color: "
 "rgba(0.0, 165.0, 0, 0.15); border-radius: 3px;' title='1.0'>_||> "
 "field<||_html:</span>_||><||_html:<span style='background-color: rgba(0.0, "
 "165.0, 0, 0.15); border-radius: 3px;' "
 'title=\'1.0\'>_||>."<||_html:</span>_||><||_html:<span '
 "style='background-color: rgba(0.0, 165.0, 0, 0.15); border-radius: 3px;' "
 "title='1.0'>_||>\n"
 "<||_html:</span>_||><||_html:<span style='background-color: rgba(0.0, 165.0, "
 "0, 0.15); border-radius: 3px;' title='1.0'>_||>   "
 "<||_html:</span>_||><||_html:<span style='background-color: rgba(0.0, 165.0, "
 "0, 0.15); border-radius: 3px;' title='1.0'>_||> "
 "},<||_html:</span>_||><||_html:<span style='background-color: rgba(0.0, "
 "165.0, 0, 0.15); border-radius: 3px;' title='1.0'>_||>\n"
 "<||_html:</span>_||><||_html:<span style='background-color: rgba(0.0, 165.0, "
 "0, 0.15); border-radius: 3px;' title='1.0'>_||>   "
 "<||_html:</span>_||><||_html:<span style='background-color: rgba(0.0, 165.0, "
 "0, 0.15); border-radius: 3px;' title='1.0'>_||> "
 "{<||_html:</span>_||><||_html:<span style='background-color: rgba(0.0, "
 "165.0, 0, 0.15); border-radius: 3px;' title='1.0'>_||>\n"
 "<||_html:</span>_||><||_html:<span style='background-color: rgba(0.0, 165.0, "
 "0, 0.15); border-radius: 3px;' title='1.0'>_||>     "
 "<||_html:</span>_||><||_html:<span style='background-color: rgba(0.0, 165.0, "
 "0, 0.15); border-radius: 3px;' title='1.0'>_||> "
 '"<||_html:</span>_||><||_html:<span style=\'background-color: rgba(0.0, '
 "165.0, 0, 0.15); border-radius: 3px;' "
 "title='1.0'>_||>type<||_html:</span>_||><||_html:<span "
 "style='background-color: rgba(0.0, 165.0, 0, 0.15); border-radius: 3px;' "
 'title=\'1.0\'>_||>":<||_html:</span>_||><||_html:<span '
 "style='background-color: rgba(0.0, 165.0, 0, 0.15); border-radius: 3px;' "
 'title=\'1.0\'>_||> "<||_html:</span>_||><||_html:<span '
 "style='background-color: rgba(0.0, 165.0, 0, 0.15); border-radius: 3px;' "
 "title='1.0'>_||>Product<||_html:</span>_||><||_html:<span "
 "style='background-color: rgba(0.0, 165.0, 0, 0.15); border-radius: 3px;' "
 'title=\'1.0\'>_||>",<||_html:</span>_||><||_html:<span '
 "style='background-color: rgba(0.0, 165.0, 0, 0.15); border-radius: 3px;' "
 "title='1.0'>_||>\n"
 "<||_html:</span>_||><||_html:<span style='background-color: rgba(0.0, 165.0, "
 "0, 0.15); border-radius: 3px;' title='1.0'>_||>     "
 "<||_html:</span>_||><||_html:<span style='background-color: rgba(0.0, 165.0, "
 "0, 0.15); border-radius: 3px;' title='1.0'>_||> "
 '"<||_html:</span>_||><||_html:<span style=\'background-color: rgba(0.0, '
 "165.0, 0, 0.15); border-radius: 3px;' "
 "title='1.0'>_||>field<||_html:</span>_||><||_html:<span "
 "style='background-color: rgba(0.0, 165.0, 0, 0.15); border-radius: 3px;' "
 'title=\'1.0\'>_||>":<||_html:</span>_||><||_html:<span '
 "style='background-color: rgba(0.0, 165.0, 0, 0.15); border-radius: 3px;' "
 'title=\'1.0\'>_||> "<||_html:</span>_||><||_html:<span '
 "style='background-color: rgba(0.0, 165.0, 0, 0.15); border-radius: 3px;' "
 "title='1.0'>_||>stock<||_html:</span>_||><||_html:<span "
 "style='background-color: rgba(0.0, 165.0, 0, 0.15); border-radius: 3px;' "
 'title=\'1.0\'>_||>",<||_html:</span>_||><||_html:<span '
 "style='background-color: rgba(0.0, 165.0, 0, 0.15); border-radius: 3px;' "
 "title='1.0'>_||>\n"
 "<||_html:</span>_||><||_html:<span style='background-color: rgba(0.0, 165.0, "
 "0, 0.15); border-radius: 3px;' title='1.0'>_||>     "
 "<||_html:</span>_||><||_html:<span style='background-color: rgba(0.0, 165.0, "
 "0, 0.15); border-radius: 3px;' title='1.0'>_||> "
 '"<||_html:</span>_||><||_html:<span style=\'background-color: rgba(0.0, '
 "165.0, 0, 0.15); border-radius: 3px;' "
 "title='1.0'>_||>change<||_html:</span>_||><||_html:<span "
 "style='background-color: rgba(0.0, 165.0, 0, 0.15); border-radius: 3px;' "
 'title=\'1.0\'>_||>":<||_html:</span>_||><||_html:<span '
 "style='background-color: rgba(0.0, 165.0, 0, 0.15); border-radius: 3px;' "
 'title=\'1.0\'>_||> "<||_html:</span>_||><||_html:<span '
 "style='background-color: rgba(0.0, 165.0, 0, 0.15); border-radius: 3px;' "
 "title='1.0'>_||>field<||_html:</span>_||><||_html:<span "
 "style='background-color: rgba(0.0, 165.0, 0, 0.15); border-radius: 3px;' "
 "title='1.0'>_||> removed<||_html:</span>_||><||_html:<span "
 "style='background-color: rgba(0.0, 165.0, 0, 0.15); border-radius: 3px;' "
 'title=\'1.0\'>_||>",<||_html:</span>_||><||_html:<span '
 "style='background-color: rgba(0.0, 165.0, 0, 0.15); border-radius: 3px;' "
 "title='1.0'>_||>\n"
 "<||_html:</span>_||><||_html:<span style='background-color: rgba(0.0, 165.0, "
 "0, 0.15); border-radius: 3px;' title='1.0'>_||>     "
 "<||_html:</span>_||><||_html:<span style='background-color: rgba(0.0, 165.0, "
 "0, 0.15); border-radius: 3px;' title='1.0'>_||> "
 '"<||_html:</span>_||><||_html:<span style=\'background-color: rgba(0.0, '
 "165.0, 0, 0.15); border-radius: 3px;' "
 "title='1.0'>_||>breaking<||_html:</span>_||><||_html:<span "
 "style='background-color: rgba(0.0, 165.0, 0, 0.15); border-radius: 3px;' "
 'title=\'1.0\'>_||>":<||_html:</span>_||><||_html:<span '
 "style='background-color: rgba(0.0, 165.0, 0, 0.15); border-radius: 3px;' "
 'title=\'1.0\'>_||> "<||_html:</span>_||><||_html:<span '
 "style='background-color: rgba(0.0, 165.0, 0, 0.15); border-radius: 3px;' "
 "title='1.0'>_||>true<||_html:</span>_||><||_html:<span "
 "style='background-color: rgba(0.0, 165.0, 0, 0.15); border-radius: 3px;' "
 'title=\'1.0\'>_||>",<||_html:</span>_||><||_html:<span '
 "style='background-color: rgba(0.0, 165.0, 0, 0.15); border-radius: 3px;' "
 "title='1.0'>_||>\n"
 "<||_html:</span>_||><||_html:<span style='background-color: rgba(0.0, 165.0, "
 "0, 0.15); border-radius: 3px;' title='1.0'>_||>     "
 "<||_html:</span>_||><||_html:<span style='background-color: rgba(0.0, 165.0, "
 "0, 0.15); border-radius: 3px;' title='1.0'>_||> "
 '"<||_html:</span>_||><||_html:<span style=\'background-color: rgba(0.0, '
 "165.0, 0, 0.15); border-radius: 3px;' "
 "title='1.0'>_||>release<||_html:</span>_||><||_html:<span "
 "style='background-color: rgba(0.0, 165.0, 0, 0.15); border-radius: 3px;' "
 "title='1.0'>_||>_<||_html:</span>_||><||_html:<span style='background-color: "
 "rgba(0.0, 165.0, 0, 0.15); border-radius: 3px;' "
 "title='1.0'>_||>note<||_html:</span>_||><||_html:<span "
 "style='background-color: rgba(0.0, 165.0, 0, 0.15); border-radius: 3px;' "
 'title=\'1.0\'>_||>":<||_html:</span>_||><||_html:<span '
 "style='background-color: rgba(0.0, 165.0, 0, 0.15); border-radius: 3px;' "
 'title=\'1.0\'>_||> "<||_html:</span>_||><||_html:<span '
 "style='background-color: rgba(0.0, 165.0, 0, 0.15); border-radius: 3px;' "
 "title='1.0'>_||>The<||_html:</span>_||><||_html:<span "
 "style='background-color: rgba(0.0, 165.0, 0, 0.15); border-radius: 3px;' "
 "title='1.0'>_||> '<||_html:</span>_||><||_html:<span "
 "style='background-color: rgba(0.0, 165.0, 0, 0.15); border-radius: 3px;' "
 "title='1.0'>_||>Product<||_html:</span>_||><||_html:<span "
 "style='background-color: rgba(0.0, 165.0, 0, 0.15); border-radius: 3px;' "
 "title='1.0'>_||>'<||_html:</span>_||><||_html:<span style='background-color: "
 "rgba(0.0, 165.0, 0, 0.15); border-radius: 3px;' title='1.0'>_||> "
 "type<||_html:</span>_||><||_html:<span style='background-color: rgba(0.0, "
 "165.0, 0, 0.15); border-radius: 3px;' title='1.0'>_||> "
 "no<||_html:</span>_||><||_html:<span style='background-color: rgba(0.0, "
 "165.0, 0, 0.15); border-radius: 3px;' title='1.0'>_||> "
 "longer<||_html:</span>_||><||_html:<span style='background-color: rgba(0.0, "
 "165.0, 0, 0.15); border-radius: 3px;' title='1.0'>_||> "
 "includes<||_html:</span>_||><||_html:<span style='background-color: "
 "rgba(0.0, 165.0, 0, 0.15); border-radius: 3px;' title='1.0'>_||> "
 "the<||_html:</span>_||><||_html:<span style='background-color: rgba(0.0, "
 "165.0, 0, 0.15); border-radius: 3px;' title='1.0'>_||> "
 "'<||_html:</span>_||><||_html:<span style='background-color: rgba(0.0, "
 "165.0, 0, 0.15); border-radius: 3px;' "
 "title='1.0'>_||>stock<||_html:</span>_||><||_html:<span "
 "style='background-color: rgba(0.0, 165.0, 0, 0.15); border-radius: 3px;' "
 "title='1.0'>_||>'<||_html:</span>_||><||_html:<span style='background-color: "
 "rgba(0.0, 165.0, 0, 0.15); border-radius: 3px;' title='1.0'>_||> "
 "field<||_html:</span>_||><||_html:<span style='background-color: rgba(0.0, "
 "165.0, 0, 0.15); border-radius: 3px;' "
 'title=\'1.0\'>_||>."<||_html:</span>_||><||_html:<span '
 "style='background-color: rgba(0.0, 165.0, 0, 0.15); border-radius: 3px;' "
 "title='1.0'>_||>\n"
 "<||_html:</span>_||><||_html:<span style='background-color: rgba(0.0, 165.0, "
 "0, 0.15); border-radius: 3px;' title='1.0'>_||>   "
 "<||_html:</span>_||><||_html:<span style='background-color: rgba(0.0, 165.0, "
 "0, 0.15); border-radius: 3px;' title='1.0'>_||> "
 "}<||_html:</span>_||><||_html:<span style='background-color: rgba(0.0, "
 "165.0, 0, 0.15); border-radius: 3px;' title='1.0'>_||>\n"
 "<||_html:</span>_||><||_html:<span style='background-color: rgba(0.0, 165.0, "
 "0, 0.15); border-radius: 3px;' title='1.0'>_||> "
 "<||_html:</span>_||><||_html:<span style='background-color: rgba(0.0, 165.0, "
 "0, 0.15); border-radius: 3px;' title='1.0'>_||> "
 "],<||_html:</span>_||><||_html:<span style='background-color: rgba(0.0, "
 "165.0, 0, 0.15); border-radius: 3px;' title='1.0'>_||>\n"
 "<||_html:</span>_||><||_html:<span style='background-color: rgba(0.0, 165.0, "
 "0, 0.15); border-radius: 3px;' title='1.0'>_||> "
 "<||_html:</span>_||><||_html:<span style='background-color: rgba(0.0, 165.0, "
 "0, 0.15); border-radius: 3px;' title='1.0'>_||> "
 '"<||_html:</span>_||><||_html:<span style=\'background-color: rgba(0.0, '
 "165.0, 0, 0.15); border-radius: 3px;' "
 "title='1.0'>_||>release<||_html:</span>_||><||_html:<span "
 "style='background-color: rgba(0.0, 165.0, 0, 0.15); border-radius: 3px;' "
 "title='1.0'>_||>_<||_html:</span>_||><||_html:<span style='background-color: "
 "rgba(0.0, 165.0, 0, 0.15); border-radius: 3px;' "
 "title='1.0'>_||>notes<||_html:</span>_||><||_html:<span "
 "style='background-color: rgba(0.0, 165.0, 0, 0.15); border-radius: 3px;' "
 'title=\'1.0\'>_||>":<||_html:</span>_||><||_html:<span '
 "style='background-color: rgba(0.0, 165.0, 0, 0.15); border-radius: 3px;' "
 "title='1.0'>_||> {<||_html:</span>_||><||_html:<span "
 "style='background-color: rgba(0.0, 165.0, 0, 0.15); border-radius: 3px;' "
 "title='1.0'>_||>\n"
 "<||_html:</span>_||><||_html:<span style='background-color: rgba(0.0, 165.0, "
 "0, 0.15); border-radius: 3px;' title='1.0'>_||>   "
 "<||_html:</span>_||><||_html:<span style='background-color: rgba(0.0, 165.0, "
 "0, 0.15); border-radius: 3px;' title='1.0'>_||> "
 '"<||_html:</span>_||><||_html:<span style=\'background-color: rgba(0.0, '
 "165.0, 0, 0.15); border-radius: 3px;' "
 "title='1.0'>_||>summary<||_html:</span>_||><||_html:<span "
 "style='background-color: rgba(0.0, 165.0, 0, 0.15); border-radius: 3px;' "
 'title=\'1.0\'>_||>":<||_html:</span>_||><||_html:<span '
 "style='background-color: rgba(0.0, 165.0, 0, 0.15); border-radius: 3px;' "
 'title=\'1.0\'>_||> "<||_html:</span>_||><||_html:<span '
 "style='background-color: rgba(0.0, 165.0, 0, 0.15); border-radius: 3px;' "
 "title='1.0'>_||>The<||_html:</span>_||><||_html:<span "
 "style='background-color: rgba(0.0, 165.0, 0, 0.15); border-radius: 3px;' "
 "title='1.0'>_||> '<||_html:</span>_||><||_html:<span "
 "style='background-color: rgba(0.0, 165.0, 0, 0.15); border-radius: 3px;' "
 "title='1.0'>_||>get<||_html:</span>_||><||_html:<span "
 "style='background-color: rgba(0.0, 165.0, 0, 0.15); border-radius: 3px;' "
 "title='1.0'>_||>Product<||_html:</span>_||><||_html:<span "
 "style='background-color: rgba(0.0, 165.0, 0, 0.15); border-radius: 3px;' "
 "title='1.0'>_||>'<||_html:</span>_||><||_html:<span style='background-color: "
 "rgba(0.0, 165.0, 0, 0.15); border-radius: 3px;' title='1.0'>_||> "
 "query<||_html:</span>_||><||_html:<span style='background-color: rgba(0.0, "
 "165.0, 0, 0.15); border-radius: 3px;' title='1.0'>_||> "
 "now<||_html:</span>_||><||_html:<span style='background-color: rgba(0.0, "
 "165.0, 0, 0.15); border-radius: 3px;' title='1.0'>_||> "
 "includes<||_html:</span>_||><||_html:<span style='background-color: "
 "rgba(0.0, 165.0, 0, 0.15); border-radius: 3px;' title='1.0'>_||> "
 "a<||_html:</span>_||><||_html:<span style='background-color: rgba(0.0, "
 "165.0, 0, 0.15); border-radius: 3px;' title='1.0'>_||> "
 "new<||_html:</span>_||><||_html:<span style='background-color: rgba(0.0, "
 "165.0, 0, 0.15); border-radius: 3px;' title='1.0'>_||> "
 "field<||_html:</span>_||><||_html:<span style='background-color: rgba(0.0, "
 "165.0, 0, 0.15); border-radius: 3px;' title='1.0'>_||> "
 "'<||_html:</span>_||><||_html:<span style='background-color: rgba(0.0, "
 "165.0, 0, 0.15); border-radius: 3px;' "
 "title='1.0'>_||>details<||_html:</span>_||><||_html:<span "
 "style='background-color: rgba(0.0, 165.0, 0, 0.15); border-radius: 3px;' "
 "title='1.0'>_||>'<||_html:</span>_||><||_html:<span style='background-color: "
 "rgba(0.0, 165.0, 0, 0.15); border-radius: 3px;' title='1.0'>_||> "
 "of<||_html:</span>_||><||_html:<span style='background-color: rgba(0.0, "
 "165.0, 0, 0.15); border-radius: 3px;' title='1.0'>_||> "
 "type<||_html:</span>_||><||_html:<span style='background-color: rgba(0.0, "
 "165.0, 0, 0.15); border-radius: 3px;' title='1.0'>_||> "
 "String<||_html:</span>_||><||_html:<span style='background-color: rgba(0.0, "
 "165.0, 0, 0.15); border-radius: 3px;' "
 "title='1.0'>_||>.<||_html:</span>_||><||_html:<span style='background-color: "
 "rgba(0.0, 165.0, 0, 0.15); border-radius: 3px;' title='1.0'>_||> "
 "The<||_html:</span>_||><||_html:<span style='background-color: rgba(0.0, "
 "165.0, 0, 0.15); border-radius: 3px;' title='1.0'>_||> "
 "'<||_html:</span>_||><||_html:<span style='background-color: rgba(0.0, "
 "165.0, 0, 0.15); border-radius: 3px;' "
 "title='1.0'>_||>Product<||_html:</span>_||><||_html:<span "
 "style='background-color: rgba(0.0, 165.0, 0, 0.15); border-radius: 3px;' "
 "title='1.0'>_||>'<||_html:</span>_||><||_html:<span style='background-color: "
 "rgba(0.0, 165.0, 0, 0.15); border-radius: 3px;' title='1.0'>_||> "
 "type<||_html:</span>_||><||_html:<span style='background-color: rgba(0.0, "
 "165.0, 0, 0.15); border-radius: 3px;' title='1.0'>_||> "
 "no<||_html:</span>_||><||_html:<span style='background-color: rgba(0.0, "
 "165.0, 0, 0.15); border-radius: 3px;' title='1.0'>_||> "
 "longer<||_html:</span>_||><||_html:<span style='background-color: rgba(0.0, "
 "165.0, 0, 0.15); border-radius: 3px;' title='1.0'>_||> "
 "includes<||_html:</span>_||><||_html:<span style='background-color: "
 "rgba(0.0, 165.0, 0, 0.15); border-radius: 3px;' title='1.0'>_||> "
 "the<||_html:</span>_||><||_html:<span style='background-color: rgba(0.0, "
 "165.0, 0, 0.15); border-radius: 3px;' title='1.0'>_||> "
 "'<||_html:</span>_||><||_html:<span style='background-color: rgba(0.0, "
 "165.0, 0, 0.15); border-radius: 3px;' "
 "title='1.0'>_||>description<||_html:</span>_||><||_html:<span "
 "style='background-color: rgba(0.0, 165.0, 0, 0.15); border-radius: 3px;' "
 "title='1.0'>_||>'<||_html:</span>_||><||_html:<span style='background-color: "
 "rgba(0.0, 165.0, 0, 0.15); border-radius: 3px;' title='1.0'>_||> "
 "and<||_html:</span>_||><||_html:<span style='background-color: rgba(0.0, "
 "165.0, 0, 0.15); border-radius: 3px;' title='1.0'>_||> "
 "'<||_html:</span>_||><||_html:<span style='background-color: rgba(0.0, "
 "165.0, 0, 0.15); border-radius: 3px;' "
 "title='1.0'>_||>stock<||_html:</span>_||><||_html:<span "
 "style='background-color: rgba(0.0, 165.0, 0, 0.15); border-radius: 3px;' "
 "title='1.0'>_||>'<||_html:</span>_||><||_html:<span style='background-color: "
 "rgba(0.0, 165.0, 0, 0.15); border-radius: 3px;' title='1.0'>_||> "
 "fields<||_html:</span>_||><||_html:<span style='background-color: rgba(0.0, "
 "165.0, 0, 0.15); border-radius: 3px;' "
 'title=\'1.0\'>_||>."<||_html:</span>_||><||_html:<span '
 "style='background-color: rgba(0.0, 165.0, 0, 0.15); border-radius: 3px;' "
 "title='1.0'>_||>\n"
 "<||_html:</span>_||><||_html:<span style='background-color: rgba(0.0, 165.0, "
 "0, 0.15); border-radius: 3px;' title='1.0'>_||> "
 "<||_html:</span>_||><||_html:<span style='background-color: rgba(0.0, 165.0, "
 "0, 0.15); border-radius: 3px;' title='1.0'>_||> "
 "}<||_html:</span>_||><||_html:<span style='background-color: rgba(0.0, "
 "165.0, 0, 0.15); border-radius: 3px;' title='1.0'>_||>\n"
 "<||_html:</span>_||><||_html:<span style='background-color: rgba(0.0, 165.0, "
 "0, 0.15); border-radius: 3px;' "
 'title=\'1.0\'>_||>}<||_html:</span>_||>{"changes":<||_html:<span '
 "style='background-color: rgba(0.0, 165.0, 0, 0.15); border-radius: 3px;' "
 "title='1.0'>_||>[<||_html:</span>_||><||_html:<span style='background-color: "
 "rgba(0.0, 165.0, 0, 0.15); border-radius: 3px;' "
 'title=\'1.0\'>_||>{"<||_html:</span>_||>type<||_html:<span '
 "style='background-color: rgba(0.0, 165.0, 0, 0.15); border-radius: 3px;' "
 'title=\'1.0\'>_||>":"<||_html:</span>_||><||_html:<span '
 "style='background-color: rgba(0.0, 165.0, 0, 0.15); border-radius: 3px;' "
 "title='1.0'>_||>Query<||_html:</span>_||><||_html:<span "
 "style='background-color: rgba(0.0, 165.0, 0, 0.15); border-radius: 3px;' "
 'title=\'1.0\'>_||>","<||_html:</span>_||>field<||_html:<span '
 "style='background-color: rgba(0.0, 165.0, 0, 0.15); border-radius: 3px;' "
 'title=\'1.0\'>_||>":"<||_html:</span>_||><||_html:<span '
 "style='background-color: rgba(0.0, 165.0, 0, 0.15); border-radius: 3px;' "
 "title='1.0'>_||>get<||_html:</span>_||><||_html:<span "
 "style='background-color: rgba(0.0, 165.0, 0, 0.15); border-radius: 3px;' "
 "title='1.0'>_||>Product<||_html:</span>_||><||_html:<span "
 "style='background-color: rgba(0.0, 165.0, 0, 0.15); border-radius: 3px;' "
 'title=\'1.0\'>_||>","<||_html:</span>_||>change<||_html:<span '
 "style='background-color: rgba(0.0, 165.0, 0, 0.15); border-radius: 3px;' "
 'title=\'1.0\'>_||>":"<||_html:</span>_||><||_html:<span '
 "style='background-color: rgba(0.0, 165.0, 0, 0.15); border-radius: 3px;' "
 "title='1.0'>_||>field<||_html:</span>_||><||_html:<span "
 "style='background-color: rgba(0.0, 165.0, 0, 0.15); border-radius: 3px;' "
 "title='1.0'>_||> details<||_html:</span>_||><||_html:<span "
 "style='background-color: rgba(0.0, 165.0, 0, 0.15); border-radius: 3px;' "
 "title='1.0'>_||>")
('Analyze the following two GraphQL schemas for changes, including both '
 'breaking and non-breaking changes.\n'
 '\n'
 '                        Provide your analysis in the following JSON format:\n'
 '                        {\n'
 '                          "changes": [\n'
 '                            {\n'
 '                              "type": "String representing the GraphQL type '
 '(e.g., Query, Mutation, Subscription)",\n'
 '                              "field": "String representing the specific '
 'field that changed",\n'
 '                              "change": "String describing the change (e.g., '
 'field renamed, new field added, field removed)",\n'
 '                              "breaking": "Boolean indicating if the change '
 'is breaking (true) or non-breaking (false)",\n'
 '                              "release_note": "String with a natural '
 'language description of the change for release notes"\n'
 '                            }\n'
 '                          ],\n'
 '                          "release_notes": {\n'
 '                              "summary": "String summarizing all changes, '
 'suitable for a mailing list or public announcement"\n'
 '                          }\n'
 '                        }\n'
 '\n'
 '                        When analyzing, consider the following types of '
 'changes:\n'
 '                        1. Removing fields or types (breaking)\n'
 '                        2. Changing field types (potentially breaking)\n'
 '                        3. Adding required fields (breaking)\n'
 '                        4. Changing the type of existing arguments '
 '(breaking)\n'
 '                        5. Adding optional fields (non-breaking)\n'
 '                        6. Adding new types (non-breaking)\n'
 '                        7. Deprecating fields (non-breaking)\n'
 '\n'
 '                        Ensure that each change is categorized correctly as '
 'breaking or non-breaking.: type Query {\n'
 '  getProduct(id: ID!): Product\n'
 '}\n'
 '\n'
 'type Product {\n'
 '  id: ID\n'
 '  name: String\n'
 '  description: String\n'
 '  price: Float\n'
 '  stock: Int\n'
 '}\n'
 ', type Query {\n'
 '  getProduct(id: ID!): Product\n'
 '}\n'
 '\n'
 'type Product {\n'
 '  id: ID\n'
 '  name: String\n'
 '  details: String\n'
 '  price: Float\n'
 '}\n'
 '\n'
 "Answer:<||_html:<span style='background-color: rgba(0.0, 165.0, 0, 0.15); "
 "border-radius: 3px;' title='1.0'>_||> {<||_html:</span>_||><||_html:<span "
 "style='background-color: rgba(0.0, 165.0, 0, 0.15); border-radius: 3px;' "
 "title='1.0'>_||>\n"
 "<||_html:</span>_||><||_html:<span style='background-color: rgba(0.0, 165.0, "
 "0, 0.15); border-radius: 3px;' title='1.0'>_||> "
 "<||_html:</span>_||><||_html:<span style='background-color: rgba(0.0, 165.0, "
 "0, 0.15); border-radius: 3px;' title='1.0'>_||> "
 '"<||_html:</span>_||><||_html:<span style=\'background-color: rgba(0.0, '
 "165.0, 0, 0.15); border-radius: 3px;' "
 "title='1.0'>_||>changes<||_html:</span>_||><||_html:<span "
 "style='background-color: rgba(0.0, 165.0, 0, 0.15); border-radius: 3px;' "
 'title=\'1.0\'>_||>":<||_html:</span>_||><||_html:<span '
 "style='background-color: rgba(0.0, 165.0, 0, 0.15); border-radius: 3px;' "
 "title='1.0'>_||> [<||_html:</span>_||><||_html:<span "
 "style='background-color: rgba(0.0, 165.0, 0, 0.15); border-radius: 3px;' "
 "title='1.0'>_||>\n"
 "<||_html:</span>_||><||_html:<span style='background-color: rgba(0.0, 165.0, "
 "0, 0.15); border-radius: 3px;' title='1.0'>_||>   "
 "<||_html:</span>_||><||_html:<span style='background-color: rgba(0.0, 165.0, "
 "0, 0.15); border-radius: 3px;' title='1.0'>_||> "
 "{<||_html:</span>_||><||_html:<span style='background-color: rgba(0.0, "
 "165.0, 0, 0.15); border-radius: 3px;' title='1.0'>_||>\n"
 "<||_html:</span>_||><||_html:<span style='background-color: rgba(0.0, 165.0, "
 "0, 0.15); border-radius: 3px;' title='1.0'>_||>     "
 "<||_html:</span>_||><||_html:<span style='background-color: rgba(0.0, 165.0, "
 "0, 0.15); border-radius: 3px;' title='1.0'>_||> "
 '"<||_html:</span>_||><||_html:<span style=\'background-color: rgba(0.0, '
 "165.0, 0, 0.15); border-radius: 3px;' "
 "title='1.0'>_||>type<||_html:</span>_||><||_html:<span "
 "style='background-color: rgba(0.0, 165.0, 0, 0.15); border-radius: 3px;' "
 'title=\'1.0\'>_||>":<||_html:</span>_||><||_html:<span '
 "style='background-color: rgba(0.0, 165.0, 0, 0.15); border-radius: 3px;' "
 'title=\'1.0\'>_||> "<||_html:</span>_||><||_html:<span '
 "style='background-color: rgba(0.0, 165.0, 0, 0.15); border-radius: 3px;' "
 "title='1.0'>_||>Query<||_html:</span>_||><||_html:<span "
 "style='background-color: rgba(0.0, 165.0, 0, 0.15); border-radius: 3px;' "
 'title=\'1.0\'>_||>",<||_html:</span>_||><||_html:<span '
 "style='background-color: rgba(0.0, 165.0, 0, 0.15); border-radius: 3px;' "
 "title='1.0'>_||>\n"
 "<||_html:</span>_||><||_html:<span style='background-color: rgba(0.0, 165.0, "
 "0, 0.15); border-radius: 3px;' title='1.0'>_||>     "
 "<||_html:</span>_||><||_html:<span style='background-color: rgba(0.0, 165.0, "
 "0, 0.15); border-radius: 3px;' title='1.0'>_||> "
 '"<||_html:</span>_||><||_html:<span style=\'background-color: rgba(0.0, '
 "165.0, 0, 0.15); border-radius: 3px;' "
 "title='1.0'>_||>field<||_html:</span>_||><||_html:<span "
 "style='background-color: rgba(0.0, 165.0, 0, 0.15); border-radius: 3px;' "
 'title=\'1.0\'>_||>":<||_html:</span>_||><||_html:<span '
 "style='background-color: rgba(0.0, 165.0, 0, 0.15); border-radius: 3px;' "
 'title=\'1.0\'>_||> "<||_html:</span>_||><||_html:<span '
 "style='background-color: rgba(0.0, 165.0, 0, 0.15); border-radius: 3px;' "
 "title='1.0'>_||>get<||_html:</span>_||><||_html:<span "
 "style='background-color: rgba(0.0, 165.0, 0, 0.15); border-radius: 3px;' "
 "title='1.0'>_||>Product<||_html:</span>_||><||_html:<span "
 "style='background-color: rgba(0.0, 165.0, 0, 0.15); border-radius: 3px;' "
 'title=\'1.0\'>_||>",<||_html:</span>_||><||_html:<span '
 "style='background-color: rgba(0.0, 165.0, 0, 0.15); border-radius: 3px;' "
 "title='1.0'>_||>\n"
 "<||_html:</span>_||><||_html:<span style='background-color: rgba(0.0, 165.0, "
 "0, 0.15); border-radius: 3px;' title='1.0'>_||>     "
 "<||_html:</span>_||><||_html:<span style='background-color: rgba(0.0, 165.0, "
 "0, 0.15); border-radius: 3px;' title='1.0'>_||> "
 '"<||_html:</span>_||><||_html:<span style=\'background-color: rgba(0.0, '
 "165.0, 0, 0.15); border-radius: 3px;' "
 "title='1.0'>_||>change<||_html:</span>_||><||_html:<span "
 "style='background-color: rgba(0.0, 165.0, 0, 0.15); border-radius: 3px;' "
 'title=\'1.0\'>_||>":<||_html:</span>_||><||_html:<span '
 "style='background-color: rgba(0.0, 165.0, 0, 0.15); border-radius: 3px;' "
 'title=\'1.0\'>_||> "<||_html:</span>_||><||_html:<span '
 "style='background-color: rgba(0.0, 165.0, 0, 0.15); border-radius: 3px;' "
 "title='1.0'>_||>field<||_html:</span>_||><||_html:<span "
 "style='background-color: rgba(0.0, 165.0, 0, 0.15); border-radius: 3px;' "
 "title='1.0'>_||> details<||_html:</span>_||><||_html:<span "
 "style='background-color: rgba(0.0, 165.0, 0, 0.15); border-radius: 3px;' "
 "title='1.0'>_||> added<||_html:</span>_||><||_html:<span "
 "style='background-color: rgba(0.0, 165.0, 0, 0.15); border-radius: 3px;' "
 'title=\'1.0\'>_||>",<||_html:</span>_||><||_html:<span '
 "style='background-color: rgba(0.0, 165.0, 0, 0.15); border-radius: 3px;' "
 "title='1.0'>_||>\n"
 "<||_html:</span>_||><||_html:<span style='background-color: rgba(0.0, 165.0, "
 "0, 0.15); border-radius: 3px;' title='1.0'>_||>     "
 "<||_html:</span>_||><||_html:<span style='background-color: rgba(0.0, 165.0, "
 "0, 0.15); border-radius: 3px;' title='1.0'>_||> "
 '"<||_html:</span>_||><||_html:<span style=\'background-color: rgba(0.0, '
 "165.0, 0, 0.15); border-radius: 3px;' "
 "title='1.0'>_||>breaking<||_html:</span>_||><||_html:<span "
 "style='background-color: rgba(0.0, 165.0, 0, 0.15); border-radius: 3px;' "
 'title=\'1.0\'>_||>":<||_html:</span>_||><||_html:<span '
 "style='background-color: rgba(0.0, 165.0, 0, 0.15); border-radius: 3px;' "
 'title=\'1.0\'>_||> "<||_html:</span>_||><||_html:<span '
 "style='background-color: rgba(0.0, 165.0, 0, 0.15); border-radius: 3px;' "
 "title='1.0'>_||>false<||_html:</span>_||><||_html:<span "
 "style='background-color: rgba(0.0, 165.0, 0, 0.15); border-radius: 3px;' "
 'title=\'1.0\'>_||>",<||_html:</span>_||><||_html:<span '
 "style='background-color: rgba(0.0, 165.0, 0, 0.15); border-radius: 3px;' "
 "title='1.0'>_||>\n"
 "<||_html:</span>_||><||_html:<span style='background-color: rgba(0.0, 165.0, "
 "0, 0.15); border-radius: 3px;' title='1.0'>_||>     "
 "<||_html:</span>_||><||_html:<span style='background-color: rgba(0.0, 165.0, "
 "0, 0.15); border-radius: 3px;' title='1.0'>_||> "
 '"<||_html:</span>_||><||_html:<span style=\'background-color: rgba(0.0, '
 "165.0, 0, 0.15); border-radius: 3px;' "
 "title='1.0'>_||>release<||_html:</span>_||><||_html:<span "
 "style='background-color: rgba(0.0, 165.0, 0, 0.15); border-radius: 3px;' "
 "title='1.0'>_||>_<||_html:</span>_||><||_html:<span style='background-color: "
 "rgba(0.0, 165.0, 0, 0.15); border-radius: 3px;' "
 "title='1.0'>_||>note<||_html:</span>_||><||_html:<span "
 "style='background-color: rgba(0.0, 165.0, 0, 0.15); border-radius: 3px;' "
 'title=\'1.0\'>_||>":<||_html:</span>_||><||_html:<span '
 "style='background-color: rgba(0.0, 165.0, 0, 0.15); border-radius: 3px;' "
 'title=\'1.0\'>_||> "<||_html:</span>_||><||_html:<span '
 "style='background-color: rgba(0.0, 165.0, 0, 0.15); border-radius: 3px;' "
 "title='1.0'>_||>The<||_html:</span>_||><||_html:<span "
 "style='background-color: rgba(0.0, 165.0, 0, 0.15); border-radius: 3px;' "
 "title='1.0'>_||> '<||_html:</span>_||><||_html:<span "
 "style='background-color: rgba(0.0, 165.0, 0, 0.15); border-radius: 3px;' "
 "title='1.0'>_||>get<||_html:</span>_||><||_html:<span "
 "style='background-color: rgba(0.0, 165.0, 0, 0.15); border-radius: 3px;' "
 "title='1.0'>_||>Product<||_html:</span>_||><||_html:<span "
 "style='background-color: rgba(0.0, 165.0, 0, 0.15); border-radius: 3px;' "
 "title='1.0'>_||>'<||_html:</span>_||><||_html:<span style='background-color: "
 "rgba(0.0, 165.0, 0, 0.15); border-radius: 3px;' title='1.0'>_||> "
 "query<||_html:</span>_||><||_html:<span style='background-color: rgba(0.0, "
 "165.0, 0, 0.15); border-radius: 3px;' title='1.0'>_||> "
 "now<||_html:</span>_||><||_html:<span style='background-color: rgba(0.0, "
 "165.0, 0, 0.15); border-radius: 3px;' title='1.0'>_||> "
 "includes<||_html:</span>_||><||_html:<span style='background-color: "
 "rgba(0.0, 165.0, 0, 0.15); border-radius: 3px;' title='1.0'>_||> "
 "a<||_html:</span>_||><||_html:<span style='background-color: rgba(0.0, "
 "165.0, 0, 0.15); border-radius: 3px;' title='1.0'>_||> "
 "new<||_html:</span>_||><||_html:<span style='background-color: rgba(0.0, "
 "165.0, 0, 0.15); border-radius: 3px;' title='1.0'>_||> "
 "field<||_html:</span>_||><||_html:<span style='background-color: rgba(0.0, "
 "165.0, 0, 0.15); border-radius: 3px;' title='1.0'>_||> "
 "'<||_html:</span>_||><||_html:<span style='background-color: rgba(0.0, "
 "165.0, 0, 0.15); border-radius: 3px;' "
 "title='1.0'>_||>details<||_html:</span>_||><||_html:<span "
 "style='background-color: rgba(0.0, 165.0, 0, 0.15); border-radius: 3px;' "
 "title='1.0'>_||>'<||_html:</span>_||><||_html:<span style='background-color: "
 "rgba(0.0, 165.0, 0, 0.15); border-radius: 3px;' title='1.0'>_||> "
 "of<||_html:</span>_||><||_html:<span style='background-color: rgba(0.0, "
 "165.0, 0, 0.15); border-radius: 3px;' title='1.0'>_||> "
 "type<||_html:</span>_||><||_html:<span style='background-color: rgba(0.0, "
 "165.0, 0, 0.15); border-radius: 3px;' title='1.0'>_||> "
 "String<||_html:</span>_||><||_html:<span style='background-color: rgba(0.0, "
 "165.0, 0, 0.15); border-radius: 3px;' "
 'title=\'1.0\'>_||>."<||_html:</span>_||><||_html:<span '
 "style='background-color: rgba(0.0, 165.0, 0, 0.15); border-radius: 3px;' "
 "title='1.0'>_||>\n"
 "<||_html:</span>_||><||_html:<span style='background-color: rgba(0.0, 165.0, "
 "0, 0.15); border-radius: 3px;' title='1.0'>_||>   "
 "<||_html:</span>_||><||_html:<span style='background-color: rgba(0.0, 165.0, "
 "0, 0.15); border-radius: 3px;' title='1.0'>_||> "
 "},<||_html:</span>_||><||_html:<span style='background-color: rgba(0.0, "
 "165.0, 0, 0.15); border-radius: 3px;' title='1.0'>_||>\n"
 "<||_html:</span>_||><||_html:<span style='background-color: rgba(0.0, 165.0, "
 "0, 0.15); border-radius: 3px;' title='1.0'>_||>   "
 "<||_html:</span>_||><||_html:<span style='background-color: rgba(0.0, 165.0, "
 "0, 0.15); border-radius: 3px;' title='1.0'>_||> "
 "{<||_html:</span>_||><||_html:<span style='background-color: rgba(0.0, "
 "165.0, 0, 0.15); border-radius: 3px;' title='1.0'>_||>\n"
 "<||_html:</span>_||><||_html:<span style='background-color: rgba(0.0, 165.0, "
 "0, 0.15); border-radius: 3px;' title='1.0'>_||>     "
 "<||_html:</span>_||><||_html:<span style='background-color: rgba(0.0, 165.0, "
 "0, 0.15); border-radius: 3px;' title='1.0'>_||> "
 '"<||_html:</span>_||><||_html:<span style=\'background-color: rgba(0.0, '
 "165.0, 0, 0.15); border-radius: 3px;' "
 "title='1.0'>_||>type<||_html:</span>_||><||_html:<span "
 "style='background-color: rgba(0.0, 165.0, 0, 0.15); border-radius: 3px;' "
 'title=\'1.0\'>_||>":<||_html:</span>_||><||_html:<span '
 "style='background-color: rgba(0.0, 165.0, 0, 0.15); border-radius: 3px;' "
 'title=\'1.0\'>_||> "<||_html:</span>_||><||_html:<span '
 "style='background-color: rgba(0.0, 165.0, 0, 0.15); border-radius: 3px;' "
 "title='1.0'>_||>Product<||_html:</span>_||><||_html:<span "
 "style='background-color: rgba(0.0, 165.0, 0, 0.15); border-radius: 3px;' "
 'title=\'1.0\'>_||>",<||_html:</span>_||><||_html:<span '
 "style='background-color: rgba(0.0, 165.0, 0, 0.15); border-radius: 3px;' "
 "title='1.0'>_||>\n"
 "<||_html:</span>_||><||_html:<span style='background-color: rgba(0.0, 165.0, "
 "0, 0.15); border-radius: 3px;' title='1.0'>_||>     "
 "<||_html:</span>_||><||_html:<span style='background-color: rgba(0.0, 165.0, "
 "0, 0.15); border-radius: 3px;' title='1.0'>_||> "
 '"<||_html:</span>_||><||_html:<span style=\'background-color: rgba(0.0, '
 "165.0, 0, 0.15); border-radius: 3px;' "
 "title='1.0'>_||>field<||_html:</span>_||><||_html:<span "
 "style='background-color: rgba(0.0, 165.0, 0, 0.15); border-radius: 3px;' "
 'title=\'1.0\'>_||>":<||_html:</span>_||><||_html:<span '
 "style='background-color: rgba(0.0, 165.0, 0, 0.15); border-radius: 3px;' "
 'title=\'1.0\'>_||> "<||_html:</span>_||><||_html:<span '
 "style='background-color: rgba(0.0, 165.0, 0, 0.15); border-radius: 3px;' "
 "title='1.0'>_||>description<||_html:</span>_||><||_html:<span "
 "style='background-color: rgba(0.0, 165.0, 0, 0.15); border-radius: 3px;' "
 'title=\'1.0\'>_||>",<||_html:</span>_||><||_html:<span '
 "style='background-color: rgba(0.0, 165.0, 0, 0.15); border-radius: 3px;' "
 "title='1.0'>_||>\n"
 "<||_html:</span>_||><||_html:<span style='background-color: rgba(0.0, 165.0, "
 "0, 0.15); border-radius: 3px;' title='1.0'>_||>     "
 "<||_html:</span>_||><||_html:<span style='background-color: rgba(0.0, 165.0, "
 "0, 0.15); border-radius: 3px;' title='1.0'>_||> "
 '"<||_html:</span>_||><||_html:<span style=\'background-color: rgba(0.0, '
 "165.0, 0, 0.15); border-radius: 3px;' "
 "title='1.0'>_||>change<||_html:</span>_||><||_html:<span "
 "style='background-color: rgba(0.0, 165.0, 0, 0.15); border-radius: 3px;' "
 'title=\'1.0\'>_||>":<||_html:</span>_||><||_html:<span '
 "style='background-color: rgba(0.0, 165.0, 0, 0.15); border-radius: 3px;' "
 'title=\'1.0\'>_||> "<||_html:</span>_||><||_html:<span '
 "style='background-color: rgba(0.0, 165.0, 0, 0.15); border-radius: 3px;' "
 "title='1.0'>_||>field<||_html:</span>_||><||_html:<span "
 "style='background-color: rgba(0.0, 165.0, 0, 0.15); border-radius: 3px;' "
 "title='1.0'>_||> removed<||_html:</span>_||><||_html:<span "
 "style='background-color: rgba(0.0, 165.0, 0, 0.15); border-radius: 3px;' "
 'title=\'1.0\'>_||>",<||_html:</span>_||><||_html:<span '
 "style='background-color: rgba(0.0, 165.0, 0, 0.15); border-radius: 3px;' "
 "title='1.0'>_||>\n"
 "<||_html:</span>_||><||_html:<span style='background-color: rgba(0.0, 165.0, "
 "0, 0.15); border-radius: 3px;' title='1.0'>_||>     "
 "<||_html:</span>_||><||_html:<span style='background-color: rgba(0.0, 165.0, "
 "0, 0.15); border-radius: 3px;' title='1.0'>_||> "
 '"<||_html:</span>_||><||_html:<span style=\'background-color: rgba(0.0, '
 "165.0, 0, 0.15); border-radius: 3px;' "
 "title='1.0'>_||>breaking<||_html:</span>_||><||_html:<span "
 "style='background-color: rgba(0.0, 165.0, 0, 0.15); border-radius: 3px;' "
 'title=\'1.0\'>_||>":<||_html:</span>_||><||_html:<span '
 "style='background-color: rgba(0.0, 165.0, 0, 0.15); border-radius: 3px;' "
 'title=\'1.0\'>_||> "<||_html:</span>_||><||_html:<span '
 "style='background-color: rgba(0.0, 165.0, 0, 0.15); border-radius: 3px;' "
 "title='1.0'>_||>true<||_html:</span>_||><||_html:<span "
 "style='background-color: rgba(0.0, 165.0, 0, 0.15); border-radius: 3px;' "
 'title=\'1.0\'>_||>",<||_html:</span>_||><||_html:<span '
 "style='background-color: rgba(0.0, 165.0, 0, 0.15); border-radius: 3px;' "
 "title='1.0'>_||>\n"
 "<||_html:</span>_||><||_html:<span style='background-color: rgba(0.0, 165.0, "
 "0, 0.15); border-radius: 3px;' title='1.0'>_||>     "
 "<||_html:</span>_||><||_html:<span style='background-color: rgba(0.0, 165.0, "
 "0, 0.15); border-radius: 3px;' title='1.0'>_||> "
 '"<||_html:</span>_||><||_html:<span style=\'background-color: rgba(0.0, '
 "165.0, 0, 0.15); border-radius: 3px;' "
 "title='1.0'>_||>release<||_html:</span>_||><||_html:<span "
 "style='background-color: rgba(0.0, 165.0, 0, 0.15); border-radius: 3px;' "
 "title='1.0'>_||>_<||_html:</span>_||><||_html:<span style='background-color: "
 "rgba(0.0, 165.0, 0, 0.15); border-radius: 3px;' "
 "title='1.0'>_||>note<||_html:</span>_||><||_html:<span "
 "style='background-color: rgba(0.0, 165.0, 0, 0.15); border-radius: 3px;' "
 'title=\'1.0\'>_||>":<||_html:</span>_||><||_html:<span '
 "style='background-color: rgba(0.0, 165.0, 0, 0.15); border-radius: 3px;' "
 'title=\'1.0\'>_||> "<||_html:</span>_||><||_html:<span '
 "style='background-color: rgba(0.0, 165.0, 0, 0.15); border-radius: 3px;' "
 "title='1.0'>_||>The<||_html:</span>_||><||_html:<span "
 "style='background-color: rgba(0.0, 165.0, 0, 0.15); border-radius: 3px;' "
 "title='1.0'>_||> '<||_html:</span>_||><||_html:<span "
 "style='background-color: rgba(0.0, 165.0, 0, 0.15); border-radius: 3px;' "
 "title='1.0'>_||>Product<||_html:</span>_||><||_html:<span "
 "style='background-color: rgba(0.0, 165.0, 0, 0.15); border-radius: 3px;' "
 "title='1.0'>_||>'<||_html:</span>_||><||_html:<span style='background-color: "
 "rgba(0.0, 165.0, 0, 0.15); border-radius: 3px;' title='1.0'>_||> "
 "type<||_html:</span>_||><||_html:<span style='background-color: rgba(0.0, "
 "165.0, 0, 0.15); border-radius: 3px;' title='1.0'>_||> "
 "no<||_html:</span>_||><||_html:<span style='background-color: rgba(0.0, "
 "165.0, 0, 0.15); border-radius: 3px;' title='1.0'>_||> "
 "longer<||_html:</span>_||><||_html:<span style='background-color: rgba(0.0, "
 "165.0, 0, 0.15); border-radius: 3px;' title='1.0'>_||> "
 "includes<||_html:</span>_||><||_html:<span style='background-color: "
 "rgba(0.0, 165.0, 0, 0.15); border-radius: 3px;' title='1.0'>_||> "
 "the<||_html:</span>_||><||_html:<span style='background-color: rgba(0.0, "
 "165.0, 0, 0.15); border-radius: 3px;' title='1.0'>_||> "
 "'<||_html:</span>_||><||_html:<span style='background-color: rgba(0.0, "
 "165.0, 0, 0.15); border-radius: 3px;' "
 "title='1.0'>_||>description<||_html:</span>_||><||_html:<span "
 "style='background-color: rgba(0.0, 165.0, 0, 0.15); border-radius: 3px;' "
 "title='1.0'>_||>'<||_html:</span>_||><||_html:<span style='background-color: "
 "rgba(0.0, 165.0, 0, 0.15); border-radius: 3px;' title='1.0'>_||> "
 "field<||_html:</span>_||><||_html:<span style='background-color: rgba(0.0, "
 "165.0, 0, 0.15); border-radius: 3px;' "
 'title=\'1.0\'>_||>."<||_html:</span>_||><||_html:<span '
 "style='background-color: rgba(0.0, 165.0, 0, 0.15); border-radius: 3px;' "
 "title='1.0'>_||>\n"
 "<||_html:</span>_||><||_html:<span style='background-color: rgba(0.0, 165.0, "
 "0, 0.15); border-radius: 3px;' title='1.0'>_||>   "
 "<||_html:</span>_||><||_html:<span style='background-color: rgba(0.0, 165.0, "
 "0, 0.15); border-radius: 3px;' title='1.0'>_||> "
 "},<||_html:</span>_||><||_html:<span style='background-color: rgba(0.0, "
 "165.0, 0, 0.15); border-radius: 3px;' title='1.0'>_||>\n"
 "<||_html:</span>_||><||_html:<span style='background-color: rgba(0.0, 165.0, "
 "0, 0.15); border-radius: 3px;' title='1.0'>_||>   "
 "<||_html:</span>_||><||_html:<span style='background-color: rgba(0.0, 165.0, "
 "0, 0.15); border-radius: 3px;' title='1.0'>_||> "
 "{<||_html:</span>_||><||_html:<span style='background-color: rgba(0.0, "
 "165.0, 0, 0.15); border-radius: 3px;' title='1.0'>_||>\n"
 "<||_html:</span>_||><||_html:<span style='background-color: rgba(0.0, 165.0, "
 "0, 0.15); border-radius: 3px;' title='1.0'>_||>     "
 "<||_html:</span>_||><||_html:<span style='background-color: rgba(0.0, 165.0, "
 "0, 0.15); border-radius: 3px;' title='1.0'>_||> "
 '"<||_html:</span>_||><||_html:<span style=\'background-color: rgba(0.0, '
 "165.0, 0, 0.15); border-radius: 3px;' "
 "title='1.0'>_||>type<||_html:</span>_||><||_html:<span "
 "style='background-color: rgba(0.0, 165.0, 0, 0.15); border-radius: 3px;' "
 'title=\'1.0\'>_||>":<||_html:</span>_||><||_html:<span '
 "style='background-color: rgba(0.0, 165.0, 0, 0.15); border-radius: 3px;' "
 'title=\'1.0\'>_||> "<||_html:</span>_||><||_html:<span '
 "style='background-color: rgba(0.0, 165.0, 0, 0.15); border-radius: 3px;' "
 "title='1.0'>_||>Product<||_html:</span>_||><||_html:<span "
 "style='background-color: rgba(0.0, 165.0, 0, 0.15); border-radius: 3px;' "
 'title=\'1.0\'>_||>",<||_html:</span>_||><||_html:<span '
 "style='background-color: rgba(0.0, 165.0, 0, 0.15); border-radius: 3px;' "
 "title='1.0'>_||>\n"
 "<||_html:</span>_||><||_html:<span style='background-color: rgba(0.0, 165.0, "
 "0, 0.15); border-radius: 3px;' title='1.0'>_||>     "
 "<||_html:</span>_||><||_html:<span style='background-color: rgba(0.0, 165.0, "
 "0, 0.15); border-radius: 3px;' title='1.0'>_||> "
 '"<||_html:</span>_||><||_html:<span style=\'background-color: rgba(0.0, '
 "165.0, 0, 0.15); border-radius: 3px;' "
 "title='1.0'>_||>field<||_html:</span>_||><||_html:<span "
 "style='background-color: rgba(0.0, 165.0, 0, 0.15); border-radius: 3px;' "
 'title=\'1.0\'>_||>":<||_html:</span>_||><||_html:<span '
 "style='background-color: rgba(0.0, 165.0, 0, 0.15); border-radius: 3px;' "
 'title=\'1.0\'>_||> "<||_html:</span>_||><||_html:<span '
 "style='background-color: rgba(0.0, 165.0, 0, 0.15); border-radius: 3px;' "
 "title='1.0'>_||>stock<||_html:</span>_||><||_html:<span "
 "style='background-color: rgba(0.0, 165.0, 0, 0.15); border-radius: 3px;' "
 'title=\'1.0\'>_||>",<||_html:</span>_||><||_html:<span '
 "style='background-color: rgba(0.0, 165.0, 0, 0.15); border-radius: 3px;' "
 "title='1.0'>_||>\n"
 "<||_html:</span>_||><||_html:<span style='background-color: rgba(0.0, 165.0, "
 "0, 0.15); border-radius: 3px;' title='1.0'>_||>     "
 "<||_html:</span>_||><||_html:<span style='background-color: rgba(0.0, 165.0, "
 "0, 0.15); border-radius: 3px;' title='1.0'>_||> "
 '"<||_html:</span>_||><||_html:<span style=\'background-color: rgba(0.0, '
 "165.0, 0, 0.15); border-radius: 3px;' "
 "title='1.0'>_||>change<||_html:</span>_||><||_html:<span "
 "style='background-color: rgba(0.0, 165.0, 0, 0.15); border-radius: 3px;' "
 'title=\'1.0\'>_||>":<||_html:</span>_||><||_html:<span '
 "style='background-color: rgba(0.0, 165.0, 0, 0.15); border-radius: 3px;' "
 'title=\'1.0\'>_||> "<||_html:</span>_||><||_html:<span '
 "style='background-color: rgba(0.0, 165.0, 0, 0.15); border-radius: 3px;' "
 "title='1.0'>_||>field<||_html:</span>_||><||_html:<span "
 "style='background-color: rgba(0.0, 165.0, 0, 0.15); border-radius: 3px;' "
 "title='1.0'>_||> removed<||_html:</span>_||><||_html:<span "
 "style='background-color: rgba(0.0, 165.0, 0, 0.15); border-radius: 3px;' "
 'title=\'1.0\'>_||>",<||_html:</span>_||><||_html:<span '
 "style='background-color: rgba(0.0, 165.0, 0, 0.15); border-radius: 3px;' "
 "title='1.0'>_||>\n"
 "<||_html:</span>_||><||_html:<span style='background-color: rgba(0.0, 165.0, "
 "0, 0.15); border-radius: 3px;' title='1.0'>_||>     "
 "<||_html:</span>_||><||_html:<span style='background-color: rgba(0.0, 165.0, "
 "0, 0.15); border-radius: 3px;' title='1.0'>_||> "
 '"<||_html:</span>_||><||_html:<span style=\'background-color: rgba(0.0, '
 "165.0, 0, 0.15); border-radius: 3px;' "
 "title='1.0'>_||>breaking<||_html:</span>_||><||_html:<span "
 "style='background-color: rgba(0.0, 165.0, 0, 0.15); border-radius: 3px;' "
 'title=\'1.0\'>_||>":<||_html:</span>_||><||_html:<span '
 "style='background-color: rgba(0.0, 165.0, 0, 0.15); border-radius: 3px;' "
 'title=\'1.0\'>_||> "<||_html:</span>_||><||_html:<span '
 "style='background-color: rgba(0.0, 165.0, 0, 0.15); border-radius: 3px;' "
 "title='1.0'>_||>true<||_html:</span>_||><||_html:<span "
 "style='background-color: rgba(0.0, 165.0, 0, 0.15); border-radius: 3px;' "
 'title=\'1.0\'>_||>",<||_html:</span>_||><||_html:<span '
 "style='background-color: rgba(0.0, 165.0, 0, 0.15); border-radius: 3px;' "
 "title='1.0'>_||>\n"
 "<||_html:</span>_||><||_html:<span style='background-color: rgba(0.0, 165.0, "
 "0, 0.15); border-radius: 3px;' title='1.0'>_||>     "
 "<||_html:</span>_||><||_html:<span style='background-color: rgba(0.0, 165.0, "
 "0, 0.15); border-radius: 3px;' title='1.0'>_||> "
 '"<||_html:</span>_||><||_html:<span style=\'background-color: rgba(0.0, '
 "165.0, 0, 0.15); border-radius: 3px;' "
 "title='1.0'>_||>release<||_html:</span>_||><||_html:<span "
 "style='background-color: rgba(0.0, 165.0, 0, 0.15); border-radius: 3px;' "
 "title='1.0'>_||>_<||_html:</span>_||><||_html:<span style='background-color: "
 "rgba(0.0, 165.0, 0, 0.15); border-radius: 3px;' "
 "title='1.0'>_||>note<||_html:</span>_||><||_html:<span "
 "style='background-color: rgba(0.0, 165.0, 0, 0.15); border-radius: 3px;' "
 'title=\'1.0\'>_||>":<||_html:</span>_||><||_html:<span '
 "style='background-color: rgba(0.0, 165.0, 0, 0.15); border-radius: 3px;' "
 'title=\'1.0\'>_||> "<||_html:</span>_||><||_html:<span '
 "style='background-color: rgba(0.0, 165.0, 0, 0.15); border-radius: 3px;' "
 "title='1.0'>_||>The<||_html:</span>_||><||_html:<span "
 "style='background-color: rgba(0.0, 165.0, 0, 0.15); border-radius: 3px;' "
 "title='1.0'>_||> '<||_html:</span>_||><||_html:<span "
 "style='background-color: rgba(0.0, 165.0, 0, 0.15); border-radius: 3px;' "
 "title='1.0'>_||>Product<||_html:</span>_||><||_html:<span "
 "style='background-color: rgba(0.0, 165.0, 0, 0.15); border-radius: 3px;' "
 "title='1.0'>_||>'<||_html:</span>_||><||_html:<span style='background-color: "
 "rgba(0.0, 165.0, 0, 0.15); border-radius: 3px;' title='1.0'>_||> "
 "type<||_html:</span>_||><||_html:<span style='background-color: rgba(0.0, "
 "165.0, 0, 0.15); border-radius: 3px;' title='1.0'>_||> "
 "no<||_html:</span>_||><||_html:<span style='background-color: rgba(0.0, "
 "165.0, 0, 0.15); border-radius: 3px;' title='1.0'>_||> "
 "longer<||_html:</span>_||><||_html:<span style='background-color: rgba(0.0, "
 "165.0, 0, 0.15); border-radius: 3px;' title='1.0'>_||> "
 "includes<||_html:</span>_||><||_html:<span style='background-color: "
 "rgba(0.0, 165.0, 0, 0.15); border-radius: 3px;' title='1.0'>_||> "
 "the<||_html:</span>_||><||_html:<span style='background-color: rgba(0.0, "
 "165.0, 0, 0.15); border-radius: 3px;' title='1.0'>_||> "
 "'<||_html:</span>_||><||_html:<span style='background-color: rgba(0.0, "
 "165.0, 0, 0.15); border-radius: 3px;' "
 "title='1.0'>_||>stock<||_html:</span>_||><||_html:<span "
 "style='background-color: rgba(0.0, 165.0, 0, 0.15); border-radius: 3px;' "
 "title='1.0'>_||>'<||_html:</span>_||><||_html:<span style='background-color: "
 "rgba(0.0, 165.0, 0, 0.15); border-radius: 3px;' title='1.0'>_||> "
 "field<||_html:</span>_||><||_html:<span style='background-color: rgba(0.0, "
 "165.0, 0, 0.15); border-radius: 3px;' "
 'title=\'1.0\'>_||>."<||_html:</span>_||><||_html:<span '
 "style='background-color: rgba(0.0, 165.0, 0, 0.15); border-radius: 3px;' "
 "title='1.0'>_||>\n"
 "<||_html:</span>_||><||_html:<span style='background-color: rgba(0.0, 165.0, "
 "0, 0.15); border-radius: 3px;' title='1.0'>_||>   "
 "<||_html:</span>_||><||_html:<span style='background-color: rgba(0.0, 165.0, "
 "0, 0.15); border-radius: 3px;' title='1.0'>_||> "
 "}<||_html:</span>_||><||_html:<span style='background-color: rgba(0.0, "
 "165.0, 0, 0.15); border-radius: 3px;' title='1.0'>_||>\n"
 "<||_html:</span>_||><||_html:<span style='background-color: rgba(0.0, 165.0, "
 "0, 0.15); border-radius: 3px;' title='1.0'>_||> "
 "<||_html:</span>_||><||_html:<span style='background-color: rgba(0.0, 165.0, "
 "0, 0.15); border-radius: 3px;' title='1.0'>_||> "
 "],<||_html:</span>_||><||_html:<span style='background-color: rgba(0.0, "
 "165.0, 0, 0.15); border-radius: 3px;' title='1.0'>_||>\n"
 "<||_html:</span>_||><||_html:<span style='background-color: rgba(0.0, 165.0, "
 "0, 0.15); border-radius: 3px;' title='1.0'>_||> "
 "<||_html:</span>_||><||_html:<span style='background-color: rgba(0.0, 165.0, "
 "0, 0.15); border-radius: 3px;' title='1.0'>_||> "
 '"<||_html:</span>_||><||_html:<span style=\'background-color: rgba(0.0, '
 "165.0, 0, 0.15); border-radius: 3px;' "
 "title='1.0'>_||>release<||_html:</span>_||><||_html:<span "
 "style='background-color: rgba(0.0, 165.0, 0, 0.15); border-radius: 3px;' "
 "title='1.0'>_||>_<||_html:</span>_||><||_html:<span style='background-color: "
 "rgba(0.0, 165.0, 0, 0.15); border-radius: 3px;' "
 "title='1.0'>_||>notes<||_html:</span>_||><||_html:<span "
 "style='background-color: rgba(0.0, 165.0, 0, 0.15); border-radius: 3px;' "
 'title=\'1.0\'>_||>":<||_html:</span>_||><||_html:<span '
 "style='background-color: rgba(0.0, 165.0, 0, 0.15); border-radius: 3px;' "
 "title='1.0'>_||> {<||_html:</span>_||><||_html:<span "
 "style='background-color: rgba(0.0, 165.0, 0, 0.15); border-radius: 3px;' "
 "title='1.0'>_||>\n"
 "<||_html:</span>_||><||_html:<span style='background-color: rgba(0.0, 165.0, "
 "0, 0.15); border-radius: 3px;' title='1.0'>_||>   "
 "<||_html:</span>_||><||_html:<span style='background-color: rgba(0.0, 165.0, "
 "0, 0.15); border-radius: 3px;' title='1.0'>_||> "
 '"<||_html:</span>_||><||_html:<span style=\'background-color: rgba(0.0, '
 "165.0, 0, 0.15); border-radius: 3px;' "
 "title='1.0'>_||>summary<||_html:</span>_||><||_html:<span "
 "style='background-color: rgba(0.0, 165.0, 0, 0.15); border-radius: 3px;' "
 'title=\'1.0\'>_||>":<||_html:</span>_||><||_html:<span '
 "style='background-color: rgba(0.0, 165.0, 0, 0.15); border-radius: 3px;' "
 'title=\'1.0\'>_||> "<||_html:</span>_||><||_html:<span '
 "style='background-color: rgba(0.0, 165.0, 0, 0.15); border-radius: 3px;' "
 "title='1.0'>_||>The<||_html:</span>_||><||_html:<span "
 "style='background-color: rgba(0.0, 165.0, 0, 0.15); border-radius: 3px;' "
 "title='1.0'>_||> '<||_html:</span>_||><||_html:<span "
 "style='background-color: rgba(0.0, 165.0, 0, 0.15); border-radius: 3px;' "
 "title='1.0'>_||>get<||_html:</span>_||><||_html:<span "
 "style='background-color: rgba(0.0, 165.0, 0, 0.15); border-radius: 3px;' "
 "title='1.0'>_||>Product<||_html:</span>_||><||_html:<span "
 "style='background-color: rgba(0.0, 165.0, 0, 0.15); border-radius: 3px;' "
 "title='1.0'>_||>'<||_html:</span>_||><||_html:<span style='background-color: "
 "rgba(0.0, 165.0, 0, 0.15); border-radius: 3px;' title='1.0'>_||> "
 "query<||_html:</span>_||><||_html:<span style='background-color: rgba(0.0, "
 "165.0, 0, 0.15); border-radius: 3px;' title='1.0'>_||> "
 "now<||_html:</span>_||><||_html:<span style='background-color: rgba(0.0, "
 "165.0, 0, 0.15); border-radius: 3px;' title='1.0'>_||> "
 "includes<||_html:</span>_||><||_html:<span style='background-color: "
 "rgba(0.0, 165.0, 0, 0.15); border-radius: 3px;' title='1.0'>_||> "
 "a<||_html:</span>_||><||_html:<span style='background-color: rgba(0.0, "
 "165.0, 0, 0.15); border-radius: 3px;' title='1.0'>_||> "
 "new<||_html:</span>_||><||_html:<span style='background-color: rgba(0.0, "
 "165.0, 0, 0.15); border-radius: 3px;' title='1.0'>_||> "
 "field<||_html:</span>_||><||_html:<span style='background-color: rgba(0.0, "
 "165.0, 0, 0.15); border-radius: 3px;' title='1.0'>_||> "
 "'<||_html:</span>_||><||_html:<span style='background-color: rgba(0.0, "
 "165.0, 0, 0.15); border-radius: 3px;' "
 "title='1.0'>_||>details<||_html:</span>_||><||_html:<span "
 "style='background-color: rgba(0.0, 165.0, 0, 0.15); border-radius: 3px;' "
 "title='1.0'>_||>'<||_html:</span>_||><||_html:<span style='background-color: "
 "rgba(0.0, 165.0, 0, 0.15); border-radius: 3px;' title='1.0'>_||> "
 "of<||_html:</span>_||><||_html:<span style='background-color: rgba(0.0, "
 "165.0, 0, 0.15); border-radius: 3px;' title='1.0'>_||> "
 "type<||_html:</span>_||><||_html:<span style='background-color: rgba(0.0, "
 "165.0, 0, 0.15); border-radius: 3px;' title='1.0'>_||> "
 "String<||_html:</span>_||><||_html:<span style='background-color: rgba(0.0, "
 "165.0, 0, 0.15); border-radius: 3px;' "
 "title='1.0'>_||>.<||_html:</span>_||><||_html:<span style='background-color: "
 "rgba(0.0, 165.0, 0, 0.15); border-radius: 3px;' title='1.0'>_||> "
 "The<||_html:</span>_||><||_html:<span style='background-color: rgba(0.0, "
 "165.0, 0, 0.15); border-radius: 3px;' title='1.0'>_||> "
 "'<||_html:</span>_||><||_html:<span style='background-color: rgba(0.0, "
 "165.0, 0, 0.15); border-radius: 3px;' "
 "title='1.0'>_||>Product<||_html:</span>_||><||_html:<span "
 "style='background-color: rgba(0.0, 165.0, 0, 0.15); border-radius: 3px;' "
 "title='1.0'>_||>'<||_html:</span>_||><||_html:<span style='background-color: "
 "rgba(0.0, 165.0, 0, 0.15); border-radius: 3px;' title='1.0'>_||> "
 "type<||_html:</span>_||><||_html:<span style='background-color: rgba(0.0, "
 "165.0, 0, 0.15); border-radius: 3px;' title='1.0'>_||> "
 "no<||_html:</span>_||><||_html:<span style='background-color: rgba(0.0, "
 "165.0, 0, 0.15); border-radius: 3px;' title='1.0'>_||> "
 "longer<||_html:</span>_||><||_html:<span style='background-color: rgba(0.0, "
 "165.0, 0, 0.15); border-radius: 3px;' title='1.0'>_||> "
 "includes<||_html:</span>_||><||_html:<span style='background-color: "
 "rgba(0.0, 165.0, 0, 0.15); border-radius: 3px;' title='1.0'>_||> "
 "the<||_html:</span>_||><||_html:<span style='background-color: rgba(0.0, "
 "165.0, 0, 0.15); border-radius: 3px;' title='1.0'>_||> "
 "'<||_html:</span>_||><||_html:<span style='background-color: rgba(0.0, "
 "165.0, 0, 0.15); border-radius: 3px;' "
 "title='1.0'>_||>description<||_html:</span>_||><||_html:<span "
 "style='background-color: rgba(0.0, 165.0, 0, 0.15); border-radius: 3px;' "
 "title='1.0'>_||>'<||_html:</span>_||><||_html:<span style='background-color: "
 "rgba(0.0, 165.0, 0, 0.15); border-radius: 3px;' title='1.0'>_||> "
 "and<||_html:</span>_||><||_html:<span style='background-color: rgba(0.0, "
 "165.0, 0, 0.15); border-radius: 3px;' title='1.0'>_||> "
 "'<||_html:</span>_||><||_html:<span style='background-color: rgba(0.0, "
 "165.0, 0, 0.15); border-radius: 3px;' "
 "title='1.0'>_||>stock<||_html:</span>_||><||_html:<span "
 "style='background-color: rgba(0.0, 165.0, 0, 0.15); border-radius: 3px;' "
 "title='1.0'>_||>'<||_html:</span>_||><||_html:<span style='background-color: "
 "rgba(0.0, 165.0, 0, 0.15); border-radius: 3px;' title='1.0'>_||> "
 "fields<||_html:</span>_||><||_html:<span style='background-color: rgba(0.0, "
 "165.0, 0, 0.15); border-radius: 3px;' "
 'title=\'1.0\'>_||>."<||_html:</span>_||><||_html:<span '
 "style='background-color: rgba(0.0, 165.0, 0, 0.15); border-radius: 3px;' "
 "title='1.0'>_||>\n"
 "<||_html:</span>_||><||_html:<span style='background-color: rgba(0.0, 165.0, "
 "0, 0.15); border-radius: 3px;' title='1.0'>_||> "
 "<||_html:</span>_||><||_html:<span style='background-color: rgba(0.0, 165.0, "
 "0, 0.15); border-radius: 3px;' title='1.0'>_||> "
 "}<||_html:</span>_||><||_html:<span style='background-color: rgba(0.0, "
 "165.0, 0, 0.15); border-radius: 3px;' title='1.0'>_||>\n"
 "<||_html:</span>_||><||_html:<span style='background-color: rgba(0.0, 165.0, "
 "0, 0.15); border-radius: 3px;' "
 'title=\'1.0\'>_||>}<||_html:</span>_||>{"changes":<||_html:<span '
 "style='background-color: rgba(0.0, 165.0, 0, 0.15); border-radius: 3px;' "
 "title='1.0'>_||>[<||_html:</span>_||><||_html:<span style='background-color: "
 "rgba(0.0, 165.0, 0, 0.15); border-radius: 3px;' "
 'title=\'1.0\'>_||>{"<||_html:</span>_||>type<||_html:<span '
 "style='background-color: rgba(0.0, 165.0, 0, 0.15); border-radius: 3px;' "
 'title=\'1.0\'>_||>":"<||_html:</span>_||><||_html:<span '
 "style='background-color: rgba(0.0, 165.0, 0, 0.15); border-radius: 3px;' "
 "title='1.0'>_||>Query<||_html:</span>_||><||_html:<span "
 "style='background-color: rgba(0.0, 165.0, 0, 0.15); border-radius: 3px;' "
 'title=\'1.0\'>_||>","<||_html:</span>_||>field<||_html:<span '
 "style='background-color: rgba(0.0, 165.0, 0, 0.15); border-radius: 3px;' "
 'title=\'1.0\'>_||>":"<||_html:</span>_||><||_html:<span '
 "style='background-color: rgba(0.0, 165.0, 0, 0.15); border-radius: 3px;' "
 "title='1.0'>_||>get<||_html:</span>_||><||_html:<span "
 "style='background-color: rgba(0.0, 165.0, 0, 0.15); border-radius: 3px;' "
 "title='1.0'>_||>Product<||_html:</span>_||><||_html:<span "
 "style='background-color: rgba(0.0, 165.0, 0, 0.15); border-radius: 3px;' "
 'title=\'1.0\'>_||>","<||_html:</span>_||>change<||_html:<span '
 "style='background-color: rgba(0.0, 165.0, 0, 0.15); border-radius: 3px;' "
 'title=\'1.0\'>_||>":"<||_html:</span>_||><||_html:<span '
 "style='background-color: rgba(0.0, 165.0, 0, 0.15); border-radius: 3px;' "
 "title='1.0'>_||>field<||_html:</span>_||><||_html:<span "
 "style='background-color: rgba(0.0, 165.0, 0, 0.15); border-radius: 3px;' "
 "title='1.0'>_||> details<||_html:</span>_||><||_html:<span "
 "style='background-color: rgba(0.0, 165.0, 0, 0.15); border-radius: 3px;' "
 "title='1.0'>_||> added<||_html:</span>_||><||_html:<span "
 "style='background-color: rgba(0.0, 165.0, 0, 0.15); border-radius: 3px;' "
 'title=\'1.0\'>_||>","<||_html:</span>_||>breaking<||_html:<span '
 "style='background-color: rgba(0.0, 165.0, 0, 0.15); border-radius: 3px;' "
 "title='1.0'>_||>")
('Analyze the following two GraphQL schemas for changes, including both '
 'breaking and non-breaking changes.\n'
 '\n'
 '                        Provide your analysis in the following JSON format:\n'
 '                        {\n'
 '                          "changes": [\n'
 '                            {\n'
 '                              "type": "String representing the GraphQL type '
 '(e.g., Query, Mutation, Subscription)",\n'
 '                              "field": "String representing the specific '
 'field that changed",\n'
 '                              "change": "String describing the change (e.g., '
 'field renamed, new field added, field removed)",\n'
 '                              "breaking": "Boolean indicating if the change '
 'is breaking (true) or non-breaking (false)",\n'
 '                              "release_note": "String with a natural '
 'language description of the change for release notes"\n'
 '                            }\n'
 '                          ],\n'
 '                          "release_notes": {\n'
 '                              "summary": "String summarizing all changes, '
 'suitable for a mailing list or public announcement"\n'
 '                          }\n'
 '                        }\n'
 '\n'
 '                        When analyzing, consider the following types of '
 'changes:\n'
 '                        1. Removing fields or types (breaking)\n'
 '                        2. Changing field types (potentially breaking)\n'
 '                        3. Adding required fields (breaking)\n'
 '                        4. Changing the type of existing arguments '
 '(breaking)\n'
 '                        5. Adding optional fields (non-breaking)\n'
 '                        6. Adding new types (non-breaking)\n'
 '                        7. Deprecating fields (non-breaking)\n'
 '\n'
 '                        Ensure that each change is categorized correctly as '
 'breaking or non-breaking.: type Query {\n'
 '  getProduct(id: ID!): Product\n'
 '}\n'
 '\n'
 'type Product {\n'
 '  id: ID\n'
 '  name: String\n'
 '  description: String\n'
 '  price: Float\n'
 '  stock: Int\n'
 '}\n'
 ', type Query {\n'
 '  getProduct(id: ID!): Product\n'
 '}\n'
 '\n'
 'type Product {\n'
 '  id: ID\n'
 '  name: String\n'
 '  details: String\n'
 '  price: Float\n'
 '}\n'
 '\n'
 "Answer:<||_html:<span style='background-color: rgba(0.0, 165.0, 0, 0.15); "
 "border-radius: 3px;' title='1.0'>_||> {<||_html:</span>_||><||_html:<span "
 "style='background-color: rgba(0.0, 165.0, 0, 0.15); border-radius: 3px;' "
 "title='1.0'>_||>\n"
 "<||_html:</span>_||><||_html:<span style='background-color: rgba(0.0, 165.0, "
 "0, 0.15); border-radius: 3px;' title='1.0'>_||> "
 "<||_html:</span>_||><||_html:<span style='background-color: rgba(0.0, 165.0, "
 "0, 0.15); border-radius: 3px;' title='1.0'>_||> "
 '"<||_html:</span>_||><||_html:<span style=\'background-color: rgba(0.0, '
 "165.0, 0, 0.15); border-radius: 3px;' "
 "title='1.0'>_||>changes<||_html:</span>_||><||_html:<span "
 "style='background-color: rgba(0.0, 165.0, 0, 0.15); border-radius: 3px;' "
 'title=\'1.0\'>_||>":<||_html:</span>_||><||_html:<span '
 "style='background-color: rgba(0.0, 165.0, 0, 0.15); border-radius: 3px;' "
 "title='1.0'>_||> [<||_html:</span>_||><||_html:<span "
 "style='background-color: rgba(0.0, 165.0, 0, 0.15); border-radius: 3px;' "
 "title='1.0'>_||>\n"
 "<||_html:</span>_||><||_html:<span style='background-color: rgba(0.0, 165.0, "
 "0, 0.15); border-radius: 3px;' title='1.0'>_||>   "
 "<||_html:</span>_||><||_html:<span style='background-color: rgba(0.0, 165.0, "
 "0, 0.15); border-radius: 3px;' title='1.0'>_||> "
 "{<||_html:</span>_||><||_html:<span style='background-color: rgba(0.0, "
 "165.0, 0, 0.15); border-radius: 3px;' title='1.0'>_||>\n"
 "<||_html:</span>_||><||_html:<span style='background-color: rgba(0.0, 165.0, "
 "0, 0.15); border-radius: 3px;' title='1.0'>_||>     "
 "<||_html:</span>_||><||_html:<span style='background-color: rgba(0.0, 165.0, "
 "0, 0.15); border-radius: 3px;' title='1.0'>_||> "
 '"<||_html:</span>_||><||_html:<span style=\'background-color: rgba(0.0, '
 "165.0, 0, 0.15); border-radius: 3px;' "
 "title='1.0'>_||>type<||_html:</span>_||><||_html:<span "
 "style='background-color: rgba(0.0, 165.0, 0, 0.15); border-radius: 3px;' "
 'title=\'1.0\'>_||>":<||_html:</span>_||><||_html:<span '
 "style='background-color: rgba(0.0, 165.0, 0, 0.15); border-radius: 3px;' "
 'title=\'1.0\'>_||> "<||_html:</span>_||><||_html:<span '
 "style='background-color: rgba(0.0, 165.0, 0, 0.15); border-radius: 3px;' "
 "title='1.0'>_||>Query<||_html:</span>_||><||_html:<span "
 "style='background-color: rgba(0.0, 165.0, 0, 0.15); border-radius: 3px;' "
 'title=\'1.0\'>_||>",<||_html:</span>_||><||_html:<span '
 "style='background-color: rgba(0.0, 165.0, 0, 0.15); border-radius: 3px;' "
 "title='1.0'>_||>\n"
 "<||_html:</span>_||><||_html:<span style='background-color: rgba(0.0, 165.0, "
 "0, 0.15); border-radius: 3px;' title='1.0'>_||>     "
 "<||_html:</span>_||><||_html:<span style='background-color: rgba(0.0, 165.0, "
 "0, 0.15); border-radius: 3px;' title='1.0'>_||> "
 '"<||_html:</span>_||><||_html:<span style=\'background-color: rgba(0.0, '
 "165.0, 0, 0.15); border-radius: 3px;' "
 "title='1.0'>_||>field<||_html:</span>_||><||_html:<span "
 "style='background-color: rgba(0.0, 165.0, 0, 0.15); border-radius: 3px;' "
 'title=\'1.0\'>_||>":<||_html:</span>_||><||_html:<span '
 "style='background-color: rgba(0.0, 165.0, 0, 0.15); border-radius: 3px;' "
 'title=\'1.0\'>_||> "<||_html:</span>_||><||_html:<span '
 "style='background-color: rgba(0.0, 165.0, 0, 0.15); border-radius: 3px;' "
 "title='1.0'>_||>get<||_html:</span>_||><||_html:<span "
 "style='background-color: rgba(0.0, 165.0, 0, 0.15); border-radius: 3px;' "
 "title='1.0'>_||>Product<||_html:</span>_||><||_html:<span "
 "style='background-color: rgba(0.0, 165.0, 0, 0.15); border-radius: 3px;' "
 'title=\'1.0\'>_||>",<||_html:</span>_||><||_html:<span '
 "style='background-color: rgba(0.0, 165.0, 0, 0.15); border-radius: 3px;' "
 "title='1.0'>_||>\n"
 "<||_html:</span>_||><||_html:<span style='background-color: rgba(0.0, 165.0, "
 "0, 0.15); border-radius: 3px;' title='1.0'>_||>     "
 "<||_html:</span>_||><||_html:<span style='background-color: rgba(0.0, 165.0, "
 "0, 0.15); border-radius: 3px;' title='1.0'>_||> "
 '"<||_html:</span>_||><||_html:<span style=\'background-color: rgba(0.0, '
 "165.0, 0, 0.15); border-radius: 3px;' "
 "title='1.0'>_||>change<||_html:</span>_||><||_html:<span "
 "style='background-color: rgba(0.0, 165.0, 0, 0.15); border-radius: 3px;' "
 'title=\'1.0\'>_||>":<||_html:</span>_||><||_html:<span '
 "style='background-color: rgba(0.0, 165.0, 0, 0.15); border-radius: 3px;' "
 'title=\'1.0\'>_||> "<||_html:</span>_||><||_html:<span '
 "style='background-color: rgba(0.0, 165.0, 0, 0.15); border-radius: 3px;' "
 "title='1.0'>_||>field<||_html:</span>_||><||_html:<span "
 "style='background-color: rgba(0.0, 165.0, 0, 0.15); border-radius: 3px;' "
 "title='1.0'>_||> details<||_html:</span>_||><||_html:<span "
 "style='background-color: rgba(0.0, 165.0, 0, 0.15); border-radius: 3px;' "
 "title='1.0'>_||> added<||_html:</span>_||><||_html:<span "
 "style='background-color: rgba(0.0, 165.0, 0, 0.15); border-radius: 3px;' "
 'title=\'1.0\'>_||>",<||_html:</span>_||><||_html:<span '
 "style='background-color: rgba(0.0, 165.0, 0, 0.15); border-radius: 3px;' "
 "title='1.0'>_||>\n"
 "<||_html:</span>_||><||_html:<span style='background-color: rgba(0.0, 165.0, "
 "0, 0.15); border-radius: 3px;' title='1.0'>_||>     "
 "<||_html:</span>_||><||_html:<span style='background-color: rgba(0.0, 165.0, "
 "0, 0.15); border-radius: 3px;' title='1.0'>_||> "
 '"<||_html:</span>_||><||_html:<span style=\'background-color: rgba(0.0, '
 "165.0, 0, 0.15); border-radius: 3px;' "
 "title='1.0'>_||>breaking<||_html:</span>_||><||_html:<span "
 "style='background-color: rgba(0.0, 165.0, 0, 0.15); border-radius: 3px;' "
 'title=\'1.0\'>_||>":<||_html:</span>_||><||_html:<span '
 "style='background-color: rgba(0.0, 165.0, 0, 0.15); border-radius: 3px;' "
 'title=\'1.0\'>_||> "<||_html:</span>_||><||_html:<span '
 "style='background-color: rgba(0.0, 165.0, 0, 0.15); border-radius: 3px;' "
 "title='1.0'>_||>false<||_html:</span>_||><||_html:<span "
 "style='background-color: rgba(0.0, 165.0, 0, 0.15); border-radius: 3px;' "
 'title=\'1.0\'>_||>",<||_html:</span>_||><||_html:<span '
 "style='background-color: rgba(0.0, 165.0, 0, 0.15); border-radius: 3px;' "
 "title='1.0'>_||>\n"
 "<||_html:</span>_||><||_html:<span style='background-color: rgba(0.0, 165.0, "
 "0, 0.15); border-radius: 3px;' title='1.0'>_||>     "
 "<||_html:</span>_||><||_html:<span style='background-color: rgba(0.0, 165.0, "
 "0, 0.15); border-radius: 3px;' title='1.0'>_||> "
 '"<||_html:</span>_||><||_html:<span style=\'background-color: rgba(0.0, '
 "165.0, 0, 0.15); border-radius: 3px;' "
 "title='1.0'>_||>release<||_html:</span>_||><||_html:<span "
 "style='background-color: rgba(0.0, 165.0, 0, 0.15); border-radius: 3px;' "
 "title='1.0'>_||>_<||_html:</span>_||><||_html:<span style='background-color: "
 "rgba(0.0, 165.0, 0, 0.15); border-radius: 3px;' "
 "title='1.0'>_||>note<||_html:</span>_||><||_html:<span "
 "style='background-color: rgba(0.0, 165.0, 0, 0.15); border-radius: 3px;' "
 'title=\'1.0\'>_||>":<||_html:</span>_||><||_html:<span '
 "style='background-color: rgba(0.0, 165.0, 0, 0.15); border-radius: 3px;' "
 'title=\'1.0\'>_||> "<||_html:</span>_||><||_html:<span '
 "style='background-color: rgba(0.0, 165.0, 0, 0.15); border-radius: 3px;' "
 "title='1.0'>_||>The<||_html:</span>_||><||_html:<span "
 "style='background-color: rgba(0.0, 165.0, 0, 0.15); border-radius: 3px;' "
 "title='1.0'>_||> '<||_html:</span>_||><||_html:<span "
 "style='background-color: rgba(0.0, 165.0, 0, 0.15); border-radius: 3px;' "
 "title='1.0'>_||>get<||_html:</span>_||><||_html:<span "
 "style='background-color: rgba(0.0, 165.0, 0, 0.15); border-radius: 3px;' "
 "title='1.0'>_||>Product<||_html:</span>_||><||_html:<span "
 "style='background-color: rgba(0.0, 165.0, 0, 0.15); border-radius: 3px;' "
 "title='1.0'>_||>'<||_html:</span>_||><||_html:<span style='background-color: "
 "rgba(0.0, 165.0, 0, 0.15); border-radius: 3px;' title='1.0'>_||> "
 "query<||_html:</span>_||><||_html:<span style='background-color: rgba(0.0, "
 "165.0, 0, 0.15); border-radius: 3px;' title='1.0'>_||> "
 "now<||_html:</span>_||><||_html:<span style='background-color: rgba(0.0, "
 "165.0, 0, 0.15); border-radius: 3px;' title='1.0'>_||> "
 "includes<||_html:</span>_||><||_html:<span style='background-color: "
 "rgba(0.0, 165.0, 0, 0.15); border-radius: 3px;' title='1.0'>_||> "
 "a<||_html:</span>_||><||_html:<span style='background-color: rgba(0.0, "
 "165.0, 0, 0.15); border-radius: 3px;' title='1.0'>_||> "
 "new<||_html:</span>_||><||_html:<span style='background-color: rgba(0.0, "
 "165.0, 0, 0.15); border-radius: 3px;' title='1.0'>_||> "
 "field<||_html:</span>_||><||_html:<span style='background-color: rgba(0.0, "
 "165.0, 0, 0.15); border-radius: 3px;' title='1.0'>_||> "
 "'<||_html:</span>_||><||_html:<span style='background-color: rgba(0.0, "
 "165.0, 0, 0.15); border-radius: 3px;' "
 "title='1.0'>_||>details<||_html:</span>_||><||_html:<span "
 "style='background-color: rgba(0.0, 165.0, 0, 0.15); border-radius: 3px;' "
 "title='1.0'>_||>'<||_html:</span>_||><||_html:<span style='background-color: "
 "rgba(0.0, 165.0, 0, 0.15); border-radius: 3px;' title='1.0'>_||> "
 "of<||_html:</span>_||><||_html:<span style='background-color: rgba(0.0, "
 "165.0, 0, 0.15); border-radius: 3px;' title='1.0'>_||> "
 "type<||_html:</span>_||><||_html:<span style='background-color: rgba(0.0, "
 "165.0, 0, 0.15); border-radius: 3px;' title='1.0'>_||> "
 "String<||_html:</span>_||><||_html:<span style='background-color: rgba(0.0, "
 "165.0, 0, 0.15); border-radius: 3px;' "
 'title=\'1.0\'>_||>."<||_html:</span>_||><||_html:<span '
 "style='background-color: rgba(0.0, 165.0, 0, 0.15); border-radius: 3px;' "
 "title='1.0'>_||>\n"
 "<||_html:</span>_||><||_html:<span style='background-color: rgba(0.0, 165.0, "
 "0, 0.15); border-radius: 3px;' title='1.0'>_||>   "
 "<||_html:</span>_||><||_html:<span style='background-color: rgba(0.0, 165.0, "
 "0, 0.15); border-radius: 3px;' title='1.0'>_||> "
 "},<||_html:</span>_||><||_html:<span style='background-color: rgba(0.0, "
 "165.0, 0, 0.15); border-radius: 3px;' title='1.0'>_||>\n"
 "<||_html:</span>_||><||_html:<span style='background-color: rgba(0.0, 165.0, "
 "0, 0.15); border-radius: 3px;' title='1.0'>_||>   "
 "<||_html:</span>_||><||_html:<span style='background-color: rgba(0.0, 165.0, "
 "0, 0.15); border-radius: 3px;' title='1.0'>_||> "
 "{<||_html:</span>_||><||_html:<span style='background-color: rgba(0.0, "
 "165.0, 0, 0.15); border-radius: 3px;' title='1.0'>_||>\n"
 "<||_html:</span>_||><||_html:<span style='background-color: rgba(0.0, 165.0, "
 "0, 0.15); border-radius: 3px;' title='1.0'>_||>     "
 "<||_html:</span>_||><||_html:<span style='background-color: rgba(0.0, 165.0, "
 "0, 0.15); border-radius: 3px;' title='1.0'>_||> "
 '"<||_html:</span>_||><||_html:<span style=\'background-color: rgba(0.0, '
 "165.0, 0, 0.15); border-radius: 3px;' "
 "title='1.0'>_||>type<||_html:</span>_||><||_html:<span "
 "style='background-color: rgba(0.0, 165.0, 0, 0.15); border-radius: 3px;' "
 'title=\'1.0\'>_||>":<||_html:</span>_||><||_html:<span '
 "style='background-color: rgba(0.0, 165.0, 0, 0.15); border-radius: 3px;' "
 'title=\'1.0\'>_||> "<||_html:</span>_||><||_html:<span '
 "style='background-color: rgba(0.0, 165.0, 0, 0.15); border-radius: 3px;' "
 "title='1.0'>_||>Product<||_html:</span>_||><||_html:<span "
 "style='background-color: rgba(0.0, 165.0, 0, 0.15); border-radius: 3px;' "
 'title=\'1.0\'>_||>",<||_html:</span>_||><||_html:<span '
 "style='background-color: rgba(0.0, 165.0, 0, 0.15); border-radius: 3px;' "
 "title='1.0'>_||>\n"
 "<||_html:</span>_||><||_html:<span style='background-color: rgba(0.0, 165.0, "
 "0, 0.15); border-radius: 3px;' title='1.0'>_||>     "
 "<||_html:</span>_||><||_html:<span style='background-color: rgba(0.0, 165.0, "
 "0, 0.15); border-radius: 3px;' title='1.0'>_||> "
 '"<||_html:</span>_||><||_html:<span style=\'background-color: rgba(0.0, '
 "165.0, 0, 0.15); border-radius: 3px;' "
 "title='1.0'>_||>field<||_html:</span>_||><||_html:<span "
 "style='background-color: rgba(0.0, 165.0, 0, 0.15); border-radius: 3px;' "
 'title=\'1.0\'>_||>":<||_html:</span>_||><||_html:<span '
 "style='background-color: rgba(0.0, 165.0, 0, 0.15); border-radius: 3px;' "
 'title=\'1.0\'>_||> "<||_html:</span>_||><||_html:<span '
 "style='background-color: rgba(0.0, 165.0, 0, 0.15); border-radius: 3px;' "
 "title='1.0'>_||>description<||_html:</span>_||><||_html:<span "
 "style='background-color: rgba(0.0, 165.0, 0, 0.15); border-radius: 3px;' "
 'title=\'1.0\'>_||>",<||_html:</span>_||><||_html:<span '
 "style='background-color: rgba(0.0, 165.0, 0, 0.15); border-radius: 3px;' "
 "title='1.0'>_||>\n"
 "<||_html:</span>_||><||_html:<span style='background-color: rgba(0.0, 165.0, "
 "0, 0.15); border-radius: 3px;' title='1.0'>_||>     "
 "<||_html:</span>_||><||_html:<span style='background-color: rgba(0.0, 165.0, "
 "0, 0.15); border-radius: 3px;' title='1.0'>_||> "
 '"<||_html:</span>_||><||_html:<span style=\'background-color: rgba(0.0, '
 "165.0, 0, 0.15); border-radius: 3px;' "
 "title='1.0'>_||>change<||_html:</span>_||><||_html:<span "
 "style='background-color: rgba(0.0, 165.0, 0, 0.15); border-radius: 3px;' "
 'title=\'1.0\'>_||>":<||_html:</span>_||><||_html:<span '
 "style='background-color: rgba(0.0, 165.0, 0, 0.15); border-radius: 3px;' "
 'title=\'1.0\'>_||> "<||_html:</span>_||><||_html:<span '
 "style='background-color: rgba(0.0, 165.0, 0, 0.15); border-radius: 3px;' "
 "title='1.0'>_||>field<||_html:</span>_||><||_html:<span "
 "style='background-color: rgba(0.0, 165.0, 0, 0.15); border-radius: 3px;' "
 "title='1.0'>_||> removed<||_html:</span>_||><||_html:<span "
 "style='background-color: rgba(0.0, 165.0, 0, 0.15); border-radius: 3px;' "
 'title=\'1.0\'>_||>",<||_html:</span>_||><||_html:<span '
 "style='background-color: rgba(0.0, 165.0, 0, 0.15); border-radius: 3px;' "
 "title='1.0'>_||>\n"
 "<||_html:</span>_||><||_html:<span style='background-color: rgba(0.0, 165.0, "
 "0, 0.15); border-radius: 3px;' title='1.0'>_||>     "
 "<||_html:</span>_||><||_html:<span style='background-color: rgba(0.0, 165.0, "
 "0, 0.15); border-radius: 3px;' title='1.0'>_||> "
 '"<||_html:</span>_||><||_html:<span style=\'background-color: rgba(0.0, '
 "165.0, 0, 0.15); border-radius: 3px;' "
 "title='1.0'>_||>breaking<||_html:</span>_||><||_html:<span "
 "style='background-color: rgba(0.0, 165.0, 0, 0.15); border-radius: 3px;' "
 'title=\'1.0\'>_||>":<||_html:</span>_||><||_html:<span '
 "style='background-color: rgba(0.0, 165.0, 0, 0.15); border-radius: 3px;' "
 'title=\'1.0\'>_||> "<||_html:</span>_||><||_html:<span '
 "style='background-color: rgba(0.0, 165.0, 0, 0.15); border-radius: 3px;' "
 "title='1.0'>_||>true<||_html:</span>_||><||_html:<span "
 "style='background-color: rgba(0.0, 165.0, 0, 0.15); border-radius: 3px;' "
 'title=\'1.0\'>_||>",<||_html:</span>_||><||_html:<span '
 "style='background-color: rgba(0.0, 165.0, 0, 0.15); border-radius: 3px;' "
 "title='1.0'>_||>\n"
 "<||_html:</span>_||><||_html:<span style='background-color: rgba(0.0, 165.0, "
 "0, 0.15); border-radius: 3px;' title='1.0'>_||>     "
 "<||_html:</span>_||><||_html:<span style='background-color: rgba(0.0, 165.0, "
 "0, 0.15); border-radius: 3px;' title='1.0'>_||> "
 '"<||_html:</span>_||><||_html:<span style=\'background-color: rgba(0.0, '
 "165.0, 0, 0.15); border-radius: 3px;' "
 "title='1.0'>_||>release<||_html:</span>_||><||_html:<span "
 "style='background-color: rgba(0.0, 165.0, 0, 0.15); border-radius: 3px;' "
 "title='1.0'>_||>_<||_html:</span>_||><||_html:<span style='background-color: "
 "rgba(0.0, 165.0, 0, 0.15); border-radius: 3px;' "
 "title='1.0'>_||>note<||_html:</span>_||><||_html:<span "
 "style='background-color: rgba(0.0, 165.0, 0, 0.15); border-radius: 3px;' "
 'title=\'1.0\'>_||>":<||_html:</span>_||><||_html:<span '
 "style='background-color: rgba(0.0, 165.0, 0, 0.15); border-radius: 3px;' "
 'title=\'1.0\'>_||> "<||_html:</span>_||><||_html:<span '
 "style='background-color: rgba(0.0, 165.0, 0, 0.15); border-radius: 3px;' "
 "title='1.0'>_||>The<||_html:</span>_||><||_html:<span "
 "style='background-color: rgba(0.0, 165.0, 0, 0.15); border-radius: 3px;' "
 "title='1.0'>_||> '<||_html:</span>_||><||_html:<span "
 "style='background-color: rgba(0.0, 165.0, 0, 0.15); border-radius: 3px;' "
 "title='1.0'>_||>Product<||_html:</span>_||><||_html:<span "
 "style='background-color: rgba(0.0, 165.0, 0, 0.15); border-radius: 3px;' "
 "title='1.0'>_||>'<||_html:</span>_||><||_html:<span style='background-color: "
 "rgba(0.0, 165.0, 0, 0.15); border-radius: 3px;' title='1.0'>_||> "
 "type<||_html:</span>_||><||_html:<span style='background-color: rgba(0.0, "
 "165.0, 0, 0.15); border-radius: 3px;' title='1.0'>_||> "
 "no<||_html:</span>_||><||_html:<span style='background-color: rgba(0.0, "
 "165.0, 0, 0.15); border-radius: 3px;' title='1.0'>_||> "
 "longer<||_html:</span>_||><||_html:<span style='background-color: rgba(0.0, "
 "165.0, 0, 0.15); border-radius: 3px;' title='1.0'>_||> "
 "includes<||_html:</span>_||><||_html:<span style='background-color: "
 "rgba(0.0, 165.0, 0, 0.15); border-radius: 3px;' title='1.0'>_||> "
 "the<||_html:</span>_||><||_html:<span style='background-color: rgba(0.0, "
 "165.0, 0, 0.15); border-radius: 3px;' title='1.0'>_||> "
 "'<||_html:</span>_||><||_html:<span style='background-color: rgba(0.0, "
 "165.0, 0, 0.15); border-radius: 3px;' "
 "title='1.0'>_||>description<||_html:</span>_||><||_html:<span "
 "style='background-color: rgba(0.0, 165.0, 0, 0.15); border-radius: 3px;' "
 "title='1.0'>_||>'<||_html:</span>_||><||_html:<span style='background-color: "
 "rgba(0.0, 165.0, 0, 0.15); border-radius: 3px;' title='1.0'>_||> "
 "field<||_html:</span>_||><||_html:<span style='background-color: rgba(0.0, "
 "165.0, 0, 0.15); border-radius: 3px;' "
 'title=\'1.0\'>_||>."<||_html:</span>_||><||_html:<span '
 "style='background-color: rgba(0.0, 165.0, 0, 0.15); border-radius: 3px;' "
 "title='1.0'>_||>\n"
 "<||_html:</span>_||><||_html:<span style='background-color: rgba(0.0, 165.0, "
 "0, 0.15); border-radius: 3px;' title='1.0'>_||>   "
 "<||_html:</span>_||><||_html:<span style='background-color: rgba(0.0, 165.0, "
 "0, 0.15); border-radius: 3px;' title='1.0'>_||> "
 "},<||_html:</span>_||><||_html:<span style='background-color: rgba(0.0, "
 "165.0, 0, 0.15); border-radius: 3px;' title='1.0'>_||>\n"
 "<||_html:</span>_||><||_html:<span style='background-color: rgba(0.0, 165.0, "
 "0, 0.15); border-radius: 3px;' title='1.0'>_||>   "
 "<||_html:</span>_||><||_html:<span style='background-color: rgba(0.0, 165.0, "
 "0, 0.15); border-radius: 3px;' title='1.0'>_||> "
 "{<||_html:</span>_||><||_html:<span style='background-color: rgba(0.0, "
 "165.0, 0, 0.15); border-radius: 3px;' title='1.0'>_||>\n"
 "<||_html:</span>_||><||_html:<span style='background-color: rgba(0.0, 165.0, "
 "0, 0.15); border-radius: 3px;' title='1.0'>_||>     "
 "<||_html:</span>_||><||_html:<span style='background-color: rgba(0.0, 165.0, "
 "0, 0.15); border-radius: 3px;' title='1.0'>_||> "
 '"<||_html:</span>_||><||_html:<span style=\'background-color: rgba(0.0, '
 "165.0, 0, 0.15); border-radius: 3px;' "
 "title='1.0'>_||>type<||_html:</span>_||><||_html:<span "
 "style='background-color: rgba(0.0, 165.0, 0, 0.15); border-radius: 3px;' "
 'title=\'1.0\'>_||>":<||_html:</span>_||><||_html:<span '
 "style='background-color: rgba(0.0, 165.0, 0, 0.15); border-radius: 3px;' "
 'title=\'1.0\'>_||> "<||_html:</span>_||><||_html:<span '
 "style='background-color: rgba(0.0, 165.0, 0, 0.15); border-radius: 3px;' "
 "title='1.0'>_||>Product<||_html:</span>_||><||_html:<span "
 "style='background-color: rgba(0.0, 165.0, 0, 0.15); border-radius: 3px;' "
 'title=\'1.0\'>_||>",<||_html:</span>_||><||_html:<span '
 "style='background-color: rgba(0.0, 165.0, 0, 0.15); border-radius: 3px;' "
 "title='1.0'>_||>\n"
 "<||_html:</span>_||><||_html:<span style='background-color: rgba(0.0, 165.0, "
 "0, 0.15); border-radius: 3px;' title='1.0'>_||>     "
 "<||_html:</span>_||><||_html:<span style='background-color: rgba(0.0, 165.0, "
 "0, 0.15); border-radius: 3px;' title='1.0'>_||> "
 '"<||_html:</span>_||><||_html:<span style=\'background-color: rgba(0.0, '
 "165.0, 0, 0.15); border-radius: 3px;' "
 "title='1.0'>_||>field<||_html:</span>_||><||_html:<span "
 "style='background-color: rgba(0.0, 165.0, 0, 0.15); border-radius: 3px;' "
 'title=\'1.0\'>_||>":<||_html:</span>_||><||_html:<span '
 "style='background-color: rgba(0.0, 165.0, 0, 0.15); border-radius: 3px;' "
 'title=\'1.0\'>_||> "<||_html:</span>_||><||_html:<span '
 "style='background-color: rgba(0.0, 165.0, 0, 0.15); border-radius: 3px;' "
 "title='1.0'>_||>stock<||_html:</span>_||><||_html:<span "
 "style='background-color: rgba(0.0, 165.0, 0, 0.15); border-radius: 3px;' "
 'title=\'1.0\'>_||>",<||_html:</span>_||><||_html:<span '
 "style='background-color: rgba(0.0, 165.0, 0, 0.15); border-radius: 3px;' "
 "title='1.0'>_||>\n"
 "<||_html:</span>_||><||_html:<span style='background-color: rgba(0.0, 165.0, "
 "0, 0.15); border-radius: 3px;' title='1.0'>_||>     "
 "<||_html:</span>_||><||_html:<span style='background-color: rgba(0.0, 165.0, "
 "0, 0.15); border-radius: 3px;' title='1.0'>_||> "
 '"<||_html:</span>_||><||_html:<span style=\'background-color: rgba(0.0, '
 "165.0, 0, 0.15); border-radius: 3px;' "
 "title='1.0'>_||>change<||_html:</span>_||><||_html:<span "
 "style='background-color: rgba(0.0, 165.0, 0, 0.15); border-radius: 3px;' "
 'title=\'1.0\'>_||>":<||_html:</span>_||><||_html:<span '
 "style='background-color: rgba(0.0, 165.0, 0, 0.15); border-radius: 3px;' "
 'title=\'1.0\'>_||> "<||_html:</span>_||><||_html:<span '
 "style='background-color: rgba(0.0, 165.0, 0, 0.15); border-radius: 3px;' "
 "title='1.0'>_||>field<||_html:</span>_||><||_html:<span "
 "style='background-color: rgba(0.0, 165.0, 0, 0.15); border-radius: 3px;' "
 "title='1.0'>_||> removed<||_html:</span>_||><||_html:<span "
 "style='background-color: rgba(0.0, 165.0, 0, 0.15); border-radius: 3px;' "
 'title=\'1.0\'>_||>",<||_html:</span>_||><||_html:<span '
 "style='background-color: rgba(0.0, 165.0, 0, 0.15); border-radius: 3px;' "
 "title='1.0'>_||>\n"
 "<||_html:</span>_||><||_html:<span style='background-color: rgba(0.0, 165.0, "
 "0, 0.15); border-radius: 3px;' title='1.0'>_||>     "
 "<||_html:</span>_||><||_html:<span style='background-color: rgba(0.0, 165.0, "
 "0, 0.15); border-radius: 3px;' title='1.0'>_||> "
 '"<||_html:</span>_||><||_html:<span style=\'background-color: rgba(0.0, '
 "165.0, 0, 0.15); border-radius: 3px;' "
 "title='1.0'>_||>breaking<||_html:</span>_||><||_html:<span "
 "style='background-color: rgba(0.0, 165.0, 0, 0.15); border-radius: 3px;' "
 'title=\'1.0\'>_||>":<||_html:</span>_||><||_html:<span '
 "style='background-color: rgba(0.0, 165.0, 0, 0.15); border-radius: 3px;' "
 'title=\'1.0\'>_||> "<||_html:</span>_||><||_html:<span '
 "style='background-color: rgba(0.0, 165.0, 0, 0.15); border-radius: 3px;' "
 "title='1.0'>_||>true<||_html:</span>_||><||_html:<span "
 "style='background-color: rgba(0.0, 165.0, 0, 0.15); border-radius: 3px;' "
 'title=\'1.0\'>_||>",<||_html:</span>_||><||_html:<span '
 "style='background-color: rgba(0.0, 165.0, 0, 0.15); border-radius: 3px;' "
 "title='1.0'>_||>\n"
 "<||_html:</span>_||><||_html:<span style='background-color: rgba(0.0, 165.0, "
 "0, 0.15); border-radius: 3px;' title='1.0'>_||>     "
 "<||_html:</span>_||><||_html:<span style='background-color: rgba(0.0, 165.0, "
 "0, 0.15); border-radius: 3px;' title='1.0'>_||> "
 '"<||_html:</span>_||><||_html:<span style=\'background-color: rgba(0.0, '
 "165.0, 0, 0.15); border-radius: 3px;' "
 "title='1.0'>_||>release<||_html:</span>_||><||_html:<span "
 "style='background-color: rgba(0.0, 165.0, 0, 0.15); border-radius: 3px;' "
 "title='1.0'>_||>_<||_html:</span>_||><||_html:<span style='background-color: "
 "rgba(0.0, 165.0, 0, 0.15); border-radius: 3px;' "
 "title='1.0'>_||>note<||_html:</span>_||><||_html:<span "
 "style='background-color: rgba(0.0, 165.0, 0, 0.15); border-radius: 3px;' "
 'title=\'1.0\'>_||>":<||_html:</span>_||><||_html:<span '
 "style='background-color: rgba(0.0, 165.0, 0, 0.15); border-radius: 3px;' "
 'title=\'1.0\'>_||> "<||_html:</span>_||><||_html:<span '
 "style='background-color: rgba(0.0, 165.0, 0, 0.15); border-radius: 3px;' "
 "title='1.0'>_||>The<||_html:</span>_||><||_html:<span "
 "style='background-color: rgba(0.0, 165.0, 0, 0.15); border-radius: 3px;' "
 "title='1.0'>_||> '<||_html:</span>_||><||_html:<span "
 "style='background-color: rgba(0.0, 165.0, 0, 0.15); border-radius: 3px;' "
 "title='1.0'>_||>Product<||_html:</span>_||><||_html:<span "
 "style='background-color: rgba(0.0, 165.0, 0, 0.15); border-radius: 3px;' "
 "title='1.0'>_||>'<||_html:</span>_||><||_html:<span style='background-color: "
 "rgba(0.0, 165.0, 0, 0.15); border-radius: 3px;' title='1.0'>_||> "
 "type<||_html:</span>_||><||_html:<span style='background-color: rgba(0.0, "
 "165.0, 0, 0.15); border-radius: 3px;' title='1.0'>_||> "
 "no<||_html:</span>_||><||_html:<span style='background-color: rgba(0.0, "
 "165.0, 0, 0.15); border-radius: 3px;' title='1.0'>_||> "
 "longer<||_html:</span>_||><||_html:<span style='background-color: rgba(0.0, "
 "165.0, 0, 0.15); border-radius: 3px;' title='1.0'>_||> "
 "includes<||_html:</span>_||><||_html:<span style='background-color: "
 "rgba(0.0, 165.0, 0, 0.15); border-radius: 3px;' title='1.0'>_||> "
 "the<||_html:</span>_||><||_html:<span style='background-color: rgba(0.0, "
 "165.0, 0, 0.15); border-radius: 3px;' title='1.0'>_||> "
 "'<||_html:</span>_||><||_html:<span style='background-color: rgba(0.0, "
 "165.0, 0, 0.15); border-radius: 3px;' "
 "title='1.0'>_||>stock<||_html:</span>_||><||_html:<span "
 "style='background-color: rgba(0.0, 165.0, 0, 0.15); border-radius: 3px;' "
 "title='1.0'>_||>'<||_html:</span>_||><||_html:<span style='background-color: "
 "rgba(0.0, 165.0, 0, 0.15); border-radius: 3px;' title='1.0'>_||> "
 "field<||_html:</span>_||><||_html:<span style='background-color: rgba(0.0, "
 "165.0, 0, 0.15); border-radius: 3px;' "
 'title=\'1.0\'>_||>."<||_html:</span>_||><||_html:<span '
 "style='background-color: rgba(0.0, 165.0, 0, 0.15); border-radius: 3px;' "
 "title='1.0'>_||>\n"
 "<||_html:</span>_||><||_html:<span style='background-color: rgba(0.0, 165.0, "
 "0, 0.15); border-radius: 3px;' title='1.0'>_||>   "
 "<||_html:</span>_||><||_html:<span style='background-color: rgba(0.0, 165.0, "
 "0, 0.15); border-radius: 3px;' title='1.0'>_||> "
 "}<||_html:</span>_||><||_html:<span style='background-color: rgba(0.0, "
 "165.0, 0, 0.15); border-radius: 3px;' title='1.0'>_||>\n"
 "<||_html:</span>_||><||_html:<span style='background-color: rgba(0.0, 165.0, "
 "0, 0.15); border-radius: 3px;' title='1.0'>_||> "
 "<||_html:</span>_||><||_html:<span style='background-color: rgba(0.0, 165.0, "
 "0, 0.15); border-radius: 3px;' title='1.0'>_||> "
 "],<||_html:</span>_||><||_html:<span style='background-color: rgba(0.0, "
 "165.0, 0, 0.15); border-radius: 3px;' title='1.0'>_||>\n"
 "<||_html:</span>_||><||_html:<span style='background-color: rgba(0.0, 165.0, "
 "0, 0.15); border-radius: 3px;' title='1.0'>_||> "
 "<||_html:</span>_||><||_html:<span style='background-color: rgba(0.0, 165.0, "
 "0, 0.15); border-radius: 3px;' title='1.0'>_||> "
 '"<||_html:</span>_||><||_html:<span style=\'background-color: rgba(0.0, '
 "165.0, 0, 0.15); border-radius: 3px;' "
 "title='1.0'>_||>release<||_html:</span>_||><||_html:<span "
 "style='background-color: rgba(0.0, 165.0, 0, 0.15); border-radius: 3px;' "
 "title='1.0'>_||>_<||_html:</span>_||><||_html:<span style='background-color: "
 "rgba(0.0, 165.0, 0, 0.15); border-radius: 3px;' "
 "title='1.0'>_||>notes<||_html:</span>_||><||_html:<span "
 "style='background-color: rgba(0.0, 165.0, 0, 0.15); border-radius: 3px;' "
 'title=\'1.0\'>_||>":<||_html:</span>_||><||_html:<span '
 "style='background-color: rgba(0.0, 165.0, 0, 0.15); border-radius: 3px;' "
 "title='1.0'>_||> {<||_html:</span>_||><||_html:<span "
 "style='background-color: rgba(0.0, 165.0, 0, 0.15); border-radius: 3px;' "
 "title='1.0'>_||>\n"
 "<||_html:</span>_||><||_html:<span style='background-color: rgba(0.0, 165.0, "
 "0, 0.15); border-radius: 3px;' title='1.0'>_||>   "
 "<||_html:</span>_||><||_html:<span style='background-color: rgba(0.0, 165.0, "
 "0, 0.15); border-radius: 3px;' title='1.0'>_||> "
 '"<||_html:</span>_||><||_html:<span style=\'background-color: rgba(0.0, '
 "165.0, 0, 0.15); border-radius: 3px;' "
 "title='1.0'>_||>summary<||_html:</span>_||><||_html:<span "
 "style='background-color: rgba(0.0, 165.0, 0, 0.15); border-radius: 3px;' "
 'title=\'1.0\'>_||>":<||_html:</span>_||><||_html:<span '
 "style='background-color: rgba(0.0, 165.0, 0, 0.15); border-radius: 3px;' "
 'title=\'1.0\'>_||> "<||_html:</span>_||><||_html:<span '
 "style='background-color: rgba(0.0, 165.0, 0, 0.15); border-radius: 3px;' "
 "title='1.0'>_||>The<||_html:</span>_||><||_html:<span "
 "style='background-color: rgba(0.0, 165.0, 0, 0.15); border-radius: 3px;' "
 "title='1.0'>_||> '<||_html:</span>_||><||_html:<span "
 "style='background-color: rgba(0.0, 165.0, 0, 0.15); border-radius: 3px;' "
 "title='1.0'>_||>get<||_html:</span>_||><||_html:<span "
 "style='background-color: rgba(0.0, 165.0, 0, 0.15); border-radius: 3px;' "
 "title='1.0'>_||>Product<||_html:</span>_||><||_html:<span "
 "style='background-color: rgba(0.0, 165.0, 0, 0.15); border-radius: 3px;' "
 "title='1.0'>_||>'<||_html:</span>_||><||_html:<span style='background-color: "
 "rgba(0.0, 165.0, 0, 0.15); border-radius: 3px;' title='1.0'>_||> "
 "query<||_html:</span>_||><||_html:<span style='background-color: rgba(0.0, "
 "165.0, 0, 0.15); border-radius: 3px;' title='1.0'>_||> "
 "now<||_html:</span>_||><||_html:<span style='background-color: rgba(0.0, "
 "165.0, 0, 0.15); border-radius: 3px;' title='1.0'>_||> "
 "includes<||_html:</span>_||><||_html:<span style='background-color: "
 "rgba(0.0, 165.0, 0, 0.15); border-radius: 3px;' title='1.0'>_||> "
 "a<||_html:</span>_||><||_html:<span style='background-color: rgba(0.0, "
 "165.0, 0, 0.15); border-radius: 3px;' title='1.0'>_||> "
 "new<||_html:</span>_||><||_html:<span style='background-color: rgba(0.0, "
 "165.0, 0, 0.15); border-radius: 3px;' title='1.0'>_||> "
 "field<||_html:</span>_||><||_html:<span style='background-color: rgba(0.0, "
 "165.0, 0, 0.15); border-radius: 3px;' title='1.0'>_||> "
 "'<||_html:</span>_||><||_html:<span style='background-color: rgba(0.0, "
 "165.0, 0, 0.15); border-radius: 3px;' "
 "title='1.0'>_||>details<||_html:</span>_||><||_html:<span "
 "style='background-color: rgba(0.0, 165.0, 0, 0.15); border-radius: 3px;' "
 "title='1.0'>_||>'<||_html:</span>_||><||_html:<span style='background-color: "
 "rgba(0.0, 165.0, 0, 0.15); border-radius: 3px;' title='1.0'>_||> "
 "of<||_html:</span>_||><||_html:<span style='background-color: rgba(0.0, "
 "165.0, 0, 0.15); border-radius: 3px;' title='1.0'>_||> "
 "type<||_html:</span>_||><||_html:<span style='background-color: rgba(0.0, "
 "165.0, 0, 0.15); border-radius: 3px;' title='1.0'>_||> "
 "String<||_html:</span>_||><||_html:<span style='background-color: rgba(0.0, "
 "165.0, 0, 0.15); border-radius: 3px;' "
 "title='1.0'>_||>.<||_html:</span>_||><||_html:<span style='background-color: "
 "rgba(0.0, 165.0, 0, 0.15); border-radius: 3px;' title='1.0'>_||> "
 "The<||_html:</span>_||><||_html:<span style='background-color: rgba(0.0, "
 "165.0, 0, 0.15); border-radius: 3px;' title='1.0'>_||> "
 "'<||_html:</span>_||><||_html:<span style='background-color: rgba(0.0, "
 "165.0, 0, 0.15); border-radius: 3px;' "
 "title='1.0'>_||>Product<||_html:</span>_||><||_html:<span "
 "style='background-color: rgba(0.0, 165.0, 0, 0.15); border-radius: 3px;' "
 "title='1.0'>_||>'<||_html:</span>_||><||_html:<span style='background-color: "
 "rgba(0.0, 165.0, 0, 0.15); border-radius: 3px;' title='1.0'>_||> "
 "type<||_html:</span>_||><||_html:<span style='background-color: rgba(0.0, "
 "165.0, 0, 0.15); border-radius: 3px;' title='1.0'>_||> "
 "no<||_html:</span>_||><||_html:<span style='background-color: rgba(0.0, "
 "165.0, 0, 0.15); border-radius: 3px;' title='1.0'>_||> "
 "longer<||_html:</span>_||><||_html:<span style='background-color: rgba(0.0, "
 "165.0, 0, 0.15); border-radius: 3px;' title='1.0'>_||> "
 "includes<||_html:</span>_||><||_html:<span style='background-color: "
 "rgba(0.0, 165.0, 0, 0.15); border-radius: 3px;' title='1.0'>_||> "
 "the<||_html:</span>_||><||_html:<span style='background-color: rgba(0.0, "
 "165.0, 0, 0.15); border-radius: 3px;' title='1.0'>_||> "
 "'<||_html:</span>_||><||_html:<span style='background-color: rgba(0.0, "
 "165.0, 0, 0.15); border-radius: 3px;' "
 "title='1.0'>_||>description<||_html:</span>_||><||_html:<span "
 "style='background-color: rgba(0.0, 165.0, 0, 0.15); border-radius: 3px;' "
 "title='1.0'>_||>'<||_html:</span>_||><||_html:<span style='background-color: "
 "rgba(0.0, 165.0, 0, 0.15); border-radius: 3px;' title='1.0'>_||> "
 "and<||_html:</span>_||><||_html:<span style='background-color: rgba(0.0, "
 "165.0, 0, 0.15); border-radius: 3px;' title='1.0'>_||> "
 "'<||_html:</span>_||><||_html:<span style='background-color: rgba(0.0, "
 "165.0, 0, 0.15); border-radius: 3px;' "
 "title='1.0'>_||>stock<||_html:</span>_||><||_html:<span "
 "style='background-color: rgba(0.0, 165.0, 0, 0.15); border-radius: 3px;' "
 "title='1.0'>_||>'<||_html:</span>_||><||_html:<span style='background-color: "
 "rgba(0.0, 165.0, 0, 0.15); border-radius: 3px;' title='1.0'>_||> "
 "fields<||_html:</span>_||><||_html:<span style='background-color: rgba(0.0, "
 "165.0, 0, 0.15); border-radius: 3px;' "
 'title=\'1.0\'>_||>."<||_html:</span>_||><||_html:<span '
 "style='background-color: rgba(0.0, 165.0, 0, 0.15); border-radius: 3px;' "
 "title='1.0'>_||>\n"
 "<||_html:</span>_||><||_html:<span style='background-color: rgba(0.0, 165.0, "
 "0, 0.15); border-radius: 3px;' title='1.0'>_||> "
 "<||_html:</span>_||><||_html:<span style='background-color: rgba(0.0, 165.0, "
 "0, 0.15); border-radius: 3px;' title='1.0'>_||> "
 "}<||_html:</span>_||><||_html:<span style='background-color: rgba(0.0, "
 "165.0, 0, 0.15); border-radius: 3px;' title='1.0'>_||>\n"
 "<||_html:</span>_||><||_html:<span style='background-color: rgba(0.0, 165.0, "
 "0, 0.15); border-radius: 3px;' "
 'title=\'1.0\'>_||>}<||_html:</span>_||>{"changes":<||_html:<span '
 "style='background-color: rgba(0.0, 165.0, 0, 0.15); border-radius: 3px;' "
 "title='1.0'>_||>[<||_html:</span>_||><||_html:<span style='background-color: "
 "rgba(0.0, 165.0, 0, 0.15); border-radius: 3px;' "
 'title=\'1.0\'>_||>{"<||_html:</span>_||>type<||_html:<span '
 "style='background-color: rgba(0.0, 165.0, 0, 0.15); border-radius: 3px;' "
 'title=\'1.0\'>_||>":"<||_html:</span>_||><||_html:<span '
 "style='background-color: rgba(0.0, 165.0, 0, 0.15); border-radius: 3px;' "
 "title='1.0'>_||>Query<||_html:</span>_||><||_html:<span "
 "style='background-color: rgba(0.0, 165.0, 0, 0.15); border-radius: 3px;' "
 'title=\'1.0\'>_||>","<||_html:</span>_||>field<||_html:<span '
 "style='background-color: rgba(0.0, 165.0, 0, 0.15); border-radius: 3px;' "
 'title=\'1.0\'>_||>":"<||_html:</span>_||><||_html:<span '
 "style='background-color: rgba(0.0, 165.0, 0, 0.15); border-radius: 3px;' "
 "title='1.0'>_||>get<||_html:</span>_||><||_html:<span "
 "style='background-color: rgba(0.0, 165.0, 0, 0.15); border-radius: 3px;' "
 "title='1.0'>_||>Product<||_html:</span>_||><||_html:<span "
 "style='background-color: rgba(0.0, 165.0, 0, 0.15); border-radius: 3px;' "
 'title=\'1.0\'>_||>","<||_html:</span>_||>change<||_html:<span '
 "style='background-color: rgba(0.0, 165.0, 0, 0.15); border-radius: 3px;' "
 'title=\'1.0\'>_||>":"<||_html:</span>_||><||_html:<span '
 "style='background-color: rgba(0.0, 165.0, 0, 0.15); border-radius: 3px;' "
 "title='1.0'>_||>field<||_html:</span>_||><||_html:<span "
 "style='background-color: rgba(0.0, 165.0, 0, 0.15); border-radius: 3px;' "
 "title='1.0'>_||> details<||_html:</span>_||><||_html:<span "
 "style='background-color: rgba(0.0, 165.0, 0, 0.15); border-radius: 3px;' "
 "title='1.0'>_||> added<||_html:</span>_||><||_html:<span "
 "style='background-color: rgba(0.0, 165.0, 0, 0.15); border-radius: 3px;' "
 'title=\'1.0\'>_||>","<||_html:</span>_||>breaking<||_html:<span '
 "style='background-color: rgba(0.0, 165.0, 0, 0.15); border-radius: 3px;' "
 'title=\'1.0\'>_||>":<||_html:</span>_||><||_html:<span '
 "style='background-color: rgba(0.0, 165.0, 0, 0.15); border-radius: 3px;' "
 'title=\'1.0\'>_||>false<||_html:</span>_||>,"release_note<||_html:<span '
 "style='background-color: rgba(0.0, 165.0, 0, 0.15); border-radius: 3px;' "
 "title='1.0'>_||>")
('Analyze the following two GraphQL schemas for changes, including both '
 'breaking and non-breaking changes.\n'
 '\n'
 '                        Provide your analysis in the following JSON format:\n'
 '                        {\n'
 '                          "changes": [\n'
 '                            {\n'
 '                              "type": "String representing the GraphQL type '
 '(e.g., Query, Mutation, Subscription)",\n'
 '                              "field": "String representing the specific '
 'field that changed",\n'
 '                              "change": "String describing the change (e.g., '
 'field renamed, new field added, field removed)",\n'
 '                              "breaking": "Boolean indicating if the change '
 'is breaking (true) or non-breaking (false)",\n'
 '                              "release_note": "String with a natural '
 'language description of the change for release notes"\n'
 '                            }\n'
 '                          ],\n'
 '                          "release_notes": {\n'
 '                              "summary": "String summarizing all changes, '
 'suitable for a mailing list or public announcement"\n'
 '                          }\n'
 '                        }\n'
 '\n'
 '                        When analyzing, consider the following types of '
 'changes:\n'
 '                        1. Removing fields or types (breaking)\n'
 '                        2. Changing field types (potentially breaking)\n'
 '                        3. Adding required fields (breaking)\n'
 '                        4. Changing the type of existing arguments '
 '(breaking)\n'
 '                        5. Adding optional fields (non-breaking)\n'
 '                        6. Adding new types (non-breaking)\n'
 '                        7. Deprecating fields (non-breaking)\n'
 '\n'
 '                        Ensure that each change is categorized correctly as '
 'breaking or non-breaking.: type Query {\n'
 '  getProduct(id: ID!): Product\n'
 '}\n'
 '\n'
 'type Product {\n'
 '  id: ID\n'
 '  name: String\n'
 '  description: String\n'
 '  price: Float\n'
 '  stock: Int\n'
 '}\n'
 ', type Query {\n'
 '  getProduct(id: ID!): Product\n'
 '}\n'
 '\n'
 'type Product {\n'
 '  id: ID\n'
 '  name: String\n'
 '  details: String\n'
 '  price: Float\n'
 '}\n'
 '\n'
 "Answer:<||_html:<span style='background-color: rgba(0.0, 165.0, 0, 0.15); "
 "border-radius: 3px;' title='1.0'>_||> {<||_html:</span>_||><||_html:<span "
 "style='background-color: rgba(0.0, 165.0, 0, 0.15); border-radius: 3px;' "
 "title='1.0'>_||>\n"
 "<||_html:</span>_||><||_html:<span style='background-color: rgba(0.0, 165.0, "
 "0, 0.15); border-radius: 3px;' title='1.0'>_||> "
 "<||_html:</span>_||><||_html:<span style='background-color: rgba(0.0, 165.0, "
 "0, 0.15); border-radius: 3px;' title='1.0'>_||> "
 '"<||_html:</span>_||><||_html:<span style=\'background-color: rgba(0.0, '
 "165.0, 0, 0.15); border-radius: 3px;' "
 "title='1.0'>_||>changes<||_html:</span>_||><||_html:<span "
 "style='background-color: rgba(0.0, 165.0, 0, 0.15); border-radius: 3px;' "
 'title=\'1.0\'>_||>":<||_html:</span>_||><||_html:<span '
 "style='background-color: rgba(0.0, 165.0, 0, 0.15); border-radius: 3px;' "
 "title='1.0'>_||> [<||_html:</span>_||><||_html:<span "
 "style='background-color: rgba(0.0, 165.0, 0, 0.15); border-radius: 3px;' "
 "title='1.0'>_||>\n"
 "<||_html:</span>_||><||_html:<span style='background-color: rgba(0.0, 165.0, "
 "0, 0.15); border-radius: 3px;' title='1.0'>_||>   "
 "<||_html:</span>_||><||_html:<span style='background-color: rgba(0.0, 165.0, "
 "0, 0.15); border-radius: 3px;' title='1.0'>_||> "
 "{<||_html:</span>_||><||_html:<span style='background-color: rgba(0.0, "
 "165.0, 0, 0.15); border-radius: 3px;' title='1.0'>_||>\n"
 "<||_html:</span>_||><||_html:<span style='background-color: rgba(0.0, 165.0, "
 "0, 0.15); border-radius: 3px;' title='1.0'>_||>     "
 "<||_html:</span>_||><||_html:<span style='background-color: rgba(0.0, 165.0, "
 "0, 0.15); border-radius: 3px;' title='1.0'>_||> "
 '"<||_html:</span>_||><||_html:<span style=\'background-color: rgba(0.0, '
 "165.0, 0, 0.15); border-radius: 3px;' "
 "title='1.0'>_||>type<||_html:</span>_||><||_html:<span "
 "style='background-color: rgba(0.0, 165.0, 0, 0.15); border-radius: 3px;' "
 'title=\'1.0\'>_||>":<||_html:</span>_||><||_html:<span '
 "style='background-color: rgba(0.0, 165.0, 0, 0.15); border-radius: 3px;' "
 'title=\'1.0\'>_||> "<||_html:</span>_||><||_html:<span '
 "style='background-color: rgba(0.0, 165.0, 0, 0.15); border-radius: 3px;' "
 "title='1.0'>_||>Query<||_html:</span>_||><||_html:<span "
 "style='background-color: rgba(0.0, 165.0, 0, 0.15); border-radius: 3px;' "
 'title=\'1.0\'>_||>",<||_html:</span>_||><||_html:<span '
 "style='background-color: rgba(0.0, 165.0, 0, 0.15); border-radius: 3px;' "
 "title='1.0'>_||>\n"
 "<||_html:</span>_||><||_html:<span style='background-color: rgba(0.0, 165.0, "
 "0, 0.15); border-radius: 3px;' title='1.0'>_||>     "
 "<||_html:</span>_||><||_html:<span style='background-color: rgba(0.0, 165.0, "
 "0, 0.15); border-radius: 3px;' title='1.0'>_||> "
 '"<||_html:</span>_||><||_html:<span style=\'background-color: rgba(0.0, '
 "165.0, 0, 0.15); border-radius: 3px;' "
 "title='1.0'>_||>field<||_html:</span>_||><||_html:<span "
 "style='background-color: rgba(0.0, 165.0, 0, 0.15); border-radius: 3px;' "
 'title=\'1.0\'>_||>":<||_html:</span>_||><||_html:<span '
 "style='background-color: rgba(0.0, 165.0, 0, 0.15); border-radius: 3px;' "
 'title=\'1.0\'>_||> "<||_html:</span>_||><||_html:<span '
 "style='background-color: rgba(0.0, 165.0, 0, 0.15); border-radius: 3px;' "
 "title='1.0'>_||>get<||_html:</span>_||><||_html:<span "
 "style='background-color: rgba(0.0, 165.0, 0, 0.15); border-radius: 3px;' "
 "title='1.0'>_||>Product<||_html:</span>_||><||_html:<span "
 "style='background-color: rgba(0.0, 165.0, 0, 0.15); border-radius: 3px;' "
 'title=\'1.0\'>_||>",<||_html:</span>_||><||_html:<span '
 "style='background-color: rgba(0.0, 165.0, 0, 0.15); border-radius: 3px;' "
 "title='1.0'>_||>\n"
 "<||_html:</span>_||><||_html:<span style='background-color: rgba(0.0, 165.0, "
 "0, 0.15); border-radius: 3px;' title='1.0'>_||>     "
 "<||_html:</span>_||><||_html:<span style='background-color: rgba(0.0, 165.0, "
 "0, 0.15); border-radius: 3px;' title='1.0'>_||> "
 '"<||_html:</span>_||><||_html:<span style=\'background-color: rgba(0.0, '
 "165.0, 0, 0.15); border-radius: 3px;' "
 "title='1.0'>_||>change<||_html:</span>_||><||_html:<span "
 "style='background-color: rgba(0.0, 165.0, 0, 0.15); border-radius: 3px;' "
 'title=\'1.0\'>_||>":<||_html:</span>_||><||_html:<span '
 "style='background-color: rgba(0.0, 165.0, 0, 0.15); border-radius: 3px;' "
 'title=\'1.0\'>_||> "<||_html:</span>_||><||_html:<span '
 "style='background-color: rgba(0.0, 165.0, 0, 0.15); border-radius: 3px;' "
 "title='1.0'>_||>field<||_html:</span>_||><||_html:<span "
 "style='background-color: rgba(0.0, 165.0, 0, 0.15); border-radius: 3px;' "
 "title='1.0'>_||> details<||_html:</span>_||><||_html:<span "
 "style='background-color: rgba(0.0, 165.0, 0, 0.15); border-radius: 3px;' "
 "title='1.0'>_||> added<||_html:</span>_||><||_html:<span "
 "style='background-color: rgba(0.0, 165.0, 0, 0.15); border-radius: 3px;' "
 'title=\'1.0\'>_||>",<||_html:</span>_||><||_html:<span '
 "style='background-color: rgba(0.0, 165.0, 0, 0.15); border-radius: 3px;' "
 "title='1.0'>_||>\n"
 "<||_html:</span>_||><||_html:<span style='background-color: rgba(0.0, 165.0, "
 "0, 0.15); border-radius: 3px;' title='1.0'>_||>     "
 "<||_html:</span>_||><||_html:<span style='background-color: rgba(0.0, 165.0, "
 "0, 0.15); border-radius: 3px;' title='1.0'>_||> "
 '"<||_html:</span>_||><||_html:<span style=\'background-color: rgba(0.0, '
 "165.0, 0, 0.15); border-radius: 3px;' "
 "title='1.0'>_||>breaking<||_html:</span>_||><||_html:<span "
 "style='background-color: rgba(0.0, 165.0, 0, 0.15); border-radius: 3px;' "
 'title=\'1.0\'>_||>":<||_html:</span>_||><||_html:<span '
 "style='background-color: rgba(0.0, 165.0, 0, 0.15); border-radius: 3px;' "
 'title=\'1.0\'>_||> "<||_html:</span>_||><||_html:<span '
 "style='background-color: rgba(0.0, 165.0, 0, 0.15); border-radius: 3px;' "
 "title='1.0'>_||>false<||_html:</span>_||><||_html:<span "
 "style='background-color: rgba(0.0, 165.0, 0, 0.15); border-radius: 3px;' "
 'title=\'1.0\'>_||>",<||_html:</span>_||><||_html:<span '
 "style='background-color: rgba(0.0, 165.0, 0, 0.15); border-radius: 3px;' "
 "title='1.0'>_||>\n"
 "<||_html:</span>_||><||_html:<span style='background-color: rgba(0.0, 165.0, "
 "0, 0.15); border-radius: 3px;' title='1.0'>_||>     "
 "<||_html:</span>_||><||_html:<span style='background-color: rgba(0.0, 165.0, "
 "0, 0.15); border-radius: 3px;' title='1.0'>_||> "
 '"<||_html:</span>_||><||_html:<span style=\'background-color: rgba(0.0, '
 "165.0, 0, 0.15); border-radius: 3px;' "
 "title='1.0'>_||>release<||_html:</span>_||><||_html:<span "
 "style='background-color: rgba(0.0, 165.0, 0, 0.15); border-radius: 3px;' "
 "title='1.0'>_||>_<||_html:</span>_||><||_html:<span style='background-color: "
 "rgba(0.0, 165.0, 0, 0.15); border-radius: 3px;' "
 "title='1.0'>_||>note<||_html:</span>_||><||_html:<span "
 "style='background-color: rgba(0.0, 165.0, 0, 0.15); border-radius: 3px;' "
 'title=\'1.0\'>_||>":<||_html:</span>_||><||_html:<span '
 "style='background-color: rgba(0.0, 165.0, 0, 0.15); border-radius: 3px;' "
 'title=\'1.0\'>_||> "<||_html:</span>_||><||_html:<span '
 "style='background-color: rgba(0.0, 165.0, 0, 0.15); border-radius: 3px;' "
 "title='1.0'>_||>The<||_html:</span>_||><||_html:<span "
 "style='background-color: rgba(0.0, 165.0, 0, 0.15); border-radius: 3px;' "
 "title='1.0'>_||> '<||_html:</span>_||><||_html:<span "
 "style='background-color: rgba(0.0, 165.0, 0, 0.15); border-radius: 3px;' "
 "title='1.0'>_||>get<||_html:</span>_||><||_html:<span "
 "style='background-color: rgba(0.0, 165.0, 0, 0.15); border-radius: 3px;' "
 "title='1.0'>_||>Product<||_html:</span>_||><||_html:<span "
 "style='background-color: rgba(0.0, 165.0, 0, 0.15); border-radius: 3px;' "
 "title='1.0'>_||>'<||_html:</span>_||><||_html:<span style='background-color: "
 "rgba(0.0, 165.0, 0, 0.15); border-radius: 3px;' title='1.0'>_||> "
 "query<||_html:</span>_||><||_html:<span style='background-color: rgba(0.0, "
 "165.0, 0, 0.15); border-radius: 3px;' title='1.0'>_||> "
 "now<||_html:</span>_||><||_html:<span style='background-color: rgba(0.0, "
 "165.0, 0, 0.15); border-radius: 3px;' title='1.0'>_||> "
 "includes<||_html:</span>_||><||_html:<span style='background-color: "
 "rgba(0.0, 165.0, 0, 0.15); border-radius: 3px;' title='1.0'>_||> "
 "a<||_html:</span>_||><||_html:<span style='background-color: rgba(0.0, "
 "165.0, 0, 0.15); border-radius: 3px;' title='1.0'>_||> "
 "new<||_html:</span>_||><||_html:<span style='background-color: rgba(0.0, "
 "165.0, 0, 0.15); border-radius: 3px;' title='1.0'>_||> "
 "field<||_html:</span>_||><||_html:<span style='background-color: rgba(0.0, "
 "165.0, 0, 0.15); border-radius: 3px;' title='1.0'>_||> "
 "'<||_html:</span>_||><||_html:<span style='background-color: rgba(0.0, "
 "165.0, 0, 0.15); border-radius: 3px;' "
 "title='1.0'>_||>details<||_html:</span>_||><||_html:<span "
 "style='background-color: rgba(0.0, 165.0, 0, 0.15); border-radius: 3px;' "
 "title='1.0'>_||>'<||_html:</span>_||><||_html:<span style='background-color: "
 "rgba(0.0, 165.0, 0, 0.15); border-radius: 3px;' title='1.0'>_||> "
 "of<||_html:</span>_||><||_html:<span style='background-color: rgba(0.0, "
 "165.0, 0, 0.15); border-radius: 3px;' title='1.0'>_||> "
 "type<||_html:</span>_||><||_html:<span style='background-color: rgba(0.0, "
 "165.0, 0, 0.15); border-radius: 3px;' title='1.0'>_||> "
 "String<||_html:</span>_||><||_html:<span style='background-color: rgba(0.0, "
 "165.0, 0, 0.15); border-radius: 3px;' "
 'title=\'1.0\'>_||>."<||_html:</span>_||><||_html:<span '
 "style='background-color: rgba(0.0, 165.0, 0, 0.15); border-radius: 3px;' "
 "title='1.0'>_||>\n"
 "<||_html:</span>_||><||_html:<span style='background-color: rgba(0.0, 165.0, "
 "0, 0.15); border-radius: 3px;' title='1.0'>_||>   "
 "<||_html:</span>_||><||_html:<span style='background-color: rgba(0.0, 165.0, "
 "0, 0.15); border-radius: 3px;' title='1.0'>_||> "
 "},<||_html:</span>_||><||_html:<span style='background-color: rgba(0.0, "
 "165.0, 0, 0.15); border-radius: 3px;' title='1.0'>_||>\n"
 "<||_html:</span>_||><||_html:<span style='background-color: rgba(0.0, 165.0, "
 "0, 0.15); border-radius: 3px;' title='1.0'>_||>   "
 "<||_html:</span>_||><||_html:<span style='background-color: rgba(0.0, 165.0, "
 "0, 0.15); border-radius: 3px;' title='1.0'>_||> "
 "{<||_html:</span>_||><||_html:<span style='background-color: rgba(0.0, "
 "165.0, 0, 0.15); border-radius: 3px;' title='1.0'>_||>\n"
 "<||_html:</span>_||><||_html:<span style='background-color: rgba(0.0, 165.0, "
 "0, 0.15); border-radius: 3px;' title='1.0'>_||>     "
 "<||_html:</span>_||><||_html:<span style='background-color: rgba(0.0, 165.0, "
 "0, 0.15); border-radius: 3px;' title='1.0'>_||> "
 '"<||_html:</span>_||><||_html:<span style=\'background-color: rgba(0.0, '
 "165.0, 0, 0.15); border-radius: 3px;' "
 "title='1.0'>_||>type<||_html:</span>_||><||_html:<span "
 "style='background-color: rgba(0.0, 165.0, 0, 0.15); border-radius: 3px;' "
 'title=\'1.0\'>_||>":<||_html:</span>_||><||_html:<span '
 "style='background-color: rgba(0.0, 165.0, 0, 0.15); border-radius: 3px;' "
 'title=\'1.0\'>_||> "<||_html:</span>_||><||_html:<span '
 "style='background-color: rgba(0.0, 165.0, 0, 0.15); border-radius: 3px;' "
 "title='1.0'>_||>Product<||_html:</span>_||><||_html:<span "
 "style='background-color: rgba(0.0, 165.0, 0, 0.15); border-radius: 3px;' "
 'title=\'1.0\'>_||>",<||_html:</span>_||><||_html:<span '
 "style='background-color: rgba(0.0, 165.0, 0, 0.15); border-radius: 3px;' "
 "title='1.0'>_||>\n"
 "<||_html:</span>_||><||_html:<span style='background-color: rgba(0.0, 165.0, "
 "0, 0.15); border-radius: 3px;' title='1.0'>_||>     "
 "<||_html:</span>_||><||_html:<span style='background-color: rgba(0.0, 165.0, "
 "0, 0.15); border-radius: 3px;' title='1.0'>_||> "
 '"<||_html:</span>_||><||_html:<span style=\'background-color: rgba(0.0, '
 "165.0, 0, 0.15); border-radius: 3px;' "
 "title='1.0'>_||>field<||_html:</span>_||><||_html:<span "
 "style='background-color: rgba(0.0, 165.0, 0, 0.15); border-radius: 3px;' "
 'title=\'1.0\'>_||>":<||_html:</span>_||><||_html:<span '
 "style='background-color: rgba(0.0, 165.0, 0, 0.15); border-radius: 3px;' "
 'title=\'1.0\'>_||> "<||_html:</span>_||><||_html:<span '
 "style='background-color: rgba(0.0, 165.0, 0, 0.15); border-radius: 3px;' "
 "title='1.0'>_||>description<||_html:</span>_||><||_html:<span "
 "style='background-color: rgba(0.0, 165.0, 0, 0.15); border-radius: 3px;' "
 'title=\'1.0\'>_||>",<||_html:</span>_||><||_html:<span '
 "style='background-color: rgba(0.0, 165.0, 0, 0.15); border-radius: 3px;' "
 "title='1.0'>_||>\n"
 "<||_html:</span>_||><||_html:<span style='background-color: rgba(0.0, 165.0, "
 "0, 0.15); border-radius: 3px;' title='1.0'>_||>     "
 "<||_html:</span>_||><||_html:<span style='background-color: rgba(0.0, 165.0, "
 "0, 0.15); border-radius: 3px;' title='1.0'>_||> "
 '"<||_html:</span>_||><||_html:<span style=\'background-color: rgba(0.0, '
 "165.0, 0, 0.15); border-radius: 3px;' "
 "title='1.0'>_||>change<||_html:</span>_||><||_html:<span "
 "style='background-color: rgba(0.0, 165.0, 0, 0.15); border-radius: 3px;' "
 'title=\'1.0\'>_||>":<||_html:</span>_||><||_html:<span '
 "style='background-color: rgba(0.0, 165.0, 0, 0.15); border-radius: 3px;' "
 'title=\'1.0\'>_||> "<||_html:</span>_||><||_html:<span '
 "style='background-color: rgba(0.0, 165.0, 0, 0.15); border-radius: 3px;' "
 "title='1.0'>_||>field<||_html:</span>_||><||_html:<span "
 "style='background-color: rgba(0.0, 165.0, 0, 0.15); border-radius: 3px;' "
 "title='1.0'>_||> removed<||_html:</span>_||><||_html:<span "
 "style='background-color: rgba(0.0, 165.0, 0, 0.15); border-radius: 3px;' "
 'title=\'1.0\'>_||>",<||_html:</span>_||><||_html:<span '
 "style='background-color: rgba(0.0, 165.0, 0, 0.15); border-radius: 3px;' "
 "title='1.0'>_||>\n"
 "<||_html:</span>_||><||_html:<span style='background-color: rgba(0.0, 165.0, "
 "0, 0.15); border-radius: 3px;' title='1.0'>_||>     "
 "<||_html:</span>_||><||_html:<span style='background-color: rgba(0.0, 165.0, "
 "0, 0.15); border-radius: 3px;' title='1.0'>_||> "
 '"<||_html:</span>_||><||_html:<span style=\'background-color: rgba(0.0, '
 "165.0, 0, 0.15); border-radius: 3px;' "
 "title='1.0'>_||>breaking<||_html:</span>_||><||_html:<span "
 "style='background-color: rgba(0.0, 165.0, 0, 0.15); border-radius: 3px;' "
 'title=\'1.0\'>_||>":<||_html:</span>_||><||_html:<span '
 "style='background-color: rgba(0.0, 165.0, 0, 0.15); border-radius: 3px;' "
 'title=\'1.0\'>_||> "<||_html:</span>_||><||_html:<span '
 "style='background-color: rgba(0.0, 165.0, 0, 0.15); border-radius: 3px;' "
 "title='1.0'>_||>true<||_html:</span>_||><||_html:<span "
 "style='background-color: rgba(0.0, 165.0, 0, 0.15); border-radius: 3px;' "
 'title=\'1.0\'>_||>",<||_html:</span>_||><||_html:<span '
 "style='background-color: rgba(0.0, 165.0, 0, 0.15); border-radius: 3px;' "
 "title='1.0'>_||>\n"
 "<||_html:</span>_||><||_html:<span style='background-color: rgba(0.0, 165.0, "
 "0, 0.15); border-radius: 3px;' title='1.0'>_||>     "
 "<||_html:</span>_||><||_html:<span style='background-color: rgba(0.0, 165.0, "
 "0, 0.15); border-radius: 3px;' title='1.0'>_||> "
 '"<||_html:</span>_||><||_html:<span style=\'background-color: rgba(0.0, '
 "165.0, 0, 0.15); border-radius: 3px;' "
 "title='1.0'>_||>release<||_html:</span>_||><||_html:<span "
 "style='background-color: rgba(0.0, 165.0, 0, 0.15); border-radius: 3px;' "
 "title='1.0'>_||>_<||_html:</span>_||><||_html:<span style='background-color: "
 "rgba(0.0, 165.0, 0, 0.15); border-radius: 3px;' "
 "title='1.0'>_||>note<||_html:</span>_||><||_html:<span "
 "style='background-color: rgba(0.0, 165.0, 0, 0.15); border-radius: 3px;' "
 'title=\'1.0\'>_||>":<||_html:</span>_||><||_html:<span '
 "style='background-color: rgba(0.0, 165.0, 0, 0.15); border-radius: 3px;' "
 'title=\'1.0\'>_||> "<||_html:</span>_||><||_html:<span '
 "style='background-color: rgba(0.0, 165.0, 0, 0.15); border-radius: 3px;' "
 "title='1.0'>_||>The<||_html:</span>_||><||_html:<span "
 "style='background-color: rgba(0.0, 165.0, 0, 0.15); border-radius: 3px;' "
 "title='1.0'>_||> '<||_html:</span>_||><||_html:<span "
 "style='background-color: rgba(0.0, 165.0, 0, 0.15); border-radius: 3px;' "
 "title='1.0'>_||>Product<||_html:</span>_||><||_html:<span "
 "style='background-color: rgba(0.0, 165.0, 0, 0.15); border-radius: 3px;' "
 "title='1.0'>_||>'<||_html:</span>_||><||_html:<span style='background-color: "
 "rgba(0.0, 165.0, 0, 0.15); border-radius: 3px;' title='1.0'>_||> "
 "type<||_html:</span>_||><||_html:<span style='background-color: rgba(0.0, "
 "165.0, 0, 0.15); border-radius: 3px;' title='1.0'>_||> "
 "no<||_html:</span>_||><||_html:<span style='background-color: rgba(0.0, "
 "165.0, 0, 0.15); border-radius: 3px;' title='1.0'>_||> "
 "longer<||_html:</span>_||><||_html:<span style='background-color: rgba(0.0, "
 "165.0, 0, 0.15); border-radius: 3px;' title='1.0'>_||> "
 "includes<||_html:</span>_||><||_html:<span style='background-color: "
 "rgba(0.0, 165.0, 0, 0.15); border-radius: 3px;' title='1.0'>_||> "
 "the<||_html:</span>_||><||_html:<span style='background-color: rgba(0.0, "
 "165.0, 0, 0.15); border-radius: 3px;' title='1.0'>_||> "
 "'<||_html:</span>_||><||_html:<span style='background-color: rgba(0.0, "
 "165.0, 0, 0.15); border-radius: 3px;' "
 "title='1.0'>_||>description<||_html:</span>_||><||_html:<span "
 "style='background-color: rgba(0.0, 165.0, 0, 0.15); border-radius: 3px;' "
 "title='1.0'>_||>'<||_html:</span>_||><||_html:<span style='background-color: "
 "rgba(0.0, 165.0, 0, 0.15); border-radius: 3px;' title='1.0'>_||> "
 "field<||_html:</span>_||><||_html:<span style='background-color: rgba(0.0, "
 "165.0, 0, 0.15); border-radius: 3px;' "
 'title=\'1.0\'>_||>."<||_html:</span>_||><||_html:<span '
 "style='background-color: rgba(0.0, 165.0, 0, 0.15); border-radius: 3px;' "
 "title='1.0'>_||>\n"
 "<||_html:</span>_||><||_html:<span style='background-color: rgba(0.0, 165.0, "
 "0, 0.15); border-radius: 3px;' title='1.0'>_||>   "
 "<||_html:</span>_||><||_html:<span style='background-color: rgba(0.0, 165.0, "
 "0, 0.15); border-radius: 3px;' title='1.0'>_||> "
 "},<||_html:</span>_||><||_html:<span style='background-color: rgba(0.0, "
 "165.0, 0, 0.15); border-radius: 3px;' title='1.0'>_||>\n"
 "<||_html:</span>_||><||_html:<span style='background-color: rgba(0.0, 165.0, "
 "0, 0.15); border-radius: 3px;' title='1.0'>_||>   "
 "<||_html:</span>_||><||_html:<span style='background-color: rgba(0.0, 165.0, "
 "0, 0.15); border-radius: 3px;' title='1.0'>_||> "
 "{<||_html:</span>_||><||_html:<span style='background-color: rgba(0.0, "
 "165.0, 0, 0.15); border-radius: 3px;' title='1.0'>_||>\n"
 "<||_html:</span>_||><||_html:<span style='background-color: rgba(0.0, 165.0, "
 "0, 0.15); border-radius: 3px;' title='1.0'>_||>     "
 "<||_html:</span>_||><||_html:<span style='background-color: rgba(0.0, 165.0, "
 "0, 0.15); border-radius: 3px;' title='1.0'>_||> "
 '"<||_html:</span>_||><||_html:<span style=\'background-color: rgba(0.0, '
 "165.0, 0, 0.15); border-radius: 3px;' "
 "title='1.0'>_||>type<||_html:</span>_||><||_html:<span "
 "style='background-color: rgba(0.0, 165.0, 0, 0.15); border-radius: 3px;' "
 'title=\'1.0\'>_||>":<||_html:</span>_||><||_html:<span '
 "style='background-color: rgba(0.0, 165.0, 0, 0.15); border-radius: 3px;' "
 'title=\'1.0\'>_||> "<||_html:</span>_||><||_html:<span '
 "style='background-color: rgba(0.0, 165.0, 0, 0.15); border-radius: 3px;' "
 "title='1.0'>_||>Product<||_html:</span>_||><||_html:<span "
 "style='background-color: rgba(0.0, 165.0, 0, 0.15); border-radius: 3px;' "
 'title=\'1.0\'>_||>",<||_html:</span>_||><||_html:<span '
 "style='background-color: rgba(0.0, 165.0, 0, 0.15); border-radius: 3px;' "
 "title='1.0'>_||>\n"
 "<||_html:</span>_||><||_html:<span style='background-color: rgba(0.0, 165.0, "
 "0, 0.15); border-radius: 3px;' title='1.0'>_||>     "
 "<||_html:</span>_||><||_html:<span style='background-color: rgba(0.0, 165.0, "
 "0, 0.15); border-radius: 3px;' title='1.0'>_||> "
 '"<||_html:</span>_||><||_html:<span style=\'background-color: rgba(0.0, '
 "165.0, 0, 0.15); border-radius: 3px;' "
 "title='1.0'>_||>field<||_html:</span>_||><||_html:<span "
 "style='background-color: rgba(0.0, 165.0, 0, 0.15); border-radius: 3px;' "
 'title=\'1.0\'>_||>":<||_html:</span>_||><||_html:<span '
 "style='background-color: rgba(0.0, 165.0, 0, 0.15); border-radius: 3px;' "
 'title=\'1.0\'>_||> "<||_html:</span>_||><||_html:<span '
 "style='background-color: rgba(0.0, 165.0, 0, 0.15); border-radius: 3px;' "
 "title='1.0'>_||>stock<||_html:</span>_||><||_html:<span "
 "style='background-color: rgba(0.0, 165.0, 0, 0.15); border-radius: 3px;' "
 'title=\'1.0\'>_||>",<||_html:</span>_||><||_html:<span '
 "style='background-color: rgba(0.0, 165.0, 0, 0.15); border-radius: 3px;' "
 "title='1.0'>_||>\n"
 "<||_html:</span>_||><||_html:<span style='background-color: rgba(0.0, 165.0, "
 "0, 0.15); border-radius: 3px;' title='1.0'>_||>     "
 "<||_html:</span>_||><||_html:<span style='background-color: rgba(0.0, 165.0, "
 "0, 0.15); border-radius: 3px;' title='1.0'>_||> "
 '"<||_html:</span>_||><||_html:<span style=\'background-color: rgba(0.0, '
 "165.0, 0, 0.15); border-radius: 3px;' "
 "title='1.0'>_||>change<||_html:</span>_||><||_html:<span "
 "style='background-color: rgba(0.0, 165.0, 0, 0.15); border-radius: 3px;' "
 'title=\'1.0\'>_||>":<||_html:</span>_||><||_html:<span '
 "style='background-color: rgba(0.0, 165.0, 0, 0.15); border-radius: 3px;' "
 'title=\'1.0\'>_||> "<||_html:</span>_||><||_html:<span '
 "style='background-color: rgba(0.0, 165.0, 0, 0.15); border-radius: 3px;' "
 "title='1.0'>_||>field<||_html:</span>_||><||_html:<span "
 "style='background-color: rgba(0.0, 165.0, 0, 0.15); border-radius: 3px;' "
 "title='1.0'>_||> removed<||_html:</span>_||><||_html:<span "
 "style='background-color: rgba(0.0, 165.0, 0, 0.15); border-radius: 3px;' "
 'title=\'1.0\'>_||>",<||_html:</span>_||><||_html:<span '
 "style='background-color: rgba(0.0, 165.0, 0, 0.15); border-radius: 3px;' "
 "title='1.0'>_||>\n"
 "<||_html:</span>_||><||_html:<span style='background-color: rgba(0.0, 165.0, "
 "0, 0.15); border-radius: 3px;' title='1.0'>_||>     "
 "<||_html:</span>_||><||_html:<span style='background-color: rgba(0.0, 165.0, "
 "0, 0.15); border-radius: 3px;' title='1.0'>_||> "
 '"<||_html:</span>_||><||_html:<span style=\'background-color: rgba(0.0, '
 "165.0, 0, 0.15); border-radius: 3px;' "
 "title='1.0'>_||>breaking<||_html:</span>_||><||_html:<span "
 "style='background-color: rgba(0.0, 165.0, 0, 0.15); border-radius: 3px;' "
 'title=\'1.0\'>_||>":<||_html:</span>_||><||_html:<span '
 "style='background-color: rgba(0.0, 165.0, 0, 0.15); border-radius: 3px;' "
 'title=\'1.0\'>_||> "<||_html:</span>_||><||_html:<span '
 "style='background-color: rgba(0.0, 165.0, 0, 0.15); border-radius: 3px;' "
 "title='1.0'>_||>true<||_html:</span>_||><||_html:<span "
 "style='background-color: rgba(0.0, 165.0, 0, 0.15); border-radius: 3px;' "
 'title=\'1.0\'>_||>",<||_html:</span>_||><||_html:<span '
 "style='background-color: rgba(0.0, 165.0, 0, 0.15); border-radius: 3px;' "
 "title='1.0'>_||>\n"
 "<||_html:</span>_||><||_html:<span style='background-color: rgba(0.0, 165.0, "
 "0, 0.15); border-radius: 3px;' title='1.0'>_||>     "
 "<||_html:</span>_||><||_html:<span style='background-color: rgba(0.0, 165.0, "
 "0, 0.15); border-radius: 3px;' title='1.0'>_||> "
 '"<||_html:</span>_||><||_html:<span style=\'background-color: rgba(0.0, '
 "165.0, 0, 0.15); border-radius: 3px;' "
 "title='1.0'>_||>release<||_html:</span>_||><||_html:<span "
 "style='background-color: rgba(0.0, 165.0, 0, 0.15); border-radius: 3px;' "
 "title='1.0'>_||>_<||_html:</span>_||><||_html:<span style='background-color: "
 "rgba(0.0, 165.0, 0, 0.15); border-radius: 3px;' "
 "title='1.0'>_||>note<||_html:</span>_||><||_html:<span "
 "style='background-color: rgba(0.0, 165.0, 0, 0.15); border-radius: 3px;' "
 'title=\'1.0\'>_||>":<||_html:</span>_||><||_html:<span '
 "style='background-color: rgba(0.0, 165.0, 0, 0.15); border-radius: 3px;' "
 'title=\'1.0\'>_||> "<||_html:</span>_||><||_html:<span '
 "style='background-color: rgba(0.0, 165.0, 0, 0.15); border-radius: 3px;' "
 "title='1.0'>_||>The<||_html:</span>_||><||_html:<span "
 "style='background-color: rgba(0.0, 165.0, 0, 0.15); border-radius: 3px;' "
 "title='1.0'>_||> '<||_html:</span>_||><||_html:<span "
 "style='background-color: rgba(0.0, 165.0, 0, 0.15); border-radius: 3px;' "
 "title='1.0'>_||>Product<||_html:</span>_||><||_html:<span "
 "style='background-color: rgba(0.0, 165.0, 0, 0.15); border-radius: 3px;' "
 "title='1.0'>_||>'<||_html:</span>_||><||_html:<span style='background-color: "
 "rgba(0.0, 165.0, 0, 0.15); border-radius: 3px;' title='1.0'>_||> "
 "type<||_html:</span>_||><||_html:<span style='background-color: rgba(0.0, "
 "165.0, 0, 0.15); border-radius: 3px;' title='1.0'>_||> "
 "no<||_html:</span>_||><||_html:<span style='background-color: rgba(0.0, "
 "165.0, 0, 0.15); border-radius: 3px;' title='1.0'>_||> "
 "longer<||_html:</span>_||><||_html:<span style='background-color: rgba(0.0, "
 "165.0, 0, 0.15); border-radius: 3px;' title='1.0'>_||> "
 "includes<||_html:</span>_||><||_html:<span style='background-color: "
 "rgba(0.0, 165.0, 0, 0.15); border-radius: 3px;' title='1.0'>_||> "
 "the<||_html:</span>_||><||_html:<span style='background-color: rgba(0.0, "
 "165.0, 0, 0.15); border-radius: 3px;' title='1.0'>_||> "
 "'<||_html:</span>_||><||_html:<span style='background-color: rgba(0.0, "
 "165.0, 0, 0.15); border-radius: 3px;' "
 "title='1.0'>_||>stock<||_html:</span>_||><||_html:<span "
 "style='background-color: rgba(0.0, 165.0, 0, 0.15); border-radius: 3px;' "
 "title='1.0'>_||>'<||_html:</span>_||><||_html:<span style='background-color: "
 "rgba(0.0, 165.0, 0, 0.15); border-radius: 3px;' title='1.0'>_||> "
 "field<||_html:</span>_||><||_html:<span style='background-color: rgba(0.0, "
 "165.0, 0, 0.15); border-radius: 3px;' "
 'title=\'1.0\'>_||>."<||_html:</span>_||><||_html:<span '
 "style='background-color: rgba(0.0, 165.0, 0, 0.15); border-radius: 3px;' "
 "title='1.0'>_||>\n"
 "<||_html:</span>_||><||_html:<span style='background-color: rgba(0.0, 165.0, "
 "0, 0.15); border-radius: 3px;' title='1.0'>_||>   "
 "<||_html:</span>_||><||_html:<span style='background-color: rgba(0.0, 165.0, "
 "0, 0.15); border-radius: 3px;' title='1.0'>_||> "
 "}<||_html:</span>_||><||_html:<span style='background-color: rgba(0.0, "
 "165.0, 0, 0.15); border-radius: 3px;' title='1.0'>_||>\n"
 "<||_html:</span>_||><||_html:<span style='background-color: rgba(0.0, 165.0, "
 "0, 0.15); border-radius: 3px;' title='1.0'>_||> "
 "<||_html:</span>_||><||_html:<span style='background-color: rgba(0.0, 165.0, "
 "0, 0.15); border-radius: 3px;' title='1.0'>_||> "
 "],<||_html:</span>_||><||_html:<span style='background-color: rgba(0.0, "
 "165.0, 0, 0.15); border-radius: 3px;' title='1.0'>_||>\n"
 "<||_html:</span>_||><||_html:<span style='background-color: rgba(0.0, 165.0, "
 "0, 0.15); border-radius: 3px;' title='1.0'>_||> "
 "<||_html:</span>_||><||_html:<span style='background-color: rgba(0.0, 165.0, "
 "0, 0.15); border-radius: 3px;' title='1.0'>_||> "
 '"<||_html:</span>_||><||_html:<span style=\'background-color: rgba(0.0, '
 "165.0, 0, 0.15); border-radius: 3px;' "
 "title='1.0'>_||>release<||_html:</span>_||><||_html:<span "
 "style='background-color: rgba(0.0, 165.0, 0, 0.15); border-radius: 3px;' "
 "title='1.0'>_||>_<||_html:</span>_||><||_html:<span style='background-color: "
 "rgba(0.0, 165.0, 0, 0.15); border-radius: 3px;' "
 "title='1.0'>_||>notes<||_html:</span>_||><||_html:<span "
 "style='background-color: rgba(0.0, 165.0, 0, 0.15); border-radius: 3px;' "
 'title=\'1.0\'>_||>":<||_html:</span>_||><||_html:<span '
 "style='background-color: rgba(0.0, 165.0, 0, 0.15); border-radius: 3px;' "
 "title='1.0'>_||> {<||_html:</span>_||><||_html:<span "
 "style='background-color: rgba(0.0, 165.0, 0, 0.15); border-radius: 3px;' "
 "title='1.0'>_||>\n"
 "<||_html:</span>_||><||_html:<span style='background-color: rgba(0.0, 165.0, "
 "0, 0.15); border-radius: 3px;' title='1.0'>_||>   "
 "<||_html:</span>_||><||_html:<span style='background-color: rgba(0.0, 165.0, "
 "0, 0.15); border-radius: 3px;' title='1.0'>_||> "
 '"<||_html:</span>_||><||_html:<span style=\'background-color: rgba(0.0, '
 "165.0, 0, 0.15); border-radius: 3px;' "
 "title='1.0'>_||>summary<||_html:</span>_||><||_html:<span "
 "style='background-color: rgba(0.0, 165.0, 0, 0.15); border-radius: 3px;' "
 'title=\'1.0\'>_||>":<||_html:</span>_||><||_html:<span '
 "style='background-color: rgba(0.0, 165.0, 0, 0.15); border-radius: 3px;' "
 'title=\'1.0\'>_||> "<||_html:</span>_||><||_html:<span '
 "style='background-color: rgba(0.0, 165.0, 0, 0.15); border-radius: 3px;' "
 "title='1.0'>_||>The<||_html:</span>_||><||_html:<span "
 "style='background-color: rgba(0.0, 165.0, 0, 0.15); border-radius: 3px;' "
 "title='1.0'>_||> '<||_html:</span>_||><||_html:<span "
 "style='background-color: rgba(0.0, 165.0, 0, 0.15); border-radius: 3px;' "
 "title='1.0'>_||>get<||_html:</span>_||><||_html:<span "
 "style='background-color: rgba(0.0, 165.0, 0, 0.15); border-radius: 3px;' "
 "title='1.0'>_||>Product<||_html:</span>_||><||_html:<span "
 "style='background-color: rgba(0.0, 165.0, 0, 0.15); border-radius: 3px;' "
 "title='1.0'>_||>'<||_html:</span>_||><||_html:<span style='background-color: "
 "rgba(0.0, 165.0, 0, 0.15); border-radius: 3px;' title='1.0'>_||> "
 "query<||_html:</span>_||><||_html:<span style='background-color: rgba(0.0, "
 "165.0, 0, 0.15); border-radius: 3px;' title='1.0'>_||> "
 "now<||_html:</span>_||><||_html:<span style='background-color: rgba(0.0, "
 "165.0, 0, 0.15); border-radius: 3px;' title='1.0'>_||> "
 "includes<||_html:</span>_||><||_html:<span style='background-color: "
 "rgba(0.0, 165.0, 0, 0.15); border-radius: 3px;' title='1.0'>_||> "
 "a<||_html:</span>_||><||_html:<span style='background-color: rgba(0.0, "
 "165.0, 0, 0.15); border-radius: 3px;' title='1.0'>_||> "
 "new<||_html:</span>_||><||_html:<span style='background-color: rgba(0.0, "
 "165.0, 0, 0.15); border-radius: 3px;' title='1.0'>_||> "
 "field<||_html:</span>_||><||_html:<span style='background-color: rgba(0.0, "
 "165.0, 0, 0.15); border-radius: 3px;' title='1.0'>_||> "
 "'<||_html:</span>_||><||_html:<span style='background-color: rgba(0.0, "
 "165.0, 0, 0.15); border-radius: 3px;' "
 "title='1.0'>_||>details<||_html:</span>_||><||_html:<span "
 "style='background-color: rgba(0.0, 165.0, 0, 0.15); border-radius: 3px;' "
 "title='1.0'>_||>'<||_html:</span>_||><||_html:<span style='background-color: "
 "rgba(0.0, 165.0, 0, 0.15); border-radius: 3px;' title='1.0'>_||> "
 "of<||_html:</span>_||><||_html:<span style='background-color: rgba(0.0, "
 "165.0, 0, 0.15); border-radius: 3px;' title='1.0'>_||> "
 "type<||_html:</span>_||><||_html:<span style='background-color: rgba(0.0, "
 "165.0, 0, 0.15); border-radius: 3px;' title='1.0'>_||> "
 "String<||_html:</span>_||><||_html:<span style='background-color: rgba(0.0, "
 "165.0, 0, 0.15); border-radius: 3px;' "
 "title='1.0'>_||>.<||_html:</span>_||><||_html:<span style='background-color: "
 "rgba(0.0, 165.0, 0, 0.15); border-radius: 3px;' title='1.0'>_||> "
 "The<||_html:</span>_||><||_html:<span style='background-color: rgba(0.0, "
 "165.0, 0, 0.15); border-radius: 3px;' title='1.0'>_||> "
 "'<||_html:</span>_||><||_html:<span style='background-color: rgba(0.0, "
 "165.0, 0, 0.15); border-radius: 3px;' "
 "title='1.0'>_||>Product<||_html:</span>_||><||_html:<span "
 "style='background-color: rgba(0.0, 165.0, 0, 0.15); border-radius: 3px;' "
 "title='1.0'>_||>'<||_html:</span>_||><||_html:<span style='background-color: "
 "rgba(0.0, 165.0, 0, 0.15); border-radius: 3px;' title='1.0'>_||> "
 "type<||_html:</span>_||><||_html:<span style='background-color: rgba(0.0, "
 "165.0, 0, 0.15); border-radius: 3px;' title='1.0'>_||> "
 "no<||_html:</span>_||><||_html:<span style='background-color: rgba(0.0, "
 "165.0, 0, 0.15); border-radius: 3px;' title='1.0'>_||> "
 "longer<||_html:</span>_||><||_html:<span style='background-color: rgba(0.0, "
 "165.0, 0, 0.15); border-radius: 3px;' title='1.0'>_||> "
 "includes<||_html:</span>_||><||_html:<span style='background-color: "
 "rgba(0.0, 165.0, 0, 0.15); border-radius: 3px;' title='1.0'>_||> "
 "the<||_html:</span>_||><||_html:<span style='background-color: rgba(0.0, "
 "165.0, 0, 0.15); border-radius: 3px;' title='1.0'>_||> "
 "'<||_html:</span>_||><||_html:<span style='background-color: rgba(0.0, "
 "165.0, 0, 0.15); border-radius: 3px;' "
 "title='1.0'>_||>description<||_html:</span>_||><||_html:<span "
 "style='background-color: rgba(0.0, 165.0, 0, 0.15); border-radius: 3px;' "
 "title='1.0'>_||>'<||_html:</span>_||><||_html:<span style='background-color: "
 "rgba(0.0, 165.0, 0, 0.15); border-radius: 3px;' title='1.0'>_||> "
 "and<||_html:</span>_||><||_html:<span style='background-color: rgba(0.0, "
 "165.0, 0, 0.15); border-radius: 3px;' title='1.0'>_||> "
 "'<||_html:</span>_||><||_html:<span style='background-color: rgba(0.0, "
 "165.0, 0, 0.15); border-radius: 3px;' "
 "title='1.0'>_||>stock<||_html:</span>_||><||_html:<span "
 "style='background-color: rgba(0.0, 165.0, 0, 0.15); border-radius: 3px;' "
 "title='1.0'>_||>'<||_html:</span>_||><||_html:<span style='background-color: "
 "rgba(0.0, 165.0, 0, 0.15); border-radius: 3px;' title='1.0'>_||> "
 "fields<||_html:</span>_||><||_html:<span style='background-color: rgba(0.0, "
 "165.0, 0, 0.15); border-radius: 3px;' "
 'title=\'1.0\'>_||>."<||_html:</span>_||><||_html:<span '
 "style='background-color: rgba(0.0, 165.0, 0, 0.15); border-radius: 3px;' "
 "title='1.0'>_||>\n"
 "<||_html:</span>_||><||_html:<span style='background-color: rgba(0.0, 165.0, "
 "0, 0.15); border-radius: 3px;' title='1.0'>_||> "
 "<||_html:</span>_||><||_html:<span style='background-color: rgba(0.0, 165.0, "
 "0, 0.15); border-radius: 3px;' title='1.0'>_||> "
 "}<||_html:</span>_||><||_html:<span style='background-color: rgba(0.0, "
 "165.0, 0, 0.15); border-radius: 3px;' title='1.0'>_||>\n"
 "<||_html:</span>_||><||_html:<span style='background-color: rgba(0.0, 165.0, "
 "0, 0.15); border-radius: 3px;' "
 'title=\'1.0\'>_||>}<||_html:</span>_||>{"changes":<||_html:<span '
 "style='background-color: rgba(0.0, 165.0, 0, 0.15); border-radius: 3px;' "
 "title='1.0'>_||>[<||_html:</span>_||><||_html:<span style='background-color: "
 "rgba(0.0, 165.0, 0, 0.15); border-radius: 3px;' "
 'title=\'1.0\'>_||>{"<||_html:</span>_||>type<||_html:<span '
 "style='background-color: rgba(0.0, 165.0, 0, 0.15); border-radius: 3px;' "
 'title=\'1.0\'>_||>":"<||_html:</span>_||><||_html:<span '
 "style='background-color: rgba(0.0, 165.0, 0, 0.15); border-radius: 3px;' "
 "title='1.0'>_||>Query<||_html:</span>_||><||_html:<span "
 "style='background-color: rgba(0.0, 165.0, 0, 0.15); border-radius: 3px;' "
 'title=\'1.0\'>_||>","<||_html:</span>_||>field<||_html:<span '
 "style='background-color: rgba(0.0, 165.0, 0, 0.15); border-radius: 3px;' "
 'title=\'1.0\'>_||>":"<||_html:</span>_||><||_html:<span '
 "style='background-color: rgba(0.0, 165.0, 0, 0.15); border-radius: 3px;' "
 "title='1.0'>_||>get<||_html:</span>_||><||_html:<span "
 "style='background-color: rgba(0.0, 165.0, 0, 0.15); border-radius: 3px;' "
 "title='1.0'>_||>Product<||_html:</span>_||><||_html:<span "
 "style='background-color: rgba(0.0, 165.0, 0, 0.15); border-radius: 3px;' "
 'title=\'1.0\'>_||>","<||_html:</span>_||>change<||_html:<span '
 "style='background-color: rgba(0.0, 165.0, 0, 0.15); border-radius: 3px;' "
 'title=\'1.0\'>_||>":"<||_html:</span>_||><||_html:<span '
 "style='background-color: rgba(0.0, 165.0, 0, 0.15); border-radius: 3px;' "
 "title='1.0'>_||>field<||_html:</span>_||><||_html:<span "
 "style='background-color: rgba(0.0, 165.0, 0, 0.15); border-radius: 3px;' "
 "title='1.0'>_||> details<||_html:</span>_||><||_html:<span "
 "style='background-color: rgba(0.0, 165.0, 0, 0.15); border-radius: 3px;' "
 "title='1.0'>_||> added<||_html:</span>_||><||_html:<span "
 "style='background-color: rgba(0.0, 165.0, 0, 0.15); border-radius: 3px;' "
 'title=\'1.0\'>_||>","<||_html:</span>_||>breaking<||_html:<span '
 "style='background-color: rgba(0.0, 165.0, 0, 0.15); border-radius: 3px;' "
 'title=\'1.0\'>_||>":<||_html:</span>_||><||_html:<span '
 "style='background-color: rgba(0.0, 165.0, 0, 0.15); border-radius: 3px;' "
 'title=\'1.0\'>_||>false<||_html:</span>_||>,"release_note<||_html:<span '
 "style='background-color: rgba(0.0, 165.0, 0, 0.15); border-radius: 3px;' "
 'title=\'1.0\'>_||>":"<||_html:</span>_||><||_html:<span '
 "style='background-color: rgba(0.0, 165.0, 0, 0.15); border-radius: 3px;' "
 "title='1.0'>_||>The<||_html:</span>_||><||_html:<span "
 "style='background-color: rgba(0.0, 165.0, 0, 0.15); border-radius: 3px;' "
 "title='1.0'>_||> '<||_html:</span>_||><||_html:<span "
 "style='background-color: rgba(0.0, 165.0, 0, 0.15); border-radius: 3px;' "
 "title='1.0'>_||>")
('Analyze the following two GraphQL schemas for changes, including both '
 'breaking and non-breaking changes.\n'
 '\n'
 '                        Provide your analysis in the following JSON format:\n'
 '                        {\n'
 '                          "changes": [\n'
 '                            {\n'
 '                              "type": "String representing the GraphQL type '
 '(e.g., Query, Mutation, Subscription)",\n'
 '                              "field": "String representing the specific '
 'field that changed",\n'
 '                              "change": "String describing the change (e.g., '
 'field renamed, new field added, field removed)",\n'
 '                              "breaking": "Boolean indicating if the change '
 'is breaking (true) or non-breaking (false)",\n'
 '                              "release_note": "String with a natural '
 'language description of the change for release notes"\n'
 '                            }\n'
 '                          ],\n'
 '                          "release_notes": {\n'
 '                              "summary": "String summarizing all changes, '
 'suitable for a mailing list or public announcement"\n'
 '                          }\n'
 '                        }\n'
 '\n'
 '                        When analyzing, consider the following types of '
 'changes:\n'
 '                        1. Removing fields or types (breaking)\n'
 '                        2. Changing field types (potentially breaking)\n'
 '                        3. Adding required fields (breaking)\n'
 '                        4. Changing the type of existing arguments '
 '(breaking)\n'
 '                        5. Adding optional fields (non-breaking)\n'
 '                        6. Adding new types (non-breaking)\n'
 '                        7. Deprecating fields (non-breaking)\n'
 '\n'
 '                        Ensure that each change is categorized correctly as '
 'breaking or non-breaking.: type Query {\n'
 '  getProduct(id: ID!): Product\n'
 '}\n'
 '\n'
 'type Product {\n'
 '  id: ID\n'
 '  name: String\n'
 '  description: String\n'
 '  price: Float\n'
 '  stock: Int\n'
 '}\n'
 ', type Query {\n'
 '  getProduct(id: ID!): Product\n'
 '}\n'
 '\n'
 'type Product {\n'
 '  id: ID\n'
 '  name: String\n'
 '  details: String\n'
 '  price: Float\n'
 '}\n'
 '\n'
 "Answer:<||_html:<span style='background-color: rgba(0.0, 165.0, 0, 0.15); "
 "border-radius: 3px;' title='1.0'>_||> {<||_html:</span>_||><||_html:<span "
 "style='background-color: rgba(0.0, 165.0, 0, 0.15); border-radius: 3px;' "
 "title='1.0'>_||>\n"
 "<||_html:</span>_||><||_html:<span style='background-color: rgba(0.0, 165.0, "
 "0, 0.15); border-radius: 3px;' title='1.0'>_||> "
 "<||_html:</span>_||><||_html:<span style='background-color: rgba(0.0, 165.0, "
 "0, 0.15); border-radius: 3px;' title='1.0'>_||> "
 '"<||_html:</span>_||><||_html:<span style=\'background-color: rgba(0.0, '
 "165.0, 0, 0.15); border-radius: 3px;' "
 "title='1.0'>_||>changes<||_html:</span>_||><||_html:<span "
 "style='background-color: rgba(0.0, 165.0, 0, 0.15); border-radius: 3px;' "
 'title=\'1.0\'>_||>":<||_html:</span>_||><||_html:<span '
 "style='background-color: rgba(0.0, 165.0, 0, 0.15); border-radius: 3px;' "
 "title='1.0'>_||> [<||_html:</span>_||><||_html:<span "
 "style='background-color: rgba(0.0, 165.0, 0, 0.15); border-radius: 3px;' "
 "title='1.0'>_||>\n"
 "<||_html:</span>_||><||_html:<span style='background-color: rgba(0.0, 165.0, "
 "0, 0.15); border-radius: 3px;' title='1.0'>_||>   "
 "<||_html:</span>_||><||_html:<span style='background-color: rgba(0.0, 165.0, "
 "0, 0.15); border-radius: 3px;' title='1.0'>_||> "
 "{<||_html:</span>_||><||_html:<span style='background-color: rgba(0.0, "
 "165.0, 0, 0.15); border-radius: 3px;' title='1.0'>_||>\n"
 "<||_html:</span>_||><||_html:<span style='background-color: rgba(0.0, 165.0, "
 "0, 0.15); border-radius: 3px;' title='1.0'>_||>     "
 "<||_html:</span>_||><||_html:<span style='background-color: rgba(0.0, 165.0, "
 "0, 0.15); border-radius: 3px;' title='1.0'>_||> "
 '"<||_html:</span>_||><||_html:<span style=\'background-color: rgba(0.0, '
 "165.0, 0, 0.15); border-radius: 3px;' "
 "title='1.0'>_||>type<||_html:</span>_||><||_html:<span "
 "style='background-color: rgba(0.0, 165.0, 0, 0.15); border-radius: 3px;' "
 'title=\'1.0\'>_||>":<||_html:</span>_||><||_html:<span '
 "style='background-color: rgba(0.0, 165.0, 0, 0.15); border-radius: 3px;' "
 'title=\'1.0\'>_||> "<||_html:</span>_||><||_html:<span '
 "style='background-color: rgba(0.0, 165.0, 0, 0.15); border-radius: 3px;' "
 "title='1.0'>_||>Query<||_html:</span>_||><||_html:<span "
 "style='background-color: rgba(0.0, 165.0, 0, 0.15); border-radius: 3px;' "
 'title=\'1.0\'>_||>",<||_html:</span>_||><||_html:<span '
 "style='background-color: rgba(0.0, 165.0, 0, 0.15); border-radius: 3px;' "
 "title='1.0'>_||>\n"
 "<||_html:</span>_||><||_html:<span style='background-color: rgba(0.0, 165.0, "
 "0, 0.15); border-radius: 3px;' title='1.0'>_||>     "
 "<||_html:</span>_||><||_html:<span style='background-color: rgba(0.0, 165.0, "
 "0, 0.15); border-radius: 3px;' title='1.0'>_||> "
 '"<||_html:</span>_||><||_html:<span style=\'background-color: rgba(0.0, '
 "165.0, 0, 0.15); border-radius: 3px;' "
 "title='1.0'>_||>field<||_html:</span>_||><||_html:<span "
 "style='background-color: rgba(0.0, 165.0, 0, 0.15); border-radius: 3px;' "
 'title=\'1.0\'>_||>":<||_html:</span>_||><||_html:<span '
 "style='background-color: rgba(0.0, 165.0, 0, 0.15); border-radius: 3px;' "
 'title=\'1.0\'>_||> "<||_html:</span>_||><||_html:<span '
 "style='background-color: rgba(0.0, 165.0, 0, 0.15); border-radius: 3px;' "
 "title='1.0'>_||>get<||_html:</span>_||><||_html:<span "
 "style='background-color: rgba(0.0, 165.0, 0, 0.15); border-radius: 3px;' "
 "title='1.0'>_||>Product<||_html:</span>_||><||_html:<span "
 "style='background-color: rgba(0.0, 165.0, 0, 0.15); border-radius: 3px;' "
 'title=\'1.0\'>_||>",<||_html:</span>_||><||_html:<span '
 "style='background-color: rgba(0.0, 165.0, 0, 0.15); border-radius: 3px;' "
 "title='1.0'>_||>\n"
 "<||_html:</span>_||><||_html:<span style='background-color: rgba(0.0, 165.0, "
 "0, 0.15); border-radius: 3px;' title='1.0'>_||>     "
 "<||_html:</span>_||><||_html:<span style='background-color: rgba(0.0, 165.0, "
 "0, 0.15); border-radius: 3px;' title='1.0'>_||> "
 '"<||_html:</span>_||><||_html:<span style=\'background-color: rgba(0.0, '
 "165.0, 0, 0.15); border-radius: 3px;' "
 "title='1.0'>_||>change<||_html:</span>_||><||_html:<span "
 "style='background-color: rgba(0.0, 165.0, 0, 0.15); border-radius: 3px;' "
 'title=\'1.0\'>_||>":<||_html:</span>_||><||_html:<span '
 "style='background-color: rgba(0.0, 165.0, 0, 0.15); border-radius: 3px;' "
 'title=\'1.0\'>_||> "<||_html:</span>_||><||_html:<span '
 "style='background-color: rgba(0.0, 165.0, 0, 0.15); border-radius: 3px;' "
 "title='1.0'>_||>field<||_html:</span>_||><||_html:<span "
 "style='background-color: rgba(0.0, 165.0, 0, 0.15); border-radius: 3px;' "
 "title='1.0'>_||> details<||_html:</span>_||><||_html:<span "
 "style='background-color: rgba(0.0, 165.0, 0, 0.15); border-radius: 3px;' "
 "title='1.0'>_||> added<||_html:</span>_||><||_html:<span "
 "style='background-color: rgba(0.0, 165.0, 0, 0.15); border-radius: 3px;' "
 'title=\'1.0\'>_||>",<||_html:</span>_||><||_html:<span '
 "style='background-color: rgba(0.0, 165.0, 0, 0.15); border-radius: 3px;' "
 "title='1.0'>_||>\n"
 "<||_html:</span>_||><||_html:<span style='background-color: rgba(0.0, 165.0, "
 "0, 0.15); border-radius: 3px;' title='1.0'>_||>     "
 "<||_html:</span>_||><||_html:<span style='background-color: rgba(0.0, 165.0, "
 "0, 0.15); border-radius: 3px;' title='1.0'>_||> "
 '"<||_html:</span>_||><||_html:<span style=\'background-color: rgba(0.0, '
 "165.0, 0, 0.15); border-radius: 3px;' "
 "title='1.0'>_||>breaking<||_html:</span>_||><||_html:<span "
 "style='background-color: rgba(0.0, 165.0, 0, 0.15); border-radius: 3px;' "
 'title=\'1.0\'>_||>":<||_html:</span>_||><||_html:<span '
 "style='background-color: rgba(0.0, 165.0, 0, 0.15); border-radius: 3px;' "
 'title=\'1.0\'>_||> "<||_html:</span>_||><||_html:<span '
 "style='background-color: rgba(0.0, 165.0, 0, 0.15); border-radius: 3px;' "
 "title='1.0'>_||>false<||_html:</span>_||><||_html:<span "
 "style='background-color: rgba(0.0, 165.0, 0, 0.15); border-radius: 3px;' "
 'title=\'1.0\'>_||>",<||_html:</span>_||><||_html:<span '
 "style='background-color: rgba(0.0, 165.0, 0, 0.15); border-radius: 3px;' "
 "title='1.0'>_||>\n"
 "<||_html:</span>_||><||_html:<span style='background-color: rgba(0.0, 165.0, "
 "0, 0.15); border-radius: 3px;' title='1.0'>_||>     "
 "<||_html:</span>_||><||_html:<span style='background-color: rgba(0.0, 165.0, "
 "0, 0.15); border-radius: 3px;' title='1.0'>_||> "
 '"<||_html:</span>_||><||_html:<span style=\'background-color: rgba(0.0, '
 "165.0, 0, 0.15); border-radius: 3px;' "
 "title='1.0'>_||>release<||_html:</span>_||><||_html:<span "
 "style='background-color: rgba(0.0, 165.0, 0, 0.15); border-radius: 3px;' "
 "title='1.0'>_||>_<||_html:</span>_||><||_html:<span style='background-color: "
 "rgba(0.0, 165.0, 0, 0.15); border-radius: 3px;' "
 "title='1.0'>_||>note<||_html:</span>_||><||_html:<span "
 "style='background-color: rgba(0.0, 165.0, 0, 0.15); border-radius: 3px;' "
 'title=\'1.0\'>_||>":<||_html:</span>_||><||_html:<span '
 "style='background-color: rgba(0.0, 165.0, 0, 0.15); border-radius: 3px;' "
 'title=\'1.0\'>_||> "<||_html:</span>_||><||_html:<span '
 "style='background-color: rgba(0.0, 165.0, 0, 0.15); border-radius: 3px;' "
 "title='1.0'>_||>The<||_html:</span>_||><||_html:<span "
 "style='background-color: rgba(0.0, 165.0, 0, 0.15); border-radius: 3px;' "
 "title='1.0'>_||> '<||_html:</span>_||><||_html:<span "
 "style='background-color: rgba(0.0, 165.0, 0, 0.15); border-radius: 3px;' "
 "title='1.0'>_||>get<||_html:</span>_||><||_html:<span "
 "style='background-color: rgba(0.0, 165.0, 0, 0.15); border-radius: 3px;' "
 "title='1.0'>_||>Product<||_html:</span>_||><||_html:<span "
 "style='background-color: rgba(0.0, 165.0, 0, 0.15); border-radius: 3px;' "
 "title='1.0'>_||>'<||_html:</span>_||><||_html:<span style='background-color: "
 "rgba(0.0, 165.0, 0, 0.15); border-radius: 3px;' title='1.0'>_||> "
 "query<||_html:</span>_||><||_html:<span style='background-color: rgba(0.0, "
 "165.0, 0, 0.15); border-radius: 3px;' title='1.0'>_||> "
 "now<||_html:</span>_||><||_html:<span style='background-color: rgba(0.0, "
 "165.0, 0, 0.15); border-radius: 3px;' title='1.0'>_||> "
 "includes<||_html:</span>_||><||_html:<span style='background-color: "
 "rgba(0.0, 165.0, 0, 0.15); border-radius: 3px;' title='1.0'>_||> "
 "a<||_html:</span>_||><||_html:<span style='background-color: rgba(0.0, "
 "165.0, 0, 0.15); border-radius: 3px;' title='1.0'>_||> "
 "new<||_html:</span>_||><||_html:<span style='background-color: rgba(0.0, "
 "165.0, 0, 0.15); border-radius: 3px;' title='1.0'>_||> "
 "field<||_html:</span>_||><||_html:<span style='background-color: rgba(0.0, "
 "165.0, 0, 0.15); border-radius: 3px;' title='1.0'>_||> "
 "'<||_html:</span>_||><||_html:<span style='background-color: rgba(0.0, "
 "165.0, 0, 0.15); border-radius: 3px;' "
 "title='1.0'>_||>details<||_html:</span>_||><||_html:<span "
 "style='background-color: rgba(0.0, 165.0, 0, 0.15); border-radius: 3px;' "
 "title='1.0'>_||>'<||_html:</span>_||><||_html:<span style='background-color: "
 "rgba(0.0, 165.0, 0, 0.15); border-radius: 3px;' title='1.0'>_||> "
 "of<||_html:</span>_||><||_html:<span style='background-color: rgba(0.0, "
 "165.0, 0, 0.15); border-radius: 3px;' title='1.0'>_||> "
 "type<||_html:</span>_||><||_html:<span style='background-color: rgba(0.0, "
 "165.0, 0, 0.15); border-radius: 3px;' title='1.0'>_||> "
 "String<||_html:</span>_||><||_html:<span style='background-color: rgba(0.0, "
 "165.0, 0, 0.15); border-radius: 3px;' "
 'title=\'1.0\'>_||>."<||_html:</span>_||><||_html:<span '
 "style='background-color: rgba(0.0, 165.0, 0, 0.15); border-radius: 3px;' "
 "title='1.0'>_||>\n"
 "<||_html:</span>_||><||_html:<span style='background-color: rgba(0.0, 165.0, "
 "0, 0.15); border-radius: 3px;' title='1.0'>_||>   "
 "<||_html:</span>_||><||_html:<span style='background-color: rgba(0.0, 165.0, "
 "0, 0.15); border-radius: 3px;' title='1.0'>_||> "
 "},<||_html:</span>_||><||_html:<span style='background-color: rgba(0.0, "
 "165.0, 0, 0.15); border-radius: 3px;' title='1.0'>_||>\n"
 "<||_html:</span>_||><||_html:<span style='background-color: rgba(0.0, 165.0, "
 "0, 0.15); border-radius: 3px;' title='1.0'>_||>   "
 "<||_html:</span>_||><||_html:<span style='background-color: rgba(0.0, 165.0, "
 "0, 0.15); border-radius: 3px;' title='1.0'>_||> "
 "{<||_html:</span>_||><||_html:<span style='background-color: rgba(0.0, "
 "165.0, 0, 0.15); border-radius: 3px;' title='1.0'>_||>\n"
 "<||_html:</span>_||><||_html:<span style='background-color: rgba(0.0, 165.0, "
 "0, 0.15); border-radius: 3px;' title='1.0'>_||>     "
 "<||_html:</span>_||><||_html:<span style='background-color: rgba(0.0, 165.0, "
 "0, 0.15); border-radius: 3px;' title='1.0'>_||> "
 '"<||_html:</span>_||><||_html:<span style=\'background-color: rgba(0.0, '
 "165.0, 0, 0.15); border-radius: 3px;' "
 "title='1.0'>_||>type<||_html:</span>_||><||_html:<span "
 "style='background-color: rgba(0.0, 165.0, 0, 0.15); border-radius: 3px;' "
 'title=\'1.0\'>_||>":<||_html:</span>_||><||_html:<span '
 "style='background-color: rgba(0.0, 165.0, 0, 0.15); border-radius: 3px;' "
 'title=\'1.0\'>_||> "<||_html:</span>_||><||_html:<span '
 "style='background-color: rgba(0.0, 165.0, 0, 0.15); border-radius: 3px;' "
 "title='1.0'>_||>Product<||_html:</span>_||><||_html:<span "
 "style='background-color: rgba(0.0, 165.0, 0, 0.15); border-radius: 3px;' "
 'title=\'1.0\'>_||>",<||_html:</span>_||><||_html:<span '
 "style='background-color: rgba(0.0, 165.0, 0, 0.15); border-radius: 3px;' "
 "title='1.0'>_||>\n"
 "<||_html:</span>_||><||_html:<span style='background-color: rgba(0.0, 165.0, "
 "0, 0.15); border-radius: 3px;' title='1.0'>_||>     "
 "<||_html:</span>_||><||_html:<span style='background-color: rgba(0.0, 165.0, "
 "0, 0.15); border-radius: 3px;' title='1.0'>_||> "
 '"<||_html:</span>_||><||_html:<span style=\'background-color: rgba(0.0, '
 "165.0, 0, 0.15); border-radius: 3px;' "
 "title='1.0'>_||>field<||_html:</span>_||><||_html:<span "
 "style='background-color: rgba(0.0, 165.0, 0, 0.15); border-radius: 3px;' "
 'title=\'1.0\'>_||>":<||_html:</span>_||><||_html:<span '
 "style='background-color: rgba(0.0, 165.0, 0, 0.15); border-radius: 3px;' "
 'title=\'1.0\'>_||> "<||_html:</span>_||><||_html:<span '
 "style='background-color: rgba(0.0, 165.0, 0, 0.15); border-radius: 3px;' "
 "title='1.0'>_||>description<||_html:</span>_||><||_html:<span "
 "style='background-color: rgba(0.0, 165.0, 0, 0.15); border-radius: 3px;' "
 'title=\'1.0\'>_||>",<||_html:</span>_||><||_html:<span '
 "style='background-color: rgba(0.0, 165.0, 0, 0.15); border-radius: 3px;' "
 "title='1.0'>_||>\n"
 "<||_html:</span>_||><||_html:<span style='background-color: rgba(0.0, 165.0, "
 "0, 0.15); border-radius: 3px;' title='1.0'>_||>     "
 "<||_html:</span>_||><||_html:<span style='background-color: rgba(0.0, 165.0, "
 "0, 0.15); border-radius: 3px;' title='1.0'>_||> "
 '"<||_html:</span>_||><||_html:<span style=\'background-color: rgba(0.0, '
 "165.0, 0, 0.15); border-radius: 3px;' "
 "title='1.0'>_||>change<||_html:</span>_||><||_html:<span "
 "style='background-color: rgba(0.0, 165.0, 0, 0.15); border-radius: 3px;' "
 'title=\'1.0\'>_||>":<||_html:</span>_||><||_html:<span '
 "style='background-color: rgba(0.0, 165.0, 0, 0.15); border-radius: 3px;' "
 'title=\'1.0\'>_||> "<||_html:</span>_||><||_html:<span '
 "style='background-color: rgba(0.0, 165.0, 0, 0.15); border-radius: 3px;' "
 "title='1.0'>_||>field<||_html:</span>_||><||_html:<span "
 "style='background-color: rgba(0.0, 165.0, 0, 0.15); border-radius: 3px;' "
 "title='1.0'>_||> removed<||_html:</span>_||><||_html:<span "
 "style='background-color: rgba(0.0, 165.0, 0, 0.15); border-radius: 3px;' "
 'title=\'1.0\'>_||>",<||_html:</span>_||><||_html:<span '
 "style='background-color: rgba(0.0, 165.0, 0, 0.15); border-radius: 3px;' "
 "title='1.0'>_||>\n"
 "<||_html:</span>_||><||_html:<span style='background-color: rgba(0.0, 165.0, "
 "0, 0.15); border-radius: 3px;' title='1.0'>_||>     "
 "<||_html:</span>_||><||_html:<span style='background-color: rgba(0.0, 165.0, "
 "0, 0.15); border-radius: 3px;' title='1.0'>_||> "
 '"<||_html:</span>_||><||_html:<span style=\'background-color: rgba(0.0, '
 "165.0, 0, 0.15); border-radius: 3px;' "
 "title='1.0'>_||>breaking<||_html:</span>_||><||_html:<span "
 "style='background-color: rgba(0.0, 165.0, 0, 0.15); border-radius: 3px;' "
 'title=\'1.0\'>_||>":<||_html:</span>_||><||_html:<span '
 "style='background-color: rgba(0.0, 165.0, 0, 0.15); border-radius: 3px;' "
 'title=\'1.0\'>_||> "<||_html:</span>_||><||_html:<span '
 "style='background-color: rgba(0.0, 165.0, 0, 0.15); border-radius: 3px;' "
 "title='1.0'>_||>true<||_html:</span>_||><||_html:<span "
 "style='background-color: rgba(0.0, 165.0, 0, 0.15); border-radius: 3px;' "
 'title=\'1.0\'>_||>",<||_html:</span>_||><||_html:<span '
 "style='background-color: rgba(0.0, 165.0, 0, 0.15); border-radius: 3px;' "
 "title='1.0'>_||>\n"
 "<||_html:</span>_||><||_html:<span style='background-color: rgba(0.0, 165.0, "
 "0, 0.15); border-radius: 3px;' title='1.0'>_||>     "
 "<||_html:</span>_||><||_html:<span style='background-color: rgba(0.0, 165.0, "
 "0, 0.15); border-radius: 3px;' title='1.0'>_||> "
 '"<||_html:</span>_||><||_html:<span style=\'background-color: rgba(0.0, '
 "165.0, 0, 0.15); border-radius: 3px;' "
 "title='1.0'>_||>release<||_html:</span>_||><||_html:<span "
 "style='background-color: rgba(0.0, 165.0, 0, 0.15); border-radius: 3px;' "
 "title='1.0'>_||>_<||_html:</span>_||><||_html:<span style='background-color: "
 "rgba(0.0, 165.0, 0, 0.15); border-radius: 3px;' "
 "title='1.0'>_||>note<||_html:</span>_||><||_html:<span "
 "style='background-color: rgba(0.0, 165.0, 0, 0.15); border-radius: 3px;' "
 'title=\'1.0\'>_||>":<||_html:</span>_||><||_html:<span '
 "style='background-color: rgba(0.0, 165.0, 0, 0.15); border-radius: 3px;' "
 'title=\'1.0\'>_||> "<||_html:</span>_||><||_html:<span '
 "style='background-color: rgba(0.0, 165.0, 0, 0.15); border-radius: 3px;' "
 "title='1.0'>_||>The<||_html:</span>_||><||_html:<span "
 "style='background-color: rgba(0.0, 165.0, 0, 0.15); border-radius: 3px;' "
 "title='1.0'>_||> '<||_html:</span>_||><||_html:<span "
 "style='background-color: rgba(0.0, 165.0, 0, 0.15); border-radius: 3px;' "
 "title='1.0'>_||>Product<||_html:</span>_||><||_html:<span "
 "style='background-color: rgba(0.0, 165.0, 0, 0.15); border-radius: 3px;' "
 "title='1.0'>_||>'<||_html:</span>_||><||_html:<span style='background-color: "
 "rgba(0.0, 165.0, 0, 0.15); border-radius: 3px;' title='1.0'>_||> "
 "type<||_html:</span>_||><||_html:<span style='background-color: rgba(0.0, "
 "165.0, 0, 0.15); border-radius: 3px;' title='1.0'>_||> "
 "no<||_html:</span>_||><||_html:<span style='background-color: rgba(0.0, "
 "165.0, 0, 0.15); border-radius: 3px;' title='1.0'>_||> "
 "longer<||_html:</span>_||><||_html:<span style='background-color: rgba(0.0, "
 "165.0, 0, 0.15); border-radius: 3px;' title='1.0'>_||> "
 "includes<||_html:</span>_||><||_html:<span style='background-color: "
 "rgba(0.0, 165.0, 0, 0.15); border-radius: 3px;' title='1.0'>_||> "
 "the<||_html:</span>_||><||_html:<span style='background-color: rgba(0.0, "
 "165.0, 0, 0.15); border-radius: 3px;' title='1.0'>_||> "
 "'<||_html:</span>_||><||_html:<span style='background-color: rgba(0.0, "
 "165.0, 0, 0.15); border-radius: 3px;' "
 "title='1.0'>_||>description<||_html:</span>_||><||_html:<span "
 "style='background-color: rgba(0.0, 165.0, 0, 0.15); border-radius: 3px;' "
 "title='1.0'>_||>'<||_html:</span>_||><||_html:<span style='background-color: "
 "rgba(0.0, 165.0, 0, 0.15); border-radius: 3px;' title='1.0'>_||> "
 "field<||_html:</span>_||><||_html:<span style='background-color: rgba(0.0, "
 "165.0, 0, 0.15); border-radius: 3px;' "
 'title=\'1.0\'>_||>."<||_html:</span>_||><||_html:<span '
 "style='background-color: rgba(0.0, 165.0, 0, 0.15); border-radius: 3px;' "
 "title='1.0'>_||>\n"
 "<||_html:</span>_||><||_html:<span style='background-color: rgba(0.0, 165.0, "
 "0, 0.15); border-radius: 3px;' title='1.0'>_||>   "
 "<||_html:</span>_||><||_html:<span style='background-color: rgba(0.0, 165.0, "
 "0, 0.15); border-radius: 3px;' title='1.0'>_||> "
 "},<||_html:</span>_||><||_html:<span style='background-color: rgba(0.0, "
 "165.0, 0, 0.15); border-radius: 3px;' title='1.0'>_||>\n"
 "<||_html:</span>_||><||_html:<span style='background-color: rgba(0.0, 165.0, "
 "0, 0.15); border-radius: 3px;' title='1.0'>_||>   "
 "<||_html:</span>_||><||_html:<span style='background-color: rgba(0.0, 165.0, "
 "0, 0.15); border-radius: 3px;' title='1.0'>_||> "
 "{<||_html:</span>_||><||_html:<span style='background-color: rgba(0.0, "
 "165.0, 0, 0.15); border-radius: 3px;' title='1.0'>_||>\n"
 "<||_html:</span>_||><||_html:<span style='background-color: rgba(0.0, 165.0, "
 "0, 0.15); border-radius: 3px;' title='1.0'>_||>     "
 "<||_html:</span>_||><||_html:<span style='background-color: rgba(0.0, 165.0, "
 "0, 0.15); border-radius: 3px;' title='1.0'>_||> "
 '"<||_html:</span>_||><||_html:<span style=\'background-color: rgba(0.0, '
 "165.0, 0, 0.15); border-radius: 3px;' "
 "title='1.0'>_||>type<||_html:</span>_||><||_html:<span "
 "style='background-color: rgba(0.0, 165.0, 0, 0.15); border-radius: 3px;' "
 'title=\'1.0\'>_||>":<||_html:</span>_||><||_html:<span '
 "style='background-color: rgba(0.0, 165.0, 0, 0.15); border-radius: 3px;' "
 'title=\'1.0\'>_||> "<||_html:</span>_||><||_html:<span '
 "style='background-color: rgba(0.0, 165.0, 0, 0.15); border-radius: 3px;' "
 "title='1.0'>_||>Product<||_html:</span>_||><||_html:<span "
 "style='background-color: rgba(0.0, 165.0, 0, 0.15); border-radius: 3px;' "
 'title=\'1.0\'>_||>",<||_html:</span>_||><||_html:<span '
 "style='background-color: rgba(0.0, 165.0, 0, 0.15); border-radius: 3px;' "
 "title='1.0'>_||>\n"
 "<||_html:</span>_||><||_html:<span style='background-color: rgba(0.0, 165.0, "
 "0, 0.15); border-radius: 3px;' title='1.0'>_||>     "
 "<||_html:</span>_||><||_html:<span style='background-color: rgba(0.0, 165.0, "
 "0, 0.15); border-radius: 3px;' title='1.0'>_||> "
 '"<||_html:</span>_||><||_html:<span style=\'background-color: rgba(0.0, '
 "165.0, 0, 0.15); border-radius: 3px;' "
 "title='1.0'>_||>field<||_html:</span>_||><||_html:<span "
 "style='background-color: rgba(0.0, 165.0, 0, 0.15); border-radius: 3px;' "
 'title=\'1.0\'>_||>":<||_html:</span>_||><||_html:<span '
 "style='background-color: rgba(0.0, 165.0, 0, 0.15); border-radius: 3px;' "
 'title=\'1.0\'>_||> "<||_html:</span>_||><||_html:<span '
 "style='background-color: rgba(0.0, 165.0, 0, 0.15); border-radius: 3px;' "
 "title='1.0'>_||>stock<||_html:</span>_||><||_html:<span "
 "style='background-color: rgba(0.0, 165.0, 0, 0.15); border-radius: 3px;' "
 'title=\'1.0\'>_||>",<||_html:</span>_||><||_html:<span '
 "style='background-color: rgba(0.0, 165.0, 0, 0.15); border-radius: 3px;' "
 "title='1.0'>_||>\n"
 "<||_html:</span>_||><||_html:<span style='background-color: rgba(0.0, 165.0, "
 "0, 0.15); border-radius: 3px;' title='1.0'>_||>     "
 "<||_html:</span>_||><||_html:<span style='background-color: rgba(0.0, 165.0, "
 "0, 0.15); border-radius: 3px;' title='1.0'>_||> "
 '"<||_html:</span>_||><||_html:<span style=\'background-color: rgba(0.0, '
 "165.0, 0, 0.15); border-radius: 3px;' "
 "title='1.0'>_||>change<||_html:</span>_||><||_html:<span "
 "style='background-color: rgba(0.0, 165.0, 0, 0.15); border-radius: 3px;' "
 'title=\'1.0\'>_||>":<||_html:</span>_||><||_html:<span '
 "style='background-color: rgba(0.0, 165.0, 0, 0.15); border-radius: 3px;' "
 'title=\'1.0\'>_||> "<||_html:</span>_||><||_html:<span '
 "style='background-color: rgba(0.0, 165.0, 0, 0.15); border-radius: 3px;' "
 "title='1.0'>_||>field<||_html:</span>_||><||_html:<span "
 "style='background-color: rgba(0.0, 165.0, 0, 0.15); border-radius: 3px;' "
 "title='1.0'>_||> removed<||_html:</span>_||><||_html:<span "
 "style='background-color: rgba(0.0, 165.0, 0, 0.15); border-radius: 3px;' "
 'title=\'1.0\'>_||>",<||_html:</span>_||><||_html:<span '
 "style='background-color: rgba(0.0, 165.0, 0, 0.15); border-radius: 3px;' "
 "title='1.0'>_||>\n"
 "<||_html:</span>_||><||_html:<span style='background-color: rgba(0.0, 165.0, "
 "0, 0.15); border-radius: 3px;' title='1.0'>_||>     "
 "<||_html:</span>_||><||_html:<span style='background-color: rgba(0.0, 165.0, "
 "0, 0.15); border-radius: 3px;' title='1.0'>_||> "
 '"<||_html:</span>_||><||_html:<span style=\'background-color: rgba(0.0, '
 "165.0, 0, 0.15); border-radius: 3px;' "
 "title='1.0'>_||>breaking<||_html:</span>_||><||_html:<span "
 "style='background-color: rgba(0.0, 165.0, 0, 0.15); border-radius: 3px;' "
 'title=\'1.0\'>_||>":<||_html:</span>_||><||_html:<span '
 "style='background-color: rgba(0.0, 165.0, 0, 0.15); border-radius: 3px;' "
 'title=\'1.0\'>_||> "<||_html:</span>_||><||_html:<span '
 "style='background-color: rgba(0.0, 165.0, 0, 0.15); border-radius: 3px;' "
 "title='1.0'>_||>true<||_html:</span>_||><||_html:<span "
 "style='background-color: rgba(0.0, 165.0, 0, 0.15); border-radius: 3px;' "
 'title=\'1.0\'>_||>",<||_html:</span>_||><||_html:<span '
 "style='background-color: rgba(0.0, 165.0, 0, 0.15); border-radius: 3px;' "
 "title='1.0'>_||>\n"
 "<||_html:</span>_||><||_html:<span style='background-color: rgba(0.0, 165.0, "
 "0, 0.15); border-radius: 3px;' title='1.0'>_||>     "
 "<||_html:</span>_||><||_html:<span style='background-color: rgba(0.0, 165.0, "
 "0, 0.15); border-radius: 3px;' title='1.0'>_||> "
 '"<||_html:</span>_||><||_html:<span style=\'background-color: rgba(0.0, '
 "165.0, 0, 0.15); border-radius: 3px;' "
 "title='1.0'>_||>release<||_html:</span>_||><||_html:<span "
 "style='background-color: rgba(0.0, 165.0, 0, 0.15); border-radius: 3px;' "
 "title='1.0'>_||>_<||_html:</span>_||><||_html:<span style='background-color: "
 "rgba(0.0, 165.0, 0, 0.15); border-radius: 3px;' "
 "title='1.0'>_||>note<||_html:</span>_||><||_html:<span "
 "style='background-color: rgba(0.0, 165.0, 0, 0.15); border-radius: 3px;' "
 'title=\'1.0\'>_||>":<||_html:</span>_||><||_html:<span '
 "style='background-color: rgba(0.0, 165.0, 0, 0.15); border-radius: 3px;' "
 'title=\'1.0\'>_||> "<||_html:</span>_||><||_html:<span '
 "style='background-color: rgba(0.0, 165.0, 0, 0.15); border-radius: 3px;' "
 "title='1.0'>_||>The<||_html:</span>_||><||_html:<span "
 "style='background-color: rgba(0.0, 165.0, 0, 0.15); border-radius: 3px;' "
 "title='1.0'>_||> '<||_html:</span>_||><||_html:<span "
 "style='background-color: rgba(0.0, 165.0, 0, 0.15); border-radius: 3px;' "
 "title='1.0'>_||>Product<||_html:</span>_||><||_html:<span "
 "style='background-color: rgba(0.0, 165.0, 0, 0.15); border-radius: 3px;' "
 "title='1.0'>_||>'<||_html:</span>_||><||_html:<span style='background-color: "
 "rgba(0.0, 165.0, 0, 0.15); border-radius: 3px;' title='1.0'>_||> "
 "type<||_html:</span>_||><||_html:<span style='background-color: rgba(0.0, "
 "165.0, 0, 0.15); border-radius: 3px;' title='1.0'>_||> "
 "no<||_html:</span>_||><||_html:<span style='background-color: rgba(0.0, "
 "165.0, 0, 0.15); border-radius: 3px;' title='1.0'>_||> "
 "longer<||_html:</span>_||><||_html:<span style='background-color: rgba(0.0, "
 "165.0, 0, 0.15); border-radius: 3px;' title='1.0'>_||> "
 "includes<||_html:</span>_||><||_html:<span style='background-color: "
 "rgba(0.0, 165.0, 0, 0.15); border-radius: 3px;' title='1.0'>_||> "
 "the<||_html:</span>_||><||_html:<span style='background-color: rgba(0.0, "
 "165.0, 0, 0.15); border-radius: 3px;' title='1.0'>_||> "
 "'<||_html:</span>_||><||_html:<span style='background-color: rgba(0.0, "
 "165.0, 0, 0.15); border-radius: 3px;' "
 "title='1.0'>_||>stock<||_html:</span>_||><||_html:<span "
 "style='background-color: rgba(0.0, 165.0, 0, 0.15); border-radius: 3px;' "
 "title='1.0'>_||>'<||_html:</span>_||><||_html:<span style='background-color: "
 "rgba(0.0, 165.0, 0, 0.15); border-radius: 3px;' title='1.0'>_||> "
 "field<||_html:</span>_||><||_html:<span style='background-color: rgba(0.0, "
 "165.0, 0, 0.15); border-radius: 3px;' "
 'title=\'1.0\'>_||>."<||_html:</span>_||><||_html:<span '
 "style='background-color: rgba(0.0, 165.0, 0, 0.15); border-radius: 3px;' "
 "title='1.0'>_||>\n"
 "<||_html:</span>_||><||_html:<span style='background-color: rgba(0.0, 165.0, "
 "0, 0.15); border-radius: 3px;' title='1.0'>_||>   "
 "<||_html:</span>_||><||_html:<span style='background-color: rgba(0.0, 165.0, "
 "0, 0.15); border-radius: 3px;' title='1.0'>_||> "
 "}<||_html:</span>_||><||_html:<span style='background-color: rgba(0.0, "
 "165.0, 0, 0.15); border-radius: 3px;' title='1.0'>_||>\n"
 "<||_html:</span>_||><||_html:<span style='background-color: rgba(0.0, 165.0, "
 "0, 0.15); border-radius: 3px;' title='1.0'>_||> "
 "<||_html:</span>_||><||_html:<span style='background-color: rgba(0.0, 165.0, "
 "0, 0.15); border-radius: 3px;' title='1.0'>_||> "
 "],<||_html:</span>_||><||_html:<span style='background-color: rgba(0.0, "
 "165.0, 0, 0.15); border-radius: 3px;' title='1.0'>_||>\n"
 "<||_html:</span>_||><||_html:<span style='background-color: rgba(0.0, 165.0, "
 "0, 0.15); border-radius: 3px;' title='1.0'>_||> "
 "<||_html:</span>_||><||_html:<span style='background-color: rgba(0.0, 165.0, "
 "0, 0.15); border-radius: 3px;' title='1.0'>_||> "
 '"<||_html:</span>_||><||_html:<span style=\'background-color: rgba(0.0, '
 "165.0, 0, 0.15); border-radius: 3px;' "
 "title='1.0'>_||>release<||_html:</span>_||><||_html:<span "
 "style='background-color: rgba(0.0, 165.0, 0, 0.15); border-radius: 3px;' "
 "title='1.0'>_||>_<||_html:</span>_||><||_html:<span style='background-color: "
 "rgba(0.0, 165.0, 0, 0.15); border-radius: 3px;' "
 "title='1.0'>_||>notes<||_html:</span>_||><||_html:<span "
 "style='background-color: rgba(0.0, 165.0, 0, 0.15); border-radius: 3px;' "
 'title=\'1.0\'>_||>":<||_html:</span>_||><||_html:<span '
 "style='background-color: rgba(0.0, 165.0, 0, 0.15); border-radius: 3px;' "
 "title='1.0'>_||> {<||_html:</span>_||><||_html:<span "
 "style='background-color: rgba(0.0, 165.0, 0, 0.15); border-radius: 3px;' "
 "title='1.0'>_||>\n"
 "<||_html:</span>_||><||_html:<span style='background-color: rgba(0.0, 165.0, "
 "0, 0.15); border-radius: 3px;' title='1.0'>_||>   "
 "<||_html:</span>_||><||_html:<span style='background-color: rgba(0.0, 165.0, "
 "0, 0.15); border-radius: 3px;' title='1.0'>_||> "
 '"<||_html:</span>_||><||_html:<span style=\'background-color: rgba(0.0, '
 "165.0, 0, 0.15); border-radius: 3px;' "
 "title='1.0'>_||>summary<||_html:</span>_||><||_html:<span "
 "style='background-color: rgba(0.0, 165.0, 0, 0.15); border-radius: 3px;' "
 'title=\'1.0\'>_||>":<||_html:</span>_||><||_html:<span '
 "style='background-color: rgba(0.0, 165.0, 0, 0.15); border-radius: 3px;' "
 'title=\'1.0\'>_||> "<||_html:</span>_||><||_html:<span '
 "style='background-color: rgba(0.0, 165.0, 0, 0.15); border-radius: 3px;' "
 "title='1.0'>_||>The<||_html:</span>_||><||_html:<span "
 "style='background-color: rgba(0.0, 165.0, 0, 0.15); border-radius: 3px;' "
 "title='1.0'>_||> '<||_html:</span>_||><||_html:<span "
 "style='background-color: rgba(0.0, 165.0, 0, 0.15); border-radius: 3px;' "
 "title='1.0'>_||>get<||_html:</span>_||><||_html:<span "
 "style='background-color: rgba(0.0, 165.0, 0, 0.15); border-radius: 3px;' "
 "title='1.0'>_||>Product<||_html:</span>_||><||_html:<span "
 "style='background-color: rgba(0.0, 165.0, 0, 0.15); border-radius: 3px;' "
 "title='1.0'>_||>'<||_html:</span>_||><||_html:<span style='background-color: "
 "rgba(0.0, 165.0, 0, 0.15); border-radius: 3px;' title='1.0'>_||> "
 "query<||_html:</span>_||><||_html:<span style='background-color: rgba(0.0, "
 "165.0, 0, 0.15); border-radius: 3px;' title='1.0'>_||> "
 "now<||_html:</span>_||><||_html:<span style='background-color: rgba(0.0, "
 "165.0, 0, 0.15); border-radius: 3px;' title='1.0'>_||> "
 "includes<||_html:</span>_||><||_html:<span style='background-color: "
 "rgba(0.0, 165.0, 0, 0.15); border-radius: 3px;' title='1.0'>_||> "
 "a<||_html:</span>_||><||_html:<span style='background-color: rgba(0.0, "
 "165.0, 0, 0.15); border-radius: 3px;' title='1.0'>_||> "
 "new<||_html:</span>_||><||_html:<span style='background-color: rgba(0.0, "
 "165.0, 0, 0.15); border-radius: 3px;' title='1.0'>_||> "
 "field<||_html:</span>_||><||_html:<span style='background-color: rgba(0.0, "
 "165.0, 0, 0.15); border-radius: 3px;' title='1.0'>_||> "
 "'<||_html:</span>_||><||_html:<span style='background-color: rgba(0.0, "
 "165.0, 0, 0.15); border-radius: 3px;' "
 "title='1.0'>_||>details<||_html:</span>_||><||_html:<span "
 "style='background-color: rgba(0.0, 165.0, 0, 0.15); border-radius: 3px;' "
 "title='1.0'>_||>'<||_html:</span>_||><||_html:<span style='background-color: "
 "rgba(0.0, 165.0, 0, 0.15); border-radius: 3px;' title='1.0'>_||> "
 "of<||_html:</span>_||><||_html:<span style='background-color: rgba(0.0, "
 "165.0, 0, 0.15); border-radius: 3px;' title='1.0'>_||> "
 "type<||_html:</span>_||><||_html:<span style='background-color: rgba(0.0, "
 "165.0, 0, 0.15); border-radius: 3px;' title='1.0'>_||> "
 "String<||_html:</span>_||><||_html:<span style='background-color: rgba(0.0, "
 "165.0, 0, 0.15); border-radius: 3px;' "
 "title='1.0'>_||>.<||_html:</span>_||><||_html:<span style='background-color: "
 "rgba(0.0, 165.0, 0, 0.15); border-radius: 3px;' title='1.0'>_||> "
 "The<||_html:</span>_||><||_html:<span style='background-color: rgba(0.0, "
 "165.0, 0, 0.15); border-radius: 3px;' title='1.0'>_||> "
 "'<||_html:</span>_||><||_html:<span style='background-color: rgba(0.0, "
 "165.0, 0, 0.15); border-radius: 3px;' "
 "title='1.0'>_||>Product<||_html:</span>_||><||_html:<span "
 "style='background-color: rgba(0.0, 165.0, 0, 0.15); border-radius: 3px;' "
 "title='1.0'>_||>'<||_html:</span>_||><||_html:<span style='background-color: "
 "rgba(0.0, 165.0, 0, 0.15); border-radius: 3px;' title='1.0'>_||> "
 "type<||_html:</span>_||><||_html:<span style='background-color: rgba(0.0, "
 "165.0, 0, 0.15); border-radius: 3px;' title='1.0'>_||> "
 "no<||_html:</span>_||><||_html:<span style='background-color: rgba(0.0, "
 "165.0, 0, 0.15); border-radius: 3px;' title='1.0'>_||> "
 "longer<||_html:</span>_||><||_html:<span style='background-color: rgba(0.0, "
 "165.0, 0, 0.15); border-radius: 3px;' title='1.0'>_||> "
 "includes<||_html:</span>_||><||_html:<span style='background-color: "
 "rgba(0.0, 165.0, 0, 0.15); border-radius: 3px;' title='1.0'>_||> "
 "the<||_html:</span>_||><||_html:<span style='background-color: rgba(0.0, "
 "165.0, 0, 0.15); border-radius: 3px;' title='1.0'>_||> "
 "'<||_html:</span>_||><||_html:<span style='background-color: rgba(0.0, "
 "165.0, 0, 0.15); border-radius: 3px;' "
 "title='1.0'>_||>description<||_html:</span>_||><||_html:<span "
 "style='background-color: rgba(0.0, 165.0, 0, 0.15); border-radius: 3px;' "
 "title='1.0'>_||>'<||_html:</span>_||><||_html:<span style='background-color: "
 "rgba(0.0, 165.0, 0, 0.15); border-radius: 3px;' title='1.0'>_||> "
 "and<||_html:</span>_||><||_html:<span style='background-color: rgba(0.0, "
 "165.0, 0, 0.15); border-radius: 3px;' title='1.0'>_||> "
 "'<||_html:</span>_||><||_html:<span style='background-color: rgba(0.0, "
 "165.0, 0, 0.15); border-radius: 3px;' "
 "title='1.0'>_||>stock<||_html:</span>_||><||_html:<span "
 "style='background-color: rgba(0.0, 165.0, 0, 0.15); border-radius: 3px;' "
 "title='1.0'>_||>'<||_html:</span>_||><||_html:<span style='background-color: "
 "rgba(0.0, 165.0, 0, 0.15); border-radius: 3px;' title='1.0'>_||> "
 "fields<||_html:</span>_||><||_html:<span style='background-color: rgba(0.0, "
 "165.0, 0, 0.15); border-radius: 3px;' "
 'title=\'1.0\'>_||>."<||_html:</span>_||><||_html:<span '
 "style='background-color: rgba(0.0, 165.0, 0, 0.15); border-radius: 3px;' "
 "title='1.0'>_||>\n"
 "<||_html:</span>_||><||_html:<span style='background-color: rgba(0.0, 165.0, "
 "0, 0.15); border-radius: 3px;' title='1.0'>_||> "
 "<||_html:</span>_||><||_html:<span style='background-color: rgba(0.0, 165.0, "
 "0, 0.15); border-radius: 3px;' title='1.0'>_||> "
 "}<||_html:</span>_||><||_html:<span style='background-color: rgba(0.0, "
 "165.0, 0, 0.15); border-radius: 3px;' title='1.0'>_||>\n"
 "<||_html:</span>_||><||_html:<span style='background-color: rgba(0.0, 165.0, "
 "0, 0.15); border-radius: 3px;' "
 'title=\'1.0\'>_||>}<||_html:</span>_||>{"changes":<||_html:<span '
 "style='background-color: rgba(0.0, 165.0, 0, 0.15); border-radius: 3px;' "
 "title='1.0'>_||>[<||_html:</span>_||><||_html:<span style='background-color: "
 "rgba(0.0, 165.0, 0, 0.15); border-radius: 3px;' "
 'title=\'1.0\'>_||>{"<||_html:</span>_||>type<||_html:<span '
 "style='background-color: rgba(0.0, 165.0, 0, 0.15); border-radius: 3px;' "
 'title=\'1.0\'>_||>":"<||_html:</span>_||><||_html:<span '
 "style='background-color: rgba(0.0, 165.0, 0, 0.15); border-radius: 3px;' "
 "title='1.0'>_||>Query<||_html:</span>_||><||_html:<span "
 "style='background-color: rgba(0.0, 165.0, 0, 0.15); border-radius: 3px;' "
 'title=\'1.0\'>_||>","<||_html:</span>_||>field<||_html:<span '
 "style='background-color: rgba(0.0, 165.0, 0, 0.15); border-radius: 3px;' "
 'title=\'1.0\'>_||>":"<||_html:</span>_||><||_html:<span '
 "style='background-color: rgba(0.0, 165.0, 0, 0.15); border-radius: 3px;' "
 "title='1.0'>_||>get<||_html:</span>_||><||_html:<span "
 "style='background-color: rgba(0.0, 165.0, 0, 0.15); border-radius: 3px;' "
 "title='1.0'>_||>Product<||_html:</span>_||><||_html:<span "
 "style='background-color: rgba(0.0, 165.0, 0, 0.15); border-radius: 3px;' "
 'title=\'1.0\'>_||>","<||_html:</span>_||>change<||_html:<span '
 "style='background-color: rgba(0.0, 165.0, 0, 0.15); border-radius: 3px;' "
 'title=\'1.0\'>_||>":"<||_html:</span>_||><||_html:<span '
 "style='background-color: rgba(0.0, 165.0, 0, 0.15); border-radius: 3px;' "
 "title='1.0'>_||>field<||_html:</span>_||><||_html:<span "
 "style='background-color: rgba(0.0, 165.0, 0, 0.15); border-radius: 3px;' "
 "title='1.0'>_||> details<||_html:</span>_||><||_html:<span "
 "style='background-color: rgba(0.0, 165.0, 0, 0.15); border-radius: 3px;' "
 "title='1.0'>_||> added<||_html:</span>_||><||_html:<span "
 "style='background-color: rgba(0.0, 165.0, 0, 0.15); border-radius: 3px;' "
 'title=\'1.0\'>_||>","<||_html:</span>_||>breaking<||_html:<span '
 "style='background-color: rgba(0.0, 165.0, 0, 0.15); border-radius: 3px;' "
 'title=\'1.0\'>_||>":<||_html:</span>_||><||_html:<span '
 "style='background-color: rgba(0.0, 165.0, 0, 0.15); border-radius: 3px;' "
 'title=\'1.0\'>_||>false<||_html:</span>_||>,"release_note<||_html:<span '
 "style='background-color: rgba(0.0, 165.0, 0, 0.15); border-radius: 3px;' "
 'title=\'1.0\'>_||>":"<||_html:</span>_||><||_html:<span '
 "style='background-color: rgba(0.0, 165.0, 0, 0.15); border-radius: 3px;' "
 "title='1.0'>_||>The<||_html:</span>_||><||_html:<span "
 "style='background-color: rgba(0.0, 165.0, 0, 0.15); border-radius: 3px;' "
 "title='1.0'>_||> '<||_html:</span>_||><||_html:<span "
 "style='background-color: rgba(0.0, 165.0, 0, 0.15); border-radius: 3px;' "
 "title='1.0'>_||>get<||_html:</span>_||><||_html:<span "
 "style='background-color: rgba(0.0, 165.0, 0, 0.15); border-radius: 3px;' "
 "title='1.0'>_||>Product<||_html:</span>_||><||_html:<span "
 "style='background-color: rgba(0.0, 165.0, 0, 0.15); border-radius: 3px;' "
 "title='1.0'>_||>'<||_html:</span>_||><||_html:<span style='background-color: "
 "rgba(0.0, 165.0, 0, 0.15); border-radius: 3px;' title='1.0'>_||>")
('Analyze the following two GraphQL schemas for changes, including both '
 'breaking and non-breaking changes.\n'
 '\n'
 '                        Provide your analysis in the following JSON format:\n'
 '                        {\n'
 '                          "changes": [\n'
 '                            {\n'
 '                              "type": "String representing the GraphQL type '
 '(e.g., Query, Mutation, Subscription)",\n'
 '                              "field": "String representing the specific '
 'field that changed",\n'
 '                              "change": "String describing the change (e.g., '
 'field renamed, new field added, field removed)",\n'
 '                              "breaking": "Boolean indicating if the change '
 'is breaking (true) or non-breaking (false)",\n'
 '                              "release_note": "String with a natural '
 'language description of the change for release notes"\n'
 '                            }\n'
 '                          ],\n'
 '                          "release_notes": {\n'
 '                              "summary": "String summarizing all changes, '
 'suitable for a mailing list or public announcement"\n'
 '                          }\n'
 '                        }\n'
 '\n'
 '                        When analyzing, consider the following types of '
 'changes:\n'
 '                        1. Removing fields or types (breaking)\n'
 '                        2. Changing field types (potentially breaking)\n'
 '                        3. Adding required fields (breaking)\n'
 '                        4. Changing the type of existing arguments '
 '(breaking)\n'
 '                        5. Adding optional fields (non-breaking)\n'
 '                        6. Adding new types (non-breaking)\n'
 '                        7. Deprecating fields (non-breaking)\n'
 '\n'
 '                        Ensure that each change is categorized correctly as '
 'breaking or non-breaking.: type Query {\n'
 '  getProduct(id: ID!): Product\n'
 '}\n'
 '\n'
 'type Product {\n'
 '  id: ID\n'
 '  name: String\n'
 '  description: String\n'
 '  price: Float\n'
 '  stock: Int\n'
 '}\n'
 ', type Query {\n'
 '  getProduct(id: ID!): Product\n'
 '}\n'
 '\n'
 'type Product {\n'
 '  id: ID\n'
 '  name: String\n'
 '  details: String\n'
 '  price: Float\n'
 '}\n'
 '\n'
 "Answer:<||_html:<span style='background-color: rgba(0.0, 165.0, 0, 0.15); "
 "border-radius: 3px;' title='1.0'>_||> {<||_html:</span>_||><||_html:<span "
 "style='background-color: rgba(0.0, 165.0, 0, 0.15); border-radius: 3px;' "
 "title='1.0'>_||>\n"
 "<||_html:</span>_||><||_html:<span style='background-color: rgba(0.0, 165.0, "
 "0, 0.15); border-radius: 3px;' title='1.0'>_||> "
 "<||_html:</span>_||><||_html:<span style='background-color: rgba(0.0, 165.0, "
 "0, 0.15); border-radius: 3px;' title='1.0'>_||> "
 '"<||_html:</span>_||><||_html:<span style=\'background-color: rgba(0.0, '
 "165.0, 0, 0.15); border-radius: 3px;' "
 "title='1.0'>_||>changes<||_html:</span>_||><||_html:<span "
 "style='background-color: rgba(0.0, 165.0, 0, 0.15); border-radius: 3px;' "
 'title=\'1.0\'>_||>":<||_html:</span>_||><||_html:<span '
 "style='background-color: rgba(0.0, 165.0, 0, 0.15); border-radius: 3px;' "
 "title='1.0'>_||> [<||_html:</span>_||><||_html:<span "
 "style='background-color: rgba(0.0, 165.0, 0, 0.15); border-radius: 3px;' "
 "title='1.0'>_||>\n"
 "<||_html:</span>_||><||_html:<span style='background-color: rgba(0.0, 165.0, "
 "0, 0.15); border-radius: 3px;' title='1.0'>_||>   "
 "<||_html:</span>_||><||_html:<span style='background-color: rgba(0.0, 165.0, "
 "0, 0.15); border-radius: 3px;' title='1.0'>_||> "
 "{<||_html:</span>_||><||_html:<span style='background-color: rgba(0.0, "
 "165.0, 0, 0.15); border-radius: 3px;' title='1.0'>_||>\n"
 "<||_html:</span>_||><||_html:<span style='background-color: rgba(0.0, 165.0, "
 "0, 0.15); border-radius: 3px;' title='1.0'>_||>     "
 "<||_html:</span>_||><||_html:<span style='background-color: rgba(0.0, 165.0, "
 "0, 0.15); border-radius: 3px;' title='1.0'>_||> "
 '"<||_html:</span>_||><||_html:<span style=\'background-color: rgba(0.0, '
 "165.0, 0, 0.15); border-radius: 3px;' "
 "title='1.0'>_||>type<||_html:</span>_||><||_html:<span "
 "style='background-color: rgba(0.0, 165.0, 0, 0.15); border-radius: 3px;' "
 'title=\'1.0\'>_||>":<||_html:</span>_||><||_html:<span '
 "style='background-color: rgba(0.0, 165.0, 0, 0.15); border-radius: 3px;' "
 'title=\'1.0\'>_||> "<||_html:</span>_||><||_html:<span '
 "style='background-color: rgba(0.0, 165.0, 0, 0.15); border-radius: 3px;' "
 "title='1.0'>_||>Query<||_html:</span>_||><||_html:<span "
 "style='background-color: rgba(0.0, 165.0, 0, 0.15); border-radius: 3px;' "
 'title=\'1.0\'>_||>",<||_html:</span>_||><||_html:<span '
 "style='background-color: rgba(0.0, 165.0, 0, 0.15); border-radius: 3px;' "
 "title='1.0'>_||>\n"
 "<||_html:</span>_||><||_html:<span style='background-color: rgba(0.0, 165.0, "
 "0, 0.15); border-radius: 3px;' title='1.0'>_||>     "
 "<||_html:</span>_||><||_html:<span style='background-color: rgba(0.0, 165.0, "
 "0, 0.15); border-radius: 3px;' title='1.0'>_||> "
 '"<||_html:</span>_||><||_html:<span style=\'background-color: rgba(0.0, '
 "165.0, 0, 0.15); border-radius: 3px;' "
 "title='1.0'>_||>field<||_html:</span>_||><||_html:<span "
 "style='background-color: rgba(0.0, 165.0, 0, 0.15); border-radius: 3px;' "
 'title=\'1.0\'>_||>":<||_html:</span>_||><||_html:<span '
 "style='background-color: rgba(0.0, 165.0, 0, 0.15); border-radius: 3px;' "
 'title=\'1.0\'>_||> "<||_html:</span>_||><||_html:<span '
 "style='background-color: rgba(0.0, 165.0, 0, 0.15); border-radius: 3px;' "
 "title='1.0'>_||>get<||_html:</span>_||><||_html:<span "
 "style='background-color: rgba(0.0, 165.0, 0, 0.15); border-radius: 3px;' "
 "title='1.0'>_||>Product<||_html:</span>_||><||_html:<span "
 "style='background-color: rgba(0.0, 165.0, 0, 0.15); border-radius: 3px;' "
 'title=\'1.0\'>_||>",<||_html:</span>_||><||_html:<span '
 "style='background-color: rgba(0.0, 165.0, 0, 0.15); border-radius: 3px;' "
 "title='1.0'>_||>\n"
 "<||_html:</span>_||><||_html:<span style='background-color: rgba(0.0, 165.0, "
 "0, 0.15); border-radius: 3px;' title='1.0'>_||>     "
 "<||_html:</span>_||><||_html:<span style='background-color: rgba(0.0, 165.0, "
 "0, 0.15); border-radius: 3px;' title='1.0'>_||> "
 '"<||_html:</span>_||><||_html:<span style=\'background-color: rgba(0.0, '
 "165.0, 0, 0.15); border-radius: 3px;' "
 "title='1.0'>_||>change<||_html:</span>_||><||_html:<span "
 "style='background-color: rgba(0.0, 165.0, 0, 0.15); border-radius: 3px;' "
 'title=\'1.0\'>_||>":<||_html:</span>_||><||_html:<span '
 "style='background-color: rgba(0.0, 165.0, 0, 0.15); border-radius: 3px;' "
 'title=\'1.0\'>_||> "<||_html:</span>_||><||_html:<span '
 "style='background-color: rgba(0.0, 165.0, 0, 0.15); border-radius: 3px;' "
 "title='1.0'>_||>field<||_html:</span>_||><||_html:<span "
 "style='background-color: rgba(0.0, 165.0, 0, 0.15); border-radius: 3px;' "
 "title='1.0'>_||> details<||_html:</span>_||><||_html:<span "
 "style='background-color: rgba(0.0, 165.0, 0, 0.15); border-radius: 3px;' "
 "title='1.0'>_||> added<||_html:</span>_||><||_html:<span "
 "style='background-color: rgba(0.0, 165.0, 0, 0.15); border-radius: 3px;' "
 'title=\'1.0\'>_||>",<||_html:</span>_||><||_html:<span '
 "style='background-color: rgba(0.0, 165.0, 0, 0.15); border-radius: 3px;' "
 "title='1.0'>_||>\n"
 "<||_html:</span>_||><||_html:<span style='background-color: rgba(0.0, 165.0, "
 "0, 0.15); border-radius: 3px;' title='1.0'>_||>     "
 "<||_html:</span>_||><||_html:<span style='background-color: rgba(0.0, 165.0, "
 "0, 0.15); border-radius: 3px;' title='1.0'>_||> "
 '"<||_html:</span>_||><||_html:<span style=\'background-color: rgba(0.0, '
 "165.0, 0, 0.15); border-radius: 3px;' "
 "title='1.0'>_||>breaking<||_html:</span>_||><||_html:<span "
 "style='background-color: rgba(0.0, 165.0, 0, 0.15); border-radius: 3px;' "
 'title=\'1.0\'>_||>":<||_html:</span>_||><||_html:<span '
 "style='background-color: rgba(0.0, 165.0, 0, 0.15); border-radius: 3px;' "
 'title=\'1.0\'>_||> "<||_html:</span>_||><||_html:<span '
 "style='background-color: rgba(0.0, 165.0, 0, 0.15); border-radius: 3px;' "
 "title='1.0'>_||>false<||_html:</span>_||><||_html:<span "
 "style='background-color: rgba(0.0, 165.0, 0, 0.15); border-radius: 3px;' "
 'title=\'1.0\'>_||>",<||_html:</span>_||><||_html:<span '
 "style='background-color: rgba(0.0, 165.0, 0, 0.15); border-radius: 3px;' "
 "title='1.0'>_||>\n"
 "<||_html:</span>_||><||_html:<span style='background-color: rgba(0.0, 165.0, "
 "0, 0.15); border-radius: 3px;' title='1.0'>_||>     "
 "<||_html:</span>_||><||_html:<span style='background-color: rgba(0.0, 165.0, "
 "0, 0.15); border-radius: 3px;' title='1.0'>_||> "
 '"<||_html:</span>_||><||_html:<span style=\'background-color: rgba(0.0, '
 "165.0, 0, 0.15); border-radius: 3px;' "
 "title='1.0'>_||>release<||_html:</span>_||><||_html:<span "
 "style='background-color: rgba(0.0, 165.0, 0, 0.15); border-radius: 3px;' "
 "title='1.0'>_||>_<||_html:</span>_||><||_html:<span style='background-color: "
 "rgba(0.0, 165.0, 0, 0.15); border-radius: 3px;' "
 "title='1.0'>_||>note<||_html:</span>_||><||_html:<span "
 "style='background-color: rgba(0.0, 165.0, 0, 0.15); border-radius: 3px;' "
 'title=\'1.0\'>_||>":<||_html:</span>_||><||_html:<span '
 "style='background-color: rgba(0.0, 165.0, 0, 0.15); border-radius: 3px;' "
 'title=\'1.0\'>_||> "<||_html:</span>_||><||_html:<span '
 "style='background-color: rgba(0.0, 165.0, 0, 0.15); border-radius: 3px;' "
 "title='1.0'>_||>The<||_html:</span>_||><||_html:<span "
 "style='background-color: rgba(0.0, 165.0, 0, 0.15); border-radius: 3px;' "
 "title='1.0'>_||> '<||_html:</span>_||><||_html:<span "
 "style='background-color: rgba(0.0, 165.0, 0, 0.15); border-radius: 3px;' "
 "title='1.0'>_||>get<||_html:</span>_||><||_html:<span "
 "style='background-color: rgba(0.0, 165.0, 0, 0.15); border-radius: 3px;' "
 "title='1.0'>_||>Product<||_html:</span>_||><||_html:<span "
 "style='background-color: rgba(0.0, 165.0, 0, 0.15); border-radius: 3px;' "
 "title='1.0'>_||>'<||_html:</span>_||><||_html:<span style='background-color: "
 "rgba(0.0, 165.0, 0, 0.15); border-radius: 3px;' title='1.0'>_||> "
 "query<||_html:</span>_||><||_html:<span style='background-color: rgba(0.0, "
 "165.0, 0, 0.15); border-radius: 3px;' title='1.0'>_||> "
 "now<||_html:</span>_||><||_html:<span style='background-color: rgba(0.0, "
 "165.0, 0, 0.15); border-radius: 3px;' title='1.0'>_||> "
 "includes<||_html:</span>_||><||_html:<span style='background-color: "
 "rgba(0.0, 165.0, 0, 0.15); border-radius: 3px;' title='1.0'>_||> "
 "a<||_html:</span>_||><||_html:<span style='background-color: rgba(0.0, "
 "165.0, 0, 0.15); border-radius: 3px;' title='1.0'>_||> "
 "new<||_html:</span>_||><||_html:<span style='background-color: rgba(0.0, "
 "165.0, 0, 0.15); border-radius: 3px;' title='1.0'>_||> "
 "field<||_html:</span>_||><||_html:<span style='background-color: rgba(0.0, "
 "165.0, 0, 0.15); border-radius: 3px;' title='1.0'>_||> "
 "'<||_html:</span>_||><||_html:<span style='background-color: rgba(0.0, "
 "165.0, 0, 0.15); border-radius: 3px;' "
 "title='1.0'>_||>details<||_html:</span>_||><||_html:<span "
 "style='background-color: rgba(0.0, 165.0, 0, 0.15); border-radius: 3px;' "
 "title='1.0'>_||>'<||_html:</span>_||><||_html:<span style='background-color: "
 "rgba(0.0, 165.0, 0, 0.15); border-radius: 3px;' title='1.0'>_||> "
 "of<||_html:</span>_||><||_html:<span style='background-color: rgba(0.0, "
 "165.0, 0, 0.15); border-radius: 3px;' title='1.0'>_||> "
 "type<||_html:</span>_||><||_html:<span style='background-color: rgba(0.0, "
 "165.0, 0, 0.15); border-radius: 3px;' title='1.0'>_||> "
 "String<||_html:</span>_||><||_html:<span style='background-color: rgba(0.0, "
 "165.0, 0, 0.15); border-radius: 3px;' "
 'title=\'1.0\'>_||>."<||_html:</span>_||><||_html:<span '
 "style='background-color: rgba(0.0, 165.0, 0, 0.15); border-radius: 3px;' "
 "title='1.0'>_||>\n"
 "<||_html:</span>_||><||_html:<span style='background-color: rgba(0.0, 165.0, "
 "0, 0.15); border-radius: 3px;' title='1.0'>_||>   "
 "<||_html:</span>_||><||_html:<span style='background-color: rgba(0.0, 165.0, "
 "0, 0.15); border-radius: 3px;' title='1.0'>_||> "
 "},<||_html:</span>_||><||_html:<span style='background-color: rgba(0.0, "
 "165.0, 0, 0.15); border-radius: 3px;' title='1.0'>_||>\n"
 "<||_html:</span>_||><||_html:<span style='background-color: rgba(0.0, 165.0, "
 "0, 0.15); border-radius: 3px;' title='1.0'>_||>   "
 "<||_html:</span>_||><||_html:<span style='background-color: rgba(0.0, 165.0, "
 "0, 0.15); border-radius: 3px;' title='1.0'>_||> "
 "{<||_html:</span>_||><||_html:<span style='background-color: rgba(0.0, "
 "165.0, 0, 0.15); border-radius: 3px;' title='1.0'>_||>\n"
 "<||_html:</span>_||><||_html:<span style='background-color: rgba(0.0, 165.0, "
 "0, 0.15); border-radius: 3px;' title='1.0'>_||>     "
 "<||_html:</span>_||><||_html:<span style='background-color: rgba(0.0, 165.0, "
 "0, 0.15); border-radius: 3px;' title='1.0'>_||> "
 '"<||_html:</span>_||><||_html:<span style=\'background-color: rgba(0.0, '
 "165.0, 0, 0.15); border-radius: 3px;' "
 "title='1.0'>_||>type<||_html:</span>_||><||_html:<span "
 "style='background-color: rgba(0.0, 165.0, 0, 0.15); border-radius: 3px;' "
 'title=\'1.0\'>_||>":<||_html:</span>_||><||_html:<span '
 "style='background-color: rgba(0.0, 165.0, 0, 0.15); border-radius: 3px;' "
 'title=\'1.0\'>_||> "<||_html:</span>_||><||_html:<span '
 "style='background-color: rgba(0.0, 165.0, 0, 0.15); border-radius: 3px;' "
 "title='1.0'>_||>Product<||_html:</span>_||><||_html:<span "
 "style='background-color: rgba(0.0, 165.0, 0, 0.15); border-radius: 3px;' "
 'title=\'1.0\'>_||>",<||_html:</span>_||><||_html:<span '
 "style='background-color: rgba(0.0, 165.0, 0, 0.15); border-radius: 3px;' "
 "title='1.0'>_||>\n"
 "<||_html:</span>_||><||_html:<span style='background-color: rgba(0.0, 165.0, "
 "0, 0.15); border-radius: 3px;' title='1.0'>_||>     "
 "<||_html:</span>_||><||_html:<span style='background-color: rgba(0.0, 165.0, "
 "0, 0.15); border-radius: 3px;' title='1.0'>_||> "
 '"<||_html:</span>_||><||_html:<span style=\'background-color: rgba(0.0, '
 "165.0, 0, 0.15); border-radius: 3px;' "
 "title='1.0'>_||>field<||_html:</span>_||><||_html:<span "
 "style='background-color: rgba(0.0, 165.0, 0, 0.15); border-radius: 3px;' "
 'title=\'1.0\'>_||>":<||_html:</span>_||><||_html:<span '
 "style='background-color: rgba(0.0, 165.0, 0, 0.15); border-radius: 3px;' "
 'title=\'1.0\'>_||> "<||_html:</span>_||><||_html:<span '
 "style='background-color: rgba(0.0, 165.0, 0, 0.15); border-radius: 3px;' "
 "title='1.0'>_||>description<||_html:</span>_||><||_html:<span "
 "style='background-color: rgba(0.0, 165.0, 0, 0.15); border-radius: 3px;' "
 'title=\'1.0\'>_||>",<||_html:</span>_||><||_html:<span '
 "style='background-color: rgba(0.0, 165.0, 0, 0.15); border-radius: 3px;' "
 "title='1.0'>_||>\n"
 "<||_html:</span>_||><||_html:<span style='background-color: rgba(0.0, 165.0, "
 "0, 0.15); border-radius: 3px;' title='1.0'>_||>     "
 "<||_html:</span>_||><||_html:<span style='background-color: rgba(0.0, 165.0, "
 "0, 0.15); border-radius: 3px;' title='1.0'>_||> "
 '"<||_html:</span>_||><||_html:<span style=\'background-color: rgba(0.0, '
 "165.0, 0, 0.15); border-radius: 3px;' "
 "title='1.0'>_||>change<||_html:</span>_||><||_html:<span "
 "style='background-color: rgba(0.0, 165.0, 0, 0.15); border-radius: 3px;' "
 'title=\'1.0\'>_||>":<||_html:</span>_||><||_html:<span '
 "style='background-color: rgba(0.0, 165.0, 0, 0.15); border-radius: 3px;' "
 'title=\'1.0\'>_||> "<||_html:</span>_||><||_html:<span '
 "style='background-color: rgba(0.0, 165.0, 0, 0.15); border-radius: 3px;' "
 "title='1.0'>_||>field<||_html:</span>_||><||_html:<span "
 "style='background-color: rgba(0.0, 165.0, 0, 0.15); border-radius: 3px;' "
 "title='1.0'>_||> removed<||_html:</span>_||><||_html:<span "
 "style='background-color: rgba(0.0, 165.0, 0, 0.15); border-radius: 3px;' "
 'title=\'1.0\'>_||>",<||_html:</span>_||><||_html:<span '
 "style='background-color: rgba(0.0, 165.0, 0, 0.15); border-radius: 3px;' "
 "title='1.0'>_||>\n"
 "<||_html:</span>_||><||_html:<span style='background-color: rgba(0.0, 165.0, "
 "0, 0.15); border-radius: 3px;' title='1.0'>_||>     "
 "<||_html:</span>_||><||_html:<span style='background-color: rgba(0.0, 165.0, "
 "0, 0.15); border-radius: 3px;' title='1.0'>_||> "
 '"<||_html:</span>_||><||_html:<span style=\'background-color: rgba(0.0, '
 "165.0, 0, 0.15); border-radius: 3px;' "
 "title='1.0'>_||>breaking<||_html:</span>_||><||_html:<span "
 "style='background-color: rgba(0.0, 165.0, 0, 0.15); border-radius: 3px;' "
 'title=\'1.0\'>_||>":<||_html:</span>_||><||_html:<span '
 "style='background-color: rgba(0.0, 165.0, 0, 0.15); border-radius: 3px;' "
 'title=\'1.0\'>_||> "<||_html:</span>_||><||_html:<span '
 "style='background-color: rgba(0.0, 165.0, 0, 0.15); border-radius: 3px;' "
 "title='1.0'>_||>true<||_html:</span>_||><||_html:<span "
 "style='background-color: rgba(0.0, 165.0, 0, 0.15); border-radius: 3px;' "
 'title=\'1.0\'>_||>",<||_html:</span>_||><||_html:<span '
 "style='background-color: rgba(0.0, 165.0, 0, 0.15); border-radius: 3px;' "
 "title='1.0'>_||>\n"
 "<||_html:</span>_||><||_html:<span style='background-color: rgba(0.0, 165.0, "
 "0, 0.15); border-radius: 3px;' title='1.0'>_||>     "
 "<||_html:</span>_||><||_html:<span style='background-color: rgba(0.0, 165.0, "
 "0, 0.15); border-radius: 3px;' title='1.0'>_||> "
 '"<||_html:</span>_||><||_html:<span style=\'background-color: rgba(0.0, '
 "165.0, 0, 0.15); border-radius: 3px;' "
 "title='1.0'>_||>release<||_html:</span>_||><||_html:<span "
 "style='background-color: rgba(0.0, 165.0, 0, 0.15); border-radius: 3px;' "
 "title='1.0'>_||>_<||_html:</span>_||><||_html:<span style='background-color: "
 "rgba(0.0, 165.0, 0, 0.15); border-radius: 3px;' "
 "title='1.0'>_||>note<||_html:</span>_||><||_html:<span "
 "style='background-color: rgba(0.0, 165.0, 0, 0.15); border-radius: 3px;' "
 'title=\'1.0\'>_||>":<||_html:</span>_||><||_html:<span '
 "style='background-color: rgba(0.0, 165.0, 0, 0.15); border-radius: 3px;' "
 'title=\'1.0\'>_||> "<||_html:</span>_||><||_html:<span '
 "style='background-color: rgba(0.0, 165.0, 0, 0.15); border-radius: 3px;' "
 "title='1.0'>_||>The<||_html:</span>_||><||_html:<span "
 "style='background-color: rgba(0.0, 165.0, 0, 0.15); border-radius: 3px;' "
 "title='1.0'>_||> '<||_html:</span>_||><||_html:<span "
 "style='background-color: rgba(0.0, 165.0, 0, 0.15); border-radius: 3px;' "
 "title='1.0'>_||>Product<||_html:</span>_||><||_html:<span "
 "style='background-color: rgba(0.0, 165.0, 0, 0.15); border-radius: 3px;' "
 "title='1.0'>_||>'<||_html:</span>_||><||_html:<span style='background-color: "
 "rgba(0.0, 165.0, 0, 0.15); border-radius: 3px;' title='1.0'>_||> "
 "type<||_html:</span>_||><||_html:<span style='background-color: rgba(0.0, "
 "165.0, 0, 0.15); border-radius: 3px;' title='1.0'>_||> "
 "no<||_html:</span>_||><||_html:<span style='background-color: rgba(0.0, "
 "165.0, 0, 0.15); border-radius: 3px;' title='1.0'>_||> "
 "longer<||_html:</span>_||><||_html:<span style='background-color: rgba(0.0, "
 "165.0, 0, 0.15); border-radius: 3px;' title='1.0'>_||> "
 "includes<||_html:</span>_||><||_html:<span style='background-color: "
 "rgba(0.0, 165.0, 0, 0.15); border-radius: 3px;' title='1.0'>_||> "
 "the<||_html:</span>_||><||_html:<span style='background-color: rgba(0.0, "
 "165.0, 0, 0.15); border-radius: 3px;' title='1.0'>_||> "
 "'<||_html:</span>_||><||_html:<span style='background-color: rgba(0.0, "
 "165.0, 0, 0.15); border-radius: 3px;' "
 "title='1.0'>_||>description<||_html:</span>_||><||_html:<span "
 "style='background-color: rgba(0.0, 165.0, 0, 0.15); border-radius: 3px;' "
 "title='1.0'>_||>'<||_html:</span>_||><||_html:<span style='background-color: "
 "rgba(0.0, 165.0, 0, 0.15); border-radius: 3px;' title='1.0'>_||> "
 "field<||_html:</span>_||><||_html:<span style='background-color: rgba(0.0, "
 "165.0, 0, 0.15); border-radius: 3px;' "
 'title=\'1.0\'>_||>."<||_html:</span>_||><||_html:<span '
 "style='background-color: rgba(0.0, 165.0, 0, 0.15); border-radius: 3px;' "
 "title='1.0'>_||>\n"
 "<||_html:</span>_||><||_html:<span style='background-color: rgba(0.0, 165.0, "
 "0, 0.15); border-radius: 3px;' title='1.0'>_||>   "
 "<||_html:</span>_||><||_html:<span style='background-color: rgba(0.0, 165.0, "
 "0, 0.15); border-radius: 3px;' title='1.0'>_||> "
 "},<||_html:</span>_||><||_html:<span style='background-color: rgba(0.0, "
 "165.0, 0, 0.15); border-radius: 3px;' title='1.0'>_||>\n"
 "<||_html:</span>_||><||_html:<span style='background-color: rgba(0.0, 165.0, "
 "0, 0.15); border-radius: 3px;' title='1.0'>_||>   "
 "<||_html:</span>_||><||_html:<span style='background-color: rgba(0.0, 165.0, "
 "0, 0.15); border-radius: 3px;' title='1.0'>_||> "
 "{<||_html:</span>_||><||_html:<span style='background-color: rgba(0.0, "
 "165.0, 0, 0.15); border-radius: 3px;' title='1.0'>_||>\n"
 "<||_html:</span>_||><||_html:<span style='background-color: rgba(0.0, 165.0, "
 "0, 0.15); border-radius: 3px;' title='1.0'>_||>     "
 "<||_html:</span>_||><||_html:<span style='background-color: rgba(0.0, 165.0, "
 "0, 0.15); border-radius: 3px;' title='1.0'>_||> "
 '"<||_html:</span>_||><||_html:<span style=\'background-color: rgba(0.0, '
 "165.0, 0, 0.15); border-radius: 3px;' "
 "title='1.0'>_||>type<||_html:</span>_||><||_html:<span "
 "style='background-color: rgba(0.0, 165.0, 0, 0.15); border-radius: 3px;' "
 'title=\'1.0\'>_||>":<||_html:</span>_||><||_html:<span '
 "style='background-color: rgba(0.0, 165.0, 0, 0.15); border-radius: 3px;' "
 'title=\'1.0\'>_||> "<||_html:</span>_||><||_html:<span '
 "style='background-color: rgba(0.0, 165.0, 0, 0.15); border-radius: 3px;' "
 "title='1.0'>_||>Product<||_html:</span>_||><||_html:<span "
 "style='background-color: rgba(0.0, 165.0, 0, 0.15); border-radius: 3px;' "
 'title=\'1.0\'>_||>",<||_html:</span>_||><||_html:<span '
 "style='background-color: rgba(0.0, 165.0, 0, 0.15); border-radius: 3px;' "
 "title='1.0'>_||>\n"
 "<||_html:</span>_||><||_html:<span style='background-color: rgba(0.0, 165.0, "
 "0, 0.15); border-radius: 3px;' title='1.0'>_||>     "
 "<||_html:</span>_||><||_html:<span style='background-color: rgba(0.0, 165.0, "
 "0, 0.15); border-radius: 3px;' title='1.0'>_||> "
 '"<||_html:</span>_||><||_html:<span style=\'background-color: rgba(0.0, '
 "165.0, 0, 0.15); border-radius: 3px;' "
 "title='1.0'>_||>field<||_html:</span>_||><||_html:<span "
 "style='background-color: rgba(0.0, 165.0, 0, 0.15); border-radius: 3px;' "
 'title=\'1.0\'>_||>":<||_html:</span>_||><||_html:<span '
 "style='background-color: rgba(0.0, 165.0, 0, 0.15); border-radius: 3px;' "
 'title=\'1.0\'>_||> "<||_html:</span>_||><||_html:<span '
 "style='background-color: rgba(0.0, 165.0, 0, 0.15); border-radius: 3px;' "
 "title='1.0'>_||>stock<||_html:</span>_||><||_html:<span "
 "style='background-color: rgba(0.0, 165.0, 0, 0.15); border-radius: 3px;' "
 'title=\'1.0\'>_||>",<||_html:</span>_||><||_html:<span '
 "style='background-color: rgba(0.0, 165.0, 0, 0.15); border-radius: 3px;' "
 "title='1.0'>_||>\n"
 "<||_html:</span>_||><||_html:<span style='background-color: rgba(0.0, 165.0, "
 "0, 0.15); border-radius: 3px;' title='1.0'>_||>     "
 "<||_html:</span>_||><||_html:<span style='background-color: rgba(0.0, 165.0, "
 "0, 0.15); border-radius: 3px;' title='1.0'>_||> "
 '"<||_html:</span>_||><||_html:<span style=\'background-color: rgba(0.0, '
 "165.0, 0, 0.15); border-radius: 3px;' "
 "title='1.0'>_||>change<||_html:</span>_||><||_html:<span "
 "style='background-color: rgba(0.0, 165.0, 0, 0.15); border-radius: 3px;' "
 'title=\'1.0\'>_||>":<||_html:</span>_||><||_html:<span '
 "style='background-color: rgba(0.0, 165.0, 0, 0.15); border-radius: 3px;' "
 'title=\'1.0\'>_||> "<||_html:</span>_||><||_html:<span '
 "style='background-color: rgba(0.0, 165.0, 0, 0.15); border-radius: 3px;' "
 "title='1.0'>_||>field<||_html:</span>_||><||_html:<span "
 "style='background-color: rgba(0.0, 165.0, 0, 0.15); border-radius: 3px;' "
 "title='1.0'>_||> removed<||_html:</span>_||><||_html:<span "
 "style='background-color: rgba(0.0, 165.0, 0, 0.15); border-radius: 3px;' "
 'title=\'1.0\'>_||>",<||_html:</span>_||><||_html:<span '
 "style='background-color: rgba(0.0, 165.0, 0, 0.15); border-radius: 3px;' "
 "title='1.0'>_||>\n"
 "<||_html:</span>_||><||_html:<span style='background-color: rgba(0.0, 165.0, "
 "0, 0.15); border-radius: 3px;' title='1.0'>_||>     "
 "<||_html:</span>_||><||_html:<span style='background-color: rgba(0.0, 165.0, "
 "0, 0.15); border-radius: 3px;' title='1.0'>_||> "
 '"<||_html:</span>_||><||_html:<span style=\'background-color: rgba(0.0, '
 "165.0, 0, 0.15); border-radius: 3px;' "
 "title='1.0'>_||>breaking<||_html:</span>_||><||_html:<span "
 "style='background-color: rgba(0.0, 165.0, 0, 0.15); border-radius: 3px;' "
 'title=\'1.0\'>_||>":<||_html:</span>_||><||_html:<span '
 "style='background-color: rgba(0.0, 165.0, 0, 0.15); border-radius: 3px;' "
 'title=\'1.0\'>_||> "<||_html:</span>_||><||_html:<span '
 "style='background-color: rgba(0.0, 165.0, 0, 0.15); border-radius: 3px;' "
 "title='1.0'>_||>true<||_html:</span>_||><||_html:<span "
 "style='background-color: rgba(0.0, 165.0, 0, 0.15); border-radius: 3px;' "
 'title=\'1.0\'>_||>",<||_html:</span>_||><||_html:<span '
 "style='background-color: rgba(0.0, 165.0, 0, 0.15); border-radius: 3px;' "
 "title='1.0'>_||>\n"
 "<||_html:</span>_||><||_html:<span style='background-color: rgba(0.0, 165.0, "
 "0, 0.15); border-radius: 3px;' title='1.0'>_||>     "
 "<||_html:</span>_||><||_html:<span style='background-color: rgba(0.0, 165.0, "
 "0, 0.15); border-radius: 3px;' title='1.0'>_||> "
 '"<||_html:</span>_||><||_html:<span style=\'background-color: rgba(0.0, '
 "165.0, 0, 0.15); border-radius: 3px;' "
 "title='1.0'>_||>release<||_html:</span>_||><||_html:<span "
 "style='background-color: rgba(0.0, 165.0, 0, 0.15); border-radius: 3px;' "
 "title='1.0'>_||>_<||_html:</span>_||><||_html:<span style='background-color: "
 "rgba(0.0, 165.0, 0, 0.15); border-radius: 3px;' "
 "title='1.0'>_||>note<||_html:</span>_||><||_html:<span "
 "style='background-color: rgba(0.0, 165.0, 0, 0.15); border-radius: 3px;' "
 'title=\'1.0\'>_||>":<||_html:</span>_||><||_html:<span '
 "style='background-color: rgba(0.0, 165.0, 0, 0.15); border-radius: 3px;' "
 'title=\'1.0\'>_||> "<||_html:</span>_||><||_html:<span '
 "style='background-color: rgba(0.0, 165.0, 0, 0.15); border-radius: 3px;' "
 "title='1.0'>_||>The<||_html:</span>_||><||_html:<span "
 "style='background-color: rgba(0.0, 165.0, 0, 0.15); border-radius: 3px;' "
 "title='1.0'>_||> '<||_html:</span>_||><||_html:<span "
 "style='background-color: rgba(0.0, 165.0, 0, 0.15); border-radius: 3px;' "
 "title='1.0'>_||>Product<||_html:</span>_||><||_html:<span "
 "style='background-color: rgba(0.0, 165.0, 0, 0.15); border-radius: 3px;' "
 "title='1.0'>_||>'<||_html:</span>_||><||_html:<span style='background-color: "
 "rgba(0.0, 165.0, 0, 0.15); border-radius: 3px;' title='1.0'>_||> "
 "type<||_html:</span>_||><||_html:<span style='background-color: rgba(0.0, "
 "165.0, 0, 0.15); border-radius: 3px;' title='1.0'>_||> "
 "no<||_html:</span>_||><||_html:<span style='background-color: rgba(0.0, "
 "165.0, 0, 0.15); border-radius: 3px;' title='1.0'>_||> "
 "longer<||_html:</span>_||><||_html:<span style='background-color: rgba(0.0, "
 "165.0, 0, 0.15); border-radius: 3px;' title='1.0'>_||> "
 "includes<||_html:</span>_||><||_html:<span style='background-color: "
 "rgba(0.0, 165.0, 0, 0.15); border-radius: 3px;' title='1.0'>_||> "
 "the<||_html:</span>_||><||_html:<span style='background-color: rgba(0.0, "
 "165.0, 0, 0.15); border-radius: 3px;' title='1.0'>_||> "
 "'<||_html:</span>_||><||_html:<span style='background-color: rgba(0.0, "
 "165.0, 0, 0.15); border-radius: 3px;' "
 "title='1.0'>_||>stock<||_html:</span>_||><||_html:<span "
 "style='background-color: rgba(0.0, 165.0, 0, 0.15); border-radius: 3px;' "
 "title='1.0'>_||>'<||_html:</span>_||><||_html:<span style='background-color: "
 "rgba(0.0, 165.0, 0, 0.15); border-radius: 3px;' title='1.0'>_||> "
 "field<||_html:</span>_||><||_html:<span style='background-color: rgba(0.0, "
 "165.0, 0, 0.15); border-radius: 3px;' "
 'title=\'1.0\'>_||>."<||_html:</span>_||><||_html:<span '
 "style='background-color: rgba(0.0, 165.0, 0, 0.15); border-radius: 3px;' "
 "title='1.0'>_||>\n"
 "<||_html:</span>_||><||_html:<span style='background-color: rgba(0.0, 165.0, "
 "0, 0.15); border-radius: 3px;' title='1.0'>_||>   "
 "<||_html:</span>_||><||_html:<span style='background-color: rgba(0.0, 165.0, "
 "0, 0.15); border-radius: 3px;' title='1.0'>_||> "
 "}<||_html:</span>_||><||_html:<span style='background-color: rgba(0.0, "
 "165.0, 0, 0.15); border-radius: 3px;' title='1.0'>_||>\n"
 "<||_html:</span>_||><||_html:<span style='background-color: rgba(0.0, 165.0, "
 "0, 0.15); border-radius: 3px;' title='1.0'>_||> "
 "<||_html:</span>_||><||_html:<span style='background-color: rgba(0.0, 165.0, "
 "0, 0.15); border-radius: 3px;' title='1.0'>_||> "
 "],<||_html:</span>_||><||_html:<span style='background-color: rgba(0.0, "
 "165.0, 0, 0.15); border-radius: 3px;' title='1.0'>_||>\n"
 "<||_html:</span>_||><||_html:<span style='background-color: rgba(0.0, 165.0, "
 "0, 0.15); border-radius: 3px;' title='1.0'>_||> "
 "<||_html:</span>_||><||_html:<span style='background-color: rgba(0.0, 165.0, "
 "0, 0.15); border-radius: 3px;' title='1.0'>_||> "
 '"<||_html:</span>_||><||_html:<span style=\'background-color: rgba(0.0, '
 "165.0, 0, 0.15); border-radius: 3px;' "
 "title='1.0'>_||>release<||_html:</span>_||><||_html:<span "
 "style='background-color: rgba(0.0, 165.0, 0, 0.15); border-radius: 3px;' "
 "title='1.0'>_||>_<||_html:</span>_||><||_html:<span style='background-color: "
 "rgba(0.0, 165.0, 0, 0.15); border-radius: 3px;' "
 "title='1.0'>_||>notes<||_html:</span>_||><||_html:<span "
 "style='background-color: rgba(0.0, 165.0, 0, 0.15); border-radius: 3px;' "
 'title=\'1.0\'>_||>":<||_html:</span>_||><||_html:<span '
 "style='background-color: rgba(0.0, 165.0, 0, 0.15); border-radius: 3px;' "
 "title='1.0'>_||> {<||_html:</span>_||><||_html:<span "
 "style='background-color: rgba(0.0, 165.0, 0, 0.15); border-radius: 3px;' "
 "title='1.0'>_||>\n"
 "<||_html:</span>_||><||_html:<span style='background-color: rgba(0.0, 165.0, "
 "0, 0.15); border-radius: 3px;' title='1.0'>_||>   "
 "<||_html:</span>_||><||_html:<span style='background-color: rgba(0.0, 165.0, "
 "0, 0.15); border-radius: 3px;' title='1.0'>_||> "
 '"<||_html:</span>_||><||_html:<span style=\'background-color: rgba(0.0, '
 "165.0, 0, 0.15); border-radius: 3px;' "
 "title='1.0'>_||>summary<||_html:</span>_||><||_html:<span "
 "style='background-color: rgba(0.0, 165.0, 0, 0.15); border-radius: 3px;' "
 'title=\'1.0\'>_||>":<||_html:</span>_||><||_html:<span '
 "style='background-color: rgba(0.0, 165.0, 0, 0.15); border-radius: 3px;' "
 'title=\'1.0\'>_||> "<||_html:</span>_||><||_html:<span '
 "style='background-color: rgba(0.0, 165.0, 0, 0.15); border-radius: 3px;' "
 "title='1.0'>_||>The<||_html:</span>_||><||_html:<span "
 "style='background-color: rgba(0.0, 165.0, 0, 0.15); border-radius: 3px;' "
 "title='1.0'>_||> '<||_html:</span>_||><||_html:<span "
 "style='background-color: rgba(0.0, 165.0, 0, 0.15); border-radius: 3px;' "
 "title='1.0'>_||>get<||_html:</span>_||><||_html:<span "
 "style='background-color: rgba(0.0, 165.0, 0, 0.15); border-radius: 3px;' "
 "title='1.0'>_||>Product<||_html:</span>_||><||_html:<span "
 "style='background-color: rgba(0.0, 165.0, 0, 0.15); border-radius: 3px;' "
 "title='1.0'>_||>'<||_html:</span>_||><||_html:<span style='background-color: "
 "rgba(0.0, 165.0, 0, 0.15); border-radius: 3px;' title='1.0'>_||> "
 "query<||_html:</span>_||><||_html:<span style='background-color: rgba(0.0, "
 "165.0, 0, 0.15); border-radius: 3px;' title='1.0'>_||> "
 "now<||_html:</span>_||><||_html:<span style='background-color: rgba(0.0, "
 "165.0, 0, 0.15); border-radius: 3px;' title='1.0'>_||> "
 "includes<||_html:</span>_||><||_html:<span style='background-color: "
 "rgba(0.0, 165.0, 0, 0.15); border-radius: 3px;' title='1.0'>_||> "
 "a<||_html:</span>_||><||_html:<span style='background-color: rgba(0.0, "
 "165.0, 0, 0.15); border-radius: 3px;' title='1.0'>_||> "
 "new<||_html:</span>_||><||_html:<span style='background-color: rgba(0.0, "
 "165.0, 0, 0.15); border-radius: 3px;' title='1.0'>_||> "
 "field<||_html:</span>_||><||_html:<span style='background-color: rgba(0.0, "
 "165.0, 0, 0.15); border-radius: 3px;' title='1.0'>_||> "
 "'<||_html:</span>_||><||_html:<span style='background-color: rgba(0.0, "
 "165.0, 0, 0.15); border-radius: 3px;' "
 "title='1.0'>_||>details<||_html:</span>_||><||_html:<span "
 "style='background-color: rgba(0.0, 165.0, 0, 0.15); border-radius: 3px;' "
 "title='1.0'>_||>'<||_html:</span>_||><||_html:<span style='background-color: "
 "rgba(0.0, 165.0, 0, 0.15); border-radius: 3px;' title='1.0'>_||> "
 "of<||_html:</span>_||><||_html:<span style='background-color: rgba(0.0, "
 "165.0, 0, 0.15); border-radius: 3px;' title='1.0'>_||> "
 "type<||_html:</span>_||><||_html:<span style='background-color: rgba(0.0, "
 "165.0, 0, 0.15); border-radius: 3px;' title='1.0'>_||> "
 "String<||_html:</span>_||><||_html:<span style='background-color: rgba(0.0, "
 "165.0, 0, 0.15); border-radius: 3px;' "
 "title='1.0'>_||>.<||_html:</span>_||><||_html:<span style='background-color: "
 "rgba(0.0, 165.0, 0, 0.15); border-radius: 3px;' title='1.0'>_||> "
 "The<||_html:</span>_||><||_html:<span style='background-color: rgba(0.0, "
 "165.0, 0, 0.15); border-radius: 3px;' title='1.0'>_||> "
 "'<||_html:</span>_||><||_html:<span style='background-color: rgba(0.0, "
 "165.0, 0, 0.15); border-radius: 3px;' "
 "title='1.0'>_||>Product<||_html:</span>_||><||_html:<span "
 "style='background-color: rgba(0.0, 165.0, 0, 0.15); border-radius: 3px;' "
 "title='1.0'>_||>'<||_html:</span>_||><||_html:<span style='background-color: "
 "rgba(0.0, 165.0, 0, 0.15); border-radius: 3px;' title='1.0'>_||> "
 "type<||_html:</span>_||><||_html:<span style='background-color: rgba(0.0, "
 "165.0, 0, 0.15); border-radius: 3px;' title='1.0'>_||> "
 "no<||_html:</span>_||><||_html:<span style='background-color: rgba(0.0, "
 "165.0, 0, 0.15); border-radius: 3px;' title='1.0'>_||> "
 "longer<||_html:</span>_||><||_html:<span style='background-color: rgba(0.0, "
 "165.0, 0, 0.15); border-radius: 3px;' title='1.0'>_||> "
 "includes<||_html:</span>_||><||_html:<span style='background-color: "
 "rgba(0.0, 165.0, 0, 0.15); border-radius: 3px;' title='1.0'>_||> "
 "the<||_html:</span>_||><||_html:<span style='background-color: rgba(0.0, "
 "165.0, 0, 0.15); border-radius: 3px;' title='1.0'>_||> "
 "'<||_html:</span>_||><||_html:<span style='background-color: rgba(0.0, "
 "165.0, 0, 0.15); border-radius: 3px;' "
 "title='1.0'>_||>description<||_html:</span>_||><||_html:<span "
 "style='background-color: rgba(0.0, 165.0, 0, 0.15); border-radius: 3px;' "
 "title='1.0'>_||>'<||_html:</span>_||><||_html:<span style='background-color: "
 "rgba(0.0, 165.0, 0, 0.15); border-radius: 3px;' title='1.0'>_||> "
 "and<||_html:</span>_||><||_html:<span style='background-color: rgba(0.0, "
 "165.0, 0, 0.15); border-radius: 3px;' title='1.0'>_||> "
 "'<||_html:</span>_||><||_html:<span style='background-color: rgba(0.0, "
 "165.0, 0, 0.15); border-radius: 3px;' "
 "title='1.0'>_||>stock<||_html:</span>_||><||_html:<span "
 "style='background-color: rgba(0.0, 165.0, 0, 0.15); border-radius: 3px;' "
 "title='1.0'>_||>'<||_html:</span>_||><||_html:<span style='background-color: "
 "rgba(0.0, 165.0, 0, 0.15); border-radius: 3px;' title='1.0'>_||> "
 "fields<||_html:</span>_||><||_html:<span style='background-color: rgba(0.0, "
 "165.0, 0, 0.15); border-radius: 3px;' "
 'title=\'1.0\'>_||>."<||_html:</span>_||><||_html:<span '
 "style='background-color: rgba(0.0, 165.0, 0, 0.15); border-radius: 3px;' "
 "title='1.0'>_||>\n"
 "<||_html:</span>_||><||_html:<span style='background-color: rgba(0.0, 165.0, "
 "0, 0.15); border-radius: 3px;' title='1.0'>_||> "
 "<||_html:</span>_||><||_html:<span style='background-color: rgba(0.0, 165.0, "
 "0, 0.15); border-radius: 3px;' title='1.0'>_||> "
 "}<||_html:</span>_||><||_html:<span style='background-color: rgba(0.0, "
 "165.0, 0, 0.15); border-radius: 3px;' title='1.0'>_||>\n"
 "<||_html:</span>_||><||_html:<span style='background-color: rgba(0.0, 165.0, "
 "0, 0.15); border-radius: 3px;' "
 'title=\'1.0\'>_||>}<||_html:</span>_||>{"changes":<||_html:<span '
 "style='background-color: rgba(0.0, 165.0, 0, 0.15); border-radius: 3px;' "
 "title='1.0'>_||>[<||_html:</span>_||><||_html:<span style='background-color: "
 "rgba(0.0, 165.0, 0, 0.15); border-radius: 3px;' "
 'title=\'1.0\'>_||>{"<||_html:</span>_||>type<||_html:<span '
 "style='background-color: rgba(0.0, 165.0, 0, 0.15); border-radius: 3px;' "
 'title=\'1.0\'>_||>":"<||_html:</span>_||><||_html:<span '
 "style='background-color: rgba(0.0, 165.0, 0, 0.15); border-radius: 3px;' "
 "title='1.0'>_||>Query<||_html:</span>_||><||_html:<span "
 "style='background-color: rgba(0.0, 165.0, 0, 0.15); border-radius: 3px;' "
 'title=\'1.0\'>_||>","<||_html:</span>_||>field<||_html:<span '
 "style='background-color: rgba(0.0, 165.0, 0, 0.15); border-radius: 3px;' "
 'title=\'1.0\'>_||>":"<||_html:</span>_||><||_html:<span '
 "style='background-color: rgba(0.0, 165.0, 0, 0.15); border-radius: 3px;' "
 "title='1.0'>_||>get<||_html:</span>_||><||_html:<span "
 "style='background-color: rgba(0.0, 165.0, 0, 0.15); border-radius: 3px;' "
 "title='1.0'>_||>Product<||_html:</span>_||><||_html:<span "
 "style='background-color: rgba(0.0, 165.0, 0, 0.15); border-radius: 3px;' "
 'title=\'1.0\'>_||>","<||_html:</span>_||>change<||_html:<span '
 "style='background-color: rgba(0.0, 165.0, 0, 0.15); border-radius: 3px;' "
 'title=\'1.0\'>_||>":"<||_html:</span>_||><||_html:<span '
 "style='background-color: rgba(0.0, 165.0, 0, 0.15); border-radius: 3px;' "
 "title='1.0'>_||>field<||_html:</span>_||><||_html:<span "
 "style='background-color: rgba(0.0, 165.0, 0, 0.15); border-radius: 3px;' "
 "title='1.0'>_||> details<||_html:</span>_||><||_html:<span "
 "style='background-color: rgba(0.0, 165.0, 0, 0.15); border-radius: 3px;' "
 "title='1.0'>_||> added<||_html:</span>_||><||_html:<span "
 "style='background-color: rgba(0.0, 165.0, 0, 0.15); border-radius: 3px;' "
 'title=\'1.0\'>_||>","<||_html:</span>_||>breaking<||_html:<span '
 "style='background-color: rgba(0.0, 165.0, 0, 0.15); border-radius: 3px;' "
 'title=\'1.0\'>_||>":<||_html:</span>_||><||_html:<span '
 "style='background-color: rgba(0.0, 165.0, 0, 0.15); border-radius: 3px;' "
 'title=\'1.0\'>_||>false<||_html:</span>_||>,"release_note<||_html:<span '
 "style='background-color: rgba(0.0, 165.0, 0, 0.15); border-radius: 3px;' "
 'title=\'1.0\'>_||>":"<||_html:</span>_||><||_html:<span '
 "style='background-color: rgba(0.0, 165.0, 0, 0.15); border-radius: 3px;' "
 "title='1.0'>_||>The<||_html:</span>_||><||_html:<span "
 "style='background-color: rgba(0.0, 165.0, 0, 0.15); border-radius: 3px;' "
 "title='1.0'>_||> '<||_html:</span>_||><||_html:<span "
 "style='background-color: rgba(0.0, 165.0, 0, 0.15); border-radius: 3px;' "
 "title='1.0'>_||>get<||_html:</span>_||><||_html:<span "
 "style='background-color: rgba(0.0, 165.0, 0, 0.15); border-radius: 3px;' "
 "title='1.0'>_||>Product<||_html:</span>_||><||_html:<span "
 "style='background-color: rgba(0.0, 165.0, 0, 0.15); border-radius: 3px;' "
 "title='1.0'>_||>'<||_html:</span>_||><||_html:<span style='background-color: "
 "rgba(0.0, 165.0, 0, 0.15); border-radius: 3px;' title='1.0'>_||> "
 "query<||_html:</span>_||><||_html:<span style='background-color: rgba(0.0, "
 "165.0, 0, 0.15); border-radius: 3px;' title='1.0'>_||> "
 "now<||_html:</span>_||><||_html:<span style='background-color: rgba(0.0, "
 "165.0, 0, 0.15); border-radius: 3px;' title='1.0'>_||> "
 "includes<||_html:</span>_||><||_html:<span style='background-color: "
 "rgba(0.0, 165.0, 0, 0.15); border-radius: 3px;' title='1.0'>_||>")
('Analyze the following two GraphQL schemas for changes, including both '
 'breaking and non-breaking changes.\n'
 '\n'
 '                        Provide your analysis in the following JSON format:\n'
 '                        {\n'
 '                          "changes": [\n'
 '                            {\n'
 '                              "type": "String representing the GraphQL type '
 '(e.g., Query, Mutation, Subscription)",\n'
 '                              "field": "String representing the specific '
 'field that changed",\n'
 '                              "change": "String describing the change (e.g., '
 'field renamed, new field added, field removed)",\n'
 '                              "breaking": "Boolean indicating if the change '
 'is breaking (true) or non-breaking (false)",\n'
 '                              "release_note": "String with a natural '
 'language description of the change for release notes"\n'
 '                            }\n'
 '                          ],\n'
 '                          "release_notes": {\n'
 '                              "summary": "String summarizing all changes, '
 'suitable for a mailing list or public announcement"\n'
 '                          }\n'
 '                        }\n'
 '\n'
 '                        When analyzing, consider the following types of '
 'changes:\n'
 '                        1. Removing fields or types (breaking)\n'
 '                        2. Changing field types (potentially breaking)\n'
 '                        3. Adding required fields (breaking)\n'
 '                        4. Changing the type of existing arguments '
 '(breaking)\n'
 '                        5. Adding optional fields (non-breaking)\n'
 '                        6. Adding new types (non-breaking)\n'
 '                        7. Deprecating fields (non-breaking)\n'
 '\n'
 '                        Ensure that each change is categorized correctly as '
 'breaking or non-breaking.: type Query {\n'
 '  getProduct(id: ID!): Product\n'
 '}\n'
 '\n'
 'type Product {\n'
 '  id: ID\n'
 '  name: String\n'
 '  description: String\n'
 '  price: Float\n'
 '  stock: Int\n'
 '}\n'
 ', type Query {\n'
 '  getProduct(id: ID!): Product\n'
 '}\n'
 '\n'
 'type Product {\n'
 '  id: ID\n'
 '  name: String\n'
 '  details: String\n'
 '  price: Float\n'
 '}\n'
 '\n'
 "Answer:<||_html:<span style='background-color: rgba(0.0, 165.0, 0, 0.15); "
 "border-radius: 3px;' title='1.0'>_||> {<||_html:</span>_||><||_html:<span "
 "style='background-color: rgba(0.0, 165.0, 0, 0.15); border-radius: 3px;' "
 "title='1.0'>_||>\n"
 "<||_html:</span>_||><||_html:<span style='background-color: rgba(0.0, 165.0, "
 "0, 0.15); border-radius: 3px;' title='1.0'>_||> "
 "<||_html:</span>_||><||_html:<span style='background-color: rgba(0.0, 165.0, "
 "0, 0.15); border-radius: 3px;' title='1.0'>_||> "
 '"<||_html:</span>_||><||_html:<span style=\'background-color: rgba(0.0, '
 "165.0, 0, 0.15); border-radius: 3px;' "
 "title='1.0'>_||>changes<||_html:</span>_||><||_html:<span "
 "style='background-color: rgba(0.0, 165.0, 0, 0.15); border-radius: 3px;' "
 'title=\'1.0\'>_||>":<||_html:</span>_||><||_html:<span '
 "style='background-color: rgba(0.0, 165.0, 0, 0.15); border-radius: 3px;' "
 "title='1.0'>_||> [<||_html:</span>_||><||_html:<span "
 "style='background-color: rgba(0.0, 165.0, 0, 0.15); border-radius: 3px;' "
 "title='1.0'>_||>\n"
 "<||_html:</span>_||><||_html:<span style='background-color: rgba(0.0, 165.0, "
 "0, 0.15); border-radius: 3px;' title='1.0'>_||>   "
 "<||_html:</span>_||><||_html:<span style='background-color: rgba(0.0, 165.0, "
 "0, 0.15); border-radius: 3px;' title='1.0'>_||> "
 "{<||_html:</span>_||><||_html:<span style='background-color: rgba(0.0, "
 "165.0, 0, 0.15); border-radius: 3px;' title='1.0'>_||>\n"
 "<||_html:</span>_||><||_html:<span style='background-color: rgba(0.0, 165.0, "
 "0, 0.15); border-radius: 3px;' title='1.0'>_||>     "
 "<||_html:</span>_||><||_html:<span style='background-color: rgba(0.0, 165.0, "
 "0, 0.15); border-radius: 3px;' title='1.0'>_||> "
 '"<||_html:</span>_||><||_html:<span style=\'background-color: rgba(0.0, '
 "165.0, 0, 0.15); border-radius: 3px;' "
 "title='1.0'>_||>type<||_html:</span>_||><||_html:<span "
 "style='background-color: rgba(0.0, 165.0, 0, 0.15); border-radius: 3px;' "
 'title=\'1.0\'>_||>":<||_html:</span>_||><||_html:<span '
 "style='background-color: rgba(0.0, 165.0, 0, 0.15); border-radius: 3px;' "
 'title=\'1.0\'>_||> "<||_html:</span>_||><||_html:<span '
 "style='background-color: rgba(0.0, 165.0, 0, 0.15); border-radius: 3px;' "
 "title='1.0'>_||>Query<||_html:</span>_||><||_html:<span "
 "style='background-color: rgba(0.0, 165.0, 0, 0.15); border-radius: 3px;' "
 'title=\'1.0\'>_||>",<||_html:</span>_||><||_html:<span '
 "style='background-color: rgba(0.0, 165.0, 0, 0.15); border-radius: 3px;' "
 "title='1.0'>_||>\n"
 "<||_html:</span>_||><||_html:<span style='background-color: rgba(0.0, 165.0, "
 "0, 0.15); border-radius: 3px;' title='1.0'>_||>     "
 "<||_html:</span>_||><||_html:<span style='background-color: rgba(0.0, 165.0, "
 "0, 0.15); border-radius: 3px;' title='1.0'>_||> "
 '"<||_html:</span>_||><||_html:<span style=\'background-color: rgba(0.0, '
 "165.0, 0, 0.15); border-radius: 3px;' "
 "title='1.0'>_||>field<||_html:</span>_||><||_html:<span "
 "style='background-color: rgba(0.0, 165.0, 0, 0.15); border-radius: 3px;' "
 'title=\'1.0\'>_||>":<||_html:</span>_||><||_html:<span '
 "style='background-color: rgba(0.0, 165.0, 0, 0.15); border-radius: 3px;' "
 'title=\'1.0\'>_||> "<||_html:</span>_||><||_html:<span '
 "style='background-color: rgba(0.0, 165.0, 0, 0.15); border-radius: 3px;' "
 "title='1.0'>_||>get<||_html:</span>_||><||_html:<span "
 "style='background-color: rgba(0.0, 165.0, 0, 0.15); border-radius: 3px;' "
 "title='1.0'>_||>Product<||_html:</span>_||><||_html:<span "
 "style='background-color: rgba(0.0, 165.0, 0, 0.15); border-radius: 3px;' "
 'title=\'1.0\'>_||>",<||_html:</span>_||><||_html:<span '
 "style='background-color: rgba(0.0, 165.0, 0, 0.15); border-radius: 3px;' "
 "title='1.0'>_||>\n"
 "<||_html:</span>_||><||_html:<span style='background-color: rgba(0.0, 165.0, "
 "0, 0.15); border-radius: 3px;' title='1.0'>_||>     "
 "<||_html:</span>_||><||_html:<span style='background-color: rgba(0.0, 165.0, "
 "0, 0.15); border-radius: 3px;' title='1.0'>_||> "
 '"<||_html:</span>_||><||_html:<span style=\'background-color: rgba(0.0, '
 "165.0, 0, 0.15); border-radius: 3px;' "
 "title='1.0'>_||>change<||_html:</span>_||><||_html:<span "
 "style='background-color: rgba(0.0, 165.0, 0, 0.15); border-radius: 3px;' "
 'title=\'1.0\'>_||>":<||_html:</span>_||><||_html:<span '
 "style='background-color: rgba(0.0, 165.0, 0, 0.15); border-radius: 3px;' "
 'title=\'1.0\'>_||> "<||_html:</span>_||><||_html:<span '
 "style='background-color: rgba(0.0, 165.0, 0, 0.15); border-radius: 3px;' "
 "title='1.0'>_||>field<||_html:</span>_||><||_html:<span "
 "style='background-color: rgba(0.0, 165.0, 0, 0.15); border-radius: 3px;' "
 "title='1.0'>_||> details<||_html:</span>_||><||_html:<span "
 "style='background-color: rgba(0.0, 165.0, 0, 0.15); border-radius: 3px;' "
 "title='1.0'>_||> added<||_html:</span>_||><||_html:<span "
 "style='background-color: rgba(0.0, 165.0, 0, 0.15); border-radius: 3px;' "
 'title=\'1.0\'>_||>",<||_html:</span>_||><||_html:<span '
 "style='background-color: rgba(0.0, 165.0, 0, 0.15); border-radius: 3px;' "
 "title='1.0'>_||>\n"
 "<||_html:</span>_||><||_html:<span style='background-color: rgba(0.0, 165.0, "
 "0, 0.15); border-radius: 3px;' title='1.0'>_||>     "
 "<||_html:</span>_||><||_html:<span style='background-color: rgba(0.0, 165.0, "
 "0, 0.15); border-radius: 3px;' title='1.0'>_||> "
 '"<||_html:</span>_||><||_html:<span style=\'background-color: rgba(0.0, '
 "165.0, 0, 0.15); border-radius: 3px;' "
 "title='1.0'>_||>breaking<||_html:</span>_||><||_html:<span "
 "style='background-color: rgba(0.0, 165.0, 0, 0.15); border-radius: 3px;' "
 'title=\'1.0\'>_||>":<||_html:</span>_||><||_html:<span '
 "style='background-color: rgba(0.0, 165.0, 0, 0.15); border-radius: 3px;' "
 'title=\'1.0\'>_||> "<||_html:</span>_||><||_html:<span '
 "style='background-color: rgba(0.0, 165.0, 0, 0.15); border-radius: 3px;' "
 "title='1.0'>_||>false<||_html:</span>_||><||_html:<span "
 "style='background-color: rgba(0.0, 165.0, 0, 0.15); border-radius: 3px;' "
 'title=\'1.0\'>_||>",<||_html:</span>_||><||_html:<span '
 "style='background-color: rgba(0.0, 165.0, 0, 0.15); border-radius: 3px;' "
 "title='1.0'>_||>\n"
 "<||_html:</span>_||><||_html:<span style='background-color: rgba(0.0, 165.0, "
 "0, 0.15); border-radius: 3px;' title='1.0'>_||>     "
 "<||_html:</span>_||><||_html:<span style='background-color: rgba(0.0, 165.0, "
 "0, 0.15); border-radius: 3px;' title='1.0'>_||> "
 '"<||_html:</span>_||><||_html:<span style=\'background-color: rgba(0.0, '
 "165.0, 0, 0.15); border-radius: 3px;' "
 "title='1.0'>_||>release<||_html:</span>_||><||_html:<span "
 "style='background-color: rgba(0.0, 165.0, 0, 0.15); border-radius: 3px;' "
 "title='1.0'>_||>_<||_html:</span>_||><||_html:<span style='background-color: "
 "rgba(0.0, 165.0, 0, 0.15); border-radius: 3px;' "
 "title='1.0'>_||>note<||_html:</span>_||><||_html:<span "
 "style='background-color: rgba(0.0, 165.0, 0, 0.15); border-radius: 3px;' "
 'title=\'1.0\'>_||>":<||_html:</span>_||><||_html:<span '
 "style='background-color: rgba(0.0, 165.0, 0, 0.15); border-radius: 3px;' "
 'title=\'1.0\'>_||> "<||_html:</span>_||><||_html:<span '
 "style='background-color: rgba(0.0, 165.0, 0, 0.15); border-radius: 3px;' "
 "title='1.0'>_||>The<||_html:</span>_||><||_html:<span "
 "style='background-color: rgba(0.0, 165.0, 0, 0.15); border-radius: 3px;' "
 "title='1.0'>_||> '<||_html:</span>_||><||_html:<span "
 "style='background-color: rgba(0.0, 165.0, 0, 0.15); border-radius: 3px;' "
 "title='1.0'>_||>get<||_html:</span>_||><||_html:<span "
 "style='background-color: rgba(0.0, 165.0, 0, 0.15); border-radius: 3px;' "
 "title='1.0'>_||>Product<||_html:</span>_||><||_html:<span "
 "style='background-color: rgba(0.0, 165.0, 0, 0.15); border-radius: 3px;' "
 "title='1.0'>_||>'<||_html:</span>_||><||_html:<span style='background-color: "
 "rgba(0.0, 165.0, 0, 0.15); border-radius: 3px;' title='1.0'>_||> "
 "query<||_html:</span>_||><||_html:<span style='background-color: rgba(0.0, "
 "165.0, 0, 0.15); border-radius: 3px;' title='1.0'>_||> "
 "now<||_html:</span>_||><||_html:<span style='background-color: rgba(0.0, "
 "165.0, 0, 0.15); border-radius: 3px;' title='1.0'>_||> "
 "includes<||_html:</span>_||><||_html:<span style='background-color: "
 "rgba(0.0, 165.0, 0, 0.15); border-radius: 3px;' title='1.0'>_||> "
 "a<||_html:</span>_||><||_html:<span style='background-color: rgba(0.0, "
 "165.0, 0, 0.15); border-radius: 3px;' title='1.0'>_||> "
 "new<||_html:</span>_||><||_html:<span style='background-color: rgba(0.0, "
 "165.0, 0, 0.15); border-radius: 3px;' title='1.0'>_||> "
 "field<||_html:</span>_||><||_html:<span style='background-color: rgba(0.0, "
 "165.0, 0, 0.15); border-radius: 3px;' title='1.0'>_||> "
 "'<||_html:</span>_||><||_html:<span style='background-color: rgba(0.0, "
 "165.0, 0, 0.15); border-radius: 3px;' "
 "title='1.0'>_||>details<||_html:</span>_||><||_html:<span "
 "style='background-color: rgba(0.0, 165.0, 0, 0.15); border-radius: 3px;' "
 "title='1.0'>_||>'<||_html:</span>_||><||_html:<span style='background-color: "
 "rgba(0.0, 165.0, 0, 0.15); border-radius: 3px;' title='1.0'>_||> "
 "of<||_html:</span>_||><||_html:<span style='background-color: rgba(0.0, "
 "165.0, 0, 0.15); border-radius: 3px;' title='1.0'>_||> "
 "type<||_html:</span>_||><||_html:<span style='background-color: rgba(0.0, "
 "165.0, 0, 0.15); border-radius: 3px;' title='1.0'>_||> "
 "String<||_html:</span>_||><||_html:<span style='background-color: rgba(0.0, "
 "165.0, 0, 0.15); border-radius: 3px;' "
 'title=\'1.0\'>_||>."<||_html:</span>_||><||_html:<span '
 "style='background-color: rgba(0.0, 165.0, 0, 0.15); border-radius: 3px;' "
 "title='1.0'>_||>\n"
 "<||_html:</span>_||><||_html:<span style='background-color: rgba(0.0, 165.0, "
 "0, 0.15); border-radius: 3px;' title='1.0'>_||>   "
 "<||_html:</span>_||><||_html:<span style='background-color: rgba(0.0, 165.0, "
 "0, 0.15); border-radius: 3px;' title='1.0'>_||> "
 "},<||_html:</span>_||><||_html:<span style='background-color: rgba(0.0, "
 "165.0, 0, 0.15); border-radius: 3px;' title='1.0'>_||>\n"
 "<||_html:</span>_||><||_html:<span style='background-color: rgba(0.0, 165.0, "
 "0, 0.15); border-radius: 3px;' title='1.0'>_||>   "
 "<||_html:</span>_||><||_html:<span style='background-color: rgba(0.0, 165.0, "
 "0, 0.15); border-radius: 3px;' title='1.0'>_||> "
 "{<||_html:</span>_||><||_html:<span style='background-color: rgba(0.0, "
 "165.0, 0, 0.15); border-radius: 3px;' title='1.0'>_||>\n"
 "<||_html:</span>_||><||_html:<span style='background-color: rgba(0.0, 165.0, "
 "0, 0.15); border-radius: 3px;' title='1.0'>_||>     "
 "<||_html:</span>_||><||_html:<span style='background-color: rgba(0.0, 165.0, "
 "0, 0.15); border-radius: 3px;' title='1.0'>_||> "
 '"<||_html:</span>_||><||_html:<span style=\'background-color: rgba(0.0, '
 "165.0, 0, 0.15); border-radius: 3px;' "
 "title='1.0'>_||>type<||_html:</span>_||><||_html:<span "
 "style='background-color: rgba(0.0, 165.0, 0, 0.15); border-radius: 3px;' "
 'title=\'1.0\'>_||>":<||_html:</span>_||><||_html:<span '
 "style='background-color: rgba(0.0, 165.0, 0, 0.15); border-radius: 3px;' "
 'title=\'1.0\'>_||> "<||_html:</span>_||><||_html:<span '
 "style='background-color: rgba(0.0, 165.0, 0, 0.15); border-radius: 3px;' "
 "title='1.0'>_||>Product<||_html:</span>_||><||_html:<span "
 "style='background-color: rgba(0.0, 165.0, 0, 0.15); border-radius: 3px;' "
 'title=\'1.0\'>_||>",<||_html:</span>_||><||_html:<span '
 "style='background-color: rgba(0.0, 165.0, 0, 0.15); border-radius: 3px;' "
 "title='1.0'>_||>\n"
 "<||_html:</span>_||><||_html:<span style='background-color: rgba(0.0, 165.0, "
 "0, 0.15); border-radius: 3px;' title='1.0'>_||>     "
 "<||_html:</span>_||><||_html:<span style='background-color: rgba(0.0, 165.0, "
 "0, 0.15); border-radius: 3px;' title='1.0'>_||> "
 '"<||_html:</span>_||><||_html:<span style=\'background-color: rgba(0.0, '
 "165.0, 0, 0.15); border-radius: 3px;' "
 "title='1.0'>_||>field<||_html:</span>_||><||_html:<span "
 "style='background-color: rgba(0.0, 165.0, 0, 0.15); border-radius: 3px;' "
 'title=\'1.0\'>_||>":<||_html:</span>_||><||_html:<span '
 "style='background-color: rgba(0.0, 165.0, 0, 0.15); border-radius: 3px;' "
 'title=\'1.0\'>_||> "<||_html:</span>_||><||_html:<span '
 "style='background-color: rgba(0.0, 165.0, 0, 0.15); border-radius: 3px;' "
 "title='1.0'>_||>description<||_html:</span>_||><||_html:<span "
 "style='background-color: rgba(0.0, 165.0, 0, 0.15); border-radius: 3px;' "
 'title=\'1.0\'>_||>",<||_html:</span>_||><||_html:<span '
 "style='background-color: rgba(0.0, 165.0, 0, 0.15); border-radius: 3px;' "
 "title='1.0'>_||>\n"
 "<||_html:</span>_||><||_html:<span style='background-color: rgba(0.0, 165.0, "
 "0, 0.15); border-radius: 3px;' title='1.0'>_||>     "
 "<||_html:</span>_||><||_html:<span style='background-color: rgba(0.0, 165.0, "
 "0, 0.15); border-radius: 3px;' title='1.0'>_||> "
 '"<||_html:</span>_||><||_html:<span style=\'background-color: rgba(0.0, '
 "165.0, 0, 0.15); border-radius: 3px;' "
 "title='1.0'>_||>change<||_html:</span>_||><||_html:<span "
 "style='background-color: rgba(0.0, 165.0, 0, 0.15); border-radius: 3px;' "
 'title=\'1.0\'>_||>":<||_html:</span>_||><||_html:<span '
 "style='background-color: rgba(0.0, 165.0, 0, 0.15); border-radius: 3px;' "
 'title=\'1.0\'>_||> "<||_html:</span>_||><||_html:<span '
 "style='background-color: rgba(0.0, 165.0, 0, 0.15); border-radius: 3px;' "
 "title='1.0'>_||>field<||_html:</span>_||><||_html:<span "
 "style='background-color: rgba(0.0, 165.0, 0, 0.15); border-radius: 3px;' "
 "title='1.0'>_||> removed<||_html:</span>_||><||_html:<span "
 "style='background-color: rgba(0.0, 165.0, 0, 0.15); border-radius: 3px;' "
 'title=\'1.0\'>_||>",<||_html:</span>_||><||_html:<span '
 "style='background-color: rgba(0.0, 165.0, 0, 0.15); border-radius: 3px;' "
 "title='1.0'>_||>\n"
 "<||_html:</span>_||><||_html:<span style='background-color: rgba(0.0, 165.0, "
 "0, 0.15); border-radius: 3px;' title='1.0'>_||>     "
 "<||_html:</span>_||><||_html:<span style='background-color: rgba(0.0, 165.0, "
 "0, 0.15); border-radius: 3px;' title='1.0'>_||> "
 '"<||_html:</span>_||><||_html:<span style=\'background-color: rgba(0.0, '
 "165.0, 0, 0.15); border-radius: 3px;' "
 "title='1.0'>_||>breaking<||_html:</span>_||><||_html:<span "
 "style='background-color: rgba(0.0, 165.0, 0, 0.15); border-radius: 3px;' "
 'title=\'1.0\'>_||>":<||_html:</span>_||><||_html:<span '
 "style='background-color: rgba(0.0, 165.0, 0, 0.15); border-radius: 3px;' "
 'title=\'1.0\'>_||> "<||_html:</span>_||><||_html:<span '
 "style='background-color: rgba(0.0, 165.0, 0, 0.15); border-radius: 3px;' "
 "title='1.0'>_||>true<||_html:</span>_||><||_html:<span "
 "style='background-color: rgba(0.0, 165.0, 0, 0.15); border-radius: 3px;' "
 'title=\'1.0\'>_||>",<||_html:</span>_||><||_html:<span '
 "style='background-color: rgba(0.0, 165.0, 0, 0.15); border-radius: 3px;' "
 "title='1.0'>_||>\n"
 "<||_html:</span>_||><||_html:<span style='background-color: rgba(0.0, 165.0, "
 "0, 0.15); border-radius: 3px;' title='1.0'>_||>     "
 "<||_html:</span>_||><||_html:<span style='background-color: rgba(0.0, 165.0, "
 "0, 0.15); border-radius: 3px;' title='1.0'>_||> "
 '"<||_html:</span>_||><||_html:<span style=\'background-color: rgba(0.0, '
 "165.0, 0, 0.15); border-radius: 3px;' "
 "title='1.0'>_||>release<||_html:</span>_||><||_html:<span "
 "style='background-color: rgba(0.0, 165.0, 0, 0.15); border-radius: 3px;' "
 "title='1.0'>_||>_<||_html:</span>_||><||_html:<span style='background-color: "
 "rgba(0.0, 165.0, 0, 0.15); border-radius: 3px;' "
 "title='1.0'>_||>note<||_html:</span>_||><||_html:<span "
 "style='background-color: rgba(0.0, 165.0, 0, 0.15); border-radius: 3px;' "
 'title=\'1.0\'>_||>":<||_html:</span>_||><||_html:<span '
 "style='background-color: rgba(0.0, 165.0, 0, 0.15); border-radius: 3px;' "
 'title=\'1.0\'>_||> "<||_html:</span>_||><||_html:<span '
 "style='background-color: rgba(0.0, 165.0, 0, 0.15); border-radius: 3px;' "
 "title='1.0'>_||>The<||_html:</span>_||><||_html:<span "
 "style='background-color: rgba(0.0, 165.0, 0, 0.15); border-radius: 3px;' "
 "title='1.0'>_||> '<||_html:</span>_||><||_html:<span "
 "style='background-color: rgba(0.0, 165.0, 0, 0.15); border-radius: 3px;' "
 "title='1.0'>_||>Product<||_html:</span>_||><||_html:<span "
 "style='background-color: rgba(0.0, 165.0, 0, 0.15); border-radius: 3px;' "
 "title='1.0'>_||>'<||_html:</span>_||><||_html:<span style='background-color: "
 "rgba(0.0, 165.0, 0, 0.15); border-radius: 3px;' title='1.0'>_||> "
 "type<||_html:</span>_||><||_html:<span style='background-color: rgba(0.0, "
 "165.0, 0, 0.15); border-radius: 3px;' title='1.0'>_||> "
 "no<||_html:</span>_||><||_html:<span style='background-color: rgba(0.0, "
 "165.0, 0, 0.15); border-radius: 3px;' title='1.0'>_||> "
 "longer<||_html:</span>_||><||_html:<span style='background-color: rgba(0.0, "
 "165.0, 0, 0.15); border-radius: 3px;' title='1.0'>_||> "
 "includes<||_html:</span>_||><||_html:<span style='background-color: "
 "rgba(0.0, 165.0, 0, 0.15); border-radius: 3px;' title='1.0'>_||> "
 "the<||_html:</span>_||><||_html:<span style='background-color: rgba(0.0, "
 "165.0, 0, 0.15); border-radius: 3px;' title='1.0'>_||> "
 "'<||_html:</span>_||><||_html:<span style='background-color: rgba(0.0, "
 "165.0, 0, 0.15); border-radius: 3px;' "
 "title='1.0'>_||>description<||_html:</span>_||><||_html:<span "
 "style='background-color: rgba(0.0, 165.0, 0, 0.15); border-radius: 3px;' "
 "title='1.0'>_||>'<||_html:</span>_||><||_html:<span style='background-color: "
 "rgba(0.0, 165.0, 0, 0.15); border-radius: 3px;' title='1.0'>_||> "
 "field<||_html:</span>_||><||_html:<span style='background-color: rgba(0.0, "
 "165.0, 0, 0.15); border-radius: 3px;' "
 'title=\'1.0\'>_||>."<||_html:</span>_||><||_html:<span '
 "style='background-color: rgba(0.0, 165.0, 0, 0.15); border-radius: 3px;' "
 "title='1.0'>_||>\n"
 "<||_html:</span>_||><||_html:<span style='background-color: rgba(0.0, 165.0, "
 "0, 0.15); border-radius: 3px;' title='1.0'>_||>   "
 "<||_html:</span>_||><||_html:<span style='background-color: rgba(0.0, 165.0, "
 "0, 0.15); border-radius: 3px;' title='1.0'>_||> "
 "},<||_html:</span>_||><||_html:<span style='background-color: rgba(0.0, "
 "165.0, 0, 0.15); border-radius: 3px;' title='1.0'>_||>\n"
 "<||_html:</span>_||><||_html:<span style='background-color: rgba(0.0, 165.0, "
 "0, 0.15); border-radius: 3px;' title='1.0'>_||>   "
 "<||_html:</span>_||><||_html:<span style='background-color: rgba(0.0, 165.0, "
 "0, 0.15); border-radius: 3px;' title='1.0'>_||> "
 "{<||_html:</span>_||><||_html:<span style='background-color: rgba(0.0, "
 "165.0, 0, 0.15); border-radius: 3px;' title='1.0'>_||>\n"
 "<||_html:</span>_||><||_html:<span style='background-color: rgba(0.0, 165.0, "
 "0, 0.15); border-radius: 3px;' title='1.0'>_||>     "
 "<||_html:</span>_||><||_html:<span style='background-color: rgba(0.0, 165.0, "
 "0, 0.15); border-radius: 3px;' title='1.0'>_||> "
 '"<||_html:</span>_||><||_html:<span style=\'background-color: rgba(0.0, '
 "165.0, 0, 0.15); border-radius: 3px;' "
 "title='1.0'>_||>type<||_html:</span>_||><||_html:<span "
 "style='background-color: rgba(0.0, 165.0, 0, 0.15); border-radius: 3px;' "
 'title=\'1.0\'>_||>":<||_html:</span>_||><||_html:<span '
 "style='background-color: rgba(0.0, 165.0, 0, 0.15); border-radius: 3px;' "
 'title=\'1.0\'>_||> "<||_html:</span>_||><||_html:<span '
 "style='background-color: rgba(0.0, 165.0, 0, 0.15); border-radius: 3px;' "
 "title='1.0'>_||>Product<||_html:</span>_||><||_html:<span "
 "style='background-color: rgba(0.0, 165.0, 0, 0.15); border-radius: 3px;' "
 'title=\'1.0\'>_||>",<||_html:</span>_||><||_html:<span '
 "style='background-color: rgba(0.0, 165.0, 0, 0.15); border-radius: 3px;' "
 "title='1.0'>_||>\n"
 "<||_html:</span>_||><||_html:<span style='background-color: rgba(0.0, 165.0, "
 "0, 0.15); border-radius: 3px;' title='1.0'>_||>     "
 "<||_html:</span>_||><||_html:<span style='background-color: rgba(0.0, 165.0, "
 "0, 0.15); border-radius: 3px;' title='1.0'>_||> "
 '"<||_html:</span>_||><||_html:<span style=\'background-color: rgba(0.0, '
 "165.0, 0, 0.15); border-radius: 3px;' "
 "title='1.0'>_||>field<||_html:</span>_||><||_html:<span "
 "style='background-color: rgba(0.0, 165.0, 0, 0.15); border-radius: 3px;' "
 'title=\'1.0\'>_||>":<||_html:</span>_||><||_html:<span '
 "style='background-color: rgba(0.0, 165.0, 0, 0.15); border-radius: 3px;' "
 'title=\'1.0\'>_||> "<||_html:</span>_||><||_html:<span '
 "style='background-color: rgba(0.0, 165.0, 0, 0.15); border-radius: 3px;' "
 "title='1.0'>_||>stock<||_html:</span>_||><||_html:<span "
 "style='background-color: rgba(0.0, 165.0, 0, 0.15); border-radius: 3px;' "
 'title=\'1.0\'>_||>",<||_html:</span>_||><||_html:<span '
 "style='background-color: rgba(0.0, 165.0, 0, 0.15); border-radius: 3px;' "
 "title='1.0'>_||>\n"
 "<||_html:</span>_||><||_html:<span style='background-color: rgba(0.0, 165.0, "
 "0, 0.15); border-radius: 3px;' title='1.0'>_||>     "
 "<||_html:</span>_||><||_html:<span style='background-color: rgba(0.0, 165.0, "
 "0, 0.15); border-radius: 3px;' title='1.0'>_||> "
 '"<||_html:</span>_||><||_html:<span style=\'background-color: rgba(0.0, '
 "165.0, 0, 0.15); border-radius: 3px;' "
 "title='1.0'>_||>change<||_html:</span>_||><||_html:<span "
 "style='background-color: rgba(0.0, 165.0, 0, 0.15); border-radius: 3px;' "
 'title=\'1.0\'>_||>":<||_html:</span>_||><||_html:<span '
 "style='background-color: rgba(0.0, 165.0, 0, 0.15); border-radius: 3px;' "
 'title=\'1.0\'>_||> "<||_html:</span>_||><||_html:<span '
 "style='background-color: rgba(0.0, 165.0, 0, 0.15); border-radius: 3px;' "
 "title='1.0'>_||>field<||_html:</span>_||><||_html:<span "
 "style='background-color: rgba(0.0, 165.0, 0, 0.15); border-radius: 3px;' "
 "title='1.0'>_||> removed<||_html:</span>_||><||_html:<span "
 "style='background-color: rgba(0.0, 165.0, 0, 0.15); border-radius: 3px;' "
 'title=\'1.0\'>_||>",<||_html:</span>_||><||_html:<span '
 "style='background-color: rgba(0.0, 165.0, 0, 0.15); border-radius: 3px;' "
 "title='1.0'>_||>\n"
 "<||_html:</span>_||><||_html:<span style='background-color: rgba(0.0, 165.0, "
 "0, 0.15); border-radius: 3px;' title='1.0'>_||>     "
 "<||_html:</span>_||><||_html:<span style='background-color: rgba(0.0, 165.0, "
 "0, 0.15); border-radius: 3px;' title='1.0'>_||> "
 '"<||_html:</span>_||><||_html:<span style=\'background-color: rgba(0.0, '
 "165.0, 0, 0.15); border-radius: 3px;' "
 "title='1.0'>_||>breaking<||_html:</span>_||><||_html:<span "
 "style='background-color: rgba(0.0, 165.0, 0, 0.15); border-radius: 3px;' "
 'title=\'1.0\'>_||>":<||_html:</span>_||><||_html:<span '
 "style='background-color: rgba(0.0, 165.0, 0, 0.15); border-radius: 3px;' "
 'title=\'1.0\'>_||> "<||_html:</span>_||><||_html:<span '
 "style='background-color: rgba(0.0, 165.0, 0, 0.15); border-radius: 3px;' "
 "title='1.0'>_||>true<||_html:</span>_||><||_html:<span "
 "style='background-color: rgba(0.0, 165.0, 0, 0.15); border-radius: 3px;' "
 'title=\'1.0\'>_||>",<||_html:</span>_||><||_html:<span '
 "style='background-color: rgba(0.0, 165.0, 0, 0.15); border-radius: 3px;' "
 "title='1.0'>_||>\n"
 "<||_html:</span>_||><||_html:<span style='background-color: rgba(0.0, 165.0, "
 "0, 0.15); border-radius: 3px;' title='1.0'>_||>     "
 "<||_html:</span>_||><||_html:<span style='background-color: rgba(0.0, 165.0, "
 "0, 0.15); border-radius: 3px;' title='1.0'>_||> "
 '"<||_html:</span>_||><||_html:<span style=\'background-color: rgba(0.0, '
 "165.0, 0, 0.15); border-radius: 3px;' "
 "title='1.0'>_||>release<||_html:</span>_||><||_html:<span "
 "style='background-color: rgba(0.0, 165.0, 0, 0.15); border-radius: 3px;' "
 "title='1.0'>_||>_<||_html:</span>_||><||_html:<span style='background-color: "
 "rgba(0.0, 165.0, 0, 0.15); border-radius: 3px;' "
 "title='1.0'>_||>note<||_html:</span>_||><||_html:<span "
 "style='background-color: rgba(0.0, 165.0, 0, 0.15); border-radius: 3px;' "
 'title=\'1.0\'>_||>":<||_html:</span>_||><||_html:<span '
 "style='background-color: rgba(0.0, 165.0, 0, 0.15); border-radius: 3px;' "
 'title=\'1.0\'>_||> "<||_html:</span>_||><||_html:<span '
 "style='background-color: rgba(0.0, 165.0, 0, 0.15); border-radius: 3px;' "
 "title='1.0'>_||>The<||_html:</span>_||><||_html:<span "
 "style='background-color: rgba(0.0, 165.0, 0, 0.15); border-radius: 3px;' "
 "title='1.0'>_||> '<||_html:</span>_||><||_html:<span "
 "style='background-color: rgba(0.0, 165.0, 0, 0.15); border-radius: 3px;' "
 "title='1.0'>_||>Product<||_html:</span>_||><||_html:<span "
 "style='background-color: rgba(0.0, 165.0, 0, 0.15); border-radius: 3px;' "
 "title='1.0'>_||>'<||_html:</span>_||><||_html:<span style='background-color: "
 "rgba(0.0, 165.0, 0, 0.15); border-radius: 3px;' title='1.0'>_||> "
 "type<||_html:</span>_||><||_html:<span style='background-color: rgba(0.0, "
 "165.0, 0, 0.15); border-radius: 3px;' title='1.0'>_||> "
 "no<||_html:</span>_||><||_html:<span style='background-color: rgba(0.0, "
 "165.0, 0, 0.15); border-radius: 3px;' title='1.0'>_||> "
 "longer<||_html:</span>_||><||_html:<span style='background-color: rgba(0.0, "
 "165.0, 0, 0.15); border-radius: 3px;' title='1.0'>_||> "
 "includes<||_html:</span>_||><||_html:<span style='background-color: "
 "rgba(0.0, 165.0, 0, 0.15); border-radius: 3px;' title='1.0'>_||> "
 "the<||_html:</span>_||><||_html:<span style='background-color: rgba(0.0, "
 "165.0, 0, 0.15); border-radius: 3px;' title='1.0'>_||> "
 "'<||_html:</span>_||><||_html:<span style='background-color: rgba(0.0, "
 "165.0, 0, 0.15); border-radius: 3px;' "
 "title='1.0'>_||>stock<||_html:</span>_||><||_html:<span "
 "style='background-color: rgba(0.0, 165.0, 0, 0.15); border-radius: 3px;' "
 "title='1.0'>_||>'<||_html:</span>_||><||_html:<span style='background-color: "
 "rgba(0.0, 165.0, 0, 0.15); border-radius: 3px;' title='1.0'>_||> "
 "field<||_html:</span>_||><||_html:<span style='background-color: rgba(0.0, "
 "165.0, 0, 0.15); border-radius: 3px;' "
 'title=\'1.0\'>_||>."<||_html:</span>_||><||_html:<span '
 "style='background-color: rgba(0.0, 165.0, 0, 0.15); border-radius: 3px;' "
 "title='1.0'>_||>\n"
 "<||_html:</span>_||><||_html:<span style='background-color: rgba(0.0, 165.0, "
 "0, 0.15); border-radius: 3px;' title='1.0'>_||>   "
 "<||_html:</span>_||><||_html:<span style='background-color: rgba(0.0, 165.0, "
 "0, 0.15); border-radius: 3px;' title='1.0'>_||> "
 "}<||_html:</span>_||><||_html:<span style='background-color: rgba(0.0, "
 "165.0, 0, 0.15); border-radius: 3px;' title='1.0'>_||>\n"
 "<||_html:</span>_||><||_html:<span style='background-color: rgba(0.0, 165.0, "
 "0, 0.15); border-radius: 3px;' title='1.0'>_||> "
 "<||_html:</span>_||><||_html:<span style='background-color: rgba(0.0, 165.0, "
 "0, 0.15); border-radius: 3px;' title='1.0'>_||> "
 "],<||_html:</span>_||><||_html:<span style='background-color: rgba(0.0, "
 "165.0, 0, 0.15); border-radius: 3px;' title='1.0'>_||>\n"
 "<||_html:</span>_||><||_html:<span style='background-color: rgba(0.0, 165.0, "
 "0, 0.15); border-radius: 3px;' title='1.0'>_||> "
 "<||_html:</span>_||><||_html:<span style='background-color: rgba(0.0, 165.0, "
 "0, 0.15); border-radius: 3px;' title='1.0'>_||> "
 '"<||_html:</span>_||><||_html:<span style=\'background-color: rgba(0.0, '
 "165.0, 0, 0.15); border-radius: 3px;' "
 "title='1.0'>_||>release<||_html:</span>_||><||_html:<span "
 "style='background-color: rgba(0.0, 165.0, 0, 0.15); border-radius: 3px;' "
 "title='1.0'>_||>_<||_html:</span>_||><||_html:<span style='background-color: "
 "rgba(0.0, 165.0, 0, 0.15); border-radius: 3px;' "
 "title='1.0'>_||>notes<||_html:</span>_||><||_html:<span "
 "style='background-color: rgba(0.0, 165.0, 0, 0.15); border-radius: 3px;' "
 'title=\'1.0\'>_||>":<||_html:</span>_||><||_html:<span '
 "style='background-color: rgba(0.0, 165.0, 0, 0.15); border-radius: 3px;' "
 "title='1.0'>_||> {<||_html:</span>_||><||_html:<span "
 "style='background-color: rgba(0.0, 165.0, 0, 0.15); border-radius: 3px;' "
 "title='1.0'>_||>\n"
 "<||_html:</span>_||><||_html:<span style='background-color: rgba(0.0, 165.0, "
 "0, 0.15); border-radius: 3px;' title='1.0'>_||>   "
 "<||_html:</span>_||><||_html:<span style='background-color: rgba(0.0, 165.0, "
 "0, 0.15); border-radius: 3px;' title='1.0'>_||> "
 '"<||_html:</span>_||><||_html:<span style=\'background-color: rgba(0.0, '
 "165.0, 0, 0.15); border-radius: 3px;' "
 "title='1.0'>_||>summary<||_html:</span>_||><||_html:<span "
 "style='background-color: rgba(0.0, 165.0, 0, 0.15); border-radius: 3px;' "
 'title=\'1.0\'>_||>":<||_html:</span>_||><||_html:<span '
 "style='background-color: rgba(0.0, 165.0, 0, 0.15); border-radius: 3px;' "
 'title=\'1.0\'>_||> "<||_html:</span>_||><||_html:<span '
 "style='background-color: rgba(0.0, 165.0, 0, 0.15); border-radius: 3px;' "
 "title='1.0'>_||>The<||_html:</span>_||><||_html:<span "
 "style='background-color: rgba(0.0, 165.0, 0, 0.15); border-radius: 3px;' "
 "title='1.0'>_||> '<||_html:</span>_||><||_html:<span "
 "style='background-color: rgba(0.0, 165.0, 0, 0.15); border-radius: 3px;' "
 "title='1.0'>_||>get<||_html:</span>_||><||_html:<span "
 "style='background-color: rgba(0.0, 165.0, 0, 0.15); border-radius: 3px;' "
 "title='1.0'>_||>Product<||_html:</span>_||><||_html:<span "
 "style='background-color: rgba(0.0, 165.0, 0, 0.15); border-radius: 3px;' "
 "title='1.0'>_||>'<||_html:</span>_||><||_html:<span style='background-color: "
 "rgba(0.0, 165.0, 0, 0.15); border-radius: 3px;' title='1.0'>_||> "
 "query<||_html:</span>_||><||_html:<span style='background-color: rgba(0.0, "
 "165.0, 0, 0.15); border-radius: 3px;' title='1.0'>_||> "
 "now<||_html:</span>_||><||_html:<span style='background-color: rgba(0.0, "
 "165.0, 0, 0.15); border-radius: 3px;' title='1.0'>_||> "
 "includes<||_html:</span>_||><||_html:<span style='background-color: "
 "rgba(0.0, 165.0, 0, 0.15); border-radius: 3px;' title='1.0'>_||> "
 "a<||_html:</span>_||><||_html:<span style='background-color: rgba(0.0, "
 "165.0, 0, 0.15); border-radius: 3px;' title='1.0'>_||> "
 "new<||_html:</span>_||><||_html:<span style='background-color: rgba(0.0, "
 "165.0, 0, 0.15); border-radius: 3px;' title='1.0'>_||> "
 "field<||_html:</span>_||><||_html:<span style='background-color: rgba(0.0, "
 "165.0, 0, 0.15); border-radius: 3px;' title='1.0'>_||> "
 "'<||_html:</span>_||><||_html:<span style='background-color: rgba(0.0, "
 "165.0, 0, 0.15); border-radius: 3px;' "
 "title='1.0'>_||>details<||_html:</span>_||><||_html:<span "
 "style='background-color: rgba(0.0, 165.0, 0, 0.15); border-radius: 3px;' "
 "title='1.0'>_||>'<||_html:</span>_||><||_html:<span style='background-color: "
 "rgba(0.0, 165.0, 0, 0.15); border-radius: 3px;' title='1.0'>_||> "
 "of<||_html:</span>_||><||_html:<span style='background-color: rgba(0.0, "
 "165.0, 0, 0.15); border-radius: 3px;' title='1.0'>_||> "
 "type<||_html:</span>_||><||_html:<span style='background-color: rgba(0.0, "
 "165.0, 0, 0.15); border-radius: 3px;' title='1.0'>_||> "
 "String<||_html:</span>_||><||_html:<span style='background-color: rgba(0.0, "
 "165.0, 0, 0.15); border-radius: 3px;' "
 "title='1.0'>_||>.<||_html:</span>_||><||_html:<span style='background-color: "
 "rgba(0.0, 165.0, 0, 0.15); border-radius: 3px;' title='1.0'>_||> "
 "The<||_html:</span>_||><||_html:<span style='background-color: rgba(0.0, "
 "165.0, 0, 0.15); border-radius: 3px;' title='1.0'>_||> "
 "'<||_html:</span>_||><||_html:<span style='background-color: rgba(0.0, "
 "165.0, 0, 0.15); border-radius: 3px;' "
 "title='1.0'>_||>Product<||_html:</span>_||><||_html:<span "
 "style='background-color: rgba(0.0, 165.0, 0, 0.15); border-radius: 3px;' "
 "title='1.0'>_||>'<||_html:</span>_||><||_html:<span style='background-color: "
 "rgba(0.0, 165.0, 0, 0.15); border-radius: 3px;' title='1.0'>_||> "
 "type<||_html:</span>_||><||_html:<span style='background-color: rgba(0.0, "
 "165.0, 0, 0.15); border-radius: 3px;' title='1.0'>_||> "
 "no<||_html:</span>_||><||_html:<span style='background-color: rgba(0.0, "
 "165.0, 0, 0.15); border-radius: 3px;' title='1.0'>_||> "
 "longer<||_html:</span>_||><||_html:<span style='background-color: rgba(0.0, "
 "165.0, 0, 0.15); border-radius: 3px;' title='1.0'>_||> "
 "includes<||_html:</span>_||><||_html:<span style='background-color: "
 "rgba(0.0, 165.0, 0, 0.15); border-radius: 3px;' title='1.0'>_||> "
 "the<||_html:</span>_||><||_html:<span style='background-color: rgba(0.0, "
 "165.0, 0, 0.15); border-radius: 3px;' title='1.0'>_||> "
 "'<||_html:</span>_||><||_html:<span style='background-color: rgba(0.0, "
 "165.0, 0, 0.15); border-radius: 3px;' "
 "title='1.0'>_||>description<||_html:</span>_||><||_html:<span "
 "style='background-color: rgba(0.0, 165.0, 0, 0.15); border-radius: 3px;' "
 "title='1.0'>_||>'<||_html:</span>_||><||_html:<span style='background-color: "
 "rgba(0.0, 165.0, 0, 0.15); border-radius: 3px;' title='1.0'>_||> "
 "and<||_html:</span>_||><||_html:<span style='background-color: rgba(0.0, "
 "165.0, 0, 0.15); border-radius: 3px;' title='1.0'>_||> "
 "'<||_html:</span>_||><||_html:<span style='background-color: rgba(0.0, "
 "165.0, 0, 0.15); border-radius: 3px;' "
 "title='1.0'>_||>stock<||_html:</span>_||><||_html:<span "
 "style='background-color: rgba(0.0, 165.0, 0, 0.15); border-radius: 3px;' "
 "title='1.0'>_||>'<||_html:</span>_||><||_html:<span style='background-color: "
 "rgba(0.0, 165.0, 0, 0.15); border-radius: 3px;' title='1.0'>_||> "
 "fields<||_html:</span>_||><||_html:<span style='background-color: rgba(0.0, "
 "165.0, 0, 0.15); border-radius: 3px;' "
 'title=\'1.0\'>_||>."<||_html:</span>_||><||_html:<span '
 "style='background-color: rgba(0.0, 165.0, 0, 0.15); border-radius: 3px;' "
 "title='1.0'>_||>\n"
 "<||_html:</span>_||><||_html:<span style='background-color: rgba(0.0, 165.0, "
 "0, 0.15); border-radius: 3px;' title='1.0'>_||> "
 "<||_html:</span>_||><||_html:<span style='background-color: rgba(0.0, 165.0, "
 "0, 0.15); border-radius: 3px;' title='1.0'>_||> "
 "}<||_html:</span>_||><||_html:<span style='background-color: rgba(0.0, "
 "165.0, 0, 0.15); border-radius: 3px;' title='1.0'>_||>\n"
 "<||_html:</span>_||><||_html:<span style='background-color: rgba(0.0, 165.0, "
 "0, 0.15); border-radius: 3px;' "
 'title=\'1.0\'>_||>}<||_html:</span>_||>{"changes":<||_html:<span '
 "style='background-color: rgba(0.0, 165.0, 0, 0.15); border-radius: 3px;' "
 "title='1.0'>_||>[<||_html:</span>_||><||_html:<span style='background-color: "
 "rgba(0.0, 165.0, 0, 0.15); border-radius: 3px;' "
 'title=\'1.0\'>_||>{"<||_html:</span>_||>type<||_html:<span '
 "style='background-color: rgba(0.0, 165.0, 0, 0.15); border-radius: 3px;' "
 'title=\'1.0\'>_||>":"<||_html:</span>_||><||_html:<span '
 "style='background-color: rgba(0.0, 165.0, 0, 0.15); border-radius: 3px;' "
 "title='1.0'>_||>Query<||_html:</span>_||><||_html:<span "
 "style='background-color: rgba(0.0, 165.0, 0, 0.15); border-radius: 3px;' "
 'title=\'1.0\'>_||>","<||_html:</span>_||>field<||_html:<span '
 "style='background-color: rgba(0.0, 165.0, 0, 0.15); border-radius: 3px;' "
 'title=\'1.0\'>_||>":"<||_html:</span>_||><||_html:<span '
 "style='background-color: rgba(0.0, 165.0, 0, 0.15); border-radius: 3px;' "
 "title='1.0'>_||>get<||_html:</span>_||><||_html:<span "
 "style='background-color: rgba(0.0, 165.0, 0, 0.15); border-radius: 3px;' "
 "title='1.0'>_||>Product<||_html:</span>_||><||_html:<span "
 "style='background-color: rgba(0.0, 165.0, 0, 0.15); border-radius: 3px;' "
 'title=\'1.0\'>_||>","<||_html:</span>_||>change<||_html:<span '
 "style='background-color: rgba(0.0, 165.0, 0, 0.15); border-radius: 3px;' "
 'title=\'1.0\'>_||>":"<||_html:</span>_||><||_html:<span '
 "style='background-color: rgba(0.0, 165.0, 0, 0.15); border-radius: 3px;' "
 "title='1.0'>_||>field<||_html:</span>_||><||_html:<span "
 "style='background-color: rgba(0.0, 165.0, 0, 0.15); border-radius: 3px;' "
 "title='1.0'>_||> details<||_html:</span>_||><||_html:<span "
 "style='background-color: rgba(0.0, 165.0, 0, 0.15); border-radius: 3px;' "
 "title='1.0'>_||> added<||_html:</span>_||><||_html:<span "
 "style='background-color: rgba(0.0, 165.0, 0, 0.15); border-radius: 3px;' "
 'title=\'1.0\'>_||>","<||_html:</span>_||>breaking<||_html:<span '
 "style='background-color: rgba(0.0, 165.0, 0, 0.15); border-radius: 3px;' "
 'title=\'1.0\'>_||>":<||_html:</span>_||><||_html:<span '
 "style='background-color: rgba(0.0, 165.0, 0, 0.15); border-radius: 3px;' "
 'title=\'1.0\'>_||>false<||_html:</span>_||>,"release_note<||_html:<span '
 "style='background-color: rgba(0.0, 165.0, 0, 0.15); border-radius: 3px;' "
 'title=\'1.0\'>_||>":"<||_html:</span>_||><||_html:<span '
 "style='background-color: rgba(0.0, 165.0, 0, 0.15); border-radius: 3px;' "
 "title='1.0'>_||>The<||_html:</span>_||><||_html:<span "
 "style='background-color: rgba(0.0, 165.0, 0, 0.15); border-radius: 3px;' "
 "title='1.0'>_||> '<||_html:</span>_||><||_html:<span "
 "style='background-color: rgba(0.0, 165.0, 0, 0.15); border-radius: 3px;' "
 "title='1.0'>_||>get<||_html:</span>_||><||_html:<span "
 "style='background-color: rgba(0.0, 165.0, 0, 0.15); border-radius: 3px;' "
 "title='1.0'>_||>Product<||_html:</span>_||><||_html:<span "
 "style='background-color: rgba(0.0, 165.0, 0, 0.15); border-radius: 3px;' "
 "title='1.0'>_||>'<||_html:</span>_||><||_html:<span style='background-color: "
 "rgba(0.0, 165.0, 0, 0.15); border-radius: 3px;' title='1.0'>_||> "
 "query<||_html:</span>_||><||_html:<span style='background-color: rgba(0.0, "
 "165.0, 0, 0.15); border-radius: 3px;' title='1.0'>_||> "
 "now<||_html:</span>_||><||_html:<span style='background-color: rgba(0.0, "
 "165.0, 0, 0.15); border-radius: 3px;' title='1.0'>_||> "
 "includes<||_html:</span>_||><||_html:<span style='background-color: "
 "rgba(0.0, 165.0, 0, 0.15); border-radius: 3px;' title='1.0'>_||> "
 "a<||_html:</span>_||><||_html:<span style='background-color: rgba(0.0, "
 "165.0, 0, 0.15); border-radius: 3px;' title='1.0'>_||> "
 "new<||_html:</span>_||><||_html:<span style='background-color: rgba(0.0, "
 "165.0, 0, 0.15); border-radius: 3px;' title='1.0'>_||> "
 "field<||_html:</span>_||><||_html:<span style='background-color: rgba(0.0, "
 "165.0, 0, 0.15); border-radius: 3px;' title='1.0'>_||>")
('Analyze the following two GraphQL schemas for changes, including both '
 'breaking and non-breaking changes.\n'
 '\n'
 '                        Provide your analysis in the following JSON format:\n'
 '                        {\n'
 '                          "changes": [\n'
 '                            {\n'
 '                              "type": "String representing the GraphQL type '
 '(e.g., Query, Mutation, Subscription)",\n'
 '                              "field": "String representing the specific '
 'field that changed",\n'
 '                              "change": "String describing the change (e.g., '
 'field renamed, new field added, field removed)",\n'
 '                              "breaking": "Boolean indicating if the change '
 'is breaking (true) or non-breaking (false)",\n'
 '                              "release_note": "String with a natural '
 'language description of the change for release notes"\n'
 '                            }\n'
 '                          ],\n'
 '                          "release_notes": {\n'
 '                              "summary": "String summarizing all changes, '
 'suitable for a mailing list or public announcement"\n'
 '                          }\n'
 '                        }\n'
 '\n'
 '                        When analyzing, consider the following types of '
 'changes:\n'
 '                        1. Removing fields or types (breaking)\n'
 '                        2. Changing field types (potentially breaking)\n'
 '                        3. Adding required fields (breaking)\n'
 '                        4. Changing the type of existing arguments '
 '(breaking)\n'
 '                        5. Adding optional fields (non-breaking)\n'
 '                        6. Adding new types (non-breaking)\n'
 '                        7. Deprecating fields (non-breaking)\n'
 '\n'
 '                        Ensure that each change is categorized correctly as '
 'breaking or non-breaking.: type Query {\n'
 '  getProduct(id: ID!): Product\n'
 '}\n'
 '\n'
 'type Product {\n'
 '  id: ID\n'
 '  name: String\n'
 '  description: String\n'
 '  price: Float\n'
 '  stock: Int\n'
 '}\n'
 ', type Query {\n'
 '  getProduct(id: ID!): Product\n'
 '}\n'
 '\n'
 'type Product {\n'
 '  id: ID\n'
 '  name: String\n'
 '  details: String\n'
 '  price: Float\n'
 '}\n'
 '\n'
 "Answer:<||_html:<span style='background-color: rgba(0.0, 165.0, 0, 0.15); "
 "border-radius: 3px;' title='1.0'>_||> {<||_html:</span>_||><||_html:<span "
 "style='background-color: rgba(0.0, 165.0, 0, 0.15); border-radius: 3px;' "
 "title='1.0'>_||>\n"
 "<||_html:</span>_||><||_html:<span style='background-color: rgba(0.0, 165.0, "
 "0, 0.15); border-radius: 3px;' title='1.0'>_||> "
 "<||_html:</span>_||><||_html:<span style='background-color: rgba(0.0, 165.0, "
 "0, 0.15); border-radius: 3px;' title='1.0'>_||> "
 '"<||_html:</span>_||><||_html:<span style=\'background-color: rgba(0.0, '
 "165.0, 0, 0.15); border-radius: 3px;' "
 "title='1.0'>_||>changes<||_html:</span>_||><||_html:<span "
 "style='background-color: rgba(0.0, 165.0, 0, 0.15); border-radius: 3px;' "
 'title=\'1.0\'>_||>":<||_html:</span>_||><||_html:<span '
 "style='background-color: rgba(0.0, 165.0, 0, 0.15); border-radius: 3px;' "
 "title='1.0'>_||> [<||_html:</span>_||><||_html:<span "
 "style='background-color: rgba(0.0, 165.0, 0, 0.15); border-radius: 3px;' "
 "title='1.0'>_||>\n"
 "<||_html:</span>_||><||_html:<span style='background-color: rgba(0.0, 165.0, "
 "0, 0.15); border-radius: 3px;' title='1.0'>_||>   "
 "<||_html:</span>_||><||_html:<span style='background-color: rgba(0.0, 165.0, "
 "0, 0.15); border-radius: 3px;' title='1.0'>_||> "
 "{<||_html:</span>_||><||_html:<span style='background-color: rgba(0.0, "
 "165.0, 0, 0.15); border-radius: 3px;' title='1.0'>_||>\n"
 "<||_html:</span>_||><||_html:<span style='background-color: rgba(0.0, 165.0, "
 "0, 0.15); border-radius: 3px;' title='1.0'>_||>     "
 "<||_html:</span>_||><||_html:<span style='background-color: rgba(0.0, 165.0, "
 "0, 0.15); border-radius: 3px;' title='1.0'>_||> "
 '"<||_html:</span>_||><||_html:<span style=\'background-color: rgba(0.0, '
 "165.0, 0, 0.15); border-radius: 3px;' "
 "title='1.0'>_||>type<||_html:</span>_||><||_html:<span "
 "style='background-color: rgba(0.0, 165.0, 0, 0.15); border-radius: 3px;' "
 'title=\'1.0\'>_||>":<||_html:</span>_||><||_html:<span '
 "style='background-color: rgba(0.0, 165.0, 0, 0.15); border-radius: 3px;' "
 'title=\'1.0\'>_||> "<||_html:</span>_||><||_html:<span '
 "style='background-color: rgba(0.0, 165.0, 0, 0.15); border-radius: 3px;' "
 "title='1.0'>_||>Query<||_html:</span>_||><||_html:<span "
 "style='background-color: rgba(0.0, 165.0, 0, 0.15); border-radius: 3px;' "
 'title=\'1.0\'>_||>",<||_html:</span>_||><||_html:<span '
 "style='background-color: rgba(0.0, 165.0, 0, 0.15); border-radius: 3px;' "
 "title='1.0'>_||>\n"
 "<||_html:</span>_||><||_html:<span style='background-color: rgba(0.0, 165.0, "
 "0, 0.15); border-radius: 3px;' title='1.0'>_||>     "
 "<||_html:</span>_||><||_html:<span style='background-color: rgba(0.0, 165.0, "
 "0, 0.15); border-radius: 3px;' title='1.0'>_||> "
 '"<||_html:</span>_||><||_html:<span style=\'background-color: rgba(0.0, '
 "165.0, 0, 0.15); border-radius: 3px;' "
 "title='1.0'>_||>field<||_html:</span>_||><||_html:<span "
 "style='background-color: rgba(0.0, 165.0, 0, 0.15); border-radius: 3px;' "
 'title=\'1.0\'>_||>":<||_html:</span>_||><||_html:<span '
 "style='background-color: rgba(0.0, 165.0, 0, 0.15); border-radius: 3px;' "
 'title=\'1.0\'>_||> "<||_html:</span>_||><||_html:<span '
 "style='background-color: rgba(0.0, 165.0, 0, 0.15); border-radius: 3px;' "
 "title='1.0'>_||>get<||_html:</span>_||><||_html:<span "
 "style='background-color: rgba(0.0, 165.0, 0, 0.15); border-radius: 3px;' "
 "title='1.0'>_||>Product<||_html:</span>_||><||_html:<span "
 "style='background-color: rgba(0.0, 165.0, 0, 0.15); border-radius: 3px;' "
 'title=\'1.0\'>_||>",<||_html:</span>_||><||_html:<span '
 "style='background-color: rgba(0.0, 165.0, 0, 0.15); border-radius: 3px;' "
 "title='1.0'>_||>\n"
 "<||_html:</span>_||><||_html:<span style='background-color: rgba(0.0, 165.0, "
 "0, 0.15); border-radius: 3px;' title='1.0'>_||>     "
 "<||_html:</span>_||><||_html:<span style='background-color: rgba(0.0, 165.0, "
 "0, 0.15); border-radius: 3px;' title='1.0'>_||> "
 '"<||_html:</span>_||><||_html:<span style=\'background-color: rgba(0.0, '
 "165.0, 0, 0.15); border-radius: 3px;' "
 "title='1.0'>_||>change<||_html:</span>_||><||_html:<span "
 "style='background-color: rgba(0.0, 165.0, 0, 0.15); border-radius: 3px;' "
 'title=\'1.0\'>_||>":<||_html:</span>_||><||_html:<span '
 "style='background-color: rgba(0.0, 165.0, 0, 0.15); border-radius: 3px;' "
 'title=\'1.0\'>_||> "<||_html:</span>_||><||_html:<span '
 "style='background-color: rgba(0.0, 165.0, 0, 0.15); border-radius: 3px;' "
 "title='1.0'>_||>field<||_html:</span>_||><||_html:<span "
 "style='background-color: rgba(0.0, 165.0, 0, 0.15); border-radius: 3px;' "
 "title='1.0'>_||> details<||_html:</span>_||><||_html:<span "
 "style='background-color: rgba(0.0, 165.0, 0, 0.15); border-radius: 3px;' "
 "title='1.0'>_||> added<||_html:</span>_||><||_html:<span "
 "style='background-color: rgba(0.0, 165.0, 0, 0.15); border-radius: 3px;' "
 'title=\'1.0\'>_||>",<||_html:</span>_||><||_html:<span '
 "style='background-color: rgba(0.0, 165.0, 0, 0.15); border-radius: 3px;' "
 "title='1.0'>_||>\n"
 "<||_html:</span>_||><||_html:<span style='background-color: rgba(0.0, 165.0, "
 "0, 0.15); border-radius: 3px;' title='1.0'>_||>     "
 "<||_html:</span>_||><||_html:<span style='background-color: rgba(0.0, 165.0, "
 "0, 0.15); border-radius: 3px;' title='1.0'>_||> "
 '"<||_html:</span>_||><||_html:<span style=\'background-color: rgba(0.0, '
 "165.0, 0, 0.15); border-radius: 3px;' "
 "title='1.0'>_||>breaking<||_html:</span>_||><||_html:<span "
 "style='background-color: rgba(0.0, 165.0, 0, 0.15); border-radius: 3px;' "
 'title=\'1.0\'>_||>":<||_html:</span>_||><||_html:<span '
 "style='background-color: rgba(0.0, 165.0, 0, 0.15); border-radius: 3px;' "
 'title=\'1.0\'>_||> "<||_html:</span>_||><||_html:<span '
 "style='background-color: rgba(0.0, 165.0, 0, 0.15); border-radius: 3px;' "
 "title='1.0'>_||>false<||_html:</span>_||><||_html:<span "
 "style='background-color: rgba(0.0, 165.0, 0, 0.15); border-radius: 3px;' "
 'title=\'1.0\'>_||>",<||_html:</span>_||><||_html:<span '
 "style='background-color: rgba(0.0, 165.0, 0, 0.15); border-radius: 3px;' "
 "title='1.0'>_||>\n"
 "<||_html:</span>_||><||_html:<span style='background-color: rgba(0.0, 165.0, "
 "0, 0.15); border-radius: 3px;' title='1.0'>_||>     "
 "<||_html:</span>_||><||_html:<span style='background-color: rgba(0.0, 165.0, "
 "0, 0.15); border-radius: 3px;' title='1.0'>_||> "
 '"<||_html:</span>_||><||_html:<span style=\'background-color: rgba(0.0, '
 "165.0, 0, 0.15); border-radius: 3px;' "
 "title='1.0'>_||>release<||_html:</span>_||><||_html:<span "
 "style='background-color: rgba(0.0, 165.0, 0, 0.15); border-radius: 3px;' "
 "title='1.0'>_||>_<||_html:</span>_||><||_html:<span style='background-color: "
 "rgba(0.0, 165.0, 0, 0.15); border-radius: 3px;' "
 "title='1.0'>_||>note<||_html:</span>_||><||_html:<span "
 "style='background-color: rgba(0.0, 165.0, 0, 0.15); border-radius: 3px;' "
 'title=\'1.0\'>_||>":<||_html:</span>_||><||_html:<span '
 "style='background-color: rgba(0.0, 165.0, 0, 0.15); border-radius: 3px;' "
 'title=\'1.0\'>_||> "<||_html:</span>_||><||_html:<span '
 "style='background-color: rgba(0.0, 165.0, 0, 0.15); border-radius: 3px;' "
 "title='1.0'>_||>The<||_html:</span>_||><||_html:<span "
 "style='background-color: rgba(0.0, 165.0, 0, 0.15); border-radius: 3px;' "
 "title='1.0'>_||> '<||_html:</span>_||><||_html:<span "
 "style='background-color: rgba(0.0, 165.0, 0, 0.15); border-radius: 3px;' "
 "title='1.0'>_||>get<||_html:</span>_||><||_html:<span "
 "style='background-color: rgba(0.0, 165.0, 0, 0.15); border-radius: 3px;' "
 "title='1.0'>_||>Product<||_html:</span>_||><||_html:<span "
 "style='background-color: rgba(0.0, 165.0, 0, 0.15); border-radius: 3px;' "
 "title='1.0'>_||>'<||_html:</span>_||><||_html:<span style='background-color: "
 "rgba(0.0, 165.0, 0, 0.15); border-radius: 3px;' title='1.0'>_||> "
 "query<||_html:</span>_||><||_html:<span style='background-color: rgba(0.0, "
 "165.0, 0, 0.15); border-radius: 3px;' title='1.0'>_||> "
 "now<||_html:</span>_||><||_html:<span style='background-color: rgba(0.0, "
 "165.0, 0, 0.15); border-radius: 3px;' title='1.0'>_||> "
 "includes<||_html:</span>_||><||_html:<span style='background-color: "
 "rgba(0.0, 165.0, 0, 0.15); border-radius: 3px;' title='1.0'>_||> "
 "a<||_html:</span>_||><||_html:<span style='background-color: rgba(0.0, "
 "165.0, 0, 0.15); border-radius: 3px;' title='1.0'>_||> "
 "new<||_html:</span>_||><||_html:<span style='background-color: rgba(0.0, "
 "165.0, 0, 0.15); border-radius: 3px;' title='1.0'>_||> "
 "field<||_html:</span>_||><||_html:<span style='background-color: rgba(0.0, "
 "165.0, 0, 0.15); border-radius: 3px;' title='1.0'>_||> "
 "'<||_html:</span>_||><||_html:<span style='background-color: rgba(0.0, "
 "165.0, 0, 0.15); border-radius: 3px;' "
 "title='1.0'>_||>details<||_html:</span>_||><||_html:<span "
 "style='background-color: rgba(0.0, 165.0, 0, 0.15); border-radius: 3px;' "
 "title='1.0'>_||>'<||_html:</span>_||><||_html:<span style='background-color: "
 "rgba(0.0, 165.0, 0, 0.15); border-radius: 3px;' title='1.0'>_||> "
 "of<||_html:</span>_||><||_html:<span style='background-color: rgba(0.0, "
 "165.0, 0, 0.15); border-radius: 3px;' title='1.0'>_||> "
 "type<||_html:</span>_||><||_html:<span style='background-color: rgba(0.0, "
 "165.0, 0, 0.15); border-radius: 3px;' title='1.0'>_||> "
 "String<||_html:</span>_||><||_html:<span style='background-color: rgba(0.0, "
 "165.0, 0, 0.15); border-radius: 3px;' "
 'title=\'1.0\'>_||>."<||_html:</span>_||><||_html:<span '
 "style='background-color: rgba(0.0, 165.0, 0, 0.15); border-radius: 3px;' "
 "title='1.0'>_||>\n"
 "<||_html:</span>_||><||_html:<span style='background-color: rgba(0.0, 165.0, "
 "0, 0.15); border-radius: 3px;' title='1.0'>_||>   "
 "<||_html:</span>_||><||_html:<span style='background-color: rgba(0.0, 165.0, "
 "0, 0.15); border-radius: 3px;' title='1.0'>_||> "
 "},<||_html:</span>_||><||_html:<span style='background-color: rgba(0.0, "
 "165.0, 0, 0.15); border-radius: 3px;' title='1.0'>_||>\n"
 "<||_html:</span>_||><||_html:<span style='background-color: rgba(0.0, 165.0, "
 "0, 0.15); border-radius: 3px;' title='1.0'>_||>   "
 "<||_html:</span>_||><||_html:<span style='background-color: rgba(0.0, 165.0, "
 "0, 0.15); border-radius: 3px;' title='1.0'>_||> "
 "{<||_html:</span>_||><||_html:<span style='background-color: rgba(0.0, "
 "165.0, 0, 0.15); border-radius: 3px;' title='1.0'>_||>\n"
 "<||_html:</span>_||><||_html:<span style='background-color: rgba(0.0, 165.0, "
 "0, 0.15); border-radius: 3px;' title='1.0'>_||>     "
 "<||_html:</span>_||><||_html:<span style='background-color: rgba(0.0, 165.0, "
 "0, 0.15); border-radius: 3px;' title='1.0'>_||> "
 '"<||_html:</span>_||><||_html:<span style=\'background-color: rgba(0.0, '
 "165.0, 0, 0.15); border-radius: 3px;' "
 "title='1.0'>_||>type<||_html:</span>_||><||_html:<span "
 "style='background-color: rgba(0.0, 165.0, 0, 0.15); border-radius: 3px;' "
 'title=\'1.0\'>_||>":<||_html:</span>_||><||_html:<span '
 "style='background-color: rgba(0.0, 165.0, 0, 0.15); border-radius: 3px;' "
 'title=\'1.0\'>_||> "<||_html:</span>_||><||_html:<span '
 "style='background-color: rgba(0.0, 165.0, 0, 0.15); border-radius: 3px;' "
 "title='1.0'>_||>Product<||_html:</span>_||><||_html:<span "
 "style='background-color: rgba(0.0, 165.0, 0, 0.15); border-radius: 3px;' "
 'title=\'1.0\'>_||>",<||_html:</span>_||><||_html:<span '
 "style='background-color: rgba(0.0, 165.0, 0, 0.15); border-radius: 3px;' "
 "title='1.0'>_||>\n"
 "<||_html:</span>_||><||_html:<span style='background-color: rgba(0.0, 165.0, "
 "0, 0.15); border-radius: 3px;' title='1.0'>_||>     "
 "<||_html:</span>_||><||_html:<span style='background-color: rgba(0.0, 165.0, "
 "0, 0.15); border-radius: 3px;' title='1.0'>_||> "
 '"<||_html:</span>_||><||_html:<span style=\'background-color: rgba(0.0, '
 "165.0, 0, 0.15); border-radius: 3px;' "
 "title='1.0'>_||>field<||_html:</span>_||><||_html:<span "
 "style='background-color: rgba(0.0, 165.0, 0, 0.15); border-radius: 3px;' "
 'title=\'1.0\'>_||>":<||_html:</span>_||><||_html:<span '
 "style='background-color: rgba(0.0, 165.0, 0, 0.15); border-radius: 3px;' "
 'title=\'1.0\'>_||> "<||_html:</span>_||><||_html:<span '
 "style='background-color: rgba(0.0, 165.0, 0, 0.15); border-radius: 3px;' "
 "title='1.0'>_||>description<||_html:</span>_||><||_html:<span "
 "style='background-color: rgba(0.0, 165.0, 0, 0.15); border-radius: 3px;' "
 'title=\'1.0\'>_||>",<||_html:</span>_||><||_html:<span '
 "style='background-color: rgba(0.0, 165.0, 0, 0.15); border-radius: 3px;' "
 "title='1.0'>_||>\n"
 "<||_html:</span>_||><||_html:<span style='background-color: rgba(0.0, 165.0, "
 "0, 0.15); border-radius: 3px;' title='1.0'>_||>     "
 "<||_html:</span>_||><||_html:<span style='background-color: rgba(0.0, 165.0, "
 "0, 0.15); border-radius: 3px;' title='1.0'>_||> "
 '"<||_html:</span>_||><||_html:<span style=\'background-color: rgba(0.0, '
 "165.0, 0, 0.15); border-radius: 3px;' "
 "title='1.0'>_||>change<||_html:</span>_||><||_html:<span "
 "style='background-color: rgba(0.0, 165.0, 0, 0.15); border-radius: 3px;' "
 'title=\'1.0\'>_||>":<||_html:</span>_||><||_html:<span '
 "style='background-color: rgba(0.0, 165.0, 0, 0.15); border-radius: 3px;' "
 'title=\'1.0\'>_||> "<||_html:</span>_||><||_html:<span '
 "style='background-color: rgba(0.0, 165.0, 0, 0.15); border-radius: 3px;' "
 "title='1.0'>_||>field<||_html:</span>_||><||_html:<span "
 "style='background-color: rgba(0.0, 165.0, 0, 0.15); border-radius: 3px;' "
 "title='1.0'>_||> removed<||_html:</span>_||><||_html:<span "
 "style='background-color: rgba(0.0, 165.0, 0, 0.15); border-radius: 3px;' "
 'title=\'1.0\'>_||>",<||_html:</span>_||><||_html:<span '
 "style='background-color: rgba(0.0, 165.0, 0, 0.15); border-radius: 3px;' "
 "title='1.0'>_||>\n"
 "<||_html:</span>_||><||_html:<span style='background-color: rgba(0.0, 165.0, "
 "0, 0.15); border-radius: 3px;' title='1.0'>_||>     "
 "<||_html:</span>_||><||_html:<span style='background-color: rgba(0.0, 165.0, "
 "0, 0.15); border-radius: 3px;' title='1.0'>_||> "
 '"<||_html:</span>_||><||_html:<span style=\'background-color: rgba(0.0, '
 "165.0, 0, 0.15); border-radius: 3px;' "
 "title='1.0'>_||>breaking<||_html:</span>_||><||_html:<span "
 "style='background-color: rgba(0.0, 165.0, 0, 0.15); border-radius: 3px;' "
 'title=\'1.0\'>_||>":<||_html:</span>_||><||_html:<span '
 "style='background-color: rgba(0.0, 165.0, 0, 0.15); border-radius: 3px;' "
 'title=\'1.0\'>_||> "<||_html:</span>_||><||_html:<span '
 "style='background-color: rgba(0.0, 165.0, 0, 0.15); border-radius: 3px;' "
 "title='1.0'>_||>true<||_html:</span>_||><||_html:<span "
 "style='background-color: rgba(0.0, 165.0, 0, 0.15); border-radius: 3px;' "
 'title=\'1.0\'>_||>",<||_html:</span>_||><||_html:<span '
 "style='background-color: rgba(0.0, 165.0, 0, 0.15); border-radius: 3px;' "
 "title='1.0'>_||>\n"
 "<||_html:</span>_||><||_html:<span style='background-color: rgba(0.0, 165.0, "
 "0, 0.15); border-radius: 3px;' title='1.0'>_||>     "
 "<||_html:</span>_||><||_html:<span style='background-color: rgba(0.0, 165.0, "
 "0, 0.15); border-radius: 3px;' title='1.0'>_||> "
 '"<||_html:</span>_||><||_html:<span style=\'background-color: rgba(0.0, '
 "165.0, 0, 0.15); border-radius: 3px;' "
 "title='1.0'>_||>release<||_html:</span>_||><||_html:<span "
 "style='background-color: rgba(0.0, 165.0, 0, 0.15); border-radius: 3px;' "
 "title='1.0'>_||>_<||_html:</span>_||><||_html:<span style='background-color: "
 "rgba(0.0, 165.0, 0, 0.15); border-radius: 3px;' "
 "title='1.0'>_||>note<||_html:</span>_||><||_html:<span "
 "style='background-color: rgba(0.0, 165.0, 0, 0.15); border-radius: 3px;' "
 'title=\'1.0\'>_||>":<||_html:</span>_||><||_html:<span '
 "style='background-color: rgba(0.0, 165.0, 0, 0.15); border-radius: 3px;' "
 'title=\'1.0\'>_||> "<||_html:</span>_||><||_html:<span '
 "style='background-color: rgba(0.0, 165.0, 0, 0.15); border-radius: 3px;' "
 "title='1.0'>_||>The<||_html:</span>_||><||_html:<span "
 "style='background-color: rgba(0.0, 165.0, 0, 0.15); border-radius: 3px;' "
 "title='1.0'>_||> '<||_html:</span>_||><||_html:<span "
 "style='background-color: rgba(0.0, 165.0, 0, 0.15); border-radius: 3px;' "
 "title='1.0'>_||>Product<||_html:</span>_||><||_html:<span "
 "style='background-color: rgba(0.0, 165.0, 0, 0.15); border-radius: 3px;' "
 "title='1.0'>_||>'<||_html:</span>_||><||_html:<span style='background-color: "
 "rgba(0.0, 165.0, 0, 0.15); border-radius: 3px;' title='1.0'>_||> "
 "type<||_html:</span>_||><||_html:<span style='background-color: rgba(0.0, "
 "165.0, 0, 0.15); border-radius: 3px;' title='1.0'>_||> "
 "no<||_html:</span>_||><||_html:<span style='background-color: rgba(0.0, "
 "165.0, 0, 0.15); border-radius: 3px;' title='1.0'>_||> "
 "longer<||_html:</span>_||><||_html:<span style='background-color: rgba(0.0, "
 "165.0, 0, 0.15); border-radius: 3px;' title='1.0'>_||> "
 "includes<||_html:</span>_||><||_html:<span style='background-color: "
 "rgba(0.0, 165.0, 0, 0.15); border-radius: 3px;' title='1.0'>_||> "
 "the<||_html:</span>_||><||_html:<span style='background-color: rgba(0.0, "
 "165.0, 0, 0.15); border-radius: 3px;' title='1.0'>_||> "
 "'<||_html:</span>_||><||_html:<span style='background-color: rgba(0.0, "
 "165.0, 0, 0.15); border-radius: 3px;' "
 "title='1.0'>_||>description<||_html:</span>_||><||_html:<span "
 "style='background-color: rgba(0.0, 165.0, 0, 0.15); border-radius: 3px;' "
 "title='1.0'>_||>'<||_html:</span>_||><||_html:<span style='background-color: "
 "rgba(0.0, 165.0, 0, 0.15); border-radius: 3px;' title='1.0'>_||> "
 "field<||_html:</span>_||><||_html:<span style='background-color: rgba(0.0, "
 "165.0, 0, 0.15); border-radius: 3px;' "
 'title=\'1.0\'>_||>."<||_html:</span>_||><||_html:<span '
 "style='background-color: rgba(0.0, 165.0, 0, 0.15); border-radius: 3px;' "
 "title='1.0'>_||>\n"
 "<||_html:</span>_||><||_html:<span style='background-color: rgba(0.0, 165.0, "
 "0, 0.15); border-radius: 3px;' title='1.0'>_||>   "
 "<||_html:</span>_||><||_html:<span style='background-color: rgba(0.0, 165.0, "
 "0, 0.15); border-radius: 3px;' title='1.0'>_||> "
 "},<||_html:</span>_||><||_html:<span style='background-color: rgba(0.0, "
 "165.0, 0, 0.15); border-radius: 3px;' title='1.0'>_||>\n"
 "<||_html:</span>_||><||_html:<span style='background-color: rgba(0.0, 165.0, "
 "0, 0.15); border-radius: 3px;' title='1.0'>_||>   "
 "<||_html:</span>_||><||_html:<span style='background-color: rgba(0.0, 165.0, "
 "0, 0.15); border-radius: 3px;' title='1.0'>_||> "
 "{<||_html:</span>_||><||_html:<span style='background-color: rgba(0.0, "
 "165.0, 0, 0.15); border-radius: 3px;' title='1.0'>_||>\n"
 "<||_html:</span>_||><||_html:<span style='background-color: rgba(0.0, 165.0, "
 "0, 0.15); border-radius: 3px;' title='1.0'>_||>     "
 "<||_html:</span>_||><||_html:<span style='background-color: rgba(0.0, 165.0, "
 "0, 0.15); border-radius: 3px;' title='1.0'>_||> "
 '"<||_html:</span>_||><||_html:<span style=\'background-color: rgba(0.0, '
 "165.0, 0, 0.15); border-radius: 3px;' "
 "title='1.0'>_||>type<||_html:</span>_||><||_html:<span "
 "style='background-color: rgba(0.0, 165.0, 0, 0.15); border-radius: 3px;' "
 'title=\'1.0\'>_||>":<||_html:</span>_||><||_html:<span '
 "style='background-color: rgba(0.0, 165.0, 0, 0.15); border-radius: 3px;' "
 'title=\'1.0\'>_||> "<||_html:</span>_||><||_html:<span '
 "style='background-color: rgba(0.0, 165.0, 0, 0.15); border-radius: 3px;' "
 "title='1.0'>_||>Product<||_html:</span>_||><||_html:<span "
 "style='background-color: rgba(0.0, 165.0, 0, 0.15); border-radius: 3px;' "
 'title=\'1.0\'>_||>",<||_html:</span>_||><||_html:<span '
 "style='background-color: rgba(0.0, 165.0, 0, 0.15); border-radius: 3px;' "
 "title='1.0'>_||>\n"
 "<||_html:</span>_||><||_html:<span style='background-color: rgba(0.0, 165.0, "
 "0, 0.15); border-radius: 3px;' title='1.0'>_||>     "
 "<||_html:</span>_||><||_html:<span style='background-color: rgba(0.0, 165.0, "
 "0, 0.15); border-radius: 3px;' title='1.0'>_||> "
 '"<||_html:</span>_||><||_html:<span style=\'background-color: rgba(0.0, '
 "165.0, 0, 0.15); border-radius: 3px;' "
 "title='1.0'>_||>field<||_html:</span>_||><||_html:<span "
 "style='background-color: rgba(0.0, 165.0, 0, 0.15); border-radius: 3px;' "
 'title=\'1.0\'>_||>":<||_html:</span>_||><||_html:<span '
 "style='background-color: rgba(0.0, 165.0, 0, 0.15); border-radius: 3px;' "
 'title=\'1.0\'>_||> "<||_html:</span>_||><||_html:<span '
 "style='background-color: rgba(0.0, 165.0, 0, 0.15); border-radius: 3px;' "
 "title='1.0'>_||>stock<||_html:</span>_||><||_html:<span "
 "style='background-color: rgba(0.0, 165.0, 0, 0.15); border-radius: 3px;' "
 'title=\'1.0\'>_||>",<||_html:</span>_||><||_html:<span '
 "style='background-color: rgba(0.0, 165.0, 0, 0.15); border-radius: 3px;' "
 "title='1.0'>_||>\n"
 "<||_html:</span>_||><||_html:<span style='background-color: rgba(0.0, 165.0, "
 "0, 0.15); border-radius: 3px;' title='1.0'>_||>     "
 "<||_html:</span>_||><||_html:<span style='background-color: rgba(0.0, 165.0, "
 "0, 0.15); border-radius: 3px;' title='1.0'>_||> "
 '"<||_html:</span>_||><||_html:<span style=\'background-color: rgba(0.0, '
 "165.0, 0, 0.15); border-radius: 3px;' "
 "title='1.0'>_||>change<||_html:</span>_||><||_html:<span "
 "style='background-color: rgba(0.0, 165.0, 0, 0.15); border-radius: 3px;' "
 'title=\'1.0\'>_||>":<||_html:</span>_||><||_html:<span '
 "style='background-color: rgba(0.0, 165.0, 0, 0.15); border-radius: 3px;' "
 'title=\'1.0\'>_||> "<||_html:</span>_||><||_html:<span '
 "style='background-color: rgba(0.0, 165.0, 0, 0.15); border-radius: 3px;' "
 "title='1.0'>_||>field<||_html:</span>_||><||_html:<span "
 "style='background-color: rgba(0.0, 165.0, 0, 0.15); border-radius: 3px;' "
 "title='1.0'>_||> removed<||_html:</span>_||><||_html:<span "
 "style='background-color: rgba(0.0, 165.0, 0, 0.15); border-radius: 3px;' "
 'title=\'1.0\'>_||>",<||_html:</span>_||><||_html:<span '
 "style='background-color: rgba(0.0, 165.0, 0, 0.15); border-radius: 3px;' "
 "title='1.0'>_||>\n"
 "<||_html:</span>_||><||_html:<span style='background-color: rgba(0.0, 165.0, "
 "0, 0.15); border-radius: 3px;' title='1.0'>_||>     "
 "<||_html:</span>_||><||_html:<span style='background-color: rgba(0.0, 165.0, "
 "0, 0.15); border-radius: 3px;' title='1.0'>_||> "
 '"<||_html:</span>_||><||_html:<span style=\'background-color: rgba(0.0, '
 "165.0, 0, 0.15); border-radius: 3px;' "
 "title='1.0'>_||>breaking<||_html:</span>_||><||_html:<span "
 "style='background-color: rgba(0.0, 165.0, 0, 0.15); border-radius: 3px;' "
 'title=\'1.0\'>_||>":<||_html:</span>_||><||_html:<span '
 "style='background-color: rgba(0.0, 165.0, 0, 0.15); border-radius: 3px;' "
 'title=\'1.0\'>_||> "<||_html:</span>_||><||_html:<span '
 "style='background-color: rgba(0.0, 165.0, 0, 0.15); border-radius: 3px;' "
 "title='1.0'>_||>true<||_html:</span>_||><||_html:<span "
 "style='background-color: rgba(0.0, 165.0, 0, 0.15); border-radius: 3px;' "
 'title=\'1.0\'>_||>",<||_html:</span>_||><||_html:<span '
 "style='background-color: rgba(0.0, 165.0, 0, 0.15); border-radius: 3px;' "
 "title='1.0'>_||>\n"
 "<||_html:</span>_||><||_html:<span style='background-color: rgba(0.0, 165.0, "
 "0, 0.15); border-radius: 3px;' title='1.0'>_||>     "
 "<||_html:</span>_||><||_html:<span style='background-color: rgba(0.0, 165.0, "
 "0, 0.15); border-radius: 3px;' title='1.0'>_||> "
 '"<||_html:</span>_||><||_html:<span style=\'background-color: rgba(0.0, '
 "165.0, 0, 0.15); border-radius: 3px;' "
 "title='1.0'>_||>release<||_html:</span>_||><||_html:<span "
 "style='background-color: rgba(0.0, 165.0, 0, 0.15); border-radius: 3px;' "
 "title='1.0'>_||>_<||_html:</span>_||><||_html:<span style='background-color: "
 "rgba(0.0, 165.0, 0, 0.15); border-radius: 3px;' "
 "title='1.0'>_||>note<||_html:</span>_||><||_html:<span "
 "style='background-color: rgba(0.0, 165.0, 0, 0.15); border-radius: 3px;' "
 'title=\'1.0\'>_||>":<||_html:</span>_||><||_html:<span '
 "style='background-color: rgba(0.0, 165.0, 0, 0.15); border-radius: 3px;' "
 'title=\'1.0\'>_||> "<||_html:</span>_||><||_html:<span '
 "style='background-color: rgba(0.0, 165.0, 0, 0.15); border-radius: 3px;' "
 "title='1.0'>_||>The<||_html:</span>_||><||_html:<span "
 "style='background-color: rgba(0.0, 165.0, 0, 0.15); border-radius: 3px;' "
 "title='1.0'>_||> '<||_html:</span>_||><||_html:<span "
 "style='background-color: rgba(0.0, 165.0, 0, 0.15); border-radius: 3px;' "
 "title='1.0'>_||>Product<||_html:</span>_||><||_html:<span "
 "style='background-color: rgba(0.0, 165.0, 0, 0.15); border-radius: 3px;' "
 "title='1.0'>_||>'<||_html:</span>_||><||_html:<span style='background-color: "
 "rgba(0.0, 165.0, 0, 0.15); border-radius: 3px;' title='1.0'>_||> "
 "type<||_html:</span>_||><||_html:<span style='background-color: rgba(0.0, "
 "165.0, 0, 0.15); border-radius: 3px;' title='1.0'>_||> "
 "no<||_html:</span>_||><||_html:<span style='background-color: rgba(0.0, "
 "165.0, 0, 0.15); border-radius: 3px;' title='1.0'>_||> "
 "longer<||_html:</span>_||><||_html:<span style='background-color: rgba(0.0, "
 "165.0, 0, 0.15); border-radius: 3px;' title='1.0'>_||> "
 "includes<||_html:</span>_||><||_html:<span style='background-color: "
 "rgba(0.0, 165.0, 0, 0.15); border-radius: 3px;' title='1.0'>_||> "
 "the<||_html:</span>_||><||_html:<span style='background-color: rgba(0.0, "
 "165.0, 0, 0.15); border-radius: 3px;' title='1.0'>_||> "
 "'<||_html:</span>_||><||_html:<span style='background-color: rgba(0.0, "
 "165.0, 0, 0.15); border-radius: 3px;' "
 "title='1.0'>_||>stock<||_html:</span>_||><||_html:<span "
 "style='background-color: rgba(0.0, 165.0, 0, 0.15); border-radius: 3px;' "
 "title='1.0'>_||>'<||_html:</span>_||><||_html:<span style='background-color: "
 "rgba(0.0, 165.0, 0, 0.15); border-radius: 3px;' title='1.0'>_||> "
 "field<||_html:</span>_||><||_html:<span style='background-color: rgba(0.0, "
 "165.0, 0, 0.15); border-radius: 3px;' "
 'title=\'1.0\'>_||>."<||_html:</span>_||><||_html:<span '
 "style='background-color: rgba(0.0, 165.0, 0, 0.15); border-radius: 3px;' "
 "title='1.0'>_||>\n"
 "<||_html:</span>_||><||_html:<span style='background-color: rgba(0.0, 165.0, "
 "0, 0.15); border-radius: 3px;' title='1.0'>_||>   "
 "<||_html:</span>_||><||_html:<span style='background-color: rgba(0.0, 165.0, "
 "0, 0.15); border-radius: 3px;' title='1.0'>_||> "
 "}<||_html:</span>_||><||_html:<span style='background-color: rgba(0.0, "
 "165.0, 0, 0.15); border-radius: 3px;' title='1.0'>_||>\n"
 "<||_html:</span>_||><||_html:<span style='background-color: rgba(0.0, 165.0, "
 "0, 0.15); border-radius: 3px;' title='1.0'>_||> "
 "<||_html:</span>_||><||_html:<span style='background-color: rgba(0.0, 165.0, "
 "0, 0.15); border-radius: 3px;' title='1.0'>_||> "
 "],<||_html:</span>_||><||_html:<span style='background-color: rgba(0.0, "
 "165.0, 0, 0.15); border-radius: 3px;' title='1.0'>_||>\n"
 "<||_html:</span>_||><||_html:<span style='background-color: rgba(0.0, 165.0, "
 "0, 0.15); border-radius: 3px;' title='1.0'>_||> "
 "<||_html:</span>_||><||_html:<span style='background-color: rgba(0.0, 165.0, "
 "0, 0.15); border-radius: 3px;' title='1.0'>_||> "
 '"<||_html:</span>_||><||_html:<span style=\'background-color: rgba(0.0, '
 "165.0, 0, 0.15); border-radius: 3px;' "
 "title='1.0'>_||>release<||_html:</span>_||><||_html:<span "
 "style='background-color: rgba(0.0, 165.0, 0, 0.15); border-radius: 3px;' "
 "title='1.0'>_||>_<||_html:</span>_||><||_html:<span style='background-color: "
 "rgba(0.0, 165.0, 0, 0.15); border-radius: 3px;' "
 "title='1.0'>_||>notes<||_html:</span>_||><||_html:<span "
 "style='background-color: rgba(0.0, 165.0, 0, 0.15); border-radius: 3px;' "
 'title=\'1.0\'>_||>":<||_html:</span>_||><||_html:<span '
 "style='background-color: rgba(0.0, 165.0, 0, 0.15); border-radius: 3px;' "
 "title='1.0'>_||> {<||_html:</span>_||><||_html:<span "
 "style='background-color: rgba(0.0, 165.0, 0, 0.15); border-radius: 3px;' "
 "title='1.0'>_||>\n"
 "<||_html:</span>_||><||_html:<span style='background-color: rgba(0.0, 165.0, "
 "0, 0.15); border-radius: 3px;' title='1.0'>_||>   "
 "<||_html:</span>_||><||_html:<span style='background-color: rgba(0.0, 165.0, "
 "0, 0.15); border-radius: 3px;' title='1.0'>_||> "
 '"<||_html:</span>_||><||_html:<span style=\'background-color: rgba(0.0, '
 "165.0, 0, 0.15); border-radius: 3px;' "
 "title='1.0'>_||>summary<||_html:</span>_||><||_html:<span "
 "style='background-color: rgba(0.0, 165.0, 0, 0.15); border-radius: 3px;' "
 'title=\'1.0\'>_||>":<||_html:</span>_||><||_html:<span '
 "style='background-color: rgba(0.0, 165.0, 0, 0.15); border-radius: 3px;' "
 'title=\'1.0\'>_||> "<||_html:</span>_||><||_html:<span '
 "style='background-color: rgba(0.0, 165.0, 0, 0.15); border-radius: 3px;' "
 "title='1.0'>_||>The<||_html:</span>_||><||_html:<span "
 "style='background-color: rgba(0.0, 165.0, 0, 0.15); border-radius: 3px;' "
 "title='1.0'>_||> '<||_html:</span>_||><||_html:<span "
 "style='background-color: rgba(0.0, 165.0, 0, 0.15); border-radius: 3px;' "
 "title='1.0'>_||>get<||_html:</span>_||><||_html:<span "
 "style='background-color: rgba(0.0, 165.0, 0, 0.15); border-radius: 3px;' "
 "title='1.0'>_||>Product<||_html:</span>_||><||_html:<span "
 "style='background-color: rgba(0.0, 165.0, 0, 0.15); border-radius: 3px;' "
 "title='1.0'>_||>'<||_html:</span>_||><||_html:<span style='background-color: "
 "rgba(0.0, 165.0, 0, 0.15); border-radius: 3px;' title='1.0'>_||> "
 "query<||_html:</span>_||><||_html:<span style='background-color: rgba(0.0, "
 "165.0, 0, 0.15); border-radius: 3px;' title='1.0'>_||> "
 "now<||_html:</span>_||><||_html:<span style='background-color: rgba(0.0, "
 "165.0, 0, 0.15); border-radius: 3px;' title='1.0'>_||> "
 "includes<||_html:</span>_||><||_html:<span style='background-color: "
 "rgba(0.0, 165.0, 0, 0.15); border-radius: 3px;' title='1.0'>_||> "
 "a<||_html:</span>_||><||_html:<span style='background-color: rgba(0.0, "
 "165.0, 0, 0.15); border-radius: 3px;' title='1.0'>_||> "
 "new<||_html:</span>_||><||_html:<span style='background-color: rgba(0.0, "
 "165.0, 0, 0.15); border-radius: 3px;' title='1.0'>_||> "
 "field<||_html:</span>_||><||_html:<span style='background-color: rgba(0.0, "
 "165.0, 0, 0.15); border-radius: 3px;' title='1.0'>_||> "
 "'<||_html:</span>_||><||_html:<span style='background-color: rgba(0.0, "
 "165.0, 0, 0.15); border-radius: 3px;' "
 "title='1.0'>_||>details<||_html:</span>_||><||_html:<span "
 "style='background-color: rgba(0.0, 165.0, 0, 0.15); border-radius: 3px;' "
 "title='1.0'>_||>'<||_html:</span>_||><||_html:<span style='background-color: "
 "rgba(0.0, 165.0, 0, 0.15); border-radius: 3px;' title='1.0'>_||> "
 "of<||_html:</span>_||><||_html:<span style='background-color: rgba(0.0, "
 "165.0, 0, 0.15); border-radius: 3px;' title='1.0'>_||> "
 "type<||_html:</span>_||><||_html:<span style='background-color: rgba(0.0, "
 "165.0, 0, 0.15); border-radius: 3px;' title='1.0'>_||> "
 "String<||_html:</span>_||><||_html:<span style='background-color: rgba(0.0, "
 "165.0, 0, 0.15); border-radius: 3px;' "
 "title='1.0'>_||>.<||_html:</span>_||><||_html:<span style='background-color: "
 "rgba(0.0, 165.0, 0, 0.15); border-radius: 3px;' title='1.0'>_||> "
 "The<||_html:</span>_||><||_html:<span style='background-color: rgba(0.0, "
 "165.0, 0, 0.15); border-radius: 3px;' title='1.0'>_||> "
 "'<||_html:</span>_||><||_html:<span style='background-color: rgba(0.0, "
 "165.0, 0, 0.15); border-radius: 3px;' "
 "title='1.0'>_||>Product<||_html:</span>_||><||_html:<span "
 "style='background-color: rgba(0.0, 165.0, 0, 0.15); border-radius: 3px;' "
 "title='1.0'>_||>'<||_html:</span>_||><||_html:<span style='background-color: "
 "rgba(0.0, 165.0, 0, 0.15); border-radius: 3px;' title='1.0'>_||> "
 "type<||_html:</span>_||><||_html:<span style='background-color: rgba(0.0, "
 "165.0, 0, 0.15); border-radius: 3px;' title='1.0'>_||> "
 "no<||_html:</span>_||><||_html:<span style='background-color: rgba(0.0, "
 "165.0, 0, 0.15); border-radius: 3px;' title='1.0'>_||> "
 "longer<||_html:</span>_||><||_html:<span style='background-color: rgba(0.0, "
 "165.0, 0, 0.15); border-radius: 3px;' title='1.0'>_||> "
 "includes<||_html:</span>_||><||_html:<span style='background-color: "
 "rgba(0.0, 165.0, 0, 0.15); border-radius: 3px;' title='1.0'>_||> "
 "the<||_html:</span>_||><||_html:<span style='background-color: rgba(0.0, "
 "165.0, 0, 0.15); border-radius: 3px;' title='1.0'>_||> "
 "'<||_html:</span>_||><||_html:<span style='background-color: rgba(0.0, "
 "165.0, 0, 0.15); border-radius: 3px;' "
 "title='1.0'>_||>description<||_html:</span>_||><||_html:<span "
 "style='background-color: rgba(0.0, 165.0, 0, 0.15); border-radius: 3px;' "
 "title='1.0'>_||>'<||_html:</span>_||><||_html:<span style='background-color: "
 "rgba(0.0, 165.0, 0, 0.15); border-radius: 3px;' title='1.0'>_||> "
 "and<||_html:</span>_||><||_html:<span style='background-color: rgba(0.0, "
 "165.0, 0, 0.15); border-radius: 3px;' title='1.0'>_||> "
 "'<||_html:</span>_||><||_html:<span style='background-color: rgba(0.0, "
 "165.0, 0, 0.15); border-radius: 3px;' "
 "title='1.0'>_||>stock<||_html:</span>_||><||_html:<span "
 "style='background-color: rgba(0.0, 165.0, 0, 0.15); border-radius: 3px;' "
 "title='1.0'>_||>'<||_html:</span>_||><||_html:<span style='background-color: "
 "rgba(0.0, 165.0, 0, 0.15); border-radius: 3px;' title='1.0'>_||> "
 "fields<||_html:</span>_||><||_html:<span style='background-color: rgba(0.0, "
 "165.0, 0, 0.15); border-radius: 3px;' "
 'title=\'1.0\'>_||>."<||_html:</span>_||><||_html:<span '
 "style='background-color: rgba(0.0, 165.0, 0, 0.15); border-radius: 3px;' "
 "title='1.0'>_||>\n"
 "<||_html:</span>_||><||_html:<span style='background-color: rgba(0.0, 165.0, "
 "0, 0.15); border-radius: 3px;' title='1.0'>_||> "
 "<||_html:</span>_||><||_html:<span style='background-color: rgba(0.0, 165.0, "
 "0, 0.15); border-radius: 3px;' title='1.0'>_||> "
 "}<||_html:</span>_||><||_html:<span style='background-color: rgba(0.0, "
 "165.0, 0, 0.15); border-radius: 3px;' title='1.0'>_||>\n"
 "<||_html:</span>_||><||_html:<span style='background-color: rgba(0.0, 165.0, "
 "0, 0.15); border-radius: 3px;' "
 'title=\'1.0\'>_||>}<||_html:</span>_||>{"changes":<||_html:<span '
 "style='background-color: rgba(0.0, 165.0, 0, 0.15); border-radius: 3px;' "
 "title='1.0'>_||>[<||_html:</span>_||><||_html:<span style='background-color: "
 "rgba(0.0, 165.0, 0, 0.15); border-radius: 3px;' "
 'title=\'1.0\'>_||>{"<||_html:</span>_||>type<||_html:<span '
 "style='background-color: rgba(0.0, 165.0, 0, 0.15); border-radius: 3px;' "
 'title=\'1.0\'>_||>":"<||_html:</span>_||><||_html:<span '
 "style='background-color: rgba(0.0, 165.0, 0, 0.15); border-radius: 3px;' "
 "title='1.0'>_||>Query<||_html:</span>_||><||_html:<span "
 "style='background-color: rgba(0.0, 165.0, 0, 0.15); border-radius: 3px;' "
 'title=\'1.0\'>_||>","<||_html:</span>_||>field<||_html:<span '
 "style='background-color: rgba(0.0, 165.0, 0, 0.15); border-radius: 3px;' "
 'title=\'1.0\'>_||>":"<||_html:</span>_||><||_html:<span '
 "style='background-color: rgba(0.0, 165.0, 0, 0.15); border-radius: 3px;' "
 "title='1.0'>_||>get<||_html:</span>_||><||_html:<span "
 "style='background-color: rgba(0.0, 165.0, 0, 0.15); border-radius: 3px;' "
 "title='1.0'>_||>Product<||_html:</span>_||><||_html:<span "
 "style='background-color: rgba(0.0, 165.0, 0, 0.15); border-radius: 3px;' "
 'title=\'1.0\'>_||>","<||_html:</span>_||>change<||_html:<span '
 "style='background-color: rgba(0.0, 165.0, 0, 0.15); border-radius: 3px;' "
 'title=\'1.0\'>_||>":"<||_html:</span>_||><||_html:<span '
 "style='background-color: rgba(0.0, 165.0, 0, 0.15); border-radius: 3px;' "
 "title='1.0'>_||>field<||_html:</span>_||><||_html:<span "
 "style='background-color: rgba(0.0, 165.0, 0, 0.15); border-radius: 3px;' "
 "title='1.0'>_||> details<||_html:</span>_||><||_html:<span "
 "style='background-color: rgba(0.0, 165.0, 0, 0.15); border-radius: 3px;' "
 "title='1.0'>_||> added<||_html:</span>_||><||_html:<span "
 "style='background-color: rgba(0.0, 165.0, 0, 0.15); border-radius: 3px;' "
 'title=\'1.0\'>_||>","<||_html:</span>_||>breaking<||_html:<span '
 "style='background-color: rgba(0.0, 165.0, 0, 0.15); border-radius: 3px;' "
 'title=\'1.0\'>_||>":<||_html:</span>_||><||_html:<span '
 "style='background-color: rgba(0.0, 165.0, 0, 0.15); border-radius: 3px;' "
 'title=\'1.0\'>_||>false<||_html:</span>_||>,"release_note<||_html:<span '
 "style='background-color: rgba(0.0, 165.0, 0, 0.15); border-radius: 3px;' "
 'title=\'1.0\'>_||>":"<||_html:</span>_||><||_html:<span '
 "style='background-color: rgba(0.0, 165.0, 0, 0.15); border-radius: 3px;' "
 "title='1.0'>_||>The<||_html:</span>_||><||_html:<span "
 "style='background-color: rgba(0.0, 165.0, 0, 0.15); border-radius: 3px;' "
 "title='1.0'>_||> '<||_html:</span>_||><||_html:<span "
 "style='background-color: rgba(0.0, 165.0, 0, 0.15); border-radius: 3px;' "
 "title='1.0'>_||>get<||_html:</span>_||><||_html:<span "
 "style='background-color: rgba(0.0, 165.0, 0, 0.15); border-radius: 3px;' "
 "title='1.0'>_||>Product<||_html:</span>_||><||_html:<span "
 "style='background-color: rgba(0.0, 165.0, 0, 0.15); border-radius: 3px;' "
 "title='1.0'>_||>'<||_html:</span>_||><||_html:<span style='background-color: "
 "rgba(0.0, 165.0, 0, 0.15); border-radius: 3px;' title='1.0'>_||> "
 "query<||_html:</span>_||><||_html:<span style='background-color: rgba(0.0, "
 "165.0, 0, 0.15); border-radius: 3px;' title='1.0'>_||> "
 "now<||_html:</span>_||><||_html:<span style='background-color: rgba(0.0, "
 "165.0, 0, 0.15); border-radius: 3px;' title='1.0'>_||> "
 "includes<||_html:</span>_||><||_html:<span style='background-color: "
 "rgba(0.0, 165.0, 0, 0.15); border-radius: 3px;' title='1.0'>_||> "
 "a<||_html:</span>_||><||_html:<span style='background-color: rgba(0.0, "
 "165.0, 0, 0.15); border-radius: 3px;' title='1.0'>_||> "
 "new<||_html:</span>_||><||_html:<span style='background-color: rgba(0.0, "
 "165.0, 0, 0.15); border-radius: 3px;' title='1.0'>_||> "
 "field<||_html:</span>_||><||_html:<span style='background-color: rgba(0.0, "
 "165.0, 0, 0.15); border-radius: 3px;' title='1.0'>_||> "
 "'<||_html:</span>_||><||_html:<span style='background-color: rgba(0.0, "
 "165.0, 0, 0.15); border-radius: 3px;' "
 "title='1.0'>_||>details<||_html:</span>_||><||_html:<span "
 "style='background-color: rgba(0.0, 165.0, 0, 0.15); border-radius: 3px;' "
 "title='1.0'>_||>'<||_html:</span>_||><||_html:<span style='background-color: "
 "rgba(0.0, 165.0, 0, 0.15); border-radius: 3px;' title='1.0'>_||>")
('Analyze the following two GraphQL schemas for changes, including both '
 'breaking and non-breaking changes.\n'
 '\n'
 '                        Provide your analysis in the following JSON format:\n'
 '                        {\n'
 '                          "changes": [\n'
 '                            {\n'
 '                              "type": "String representing the GraphQL type '
 '(e.g., Query, Mutation, Subscription)",\n'
 '                              "field": "String representing the specific '
 'field that changed",\n'
 '                              "change": "String describing the change (e.g., '
 'field renamed, new field added, field removed)",\n'
 '                              "breaking": "Boolean indicating if the change '
 'is breaking (true) or non-breaking (false)",\n'
 '                              "release_note": "String with a natural '
 'language description of the change for release notes"\n'
 '                            }\n'
 '                          ],\n'
 '                          "release_notes": {\n'
 '                              "summary": "String summarizing all changes, '
 'suitable for a mailing list or public announcement"\n'
 '                          }\n'
 '                        }\n'
 '\n'
 '                        When analyzing, consider the following types of '
 'changes:\n'
 '                        1. Removing fields or types (breaking)\n'
 '                        2. Changing field types (potentially breaking)\n'
 '                        3. Adding required fields (breaking)\n'
 '                        4. Changing the type of existing arguments '
 '(breaking)\n'
 '                        5. Adding optional fields (non-breaking)\n'
 '                        6. Adding new types (non-breaking)\n'
 '                        7. Deprecating fields (non-breaking)\n'
 '\n'
 '                        Ensure that each change is categorized correctly as '
 'breaking or non-breaking.: type Query {\n'
 '  getProduct(id: ID!): Product\n'
 '}\n'
 '\n'
 'type Product {\n'
 '  id: ID\n'
 '  name: String\n'
 '  description: String\n'
 '  price: Float\n'
 '  stock: Int\n'
 '}\n'
 ', type Query {\n'
 '  getProduct(id: ID!): Product\n'
 '}\n'
 '\n'
 'type Product {\n'
 '  id: ID\n'
 '  name: String\n'
 '  details: String\n'
 '  price: Float\n'
 '}\n'
 '\n'
 "Answer:<||_html:<span style='background-color: rgba(0.0, 165.0, 0, 0.15); "
 "border-radius: 3px;' title='1.0'>_||> {<||_html:</span>_||><||_html:<span "
 "style='background-color: rgba(0.0, 165.0, 0, 0.15); border-radius: 3px;' "
 "title='1.0'>_||>\n"
 "<||_html:</span>_||><||_html:<span style='background-color: rgba(0.0, 165.0, "
 "0, 0.15); border-radius: 3px;' title='1.0'>_||> "
 "<||_html:</span>_||><||_html:<span style='background-color: rgba(0.0, 165.0, "
 "0, 0.15); border-radius: 3px;' title='1.0'>_||> "
 '"<||_html:</span>_||><||_html:<span style=\'background-color: rgba(0.0, '
 "165.0, 0, 0.15); border-radius: 3px;' "
 "title='1.0'>_||>changes<||_html:</span>_||><||_html:<span "
 "style='background-color: rgba(0.0, 165.0, 0, 0.15); border-radius: 3px;' "
 'title=\'1.0\'>_||>":<||_html:</span>_||><||_html:<span '
 "style='background-color: rgba(0.0, 165.0, 0, 0.15); border-radius: 3px;' "
 "title='1.0'>_||> [<||_html:</span>_||><||_html:<span "
 "style='background-color: rgba(0.0, 165.0, 0, 0.15); border-radius: 3px;' "
 "title='1.0'>_||>\n"
 "<||_html:</span>_||><||_html:<span style='background-color: rgba(0.0, 165.0, "
 "0, 0.15); border-radius: 3px;' title='1.0'>_||>   "
 "<||_html:</span>_||><||_html:<span style='background-color: rgba(0.0, 165.0, "
 "0, 0.15); border-radius: 3px;' title='1.0'>_||> "
 "{<||_html:</span>_||><||_html:<span style='background-color: rgba(0.0, "
 "165.0, 0, 0.15); border-radius: 3px;' title='1.0'>_||>\n"
 "<||_html:</span>_||><||_html:<span style='background-color: rgba(0.0, 165.0, "
 "0, 0.15); border-radius: 3px;' title='1.0'>_||>     "
 "<||_html:</span>_||><||_html:<span style='background-color: rgba(0.0, 165.0, "
 "0, 0.15); border-radius: 3px;' title='1.0'>_||> "
 '"<||_html:</span>_||><||_html:<span style=\'background-color: rgba(0.0, '
 "165.0, 0, 0.15); border-radius: 3px;' "
 "title='1.0'>_||>type<||_html:</span>_||><||_html:<span "
 "style='background-color: rgba(0.0, 165.0, 0, 0.15); border-radius: 3px;' "
 'title=\'1.0\'>_||>":<||_html:</span>_||><||_html:<span '
 "style='background-color: rgba(0.0, 165.0, 0, 0.15); border-radius: 3px;' "
 'title=\'1.0\'>_||> "<||_html:</span>_||><||_html:<span '
 "style='background-color: rgba(0.0, 165.0, 0, 0.15); border-radius: 3px;' "
 "title='1.0'>_||>Query<||_html:</span>_||><||_html:<span "
 "style='background-color: rgba(0.0, 165.0, 0, 0.15); border-radius: 3px;' "
 'title=\'1.0\'>_||>",<||_html:</span>_||><||_html:<span '
 "style='background-color: rgba(0.0, 165.0, 0, 0.15); border-radius: 3px;' "
 "title='1.0'>_||>\n"
 "<||_html:</span>_||><||_html:<span style='background-color: rgba(0.0, 165.0, "
 "0, 0.15); border-radius: 3px;' title='1.0'>_||>     "
 "<||_html:</span>_||><||_html:<span style='background-color: rgba(0.0, 165.0, "
 "0, 0.15); border-radius: 3px;' title='1.0'>_||> "
 '"<||_html:</span>_||><||_html:<span style=\'background-color: rgba(0.0, '
 "165.0, 0, 0.15); border-radius: 3px;' "
 "title='1.0'>_||>field<||_html:</span>_||><||_html:<span "
 "style='background-color: rgba(0.0, 165.0, 0, 0.15); border-radius: 3px;' "
 'title=\'1.0\'>_||>":<||_html:</span>_||><||_html:<span '
 "style='background-color: rgba(0.0, 165.0, 0, 0.15); border-radius: 3px;' "
 'title=\'1.0\'>_||> "<||_html:</span>_||><||_html:<span '
 "style='background-color: rgba(0.0, 165.0, 0, 0.15); border-radius: 3px;' "
 "title='1.0'>_||>get<||_html:</span>_||><||_html:<span "
 "style='background-color: rgba(0.0, 165.0, 0, 0.15); border-radius: 3px;' "
 "title='1.0'>_||>Product<||_html:</span>_||><||_html:<span "
 "style='background-color: rgba(0.0, 165.0, 0, 0.15); border-radius: 3px;' "
 'title=\'1.0\'>_||>",<||_html:</span>_||><||_html:<span '
 "style='background-color: rgba(0.0, 165.0, 0, 0.15); border-radius: 3px;' "
 "title='1.0'>_||>\n"
 "<||_html:</span>_||><||_html:<span style='background-color: rgba(0.0, 165.0, "
 "0, 0.15); border-radius: 3px;' title='1.0'>_||>     "
 "<||_html:</span>_||><||_html:<span style='background-color: rgba(0.0, 165.0, "
 "0, 0.15); border-radius: 3px;' title='1.0'>_||> "
 '"<||_html:</span>_||><||_html:<span style=\'background-color: rgba(0.0, '
 "165.0, 0, 0.15); border-radius: 3px;' "
 "title='1.0'>_||>change<||_html:</span>_||><||_html:<span "
 "style='background-color: rgba(0.0, 165.0, 0, 0.15); border-radius: 3px;' "
 'title=\'1.0\'>_||>":<||_html:</span>_||><||_html:<span '
 "style='background-color: rgba(0.0, 165.0, 0, 0.15); border-radius: 3px;' "
 'title=\'1.0\'>_||> "<||_html:</span>_||><||_html:<span '
 "style='background-color: rgba(0.0, 165.0, 0, 0.15); border-radius: 3px;' "
 "title='1.0'>_||>field<||_html:</span>_||><||_html:<span "
 "style='background-color: rgba(0.0, 165.0, 0, 0.15); border-radius: 3px;' "
 "title='1.0'>_||> details<||_html:</span>_||><||_html:<span "
 "style='background-color: rgba(0.0, 165.0, 0, 0.15); border-radius: 3px;' "
 "title='1.0'>_||> added<||_html:</span>_||><||_html:<span "
 "style='background-color: rgba(0.0, 165.0, 0, 0.15); border-radius: 3px;' "
 'title=\'1.0\'>_||>",<||_html:</span>_||><||_html:<span '
 "style='background-color: rgba(0.0, 165.0, 0, 0.15); border-radius: 3px;' "
 "title='1.0'>_||>\n"
 "<||_html:</span>_||><||_html:<span style='background-color: rgba(0.0, 165.0, "
 "0, 0.15); border-radius: 3px;' title='1.0'>_||>     "
 "<||_html:</span>_||><||_html:<span style='background-color: rgba(0.0, 165.0, "
 "0, 0.15); border-radius: 3px;' title='1.0'>_||> "
 '"<||_html:</span>_||><||_html:<span style=\'background-color: rgba(0.0, '
 "165.0, 0, 0.15); border-radius: 3px;' "
 "title='1.0'>_||>breaking<||_html:</span>_||><||_html:<span "
 "style='background-color: rgba(0.0, 165.0, 0, 0.15); border-radius: 3px;' "
 'title=\'1.0\'>_||>":<||_html:</span>_||><||_html:<span '
 "style='background-color: rgba(0.0, 165.0, 0, 0.15); border-radius: 3px;' "
 'title=\'1.0\'>_||> "<||_html:</span>_||><||_html:<span '
 "style='background-color: rgba(0.0, 165.0, 0, 0.15); border-radius: 3px;' "
 "title='1.0'>_||>false<||_html:</span>_||><||_html:<span "
 "style='background-color: rgba(0.0, 165.0, 0, 0.15); border-radius: 3px;' "
 'title=\'1.0\'>_||>",<||_html:</span>_||><||_html:<span '
 "style='background-color: rgba(0.0, 165.0, 0, 0.15); border-radius: 3px;' "
 "title='1.0'>_||>\n"
 "<||_html:</span>_||><||_html:<span style='background-color: rgba(0.0, 165.0, "
 "0, 0.15); border-radius: 3px;' title='1.0'>_||>     "
 "<||_html:</span>_||><||_html:<span style='background-color: rgba(0.0, 165.0, "
 "0, 0.15); border-radius: 3px;' title='1.0'>_||> "
 '"<||_html:</span>_||><||_html:<span style=\'background-color: rgba(0.0, '
 "165.0, 0, 0.15); border-radius: 3px;' "
 "title='1.0'>_||>release<||_html:</span>_||><||_html:<span "
 "style='background-color: rgba(0.0, 165.0, 0, 0.15); border-radius: 3px;' "
 "title='1.0'>_||>_<||_html:</span>_||><||_html:<span style='background-color: "
 "rgba(0.0, 165.0, 0, 0.15); border-radius: 3px;' "
 "title='1.0'>_||>note<||_html:</span>_||><||_html:<span "
 "style='background-color: rgba(0.0, 165.0, 0, 0.15); border-radius: 3px;' "
 'title=\'1.0\'>_||>":<||_html:</span>_||><||_html:<span '
 "style='background-color: rgba(0.0, 165.0, 0, 0.15); border-radius: 3px;' "
 'title=\'1.0\'>_||> "<||_html:</span>_||><||_html:<span '
 "style='background-color: rgba(0.0, 165.0, 0, 0.15); border-radius: 3px;' "
 "title='1.0'>_||>The<||_html:</span>_||><||_html:<span "
 "style='background-color: rgba(0.0, 165.0, 0, 0.15); border-radius: 3px;' "
 "title='1.0'>_||> '<||_html:</span>_||><||_html:<span "
 "style='background-color: rgba(0.0, 165.0, 0, 0.15); border-radius: 3px;' "
 "title='1.0'>_||>get<||_html:</span>_||><||_html:<span "
 "style='background-color: rgba(0.0, 165.0, 0, 0.15); border-radius: 3px;' "
 "title='1.0'>_||>Product<||_html:</span>_||><||_html:<span "
 "style='background-color: rgba(0.0, 165.0, 0, 0.15); border-radius: 3px;' "
 "title='1.0'>_||>'<||_html:</span>_||><||_html:<span style='background-color: "
 "rgba(0.0, 165.0, 0, 0.15); border-radius: 3px;' title='1.0'>_||> "
 "query<||_html:</span>_||><||_html:<span style='background-color: rgba(0.0, "
 "165.0, 0, 0.15); border-radius: 3px;' title='1.0'>_||> "
 "now<||_html:</span>_||><||_html:<span style='background-color: rgba(0.0, "
 "165.0, 0, 0.15); border-radius: 3px;' title='1.0'>_||> "
 "includes<||_html:</span>_||><||_html:<span style='background-color: "
 "rgba(0.0, 165.0, 0, 0.15); border-radius: 3px;' title='1.0'>_||> "
 "a<||_html:</span>_||><||_html:<span style='background-color: rgba(0.0, "
 "165.0, 0, 0.15); border-radius: 3px;' title='1.0'>_||> "
 "new<||_html:</span>_||><||_html:<span style='background-color: rgba(0.0, "
 "165.0, 0, 0.15); border-radius: 3px;' title='1.0'>_||> "
 "field<||_html:</span>_||><||_html:<span style='background-color: rgba(0.0, "
 "165.0, 0, 0.15); border-radius: 3px;' title='1.0'>_||> "
 "'<||_html:</span>_||><||_html:<span style='background-color: rgba(0.0, "
 "165.0, 0, 0.15); border-radius: 3px;' "
 "title='1.0'>_||>details<||_html:</span>_||><||_html:<span "
 "style='background-color: rgba(0.0, 165.0, 0, 0.15); border-radius: 3px;' "
 "title='1.0'>_||>'<||_html:</span>_||><||_html:<span style='background-color: "
 "rgba(0.0, 165.0, 0, 0.15); border-radius: 3px;' title='1.0'>_||> "
 "of<||_html:</span>_||><||_html:<span style='background-color: rgba(0.0, "
 "165.0, 0, 0.15); border-radius: 3px;' title='1.0'>_||> "
 "type<||_html:</span>_||><||_html:<span style='background-color: rgba(0.0, "
 "165.0, 0, 0.15); border-radius: 3px;' title='1.0'>_||> "
 "String<||_html:</span>_||><||_html:<span style='background-color: rgba(0.0, "
 "165.0, 0, 0.15); border-radius: 3px;' "
 'title=\'1.0\'>_||>."<||_html:</span>_||><||_html:<span '
 "style='background-color: rgba(0.0, 165.0, 0, 0.15); border-radius: 3px;' "
 "title='1.0'>_||>\n"
 "<||_html:</span>_||><||_html:<span style='background-color: rgba(0.0, 165.0, "
 "0, 0.15); border-radius: 3px;' title='1.0'>_||>   "
 "<||_html:</span>_||><||_html:<span style='background-color: rgba(0.0, 165.0, "
 "0, 0.15); border-radius: 3px;' title='1.0'>_||> "
 "},<||_html:</span>_||><||_html:<span style='background-color: rgba(0.0, "
 "165.0, 0, 0.15); border-radius: 3px;' title='1.0'>_||>\n"
 "<||_html:</span>_||><||_html:<span style='background-color: rgba(0.0, 165.0, "
 "0, 0.15); border-radius: 3px;' title='1.0'>_||>   "
 "<||_html:</span>_||><||_html:<span style='background-color: rgba(0.0, 165.0, "
 "0, 0.15); border-radius: 3px;' title='1.0'>_||> "
 "{<||_html:</span>_||><||_html:<span style='background-color: rgba(0.0, "
 "165.0, 0, 0.15); border-radius: 3px;' title='1.0'>_||>\n"
 "<||_html:</span>_||><||_html:<span style='background-color: rgba(0.0, 165.0, "
 "0, 0.15); border-radius: 3px;' title='1.0'>_||>     "
 "<||_html:</span>_||><||_html:<span style='background-color: rgba(0.0, 165.0, "
 "0, 0.15); border-radius: 3px;' title='1.0'>_||> "
 '"<||_html:</span>_||><||_html:<span style=\'background-color: rgba(0.0, '
 "165.0, 0, 0.15); border-radius: 3px;' "
 "title='1.0'>_||>type<||_html:</span>_||><||_html:<span "
 "style='background-color: rgba(0.0, 165.0, 0, 0.15); border-radius: 3px;' "
 'title=\'1.0\'>_||>":<||_html:</span>_||><||_html:<span '
 "style='background-color: rgba(0.0, 165.0, 0, 0.15); border-radius: 3px;' "
 'title=\'1.0\'>_||> "<||_html:</span>_||><||_html:<span '
 "style='background-color: rgba(0.0, 165.0, 0, 0.15); border-radius: 3px;' "
 "title='1.0'>_||>Product<||_html:</span>_||><||_html:<span "
 "style='background-color: rgba(0.0, 165.0, 0, 0.15); border-radius: 3px;' "
 'title=\'1.0\'>_||>",<||_html:</span>_||><||_html:<span '
 "style='background-color: rgba(0.0, 165.0, 0, 0.15); border-radius: 3px;' "
 "title='1.0'>_||>\n"
 "<||_html:</span>_||><||_html:<span style='background-color: rgba(0.0, 165.0, "
 "0, 0.15); border-radius: 3px;' title='1.0'>_||>     "
 "<||_html:</span>_||><||_html:<span style='background-color: rgba(0.0, 165.0, "
 "0, 0.15); border-radius: 3px;' title='1.0'>_||> "
 '"<||_html:</span>_||><||_html:<span style=\'background-color: rgba(0.0, '
 "165.0, 0, 0.15); border-radius: 3px;' "
 "title='1.0'>_||>field<||_html:</span>_||><||_html:<span "
 "style='background-color: rgba(0.0, 165.0, 0, 0.15); border-radius: 3px;' "
 'title=\'1.0\'>_||>":<||_html:</span>_||><||_html:<span '
 "style='background-color: rgba(0.0, 165.0, 0, 0.15); border-radius: 3px;' "
 'title=\'1.0\'>_||> "<||_html:</span>_||><||_html:<span '
 "style='background-color: rgba(0.0, 165.0, 0, 0.15); border-radius: 3px;' "
 "title='1.0'>_||>description<||_html:</span>_||><||_html:<span "
 "style='background-color: rgba(0.0, 165.0, 0, 0.15); border-radius: 3px;' "
 'title=\'1.0\'>_||>",<||_html:</span>_||><||_html:<span '
 "style='background-color: rgba(0.0, 165.0, 0, 0.15); border-radius: 3px;' "
 "title='1.0'>_||>\n"
 "<||_html:</span>_||><||_html:<span style='background-color: rgba(0.0, 165.0, "
 "0, 0.15); border-radius: 3px;' title='1.0'>_||>     "
 "<||_html:</span>_||><||_html:<span style='background-color: rgba(0.0, 165.0, "
 "0, 0.15); border-radius: 3px;' title='1.0'>_||> "
 '"<||_html:</span>_||><||_html:<span style=\'background-color: rgba(0.0, '
 "165.0, 0, 0.15); border-radius: 3px;' "
 "title='1.0'>_||>change<||_html:</span>_||><||_html:<span "
 "style='background-color: rgba(0.0, 165.0, 0, 0.15); border-radius: 3px;' "
 'title=\'1.0\'>_||>":<||_html:</span>_||><||_html:<span '
 "style='background-color: rgba(0.0, 165.0, 0, 0.15); border-radius: 3px;' "
 'title=\'1.0\'>_||> "<||_html:</span>_||><||_html:<span '
 "style='background-color: rgba(0.0, 165.0, 0, 0.15); border-radius: 3px;' "
 "title='1.0'>_||>field<||_html:</span>_||><||_html:<span "
 "style='background-color: rgba(0.0, 165.0, 0, 0.15); border-radius: 3px;' "
 "title='1.0'>_||> removed<||_html:</span>_||><||_html:<span "
 "style='background-color: rgba(0.0, 165.0, 0, 0.15); border-radius: 3px;' "
 'title=\'1.0\'>_||>",<||_html:</span>_||><||_html:<span '
 "style='background-color: rgba(0.0, 165.0, 0, 0.15); border-radius: 3px;' "
 "title='1.0'>_||>\n"
 "<||_html:</span>_||><||_html:<span style='background-color: rgba(0.0, 165.0, "
 "0, 0.15); border-radius: 3px;' title='1.0'>_||>     "
 "<||_html:</span>_||><||_html:<span style='background-color: rgba(0.0, 165.0, "
 "0, 0.15); border-radius: 3px;' title='1.0'>_||> "
 '"<||_html:</span>_||><||_html:<span style=\'background-color: rgba(0.0, '
 "165.0, 0, 0.15); border-radius: 3px;' "
 "title='1.0'>_||>breaking<||_html:</span>_||><||_html:<span "
 "style='background-color: rgba(0.0, 165.0, 0, 0.15); border-radius: 3px;' "
 'title=\'1.0\'>_||>":<||_html:</span>_||><||_html:<span '
 "style='background-color: rgba(0.0, 165.0, 0, 0.15); border-radius: 3px;' "
 'title=\'1.0\'>_||> "<||_html:</span>_||><||_html:<span '
 "style='background-color: rgba(0.0, 165.0, 0, 0.15); border-radius: 3px;' "
 "title='1.0'>_||>true<||_html:</span>_||><||_html:<span "
 "style='background-color: rgba(0.0, 165.0, 0, 0.15); border-radius: 3px;' "
 'title=\'1.0\'>_||>",<||_html:</span>_||><||_html:<span '
 "style='background-color: rgba(0.0, 165.0, 0, 0.15); border-radius: 3px;' "
 "title='1.0'>_||>\n"
 "<||_html:</span>_||><||_html:<span style='background-color: rgba(0.0, 165.0, "
 "0, 0.15); border-radius: 3px;' title='1.0'>_||>     "
 "<||_html:</span>_||><||_html:<span style='background-color: rgba(0.0, 165.0, "
 "0, 0.15); border-radius: 3px;' title='1.0'>_||> "
 '"<||_html:</span>_||><||_html:<span style=\'background-color: rgba(0.0, '
 "165.0, 0, 0.15); border-radius: 3px;' "
 "title='1.0'>_||>release<||_html:</span>_||><||_html:<span "
 "style='background-color: rgba(0.0, 165.0, 0, 0.15); border-radius: 3px;' "
 "title='1.0'>_||>_<||_html:</span>_||><||_html:<span style='background-color: "
 "rgba(0.0, 165.0, 0, 0.15); border-radius: 3px;' "
 "title='1.0'>_||>note<||_html:</span>_||><||_html:<span "
 "style='background-color: rgba(0.0, 165.0, 0, 0.15); border-radius: 3px;' "
 'title=\'1.0\'>_||>":<||_html:</span>_||><||_html:<span '
 "style='background-color: rgba(0.0, 165.0, 0, 0.15); border-radius: 3px;' "
 'title=\'1.0\'>_||> "<||_html:</span>_||><||_html:<span '
 "style='background-color: rgba(0.0, 165.0, 0, 0.15); border-radius: 3px;' "
 "title='1.0'>_||>The<||_html:</span>_||><||_html:<span "
 "style='background-color: rgba(0.0, 165.0, 0, 0.15); border-radius: 3px;' "
 "title='1.0'>_||> '<||_html:</span>_||><||_html:<span "
 "style='background-color: rgba(0.0, 165.0, 0, 0.15); border-radius: 3px;' "
 "title='1.0'>_||>Product<||_html:</span>_||><||_html:<span "
 "style='background-color: rgba(0.0, 165.0, 0, 0.15); border-radius: 3px;' "
 "title='1.0'>_||>'<||_html:</span>_||><||_html:<span style='background-color: "
 "rgba(0.0, 165.0, 0, 0.15); border-radius: 3px;' title='1.0'>_||> "
 "type<||_html:</span>_||><||_html:<span style='background-color: rgba(0.0, "
 "165.0, 0, 0.15); border-radius: 3px;' title='1.0'>_||> "
 "no<||_html:</span>_||><||_html:<span style='background-color: rgba(0.0, "
 "165.0, 0, 0.15); border-radius: 3px;' title='1.0'>_||> "
 "longer<||_html:</span>_||><||_html:<span style='background-color: rgba(0.0, "
 "165.0, 0, 0.15); border-radius: 3px;' title='1.0'>_||> "
 "includes<||_html:</span>_||><||_html:<span style='background-color: "
 "rgba(0.0, 165.0, 0, 0.15); border-radius: 3px;' title='1.0'>_||> "
 "the<||_html:</span>_||><||_html:<span style='background-color: rgba(0.0, "
 "165.0, 0, 0.15); border-radius: 3px;' title='1.0'>_||> "
 "'<||_html:</span>_||><||_html:<span style='background-color: rgba(0.0, "
 "165.0, 0, 0.15); border-radius: 3px;' "
 "title='1.0'>_||>description<||_html:</span>_||><||_html:<span "
 "style='background-color: rgba(0.0, 165.0, 0, 0.15); border-radius: 3px;' "
 "title='1.0'>_||>'<||_html:</span>_||><||_html:<span style='background-color: "
 "rgba(0.0, 165.0, 0, 0.15); border-radius: 3px;' title='1.0'>_||> "
 "field<||_html:</span>_||><||_html:<span style='background-color: rgba(0.0, "
 "165.0, 0, 0.15); border-radius: 3px;' "
 'title=\'1.0\'>_||>."<||_html:</span>_||><||_html:<span '
 "style='background-color: rgba(0.0, 165.0, 0, 0.15); border-radius: 3px;' "
 "title='1.0'>_||>\n"
 "<||_html:</span>_||><||_html:<span style='background-color: rgba(0.0, 165.0, "
 "0, 0.15); border-radius: 3px;' title='1.0'>_||>   "
 "<||_html:</span>_||><||_html:<span style='background-color: rgba(0.0, 165.0, "
 "0, 0.15); border-radius: 3px;' title='1.0'>_||> "
 "},<||_html:</span>_||><||_html:<span style='background-color: rgba(0.0, "
 "165.0, 0, 0.15); border-radius: 3px;' title='1.0'>_||>\n"
 "<||_html:</span>_||><||_html:<span style='background-color: rgba(0.0, 165.0, "
 "0, 0.15); border-radius: 3px;' title='1.0'>_||>   "
 "<||_html:</span>_||><||_html:<span style='background-color: rgba(0.0, 165.0, "
 "0, 0.15); border-radius: 3px;' title='1.0'>_||> "
 "{<||_html:</span>_||><||_html:<span style='background-color: rgba(0.0, "
 "165.0, 0, 0.15); border-radius: 3px;' title='1.0'>_||>\n"
 "<||_html:</span>_||><||_html:<span style='background-color: rgba(0.0, 165.0, "
 "0, 0.15); border-radius: 3px;' title='1.0'>_||>     "
 "<||_html:</span>_||><||_html:<span style='background-color: rgba(0.0, 165.0, "
 "0, 0.15); border-radius: 3px;' title='1.0'>_||> "
 '"<||_html:</span>_||><||_html:<span style=\'background-color: rgba(0.0, '
 "165.0, 0, 0.15); border-radius: 3px;' "
 "title='1.0'>_||>type<||_html:</span>_||><||_html:<span "
 "style='background-color: rgba(0.0, 165.0, 0, 0.15); border-radius: 3px;' "
 'title=\'1.0\'>_||>":<||_html:</span>_||><||_html:<span '
 "style='background-color: rgba(0.0, 165.0, 0, 0.15); border-radius: 3px;' "
 'title=\'1.0\'>_||> "<||_html:</span>_||><||_html:<span '
 "style='background-color: rgba(0.0, 165.0, 0, 0.15); border-radius: 3px;' "
 "title='1.0'>_||>Product<||_html:</span>_||><||_html:<span "
 "style='background-color: rgba(0.0, 165.0, 0, 0.15); border-radius: 3px;' "
 'title=\'1.0\'>_||>",<||_html:</span>_||><||_html:<span '
 "style='background-color: rgba(0.0, 165.0, 0, 0.15); border-radius: 3px;' "
 "title='1.0'>_||>\n"
 "<||_html:</span>_||><||_html:<span style='background-color: rgba(0.0, 165.0, "
 "0, 0.15); border-radius: 3px;' title='1.0'>_||>     "
 "<||_html:</span>_||><||_html:<span style='background-color: rgba(0.0, 165.0, "
 "0, 0.15); border-radius: 3px;' title='1.0'>_||> "
 '"<||_html:</span>_||><||_html:<span style=\'background-color: rgba(0.0, '
 "165.0, 0, 0.15); border-radius: 3px;' "
 "title='1.0'>_||>field<||_html:</span>_||><||_html:<span "
 "style='background-color: rgba(0.0, 165.0, 0, 0.15); border-radius: 3px;' "
 'title=\'1.0\'>_||>":<||_html:</span>_||><||_html:<span '
 "style='background-color: rgba(0.0, 165.0, 0, 0.15); border-radius: 3px;' "
 'title=\'1.0\'>_||> "<||_html:</span>_||><||_html:<span '
 "style='background-color: rgba(0.0, 165.0, 0, 0.15); border-radius: 3px;' "
 "title='1.0'>_||>stock<||_html:</span>_||><||_html:<span "
 "style='background-color: rgba(0.0, 165.0, 0, 0.15); border-radius: 3px;' "
 'title=\'1.0\'>_||>",<||_html:</span>_||><||_html:<span '
 "style='background-color: rgba(0.0, 165.0, 0, 0.15); border-radius: 3px;' "
 "title='1.0'>_||>\n"
 "<||_html:</span>_||><||_html:<span style='background-color: rgba(0.0, 165.0, "
 "0, 0.15); border-radius: 3px;' title='1.0'>_||>     "
 "<||_html:</span>_||><||_html:<span style='background-color: rgba(0.0, 165.0, "
 "0, 0.15); border-radius: 3px;' title='1.0'>_||> "
 '"<||_html:</span>_||><||_html:<span style=\'background-color: rgba(0.0, '
 "165.0, 0, 0.15); border-radius: 3px;' "
 "title='1.0'>_||>change<||_html:</span>_||><||_html:<span "
 "style='background-color: rgba(0.0, 165.0, 0, 0.15); border-radius: 3px;' "
 'title=\'1.0\'>_||>":<||_html:</span>_||><||_html:<span '
 "style='background-color: rgba(0.0, 165.0, 0, 0.15); border-radius: 3px;' "
 'title=\'1.0\'>_||> "<||_html:</span>_||><||_html:<span '
 "style='background-color: rgba(0.0, 165.0, 0, 0.15); border-radius: 3px;' "
 "title='1.0'>_||>field<||_html:</span>_||><||_html:<span "
 "style='background-color: rgba(0.0, 165.0, 0, 0.15); border-radius: 3px;' "
 "title='1.0'>_||> removed<||_html:</span>_||><||_html:<span "
 "style='background-color: rgba(0.0, 165.0, 0, 0.15); border-radius: 3px;' "
 'title=\'1.0\'>_||>",<||_html:</span>_||><||_html:<span '
 "style='background-color: rgba(0.0, 165.0, 0, 0.15); border-radius: 3px;' "
 "title='1.0'>_||>\n"
 "<||_html:</span>_||><||_html:<span style='background-color: rgba(0.0, 165.0, "
 "0, 0.15); border-radius: 3px;' title='1.0'>_||>     "
 "<||_html:</span>_||><||_html:<span style='background-color: rgba(0.0, 165.0, "
 "0, 0.15); border-radius: 3px;' title='1.0'>_||> "
 '"<||_html:</span>_||><||_html:<span style=\'background-color: rgba(0.0, '
 "165.0, 0, 0.15); border-radius: 3px;' "
 "title='1.0'>_||>breaking<||_html:</span>_||><||_html:<span "
 "style='background-color: rgba(0.0, 165.0, 0, 0.15); border-radius: 3px;' "
 'title=\'1.0\'>_||>":<||_html:</span>_||><||_html:<span '
 "style='background-color: rgba(0.0, 165.0, 0, 0.15); border-radius: 3px;' "
 'title=\'1.0\'>_||> "<||_html:</span>_||><||_html:<span '
 "style='background-color: rgba(0.0, 165.0, 0, 0.15); border-radius: 3px;' "
 "title='1.0'>_||>true<||_html:</span>_||><||_html:<span "
 "style='background-color: rgba(0.0, 165.0, 0, 0.15); border-radius: 3px;' "
 'title=\'1.0\'>_||>",<||_html:</span>_||><||_html:<span '
 "style='background-color: rgba(0.0, 165.0, 0, 0.15); border-radius: 3px;' "
 "title='1.0'>_||>\n"
 "<||_html:</span>_||><||_html:<span style='background-color: rgba(0.0, 165.0, "
 "0, 0.15); border-radius: 3px;' title='1.0'>_||>     "
 "<||_html:</span>_||><||_html:<span style='background-color: rgba(0.0, 165.0, "
 "0, 0.15); border-radius: 3px;' title='1.0'>_||> "
 '"<||_html:</span>_||><||_html:<span style=\'background-color: rgba(0.0, '
 "165.0, 0, 0.15); border-radius: 3px;' "
 "title='1.0'>_||>release<||_html:</span>_||><||_html:<span "
 "style='background-color: rgba(0.0, 165.0, 0, 0.15); border-radius: 3px;' "
 "title='1.0'>_||>_<||_html:</span>_||><||_html:<span style='background-color: "
 "rgba(0.0, 165.0, 0, 0.15); border-radius: 3px;' "
 "title='1.0'>_||>note<||_html:</span>_||><||_html:<span "
 "style='background-color: rgba(0.0, 165.0, 0, 0.15); border-radius: 3px;' "
 'title=\'1.0\'>_||>":<||_html:</span>_||><||_html:<span '
 "style='background-color: rgba(0.0, 165.0, 0, 0.15); border-radius: 3px;' "
 'title=\'1.0\'>_||> "<||_html:</span>_||><||_html:<span '
 "style='background-color: rgba(0.0, 165.0, 0, 0.15); border-radius: 3px;' "
 "title='1.0'>_||>The<||_html:</span>_||><||_html:<span "
 "style='background-color: rgba(0.0, 165.0, 0, 0.15); border-radius: 3px;' "
 "title='1.0'>_||> '<||_html:</span>_||><||_html:<span "
 "style='background-color: rgba(0.0, 165.0, 0, 0.15); border-radius: 3px;' "
 "title='1.0'>_||>Product<||_html:</span>_||><||_html:<span "
 "style='background-color: rgba(0.0, 165.0, 0, 0.15); border-radius: 3px;' "
 "title='1.0'>_||>'<||_html:</span>_||><||_html:<span style='background-color: "
 "rgba(0.0, 165.0, 0, 0.15); border-radius: 3px;' title='1.0'>_||> "
 "type<||_html:</span>_||><||_html:<span style='background-color: rgba(0.0, "
 "165.0, 0, 0.15); border-radius: 3px;' title='1.0'>_||> "
 "no<||_html:</span>_||><||_html:<span style='background-color: rgba(0.0, "
 "165.0, 0, 0.15); border-radius: 3px;' title='1.0'>_||> "
 "longer<||_html:</span>_||><||_html:<span style='background-color: rgba(0.0, "
 "165.0, 0, 0.15); border-radius: 3px;' title='1.0'>_||> "
 "includes<||_html:</span>_||><||_html:<span style='background-color: "
 "rgba(0.0, 165.0, 0, 0.15); border-radius: 3px;' title='1.0'>_||> "
 "the<||_html:</span>_||><||_html:<span style='background-color: rgba(0.0, "
 "165.0, 0, 0.15); border-radius: 3px;' title='1.0'>_||> "
 "'<||_html:</span>_||><||_html:<span style='background-color: rgba(0.0, "
 "165.0, 0, 0.15); border-radius: 3px;' "
 "title='1.0'>_||>stock<||_html:</span>_||><||_html:<span "
 "style='background-color: rgba(0.0, 165.0, 0, 0.15); border-radius: 3px;' "
 "title='1.0'>_||>'<||_html:</span>_||><||_html:<span style='background-color: "
 "rgba(0.0, 165.0, 0, 0.15); border-radius: 3px;' title='1.0'>_||> "
 "field<||_html:</span>_||><||_html:<span style='background-color: rgba(0.0, "
 "165.0, 0, 0.15); border-radius: 3px;' "
 'title=\'1.0\'>_||>."<||_html:</span>_||><||_html:<span '
 "style='background-color: rgba(0.0, 165.0, 0, 0.15); border-radius: 3px;' "
 "title='1.0'>_||>\n"
 "<||_html:</span>_||><||_html:<span style='background-color: rgba(0.0, 165.0, "
 "0, 0.15); border-radius: 3px;' title='1.0'>_||>   "
 "<||_html:</span>_||><||_html:<span style='background-color: rgba(0.0, 165.0, "
 "0, 0.15); border-radius: 3px;' title='1.0'>_||> "
 "}<||_html:</span>_||><||_html:<span style='background-color: rgba(0.0, "
 "165.0, 0, 0.15); border-radius: 3px;' title='1.0'>_||>\n"
 "<||_html:</span>_||><||_html:<span style='background-color: rgba(0.0, 165.0, "
 "0, 0.15); border-radius: 3px;' title='1.0'>_||> "
 "<||_html:</span>_||><||_html:<span style='background-color: rgba(0.0, 165.0, "
 "0, 0.15); border-radius: 3px;' title='1.0'>_||> "
 "],<||_html:</span>_||><||_html:<span style='background-color: rgba(0.0, "
 "165.0, 0, 0.15); border-radius: 3px;' title='1.0'>_||>\n"
 "<||_html:</span>_||><||_html:<span style='background-color: rgba(0.0, 165.0, "
 "0, 0.15); border-radius: 3px;' title='1.0'>_||> "
 "<||_html:</span>_||><||_html:<span style='background-color: rgba(0.0, 165.0, "
 "0, 0.15); border-radius: 3px;' title='1.0'>_||> "
 '"<||_html:</span>_||><||_html:<span style=\'background-color: rgba(0.0, '
 "165.0, 0, 0.15); border-radius: 3px;' "
 "title='1.0'>_||>release<||_html:</span>_||><||_html:<span "
 "style='background-color: rgba(0.0, 165.0, 0, 0.15); border-radius: 3px;' "
 "title='1.0'>_||>_<||_html:</span>_||><||_html:<span style='background-color: "
 "rgba(0.0, 165.0, 0, 0.15); border-radius: 3px;' "
 "title='1.0'>_||>notes<||_html:</span>_||><||_html:<span "
 "style='background-color: rgba(0.0, 165.0, 0, 0.15); border-radius: 3px;' "
 'title=\'1.0\'>_||>":<||_html:</span>_||><||_html:<span '
 "style='background-color: rgba(0.0, 165.0, 0, 0.15); border-radius: 3px;' "
 "title='1.0'>_||> {<||_html:</span>_||><||_html:<span "
 "style='background-color: rgba(0.0, 165.0, 0, 0.15); border-radius: 3px;' "
 "title='1.0'>_||>\n"
 "<||_html:</span>_||><||_html:<span style='background-color: rgba(0.0, 165.0, "
 "0, 0.15); border-radius: 3px;' title='1.0'>_||>   "
 "<||_html:</span>_||><||_html:<span style='background-color: rgba(0.0, 165.0, "
 "0, 0.15); border-radius: 3px;' title='1.0'>_||> "
 '"<||_html:</span>_||><||_html:<span style=\'background-color: rgba(0.0, '
 "165.0, 0, 0.15); border-radius: 3px;' "
 "title='1.0'>_||>summary<||_html:</span>_||><||_html:<span "
 "style='background-color: rgba(0.0, 165.0, 0, 0.15); border-radius: 3px;' "
 'title=\'1.0\'>_||>":<||_html:</span>_||><||_html:<span '
 "style='background-color: rgba(0.0, 165.0, 0, 0.15); border-radius: 3px;' "
 'title=\'1.0\'>_||> "<||_html:</span>_||><||_html:<span '
 "style='background-color: rgba(0.0, 165.0, 0, 0.15); border-radius: 3px;' "
 "title='1.0'>_||>The<||_html:</span>_||><||_html:<span "
 "style='background-color: rgba(0.0, 165.0, 0, 0.15); border-radius: 3px;' "
 "title='1.0'>_||> '<||_html:</span>_||><||_html:<span "
 "style='background-color: rgba(0.0, 165.0, 0, 0.15); border-radius: 3px;' "
 "title='1.0'>_||>get<||_html:</span>_||><||_html:<span "
 "style='background-color: rgba(0.0, 165.0, 0, 0.15); border-radius: 3px;' "
 "title='1.0'>_||>Product<||_html:</span>_||><||_html:<span "
 "style='background-color: rgba(0.0, 165.0, 0, 0.15); border-radius: 3px;' "
 "title='1.0'>_||>'<||_html:</span>_||><||_html:<span style='background-color: "
 "rgba(0.0, 165.0, 0, 0.15); border-radius: 3px;' title='1.0'>_||> "
 "query<||_html:</span>_||><||_html:<span style='background-color: rgba(0.0, "
 "165.0, 0, 0.15); border-radius: 3px;' title='1.0'>_||> "
 "now<||_html:</span>_||><||_html:<span style='background-color: rgba(0.0, "
 "165.0, 0, 0.15); border-radius: 3px;' title='1.0'>_||> "
 "includes<||_html:</span>_||><||_html:<span style='background-color: "
 "rgba(0.0, 165.0, 0, 0.15); border-radius: 3px;' title='1.0'>_||> "
 "a<||_html:</span>_||><||_html:<span style='background-color: rgba(0.0, "
 "165.0, 0, 0.15); border-radius: 3px;' title='1.0'>_||> "
 "new<||_html:</span>_||><||_html:<span style='background-color: rgba(0.0, "
 "165.0, 0, 0.15); border-radius: 3px;' title='1.0'>_||> "
 "field<||_html:</span>_||><||_html:<span style='background-color: rgba(0.0, "
 "165.0, 0, 0.15); border-radius: 3px;' title='1.0'>_||> "
 "'<||_html:</span>_||><||_html:<span style='background-color: rgba(0.0, "
 "165.0, 0, 0.15); border-radius: 3px;' "
 "title='1.0'>_||>details<||_html:</span>_||><||_html:<span "
 "style='background-color: rgba(0.0, 165.0, 0, 0.15); border-radius: 3px;' "
 "title='1.0'>_||>'<||_html:</span>_||><||_html:<span style='background-color: "
 "rgba(0.0, 165.0, 0, 0.15); border-radius: 3px;' title='1.0'>_||> "
 "of<||_html:</span>_||><||_html:<span style='background-color: rgba(0.0, "
 "165.0, 0, 0.15); border-radius: 3px;' title='1.0'>_||> "
 "type<||_html:</span>_||><||_html:<span style='background-color: rgba(0.0, "
 "165.0, 0, 0.15); border-radius: 3px;' title='1.0'>_||> "
 "String<||_html:</span>_||><||_html:<span style='background-color: rgba(0.0, "
 "165.0, 0, 0.15); border-radius: 3px;' "
 "title='1.0'>_||>.<||_html:</span>_||><||_html:<span style='background-color: "
 "rgba(0.0, 165.0, 0, 0.15); border-radius: 3px;' title='1.0'>_||> "
 "The<||_html:</span>_||><||_html:<span style='background-color: rgba(0.0, "
 "165.0, 0, 0.15); border-radius: 3px;' title='1.0'>_||> "
 "'<||_html:</span>_||><||_html:<span style='background-color: rgba(0.0, "
 "165.0, 0, 0.15); border-radius: 3px;' "
 "title='1.0'>_||>Product<||_html:</span>_||><||_html:<span "
 "style='background-color: rgba(0.0, 165.0, 0, 0.15); border-radius: 3px;' "
 "title='1.0'>_||>'<||_html:</span>_||><||_html:<span style='background-color: "
 "rgba(0.0, 165.0, 0, 0.15); border-radius: 3px;' title='1.0'>_||> "
 "type<||_html:</span>_||><||_html:<span style='background-color: rgba(0.0, "
 "165.0, 0, 0.15); border-radius: 3px;' title='1.0'>_||> "
 "no<||_html:</span>_||><||_html:<span style='background-color: rgba(0.0, "
 "165.0, 0, 0.15); border-radius: 3px;' title='1.0'>_||> "
 "longer<||_html:</span>_||><||_html:<span style='background-color: rgba(0.0, "
 "165.0, 0, 0.15); border-radius: 3px;' title='1.0'>_||> "
 "includes<||_html:</span>_||><||_html:<span style='background-color: "
 "rgba(0.0, 165.0, 0, 0.15); border-radius: 3px;' title='1.0'>_||> "
 "the<||_html:</span>_||><||_html:<span style='background-color: rgba(0.0, "
 "165.0, 0, 0.15); border-radius: 3px;' title='1.0'>_||> "
 "'<||_html:</span>_||><||_html:<span style='background-color: rgba(0.0, "
 "165.0, 0, 0.15); border-radius: 3px;' "
 "title='1.0'>_||>description<||_html:</span>_||><||_html:<span "
 "style='background-color: rgba(0.0, 165.0, 0, 0.15); border-radius: 3px;' "
 "title='1.0'>_||>'<||_html:</span>_||><||_html:<span style='background-color: "
 "rgba(0.0, 165.0, 0, 0.15); border-radius: 3px;' title='1.0'>_||> "
 "and<||_html:</span>_||><||_html:<span style='background-color: rgba(0.0, "
 "165.0, 0, 0.15); border-radius: 3px;' title='1.0'>_||> "
 "'<||_html:</span>_||><||_html:<span style='background-color: rgba(0.0, "
 "165.0, 0, 0.15); border-radius: 3px;' "
 "title='1.0'>_||>stock<||_html:</span>_||><||_html:<span "
 "style='background-color: rgba(0.0, 165.0, 0, 0.15); border-radius: 3px;' "
 "title='1.0'>_||>'<||_html:</span>_||><||_html:<span style='background-color: "
 "rgba(0.0, 165.0, 0, 0.15); border-radius: 3px;' title='1.0'>_||> "
 "fields<||_html:</span>_||><||_html:<span style='background-color: rgba(0.0, "
 "165.0, 0, 0.15); border-radius: 3px;' "
 'title=\'1.0\'>_||>."<||_html:</span>_||><||_html:<span '
 "style='background-color: rgba(0.0, 165.0, 0, 0.15); border-radius: 3px;' "
 "title='1.0'>_||>\n"
 "<||_html:</span>_||><||_html:<span style='background-color: rgba(0.0, 165.0, "
 "0, 0.15); border-radius: 3px;' title='1.0'>_||> "
 "<||_html:</span>_||><||_html:<span style='background-color: rgba(0.0, 165.0, "
 "0, 0.15); border-radius: 3px;' title='1.0'>_||> "
 "}<||_html:</span>_||><||_html:<span style='background-color: rgba(0.0, "
 "165.0, 0, 0.15); border-radius: 3px;' title='1.0'>_||>\n"
 "<||_html:</span>_||><||_html:<span style='background-color: rgba(0.0, 165.0, "
 "0, 0.15); border-radius: 3px;' "
 'title=\'1.0\'>_||>}<||_html:</span>_||>{"changes":<||_html:<span '
 "style='background-color: rgba(0.0, 165.0, 0, 0.15); border-radius: 3px;' "
 "title='1.0'>_||>[<||_html:</span>_||><||_html:<span style='background-color: "
 "rgba(0.0, 165.0, 0, 0.15); border-radius: 3px;' "
 'title=\'1.0\'>_||>{"<||_html:</span>_||>type<||_html:<span '
 "style='background-color: rgba(0.0, 165.0, 0, 0.15); border-radius: 3px;' "
 'title=\'1.0\'>_||>":"<||_html:</span>_||><||_html:<span '
 "style='background-color: rgba(0.0, 165.0, 0, 0.15); border-radius: 3px;' "
 "title='1.0'>_||>Query<||_html:</span>_||><||_html:<span "
 "style='background-color: rgba(0.0, 165.0, 0, 0.15); border-radius: 3px;' "
 'title=\'1.0\'>_||>","<||_html:</span>_||>field<||_html:<span '
 "style='background-color: rgba(0.0, 165.0, 0, 0.15); border-radius: 3px;' "
 'title=\'1.0\'>_||>":"<||_html:</span>_||><||_html:<span '
 "style='background-color: rgba(0.0, 165.0, 0, 0.15); border-radius: 3px;' "
 "title='1.0'>_||>get<||_html:</span>_||><||_html:<span "
 "style='background-color: rgba(0.0, 165.0, 0, 0.15); border-radius: 3px;' "
 "title='1.0'>_||>Product<||_html:</span>_||><||_html:<span "
 "style='background-color: rgba(0.0, 165.0, 0, 0.15); border-radius: 3px;' "
 'title=\'1.0\'>_||>","<||_html:</span>_||>change<||_html:<span '
 "style='background-color: rgba(0.0, 165.0, 0, 0.15); border-radius: 3px;' "
 'title=\'1.0\'>_||>":"<||_html:</span>_||><||_html:<span '
 "style='background-color: rgba(0.0, 165.0, 0, 0.15); border-radius: 3px;' "
 "title='1.0'>_||>field<||_html:</span>_||><||_html:<span "
 "style='background-color: rgba(0.0, 165.0, 0, 0.15); border-radius: 3px;' "
 "title='1.0'>_||> details<||_html:</span>_||><||_html:<span "
 "style='background-color: rgba(0.0, 165.0, 0, 0.15); border-radius: 3px;' "
 "title='1.0'>_||> added<||_html:</span>_||><||_html:<span "
 "style='background-color: rgba(0.0, 165.0, 0, 0.15); border-radius: 3px;' "
 'title=\'1.0\'>_||>","<||_html:</span>_||>breaking<||_html:<span '
 "style='background-color: rgba(0.0, 165.0, 0, 0.15); border-radius: 3px;' "
 'title=\'1.0\'>_||>":<||_html:</span>_||><||_html:<span '
 "style='background-color: rgba(0.0, 165.0, 0, 0.15); border-radius: 3px;' "
 'title=\'1.0\'>_||>false<||_html:</span>_||>,"release_note<||_html:<span '
 "style='background-color: rgba(0.0, 165.0, 0, 0.15); border-radius: 3px;' "
 'title=\'1.0\'>_||>":"<||_html:</span>_||><||_html:<span '
 "style='background-color: rgba(0.0, 165.0, 0, 0.15); border-radius: 3px;' "
 "title='1.0'>_||>The<||_html:</span>_||><||_html:<span "
 "style='background-color: rgba(0.0, 165.0, 0, 0.15); border-radius: 3px;' "
 "title='1.0'>_||> '<||_html:</span>_||><||_html:<span "
 "style='background-color: rgba(0.0, 165.0, 0, 0.15); border-radius: 3px;' "
 "title='1.0'>_||>get<||_html:</span>_||><||_html:<span "
 "style='background-color: rgba(0.0, 165.0, 0, 0.15); border-radius: 3px;' "
 "title='1.0'>_||>Product<||_html:</span>_||><||_html:<span "
 "style='background-color: rgba(0.0, 165.0, 0, 0.15); border-radius: 3px;' "
 "title='1.0'>_||>'<||_html:</span>_||><||_html:<span style='background-color: "
 "rgba(0.0, 165.0, 0, 0.15); border-radius: 3px;' title='1.0'>_||> "
 "query<||_html:</span>_||><||_html:<span style='background-color: rgba(0.0, "
 "165.0, 0, 0.15); border-radius: 3px;' title='1.0'>_||> "
 "now<||_html:</span>_||><||_html:<span style='background-color: rgba(0.0, "
 "165.0, 0, 0.15); border-radius: 3px;' title='1.0'>_||> "
 "includes<||_html:</span>_||><||_html:<span style='background-color: "
 "rgba(0.0, 165.0, 0, 0.15); border-radius: 3px;' title='1.0'>_||> "
 "a<||_html:</span>_||><||_html:<span style='background-color: rgba(0.0, "
 "165.0, 0, 0.15); border-radius: 3px;' title='1.0'>_||> "
 "new<||_html:</span>_||><||_html:<span style='background-color: rgba(0.0, "
 "165.0, 0, 0.15); border-radius: 3px;' title='1.0'>_||> "
 "field<||_html:</span>_||><||_html:<span style='background-color: rgba(0.0, "
 "165.0, 0, 0.15); border-radius: 3px;' title='1.0'>_||> "
 "'<||_html:</span>_||><||_html:<span style='background-color: rgba(0.0, "
 "165.0, 0, 0.15); border-radius: 3px;' "
 "title='1.0'>_||>details<||_html:</span>_||><||_html:<span "
 "style='background-color: rgba(0.0, 165.0, 0, 0.15); border-radius: 3px;' "
 "title='1.0'>_||>'<||_html:</span>_||><||_html:<span style='background-color: "
 "rgba(0.0, 165.0, 0, 0.15); border-radius: 3px;' title='1.0'>_||> "
 "of<||_html:</span>_||><||_html:<span style='background-color: rgba(0.0, "
 "165.0, 0, 0.15); border-radius: 3px;' title='1.0'>_||> "
 "type<||_html:</span>_||><||_html:<span style='background-color: rgba(0.0, "
 "165.0, 0, 0.15); border-radius: 3px;' title='1.0'>_||> "
 "String<||_html:</span>_||><||_html:<span style='background-color: rgba(0.0, "
 "165.0, 0, 0.15); border-radius: 3px;' title='1.0'>_||>")
('Analyze the following two GraphQL schemas for changes, including both '
 'breaking and non-breaking changes.\n'
 '\n'
 '                        Provide your analysis in the following JSON format:\n'
 '                        {\n'
 '                          "changes": [\n'
 '                            {\n'
 '                              "type": "String representing the GraphQL type '
 '(e.g., Query, Mutation, Subscription)",\n'
 '                              "field": "String representing the specific '
 'field that changed",\n'
 '                              "change": "String describing the change (e.g., '
 'field renamed, new field added, field removed)",\n'
 '                              "breaking": "Boolean indicating if the change '
 'is breaking (true) or non-breaking (false)",\n'
 '                              "release_note": "String with a natural '
 'language description of the change for release notes"\n'
 '                            }\n'
 '                          ],\n'
 '                          "release_notes": {\n'
 '                              "summary": "String summarizing all changes, '
 'suitable for a mailing list or public announcement"\n'
 '                          }\n'
 '                        }\n'
 '\n'
 '                        When analyzing, consider the following types of '
 'changes:\n'
 '                        1. Removing fields or types (breaking)\n'
 '                        2. Changing field types (potentially breaking)\n'
 '                        3. Adding required fields (breaking)\n'
 '                        4. Changing the type of existing arguments '
 '(breaking)\n'
 '                        5. Adding optional fields (non-breaking)\n'
 '                        6. Adding new types (non-breaking)\n'
 '                        7. Deprecating fields (non-breaking)\n'
 '\n'
 '                        Ensure that each change is categorized correctly as '
 'breaking or non-breaking.: type Query {\n'
 '  getProduct(id: ID!): Product\n'
 '}\n'
 '\n'
 'type Product {\n'
 '  id: ID\n'
 '  name: String\n'
 '  description: String\n'
 '  price: Float\n'
 '  stock: Int\n'
 '}\n'
 ', type Query {\n'
 '  getProduct(id: ID!): Product\n'
 '}\n'
 '\n'
 'type Product {\n'
 '  id: ID\n'
 '  name: String\n'
 '  details: String\n'
 '  price: Float\n'
 '}\n'
 '\n'
 "Answer:<||_html:<span style='background-color: rgba(0.0, 165.0, 0, 0.15); "
 "border-radius: 3px;' title='1.0'>_||> {<||_html:</span>_||><||_html:<span "
 "style='background-color: rgba(0.0, 165.0, 0, 0.15); border-radius: 3px;' "
 "title='1.0'>_||>\n"
 "<||_html:</span>_||><||_html:<span style='background-color: rgba(0.0, 165.0, "
 "0, 0.15); border-radius: 3px;' title='1.0'>_||> "
 "<||_html:</span>_||><||_html:<span style='background-color: rgba(0.0, 165.0, "
 "0, 0.15); border-radius: 3px;' title='1.0'>_||> "
 '"<||_html:</span>_||><||_html:<span style=\'background-color: rgba(0.0, '
 "165.0, 0, 0.15); border-radius: 3px;' "
 "title='1.0'>_||>changes<||_html:</span>_||><||_html:<span "
 "style='background-color: rgba(0.0, 165.0, 0, 0.15); border-radius: 3px;' "
 'title=\'1.0\'>_||>":<||_html:</span>_||><||_html:<span '
 "style='background-color: rgba(0.0, 165.0, 0, 0.15); border-radius: 3px;' "
 "title='1.0'>_||> [<||_html:</span>_||><||_html:<span "
 "style='background-color: rgba(0.0, 165.0, 0, 0.15); border-radius: 3px;' "
 "title='1.0'>_||>\n"
 "<||_html:</span>_||><||_html:<span style='background-color: rgba(0.0, 165.0, "
 "0, 0.15); border-radius: 3px;' title='1.0'>_||>   "
 "<||_html:</span>_||><||_html:<span style='background-color: rgba(0.0, 165.0, "
 "0, 0.15); border-radius: 3px;' title='1.0'>_||> "
 "{<||_html:</span>_||><||_html:<span style='background-color: rgba(0.0, "
 "165.0, 0, 0.15); border-radius: 3px;' title='1.0'>_||>\n"
 "<||_html:</span>_||><||_html:<span style='background-color: rgba(0.0, 165.0, "
 "0, 0.15); border-radius: 3px;' title='1.0'>_||>     "
 "<||_html:</span>_||><||_html:<span style='background-color: rgba(0.0, 165.0, "
 "0, 0.15); border-radius: 3px;' title='1.0'>_||> "
 '"<||_html:</span>_||><||_html:<span style=\'background-color: rgba(0.0, '
 "165.0, 0, 0.15); border-radius: 3px;' "
 "title='1.0'>_||>type<||_html:</span>_||><||_html:<span "
 "style='background-color: rgba(0.0, 165.0, 0, 0.15); border-radius: 3px;' "
 'title=\'1.0\'>_||>":<||_html:</span>_||><||_html:<span '
 "style='background-color: rgba(0.0, 165.0, 0, 0.15); border-radius: 3px;' "
 'title=\'1.0\'>_||> "<||_html:</span>_||><||_html:<span '
 "style='background-color: rgba(0.0, 165.0, 0, 0.15); border-radius: 3px;' "
 "title='1.0'>_||>Query<||_html:</span>_||><||_html:<span "
 "style='background-color: rgba(0.0, 165.0, 0, 0.15); border-radius: 3px;' "
 'title=\'1.0\'>_||>",<||_html:</span>_||><||_html:<span '
 "style='background-color: rgba(0.0, 165.0, 0, 0.15); border-radius: 3px;' "
 "title='1.0'>_||>\n"
 "<||_html:</span>_||><||_html:<span style='background-color: rgba(0.0, 165.0, "
 "0, 0.15); border-radius: 3px;' title='1.0'>_||>     "
 "<||_html:</span>_||><||_html:<span style='background-color: rgba(0.0, 165.0, "
 "0, 0.15); border-radius: 3px;' title='1.0'>_||> "
 '"<||_html:</span>_||><||_html:<span style=\'background-color: rgba(0.0, '
 "165.0, 0, 0.15); border-radius: 3px;' "
 "title='1.0'>_||>field<||_html:</span>_||><||_html:<span "
 "style='background-color: rgba(0.0, 165.0, 0, 0.15); border-radius: 3px;' "
 'title=\'1.0\'>_||>":<||_html:</span>_||><||_html:<span '
 "style='background-color: rgba(0.0, 165.0, 0, 0.15); border-radius: 3px;' "
 'title=\'1.0\'>_||> "<||_html:</span>_||><||_html:<span '
 "style='background-color: rgba(0.0, 165.0, 0, 0.15); border-radius: 3px;' "
 "title='1.0'>_||>get<||_html:</span>_||><||_html:<span "
 "style='background-color: rgba(0.0, 165.0, 0, 0.15); border-radius: 3px;' "
 "title='1.0'>_||>Product<||_html:</span>_||><||_html:<span "
 "style='background-color: rgba(0.0, 165.0, 0, 0.15); border-radius: 3px;' "
 'title=\'1.0\'>_||>",<||_html:</span>_||><||_html:<span '
 "style='background-color: rgba(0.0, 165.0, 0, 0.15); border-radius: 3px;' "
 "title='1.0'>_||>\n"
 "<||_html:</span>_||><||_html:<span style='background-color: rgba(0.0, 165.0, "
 "0, 0.15); border-radius: 3px;' title='1.0'>_||>     "
 "<||_html:</span>_||><||_html:<span style='background-color: rgba(0.0, 165.0, "
 "0, 0.15); border-radius: 3px;' title='1.0'>_||> "
 '"<||_html:</span>_||><||_html:<span style=\'background-color: rgba(0.0, '
 "165.0, 0, 0.15); border-radius: 3px;' "
 "title='1.0'>_||>change<||_html:</span>_||><||_html:<span "
 "style='background-color: rgba(0.0, 165.0, 0, 0.15); border-radius: 3px;' "
 'title=\'1.0\'>_||>":<||_html:</span>_||><||_html:<span '
 "style='background-color: rgba(0.0, 165.0, 0, 0.15); border-radius: 3px;' "
 'title=\'1.0\'>_||> "<||_html:</span>_||><||_html:<span '
 "style='background-color: rgba(0.0, 165.0, 0, 0.15); border-radius: 3px;' "
 "title='1.0'>_||>field<||_html:</span>_||><||_html:<span "
 "style='background-color: rgba(0.0, 165.0, 0, 0.15); border-radius: 3px;' "
 "title='1.0'>_||> details<||_html:</span>_||><||_html:<span "
 "style='background-color: rgba(0.0, 165.0, 0, 0.15); border-radius: 3px;' "
 "title='1.0'>_||> added<||_html:</span>_||><||_html:<span "
 "style='background-color: rgba(0.0, 165.0, 0, 0.15); border-radius: 3px;' "
 'title=\'1.0\'>_||>",<||_html:</span>_||><||_html:<span '
 "style='background-color: rgba(0.0, 165.0, 0, 0.15); border-radius: 3px;' "
 "title='1.0'>_||>\n"
 "<||_html:</span>_||><||_html:<span style='background-color: rgba(0.0, 165.0, "
 "0, 0.15); border-radius: 3px;' title='1.0'>_||>     "
 "<||_html:</span>_||><||_html:<span style='background-color: rgba(0.0, 165.0, "
 "0, 0.15); border-radius: 3px;' title='1.0'>_||> "
 '"<||_html:</span>_||><||_html:<span style=\'background-color: rgba(0.0, '
 "165.0, 0, 0.15); border-radius: 3px;' "
 "title='1.0'>_||>breaking<||_html:</span>_||><||_html:<span "
 "style='background-color: rgba(0.0, 165.0, 0, 0.15); border-radius: 3px;' "
 'title=\'1.0\'>_||>":<||_html:</span>_||><||_html:<span '
 "style='background-color: rgba(0.0, 165.0, 0, 0.15); border-radius: 3px;' "
 'title=\'1.0\'>_||> "<||_html:</span>_||><||_html:<span '
 "style='background-color: rgba(0.0, 165.0, 0, 0.15); border-radius: 3px;' "
 "title='1.0'>_||>false<||_html:</span>_||><||_html:<span "
 "style='background-color: rgba(0.0, 165.0, 0, 0.15); border-radius: 3px;' "
 'title=\'1.0\'>_||>",<||_html:</span>_||><||_html:<span '
 "style='background-color: rgba(0.0, 165.0, 0, 0.15); border-radius: 3px;' "
 "title='1.0'>_||>\n"
 "<||_html:</span>_||><||_html:<span style='background-color: rgba(0.0, 165.0, "
 "0, 0.15); border-radius: 3px;' title='1.0'>_||>     "
 "<||_html:</span>_||><||_html:<span style='background-color: rgba(0.0, 165.0, "
 "0, 0.15); border-radius: 3px;' title='1.0'>_||> "
 '"<||_html:</span>_||><||_html:<span style=\'background-color: rgba(0.0, '
 "165.0, 0, 0.15); border-radius: 3px;' "
 "title='1.0'>_||>release<||_html:</span>_||><||_html:<span "
 "style='background-color: rgba(0.0, 165.0, 0, 0.15); border-radius: 3px;' "
 "title='1.0'>_||>_<||_html:</span>_||><||_html:<span style='background-color: "
 "rgba(0.0, 165.0, 0, 0.15); border-radius: 3px;' "
 "title='1.0'>_||>note<||_html:</span>_||><||_html:<span "
 "style='background-color: rgba(0.0, 165.0, 0, 0.15); border-radius: 3px;' "
 'title=\'1.0\'>_||>":<||_html:</span>_||><||_html:<span '
 "style='background-color: rgba(0.0, 165.0, 0, 0.15); border-radius: 3px;' "
 'title=\'1.0\'>_||> "<||_html:</span>_||><||_html:<span '
 "style='background-color: rgba(0.0, 165.0, 0, 0.15); border-radius: 3px;' "
 "title='1.0'>_||>The<||_html:</span>_||><||_html:<span "
 "style='background-color: rgba(0.0, 165.0, 0, 0.15); border-radius: 3px;' "
 "title='1.0'>_||> '<||_html:</span>_||><||_html:<span "
 "style='background-color: rgba(0.0, 165.0, 0, 0.15); border-radius: 3px;' "
 "title='1.0'>_||>get<||_html:</span>_||><||_html:<span "
 "style='background-color: rgba(0.0, 165.0, 0, 0.15); border-radius: 3px;' "
 "title='1.0'>_||>Product<||_html:</span>_||><||_html:<span "
 "style='background-color: rgba(0.0, 165.0, 0, 0.15); border-radius: 3px;' "
 "title='1.0'>_||>'<||_html:</span>_||><||_html:<span style='background-color: "
 "rgba(0.0, 165.0, 0, 0.15); border-radius: 3px;' title='1.0'>_||> "
 "query<||_html:</span>_||><||_html:<span style='background-color: rgba(0.0, "
 "165.0, 0, 0.15); border-radius: 3px;' title='1.0'>_||> "
 "now<||_html:</span>_||><||_html:<span style='background-color: rgba(0.0, "
 "165.0, 0, 0.15); border-radius: 3px;' title='1.0'>_||> "
 "includes<||_html:</span>_||><||_html:<span style='background-color: "
 "rgba(0.0, 165.0, 0, 0.15); border-radius: 3px;' title='1.0'>_||> "
 "a<||_html:</span>_||><||_html:<span style='background-color: rgba(0.0, "
 "165.0, 0, 0.15); border-radius: 3px;' title='1.0'>_||> "
 "new<||_html:</span>_||><||_html:<span style='background-color: rgba(0.0, "
 "165.0, 0, 0.15); border-radius: 3px;' title='1.0'>_||> "
 "field<||_html:</span>_||><||_html:<span style='background-color: rgba(0.0, "
 "165.0, 0, 0.15); border-radius: 3px;' title='1.0'>_||> "
 "'<||_html:</span>_||><||_html:<span style='background-color: rgba(0.0, "
 "165.0, 0, 0.15); border-radius: 3px;' "
 "title='1.0'>_||>details<||_html:</span>_||><||_html:<span "
 "style='background-color: rgba(0.0, 165.0, 0, 0.15); border-radius: 3px;' "
 "title='1.0'>_||>'<||_html:</span>_||><||_html:<span style='background-color: "
 "rgba(0.0, 165.0, 0, 0.15); border-radius: 3px;' title='1.0'>_||> "
 "of<||_html:</span>_||><||_html:<span style='background-color: rgba(0.0, "
 "165.0, 0, 0.15); border-radius: 3px;' title='1.0'>_||> "
 "type<||_html:</span>_||><||_html:<span style='background-color: rgba(0.0, "
 "165.0, 0, 0.15); border-radius: 3px;' title='1.0'>_||> "
 "String<||_html:</span>_||><||_html:<span style='background-color: rgba(0.0, "
 "165.0, 0, 0.15); border-radius: 3px;' "
 'title=\'1.0\'>_||>."<||_html:</span>_||><||_html:<span '
 "style='background-color: rgba(0.0, 165.0, 0, 0.15); border-radius: 3px;' "
 "title='1.0'>_||>\n"
 "<||_html:</span>_||><||_html:<span style='background-color: rgba(0.0, 165.0, "
 "0, 0.15); border-radius: 3px;' title='1.0'>_||>   "
 "<||_html:</span>_||><||_html:<span style='background-color: rgba(0.0, 165.0, "
 "0, 0.15); border-radius: 3px;' title='1.0'>_||> "
 "},<||_html:</span>_||><||_html:<span style='background-color: rgba(0.0, "
 "165.0, 0, 0.15); border-radius: 3px;' title='1.0'>_||>\n"
 "<||_html:</span>_||><||_html:<span style='background-color: rgba(0.0, 165.0, "
 "0, 0.15); border-radius: 3px;' title='1.0'>_||>   "
 "<||_html:</span>_||><||_html:<span style='background-color: rgba(0.0, 165.0, "
 "0, 0.15); border-radius: 3px;' title='1.0'>_||> "
 "{<||_html:</span>_||><||_html:<span style='background-color: rgba(0.0, "
 "165.0, 0, 0.15); border-radius: 3px;' title='1.0'>_||>\n"
 "<||_html:</span>_||><||_html:<span style='background-color: rgba(0.0, 165.0, "
 "0, 0.15); border-radius: 3px;' title='1.0'>_||>     "
 "<||_html:</span>_||><||_html:<span style='background-color: rgba(0.0, 165.0, "
 "0, 0.15); border-radius: 3px;' title='1.0'>_||> "
 '"<||_html:</span>_||><||_html:<span style=\'background-color: rgba(0.0, '
 "165.0, 0, 0.15); border-radius: 3px;' "
 "title='1.0'>_||>type<||_html:</span>_||><||_html:<span "
 "style='background-color: rgba(0.0, 165.0, 0, 0.15); border-radius: 3px;' "
 'title=\'1.0\'>_||>":<||_html:</span>_||><||_html:<span '
 "style='background-color: rgba(0.0, 165.0, 0, 0.15); border-radius: 3px;' "
 'title=\'1.0\'>_||> "<||_html:</span>_||><||_html:<span '
 "style='background-color: rgba(0.0, 165.0, 0, 0.15); border-radius: 3px;' "
 "title='1.0'>_||>Product<||_html:</span>_||><||_html:<span "
 "style='background-color: rgba(0.0, 165.0, 0, 0.15); border-radius: 3px;' "
 'title=\'1.0\'>_||>",<||_html:</span>_||><||_html:<span '
 "style='background-color: rgba(0.0, 165.0, 0, 0.15); border-radius: 3px;' "
 "title='1.0'>_||>\n"
 "<||_html:</span>_||><||_html:<span style='background-color: rgba(0.0, 165.0, "
 "0, 0.15); border-radius: 3px;' title='1.0'>_||>     "
 "<||_html:</span>_||><||_html:<span style='background-color: rgba(0.0, 165.0, "
 "0, 0.15); border-radius: 3px;' title='1.0'>_||> "
 '"<||_html:</span>_||><||_html:<span style=\'background-color: rgba(0.0, '
 "165.0, 0, 0.15); border-radius: 3px;' "
 "title='1.0'>_||>field<||_html:</span>_||><||_html:<span "
 "style='background-color: rgba(0.0, 165.0, 0, 0.15); border-radius: 3px;' "
 'title=\'1.0\'>_||>":<||_html:</span>_||><||_html:<span '
 "style='background-color: rgba(0.0, 165.0, 0, 0.15); border-radius: 3px;' "
 'title=\'1.0\'>_||> "<||_html:</span>_||><||_html:<span '
 "style='background-color: rgba(0.0, 165.0, 0, 0.15); border-radius: 3px;' "
 "title='1.0'>_||>description<||_html:</span>_||><||_html:<span "
 "style='background-color: rgba(0.0, 165.0, 0, 0.15); border-radius: 3px;' "
 'title=\'1.0\'>_||>",<||_html:</span>_||><||_html:<span '
 "style='background-color: rgba(0.0, 165.0, 0, 0.15); border-radius: 3px;' "
 "title='1.0'>_||>\n"
 "<||_html:</span>_||><||_html:<span style='background-color: rgba(0.0, 165.0, "
 "0, 0.15); border-radius: 3px;' title='1.0'>_||>     "
 "<||_html:</span>_||><||_html:<span style='background-color: rgba(0.0, 165.0, "
 "0, 0.15); border-radius: 3px;' title='1.0'>_||> "
 '"<||_html:</span>_||><||_html:<span style=\'background-color: rgba(0.0, '
 "165.0, 0, 0.15); border-radius: 3px;' "
 "title='1.0'>_||>change<||_html:</span>_||><||_html:<span "
 "style='background-color: rgba(0.0, 165.0, 0, 0.15); border-radius: 3px;' "
 'title=\'1.0\'>_||>":<||_html:</span>_||><||_html:<span '
 "style='background-color: rgba(0.0, 165.0, 0, 0.15); border-radius: 3px;' "
 'title=\'1.0\'>_||> "<||_html:</span>_||><||_html:<span '
 "style='background-color: rgba(0.0, 165.0, 0, 0.15); border-radius: 3px;' "
 "title='1.0'>_||>field<||_html:</span>_||><||_html:<span "
 "style='background-color: rgba(0.0, 165.0, 0, 0.15); border-radius: 3px;' "
 "title='1.0'>_||> removed<||_html:</span>_||><||_html:<span "
 "style='background-color: rgba(0.0, 165.0, 0, 0.15); border-radius: 3px;' "
 'title=\'1.0\'>_||>",<||_html:</span>_||><||_html:<span '
 "style='background-color: rgba(0.0, 165.0, 0, 0.15); border-radius: 3px;' "
 "title='1.0'>_||>\n"
 "<||_html:</span>_||><||_html:<span style='background-color: rgba(0.0, 165.0, "
 "0, 0.15); border-radius: 3px;' title='1.0'>_||>     "
 "<||_html:</span>_||><||_html:<span style='background-color: rgba(0.0, 165.0, "
 "0, 0.15); border-radius: 3px;' title='1.0'>_||> "
 '"<||_html:</span>_||><||_html:<span style=\'background-color: rgba(0.0, '
 "165.0, 0, 0.15); border-radius: 3px;' "
 "title='1.0'>_||>breaking<||_html:</span>_||><||_html:<span "
 "style='background-color: rgba(0.0, 165.0, 0, 0.15); border-radius: 3px;' "
 'title=\'1.0\'>_||>":<||_html:</span>_||><||_html:<span '
 "style='background-color: rgba(0.0, 165.0, 0, 0.15); border-radius: 3px;' "
 'title=\'1.0\'>_||> "<||_html:</span>_||><||_html:<span '
 "style='background-color: rgba(0.0, 165.0, 0, 0.15); border-radius: 3px;' "
 "title='1.0'>_||>true<||_html:</span>_||><||_html:<span "
 "style='background-color: rgba(0.0, 165.0, 0, 0.15); border-radius: 3px;' "
 'title=\'1.0\'>_||>",<||_html:</span>_||><||_html:<span '
 "style='background-color: rgba(0.0, 165.0, 0, 0.15); border-radius: 3px;' "
 "title='1.0'>_||>\n"
 "<||_html:</span>_||><||_html:<span style='background-color: rgba(0.0, 165.0, "
 "0, 0.15); border-radius: 3px;' title='1.0'>_||>     "
 "<||_html:</span>_||><||_html:<span style='background-color: rgba(0.0, 165.0, "
 "0, 0.15); border-radius: 3px;' title='1.0'>_||> "
 '"<||_html:</span>_||><||_html:<span style=\'background-color: rgba(0.0, '
 "165.0, 0, 0.15); border-radius: 3px;' "
 "title='1.0'>_||>release<||_html:</span>_||><||_html:<span "
 "style='background-color: rgba(0.0, 165.0, 0, 0.15); border-radius: 3px;' "
 "title='1.0'>_||>_<||_html:</span>_||><||_html:<span style='background-color: "
 "rgba(0.0, 165.0, 0, 0.15); border-radius: 3px;' "
 "title='1.0'>_||>note<||_html:</span>_||><||_html:<span "
 "style='background-color: rgba(0.0, 165.0, 0, 0.15); border-radius: 3px;' "
 'title=\'1.0\'>_||>":<||_html:</span>_||><||_html:<span '
 "style='background-color: rgba(0.0, 165.0, 0, 0.15); border-radius: 3px;' "
 'title=\'1.0\'>_||> "<||_html:</span>_||><||_html:<span '
 "style='background-color: rgba(0.0, 165.0, 0, 0.15); border-radius: 3px;' "
 "title='1.0'>_||>The<||_html:</span>_||><||_html:<span "
 "style='background-color: rgba(0.0, 165.0, 0, 0.15); border-radius: 3px;' "
 "title='1.0'>_||> '<||_html:</span>_||><||_html:<span "
 "style='background-color: rgba(0.0, 165.0, 0, 0.15); border-radius: 3px;' "
 "title='1.0'>_||>Product<||_html:</span>_||><||_html:<span "
 "style='background-color: rgba(0.0, 165.0, 0, 0.15); border-radius: 3px;' "
 "title='1.0'>_||>'<||_html:</span>_||><||_html:<span style='background-color: "
 "rgba(0.0, 165.0, 0, 0.15); border-radius: 3px;' title='1.0'>_||> "
 "type<||_html:</span>_||><||_html:<span style='background-color: rgba(0.0, "
 "165.0, 0, 0.15); border-radius: 3px;' title='1.0'>_||> "
 "no<||_html:</span>_||><||_html:<span style='background-color: rgba(0.0, "
 "165.0, 0, 0.15); border-radius: 3px;' title='1.0'>_||> "
 "longer<||_html:</span>_||><||_html:<span style='background-color: rgba(0.0, "
 "165.0, 0, 0.15); border-radius: 3px;' title='1.0'>_||> "
 "includes<||_html:</span>_||><||_html:<span style='background-color: "
 "rgba(0.0, 165.0, 0, 0.15); border-radius: 3px;' title='1.0'>_||> "
 "the<||_html:</span>_||><||_html:<span style='background-color: rgba(0.0, "
 "165.0, 0, 0.15); border-radius: 3px;' title='1.0'>_||> "
 "'<||_html:</span>_||><||_html:<span style='background-color: rgba(0.0, "
 "165.0, 0, 0.15); border-radius: 3px;' "
 "title='1.0'>_||>description<||_html:</span>_||><||_html:<span "
 "style='background-color: rgba(0.0, 165.0, 0, 0.15); border-radius: 3px;' "
 "title='1.0'>_||>'<||_html:</span>_||><||_html:<span style='background-color: "
 "rgba(0.0, 165.0, 0, 0.15); border-radius: 3px;' title='1.0'>_||> "
 "field<||_html:</span>_||><||_html:<span style='background-color: rgba(0.0, "
 "165.0, 0, 0.15); border-radius: 3px;' "
 'title=\'1.0\'>_||>."<||_html:</span>_||><||_html:<span '
 "style='background-color: rgba(0.0, 165.0, 0, 0.15); border-radius: 3px;' "
 "title='1.0'>_||>\n"
 "<||_html:</span>_||><||_html:<span style='background-color: rgba(0.0, 165.0, "
 "0, 0.15); border-radius: 3px;' title='1.0'>_||>   "
 "<||_html:</span>_||><||_html:<span style='background-color: rgba(0.0, 165.0, "
 "0, 0.15); border-radius: 3px;' title='1.0'>_||> "
 "},<||_html:</span>_||><||_html:<span style='background-color: rgba(0.0, "
 "165.0, 0, 0.15); border-radius: 3px;' title='1.0'>_||>\n"
 "<||_html:</span>_||><||_html:<span style='background-color: rgba(0.0, 165.0, "
 "0, 0.15); border-radius: 3px;' title='1.0'>_||>   "
 "<||_html:</span>_||><||_html:<span style='background-color: rgba(0.0, 165.0, "
 "0, 0.15); border-radius: 3px;' title='1.0'>_||> "
 "{<||_html:</span>_||><||_html:<span style='background-color: rgba(0.0, "
 "165.0, 0, 0.15); border-radius: 3px;' title='1.0'>_||>\n"
 "<||_html:</span>_||><||_html:<span style='background-color: rgba(0.0, 165.0, "
 "0, 0.15); border-radius: 3px;' title='1.0'>_||>     "
 "<||_html:</span>_||><||_html:<span style='background-color: rgba(0.0, 165.0, "
 "0, 0.15); border-radius: 3px;' title='1.0'>_||> "
 '"<||_html:</span>_||><||_html:<span style=\'background-color: rgba(0.0, '
 "165.0, 0, 0.15); border-radius: 3px;' "
 "title='1.0'>_||>type<||_html:</span>_||><||_html:<span "
 "style='background-color: rgba(0.0, 165.0, 0, 0.15); border-radius: 3px;' "
 'title=\'1.0\'>_||>":<||_html:</span>_||><||_html:<span '
 "style='background-color: rgba(0.0, 165.0, 0, 0.15); border-radius: 3px;' "
 'title=\'1.0\'>_||> "<||_html:</span>_||><||_html:<span '
 "style='background-color: rgba(0.0, 165.0, 0, 0.15); border-radius: 3px;' "
 "title='1.0'>_||>Product<||_html:</span>_||><||_html:<span "
 "style='background-color: rgba(0.0, 165.0, 0, 0.15); border-radius: 3px;' "
 'title=\'1.0\'>_||>",<||_html:</span>_||><||_html:<span '
 "style='background-color: rgba(0.0, 165.0, 0, 0.15); border-radius: 3px;' "
 "title='1.0'>_||>\n"
 "<||_html:</span>_||><||_html:<span style='background-color: rgba(0.0, 165.0, "
 "0, 0.15); border-radius: 3px;' title='1.0'>_||>     "
 "<||_html:</span>_||><||_html:<span style='background-color: rgba(0.0, 165.0, "
 "0, 0.15); border-radius: 3px;' title='1.0'>_||> "
 '"<||_html:</span>_||><||_html:<span style=\'background-color: rgba(0.0, '
 "165.0, 0, 0.15); border-radius: 3px;' "
 "title='1.0'>_||>field<||_html:</span>_||><||_html:<span "
 "style='background-color: rgba(0.0, 165.0, 0, 0.15); border-radius: 3px;' "
 'title=\'1.0\'>_||>":<||_html:</span>_||><||_html:<span '
 "style='background-color: rgba(0.0, 165.0, 0, 0.15); border-radius: 3px;' "
 'title=\'1.0\'>_||> "<||_html:</span>_||><||_html:<span '
 "style='background-color: rgba(0.0, 165.0, 0, 0.15); border-radius: 3px;' "
 "title='1.0'>_||>stock<||_html:</span>_||><||_html:<span "
 "style='background-color: rgba(0.0, 165.0, 0, 0.15); border-radius: 3px;' "
 'title=\'1.0\'>_||>",<||_html:</span>_||><||_html:<span '
 "style='background-color: rgba(0.0, 165.0, 0, 0.15); border-radius: 3px;' "
 "title='1.0'>_||>\n"
 "<||_html:</span>_||><||_html:<span style='background-color: rgba(0.0, 165.0, "
 "0, 0.15); border-radius: 3px;' title='1.0'>_||>     "
 "<||_html:</span>_||><||_html:<span style='background-color: rgba(0.0, 165.0, "
 "0, 0.15); border-radius: 3px;' title='1.0'>_||> "
 '"<||_html:</span>_||><||_html:<span style=\'background-color: rgba(0.0, '
 "165.0, 0, 0.15); border-radius: 3px;' "
 "title='1.0'>_||>change<||_html:</span>_||><||_html:<span "
 "style='background-color: rgba(0.0, 165.0, 0, 0.15); border-radius: 3px;' "
 'title=\'1.0\'>_||>":<||_html:</span>_||><||_html:<span '
 "style='background-color: rgba(0.0, 165.0, 0, 0.15); border-radius: 3px;' "
 'title=\'1.0\'>_||> "<||_html:</span>_||><||_html:<span '
 "style='background-color: rgba(0.0, 165.0, 0, 0.15); border-radius: 3px;' "
 "title='1.0'>_||>field<||_html:</span>_||><||_html:<span "
 "style='background-color: rgba(0.0, 165.0, 0, 0.15); border-radius: 3px;' "
 "title='1.0'>_||> removed<||_html:</span>_||><||_html:<span "
 "style='background-color: rgba(0.0, 165.0, 0, 0.15); border-radius: 3px;' "
 'title=\'1.0\'>_||>",<||_html:</span>_||><||_html:<span '
 "style='background-color: rgba(0.0, 165.0, 0, 0.15); border-radius: 3px;' "
 "title='1.0'>_||>\n"
 "<||_html:</span>_||><||_html:<span style='background-color: rgba(0.0, 165.0, "
 "0, 0.15); border-radius: 3px;' title='1.0'>_||>     "
 "<||_html:</span>_||><||_html:<span style='background-color: rgba(0.0, 165.0, "
 "0, 0.15); border-radius: 3px;' title='1.0'>_||> "
 '"<||_html:</span>_||><||_html:<span style=\'background-color: rgba(0.0, '
 "165.0, 0, 0.15); border-radius: 3px;' "
 "title='1.0'>_||>breaking<||_html:</span>_||><||_html:<span "
 "style='background-color: rgba(0.0, 165.0, 0, 0.15); border-radius: 3px;' "
 'title=\'1.0\'>_||>":<||_html:</span>_||><||_html:<span '
 "style='background-color: rgba(0.0, 165.0, 0, 0.15); border-radius: 3px;' "
 'title=\'1.0\'>_||> "<||_html:</span>_||><||_html:<span '
 "style='background-color: rgba(0.0, 165.0, 0, 0.15); border-radius: 3px;' "
 "title='1.0'>_||>true<||_html:</span>_||><||_html:<span "
 "style='background-color: rgba(0.0, 165.0, 0, 0.15); border-radius: 3px;' "
 'title=\'1.0\'>_||>",<||_html:</span>_||><||_html:<span '
 "style='background-color: rgba(0.0, 165.0, 0, 0.15); border-radius: 3px;' "
 "title='1.0'>_||>\n"
 "<||_html:</span>_||><||_html:<span style='background-color: rgba(0.0, 165.0, "
 "0, 0.15); border-radius: 3px;' title='1.0'>_||>     "
 "<||_html:</span>_||><||_html:<span style='background-color: rgba(0.0, 165.0, "
 "0, 0.15); border-radius: 3px;' title='1.0'>_||> "
 '"<||_html:</span>_||><||_html:<span style=\'background-color: rgba(0.0, '
 "165.0, 0, 0.15); border-radius: 3px;' "
 "title='1.0'>_||>release<||_html:</span>_||><||_html:<span "
 "style='background-color: rgba(0.0, 165.0, 0, 0.15); border-radius: 3px;' "
 "title='1.0'>_||>_<||_html:</span>_||><||_html:<span style='background-color: "
 "rgba(0.0, 165.0, 0, 0.15); border-radius: 3px;' "
 "title='1.0'>_||>note<||_html:</span>_||><||_html:<span "
 "style='background-color: rgba(0.0, 165.0, 0, 0.15); border-radius: 3px;' "
 'title=\'1.0\'>_||>":<||_html:</span>_||><||_html:<span '
 "style='background-color: rgba(0.0, 165.0, 0, 0.15); border-radius: 3px;' "
 'title=\'1.0\'>_||> "<||_html:</span>_||><||_html:<span '
 "style='background-color: rgba(0.0, 165.0, 0, 0.15); border-radius: 3px;' "
 "title='1.0'>_||>The<||_html:</span>_||><||_html:<span "
 "style='background-color: rgba(0.0, 165.0, 0, 0.15); border-radius: 3px;' "
 "title='1.0'>_||> '<||_html:</span>_||><||_html:<span "
 "style='background-color: rgba(0.0, 165.0, 0, 0.15); border-radius: 3px;' "
 "title='1.0'>_||>Product<||_html:</span>_||><||_html:<span "
 "style='background-color: rgba(0.0, 165.0, 0, 0.15); border-radius: 3px;' "
 "title='1.0'>_||>'<||_html:</span>_||><||_html:<span style='background-color: "
 "rgba(0.0, 165.0, 0, 0.15); border-radius: 3px;' title='1.0'>_||> "
 "type<||_html:</span>_||><||_html:<span style='background-color: rgba(0.0, "
 "165.0, 0, 0.15); border-radius: 3px;' title='1.0'>_||> "
 "no<||_html:</span>_||><||_html:<span style='background-color: rgba(0.0, "
 "165.0, 0, 0.15); border-radius: 3px;' title='1.0'>_||> "
 "longer<||_html:</span>_||><||_html:<span style='background-color: rgba(0.0, "
 "165.0, 0, 0.15); border-radius: 3px;' title='1.0'>_||> "
 "includes<||_html:</span>_||><||_html:<span style='background-color: "
 "rgba(0.0, 165.0, 0, 0.15); border-radius: 3px;' title='1.0'>_||> "
 "the<||_html:</span>_||><||_html:<span style='background-color: rgba(0.0, "
 "165.0, 0, 0.15); border-radius: 3px;' title='1.0'>_||> "
 "'<||_html:</span>_||><||_html:<span style='background-color: rgba(0.0, "
 "165.0, 0, 0.15); border-radius: 3px;' "
 "title='1.0'>_||>stock<||_html:</span>_||><||_html:<span "
 "style='background-color: rgba(0.0, 165.0, 0, 0.15); border-radius: 3px;' "
 "title='1.0'>_||>'<||_html:</span>_||><||_html:<span style='background-color: "
 "rgba(0.0, 165.0, 0, 0.15); border-radius: 3px;' title='1.0'>_||> "
 "field<||_html:</span>_||><||_html:<span style='background-color: rgba(0.0, "
 "165.0, 0, 0.15); border-radius: 3px;' "
 'title=\'1.0\'>_||>."<||_html:</span>_||><||_html:<span '
 "style='background-color: rgba(0.0, 165.0, 0, 0.15); border-radius: 3px;' "
 "title='1.0'>_||>\n"
 "<||_html:</span>_||><||_html:<span style='background-color: rgba(0.0, 165.0, "
 "0, 0.15); border-radius: 3px;' title='1.0'>_||>   "
 "<||_html:</span>_||><||_html:<span style='background-color: rgba(0.0, 165.0, "
 "0, 0.15); border-radius: 3px;' title='1.0'>_||> "
 "}<||_html:</span>_||><||_html:<span style='background-color: rgba(0.0, "
 "165.0, 0, 0.15); border-radius: 3px;' title='1.0'>_||>\n"
 "<||_html:</span>_||><||_html:<span style='background-color: rgba(0.0, 165.0, "
 "0, 0.15); border-radius: 3px;' title='1.0'>_||> "
 "<||_html:</span>_||><||_html:<span style='background-color: rgba(0.0, 165.0, "
 "0, 0.15); border-radius: 3px;' title='1.0'>_||> "
 "],<||_html:</span>_||><||_html:<span style='background-color: rgba(0.0, "
 "165.0, 0, 0.15); border-radius: 3px;' title='1.0'>_||>\n"
 "<||_html:</span>_||><||_html:<span style='background-color: rgba(0.0, 165.0, "
 "0, 0.15); border-radius: 3px;' title='1.0'>_||> "
 "<||_html:</span>_||><||_html:<span style='background-color: rgba(0.0, 165.0, "
 "0, 0.15); border-radius: 3px;' title='1.0'>_||> "
 '"<||_html:</span>_||><||_html:<span style=\'background-color: rgba(0.0, '
 "165.0, 0, 0.15); border-radius: 3px;' "
 "title='1.0'>_||>release<||_html:</span>_||><||_html:<span "
 "style='background-color: rgba(0.0, 165.0, 0, 0.15); border-radius: 3px;' "
 "title='1.0'>_||>_<||_html:</span>_||><||_html:<span style='background-color: "
 "rgba(0.0, 165.0, 0, 0.15); border-radius: 3px;' "
 "title='1.0'>_||>notes<||_html:</span>_||><||_html:<span "
 "style='background-color: rgba(0.0, 165.0, 0, 0.15); border-radius: 3px;' "
 'title=\'1.0\'>_||>":<||_html:</span>_||><||_html:<span '
 "style='background-color: rgba(0.0, 165.0, 0, 0.15); border-radius: 3px;' "
 "title='1.0'>_||> {<||_html:</span>_||><||_html:<span "
 "style='background-color: rgba(0.0, 165.0, 0, 0.15); border-radius: 3px;' "
 "title='1.0'>_||>\n"
 "<||_html:</span>_||><||_html:<span style='background-color: rgba(0.0, 165.0, "
 "0, 0.15); border-radius: 3px;' title='1.0'>_||>   "
 "<||_html:</span>_||><||_html:<span style='background-color: rgba(0.0, 165.0, "
 "0, 0.15); border-radius: 3px;' title='1.0'>_||> "
 '"<||_html:</span>_||><||_html:<span style=\'background-color: rgba(0.0, '
 "165.0, 0, 0.15); border-radius: 3px;' "
 "title='1.0'>_||>summary<||_html:</span>_||><||_html:<span "
 "style='background-color: rgba(0.0, 165.0, 0, 0.15); border-radius: 3px;' "
 'title=\'1.0\'>_||>":<||_html:</span>_||><||_html:<span '
 "style='background-color: rgba(0.0, 165.0, 0, 0.15); border-radius: 3px;' "
 'title=\'1.0\'>_||> "<||_html:</span>_||><||_html:<span '
 "style='background-color: rgba(0.0, 165.0, 0, 0.15); border-radius: 3px;' "
 "title='1.0'>_||>The<||_html:</span>_||><||_html:<span "
 "style='background-color: rgba(0.0, 165.0, 0, 0.15); border-radius: 3px;' "
 "title='1.0'>_||> '<||_html:</span>_||><||_html:<span "
 "style='background-color: rgba(0.0, 165.0, 0, 0.15); border-radius: 3px;' "
 "title='1.0'>_||>get<||_html:</span>_||><||_html:<span "
 "style='background-color: rgba(0.0, 165.0, 0, 0.15); border-radius: 3px;' "
 "title='1.0'>_||>Product<||_html:</span>_||><||_html:<span "
 "style='background-color: rgba(0.0, 165.0, 0, 0.15); border-radius: 3px;' "
 "title='1.0'>_||>'<||_html:</span>_||><||_html:<span style='background-color: "
 "rgba(0.0, 165.0, 0, 0.15); border-radius: 3px;' title='1.0'>_||> "
 "query<||_html:</span>_||><||_html:<span style='background-color: rgba(0.0, "
 "165.0, 0, 0.15); border-radius: 3px;' title='1.0'>_||> "
 "now<||_html:</span>_||><||_html:<span style='background-color: rgba(0.0, "
 "165.0, 0, 0.15); border-radius: 3px;' title='1.0'>_||> "
 "includes<||_html:</span>_||><||_html:<span style='background-color: "
 "rgba(0.0, 165.0, 0, 0.15); border-radius: 3px;' title='1.0'>_||> "
 "a<||_html:</span>_||><||_html:<span style='background-color: rgba(0.0, "
 "165.0, 0, 0.15); border-radius: 3px;' title='1.0'>_||> "
 "new<||_html:</span>_||><||_html:<span style='background-color: rgba(0.0, "
 "165.0, 0, 0.15); border-radius: 3px;' title='1.0'>_||> "
 "field<||_html:</span>_||><||_html:<span style='background-color: rgba(0.0, "
 "165.0, 0, 0.15); border-radius: 3px;' title='1.0'>_||> "
 "'<||_html:</span>_||><||_html:<span style='background-color: rgba(0.0, "
 "165.0, 0, 0.15); border-radius: 3px;' "
 "title='1.0'>_||>details<||_html:</span>_||><||_html:<span "
 "style='background-color: rgba(0.0, 165.0, 0, 0.15); border-radius: 3px;' "
 "title='1.0'>_||>'<||_html:</span>_||><||_html:<span style='background-color: "
 "rgba(0.0, 165.0, 0, 0.15); border-radius: 3px;' title='1.0'>_||> "
 "of<||_html:</span>_||><||_html:<span style='background-color: rgba(0.0, "
 "165.0, 0, 0.15); border-radius: 3px;' title='1.0'>_||> "
 "type<||_html:</span>_||><||_html:<span style='background-color: rgba(0.0, "
 "165.0, 0, 0.15); border-radius: 3px;' title='1.0'>_||> "
 "String<||_html:</span>_||><||_html:<span style='background-color: rgba(0.0, "
 "165.0, 0, 0.15); border-radius: 3px;' "
 "title='1.0'>_||>.<||_html:</span>_||><||_html:<span style='background-color: "
 "rgba(0.0, 165.0, 0, 0.15); border-radius: 3px;' title='1.0'>_||> "
 "The<||_html:</span>_||><||_html:<span style='background-color: rgba(0.0, "
 "165.0, 0, 0.15); border-radius: 3px;' title='1.0'>_||> "
 "'<||_html:</span>_||><||_html:<span style='background-color: rgba(0.0, "
 "165.0, 0, 0.15); border-radius: 3px;' "
 "title='1.0'>_||>Product<||_html:</span>_||><||_html:<span "
 "style='background-color: rgba(0.0, 165.0, 0, 0.15); border-radius: 3px;' "
 "title='1.0'>_||>'<||_html:</span>_||><||_html:<span style='background-color: "
 "rgba(0.0, 165.0, 0, 0.15); border-radius: 3px;' title='1.0'>_||> "
 "type<||_html:</span>_||><||_html:<span style='background-color: rgba(0.0, "
 "165.0, 0, 0.15); border-radius: 3px;' title='1.0'>_||> "
 "no<||_html:</span>_||><||_html:<span style='background-color: rgba(0.0, "
 "165.0, 0, 0.15); border-radius: 3px;' title='1.0'>_||> "
 "longer<||_html:</span>_||><||_html:<span style='background-color: rgba(0.0, "
 "165.0, 0, 0.15); border-radius: 3px;' title='1.0'>_||> "
 "includes<||_html:</span>_||><||_html:<span style='background-color: "
 "rgba(0.0, 165.0, 0, 0.15); border-radius: 3px;' title='1.0'>_||> "
 "the<||_html:</span>_||><||_html:<span style='background-color: rgba(0.0, "
 "165.0, 0, 0.15); border-radius: 3px;' title='1.0'>_||> "
 "'<||_html:</span>_||><||_html:<span style='background-color: rgba(0.0, "
 "165.0, 0, 0.15); border-radius: 3px;' "
 "title='1.0'>_||>description<||_html:</span>_||><||_html:<span "
 "style='background-color: rgba(0.0, 165.0, 0, 0.15); border-radius: 3px;' "
 "title='1.0'>_||>'<||_html:</span>_||><||_html:<span style='background-color: "
 "rgba(0.0, 165.0, 0, 0.15); border-radius: 3px;' title='1.0'>_||> "
 "and<||_html:</span>_||><||_html:<span style='background-color: rgba(0.0, "
 "165.0, 0, 0.15); border-radius: 3px;' title='1.0'>_||> "
 "'<||_html:</span>_||><||_html:<span style='background-color: rgba(0.0, "
 "165.0, 0, 0.15); border-radius: 3px;' "
 "title='1.0'>_||>stock<||_html:</span>_||><||_html:<span "
 "style='background-color: rgba(0.0, 165.0, 0, 0.15); border-radius: 3px;' "
 "title='1.0'>_||>'<||_html:</span>_||><||_html:<span style='background-color: "
 "rgba(0.0, 165.0, 0, 0.15); border-radius: 3px;' title='1.0'>_||> "
 "fields<||_html:</span>_||><||_html:<span style='background-color: rgba(0.0, "
 "165.0, 0, 0.15); border-radius: 3px;' "
 'title=\'1.0\'>_||>."<||_html:</span>_||><||_html:<span '
 "style='background-color: rgba(0.0, 165.0, 0, 0.15); border-radius: 3px;' "
 "title='1.0'>_||>\n"
 "<||_html:</span>_||><||_html:<span style='background-color: rgba(0.0, 165.0, "
 "0, 0.15); border-radius: 3px;' title='1.0'>_||> "
 "<||_html:</span>_||><||_html:<span style='background-color: rgba(0.0, 165.0, "
 "0, 0.15); border-radius: 3px;' title='1.0'>_||> "
 "}<||_html:</span>_||><||_html:<span style='background-color: rgba(0.0, "
 "165.0, 0, 0.15); border-radius: 3px;' title='1.0'>_||>\n"
 "<||_html:</span>_||><||_html:<span style='background-color: rgba(0.0, 165.0, "
 "0, 0.15); border-radius: 3px;' "
 'title=\'1.0\'>_||>}<||_html:</span>_||>{"changes":<||_html:<span '
 "style='background-color: rgba(0.0, 165.0, 0, 0.15); border-radius: 3px;' "
 "title='1.0'>_||>[<||_html:</span>_||><||_html:<span style='background-color: "
 "rgba(0.0, 165.0, 0, 0.15); border-radius: 3px;' "
 'title=\'1.0\'>_||>{"<||_html:</span>_||>type<||_html:<span '
 "style='background-color: rgba(0.0, 165.0, 0, 0.15); border-radius: 3px;' "
 'title=\'1.0\'>_||>":"<||_html:</span>_||><||_html:<span '
 "style='background-color: rgba(0.0, 165.0, 0, 0.15); border-radius: 3px;' "
 "title='1.0'>_||>Query<||_html:</span>_||><||_html:<span "
 "style='background-color: rgba(0.0, 165.0, 0, 0.15); border-radius: 3px;' "
 'title=\'1.0\'>_||>","<||_html:</span>_||>field<||_html:<span '
 "style='background-color: rgba(0.0, 165.0, 0, 0.15); border-radius: 3px;' "
 'title=\'1.0\'>_||>":"<||_html:</span>_||><||_html:<span '
 "style='background-color: rgba(0.0, 165.0, 0, 0.15); border-radius: 3px;' "
 "title='1.0'>_||>get<||_html:</span>_||><||_html:<span "
 "style='background-color: rgba(0.0, 165.0, 0, 0.15); border-radius: 3px;' "
 "title='1.0'>_||>Product<||_html:</span>_||><||_html:<span "
 "style='background-color: rgba(0.0, 165.0, 0, 0.15); border-radius: 3px;' "
 'title=\'1.0\'>_||>","<||_html:</span>_||>change<||_html:<span '
 "style='background-color: rgba(0.0, 165.0, 0, 0.15); border-radius: 3px;' "
 'title=\'1.0\'>_||>":"<||_html:</span>_||><||_html:<span '
 "style='background-color: rgba(0.0, 165.0, 0, 0.15); border-radius: 3px;' "
 "title='1.0'>_||>field<||_html:</span>_||><||_html:<span "
 "style='background-color: rgba(0.0, 165.0, 0, 0.15); border-radius: 3px;' "
 "title='1.0'>_||> details<||_html:</span>_||><||_html:<span "
 "style='background-color: rgba(0.0, 165.0, 0, 0.15); border-radius: 3px;' "
 "title='1.0'>_||> added<||_html:</span>_||><||_html:<span "
 "style='background-color: rgba(0.0, 165.0, 0, 0.15); border-radius: 3px;' "
 'title=\'1.0\'>_||>","<||_html:</span>_||>breaking<||_html:<span '
 "style='background-color: rgba(0.0, 165.0, 0, 0.15); border-radius: 3px;' "
 'title=\'1.0\'>_||>":<||_html:</span>_||><||_html:<span '
 "style='background-color: rgba(0.0, 165.0, 0, 0.15); border-radius: 3px;' "
 'title=\'1.0\'>_||>false<||_html:</span>_||>,"release_note<||_html:<span '
 "style='background-color: rgba(0.0, 165.0, 0, 0.15); border-radius: 3px;' "
 'title=\'1.0\'>_||>":"<||_html:</span>_||><||_html:<span '
 "style='background-color: rgba(0.0, 165.0, 0, 0.15); border-radius: 3px;' "
 "title='1.0'>_||>The<||_html:</span>_||><||_html:<span "
 "style='background-color: rgba(0.0, 165.0, 0, 0.15); border-radius: 3px;' "
 "title='1.0'>_||> '<||_html:</span>_||><||_html:<span "
 "style='background-color: rgba(0.0, 165.0, 0, 0.15); border-radius: 3px;' "
 "title='1.0'>_||>get<||_html:</span>_||><||_html:<span "
 "style='background-color: rgba(0.0, 165.0, 0, 0.15); border-radius: 3px;' "
 "title='1.0'>_||>Product<||_html:</span>_||><||_html:<span "
 "style='background-color: rgba(0.0, 165.0, 0, 0.15); border-radius: 3px;' "
 "title='1.0'>_||>'<||_html:</span>_||><||_html:<span style='background-color: "
 "rgba(0.0, 165.0, 0, 0.15); border-radius: 3px;' title='1.0'>_||> "
 "query<||_html:</span>_||><||_html:<span style='background-color: rgba(0.0, "
 "165.0, 0, 0.15); border-radius: 3px;' title='1.0'>_||> "
 "now<||_html:</span>_||><||_html:<span style='background-color: rgba(0.0, "
 "165.0, 0, 0.15); border-radius: 3px;' title='1.0'>_||> "
 "includes<||_html:</span>_||><||_html:<span style='background-color: "
 "rgba(0.0, 165.0, 0, 0.15); border-radius: 3px;' title='1.0'>_||> "
 "a<||_html:</span>_||><||_html:<span style='background-color: rgba(0.0, "
 "165.0, 0, 0.15); border-radius: 3px;' title='1.0'>_||> "
 "new<||_html:</span>_||><||_html:<span style='background-color: rgba(0.0, "
 "165.0, 0, 0.15); border-radius: 3px;' title='1.0'>_||> "
 "field<||_html:</span>_||><||_html:<span style='background-color: rgba(0.0, "
 "165.0, 0, 0.15); border-radius: 3px;' title='1.0'>_||> "
 "'<||_html:</span>_||><||_html:<span style='background-color: rgba(0.0, "
 "165.0, 0, 0.15); border-radius: 3px;' "
 "title='1.0'>_||>details<||_html:</span>_||><||_html:<span "
 "style='background-color: rgba(0.0, 165.0, 0, 0.15); border-radius: 3px;' "
 "title='1.0'>_||>'<||_html:</span>_||><||_html:<span style='background-color: "
 "rgba(0.0, 165.0, 0, 0.15); border-radius: 3px;' title='1.0'>_||> "
 "of<||_html:</span>_||><||_html:<span style='background-color: rgba(0.0, "
 "165.0, 0, 0.15); border-radius: 3px;' title='1.0'>_||> "
 "type<||_html:</span>_||><||_html:<span style='background-color: rgba(0.0, "
 "165.0, 0, 0.15); border-radius: 3px;' title='1.0'>_||> "
 "String<||_html:</span>_||><||_html:<span style='background-color: rgba(0.0, "
 "165.0, 0, 0.15); border-radius: 3px;' "
 'title=\'1.0\'>_||>."<||_html:</span>_||><||_html:<span '
 "style='background-color: rgba(0.0, 165.0, 0, 0.15); border-radius: 3px;' "
 'title=\'1.0\'>_||>},<||_html:</span>_||>{"type<||_html:<span '
 "style='background-color: rgba(0.0, 165.0, 0, 0.15); border-radius: 3px;' "
 "title='1.0'>_||>")
('Analyze the following two GraphQL schemas for changes, including both '
 'breaking and non-breaking changes.\n'
 '\n'
 '                        Provide your analysis in the following JSON format:\n'
 '                        {\n'
 '                          "changes": [\n'
 '                            {\n'
 '                              "type": "String representing the GraphQL type '
 '(e.g., Query, Mutation, Subscription)",\n'
 '                              "field": "String representing the specific '
 'field that changed",\n'
 '                              "change": "String describing the change (e.g., '
 'field renamed, new field added, field removed)",\n'
 '                              "breaking": "Boolean indicating if the change '
 'is breaking (true) or non-breaking (false)",\n'
 '                              "release_note": "String with a natural '
 'language description of the change for release notes"\n'
 '                            }\n'
 '                          ],\n'
 '                          "release_notes": {\n'
 '                              "summary": "String summarizing all changes, '
 'suitable for a mailing list or public announcement"\n'
 '                          }\n'
 '                        }\n'
 '\n'
 '                        When analyzing, consider the following types of '
 'changes:\n'
 '                        1. Removing fields or types (breaking)\n'
 '                        2. Changing field types (potentially breaking)\n'
 '                        3. Adding required fields (breaking)\n'
 '                        4. Changing the type of existing arguments '
 '(breaking)\n'
 '                        5. Adding optional fields (non-breaking)\n'
 '                        6. Adding new types (non-breaking)\n'
 '                        7. Deprecating fields (non-breaking)\n'
 '\n'
 '                        Ensure that each change is categorized correctly as '
 'breaking or non-breaking.: type Query {\n'
 '  getProduct(id: ID!): Product\n'
 '}\n'
 '\n'
 'type Product {\n'
 '  id: ID\n'
 '  name: String\n'
 '  description: String\n'
 '  price: Float\n'
 '  stock: Int\n'
 '}\n'
 ', type Query {\n'
 '  getProduct(id: ID!): Product\n'
 '}\n'
 '\n'
 'type Product {\n'
 '  id: ID\n'
 '  name: String\n'
 '  details: String\n'
 '  price: Float\n'
 '}\n'
 '\n'
 "Answer:<||_html:<span style='background-color: rgba(0.0, 165.0, 0, 0.15); "
 "border-radius: 3px;' title='1.0'>_||> {<||_html:</span>_||><||_html:<span "
 "style='background-color: rgba(0.0, 165.0, 0, 0.15); border-radius: 3px;' "
 "title='1.0'>_||>\n"
 "<||_html:</span>_||><||_html:<span style='background-color: rgba(0.0, 165.0, "
 "0, 0.15); border-radius: 3px;' title='1.0'>_||> "
 "<||_html:</span>_||><||_html:<span style='background-color: rgba(0.0, 165.0, "
 "0, 0.15); border-radius: 3px;' title='1.0'>_||> "
 '"<||_html:</span>_||><||_html:<span style=\'background-color: rgba(0.0, '
 "165.0, 0, 0.15); border-radius: 3px;' "
 "title='1.0'>_||>changes<||_html:</span>_||><||_html:<span "
 "style='background-color: rgba(0.0, 165.0, 0, 0.15); border-radius: 3px;' "
 'title=\'1.0\'>_||>":<||_html:</span>_||><||_html:<span '
 "style='background-color: rgba(0.0, 165.0, 0, 0.15); border-radius: 3px;' "
 "title='1.0'>_||> [<||_html:</span>_||><||_html:<span "
 "style='background-color: rgba(0.0, 165.0, 0, 0.15); border-radius: 3px;' "
 "title='1.0'>_||>\n"
 "<||_html:</span>_||><||_html:<span style='background-color: rgba(0.0, 165.0, "
 "0, 0.15); border-radius: 3px;' title='1.0'>_||>   "
 "<||_html:</span>_||><||_html:<span style='background-color: rgba(0.0, 165.0, "
 "0, 0.15); border-radius: 3px;' title='1.0'>_||> "
 "{<||_html:</span>_||><||_html:<span style='background-color: rgba(0.0, "
 "165.0, 0, 0.15); border-radius: 3px;' title='1.0'>_||>\n"
 "<||_html:</span>_||><||_html:<span style='background-color: rgba(0.0, 165.0, "
 "0, 0.15); border-radius: 3px;' title='1.0'>_||>     "
 "<||_html:</span>_||><||_html:<span style='background-color: rgba(0.0, 165.0, "
 "0, 0.15); border-radius: 3px;' title='1.0'>_||> "
 '"<||_html:</span>_||><||_html:<span style=\'background-color: rgba(0.0, '
 "165.0, 0, 0.15); border-radius: 3px;' "
 "title='1.0'>_||>type<||_html:</span>_||><||_html:<span "
 "style='background-color: rgba(0.0, 165.0, 0, 0.15); border-radius: 3px;' "
 'title=\'1.0\'>_||>":<||_html:</span>_||><||_html:<span '
 "style='background-color: rgba(0.0, 165.0, 0, 0.15); border-radius: 3px;' "
 'title=\'1.0\'>_||> "<||_html:</span>_||><||_html:<span '
 "style='background-color: rgba(0.0, 165.0, 0, 0.15); border-radius: 3px;' "
 "title='1.0'>_||>Query<||_html:</span>_||><||_html:<span "
 "style='background-color: rgba(0.0, 165.0, 0, 0.15); border-radius: 3px;' "
 'title=\'1.0\'>_||>",<||_html:</span>_||><||_html:<span '
 "style='background-color: rgba(0.0, 165.0, 0, 0.15); border-radius: 3px;' "
 "title='1.0'>_||>\n"
 "<||_html:</span>_||><||_html:<span style='background-color: rgba(0.0, 165.0, "
 "0, 0.15); border-radius: 3px;' title='1.0'>_||>     "
 "<||_html:</span>_||><||_html:<span style='background-color: rgba(0.0, 165.0, "
 "0, 0.15); border-radius: 3px;' title='1.0'>_||> "
 '"<||_html:</span>_||><||_html:<span style=\'background-color: rgba(0.0, '
 "165.0, 0, 0.15); border-radius: 3px;' "
 "title='1.0'>_||>field<||_html:</span>_||><||_html:<span "
 "style='background-color: rgba(0.0, 165.0, 0, 0.15); border-radius: 3px;' "
 'title=\'1.0\'>_||>":<||_html:</span>_||><||_html:<span '
 "style='background-color: rgba(0.0, 165.0, 0, 0.15); border-radius: 3px;' "
 'title=\'1.0\'>_||> "<||_html:</span>_||><||_html:<span '
 "style='background-color: rgba(0.0, 165.0, 0, 0.15); border-radius: 3px;' "
 "title='1.0'>_||>get<||_html:</span>_||><||_html:<span "
 "style='background-color: rgba(0.0, 165.0, 0, 0.15); border-radius: 3px;' "
 "title='1.0'>_||>Product<||_html:</span>_||><||_html:<span "
 "style='background-color: rgba(0.0, 165.0, 0, 0.15); border-radius: 3px;' "
 'title=\'1.0\'>_||>",<||_html:</span>_||><||_html:<span '
 "style='background-color: rgba(0.0, 165.0, 0, 0.15); border-radius: 3px;' "
 "title='1.0'>_||>\n"
 "<||_html:</span>_||><||_html:<span style='background-color: rgba(0.0, 165.0, "
 "0, 0.15); border-radius: 3px;' title='1.0'>_||>     "
 "<||_html:</span>_||><||_html:<span style='background-color: rgba(0.0, 165.0, "
 "0, 0.15); border-radius: 3px;' title='1.0'>_||> "
 '"<||_html:</span>_||><||_html:<span style=\'background-color: rgba(0.0, '
 "165.0, 0, 0.15); border-radius: 3px;' "
 "title='1.0'>_||>change<||_html:</span>_||><||_html:<span "
 "style='background-color: rgba(0.0, 165.0, 0, 0.15); border-radius: 3px;' "
 'title=\'1.0\'>_||>":<||_html:</span>_||><||_html:<span '
 "style='background-color: rgba(0.0, 165.0, 0, 0.15); border-radius: 3px;' "
 'title=\'1.0\'>_||> "<||_html:</span>_||><||_html:<span '
 "style='background-color: rgba(0.0, 165.0, 0, 0.15); border-radius: 3px;' "
 "title='1.0'>_||>field<||_html:</span>_||><||_html:<span "
 "style='background-color: rgba(0.0, 165.0, 0, 0.15); border-radius: 3px;' "
 "title='1.0'>_||> details<||_html:</span>_||><||_html:<span "
 "style='background-color: rgba(0.0, 165.0, 0, 0.15); border-radius: 3px;' "
 "title='1.0'>_||> added<||_html:</span>_||><||_html:<span "
 "style='background-color: rgba(0.0, 165.0, 0, 0.15); border-radius: 3px;' "
 'title=\'1.0\'>_||>",<||_html:</span>_||><||_html:<span '
 "style='background-color: rgba(0.0, 165.0, 0, 0.15); border-radius: 3px;' "
 "title='1.0'>_||>\n"
 "<||_html:</span>_||><||_html:<span style='background-color: rgba(0.0, 165.0, "
 "0, 0.15); border-radius: 3px;' title='1.0'>_||>     "
 "<||_html:</span>_||><||_html:<span style='background-color: rgba(0.0, 165.0, "
 "0, 0.15); border-radius: 3px;' title='1.0'>_||> "
 '"<||_html:</span>_||><||_html:<span style=\'background-color: rgba(0.0, '
 "165.0, 0, 0.15); border-radius: 3px;' "
 "title='1.0'>_||>breaking<||_html:</span>_||><||_html:<span "
 "style='background-color: rgba(0.0, 165.0, 0, 0.15); border-radius: 3px;' "
 'title=\'1.0\'>_||>":<||_html:</span>_||><||_html:<span '
 "style='background-color: rgba(0.0, 165.0, 0, 0.15); border-radius: 3px;' "
 'title=\'1.0\'>_||> "<||_html:</span>_||><||_html:<span '
 "style='background-color: rgba(0.0, 165.0, 0, 0.15); border-radius: 3px;' "
 "title='1.0'>_||>false<||_html:</span>_||><||_html:<span "
 "style='background-color: rgba(0.0, 165.0, 0, 0.15); border-radius: 3px;' "
 'title=\'1.0\'>_||>",<||_html:</span>_||><||_html:<span '
 "style='background-color: rgba(0.0, 165.0, 0, 0.15); border-radius: 3px;' "
 "title='1.0'>_||>\n"
 "<||_html:</span>_||><||_html:<span style='background-color: rgba(0.0, 165.0, "
 "0, 0.15); border-radius: 3px;' title='1.0'>_||>     "
 "<||_html:</span>_||><||_html:<span style='background-color: rgba(0.0, 165.0, "
 "0, 0.15); border-radius: 3px;' title='1.0'>_||> "
 '"<||_html:</span>_||><||_html:<span style=\'background-color: rgba(0.0, '
 "165.0, 0, 0.15); border-radius: 3px;' "
 "title='1.0'>_||>release<||_html:</span>_||><||_html:<span "
 "style='background-color: rgba(0.0, 165.0, 0, 0.15); border-radius: 3px;' "
 "title='1.0'>_||>_<||_html:</span>_||><||_html:<span style='background-color: "
 "rgba(0.0, 165.0, 0, 0.15); border-radius: 3px;' "
 "title='1.0'>_||>note<||_html:</span>_||><||_html:<span "
 "style='background-color: rgba(0.0, 165.0, 0, 0.15); border-radius: 3px;' "
 'title=\'1.0\'>_||>":<||_html:</span>_||><||_html:<span '
 "style='background-color: rgba(0.0, 165.0, 0, 0.15); border-radius: 3px;' "
 'title=\'1.0\'>_||> "<||_html:</span>_||><||_html:<span '
 "style='background-color: rgba(0.0, 165.0, 0, 0.15); border-radius: 3px;' "
 "title='1.0'>_||>The<||_html:</span>_||><||_html:<span "
 "style='background-color: rgba(0.0, 165.0, 0, 0.15); border-radius: 3px;' "
 "title='1.0'>_||> '<||_html:</span>_||><||_html:<span "
 "style='background-color: rgba(0.0, 165.0, 0, 0.15); border-radius: 3px;' "
 "title='1.0'>_||>get<||_html:</span>_||><||_html:<span "
 "style='background-color: rgba(0.0, 165.0, 0, 0.15); border-radius: 3px;' "
 "title='1.0'>_||>Product<||_html:</span>_||><||_html:<span "
 "style='background-color: rgba(0.0, 165.0, 0, 0.15); border-radius: 3px;' "
 "title='1.0'>_||>'<||_html:</span>_||><||_html:<span style='background-color: "
 "rgba(0.0, 165.0, 0, 0.15); border-radius: 3px;' title='1.0'>_||> "
 "query<||_html:</span>_||><||_html:<span style='background-color: rgba(0.0, "
 "165.0, 0, 0.15); border-radius: 3px;' title='1.0'>_||> "
 "now<||_html:</span>_||><||_html:<span style='background-color: rgba(0.0, "
 "165.0, 0, 0.15); border-radius: 3px;' title='1.0'>_||> "
 "includes<||_html:</span>_||><||_html:<span style='background-color: "
 "rgba(0.0, 165.0, 0, 0.15); border-radius: 3px;' title='1.0'>_||> "
 "a<||_html:</span>_||><||_html:<span style='background-color: rgba(0.0, "
 "165.0, 0, 0.15); border-radius: 3px;' title='1.0'>_||> "
 "new<||_html:</span>_||><||_html:<span style='background-color: rgba(0.0, "
 "165.0, 0, 0.15); border-radius: 3px;' title='1.0'>_||> "
 "field<||_html:</span>_||><||_html:<span style='background-color: rgba(0.0, "
 "165.0, 0, 0.15); border-radius: 3px;' title='1.0'>_||> "
 "'<||_html:</span>_||><||_html:<span style='background-color: rgba(0.0, "
 "165.0, 0, 0.15); border-radius: 3px;' "
 "title='1.0'>_||>details<||_html:</span>_||><||_html:<span "
 "style='background-color: rgba(0.0, 165.0, 0, 0.15); border-radius: 3px;' "
 "title='1.0'>_||>'<||_html:</span>_||><||_html:<span style='background-color: "
 "rgba(0.0, 165.0, 0, 0.15); border-radius: 3px;' title='1.0'>_||> "
 "of<||_html:</span>_||><||_html:<span style='background-color: rgba(0.0, "
 "165.0, 0, 0.15); border-radius: 3px;' title='1.0'>_||> "
 "type<||_html:</span>_||><||_html:<span style='background-color: rgba(0.0, "
 "165.0, 0, 0.15); border-radius: 3px;' title='1.0'>_||> "
 "String<||_html:</span>_||><||_html:<span style='background-color: rgba(0.0, "
 "165.0, 0, 0.15); border-radius: 3px;' "
 'title=\'1.0\'>_||>."<||_html:</span>_||><||_html:<span '
 "style='background-color: rgba(0.0, 165.0, 0, 0.15); border-radius: 3px;' "
 "title='1.0'>_||>\n"
 "<||_html:</span>_||><||_html:<span style='background-color: rgba(0.0, 165.0, "
 "0, 0.15); border-radius: 3px;' title='1.0'>_||>   "
 "<||_html:</span>_||><||_html:<span style='background-color: rgba(0.0, 165.0, "
 "0, 0.15); border-radius: 3px;' title='1.0'>_||> "
 "},<||_html:</span>_||><||_html:<span style='background-color: rgba(0.0, "
 "165.0, 0, 0.15); border-radius: 3px;' title='1.0'>_||>\n"
 "<||_html:</span>_||><||_html:<span style='background-color: rgba(0.0, 165.0, "
 "0, 0.15); border-radius: 3px;' title='1.0'>_||>   "
 "<||_html:</span>_||><||_html:<span style='background-color: rgba(0.0, 165.0, "
 "0, 0.15); border-radius: 3px;' title='1.0'>_||> "
 "{<||_html:</span>_||><||_html:<span style='background-color: rgba(0.0, "
 "165.0, 0, 0.15); border-radius: 3px;' title='1.0'>_||>\n"
 "<||_html:</span>_||><||_html:<span style='background-color: rgba(0.0, 165.0, "
 "0, 0.15); border-radius: 3px;' title='1.0'>_||>     "
 "<||_html:</span>_||><||_html:<span style='background-color: rgba(0.0, 165.0, "
 "0, 0.15); border-radius: 3px;' title='1.0'>_||> "
 '"<||_html:</span>_||><||_html:<span style=\'background-color: rgba(0.0, '
 "165.0, 0, 0.15); border-radius: 3px;' "
 "title='1.0'>_||>type<||_html:</span>_||><||_html:<span "
 "style='background-color: rgba(0.0, 165.0, 0, 0.15); border-radius: 3px;' "
 'title=\'1.0\'>_||>":<||_html:</span>_||><||_html:<span '
 "style='background-color: rgba(0.0, 165.0, 0, 0.15); border-radius: 3px;' "
 'title=\'1.0\'>_||> "<||_html:</span>_||><||_html:<span '
 "style='background-color: rgba(0.0, 165.0, 0, 0.15); border-radius: 3px;' "
 "title='1.0'>_||>Product<||_html:</span>_||><||_html:<span "
 "style='background-color: rgba(0.0, 165.0, 0, 0.15); border-radius: 3px;' "
 'title=\'1.0\'>_||>",<||_html:</span>_||><||_html:<span '
 "style='background-color: rgba(0.0, 165.0, 0, 0.15); border-radius: 3px;' "
 "title='1.0'>_||>\n"
 "<||_html:</span>_||><||_html:<span style='background-color: rgba(0.0, 165.0, "
 "0, 0.15); border-radius: 3px;' title='1.0'>_||>     "
 "<||_html:</span>_||><||_html:<span style='background-color: rgba(0.0, 165.0, "
 "0, 0.15); border-radius: 3px;' title='1.0'>_||> "
 '"<||_html:</span>_||><||_html:<span style=\'background-color: rgba(0.0, '
 "165.0, 0, 0.15); border-radius: 3px;' "
 "title='1.0'>_||>field<||_html:</span>_||><||_html:<span "
 "style='background-color: rgba(0.0, 165.0, 0, 0.15); border-radius: 3px;' "
 'title=\'1.0\'>_||>":<||_html:</span>_||><||_html:<span '
 "style='background-color: rgba(0.0, 165.0, 0, 0.15); border-radius: 3px;' "
 'title=\'1.0\'>_||> "<||_html:</span>_||><||_html:<span '
 "style='background-color: rgba(0.0, 165.0, 0, 0.15); border-radius: 3px;' "
 "title='1.0'>_||>description<||_html:</span>_||><||_html:<span "
 "style='background-color: rgba(0.0, 165.0, 0, 0.15); border-radius: 3px;' "
 'title=\'1.0\'>_||>",<||_html:</span>_||><||_html:<span '
 "style='background-color: rgba(0.0, 165.0, 0, 0.15); border-radius: 3px;' "
 "title='1.0'>_||>\n"
 "<||_html:</span>_||><||_html:<span style='background-color: rgba(0.0, 165.0, "
 "0, 0.15); border-radius: 3px;' title='1.0'>_||>     "
 "<||_html:</span>_||><||_html:<span style='background-color: rgba(0.0, 165.0, "
 "0, 0.15); border-radius: 3px;' title='1.0'>_||> "
 '"<||_html:</span>_||><||_html:<span style=\'background-color: rgba(0.0, '
 "165.0, 0, 0.15); border-radius: 3px;' "
 "title='1.0'>_||>change<||_html:</span>_||><||_html:<span "
 "style='background-color: rgba(0.0, 165.0, 0, 0.15); border-radius: 3px;' "
 'title=\'1.0\'>_||>":<||_html:</span>_||><||_html:<span '
 "style='background-color: rgba(0.0, 165.0, 0, 0.15); border-radius: 3px;' "
 'title=\'1.0\'>_||> "<||_html:</span>_||><||_html:<span '
 "style='background-color: rgba(0.0, 165.0, 0, 0.15); border-radius: 3px;' "
 "title='1.0'>_||>field<||_html:</span>_||><||_html:<span "
 "style='background-color: rgba(0.0, 165.0, 0, 0.15); border-radius: 3px;' "
 "title='1.0'>_||> removed<||_html:</span>_||><||_html:<span "
 "style='background-color: rgba(0.0, 165.0, 0, 0.15); border-radius: 3px;' "
 'title=\'1.0\'>_||>",<||_html:</span>_||><||_html:<span '
 "style='background-color: rgba(0.0, 165.0, 0, 0.15); border-radius: 3px;' "
 "title='1.0'>_||>\n"
 "<||_html:</span>_||><||_html:<span style='background-color: rgba(0.0, 165.0, "
 "0, 0.15); border-radius: 3px;' title='1.0'>_||>     "
 "<||_html:</span>_||><||_html:<span style='background-color: rgba(0.0, 165.0, "
 "0, 0.15); border-radius: 3px;' title='1.0'>_||> "
 '"<||_html:</span>_||><||_html:<span style=\'background-color: rgba(0.0, '
 "165.0, 0, 0.15); border-radius: 3px;' "
 "title='1.0'>_||>breaking<||_html:</span>_||><||_html:<span "
 "style='background-color: rgba(0.0, 165.0, 0, 0.15); border-radius: 3px;' "
 'title=\'1.0\'>_||>":<||_html:</span>_||><||_html:<span '
 "style='background-color: rgba(0.0, 165.0, 0, 0.15); border-radius: 3px;' "
 'title=\'1.0\'>_||> "<||_html:</span>_||><||_html:<span '
 "style='background-color: rgba(0.0, 165.0, 0, 0.15); border-radius: 3px;' "
 "title='1.0'>_||>true<||_html:</span>_||><||_html:<span "
 "style='background-color: rgba(0.0, 165.0, 0, 0.15); border-radius: 3px;' "
 'title=\'1.0\'>_||>",<||_html:</span>_||><||_html:<span '
 "style='background-color: rgba(0.0, 165.0, 0, 0.15); border-radius: 3px;' "
 "title='1.0'>_||>\n"
 "<||_html:</span>_||><||_html:<span style='background-color: rgba(0.0, 165.0, "
 "0, 0.15); border-radius: 3px;' title='1.0'>_||>     "
 "<||_html:</span>_||><||_html:<span style='background-color: rgba(0.0, 165.0, "
 "0, 0.15); border-radius: 3px;' title='1.0'>_||> "
 '"<||_html:</span>_||><||_html:<span style=\'background-color: rgba(0.0, '
 "165.0, 0, 0.15); border-radius: 3px;' "
 "title='1.0'>_||>release<||_html:</span>_||><||_html:<span "
 "style='background-color: rgba(0.0, 165.0, 0, 0.15); border-radius: 3px;' "
 "title='1.0'>_||>_<||_html:</span>_||><||_html:<span style='background-color: "
 "rgba(0.0, 165.0, 0, 0.15); border-radius: 3px;' "
 "title='1.0'>_||>note<||_html:</span>_||><||_html:<span "
 "style='background-color: rgba(0.0, 165.0, 0, 0.15); border-radius: 3px;' "
 'title=\'1.0\'>_||>":<||_html:</span>_||><||_html:<span '
 "style='background-color: rgba(0.0, 165.0, 0, 0.15); border-radius: 3px;' "
 'title=\'1.0\'>_||> "<||_html:</span>_||><||_html:<span '
 "style='background-color: rgba(0.0, 165.0, 0, 0.15); border-radius: 3px;' "
 "title='1.0'>_||>The<||_html:</span>_||><||_html:<span "
 "style='background-color: rgba(0.0, 165.0, 0, 0.15); border-radius: 3px;' "
 "title='1.0'>_||> '<||_html:</span>_||><||_html:<span "
 "style='background-color: rgba(0.0, 165.0, 0, 0.15); border-radius: 3px;' "
 "title='1.0'>_||>Product<||_html:</span>_||><||_html:<span "
 "style='background-color: rgba(0.0, 165.0, 0, 0.15); border-radius: 3px;' "
 "title='1.0'>_||>'<||_html:</span>_||><||_html:<span style='background-color: "
 "rgba(0.0, 165.0, 0, 0.15); border-radius: 3px;' title='1.0'>_||> "
 "type<||_html:</span>_||><||_html:<span style='background-color: rgba(0.0, "
 "165.0, 0, 0.15); border-radius: 3px;' title='1.0'>_||> "
 "no<||_html:</span>_||><||_html:<span style='background-color: rgba(0.0, "
 "165.0, 0, 0.15); border-radius: 3px;' title='1.0'>_||> "
 "longer<||_html:</span>_||><||_html:<span style='background-color: rgba(0.0, "
 "165.0, 0, 0.15); border-radius: 3px;' title='1.0'>_||> "
 "includes<||_html:</span>_||><||_html:<span style='background-color: "
 "rgba(0.0, 165.0, 0, 0.15); border-radius: 3px;' title='1.0'>_||> "
 "the<||_html:</span>_||><||_html:<span style='background-color: rgba(0.0, "
 "165.0, 0, 0.15); border-radius: 3px;' title='1.0'>_||> "
 "'<||_html:</span>_||><||_html:<span style='background-color: rgba(0.0, "
 "165.0, 0, 0.15); border-radius: 3px;' "
 "title='1.0'>_||>description<||_html:</span>_||><||_html:<span "
 "style='background-color: rgba(0.0, 165.0, 0, 0.15); border-radius: 3px;' "
 "title='1.0'>_||>'<||_html:</span>_||><||_html:<span style='background-color: "
 "rgba(0.0, 165.0, 0, 0.15); border-radius: 3px;' title='1.0'>_||> "
 "field<||_html:</span>_||><||_html:<span style='background-color: rgba(0.0, "
 "165.0, 0, 0.15); border-radius: 3px;' "
 'title=\'1.0\'>_||>."<||_html:</span>_||><||_html:<span '
 "style='background-color: rgba(0.0, 165.0, 0, 0.15); border-radius: 3px;' "
 "title='1.0'>_||>\n"
 "<||_html:</span>_||><||_html:<span style='background-color: rgba(0.0, 165.0, "
 "0, 0.15); border-radius: 3px;' title='1.0'>_||>   "
 "<||_html:</span>_||><||_html:<span style='background-color: rgba(0.0, 165.0, "
 "0, 0.15); border-radius: 3px;' title='1.0'>_||> "
 "},<||_html:</span>_||><||_html:<span style='background-color: rgba(0.0, "
 "165.0, 0, 0.15); border-radius: 3px;' title='1.0'>_||>\n"
 "<||_html:</span>_||><||_html:<span style='background-color: rgba(0.0, 165.0, "
 "0, 0.15); border-radius: 3px;' title='1.0'>_||>   "
 "<||_html:</span>_||><||_html:<span style='background-color: rgba(0.0, 165.0, "
 "0, 0.15); border-radius: 3px;' title='1.0'>_||> "
 "{<||_html:</span>_||><||_html:<span style='background-color: rgba(0.0, "
 "165.0, 0, 0.15); border-radius: 3px;' title='1.0'>_||>\n"
 "<||_html:</span>_||><||_html:<span style='background-color: rgba(0.0, 165.0, "
 "0, 0.15); border-radius: 3px;' title='1.0'>_||>     "
 "<||_html:</span>_||><||_html:<span style='background-color: rgba(0.0, 165.0, "
 "0, 0.15); border-radius: 3px;' title='1.0'>_||> "
 '"<||_html:</span>_||><||_html:<span style=\'background-color: rgba(0.0, '
 "165.0, 0, 0.15); border-radius: 3px;' "
 "title='1.0'>_||>type<||_html:</span>_||><||_html:<span "
 "style='background-color: rgba(0.0, 165.0, 0, 0.15); border-radius: 3px;' "
 'title=\'1.0\'>_||>":<||_html:</span>_||><||_html:<span '
 "style='background-color: rgba(0.0, 165.0, 0, 0.15); border-radius: 3px;' "
 'title=\'1.0\'>_||> "<||_html:</span>_||><||_html:<span '
 "style='background-color: rgba(0.0, 165.0, 0, 0.15); border-radius: 3px;' "
 "title='1.0'>_||>Product<||_html:</span>_||><||_html:<span "
 "style='background-color: rgba(0.0, 165.0, 0, 0.15); border-radius: 3px;' "
 'title=\'1.0\'>_||>",<||_html:</span>_||><||_html:<span '
 "style='background-color: rgba(0.0, 165.0, 0, 0.15); border-radius: 3px;' "
 "title='1.0'>_||>\n"
 "<||_html:</span>_||><||_html:<span style='background-color: rgba(0.0, 165.0, "
 "0, 0.15); border-radius: 3px;' title='1.0'>_||>     "
 "<||_html:</span>_||><||_html:<span style='background-color: rgba(0.0, 165.0, "
 "0, 0.15); border-radius: 3px;' title='1.0'>_||> "
 '"<||_html:</span>_||><||_html:<span style=\'background-color: rgba(0.0, '
 "165.0, 0, 0.15); border-radius: 3px;' "
 "title='1.0'>_||>field<||_html:</span>_||><||_html:<span "
 "style='background-color: rgba(0.0, 165.0, 0, 0.15); border-radius: 3px;' "
 'title=\'1.0\'>_||>":<||_html:</span>_||><||_html:<span '
 "style='background-color: rgba(0.0, 165.0, 0, 0.15); border-radius: 3px;' "
 'title=\'1.0\'>_||> "<||_html:</span>_||><||_html:<span '
 "style='background-color: rgba(0.0, 165.0, 0, 0.15); border-radius: 3px;' "
 "title='1.0'>_||>stock<||_html:</span>_||><||_html:<span "
 "style='background-color: rgba(0.0, 165.0, 0, 0.15); border-radius: 3px;' "
 'title=\'1.0\'>_||>",<||_html:</span>_||><||_html:<span '
 "style='background-color: rgba(0.0, 165.0, 0, 0.15); border-radius: 3px;' "
 "title='1.0'>_||>\n"
 "<||_html:</span>_||><||_html:<span style='background-color: rgba(0.0, 165.0, "
 "0, 0.15); border-radius: 3px;' title='1.0'>_||>     "
 "<||_html:</span>_||><||_html:<span style='background-color: rgba(0.0, 165.0, "
 "0, 0.15); border-radius: 3px;' title='1.0'>_||> "
 '"<||_html:</span>_||><||_html:<span style=\'background-color: rgba(0.0, '
 "165.0, 0, 0.15); border-radius: 3px;' "
 "title='1.0'>_||>change<||_html:</span>_||><||_html:<span "
 "style='background-color: rgba(0.0, 165.0, 0, 0.15); border-radius: 3px;' "
 'title=\'1.0\'>_||>":<||_html:</span>_||><||_html:<span '
 "style='background-color: rgba(0.0, 165.0, 0, 0.15); border-radius: 3px;' "
 'title=\'1.0\'>_||> "<||_html:</span>_||><||_html:<span '
 "style='background-color: rgba(0.0, 165.0, 0, 0.15); border-radius: 3px;' "
 "title='1.0'>_||>field<||_html:</span>_||><||_html:<span "
 "style='background-color: rgba(0.0, 165.0, 0, 0.15); border-radius: 3px;' "
 "title='1.0'>_||> removed<||_html:</span>_||><||_html:<span "
 "style='background-color: rgba(0.0, 165.0, 0, 0.15); border-radius: 3px;' "
 'title=\'1.0\'>_||>",<||_html:</span>_||><||_html:<span '
 "style='background-color: rgba(0.0, 165.0, 0, 0.15); border-radius: 3px;' "
 "title='1.0'>_||>\n"
 "<||_html:</span>_||><||_html:<span style='background-color: rgba(0.0, 165.0, "
 "0, 0.15); border-radius: 3px;' title='1.0'>_||>     "
 "<||_html:</span>_||><||_html:<span style='background-color: rgba(0.0, 165.0, "
 "0, 0.15); border-radius: 3px;' title='1.0'>_||> "
 '"<||_html:</span>_||><||_html:<span style=\'background-color: rgba(0.0, '
 "165.0, 0, 0.15); border-radius: 3px;' "
 "title='1.0'>_||>breaking<||_html:</span>_||><||_html:<span "
 "style='background-color: rgba(0.0, 165.0, 0, 0.15); border-radius: 3px;' "
 'title=\'1.0\'>_||>":<||_html:</span>_||><||_html:<span '
 "style='background-color: rgba(0.0, 165.0, 0, 0.15); border-radius: 3px;' "
 'title=\'1.0\'>_||> "<||_html:</span>_||><||_html:<span '
 "style='background-color: rgba(0.0, 165.0, 0, 0.15); border-radius: 3px;' "
 "title='1.0'>_||>true<||_html:</span>_||><||_html:<span "
 "style='background-color: rgba(0.0, 165.0, 0, 0.15); border-radius: 3px;' "
 'title=\'1.0\'>_||>",<||_html:</span>_||><||_html:<span '
 "style='background-color: rgba(0.0, 165.0, 0, 0.15); border-radius: 3px;' "
 "title='1.0'>_||>\n"
 "<||_html:</span>_||><||_html:<span style='background-color: rgba(0.0, 165.0, "
 "0, 0.15); border-radius: 3px;' title='1.0'>_||>     "
 "<||_html:</span>_||><||_html:<span style='background-color: rgba(0.0, 165.0, "
 "0, 0.15); border-radius: 3px;' title='1.0'>_||> "
 '"<||_html:</span>_||><||_html:<span style=\'background-color: rgba(0.0, '
 "165.0, 0, 0.15); border-radius: 3px;' "
 "title='1.0'>_||>release<||_html:</span>_||><||_html:<span "
 "style='background-color: rgba(0.0, 165.0, 0, 0.15); border-radius: 3px;' "
 "title='1.0'>_||>_<||_html:</span>_||><||_html:<span style='background-color: "
 "rgba(0.0, 165.0, 0, 0.15); border-radius: 3px;' "
 "title='1.0'>_||>note<||_html:</span>_||><||_html:<span "
 "style='background-color: rgba(0.0, 165.0, 0, 0.15); border-radius: 3px;' "
 'title=\'1.0\'>_||>":<||_html:</span>_||><||_html:<span '
 "style='background-color: rgba(0.0, 165.0, 0, 0.15); border-radius: 3px;' "
 'title=\'1.0\'>_||> "<||_html:</span>_||><||_html:<span '
 "style='background-color: rgba(0.0, 165.0, 0, 0.15); border-radius: 3px;' "
 "title='1.0'>_||>The<||_html:</span>_||><||_html:<span "
 "style='background-color: rgba(0.0, 165.0, 0, 0.15); border-radius: 3px;' "
 "title='1.0'>_||> '<||_html:</span>_||><||_html:<span "
 "style='background-color: rgba(0.0, 165.0, 0, 0.15); border-radius: 3px;' "
 "title='1.0'>_||>Product<||_html:</span>_||><||_html:<span "
 "style='background-color: rgba(0.0, 165.0, 0, 0.15); border-radius: 3px;' "
 "title='1.0'>_||>'<||_html:</span>_||><||_html:<span style='background-color: "
 "rgba(0.0, 165.0, 0, 0.15); border-radius: 3px;' title='1.0'>_||> "
 "type<||_html:</span>_||><||_html:<span style='background-color: rgba(0.0, "
 "165.0, 0, 0.15); border-radius: 3px;' title='1.0'>_||> "
 "no<||_html:</span>_||><||_html:<span style='background-color: rgba(0.0, "
 "165.0, 0, 0.15); border-radius: 3px;' title='1.0'>_||> "
 "longer<||_html:</span>_||><||_html:<span style='background-color: rgba(0.0, "
 "165.0, 0, 0.15); border-radius: 3px;' title='1.0'>_||> "
 "includes<||_html:</span>_||><||_html:<span style='background-color: "
 "rgba(0.0, 165.0, 0, 0.15); border-radius: 3px;' title='1.0'>_||> "
 "the<||_html:</span>_||><||_html:<span style='background-color: rgba(0.0, "
 "165.0, 0, 0.15); border-radius: 3px;' title='1.0'>_||> "
 "'<||_html:</span>_||><||_html:<span style='background-color: rgba(0.0, "
 "165.0, 0, 0.15); border-radius: 3px;' "
 "title='1.0'>_||>stock<||_html:</span>_||><||_html:<span "
 "style='background-color: rgba(0.0, 165.0, 0, 0.15); border-radius: 3px;' "
 "title='1.0'>_||>'<||_html:</span>_||><||_html:<span style='background-color: "
 "rgba(0.0, 165.0, 0, 0.15); border-radius: 3px;' title='1.0'>_||> "
 "field<||_html:</span>_||><||_html:<span style='background-color: rgba(0.0, "
 "165.0, 0, 0.15); border-radius: 3px;' "
 'title=\'1.0\'>_||>."<||_html:</span>_||><||_html:<span '
 "style='background-color: rgba(0.0, 165.0, 0, 0.15); border-radius: 3px;' "
 "title='1.0'>_||>\n"
 "<||_html:</span>_||><||_html:<span style='background-color: rgba(0.0, 165.0, "
 "0, 0.15); border-radius: 3px;' title='1.0'>_||>   "
 "<||_html:</span>_||><||_html:<span style='background-color: rgba(0.0, 165.0, "
 "0, 0.15); border-radius: 3px;' title='1.0'>_||> "
 "}<||_html:</span>_||><||_html:<span style='background-color: rgba(0.0, "
 "165.0, 0, 0.15); border-radius: 3px;' title='1.0'>_||>\n"
 "<||_html:</span>_||><||_html:<span style='background-color: rgba(0.0, 165.0, "
 "0, 0.15); border-radius: 3px;' title='1.0'>_||> "
 "<||_html:</span>_||><||_html:<span style='background-color: rgba(0.0, 165.0, "
 "0, 0.15); border-radius: 3px;' title='1.0'>_||> "
 "],<||_html:</span>_||><||_html:<span style='background-color: rgba(0.0, "
 "165.0, 0, 0.15); border-radius: 3px;' title='1.0'>_||>\n"
 "<||_html:</span>_||><||_html:<span style='background-color: rgba(0.0, 165.0, "
 "0, 0.15); border-radius: 3px;' title='1.0'>_||> "
 "<||_html:</span>_||><||_html:<span style='background-color: rgba(0.0, 165.0, "
 "0, 0.15); border-radius: 3px;' title='1.0'>_||> "
 '"<||_html:</span>_||><||_html:<span style=\'background-color: rgba(0.0, '
 "165.0, 0, 0.15); border-radius: 3px;' "
 "title='1.0'>_||>release<||_html:</span>_||><||_html:<span "
 "style='background-color: rgba(0.0, 165.0, 0, 0.15); border-radius: 3px;' "
 "title='1.0'>_||>_<||_html:</span>_||><||_html:<span style='background-color: "
 "rgba(0.0, 165.0, 0, 0.15); border-radius: 3px;' "
 "title='1.0'>_||>notes<||_html:</span>_||><||_html:<span "
 "style='background-color: rgba(0.0, 165.0, 0, 0.15); border-radius: 3px;' "
 'title=\'1.0\'>_||>":<||_html:</span>_||><||_html:<span '
 "style='background-color: rgba(0.0, 165.0, 0, 0.15); border-radius: 3px;' "
 "title='1.0'>_||> {<||_html:</span>_||><||_html:<span "
 "style='background-color: rgba(0.0, 165.0, 0, 0.15); border-radius: 3px;' "
 "title='1.0'>_||>\n"
 "<||_html:</span>_||><||_html:<span style='background-color: rgba(0.0, 165.0, "
 "0, 0.15); border-radius: 3px;' title='1.0'>_||>   "
 "<||_html:</span>_||><||_html:<span style='background-color: rgba(0.0, 165.0, "
 "0, 0.15); border-radius: 3px;' title='1.0'>_||> "
 '"<||_html:</span>_||><||_html:<span style=\'background-color: rgba(0.0, '
 "165.0, 0, 0.15); border-radius: 3px;' "
 "title='1.0'>_||>summary<||_html:</span>_||><||_html:<span "
 "style='background-color: rgba(0.0, 165.0, 0, 0.15); border-radius: 3px;' "
 'title=\'1.0\'>_||>":<||_html:</span>_||><||_html:<span '
 "style='background-color: rgba(0.0, 165.0, 0, 0.15); border-radius: 3px;' "
 'title=\'1.0\'>_||> "<||_html:</span>_||><||_html:<span '
 "style='background-color: rgba(0.0, 165.0, 0, 0.15); border-radius: 3px;' "
 "title='1.0'>_||>The<||_html:</span>_||><||_html:<span "
 "style='background-color: rgba(0.0, 165.0, 0, 0.15); border-radius: 3px;' "
 "title='1.0'>_||> '<||_html:</span>_||><||_html:<span "
 "style='background-color: rgba(0.0, 165.0, 0, 0.15); border-radius: 3px;' "
 "title='1.0'>_||>get<||_html:</span>_||><||_html:<span "
 "style='background-color: rgba(0.0, 165.0, 0, 0.15); border-radius: 3px;' "
 "title='1.0'>_||>Product<||_html:</span>_||><||_html:<span "
 "style='background-color: rgba(0.0, 165.0, 0, 0.15); border-radius: 3px;' "
 "title='1.0'>_||>'<||_html:</span>_||><||_html:<span style='background-color: "
 "rgba(0.0, 165.0, 0, 0.15); border-radius: 3px;' title='1.0'>_||> "
 "query<||_html:</span>_||><||_html:<span style='background-color: rgba(0.0, "
 "165.0, 0, 0.15); border-radius: 3px;' title='1.0'>_||> "
 "now<||_html:</span>_||><||_html:<span style='background-color: rgba(0.0, "
 "165.0, 0, 0.15); border-radius: 3px;' title='1.0'>_||> "
 "includes<||_html:</span>_||><||_html:<span style='background-color: "
 "rgba(0.0, 165.0, 0, 0.15); border-radius: 3px;' title='1.0'>_||> "
 "a<||_html:</span>_||><||_html:<span style='background-color: rgba(0.0, "
 "165.0, 0, 0.15); border-radius: 3px;' title='1.0'>_||> "
 "new<||_html:</span>_||><||_html:<span style='background-color: rgba(0.0, "
 "165.0, 0, 0.15); border-radius: 3px;' title='1.0'>_||> "
 "field<||_html:</span>_||><||_html:<span style='background-color: rgba(0.0, "
 "165.0, 0, 0.15); border-radius: 3px;' title='1.0'>_||> "
 "'<||_html:</span>_||><||_html:<span style='background-color: rgba(0.0, "
 "165.0, 0, 0.15); border-radius: 3px;' "
 "title='1.0'>_||>details<||_html:</span>_||><||_html:<span "
 "style='background-color: rgba(0.0, 165.0, 0, 0.15); border-radius: 3px;' "
 "title='1.0'>_||>'<||_html:</span>_||><||_html:<span style='background-color: "
 "rgba(0.0, 165.0, 0, 0.15); border-radius: 3px;' title='1.0'>_||> "
 "of<||_html:</span>_||><||_html:<span style='background-color: rgba(0.0, "
 "165.0, 0, 0.15); border-radius: 3px;' title='1.0'>_||> "
 "type<||_html:</span>_||><||_html:<span style='background-color: rgba(0.0, "
 "165.0, 0, 0.15); border-radius: 3px;' title='1.0'>_||> "
 "String<||_html:</span>_||><||_html:<span style='background-color: rgba(0.0, "
 "165.0, 0, 0.15); border-radius: 3px;' "
 "title='1.0'>_||>.<||_html:</span>_||><||_html:<span style='background-color: "
 "rgba(0.0, 165.0, 0, 0.15); border-radius: 3px;' title='1.0'>_||> "
 "The<||_html:</span>_||><||_html:<span style='background-color: rgba(0.0, "
 "165.0, 0, 0.15); border-radius: 3px;' title='1.0'>_||> "
 "'<||_html:</span>_||><||_html:<span style='background-color: rgba(0.0, "
 "165.0, 0, 0.15); border-radius: 3px;' "
 "title='1.0'>_||>Product<||_html:</span>_||><||_html:<span "
 "style='background-color: rgba(0.0, 165.0, 0, 0.15); border-radius: 3px;' "
 "title='1.0'>_||>'<||_html:</span>_||><||_html:<span style='background-color: "
 "rgba(0.0, 165.0, 0, 0.15); border-radius: 3px;' title='1.0'>_||> "
 "type<||_html:</span>_||><||_html:<span style='background-color: rgba(0.0, "
 "165.0, 0, 0.15); border-radius: 3px;' title='1.0'>_||> "
 "no<||_html:</span>_||><||_html:<span style='background-color: rgba(0.0, "
 "165.0, 0, 0.15); border-radius: 3px;' title='1.0'>_||> "
 "longer<||_html:</span>_||><||_html:<span style='background-color: rgba(0.0, "
 "165.0, 0, 0.15); border-radius: 3px;' title='1.0'>_||> "
 "includes<||_html:</span>_||><||_html:<span style='background-color: "
 "rgba(0.0, 165.0, 0, 0.15); border-radius: 3px;' title='1.0'>_||> "
 "the<||_html:</span>_||><||_html:<span style='background-color: rgba(0.0, "
 "165.0, 0, 0.15); border-radius: 3px;' title='1.0'>_||> "
 "'<||_html:</span>_||><||_html:<span style='background-color: rgba(0.0, "
 "165.0, 0, 0.15); border-radius: 3px;' "
 "title='1.0'>_||>description<||_html:</span>_||><||_html:<span "
 "style='background-color: rgba(0.0, 165.0, 0, 0.15); border-radius: 3px;' "
 "title='1.0'>_||>'<||_html:</span>_||><||_html:<span style='background-color: "
 "rgba(0.0, 165.0, 0, 0.15); border-radius: 3px;' title='1.0'>_||> "
 "and<||_html:</span>_||><||_html:<span style='background-color: rgba(0.0, "
 "165.0, 0, 0.15); border-radius: 3px;' title='1.0'>_||> "
 "'<||_html:</span>_||><||_html:<span style='background-color: rgba(0.0, "
 "165.0, 0, 0.15); border-radius: 3px;' "
 "title='1.0'>_||>stock<||_html:</span>_||><||_html:<span "
 "style='background-color: rgba(0.0, 165.0, 0, 0.15); border-radius: 3px;' "
 "title='1.0'>_||>'<||_html:</span>_||><||_html:<span style='background-color: "
 "rgba(0.0, 165.0, 0, 0.15); border-radius: 3px;' title='1.0'>_||> "
 "fields<||_html:</span>_||><||_html:<span style='background-color: rgba(0.0, "
 "165.0, 0, 0.15); border-radius: 3px;' "
 'title=\'1.0\'>_||>."<||_html:</span>_||><||_html:<span '
 "style='background-color: rgba(0.0, 165.0, 0, 0.15); border-radius: 3px;' "
 "title='1.0'>_||>\n"
 "<||_html:</span>_||><||_html:<span style='background-color: rgba(0.0, 165.0, "
 "0, 0.15); border-radius: 3px;' title='1.0'>_||> "
 "<||_html:</span>_||><||_html:<span style='background-color: rgba(0.0, 165.0, "
 "0, 0.15); border-radius: 3px;' title='1.0'>_||> "
 "}<||_html:</span>_||><||_html:<span style='background-color: rgba(0.0, "
 "165.0, 0, 0.15); border-radius: 3px;' title='1.0'>_||>\n"
 "<||_html:</span>_||><||_html:<span style='background-color: rgba(0.0, 165.0, "
 "0, 0.15); border-radius: 3px;' "
 'title=\'1.0\'>_||>}<||_html:</span>_||>{"changes":<||_html:<span '
 "style='background-color: rgba(0.0, 165.0, 0, 0.15); border-radius: 3px;' "
 "title='1.0'>_||>[<||_html:</span>_||><||_html:<span style='background-color: "
 "rgba(0.0, 165.0, 0, 0.15); border-radius: 3px;' "
 'title=\'1.0\'>_||>{"<||_html:</span>_||>type<||_html:<span '
 "style='background-color: rgba(0.0, 165.0, 0, 0.15); border-radius: 3px;' "
 'title=\'1.0\'>_||>":"<||_html:</span>_||><||_html:<span '
 "style='background-color: rgba(0.0, 165.0, 0, 0.15); border-radius: 3px;' "
 "title='1.0'>_||>Query<||_html:</span>_||><||_html:<span "
 "style='background-color: rgba(0.0, 165.0, 0, 0.15); border-radius: 3px;' "
 'title=\'1.0\'>_||>","<||_html:</span>_||>field<||_html:<span '
 "style='background-color: rgba(0.0, 165.0, 0, 0.15); border-radius: 3px;' "
 'title=\'1.0\'>_||>":"<||_html:</span>_||><||_html:<span '
 "style='background-color: rgba(0.0, 165.0, 0, 0.15); border-radius: 3px;' "
 "title='1.0'>_||>get<||_html:</span>_||><||_html:<span "
 "style='background-color: rgba(0.0, 165.0, 0, 0.15); border-radius: 3px;' "
 "title='1.0'>_||>Product<||_html:</span>_||><||_html:<span "
 "style='background-color: rgba(0.0, 165.0, 0, 0.15); border-radius: 3px;' "
 'title=\'1.0\'>_||>","<||_html:</span>_||>change<||_html:<span '
 "style='background-color: rgba(0.0, 165.0, 0, 0.15); border-radius: 3px;' "
 'title=\'1.0\'>_||>":"<||_html:</span>_||><||_html:<span '
 "style='background-color: rgba(0.0, 165.0, 0, 0.15); border-radius: 3px;' "
 "title='1.0'>_||>field<||_html:</span>_||><||_html:<span "
 "style='background-color: rgba(0.0, 165.0, 0, 0.15); border-radius: 3px;' "
 "title='1.0'>_||> details<||_html:</span>_||><||_html:<span "
 "style='background-color: rgba(0.0, 165.0, 0, 0.15); border-radius: 3px;' "
 "title='1.0'>_||> added<||_html:</span>_||><||_html:<span "
 "style='background-color: rgba(0.0, 165.0, 0, 0.15); border-radius: 3px;' "
 'title=\'1.0\'>_||>","<||_html:</span>_||>breaking<||_html:<span '
 "style='background-color: rgba(0.0, 165.0, 0, 0.15); border-radius: 3px;' "
 'title=\'1.0\'>_||>":<||_html:</span>_||><||_html:<span '
 "style='background-color: rgba(0.0, 165.0, 0, 0.15); border-radius: 3px;' "
 'title=\'1.0\'>_||>false<||_html:</span>_||>,"release_note<||_html:<span '
 "style='background-color: rgba(0.0, 165.0, 0, 0.15); border-radius: 3px;' "
 'title=\'1.0\'>_||>":"<||_html:</span>_||><||_html:<span '
 "style='background-color: rgba(0.0, 165.0, 0, 0.15); border-radius: 3px;' "
 "title='1.0'>_||>The<||_html:</span>_||><||_html:<span "
 "style='background-color: rgba(0.0, 165.0, 0, 0.15); border-radius: 3px;' "
 "title='1.0'>_||> '<||_html:</span>_||><||_html:<span "
 "style='background-color: rgba(0.0, 165.0, 0, 0.15); border-radius: 3px;' "
 "title='1.0'>_||>get<||_html:</span>_||><||_html:<span "
 "style='background-color: rgba(0.0, 165.0, 0, 0.15); border-radius: 3px;' "
 "title='1.0'>_||>Product<||_html:</span>_||><||_html:<span "
 "style='background-color: rgba(0.0, 165.0, 0, 0.15); border-radius: 3px;' "
 "title='1.0'>_||>'<||_html:</span>_||><||_html:<span style='background-color: "
 "rgba(0.0, 165.0, 0, 0.15); border-radius: 3px;' title='1.0'>_||> "
 "query<||_html:</span>_||><||_html:<span style='background-color: rgba(0.0, "
 "165.0, 0, 0.15); border-radius: 3px;' title='1.0'>_||> "
 "now<||_html:</span>_||><||_html:<span style='background-color: rgba(0.0, "
 "165.0, 0, 0.15); border-radius: 3px;' title='1.0'>_||> "
 "includes<||_html:</span>_||><||_html:<span style='background-color: "
 "rgba(0.0, 165.0, 0, 0.15); border-radius: 3px;' title='1.0'>_||> "
 "a<||_html:</span>_||><||_html:<span style='background-color: rgba(0.0, "
 "165.0, 0, 0.15); border-radius: 3px;' title='1.0'>_||> "
 "new<||_html:</span>_||><||_html:<span style='background-color: rgba(0.0, "
 "165.0, 0, 0.15); border-radius: 3px;' title='1.0'>_||> "
 "field<||_html:</span>_||><||_html:<span style='background-color: rgba(0.0, "
 "165.0, 0, 0.15); border-radius: 3px;' title='1.0'>_||> "
 "'<||_html:</span>_||><||_html:<span style='background-color: rgba(0.0, "
 "165.0, 0, 0.15); border-radius: 3px;' "
 "title='1.0'>_||>details<||_html:</span>_||><||_html:<span "
 "style='background-color: rgba(0.0, 165.0, 0, 0.15); border-radius: 3px;' "
 "title='1.0'>_||>'<||_html:</span>_||><||_html:<span style='background-color: "
 "rgba(0.0, 165.0, 0, 0.15); border-radius: 3px;' title='1.0'>_||> "
 "of<||_html:</span>_||><||_html:<span style='background-color: rgba(0.0, "
 "165.0, 0, 0.15); border-radius: 3px;' title='1.0'>_||> "
 "type<||_html:</span>_||><||_html:<span style='background-color: rgba(0.0, "
 "165.0, 0, 0.15); border-radius: 3px;' title='1.0'>_||> "
 "String<||_html:</span>_||><||_html:<span style='background-color: rgba(0.0, "
 "165.0, 0, 0.15); border-radius: 3px;' "
 'title=\'1.0\'>_||>."<||_html:</span>_||><||_html:<span '
 "style='background-color: rgba(0.0, 165.0, 0, 0.15); border-radius: 3px;' "
 'title=\'1.0\'>_||>},<||_html:</span>_||>{"type<||_html:<span '
 "style='background-color: rgba(0.0, 165.0, 0, 0.15); border-radius: 3px;' "
 'title=\'1.0\'>_||>":"<||_html:</span>_||><||_html:<span '
 "style='background-color: rgba(0.0, 165.0, 0, 0.15); border-radius: 3px;' "
 "title='1.0'>_||>Product<||_html:</span>_||><||_html:<span "
 "style='background-color: rgba(0.0, 165.0, 0, 0.15); border-radius: 3px;' "
 'title=\'1.0\'>_||>","<||_html:</span>_||>field<||_html:<span '
 "style='background-color: rgba(0.0, 165.0, 0, 0.15); border-radius: 3px;' "
 "title='1.0'>_||>")
('Analyze the following two GraphQL schemas for changes, including both '
 'breaking and non-breaking changes.\n'
 '\n'
 '                        Provide your analysis in the following JSON format:\n'
 '                        {\n'
 '                          "changes": [\n'
 '                            {\n'
 '                              "type": "String representing the GraphQL type '
 '(e.g., Query, Mutation, Subscription)",\n'
 '                              "field": "String representing the specific '
 'field that changed",\n'
 '                              "change": "String describing the change (e.g., '
 'field renamed, new field added, field removed)",\n'
 '                              "breaking": "Boolean indicating if the change '
 'is breaking (true) or non-breaking (false)",\n'
 '                              "release_note": "String with a natural '
 'language description of the change for release notes"\n'
 '                            }\n'
 '                          ],\n'
 '                          "release_notes": {\n'
 '                              "summary": "String summarizing all changes, '
 'suitable for a mailing list or public announcement"\n'
 '                          }\n'
 '                        }\n'
 '\n'
 '                        When analyzing, consider the following types of '
 'changes:\n'
 '                        1. Removing fields or types (breaking)\n'
 '                        2. Changing field types (potentially breaking)\n'
 '                        3. Adding required fields (breaking)\n'
 '                        4. Changing the type of existing arguments '
 '(breaking)\n'
 '                        5. Adding optional fields (non-breaking)\n'
 '                        6. Adding new types (non-breaking)\n'
 '                        7. Deprecating fields (non-breaking)\n'
 '\n'
 '                        Ensure that each change is categorized correctly as '
 'breaking or non-breaking.: type Query {\n'
 '  getProduct(id: ID!): Product\n'
 '}\n'
 '\n'
 'type Product {\n'
 '  id: ID\n'
 '  name: String\n'
 '  description: String\n'
 '  price: Float\n'
 '  stock: Int\n'
 '}\n'
 ', type Query {\n'
 '  getProduct(id: ID!): Product\n'
 '}\n'
 '\n'
 'type Product {\n'
 '  id: ID\n'
 '  name: String\n'
 '  details: String\n'
 '  price: Float\n'
 '}\n'
 '\n'
 "Answer:<||_html:<span style='background-color: rgba(0.0, 165.0, 0, 0.15); "
 "border-radius: 3px;' title='1.0'>_||> {<||_html:</span>_||><||_html:<span "
 "style='background-color: rgba(0.0, 165.0, 0, 0.15); border-radius: 3px;' "
 "title='1.0'>_||>\n"
 "<||_html:</span>_||><||_html:<span style='background-color: rgba(0.0, 165.0, "
 "0, 0.15); border-radius: 3px;' title='1.0'>_||> "
 "<||_html:</span>_||><||_html:<span style='background-color: rgba(0.0, 165.0, "
 "0, 0.15); border-radius: 3px;' title='1.0'>_||> "
 '"<||_html:</span>_||><||_html:<span style=\'background-color: rgba(0.0, '
 "165.0, 0, 0.15); border-radius: 3px;' "
 "title='1.0'>_||>changes<||_html:</span>_||><||_html:<span "
 "style='background-color: rgba(0.0, 165.0, 0, 0.15); border-radius: 3px;' "
 'title=\'1.0\'>_||>":<||_html:</span>_||><||_html:<span '
 "style='background-color: rgba(0.0, 165.0, 0, 0.15); border-radius: 3px;' "
 "title='1.0'>_||> [<||_html:</span>_||><||_html:<span "
 "style='background-color: rgba(0.0, 165.0, 0, 0.15); border-radius: 3px;' "
 "title='1.0'>_||>\n"
 "<||_html:</span>_||><||_html:<span style='background-color: rgba(0.0, 165.0, "
 "0, 0.15); border-radius: 3px;' title='1.0'>_||>   "
 "<||_html:</span>_||><||_html:<span style='background-color: rgba(0.0, 165.0, "
 "0, 0.15); border-radius: 3px;' title='1.0'>_||> "
 "{<||_html:</span>_||><||_html:<span style='background-color: rgba(0.0, "
 "165.0, 0, 0.15); border-radius: 3px;' title='1.0'>_||>\n"
 "<||_html:</span>_||><||_html:<span style='background-color: rgba(0.0, 165.0, "
 "0, 0.15); border-radius: 3px;' title='1.0'>_||>     "
 "<||_html:</span>_||><||_html:<span style='background-color: rgba(0.0, 165.0, "
 "0, 0.15); border-radius: 3px;' title='1.0'>_||> "
 '"<||_html:</span>_||><||_html:<span style=\'background-color: rgba(0.0, '
 "165.0, 0, 0.15); border-radius: 3px;' "
 "title='1.0'>_||>type<||_html:</span>_||><||_html:<span "
 "style='background-color: rgba(0.0, 165.0, 0, 0.15); border-radius: 3px;' "
 'title=\'1.0\'>_||>":<||_html:</span>_||><||_html:<span '
 "style='background-color: rgba(0.0, 165.0, 0, 0.15); border-radius: 3px;' "
 'title=\'1.0\'>_||> "<||_html:</span>_||><||_html:<span '
 "style='background-color: rgba(0.0, 165.0, 0, 0.15); border-radius: 3px;' "
 "title='1.0'>_||>Query<||_html:</span>_||><||_html:<span "
 "style='background-color: rgba(0.0, 165.0, 0, 0.15); border-radius: 3px;' "
 'title=\'1.0\'>_||>",<||_html:</span>_||><||_html:<span '
 "style='background-color: rgba(0.0, 165.0, 0, 0.15); border-radius: 3px;' "
 "title='1.0'>_||>\n"
 "<||_html:</span>_||><||_html:<span style='background-color: rgba(0.0, 165.0, "
 "0, 0.15); border-radius: 3px;' title='1.0'>_||>     "
 "<||_html:</span>_||><||_html:<span style='background-color: rgba(0.0, 165.0, "
 "0, 0.15); border-radius: 3px;' title='1.0'>_||> "
 '"<||_html:</span>_||><||_html:<span style=\'background-color: rgba(0.0, '
 "165.0, 0, 0.15); border-radius: 3px;' "
 "title='1.0'>_||>field<||_html:</span>_||><||_html:<span "
 "style='background-color: rgba(0.0, 165.0, 0, 0.15); border-radius: 3px;' "
 'title=\'1.0\'>_||>":<||_html:</span>_||><||_html:<span '
 "style='background-color: rgba(0.0, 165.0, 0, 0.15); border-radius: 3px;' "
 'title=\'1.0\'>_||> "<||_html:</span>_||><||_html:<span '
 "style='background-color: rgba(0.0, 165.0, 0, 0.15); border-radius: 3px;' "
 "title='1.0'>_||>get<||_html:</span>_||><||_html:<span "
 "style='background-color: rgba(0.0, 165.0, 0, 0.15); border-radius: 3px;' "
 "title='1.0'>_||>Product<||_html:</span>_||><||_html:<span "
 "style='background-color: rgba(0.0, 165.0, 0, 0.15); border-radius: 3px;' "
 'title=\'1.0\'>_||>",<||_html:</span>_||><||_html:<span '
 "style='background-color: rgba(0.0, 165.0, 0, 0.15); border-radius: 3px;' "
 "title='1.0'>_||>\n"
 "<||_html:</span>_||><||_html:<span style='background-color: rgba(0.0, 165.0, "
 "0, 0.15); border-radius: 3px;' title='1.0'>_||>     "
 "<||_html:</span>_||><||_html:<span style='background-color: rgba(0.0, 165.0, "
 "0, 0.15); border-radius: 3px;' title='1.0'>_||> "
 '"<||_html:</span>_||><||_html:<span style=\'background-color: rgba(0.0, '
 "165.0, 0, 0.15); border-radius: 3px;' "
 "title='1.0'>_||>change<||_html:</span>_||><||_html:<span "
 "style='background-color: rgba(0.0, 165.0, 0, 0.15); border-radius: 3px;' "
 'title=\'1.0\'>_||>":<||_html:</span>_||><||_html:<span '
 "style='background-color: rgba(0.0, 165.0, 0, 0.15); border-radius: 3px;' "
 'title=\'1.0\'>_||> "<||_html:</span>_||><||_html:<span '
 "style='background-color: rgba(0.0, 165.0, 0, 0.15); border-radius: 3px;' "
 "title='1.0'>_||>field<||_html:</span>_||><||_html:<span "
 "style='background-color: rgba(0.0, 165.0, 0, 0.15); border-radius: 3px;' "
 "title='1.0'>_||> details<||_html:</span>_||><||_html:<span "
 "style='background-color: rgba(0.0, 165.0, 0, 0.15); border-radius: 3px;' "
 "title='1.0'>_||> added<||_html:</span>_||><||_html:<span "
 "style='background-color: rgba(0.0, 165.0, 0, 0.15); border-radius: 3px;' "
 'title=\'1.0\'>_||>",<||_html:</span>_||><||_html:<span '
 "style='background-color: rgba(0.0, 165.0, 0, 0.15); border-radius: 3px;' "
 "title='1.0'>_||>\n"
 "<||_html:</span>_||><||_html:<span style='background-color: rgba(0.0, 165.0, "
 "0, 0.15); border-radius: 3px;' title='1.0'>_||>     "
 "<||_html:</span>_||><||_html:<span style='background-color: rgba(0.0, 165.0, "
 "0, 0.15); border-radius: 3px;' title='1.0'>_||> "
 '"<||_html:</span>_||><||_html:<span style=\'background-color: rgba(0.0, '
 "165.0, 0, 0.15); border-radius: 3px;' "
 "title='1.0'>_||>breaking<||_html:</span>_||><||_html:<span "
 "style='background-color: rgba(0.0, 165.0, 0, 0.15); border-radius: 3px;' "
 'title=\'1.0\'>_||>":<||_html:</span>_||><||_html:<span '
 "style='background-color: rgba(0.0, 165.0, 0, 0.15); border-radius: 3px;' "
 'title=\'1.0\'>_||> "<||_html:</span>_||><||_html:<span '
 "style='background-color: rgba(0.0, 165.0, 0, 0.15); border-radius: 3px;' "
 "title='1.0'>_||>false<||_html:</span>_||><||_html:<span "
 "style='background-color: rgba(0.0, 165.0, 0, 0.15); border-radius: 3px;' "
 'title=\'1.0\'>_||>",<||_html:</span>_||><||_html:<span '
 "style='background-color: rgba(0.0, 165.0, 0, 0.15); border-radius: 3px;' "
 "title='1.0'>_||>\n"
 "<||_html:</span>_||><||_html:<span style='background-color: rgba(0.0, 165.0, "
 "0, 0.15); border-radius: 3px;' title='1.0'>_||>     "
 "<||_html:</span>_||><||_html:<span style='background-color: rgba(0.0, 165.0, "
 "0, 0.15); border-radius: 3px;' title='1.0'>_||> "
 '"<||_html:</span>_||><||_html:<span style=\'background-color: rgba(0.0, '
 "165.0, 0, 0.15); border-radius: 3px;' "
 "title='1.0'>_||>release<||_html:</span>_||><||_html:<span "
 "style='background-color: rgba(0.0, 165.0, 0, 0.15); border-radius: 3px;' "
 "title='1.0'>_||>_<||_html:</span>_||><||_html:<span style='background-color: "
 "rgba(0.0, 165.0, 0, 0.15); border-radius: 3px;' "
 "title='1.0'>_||>note<||_html:</span>_||><||_html:<span "
 "style='background-color: rgba(0.0, 165.0, 0, 0.15); border-radius: 3px;' "
 'title=\'1.0\'>_||>":<||_html:</span>_||><||_html:<span '
 "style='background-color: rgba(0.0, 165.0, 0, 0.15); border-radius: 3px;' "
 'title=\'1.0\'>_||> "<||_html:</span>_||><||_html:<span '
 "style='background-color: rgba(0.0, 165.0, 0, 0.15); border-radius: 3px;' "
 "title='1.0'>_||>The<||_html:</span>_||><||_html:<span "
 "style='background-color: rgba(0.0, 165.0, 0, 0.15); border-radius: 3px;' "
 "title='1.0'>_||> '<||_html:</span>_||><||_html:<span "
 "style='background-color: rgba(0.0, 165.0, 0, 0.15); border-radius: 3px;' "
 "title='1.0'>_||>get<||_html:</span>_||><||_html:<span "
 "style='background-color: rgba(0.0, 165.0, 0, 0.15); border-radius: 3px;' "
 "title='1.0'>_||>Product<||_html:</span>_||><||_html:<span "
 "style='background-color: rgba(0.0, 165.0, 0, 0.15); border-radius: 3px;' "
 "title='1.0'>_||>'<||_html:</span>_||><||_html:<span style='background-color: "
 "rgba(0.0, 165.0, 0, 0.15); border-radius: 3px;' title='1.0'>_||> "
 "query<||_html:</span>_||><||_html:<span style='background-color: rgba(0.0, "
 "165.0, 0, 0.15); border-radius: 3px;' title='1.0'>_||> "
 "now<||_html:</span>_||><||_html:<span style='background-color: rgba(0.0, "
 "165.0, 0, 0.15); border-radius: 3px;' title='1.0'>_||> "
 "includes<||_html:</span>_||><||_html:<span style='background-color: "
 "rgba(0.0, 165.0, 0, 0.15); border-radius: 3px;' title='1.0'>_||> "
 "a<||_html:</span>_||><||_html:<span style='background-color: rgba(0.0, "
 "165.0, 0, 0.15); border-radius: 3px;' title='1.0'>_||> "
 "new<||_html:</span>_||><||_html:<span style='background-color: rgba(0.0, "
 "165.0, 0, 0.15); border-radius: 3px;' title='1.0'>_||> "
 "field<||_html:</span>_||><||_html:<span style='background-color: rgba(0.0, "
 "165.0, 0, 0.15); border-radius: 3px;' title='1.0'>_||> "
 "'<||_html:</span>_||><||_html:<span style='background-color: rgba(0.0, "
 "165.0, 0, 0.15); border-radius: 3px;' "
 "title='1.0'>_||>details<||_html:</span>_||><||_html:<span "
 "style='background-color: rgba(0.0, 165.0, 0, 0.15); border-radius: 3px;' "
 "title='1.0'>_||>'<||_html:</span>_||><||_html:<span style='background-color: "
 "rgba(0.0, 165.0, 0, 0.15); border-radius: 3px;' title='1.0'>_||> "
 "of<||_html:</span>_||><||_html:<span style='background-color: rgba(0.0, "
 "165.0, 0, 0.15); border-radius: 3px;' title='1.0'>_||> "
 "type<||_html:</span>_||><||_html:<span style='background-color: rgba(0.0, "
 "165.0, 0, 0.15); border-radius: 3px;' title='1.0'>_||> "
 "String<||_html:</span>_||><||_html:<span style='background-color: rgba(0.0, "
 "165.0, 0, 0.15); border-radius: 3px;' "
 'title=\'1.0\'>_||>."<||_html:</span>_||><||_html:<span '
 "style='background-color: rgba(0.0, 165.0, 0, 0.15); border-radius: 3px;' "
 "title='1.0'>_||>\n"
 "<||_html:</span>_||><||_html:<span style='background-color: rgba(0.0, 165.0, "
 "0, 0.15); border-radius: 3px;' title='1.0'>_||>   "
 "<||_html:</span>_||><||_html:<span style='background-color: rgba(0.0, 165.0, "
 "0, 0.15); border-radius: 3px;' title='1.0'>_||> "
 "},<||_html:</span>_||><||_html:<span style='background-color: rgba(0.0, "
 "165.0, 0, 0.15); border-radius: 3px;' title='1.0'>_||>\n"
 "<||_html:</span>_||><||_html:<span style='background-color: rgba(0.0, 165.0, "
 "0, 0.15); border-radius: 3px;' title='1.0'>_||>   "
 "<||_html:</span>_||><||_html:<span style='background-color: rgba(0.0, 165.0, "
 "0, 0.15); border-radius: 3px;' title='1.0'>_||> "
 "{<||_html:</span>_||><||_html:<span style='background-color: rgba(0.0, "
 "165.0, 0, 0.15); border-radius: 3px;' title='1.0'>_||>\n"
 "<||_html:</span>_||><||_html:<span style='background-color: rgba(0.0, 165.0, "
 "0, 0.15); border-radius: 3px;' title='1.0'>_||>     "
 "<||_html:</span>_||><||_html:<span style='background-color: rgba(0.0, 165.0, "
 "0, 0.15); border-radius: 3px;' title='1.0'>_||> "
 '"<||_html:</span>_||><||_html:<span style=\'background-color: rgba(0.0, '
 "165.0, 0, 0.15); border-radius: 3px;' "
 "title='1.0'>_||>type<||_html:</span>_||><||_html:<span "
 "style='background-color: rgba(0.0, 165.0, 0, 0.15); border-radius: 3px;' "
 'title=\'1.0\'>_||>":<||_html:</span>_||><||_html:<span '
 "style='background-color: rgba(0.0, 165.0, 0, 0.15); border-radius: 3px;' "
 'title=\'1.0\'>_||> "<||_html:</span>_||><||_html:<span '
 "style='background-color: rgba(0.0, 165.0, 0, 0.15); border-radius: 3px;' "
 "title='1.0'>_||>Product<||_html:</span>_||><||_html:<span "
 "style='background-color: rgba(0.0, 165.0, 0, 0.15); border-radius: 3px;' "
 'title=\'1.0\'>_||>",<||_html:</span>_||><||_html:<span '
 "style='background-color: rgba(0.0, 165.0, 0, 0.15); border-radius: 3px;' "
 "title='1.0'>_||>\n"
 "<||_html:</span>_||><||_html:<span style='background-color: rgba(0.0, 165.0, "
 "0, 0.15); border-radius: 3px;' title='1.0'>_||>     "
 "<||_html:</span>_||><||_html:<span style='background-color: rgba(0.0, 165.0, "
 "0, 0.15); border-radius: 3px;' title='1.0'>_||> "
 '"<||_html:</span>_||><||_html:<span style=\'background-color: rgba(0.0, '
 "165.0, 0, 0.15); border-radius: 3px;' "
 "title='1.0'>_||>field<||_html:</span>_||><||_html:<span "
 "style='background-color: rgba(0.0, 165.0, 0, 0.15); border-radius: 3px;' "
 'title=\'1.0\'>_||>":<||_html:</span>_||><||_html:<span '
 "style='background-color: rgba(0.0, 165.0, 0, 0.15); border-radius: 3px;' "
 'title=\'1.0\'>_||> "<||_html:</span>_||><||_html:<span '
 "style='background-color: rgba(0.0, 165.0, 0, 0.15); border-radius: 3px;' "
 "title='1.0'>_||>description<||_html:</span>_||><||_html:<span "
 "style='background-color: rgba(0.0, 165.0, 0, 0.15); border-radius: 3px;' "
 'title=\'1.0\'>_||>",<||_html:</span>_||><||_html:<span '
 "style='background-color: rgba(0.0, 165.0, 0, 0.15); border-radius: 3px;' "
 "title='1.0'>_||>\n"
 "<||_html:</span>_||><||_html:<span style='background-color: rgba(0.0, 165.0, "
 "0, 0.15); border-radius: 3px;' title='1.0'>_||>     "
 "<||_html:</span>_||><||_html:<span style='background-color: rgba(0.0, 165.0, "
 "0, 0.15); border-radius: 3px;' title='1.0'>_||> "
 '"<||_html:</span>_||><||_html:<span style=\'background-color: rgba(0.0, '
 "165.0, 0, 0.15); border-radius: 3px;' "
 "title='1.0'>_||>change<||_html:</span>_||><||_html:<span "
 "style='background-color: rgba(0.0, 165.0, 0, 0.15); border-radius: 3px;' "
 'title=\'1.0\'>_||>":<||_html:</span>_||><||_html:<span '
 "style='background-color: rgba(0.0, 165.0, 0, 0.15); border-radius: 3px;' "
 'title=\'1.0\'>_||> "<||_html:</span>_||><||_html:<span '
 "style='background-color: rgba(0.0, 165.0, 0, 0.15); border-radius: 3px;' "
 "title='1.0'>_||>field<||_html:</span>_||><||_html:<span "
 "style='background-color: rgba(0.0, 165.0, 0, 0.15); border-radius: 3px;' "
 "title='1.0'>_||> removed<||_html:</span>_||><||_html:<span "
 "style='background-color: rgba(0.0, 165.0, 0, 0.15); border-radius: 3px;' "
 'title=\'1.0\'>_||>",<||_html:</span>_||><||_html:<span '
 "style='background-color: rgba(0.0, 165.0, 0, 0.15); border-radius: 3px;' "
 "title='1.0'>_||>\n"
 "<||_html:</span>_||><||_html:<span style='background-color: rgba(0.0, 165.0, "
 "0, 0.15); border-radius: 3px;' title='1.0'>_||>     "
 "<||_html:</span>_||><||_html:<span style='background-color: rgba(0.0, 165.0, "
 "0, 0.15); border-radius: 3px;' title='1.0'>_||> "
 '"<||_html:</span>_||><||_html:<span style=\'background-color: rgba(0.0, '
 "165.0, 0, 0.15); border-radius: 3px;' "
 "title='1.0'>_||>breaking<||_html:</span>_||><||_html:<span "
 "style='background-color: rgba(0.0, 165.0, 0, 0.15); border-radius: 3px;' "
 'title=\'1.0\'>_||>":<||_html:</span>_||><||_html:<span '
 "style='background-color: rgba(0.0, 165.0, 0, 0.15); border-radius: 3px;' "
 'title=\'1.0\'>_||> "<||_html:</span>_||><||_html:<span '
 "style='background-color: rgba(0.0, 165.0, 0, 0.15); border-radius: 3px;' "
 "title='1.0'>_||>true<||_html:</span>_||><||_html:<span "
 "style='background-color: rgba(0.0, 165.0, 0, 0.15); border-radius: 3px;' "
 'title=\'1.0\'>_||>",<||_html:</span>_||><||_html:<span '
 "style='background-color: rgba(0.0, 165.0, 0, 0.15); border-radius: 3px;' "
 "title='1.0'>_||>\n"
 "<||_html:</span>_||><||_html:<span style='background-color: rgba(0.0, 165.0, "
 "0, 0.15); border-radius: 3px;' title='1.0'>_||>     "
 "<||_html:</span>_||><||_html:<span style='background-color: rgba(0.0, 165.0, "
 "0, 0.15); border-radius: 3px;' title='1.0'>_||> "
 '"<||_html:</span>_||><||_html:<span style=\'background-color: rgba(0.0, '
 "165.0, 0, 0.15); border-radius: 3px;' "
 "title='1.0'>_||>release<||_html:</span>_||><||_html:<span "
 "style='background-color: rgba(0.0, 165.0, 0, 0.15); border-radius: 3px;' "
 "title='1.0'>_||>_<||_html:</span>_||><||_html:<span style='background-color: "
 "rgba(0.0, 165.0, 0, 0.15); border-radius: 3px;' "
 "title='1.0'>_||>note<||_html:</span>_||><||_html:<span "
 "style='background-color: rgba(0.0, 165.0, 0, 0.15); border-radius: 3px;' "
 'title=\'1.0\'>_||>":<||_html:</span>_||><||_html:<span '
 "style='background-color: rgba(0.0, 165.0, 0, 0.15); border-radius: 3px;' "
 'title=\'1.0\'>_||> "<||_html:</span>_||><||_html:<span '
 "style='background-color: rgba(0.0, 165.0, 0, 0.15); border-radius: 3px;' "
 "title='1.0'>_||>The<||_html:</span>_||><||_html:<span "
 "style='background-color: rgba(0.0, 165.0, 0, 0.15); border-radius: 3px;' "
 "title='1.0'>_||> '<||_html:</span>_||><||_html:<span "
 "style='background-color: rgba(0.0, 165.0, 0, 0.15); border-radius: 3px;' "
 "title='1.0'>_||>Product<||_html:</span>_||><||_html:<span "
 "style='background-color: rgba(0.0, 165.0, 0, 0.15); border-radius: 3px;' "
 "title='1.0'>_||>'<||_html:</span>_||><||_html:<span style='background-color: "
 "rgba(0.0, 165.0, 0, 0.15); border-radius: 3px;' title='1.0'>_||> "
 "type<||_html:</span>_||><||_html:<span style='background-color: rgba(0.0, "
 "165.0, 0, 0.15); border-radius: 3px;' title='1.0'>_||> "
 "no<||_html:</span>_||><||_html:<span style='background-color: rgba(0.0, "
 "165.0, 0, 0.15); border-radius: 3px;' title='1.0'>_||> "
 "longer<||_html:</span>_||><||_html:<span style='background-color: rgba(0.0, "
 "165.0, 0, 0.15); border-radius: 3px;' title='1.0'>_||> "
 "includes<||_html:</span>_||><||_html:<span style='background-color: "
 "rgba(0.0, 165.0, 0, 0.15); border-radius: 3px;' title='1.0'>_||> "
 "the<||_html:</span>_||><||_html:<span style='background-color: rgba(0.0, "
 "165.0, 0, 0.15); border-radius: 3px;' title='1.0'>_||> "
 "'<||_html:</span>_||><||_html:<span style='background-color: rgba(0.0, "
 "165.0, 0, 0.15); border-radius: 3px;' "
 "title='1.0'>_||>description<||_html:</span>_||><||_html:<span "
 "style='background-color: rgba(0.0, 165.0, 0, 0.15); border-radius: 3px;' "
 "title='1.0'>_||>'<||_html:</span>_||><||_html:<span style='background-color: "
 "rgba(0.0, 165.0, 0, 0.15); border-radius: 3px;' title='1.0'>_||> "
 "field<||_html:</span>_||><||_html:<span style='background-color: rgba(0.0, "
 "165.0, 0, 0.15); border-radius: 3px;' "
 'title=\'1.0\'>_||>."<||_html:</span>_||><||_html:<span '
 "style='background-color: rgba(0.0, 165.0, 0, 0.15); border-radius: 3px;' "
 "title='1.0'>_||>\n"
 "<||_html:</span>_||><||_html:<span style='background-color: rgba(0.0, 165.0, "
 "0, 0.15); border-radius: 3px;' title='1.0'>_||>   "
 "<||_html:</span>_||><||_html:<span style='background-color: rgba(0.0, 165.0, "
 "0, 0.15); border-radius: 3px;' title='1.0'>_||> "
 "},<||_html:</span>_||><||_html:<span style='background-color: rgba(0.0, "
 "165.0, 0, 0.15); border-radius: 3px;' title='1.0'>_||>\n"
 "<||_html:</span>_||><||_html:<span style='background-color: rgba(0.0, 165.0, "
 "0, 0.15); border-radius: 3px;' title='1.0'>_||>   "
 "<||_html:</span>_||><||_html:<span style='background-color: rgba(0.0, 165.0, "
 "0, 0.15); border-radius: 3px;' title='1.0'>_||> "
 "{<||_html:</span>_||><||_html:<span style='background-color: rgba(0.0, "
 "165.0, 0, 0.15); border-radius: 3px;' title='1.0'>_||>\n"
 "<||_html:</span>_||><||_html:<span style='background-color: rgba(0.0, 165.0, "
 "0, 0.15); border-radius: 3px;' title='1.0'>_||>     "
 "<||_html:</span>_||><||_html:<span style='background-color: rgba(0.0, 165.0, "
 "0, 0.15); border-radius: 3px;' title='1.0'>_||> "
 '"<||_html:</span>_||><||_html:<span style=\'background-color: rgba(0.0, '
 "165.0, 0, 0.15); border-radius: 3px;' "
 "title='1.0'>_||>type<||_html:</span>_||><||_html:<span "
 "style='background-color: rgba(0.0, 165.0, 0, 0.15); border-radius: 3px;' "
 'title=\'1.0\'>_||>":<||_html:</span>_||><||_html:<span '
 "style='background-color: rgba(0.0, 165.0, 0, 0.15); border-radius: 3px;' "
 'title=\'1.0\'>_||> "<||_html:</span>_||><||_html:<span '
 "style='background-color: rgba(0.0, 165.0, 0, 0.15); border-radius: 3px;' "
 "title='1.0'>_||>Product<||_html:</span>_||><||_html:<span "
 "style='background-color: rgba(0.0, 165.0, 0, 0.15); border-radius: 3px;' "
 'title=\'1.0\'>_||>",<||_html:</span>_||><||_html:<span '
 "style='background-color: rgba(0.0, 165.0, 0, 0.15); border-radius: 3px;' "
 "title='1.0'>_||>\n"
 "<||_html:</span>_||><||_html:<span style='background-color: rgba(0.0, 165.0, "
 "0, 0.15); border-radius: 3px;' title='1.0'>_||>     "
 "<||_html:</span>_||><||_html:<span style='background-color: rgba(0.0, 165.0, "
 "0, 0.15); border-radius: 3px;' title='1.0'>_||> "
 '"<||_html:</span>_||><||_html:<span style=\'background-color: rgba(0.0, '
 "165.0, 0, 0.15); border-radius: 3px;' "
 "title='1.0'>_||>field<||_html:</span>_||><||_html:<span "
 "style='background-color: rgba(0.0, 165.0, 0, 0.15); border-radius: 3px;' "
 'title=\'1.0\'>_||>":<||_html:</span>_||><||_html:<span '
 "style='background-color: rgba(0.0, 165.0, 0, 0.15); border-radius: 3px;' "
 'title=\'1.0\'>_||> "<||_html:</span>_||><||_html:<span '
 "style='background-color: rgba(0.0, 165.0, 0, 0.15); border-radius: 3px;' "
 "title='1.0'>_||>stock<||_html:</span>_||><||_html:<span "
 "style='background-color: rgba(0.0, 165.0, 0, 0.15); border-radius: 3px;' "
 'title=\'1.0\'>_||>",<||_html:</span>_||><||_html:<span '
 "style='background-color: rgba(0.0, 165.0, 0, 0.15); border-radius: 3px;' "
 "title='1.0'>_||>\n"
 "<||_html:</span>_||><||_html:<span style='background-color: rgba(0.0, 165.0, "
 "0, 0.15); border-radius: 3px;' title='1.0'>_||>     "
 "<||_html:</span>_||><||_html:<span style='background-color: rgba(0.0, 165.0, "
 "0, 0.15); border-radius: 3px;' title='1.0'>_||> "
 '"<||_html:</span>_||><||_html:<span style=\'background-color: rgba(0.0, '
 "165.0, 0, 0.15); border-radius: 3px;' "
 "title='1.0'>_||>change<||_html:</span>_||><||_html:<span "
 "style='background-color: rgba(0.0, 165.0, 0, 0.15); border-radius: 3px;' "
 'title=\'1.0\'>_||>":<||_html:</span>_||><||_html:<span '
 "style='background-color: rgba(0.0, 165.0, 0, 0.15); border-radius: 3px;' "
 'title=\'1.0\'>_||> "<||_html:</span>_||><||_html:<span '
 "style='background-color: rgba(0.0, 165.0, 0, 0.15); border-radius: 3px;' "
 "title='1.0'>_||>field<||_html:</span>_||><||_html:<span "
 "style='background-color: rgba(0.0, 165.0, 0, 0.15); border-radius: 3px;' "
 "title='1.0'>_||> removed<||_html:</span>_||><||_html:<span "
 "style='background-color: rgba(0.0, 165.0, 0, 0.15); border-radius: 3px;' "
 'title=\'1.0\'>_||>",<||_html:</span>_||><||_html:<span '
 "style='background-color: rgba(0.0, 165.0, 0, 0.15); border-radius: 3px;' "
 "title='1.0'>_||>\n"
 "<||_html:</span>_||><||_html:<span style='background-color: rgba(0.0, 165.0, "
 "0, 0.15); border-radius: 3px;' title='1.0'>_||>     "
 "<||_html:</span>_||><||_html:<span style='background-color: rgba(0.0, 165.0, "
 "0, 0.15); border-radius: 3px;' title='1.0'>_||> "
 '"<||_html:</span>_||><||_html:<span style=\'background-color: rgba(0.0, '
 "165.0, 0, 0.15); border-radius: 3px;' "
 "title='1.0'>_||>breaking<||_html:</span>_||><||_html:<span "
 "style='background-color: rgba(0.0, 165.0, 0, 0.15); border-radius: 3px;' "
 'title=\'1.0\'>_||>":<||_html:</span>_||><||_html:<span '
 "style='background-color: rgba(0.0, 165.0, 0, 0.15); border-radius: 3px;' "
 'title=\'1.0\'>_||> "<||_html:</span>_||><||_html:<span '
 "style='background-color: rgba(0.0, 165.0, 0, 0.15); border-radius: 3px;' "
 "title='1.0'>_||>true<||_html:</span>_||><||_html:<span "
 "style='background-color: rgba(0.0, 165.0, 0, 0.15); border-radius: 3px;' "
 'title=\'1.0\'>_||>",<||_html:</span>_||><||_html:<span '
 "style='background-color: rgba(0.0, 165.0, 0, 0.15); border-radius: 3px;' "
 "title='1.0'>_||>\n"
 "<||_html:</span>_||><||_html:<span style='background-color: rgba(0.0, 165.0, "
 "0, 0.15); border-radius: 3px;' title='1.0'>_||>     "
 "<||_html:</span>_||><||_html:<span style='background-color: rgba(0.0, 165.0, "
 "0, 0.15); border-radius: 3px;' title='1.0'>_||> "
 '"<||_html:</span>_||><||_html:<span style=\'background-color: rgba(0.0, '
 "165.0, 0, 0.15); border-radius: 3px;' "
 "title='1.0'>_||>release<||_html:</span>_||><||_html:<span "
 "style='background-color: rgba(0.0, 165.0, 0, 0.15); border-radius: 3px;' "
 "title='1.0'>_||>_<||_html:</span>_||><||_html:<span style='background-color: "
 "rgba(0.0, 165.0, 0, 0.15); border-radius: 3px;' "
 "title='1.0'>_||>note<||_html:</span>_||><||_html:<span "
 "style='background-color: rgba(0.0, 165.0, 0, 0.15); border-radius: 3px;' "
 'title=\'1.0\'>_||>":<||_html:</span>_||><||_html:<span '
 "style='background-color: rgba(0.0, 165.0, 0, 0.15); border-radius: 3px;' "
 'title=\'1.0\'>_||> "<||_html:</span>_||><||_html:<span '
 "style='background-color: rgba(0.0, 165.0, 0, 0.15); border-radius: 3px;' "
 "title='1.0'>_||>The<||_html:</span>_||><||_html:<span "
 "style='background-color: rgba(0.0, 165.0, 0, 0.15); border-radius: 3px;' "
 "title='1.0'>_||> '<||_html:</span>_||><||_html:<span "
 "style='background-color: rgba(0.0, 165.0, 0, 0.15); border-radius: 3px;' "
 "title='1.0'>_||>Product<||_html:</span>_||><||_html:<span "
 "style='background-color: rgba(0.0, 165.0, 0, 0.15); border-radius: 3px;' "
 "title='1.0'>_||>'<||_html:</span>_||><||_html:<span style='background-color: "
 "rgba(0.0, 165.0, 0, 0.15); border-radius: 3px;' title='1.0'>_||> "
 "type<||_html:</span>_||><||_html:<span style='background-color: rgba(0.0, "
 "165.0, 0, 0.15); border-radius: 3px;' title='1.0'>_||> "
 "no<||_html:</span>_||><||_html:<span style='background-color: rgba(0.0, "
 "165.0, 0, 0.15); border-radius: 3px;' title='1.0'>_||> "
 "longer<||_html:</span>_||><||_html:<span style='background-color: rgba(0.0, "
 "165.0, 0, 0.15); border-radius: 3px;' title='1.0'>_||> "
 "includes<||_html:</span>_||><||_html:<span style='background-color: "
 "rgba(0.0, 165.0, 0, 0.15); border-radius: 3px;' title='1.0'>_||> "
 "the<||_html:</span>_||><||_html:<span style='background-color: rgba(0.0, "
 "165.0, 0, 0.15); border-radius: 3px;' title='1.0'>_||> "
 "'<||_html:</span>_||><||_html:<span style='background-color: rgba(0.0, "
 "165.0, 0, 0.15); border-radius: 3px;' "
 "title='1.0'>_||>stock<||_html:</span>_||><||_html:<span "
 "style='background-color: rgba(0.0, 165.0, 0, 0.15); border-radius: 3px;' "
 "title='1.0'>_||>'<||_html:</span>_||><||_html:<span style='background-color: "
 "rgba(0.0, 165.0, 0, 0.15); border-radius: 3px;' title='1.0'>_||> "
 "field<||_html:</span>_||><||_html:<span style='background-color: rgba(0.0, "
 "165.0, 0, 0.15); border-radius: 3px;' "
 'title=\'1.0\'>_||>."<||_html:</span>_||><||_html:<span '
 "style='background-color: rgba(0.0, 165.0, 0, 0.15); border-radius: 3px;' "
 "title='1.0'>_||>\n"
 "<||_html:</span>_||><||_html:<span style='background-color: rgba(0.0, 165.0, "
 "0, 0.15); border-radius: 3px;' title='1.0'>_||>   "
 "<||_html:</span>_||><||_html:<span style='background-color: rgba(0.0, 165.0, "
 "0, 0.15); border-radius: 3px;' title='1.0'>_||> "
 "}<||_html:</span>_||><||_html:<span style='background-color: rgba(0.0, "
 "165.0, 0, 0.15); border-radius: 3px;' title='1.0'>_||>\n"
 "<||_html:</span>_||><||_html:<span style='background-color: rgba(0.0, 165.0, "
 "0, 0.15); border-radius: 3px;' title='1.0'>_||> "
 "<||_html:</span>_||><||_html:<span style='background-color: rgba(0.0, 165.0, "
 "0, 0.15); border-radius: 3px;' title='1.0'>_||> "
 "],<||_html:</span>_||><||_html:<span style='background-color: rgba(0.0, "
 "165.0, 0, 0.15); border-radius: 3px;' title='1.0'>_||>\n"
 "<||_html:</span>_||><||_html:<span style='background-color: rgba(0.0, 165.0, "
 "0, 0.15); border-radius: 3px;' title='1.0'>_||> "
 "<||_html:</span>_||><||_html:<span style='background-color: rgba(0.0, 165.0, "
 "0, 0.15); border-radius: 3px;' title='1.0'>_||> "
 '"<||_html:</span>_||><||_html:<span style=\'background-color: rgba(0.0, '
 "165.0, 0, 0.15); border-radius: 3px;' "
 "title='1.0'>_||>release<||_html:</span>_||><||_html:<span "
 "style='background-color: rgba(0.0, 165.0, 0, 0.15); border-radius: 3px;' "
 "title='1.0'>_||>_<||_html:</span>_||><||_html:<span style='background-color: "
 "rgba(0.0, 165.0, 0, 0.15); border-radius: 3px;' "
 "title='1.0'>_||>notes<||_html:</span>_||><||_html:<span "
 "style='background-color: rgba(0.0, 165.0, 0, 0.15); border-radius: 3px;' "
 'title=\'1.0\'>_||>":<||_html:</span>_||><||_html:<span '
 "style='background-color: rgba(0.0, 165.0, 0, 0.15); border-radius: 3px;' "
 "title='1.0'>_||> {<||_html:</span>_||><||_html:<span "
 "style='background-color: rgba(0.0, 165.0, 0, 0.15); border-radius: 3px;' "
 "title='1.0'>_||>\n"
 "<||_html:</span>_||><||_html:<span style='background-color: rgba(0.0, 165.0, "
 "0, 0.15); border-radius: 3px;' title='1.0'>_||>   "
 "<||_html:</span>_||><||_html:<span style='background-color: rgba(0.0, 165.0, "
 "0, 0.15); border-radius: 3px;' title='1.0'>_||> "
 '"<||_html:</span>_||><||_html:<span style=\'background-color: rgba(0.0, '
 "165.0, 0, 0.15); border-radius: 3px;' "
 "title='1.0'>_||>summary<||_html:</span>_||><||_html:<span "
 "style='background-color: rgba(0.0, 165.0, 0, 0.15); border-radius: 3px;' "
 'title=\'1.0\'>_||>":<||_html:</span>_||><||_html:<span '
 "style='background-color: rgba(0.0, 165.0, 0, 0.15); border-radius: 3px;' "
 'title=\'1.0\'>_||> "<||_html:</span>_||><||_html:<span '
 "style='background-color: rgba(0.0, 165.0, 0, 0.15); border-radius: 3px;' "
 "title='1.0'>_||>The<||_html:</span>_||><||_html:<span "
 "style='background-color: rgba(0.0, 165.0, 0, 0.15); border-radius: 3px;' "
 "title='1.0'>_||> '<||_html:</span>_||><||_html:<span "
 "style='background-color: rgba(0.0, 165.0, 0, 0.15); border-radius: 3px;' "
 "title='1.0'>_||>get<||_html:</span>_||><||_html:<span "
 "style='background-color: rgba(0.0, 165.0, 0, 0.15); border-radius: 3px;' "
 "title='1.0'>_||>Product<||_html:</span>_||><||_html:<span "
 "style='background-color: rgba(0.0, 165.0, 0, 0.15); border-radius: 3px;' "
 "title='1.0'>_||>'<||_html:</span>_||><||_html:<span style='background-color: "
 "rgba(0.0, 165.0, 0, 0.15); border-radius: 3px;' title='1.0'>_||> "
 "query<||_html:</span>_||><||_html:<span style='background-color: rgba(0.0, "
 "165.0, 0, 0.15); border-radius: 3px;' title='1.0'>_||> "
 "now<||_html:</span>_||><||_html:<span style='background-color: rgba(0.0, "
 "165.0, 0, 0.15); border-radius: 3px;' title='1.0'>_||> "
 "includes<||_html:</span>_||><||_html:<span style='background-color: "
 "rgba(0.0, 165.0, 0, 0.15); border-radius: 3px;' title='1.0'>_||> "
 "a<||_html:</span>_||><||_html:<span style='background-color: rgba(0.0, "
 "165.0, 0, 0.15); border-radius: 3px;' title='1.0'>_||> "
 "new<||_html:</span>_||><||_html:<span style='background-color: rgba(0.0, "
 "165.0, 0, 0.15); border-radius: 3px;' title='1.0'>_||> "
 "field<||_html:</span>_||><||_html:<span style='background-color: rgba(0.0, "
 "165.0, 0, 0.15); border-radius: 3px;' title='1.0'>_||> "
 "'<||_html:</span>_||><||_html:<span style='background-color: rgba(0.0, "
 "165.0, 0, 0.15); border-radius: 3px;' "
 "title='1.0'>_||>details<||_html:</span>_||><||_html:<span "
 "style='background-color: rgba(0.0, 165.0, 0, 0.15); border-radius: 3px;' "
 "title='1.0'>_||>'<||_html:</span>_||><||_html:<span style='background-color: "
 "rgba(0.0, 165.0, 0, 0.15); border-radius: 3px;' title='1.0'>_||> "
 "of<||_html:</span>_||><||_html:<span style='background-color: rgba(0.0, "
 "165.0, 0, 0.15); border-radius: 3px;' title='1.0'>_||> "
 "type<||_html:</span>_||><||_html:<span style='background-color: rgba(0.0, "
 "165.0, 0, 0.15); border-radius: 3px;' title='1.0'>_||> "
 "String<||_html:</span>_||><||_html:<span style='background-color: rgba(0.0, "
 "165.0, 0, 0.15); border-radius: 3px;' "
 "title='1.0'>_||>.<||_html:</span>_||><||_html:<span style='background-color: "
 "rgba(0.0, 165.0, 0, 0.15); border-radius: 3px;' title='1.0'>_||> "
 "The<||_html:</span>_||><||_html:<span style='background-color: rgba(0.0, "
 "165.0, 0, 0.15); border-radius: 3px;' title='1.0'>_||> "
 "'<||_html:</span>_||><||_html:<span style='background-color: rgba(0.0, "
 "165.0, 0, 0.15); border-radius: 3px;' "
 "title='1.0'>_||>Product<||_html:</span>_||><||_html:<span "
 "style='background-color: rgba(0.0, 165.0, 0, 0.15); border-radius: 3px;' "
 "title='1.0'>_||>'<||_html:</span>_||><||_html:<span style='background-color: "
 "rgba(0.0, 165.0, 0, 0.15); border-radius: 3px;' title='1.0'>_||> "
 "type<||_html:</span>_||><||_html:<span style='background-color: rgba(0.0, "
 "165.0, 0, 0.15); border-radius: 3px;' title='1.0'>_||> "
 "no<||_html:</span>_||><||_html:<span style='background-color: rgba(0.0, "
 "165.0, 0, 0.15); border-radius: 3px;' title='1.0'>_||> "
 "longer<||_html:</span>_||><||_html:<span style='background-color: rgba(0.0, "
 "165.0, 0, 0.15); border-radius: 3px;' title='1.0'>_||> "
 "includes<||_html:</span>_||><||_html:<span style='background-color: "
 "rgba(0.0, 165.0, 0, 0.15); border-radius: 3px;' title='1.0'>_||> "
 "the<||_html:</span>_||><||_html:<span style='background-color: rgba(0.0, "
 "165.0, 0, 0.15); border-radius: 3px;' title='1.0'>_||> "
 "'<||_html:</span>_||><||_html:<span style='background-color: rgba(0.0, "
 "165.0, 0, 0.15); border-radius: 3px;' "
 "title='1.0'>_||>description<||_html:</span>_||><||_html:<span "
 "style='background-color: rgba(0.0, 165.0, 0, 0.15); border-radius: 3px;' "
 "title='1.0'>_||>'<||_html:</span>_||><||_html:<span style='background-color: "
 "rgba(0.0, 165.0, 0, 0.15); border-radius: 3px;' title='1.0'>_||> "
 "and<||_html:</span>_||><||_html:<span style='background-color: rgba(0.0, "
 "165.0, 0, 0.15); border-radius: 3px;' title='1.0'>_||> "
 "'<||_html:</span>_||><||_html:<span style='background-color: rgba(0.0, "
 "165.0, 0, 0.15); border-radius: 3px;' "
 "title='1.0'>_||>stock<||_html:</span>_||><||_html:<span "
 "style='background-color: rgba(0.0, 165.0, 0, 0.15); border-radius: 3px;' "
 "title='1.0'>_||>'<||_html:</span>_||><||_html:<span style='background-color: "
 "rgba(0.0, 165.0, 0, 0.15); border-radius: 3px;' title='1.0'>_||> "
 "fields<||_html:</span>_||><||_html:<span style='background-color: rgba(0.0, "
 "165.0, 0, 0.15); border-radius: 3px;' "
 'title=\'1.0\'>_||>."<||_html:</span>_||><||_html:<span '
 "style='background-color: rgba(0.0, 165.0, 0, 0.15); border-radius: 3px;' "
 "title='1.0'>_||>\n"
 "<||_html:</span>_||><||_html:<span style='background-color: rgba(0.0, 165.0, "
 "0, 0.15); border-radius: 3px;' title='1.0'>_||> "
 "<||_html:</span>_||><||_html:<span style='background-color: rgba(0.0, 165.0, "
 "0, 0.15); border-radius: 3px;' title='1.0'>_||> "
 "}<||_html:</span>_||><||_html:<span style='background-color: rgba(0.0, "
 "165.0, 0, 0.15); border-radius: 3px;' title='1.0'>_||>\n"
 "<||_html:</span>_||><||_html:<span style='background-color: rgba(0.0, 165.0, "
 "0, 0.15); border-radius: 3px;' "
 'title=\'1.0\'>_||>}<||_html:</span>_||>{"changes":<||_html:<span '
 "style='background-color: rgba(0.0, 165.0, 0, 0.15); border-radius: 3px;' "
 "title='1.0'>_||>[<||_html:</span>_||><||_html:<span style='background-color: "
 "rgba(0.0, 165.0, 0, 0.15); border-radius: 3px;' "
 'title=\'1.0\'>_||>{"<||_html:</span>_||>type<||_html:<span '
 "style='background-color: rgba(0.0, 165.0, 0, 0.15); border-radius: 3px;' "
 'title=\'1.0\'>_||>":"<||_html:</span>_||><||_html:<span '
 "style='background-color: rgba(0.0, 165.0, 0, 0.15); border-radius: 3px;' "
 "title='1.0'>_||>Query<||_html:</span>_||><||_html:<span "
 "style='background-color: rgba(0.0, 165.0, 0, 0.15); border-radius: 3px;' "
 'title=\'1.0\'>_||>","<||_html:</span>_||>field<||_html:<span '
 "style='background-color: rgba(0.0, 165.0, 0, 0.15); border-radius: 3px;' "
 'title=\'1.0\'>_||>":"<||_html:</span>_||><||_html:<span '
 "style='background-color: rgba(0.0, 165.0, 0, 0.15); border-radius: 3px;' "
 "title='1.0'>_||>get<||_html:</span>_||><||_html:<span "
 "style='background-color: rgba(0.0, 165.0, 0, 0.15); border-radius: 3px;' "
 "title='1.0'>_||>Product<||_html:</span>_||><||_html:<span "
 "style='background-color: rgba(0.0, 165.0, 0, 0.15); border-radius: 3px;' "
 'title=\'1.0\'>_||>","<||_html:</span>_||>change<||_html:<span '
 "style='background-color: rgba(0.0, 165.0, 0, 0.15); border-radius: 3px;' "
 'title=\'1.0\'>_||>":"<||_html:</span>_||><||_html:<span '
 "style='background-color: rgba(0.0, 165.0, 0, 0.15); border-radius: 3px;' "
 "title='1.0'>_||>field<||_html:</span>_||><||_html:<span "
 "style='background-color: rgba(0.0, 165.0, 0, 0.15); border-radius: 3px;' "
 "title='1.0'>_||> details<||_html:</span>_||><||_html:<span "
 "style='background-color: rgba(0.0, 165.0, 0, 0.15); border-radius: 3px;' "
 "title='1.0'>_||> added<||_html:</span>_||><||_html:<span "
 "style='background-color: rgba(0.0, 165.0, 0, 0.15); border-radius: 3px;' "
 'title=\'1.0\'>_||>","<||_html:</span>_||>breaking<||_html:<span '
 "style='background-color: rgba(0.0, 165.0, 0, 0.15); border-radius: 3px;' "
 'title=\'1.0\'>_||>":<||_html:</span>_||><||_html:<span '
 "style='background-color: rgba(0.0, 165.0, 0, 0.15); border-radius: 3px;' "
 'title=\'1.0\'>_||>false<||_html:</span>_||>,"release_note<||_html:<span '
 "style='background-color: rgba(0.0, 165.0, 0, 0.15); border-radius: 3px;' "
 'title=\'1.0\'>_||>":"<||_html:</span>_||><||_html:<span '
 "style='background-color: rgba(0.0, 165.0, 0, 0.15); border-radius: 3px;' "
 "title='1.0'>_||>The<||_html:</span>_||><||_html:<span "
 "style='background-color: rgba(0.0, 165.0, 0, 0.15); border-radius: 3px;' "
 "title='1.0'>_||> '<||_html:</span>_||><||_html:<span "
 "style='background-color: rgba(0.0, 165.0, 0, 0.15); border-radius: 3px;' "
 "title='1.0'>_||>get<||_html:</span>_||><||_html:<span "
 "style='background-color: rgba(0.0, 165.0, 0, 0.15); border-radius: 3px;' "
 "title='1.0'>_||>Product<||_html:</span>_||><||_html:<span "
 "style='background-color: rgba(0.0, 165.0, 0, 0.15); border-radius: 3px;' "
 "title='1.0'>_||>'<||_html:</span>_||><||_html:<span style='background-color: "
 "rgba(0.0, 165.0, 0, 0.15); border-radius: 3px;' title='1.0'>_||> "
 "query<||_html:</span>_||><||_html:<span style='background-color: rgba(0.0, "
 "165.0, 0, 0.15); border-radius: 3px;' title='1.0'>_||> "
 "now<||_html:</span>_||><||_html:<span style='background-color: rgba(0.0, "
 "165.0, 0, 0.15); border-radius: 3px;' title='1.0'>_||> "
 "includes<||_html:</span>_||><||_html:<span style='background-color: "
 "rgba(0.0, 165.0, 0, 0.15); border-radius: 3px;' title='1.0'>_||> "
 "a<||_html:</span>_||><||_html:<span style='background-color: rgba(0.0, "
 "165.0, 0, 0.15); border-radius: 3px;' title='1.0'>_||> "
 "new<||_html:</span>_||><||_html:<span style='background-color: rgba(0.0, "
 "165.0, 0, 0.15); border-radius: 3px;' title='1.0'>_||> "
 "field<||_html:</span>_||><||_html:<span style='background-color: rgba(0.0, "
 "165.0, 0, 0.15); border-radius: 3px;' title='1.0'>_||> "
 "'<||_html:</span>_||><||_html:<span style='background-color: rgba(0.0, "
 "165.0, 0, 0.15); border-radius: 3px;' "
 "title='1.0'>_||>details<||_html:</span>_||><||_html:<span "
 "style='background-color: rgba(0.0, 165.0, 0, 0.15); border-radius: 3px;' "
 "title='1.0'>_||>'<||_html:</span>_||><||_html:<span style='background-color: "
 "rgba(0.0, 165.0, 0, 0.15); border-radius: 3px;' title='1.0'>_||> "
 "of<||_html:</span>_||><||_html:<span style='background-color: rgba(0.0, "
 "165.0, 0, 0.15); border-radius: 3px;' title='1.0'>_||> "
 "type<||_html:</span>_||><||_html:<span style='background-color: rgba(0.0, "
 "165.0, 0, 0.15); border-radius: 3px;' title='1.0'>_||> "
 "String<||_html:</span>_||><||_html:<span style='background-color: rgba(0.0, "
 "165.0, 0, 0.15); border-radius: 3px;' "
 'title=\'1.0\'>_||>."<||_html:</span>_||><||_html:<span '
 "style='background-color: rgba(0.0, 165.0, 0, 0.15); border-radius: 3px;' "
 'title=\'1.0\'>_||>},<||_html:</span>_||>{"type<||_html:<span '
 "style='background-color: rgba(0.0, 165.0, 0, 0.15); border-radius: 3px;' "
 'title=\'1.0\'>_||>":"<||_html:</span>_||><||_html:<span '
 "style='background-color: rgba(0.0, 165.0, 0, 0.15); border-radius: 3px;' "
 "title='1.0'>_||>Product<||_html:</span>_||><||_html:<span "
 "style='background-color: rgba(0.0, 165.0, 0, 0.15); border-radius: 3px;' "
 'title=\'1.0\'>_||>","<||_html:</span>_||>field<||_html:<span '
 "style='background-color: rgba(0.0, 165.0, 0, 0.15); border-radius: 3px;' "
 'title=\'1.0\'>_||>":"<||_html:</span>_||><||_html:<span '
 "style='background-color: rgba(0.0, 165.0, 0, 0.15); border-radius: 3px;' "
 "title='1.0'>_||>description<||_html:</span>_||><||_html:<span "
 "style='background-color: rgba(0.0, 165.0, 0, 0.15); border-radius: 3px;' "
 'title=\'1.0\'>_||>","<||_html:</span>_||>change<||_html:<span '
 "style='background-color: rgba(0.0, 165.0, 0, 0.15); border-radius: 3px;' "
 "title='1.0'>_||>")
('Analyze the following two GraphQL schemas for changes, including both '
 'breaking and non-breaking changes.\n'
 '\n'
 '                        Provide your analysis in the following JSON format:\n'
 '                        {\n'
 '                          "changes": [\n'
 '                            {\n'
 '                              "type": "String representing the GraphQL type '
 '(e.g., Query, Mutation, Subscription)",\n'
 '                              "field": "String representing the specific '
 'field that changed",\n'
 '                              "change": "String describing the change (e.g., '
 'field renamed, new field added, field removed)",\n'
 '                              "breaking": "Boolean indicating if the change '
 'is breaking (true) or non-breaking (false)",\n'
 '                              "release_note": "String with a natural '
 'language description of the change for release notes"\n'
 '                            }\n'
 '                          ],\n'
 '                          "release_notes": {\n'
 '                              "summary": "String summarizing all changes, '
 'suitable for a mailing list or public announcement"\n'
 '                          }\n'
 '                        }\n'
 '\n'
 '                        When analyzing, consider the following types of '
 'changes:\n'
 '                        1. Removing fields or types (breaking)\n'
 '                        2. Changing field types (potentially breaking)\n'
 '                        3. Adding required fields (breaking)\n'
 '                        4. Changing the type of existing arguments '
 '(breaking)\n'
 '                        5. Adding optional fields (non-breaking)\n'
 '                        6. Adding new types (non-breaking)\n'
 '                        7. Deprecating fields (non-breaking)\n'
 '\n'
 '                        Ensure that each change is categorized correctly as '
 'breaking or non-breaking.: type Query {\n'
 '  getProduct(id: ID!): Product\n'
 '}\n'
 '\n'
 'type Product {\n'
 '  id: ID\n'
 '  name: String\n'
 '  description: String\n'
 '  price: Float\n'
 '  stock: Int\n'
 '}\n'
 ', type Query {\n'
 '  getProduct(id: ID!): Product\n'
 '}\n'
 '\n'
 'type Product {\n'
 '  id: ID\n'
 '  name: String\n'
 '  details: String\n'
 '  price: Float\n'
 '}\n'
 '\n'
 "Answer:<||_html:<span style='background-color: rgba(0.0, 165.0, 0, 0.15); "
 "border-radius: 3px;' title='1.0'>_||> {<||_html:</span>_||><||_html:<span "
 "style='background-color: rgba(0.0, 165.0, 0, 0.15); border-radius: 3px;' "
 "title='1.0'>_||>\n"
 "<||_html:</span>_||><||_html:<span style='background-color: rgba(0.0, 165.0, "
 "0, 0.15); border-radius: 3px;' title='1.0'>_||> "
 "<||_html:</span>_||><||_html:<span style='background-color: rgba(0.0, 165.0, "
 "0, 0.15); border-radius: 3px;' title='1.0'>_||> "
 '"<||_html:</span>_||><||_html:<span style=\'background-color: rgba(0.0, '
 "165.0, 0, 0.15); border-radius: 3px;' "
 "title='1.0'>_||>changes<||_html:</span>_||><||_html:<span "
 "style='background-color: rgba(0.0, 165.0, 0, 0.15); border-radius: 3px;' "
 'title=\'1.0\'>_||>":<||_html:</span>_||><||_html:<span '
 "style='background-color: rgba(0.0, 165.0, 0, 0.15); border-radius: 3px;' "
 "title='1.0'>_||> [<||_html:</span>_||><||_html:<span "
 "style='background-color: rgba(0.0, 165.0, 0, 0.15); border-radius: 3px;' "
 "title='1.0'>_||>\n"
 "<||_html:</span>_||><||_html:<span style='background-color: rgba(0.0, 165.0, "
 "0, 0.15); border-radius: 3px;' title='1.0'>_||>   "
 "<||_html:</span>_||><||_html:<span style='background-color: rgba(0.0, 165.0, "
 "0, 0.15); border-radius: 3px;' title='1.0'>_||> "
 "{<||_html:</span>_||><||_html:<span style='background-color: rgba(0.0, "
 "165.0, 0, 0.15); border-radius: 3px;' title='1.0'>_||>\n"
 "<||_html:</span>_||><||_html:<span style='background-color: rgba(0.0, 165.0, "
 "0, 0.15); border-radius: 3px;' title='1.0'>_||>     "
 "<||_html:</span>_||><||_html:<span style='background-color: rgba(0.0, 165.0, "
 "0, 0.15); border-radius: 3px;' title='1.0'>_||> "
 '"<||_html:</span>_||><||_html:<span style=\'background-color: rgba(0.0, '
 "165.0, 0, 0.15); border-radius: 3px;' "
 "title='1.0'>_||>type<||_html:</span>_||><||_html:<span "
 "style='background-color: rgba(0.0, 165.0, 0, 0.15); border-radius: 3px;' "
 'title=\'1.0\'>_||>":<||_html:</span>_||><||_html:<span '
 "style='background-color: rgba(0.0, 165.0, 0, 0.15); border-radius: 3px;' "
 'title=\'1.0\'>_||> "<||_html:</span>_||><||_html:<span '
 "style='background-color: rgba(0.0, 165.0, 0, 0.15); border-radius: 3px;' "
 "title='1.0'>_||>Query<||_html:</span>_||><||_html:<span "
 "style='background-color: rgba(0.0, 165.0, 0, 0.15); border-radius: 3px;' "
 'title=\'1.0\'>_||>",<||_html:</span>_||><||_html:<span '
 "style='background-color: rgba(0.0, 165.0, 0, 0.15); border-radius: 3px;' "
 "title='1.0'>_||>\n"
 "<||_html:</span>_||><||_html:<span style='background-color: rgba(0.0, 165.0, "
 "0, 0.15); border-radius: 3px;' title='1.0'>_||>     "
 "<||_html:</span>_||><||_html:<span style='background-color: rgba(0.0, 165.0, "
 "0, 0.15); border-radius: 3px;' title='1.0'>_||> "
 '"<||_html:</span>_||><||_html:<span style=\'background-color: rgba(0.0, '
 "165.0, 0, 0.15); border-radius: 3px;' "
 "title='1.0'>_||>field<||_html:</span>_||><||_html:<span "
 "style='background-color: rgba(0.0, 165.0, 0, 0.15); border-radius: 3px;' "
 'title=\'1.0\'>_||>":<||_html:</span>_||><||_html:<span '
 "style='background-color: rgba(0.0, 165.0, 0, 0.15); border-radius: 3px;' "
 'title=\'1.0\'>_||> "<||_html:</span>_||><||_html:<span '
 "style='background-color: rgba(0.0, 165.0, 0, 0.15); border-radius: 3px;' "
 "title='1.0'>_||>get<||_html:</span>_||><||_html:<span "
 "style='background-color: rgba(0.0, 165.0, 0, 0.15); border-radius: 3px;' "
 "title='1.0'>_||>Product<||_html:</span>_||><||_html:<span "
 "style='background-color: rgba(0.0, 165.0, 0, 0.15); border-radius: 3px;' "
 'title=\'1.0\'>_||>",<||_html:</span>_||><||_html:<span '
 "style='background-color: rgba(0.0, 165.0, 0, 0.15); border-radius: 3px;' "
 "title='1.0'>_||>\n"
 "<||_html:</span>_||><||_html:<span style='background-color: rgba(0.0, 165.0, "
 "0, 0.15); border-radius: 3px;' title='1.0'>_||>     "
 "<||_html:</span>_||><||_html:<span style='background-color: rgba(0.0, 165.0, "
 "0, 0.15); border-radius: 3px;' title='1.0'>_||> "
 '"<||_html:</span>_||><||_html:<span style=\'background-color: rgba(0.0, '
 "165.0, 0, 0.15); border-radius: 3px;' "
 "title='1.0'>_||>change<||_html:</span>_||><||_html:<span "
 "style='background-color: rgba(0.0, 165.0, 0, 0.15); border-radius: 3px;' "
 'title=\'1.0\'>_||>":<||_html:</span>_||><||_html:<span '
 "style='background-color: rgba(0.0, 165.0, 0, 0.15); border-radius: 3px;' "
 'title=\'1.0\'>_||> "<||_html:</span>_||><||_html:<span '
 "style='background-color: rgba(0.0, 165.0, 0, 0.15); border-radius: 3px;' "
 "title='1.0'>_||>field<||_html:</span>_||><||_html:<span "
 "style='background-color: rgba(0.0, 165.0, 0, 0.15); border-radius: 3px;' "
 "title='1.0'>_||> details<||_html:</span>_||><||_html:<span "
 "style='background-color: rgba(0.0, 165.0, 0, 0.15); border-radius: 3px;' "
 "title='1.0'>_||> added<||_html:</span>_||><||_html:<span "
 "style='background-color: rgba(0.0, 165.0, 0, 0.15); border-radius: 3px;' "
 'title=\'1.0\'>_||>",<||_html:</span>_||><||_html:<span '
 "style='background-color: rgba(0.0, 165.0, 0, 0.15); border-radius: 3px;' "
 "title='1.0'>_||>\n"
 "<||_html:</span>_||><||_html:<span style='background-color: rgba(0.0, 165.0, "
 "0, 0.15); border-radius: 3px;' title='1.0'>_||>     "
 "<||_html:</span>_||><||_html:<span style='background-color: rgba(0.0, 165.0, "
 "0, 0.15); border-radius: 3px;' title='1.0'>_||> "
 '"<||_html:</span>_||><||_html:<span style=\'background-color: rgba(0.0, '
 "165.0, 0, 0.15); border-radius: 3px;' "
 "title='1.0'>_||>breaking<||_html:</span>_||><||_html:<span "
 "style='background-color: rgba(0.0, 165.0, 0, 0.15); border-radius: 3px;' "
 'title=\'1.0\'>_||>":<||_html:</span>_||><||_html:<span '
 "style='background-color: rgba(0.0, 165.0, 0, 0.15); border-radius: 3px;' "
 'title=\'1.0\'>_||> "<||_html:</span>_||><||_html:<span '
 "style='background-color: rgba(0.0, 165.0, 0, 0.15); border-radius: 3px;' "
 "title='1.0'>_||>false<||_html:</span>_||><||_html:<span "
 "style='background-color: rgba(0.0, 165.0, 0, 0.15); border-radius: 3px;' "
 'title=\'1.0\'>_||>",<||_html:</span>_||><||_html:<span '
 "style='background-color: rgba(0.0, 165.0, 0, 0.15); border-radius: 3px;' "
 "title='1.0'>_||>\n"
 "<||_html:</span>_||><||_html:<span style='background-color: rgba(0.0, 165.0, "
 "0, 0.15); border-radius: 3px;' title='1.0'>_||>     "
 "<||_html:</span>_||><||_html:<span style='background-color: rgba(0.0, 165.0, "
 "0, 0.15); border-radius: 3px;' title='1.0'>_||> "
 '"<||_html:</span>_||><||_html:<span style=\'background-color: rgba(0.0, '
 "165.0, 0, 0.15); border-radius: 3px;' "
 "title='1.0'>_||>release<||_html:</span>_||><||_html:<span "
 "style='background-color: rgba(0.0, 165.0, 0, 0.15); border-radius: 3px;' "
 "title='1.0'>_||>_<||_html:</span>_||><||_html:<span style='background-color: "
 "rgba(0.0, 165.0, 0, 0.15); border-radius: 3px;' "
 "title='1.0'>_||>note<||_html:</span>_||><||_html:<span "
 "style='background-color: rgba(0.0, 165.0, 0, 0.15); border-radius: 3px;' "
 'title=\'1.0\'>_||>":<||_html:</span>_||><||_html:<span '
 "style='background-color: rgba(0.0, 165.0, 0, 0.15); border-radius: 3px;' "
 'title=\'1.0\'>_||> "<||_html:</span>_||><||_html:<span '
 "style='background-color: rgba(0.0, 165.0, 0, 0.15); border-radius: 3px;' "
 "title='1.0'>_||>The<||_html:</span>_||><||_html:<span "
 "style='background-color: rgba(0.0, 165.0, 0, 0.15); border-radius: 3px;' "
 "title='1.0'>_||> '<||_html:</span>_||><||_html:<span "
 "style='background-color: rgba(0.0, 165.0, 0, 0.15); border-radius: 3px;' "
 "title='1.0'>_||>get<||_html:</span>_||><||_html:<span "
 "style='background-color: rgba(0.0, 165.0, 0, 0.15); border-radius: 3px;' "
 "title='1.0'>_||>Product<||_html:</span>_||><||_html:<span "
 "style='background-color: rgba(0.0, 165.0, 0, 0.15); border-radius: 3px;' "
 "title='1.0'>_||>'<||_html:</span>_||><||_html:<span style='background-color: "
 "rgba(0.0, 165.0, 0, 0.15); border-radius: 3px;' title='1.0'>_||> "
 "query<||_html:</span>_||><||_html:<span style='background-color: rgba(0.0, "
 "165.0, 0, 0.15); border-radius: 3px;' title='1.0'>_||> "
 "now<||_html:</span>_||><||_html:<span style='background-color: rgba(0.0, "
 "165.0, 0, 0.15); border-radius: 3px;' title='1.0'>_||> "
 "includes<||_html:</span>_||><||_html:<span style='background-color: "
 "rgba(0.0, 165.0, 0, 0.15); border-radius: 3px;' title='1.0'>_||> "
 "a<||_html:</span>_||><||_html:<span style='background-color: rgba(0.0, "
 "165.0, 0, 0.15); border-radius: 3px;' title='1.0'>_||> "
 "new<||_html:</span>_||><||_html:<span style='background-color: rgba(0.0, "
 "165.0, 0, 0.15); border-radius: 3px;' title='1.0'>_||> "
 "field<||_html:</span>_||><||_html:<span style='background-color: rgba(0.0, "
 "165.0, 0, 0.15); border-radius: 3px;' title='1.0'>_||> "
 "'<||_html:</span>_||><||_html:<span style='background-color: rgba(0.0, "
 "165.0, 0, 0.15); border-radius: 3px;' "
 "title='1.0'>_||>details<||_html:</span>_||><||_html:<span "
 "style='background-color: rgba(0.0, 165.0, 0, 0.15); border-radius: 3px;' "
 "title='1.0'>_||>'<||_html:</span>_||><||_html:<span style='background-color: "
 "rgba(0.0, 165.0, 0, 0.15); border-radius: 3px;' title='1.0'>_||> "
 "of<||_html:</span>_||><||_html:<span style='background-color: rgba(0.0, "
 "165.0, 0, 0.15); border-radius: 3px;' title='1.0'>_||> "
 "type<||_html:</span>_||><||_html:<span style='background-color: rgba(0.0, "
 "165.0, 0, 0.15); border-radius: 3px;' title='1.0'>_||> "
 "String<||_html:</span>_||><||_html:<span style='background-color: rgba(0.0, "
 "165.0, 0, 0.15); border-radius: 3px;' "
 'title=\'1.0\'>_||>."<||_html:</span>_||><||_html:<span '
 "style='background-color: rgba(0.0, 165.0, 0, 0.15); border-radius: 3px;' "
 "title='1.0'>_||>\n"
 "<||_html:</span>_||><||_html:<span style='background-color: rgba(0.0, 165.0, "
 "0, 0.15); border-radius: 3px;' title='1.0'>_||>   "
 "<||_html:</span>_||><||_html:<span style='background-color: rgba(0.0, 165.0, "
 "0, 0.15); border-radius: 3px;' title='1.0'>_||> "
 "},<||_html:</span>_||><||_html:<span style='background-color: rgba(0.0, "
 "165.0, 0, 0.15); border-radius: 3px;' title='1.0'>_||>\n"
 "<||_html:</span>_||><||_html:<span style='background-color: rgba(0.0, 165.0, "
 "0, 0.15); border-radius: 3px;' title='1.0'>_||>   "
 "<||_html:</span>_||><||_html:<span style='background-color: rgba(0.0, 165.0, "
 "0, 0.15); border-radius: 3px;' title='1.0'>_||> "
 "{<||_html:</span>_||><||_html:<span style='background-color: rgba(0.0, "
 "165.0, 0, 0.15); border-radius: 3px;' title='1.0'>_||>\n"
 "<||_html:</span>_||><||_html:<span style='background-color: rgba(0.0, 165.0, "
 "0, 0.15); border-radius: 3px;' title='1.0'>_||>     "
 "<||_html:</span>_||><||_html:<span style='background-color: rgba(0.0, 165.0, "
 "0, 0.15); border-radius: 3px;' title='1.0'>_||> "
 '"<||_html:</span>_||><||_html:<span style=\'background-color: rgba(0.0, '
 "165.0, 0, 0.15); border-radius: 3px;' "
 "title='1.0'>_||>type<||_html:</span>_||><||_html:<span "
 "style='background-color: rgba(0.0, 165.0, 0, 0.15); border-radius: 3px;' "
 'title=\'1.0\'>_||>":<||_html:</span>_||><||_html:<span '
 "style='background-color: rgba(0.0, 165.0, 0, 0.15); border-radius: 3px;' "
 'title=\'1.0\'>_||> "<||_html:</span>_||><||_html:<span '
 "style='background-color: rgba(0.0, 165.0, 0, 0.15); border-radius: 3px;' "
 "title='1.0'>_||>Product<||_html:</span>_||><||_html:<span "
 "style='background-color: rgba(0.0, 165.0, 0, 0.15); border-radius: 3px;' "
 'title=\'1.0\'>_||>",<||_html:</span>_||><||_html:<span '
 "style='background-color: rgba(0.0, 165.0, 0, 0.15); border-radius: 3px;' "
 "title='1.0'>_||>\n"
 "<||_html:</span>_||><||_html:<span style='background-color: rgba(0.0, 165.0, "
 "0, 0.15); border-radius: 3px;' title='1.0'>_||>     "
 "<||_html:</span>_||><||_html:<span style='background-color: rgba(0.0, 165.0, "
 "0, 0.15); border-radius: 3px;' title='1.0'>_||> "
 '"<||_html:</span>_||><||_html:<span style=\'background-color: rgba(0.0, '
 "165.0, 0, 0.15); border-radius: 3px;' "
 "title='1.0'>_||>field<||_html:</span>_||><||_html:<span "
 "style='background-color: rgba(0.0, 165.0, 0, 0.15); border-radius: 3px;' "
 'title=\'1.0\'>_||>":<||_html:</span>_||><||_html:<span '
 "style='background-color: rgba(0.0, 165.0, 0, 0.15); border-radius: 3px;' "
 'title=\'1.0\'>_||> "<||_html:</span>_||><||_html:<span '
 "style='background-color: rgba(0.0, 165.0, 0, 0.15); border-radius: 3px;' "
 "title='1.0'>_||>description<||_html:</span>_||><||_html:<span "
 "style='background-color: rgba(0.0, 165.0, 0, 0.15); border-radius: 3px;' "
 'title=\'1.0\'>_||>",<||_html:</span>_||><||_html:<span '
 "style='background-color: rgba(0.0, 165.0, 0, 0.15); border-radius: 3px;' "
 "title='1.0'>_||>\n"
 "<||_html:</span>_||><||_html:<span style='background-color: rgba(0.0, 165.0, "
 "0, 0.15); border-radius: 3px;' title='1.0'>_||>     "
 "<||_html:</span>_||><||_html:<span style='background-color: rgba(0.0, 165.0, "
 "0, 0.15); border-radius: 3px;' title='1.0'>_||> "
 '"<||_html:</span>_||><||_html:<span style=\'background-color: rgba(0.0, '
 "165.0, 0, 0.15); border-radius: 3px;' "
 "title='1.0'>_||>change<||_html:</span>_||><||_html:<span "
 "style='background-color: rgba(0.0, 165.0, 0, 0.15); border-radius: 3px;' "
 'title=\'1.0\'>_||>":<||_html:</span>_||><||_html:<span '
 "style='background-color: rgba(0.0, 165.0, 0, 0.15); border-radius: 3px;' "
 'title=\'1.0\'>_||> "<||_html:</span>_||><||_html:<span '
 "style='background-color: rgba(0.0, 165.0, 0, 0.15); border-radius: 3px;' "
 "title='1.0'>_||>field<||_html:</span>_||><||_html:<span "
 "style='background-color: rgba(0.0, 165.0, 0, 0.15); border-radius: 3px;' "
 "title='1.0'>_||> removed<||_html:</span>_||><||_html:<span "
 "style='background-color: rgba(0.0, 165.0, 0, 0.15); border-radius: 3px;' "
 'title=\'1.0\'>_||>",<||_html:</span>_||><||_html:<span '
 "style='background-color: rgba(0.0, 165.0, 0, 0.15); border-radius: 3px;' "
 "title='1.0'>_||>\n"
 "<||_html:</span>_||><||_html:<span style='background-color: rgba(0.0, 165.0, "
 "0, 0.15); border-radius: 3px;' title='1.0'>_||>     "
 "<||_html:</span>_||><||_html:<span style='background-color: rgba(0.0, 165.0, "
 "0, 0.15); border-radius: 3px;' title='1.0'>_||> "
 '"<||_html:</span>_||><||_html:<span style=\'background-color: rgba(0.0, '
 "165.0, 0, 0.15); border-radius: 3px;' "
 "title='1.0'>_||>breaking<||_html:</span>_||><||_html:<span "
 "style='background-color: rgba(0.0, 165.0, 0, 0.15); border-radius: 3px;' "
 'title=\'1.0\'>_||>":<||_html:</span>_||><||_html:<span '
 "style='background-color: rgba(0.0, 165.0, 0, 0.15); border-radius: 3px;' "
 'title=\'1.0\'>_||> "<||_html:</span>_||><||_html:<span '
 "style='background-color: rgba(0.0, 165.0, 0, 0.15); border-radius: 3px;' "
 "title='1.0'>_||>true<||_html:</span>_||><||_html:<span "
 "style='background-color: rgba(0.0, 165.0, 0, 0.15); border-radius: 3px;' "
 'title=\'1.0\'>_||>",<||_html:</span>_||><||_html:<span '
 "style='background-color: rgba(0.0, 165.0, 0, 0.15); border-radius: 3px;' "
 "title='1.0'>_||>\n"
 "<||_html:</span>_||><||_html:<span style='background-color: rgba(0.0, 165.0, "
 "0, 0.15); border-radius: 3px;' title='1.0'>_||>     "
 "<||_html:</span>_||><||_html:<span style='background-color: rgba(0.0, 165.0, "
 "0, 0.15); border-radius: 3px;' title='1.0'>_||> "
 '"<||_html:</span>_||><||_html:<span style=\'background-color: rgba(0.0, '
 "165.0, 0, 0.15); border-radius: 3px;' "
 "title='1.0'>_||>release<||_html:</span>_||><||_html:<span "
 "style='background-color: rgba(0.0, 165.0, 0, 0.15); border-radius: 3px;' "
 "title='1.0'>_||>_<||_html:</span>_||><||_html:<span style='background-color: "
 "rgba(0.0, 165.0, 0, 0.15); border-radius: 3px;' "
 "title='1.0'>_||>note<||_html:</span>_||><||_html:<span "
 "style='background-color: rgba(0.0, 165.0, 0, 0.15); border-radius: 3px;' "
 'title=\'1.0\'>_||>":<||_html:</span>_||><||_html:<span '
 "style='background-color: rgba(0.0, 165.0, 0, 0.15); border-radius: 3px;' "
 'title=\'1.0\'>_||> "<||_html:</span>_||><||_html:<span '
 "style='background-color: rgba(0.0, 165.0, 0, 0.15); border-radius: 3px;' "
 "title='1.0'>_||>The<||_html:</span>_||><||_html:<span "
 "style='background-color: rgba(0.0, 165.0, 0, 0.15); border-radius: 3px;' "
 "title='1.0'>_||> '<||_html:</span>_||><||_html:<span "
 "style='background-color: rgba(0.0, 165.0, 0, 0.15); border-radius: 3px;' "
 "title='1.0'>_||>Product<||_html:</span>_||><||_html:<span "
 "style='background-color: rgba(0.0, 165.0, 0, 0.15); border-radius: 3px;' "
 "title='1.0'>_||>'<||_html:</span>_||><||_html:<span style='background-color: "
 "rgba(0.0, 165.0, 0, 0.15); border-radius: 3px;' title='1.0'>_||> "
 "type<||_html:</span>_||><||_html:<span style='background-color: rgba(0.0, "
 "165.0, 0, 0.15); border-radius: 3px;' title='1.0'>_||> "
 "no<||_html:</span>_||><||_html:<span style='background-color: rgba(0.0, "
 "165.0, 0, 0.15); border-radius: 3px;' title='1.0'>_||> "
 "longer<||_html:</span>_||><||_html:<span style='background-color: rgba(0.0, "
 "165.0, 0, 0.15); border-radius: 3px;' title='1.0'>_||> "
 "includes<||_html:</span>_||><||_html:<span style='background-color: "
 "rgba(0.0, 165.0, 0, 0.15); border-radius: 3px;' title='1.0'>_||> "
 "the<||_html:</span>_||><||_html:<span style='background-color: rgba(0.0, "
 "165.0, 0, 0.15); border-radius: 3px;' title='1.0'>_||> "
 "'<||_html:</span>_||><||_html:<span style='background-color: rgba(0.0, "
 "165.0, 0, 0.15); border-radius: 3px;' "
 "title='1.0'>_||>description<||_html:</span>_||><||_html:<span "
 "style='background-color: rgba(0.0, 165.0, 0, 0.15); border-radius: 3px;' "
 "title='1.0'>_||>'<||_html:</span>_||><||_html:<span style='background-color: "
 "rgba(0.0, 165.0, 0, 0.15); border-radius: 3px;' title='1.0'>_||> "
 "field<||_html:</span>_||><||_html:<span style='background-color: rgba(0.0, "
 "165.0, 0, 0.15); border-radius: 3px;' "
 'title=\'1.0\'>_||>."<||_html:</span>_||><||_html:<span '
 "style='background-color: rgba(0.0, 165.0, 0, 0.15); border-radius: 3px;' "
 "title='1.0'>_||>\n"
 "<||_html:</span>_||><||_html:<span style='background-color: rgba(0.0, 165.0, "
 "0, 0.15); border-radius: 3px;' title='1.0'>_||>   "
 "<||_html:</span>_||><||_html:<span style='background-color: rgba(0.0, 165.0, "
 "0, 0.15); border-radius: 3px;' title='1.0'>_||> "
 "},<||_html:</span>_||><||_html:<span style='background-color: rgba(0.0, "
 "165.0, 0, 0.15); border-radius: 3px;' title='1.0'>_||>\n"
 "<||_html:</span>_||><||_html:<span style='background-color: rgba(0.0, 165.0, "
 "0, 0.15); border-radius: 3px;' title='1.0'>_||>   "
 "<||_html:</span>_||><||_html:<span style='background-color: rgba(0.0, 165.0, "
 "0, 0.15); border-radius: 3px;' title='1.0'>_||> "
 "{<||_html:</span>_||><||_html:<span style='background-color: rgba(0.0, "
 "165.0, 0, 0.15); border-radius: 3px;' title='1.0'>_||>\n"
 "<||_html:</span>_||><||_html:<span style='background-color: rgba(0.0, 165.0, "
 "0, 0.15); border-radius: 3px;' title='1.0'>_||>     "
 "<||_html:</span>_||><||_html:<span style='background-color: rgba(0.0, 165.0, "
 "0, 0.15); border-radius: 3px;' title='1.0'>_||> "
 '"<||_html:</span>_||><||_html:<span style=\'background-color: rgba(0.0, '
 "165.0, 0, 0.15); border-radius: 3px;' "
 "title='1.0'>_||>type<||_html:</span>_||><||_html:<span "
 "style='background-color: rgba(0.0, 165.0, 0, 0.15); border-radius: 3px;' "
 'title=\'1.0\'>_||>":<||_html:</span>_||><||_html:<span '
 "style='background-color: rgba(0.0, 165.0, 0, 0.15); border-radius: 3px;' "
 'title=\'1.0\'>_||> "<||_html:</span>_||><||_html:<span '
 "style='background-color: rgba(0.0, 165.0, 0, 0.15); border-radius: 3px;' "
 "title='1.0'>_||>Product<||_html:</span>_||><||_html:<span "
 "style='background-color: rgba(0.0, 165.0, 0, 0.15); border-radius: 3px;' "
 'title=\'1.0\'>_||>",<||_html:</span>_||><||_html:<span '
 "style='background-color: rgba(0.0, 165.0, 0, 0.15); border-radius: 3px;' "
 "title='1.0'>_||>\n"
 "<||_html:</span>_||><||_html:<span style='background-color: rgba(0.0, 165.0, "
 "0, 0.15); border-radius: 3px;' title='1.0'>_||>     "
 "<||_html:</span>_||><||_html:<span style='background-color: rgba(0.0, 165.0, "
 "0, 0.15); border-radius: 3px;' title='1.0'>_||> "
 '"<||_html:</span>_||><||_html:<span style=\'background-color: rgba(0.0, '
 "165.0, 0, 0.15); border-radius: 3px;' "
 "title='1.0'>_||>field<||_html:</span>_||><||_html:<span "
 "style='background-color: rgba(0.0, 165.0, 0, 0.15); border-radius: 3px;' "
 'title=\'1.0\'>_||>":<||_html:</span>_||><||_html:<span '
 "style='background-color: rgba(0.0, 165.0, 0, 0.15); border-radius: 3px;' "
 'title=\'1.0\'>_||> "<||_html:</span>_||><||_html:<span '
 "style='background-color: rgba(0.0, 165.0, 0, 0.15); border-radius: 3px;' "
 "title='1.0'>_||>stock<||_html:</span>_||><||_html:<span "
 "style='background-color: rgba(0.0, 165.0, 0, 0.15); border-radius: 3px;' "
 'title=\'1.0\'>_||>",<||_html:</span>_||><||_html:<span '
 "style='background-color: rgba(0.0, 165.0, 0, 0.15); border-radius: 3px;' "
 "title='1.0'>_||>\n"
 "<||_html:</span>_||><||_html:<span style='background-color: rgba(0.0, 165.0, "
 "0, 0.15); border-radius: 3px;' title='1.0'>_||>     "
 "<||_html:</span>_||><||_html:<span style='background-color: rgba(0.0, 165.0, "
 "0, 0.15); border-radius: 3px;' title='1.0'>_||> "
 '"<||_html:</span>_||><||_html:<span style=\'background-color: rgba(0.0, '
 "165.0, 0, 0.15); border-radius: 3px;' "
 "title='1.0'>_||>change<||_html:</span>_||><||_html:<span "
 "style='background-color: rgba(0.0, 165.0, 0, 0.15); border-radius: 3px;' "
 'title=\'1.0\'>_||>":<||_html:</span>_||><||_html:<span '
 "style='background-color: rgba(0.0, 165.0, 0, 0.15); border-radius: 3px;' "
 'title=\'1.0\'>_||> "<||_html:</span>_||><||_html:<span '
 "style='background-color: rgba(0.0, 165.0, 0, 0.15); border-radius: 3px;' "
 "title='1.0'>_||>field<||_html:</span>_||><||_html:<span "
 "style='background-color: rgba(0.0, 165.0, 0, 0.15); border-radius: 3px;' "
 "title='1.0'>_||> removed<||_html:</span>_||><||_html:<span "
 "style='background-color: rgba(0.0, 165.0, 0, 0.15); border-radius: 3px;' "
 'title=\'1.0\'>_||>",<||_html:</span>_||><||_html:<span '
 "style='background-color: rgba(0.0, 165.0, 0, 0.15); border-radius: 3px;' "
 "title='1.0'>_||>\n"
 "<||_html:</span>_||><||_html:<span style='background-color: rgba(0.0, 165.0, "
 "0, 0.15); border-radius: 3px;' title='1.0'>_||>     "
 "<||_html:</span>_||><||_html:<span style='background-color: rgba(0.0, 165.0, "
 "0, 0.15); border-radius: 3px;' title='1.0'>_||> "
 '"<||_html:</span>_||><||_html:<span style=\'background-color: rgba(0.0, '
 "165.0, 0, 0.15); border-radius: 3px;' "
 "title='1.0'>_||>breaking<||_html:</span>_||><||_html:<span "
 "style='background-color: rgba(0.0, 165.0, 0, 0.15); border-radius: 3px;' "
 'title=\'1.0\'>_||>":<||_html:</span>_||><||_html:<span '
 "style='background-color: rgba(0.0, 165.0, 0, 0.15); border-radius: 3px;' "
 'title=\'1.0\'>_||> "<||_html:</span>_||><||_html:<span '
 "style='background-color: rgba(0.0, 165.0, 0, 0.15); border-radius: 3px;' "
 "title='1.0'>_||>true<||_html:</span>_||><||_html:<span "
 "style='background-color: rgba(0.0, 165.0, 0, 0.15); border-radius: 3px;' "
 'title=\'1.0\'>_||>",<||_html:</span>_||><||_html:<span '
 "style='background-color: rgba(0.0, 165.0, 0, 0.15); border-radius: 3px;' "
 "title='1.0'>_||>\n"
 "<||_html:</span>_||><||_html:<span style='background-color: rgba(0.0, 165.0, "
 "0, 0.15); border-radius: 3px;' title='1.0'>_||>     "
 "<||_html:</span>_||><||_html:<span style='background-color: rgba(0.0, 165.0, "
 "0, 0.15); border-radius: 3px;' title='1.0'>_||> "
 '"<||_html:</span>_||><||_html:<span style=\'background-color: rgba(0.0, '
 "165.0, 0, 0.15); border-radius: 3px;' "
 "title='1.0'>_||>release<||_html:</span>_||><||_html:<span "
 "style='background-color: rgba(0.0, 165.0, 0, 0.15); border-radius: 3px;' "
 "title='1.0'>_||>_<||_html:</span>_||><||_html:<span style='background-color: "
 "rgba(0.0, 165.0, 0, 0.15); border-radius: 3px;' "
 "title='1.0'>_||>note<||_html:</span>_||><||_html:<span "
 "style='background-color: rgba(0.0, 165.0, 0, 0.15); border-radius: 3px;' "
 'title=\'1.0\'>_||>":<||_html:</span>_||><||_html:<span '
 "style='background-color: rgba(0.0, 165.0, 0, 0.15); border-radius: 3px;' "
 'title=\'1.0\'>_||> "<||_html:</span>_||><||_html:<span '
 "style='background-color: rgba(0.0, 165.0, 0, 0.15); border-radius: 3px;' "
 "title='1.0'>_||>The<||_html:</span>_||><||_html:<span "
 "style='background-color: rgba(0.0, 165.0, 0, 0.15); border-radius: 3px;' "
 "title='1.0'>_||> '<||_html:</span>_||><||_html:<span "
 "style='background-color: rgba(0.0, 165.0, 0, 0.15); border-radius: 3px;' "
 "title='1.0'>_||>Product<||_html:</span>_||><||_html:<span "
 "style='background-color: rgba(0.0, 165.0, 0, 0.15); border-radius: 3px;' "
 "title='1.0'>_||>'<||_html:</span>_||><||_html:<span style='background-color: "
 "rgba(0.0, 165.0, 0, 0.15); border-radius: 3px;' title='1.0'>_||> "
 "type<||_html:</span>_||><||_html:<span style='background-color: rgba(0.0, "
 "165.0, 0, 0.15); border-radius: 3px;' title='1.0'>_||> "
 "no<||_html:</span>_||><||_html:<span style='background-color: rgba(0.0, "
 "165.0, 0, 0.15); border-radius: 3px;' title='1.0'>_||> "
 "longer<||_html:</span>_||><||_html:<span style='background-color: rgba(0.0, "
 "165.0, 0, 0.15); border-radius: 3px;' title='1.0'>_||> "
 "includes<||_html:</span>_||><||_html:<span style='background-color: "
 "rgba(0.0, 165.0, 0, 0.15); border-radius: 3px;' title='1.0'>_||> "
 "the<||_html:</span>_||><||_html:<span style='background-color: rgba(0.0, "
 "165.0, 0, 0.15); border-radius: 3px;' title='1.0'>_||> "
 "'<||_html:</span>_||><||_html:<span style='background-color: rgba(0.0, "
 "165.0, 0, 0.15); border-radius: 3px;' "
 "title='1.0'>_||>stock<||_html:</span>_||><||_html:<span "
 "style='background-color: rgba(0.0, 165.0, 0, 0.15); border-radius: 3px;' "
 "title='1.0'>_||>'<||_html:</span>_||><||_html:<span style='background-color: "
 "rgba(0.0, 165.0, 0, 0.15); border-radius: 3px;' title='1.0'>_||> "
 "field<||_html:</span>_||><||_html:<span style='background-color: rgba(0.0, "
 "165.0, 0, 0.15); border-radius: 3px;' "
 'title=\'1.0\'>_||>."<||_html:</span>_||><||_html:<span '
 "style='background-color: rgba(0.0, 165.0, 0, 0.15); border-radius: 3px;' "
 "title='1.0'>_||>\n"
 "<||_html:</span>_||><||_html:<span style='background-color: rgba(0.0, 165.0, "
 "0, 0.15); border-radius: 3px;' title='1.0'>_||>   "
 "<||_html:</span>_||><||_html:<span style='background-color: rgba(0.0, 165.0, "
 "0, 0.15); border-radius: 3px;' title='1.0'>_||> "
 "}<||_html:</span>_||><||_html:<span style='background-color: rgba(0.0, "
 "165.0, 0, 0.15); border-radius: 3px;' title='1.0'>_||>\n"
 "<||_html:</span>_||><||_html:<span style='background-color: rgba(0.0, 165.0, "
 "0, 0.15); border-radius: 3px;' title='1.0'>_||> "
 "<||_html:</span>_||><||_html:<span style='background-color: rgba(0.0, 165.0, "
 "0, 0.15); border-radius: 3px;' title='1.0'>_||> "
 "],<||_html:</span>_||><||_html:<span style='background-color: rgba(0.0, "
 "165.0, 0, 0.15); border-radius: 3px;' title='1.0'>_||>\n"
 "<||_html:</span>_||><||_html:<span style='background-color: rgba(0.0, 165.0, "
 "0, 0.15); border-radius: 3px;' title='1.0'>_||> "
 "<||_html:</span>_||><||_html:<span style='background-color: rgba(0.0, 165.0, "
 "0, 0.15); border-radius: 3px;' title='1.0'>_||> "
 '"<||_html:</span>_||><||_html:<span style=\'background-color: rgba(0.0, '
 "165.0, 0, 0.15); border-radius: 3px;' "
 "title='1.0'>_||>release<||_html:</span>_||><||_html:<span "
 "style='background-color: rgba(0.0, 165.0, 0, 0.15); border-radius: 3px;' "
 "title='1.0'>_||>_<||_html:</span>_||><||_html:<span style='background-color: "
 "rgba(0.0, 165.0, 0, 0.15); border-radius: 3px;' "
 "title='1.0'>_||>notes<||_html:</span>_||><||_html:<span "
 "style='background-color: rgba(0.0, 165.0, 0, 0.15); border-radius: 3px;' "
 'title=\'1.0\'>_||>":<||_html:</span>_||><||_html:<span '
 "style='background-color: rgba(0.0, 165.0, 0, 0.15); border-radius: 3px;' "
 "title='1.0'>_||> {<||_html:</span>_||><||_html:<span "
 "style='background-color: rgba(0.0, 165.0, 0, 0.15); border-radius: 3px;' "
 "title='1.0'>_||>\n"
 "<||_html:</span>_||><||_html:<span style='background-color: rgba(0.0, 165.0, "
 "0, 0.15); border-radius: 3px;' title='1.0'>_||>   "
 "<||_html:</span>_||><||_html:<span style='background-color: rgba(0.0, 165.0, "
 "0, 0.15); border-radius: 3px;' title='1.0'>_||> "
 '"<||_html:</span>_||><||_html:<span style=\'background-color: rgba(0.0, '
 "165.0, 0, 0.15); border-radius: 3px;' "
 "title='1.0'>_||>summary<||_html:</span>_||><||_html:<span "
 "style='background-color: rgba(0.0, 165.0, 0, 0.15); border-radius: 3px;' "
 'title=\'1.0\'>_||>":<||_html:</span>_||><||_html:<span '
 "style='background-color: rgba(0.0, 165.0, 0, 0.15); border-radius: 3px;' "
 'title=\'1.0\'>_||> "<||_html:</span>_||><||_html:<span '
 "style='background-color: rgba(0.0, 165.0, 0, 0.15); border-radius: 3px;' "
 "title='1.0'>_||>The<||_html:</span>_||><||_html:<span "
 "style='background-color: rgba(0.0, 165.0, 0, 0.15); border-radius: 3px;' "
 "title='1.0'>_||> '<||_html:</span>_||><||_html:<span "
 "style='background-color: rgba(0.0, 165.0, 0, 0.15); border-radius: 3px;' "
 "title='1.0'>_||>get<||_html:</span>_||><||_html:<span "
 "style='background-color: rgba(0.0, 165.0, 0, 0.15); border-radius: 3px;' "
 "title='1.0'>_||>Product<||_html:</span>_||><||_html:<span "
 "style='background-color: rgba(0.0, 165.0, 0, 0.15); border-radius: 3px;' "
 "title='1.0'>_||>'<||_html:</span>_||><||_html:<span style='background-color: "
 "rgba(0.0, 165.0, 0, 0.15); border-radius: 3px;' title='1.0'>_||> "
 "query<||_html:</span>_||><||_html:<span style='background-color: rgba(0.0, "
 "165.0, 0, 0.15); border-radius: 3px;' title='1.0'>_||> "
 "now<||_html:</span>_||><||_html:<span style='background-color: rgba(0.0, "
 "165.0, 0, 0.15); border-radius: 3px;' title='1.0'>_||> "
 "includes<||_html:</span>_||><||_html:<span style='background-color: "
 "rgba(0.0, 165.0, 0, 0.15); border-radius: 3px;' title='1.0'>_||> "
 "a<||_html:</span>_||><||_html:<span style='background-color: rgba(0.0, "
 "165.0, 0, 0.15); border-radius: 3px;' title='1.0'>_||> "
 "new<||_html:</span>_||><||_html:<span style='background-color: rgba(0.0, "
 "165.0, 0, 0.15); border-radius: 3px;' title='1.0'>_||> "
 "field<||_html:</span>_||><||_html:<span style='background-color: rgba(0.0, "
 "165.0, 0, 0.15); border-radius: 3px;' title='1.0'>_||> "
 "'<||_html:</span>_||><||_html:<span style='background-color: rgba(0.0, "
 "165.0, 0, 0.15); border-radius: 3px;' "
 "title='1.0'>_||>details<||_html:</span>_||><||_html:<span "
 "style='background-color: rgba(0.0, 165.0, 0, 0.15); border-radius: 3px;' "
 "title='1.0'>_||>'<||_html:</span>_||><||_html:<span style='background-color: "
 "rgba(0.0, 165.0, 0, 0.15); border-radius: 3px;' title='1.0'>_||> "
 "of<||_html:</span>_||><||_html:<span style='background-color: rgba(0.0, "
 "165.0, 0, 0.15); border-radius: 3px;' title='1.0'>_||> "
 "type<||_html:</span>_||><||_html:<span style='background-color: rgba(0.0, "
 "165.0, 0, 0.15); border-radius: 3px;' title='1.0'>_||> "
 "String<||_html:</span>_||><||_html:<span style='background-color: rgba(0.0, "
 "165.0, 0, 0.15); border-radius: 3px;' "
 "title='1.0'>_||>.<||_html:</span>_||><||_html:<span style='background-color: "
 "rgba(0.0, 165.0, 0, 0.15); border-radius: 3px;' title='1.0'>_||> "
 "The<||_html:</span>_||><||_html:<span style='background-color: rgba(0.0, "
 "165.0, 0, 0.15); border-radius: 3px;' title='1.0'>_||> "
 "'<||_html:</span>_||><||_html:<span style='background-color: rgba(0.0, "
 "165.0, 0, 0.15); border-radius: 3px;' "
 "title='1.0'>_||>Product<||_html:</span>_||><||_html:<span "
 "style='background-color: rgba(0.0, 165.0, 0, 0.15); border-radius: 3px;' "
 "title='1.0'>_||>'<||_html:</span>_||><||_html:<span style='background-color: "
 "rgba(0.0, 165.0, 0, 0.15); border-radius: 3px;' title='1.0'>_||> "
 "type<||_html:</span>_||><||_html:<span style='background-color: rgba(0.0, "
 "165.0, 0, 0.15); border-radius: 3px;' title='1.0'>_||> "
 "no<||_html:</span>_||><||_html:<span style='background-color: rgba(0.0, "
 "165.0, 0, 0.15); border-radius: 3px;' title='1.0'>_||> "
 "longer<||_html:</span>_||><||_html:<span style='background-color: rgba(0.0, "
 "165.0, 0, 0.15); border-radius: 3px;' title='1.0'>_||> "
 "includes<||_html:</span>_||><||_html:<span style='background-color: "
 "rgba(0.0, 165.0, 0, 0.15); border-radius: 3px;' title='1.0'>_||> "
 "the<||_html:</span>_||><||_html:<span style='background-color: rgba(0.0, "
 "165.0, 0, 0.15); border-radius: 3px;' title='1.0'>_||> "
 "'<||_html:</span>_||><||_html:<span style='background-color: rgba(0.0, "
 "165.0, 0, 0.15); border-radius: 3px;' "
 "title='1.0'>_||>description<||_html:</span>_||><||_html:<span "
 "style='background-color: rgba(0.0, 165.0, 0, 0.15); border-radius: 3px;' "
 "title='1.0'>_||>'<||_html:</span>_||><||_html:<span style='background-color: "
 "rgba(0.0, 165.0, 0, 0.15); border-radius: 3px;' title='1.0'>_||> "
 "and<||_html:</span>_||><||_html:<span style='background-color: rgba(0.0, "
 "165.0, 0, 0.15); border-radius: 3px;' title='1.0'>_||> "
 "'<||_html:</span>_||><||_html:<span style='background-color: rgba(0.0, "
 "165.0, 0, 0.15); border-radius: 3px;' "
 "title='1.0'>_||>stock<||_html:</span>_||><||_html:<span "
 "style='background-color: rgba(0.0, 165.0, 0, 0.15); border-radius: 3px;' "
 "title='1.0'>_||>'<||_html:</span>_||><||_html:<span style='background-color: "
 "rgba(0.0, 165.0, 0, 0.15); border-radius: 3px;' title='1.0'>_||> "
 "fields<||_html:</span>_||><||_html:<span style='background-color: rgba(0.0, "
 "165.0, 0, 0.15); border-radius: 3px;' "
 'title=\'1.0\'>_||>."<||_html:</span>_||><||_html:<span '
 "style='background-color: rgba(0.0, 165.0, 0, 0.15); border-radius: 3px;' "
 "title='1.0'>_||>\n"
 "<||_html:</span>_||><||_html:<span style='background-color: rgba(0.0, 165.0, "
 "0, 0.15); border-radius: 3px;' title='1.0'>_||> "
 "<||_html:</span>_||><||_html:<span style='background-color: rgba(0.0, 165.0, "
 "0, 0.15); border-radius: 3px;' title='1.0'>_||> "
 "}<||_html:</span>_||><||_html:<span style='background-color: rgba(0.0, "
 "165.0, 0, 0.15); border-radius: 3px;' title='1.0'>_||>\n"
 "<||_html:</span>_||><||_html:<span style='background-color: rgba(0.0, 165.0, "
 "0, 0.15); border-radius: 3px;' "
 'title=\'1.0\'>_||>}<||_html:</span>_||>{"changes":<||_html:<span '
 "style='background-color: rgba(0.0, 165.0, 0, 0.15); border-radius: 3px;' "
 "title='1.0'>_||>[<||_html:</span>_||><||_html:<span style='background-color: "
 "rgba(0.0, 165.0, 0, 0.15); border-radius: 3px;' "
 'title=\'1.0\'>_||>{"<||_html:</span>_||>type<||_html:<span '
 "style='background-color: rgba(0.0, 165.0, 0, 0.15); border-radius: 3px;' "
 'title=\'1.0\'>_||>":"<||_html:</span>_||><||_html:<span '
 "style='background-color: rgba(0.0, 165.0, 0, 0.15); border-radius: 3px;' "
 "title='1.0'>_||>Query<||_html:</span>_||><||_html:<span "
 "style='background-color: rgba(0.0, 165.0, 0, 0.15); border-radius: 3px;' "
 'title=\'1.0\'>_||>","<||_html:</span>_||>field<||_html:<span '
 "style='background-color: rgba(0.0, 165.0, 0, 0.15); border-radius: 3px;' "
 'title=\'1.0\'>_||>":"<||_html:</span>_||><||_html:<span '
 "style='background-color: rgba(0.0, 165.0, 0, 0.15); border-radius: 3px;' "
 "title='1.0'>_||>get<||_html:</span>_||><||_html:<span "
 "style='background-color: rgba(0.0, 165.0, 0, 0.15); border-radius: 3px;' "
 "title='1.0'>_||>Product<||_html:</span>_||><||_html:<span "
 "style='background-color: rgba(0.0, 165.0, 0, 0.15); border-radius: 3px;' "
 'title=\'1.0\'>_||>","<||_html:</span>_||>change<||_html:<span '
 "style='background-color: rgba(0.0, 165.0, 0, 0.15); border-radius: 3px;' "
 'title=\'1.0\'>_||>":"<||_html:</span>_||><||_html:<span '
 "style='background-color: rgba(0.0, 165.0, 0, 0.15); border-radius: 3px;' "
 "title='1.0'>_||>field<||_html:</span>_||><||_html:<span "
 "style='background-color: rgba(0.0, 165.0, 0, 0.15); border-radius: 3px;' "
 "title='1.0'>_||> details<||_html:</span>_||><||_html:<span "
 "style='background-color: rgba(0.0, 165.0, 0, 0.15); border-radius: 3px;' "
 "title='1.0'>_||> added<||_html:</span>_||><||_html:<span "
 "style='background-color: rgba(0.0, 165.0, 0, 0.15); border-radius: 3px;' "
 'title=\'1.0\'>_||>","<||_html:</span>_||>breaking<||_html:<span '
 "style='background-color: rgba(0.0, 165.0, 0, 0.15); border-radius: 3px;' "
 'title=\'1.0\'>_||>":<||_html:</span>_||><||_html:<span '
 "style='background-color: rgba(0.0, 165.0, 0, 0.15); border-radius: 3px;' "
 'title=\'1.0\'>_||>false<||_html:</span>_||>,"release_note<||_html:<span '
 "style='background-color: rgba(0.0, 165.0, 0, 0.15); border-radius: 3px;' "
 'title=\'1.0\'>_||>":"<||_html:</span>_||><||_html:<span '
 "style='background-color: rgba(0.0, 165.0, 0, 0.15); border-radius: 3px;' "
 "title='1.0'>_||>The<||_html:</span>_||><||_html:<span "
 "style='background-color: rgba(0.0, 165.0, 0, 0.15); border-radius: 3px;' "
 "title='1.0'>_||> '<||_html:</span>_||><||_html:<span "
 "style='background-color: rgba(0.0, 165.0, 0, 0.15); border-radius: 3px;' "
 "title='1.0'>_||>get<||_html:</span>_||><||_html:<span "
 "style='background-color: rgba(0.0, 165.0, 0, 0.15); border-radius: 3px;' "
 "title='1.0'>_||>Product<||_html:</span>_||><||_html:<span "
 "style='background-color: rgba(0.0, 165.0, 0, 0.15); border-radius: 3px;' "
 "title='1.0'>_||>'<||_html:</span>_||><||_html:<span style='background-color: "
 "rgba(0.0, 165.0, 0, 0.15); border-radius: 3px;' title='1.0'>_||> "
 "query<||_html:</span>_||><||_html:<span style='background-color: rgba(0.0, "
 "165.0, 0, 0.15); border-radius: 3px;' title='1.0'>_||> "
 "now<||_html:</span>_||><||_html:<span style='background-color: rgba(0.0, "
 "165.0, 0, 0.15); border-radius: 3px;' title='1.0'>_||> "
 "includes<||_html:</span>_||><||_html:<span style='background-color: "
 "rgba(0.0, 165.0, 0, 0.15); border-radius: 3px;' title='1.0'>_||> "
 "a<||_html:</span>_||><||_html:<span style='background-color: rgba(0.0, "
 "165.0, 0, 0.15); border-radius: 3px;' title='1.0'>_||> "
 "new<||_html:</span>_||><||_html:<span style='background-color: rgba(0.0, "
 "165.0, 0, 0.15); border-radius: 3px;' title='1.0'>_||> "
 "field<||_html:</span>_||><||_html:<span style='background-color: rgba(0.0, "
 "165.0, 0, 0.15); border-radius: 3px;' title='1.0'>_||> "
 "'<||_html:</span>_||><||_html:<span style='background-color: rgba(0.0, "
 "165.0, 0, 0.15); border-radius: 3px;' "
 "title='1.0'>_||>details<||_html:</span>_||><||_html:<span "
 "style='background-color: rgba(0.0, 165.0, 0, 0.15); border-radius: 3px;' "
 "title='1.0'>_||>'<||_html:</span>_||><||_html:<span style='background-color: "
 "rgba(0.0, 165.0, 0, 0.15); border-radius: 3px;' title='1.0'>_||> "
 "of<||_html:</span>_||><||_html:<span style='background-color: rgba(0.0, "
 "165.0, 0, 0.15); border-radius: 3px;' title='1.0'>_||> "
 "type<||_html:</span>_||><||_html:<span style='background-color: rgba(0.0, "
 "165.0, 0, 0.15); border-radius: 3px;' title='1.0'>_||> "
 "String<||_html:</span>_||><||_html:<span style='background-color: rgba(0.0, "
 "165.0, 0, 0.15); border-radius: 3px;' "
 'title=\'1.0\'>_||>."<||_html:</span>_||><||_html:<span '
 "style='background-color: rgba(0.0, 165.0, 0, 0.15); border-radius: 3px;' "
 'title=\'1.0\'>_||>},<||_html:</span>_||>{"type<||_html:<span '
 "style='background-color: rgba(0.0, 165.0, 0, 0.15); border-radius: 3px;' "
 'title=\'1.0\'>_||>":"<||_html:</span>_||><||_html:<span '
 "style='background-color: rgba(0.0, 165.0, 0, 0.15); border-radius: 3px;' "
 "title='1.0'>_||>Product<||_html:</span>_||><||_html:<span "
 "style='background-color: rgba(0.0, 165.0, 0, 0.15); border-radius: 3px;' "
 'title=\'1.0\'>_||>","<||_html:</span>_||>field<||_html:<span '
 "style='background-color: rgba(0.0, 165.0, 0, 0.15); border-radius: 3px;' "
 'title=\'1.0\'>_||>":"<||_html:</span>_||><||_html:<span '
 "style='background-color: rgba(0.0, 165.0, 0, 0.15); border-radius: 3px;' "
 "title='1.0'>_||>description<||_html:</span>_||><||_html:<span "
 "style='background-color: rgba(0.0, 165.0, 0, 0.15); border-radius: 3px;' "
 'title=\'1.0\'>_||>","<||_html:</span>_||>change<||_html:<span '
 "style='background-color: rgba(0.0, 165.0, 0, 0.15); border-radius: 3px;' "
 'title=\'1.0\'>_||>":"<||_html:</span>_||><||_html:<span '
 "style='background-color: rgba(0.0, 165.0, 0, 0.15); border-radius: 3px;' "
 "title='1.0'>_||>field<||_html:</span>_||><||_html:<span "
 "style='background-color: rgba(0.0, 165.0, 0, 0.15); border-radius: 3px;' "
 "title='1.0'>_||> removed<||_html:</span>_||><||_html:<span "
 "style='background-color: rgba(0.0, 165.0, 0, 0.15); border-radius: 3px;' "
 "title='1.0'>_||>")
('Analyze the following two GraphQL schemas for changes, including both '
 'breaking and non-breaking changes.\n'
 '\n'
 '                        Provide your analysis in the following JSON format:\n'
 '                        {\n'
 '                          "changes": [\n'
 '                            {\n'
 '                              "type": "String representing the GraphQL type '
 '(e.g., Query, Mutation, Subscription)",\n'
 '                              "field": "String representing the specific '
 'field that changed",\n'
 '                              "change": "String describing the change (e.g., '
 'field renamed, new field added, field removed)",\n'
 '                              "breaking": "Boolean indicating if the change '
 'is breaking (true) or non-breaking (false)",\n'
 '                              "release_note": "String with a natural '
 'language description of the change for release notes"\n'
 '                            }\n'
 '                          ],\n'
 '                          "release_notes": {\n'
 '                              "summary": "String summarizing all changes, '
 'suitable for a mailing list or public announcement"\n'
 '                          }\n'
 '                        }\n'
 '\n'
 '                        When analyzing, consider the following types of '
 'changes:\n'
 '                        1. Removing fields or types (breaking)\n'
 '                        2. Changing field types (potentially breaking)\n'
 '                        3. Adding required fields (breaking)\n'
 '                        4. Changing the type of existing arguments '
 '(breaking)\n'
 '                        5. Adding optional fields (non-breaking)\n'
 '                        6. Adding new types (non-breaking)\n'
 '                        7. Deprecating fields (non-breaking)\n'
 '\n'
 '                        Ensure that each change is categorized correctly as '
 'breaking or non-breaking.: type Query {\n'
 '  getProduct(id: ID!): Product\n'
 '}\n'
 '\n'
 'type Product {\n'
 '  id: ID\n'
 '  name: String\n'
 '  description: String\n'
 '  price: Float\n'
 '  stock: Int\n'
 '}\n'
 ', type Query {\n'
 '  getProduct(id: ID!): Product\n'
 '}\n'
 '\n'
 'type Product {\n'
 '  id: ID\n'
 '  name: String\n'
 '  details: String\n'
 '  price: Float\n'
 '}\n'
 '\n'
 "Answer:<||_html:<span style='background-color: rgba(0.0, 165.0, 0, 0.15); "
 "border-radius: 3px;' title='1.0'>_||> {<||_html:</span>_||><||_html:<span "
 "style='background-color: rgba(0.0, 165.0, 0, 0.15); border-radius: 3px;' "
 "title='1.0'>_||>\n"
 "<||_html:</span>_||><||_html:<span style='background-color: rgba(0.0, 165.0, "
 "0, 0.15); border-radius: 3px;' title='1.0'>_||> "
 "<||_html:</span>_||><||_html:<span style='background-color: rgba(0.0, 165.0, "
 "0, 0.15); border-radius: 3px;' title='1.0'>_||> "
 '"<||_html:</span>_||><||_html:<span style=\'background-color: rgba(0.0, '
 "165.0, 0, 0.15); border-radius: 3px;' "
 "title='1.0'>_||>changes<||_html:</span>_||><||_html:<span "
 "style='background-color: rgba(0.0, 165.0, 0, 0.15); border-radius: 3px;' "
 'title=\'1.0\'>_||>":<||_html:</span>_||><||_html:<span '
 "style='background-color: rgba(0.0, 165.0, 0, 0.15); border-radius: 3px;' "
 "title='1.0'>_||> [<||_html:</span>_||><||_html:<span "
 "style='background-color: rgba(0.0, 165.0, 0, 0.15); border-radius: 3px;' "
 "title='1.0'>_||>\n"
 "<||_html:</span>_||><||_html:<span style='background-color: rgba(0.0, 165.0, "
 "0, 0.15); border-radius: 3px;' title='1.0'>_||>   "
 "<||_html:</span>_||><||_html:<span style='background-color: rgba(0.0, 165.0, "
 "0, 0.15); border-radius: 3px;' title='1.0'>_||> "
 "{<||_html:</span>_||><||_html:<span style='background-color: rgba(0.0, "
 "165.0, 0, 0.15); border-radius: 3px;' title='1.0'>_||>\n"
 "<||_html:</span>_||><||_html:<span style='background-color: rgba(0.0, 165.0, "
 "0, 0.15); border-radius: 3px;' title='1.0'>_||>     "
 "<||_html:</span>_||><||_html:<span style='background-color: rgba(0.0, 165.0, "
 "0, 0.15); border-radius: 3px;' title='1.0'>_||> "
 '"<||_html:</span>_||><||_html:<span style=\'background-color: rgba(0.0, '
 "165.0, 0, 0.15); border-radius: 3px;' "
 "title='1.0'>_||>type<||_html:</span>_||><||_html:<span "
 "style='background-color: rgba(0.0, 165.0, 0, 0.15); border-radius: 3px;' "
 'title=\'1.0\'>_||>":<||_html:</span>_||><||_html:<span '
 "style='background-color: rgba(0.0, 165.0, 0, 0.15); border-radius: 3px;' "
 'title=\'1.0\'>_||> "<||_html:</span>_||><||_html:<span '
 "style='background-color: rgba(0.0, 165.0, 0, 0.15); border-radius: 3px;' "
 "title='1.0'>_||>Query<||_html:</span>_||><||_html:<span "
 "style='background-color: rgba(0.0, 165.0, 0, 0.15); border-radius: 3px;' "
 'title=\'1.0\'>_||>",<||_html:</span>_||><||_html:<span '
 "style='background-color: rgba(0.0, 165.0, 0, 0.15); border-radius: 3px;' "
 "title='1.0'>_||>\n"
 "<||_html:</span>_||><||_html:<span style='background-color: rgba(0.0, 165.0, "
 "0, 0.15); border-radius: 3px;' title='1.0'>_||>     "
 "<||_html:</span>_||><||_html:<span style='background-color: rgba(0.0, 165.0, "
 "0, 0.15); border-radius: 3px;' title='1.0'>_||> "
 '"<||_html:</span>_||><||_html:<span style=\'background-color: rgba(0.0, '
 "165.0, 0, 0.15); border-radius: 3px;' "
 "title='1.0'>_||>field<||_html:</span>_||><||_html:<span "
 "style='background-color: rgba(0.0, 165.0, 0, 0.15); border-radius: 3px;' "
 'title=\'1.0\'>_||>":<||_html:</span>_||><||_html:<span '
 "style='background-color: rgba(0.0, 165.0, 0, 0.15); border-radius: 3px;' "
 'title=\'1.0\'>_||> "<||_html:</span>_||><||_html:<span '
 "style='background-color: rgba(0.0, 165.0, 0, 0.15); border-radius: 3px;' "
 "title='1.0'>_||>get<||_html:</span>_||><||_html:<span "
 "style='background-color: rgba(0.0, 165.0, 0, 0.15); border-radius: 3px;' "
 "title='1.0'>_||>Product<||_html:</span>_||><||_html:<span "
 "style='background-color: rgba(0.0, 165.0, 0, 0.15); border-radius: 3px;' "
 'title=\'1.0\'>_||>",<||_html:</span>_||><||_html:<span '
 "style='background-color: rgba(0.0, 165.0, 0, 0.15); border-radius: 3px;' "
 "title='1.0'>_||>\n"
 "<||_html:</span>_||><||_html:<span style='background-color: rgba(0.0, 165.0, "
 "0, 0.15); border-radius: 3px;' title='1.0'>_||>     "
 "<||_html:</span>_||><||_html:<span style='background-color: rgba(0.0, 165.0, "
 "0, 0.15); border-radius: 3px;' title='1.0'>_||> "
 '"<||_html:</span>_||><||_html:<span style=\'background-color: rgba(0.0, '
 "165.0, 0, 0.15); border-radius: 3px;' "
 "title='1.0'>_||>change<||_html:</span>_||><||_html:<span "
 "style='background-color: rgba(0.0, 165.0, 0, 0.15); border-radius: 3px;' "
 'title=\'1.0\'>_||>":<||_html:</span>_||><||_html:<span '
 "style='background-color: rgba(0.0, 165.0, 0, 0.15); border-radius: 3px;' "
 'title=\'1.0\'>_||> "<||_html:</span>_||><||_html:<span '
 "style='background-color: rgba(0.0, 165.0, 0, 0.15); border-radius: 3px;' "
 "title='1.0'>_||>field<||_html:</span>_||><||_html:<span "
 "style='background-color: rgba(0.0, 165.0, 0, 0.15); border-radius: 3px;' "
 "title='1.0'>_||> details<||_html:</span>_||><||_html:<span "
 "style='background-color: rgba(0.0, 165.0, 0, 0.15); border-radius: 3px;' "
 "title='1.0'>_||> added<||_html:</span>_||><||_html:<span "
 "style='background-color: rgba(0.0, 165.0, 0, 0.15); border-radius: 3px;' "
 'title=\'1.0\'>_||>",<||_html:</span>_||><||_html:<span '
 "style='background-color: rgba(0.0, 165.0, 0, 0.15); border-radius: 3px;' "
 "title='1.0'>_||>\n"
 "<||_html:</span>_||><||_html:<span style='background-color: rgba(0.0, 165.0, "
 "0, 0.15); border-radius: 3px;' title='1.0'>_||>     "
 "<||_html:</span>_||><||_html:<span style='background-color: rgba(0.0, 165.0, "
 "0, 0.15); border-radius: 3px;' title='1.0'>_||> "
 '"<||_html:</span>_||><||_html:<span style=\'background-color: rgba(0.0, '
 "165.0, 0, 0.15); border-radius: 3px;' "
 "title='1.0'>_||>breaking<||_html:</span>_||><||_html:<span "
 "style='background-color: rgba(0.0, 165.0, 0, 0.15); border-radius: 3px;' "
 'title=\'1.0\'>_||>":<||_html:</span>_||><||_html:<span '
 "style='background-color: rgba(0.0, 165.0, 0, 0.15); border-radius: 3px;' "
 'title=\'1.0\'>_||> "<||_html:</span>_||><||_html:<span '
 "style='background-color: rgba(0.0, 165.0, 0, 0.15); border-radius: 3px;' "
 "title='1.0'>_||>false<||_html:</span>_||><||_html:<span "
 "style='background-color: rgba(0.0, 165.0, 0, 0.15); border-radius: 3px;' "
 'title=\'1.0\'>_||>",<||_html:</span>_||><||_html:<span '
 "style='background-color: rgba(0.0, 165.0, 0, 0.15); border-radius: 3px;' "
 "title='1.0'>_||>\n"
 "<||_html:</span>_||><||_html:<span style='background-color: rgba(0.0, 165.0, "
 "0, 0.15); border-radius: 3px;' title='1.0'>_||>     "
 "<||_html:</span>_||><||_html:<span style='background-color: rgba(0.0, 165.0, "
 "0, 0.15); border-radius: 3px;' title='1.0'>_||> "
 '"<||_html:</span>_||><||_html:<span style=\'background-color: rgba(0.0, '
 "165.0, 0, 0.15); border-radius: 3px;' "
 "title='1.0'>_||>release<||_html:</span>_||><||_html:<span "
 "style='background-color: rgba(0.0, 165.0, 0, 0.15); border-radius: 3px;' "
 "title='1.0'>_||>_<||_html:</span>_||><||_html:<span style='background-color: "
 "rgba(0.0, 165.0, 0, 0.15); border-radius: 3px;' "
 "title='1.0'>_||>note<||_html:</span>_||><||_html:<span "
 "style='background-color: rgba(0.0, 165.0, 0, 0.15); border-radius: 3px;' "
 'title=\'1.0\'>_||>":<||_html:</span>_||><||_html:<span '
 "style='background-color: rgba(0.0, 165.0, 0, 0.15); border-radius: 3px;' "
 'title=\'1.0\'>_||> "<||_html:</span>_||><||_html:<span '
 "style='background-color: rgba(0.0, 165.0, 0, 0.15); border-radius: 3px;' "
 "title='1.0'>_||>The<||_html:</span>_||><||_html:<span "
 "style='background-color: rgba(0.0, 165.0, 0, 0.15); border-radius: 3px;' "
 "title='1.0'>_||> '<||_html:</span>_||><||_html:<span "
 "style='background-color: rgba(0.0, 165.0, 0, 0.15); border-radius: 3px;' "
 "title='1.0'>_||>get<||_html:</span>_||><||_html:<span "
 "style='background-color: rgba(0.0, 165.0, 0, 0.15); border-radius: 3px;' "
 "title='1.0'>_||>Product<||_html:</span>_||><||_html:<span "
 "style='background-color: rgba(0.0, 165.0, 0, 0.15); border-radius: 3px;' "
 "title='1.0'>_||>'<||_html:</span>_||><||_html:<span style='background-color: "
 "rgba(0.0, 165.0, 0, 0.15); border-radius: 3px;' title='1.0'>_||> "
 "query<||_html:</span>_||><||_html:<span style='background-color: rgba(0.0, "
 "165.0, 0, 0.15); border-radius: 3px;' title='1.0'>_||> "
 "now<||_html:</span>_||><||_html:<span style='background-color: rgba(0.0, "
 "165.0, 0, 0.15); border-radius: 3px;' title='1.0'>_||> "
 "includes<||_html:</span>_||><||_html:<span style='background-color: "
 "rgba(0.0, 165.0, 0, 0.15); border-radius: 3px;' title='1.0'>_||> "
 "a<||_html:</span>_||><||_html:<span style='background-color: rgba(0.0, "
 "165.0, 0, 0.15); border-radius: 3px;' title='1.0'>_||> "
 "new<||_html:</span>_||><||_html:<span style='background-color: rgba(0.0, "
 "165.0, 0, 0.15); border-radius: 3px;' title='1.0'>_||> "
 "field<||_html:</span>_||><||_html:<span style='background-color: rgba(0.0, "
 "165.0, 0, 0.15); border-radius: 3px;' title='1.0'>_||> "
 "'<||_html:</span>_||><||_html:<span style='background-color: rgba(0.0, "
 "165.0, 0, 0.15); border-radius: 3px;' "
 "title='1.0'>_||>details<||_html:</span>_||><||_html:<span "
 "style='background-color: rgba(0.0, 165.0, 0, 0.15); border-radius: 3px;' "
 "title='1.0'>_||>'<||_html:</span>_||><||_html:<span style='background-color: "
 "rgba(0.0, 165.0, 0, 0.15); border-radius: 3px;' title='1.0'>_||> "
 "of<||_html:</span>_||><||_html:<span style='background-color: rgba(0.0, "
 "165.0, 0, 0.15); border-radius: 3px;' title='1.0'>_||> "
 "type<||_html:</span>_||><||_html:<span style='background-color: rgba(0.0, "
 "165.0, 0, 0.15); border-radius: 3px;' title='1.0'>_||> "
 "String<||_html:</span>_||><||_html:<span style='background-color: rgba(0.0, "
 "165.0, 0, 0.15); border-radius: 3px;' "
 'title=\'1.0\'>_||>."<||_html:</span>_||><||_html:<span '
 "style='background-color: rgba(0.0, 165.0, 0, 0.15); border-radius: 3px;' "
 "title='1.0'>_||>\n"
 "<||_html:</span>_||><||_html:<span style='background-color: rgba(0.0, 165.0, "
 "0, 0.15); border-radius: 3px;' title='1.0'>_||>   "
 "<||_html:</span>_||><||_html:<span style='background-color: rgba(0.0, 165.0, "
 "0, 0.15); border-radius: 3px;' title='1.0'>_||> "
 "},<||_html:</span>_||><||_html:<span style='background-color: rgba(0.0, "
 "165.0, 0, 0.15); border-radius: 3px;' title='1.0'>_||>\n"
 "<||_html:</span>_||><||_html:<span style='background-color: rgba(0.0, 165.0, "
 "0, 0.15); border-radius: 3px;' title='1.0'>_||>   "
 "<||_html:</span>_||><||_html:<span style='background-color: rgba(0.0, 165.0, "
 "0, 0.15); border-radius: 3px;' title='1.0'>_||> "
 "{<||_html:</span>_||><||_html:<span style='background-color: rgba(0.0, "
 "165.0, 0, 0.15); border-radius: 3px;' title='1.0'>_||>\n"
 "<||_html:</span>_||><||_html:<span style='background-color: rgba(0.0, 165.0, "
 "0, 0.15); border-radius: 3px;' title='1.0'>_||>     "
 "<||_html:</span>_||><||_html:<span style='background-color: rgba(0.0, 165.0, "
 "0, 0.15); border-radius: 3px;' title='1.0'>_||> "
 '"<||_html:</span>_||><||_html:<span style=\'background-color: rgba(0.0, '
 "165.0, 0, 0.15); border-radius: 3px;' "
 "title='1.0'>_||>type<||_html:</span>_||><||_html:<span "
 "style='background-color: rgba(0.0, 165.0, 0, 0.15); border-radius: 3px;' "
 'title=\'1.0\'>_||>":<||_html:</span>_||><||_html:<span '
 "style='background-color: rgba(0.0, 165.0, 0, 0.15); border-radius: 3px;' "
 'title=\'1.0\'>_||> "<||_html:</span>_||><||_html:<span '
 "style='background-color: rgba(0.0, 165.0, 0, 0.15); border-radius: 3px;' "
 "title='1.0'>_||>Product<||_html:</span>_||><||_html:<span "
 "style='background-color: rgba(0.0, 165.0, 0, 0.15); border-radius: 3px;' "
 'title=\'1.0\'>_||>",<||_html:</span>_||><||_html:<span '
 "style='background-color: rgba(0.0, 165.0, 0, 0.15); border-radius: 3px;' "
 "title='1.0'>_||>\n"
 "<||_html:</span>_||><||_html:<span style='background-color: rgba(0.0, 165.0, "
 "0, 0.15); border-radius: 3px;' title='1.0'>_||>     "
 "<||_html:</span>_||><||_html:<span style='background-color: rgba(0.0, 165.0, "
 "0, 0.15); border-radius: 3px;' title='1.0'>_||> "
 '"<||_html:</span>_||><||_html:<span style=\'background-color: rgba(0.0, '
 "165.0, 0, 0.15); border-radius: 3px;' "
 "title='1.0'>_||>field<||_html:</span>_||><||_html:<span "
 "style='background-color: rgba(0.0, 165.0, 0, 0.15); border-radius: 3px;' "
 'title=\'1.0\'>_||>":<||_html:</span>_||><||_html:<span '
 "style='background-color: rgba(0.0, 165.0, 0, 0.15); border-radius: 3px;' "
 'title=\'1.0\'>_||> "<||_html:</span>_||><||_html:<span '
 "style='background-color: rgba(0.0, 165.0, 0, 0.15); border-radius: 3px;' "
 "title='1.0'>_||>description<||_html:</span>_||><||_html:<span "
 "style='background-color: rgba(0.0, 165.0, 0, 0.15); border-radius: 3px;' "
 'title=\'1.0\'>_||>",<||_html:</span>_||><||_html:<span '
 "style='background-color: rgba(0.0, 165.0, 0, 0.15); border-radius: 3px;' "
 "title='1.0'>_||>\n"
 "<||_html:</span>_||><||_html:<span style='background-color: rgba(0.0, 165.0, "
 "0, 0.15); border-radius: 3px;' title='1.0'>_||>     "
 "<||_html:</span>_||><||_html:<span style='background-color: rgba(0.0, 165.0, "
 "0, 0.15); border-radius: 3px;' title='1.0'>_||> "
 '"<||_html:</span>_||><||_html:<span style=\'background-color: rgba(0.0, '
 "165.0, 0, 0.15); border-radius: 3px;' "
 "title='1.0'>_||>change<||_html:</span>_||><||_html:<span "
 "style='background-color: rgba(0.0, 165.0, 0, 0.15); border-radius: 3px;' "
 'title=\'1.0\'>_||>":<||_html:</span>_||><||_html:<span '
 "style='background-color: rgba(0.0, 165.0, 0, 0.15); border-radius: 3px;' "
 'title=\'1.0\'>_||> "<||_html:</span>_||><||_html:<span '
 "style='background-color: rgba(0.0, 165.0, 0, 0.15); border-radius: 3px;' "
 "title='1.0'>_||>field<||_html:</span>_||><||_html:<span "
 "style='background-color: rgba(0.0, 165.0, 0, 0.15); border-radius: 3px;' "
 "title='1.0'>_||> removed<||_html:</span>_||><||_html:<span "
 "style='background-color: rgba(0.0, 165.0, 0, 0.15); border-radius: 3px;' "
 'title=\'1.0\'>_||>",<||_html:</span>_||><||_html:<span '
 "style='background-color: rgba(0.0, 165.0, 0, 0.15); border-radius: 3px;' "
 "title='1.0'>_||>\n"
 "<||_html:</span>_||><||_html:<span style='background-color: rgba(0.0, 165.0, "
 "0, 0.15); border-radius: 3px;' title='1.0'>_||>     "
 "<||_html:</span>_||><||_html:<span style='background-color: rgba(0.0, 165.0, "
 "0, 0.15); border-radius: 3px;' title='1.0'>_||> "
 '"<||_html:</span>_||><||_html:<span style=\'background-color: rgba(0.0, '
 "165.0, 0, 0.15); border-radius: 3px;' "
 "title='1.0'>_||>breaking<||_html:</span>_||><||_html:<span "
 "style='background-color: rgba(0.0, 165.0, 0, 0.15); border-radius: 3px;' "
 'title=\'1.0\'>_||>":<||_html:</span>_||><||_html:<span '
 "style='background-color: rgba(0.0, 165.0, 0, 0.15); border-radius: 3px;' "
 'title=\'1.0\'>_||> "<||_html:</span>_||><||_html:<span '
 "style='background-color: rgba(0.0, 165.0, 0, 0.15); border-radius: 3px;' "
 "title='1.0'>_||>true<||_html:</span>_||><||_html:<span "
 "style='background-color: rgba(0.0, 165.0, 0, 0.15); border-radius: 3px;' "
 'title=\'1.0\'>_||>",<||_html:</span>_||><||_html:<span '
 "style='background-color: rgba(0.0, 165.0, 0, 0.15); border-radius: 3px;' "
 "title='1.0'>_||>\n"
 "<||_html:</span>_||><||_html:<span style='background-color: rgba(0.0, 165.0, "
 "0, 0.15); border-radius: 3px;' title='1.0'>_||>     "
 "<||_html:</span>_||><||_html:<span style='background-color: rgba(0.0, 165.0, "
 "0, 0.15); border-radius: 3px;' title='1.0'>_||> "
 '"<||_html:</span>_||><||_html:<span style=\'background-color: rgba(0.0, '
 "165.0, 0, 0.15); border-radius: 3px;' "
 "title='1.0'>_||>release<||_html:</span>_||><||_html:<span "
 "style='background-color: rgba(0.0, 165.0, 0, 0.15); border-radius: 3px;' "
 "title='1.0'>_||>_<||_html:</span>_||><||_html:<span style='background-color: "
 "rgba(0.0, 165.0, 0, 0.15); border-radius: 3px;' "
 "title='1.0'>_||>note<||_html:</span>_||><||_html:<span "
 "style='background-color: rgba(0.0, 165.0, 0, 0.15); border-radius: 3px;' "
 'title=\'1.0\'>_||>":<||_html:</span>_||><||_html:<span '
 "style='background-color: rgba(0.0, 165.0, 0, 0.15); border-radius: 3px;' "
 'title=\'1.0\'>_||> "<||_html:</span>_||><||_html:<span '
 "style='background-color: rgba(0.0, 165.0, 0, 0.15); border-radius: 3px;' "
 "title='1.0'>_||>The<||_html:</span>_||><||_html:<span "
 "style='background-color: rgba(0.0, 165.0, 0, 0.15); border-radius: 3px;' "
 "title='1.0'>_||> '<||_html:</span>_||><||_html:<span "
 "style='background-color: rgba(0.0, 165.0, 0, 0.15); border-radius: 3px;' "
 "title='1.0'>_||>Product<||_html:</span>_||><||_html:<span "
 "style='background-color: rgba(0.0, 165.0, 0, 0.15); border-radius: 3px;' "
 "title='1.0'>_||>'<||_html:</span>_||><||_html:<span style='background-color: "
 "rgba(0.0, 165.0, 0, 0.15); border-radius: 3px;' title='1.0'>_||> "
 "type<||_html:</span>_||><||_html:<span style='background-color: rgba(0.0, "
 "165.0, 0, 0.15); border-radius: 3px;' title='1.0'>_||> "
 "no<||_html:</span>_||><||_html:<span style='background-color: rgba(0.0, "
 "165.0, 0, 0.15); border-radius: 3px;' title='1.0'>_||> "
 "longer<||_html:</span>_||><||_html:<span style='background-color: rgba(0.0, "
 "165.0, 0, 0.15); border-radius: 3px;' title='1.0'>_||> "
 "includes<||_html:</span>_||><||_html:<span style='background-color: "
 "rgba(0.0, 165.0, 0, 0.15); border-radius: 3px;' title='1.0'>_||> "
 "the<||_html:</span>_||><||_html:<span style='background-color: rgba(0.0, "
 "165.0, 0, 0.15); border-radius: 3px;' title='1.0'>_||> "
 "'<||_html:</span>_||><||_html:<span style='background-color: rgba(0.0, "
 "165.0, 0, 0.15); border-radius: 3px;' "
 "title='1.0'>_||>description<||_html:</span>_||><||_html:<span "
 "style='background-color: rgba(0.0, 165.0, 0, 0.15); border-radius: 3px;' "
 "title='1.0'>_||>'<||_html:</span>_||><||_html:<span style='background-color: "
 "rgba(0.0, 165.0, 0, 0.15); border-radius: 3px;' title='1.0'>_||> "
 "field<||_html:</span>_||><||_html:<span style='background-color: rgba(0.0, "
 "165.0, 0, 0.15); border-radius: 3px;' "
 'title=\'1.0\'>_||>."<||_html:</span>_||><||_html:<span '
 "style='background-color: rgba(0.0, 165.0, 0, 0.15); border-radius: 3px;' "
 "title='1.0'>_||>\n"
 "<||_html:</span>_||><||_html:<span style='background-color: rgba(0.0, 165.0, "
 "0, 0.15); border-radius: 3px;' title='1.0'>_||>   "
 "<||_html:</span>_||><||_html:<span style='background-color: rgba(0.0, 165.0, "
 "0, 0.15); border-radius: 3px;' title='1.0'>_||> "
 "},<||_html:</span>_||><||_html:<span style='background-color: rgba(0.0, "
 "165.0, 0, 0.15); border-radius: 3px;' title='1.0'>_||>\n"
 "<||_html:</span>_||><||_html:<span style='background-color: rgba(0.0, 165.0, "
 "0, 0.15); border-radius: 3px;' title='1.0'>_||>   "
 "<||_html:</span>_||><||_html:<span style='background-color: rgba(0.0, 165.0, "
 "0, 0.15); border-radius: 3px;' title='1.0'>_||> "
 "{<||_html:</span>_||><||_html:<span style='background-color: rgba(0.0, "
 "165.0, 0, 0.15); border-radius: 3px;' title='1.0'>_||>\n"
 "<||_html:</span>_||><||_html:<span style='background-color: rgba(0.0, 165.0, "
 "0, 0.15); border-radius: 3px;' title='1.0'>_||>     "
 "<||_html:</span>_||><||_html:<span style='background-color: rgba(0.0, 165.0, "
 "0, 0.15); border-radius: 3px;' title='1.0'>_||> "
 '"<||_html:</span>_||><||_html:<span style=\'background-color: rgba(0.0, '
 "165.0, 0, 0.15); border-radius: 3px;' "
 "title='1.0'>_||>type<||_html:</span>_||><||_html:<span "
 "style='background-color: rgba(0.0, 165.0, 0, 0.15); border-radius: 3px;' "
 'title=\'1.0\'>_||>":<||_html:</span>_||><||_html:<span '
 "style='background-color: rgba(0.0, 165.0, 0, 0.15); border-radius: 3px;' "
 'title=\'1.0\'>_||> "<||_html:</span>_||><||_html:<span '
 "style='background-color: rgba(0.0, 165.0, 0, 0.15); border-radius: 3px;' "
 "title='1.0'>_||>Product<||_html:</span>_||><||_html:<span "
 "style='background-color: rgba(0.0, 165.0, 0, 0.15); border-radius: 3px;' "
 'title=\'1.0\'>_||>",<||_html:</span>_||><||_html:<span '
 "style='background-color: rgba(0.0, 165.0, 0, 0.15); border-radius: 3px;' "
 "title='1.0'>_||>\n"
 "<||_html:</span>_||><||_html:<span style='background-color: rgba(0.0, 165.0, "
 "0, 0.15); border-radius: 3px;' title='1.0'>_||>     "
 "<||_html:</span>_||><||_html:<span style='background-color: rgba(0.0, 165.0, "
 "0, 0.15); border-radius: 3px;' title='1.0'>_||> "
 '"<||_html:</span>_||><||_html:<span style=\'background-color: rgba(0.0, '
 "165.0, 0, 0.15); border-radius: 3px;' "
 "title='1.0'>_||>field<||_html:</span>_||><||_html:<span "
 "style='background-color: rgba(0.0, 165.0, 0, 0.15); border-radius: 3px;' "
 'title=\'1.0\'>_||>":<||_html:</span>_||><||_html:<span '
 "style='background-color: rgba(0.0, 165.0, 0, 0.15); border-radius: 3px;' "
 'title=\'1.0\'>_||> "<||_html:</span>_||><||_html:<span '
 "style='background-color: rgba(0.0, 165.0, 0, 0.15); border-radius: 3px;' "
 "title='1.0'>_||>stock<||_html:</span>_||><||_html:<span "
 "style='background-color: rgba(0.0, 165.0, 0, 0.15); border-radius: 3px;' "
 'title=\'1.0\'>_||>",<||_html:</span>_||><||_html:<span '
 "style='background-color: rgba(0.0, 165.0, 0, 0.15); border-radius: 3px;' "
 "title='1.0'>_||>\n"
 "<||_html:</span>_||><||_html:<span style='background-color: rgba(0.0, 165.0, "
 "0, 0.15); border-radius: 3px;' title='1.0'>_||>     "
 "<||_html:</span>_||><||_html:<span style='background-color: rgba(0.0, 165.0, "
 "0, 0.15); border-radius: 3px;' title='1.0'>_||> "
 '"<||_html:</span>_||><||_html:<span style=\'background-color: rgba(0.0, '
 "165.0, 0, 0.15); border-radius: 3px;' "
 "title='1.0'>_||>change<||_html:</span>_||><||_html:<span "
 "style='background-color: rgba(0.0, 165.0, 0, 0.15); border-radius: 3px;' "
 'title=\'1.0\'>_||>":<||_html:</span>_||><||_html:<span '
 "style='background-color: rgba(0.0, 165.0, 0, 0.15); border-radius: 3px;' "
 'title=\'1.0\'>_||> "<||_html:</span>_||><||_html:<span '
 "style='background-color: rgba(0.0, 165.0, 0, 0.15); border-radius: 3px;' "
 "title='1.0'>_||>field<||_html:</span>_||><||_html:<span "
 "style='background-color: rgba(0.0, 165.0, 0, 0.15); border-radius: 3px;' "
 "title='1.0'>_||> removed<||_html:</span>_||><||_html:<span "
 "style='background-color: rgba(0.0, 165.0, 0, 0.15); border-radius: 3px;' "
 'title=\'1.0\'>_||>",<||_html:</span>_||><||_html:<span '
 "style='background-color: rgba(0.0, 165.0, 0, 0.15); border-radius: 3px;' "
 "title='1.0'>_||>\n"
 "<||_html:</span>_||><||_html:<span style='background-color: rgba(0.0, 165.0, "
 "0, 0.15); border-radius: 3px;' title='1.0'>_||>     "
 "<||_html:</span>_||><||_html:<span style='background-color: rgba(0.0, 165.0, "
 "0, 0.15); border-radius: 3px;' title='1.0'>_||> "
 '"<||_html:</span>_||><||_html:<span style=\'background-color: rgba(0.0, '
 "165.0, 0, 0.15); border-radius: 3px;' "
 "title='1.0'>_||>breaking<||_html:</span>_||><||_html:<span "
 "style='background-color: rgba(0.0, 165.0, 0, 0.15); border-radius: 3px;' "
 'title=\'1.0\'>_||>":<||_html:</span>_||><||_html:<span '
 "style='background-color: rgba(0.0, 165.0, 0, 0.15); border-radius: 3px;' "
 'title=\'1.0\'>_||> "<||_html:</span>_||><||_html:<span '
 "style='background-color: rgba(0.0, 165.0, 0, 0.15); border-radius: 3px;' "
 "title='1.0'>_||>true<||_html:</span>_||><||_html:<span "
 "style='background-color: rgba(0.0, 165.0, 0, 0.15); border-radius: 3px;' "
 'title=\'1.0\'>_||>",<||_html:</span>_||><||_html:<span '
 "style='background-color: rgba(0.0, 165.0, 0, 0.15); border-radius: 3px;' "
 "title='1.0'>_||>\n"
 "<||_html:</span>_||><||_html:<span style='background-color: rgba(0.0, 165.0, "
 "0, 0.15); border-radius: 3px;' title='1.0'>_||>     "
 "<||_html:</span>_||><||_html:<span style='background-color: rgba(0.0, 165.0, "
 "0, 0.15); border-radius: 3px;' title='1.0'>_||> "
 '"<||_html:</span>_||><||_html:<span style=\'background-color: rgba(0.0, '
 "165.0, 0, 0.15); border-radius: 3px;' "
 "title='1.0'>_||>release<||_html:</span>_||><||_html:<span "
 "style='background-color: rgba(0.0, 165.0, 0, 0.15); border-radius: 3px;' "
 "title='1.0'>_||>_<||_html:</span>_||><||_html:<span style='background-color: "
 "rgba(0.0, 165.0, 0, 0.15); border-radius: 3px;' "
 "title='1.0'>_||>note<||_html:</span>_||><||_html:<span "
 "style='background-color: rgba(0.0, 165.0, 0, 0.15); border-radius: 3px;' "
 'title=\'1.0\'>_||>":<||_html:</span>_||><||_html:<span '
 "style='background-color: rgba(0.0, 165.0, 0, 0.15); border-radius: 3px;' "
 'title=\'1.0\'>_||> "<||_html:</span>_||><||_html:<span '
 "style='background-color: rgba(0.0, 165.0, 0, 0.15); border-radius: 3px;' "
 "title='1.0'>_||>The<||_html:</span>_||><||_html:<span "
 "style='background-color: rgba(0.0, 165.0, 0, 0.15); border-radius: 3px;' "
 "title='1.0'>_||> '<||_html:</span>_||><||_html:<span "
 "style='background-color: rgba(0.0, 165.0, 0, 0.15); border-radius: 3px;' "
 "title='1.0'>_||>Product<||_html:</span>_||><||_html:<span "
 "style='background-color: rgba(0.0, 165.0, 0, 0.15); border-radius: 3px;' "
 "title='1.0'>_||>'<||_html:</span>_||><||_html:<span style='background-color: "
 "rgba(0.0, 165.0, 0, 0.15); border-radius: 3px;' title='1.0'>_||> "
 "type<||_html:</span>_||><||_html:<span style='background-color: rgba(0.0, "
 "165.0, 0, 0.15); border-radius: 3px;' title='1.0'>_||> "
 "no<||_html:</span>_||><||_html:<span style='background-color: rgba(0.0, "
 "165.0, 0, 0.15); border-radius: 3px;' title='1.0'>_||> "
 "longer<||_html:</span>_||><||_html:<span style='background-color: rgba(0.0, "
 "165.0, 0, 0.15); border-radius: 3px;' title='1.0'>_||> "
 "includes<||_html:</span>_||><||_html:<span style='background-color: "
 "rgba(0.0, 165.0, 0, 0.15); border-radius: 3px;' title='1.0'>_||> "
 "the<||_html:</span>_||><||_html:<span style='background-color: rgba(0.0, "
 "165.0, 0, 0.15); border-radius: 3px;' title='1.0'>_||> "
 "'<||_html:</span>_||><||_html:<span style='background-color: rgba(0.0, "
 "165.0, 0, 0.15); border-radius: 3px;' "
 "title='1.0'>_||>stock<||_html:</span>_||><||_html:<span "
 "style='background-color: rgba(0.0, 165.0, 0, 0.15); border-radius: 3px;' "
 "title='1.0'>_||>'<||_html:</span>_||><||_html:<span style='background-color: "
 "rgba(0.0, 165.0, 0, 0.15); border-radius: 3px;' title='1.0'>_||> "
 "field<||_html:</span>_||><||_html:<span style='background-color: rgba(0.0, "
 "165.0, 0, 0.15); border-radius: 3px;' "
 'title=\'1.0\'>_||>."<||_html:</span>_||><||_html:<span '
 "style='background-color: rgba(0.0, 165.0, 0, 0.15); border-radius: 3px;' "
 "title='1.0'>_||>\n"
 "<||_html:</span>_||><||_html:<span style='background-color: rgba(0.0, 165.0, "
 "0, 0.15); border-radius: 3px;' title='1.0'>_||>   "
 "<||_html:</span>_||><||_html:<span style='background-color: rgba(0.0, 165.0, "
 "0, 0.15); border-radius: 3px;' title='1.0'>_||> "
 "}<||_html:</span>_||><||_html:<span style='background-color: rgba(0.0, "
 "165.0, 0, 0.15); border-radius: 3px;' title='1.0'>_||>\n"
 "<||_html:</span>_||><||_html:<span style='background-color: rgba(0.0, 165.0, "
 "0, 0.15); border-radius: 3px;' title='1.0'>_||> "
 "<||_html:</span>_||><||_html:<span style='background-color: rgba(0.0, 165.0, "
 "0, 0.15); border-radius: 3px;' title='1.0'>_||> "
 "],<||_html:</span>_||><||_html:<span style='background-color: rgba(0.0, "
 "165.0, 0, 0.15); border-radius: 3px;' title='1.0'>_||>\n"
 "<||_html:</span>_||><||_html:<span style='background-color: rgba(0.0, 165.0, "
 "0, 0.15); border-radius: 3px;' title='1.0'>_||> "
 "<||_html:</span>_||><||_html:<span style='background-color: rgba(0.0, 165.0, "
 "0, 0.15); border-radius: 3px;' title='1.0'>_||> "
 '"<||_html:</span>_||><||_html:<span style=\'background-color: rgba(0.0, '
 "165.0, 0, 0.15); border-radius: 3px;' "
 "title='1.0'>_||>release<||_html:</span>_||><||_html:<span "
 "style='background-color: rgba(0.0, 165.0, 0, 0.15); border-radius: 3px;' "
 "title='1.0'>_||>_<||_html:</span>_||><||_html:<span style='background-color: "
 "rgba(0.0, 165.0, 0, 0.15); border-radius: 3px;' "
 "title='1.0'>_||>notes<||_html:</span>_||><||_html:<span "
 "style='background-color: rgba(0.0, 165.0, 0, 0.15); border-radius: 3px;' "
 'title=\'1.0\'>_||>":<||_html:</span>_||><||_html:<span '
 "style='background-color: rgba(0.0, 165.0, 0, 0.15); border-radius: 3px;' "
 "title='1.0'>_||> {<||_html:</span>_||><||_html:<span "
 "style='background-color: rgba(0.0, 165.0, 0, 0.15); border-radius: 3px;' "
 "title='1.0'>_||>\n"
 "<||_html:</span>_||><||_html:<span style='background-color: rgba(0.0, 165.0, "
 "0, 0.15); border-radius: 3px;' title='1.0'>_||>   "
 "<||_html:</span>_||><||_html:<span style='background-color: rgba(0.0, 165.0, "
 "0, 0.15); border-radius: 3px;' title='1.0'>_||> "
 '"<||_html:</span>_||><||_html:<span style=\'background-color: rgba(0.0, '
 "165.0, 0, 0.15); border-radius: 3px;' "
 "title='1.0'>_||>summary<||_html:</span>_||><||_html:<span "
 "style='background-color: rgba(0.0, 165.0, 0, 0.15); border-radius: 3px;' "
 'title=\'1.0\'>_||>":<||_html:</span>_||><||_html:<span '
 "style='background-color: rgba(0.0, 165.0, 0, 0.15); border-radius: 3px;' "
 'title=\'1.0\'>_||> "<||_html:</span>_||><||_html:<span '
 "style='background-color: rgba(0.0, 165.0, 0, 0.15); border-radius: 3px;' "
 "title='1.0'>_||>The<||_html:</span>_||><||_html:<span "
 "style='background-color: rgba(0.0, 165.0, 0, 0.15); border-radius: 3px;' "
 "title='1.0'>_||> '<||_html:</span>_||><||_html:<span "
 "style='background-color: rgba(0.0, 165.0, 0, 0.15); border-radius: 3px;' "
 "title='1.0'>_||>get<||_html:</span>_||><||_html:<span "
 "style='background-color: rgba(0.0, 165.0, 0, 0.15); border-radius: 3px;' "
 "title='1.0'>_||>Product<||_html:</span>_||><||_html:<span "
 "style='background-color: rgba(0.0, 165.0, 0, 0.15); border-radius: 3px;' "
 "title='1.0'>_||>'<||_html:</span>_||><||_html:<span style='background-color: "
 "rgba(0.0, 165.0, 0, 0.15); border-radius: 3px;' title='1.0'>_||> "
 "query<||_html:</span>_||><||_html:<span style='background-color: rgba(0.0, "
 "165.0, 0, 0.15); border-radius: 3px;' title='1.0'>_||> "
 "now<||_html:</span>_||><||_html:<span style='background-color: rgba(0.0, "
 "165.0, 0, 0.15); border-radius: 3px;' title='1.0'>_||> "
 "includes<||_html:</span>_||><||_html:<span style='background-color: "
 "rgba(0.0, 165.0, 0, 0.15); border-radius: 3px;' title='1.0'>_||> "
 "a<||_html:</span>_||><||_html:<span style='background-color: rgba(0.0, "
 "165.0, 0, 0.15); border-radius: 3px;' title='1.0'>_||> "
 "new<||_html:</span>_||><||_html:<span style='background-color: rgba(0.0, "
 "165.0, 0, 0.15); border-radius: 3px;' title='1.0'>_||> "
 "field<||_html:</span>_||><||_html:<span style='background-color: rgba(0.0, "
 "165.0, 0, 0.15); border-radius: 3px;' title='1.0'>_||> "
 "'<||_html:</span>_||><||_html:<span style='background-color: rgba(0.0, "
 "165.0, 0, 0.15); border-radius: 3px;' "
 "title='1.0'>_||>details<||_html:</span>_||><||_html:<span "
 "style='background-color: rgba(0.0, 165.0, 0, 0.15); border-radius: 3px;' "
 "title='1.0'>_||>'<||_html:</span>_||><||_html:<span style='background-color: "
 "rgba(0.0, 165.0, 0, 0.15); border-radius: 3px;' title='1.0'>_||> "
 "of<||_html:</span>_||><||_html:<span style='background-color: rgba(0.0, "
 "165.0, 0, 0.15); border-radius: 3px;' title='1.0'>_||> "
 "type<||_html:</span>_||><||_html:<span style='background-color: rgba(0.0, "
 "165.0, 0, 0.15); border-radius: 3px;' title='1.0'>_||> "
 "String<||_html:</span>_||><||_html:<span style='background-color: rgba(0.0, "
 "165.0, 0, 0.15); border-radius: 3px;' "
 "title='1.0'>_||>.<||_html:</span>_||><||_html:<span style='background-color: "
 "rgba(0.0, 165.0, 0, 0.15); border-radius: 3px;' title='1.0'>_||> "
 "The<||_html:</span>_||><||_html:<span style='background-color: rgba(0.0, "
 "165.0, 0, 0.15); border-radius: 3px;' title='1.0'>_||> "
 "'<||_html:</span>_||><||_html:<span style='background-color: rgba(0.0, "
 "165.0, 0, 0.15); border-radius: 3px;' "
 "title='1.0'>_||>Product<||_html:</span>_||><||_html:<span "
 "style='background-color: rgba(0.0, 165.0, 0, 0.15); border-radius: 3px;' "
 "title='1.0'>_||>'<||_html:</span>_||><||_html:<span style='background-color: "
 "rgba(0.0, 165.0, 0, 0.15); border-radius: 3px;' title='1.0'>_||> "
 "type<||_html:</span>_||><||_html:<span style='background-color: rgba(0.0, "
 "165.0, 0, 0.15); border-radius: 3px;' title='1.0'>_||> "
 "no<||_html:</span>_||><||_html:<span style='background-color: rgba(0.0, "
 "165.0, 0, 0.15); border-radius: 3px;' title='1.0'>_||> "
 "longer<||_html:</span>_||><||_html:<span style='background-color: rgba(0.0, "
 "165.0, 0, 0.15); border-radius: 3px;' title='1.0'>_||> "
 "includes<||_html:</span>_||><||_html:<span style='background-color: "
 "rgba(0.0, 165.0, 0, 0.15); border-radius: 3px;' title='1.0'>_||> "
 "the<||_html:</span>_||><||_html:<span style='background-color: rgba(0.0, "
 "165.0, 0, 0.15); border-radius: 3px;' title='1.0'>_||> "
 "'<||_html:</span>_||><||_html:<span style='background-color: rgba(0.0, "
 "165.0, 0, 0.15); border-radius: 3px;' "
 "title='1.0'>_||>description<||_html:</span>_||><||_html:<span "
 "style='background-color: rgba(0.0, 165.0, 0, 0.15); border-radius: 3px;' "
 "title='1.0'>_||>'<||_html:</span>_||><||_html:<span style='background-color: "
 "rgba(0.0, 165.0, 0, 0.15); border-radius: 3px;' title='1.0'>_||> "
 "and<||_html:</span>_||><||_html:<span style='background-color: rgba(0.0, "
 "165.0, 0, 0.15); border-radius: 3px;' title='1.0'>_||> "
 "'<||_html:</span>_||><||_html:<span style='background-color: rgba(0.0, "
 "165.0, 0, 0.15); border-radius: 3px;' "
 "title='1.0'>_||>stock<||_html:</span>_||><||_html:<span "
 "style='background-color: rgba(0.0, 165.0, 0, 0.15); border-radius: 3px;' "
 "title='1.0'>_||>'<||_html:</span>_||><||_html:<span style='background-color: "
 "rgba(0.0, 165.0, 0, 0.15); border-radius: 3px;' title='1.0'>_||> "
 "fields<||_html:</span>_||><||_html:<span style='background-color: rgba(0.0, "
 "165.0, 0, 0.15); border-radius: 3px;' "
 'title=\'1.0\'>_||>."<||_html:</span>_||><||_html:<span '
 "style='background-color: rgba(0.0, 165.0, 0, 0.15); border-radius: 3px;' "
 "title='1.0'>_||>\n"
 "<||_html:</span>_||><||_html:<span style='background-color: rgba(0.0, 165.0, "
 "0, 0.15); border-radius: 3px;' title='1.0'>_||> "
 "<||_html:</span>_||><||_html:<span style='background-color: rgba(0.0, 165.0, "
 "0, 0.15); border-radius: 3px;' title='1.0'>_||> "
 "}<||_html:</span>_||><||_html:<span style='background-color: rgba(0.0, "
 "165.0, 0, 0.15); border-radius: 3px;' title='1.0'>_||>\n"
 "<||_html:</span>_||><||_html:<span style='background-color: rgba(0.0, 165.0, "
 "0, 0.15); border-radius: 3px;' "
 'title=\'1.0\'>_||>}<||_html:</span>_||>{"changes":<||_html:<span '
 "style='background-color: rgba(0.0, 165.0, 0, 0.15); border-radius: 3px;' "
 "title='1.0'>_||>[<||_html:</span>_||><||_html:<span style='background-color: "
 "rgba(0.0, 165.0, 0, 0.15); border-radius: 3px;' "
 'title=\'1.0\'>_||>{"<||_html:</span>_||>type<||_html:<span '
 "style='background-color: rgba(0.0, 165.0, 0, 0.15); border-radius: 3px;' "
 'title=\'1.0\'>_||>":"<||_html:</span>_||><||_html:<span '
 "style='background-color: rgba(0.0, 165.0, 0, 0.15); border-radius: 3px;' "
 "title='1.0'>_||>Query<||_html:</span>_||><||_html:<span "
 "style='background-color: rgba(0.0, 165.0, 0, 0.15); border-radius: 3px;' "
 'title=\'1.0\'>_||>","<||_html:</span>_||>field<||_html:<span '
 "style='background-color: rgba(0.0, 165.0, 0, 0.15); border-radius: 3px;' "
 'title=\'1.0\'>_||>":"<||_html:</span>_||><||_html:<span '
 "style='background-color: rgba(0.0, 165.0, 0, 0.15); border-radius: 3px;' "
 "title='1.0'>_||>get<||_html:</span>_||><||_html:<span "
 "style='background-color: rgba(0.0, 165.0, 0, 0.15); border-radius: 3px;' "
 "title='1.0'>_||>Product<||_html:</span>_||><||_html:<span "
 "style='background-color: rgba(0.0, 165.0, 0, 0.15); border-radius: 3px;' "
 'title=\'1.0\'>_||>","<||_html:</span>_||>change<||_html:<span '
 "style='background-color: rgba(0.0, 165.0, 0, 0.15); border-radius: 3px;' "
 'title=\'1.0\'>_||>":"<||_html:</span>_||><||_html:<span '
 "style='background-color: rgba(0.0, 165.0, 0, 0.15); border-radius: 3px;' "
 "title='1.0'>_||>field<||_html:</span>_||><||_html:<span "
 "style='background-color: rgba(0.0, 165.0, 0, 0.15); border-radius: 3px;' "
 "title='1.0'>_||> details<||_html:</span>_||><||_html:<span "
 "style='background-color: rgba(0.0, 165.0, 0, 0.15); border-radius: 3px;' "
 "title='1.0'>_||> added<||_html:</span>_||><||_html:<span "
 "style='background-color: rgba(0.0, 165.0, 0, 0.15); border-radius: 3px;' "
 'title=\'1.0\'>_||>","<||_html:</span>_||>breaking<||_html:<span '
 "style='background-color: rgba(0.0, 165.0, 0, 0.15); border-radius: 3px;' "
 'title=\'1.0\'>_||>":<||_html:</span>_||><||_html:<span '
 "style='background-color: rgba(0.0, 165.0, 0, 0.15); border-radius: 3px;' "
 'title=\'1.0\'>_||>false<||_html:</span>_||>,"release_note<||_html:<span '
 "style='background-color: rgba(0.0, 165.0, 0, 0.15); border-radius: 3px;' "
 'title=\'1.0\'>_||>":"<||_html:</span>_||><||_html:<span '
 "style='background-color: rgba(0.0, 165.0, 0, 0.15); border-radius: 3px;' "
 "title='1.0'>_||>The<||_html:</span>_||><||_html:<span "
 "style='background-color: rgba(0.0, 165.0, 0, 0.15); border-radius: 3px;' "
 "title='1.0'>_||> '<||_html:</span>_||><||_html:<span "
 "style='background-color: rgba(0.0, 165.0, 0, 0.15); border-radius: 3px;' "
 "title='1.0'>_||>get<||_html:</span>_||><||_html:<span "
 "style='background-color: rgba(0.0, 165.0, 0, 0.15); border-radius: 3px;' "
 "title='1.0'>_||>Product<||_html:</span>_||><||_html:<span "
 "style='background-color: rgba(0.0, 165.0, 0, 0.15); border-radius: 3px;' "
 "title='1.0'>_||>'<||_html:</span>_||><||_html:<span style='background-color: "
 "rgba(0.0, 165.0, 0, 0.15); border-radius: 3px;' title='1.0'>_||> "
 "query<||_html:</span>_||><||_html:<span style='background-color: rgba(0.0, "
 "165.0, 0, 0.15); border-radius: 3px;' title='1.0'>_||> "
 "now<||_html:</span>_||><||_html:<span style='background-color: rgba(0.0, "
 "165.0, 0, 0.15); border-radius: 3px;' title='1.0'>_||> "
 "includes<||_html:</span>_||><||_html:<span style='background-color: "
 "rgba(0.0, 165.0, 0, 0.15); border-radius: 3px;' title='1.0'>_||> "
 "a<||_html:</span>_||><||_html:<span style='background-color: rgba(0.0, "
 "165.0, 0, 0.15); border-radius: 3px;' title='1.0'>_||> "
 "new<||_html:</span>_||><||_html:<span style='background-color: rgba(0.0, "
 "165.0, 0, 0.15); border-radius: 3px;' title='1.0'>_||> "
 "field<||_html:</span>_||><||_html:<span style='background-color: rgba(0.0, "
 "165.0, 0, 0.15); border-radius: 3px;' title='1.0'>_||> "
 "'<||_html:</span>_||><||_html:<span style='background-color: rgba(0.0, "
 "165.0, 0, 0.15); border-radius: 3px;' "
 "title='1.0'>_||>details<||_html:</span>_||><||_html:<span "
 "style='background-color: rgba(0.0, 165.0, 0, 0.15); border-radius: 3px;' "
 "title='1.0'>_||>'<||_html:</span>_||><||_html:<span style='background-color: "
 "rgba(0.0, 165.0, 0, 0.15); border-radius: 3px;' title='1.0'>_||> "
 "of<||_html:</span>_||><||_html:<span style='background-color: rgba(0.0, "
 "165.0, 0, 0.15); border-radius: 3px;' title='1.0'>_||> "
 "type<||_html:</span>_||><||_html:<span style='background-color: rgba(0.0, "
 "165.0, 0, 0.15); border-radius: 3px;' title='1.0'>_||> "
 "String<||_html:</span>_||><||_html:<span style='background-color: rgba(0.0, "
 "165.0, 0, 0.15); border-radius: 3px;' "
 'title=\'1.0\'>_||>."<||_html:</span>_||><||_html:<span '
 "style='background-color: rgba(0.0, 165.0, 0, 0.15); border-radius: 3px;' "
 'title=\'1.0\'>_||>},<||_html:</span>_||>{"type<||_html:<span '
 "style='background-color: rgba(0.0, 165.0, 0, 0.15); border-radius: 3px;' "
 'title=\'1.0\'>_||>":"<||_html:</span>_||><||_html:<span '
 "style='background-color: rgba(0.0, 165.0, 0, 0.15); border-radius: 3px;' "
 "title='1.0'>_||>Product<||_html:</span>_||><||_html:<span "
 "style='background-color: rgba(0.0, 165.0, 0, 0.15); border-radius: 3px;' "
 'title=\'1.0\'>_||>","<||_html:</span>_||>field<||_html:<span '
 "style='background-color: rgba(0.0, 165.0, 0, 0.15); border-radius: 3px;' "
 'title=\'1.0\'>_||>":"<||_html:</span>_||><||_html:<span '
 "style='background-color: rgba(0.0, 165.0, 0, 0.15); border-radius: 3px;' "
 "title='1.0'>_||>description<||_html:</span>_||><||_html:<span "
 "style='background-color: rgba(0.0, 165.0, 0, 0.15); border-radius: 3px;' "
 'title=\'1.0\'>_||>","<||_html:</span>_||>change<||_html:<span '
 "style='background-color: rgba(0.0, 165.0, 0, 0.15); border-radius: 3px;' "
 'title=\'1.0\'>_||>":"<||_html:</span>_||><||_html:<span '
 "style='background-color: rgba(0.0, 165.0, 0, 0.15); border-radius: 3px;' "
 "title='1.0'>_||>field<||_html:</span>_||><||_html:<span "
 "style='background-color: rgba(0.0, 165.0, 0, 0.15); border-radius: 3px;' "
 "title='1.0'>_||> removed<||_html:</span>_||><||_html:<span "
 "style='background-color: rgba(0.0, 165.0, 0, 0.15); border-radius: 3px;' "
 'title=\'1.0\'>_||>","<||_html:</span>_||>breaking<||_html:<span '
 "style='background-color: rgba(0.0, 165.0, 0, 0.15); border-radius: 3px;' "
 "title='1.0'>_||>")
('Analyze the following two GraphQL schemas for changes, including both '
 'breaking and non-breaking changes.\n'
 '\n'
 '                        Provide your analysis in the following JSON format:\n'
 '                        {\n'
 '                          "changes": [\n'
 '                            {\n'
 '                              "type": "String representing the GraphQL type '
 '(e.g., Query, Mutation, Subscription)",\n'
 '                              "field": "String representing the specific '
 'field that changed",\n'
 '                              "change": "String describing the change (e.g., '
 'field renamed, new field added, field removed)",\n'
 '                              "breaking": "Boolean indicating if the change '
 'is breaking (true) or non-breaking (false)",\n'
 '                              "release_note": "String with a natural '
 'language description of the change for release notes"\n'
 '                            }\n'
 '                          ],\n'
 '                          "release_notes": {\n'
 '                              "summary": "String summarizing all changes, '
 'suitable for a mailing list or public announcement"\n'
 '                          }\n'
 '                        }\n'
 '\n'
 '                        When analyzing, consider the following types of '
 'changes:\n'
 '                        1. Removing fields or types (breaking)\n'
 '                        2. Changing field types (potentially breaking)\n'
 '                        3. Adding required fields (breaking)\n'
 '                        4. Changing the type of existing arguments '
 '(breaking)\n'
 '                        5. Adding optional fields (non-breaking)\n'
 '                        6. Adding new types (non-breaking)\n'
 '                        7. Deprecating fields (non-breaking)\n'
 '\n'
 '                        Ensure that each change is categorized correctly as '
 'breaking or non-breaking.: type Query {\n'
 '  getProduct(id: ID!): Product\n'
 '}\n'
 '\n'
 'type Product {\n'
 '  id: ID\n'
 '  name: String\n'
 '  description: String\n'
 '  price: Float\n'
 '  stock: Int\n'
 '}\n'
 ', type Query {\n'
 '  getProduct(id: ID!): Product\n'
 '}\n'
 '\n'
 'type Product {\n'
 '  id: ID\n'
 '  name: String\n'
 '  details: String\n'
 '  price: Float\n'
 '}\n'
 '\n'
 "Answer:<||_html:<span style='background-color: rgba(0.0, 165.0, 0, 0.15); "
 "border-radius: 3px;' title='1.0'>_||> {<||_html:</span>_||><||_html:<span "
 "style='background-color: rgba(0.0, 165.0, 0, 0.15); border-radius: 3px;' "
 "title='1.0'>_||>\n"
 "<||_html:</span>_||><||_html:<span style='background-color: rgba(0.0, 165.0, "
 "0, 0.15); border-radius: 3px;' title='1.0'>_||> "
 "<||_html:</span>_||><||_html:<span style='background-color: rgba(0.0, 165.0, "
 "0, 0.15); border-radius: 3px;' title='1.0'>_||> "
 '"<||_html:</span>_||><||_html:<span style=\'background-color: rgba(0.0, '
 "165.0, 0, 0.15); border-radius: 3px;' "
 "title='1.0'>_||>changes<||_html:</span>_||><||_html:<span "
 "style='background-color: rgba(0.0, 165.0, 0, 0.15); border-radius: 3px;' "
 'title=\'1.0\'>_||>":<||_html:</span>_||><||_html:<span '
 "style='background-color: rgba(0.0, 165.0, 0, 0.15); border-radius: 3px;' "
 "title='1.0'>_||> [<||_html:</span>_||><||_html:<span "
 "style='background-color: rgba(0.0, 165.0, 0, 0.15); border-radius: 3px;' "
 "title='1.0'>_||>\n"
 "<||_html:</span>_||><||_html:<span style='background-color: rgba(0.0, 165.0, "
 "0, 0.15); border-radius: 3px;' title='1.0'>_||>   "
 "<||_html:</span>_||><||_html:<span style='background-color: rgba(0.0, 165.0, "
 "0, 0.15); border-radius: 3px;' title='1.0'>_||> "
 "{<||_html:</span>_||><||_html:<span style='background-color: rgba(0.0, "
 "165.0, 0, 0.15); border-radius: 3px;' title='1.0'>_||>\n"
 "<||_html:</span>_||><||_html:<span style='background-color: rgba(0.0, 165.0, "
 "0, 0.15); border-radius: 3px;' title='1.0'>_||>     "
 "<||_html:</span>_||><||_html:<span style='background-color: rgba(0.0, 165.0, "
 "0, 0.15); border-radius: 3px;' title='1.0'>_||> "
 '"<||_html:</span>_||><||_html:<span style=\'background-color: rgba(0.0, '
 "165.0, 0, 0.15); border-radius: 3px;' "
 "title='1.0'>_||>type<||_html:</span>_||><||_html:<span "
 "style='background-color: rgba(0.0, 165.0, 0, 0.15); border-radius: 3px;' "
 'title=\'1.0\'>_||>":<||_html:</span>_||><||_html:<span '
 "style='background-color: rgba(0.0, 165.0, 0, 0.15); border-radius: 3px;' "
 'title=\'1.0\'>_||> "<||_html:</span>_||><||_html:<span '
 "style='background-color: rgba(0.0, 165.0, 0, 0.15); border-radius: 3px;' "
 "title='1.0'>_||>Query<||_html:</span>_||><||_html:<span "
 "style='background-color: rgba(0.0, 165.0, 0, 0.15); border-radius: 3px;' "
 'title=\'1.0\'>_||>",<||_html:</span>_||><||_html:<span '
 "style='background-color: rgba(0.0, 165.0, 0, 0.15); border-radius: 3px;' "
 "title='1.0'>_||>\n"
 "<||_html:</span>_||><||_html:<span style='background-color: rgba(0.0, 165.0, "
 "0, 0.15); border-radius: 3px;' title='1.0'>_||>     "
 "<||_html:</span>_||><||_html:<span style='background-color: rgba(0.0, 165.0, "
 "0, 0.15); border-radius: 3px;' title='1.0'>_||> "
 '"<||_html:</span>_||><||_html:<span style=\'background-color: rgba(0.0, '
 "165.0, 0, 0.15); border-radius: 3px;' "
 "title='1.0'>_||>field<||_html:</span>_||><||_html:<span "
 "style='background-color: rgba(0.0, 165.0, 0, 0.15); border-radius: 3px;' "
 'title=\'1.0\'>_||>":<||_html:</span>_||><||_html:<span '
 "style='background-color: rgba(0.0, 165.0, 0, 0.15); border-radius: 3px;' "
 'title=\'1.0\'>_||> "<||_html:</span>_||><||_html:<span '
 "style='background-color: rgba(0.0, 165.0, 0, 0.15); border-radius: 3px;' "
 "title='1.0'>_||>get<||_html:</span>_||><||_html:<span "
 "style='background-color: rgba(0.0, 165.0, 0, 0.15); border-radius: 3px;' "
 "title='1.0'>_||>Product<||_html:</span>_||><||_html:<span "
 "style='background-color: rgba(0.0, 165.0, 0, 0.15); border-radius: 3px;' "
 'title=\'1.0\'>_||>",<||_html:</span>_||><||_html:<span '
 "style='background-color: rgba(0.0, 165.0, 0, 0.15); border-radius: 3px;' "
 "title='1.0'>_||>\n"
 "<||_html:</span>_||><||_html:<span style='background-color: rgba(0.0, 165.0, "
 "0, 0.15); border-radius: 3px;' title='1.0'>_||>     "
 "<||_html:</span>_||><||_html:<span style='background-color: rgba(0.0, 165.0, "
 "0, 0.15); border-radius: 3px;' title='1.0'>_||> "
 '"<||_html:</span>_||><||_html:<span style=\'background-color: rgba(0.0, '
 "165.0, 0, 0.15); border-radius: 3px;' "
 "title='1.0'>_||>change<||_html:</span>_||><||_html:<span "
 "style='background-color: rgba(0.0, 165.0, 0, 0.15); border-radius: 3px;' "
 'title=\'1.0\'>_||>":<||_html:</span>_||><||_html:<span '
 "style='background-color: rgba(0.0, 165.0, 0, 0.15); border-radius: 3px;' "
 'title=\'1.0\'>_||> "<||_html:</span>_||><||_html:<span '
 "style='background-color: rgba(0.0, 165.0, 0, 0.15); border-radius: 3px;' "
 "title='1.0'>_||>field<||_html:</span>_||><||_html:<span "
 "style='background-color: rgba(0.0, 165.0, 0, 0.15); border-radius: 3px;' "
 "title='1.0'>_||> details<||_html:</span>_||><||_html:<span "
 "style='background-color: rgba(0.0, 165.0, 0, 0.15); border-radius: 3px;' "
 "title='1.0'>_||> added<||_html:</span>_||><||_html:<span "
 "style='background-color: rgba(0.0, 165.0, 0, 0.15); border-radius: 3px;' "
 'title=\'1.0\'>_||>",<||_html:</span>_||><||_html:<span '
 "style='background-color: rgba(0.0, 165.0, 0, 0.15); border-radius: 3px;' "
 "title='1.0'>_||>\n"
 "<||_html:</span>_||><||_html:<span style='background-color: rgba(0.0, 165.0, "
 "0, 0.15); border-radius: 3px;' title='1.0'>_||>     "
 "<||_html:</span>_||><||_html:<span style='background-color: rgba(0.0, 165.0, "
 "0, 0.15); border-radius: 3px;' title='1.0'>_||> "
 '"<||_html:</span>_||><||_html:<span style=\'background-color: rgba(0.0, '
 "165.0, 0, 0.15); border-radius: 3px;' "
 "title='1.0'>_||>breaking<||_html:</span>_||><||_html:<span "
 "style='background-color: rgba(0.0, 165.0, 0, 0.15); border-radius: 3px;' "
 'title=\'1.0\'>_||>":<||_html:</span>_||><||_html:<span '
 "style='background-color: rgba(0.0, 165.0, 0, 0.15); border-radius: 3px;' "
 'title=\'1.0\'>_||> "<||_html:</span>_||><||_html:<span '
 "style='background-color: rgba(0.0, 165.0, 0, 0.15); border-radius: 3px;' "
 "title='1.0'>_||>false<||_html:</span>_||><||_html:<span "
 "style='background-color: rgba(0.0, 165.0, 0, 0.15); border-radius: 3px;' "
 'title=\'1.0\'>_||>",<||_html:</span>_||><||_html:<span '
 "style='background-color: rgba(0.0, 165.0, 0, 0.15); border-radius: 3px;' "
 "title='1.0'>_||>\n"
 "<||_html:</span>_||><||_html:<span style='background-color: rgba(0.0, 165.0, "
 "0, 0.15); border-radius: 3px;' title='1.0'>_||>     "
 "<||_html:</span>_||><||_html:<span style='background-color: rgba(0.0, 165.0, "
 "0, 0.15); border-radius: 3px;' title='1.0'>_||> "
 '"<||_html:</span>_||><||_html:<span style=\'background-color: rgba(0.0, '
 "165.0, 0, 0.15); border-radius: 3px;' "
 "title='1.0'>_||>release<||_html:</span>_||><||_html:<span "
 "style='background-color: rgba(0.0, 165.0, 0, 0.15); border-radius: 3px;' "
 "title='1.0'>_||>_<||_html:</span>_||><||_html:<span style='background-color: "
 "rgba(0.0, 165.0, 0, 0.15); border-radius: 3px;' "
 "title='1.0'>_||>note<||_html:</span>_||><||_html:<span "
 "style='background-color: rgba(0.0, 165.0, 0, 0.15); border-radius: 3px;' "
 'title=\'1.0\'>_||>":<||_html:</span>_||><||_html:<span '
 "style='background-color: rgba(0.0, 165.0, 0, 0.15); border-radius: 3px;' "
 'title=\'1.0\'>_||> "<||_html:</span>_||><||_html:<span '
 "style='background-color: rgba(0.0, 165.0, 0, 0.15); border-radius: 3px;' "
 "title='1.0'>_||>The<||_html:</span>_||><||_html:<span "
 "style='background-color: rgba(0.0, 165.0, 0, 0.15); border-radius: 3px;' "
 "title='1.0'>_||> '<||_html:</span>_||><||_html:<span "
 "style='background-color: rgba(0.0, 165.0, 0, 0.15); border-radius: 3px;' "
 "title='1.0'>_||>get<||_html:</span>_||><||_html:<span "
 "style='background-color: rgba(0.0, 165.0, 0, 0.15); border-radius: 3px;' "
 "title='1.0'>_||>Product<||_html:</span>_||><||_html:<span "
 "style='background-color: rgba(0.0, 165.0, 0, 0.15); border-radius: 3px;' "
 "title='1.0'>_||>'<||_html:</span>_||><||_html:<span style='background-color: "
 "rgba(0.0, 165.0, 0, 0.15); border-radius: 3px;' title='1.0'>_||> "
 "query<||_html:</span>_||><||_html:<span style='background-color: rgba(0.0, "
 "165.0, 0, 0.15); border-radius: 3px;' title='1.0'>_||> "
 "now<||_html:</span>_||><||_html:<span style='background-color: rgba(0.0, "
 "165.0, 0, 0.15); border-radius: 3px;' title='1.0'>_||> "
 "includes<||_html:</span>_||><||_html:<span style='background-color: "
 "rgba(0.0, 165.0, 0, 0.15); border-radius: 3px;' title='1.0'>_||> "
 "a<||_html:</span>_||><||_html:<span style='background-color: rgba(0.0, "
 "165.0, 0, 0.15); border-radius: 3px;' title='1.0'>_||> "
 "new<||_html:</span>_||><||_html:<span style='background-color: rgba(0.0, "
 "165.0, 0, 0.15); border-radius: 3px;' title='1.0'>_||> "
 "field<||_html:</span>_||><||_html:<span style='background-color: rgba(0.0, "
 "165.0, 0, 0.15); border-radius: 3px;' title='1.0'>_||> "
 "'<||_html:</span>_||><||_html:<span style='background-color: rgba(0.0, "
 "165.0, 0, 0.15); border-radius: 3px;' "
 "title='1.0'>_||>details<||_html:</span>_||><||_html:<span "
 "style='background-color: rgba(0.0, 165.0, 0, 0.15); border-radius: 3px;' "
 "title='1.0'>_||>'<||_html:</span>_||><||_html:<span style='background-color: "
 "rgba(0.0, 165.0, 0, 0.15); border-radius: 3px;' title='1.0'>_||> "
 "of<||_html:</span>_||><||_html:<span style='background-color: rgba(0.0, "
 "165.0, 0, 0.15); border-radius: 3px;' title='1.0'>_||> "
 "type<||_html:</span>_||><||_html:<span style='background-color: rgba(0.0, "
 "165.0, 0, 0.15); border-radius: 3px;' title='1.0'>_||> "
 "String<||_html:</span>_||><||_html:<span style='background-color: rgba(0.0, "
 "165.0, 0, 0.15); border-radius: 3px;' "
 'title=\'1.0\'>_||>."<||_html:</span>_||><||_html:<span '
 "style='background-color: rgba(0.0, 165.0, 0, 0.15); border-radius: 3px;' "
 "title='1.0'>_||>\n"
 "<||_html:</span>_||><||_html:<span style='background-color: rgba(0.0, 165.0, "
 "0, 0.15); border-radius: 3px;' title='1.0'>_||>   "
 "<||_html:</span>_||><||_html:<span style='background-color: rgba(0.0, 165.0, "
 "0, 0.15); border-radius: 3px;' title='1.0'>_||> "
 "},<||_html:</span>_||><||_html:<span style='background-color: rgba(0.0, "
 "165.0, 0, 0.15); border-radius: 3px;' title='1.0'>_||>\n"
 "<||_html:</span>_||><||_html:<span style='background-color: rgba(0.0, 165.0, "
 "0, 0.15); border-radius: 3px;' title='1.0'>_||>   "
 "<||_html:</span>_||><||_html:<span style='background-color: rgba(0.0, 165.0, "
 "0, 0.15); border-radius: 3px;' title='1.0'>_||> "
 "{<||_html:</span>_||><||_html:<span style='background-color: rgba(0.0, "
 "165.0, 0, 0.15); border-radius: 3px;' title='1.0'>_||>\n"
 "<||_html:</span>_||><||_html:<span style='background-color: rgba(0.0, 165.0, "
 "0, 0.15); border-radius: 3px;' title='1.0'>_||>     "
 "<||_html:</span>_||><||_html:<span style='background-color: rgba(0.0, 165.0, "
 "0, 0.15); border-radius: 3px;' title='1.0'>_||> "
 '"<||_html:</span>_||><||_html:<span style=\'background-color: rgba(0.0, '
 "165.0, 0, 0.15); border-radius: 3px;' "
 "title='1.0'>_||>type<||_html:</span>_||><||_html:<span "
 "style='background-color: rgba(0.0, 165.0, 0, 0.15); border-radius: 3px;' "
 'title=\'1.0\'>_||>":<||_html:</span>_||><||_html:<span '
 "style='background-color: rgba(0.0, 165.0, 0, 0.15); border-radius: 3px;' "
 'title=\'1.0\'>_||> "<||_html:</span>_||><||_html:<span '
 "style='background-color: rgba(0.0, 165.0, 0, 0.15); border-radius: 3px;' "
 "title='1.0'>_||>Product<||_html:</span>_||><||_html:<span "
 "style='background-color: rgba(0.0, 165.0, 0, 0.15); border-radius: 3px;' "
 'title=\'1.0\'>_||>",<||_html:</span>_||><||_html:<span '
 "style='background-color: rgba(0.0, 165.0, 0, 0.15); border-radius: 3px;' "
 "title='1.0'>_||>\n"
 "<||_html:</span>_||><||_html:<span style='background-color: rgba(0.0, 165.0, "
 "0, 0.15); border-radius: 3px;' title='1.0'>_||>     "
 "<||_html:</span>_||><||_html:<span style='background-color: rgba(0.0, 165.0, "
 "0, 0.15); border-radius: 3px;' title='1.0'>_||> "
 '"<||_html:</span>_||><||_html:<span style=\'background-color: rgba(0.0, '
 "165.0, 0, 0.15); border-radius: 3px;' "
 "title='1.0'>_||>field<||_html:</span>_||><||_html:<span "
 "style='background-color: rgba(0.0, 165.0, 0, 0.15); border-radius: 3px;' "
 'title=\'1.0\'>_||>":<||_html:</span>_||><||_html:<span '
 "style='background-color: rgba(0.0, 165.0, 0, 0.15); border-radius: 3px;' "
 'title=\'1.0\'>_||> "<||_html:</span>_||><||_html:<span '
 "style='background-color: rgba(0.0, 165.0, 0, 0.15); border-radius: 3px;' "
 "title='1.0'>_||>description<||_html:</span>_||><||_html:<span "
 "style='background-color: rgba(0.0, 165.0, 0, 0.15); border-radius: 3px;' "
 'title=\'1.0\'>_||>",<||_html:</span>_||><||_html:<span '
 "style='background-color: rgba(0.0, 165.0, 0, 0.15); border-radius: 3px;' "
 "title='1.0'>_||>\n"
 "<||_html:</span>_||><||_html:<span style='background-color: rgba(0.0, 165.0, "
 "0, 0.15); border-radius: 3px;' title='1.0'>_||>     "
 "<||_html:</span>_||><||_html:<span style='background-color: rgba(0.0, 165.0, "
 "0, 0.15); border-radius: 3px;' title='1.0'>_||> "
 '"<||_html:</span>_||><||_html:<span style=\'background-color: rgba(0.0, '
 "165.0, 0, 0.15); border-radius: 3px;' "
 "title='1.0'>_||>change<||_html:</span>_||><||_html:<span "
 "style='background-color: rgba(0.0, 165.0, 0, 0.15); border-radius: 3px;' "
 'title=\'1.0\'>_||>":<||_html:</span>_||><||_html:<span '
 "style='background-color: rgba(0.0, 165.0, 0, 0.15); border-radius: 3px;' "
 'title=\'1.0\'>_||> "<||_html:</span>_||><||_html:<span '
 "style='background-color: rgba(0.0, 165.0, 0, 0.15); border-radius: 3px;' "
 "title='1.0'>_||>field<||_html:</span>_||><||_html:<span "
 "style='background-color: rgba(0.0, 165.0, 0, 0.15); border-radius: 3px;' "
 "title='1.0'>_||> removed<||_html:</span>_||><||_html:<span "
 "style='background-color: rgba(0.0, 165.0, 0, 0.15); border-radius: 3px;' "
 'title=\'1.0\'>_||>",<||_html:</span>_||><||_html:<span '
 "style='background-color: rgba(0.0, 165.0, 0, 0.15); border-radius: 3px;' "
 "title='1.0'>_||>\n"
 "<||_html:</span>_||><||_html:<span style='background-color: rgba(0.0, 165.0, "
 "0, 0.15); border-radius: 3px;' title='1.0'>_||>     "
 "<||_html:</span>_||><||_html:<span style='background-color: rgba(0.0, 165.0, "
 "0, 0.15); border-radius: 3px;' title='1.0'>_||> "
 '"<||_html:</span>_||><||_html:<span style=\'background-color: rgba(0.0, '
 "165.0, 0, 0.15); border-radius: 3px;' "
 "title='1.0'>_||>breaking<||_html:</span>_||><||_html:<span "
 "style='background-color: rgba(0.0, 165.0, 0, 0.15); border-radius: 3px;' "
 'title=\'1.0\'>_||>":<||_html:</span>_||><||_html:<span '
 "style='background-color: rgba(0.0, 165.0, 0, 0.15); border-radius: 3px;' "
 'title=\'1.0\'>_||> "<||_html:</span>_||><||_html:<span '
 "style='background-color: rgba(0.0, 165.0, 0, 0.15); border-radius: 3px;' "
 "title='1.0'>_||>true<||_html:</span>_||><||_html:<span "
 "style='background-color: rgba(0.0, 165.0, 0, 0.15); border-radius: 3px;' "
 'title=\'1.0\'>_||>",<||_html:</span>_||><||_html:<span '
 "style='background-color: rgba(0.0, 165.0, 0, 0.15); border-radius: 3px;' "
 "title='1.0'>_||>\n"
 "<||_html:</span>_||><||_html:<span style='background-color: rgba(0.0, 165.0, "
 "0, 0.15); border-radius: 3px;' title='1.0'>_||>     "
 "<||_html:</span>_||><||_html:<span style='background-color: rgba(0.0, 165.0, "
 "0, 0.15); border-radius: 3px;' title='1.0'>_||> "
 '"<||_html:</span>_||><||_html:<span style=\'background-color: rgba(0.0, '
 "165.0, 0, 0.15); border-radius: 3px;' "
 "title='1.0'>_||>release<||_html:</span>_||><||_html:<span "
 "style='background-color: rgba(0.0, 165.0, 0, 0.15); border-radius: 3px;' "
 "title='1.0'>_||>_<||_html:</span>_||><||_html:<span style='background-color: "
 "rgba(0.0, 165.0, 0, 0.15); border-radius: 3px;' "
 "title='1.0'>_||>note<||_html:</span>_||><||_html:<span "
 "style='background-color: rgba(0.0, 165.0, 0, 0.15); border-radius: 3px;' "
 'title=\'1.0\'>_||>":<||_html:</span>_||><||_html:<span '
 "style='background-color: rgba(0.0, 165.0, 0, 0.15); border-radius: 3px;' "
 'title=\'1.0\'>_||> "<||_html:</span>_||><||_html:<span '
 "style='background-color: rgba(0.0, 165.0, 0, 0.15); border-radius: 3px;' "
 "title='1.0'>_||>The<||_html:</span>_||><||_html:<span "
 "style='background-color: rgba(0.0, 165.0, 0, 0.15); border-radius: 3px;' "
 "title='1.0'>_||> '<||_html:</span>_||><||_html:<span "
 "style='background-color: rgba(0.0, 165.0, 0, 0.15); border-radius: 3px;' "
 "title='1.0'>_||>Product<||_html:</span>_||><||_html:<span "
 "style='background-color: rgba(0.0, 165.0, 0, 0.15); border-radius: 3px;' "
 "title='1.0'>_||>'<||_html:</span>_||><||_html:<span style='background-color: "
 "rgba(0.0, 165.0, 0, 0.15); border-radius: 3px;' title='1.0'>_||> "
 "type<||_html:</span>_||><||_html:<span style='background-color: rgba(0.0, "
 "165.0, 0, 0.15); border-radius: 3px;' title='1.0'>_||> "
 "no<||_html:</span>_||><||_html:<span style='background-color: rgba(0.0, "
 "165.0, 0, 0.15); border-radius: 3px;' title='1.0'>_||> "
 "longer<||_html:</span>_||><||_html:<span style='background-color: rgba(0.0, "
 "165.0, 0, 0.15); border-radius: 3px;' title='1.0'>_||> "
 "includes<||_html:</span>_||><||_html:<span style='background-color: "
 "rgba(0.0, 165.0, 0, 0.15); border-radius: 3px;' title='1.0'>_||> "
 "the<||_html:</span>_||><||_html:<span style='background-color: rgba(0.0, "
 "165.0, 0, 0.15); border-radius: 3px;' title='1.0'>_||> "
 "'<||_html:</span>_||><||_html:<span style='background-color: rgba(0.0, "
 "165.0, 0, 0.15); border-radius: 3px;' "
 "title='1.0'>_||>description<||_html:</span>_||><||_html:<span "
 "style='background-color: rgba(0.0, 165.0, 0, 0.15); border-radius: 3px;' "
 "title='1.0'>_||>'<||_html:</span>_||><||_html:<span style='background-color: "
 "rgba(0.0, 165.0, 0, 0.15); border-radius: 3px;' title='1.0'>_||> "
 "field<||_html:</span>_||><||_html:<span style='background-color: rgba(0.0, "
 "165.0, 0, 0.15); border-radius: 3px;' "
 'title=\'1.0\'>_||>."<||_html:</span>_||><||_html:<span '
 "style='background-color: rgba(0.0, 165.0, 0, 0.15); border-radius: 3px;' "
 "title='1.0'>_||>\n"
 "<||_html:</span>_||><||_html:<span style='background-color: rgba(0.0, 165.0, "
 "0, 0.15); border-radius: 3px;' title='1.0'>_||>   "
 "<||_html:</span>_||><||_html:<span style='background-color: rgba(0.0, 165.0, "
 "0, 0.15); border-radius: 3px;' title='1.0'>_||> "
 "},<||_html:</span>_||><||_html:<span style='background-color: rgba(0.0, "
 "165.0, 0, 0.15); border-radius: 3px;' title='1.0'>_||>\n"
 "<||_html:</span>_||><||_html:<span style='background-color: rgba(0.0, 165.0, "
 "0, 0.15); border-radius: 3px;' title='1.0'>_||>   "
 "<||_html:</span>_||><||_html:<span style='background-color: rgba(0.0, 165.0, "
 "0, 0.15); border-radius: 3px;' title='1.0'>_||> "
 "{<||_html:</span>_||><||_html:<span style='background-color: rgba(0.0, "
 "165.0, 0, 0.15); border-radius: 3px;' title='1.0'>_||>\n"
 "<||_html:</span>_||><||_html:<span style='background-color: rgba(0.0, 165.0, "
 "0, 0.15); border-radius: 3px;' title='1.0'>_||>     "
 "<||_html:</span>_||><||_html:<span style='background-color: rgba(0.0, 165.0, "
 "0, 0.15); border-radius: 3px;' title='1.0'>_||> "
 '"<||_html:</span>_||><||_html:<span style=\'background-color: rgba(0.0, '
 "165.0, 0, 0.15); border-radius: 3px;' "
 "title='1.0'>_||>type<||_html:</span>_||><||_html:<span "
 "style='background-color: rgba(0.0, 165.0, 0, 0.15); border-radius: 3px;' "
 'title=\'1.0\'>_||>":<||_html:</span>_||><||_html:<span '
 "style='background-color: rgba(0.0, 165.0, 0, 0.15); border-radius: 3px;' "
 'title=\'1.0\'>_||> "<||_html:</span>_||><||_html:<span '
 "style='background-color: rgba(0.0, 165.0, 0, 0.15); border-radius: 3px;' "
 "title='1.0'>_||>Product<||_html:</span>_||><||_html:<span "
 "style='background-color: rgba(0.0, 165.0, 0, 0.15); border-radius: 3px;' "
 'title=\'1.0\'>_||>",<||_html:</span>_||><||_html:<span '
 "style='background-color: rgba(0.0, 165.0, 0, 0.15); border-radius: 3px;' "
 "title='1.0'>_||>\n"
 "<||_html:</span>_||><||_html:<span style='background-color: rgba(0.0, 165.0, "
 "0, 0.15); border-radius: 3px;' title='1.0'>_||>     "
 "<||_html:</span>_||><||_html:<span style='background-color: rgba(0.0, 165.0, "
 "0, 0.15); border-radius: 3px;' title='1.0'>_||> "
 '"<||_html:</span>_||><||_html:<span style=\'background-color: rgba(0.0, '
 "165.0, 0, 0.15); border-radius: 3px;' "
 "title='1.0'>_||>field<||_html:</span>_||><||_html:<span "
 "style='background-color: rgba(0.0, 165.0, 0, 0.15); border-radius: 3px;' "
 'title=\'1.0\'>_||>":<||_html:</span>_||><||_html:<span '
 "style='background-color: rgba(0.0, 165.0, 0, 0.15); border-radius: 3px;' "
 'title=\'1.0\'>_||> "<||_html:</span>_||><||_html:<span '
 "style='background-color: rgba(0.0, 165.0, 0, 0.15); border-radius: 3px;' "
 "title='1.0'>_||>stock<||_html:</span>_||><||_html:<span "
 "style='background-color: rgba(0.0, 165.0, 0, 0.15); border-radius: 3px;' "
 'title=\'1.0\'>_||>",<||_html:</span>_||><||_html:<span '
 "style='background-color: rgba(0.0, 165.0, 0, 0.15); border-radius: 3px;' "
 "title='1.0'>_||>\n"
 "<||_html:</span>_||><||_html:<span style='background-color: rgba(0.0, 165.0, "
 "0, 0.15); border-radius: 3px;' title='1.0'>_||>     "
 "<||_html:</span>_||><||_html:<span style='background-color: rgba(0.0, 165.0, "
 "0, 0.15); border-radius: 3px;' title='1.0'>_||> "
 '"<||_html:</span>_||><||_html:<span style=\'background-color: rgba(0.0, '
 "165.0, 0, 0.15); border-radius: 3px;' "
 "title='1.0'>_||>change<||_html:</span>_||><||_html:<span "
 "style='background-color: rgba(0.0, 165.0, 0, 0.15); border-radius: 3px;' "
 'title=\'1.0\'>_||>":<||_html:</span>_||><||_html:<span '
 "style='background-color: rgba(0.0, 165.0, 0, 0.15); border-radius: 3px;' "
 'title=\'1.0\'>_||> "<||_html:</span>_||><||_html:<span '
 "style='background-color: rgba(0.0, 165.0, 0, 0.15); border-radius: 3px;' "
 "title='1.0'>_||>field<||_html:</span>_||><||_html:<span "
 "style='background-color: rgba(0.0, 165.0, 0, 0.15); border-radius: 3px;' "
 "title='1.0'>_||> removed<||_html:</span>_||><||_html:<span "
 "style='background-color: rgba(0.0, 165.0, 0, 0.15); border-radius: 3px;' "
 'title=\'1.0\'>_||>",<||_html:</span>_||><||_html:<span '
 "style='background-color: rgba(0.0, 165.0, 0, 0.15); border-radius: 3px;' "
 "title='1.0'>_||>\n"
 "<||_html:</span>_||><||_html:<span style='background-color: rgba(0.0, 165.0, "
 "0, 0.15); border-radius: 3px;' title='1.0'>_||>     "
 "<||_html:</span>_||><||_html:<span style='background-color: rgba(0.0, 165.0, "
 "0, 0.15); border-radius: 3px;' title='1.0'>_||> "
 '"<||_html:</span>_||><||_html:<span style=\'background-color: rgba(0.0, '
 "165.0, 0, 0.15); border-radius: 3px;' "
 "title='1.0'>_||>breaking<||_html:</span>_||><||_html:<span "
 "style='background-color: rgba(0.0, 165.0, 0, 0.15); border-radius: 3px;' "
 'title=\'1.0\'>_||>":<||_html:</span>_||><||_html:<span '
 "style='background-color: rgba(0.0, 165.0, 0, 0.15); border-radius: 3px;' "
 'title=\'1.0\'>_||> "<||_html:</span>_||><||_html:<span '
 "style='background-color: rgba(0.0, 165.0, 0, 0.15); border-radius: 3px;' "
 "title='1.0'>_||>true<||_html:</span>_||><||_html:<span "
 "style='background-color: rgba(0.0, 165.0, 0, 0.15); border-radius: 3px;' "
 'title=\'1.0\'>_||>",<||_html:</span>_||><||_html:<span '
 "style='background-color: rgba(0.0, 165.0, 0, 0.15); border-radius: 3px;' "
 "title='1.0'>_||>\n"
 "<||_html:</span>_||><||_html:<span style='background-color: rgba(0.0, 165.0, "
 "0, 0.15); border-radius: 3px;' title='1.0'>_||>     "
 "<||_html:</span>_||><||_html:<span style='background-color: rgba(0.0, 165.0, "
 "0, 0.15); border-radius: 3px;' title='1.0'>_||> "
 '"<||_html:</span>_||><||_html:<span style=\'background-color: rgba(0.0, '
 "165.0, 0, 0.15); border-radius: 3px;' "
 "title='1.0'>_||>release<||_html:</span>_||><||_html:<span "
 "style='background-color: rgba(0.0, 165.0, 0, 0.15); border-radius: 3px;' "
 "title='1.0'>_||>_<||_html:</span>_||><||_html:<span style='background-color: "
 "rgba(0.0, 165.0, 0, 0.15); border-radius: 3px;' "
 "title='1.0'>_||>note<||_html:</span>_||><||_html:<span "
 "style='background-color: rgba(0.0, 165.0, 0, 0.15); border-radius: 3px;' "
 'title=\'1.0\'>_||>":<||_html:</span>_||><||_html:<span '
 "style='background-color: rgba(0.0, 165.0, 0, 0.15); border-radius: 3px;' "
 'title=\'1.0\'>_||> "<||_html:</span>_||><||_html:<span '
 "style='background-color: rgba(0.0, 165.0, 0, 0.15); border-radius: 3px;' "
 "title='1.0'>_||>The<||_html:</span>_||><||_html:<span "
 "style='background-color: rgba(0.0, 165.0, 0, 0.15); border-radius: 3px;' "
 "title='1.0'>_||> '<||_html:</span>_||><||_html:<span "
 "style='background-color: rgba(0.0, 165.0, 0, 0.15); border-radius: 3px;' "
 "title='1.0'>_||>Product<||_html:</span>_||><||_html:<span "
 "style='background-color: rgba(0.0, 165.0, 0, 0.15); border-radius: 3px;' "
 "title='1.0'>_||>'<||_html:</span>_||><||_html:<span style='background-color: "
 "rgba(0.0, 165.0, 0, 0.15); border-radius: 3px;' title='1.0'>_||> "
 "type<||_html:</span>_||><||_html:<span style='background-color: rgba(0.0, "
 "165.0, 0, 0.15); border-radius: 3px;' title='1.0'>_||> "
 "no<||_html:</span>_||><||_html:<span style='background-color: rgba(0.0, "
 "165.0, 0, 0.15); border-radius: 3px;' title='1.0'>_||> "
 "longer<||_html:</span>_||><||_html:<span style='background-color: rgba(0.0, "
 "165.0, 0, 0.15); border-radius: 3px;' title='1.0'>_||> "
 "includes<||_html:</span>_||><||_html:<span style='background-color: "
 "rgba(0.0, 165.0, 0, 0.15); border-radius: 3px;' title='1.0'>_||> "
 "the<||_html:</span>_||><||_html:<span style='background-color: rgba(0.0, "
 "165.0, 0, 0.15); border-radius: 3px;' title='1.0'>_||> "
 "'<||_html:</span>_||><||_html:<span style='background-color: rgba(0.0, "
 "165.0, 0, 0.15); border-radius: 3px;' "
 "title='1.0'>_||>stock<||_html:</span>_||><||_html:<span "
 "style='background-color: rgba(0.0, 165.0, 0, 0.15); border-radius: 3px;' "
 "title='1.0'>_||>'<||_html:</span>_||><||_html:<span style='background-color: "
 "rgba(0.0, 165.0, 0, 0.15); border-radius: 3px;' title='1.0'>_||> "
 "field<||_html:</span>_||><||_html:<span style='background-color: rgba(0.0, "
 "165.0, 0, 0.15); border-radius: 3px;' "
 'title=\'1.0\'>_||>."<||_html:</span>_||><||_html:<span '
 "style='background-color: rgba(0.0, 165.0, 0, 0.15); border-radius: 3px;' "
 "title='1.0'>_||>\n"
 "<||_html:</span>_||><||_html:<span style='background-color: rgba(0.0, 165.0, "
 "0, 0.15); border-radius: 3px;' title='1.0'>_||>   "
 "<||_html:</span>_||><||_html:<span style='background-color: rgba(0.0, 165.0, "
 "0, 0.15); border-radius: 3px;' title='1.0'>_||> "
 "}<||_html:</span>_||><||_html:<span style='background-color: rgba(0.0, "
 "165.0, 0, 0.15); border-radius: 3px;' title='1.0'>_||>\n"
 "<||_html:</span>_||><||_html:<span style='background-color: rgba(0.0, 165.0, "
 "0, 0.15); border-radius: 3px;' title='1.0'>_||> "
 "<||_html:</span>_||><||_html:<span style='background-color: rgba(0.0, 165.0, "
 "0, 0.15); border-radius: 3px;' title='1.0'>_||> "
 "],<||_html:</span>_||><||_html:<span style='background-color: rgba(0.0, "
 "165.0, 0, 0.15); border-radius: 3px;' title='1.0'>_||>\n"
 "<||_html:</span>_||><||_html:<span style='background-color: rgba(0.0, 165.0, "
 "0, 0.15); border-radius: 3px;' title='1.0'>_||> "
 "<||_html:</span>_||><||_html:<span style='background-color: rgba(0.0, 165.0, "
 "0, 0.15); border-radius: 3px;' title='1.0'>_||> "
 '"<||_html:</span>_||><||_html:<span style=\'background-color: rgba(0.0, '
 "165.0, 0, 0.15); border-radius: 3px;' "
 "title='1.0'>_||>release<||_html:</span>_||><||_html:<span "
 "style='background-color: rgba(0.0, 165.0, 0, 0.15); border-radius: 3px;' "
 "title='1.0'>_||>_<||_html:</span>_||><||_html:<span style='background-color: "
 "rgba(0.0, 165.0, 0, 0.15); border-radius: 3px;' "
 "title='1.0'>_||>notes<||_html:</span>_||><||_html:<span "
 "style='background-color: rgba(0.0, 165.0, 0, 0.15); border-radius: 3px;' "
 'title=\'1.0\'>_||>":<||_html:</span>_||><||_html:<span '
 "style='background-color: rgba(0.0, 165.0, 0, 0.15); border-radius: 3px;' "
 "title='1.0'>_||> {<||_html:</span>_||><||_html:<span "
 "style='background-color: rgba(0.0, 165.0, 0, 0.15); border-radius: 3px;' "
 "title='1.0'>_||>\n"
 "<||_html:</span>_||><||_html:<span style='background-color: rgba(0.0, 165.0, "
 "0, 0.15); border-radius: 3px;' title='1.0'>_||>   "
 "<||_html:</span>_||><||_html:<span style='background-color: rgba(0.0, 165.0, "
 "0, 0.15); border-radius: 3px;' title='1.0'>_||> "
 '"<||_html:</span>_||><||_html:<span style=\'background-color: rgba(0.0, '
 "165.0, 0, 0.15); border-radius: 3px;' "
 "title='1.0'>_||>summary<||_html:</span>_||><||_html:<span "
 "style='background-color: rgba(0.0, 165.0, 0, 0.15); border-radius: 3px;' "
 'title=\'1.0\'>_||>":<||_html:</span>_||><||_html:<span '
 "style='background-color: rgba(0.0, 165.0, 0, 0.15); border-radius: 3px;' "
 'title=\'1.0\'>_||> "<||_html:</span>_||><||_html:<span '
 "style='background-color: rgba(0.0, 165.0, 0, 0.15); border-radius: 3px;' "
 "title='1.0'>_||>The<||_html:</span>_||><||_html:<span "
 "style='background-color: rgba(0.0, 165.0, 0, 0.15); border-radius: 3px;' "
 "title='1.0'>_||> '<||_html:</span>_||><||_html:<span "
 "style='background-color: rgba(0.0, 165.0, 0, 0.15); border-radius: 3px;' "
 "title='1.0'>_||>get<||_html:</span>_||><||_html:<span "
 "style='background-color: rgba(0.0, 165.0, 0, 0.15); border-radius: 3px;' "
 "title='1.0'>_||>Product<||_html:</span>_||><||_html:<span "
 "style='background-color: rgba(0.0, 165.0, 0, 0.15); border-radius: 3px;' "
 "title='1.0'>_||>'<||_html:</span>_||><||_html:<span style='background-color: "
 "rgba(0.0, 165.0, 0, 0.15); border-radius: 3px;' title='1.0'>_||> "
 "query<||_html:</span>_||><||_html:<span style='background-color: rgba(0.0, "
 "165.0, 0, 0.15); border-radius: 3px;' title='1.0'>_||> "
 "now<||_html:</span>_||><||_html:<span style='background-color: rgba(0.0, "
 "165.0, 0, 0.15); border-radius: 3px;' title='1.0'>_||> "
 "includes<||_html:</span>_||><||_html:<span style='background-color: "
 "rgba(0.0, 165.0, 0, 0.15); border-radius: 3px;' title='1.0'>_||> "
 "a<||_html:</span>_||><||_html:<span style='background-color: rgba(0.0, "
 "165.0, 0, 0.15); border-radius: 3px;' title='1.0'>_||> "
 "new<||_html:</span>_||><||_html:<span style='background-color: rgba(0.0, "
 "165.0, 0, 0.15); border-radius: 3px;' title='1.0'>_||> "
 "field<||_html:</span>_||><||_html:<span style='background-color: rgba(0.0, "
 "165.0, 0, 0.15); border-radius: 3px;' title='1.0'>_||> "
 "'<||_html:</span>_||><||_html:<span style='background-color: rgba(0.0, "
 "165.0, 0, 0.15); border-radius: 3px;' "
 "title='1.0'>_||>details<||_html:</span>_||><||_html:<span "
 "style='background-color: rgba(0.0, 165.0, 0, 0.15); border-radius: 3px;' "
 "title='1.0'>_||>'<||_html:</span>_||><||_html:<span style='background-color: "
 "rgba(0.0, 165.0, 0, 0.15); border-radius: 3px;' title='1.0'>_||> "
 "of<||_html:</span>_||><||_html:<span style='background-color: rgba(0.0, "
 "165.0, 0, 0.15); border-radius: 3px;' title='1.0'>_||> "
 "type<||_html:</span>_||><||_html:<span style='background-color: rgba(0.0, "
 "165.0, 0, 0.15); border-radius: 3px;' title='1.0'>_||> "
 "String<||_html:</span>_||><||_html:<span style='background-color: rgba(0.0, "
 "165.0, 0, 0.15); border-radius: 3px;' "
 "title='1.0'>_||>.<||_html:</span>_||><||_html:<span style='background-color: "
 "rgba(0.0, 165.0, 0, 0.15); border-radius: 3px;' title='1.0'>_||> "
 "The<||_html:</span>_||><||_html:<span style='background-color: rgba(0.0, "
 "165.0, 0, 0.15); border-radius: 3px;' title='1.0'>_||> "
 "'<||_html:</span>_||><||_html:<span style='background-color: rgba(0.0, "
 "165.0, 0, 0.15); border-radius: 3px;' "
 "title='1.0'>_||>Product<||_html:</span>_||><||_html:<span "
 "style='background-color: rgba(0.0, 165.0, 0, 0.15); border-radius: 3px;' "
 "title='1.0'>_||>'<||_html:</span>_||><||_html:<span style='background-color: "
 "rgba(0.0, 165.0, 0, 0.15); border-radius: 3px;' title='1.0'>_||> "
 "type<||_html:</span>_||><||_html:<span style='background-color: rgba(0.0, "
 "165.0, 0, 0.15); border-radius: 3px;' title='1.0'>_||> "
 "no<||_html:</span>_||><||_html:<span style='background-color: rgba(0.0, "
 "165.0, 0, 0.15); border-radius: 3px;' title='1.0'>_||> "
 "longer<||_html:</span>_||><||_html:<span style='background-color: rgba(0.0, "
 "165.0, 0, 0.15); border-radius: 3px;' title='1.0'>_||> "
 "includes<||_html:</span>_||><||_html:<span style='background-color: "
 "rgba(0.0, 165.0, 0, 0.15); border-radius: 3px;' title='1.0'>_||> "
 "the<||_html:</span>_||><||_html:<span style='background-color: rgba(0.0, "
 "165.0, 0, 0.15); border-radius: 3px;' title='1.0'>_||> "
 "'<||_html:</span>_||><||_html:<span style='background-color: rgba(0.0, "
 "165.0, 0, 0.15); border-radius: 3px;' "
 "title='1.0'>_||>description<||_html:</span>_||><||_html:<span "
 "style='background-color: rgba(0.0, 165.0, 0, 0.15); border-radius: 3px;' "
 "title='1.0'>_||>'<||_html:</span>_||><||_html:<span style='background-color: "
 "rgba(0.0, 165.0, 0, 0.15); border-radius: 3px;' title='1.0'>_||> "
 "and<||_html:</span>_||><||_html:<span style='background-color: rgba(0.0, "
 "165.0, 0, 0.15); border-radius: 3px;' title='1.0'>_||> "
 "'<||_html:</span>_||><||_html:<span style='background-color: rgba(0.0, "
 "165.0, 0, 0.15); border-radius: 3px;' "
 "title='1.0'>_||>stock<||_html:</span>_||><||_html:<span "
 "style='background-color: rgba(0.0, 165.0, 0, 0.15); border-radius: 3px;' "
 "title='1.0'>_||>'<||_html:</span>_||><||_html:<span style='background-color: "
 "rgba(0.0, 165.0, 0, 0.15); border-radius: 3px;' title='1.0'>_||> "
 "fields<||_html:</span>_||><||_html:<span style='background-color: rgba(0.0, "
 "165.0, 0, 0.15); border-radius: 3px;' "
 'title=\'1.0\'>_||>."<||_html:</span>_||><||_html:<span '
 "style='background-color: rgba(0.0, 165.0, 0, 0.15); border-radius: 3px;' "
 "title='1.0'>_||>\n"
 "<||_html:</span>_||><||_html:<span style='background-color: rgba(0.0, 165.0, "
 "0, 0.15); border-radius: 3px;' title='1.0'>_||> "
 "<||_html:</span>_||><||_html:<span style='background-color: rgba(0.0, 165.0, "
 "0, 0.15); border-radius: 3px;' title='1.0'>_||> "
 "}<||_html:</span>_||><||_html:<span style='background-color: rgba(0.0, "
 "165.0, 0, 0.15); border-radius: 3px;' title='1.0'>_||>\n"
 "<||_html:</span>_||><||_html:<span style='background-color: rgba(0.0, 165.0, "
 "0, 0.15); border-radius: 3px;' "
 'title=\'1.0\'>_||>}<||_html:</span>_||>{"changes":<||_html:<span '
 "style='background-color: rgba(0.0, 165.0, 0, 0.15); border-radius: 3px;' "
 "title='1.0'>_||>[<||_html:</span>_||><||_html:<span style='background-color: "
 "rgba(0.0, 165.0, 0, 0.15); border-radius: 3px;' "
 'title=\'1.0\'>_||>{"<||_html:</span>_||>type<||_html:<span '
 "style='background-color: rgba(0.0, 165.0, 0, 0.15); border-radius: 3px;' "
 'title=\'1.0\'>_||>":"<||_html:</span>_||><||_html:<span '
 "style='background-color: rgba(0.0, 165.0, 0, 0.15); border-radius: 3px;' "
 "title='1.0'>_||>Query<||_html:</span>_||><||_html:<span "
 "style='background-color: rgba(0.0, 165.0, 0, 0.15); border-radius: 3px;' "
 'title=\'1.0\'>_||>","<||_html:</span>_||>field<||_html:<span '
 "style='background-color: rgba(0.0, 165.0, 0, 0.15); border-radius: 3px;' "
 'title=\'1.0\'>_||>":"<||_html:</span>_||><||_html:<span '
 "style='background-color: rgba(0.0, 165.0, 0, 0.15); border-radius: 3px;' "
 "title='1.0'>_||>get<||_html:</span>_||><||_html:<span "
 "style='background-color: rgba(0.0, 165.0, 0, 0.15); border-radius: 3px;' "
 "title='1.0'>_||>Product<||_html:</span>_||><||_html:<span "
 "style='background-color: rgba(0.0, 165.0, 0, 0.15); border-radius: 3px;' "
 'title=\'1.0\'>_||>","<||_html:</span>_||>change<||_html:<span '
 "style='background-color: rgba(0.0, 165.0, 0, 0.15); border-radius: 3px;' "
 'title=\'1.0\'>_||>":"<||_html:</span>_||><||_html:<span '
 "style='background-color: rgba(0.0, 165.0, 0, 0.15); border-radius: 3px;' "
 "title='1.0'>_||>field<||_html:</span>_||><||_html:<span "
 "style='background-color: rgba(0.0, 165.0, 0, 0.15); border-radius: 3px;' "
 "title='1.0'>_||> details<||_html:</span>_||><||_html:<span "
 "style='background-color: rgba(0.0, 165.0, 0, 0.15); border-radius: 3px;' "
 "title='1.0'>_||> added<||_html:</span>_||><||_html:<span "
 "style='background-color: rgba(0.0, 165.0, 0, 0.15); border-radius: 3px;' "
 'title=\'1.0\'>_||>","<||_html:</span>_||>breaking<||_html:<span '
 "style='background-color: rgba(0.0, 165.0, 0, 0.15); border-radius: 3px;' "
 'title=\'1.0\'>_||>":<||_html:</span>_||><||_html:<span '
 "style='background-color: rgba(0.0, 165.0, 0, 0.15); border-radius: 3px;' "
 'title=\'1.0\'>_||>false<||_html:</span>_||>,"release_note<||_html:<span '
 "style='background-color: rgba(0.0, 165.0, 0, 0.15); border-radius: 3px;' "
 'title=\'1.0\'>_||>":"<||_html:</span>_||><||_html:<span '
 "style='background-color: rgba(0.0, 165.0, 0, 0.15); border-radius: 3px;' "
 "title='1.0'>_||>The<||_html:</span>_||><||_html:<span "
 "style='background-color: rgba(0.0, 165.0, 0, 0.15); border-radius: 3px;' "
 "title='1.0'>_||> '<||_html:</span>_||><||_html:<span "
 "style='background-color: rgba(0.0, 165.0, 0, 0.15); border-radius: 3px;' "
 "title='1.0'>_||>get<||_html:</span>_||><||_html:<span "
 "style='background-color: rgba(0.0, 165.0, 0, 0.15); border-radius: 3px;' "
 "title='1.0'>_||>Product<||_html:</span>_||><||_html:<span "
 "style='background-color: rgba(0.0, 165.0, 0, 0.15); border-radius: 3px;' "
 "title='1.0'>_||>'<||_html:</span>_||><||_html:<span style='background-color: "
 "rgba(0.0, 165.0, 0, 0.15); border-radius: 3px;' title='1.0'>_||> "
 "query<||_html:</span>_||><||_html:<span style='background-color: rgba(0.0, "
 "165.0, 0, 0.15); border-radius: 3px;' title='1.0'>_||> "
 "now<||_html:</span>_||><||_html:<span style='background-color: rgba(0.0, "
 "165.0, 0, 0.15); border-radius: 3px;' title='1.0'>_||> "
 "includes<||_html:</span>_||><||_html:<span style='background-color: "
 "rgba(0.0, 165.0, 0, 0.15); border-radius: 3px;' title='1.0'>_||> "
 "a<||_html:</span>_||><||_html:<span style='background-color: rgba(0.0, "
 "165.0, 0, 0.15); border-radius: 3px;' title='1.0'>_||> "
 "new<||_html:</span>_||><||_html:<span style='background-color: rgba(0.0, "
 "165.0, 0, 0.15); border-radius: 3px;' title='1.0'>_||> "
 "field<||_html:</span>_||><||_html:<span style='background-color: rgba(0.0, "
 "165.0, 0, 0.15); border-radius: 3px;' title='1.0'>_||> "
 "'<||_html:</span>_||><||_html:<span style='background-color: rgba(0.0, "
 "165.0, 0, 0.15); border-radius: 3px;' "
 "title='1.0'>_||>details<||_html:</span>_||><||_html:<span "
 "style='background-color: rgba(0.0, 165.0, 0, 0.15); border-radius: 3px;' "
 "title='1.0'>_||>'<||_html:</span>_||><||_html:<span style='background-color: "
 "rgba(0.0, 165.0, 0, 0.15); border-radius: 3px;' title='1.0'>_||> "
 "of<||_html:</span>_||><||_html:<span style='background-color: rgba(0.0, "
 "165.0, 0, 0.15); border-radius: 3px;' title='1.0'>_||> "
 "type<||_html:</span>_||><||_html:<span style='background-color: rgba(0.0, "
 "165.0, 0, 0.15); border-radius: 3px;' title='1.0'>_||> "
 "String<||_html:</span>_||><||_html:<span style='background-color: rgba(0.0, "
 "165.0, 0, 0.15); border-radius: 3px;' "
 'title=\'1.0\'>_||>."<||_html:</span>_||><||_html:<span '
 "style='background-color: rgba(0.0, 165.0, 0, 0.15); border-radius: 3px;' "
 'title=\'1.0\'>_||>},<||_html:</span>_||>{"type<||_html:<span '
 "style='background-color: rgba(0.0, 165.0, 0, 0.15); border-radius: 3px;' "
 'title=\'1.0\'>_||>":"<||_html:</span>_||><||_html:<span '
 "style='background-color: rgba(0.0, 165.0, 0, 0.15); border-radius: 3px;' "
 "title='1.0'>_||>Product<||_html:</span>_||><||_html:<span "
 "style='background-color: rgba(0.0, 165.0, 0, 0.15); border-radius: 3px;' "
 'title=\'1.0\'>_||>","<||_html:</span>_||>field<||_html:<span '
 "style='background-color: rgba(0.0, 165.0, 0, 0.15); border-radius: 3px;' "
 'title=\'1.0\'>_||>":"<||_html:</span>_||><||_html:<span '
 "style='background-color: rgba(0.0, 165.0, 0, 0.15); border-radius: 3px;' "
 "title='1.0'>_||>description<||_html:</span>_||><||_html:<span "
 "style='background-color: rgba(0.0, 165.0, 0, 0.15); border-radius: 3px;' "
 'title=\'1.0\'>_||>","<||_html:</span>_||>change<||_html:<span '
 "style='background-color: rgba(0.0, 165.0, 0, 0.15); border-radius: 3px;' "
 'title=\'1.0\'>_||>":"<||_html:</span>_||><||_html:<span '
 "style='background-color: rgba(0.0, 165.0, 0, 0.15); border-radius: 3px;' "
 "title='1.0'>_||>field<||_html:</span>_||><||_html:<span "
 "style='background-color: rgba(0.0, 165.0, 0, 0.15); border-radius: 3px;' "
 "title='1.0'>_||> removed<||_html:</span>_||><||_html:<span "
 "style='background-color: rgba(0.0, 165.0, 0, 0.15); border-radius: 3px;' "
 'title=\'1.0\'>_||>","<||_html:</span>_||>breaking<||_html:<span '
 "style='background-color: rgba(0.0, 165.0, 0, 0.15); border-radius: 3px;' "
 'title=\'1.0\'>_||>":<||_html:</span>_||><||_html:<span '
 "style='background-color: rgba(0.0, 165.0, 0, 0.15); border-radius: 3px;' "
 'title=\'1.0\'>_||>true<||_html:</span>_||>,"release_note<||_html:<span '
 "style='background-color: rgba(0.0, 165.0, 0, 0.15); border-radius: 3px;' "
 "title='1.0'>_||>")
('Analyze the following two GraphQL schemas for changes, including both '
 'breaking and non-breaking changes.\n'
 '\n'
 '                        Provide your analysis in the following JSON format:\n'
 '                        {\n'
 '                          "changes": [\n'
 '                            {\n'
 '                              "type": "String representing the GraphQL type '
 '(e.g., Query, Mutation, Subscription)",\n'
 '                              "field": "String representing the specific '
 'field that changed",\n'
 '                              "change": "String describing the change (e.g., '
 'field renamed, new field added, field removed)",\n'
 '                              "breaking": "Boolean indicating if the change '
 'is breaking (true) or non-breaking (false)",\n'
 '                              "release_note": "String with a natural '
 'language description of the change for release notes"\n'
 '                            }\n'
 '                          ],\n'
 '                          "release_notes": {\n'
 '                              "summary": "String summarizing all changes, '
 'suitable for a mailing list or public announcement"\n'
 '                          }\n'
 '                        }\n'
 '\n'
 '                        When analyzing, consider the following types of '
 'changes:\n'
 '                        1. Removing fields or types (breaking)\n'
 '                        2. Changing field types (potentially breaking)\n'
 '                        3. Adding required fields (breaking)\n'
 '                        4. Changing the type of existing arguments '
 '(breaking)\n'
 '                        5. Adding optional fields (non-breaking)\n'
 '                        6. Adding new types (non-breaking)\n'
 '                        7. Deprecating fields (non-breaking)\n'
 '\n'
 '                        Ensure that each change is categorized correctly as '
 'breaking or non-breaking.: type Query {\n'
 '  getProduct(id: ID!): Product\n'
 '}\n'
 '\n'
 'type Product {\n'
 '  id: ID\n'
 '  name: String\n'
 '  description: String\n'
 '  price: Float\n'
 '  stock: Int\n'
 '}\n'
 ', type Query {\n'
 '  getProduct(id: ID!): Product\n'
 '}\n'
 '\n'
 'type Product {\n'
 '  id: ID\n'
 '  name: String\n'
 '  details: String\n'
 '  price: Float\n'
 '}\n'
 '\n'
 "Answer:<||_html:<span style='background-color: rgba(0.0, 165.0, 0, 0.15); "
 "border-radius: 3px;' title='1.0'>_||> {<||_html:</span>_||><||_html:<span "
 "style='background-color: rgba(0.0, 165.0, 0, 0.15); border-radius: 3px;' "
 "title='1.0'>_||>\n"
 "<||_html:</span>_||><||_html:<span style='background-color: rgba(0.0, 165.0, "
 "0, 0.15); border-radius: 3px;' title='1.0'>_||> "
 "<||_html:</span>_||><||_html:<span style='background-color: rgba(0.0, 165.0, "
 "0, 0.15); border-radius: 3px;' title='1.0'>_||> "
 '"<||_html:</span>_||><||_html:<span style=\'background-color: rgba(0.0, '
 "165.0, 0, 0.15); border-radius: 3px;' "
 "title='1.0'>_||>changes<||_html:</span>_||><||_html:<span "
 "style='background-color: rgba(0.0, 165.0, 0, 0.15); border-radius: 3px;' "
 'title=\'1.0\'>_||>":<||_html:</span>_||><||_html:<span '
 "style='background-color: rgba(0.0, 165.0, 0, 0.15); border-radius: 3px;' "
 "title='1.0'>_||> [<||_html:</span>_||><||_html:<span "
 "style='background-color: rgba(0.0, 165.0, 0, 0.15); border-radius: 3px;' "
 "title='1.0'>_||>\n"
 "<||_html:</span>_||><||_html:<span style='background-color: rgba(0.0, 165.0, "
 "0, 0.15); border-radius: 3px;' title='1.0'>_||>   "
 "<||_html:</span>_||><||_html:<span style='background-color: rgba(0.0, 165.0, "
 "0, 0.15); border-radius: 3px;' title='1.0'>_||> "
 "{<||_html:</span>_||><||_html:<span style='background-color: rgba(0.0, "
 "165.0, 0, 0.15); border-radius: 3px;' title='1.0'>_||>\n"
 "<||_html:</span>_||><||_html:<span style='background-color: rgba(0.0, 165.0, "
 "0, 0.15); border-radius: 3px;' title='1.0'>_||>     "
 "<||_html:</span>_||><||_html:<span style='background-color: rgba(0.0, 165.0, "
 "0, 0.15); border-radius: 3px;' title='1.0'>_||> "
 '"<||_html:</span>_||><||_html:<span style=\'background-color: rgba(0.0, '
 "165.0, 0, 0.15); border-radius: 3px;' "
 "title='1.0'>_||>type<||_html:</span>_||><||_html:<span "
 "style='background-color: rgba(0.0, 165.0, 0, 0.15); border-radius: 3px;' "
 'title=\'1.0\'>_||>":<||_html:</span>_||><||_html:<span '
 "style='background-color: rgba(0.0, 165.0, 0, 0.15); border-radius: 3px;' "
 'title=\'1.0\'>_||> "<||_html:</span>_||><||_html:<span '
 "style='background-color: rgba(0.0, 165.0, 0, 0.15); border-radius: 3px;' "
 "title='1.0'>_||>Query<||_html:</span>_||><||_html:<span "
 "style='background-color: rgba(0.0, 165.0, 0, 0.15); border-radius: 3px;' "
 'title=\'1.0\'>_||>",<||_html:</span>_||><||_html:<span '
 "style='background-color: rgba(0.0, 165.0, 0, 0.15); border-radius: 3px;' "
 "title='1.0'>_||>\n"
 "<||_html:</span>_||><||_html:<span style='background-color: rgba(0.0, 165.0, "
 "0, 0.15); border-radius: 3px;' title='1.0'>_||>     "
 "<||_html:</span>_||><||_html:<span style='background-color: rgba(0.0, 165.0, "
 "0, 0.15); border-radius: 3px;' title='1.0'>_||> "
 '"<||_html:</span>_||><||_html:<span style=\'background-color: rgba(0.0, '
 "165.0, 0, 0.15); border-radius: 3px;' "
 "title='1.0'>_||>field<||_html:</span>_||><||_html:<span "
 "style='background-color: rgba(0.0, 165.0, 0, 0.15); border-radius: 3px;' "
 'title=\'1.0\'>_||>":<||_html:</span>_||><||_html:<span '
 "style='background-color: rgba(0.0, 165.0, 0, 0.15); border-radius: 3px;' "
 'title=\'1.0\'>_||> "<||_html:</span>_||><||_html:<span '
 "style='background-color: rgba(0.0, 165.0, 0, 0.15); border-radius: 3px;' "
 "title='1.0'>_||>get<||_html:</span>_||><||_html:<span "
 "style='background-color: rgba(0.0, 165.0, 0, 0.15); border-radius: 3px;' "
 "title='1.0'>_||>Product<||_html:</span>_||><||_html:<span "
 "style='background-color: rgba(0.0, 165.0, 0, 0.15); border-radius: 3px;' "
 'title=\'1.0\'>_||>",<||_html:</span>_||><||_html:<span '
 "style='background-color: rgba(0.0, 165.0, 0, 0.15); border-radius: 3px;' "
 "title='1.0'>_||>\n"
 "<||_html:</span>_||><||_html:<span style='background-color: rgba(0.0, 165.0, "
 "0, 0.15); border-radius: 3px;' title='1.0'>_||>     "
 "<||_html:</span>_||><||_html:<span style='background-color: rgba(0.0, 165.0, "
 "0, 0.15); border-radius: 3px;' title='1.0'>_||> "
 '"<||_html:</span>_||><||_html:<span style=\'background-color: rgba(0.0, '
 "165.0, 0, 0.15); border-radius: 3px;' "
 "title='1.0'>_||>change<||_html:</span>_||><||_html:<span "
 "style='background-color: rgba(0.0, 165.0, 0, 0.15); border-radius: 3px;' "
 'title=\'1.0\'>_||>":<||_html:</span>_||><||_html:<span '
 "style='background-color: rgba(0.0, 165.0, 0, 0.15); border-radius: 3px;' "
 'title=\'1.0\'>_||> "<||_html:</span>_||><||_html:<span '
 "style='background-color: rgba(0.0, 165.0, 0, 0.15); border-radius: 3px;' "
 "title='1.0'>_||>field<||_html:</span>_||><||_html:<span "
 "style='background-color: rgba(0.0, 165.0, 0, 0.15); border-radius: 3px;' "
 "title='1.0'>_||> details<||_html:</span>_||><||_html:<span "
 "style='background-color: rgba(0.0, 165.0, 0, 0.15); border-radius: 3px;' "
 "title='1.0'>_||> added<||_html:</span>_||><||_html:<span "
 "style='background-color: rgba(0.0, 165.0, 0, 0.15); border-radius: 3px;' "
 'title=\'1.0\'>_||>",<||_html:</span>_||><||_html:<span '
 "style='background-color: rgba(0.0, 165.0, 0, 0.15); border-radius: 3px;' "
 "title='1.0'>_||>\n"
 "<||_html:</span>_||><||_html:<span style='background-color: rgba(0.0, 165.0, "
 "0, 0.15); border-radius: 3px;' title='1.0'>_||>     "
 "<||_html:</span>_||><||_html:<span style='background-color: rgba(0.0, 165.0, "
 "0, 0.15); border-radius: 3px;' title='1.0'>_||> "
 '"<||_html:</span>_||><||_html:<span style=\'background-color: rgba(0.0, '
 "165.0, 0, 0.15); border-radius: 3px;' "
 "title='1.0'>_||>breaking<||_html:</span>_||><||_html:<span "
 "style='background-color: rgba(0.0, 165.0, 0, 0.15); border-radius: 3px;' "
 'title=\'1.0\'>_||>":<||_html:</span>_||><||_html:<span '
 "style='background-color: rgba(0.0, 165.0, 0, 0.15); border-radius: 3px;' "
 'title=\'1.0\'>_||> "<||_html:</span>_||><||_html:<span '
 "style='background-color: rgba(0.0, 165.0, 0, 0.15); border-radius: 3px;' "
 "title='1.0'>_||>false<||_html:</span>_||><||_html:<span "
 "style='background-color: rgba(0.0, 165.0, 0, 0.15); border-radius: 3px;' "
 'title=\'1.0\'>_||>",<||_html:</span>_||><||_html:<span '
 "style='background-color: rgba(0.0, 165.0, 0, 0.15); border-radius: 3px;' "
 "title='1.0'>_||>\n"
 "<||_html:</span>_||><||_html:<span style='background-color: rgba(0.0, 165.0, "
 "0, 0.15); border-radius: 3px;' title='1.0'>_||>     "
 "<||_html:</span>_||><||_html:<span style='background-color: rgba(0.0, 165.0, "
 "0, 0.15); border-radius: 3px;' title='1.0'>_||> "
 '"<||_html:</span>_||><||_html:<span style=\'background-color: rgba(0.0, '
 "165.0, 0, 0.15); border-radius: 3px;' "
 "title='1.0'>_||>release<||_html:</span>_||><||_html:<span "
 "style='background-color: rgba(0.0, 165.0, 0, 0.15); border-radius: 3px;' "
 "title='1.0'>_||>_<||_html:</span>_||><||_html:<span style='background-color: "
 "rgba(0.0, 165.0, 0, 0.15); border-radius: 3px;' "
 "title='1.0'>_||>note<||_html:</span>_||><||_html:<span "
 "style='background-color: rgba(0.0, 165.0, 0, 0.15); border-radius: 3px;' "
 'title=\'1.0\'>_||>":<||_html:</span>_||><||_html:<span '
 "style='background-color: rgba(0.0, 165.0, 0, 0.15); border-radius: 3px;' "
 'title=\'1.0\'>_||> "<||_html:</span>_||><||_html:<span '
 "style='background-color: rgba(0.0, 165.0, 0, 0.15); border-radius: 3px;' "
 "title='1.0'>_||>The<||_html:</span>_||><||_html:<span "
 "style='background-color: rgba(0.0, 165.0, 0, 0.15); border-radius: 3px;' "
 "title='1.0'>_||> '<||_html:</span>_||><||_html:<span "
 "style='background-color: rgba(0.0, 165.0, 0, 0.15); border-radius: 3px;' "
 "title='1.0'>_||>get<||_html:</span>_||><||_html:<span "
 "style='background-color: rgba(0.0, 165.0, 0, 0.15); border-radius: 3px;' "
 "title='1.0'>_||>Product<||_html:</span>_||><||_html:<span "
 "style='background-color: rgba(0.0, 165.0, 0, 0.15); border-radius: 3px;' "
 "title='1.0'>_||>'<||_html:</span>_||><||_html:<span style='background-color: "
 "rgba(0.0, 165.0, 0, 0.15); border-radius: 3px;' title='1.0'>_||> "
 "query<||_html:</span>_||><||_html:<span style='background-color: rgba(0.0, "
 "165.0, 0, 0.15); border-radius: 3px;' title='1.0'>_||> "
 "now<||_html:</span>_||><||_html:<span style='background-color: rgba(0.0, "
 "165.0, 0, 0.15); border-radius: 3px;' title='1.0'>_||> "
 "includes<||_html:</span>_||><||_html:<span style='background-color: "
 "rgba(0.0, 165.0, 0, 0.15); border-radius: 3px;' title='1.0'>_||> "
 "a<||_html:</span>_||><||_html:<span style='background-color: rgba(0.0, "
 "165.0, 0, 0.15); border-radius: 3px;' title='1.0'>_||> "
 "new<||_html:</span>_||><||_html:<span style='background-color: rgba(0.0, "
 "165.0, 0, 0.15); border-radius: 3px;' title='1.0'>_||> "
 "field<||_html:</span>_||><||_html:<span style='background-color: rgba(0.0, "
 "165.0, 0, 0.15); border-radius: 3px;' title='1.0'>_||> "
 "'<||_html:</span>_||><||_html:<span style='background-color: rgba(0.0, "
 "165.0, 0, 0.15); border-radius: 3px;' "
 "title='1.0'>_||>details<||_html:</span>_||><||_html:<span "
 "style='background-color: rgba(0.0, 165.0, 0, 0.15); border-radius: 3px;' "
 "title='1.0'>_||>'<||_html:</span>_||><||_html:<span style='background-color: "
 "rgba(0.0, 165.0, 0, 0.15); border-radius: 3px;' title='1.0'>_||> "
 "of<||_html:</span>_||><||_html:<span style='background-color: rgba(0.0, "
 "165.0, 0, 0.15); border-radius: 3px;' title='1.0'>_||> "
 "type<||_html:</span>_||><||_html:<span style='background-color: rgba(0.0, "
 "165.0, 0, 0.15); border-radius: 3px;' title='1.0'>_||> "
 "String<||_html:</span>_||><||_html:<span style='background-color: rgba(0.0, "
 "165.0, 0, 0.15); border-radius: 3px;' "
 'title=\'1.0\'>_||>."<||_html:</span>_||><||_html:<span '
 "style='background-color: rgba(0.0, 165.0, 0, 0.15); border-radius: 3px;' "
 "title='1.0'>_||>\n"
 "<||_html:</span>_||><||_html:<span style='background-color: rgba(0.0, 165.0, "
 "0, 0.15); border-radius: 3px;' title='1.0'>_||>   "
 "<||_html:</span>_||><||_html:<span style='background-color: rgba(0.0, 165.0, "
 "0, 0.15); border-radius: 3px;' title='1.0'>_||> "
 "},<||_html:</span>_||><||_html:<span style='background-color: rgba(0.0, "
 "165.0, 0, 0.15); border-radius: 3px;' title='1.0'>_||>\n"
 "<||_html:</span>_||><||_html:<span style='background-color: rgba(0.0, 165.0, "
 "0, 0.15); border-radius: 3px;' title='1.0'>_||>   "
 "<||_html:</span>_||><||_html:<span style='background-color: rgba(0.0, 165.0, "
 "0, 0.15); border-radius: 3px;' title='1.0'>_||> "
 "{<||_html:</span>_||><||_html:<span style='background-color: rgba(0.0, "
 "165.0, 0, 0.15); border-radius: 3px;' title='1.0'>_||>\n"
 "<||_html:</span>_||><||_html:<span style='background-color: rgba(0.0, 165.0, "
 "0, 0.15); border-radius: 3px;' title='1.0'>_||>     "
 "<||_html:</span>_||><||_html:<span style='background-color: rgba(0.0, 165.0, "
 "0, 0.15); border-radius: 3px;' title='1.0'>_||> "
 '"<||_html:</span>_||><||_html:<span style=\'background-color: rgba(0.0, '
 "165.0, 0, 0.15); border-radius: 3px;' "
 "title='1.0'>_||>type<||_html:</span>_||><||_html:<span "
 "style='background-color: rgba(0.0, 165.0, 0, 0.15); border-radius: 3px;' "
 'title=\'1.0\'>_||>":<||_html:</span>_||><||_html:<span '
 "style='background-color: rgba(0.0, 165.0, 0, 0.15); border-radius: 3px;' "
 'title=\'1.0\'>_||> "<||_html:</span>_||><||_html:<span '
 "style='background-color: rgba(0.0, 165.0, 0, 0.15); border-radius: 3px;' "
 "title='1.0'>_||>Product<||_html:</span>_||><||_html:<span "
 "style='background-color: rgba(0.0, 165.0, 0, 0.15); border-radius: 3px;' "
 'title=\'1.0\'>_||>",<||_html:</span>_||><||_html:<span '
 "style='background-color: rgba(0.0, 165.0, 0, 0.15); border-radius: 3px;' "
 "title='1.0'>_||>\n"
 "<||_html:</span>_||><||_html:<span style='background-color: rgba(0.0, 165.0, "
 "0, 0.15); border-radius: 3px;' title='1.0'>_||>     "
 "<||_html:</span>_||><||_html:<span style='background-color: rgba(0.0, 165.0, "
 "0, 0.15); border-radius: 3px;' title='1.0'>_||> "
 '"<||_html:</span>_||><||_html:<span style=\'background-color: rgba(0.0, '
 "165.0, 0, 0.15); border-radius: 3px;' "
 "title='1.0'>_||>field<||_html:</span>_||><||_html:<span "
 "style='background-color: rgba(0.0, 165.0, 0, 0.15); border-radius: 3px;' "
 'title=\'1.0\'>_||>":<||_html:</span>_||><||_html:<span '
 "style='background-color: rgba(0.0, 165.0, 0, 0.15); border-radius: 3px;' "
 'title=\'1.0\'>_||> "<||_html:</span>_||><||_html:<span '
 "style='background-color: rgba(0.0, 165.0, 0, 0.15); border-radius: 3px;' "
 "title='1.0'>_||>description<||_html:</span>_||><||_html:<span "
 "style='background-color: rgba(0.0, 165.0, 0, 0.15); border-radius: 3px;' "
 'title=\'1.0\'>_||>",<||_html:</span>_||><||_html:<span '
 "style='background-color: rgba(0.0, 165.0, 0, 0.15); border-radius: 3px;' "
 "title='1.0'>_||>\n"
 "<||_html:</span>_||><||_html:<span style='background-color: rgba(0.0, 165.0, "
 "0, 0.15); border-radius: 3px;' title='1.0'>_||>     "
 "<||_html:</span>_||><||_html:<span style='background-color: rgba(0.0, 165.0, "
 "0, 0.15); border-radius: 3px;' title='1.0'>_||> "
 '"<||_html:</span>_||><||_html:<span style=\'background-color: rgba(0.0, '
 "165.0, 0, 0.15); border-radius: 3px;' "
 "title='1.0'>_||>change<||_html:</span>_||><||_html:<span "
 "style='background-color: rgba(0.0, 165.0, 0, 0.15); border-radius: 3px;' "
 'title=\'1.0\'>_||>":<||_html:</span>_||><||_html:<span '
 "style='background-color: rgba(0.0, 165.0, 0, 0.15); border-radius: 3px;' "
 'title=\'1.0\'>_||> "<||_html:</span>_||><||_html:<span '
 "style='background-color: rgba(0.0, 165.0, 0, 0.15); border-radius: 3px;' "
 "title='1.0'>_||>field<||_html:</span>_||><||_html:<span "
 "style='background-color: rgba(0.0, 165.0, 0, 0.15); border-radius: 3px;' "
 "title='1.0'>_||> removed<||_html:</span>_||><||_html:<span "
 "style='background-color: rgba(0.0, 165.0, 0, 0.15); border-radius: 3px;' "
 'title=\'1.0\'>_||>",<||_html:</span>_||><||_html:<span '
 "style='background-color: rgba(0.0, 165.0, 0, 0.15); border-radius: 3px;' "
 "title='1.0'>_||>\n"
 "<||_html:</span>_||><||_html:<span style='background-color: rgba(0.0, 165.0, "
 "0, 0.15); border-radius: 3px;' title='1.0'>_||>     "
 "<||_html:</span>_||><||_html:<span style='background-color: rgba(0.0, 165.0, "
 "0, 0.15); border-radius: 3px;' title='1.0'>_||> "
 '"<||_html:</span>_||><||_html:<span style=\'background-color: rgba(0.0, '
 "165.0, 0, 0.15); border-radius: 3px;' "
 "title='1.0'>_||>breaking<||_html:</span>_||><||_html:<span "
 "style='background-color: rgba(0.0, 165.0, 0, 0.15); border-radius: 3px;' "
 'title=\'1.0\'>_||>":<||_html:</span>_||><||_html:<span '
 "style='background-color: rgba(0.0, 165.0, 0, 0.15); border-radius: 3px;' "
 'title=\'1.0\'>_||> "<||_html:</span>_||><||_html:<span '
 "style='background-color: rgba(0.0, 165.0, 0, 0.15); border-radius: 3px;' "
 "title='1.0'>_||>true<||_html:</span>_||><||_html:<span "
 "style='background-color: rgba(0.0, 165.0, 0, 0.15); border-radius: 3px;' "
 'title=\'1.0\'>_||>",<||_html:</span>_||><||_html:<span '
 "style='background-color: rgba(0.0, 165.0, 0, 0.15); border-radius: 3px;' "
 "title='1.0'>_||>\n"
 "<||_html:</span>_||><||_html:<span style='background-color: rgba(0.0, 165.0, "
 "0, 0.15); border-radius: 3px;' title='1.0'>_||>     "
 "<||_html:</span>_||><||_html:<span style='background-color: rgba(0.0, 165.0, "
 "0, 0.15); border-radius: 3px;' title='1.0'>_||> "
 '"<||_html:</span>_||><||_html:<span style=\'background-color: rgba(0.0, '
 "165.0, 0, 0.15); border-radius: 3px;' "
 "title='1.0'>_||>release<||_html:</span>_||><||_html:<span "
 "style='background-color: rgba(0.0, 165.0, 0, 0.15); border-radius: 3px;' "
 "title='1.0'>_||>_<||_html:</span>_||><||_html:<span style='background-color: "
 "rgba(0.0, 165.0, 0, 0.15); border-radius: 3px;' "
 "title='1.0'>_||>note<||_html:</span>_||><||_html:<span "
 "style='background-color: rgba(0.0, 165.0, 0, 0.15); border-radius: 3px;' "
 'title=\'1.0\'>_||>":<||_html:</span>_||><||_html:<span '
 "style='background-color: rgba(0.0, 165.0, 0, 0.15); border-radius: 3px;' "
 'title=\'1.0\'>_||> "<||_html:</span>_||><||_html:<span '
 "style='background-color: rgba(0.0, 165.0, 0, 0.15); border-radius: 3px;' "
 "title='1.0'>_||>The<||_html:</span>_||><||_html:<span "
 "style='background-color: rgba(0.0, 165.0, 0, 0.15); border-radius: 3px;' "
 "title='1.0'>_||> '<||_html:</span>_||><||_html:<span "
 "style='background-color: rgba(0.0, 165.0, 0, 0.15); border-radius: 3px;' "
 "title='1.0'>_||>Product<||_html:</span>_||><||_html:<span "
 "style='background-color: rgba(0.0, 165.0, 0, 0.15); border-radius: 3px;' "
 "title='1.0'>_||>'<||_html:</span>_||><||_html:<span style='background-color: "
 "rgba(0.0, 165.0, 0, 0.15); border-radius: 3px;' title='1.0'>_||> "
 "type<||_html:</span>_||><||_html:<span style='background-color: rgba(0.0, "
 "165.0, 0, 0.15); border-radius: 3px;' title='1.0'>_||> "
 "no<||_html:</span>_||><||_html:<span style='background-color: rgba(0.0, "
 "165.0, 0, 0.15); border-radius: 3px;' title='1.0'>_||> "
 "longer<||_html:</span>_||><||_html:<span style='background-color: rgba(0.0, "
 "165.0, 0, 0.15); border-radius: 3px;' title='1.0'>_||> "
 "includes<||_html:</span>_||><||_html:<span style='background-color: "
 "rgba(0.0, 165.0, 0, 0.15); border-radius: 3px;' title='1.0'>_||> "
 "the<||_html:</span>_||><||_html:<span style='background-color: rgba(0.0, "
 "165.0, 0, 0.15); border-radius: 3px;' title='1.0'>_||> "
 "'<||_html:</span>_||><||_html:<span style='background-color: rgba(0.0, "
 "165.0, 0, 0.15); border-radius: 3px;' "
 "title='1.0'>_||>description<||_html:</span>_||><||_html:<span "
 "style='background-color: rgba(0.0, 165.0, 0, 0.15); border-radius: 3px;' "
 "title='1.0'>_||>'<||_html:</span>_||><||_html:<span style='background-color: "
 "rgba(0.0, 165.0, 0, 0.15); border-radius: 3px;' title='1.0'>_||> "
 "field<||_html:</span>_||><||_html:<span style='background-color: rgba(0.0, "
 "165.0, 0, 0.15); border-radius: 3px;' "
 'title=\'1.0\'>_||>."<||_html:</span>_||><||_html:<span '
 "style='background-color: rgba(0.0, 165.0, 0, 0.15); border-radius: 3px;' "
 "title='1.0'>_||>\n"
 "<||_html:</span>_||><||_html:<span style='background-color: rgba(0.0, 165.0, "
 "0, 0.15); border-radius: 3px;' title='1.0'>_||>   "
 "<||_html:</span>_||><||_html:<span style='background-color: rgba(0.0, 165.0, "
 "0, 0.15); border-radius: 3px;' title='1.0'>_||> "
 "},<||_html:</span>_||><||_html:<span style='background-color: rgba(0.0, "
 "165.0, 0, 0.15); border-radius: 3px;' title='1.0'>_||>\n"
 "<||_html:</span>_||><||_html:<span style='background-color: rgba(0.0, 165.0, "
 "0, 0.15); border-radius: 3px;' title='1.0'>_||>   "
 "<||_html:</span>_||><||_html:<span style='background-color: rgba(0.0, 165.0, "
 "0, 0.15); border-radius: 3px;' title='1.0'>_||> "
 "{<||_html:</span>_||><||_html:<span style='background-color: rgba(0.0, "
 "165.0, 0, 0.15); border-radius: 3px;' title='1.0'>_||>\n"
 "<||_html:</span>_||><||_html:<span style='background-color: rgba(0.0, 165.0, "
 "0, 0.15); border-radius: 3px;' title='1.0'>_||>     "
 "<||_html:</span>_||><||_html:<span style='background-color: rgba(0.0, 165.0, "
 "0, 0.15); border-radius: 3px;' title='1.0'>_||> "
 '"<||_html:</span>_||><||_html:<span style=\'background-color: rgba(0.0, '
 "165.0, 0, 0.15); border-radius: 3px;' "
 "title='1.0'>_||>type<||_html:</span>_||><||_html:<span "
 "style='background-color: rgba(0.0, 165.0, 0, 0.15); border-radius: 3px;' "
 'title=\'1.0\'>_||>":<||_html:</span>_||><||_html:<span '
 "style='background-color: rgba(0.0, 165.0, 0, 0.15); border-radius: 3px;' "
 'title=\'1.0\'>_||> "<||_html:</span>_||><||_html:<span '
 "style='background-color: rgba(0.0, 165.0, 0, 0.15); border-radius: 3px;' "
 "title='1.0'>_||>Product<||_html:</span>_||><||_html:<span "
 "style='background-color: rgba(0.0, 165.0, 0, 0.15); border-radius: 3px;' "
 'title=\'1.0\'>_||>",<||_html:</span>_||><||_html:<span '
 "style='background-color: rgba(0.0, 165.0, 0, 0.15); border-radius: 3px;' "
 "title='1.0'>_||>\n"
 "<||_html:</span>_||><||_html:<span style='background-color: rgba(0.0, 165.0, "
 "0, 0.15); border-radius: 3px;' title='1.0'>_||>     "
 "<||_html:</span>_||><||_html:<span style='background-color: rgba(0.0, 165.0, "
 "0, 0.15); border-radius: 3px;' title='1.0'>_||> "
 '"<||_html:</span>_||><||_html:<span style=\'background-color: rgba(0.0, '
 "165.0, 0, 0.15); border-radius: 3px;' "
 "title='1.0'>_||>field<||_html:</span>_||><||_html:<span "
 "style='background-color: rgba(0.0, 165.0, 0, 0.15); border-radius: 3px;' "
 'title=\'1.0\'>_||>":<||_html:</span>_||><||_html:<span '
 "style='background-color: rgba(0.0, 165.0, 0, 0.15); border-radius: 3px;' "
 'title=\'1.0\'>_||> "<||_html:</span>_||><||_html:<span '
 "style='background-color: rgba(0.0, 165.0, 0, 0.15); border-radius: 3px;' "
 "title='1.0'>_||>stock<||_html:</span>_||><||_html:<span "
 "style='background-color: rgba(0.0, 165.0, 0, 0.15); border-radius: 3px;' "
 'title=\'1.0\'>_||>",<||_html:</span>_||><||_html:<span '
 "style='background-color: rgba(0.0, 165.0, 0, 0.15); border-radius: 3px;' "
 "title='1.0'>_||>\n"
 "<||_html:</span>_||><||_html:<span style='background-color: rgba(0.0, 165.0, "
 "0, 0.15); border-radius: 3px;' title='1.0'>_||>     "
 "<||_html:</span>_||><||_html:<span style='background-color: rgba(0.0, 165.0, "
 "0, 0.15); border-radius: 3px;' title='1.0'>_||> "
 '"<||_html:</span>_||><||_html:<span style=\'background-color: rgba(0.0, '
 "165.0, 0, 0.15); border-radius: 3px;' "
 "title='1.0'>_||>change<||_html:</span>_||><||_html:<span "
 "style='background-color: rgba(0.0, 165.0, 0, 0.15); border-radius: 3px;' "
 'title=\'1.0\'>_||>":<||_html:</span>_||><||_html:<span '
 "style='background-color: rgba(0.0, 165.0, 0, 0.15); border-radius: 3px;' "
 'title=\'1.0\'>_||> "<||_html:</span>_||><||_html:<span '
 "style='background-color: rgba(0.0, 165.0, 0, 0.15); border-radius: 3px;' "
 "title='1.0'>_||>field<||_html:</span>_||><||_html:<span "
 "style='background-color: rgba(0.0, 165.0, 0, 0.15); border-radius: 3px;' "
 "title='1.0'>_||> removed<||_html:</span>_||><||_html:<span "
 "style='background-color: rgba(0.0, 165.0, 0, 0.15); border-radius: 3px;' "
 'title=\'1.0\'>_||>",<||_html:</span>_||><||_html:<span '
 "style='background-color: rgba(0.0, 165.0, 0, 0.15); border-radius: 3px;' "
 "title='1.0'>_||>\n"
 "<||_html:</span>_||><||_html:<span style='background-color: rgba(0.0, 165.0, "
 "0, 0.15); border-radius: 3px;' title='1.0'>_||>     "
 "<||_html:</span>_||><||_html:<span style='background-color: rgba(0.0, 165.0, "
 "0, 0.15); border-radius: 3px;' title='1.0'>_||> "
 '"<||_html:</span>_||><||_html:<span style=\'background-color: rgba(0.0, '
 "165.0, 0, 0.15); border-radius: 3px;' "
 "title='1.0'>_||>breaking<||_html:</span>_||><||_html:<span "
 "style='background-color: rgba(0.0, 165.0, 0, 0.15); border-radius: 3px;' "
 'title=\'1.0\'>_||>":<||_html:</span>_||><||_html:<span '
 "style='background-color: rgba(0.0, 165.0, 0, 0.15); border-radius: 3px;' "
 'title=\'1.0\'>_||> "<||_html:</span>_||><||_html:<span '
 "style='background-color: rgba(0.0, 165.0, 0, 0.15); border-radius: 3px;' "
 "title='1.0'>_||>true<||_html:</span>_||><||_html:<span "
 "style='background-color: rgba(0.0, 165.0, 0, 0.15); border-radius: 3px;' "
 'title=\'1.0\'>_||>",<||_html:</span>_||><||_html:<span '
 "style='background-color: rgba(0.0, 165.0, 0, 0.15); border-radius: 3px;' "
 "title='1.0'>_||>\n"
 "<||_html:</span>_||><||_html:<span style='background-color: rgba(0.0, 165.0, "
 "0, 0.15); border-radius: 3px;' title='1.0'>_||>     "
 "<||_html:</span>_||><||_html:<span style='background-color: rgba(0.0, 165.0, "
 "0, 0.15); border-radius: 3px;' title='1.0'>_||> "
 '"<||_html:</span>_||><||_html:<span style=\'background-color: rgba(0.0, '
 "165.0, 0, 0.15); border-radius: 3px;' "
 "title='1.0'>_||>release<||_html:</span>_||><||_html:<span "
 "style='background-color: rgba(0.0, 165.0, 0, 0.15); border-radius: 3px;' "
 "title='1.0'>_||>_<||_html:</span>_||><||_html:<span style='background-color: "
 "rgba(0.0, 165.0, 0, 0.15); border-radius: 3px;' "
 "title='1.0'>_||>note<||_html:</span>_||><||_html:<span "
 "style='background-color: rgba(0.0, 165.0, 0, 0.15); border-radius: 3px;' "
 'title=\'1.0\'>_||>":<||_html:</span>_||><||_html:<span '
 "style='background-color: rgba(0.0, 165.0, 0, 0.15); border-radius: 3px;' "
 'title=\'1.0\'>_||> "<||_html:</span>_||><||_html:<span '
 "style='background-color: rgba(0.0, 165.0, 0, 0.15); border-radius: 3px;' "
 "title='1.0'>_||>The<||_html:</span>_||><||_html:<span "
 "style='background-color: rgba(0.0, 165.0, 0, 0.15); border-radius: 3px;' "
 "title='1.0'>_||> '<||_html:</span>_||><||_html:<span "
 "style='background-color: rgba(0.0, 165.0, 0, 0.15); border-radius: 3px;' "
 "title='1.0'>_||>Product<||_html:</span>_||><||_html:<span "
 "style='background-color: rgba(0.0, 165.0, 0, 0.15); border-radius: 3px;' "
 "title='1.0'>_||>'<||_html:</span>_||><||_html:<span style='background-color: "
 "rgba(0.0, 165.0, 0, 0.15); border-radius: 3px;' title='1.0'>_||> "
 "type<||_html:</span>_||><||_html:<span style='background-color: rgba(0.0, "
 "165.0, 0, 0.15); border-radius: 3px;' title='1.0'>_||> "
 "no<||_html:</span>_||><||_html:<span style='background-color: rgba(0.0, "
 "165.0, 0, 0.15); border-radius: 3px;' title='1.0'>_||> "
 "longer<||_html:</span>_||><||_html:<span style='background-color: rgba(0.0, "
 "165.0, 0, 0.15); border-radius: 3px;' title='1.0'>_||> "
 "includes<||_html:</span>_||><||_html:<span style='background-color: "
 "rgba(0.0, 165.0, 0, 0.15); border-radius: 3px;' title='1.0'>_||> "
 "the<||_html:</span>_||><||_html:<span style='background-color: rgba(0.0, "
 "165.0, 0, 0.15); border-radius: 3px;' title='1.0'>_||> "
 "'<||_html:</span>_||><||_html:<span style='background-color: rgba(0.0, "
 "165.0, 0, 0.15); border-radius: 3px;' "
 "title='1.0'>_||>stock<||_html:</span>_||><||_html:<span "
 "style='background-color: rgba(0.0, 165.0, 0, 0.15); border-radius: 3px;' "
 "title='1.0'>_||>'<||_html:</span>_||><||_html:<span style='background-color: "
 "rgba(0.0, 165.0, 0, 0.15); border-radius: 3px;' title='1.0'>_||> "
 "field<||_html:</span>_||><||_html:<span style='background-color: rgba(0.0, "
 "165.0, 0, 0.15); border-radius: 3px;' "
 'title=\'1.0\'>_||>."<||_html:</span>_||><||_html:<span '
 "style='background-color: rgba(0.0, 165.0, 0, 0.15); border-radius: 3px;' "
 "title='1.0'>_||>\n"
 "<||_html:</span>_||><||_html:<span style='background-color: rgba(0.0, 165.0, "
 "0, 0.15); border-radius: 3px;' title='1.0'>_||>   "
 "<||_html:</span>_||><||_html:<span style='background-color: rgba(0.0, 165.0, "
 "0, 0.15); border-radius: 3px;' title='1.0'>_||> "
 "}<||_html:</span>_||><||_html:<span style='background-color: rgba(0.0, "
 "165.0, 0, 0.15); border-radius: 3px;' title='1.0'>_||>\n"
 "<||_html:</span>_||><||_html:<span style='background-color: rgba(0.0, 165.0, "
 "0, 0.15); border-radius: 3px;' title='1.0'>_||> "
 "<||_html:</span>_||><||_html:<span style='background-color: rgba(0.0, 165.0, "
 "0, 0.15); border-radius: 3px;' title='1.0'>_||> "
 "],<||_html:</span>_||><||_html:<span style='background-color: rgba(0.0, "
 "165.0, 0, 0.15); border-radius: 3px;' title='1.0'>_||>\n"
 "<||_html:</span>_||><||_html:<span style='background-color: rgba(0.0, 165.0, "
 "0, 0.15); border-radius: 3px;' title='1.0'>_||> "
 "<||_html:</span>_||><||_html:<span style='background-color: rgba(0.0, 165.0, "
 "0, 0.15); border-radius: 3px;' title='1.0'>_||> "
 '"<||_html:</span>_||><||_html:<span style=\'background-color: rgba(0.0, '
 "165.0, 0, 0.15); border-radius: 3px;' "
 "title='1.0'>_||>release<||_html:</span>_||><||_html:<span "
 "style='background-color: rgba(0.0, 165.0, 0, 0.15); border-radius: 3px;' "
 "title='1.0'>_||>_<||_html:</span>_||><||_html:<span style='background-color: "
 "rgba(0.0, 165.0, 0, 0.15); border-radius: 3px;' "
 "title='1.0'>_||>notes<||_html:</span>_||><||_html:<span "
 "style='background-color: rgba(0.0, 165.0, 0, 0.15); border-radius: 3px;' "
 'title=\'1.0\'>_||>":<||_html:</span>_||><||_html:<span '
 "style='background-color: rgba(0.0, 165.0, 0, 0.15); border-radius: 3px;' "
 "title='1.0'>_||> {<||_html:</span>_||><||_html:<span "
 "style='background-color: rgba(0.0, 165.0, 0, 0.15); border-radius: 3px;' "
 "title='1.0'>_||>\n"
 "<||_html:</span>_||><||_html:<span style='background-color: rgba(0.0, 165.0, "
 "0, 0.15); border-radius: 3px;' title='1.0'>_||>   "
 "<||_html:</span>_||><||_html:<span style='background-color: rgba(0.0, 165.0, "
 "0, 0.15); border-radius: 3px;' title='1.0'>_||> "
 '"<||_html:</span>_||><||_html:<span style=\'background-color: rgba(0.0, '
 "165.0, 0, 0.15); border-radius: 3px;' "
 "title='1.0'>_||>summary<||_html:</span>_||><||_html:<span "
 "style='background-color: rgba(0.0, 165.0, 0, 0.15); border-radius: 3px;' "
 'title=\'1.0\'>_||>":<||_html:</span>_||><||_html:<span '
 "style='background-color: rgba(0.0, 165.0, 0, 0.15); border-radius: 3px;' "
 'title=\'1.0\'>_||> "<||_html:</span>_||><||_html:<span '
 "style='background-color: rgba(0.0, 165.0, 0, 0.15); border-radius: 3px;' "
 "title='1.0'>_||>The<||_html:</span>_||><||_html:<span "
 "style='background-color: rgba(0.0, 165.0, 0, 0.15); border-radius: 3px;' "
 "title='1.0'>_||> '<||_html:</span>_||><||_html:<span "
 "style='background-color: rgba(0.0, 165.0, 0, 0.15); border-radius: 3px;' "
 "title='1.0'>_||>get<||_html:</span>_||><||_html:<span "
 "style='background-color: rgba(0.0, 165.0, 0, 0.15); border-radius: 3px;' "
 "title='1.0'>_||>Product<||_html:</span>_||><||_html:<span "
 "style='background-color: rgba(0.0, 165.0, 0, 0.15); border-radius: 3px;' "
 "title='1.0'>_||>'<||_html:</span>_||><||_html:<span style='background-color: "
 "rgba(0.0, 165.0, 0, 0.15); border-radius: 3px;' title='1.0'>_||> "
 "query<||_html:</span>_||><||_html:<span style='background-color: rgba(0.0, "
 "165.0, 0, 0.15); border-radius: 3px;' title='1.0'>_||> "
 "now<||_html:</span>_||><||_html:<span style='background-color: rgba(0.0, "
 "165.0, 0, 0.15); border-radius: 3px;' title='1.0'>_||> "
 "includes<||_html:</span>_||><||_html:<span style='background-color: "
 "rgba(0.0, 165.0, 0, 0.15); border-radius: 3px;' title='1.0'>_||> "
 "a<||_html:</span>_||><||_html:<span style='background-color: rgba(0.0, "
 "165.0, 0, 0.15); border-radius: 3px;' title='1.0'>_||> "
 "new<||_html:</span>_||><||_html:<span style='background-color: rgba(0.0, "
 "165.0, 0, 0.15); border-radius: 3px;' title='1.0'>_||> "
 "field<||_html:</span>_||><||_html:<span style='background-color: rgba(0.0, "
 "165.0, 0, 0.15); border-radius: 3px;' title='1.0'>_||> "
 "'<||_html:</span>_||><||_html:<span style='background-color: rgba(0.0, "
 "165.0, 0, 0.15); border-radius: 3px;' "
 "title='1.0'>_||>details<||_html:</span>_||><||_html:<span "
 "style='background-color: rgba(0.0, 165.0, 0, 0.15); border-radius: 3px;' "
 "title='1.0'>_||>'<||_html:</span>_||><||_html:<span style='background-color: "
 "rgba(0.0, 165.0, 0, 0.15); border-radius: 3px;' title='1.0'>_||> "
 "of<||_html:</span>_||><||_html:<span style='background-color: rgba(0.0, "
 "165.0, 0, 0.15); border-radius: 3px;' title='1.0'>_||> "
 "type<||_html:</span>_||><||_html:<span style='background-color: rgba(0.0, "
 "165.0, 0, 0.15); border-radius: 3px;' title='1.0'>_||> "
 "String<||_html:</span>_||><||_html:<span style='background-color: rgba(0.0, "
 "165.0, 0, 0.15); border-radius: 3px;' "
 "title='1.0'>_||>.<||_html:</span>_||><||_html:<span style='background-color: "
 "rgba(0.0, 165.0, 0, 0.15); border-radius: 3px;' title='1.0'>_||> "
 "The<||_html:</span>_||><||_html:<span style='background-color: rgba(0.0, "
 "165.0, 0, 0.15); border-radius: 3px;' title='1.0'>_||> "
 "'<||_html:</span>_||><||_html:<span style='background-color: rgba(0.0, "
 "165.0, 0, 0.15); border-radius: 3px;' "
 "title='1.0'>_||>Product<||_html:</span>_||><||_html:<span "
 "style='background-color: rgba(0.0, 165.0, 0, 0.15); border-radius: 3px;' "
 "title='1.0'>_||>'<||_html:</span>_||><||_html:<span style='background-color: "
 "rgba(0.0, 165.0, 0, 0.15); border-radius: 3px;' title='1.0'>_||> "
 "type<||_html:</span>_||><||_html:<span style='background-color: rgba(0.0, "
 "165.0, 0, 0.15); border-radius: 3px;' title='1.0'>_||> "
 "no<||_html:</span>_||><||_html:<span style='background-color: rgba(0.0, "
 "165.0, 0, 0.15); border-radius: 3px;' title='1.0'>_||> "
 "longer<||_html:</span>_||><||_html:<span style='background-color: rgba(0.0, "
 "165.0, 0, 0.15); border-radius: 3px;' title='1.0'>_||> "
 "includes<||_html:</span>_||><||_html:<span style='background-color: "
 "rgba(0.0, 165.0, 0, 0.15); border-radius: 3px;' title='1.0'>_||> "
 "the<||_html:</span>_||><||_html:<span style='background-color: rgba(0.0, "
 "165.0, 0, 0.15); border-radius: 3px;' title='1.0'>_||> "
 "'<||_html:</span>_||><||_html:<span style='background-color: rgba(0.0, "
 "165.0, 0, 0.15); border-radius: 3px;' "
 "title='1.0'>_||>description<||_html:</span>_||><||_html:<span "
 "style='background-color: rgba(0.0, 165.0, 0, 0.15); border-radius: 3px;' "
 "title='1.0'>_||>'<||_html:</span>_||><||_html:<span style='background-color: "
 "rgba(0.0, 165.0, 0, 0.15); border-radius: 3px;' title='1.0'>_||> "
 "and<||_html:</span>_||><||_html:<span style='background-color: rgba(0.0, "
 "165.0, 0, 0.15); border-radius: 3px;' title='1.0'>_||> "
 "'<||_html:</span>_||><||_html:<span style='background-color: rgba(0.0, "
 "165.0, 0, 0.15); border-radius: 3px;' "
 "title='1.0'>_||>stock<||_html:</span>_||><||_html:<span "
 "style='background-color: rgba(0.0, 165.0, 0, 0.15); border-radius: 3px;' "
 "title='1.0'>_||>'<||_html:</span>_||><||_html:<span style='background-color: "
 "rgba(0.0, 165.0, 0, 0.15); border-radius: 3px;' title='1.0'>_||> "
 "fields<||_html:</span>_||><||_html:<span style='background-color: rgba(0.0, "
 "165.0, 0, 0.15); border-radius: 3px;' "
 'title=\'1.0\'>_||>."<||_html:</span>_||><||_html:<span '
 "style='background-color: rgba(0.0, 165.0, 0, 0.15); border-radius: 3px;' "
 "title='1.0'>_||>\n"
 "<||_html:</span>_||><||_html:<span style='background-color: rgba(0.0, 165.0, "
 "0, 0.15); border-radius: 3px;' title='1.0'>_||> "
 "<||_html:</span>_||><||_html:<span style='background-color: rgba(0.0, 165.0, "
 "0, 0.15); border-radius: 3px;' title='1.0'>_||> "
 "}<||_html:</span>_||><||_html:<span style='background-color: rgba(0.0, "
 "165.0, 0, 0.15); border-radius: 3px;' title='1.0'>_||>\n"
 "<||_html:</span>_||><||_html:<span style='background-color: rgba(0.0, 165.0, "
 "0, 0.15); border-radius: 3px;' "
 'title=\'1.0\'>_||>}<||_html:</span>_||>{"changes":<||_html:<span '
 "style='background-color: rgba(0.0, 165.0, 0, 0.15); border-radius: 3px;' "
 "title='1.0'>_||>[<||_html:</span>_||><||_html:<span style='background-color: "
 "rgba(0.0, 165.0, 0, 0.15); border-radius: 3px;' "
 'title=\'1.0\'>_||>{"<||_html:</span>_||>type<||_html:<span '
 "style='background-color: rgba(0.0, 165.0, 0, 0.15); border-radius: 3px;' "
 'title=\'1.0\'>_||>":"<||_html:</span>_||><||_html:<span '
 "style='background-color: rgba(0.0, 165.0, 0, 0.15); border-radius: 3px;' "
 "title='1.0'>_||>Query<||_html:</span>_||><||_html:<span "
 "style='background-color: rgba(0.0, 165.0, 0, 0.15); border-radius: 3px;' "
 'title=\'1.0\'>_||>","<||_html:</span>_||>field<||_html:<span '
 "style='background-color: rgba(0.0, 165.0, 0, 0.15); border-radius: 3px;' "
 'title=\'1.0\'>_||>":"<||_html:</span>_||><||_html:<span '
 "style='background-color: rgba(0.0, 165.0, 0, 0.15); border-radius: 3px;' "
 "title='1.0'>_||>get<||_html:</span>_||><||_html:<span "
 "style='background-color: rgba(0.0, 165.0, 0, 0.15); border-radius: 3px;' "
 "title='1.0'>_||>Product<||_html:</span>_||><||_html:<span "
 "style='background-color: rgba(0.0, 165.0, 0, 0.15); border-radius: 3px;' "
 'title=\'1.0\'>_||>","<||_html:</span>_||>change<||_html:<span '
 "style='background-color: rgba(0.0, 165.0, 0, 0.15); border-radius: 3px;' "
 'title=\'1.0\'>_||>":"<||_html:</span>_||><||_html:<span '
 "style='background-color: rgba(0.0, 165.0, 0, 0.15); border-radius: 3px;' "
 "title='1.0'>_||>field<||_html:</span>_||><||_html:<span "
 "style='background-color: rgba(0.0, 165.0, 0, 0.15); border-radius: 3px;' "
 "title='1.0'>_||> details<||_html:</span>_||><||_html:<span "
 "style='background-color: rgba(0.0, 165.0, 0, 0.15); border-radius: 3px;' "
 "title='1.0'>_||> added<||_html:</span>_||><||_html:<span "
 "style='background-color: rgba(0.0, 165.0, 0, 0.15); border-radius: 3px;' "
 'title=\'1.0\'>_||>","<||_html:</span>_||>breaking<||_html:<span '
 "style='background-color: rgba(0.0, 165.0, 0, 0.15); border-radius: 3px;' "
 'title=\'1.0\'>_||>":<||_html:</span>_||><||_html:<span '
 "style='background-color: rgba(0.0, 165.0, 0, 0.15); border-radius: 3px;' "
 'title=\'1.0\'>_||>false<||_html:</span>_||>,"release_note<||_html:<span '
 "style='background-color: rgba(0.0, 165.0, 0, 0.15); border-radius: 3px;' "
 'title=\'1.0\'>_||>":"<||_html:</span>_||><||_html:<span '
 "style='background-color: rgba(0.0, 165.0, 0, 0.15); border-radius: 3px;' "
 "title='1.0'>_||>The<||_html:</span>_||><||_html:<span "
 "style='background-color: rgba(0.0, 165.0, 0, 0.15); border-radius: 3px;' "
 "title='1.0'>_||> '<||_html:</span>_||><||_html:<span "
 "style='background-color: rgba(0.0, 165.0, 0, 0.15); border-radius: 3px;' "
 "title='1.0'>_||>get<||_html:</span>_||><||_html:<span "
 "style='background-color: rgba(0.0, 165.0, 0, 0.15); border-radius: 3px;' "
 "title='1.0'>_||>Product<||_html:</span>_||><||_html:<span "
 "style='background-color: rgba(0.0, 165.0, 0, 0.15); border-radius: 3px;' "
 "title='1.0'>_||>'<||_html:</span>_||><||_html:<span style='background-color: "
 "rgba(0.0, 165.0, 0, 0.15); border-radius: 3px;' title='1.0'>_||> "
 "query<||_html:</span>_||><||_html:<span style='background-color: rgba(0.0, "
 "165.0, 0, 0.15); border-radius: 3px;' title='1.0'>_||> "
 "now<||_html:</span>_||><||_html:<span style='background-color: rgba(0.0, "
 "165.0, 0, 0.15); border-radius: 3px;' title='1.0'>_||> "
 "includes<||_html:</span>_||><||_html:<span style='background-color: "
 "rgba(0.0, 165.0, 0, 0.15); border-radius: 3px;' title='1.0'>_||> "
 "a<||_html:</span>_||><||_html:<span style='background-color: rgba(0.0, "
 "165.0, 0, 0.15); border-radius: 3px;' title='1.0'>_||> "
 "new<||_html:</span>_||><||_html:<span style='background-color: rgba(0.0, "
 "165.0, 0, 0.15); border-radius: 3px;' title='1.0'>_||> "
 "field<||_html:</span>_||><||_html:<span style='background-color: rgba(0.0, "
 "165.0, 0, 0.15); border-radius: 3px;' title='1.0'>_||> "
 "'<||_html:</span>_||><||_html:<span style='background-color: rgba(0.0, "
 "165.0, 0, 0.15); border-radius: 3px;' "
 "title='1.0'>_||>details<||_html:</span>_||><||_html:<span "
 "style='background-color: rgba(0.0, 165.0, 0, 0.15); border-radius: 3px;' "
 "title='1.0'>_||>'<||_html:</span>_||><||_html:<span style='background-color: "
 "rgba(0.0, 165.0, 0, 0.15); border-radius: 3px;' title='1.0'>_||> "
 "of<||_html:</span>_||><||_html:<span style='background-color: rgba(0.0, "
 "165.0, 0, 0.15); border-radius: 3px;' title='1.0'>_||> "
 "type<||_html:</span>_||><||_html:<span style='background-color: rgba(0.0, "
 "165.0, 0, 0.15); border-radius: 3px;' title='1.0'>_||> "
 "String<||_html:</span>_||><||_html:<span style='background-color: rgba(0.0, "
 "165.0, 0, 0.15); border-radius: 3px;' "
 'title=\'1.0\'>_||>."<||_html:</span>_||><||_html:<span '
 "style='background-color: rgba(0.0, 165.0, 0, 0.15); border-radius: 3px;' "
 'title=\'1.0\'>_||>},<||_html:</span>_||>{"type<||_html:<span '
 "style='background-color: rgba(0.0, 165.0, 0, 0.15); border-radius: 3px;' "
 'title=\'1.0\'>_||>":"<||_html:</span>_||><||_html:<span '
 "style='background-color: rgba(0.0, 165.0, 0, 0.15); border-radius: 3px;' "
 "title='1.0'>_||>Product<||_html:</span>_||><||_html:<span "
 "style='background-color: rgba(0.0, 165.0, 0, 0.15); border-radius: 3px;' "
 'title=\'1.0\'>_||>","<||_html:</span>_||>field<||_html:<span '
 "style='background-color: rgba(0.0, 165.0, 0, 0.15); border-radius: 3px;' "
 'title=\'1.0\'>_||>":"<||_html:</span>_||><||_html:<span '
 "style='background-color: rgba(0.0, 165.0, 0, 0.15); border-radius: 3px;' "
 "title='1.0'>_||>description<||_html:</span>_||><||_html:<span "
 "style='background-color: rgba(0.0, 165.0, 0, 0.15); border-radius: 3px;' "
 'title=\'1.0\'>_||>","<||_html:</span>_||>change<||_html:<span '
 "style='background-color: rgba(0.0, 165.0, 0, 0.15); border-radius: 3px;' "
 'title=\'1.0\'>_||>":"<||_html:</span>_||><||_html:<span '
 "style='background-color: rgba(0.0, 165.0, 0, 0.15); border-radius: 3px;' "
 "title='1.0'>_||>field<||_html:</span>_||><||_html:<span "
 "style='background-color: rgba(0.0, 165.0, 0, 0.15); border-radius: 3px;' "
 "title='1.0'>_||> removed<||_html:</span>_||><||_html:<span "
 "style='background-color: rgba(0.0, 165.0, 0, 0.15); border-radius: 3px;' "
 'title=\'1.0\'>_||>","<||_html:</span>_||>breaking<||_html:<span '
 "style='background-color: rgba(0.0, 165.0, 0, 0.15); border-radius: 3px;' "
 'title=\'1.0\'>_||>":<||_html:</span>_||><||_html:<span '
 "style='background-color: rgba(0.0, 165.0, 0, 0.15); border-radius: 3px;' "
 'title=\'1.0\'>_||>true<||_html:</span>_||>,"release_note<||_html:<span '
 "style='background-color: rgba(0.0, 165.0, 0, 0.15); border-radius: 3px;' "
 'title=\'1.0\'>_||>":"<||_html:</span>_||><||_html:<span '
 "style='background-color: rgba(0.0, 165.0, 0, 0.15); border-radius: 3px;' "
 "title='1.0'>_||>The<||_html:</span>_||><||_html:<span "
 "style='background-color: rgba(0.0, 165.0, 0, 0.15); border-radius: 3px;' "
 "title='1.0'>_||> '<||_html:</span>_||><||_html:<span "
 "style='background-color: rgba(0.0, 165.0, 0, 0.15); border-radius: 3px;' "
 "title='1.0'>_||>")
('Analyze the following two GraphQL schemas for changes, including both '
 'breaking and non-breaking changes.\n'
 '\n'
 '                        Provide your analysis in the following JSON format:\n'
 '                        {\n'
 '                          "changes": [\n'
 '                            {\n'
 '                              "type": "String representing the GraphQL type '
 '(e.g., Query, Mutation, Subscription)",\n'
 '                              "field": "String representing the specific '
 'field that changed",\n'
 '                              "change": "String describing the change (e.g., '
 'field renamed, new field added, field removed)",\n'
 '                              "breaking": "Boolean indicating if the change '
 'is breaking (true) or non-breaking (false)",\n'
 '                              "release_note": "String with a natural '
 'language description of the change for release notes"\n'
 '                            }\n'
 '                          ],\n'
 '                          "release_notes": {\n'
 '                              "summary": "String summarizing all changes, '
 'suitable for a mailing list or public announcement"\n'
 '                          }\n'
 '                        }\n'
 '\n'
 '                        When analyzing, consider the following types of '
 'changes:\n'
 '                        1. Removing fields or types (breaking)\n'
 '                        2. Changing field types (potentially breaking)\n'
 '                        3. Adding required fields (breaking)\n'
 '                        4. Changing the type of existing arguments '
 '(breaking)\n'
 '                        5. Adding optional fields (non-breaking)\n'
 '                        6. Adding new types (non-breaking)\n'
 '                        7. Deprecating fields (non-breaking)\n'
 '\n'
 '                        Ensure that each change is categorized correctly as '
 'breaking or non-breaking.: type Query {\n'
 '  getProduct(id: ID!): Product\n'
 '}\n'
 '\n'
 'type Product {\n'
 '  id: ID\n'
 '  name: String\n'
 '  description: String\n'
 '  price: Float\n'
 '  stock: Int\n'
 '}\n'
 ', type Query {\n'
 '  getProduct(id: ID!): Product\n'
 '}\n'
 '\n'
 'type Product {\n'
 '  id: ID\n'
 '  name: String\n'
 '  details: String\n'
 '  price: Float\n'
 '}\n'
 '\n'
 "Answer:<||_html:<span style='background-color: rgba(0.0, 165.0, 0, 0.15); "
 "border-radius: 3px;' title='1.0'>_||> {<||_html:</span>_||><||_html:<span "
 "style='background-color: rgba(0.0, 165.0, 0, 0.15); border-radius: 3px;' "
 "title='1.0'>_||>\n"
 "<||_html:</span>_||><||_html:<span style='background-color: rgba(0.0, 165.0, "
 "0, 0.15); border-radius: 3px;' title='1.0'>_||> "
 "<||_html:</span>_||><||_html:<span style='background-color: rgba(0.0, 165.0, "
 "0, 0.15); border-radius: 3px;' title='1.0'>_||> "
 '"<||_html:</span>_||><||_html:<span style=\'background-color: rgba(0.0, '
 "165.0, 0, 0.15); border-radius: 3px;' "
 "title='1.0'>_||>changes<||_html:</span>_||><||_html:<span "
 "style='background-color: rgba(0.0, 165.0, 0, 0.15); border-radius: 3px;' "
 'title=\'1.0\'>_||>":<||_html:</span>_||><||_html:<span '
 "style='background-color: rgba(0.0, 165.0, 0, 0.15); border-radius: 3px;' "
 "title='1.0'>_||> [<||_html:</span>_||><||_html:<span "
 "style='background-color: rgba(0.0, 165.0, 0, 0.15); border-radius: 3px;' "
 "title='1.0'>_||>\n"
 "<||_html:</span>_||><||_html:<span style='background-color: rgba(0.0, 165.0, "
 "0, 0.15); border-radius: 3px;' title='1.0'>_||>   "
 "<||_html:</span>_||><||_html:<span style='background-color: rgba(0.0, 165.0, "
 "0, 0.15); border-radius: 3px;' title='1.0'>_||> "
 "{<||_html:</span>_||><||_html:<span style='background-color: rgba(0.0, "
 "165.0, 0, 0.15); border-radius: 3px;' title='1.0'>_||>\n"
 "<||_html:</span>_||><||_html:<span style='background-color: rgba(0.0, 165.0, "
 "0, 0.15); border-radius: 3px;' title='1.0'>_||>     "
 "<||_html:</span>_||><||_html:<span style='background-color: rgba(0.0, 165.0, "
 "0, 0.15); border-radius: 3px;' title='1.0'>_||> "
 '"<||_html:</span>_||><||_html:<span style=\'background-color: rgba(0.0, '
 "165.0, 0, 0.15); border-radius: 3px;' "
 "title='1.0'>_||>type<||_html:</span>_||><||_html:<span "
 "style='background-color: rgba(0.0, 165.0, 0, 0.15); border-radius: 3px;' "
 'title=\'1.0\'>_||>":<||_html:</span>_||><||_html:<span '
 "style='background-color: rgba(0.0, 165.0, 0, 0.15); border-radius: 3px;' "
 'title=\'1.0\'>_||> "<||_html:</span>_||><||_html:<span '
 "style='background-color: rgba(0.0, 165.0, 0, 0.15); border-radius: 3px;' "
 "title='1.0'>_||>Query<||_html:</span>_||><||_html:<span "
 "style='background-color: rgba(0.0, 165.0, 0, 0.15); border-radius: 3px;' "
 'title=\'1.0\'>_||>",<||_html:</span>_||><||_html:<span '
 "style='background-color: rgba(0.0, 165.0, 0, 0.15); border-radius: 3px;' "
 "title='1.0'>_||>\n"
 "<||_html:</span>_||><||_html:<span style='background-color: rgba(0.0, 165.0, "
 "0, 0.15); border-radius: 3px;' title='1.0'>_||>     "
 "<||_html:</span>_||><||_html:<span style='background-color: rgba(0.0, 165.0, "
 "0, 0.15); border-radius: 3px;' title='1.0'>_||> "
 '"<||_html:</span>_||><||_html:<span style=\'background-color: rgba(0.0, '
 "165.0, 0, 0.15); border-radius: 3px;' "
 "title='1.0'>_||>field<||_html:</span>_||><||_html:<span "
 "style='background-color: rgba(0.0, 165.0, 0, 0.15); border-radius: 3px;' "
 'title=\'1.0\'>_||>":<||_html:</span>_||><||_html:<span '
 "style='background-color: rgba(0.0, 165.0, 0, 0.15); border-radius: 3px;' "
 'title=\'1.0\'>_||> "<||_html:</span>_||><||_html:<span '
 "style='background-color: rgba(0.0, 165.0, 0, 0.15); border-radius: 3px;' "
 "title='1.0'>_||>get<||_html:</span>_||><||_html:<span "
 "style='background-color: rgba(0.0, 165.0, 0, 0.15); border-radius: 3px;' "
 "title='1.0'>_||>Product<||_html:</span>_||><||_html:<span "
 "style='background-color: rgba(0.0, 165.0, 0, 0.15); border-radius: 3px;' "
 'title=\'1.0\'>_||>",<||_html:</span>_||><||_html:<span '
 "style='background-color: rgba(0.0, 165.0, 0, 0.15); border-radius: 3px;' "
 "title='1.0'>_||>\n"
 "<||_html:</span>_||><||_html:<span style='background-color: rgba(0.0, 165.0, "
 "0, 0.15); border-radius: 3px;' title='1.0'>_||>     "
 "<||_html:</span>_||><||_html:<span style='background-color: rgba(0.0, 165.0, "
 "0, 0.15); border-radius: 3px;' title='1.0'>_||> "
 '"<||_html:</span>_||><||_html:<span style=\'background-color: rgba(0.0, '
 "165.0, 0, 0.15); border-radius: 3px;' "
 "title='1.0'>_||>change<||_html:</span>_||><||_html:<span "
 "style='background-color: rgba(0.0, 165.0, 0, 0.15); border-radius: 3px;' "
 'title=\'1.0\'>_||>":<||_html:</span>_||><||_html:<span '
 "style='background-color: rgba(0.0, 165.0, 0, 0.15); border-radius: 3px;' "
 'title=\'1.0\'>_||> "<||_html:</span>_||><||_html:<span '
 "style='background-color: rgba(0.0, 165.0, 0, 0.15); border-radius: 3px;' "
 "title='1.0'>_||>field<||_html:</span>_||><||_html:<span "
 "style='background-color: rgba(0.0, 165.0, 0, 0.15); border-radius: 3px;' "
 "title='1.0'>_||> details<||_html:</span>_||><||_html:<span "
 "style='background-color: rgba(0.0, 165.0, 0, 0.15); border-radius: 3px;' "
 "title='1.0'>_||> added<||_html:</span>_||><||_html:<span "
 "style='background-color: rgba(0.0, 165.0, 0, 0.15); border-radius: 3px;' "
 'title=\'1.0\'>_||>",<||_html:</span>_||><||_html:<span '
 "style='background-color: rgba(0.0, 165.0, 0, 0.15); border-radius: 3px;' "
 "title='1.0'>_||>\n"
 "<||_html:</span>_||><||_html:<span style='background-color: rgba(0.0, 165.0, "
 "0, 0.15); border-radius: 3px;' title='1.0'>_||>     "
 "<||_html:</span>_||><||_html:<span style='background-color: rgba(0.0, 165.0, "
 "0, 0.15); border-radius: 3px;' title='1.0'>_||> "
 '"<||_html:</span>_||><||_html:<span style=\'background-color: rgba(0.0, '
 "165.0, 0, 0.15); border-radius: 3px;' "
 "title='1.0'>_||>breaking<||_html:</span>_||><||_html:<span "
 "style='background-color: rgba(0.0, 165.0, 0, 0.15); border-radius: 3px;' "
 'title=\'1.0\'>_||>":<||_html:</span>_||><||_html:<span '
 "style='background-color: rgba(0.0, 165.0, 0, 0.15); border-radius: 3px;' "
 'title=\'1.0\'>_||> "<||_html:</span>_||><||_html:<span '
 "style='background-color: rgba(0.0, 165.0, 0, 0.15); border-radius: 3px;' "
 "title='1.0'>_||>false<||_html:</span>_||><||_html:<span "
 "style='background-color: rgba(0.0, 165.0, 0, 0.15); border-radius: 3px;' "
 'title=\'1.0\'>_||>",<||_html:</span>_||><||_html:<span '
 "style='background-color: rgba(0.0, 165.0, 0, 0.15); border-radius: 3px;' "
 "title='1.0'>_||>\n"
 "<||_html:</span>_||><||_html:<span style='background-color: rgba(0.0, 165.0, "
 "0, 0.15); border-radius: 3px;' title='1.0'>_||>     "
 "<||_html:</span>_||><||_html:<span style='background-color: rgba(0.0, 165.0, "
 "0, 0.15); border-radius: 3px;' title='1.0'>_||> "
 '"<||_html:</span>_||><||_html:<span style=\'background-color: rgba(0.0, '
 "165.0, 0, 0.15); border-radius: 3px;' "
 "title='1.0'>_||>release<||_html:</span>_||><||_html:<span "
 "style='background-color: rgba(0.0, 165.0, 0, 0.15); border-radius: 3px;' "
 "title='1.0'>_||>_<||_html:</span>_||><||_html:<span style='background-color: "
 "rgba(0.0, 165.0, 0, 0.15); border-radius: 3px;' "
 "title='1.0'>_||>note<||_html:</span>_||><||_html:<span "
 "style='background-color: rgba(0.0, 165.0, 0, 0.15); border-radius: 3px;' "
 'title=\'1.0\'>_||>":<||_html:</span>_||><||_html:<span '
 "style='background-color: rgba(0.0, 165.0, 0, 0.15); border-radius: 3px;' "
 'title=\'1.0\'>_||> "<||_html:</span>_||><||_html:<span '
 "style='background-color: rgba(0.0, 165.0, 0, 0.15); border-radius: 3px;' "
 "title='1.0'>_||>The<||_html:</span>_||><||_html:<span "
 "style='background-color: rgba(0.0, 165.0, 0, 0.15); border-radius: 3px;' "
 "title='1.0'>_||> '<||_html:</span>_||><||_html:<span "
 "style='background-color: rgba(0.0, 165.0, 0, 0.15); border-radius: 3px;' "
 "title='1.0'>_||>get<||_html:</span>_||><||_html:<span "
 "style='background-color: rgba(0.0, 165.0, 0, 0.15); border-radius: 3px;' "
 "title='1.0'>_||>Product<||_html:</span>_||><||_html:<span "
 "style='background-color: rgba(0.0, 165.0, 0, 0.15); border-radius: 3px;' "
 "title='1.0'>_||>'<||_html:</span>_||><||_html:<span style='background-color: "
 "rgba(0.0, 165.0, 0, 0.15); border-radius: 3px;' title='1.0'>_||> "
 "query<||_html:</span>_||><||_html:<span style='background-color: rgba(0.0, "
 "165.0, 0, 0.15); border-radius: 3px;' title='1.0'>_||> "
 "now<||_html:</span>_||><||_html:<span style='background-color: rgba(0.0, "
 "165.0, 0, 0.15); border-radius: 3px;' title='1.0'>_||> "
 "includes<||_html:</span>_||><||_html:<span style='background-color: "
 "rgba(0.0, 165.0, 0, 0.15); border-radius: 3px;' title='1.0'>_||> "
 "a<||_html:</span>_||><||_html:<span style='background-color: rgba(0.0, "
 "165.0, 0, 0.15); border-radius: 3px;' title='1.0'>_||> "
 "new<||_html:</span>_||><||_html:<span style='background-color: rgba(0.0, "
 "165.0, 0, 0.15); border-radius: 3px;' title='1.0'>_||> "
 "field<||_html:</span>_||><||_html:<span style='background-color: rgba(0.0, "
 "165.0, 0, 0.15); border-radius: 3px;' title='1.0'>_||> "
 "'<||_html:</span>_||><||_html:<span style='background-color: rgba(0.0, "
 "165.0, 0, 0.15); border-radius: 3px;' "
 "title='1.0'>_||>details<||_html:</span>_||><||_html:<span "
 "style='background-color: rgba(0.0, 165.0, 0, 0.15); border-radius: 3px;' "
 "title='1.0'>_||>'<||_html:</span>_||><||_html:<span style='background-color: "
 "rgba(0.0, 165.0, 0, 0.15); border-radius: 3px;' title='1.0'>_||> "
 "of<||_html:</span>_||><||_html:<span style='background-color: rgba(0.0, "
 "165.0, 0, 0.15); border-radius: 3px;' title='1.0'>_||> "
 "type<||_html:</span>_||><||_html:<span style='background-color: rgba(0.0, "
 "165.0, 0, 0.15); border-radius: 3px;' title='1.0'>_||> "
 "String<||_html:</span>_||><||_html:<span style='background-color: rgba(0.0, "
 "165.0, 0, 0.15); border-radius: 3px;' "
 'title=\'1.0\'>_||>."<||_html:</span>_||><||_html:<span '
 "style='background-color: rgba(0.0, 165.0, 0, 0.15); border-radius: 3px;' "
 "title='1.0'>_||>\n"
 "<||_html:</span>_||><||_html:<span style='background-color: rgba(0.0, 165.0, "
 "0, 0.15); border-radius: 3px;' title='1.0'>_||>   "
 "<||_html:</span>_||><||_html:<span style='background-color: rgba(0.0, 165.0, "
 "0, 0.15); border-radius: 3px;' title='1.0'>_||> "
 "},<||_html:</span>_||><||_html:<span style='background-color: rgba(0.0, "
 "165.0, 0, 0.15); border-radius: 3px;' title='1.0'>_||>\n"
 "<||_html:</span>_||><||_html:<span style='background-color: rgba(0.0, 165.0, "
 "0, 0.15); border-radius: 3px;' title='1.0'>_||>   "
 "<||_html:</span>_||><||_html:<span style='background-color: rgba(0.0, 165.0, "
 "0, 0.15); border-radius: 3px;' title='1.0'>_||> "
 "{<||_html:</span>_||><||_html:<span style='background-color: rgba(0.0, "
 "165.0, 0, 0.15); border-radius: 3px;' title='1.0'>_||>\n"
 "<||_html:</span>_||><||_html:<span style='background-color: rgba(0.0, 165.0, "
 "0, 0.15); border-radius: 3px;' title='1.0'>_||>     "
 "<||_html:</span>_||><||_html:<span style='background-color: rgba(0.0, 165.0, "
 "0, 0.15); border-radius: 3px;' title='1.0'>_||> "
 '"<||_html:</span>_||><||_html:<span style=\'background-color: rgba(0.0, '
 "165.0, 0, 0.15); border-radius: 3px;' "
 "title='1.0'>_||>type<||_html:</span>_||><||_html:<span "
 "style='background-color: rgba(0.0, 165.0, 0, 0.15); border-radius: 3px;' "
 'title=\'1.0\'>_||>":<||_html:</span>_||><||_html:<span '
 "style='background-color: rgba(0.0, 165.0, 0, 0.15); border-radius: 3px;' "
 'title=\'1.0\'>_||> "<||_html:</span>_||><||_html:<span '
 "style='background-color: rgba(0.0, 165.0, 0, 0.15); border-radius: 3px;' "
 "title='1.0'>_||>Product<||_html:</span>_||><||_html:<span "
 "style='background-color: rgba(0.0, 165.0, 0, 0.15); border-radius: 3px;' "
 'title=\'1.0\'>_||>",<||_html:</span>_||><||_html:<span '
 "style='background-color: rgba(0.0, 165.0, 0, 0.15); border-radius: 3px;' "
 "title='1.0'>_||>\n"
 "<||_html:</span>_||><||_html:<span style='background-color: rgba(0.0, 165.0, "
 "0, 0.15); border-radius: 3px;' title='1.0'>_||>     "
 "<||_html:</span>_||><||_html:<span style='background-color: rgba(0.0, 165.0, "
 "0, 0.15); border-radius: 3px;' title='1.0'>_||> "
 '"<||_html:</span>_||><||_html:<span style=\'background-color: rgba(0.0, '
 "165.0, 0, 0.15); border-radius: 3px;' "
 "title='1.0'>_||>field<||_html:</span>_||><||_html:<span "
 "style='background-color: rgba(0.0, 165.0, 0, 0.15); border-radius: 3px;' "
 'title=\'1.0\'>_||>":<||_html:</span>_||><||_html:<span '
 "style='background-color: rgba(0.0, 165.0, 0, 0.15); border-radius: 3px;' "
 'title=\'1.0\'>_||> "<||_html:</span>_||><||_html:<span '
 "style='background-color: rgba(0.0, 165.0, 0, 0.15); border-radius: 3px;' "
 "title='1.0'>_||>description<||_html:</span>_||><||_html:<span "
 "style='background-color: rgba(0.0, 165.0, 0, 0.15); border-radius: 3px;' "
 'title=\'1.0\'>_||>",<||_html:</span>_||><||_html:<span '
 "style='background-color: rgba(0.0, 165.0, 0, 0.15); border-radius: 3px;' "
 "title='1.0'>_||>\n"
 "<||_html:</span>_||><||_html:<span style='background-color: rgba(0.0, 165.0, "
 "0, 0.15); border-radius: 3px;' title='1.0'>_||>     "
 "<||_html:</span>_||><||_html:<span style='background-color: rgba(0.0, 165.0, "
 "0, 0.15); border-radius: 3px;' title='1.0'>_||> "
 '"<||_html:</span>_||><||_html:<span style=\'background-color: rgba(0.0, '
 "165.0, 0, 0.15); border-radius: 3px;' "
 "title='1.0'>_||>change<||_html:</span>_||><||_html:<span "
 "style='background-color: rgba(0.0, 165.0, 0, 0.15); border-radius: 3px;' "
 'title=\'1.0\'>_||>":<||_html:</span>_||><||_html:<span '
 "style='background-color: rgba(0.0, 165.0, 0, 0.15); border-radius: 3px;' "
 'title=\'1.0\'>_||> "<||_html:</span>_||><||_html:<span '
 "style='background-color: rgba(0.0, 165.0, 0, 0.15); border-radius: 3px;' "
 "title='1.0'>_||>field<||_html:</span>_||><||_html:<span "
 "style='background-color: rgba(0.0, 165.0, 0, 0.15); border-radius: 3px;' "
 "title='1.0'>_||> removed<||_html:</span>_||><||_html:<span "
 "style='background-color: rgba(0.0, 165.0, 0, 0.15); border-radius: 3px;' "
 'title=\'1.0\'>_||>",<||_html:</span>_||><||_html:<span '
 "style='background-color: rgba(0.0, 165.0, 0, 0.15); border-radius: 3px;' "
 "title='1.0'>_||>\n"
 "<||_html:</span>_||><||_html:<span style='background-color: rgba(0.0, 165.0, "
 "0, 0.15); border-radius: 3px;' title='1.0'>_||>     "
 "<||_html:</span>_||><||_html:<span style='background-color: rgba(0.0, 165.0, "
 "0, 0.15); border-radius: 3px;' title='1.0'>_||> "
 '"<||_html:</span>_||><||_html:<span style=\'background-color: rgba(0.0, '
 "165.0, 0, 0.15); border-radius: 3px;' "
 "title='1.0'>_||>breaking<||_html:</span>_||><||_html:<span "
 "style='background-color: rgba(0.0, 165.0, 0, 0.15); border-radius: 3px;' "
 'title=\'1.0\'>_||>":<||_html:</span>_||><||_html:<span '
 "style='background-color: rgba(0.0, 165.0, 0, 0.15); border-radius: 3px;' "
 'title=\'1.0\'>_||> "<||_html:</span>_||><||_html:<span '
 "style='background-color: rgba(0.0, 165.0, 0, 0.15); border-radius: 3px;' "
 "title='1.0'>_||>true<||_html:</span>_||><||_html:<span "
 "style='background-color: rgba(0.0, 165.0, 0, 0.15); border-radius: 3px;' "
 'title=\'1.0\'>_||>",<||_html:</span>_||><||_html:<span '
 "style='background-color: rgba(0.0, 165.0, 0, 0.15); border-radius: 3px;' "
 "title='1.0'>_||>\n"
 "<||_html:</span>_||><||_html:<span style='background-color: rgba(0.0, 165.0, "
 "0, 0.15); border-radius: 3px;' title='1.0'>_||>     "
 "<||_html:</span>_||><||_html:<span style='background-color: rgba(0.0, 165.0, "
 "0, 0.15); border-radius: 3px;' title='1.0'>_||> "
 '"<||_html:</span>_||><||_html:<span style=\'background-color: rgba(0.0, '
 "165.0, 0, 0.15); border-radius: 3px;' "
 "title='1.0'>_||>release<||_html:</span>_||><||_html:<span "
 "style='background-color: rgba(0.0, 165.0, 0, 0.15); border-radius: 3px;' "
 "title='1.0'>_||>_<||_html:</span>_||><||_html:<span style='background-color: "
 "rgba(0.0, 165.0, 0, 0.15); border-radius: 3px;' "
 "title='1.0'>_||>note<||_html:</span>_||><||_html:<span "
 "style='background-color: rgba(0.0, 165.0, 0, 0.15); border-radius: 3px;' "
 'title=\'1.0\'>_||>":<||_html:</span>_||><||_html:<span '
 "style='background-color: rgba(0.0, 165.0, 0, 0.15); border-radius: 3px;' "
 'title=\'1.0\'>_||> "<||_html:</span>_||><||_html:<span '
 "style='background-color: rgba(0.0, 165.0, 0, 0.15); border-radius: 3px;' "
 "title='1.0'>_||>The<||_html:</span>_||><||_html:<span "
 "style='background-color: rgba(0.0, 165.0, 0, 0.15); border-radius: 3px;' "
 "title='1.0'>_||> '<||_html:</span>_||><||_html:<span "
 "style='background-color: rgba(0.0, 165.0, 0, 0.15); border-radius: 3px;' "
 "title='1.0'>_||>Product<||_html:</span>_||><||_html:<span "
 "style='background-color: rgba(0.0, 165.0, 0, 0.15); border-radius: 3px;' "
 "title='1.0'>_||>'<||_html:</span>_||><||_html:<span style='background-color: "
 "rgba(0.0, 165.0, 0, 0.15); border-radius: 3px;' title='1.0'>_||> "
 "type<||_html:</span>_||><||_html:<span style='background-color: rgba(0.0, "
 "165.0, 0, 0.15); border-radius: 3px;' title='1.0'>_||> "
 "no<||_html:</span>_||><||_html:<span style='background-color: rgba(0.0, "
 "165.0, 0, 0.15); border-radius: 3px;' title='1.0'>_||> "
 "longer<||_html:</span>_||><||_html:<span style='background-color: rgba(0.0, "
 "165.0, 0, 0.15); border-radius: 3px;' title='1.0'>_||> "
 "includes<||_html:</span>_||><||_html:<span style='background-color: "
 "rgba(0.0, 165.0, 0, 0.15); border-radius: 3px;' title='1.0'>_||> "
 "the<||_html:</span>_||><||_html:<span style='background-color: rgba(0.0, "
 "165.0, 0, 0.15); border-radius: 3px;' title='1.0'>_||> "
 "'<||_html:</span>_||><||_html:<span style='background-color: rgba(0.0, "
 "165.0, 0, 0.15); border-radius: 3px;' "
 "title='1.0'>_||>description<||_html:</span>_||><||_html:<span "
 "style='background-color: rgba(0.0, 165.0, 0, 0.15); border-radius: 3px;' "
 "title='1.0'>_||>'<||_html:</span>_||><||_html:<span style='background-color: "
 "rgba(0.0, 165.0, 0, 0.15); border-radius: 3px;' title='1.0'>_||> "
 "field<||_html:</span>_||><||_html:<span style='background-color: rgba(0.0, "
 "165.0, 0, 0.15); border-radius: 3px;' "
 'title=\'1.0\'>_||>."<||_html:</span>_||><||_html:<span '
 "style='background-color: rgba(0.0, 165.0, 0, 0.15); border-radius: 3px;' "
 "title='1.0'>_||>\n"
 "<||_html:</span>_||><||_html:<span style='background-color: rgba(0.0, 165.0, "
 "0, 0.15); border-radius: 3px;' title='1.0'>_||>   "
 "<||_html:</span>_||><||_html:<span style='background-color: rgba(0.0, 165.0, "
 "0, 0.15); border-radius: 3px;' title='1.0'>_||> "
 "},<||_html:</span>_||><||_html:<span style='background-color: rgba(0.0, "
 "165.0, 0, 0.15); border-radius: 3px;' title='1.0'>_||>\n"
 "<||_html:</span>_||><||_html:<span style='background-color: rgba(0.0, 165.0, "
 "0, 0.15); border-radius: 3px;' title='1.0'>_||>   "
 "<||_html:</span>_||><||_html:<span style='background-color: rgba(0.0, 165.0, "
 "0, 0.15); border-radius: 3px;' title='1.0'>_||> "
 "{<||_html:</span>_||><||_html:<span style='background-color: rgba(0.0, "
 "165.0, 0, 0.15); border-radius: 3px;' title='1.0'>_||>\n"
 "<||_html:</span>_||><||_html:<span style='background-color: rgba(0.0, 165.0, "
 "0, 0.15); border-radius: 3px;' title='1.0'>_||>     "
 "<||_html:</span>_||><||_html:<span style='background-color: rgba(0.0, 165.0, "
 "0, 0.15); border-radius: 3px;' title='1.0'>_||> "
 '"<||_html:</span>_||><||_html:<span style=\'background-color: rgba(0.0, '
 "165.0, 0, 0.15); border-radius: 3px;' "
 "title='1.0'>_||>type<||_html:</span>_||><||_html:<span "
 "style='background-color: rgba(0.0, 165.0, 0, 0.15); border-radius: 3px;' "
 'title=\'1.0\'>_||>":<||_html:</span>_||><||_html:<span '
 "style='background-color: rgba(0.0, 165.0, 0, 0.15); border-radius: 3px;' "
 'title=\'1.0\'>_||> "<||_html:</span>_||><||_html:<span '
 "style='background-color: rgba(0.0, 165.0, 0, 0.15); border-radius: 3px;' "
 "title='1.0'>_||>Product<||_html:</span>_||><||_html:<span "
 "style='background-color: rgba(0.0, 165.0, 0, 0.15); border-radius: 3px;' "
 'title=\'1.0\'>_||>",<||_html:</span>_||><||_html:<span '
 "style='background-color: rgba(0.0, 165.0, 0, 0.15); border-radius: 3px;' "
 "title='1.0'>_||>\n"
 "<||_html:</span>_||><||_html:<span style='background-color: rgba(0.0, 165.0, "
 "0, 0.15); border-radius: 3px;' title='1.0'>_||>     "
 "<||_html:</span>_||><||_html:<span style='background-color: rgba(0.0, 165.0, "
 "0, 0.15); border-radius: 3px;' title='1.0'>_||> "
 '"<||_html:</span>_||><||_html:<span style=\'background-color: rgba(0.0, '
 "165.0, 0, 0.15); border-radius: 3px;' "
 "title='1.0'>_||>field<||_html:</span>_||><||_html:<span "
 "style='background-color: rgba(0.0, 165.0, 0, 0.15); border-radius: 3px;' "
 'title=\'1.0\'>_||>":<||_html:</span>_||><||_html:<span '
 "style='background-color: rgba(0.0, 165.0, 0, 0.15); border-radius: 3px;' "
 'title=\'1.0\'>_||> "<||_html:</span>_||><||_html:<span '
 "style='background-color: rgba(0.0, 165.0, 0, 0.15); border-radius: 3px;' "
 "title='1.0'>_||>stock<||_html:</span>_||><||_html:<span "
 "style='background-color: rgba(0.0, 165.0, 0, 0.15); border-radius: 3px;' "
 'title=\'1.0\'>_||>",<||_html:</span>_||><||_html:<span '
 "style='background-color: rgba(0.0, 165.0, 0, 0.15); border-radius: 3px;' "
 "title='1.0'>_||>\n"
 "<||_html:</span>_||><||_html:<span style='background-color: rgba(0.0, 165.0, "
 "0, 0.15); border-radius: 3px;' title='1.0'>_||>     "
 "<||_html:</span>_||><||_html:<span style='background-color: rgba(0.0, 165.0, "
 "0, 0.15); border-radius: 3px;' title='1.0'>_||> "
 '"<||_html:</span>_||><||_html:<span style=\'background-color: rgba(0.0, '
 "165.0, 0, 0.15); border-radius: 3px;' "
 "title='1.0'>_||>change<||_html:</span>_||><||_html:<span "
 "style='background-color: rgba(0.0, 165.0, 0, 0.15); border-radius: 3px;' "
 'title=\'1.0\'>_||>":<||_html:</span>_||><||_html:<span '
 "style='background-color: rgba(0.0, 165.0, 0, 0.15); border-radius: 3px;' "
 'title=\'1.0\'>_||> "<||_html:</span>_||><||_html:<span '
 "style='background-color: rgba(0.0, 165.0, 0, 0.15); border-radius: 3px;' "
 "title='1.0'>_||>field<||_html:</span>_||><||_html:<span "
 "style='background-color: rgba(0.0, 165.0, 0, 0.15); border-radius: 3px;' "
 "title='1.0'>_||> removed<||_html:</span>_||><||_html:<span "
 "style='background-color: rgba(0.0, 165.0, 0, 0.15); border-radius: 3px;' "
 'title=\'1.0\'>_||>",<||_html:</span>_||><||_html:<span '
 "style='background-color: rgba(0.0, 165.0, 0, 0.15); border-radius: 3px;' "
 "title='1.0'>_||>\n"
 "<||_html:</span>_||><||_html:<span style='background-color: rgba(0.0, 165.0, "
 "0, 0.15); border-radius: 3px;' title='1.0'>_||>     "
 "<||_html:</span>_||><||_html:<span style='background-color: rgba(0.0, 165.0, "
 "0, 0.15); border-radius: 3px;' title='1.0'>_||> "
 '"<||_html:</span>_||><||_html:<span style=\'background-color: rgba(0.0, '
 "165.0, 0, 0.15); border-radius: 3px;' "
 "title='1.0'>_||>breaking<||_html:</span>_||><||_html:<span "
 "style='background-color: rgba(0.0, 165.0, 0, 0.15); border-radius: 3px;' "
 'title=\'1.0\'>_||>":<||_html:</span>_||><||_html:<span '
 "style='background-color: rgba(0.0, 165.0, 0, 0.15); border-radius: 3px;' "
 'title=\'1.0\'>_||> "<||_html:</span>_||><||_html:<span '
 "style='background-color: rgba(0.0, 165.0, 0, 0.15); border-radius: 3px;' "
 "title='1.0'>_||>true<||_html:</span>_||><||_html:<span "
 "style='background-color: rgba(0.0, 165.0, 0, 0.15); border-radius: 3px;' "
 'title=\'1.0\'>_||>",<||_html:</span>_||><||_html:<span '
 "style='background-color: rgba(0.0, 165.0, 0, 0.15); border-radius: 3px;' "
 "title='1.0'>_||>\n"
 "<||_html:</span>_||><||_html:<span style='background-color: rgba(0.0, 165.0, "
 "0, 0.15); border-radius: 3px;' title='1.0'>_||>     "
 "<||_html:</span>_||><||_html:<span style='background-color: rgba(0.0, 165.0, "
 "0, 0.15); border-radius: 3px;' title='1.0'>_||> "
 '"<||_html:</span>_||><||_html:<span style=\'background-color: rgba(0.0, '
 "165.0, 0, 0.15); border-radius: 3px;' "
 "title='1.0'>_||>release<||_html:</span>_||><||_html:<span "
 "style='background-color: rgba(0.0, 165.0, 0, 0.15); border-radius: 3px;' "
 "title='1.0'>_||>_<||_html:</span>_||><||_html:<span style='background-color: "
 "rgba(0.0, 165.0, 0, 0.15); border-radius: 3px;' "
 "title='1.0'>_||>note<||_html:</span>_||><||_html:<span "
 "style='background-color: rgba(0.0, 165.0, 0, 0.15); border-radius: 3px;' "
 'title=\'1.0\'>_||>":<||_html:</span>_||><||_html:<span '
 "style='background-color: rgba(0.0, 165.0, 0, 0.15); border-radius: 3px;' "
 'title=\'1.0\'>_||> "<||_html:</span>_||><||_html:<span '
 "style='background-color: rgba(0.0, 165.0, 0, 0.15); border-radius: 3px;' "
 "title='1.0'>_||>The<||_html:</span>_||><||_html:<span "
 "style='background-color: rgba(0.0, 165.0, 0, 0.15); border-radius: 3px;' "
 "title='1.0'>_||> '<||_html:</span>_||><||_html:<span "
 "style='background-color: rgba(0.0, 165.0, 0, 0.15); border-radius: 3px;' "
 "title='1.0'>_||>Product<||_html:</span>_||><||_html:<span "
 "style='background-color: rgba(0.0, 165.0, 0, 0.15); border-radius: 3px;' "
 "title='1.0'>_||>'<||_html:</span>_||><||_html:<span style='background-color: "
 "rgba(0.0, 165.0, 0, 0.15); border-radius: 3px;' title='1.0'>_||> "
 "type<||_html:</span>_||><||_html:<span style='background-color: rgba(0.0, "
 "165.0, 0, 0.15); border-radius: 3px;' title='1.0'>_||> "
 "no<||_html:</span>_||><||_html:<span style='background-color: rgba(0.0, "
 "165.0, 0, 0.15); border-radius: 3px;' title='1.0'>_||> "
 "longer<||_html:</span>_||><||_html:<span style='background-color: rgba(0.0, "
 "165.0, 0, 0.15); border-radius: 3px;' title='1.0'>_||> "
 "includes<||_html:</span>_||><||_html:<span style='background-color: "
 "rgba(0.0, 165.0, 0, 0.15); border-radius: 3px;' title='1.0'>_||> "
 "the<||_html:</span>_||><||_html:<span style='background-color: rgba(0.0, "
 "165.0, 0, 0.15); border-radius: 3px;' title='1.0'>_||> "
 "'<||_html:</span>_||><||_html:<span style='background-color: rgba(0.0, "
 "165.0, 0, 0.15); border-radius: 3px;' "
 "title='1.0'>_||>stock<||_html:</span>_||><||_html:<span "
 "style='background-color: rgba(0.0, 165.0, 0, 0.15); border-radius: 3px;' "
 "title='1.0'>_||>'<||_html:</span>_||><||_html:<span style='background-color: "
 "rgba(0.0, 165.0, 0, 0.15); border-radius: 3px;' title='1.0'>_||> "
 "field<||_html:</span>_||><||_html:<span style='background-color: rgba(0.0, "
 "165.0, 0, 0.15); border-radius: 3px;' "
 'title=\'1.0\'>_||>."<||_html:</span>_||><||_html:<span '
 "style='background-color: rgba(0.0, 165.0, 0, 0.15); border-radius: 3px;' "
 "title='1.0'>_||>\n"
 "<||_html:</span>_||><||_html:<span style='background-color: rgba(0.0, 165.0, "
 "0, 0.15); border-radius: 3px;' title='1.0'>_||>   "
 "<||_html:</span>_||><||_html:<span style='background-color: rgba(0.0, 165.0, "
 "0, 0.15); border-radius: 3px;' title='1.0'>_||> "
 "}<||_html:</span>_||><||_html:<span style='background-color: rgba(0.0, "
 "165.0, 0, 0.15); border-radius: 3px;' title='1.0'>_||>\n"
 "<||_html:</span>_||><||_html:<span style='background-color: rgba(0.0, 165.0, "
 "0, 0.15); border-radius: 3px;' title='1.0'>_||> "
 "<||_html:</span>_||><||_html:<span style='background-color: rgba(0.0, 165.0, "
 "0, 0.15); border-radius: 3px;' title='1.0'>_||> "
 "],<||_html:</span>_||><||_html:<span style='background-color: rgba(0.0, "
 "165.0, 0, 0.15); border-radius: 3px;' title='1.0'>_||>\n"
 "<||_html:</span>_||><||_html:<span style='background-color: rgba(0.0, 165.0, "
 "0, 0.15); border-radius: 3px;' title='1.0'>_||> "
 "<||_html:</span>_||><||_html:<span style='background-color: rgba(0.0, 165.0, "
 "0, 0.15); border-radius: 3px;' title='1.0'>_||> "
 '"<||_html:</span>_||><||_html:<span style=\'background-color: rgba(0.0, '
 "165.0, 0, 0.15); border-radius: 3px;' "
 "title='1.0'>_||>release<||_html:</span>_||><||_html:<span "
 "style='background-color: rgba(0.0, 165.0, 0, 0.15); border-radius: 3px;' "
 "title='1.0'>_||>_<||_html:</span>_||><||_html:<span style='background-color: "
 "rgba(0.0, 165.0, 0, 0.15); border-radius: 3px;' "
 "title='1.0'>_||>notes<||_html:</span>_||><||_html:<span "
 "style='background-color: rgba(0.0, 165.0, 0, 0.15); border-radius: 3px;' "
 'title=\'1.0\'>_||>":<||_html:</span>_||><||_html:<span '
 "style='background-color: rgba(0.0, 165.0, 0, 0.15); border-radius: 3px;' "
 "title='1.0'>_||> {<||_html:</span>_||><||_html:<span "
 "style='background-color: rgba(0.0, 165.0, 0, 0.15); border-radius: 3px;' "
 "title='1.0'>_||>\n"
 "<||_html:</span>_||><||_html:<span style='background-color: rgba(0.0, 165.0, "
 "0, 0.15); border-radius: 3px;' title='1.0'>_||>   "
 "<||_html:</span>_||><||_html:<span style='background-color: rgba(0.0, 165.0, "
 "0, 0.15); border-radius: 3px;' title='1.0'>_||> "
 '"<||_html:</span>_||><||_html:<span style=\'background-color: rgba(0.0, '
 "165.0, 0, 0.15); border-radius: 3px;' "
 "title='1.0'>_||>summary<||_html:</span>_||><||_html:<span "
 "style='background-color: rgba(0.0, 165.0, 0, 0.15); border-radius: 3px;' "
 'title=\'1.0\'>_||>":<||_html:</span>_||><||_html:<span '
 "style='background-color: rgba(0.0, 165.0, 0, 0.15); border-radius: 3px;' "
 'title=\'1.0\'>_||> "<||_html:</span>_||><||_html:<span '
 "style='background-color: rgba(0.0, 165.0, 0, 0.15); border-radius: 3px;' "
 "title='1.0'>_||>The<||_html:</span>_||><||_html:<span "
 "style='background-color: rgba(0.0, 165.0, 0, 0.15); border-radius: 3px;' "
 "title='1.0'>_||> '<||_html:</span>_||><||_html:<span "
 "style='background-color: rgba(0.0, 165.0, 0, 0.15); border-radius: 3px;' "
 "title='1.0'>_||>get<||_html:</span>_||><||_html:<span "
 "style='background-color: rgba(0.0, 165.0, 0, 0.15); border-radius: 3px;' "
 "title='1.0'>_||>Product<||_html:</span>_||><||_html:<span "
 "style='background-color: rgba(0.0, 165.0, 0, 0.15); border-radius: 3px;' "
 "title='1.0'>_||>'<||_html:</span>_||><||_html:<span style='background-color: "
 "rgba(0.0, 165.0, 0, 0.15); border-radius: 3px;' title='1.0'>_||> "
 "query<||_html:</span>_||><||_html:<span style='background-color: rgba(0.0, "
 "165.0, 0, 0.15); border-radius: 3px;' title='1.0'>_||> "
 "now<||_html:</span>_||><||_html:<span style='background-color: rgba(0.0, "
 "165.0, 0, 0.15); border-radius: 3px;' title='1.0'>_||> "
 "includes<||_html:</span>_||><||_html:<span style='background-color: "
 "rgba(0.0, 165.0, 0, 0.15); border-radius: 3px;' title='1.0'>_||> "
 "a<||_html:</span>_||><||_html:<span style='background-color: rgba(0.0, "
 "165.0, 0, 0.15); border-radius: 3px;' title='1.0'>_||> "
 "new<||_html:</span>_||><||_html:<span style='background-color: rgba(0.0, "
 "165.0, 0, 0.15); border-radius: 3px;' title='1.0'>_||> "
 "field<||_html:</span>_||><||_html:<span style='background-color: rgba(0.0, "
 "165.0, 0, 0.15); border-radius: 3px;' title='1.0'>_||> "
 "'<||_html:</span>_||><||_html:<span style='background-color: rgba(0.0, "
 "165.0, 0, 0.15); border-radius: 3px;' "
 "title='1.0'>_||>details<||_html:</span>_||><||_html:<span "
 "style='background-color: rgba(0.0, 165.0, 0, 0.15); border-radius: 3px;' "
 "title='1.0'>_||>'<||_html:</span>_||><||_html:<span style='background-color: "
 "rgba(0.0, 165.0, 0, 0.15); border-radius: 3px;' title='1.0'>_||> "
 "of<||_html:</span>_||><||_html:<span style='background-color: rgba(0.0, "
 "165.0, 0, 0.15); border-radius: 3px;' title='1.0'>_||> "
 "type<||_html:</span>_||><||_html:<span style='background-color: rgba(0.0, "
 "165.0, 0, 0.15); border-radius: 3px;' title='1.0'>_||> "
 "String<||_html:</span>_||><||_html:<span style='background-color: rgba(0.0, "
 "165.0, 0, 0.15); border-radius: 3px;' "
 "title='1.0'>_||>.<||_html:</span>_||><||_html:<span style='background-color: "
 "rgba(0.0, 165.0, 0, 0.15); border-radius: 3px;' title='1.0'>_||> "
 "The<||_html:</span>_||><||_html:<span style='background-color: rgba(0.0, "
 "165.0, 0, 0.15); border-radius: 3px;' title='1.0'>_||> "
 "'<||_html:</span>_||><||_html:<span style='background-color: rgba(0.0, "
 "165.0, 0, 0.15); border-radius: 3px;' "
 "title='1.0'>_||>Product<||_html:</span>_||><||_html:<span "
 "style='background-color: rgba(0.0, 165.0, 0, 0.15); border-radius: 3px;' "
 "title='1.0'>_||>'<||_html:</span>_||><||_html:<span style='background-color: "
 "rgba(0.0, 165.0, 0, 0.15); border-radius: 3px;' title='1.0'>_||> "
 "type<||_html:</span>_||><||_html:<span style='background-color: rgba(0.0, "
 "165.0, 0, 0.15); border-radius: 3px;' title='1.0'>_||> "
 "no<||_html:</span>_||><||_html:<span style='background-color: rgba(0.0, "
 "165.0, 0, 0.15); border-radius: 3px;' title='1.0'>_||> "
 "longer<||_html:</span>_||><||_html:<span style='background-color: rgba(0.0, "
 "165.0, 0, 0.15); border-radius: 3px;' title='1.0'>_||> "
 "includes<||_html:</span>_||><||_html:<span style='background-color: "
 "rgba(0.0, 165.0, 0, 0.15); border-radius: 3px;' title='1.0'>_||> "
 "the<||_html:</span>_||><||_html:<span style='background-color: rgba(0.0, "
 "165.0, 0, 0.15); border-radius: 3px;' title='1.0'>_||> "
 "'<||_html:</span>_||><||_html:<span style='background-color: rgba(0.0, "
 "165.0, 0, 0.15); border-radius: 3px;' "
 "title='1.0'>_||>description<||_html:</span>_||><||_html:<span "
 "style='background-color: rgba(0.0, 165.0, 0, 0.15); border-radius: 3px;' "
 "title='1.0'>_||>'<||_html:</span>_||><||_html:<span style='background-color: "
 "rgba(0.0, 165.0, 0, 0.15); border-radius: 3px;' title='1.0'>_||> "
 "and<||_html:</span>_||><||_html:<span style='background-color: rgba(0.0, "
 "165.0, 0, 0.15); border-radius: 3px;' title='1.0'>_||> "
 "'<||_html:</span>_||><||_html:<span style='background-color: rgba(0.0, "
 "165.0, 0, 0.15); border-radius: 3px;' "
 "title='1.0'>_||>stock<||_html:</span>_||><||_html:<span "
 "style='background-color: rgba(0.0, 165.0, 0, 0.15); border-radius: 3px;' "
 "title='1.0'>_||>'<||_html:</span>_||><||_html:<span style='background-color: "
 "rgba(0.0, 165.0, 0, 0.15); border-radius: 3px;' title='1.0'>_||> "
 "fields<||_html:</span>_||><||_html:<span style='background-color: rgba(0.0, "
 "165.0, 0, 0.15); border-radius: 3px;' "
 'title=\'1.0\'>_||>."<||_html:</span>_||><||_html:<span '
 "style='background-color: rgba(0.0, 165.0, 0, 0.15); border-radius: 3px;' "
 "title='1.0'>_||>\n"
 "<||_html:</span>_||><||_html:<span style='background-color: rgba(0.0, 165.0, "
 "0, 0.15); border-radius: 3px;' title='1.0'>_||> "
 "<||_html:</span>_||><||_html:<span style='background-color: rgba(0.0, 165.0, "
 "0, 0.15); border-radius: 3px;' title='1.0'>_||> "
 "}<||_html:</span>_||><||_html:<span style='background-color: rgba(0.0, "
 "165.0, 0, 0.15); border-radius: 3px;' title='1.0'>_||>\n"
 "<||_html:</span>_||><||_html:<span style='background-color: rgba(0.0, 165.0, "
 "0, 0.15); border-radius: 3px;' "
 'title=\'1.0\'>_||>}<||_html:</span>_||>{"changes":<||_html:<span '
 "style='background-color: rgba(0.0, 165.0, 0, 0.15); border-radius: 3px;' "
 "title='1.0'>_||>[<||_html:</span>_||><||_html:<span style='background-color: "
 "rgba(0.0, 165.0, 0, 0.15); border-radius: 3px;' "
 'title=\'1.0\'>_||>{"<||_html:</span>_||>type<||_html:<span '
 "style='background-color: rgba(0.0, 165.0, 0, 0.15); border-radius: 3px;' "
 'title=\'1.0\'>_||>":"<||_html:</span>_||><||_html:<span '
 "style='background-color: rgba(0.0, 165.0, 0, 0.15); border-radius: 3px;' "
 "title='1.0'>_||>Query<||_html:</span>_||><||_html:<span "
 "style='background-color: rgba(0.0, 165.0, 0, 0.15); border-radius: 3px;' "
 'title=\'1.0\'>_||>","<||_html:</span>_||>field<||_html:<span '
 "style='background-color: rgba(0.0, 165.0, 0, 0.15); border-radius: 3px;' "
 'title=\'1.0\'>_||>":"<||_html:</span>_||><||_html:<span '
 "style='background-color: rgba(0.0, 165.0, 0, 0.15); border-radius: 3px;' "
 "title='1.0'>_||>get<||_html:</span>_||><||_html:<span "
 "style='background-color: rgba(0.0, 165.0, 0, 0.15); border-radius: 3px;' "
 "title='1.0'>_||>Product<||_html:</span>_||><||_html:<span "
 "style='background-color: rgba(0.0, 165.0, 0, 0.15); border-radius: 3px;' "
 'title=\'1.0\'>_||>","<||_html:</span>_||>change<||_html:<span '
 "style='background-color: rgba(0.0, 165.0, 0, 0.15); border-radius: 3px;' "
 'title=\'1.0\'>_||>":"<||_html:</span>_||><||_html:<span '
 "style='background-color: rgba(0.0, 165.0, 0, 0.15); border-radius: 3px;' "
 "title='1.0'>_||>field<||_html:</span>_||><||_html:<span "
 "style='background-color: rgba(0.0, 165.0, 0, 0.15); border-radius: 3px;' "
 "title='1.0'>_||> details<||_html:</span>_||><||_html:<span "
 "style='background-color: rgba(0.0, 165.0, 0, 0.15); border-radius: 3px;' "
 "title='1.0'>_||> added<||_html:</span>_||><||_html:<span "
 "style='background-color: rgba(0.0, 165.0, 0, 0.15); border-radius: 3px;' "
 'title=\'1.0\'>_||>","<||_html:</span>_||>breaking<||_html:<span '
 "style='background-color: rgba(0.0, 165.0, 0, 0.15); border-radius: 3px;' "
 'title=\'1.0\'>_||>":<||_html:</span>_||><||_html:<span '
 "style='background-color: rgba(0.0, 165.0, 0, 0.15); border-radius: 3px;' "
 'title=\'1.0\'>_||>false<||_html:</span>_||>,"release_note<||_html:<span '
 "style='background-color: rgba(0.0, 165.0, 0, 0.15); border-radius: 3px;' "
 'title=\'1.0\'>_||>":"<||_html:</span>_||><||_html:<span '
 "style='background-color: rgba(0.0, 165.0, 0, 0.15); border-radius: 3px;' "
 "title='1.0'>_||>The<||_html:</span>_||><||_html:<span "
 "style='background-color: rgba(0.0, 165.0, 0, 0.15); border-radius: 3px;' "
 "title='1.0'>_||> '<||_html:</span>_||><||_html:<span "
 "style='background-color: rgba(0.0, 165.0, 0, 0.15); border-radius: 3px;' "
 "title='1.0'>_||>get<||_html:</span>_||><||_html:<span "
 "style='background-color: rgba(0.0, 165.0, 0, 0.15); border-radius: 3px;' "
 "title='1.0'>_||>Product<||_html:</span>_||><||_html:<span "
 "style='background-color: rgba(0.0, 165.0, 0, 0.15); border-radius: 3px;' "
 "title='1.0'>_||>'<||_html:</span>_||><||_html:<span style='background-color: "
 "rgba(0.0, 165.0, 0, 0.15); border-radius: 3px;' title='1.0'>_||> "
 "query<||_html:</span>_||><||_html:<span style='background-color: rgba(0.0, "
 "165.0, 0, 0.15); border-radius: 3px;' title='1.0'>_||> "
 "now<||_html:</span>_||><||_html:<span style='background-color: rgba(0.0, "
 "165.0, 0, 0.15); border-radius: 3px;' title='1.0'>_||> "
 "includes<||_html:</span>_||><||_html:<span style='background-color: "
 "rgba(0.0, 165.0, 0, 0.15); border-radius: 3px;' title='1.0'>_||> "
 "a<||_html:</span>_||><||_html:<span style='background-color: rgba(0.0, "
 "165.0, 0, 0.15); border-radius: 3px;' title='1.0'>_||> "
 "new<||_html:</span>_||><||_html:<span style='background-color: rgba(0.0, "
 "165.0, 0, 0.15); border-radius: 3px;' title='1.0'>_||> "
 "field<||_html:</span>_||><||_html:<span style='background-color: rgba(0.0, "
 "165.0, 0, 0.15); border-radius: 3px;' title='1.0'>_||> "
 "'<||_html:</span>_||><||_html:<span style='background-color: rgba(0.0, "
 "165.0, 0, 0.15); border-radius: 3px;' "
 "title='1.0'>_||>details<||_html:</span>_||><||_html:<span "
 "style='background-color: rgba(0.0, 165.0, 0, 0.15); border-radius: 3px;' "
 "title='1.0'>_||>'<||_html:</span>_||><||_html:<span style='background-color: "
 "rgba(0.0, 165.0, 0, 0.15); border-radius: 3px;' title='1.0'>_||> "
 "of<||_html:</span>_||><||_html:<span style='background-color: rgba(0.0, "
 "165.0, 0, 0.15); border-radius: 3px;' title='1.0'>_||> "
 "type<||_html:</span>_||><||_html:<span style='background-color: rgba(0.0, "
 "165.0, 0, 0.15); border-radius: 3px;' title='1.0'>_||> "
 "String<||_html:</span>_||><||_html:<span style='background-color: rgba(0.0, "
 "165.0, 0, 0.15); border-radius: 3px;' "
 'title=\'1.0\'>_||>."<||_html:</span>_||><||_html:<span '
 "style='background-color: rgba(0.0, 165.0, 0, 0.15); border-radius: 3px;' "
 'title=\'1.0\'>_||>},<||_html:</span>_||>{"type<||_html:<span '
 "style='background-color: rgba(0.0, 165.0, 0, 0.15); border-radius: 3px;' "
 'title=\'1.0\'>_||>":"<||_html:</span>_||><||_html:<span '
 "style='background-color: rgba(0.0, 165.0, 0, 0.15); border-radius: 3px;' "
 "title='1.0'>_||>Product<||_html:</span>_||><||_html:<span "
 "style='background-color: rgba(0.0, 165.0, 0, 0.15); border-radius: 3px;' "
 'title=\'1.0\'>_||>","<||_html:</span>_||>field<||_html:<span '
 "style='background-color: rgba(0.0, 165.0, 0, 0.15); border-radius: 3px;' "
 'title=\'1.0\'>_||>":"<||_html:</span>_||><||_html:<span '
 "style='background-color: rgba(0.0, 165.0, 0, 0.15); border-radius: 3px;' "
 "title='1.0'>_||>description<||_html:</span>_||><||_html:<span "
 "style='background-color: rgba(0.0, 165.0, 0, 0.15); border-radius: 3px;' "
 'title=\'1.0\'>_||>","<||_html:</span>_||>change<||_html:<span '
 "style='background-color: rgba(0.0, 165.0, 0, 0.15); border-radius: 3px;' "
 'title=\'1.0\'>_||>":"<||_html:</span>_||><||_html:<span '
 "style='background-color: rgba(0.0, 165.0, 0, 0.15); border-radius: 3px;' "
 "title='1.0'>_||>field<||_html:</span>_||><||_html:<span "
 "style='background-color: rgba(0.0, 165.0, 0, 0.15); border-radius: 3px;' "
 "title='1.0'>_||> removed<||_html:</span>_||><||_html:<span "
 "style='background-color: rgba(0.0, 165.0, 0, 0.15); border-radius: 3px;' "
 'title=\'1.0\'>_||>","<||_html:</span>_||>breaking<||_html:<span '
 "style='background-color: rgba(0.0, 165.0, 0, 0.15); border-radius: 3px;' "
 'title=\'1.0\'>_||>":<||_html:</span>_||><||_html:<span '
 "style='background-color: rgba(0.0, 165.0, 0, 0.15); border-radius: 3px;' "
 'title=\'1.0\'>_||>true<||_html:</span>_||>,"release_note<||_html:<span '
 "style='background-color: rgba(0.0, 165.0, 0, 0.15); border-radius: 3px;' "
 'title=\'1.0\'>_||>":"<||_html:</span>_||><||_html:<span '
 "style='background-color: rgba(0.0, 165.0, 0, 0.15); border-radius: 3px;' "
 "title='1.0'>_||>The<||_html:</span>_||><||_html:<span "
 "style='background-color: rgba(0.0, 165.0, 0, 0.15); border-radius: 3px;' "
 "title='1.0'>_||> '<||_html:</span>_||><||_html:<span "
 "style='background-color: rgba(0.0, 165.0, 0, 0.15); border-radius: 3px;' "
 "title='1.0'>_||>Product<||_html:</span>_||><||_html:<span "
 "style='background-color: rgba(0.0, 165.0, 0, 0.15); border-radius: 3px;' "
 "title='1.0'>_||>'<||_html:</span>_||><||_html:<span style='background-color: "
 "rgba(0.0, 165.0, 0, 0.15); border-radius: 3px;' title='1.0'>_||> "
 "type<||_html:</span>_||><||_html:<span style='background-color: rgba(0.0, "
 "165.0, 0, 0.15); border-radius: 3px;' title='1.0'>_||>")
('Analyze the following two GraphQL schemas for changes, including both '
 'breaking and non-breaking changes.\n'
 '\n'
 '                        Provide your analysis in the following JSON format:\n'
 '                        {\n'
 '                          "changes": [\n'
 '                            {\n'
 '                              "type": "String representing the GraphQL type '
 '(e.g., Query, Mutation, Subscription)",\n'
 '                              "field": "String representing the specific '
 'field that changed",\n'
 '                              "change": "String describing the change (e.g., '
 'field renamed, new field added, field removed)",\n'
 '                              "breaking": "Boolean indicating if the change '
 'is breaking (true) or non-breaking (false)",\n'
 '                              "release_note": "String with a natural '
 'language description of the change for release notes"\n'
 '                            }\n'
 '                          ],\n'
 '                          "release_notes": {\n'
 '                              "summary": "String summarizing all changes, '
 'suitable for a mailing list or public announcement"\n'
 '                          }\n'
 '                        }\n'
 '\n'
 '                        When analyzing, consider the following types of '
 'changes:\n'
 '                        1. Removing fields or types (breaking)\n'
 '                        2. Changing field types (potentially breaking)\n'
 '                        3. Adding required fields (breaking)\n'
 '                        4. Changing the type of existing arguments '
 '(breaking)\n'
 '                        5. Adding optional fields (non-breaking)\n'
 '                        6. Adding new types (non-breaking)\n'
 '                        7. Deprecating fields (non-breaking)\n'
 '\n'
 '                        Ensure that each change is categorized correctly as '
 'breaking or non-breaking.: type Query {\n'
 '  getProduct(id: ID!): Product\n'
 '}\n'
 '\n'
 'type Product {\n'
 '  id: ID\n'
 '  name: String\n'
 '  description: String\n'
 '  price: Float\n'
 '  stock: Int\n'
 '}\n'
 ', type Query {\n'
 '  getProduct(id: ID!): Product\n'
 '}\n'
 '\n'
 'type Product {\n'
 '  id: ID\n'
 '  name: String\n'
 '  details: String\n'
 '  price: Float\n'
 '}\n'
 '\n'
 "Answer:<||_html:<span style='background-color: rgba(0.0, 165.0, 0, 0.15); "
 "border-radius: 3px;' title='1.0'>_||> {<||_html:</span>_||><||_html:<span "
 "style='background-color: rgba(0.0, 165.0, 0, 0.15); border-radius: 3px;' "
 "title='1.0'>_||>\n"
 "<||_html:</span>_||><||_html:<span style='background-color: rgba(0.0, 165.0, "
 "0, 0.15); border-radius: 3px;' title='1.0'>_||> "
 "<||_html:</span>_||><||_html:<span style='background-color: rgba(0.0, 165.0, "
 "0, 0.15); border-radius: 3px;' title='1.0'>_||> "
 '"<||_html:</span>_||><||_html:<span style=\'background-color: rgba(0.0, '
 "165.0, 0, 0.15); border-radius: 3px;' "
 "title='1.0'>_||>changes<||_html:</span>_||><||_html:<span "
 "style='background-color: rgba(0.0, 165.0, 0, 0.15); border-radius: 3px;' "
 'title=\'1.0\'>_||>":<||_html:</span>_||><||_html:<span '
 "style='background-color: rgba(0.0, 165.0, 0, 0.15); border-radius: 3px;' "
 "title='1.0'>_||> [<||_html:</span>_||><||_html:<span "
 "style='background-color: rgba(0.0, 165.0, 0, 0.15); border-radius: 3px;' "
 "title='1.0'>_||>\n"
 "<||_html:</span>_||><||_html:<span style='background-color: rgba(0.0, 165.0, "
 "0, 0.15); border-radius: 3px;' title='1.0'>_||>   "
 "<||_html:</span>_||><||_html:<span style='background-color: rgba(0.0, 165.0, "
 "0, 0.15); border-radius: 3px;' title='1.0'>_||> "
 "{<||_html:</span>_||><||_html:<span style='background-color: rgba(0.0, "
 "165.0, 0, 0.15); border-radius: 3px;' title='1.0'>_||>\n"
 "<||_html:</span>_||><||_html:<span style='background-color: rgba(0.0, 165.0, "
 "0, 0.15); border-radius: 3px;' title='1.0'>_||>     "
 "<||_html:</span>_||><||_html:<span style='background-color: rgba(0.0, 165.0, "
 "0, 0.15); border-radius: 3px;' title='1.0'>_||> "
 '"<||_html:</span>_||><||_html:<span style=\'background-color: rgba(0.0, '
 "165.0, 0, 0.15); border-radius: 3px;' "
 "title='1.0'>_||>type<||_html:</span>_||><||_html:<span "
 "style='background-color: rgba(0.0, 165.0, 0, 0.15); border-radius: 3px;' "
 'title=\'1.0\'>_||>":<||_html:</span>_||><||_html:<span '
 "style='background-color: rgba(0.0, 165.0, 0, 0.15); border-radius: 3px;' "
 'title=\'1.0\'>_||> "<||_html:</span>_||><||_html:<span '
 "style='background-color: rgba(0.0, 165.0, 0, 0.15); border-radius: 3px;' "
 "title='1.0'>_||>Query<||_html:</span>_||><||_html:<span "
 "style='background-color: rgba(0.0, 165.0, 0, 0.15); border-radius: 3px;' "
 'title=\'1.0\'>_||>",<||_html:</span>_||><||_html:<span '
 "style='background-color: rgba(0.0, 165.0, 0, 0.15); border-radius: 3px;' "
 "title='1.0'>_||>\n"
 "<||_html:</span>_||><||_html:<span style='background-color: rgba(0.0, 165.0, "
 "0, 0.15); border-radius: 3px;' title='1.0'>_||>     "
 "<||_html:</span>_||><||_html:<span style='background-color: rgba(0.0, 165.0, "
 "0, 0.15); border-radius: 3px;' title='1.0'>_||> "
 '"<||_html:</span>_||><||_html:<span style=\'background-color: rgba(0.0, '
 "165.0, 0, 0.15); border-radius: 3px;' "
 "title='1.0'>_||>field<||_html:</span>_||><||_html:<span "
 "style='background-color: rgba(0.0, 165.0, 0, 0.15); border-radius: 3px;' "
 'title=\'1.0\'>_||>":<||_html:</span>_||><||_html:<span '
 "style='background-color: rgba(0.0, 165.0, 0, 0.15); border-radius: 3px;' "
 'title=\'1.0\'>_||> "<||_html:</span>_||><||_html:<span '
 "style='background-color: rgba(0.0, 165.0, 0, 0.15); border-radius: 3px;' "
 "title='1.0'>_||>get<||_html:</span>_||><||_html:<span "
 "style='background-color: rgba(0.0, 165.0, 0, 0.15); border-radius: 3px;' "
 "title='1.0'>_||>Product<||_html:</span>_||><||_html:<span "
 "style='background-color: rgba(0.0, 165.0, 0, 0.15); border-radius: 3px;' "
 'title=\'1.0\'>_||>",<||_html:</span>_||><||_html:<span '
 "style='background-color: rgba(0.0, 165.0, 0, 0.15); border-radius: 3px;' "
 "title='1.0'>_||>\n"
 "<||_html:</span>_||><||_html:<span style='background-color: rgba(0.0, 165.0, "
 "0, 0.15); border-radius: 3px;' title='1.0'>_||>     "
 "<||_html:</span>_||><||_html:<span style='background-color: rgba(0.0, 165.0, "
 "0, 0.15); border-radius: 3px;' title='1.0'>_||> "
 '"<||_html:</span>_||><||_html:<span style=\'background-color: rgba(0.0, '
 "165.0, 0, 0.15); border-radius: 3px;' "
 "title='1.0'>_||>change<||_html:</span>_||><||_html:<span "
 "style='background-color: rgba(0.0, 165.0, 0, 0.15); border-radius: 3px;' "
 'title=\'1.0\'>_||>":<||_html:</span>_||><||_html:<span '
 "style='background-color: rgba(0.0, 165.0, 0, 0.15); border-radius: 3px;' "
 'title=\'1.0\'>_||> "<||_html:</span>_||><||_html:<span '
 "style='background-color: rgba(0.0, 165.0, 0, 0.15); border-radius: 3px;' "
 "title='1.0'>_||>field<||_html:</span>_||><||_html:<span "
 "style='background-color: rgba(0.0, 165.0, 0, 0.15); border-radius: 3px;' "
 "title='1.0'>_||> details<||_html:</span>_||><||_html:<span "
 "style='background-color: rgba(0.0, 165.0, 0, 0.15); border-radius: 3px;' "
 "title='1.0'>_||> added<||_html:</span>_||><||_html:<span "
 "style='background-color: rgba(0.0, 165.0, 0, 0.15); border-radius: 3px;' "
 'title=\'1.0\'>_||>",<||_html:</span>_||><||_html:<span '
 "style='background-color: rgba(0.0, 165.0, 0, 0.15); border-radius: 3px;' "
 "title='1.0'>_||>\n"
 "<||_html:</span>_||><||_html:<span style='background-color: rgba(0.0, 165.0, "
 "0, 0.15); border-radius: 3px;' title='1.0'>_||>     "
 "<||_html:</span>_||><||_html:<span style='background-color: rgba(0.0, 165.0, "
 "0, 0.15); border-radius: 3px;' title='1.0'>_||> "
 '"<||_html:</span>_||><||_html:<span style=\'background-color: rgba(0.0, '
 "165.0, 0, 0.15); border-radius: 3px;' "
 "title='1.0'>_||>breaking<||_html:</span>_||><||_html:<span "
 "style='background-color: rgba(0.0, 165.0, 0, 0.15); border-radius: 3px;' "
 'title=\'1.0\'>_||>":<||_html:</span>_||><||_html:<span '
 "style='background-color: rgba(0.0, 165.0, 0, 0.15); border-radius: 3px;' "
 'title=\'1.0\'>_||> "<||_html:</span>_||><||_html:<span '
 "style='background-color: rgba(0.0, 165.0, 0, 0.15); border-radius: 3px;' "
 "title='1.0'>_||>false<||_html:</span>_||><||_html:<span "
 "style='background-color: rgba(0.0, 165.0, 0, 0.15); border-radius: 3px;' "
 'title=\'1.0\'>_||>",<||_html:</span>_||><||_html:<span '
 "style='background-color: rgba(0.0, 165.0, 0, 0.15); border-radius: 3px;' "
 "title='1.0'>_||>\n"
 "<||_html:</span>_||><||_html:<span style='background-color: rgba(0.0, 165.0, "
 "0, 0.15); border-radius: 3px;' title='1.0'>_||>     "
 "<||_html:</span>_||><||_html:<span style='background-color: rgba(0.0, 165.0, "
 "0, 0.15); border-radius: 3px;' title='1.0'>_||> "
 '"<||_html:</span>_||><||_html:<span style=\'background-color: rgba(0.0, '
 "165.0, 0, 0.15); border-radius: 3px;' "
 "title='1.0'>_||>release<||_html:</span>_||><||_html:<span "
 "style='background-color: rgba(0.0, 165.0, 0, 0.15); border-radius: 3px;' "
 "title='1.0'>_||>_<||_html:</span>_||><||_html:<span style='background-color: "
 "rgba(0.0, 165.0, 0, 0.15); border-radius: 3px;' "
 "title='1.0'>_||>note<||_html:</span>_||><||_html:<span "
 "style='background-color: rgba(0.0, 165.0, 0, 0.15); border-radius: 3px;' "
 'title=\'1.0\'>_||>":<||_html:</span>_||><||_html:<span '
 "style='background-color: rgba(0.0, 165.0, 0, 0.15); border-radius: 3px;' "
 'title=\'1.0\'>_||> "<||_html:</span>_||><||_html:<span '
 "style='background-color: rgba(0.0, 165.0, 0, 0.15); border-radius: 3px;' "
 "title='1.0'>_||>The<||_html:</span>_||><||_html:<span "
 "style='background-color: rgba(0.0, 165.0, 0, 0.15); border-radius: 3px;' "
 "title='1.0'>_||> '<||_html:</span>_||><||_html:<span "
 "style='background-color: rgba(0.0, 165.0, 0, 0.15); border-radius: 3px;' "
 "title='1.0'>_||>get<||_html:</span>_||><||_html:<span "
 "style='background-color: rgba(0.0, 165.0, 0, 0.15); border-radius: 3px;' "
 "title='1.0'>_||>Product<||_html:</span>_||><||_html:<span "
 "style='background-color: rgba(0.0, 165.0, 0, 0.15); border-radius: 3px;' "
 "title='1.0'>_||>'<||_html:</span>_||><||_html:<span style='background-color: "
 "rgba(0.0, 165.0, 0, 0.15); border-radius: 3px;' title='1.0'>_||> "
 "query<||_html:</span>_||><||_html:<span style='background-color: rgba(0.0, "
 "165.0, 0, 0.15); border-radius: 3px;' title='1.0'>_||> "
 "now<||_html:</span>_||><||_html:<span style='background-color: rgba(0.0, "
 "165.0, 0, 0.15); border-radius: 3px;' title='1.0'>_||> "
 "includes<||_html:</span>_||><||_html:<span style='background-color: "
 "rgba(0.0, 165.0, 0, 0.15); border-radius: 3px;' title='1.0'>_||> "
 "a<||_html:</span>_||><||_html:<span style='background-color: rgba(0.0, "
 "165.0, 0, 0.15); border-radius: 3px;' title='1.0'>_||> "
 "new<||_html:</span>_||><||_html:<span style='background-color: rgba(0.0, "
 "165.0, 0, 0.15); border-radius: 3px;' title='1.0'>_||> "
 "field<||_html:</span>_||><||_html:<span style='background-color: rgba(0.0, "
 "165.0, 0, 0.15); border-radius: 3px;' title='1.0'>_||> "
 "'<||_html:</span>_||><||_html:<span style='background-color: rgba(0.0, "
 "165.0, 0, 0.15); border-radius: 3px;' "
 "title='1.0'>_||>details<||_html:</span>_||><||_html:<span "
 "style='background-color: rgba(0.0, 165.0, 0, 0.15); border-radius: 3px;' "
 "title='1.0'>_||>'<||_html:</span>_||><||_html:<span style='background-color: "
 "rgba(0.0, 165.0, 0, 0.15); border-radius: 3px;' title='1.0'>_||> "
 "of<||_html:</span>_||><||_html:<span style='background-color: rgba(0.0, "
 "165.0, 0, 0.15); border-radius: 3px;' title='1.0'>_||> "
 "type<||_html:</span>_||><||_html:<span style='background-color: rgba(0.0, "
 "165.0, 0, 0.15); border-radius: 3px;' title='1.0'>_||> "
 "String<||_html:</span>_||><||_html:<span style='background-color: rgba(0.0, "
 "165.0, 0, 0.15); border-radius: 3px;' "
 'title=\'1.0\'>_||>."<||_html:</span>_||><||_html:<span '
 "style='background-color: rgba(0.0, 165.0, 0, 0.15); border-radius: 3px;' "
 "title='1.0'>_||>\n"
 "<||_html:</span>_||><||_html:<span style='background-color: rgba(0.0, 165.0, "
 "0, 0.15); border-radius: 3px;' title='1.0'>_||>   "
 "<||_html:</span>_||><||_html:<span style='background-color: rgba(0.0, 165.0, "
 "0, 0.15); border-radius: 3px;' title='1.0'>_||> "
 "},<||_html:</span>_||><||_html:<span style='background-color: rgba(0.0, "
 "165.0, 0, 0.15); border-radius: 3px;' title='1.0'>_||>\n"
 "<||_html:</span>_||><||_html:<span style='background-color: rgba(0.0, 165.0, "
 "0, 0.15); border-radius: 3px;' title='1.0'>_||>   "
 "<||_html:</span>_||><||_html:<span style='background-color: rgba(0.0, 165.0, "
 "0, 0.15); border-radius: 3px;' title='1.0'>_||> "
 "{<||_html:</span>_||><||_html:<span style='background-color: rgba(0.0, "
 "165.0, 0, 0.15); border-radius: 3px;' title='1.0'>_||>\n"
 "<||_html:</span>_||><||_html:<span style='background-color: rgba(0.0, 165.0, "
 "0, 0.15); border-radius: 3px;' title='1.0'>_||>     "
 "<||_html:</span>_||><||_html:<span style='background-color: rgba(0.0, 165.0, "
 "0, 0.15); border-radius: 3px;' title='1.0'>_||> "
 '"<||_html:</span>_||><||_html:<span style=\'background-color: rgba(0.0, '
 "165.0, 0, 0.15); border-radius: 3px;' "
 "title='1.0'>_||>type<||_html:</span>_||><||_html:<span "
 "style='background-color: rgba(0.0, 165.0, 0, 0.15); border-radius: 3px;' "
 'title=\'1.0\'>_||>":<||_html:</span>_||><||_html:<span '
 "style='background-color: rgba(0.0, 165.0, 0, 0.15); border-radius: 3px;' "
 'title=\'1.0\'>_||> "<||_html:</span>_||><||_html:<span '
 "style='background-color: rgba(0.0, 165.0, 0, 0.15); border-radius: 3px;' "
 "title='1.0'>_||>Product<||_html:</span>_||><||_html:<span "
 "style='background-color: rgba(0.0, 165.0, 0, 0.15); border-radius: 3px;' "
 'title=\'1.0\'>_||>",<||_html:</span>_||><||_html:<span '
 "style='background-color: rgba(0.0, 165.0, 0, 0.15); border-radius: 3px;' "
 "title='1.0'>_||>\n"
 "<||_html:</span>_||><||_html:<span style='background-color: rgba(0.0, 165.0, "
 "0, 0.15); border-radius: 3px;' title='1.0'>_||>     "
 "<||_html:</span>_||><||_html:<span style='background-color: rgba(0.0, 165.0, "
 "0, 0.15); border-radius: 3px;' title='1.0'>_||> "
 '"<||_html:</span>_||><||_html:<span style=\'background-color: rgba(0.0, '
 "165.0, 0, 0.15); border-radius: 3px;' "
 "title='1.0'>_||>field<||_html:</span>_||><||_html:<span "
 "style='background-color: rgba(0.0, 165.0, 0, 0.15); border-radius: 3px;' "
 'title=\'1.0\'>_||>":<||_html:</span>_||><||_html:<span '
 "style='background-color: rgba(0.0, 165.0, 0, 0.15); border-radius: 3px;' "
 'title=\'1.0\'>_||> "<||_html:</span>_||><||_html:<span '
 "style='background-color: rgba(0.0, 165.0, 0, 0.15); border-radius: 3px;' "
 "title='1.0'>_||>description<||_html:</span>_||><||_html:<span "
 "style='background-color: rgba(0.0, 165.0, 0, 0.15); border-radius: 3px;' "
 'title=\'1.0\'>_||>",<||_html:</span>_||><||_html:<span '
 "style='background-color: rgba(0.0, 165.0, 0, 0.15); border-radius: 3px;' "
 "title='1.0'>_||>\n"
 "<||_html:</span>_||><||_html:<span style='background-color: rgba(0.0, 165.0, "
 "0, 0.15); border-radius: 3px;' title='1.0'>_||>     "
 "<||_html:</span>_||><||_html:<span style='background-color: rgba(0.0, 165.0, "
 "0, 0.15); border-radius: 3px;' title='1.0'>_||> "
 '"<||_html:</span>_||><||_html:<span style=\'background-color: rgba(0.0, '
 "165.0, 0, 0.15); border-radius: 3px;' "
 "title='1.0'>_||>change<||_html:</span>_||><||_html:<span "
 "style='background-color: rgba(0.0, 165.0, 0, 0.15); border-radius: 3px;' "
 'title=\'1.0\'>_||>":<||_html:</span>_||><||_html:<span '
 "style='background-color: rgba(0.0, 165.0, 0, 0.15); border-radius: 3px;' "
 'title=\'1.0\'>_||> "<||_html:</span>_||><||_html:<span '
 "style='background-color: rgba(0.0, 165.0, 0, 0.15); border-radius: 3px;' "
 "title='1.0'>_||>field<||_html:</span>_||><||_html:<span "
 "style='background-color: rgba(0.0, 165.0, 0, 0.15); border-radius: 3px;' "
 "title='1.0'>_||> removed<||_html:</span>_||><||_html:<span "
 "style='background-color: rgba(0.0, 165.0, 0, 0.15); border-radius: 3px;' "
 'title=\'1.0\'>_||>",<||_html:</span>_||><||_html:<span '
 "style='background-color: rgba(0.0, 165.0, 0, 0.15); border-radius: 3px;' "
 "title='1.0'>_||>\n"
 "<||_html:</span>_||><||_html:<span style='background-color: rgba(0.0, 165.0, "
 "0, 0.15); border-radius: 3px;' title='1.0'>_||>     "
 "<||_html:</span>_||><||_html:<span style='background-color: rgba(0.0, 165.0, "
 "0, 0.15); border-radius: 3px;' title='1.0'>_||> "
 '"<||_html:</span>_||><||_html:<span style=\'background-color: rgba(0.0, '
 "165.0, 0, 0.15); border-radius: 3px;' "
 "title='1.0'>_||>breaking<||_html:</span>_||><||_html:<span "
 "style='background-color: rgba(0.0, 165.0, 0, 0.15); border-radius: 3px;' "
 'title=\'1.0\'>_||>":<||_html:</span>_||><||_html:<span '
 "style='background-color: rgba(0.0, 165.0, 0, 0.15); border-radius: 3px;' "
 'title=\'1.0\'>_||> "<||_html:</span>_||><||_html:<span '
 "style='background-color: rgba(0.0, 165.0, 0, 0.15); border-radius: 3px;' "
 "title='1.0'>_||>true<||_html:</span>_||><||_html:<span "
 "style='background-color: rgba(0.0, 165.0, 0, 0.15); border-radius: 3px;' "
 'title=\'1.0\'>_||>",<||_html:</span>_||><||_html:<span '
 "style='background-color: rgba(0.0, 165.0, 0, 0.15); border-radius: 3px;' "
 "title='1.0'>_||>\n"
 "<||_html:</span>_||><||_html:<span style='background-color: rgba(0.0, 165.0, "
 "0, 0.15); border-radius: 3px;' title='1.0'>_||>     "
 "<||_html:</span>_||><||_html:<span style='background-color: rgba(0.0, 165.0, "
 "0, 0.15); border-radius: 3px;' title='1.0'>_||> "
 '"<||_html:</span>_||><||_html:<span style=\'background-color: rgba(0.0, '
 "165.0, 0, 0.15); border-radius: 3px;' "
 "title='1.0'>_||>release<||_html:</span>_||><||_html:<span "
 "style='background-color: rgba(0.0, 165.0, 0, 0.15); border-radius: 3px;' "
 "title='1.0'>_||>_<||_html:</span>_||><||_html:<span style='background-color: "
 "rgba(0.0, 165.0, 0, 0.15); border-radius: 3px;' "
 "title='1.0'>_||>note<||_html:</span>_||><||_html:<span "
 "style='background-color: rgba(0.0, 165.0, 0, 0.15); border-radius: 3px;' "
 'title=\'1.0\'>_||>":<||_html:</span>_||><||_html:<span '
 "style='background-color: rgba(0.0, 165.0, 0, 0.15); border-radius: 3px;' "
 'title=\'1.0\'>_||> "<||_html:</span>_||><||_html:<span '
 "style='background-color: rgba(0.0, 165.0, 0, 0.15); border-radius: 3px;' "
 "title='1.0'>_||>The<||_html:</span>_||><||_html:<span "
 "style='background-color: rgba(0.0, 165.0, 0, 0.15); border-radius: 3px;' "
 "title='1.0'>_||> '<||_html:</span>_||><||_html:<span "
 "style='background-color: rgba(0.0, 165.0, 0, 0.15); border-radius: 3px;' "
 "title='1.0'>_||>Product<||_html:</span>_||><||_html:<span "
 "style='background-color: rgba(0.0, 165.0, 0, 0.15); border-radius: 3px;' "
 "title='1.0'>_||>'<||_html:</span>_||><||_html:<span style='background-color: "
 "rgba(0.0, 165.0, 0, 0.15); border-radius: 3px;' title='1.0'>_||> "
 "type<||_html:</span>_||><||_html:<span style='background-color: rgba(0.0, "
 "165.0, 0, 0.15); border-radius: 3px;' title='1.0'>_||> "
 "no<||_html:</span>_||><||_html:<span style='background-color: rgba(0.0, "
 "165.0, 0, 0.15); border-radius: 3px;' title='1.0'>_||> "
 "longer<||_html:</span>_||><||_html:<span style='background-color: rgba(0.0, "
 "165.0, 0, 0.15); border-radius: 3px;' title='1.0'>_||> "
 "includes<||_html:</span>_||><||_html:<span style='background-color: "
 "rgba(0.0, 165.0, 0, 0.15); border-radius: 3px;' title='1.0'>_||> "
 "the<||_html:</span>_||><||_html:<span style='background-color: rgba(0.0, "
 "165.0, 0, 0.15); border-radius: 3px;' title='1.0'>_||> "
 "'<||_html:</span>_||><||_html:<span style='background-color: rgba(0.0, "
 "165.0, 0, 0.15); border-radius: 3px;' "
 "title='1.0'>_||>description<||_html:</span>_||><||_html:<span "
 "style='background-color: rgba(0.0, 165.0, 0, 0.15); border-radius: 3px;' "
 "title='1.0'>_||>'<||_html:</span>_||><||_html:<span style='background-color: "
 "rgba(0.0, 165.0, 0, 0.15); border-radius: 3px;' title='1.0'>_||> "
 "field<||_html:</span>_||><||_html:<span style='background-color: rgba(0.0, "
 "165.0, 0, 0.15); border-radius: 3px;' "
 'title=\'1.0\'>_||>."<||_html:</span>_||><||_html:<span '
 "style='background-color: rgba(0.0, 165.0, 0, 0.15); border-radius: 3px;' "
 "title='1.0'>_||>\n"
 "<||_html:</span>_||><||_html:<span style='background-color: rgba(0.0, 165.0, "
 "0, 0.15); border-radius: 3px;' title='1.0'>_||>   "
 "<||_html:</span>_||><||_html:<span style='background-color: rgba(0.0, 165.0, "
 "0, 0.15); border-radius: 3px;' title='1.0'>_||> "
 "},<||_html:</span>_||><||_html:<span style='background-color: rgba(0.0, "
 "165.0, 0, 0.15); border-radius: 3px;' title='1.0'>_||>\n"
 "<||_html:</span>_||><||_html:<span style='background-color: rgba(0.0, 165.0, "
 "0, 0.15); border-radius: 3px;' title='1.0'>_||>   "
 "<||_html:</span>_||><||_html:<span style='background-color: rgba(0.0, 165.0, "
 "0, 0.15); border-radius: 3px;' title='1.0'>_||> "
 "{<||_html:</span>_||><||_html:<span style='background-color: rgba(0.0, "
 "165.0, 0, 0.15); border-radius: 3px;' title='1.0'>_||>\n"
 "<||_html:</span>_||><||_html:<span style='background-color: rgba(0.0, 165.0, "
 "0, 0.15); border-radius: 3px;' title='1.0'>_||>     "
 "<||_html:</span>_||><||_html:<span style='background-color: rgba(0.0, 165.0, "
 "0, 0.15); border-radius: 3px;' title='1.0'>_||> "
 '"<||_html:</span>_||><||_html:<span style=\'background-color: rgba(0.0, '
 "165.0, 0, 0.15); border-radius: 3px;' "
 "title='1.0'>_||>type<||_html:</span>_||><||_html:<span "
 "style='background-color: rgba(0.0, 165.0, 0, 0.15); border-radius: 3px;' "
 'title=\'1.0\'>_||>":<||_html:</span>_||><||_html:<span '
 "style='background-color: rgba(0.0, 165.0, 0, 0.15); border-radius: 3px;' "
 'title=\'1.0\'>_||> "<||_html:</span>_||><||_html:<span '
 "style='background-color: rgba(0.0, 165.0, 0, 0.15); border-radius: 3px;' "
 "title='1.0'>_||>Product<||_html:</span>_||><||_html:<span "
 "style='background-color: rgba(0.0, 165.0, 0, 0.15); border-radius: 3px;' "
 'title=\'1.0\'>_||>",<||_html:</span>_||><||_html:<span '
 "style='background-color: rgba(0.0, 165.0, 0, 0.15); border-radius: 3px;' "
 "title='1.0'>_||>\n"
 "<||_html:</span>_||><||_html:<span style='background-color: rgba(0.0, 165.0, "
 "0, 0.15); border-radius: 3px;' title='1.0'>_||>     "
 "<||_html:</span>_||><||_html:<span style='background-color: rgba(0.0, 165.0, "
 "0, 0.15); border-radius: 3px;' title='1.0'>_||> "
 '"<||_html:</span>_||><||_html:<span style=\'background-color: rgba(0.0, '
 "165.0, 0, 0.15); border-radius: 3px;' "
 "title='1.0'>_||>field<||_html:</span>_||><||_html:<span "
 "style='background-color: rgba(0.0, 165.0, 0, 0.15); border-radius: 3px;' "
 'title=\'1.0\'>_||>":<||_html:</span>_||><||_html:<span '
 "style='background-color: rgba(0.0, 165.0, 0, 0.15); border-radius: 3px;' "
 'title=\'1.0\'>_||> "<||_html:</span>_||><||_html:<span '
 "style='background-color: rgba(0.0, 165.0, 0, 0.15); border-radius: 3px;' "
 "title='1.0'>_||>stock<||_html:</span>_||><||_html:<span "
 "style='background-color: rgba(0.0, 165.0, 0, 0.15); border-radius: 3px;' "
 'title=\'1.0\'>_||>",<||_html:</span>_||><||_html:<span '
 "style='background-color: rgba(0.0, 165.0, 0, 0.15); border-radius: 3px;' "
 "title='1.0'>_||>\n"
 "<||_html:</span>_||><||_html:<span style='background-color: rgba(0.0, 165.0, "
 "0, 0.15); border-radius: 3px;' title='1.0'>_||>     "
 "<||_html:</span>_||><||_html:<span style='background-color: rgba(0.0, 165.0, "
 "0, 0.15); border-radius: 3px;' title='1.0'>_||> "
 '"<||_html:</span>_||><||_html:<span style=\'background-color: rgba(0.0, '
 "165.0, 0, 0.15); border-radius: 3px;' "
 "title='1.0'>_||>change<||_html:</span>_||><||_html:<span "
 "style='background-color: rgba(0.0, 165.0, 0, 0.15); border-radius: 3px;' "
 'title=\'1.0\'>_||>":<||_html:</span>_||><||_html:<span '
 "style='background-color: rgba(0.0, 165.0, 0, 0.15); border-radius: 3px;' "
 'title=\'1.0\'>_||> "<||_html:</span>_||><||_html:<span '
 "style='background-color: rgba(0.0, 165.0, 0, 0.15); border-radius: 3px;' "
 "title='1.0'>_||>field<||_html:</span>_||><||_html:<span "
 "style='background-color: rgba(0.0, 165.0, 0, 0.15); border-radius: 3px;' "
 "title='1.0'>_||> removed<||_html:</span>_||><||_html:<span "
 "style='background-color: rgba(0.0, 165.0, 0, 0.15); border-radius: 3px;' "
 'title=\'1.0\'>_||>",<||_html:</span>_||><||_html:<span '
 "style='background-color: rgba(0.0, 165.0, 0, 0.15); border-radius: 3px;' "
 "title='1.0'>_||>\n"
 "<||_html:</span>_||><||_html:<span style='background-color: rgba(0.0, 165.0, "
 "0, 0.15); border-radius: 3px;' title='1.0'>_||>     "
 "<||_html:</span>_||><||_html:<span style='background-color: rgba(0.0, 165.0, "
 "0, 0.15); border-radius: 3px;' title='1.0'>_||> "
 '"<||_html:</span>_||><||_html:<span style=\'background-color: rgba(0.0, '
 "165.0, 0, 0.15); border-radius: 3px;' "
 "title='1.0'>_||>breaking<||_html:</span>_||><||_html:<span "
 "style='background-color: rgba(0.0, 165.0, 0, 0.15); border-radius: 3px;' "
 'title=\'1.0\'>_||>":<||_html:</span>_||><||_html:<span '
 "style='background-color: rgba(0.0, 165.0, 0, 0.15); border-radius: 3px;' "
 'title=\'1.0\'>_||> "<||_html:</span>_||><||_html:<span '
 "style='background-color: rgba(0.0, 165.0, 0, 0.15); border-radius: 3px;' "
 "title='1.0'>_||>true<||_html:</span>_||><||_html:<span "
 "style='background-color: rgba(0.0, 165.0, 0, 0.15); border-radius: 3px;' "
 'title=\'1.0\'>_||>",<||_html:</span>_||><||_html:<span '
 "style='background-color: rgba(0.0, 165.0, 0, 0.15); border-radius: 3px;' "
 "title='1.0'>_||>\n"
 "<||_html:</span>_||><||_html:<span style='background-color: rgba(0.0, 165.0, "
 "0, 0.15); border-radius: 3px;' title='1.0'>_||>     "
 "<||_html:</span>_||><||_html:<span style='background-color: rgba(0.0, 165.0, "
 "0, 0.15); border-radius: 3px;' title='1.0'>_||> "
 '"<||_html:</span>_||><||_html:<span style=\'background-color: rgba(0.0, '
 "165.0, 0, 0.15); border-radius: 3px;' "
 "title='1.0'>_||>release<||_html:</span>_||><||_html:<span "
 "style='background-color: rgba(0.0, 165.0, 0, 0.15); border-radius: 3px;' "
 "title='1.0'>_||>_<||_html:</span>_||><||_html:<span style='background-color: "
 "rgba(0.0, 165.0, 0, 0.15); border-radius: 3px;' "
 "title='1.0'>_||>note<||_html:</span>_||><||_html:<span "
 "style='background-color: rgba(0.0, 165.0, 0, 0.15); border-radius: 3px;' "
 'title=\'1.0\'>_||>":<||_html:</span>_||><||_html:<span '
 "style='background-color: rgba(0.0, 165.0, 0, 0.15); border-radius: 3px;' "
 'title=\'1.0\'>_||> "<||_html:</span>_||><||_html:<span '
 "style='background-color: rgba(0.0, 165.0, 0, 0.15); border-radius: 3px;' "
 "title='1.0'>_||>The<||_html:</span>_||><||_html:<span "
 "style='background-color: rgba(0.0, 165.0, 0, 0.15); border-radius: 3px;' "
 "title='1.0'>_||> '<||_html:</span>_||><||_html:<span "
 "style='background-color: rgba(0.0, 165.0, 0, 0.15); border-radius: 3px;' "
 "title='1.0'>_||>Product<||_html:</span>_||><||_html:<span "
 "style='background-color: rgba(0.0, 165.0, 0, 0.15); border-radius: 3px;' "
 "title='1.0'>_||>'<||_html:</span>_||><||_html:<span style='background-color: "
 "rgba(0.0, 165.0, 0, 0.15); border-radius: 3px;' title='1.0'>_||> "
 "type<||_html:</span>_||><||_html:<span style='background-color: rgba(0.0, "
 "165.0, 0, 0.15); border-radius: 3px;' title='1.0'>_||> "
 "no<||_html:</span>_||><||_html:<span style='background-color: rgba(0.0, "
 "165.0, 0, 0.15); border-radius: 3px;' title='1.0'>_||> "
 "longer<||_html:</span>_||><||_html:<span style='background-color: rgba(0.0, "
 "165.0, 0, 0.15); border-radius: 3px;' title='1.0'>_||> "
 "includes<||_html:</span>_||><||_html:<span style='background-color: "
 "rgba(0.0, 165.0, 0, 0.15); border-radius: 3px;' title='1.0'>_||> "
 "the<||_html:</span>_||><||_html:<span style='background-color: rgba(0.0, "
 "165.0, 0, 0.15); border-radius: 3px;' title='1.0'>_||> "
 "'<||_html:</span>_||><||_html:<span style='background-color: rgba(0.0, "
 "165.0, 0, 0.15); border-radius: 3px;' "
 "title='1.0'>_||>stock<||_html:</span>_||><||_html:<span "
 "style='background-color: rgba(0.0, 165.0, 0, 0.15); border-radius: 3px;' "
 "title='1.0'>_||>'<||_html:</span>_||><||_html:<span style='background-color: "
 "rgba(0.0, 165.0, 0, 0.15); border-radius: 3px;' title='1.0'>_||> "
 "field<||_html:</span>_||><||_html:<span style='background-color: rgba(0.0, "
 "165.0, 0, 0.15); border-radius: 3px;' "
 'title=\'1.0\'>_||>."<||_html:</span>_||><||_html:<span '
 "style='background-color: rgba(0.0, 165.0, 0, 0.15); border-radius: 3px;' "
 "title='1.0'>_||>\n"
 "<||_html:</span>_||><||_html:<span style='background-color: rgba(0.0, 165.0, "
 "0, 0.15); border-radius: 3px;' title='1.0'>_||>   "
 "<||_html:</span>_||><||_html:<span style='background-color: rgba(0.0, 165.0, "
 "0, 0.15); border-radius: 3px;' title='1.0'>_||> "
 "}<||_html:</span>_||><||_html:<span style='background-color: rgba(0.0, "
 "165.0, 0, 0.15); border-radius: 3px;' title='1.0'>_||>\n"
 "<||_html:</span>_||><||_html:<span style='background-color: rgba(0.0, 165.0, "
 "0, 0.15); border-radius: 3px;' title='1.0'>_||> "
 "<||_html:</span>_||><||_html:<span style='background-color: rgba(0.0, 165.0, "
 "0, 0.15); border-radius: 3px;' title='1.0'>_||> "
 "],<||_html:</span>_||><||_html:<span style='background-color: rgba(0.0, "
 "165.0, 0, 0.15); border-radius: 3px;' title='1.0'>_||>\n"
 "<||_html:</span>_||><||_html:<span style='background-color: rgba(0.0, 165.0, "
 "0, 0.15); border-radius: 3px;' title='1.0'>_||> "
 "<||_html:</span>_||><||_html:<span style='background-color: rgba(0.0, 165.0, "
 "0, 0.15); border-radius: 3px;' title='1.0'>_||> "
 '"<||_html:</span>_||><||_html:<span style=\'background-color: rgba(0.0, '
 "165.0, 0, 0.15); border-radius: 3px;' "
 "title='1.0'>_||>release<||_html:</span>_||><||_html:<span "
 "style='background-color: rgba(0.0, 165.0, 0, 0.15); border-radius: 3px;' "
 "title='1.0'>_||>_<||_html:</span>_||><||_html:<span style='background-color: "
 "rgba(0.0, 165.0, 0, 0.15); border-radius: 3px;' "
 "title='1.0'>_||>notes<||_html:</span>_||><||_html:<span "
 "style='background-color: rgba(0.0, 165.0, 0, 0.15); border-radius: 3px;' "
 'title=\'1.0\'>_||>":<||_html:</span>_||><||_html:<span '
 "style='background-color: rgba(0.0, 165.0, 0, 0.15); border-radius: 3px;' "
 "title='1.0'>_||> {<||_html:</span>_||><||_html:<span "
 "style='background-color: rgba(0.0, 165.0, 0, 0.15); border-radius: 3px;' "
 "title='1.0'>_||>\n"
 "<||_html:</span>_||><||_html:<span style='background-color: rgba(0.0, 165.0, "
 "0, 0.15); border-radius: 3px;' title='1.0'>_||>   "
 "<||_html:</span>_||><||_html:<span style='background-color: rgba(0.0, 165.0, "
 "0, 0.15); border-radius: 3px;' title='1.0'>_||> "
 '"<||_html:</span>_||><||_html:<span style=\'background-color: rgba(0.0, '
 "165.0, 0, 0.15); border-radius: 3px;' "
 "title='1.0'>_||>summary<||_html:</span>_||><||_html:<span "
 "style='background-color: rgba(0.0, 165.0, 0, 0.15); border-radius: 3px;' "
 'title=\'1.0\'>_||>":<||_html:</span>_||><||_html:<span '
 "style='background-color: rgba(0.0, 165.0, 0, 0.15); border-radius: 3px;' "
 'title=\'1.0\'>_||> "<||_html:</span>_||><||_html:<span '
 "style='background-color: rgba(0.0, 165.0, 0, 0.15); border-radius: 3px;' "
 "title='1.0'>_||>The<||_html:</span>_||><||_html:<span "
 "style='background-color: rgba(0.0, 165.0, 0, 0.15); border-radius: 3px;' "
 "title='1.0'>_||> '<||_html:</span>_||><||_html:<span "
 "style='background-color: rgba(0.0, 165.0, 0, 0.15); border-radius: 3px;' "
 "title='1.0'>_||>get<||_html:</span>_||><||_html:<span "
 "style='background-color: rgba(0.0, 165.0, 0, 0.15); border-radius: 3px;' "
 "title='1.0'>_||>Product<||_html:</span>_||><||_html:<span "
 "style='background-color: rgba(0.0, 165.0, 0, 0.15); border-radius: 3px;' "
 "title='1.0'>_||>'<||_html:</span>_||><||_html:<span style='background-color: "
 "rgba(0.0, 165.0, 0, 0.15); border-radius: 3px;' title='1.0'>_||> "
 "query<||_html:</span>_||><||_html:<span style='background-color: rgba(0.0, "
 "165.0, 0, 0.15); border-radius: 3px;' title='1.0'>_||> "
 "now<||_html:</span>_||><||_html:<span style='background-color: rgba(0.0, "
 "165.0, 0, 0.15); border-radius: 3px;' title='1.0'>_||> "
 "includes<||_html:</span>_||><||_html:<span style='background-color: "
 "rgba(0.0, 165.0, 0, 0.15); border-radius: 3px;' title='1.0'>_||> "
 "a<||_html:</span>_||><||_html:<span style='background-color: rgba(0.0, "
 "165.0, 0, 0.15); border-radius: 3px;' title='1.0'>_||> "
 "new<||_html:</span>_||><||_html:<span style='background-color: rgba(0.0, "
 "165.0, 0, 0.15); border-radius: 3px;' title='1.0'>_||> "
 "field<||_html:</span>_||><||_html:<span style='background-color: rgba(0.0, "
 "165.0, 0, 0.15); border-radius: 3px;' title='1.0'>_||> "
 "'<||_html:</span>_||><||_html:<span style='background-color: rgba(0.0, "
 "165.0, 0, 0.15); border-radius: 3px;' "
 "title='1.0'>_||>details<||_html:</span>_||><||_html:<span "
 "style='background-color: rgba(0.0, 165.0, 0, 0.15); border-radius: 3px;' "
 "title='1.0'>_||>'<||_html:</span>_||><||_html:<span style='background-color: "
 "rgba(0.0, 165.0, 0, 0.15); border-radius: 3px;' title='1.0'>_||> "
 "of<||_html:</span>_||><||_html:<span style='background-color: rgba(0.0, "
 "165.0, 0, 0.15); border-radius: 3px;' title='1.0'>_||> "
 "type<||_html:</span>_||><||_html:<span style='background-color: rgba(0.0, "
 "165.0, 0, 0.15); border-radius: 3px;' title='1.0'>_||> "
 "String<||_html:</span>_||><||_html:<span style='background-color: rgba(0.0, "
 "165.0, 0, 0.15); border-radius: 3px;' "
 "title='1.0'>_||>.<||_html:</span>_||><||_html:<span style='background-color: "
 "rgba(0.0, 165.0, 0, 0.15); border-radius: 3px;' title='1.0'>_||> "
 "The<||_html:</span>_||><||_html:<span style='background-color: rgba(0.0, "
 "165.0, 0, 0.15); border-radius: 3px;' title='1.0'>_||> "
 "'<||_html:</span>_||><||_html:<span style='background-color: rgba(0.0, "
 "165.0, 0, 0.15); border-radius: 3px;' "
 "title='1.0'>_||>Product<||_html:</span>_||><||_html:<span "
 "style='background-color: rgba(0.0, 165.0, 0, 0.15); border-radius: 3px;' "
 "title='1.0'>_||>'<||_html:</span>_||><||_html:<span style='background-color: "
 "rgba(0.0, 165.0, 0, 0.15); border-radius: 3px;' title='1.0'>_||> "
 "type<||_html:</span>_||><||_html:<span style='background-color: rgba(0.0, "
 "165.0, 0, 0.15); border-radius: 3px;' title='1.0'>_||> "
 "no<||_html:</span>_||><||_html:<span style='background-color: rgba(0.0, "
 "165.0, 0, 0.15); border-radius: 3px;' title='1.0'>_||> "
 "longer<||_html:</span>_||><||_html:<span style='background-color: rgba(0.0, "
 "165.0, 0, 0.15); border-radius: 3px;' title='1.0'>_||> "
 "includes<||_html:</span>_||><||_html:<span style='background-color: "
 "rgba(0.0, 165.0, 0, 0.15); border-radius: 3px;' title='1.0'>_||> "
 "the<||_html:</span>_||><||_html:<span style='background-color: rgba(0.0, "
 "165.0, 0, 0.15); border-radius: 3px;' title='1.0'>_||> "
 "'<||_html:</span>_||><||_html:<span style='background-color: rgba(0.0, "
 "165.0, 0, 0.15); border-radius: 3px;' "
 "title='1.0'>_||>description<||_html:</span>_||><||_html:<span "
 "style='background-color: rgba(0.0, 165.0, 0, 0.15); border-radius: 3px;' "
 "title='1.0'>_||>'<||_html:</span>_||><||_html:<span style='background-color: "
 "rgba(0.0, 165.0, 0, 0.15); border-radius: 3px;' title='1.0'>_||> "
 "and<||_html:</span>_||><||_html:<span style='background-color: rgba(0.0, "
 "165.0, 0, 0.15); border-radius: 3px;' title='1.0'>_||> "
 "'<||_html:</span>_||><||_html:<span style='background-color: rgba(0.0, "
 "165.0, 0, 0.15); border-radius: 3px;' "
 "title='1.0'>_||>stock<||_html:</span>_||><||_html:<span "
 "style='background-color: rgba(0.0, 165.0, 0, 0.15); border-radius: 3px;' "
 "title='1.0'>_||>'<||_html:</span>_||><||_html:<span style='background-color: "
 "rgba(0.0, 165.0, 0, 0.15); border-radius: 3px;' title='1.0'>_||> "
 "fields<||_html:</span>_||><||_html:<span style='background-color: rgba(0.0, "
 "165.0, 0, 0.15); border-radius: 3px;' "
 'title=\'1.0\'>_||>."<||_html:</span>_||><||_html:<span '
 "style='background-color: rgba(0.0, 165.0, 0, 0.15); border-radius: 3px;' "
 "title='1.0'>_||>\n"
 "<||_html:</span>_||><||_html:<span style='background-color: rgba(0.0, 165.0, "
 "0, 0.15); border-radius: 3px;' title='1.0'>_||> "
 "<||_html:</span>_||><||_html:<span style='background-color: rgba(0.0, 165.0, "
 "0, 0.15); border-radius: 3px;' title='1.0'>_||> "
 "}<||_html:</span>_||><||_html:<span style='background-color: rgba(0.0, "
 "165.0, 0, 0.15); border-radius: 3px;' title='1.0'>_||>\n"
 "<||_html:</span>_||><||_html:<span style='background-color: rgba(0.0, 165.0, "
 "0, 0.15); border-radius: 3px;' "
 'title=\'1.0\'>_||>}<||_html:</span>_||>{"changes":<||_html:<span '
 "style='background-color: rgba(0.0, 165.0, 0, 0.15); border-radius: 3px;' "
 "title='1.0'>_||>[<||_html:</span>_||><||_html:<span style='background-color: "
 "rgba(0.0, 165.0, 0, 0.15); border-radius: 3px;' "
 'title=\'1.0\'>_||>{"<||_html:</span>_||>type<||_html:<span '
 "style='background-color: rgba(0.0, 165.0, 0, 0.15); border-radius: 3px;' "
 'title=\'1.0\'>_||>":"<||_html:</span>_||><||_html:<span '
 "style='background-color: rgba(0.0, 165.0, 0, 0.15); border-radius: 3px;' "
 "title='1.0'>_||>Query<||_html:</span>_||><||_html:<span "
 "style='background-color: rgba(0.0, 165.0, 0, 0.15); border-radius: 3px;' "
 'title=\'1.0\'>_||>","<||_html:</span>_||>field<||_html:<span '
 "style='background-color: rgba(0.0, 165.0, 0, 0.15); border-radius: 3px;' "
 'title=\'1.0\'>_||>":"<||_html:</span>_||><||_html:<span '
 "style='background-color: rgba(0.0, 165.0, 0, 0.15); border-radius: 3px;' "
 "title='1.0'>_||>get<||_html:</span>_||><||_html:<span "
 "style='background-color: rgba(0.0, 165.0, 0, 0.15); border-radius: 3px;' "
 "title='1.0'>_||>Product<||_html:</span>_||><||_html:<span "
 "style='background-color: rgba(0.0, 165.0, 0, 0.15); border-radius: 3px;' "
 'title=\'1.0\'>_||>","<||_html:</span>_||>change<||_html:<span '
 "style='background-color: rgba(0.0, 165.0, 0, 0.15); border-radius: 3px;' "
 'title=\'1.0\'>_||>":"<||_html:</span>_||><||_html:<span '
 "style='background-color: rgba(0.0, 165.0, 0, 0.15); border-radius: 3px;' "
 "title='1.0'>_||>field<||_html:</span>_||><||_html:<span "
 "style='background-color: rgba(0.0, 165.0, 0, 0.15); border-radius: 3px;' "
 "title='1.0'>_||> details<||_html:</span>_||><||_html:<span "
 "style='background-color: rgba(0.0, 165.0, 0, 0.15); border-radius: 3px;' "
 "title='1.0'>_||> added<||_html:</span>_||><||_html:<span "
 "style='background-color: rgba(0.0, 165.0, 0, 0.15); border-radius: 3px;' "
 'title=\'1.0\'>_||>","<||_html:</span>_||>breaking<||_html:<span '
 "style='background-color: rgba(0.0, 165.0, 0, 0.15); border-radius: 3px;' "
 'title=\'1.0\'>_||>":<||_html:</span>_||><||_html:<span '
 "style='background-color: rgba(0.0, 165.0, 0, 0.15); border-radius: 3px;' "
 'title=\'1.0\'>_||>false<||_html:</span>_||>,"release_note<||_html:<span '
 "style='background-color: rgba(0.0, 165.0, 0, 0.15); border-radius: 3px;' "
 'title=\'1.0\'>_||>":"<||_html:</span>_||><||_html:<span '
 "style='background-color: rgba(0.0, 165.0, 0, 0.15); border-radius: 3px;' "
 "title='1.0'>_||>The<||_html:</span>_||><||_html:<span "
 "style='background-color: rgba(0.0, 165.0, 0, 0.15); border-radius: 3px;' "
 "title='1.0'>_||> '<||_html:</span>_||><||_html:<span "
 "style='background-color: rgba(0.0, 165.0, 0, 0.15); border-radius: 3px;' "
 "title='1.0'>_||>get<||_html:</span>_||><||_html:<span "
 "style='background-color: rgba(0.0, 165.0, 0, 0.15); border-radius: 3px;' "
 "title='1.0'>_||>Product<||_html:</span>_||><||_html:<span "
 "style='background-color: rgba(0.0, 165.0, 0, 0.15); border-radius: 3px;' "
 "title='1.0'>_||>'<||_html:</span>_||><||_html:<span style='background-color: "
 "rgba(0.0, 165.0, 0, 0.15); border-radius: 3px;' title='1.0'>_||> "
 "query<||_html:</span>_||><||_html:<span style='background-color: rgba(0.0, "
 "165.0, 0, 0.15); border-radius: 3px;' title='1.0'>_||> "
 "now<||_html:</span>_||><||_html:<span style='background-color: rgba(0.0, "
 "165.0, 0, 0.15); border-radius: 3px;' title='1.0'>_||> "
 "includes<||_html:</span>_||><||_html:<span style='background-color: "
 "rgba(0.0, 165.0, 0, 0.15); border-radius: 3px;' title='1.0'>_||> "
 "a<||_html:</span>_||><||_html:<span style='background-color: rgba(0.0, "
 "165.0, 0, 0.15); border-radius: 3px;' title='1.0'>_||> "
 "new<||_html:</span>_||><||_html:<span style='background-color: rgba(0.0, "
 "165.0, 0, 0.15); border-radius: 3px;' title='1.0'>_||> "
 "field<||_html:</span>_||><||_html:<span style='background-color: rgba(0.0, "
 "165.0, 0, 0.15); border-radius: 3px;' title='1.0'>_||> "
 "'<||_html:</span>_||><||_html:<span style='background-color: rgba(0.0, "
 "165.0, 0, 0.15); border-radius: 3px;' "
 "title='1.0'>_||>details<||_html:</span>_||><||_html:<span "
 "style='background-color: rgba(0.0, 165.0, 0, 0.15); border-radius: 3px;' "
 "title='1.0'>_||>'<||_html:</span>_||><||_html:<span style='background-color: "
 "rgba(0.0, 165.0, 0, 0.15); border-radius: 3px;' title='1.0'>_||> "
 "of<||_html:</span>_||><||_html:<span style='background-color: rgba(0.0, "
 "165.0, 0, 0.15); border-radius: 3px;' title='1.0'>_||> "
 "type<||_html:</span>_||><||_html:<span style='background-color: rgba(0.0, "
 "165.0, 0, 0.15); border-radius: 3px;' title='1.0'>_||> "
 "String<||_html:</span>_||><||_html:<span style='background-color: rgba(0.0, "
 "165.0, 0, 0.15); border-radius: 3px;' "
 'title=\'1.0\'>_||>."<||_html:</span>_||><||_html:<span '
 "style='background-color: rgba(0.0, 165.0, 0, 0.15); border-radius: 3px;' "
 'title=\'1.0\'>_||>},<||_html:</span>_||>{"type<||_html:<span '
 "style='background-color: rgba(0.0, 165.0, 0, 0.15); border-radius: 3px;' "
 'title=\'1.0\'>_||>":"<||_html:</span>_||><||_html:<span '
 "style='background-color: rgba(0.0, 165.0, 0, 0.15); border-radius: 3px;' "
 "title='1.0'>_||>Product<||_html:</span>_||><||_html:<span "
 "style='background-color: rgba(0.0, 165.0, 0, 0.15); border-radius: 3px;' "
 'title=\'1.0\'>_||>","<||_html:</span>_||>field<||_html:<span '
 "style='background-color: rgba(0.0, 165.0, 0, 0.15); border-radius: 3px;' "
 'title=\'1.0\'>_||>":"<||_html:</span>_||><||_html:<span '
 "style='background-color: rgba(0.0, 165.0, 0, 0.15); border-radius: 3px;' "
 "title='1.0'>_||>description<||_html:</span>_||><||_html:<span "
 "style='background-color: rgba(0.0, 165.0, 0, 0.15); border-radius: 3px;' "
 'title=\'1.0\'>_||>","<||_html:</span>_||>change<||_html:<span '
 "style='background-color: rgba(0.0, 165.0, 0, 0.15); border-radius: 3px;' "
 'title=\'1.0\'>_||>":"<||_html:</span>_||><||_html:<span '
 "style='background-color: rgba(0.0, 165.0, 0, 0.15); border-radius: 3px;' "
 "title='1.0'>_||>field<||_html:</span>_||><||_html:<span "
 "style='background-color: rgba(0.0, 165.0, 0, 0.15); border-radius: 3px;' "
 "title='1.0'>_||> removed<||_html:</span>_||><||_html:<span "
 "style='background-color: rgba(0.0, 165.0, 0, 0.15); border-radius: 3px;' "
 'title=\'1.0\'>_||>","<||_html:</span>_||>breaking<||_html:<span '
 "style='background-color: rgba(0.0, 165.0, 0, 0.15); border-radius: 3px;' "
 'title=\'1.0\'>_||>":<||_html:</span>_||><||_html:<span '
 "style='background-color: rgba(0.0, 165.0, 0, 0.15); border-radius: 3px;' "
 'title=\'1.0\'>_||>true<||_html:</span>_||>,"release_note<||_html:<span '
 "style='background-color: rgba(0.0, 165.0, 0, 0.15); border-radius: 3px;' "
 'title=\'1.0\'>_||>":"<||_html:</span>_||><||_html:<span '
 "style='background-color: rgba(0.0, 165.0, 0, 0.15); border-radius: 3px;' "
 "title='1.0'>_||>The<||_html:</span>_||><||_html:<span "
 "style='background-color: rgba(0.0, 165.0, 0, 0.15); border-radius: 3px;' "
 "title='1.0'>_||> '<||_html:</span>_||><||_html:<span "
 "style='background-color: rgba(0.0, 165.0, 0, 0.15); border-radius: 3px;' "
 "title='1.0'>_||>Product<||_html:</span>_||><||_html:<span "
 "style='background-color: rgba(0.0, 165.0, 0, 0.15); border-radius: 3px;' "
 "title='1.0'>_||>'<||_html:</span>_||><||_html:<span style='background-color: "
 "rgba(0.0, 165.0, 0, 0.15); border-radius: 3px;' title='1.0'>_||> "
 "type<||_html:</span>_||><||_html:<span style='background-color: rgba(0.0, "
 "165.0, 0, 0.15); border-radius: 3px;' title='1.0'>_||> "
 "no<||_html:</span>_||><||_html:<span style='background-color: rgba(0.0, "
 "165.0, 0, 0.15); border-radius: 3px;' title='1.0'>_||> "
 "longer<||_html:</span>_||><||_html:<span style='background-color: rgba(0.0, "
 "165.0, 0, 0.15); border-radius: 3px;' title='1.0'>_||> "
 "includes<||_html:</span>_||><||_html:<span style='background-color: "
 "rgba(0.0, 165.0, 0, 0.15); border-radius: 3px;' title='1.0'>_||>")
('Analyze the following two GraphQL schemas for changes, including both '
 'breaking and non-breaking changes.\n'
 '\n'
 '                        Provide your analysis in the following JSON format:\n'
 '                        {\n'
 '                          "changes": [\n'
 '                            {\n'
 '                              "type": "String representing the GraphQL type '
 '(e.g., Query, Mutation, Subscription)",\n'
 '                              "field": "String representing the specific '
 'field that changed",\n'
 '                              "change": "String describing the change (e.g., '
 'field renamed, new field added, field removed)",\n'
 '                              "breaking": "Boolean indicating if the change '
 'is breaking (true) or non-breaking (false)",\n'
 '                              "release_note": "String with a natural '
 'language description of the change for release notes"\n'
 '                            }\n'
 '                          ],\n'
 '                          "release_notes": {\n'
 '                              "summary": "String summarizing all changes, '
 'suitable for a mailing list or public announcement"\n'
 '                          }\n'
 '                        }\n'
 '\n'
 '                        When analyzing, consider the following types of '
 'changes:\n'
 '                        1. Removing fields or types (breaking)\n'
 '                        2. Changing field types (potentially breaking)\n'
 '                        3. Adding required fields (breaking)\n'
 '                        4. Changing the type of existing arguments '
 '(breaking)\n'
 '                        5. Adding optional fields (non-breaking)\n'
 '                        6. Adding new types (non-breaking)\n'
 '                        7. Deprecating fields (non-breaking)\n'
 '\n'
 '                        Ensure that each change is categorized correctly as '
 'breaking or non-breaking.: type Query {\n'
 '  getProduct(id: ID!): Product\n'
 '}\n'
 '\n'
 'type Product {\n'
 '  id: ID\n'
 '  name: String\n'
 '  description: String\n'
 '  price: Float\n'
 '  stock: Int\n'
 '}\n'
 ', type Query {\n'
 '  getProduct(id: ID!): Product\n'
 '}\n'
 '\n'
 'type Product {\n'
 '  id: ID\n'
 '  name: String\n'
 '  details: String\n'
 '  price: Float\n'
 '}\n'
 '\n'
 "Answer:<||_html:<span style='background-color: rgba(0.0, 165.0, 0, 0.15); "
 "border-radius: 3px;' title='1.0'>_||> {<||_html:</span>_||><||_html:<span "
 "style='background-color: rgba(0.0, 165.0, 0, 0.15); border-radius: 3px;' "
 "title='1.0'>_||>\n"
 "<||_html:</span>_||><||_html:<span style='background-color: rgba(0.0, 165.0, "
 "0, 0.15); border-radius: 3px;' title='1.0'>_||> "
 "<||_html:</span>_||><||_html:<span style='background-color: rgba(0.0, 165.0, "
 "0, 0.15); border-radius: 3px;' title='1.0'>_||> "
 '"<||_html:</span>_||><||_html:<span style=\'background-color: rgba(0.0, '
 "165.0, 0, 0.15); border-radius: 3px;' "
 "title='1.0'>_||>changes<||_html:</span>_||><||_html:<span "
 "style='background-color: rgba(0.0, 165.0, 0, 0.15); border-radius: 3px;' "
 'title=\'1.0\'>_||>":<||_html:</span>_||><||_html:<span '
 "style='background-color: rgba(0.0, 165.0, 0, 0.15); border-radius: 3px;' "
 "title='1.0'>_||> [<||_html:</span>_||><||_html:<span "
 "style='background-color: rgba(0.0, 165.0, 0, 0.15); border-radius: 3px;' "
 "title='1.0'>_||>\n"
 "<||_html:</span>_||><||_html:<span style='background-color: rgba(0.0, 165.0, "
 "0, 0.15); border-radius: 3px;' title='1.0'>_||>   "
 "<||_html:</span>_||><||_html:<span style='background-color: rgba(0.0, 165.0, "
 "0, 0.15); border-radius: 3px;' title='1.0'>_||> "
 "{<||_html:</span>_||><||_html:<span style='background-color: rgba(0.0, "
 "165.0, 0, 0.15); border-radius: 3px;' title='1.0'>_||>\n"
 "<||_html:</span>_||><||_html:<span style='background-color: rgba(0.0, 165.0, "
 "0, 0.15); border-radius: 3px;' title='1.0'>_||>     "
 "<||_html:</span>_||><||_html:<span style='background-color: rgba(0.0, 165.0, "
 "0, 0.15); border-radius: 3px;' title='1.0'>_||> "
 '"<||_html:</span>_||><||_html:<span style=\'background-color: rgba(0.0, '
 "165.0, 0, 0.15); border-radius: 3px;' "
 "title='1.0'>_||>type<||_html:</span>_||><||_html:<span "
 "style='background-color: rgba(0.0, 165.0, 0, 0.15); border-radius: 3px;' "
 'title=\'1.0\'>_||>":<||_html:</span>_||><||_html:<span '
 "style='background-color: rgba(0.0, 165.0, 0, 0.15); border-radius: 3px;' "
 'title=\'1.0\'>_||> "<||_html:</span>_||><||_html:<span '
 "style='background-color: rgba(0.0, 165.0, 0, 0.15); border-radius: 3px;' "
 "title='1.0'>_||>Query<||_html:</span>_||><||_html:<span "
 "style='background-color: rgba(0.0, 165.0, 0, 0.15); border-radius: 3px;' "
 'title=\'1.0\'>_||>",<||_html:</span>_||><||_html:<span '
 "style='background-color: rgba(0.0, 165.0, 0, 0.15); border-radius: 3px;' "
 "title='1.0'>_||>\n"
 "<||_html:</span>_||><||_html:<span style='background-color: rgba(0.0, 165.0, "
 "0, 0.15); border-radius: 3px;' title='1.0'>_||>     "
 "<||_html:</span>_||><||_html:<span style='background-color: rgba(0.0, 165.0, "
 "0, 0.15); border-radius: 3px;' title='1.0'>_||> "
 '"<||_html:</span>_||><||_html:<span style=\'background-color: rgba(0.0, '
 "165.0, 0, 0.15); border-radius: 3px;' "
 "title='1.0'>_||>field<||_html:</span>_||><||_html:<span "
 "style='background-color: rgba(0.0, 165.0, 0, 0.15); border-radius: 3px;' "
 'title=\'1.0\'>_||>":<||_html:</span>_||><||_html:<span '
 "style='background-color: rgba(0.0, 165.0, 0, 0.15); border-radius: 3px;' "
 'title=\'1.0\'>_||> "<||_html:</span>_||><||_html:<span '
 "style='background-color: rgba(0.0, 165.0, 0, 0.15); border-radius: 3px;' "
 "title='1.0'>_||>get<||_html:</span>_||><||_html:<span "
 "style='background-color: rgba(0.0, 165.0, 0, 0.15); border-radius: 3px;' "
 "title='1.0'>_||>Product<||_html:</span>_||><||_html:<span "
 "style='background-color: rgba(0.0, 165.0, 0, 0.15); border-radius: 3px;' "
 'title=\'1.0\'>_||>",<||_html:</span>_||><||_html:<span '
 "style='background-color: rgba(0.0, 165.0, 0, 0.15); border-radius: 3px;' "
 "title='1.0'>_||>\n"
 "<||_html:</span>_||><||_html:<span style='background-color: rgba(0.0, 165.0, "
 "0, 0.15); border-radius: 3px;' title='1.0'>_||>     "
 "<||_html:</span>_||><||_html:<span style='background-color: rgba(0.0, 165.0, "
 "0, 0.15); border-radius: 3px;' title='1.0'>_||> "
 '"<||_html:</span>_||><||_html:<span style=\'background-color: rgba(0.0, '
 "165.0, 0, 0.15); border-radius: 3px;' "
 "title='1.0'>_||>change<||_html:</span>_||><||_html:<span "
 "style='background-color: rgba(0.0, 165.0, 0, 0.15); border-radius: 3px;' "
 'title=\'1.0\'>_||>":<||_html:</span>_||><||_html:<span '
 "style='background-color: rgba(0.0, 165.0, 0, 0.15); border-radius: 3px;' "
 'title=\'1.0\'>_||> "<||_html:</span>_||><||_html:<span '
 "style='background-color: rgba(0.0, 165.0, 0, 0.15); border-radius: 3px;' "
 "title='1.0'>_||>field<||_html:</span>_||><||_html:<span "
 "style='background-color: rgba(0.0, 165.0, 0, 0.15); border-radius: 3px;' "
 "title='1.0'>_||> details<||_html:</span>_||><||_html:<span "
 "style='background-color: rgba(0.0, 165.0, 0, 0.15); border-radius: 3px;' "
 "title='1.0'>_||> added<||_html:</span>_||><||_html:<span "
 "style='background-color: rgba(0.0, 165.0, 0, 0.15); border-radius: 3px;' "
 'title=\'1.0\'>_||>",<||_html:</span>_||><||_html:<span '
 "style='background-color: rgba(0.0, 165.0, 0, 0.15); border-radius: 3px;' "
 "title='1.0'>_||>\n"
 "<||_html:</span>_||><||_html:<span style='background-color: rgba(0.0, 165.0, "
 "0, 0.15); border-radius: 3px;' title='1.0'>_||>     "
 "<||_html:</span>_||><||_html:<span style='background-color: rgba(0.0, 165.0, "
 "0, 0.15); border-radius: 3px;' title='1.0'>_||> "
 '"<||_html:</span>_||><||_html:<span style=\'background-color: rgba(0.0, '
 "165.0, 0, 0.15); border-radius: 3px;' "
 "title='1.0'>_||>breaking<||_html:</span>_||><||_html:<span "
 "style='background-color: rgba(0.0, 165.0, 0, 0.15); border-radius: 3px;' "
 'title=\'1.0\'>_||>":<||_html:</span>_||><||_html:<span '
 "style='background-color: rgba(0.0, 165.0, 0, 0.15); border-radius: 3px;' "
 'title=\'1.0\'>_||> "<||_html:</span>_||><||_html:<span '
 "style='background-color: rgba(0.0, 165.0, 0, 0.15); border-radius: 3px;' "
 "title='1.0'>_||>false<||_html:</span>_||><||_html:<span "
 "style='background-color: rgba(0.0, 165.0, 0, 0.15); border-radius: 3px;' "
 'title=\'1.0\'>_||>",<||_html:</span>_||><||_html:<span '
 "style='background-color: rgba(0.0, 165.0, 0, 0.15); border-radius: 3px;' "
 "title='1.0'>_||>\n"
 "<||_html:</span>_||><||_html:<span style='background-color: rgba(0.0, 165.0, "
 "0, 0.15); border-radius: 3px;' title='1.0'>_||>     "
 "<||_html:</span>_||><||_html:<span style='background-color: rgba(0.0, 165.0, "
 "0, 0.15); border-radius: 3px;' title='1.0'>_||> "
 '"<||_html:</span>_||><||_html:<span style=\'background-color: rgba(0.0, '
 "165.0, 0, 0.15); border-radius: 3px;' "
 "title='1.0'>_||>release<||_html:</span>_||><||_html:<span "
 "style='background-color: rgba(0.0, 165.0, 0, 0.15); border-radius: 3px;' "
 "title='1.0'>_||>_<||_html:</span>_||><||_html:<span style='background-color: "
 "rgba(0.0, 165.0, 0, 0.15); border-radius: 3px;' "
 "title='1.0'>_||>note<||_html:</span>_||><||_html:<span "
 "style='background-color: rgba(0.0, 165.0, 0, 0.15); border-radius: 3px;' "
 'title=\'1.0\'>_||>":<||_html:</span>_||><||_html:<span '
 "style='background-color: rgba(0.0, 165.0, 0, 0.15); border-radius: 3px;' "
 'title=\'1.0\'>_||> "<||_html:</span>_||><||_html:<span '
 "style='background-color: rgba(0.0, 165.0, 0, 0.15); border-radius: 3px;' "
 "title='1.0'>_||>The<||_html:</span>_||><||_html:<span "
 "style='background-color: rgba(0.0, 165.0, 0, 0.15); border-radius: 3px;' "
 "title='1.0'>_||> '<||_html:</span>_||><||_html:<span "
 "style='background-color: rgba(0.0, 165.0, 0, 0.15); border-radius: 3px;' "
 "title='1.0'>_||>get<||_html:</span>_||><||_html:<span "
 "style='background-color: rgba(0.0, 165.0, 0, 0.15); border-radius: 3px;' "
 "title='1.0'>_||>Product<||_html:</span>_||><||_html:<span "
 "style='background-color: rgba(0.0, 165.0, 0, 0.15); border-radius: 3px;' "
 "title='1.0'>_||>'<||_html:</span>_||><||_html:<span style='background-color: "
 "rgba(0.0, 165.0, 0, 0.15); border-radius: 3px;' title='1.0'>_||> "
 "query<||_html:</span>_||><||_html:<span style='background-color: rgba(0.0, "
 "165.0, 0, 0.15); border-radius: 3px;' title='1.0'>_||> "
 "now<||_html:</span>_||><||_html:<span style='background-color: rgba(0.0, "
 "165.0, 0, 0.15); border-radius: 3px;' title='1.0'>_||> "
 "includes<||_html:</span>_||><||_html:<span style='background-color: "
 "rgba(0.0, 165.0, 0, 0.15); border-radius: 3px;' title='1.0'>_||> "
 "a<||_html:</span>_||><||_html:<span style='background-color: rgba(0.0, "
 "165.0, 0, 0.15); border-radius: 3px;' title='1.0'>_||> "
 "new<||_html:</span>_||><||_html:<span style='background-color: rgba(0.0, "
 "165.0, 0, 0.15); border-radius: 3px;' title='1.0'>_||> "
 "field<||_html:</span>_||><||_html:<span style='background-color: rgba(0.0, "
 "165.0, 0, 0.15); border-radius: 3px;' title='1.0'>_||> "
 "'<||_html:</span>_||><||_html:<span style='background-color: rgba(0.0, "
 "165.0, 0, 0.15); border-radius: 3px;' "
 "title='1.0'>_||>details<||_html:</span>_||><||_html:<span "
 "style='background-color: rgba(0.0, 165.0, 0, 0.15); border-radius: 3px;' "
 "title='1.0'>_||>'<||_html:</span>_||><||_html:<span style='background-color: "
 "rgba(0.0, 165.0, 0, 0.15); border-radius: 3px;' title='1.0'>_||> "
 "of<||_html:</span>_||><||_html:<span style='background-color: rgba(0.0, "
 "165.0, 0, 0.15); border-radius: 3px;' title='1.0'>_||> "
 "type<||_html:</span>_||><||_html:<span style='background-color: rgba(0.0, "
 "165.0, 0, 0.15); border-radius: 3px;' title='1.0'>_||> "
 "String<||_html:</span>_||><||_html:<span style='background-color: rgba(0.0, "
 "165.0, 0, 0.15); border-radius: 3px;' "
 'title=\'1.0\'>_||>."<||_html:</span>_||><||_html:<span '
 "style='background-color: rgba(0.0, 165.0, 0, 0.15); border-radius: 3px;' "
 "title='1.0'>_||>\n"
 "<||_html:</span>_||><||_html:<span style='background-color: rgba(0.0, 165.0, "
 "0, 0.15); border-radius: 3px;' title='1.0'>_||>   "
 "<||_html:</span>_||><||_html:<span style='background-color: rgba(0.0, 165.0, "
 "0, 0.15); border-radius: 3px;' title='1.0'>_||> "
 "},<||_html:</span>_||><||_html:<span style='background-color: rgba(0.0, "
 "165.0, 0, 0.15); border-radius: 3px;' title='1.0'>_||>\n"
 "<||_html:</span>_||><||_html:<span style='background-color: rgba(0.0, 165.0, "
 "0, 0.15); border-radius: 3px;' title='1.0'>_||>   "
 "<||_html:</span>_||><||_html:<span style='background-color: rgba(0.0, 165.0, "
 "0, 0.15); border-radius: 3px;' title='1.0'>_||> "
 "{<||_html:</span>_||><||_html:<span style='background-color: rgba(0.0, "
 "165.0, 0, 0.15); border-radius: 3px;' title='1.0'>_||>\n"
 "<||_html:</span>_||><||_html:<span style='background-color: rgba(0.0, 165.0, "
 "0, 0.15); border-radius: 3px;' title='1.0'>_||>     "
 "<||_html:</span>_||><||_html:<span style='background-color: rgba(0.0, 165.0, "
 "0, 0.15); border-radius: 3px;' title='1.0'>_||> "
 '"<||_html:</span>_||><||_html:<span style=\'background-color: rgba(0.0, '
 "165.0, 0, 0.15); border-radius: 3px;' "
 "title='1.0'>_||>type<||_html:</span>_||><||_html:<span "
 "style='background-color: rgba(0.0, 165.0, 0, 0.15); border-radius: 3px;' "
 'title=\'1.0\'>_||>":<||_html:</span>_||><||_html:<span '
 "style='background-color: rgba(0.0, 165.0, 0, 0.15); border-radius: 3px;' "
 'title=\'1.0\'>_||> "<||_html:</span>_||><||_html:<span '
 "style='background-color: rgba(0.0, 165.0, 0, 0.15); border-radius: 3px;' "
 "title='1.0'>_||>Product<||_html:</span>_||><||_html:<span "
 "style='background-color: rgba(0.0, 165.0, 0, 0.15); border-radius: 3px;' "
 'title=\'1.0\'>_||>",<||_html:</span>_||><||_html:<span '
 "style='background-color: rgba(0.0, 165.0, 0, 0.15); border-radius: 3px;' "
 "title='1.0'>_||>\n"
 "<||_html:</span>_||><||_html:<span style='background-color: rgba(0.0, 165.0, "
 "0, 0.15); border-radius: 3px;' title='1.0'>_||>     "
 "<||_html:</span>_||><||_html:<span style='background-color: rgba(0.0, 165.0, "
 "0, 0.15); border-radius: 3px;' title='1.0'>_||> "
 '"<||_html:</span>_||><||_html:<span style=\'background-color: rgba(0.0, '
 "165.0, 0, 0.15); border-radius: 3px;' "
 "title='1.0'>_||>field<||_html:</span>_||><||_html:<span "
 "style='background-color: rgba(0.0, 165.0, 0, 0.15); border-radius: 3px;' "
 'title=\'1.0\'>_||>":<||_html:</span>_||><||_html:<span '
 "style='background-color: rgba(0.0, 165.0, 0, 0.15); border-radius: 3px;' "
 'title=\'1.0\'>_||> "<||_html:</span>_||><||_html:<span '
 "style='background-color: rgba(0.0, 165.0, 0, 0.15); border-radius: 3px;' "
 "title='1.0'>_||>description<||_html:</span>_||><||_html:<span "
 "style='background-color: rgba(0.0, 165.0, 0, 0.15); border-radius: 3px;' "
 'title=\'1.0\'>_||>",<||_html:</span>_||><||_html:<span '
 "style='background-color: rgba(0.0, 165.0, 0, 0.15); border-radius: 3px;' "
 "title='1.0'>_||>\n"
 "<||_html:</span>_||><||_html:<span style='background-color: rgba(0.0, 165.0, "
 "0, 0.15); border-radius: 3px;' title='1.0'>_||>     "
 "<||_html:</span>_||><||_html:<span style='background-color: rgba(0.0, 165.0, "
 "0, 0.15); border-radius: 3px;' title='1.0'>_||> "
 '"<||_html:</span>_||><||_html:<span style=\'background-color: rgba(0.0, '
 "165.0, 0, 0.15); border-radius: 3px;' "
 "title='1.0'>_||>change<||_html:</span>_||><||_html:<span "
 "style='background-color: rgba(0.0, 165.0, 0, 0.15); border-radius: 3px;' "
 'title=\'1.0\'>_||>":<||_html:</span>_||><||_html:<span '
 "style='background-color: rgba(0.0, 165.0, 0, 0.15); border-radius: 3px;' "
 'title=\'1.0\'>_||> "<||_html:</span>_||><||_html:<span '
 "style='background-color: rgba(0.0, 165.0, 0, 0.15); border-radius: 3px;' "
 "title='1.0'>_||>field<||_html:</span>_||><||_html:<span "
 "style='background-color: rgba(0.0, 165.0, 0, 0.15); border-radius: 3px;' "
 "title='1.0'>_||> removed<||_html:</span>_||><||_html:<span "
 "style='background-color: rgba(0.0, 165.0, 0, 0.15); border-radius: 3px;' "
 'title=\'1.0\'>_||>",<||_html:</span>_||><||_html:<span '
 "style='background-color: rgba(0.0, 165.0, 0, 0.15); border-radius: 3px;' "
 "title='1.0'>_||>\n"
 "<||_html:</span>_||><||_html:<span style='background-color: rgba(0.0, 165.0, "
 "0, 0.15); border-radius: 3px;' title='1.0'>_||>     "
 "<||_html:</span>_||><||_html:<span style='background-color: rgba(0.0, 165.0, "
 "0, 0.15); border-radius: 3px;' title='1.0'>_||> "
 '"<||_html:</span>_||><||_html:<span style=\'background-color: rgba(0.0, '
 "165.0, 0, 0.15); border-radius: 3px;' "
 "title='1.0'>_||>breaking<||_html:</span>_||><||_html:<span "
 "style='background-color: rgba(0.0, 165.0, 0, 0.15); border-radius: 3px;' "
 'title=\'1.0\'>_||>":<||_html:</span>_||><||_html:<span '
 "style='background-color: rgba(0.0, 165.0, 0, 0.15); border-radius: 3px;' "
 'title=\'1.0\'>_||> "<||_html:</span>_||><||_html:<span '
 "style='background-color: rgba(0.0, 165.0, 0, 0.15); border-radius: 3px;' "
 "title='1.0'>_||>true<||_html:</span>_||><||_html:<span "
 "style='background-color: rgba(0.0, 165.0, 0, 0.15); border-radius: 3px;' "
 'title=\'1.0\'>_||>",<||_html:</span>_||><||_html:<span '
 "style='background-color: rgba(0.0, 165.0, 0, 0.15); border-radius: 3px;' "
 "title='1.0'>_||>\n"
 "<||_html:</span>_||><||_html:<span style='background-color: rgba(0.0, 165.0, "
 "0, 0.15); border-radius: 3px;' title='1.0'>_||>     "
 "<||_html:</span>_||><||_html:<span style='background-color: rgba(0.0, 165.0, "
 "0, 0.15); border-radius: 3px;' title='1.0'>_||> "
 '"<||_html:</span>_||><||_html:<span style=\'background-color: rgba(0.0, '
 "165.0, 0, 0.15); border-radius: 3px;' "
 "title='1.0'>_||>release<||_html:</span>_||><||_html:<span "
 "style='background-color: rgba(0.0, 165.0, 0, 0.15); border-radius: 3px;' "
 "title='1.0'>_||>_<||_html:</span>_||><||_html:<span style='background-color: "
 "rgba(0.0, 165.0, 0, 0.15); border-radius: 3px;' "
 "title='1.0'>_||>note<||_html:</span>_||><||_html:<span "
 "style='background-color: rgba(0.0, 165.0, 0, 0.15); border-radius: 3px;' "
 'title=\'1.0\'>_||>":<||_html:</span>_||><||_html:<span '
 "style='background-color: rgba(0.0, 165.0, 0, 0.15); border-radius: 3px;' "
 'title=\'1.0\'>_||> "<||_html:</span>_||><||_html:<span '
 "style='background-color: rgba(0.0, 165.0, 0, 0.15); border-radius: 3px;' "
 "title='1.0'>_||>The<||_html:</span>_||><||_html:<span "
 "style='background-color: rgba(0.0, 165.0, 0, 0.15); border-radius: 3px;' "
 "title='1.0'>_||> '<||_html:</span>_||><||_html:<span "
 "style='background-color: rgba(0.0, 165.0, 0, 0.15); border-radius: 3px;' "
 "title='1.0'>_||>Product<||_html:</span>_||><||_html:<span "
 "style='background-color: rgba(0.0, 165.0, 0, 0.15); border-radius: 3px;' "
 "title='1.0'>_||>'<||_html:</span>_||><||_html:<span style='background-color: "
 "rgba(0.0, 165.0, 0, 0.15); border-radius: 3px;' title='1.0'>_||> "
 "type<||_html:</span>_||><||_html:<span style='background-color: rgba(0.0, "
 "165.0, 0, 0.15); border-radius: 3px;' title='1.0'>_||> "
 "no<||_html:</span>_||><||_html:<span style='background-color: rgba(0.0, "
 "165.0, 0, 0.15); border-radius: 3px;' title='1.0'>_||> "
 "longer<||_html:</span>_||><||_html:<span style='background-color: rgba(0.0, "
 "165.0, 0, 0.15); border-radius: 3px;' title='1.0'>_||> "
 "includes<||_html:</span>_||><||_html:<span style='background-color: "
 "rgba(0.0, 165.0, 0, 0.15); border-radius: 3px;' title='1.0'>_||> "
 "the<||_html:</span>_||><||_html:<span style='background-color: rgba(0.0, "
 "165.0, 0, 0.15); border-radius: 3px;' title='1.0'>_||> "
 "'<||_html:</span>_||><||_html:<span style='background-color: rgba(0.0, "
 "165.0, 0, 0.15); border-radius: 3px;' "
 "title='1.0'>_||>description<||_html:</span>_||><||_html:<span "
 "style='background-color: rgba(0.0, 165.0, 0, 0.15); border-radius: 3px;' "
 "title='1.0'>_||>'<||_html:</span>_||><||_html:<span style='background-color: "
 "rgba(0.0, 165.0, 0, 0.15); border-radius: 3px;' title='1.0'>_||> "
 "field<||_html:</span>_||><||_html:<span style='background-color: rgba(0.0, "
 "165.0, 0, 0.15); border-radius: 3px;' "
 'title=\'1.0\'>_||>."<||_html:</span>_||><||_html:<span '
 "style='background-color: rgba(0.0, 165.0, 0, 0.15); border-radius: 3px;' "
 "title='1.0'>_||>\n"
 "<||_html:</span>_||><||_html:<span style='background-color: rgba(0.0, 165.0, "
 "0, 0.15); border-radius: 3px;' title='1.0'>_||>   "
 "<||_html:</span>_||><||_html:<span style='background-color: rgba(0.0, 165.0, "
 "0, 0.15); border-radius: 3px;' title='1.0'>_||> "
 "},<||_html:</span>_||><||_html:<span style='background-color: rgba(0.0, "
 "165.0, 0, 0.15); border-radius: 3px;' title='1.0'>_||>\n"
 "<||_html:</span>_||><||_html:<span style='background-color: rgba(0.0, 165.0, "
 "0, 0.15); border-radius: 3px;' title='1.0'>_||>   "
 "<||_html:</span>_||><||_html:<span style='background-color: rgba(0.0, 165.0, "
 "0, 0.15); border-radius: 3px;' title='1.0'>_||> "
 "{<||_html:</span>_||><||_html:<span style='background-color: rgba(0.0, "
 "165.0, 0, 0.15); border-radius: 3px;' title='1.0'>_||>\n"
 "<||_html:</span>_||><||_html:<span style='background-color: rgba(0.0, 165.0, "
 "0, 0.15); border-radius: 3px;' title='1.0'>_||>     "
 "<||_html:</span>_||><||_html:<span style='background-color: rgba(0.0, 165.0, "
 "0, 0.15); border-radius: 3px;' title='1.0'>_||> "
 '"<||_html:</span>_||><||_html:<span style=\'background-color: rgba(0.0, '
 "165.0, 0, 0.15); border-radius: 3px;' "
 "title='1.0'>_||>type<||_html:</span>_||><||_html:<span "
 "style='background-color: rgba(0.0, 165.0, 0, 0.15); border-radius: 3px;' "
 'title=\'1.0\'>_||>":<||_html:</span>_||><||_html:<span '
 "style='background-color: rgba(0.0, 165.0, 0, 0.15); border-radius: 3px;' "
 'title=\'1.0\'>_||> "<||_html:</span>_||><||_html:<span '
 "style='background-color: rgba(0.0, 165.0, 0, 0.15); border-radius: 3px;' "
 "title='1.0'>_||>Product<||_html:</span>_||><||_html:<span "
 "style='background-color: rgba(0.0, 165.0, 0, 0.15); border-radius: 3px;' "
 'title=\'1.0\'>_||>",<||_html:</span>_||><||_html:<span '
 "style='background-color: rgba(0.0, 165.0, 0, 0.15); border-radius: 3px;' "
 "title='1.0'>_||>\n"
 "<||_html:</span>_||><||_html:<span style='background-color: rgba(0.0, 165.0, "
 "0, 0.15); border-radius: 3px;' title='1.0'>_||>     "
 "<||_html:</span>_||><||_html:<span style='background-color: rgba(0.0, 165.0, "
 "0, 0.15); border-radius: 3px;' title='1.0'>_||> "
 '"<||_html:</span>_||><||_html:<span style=\'background-color: rgba(0.0, '
 "165.0, 0, 0.15); border-radius: 3px;' "
 "title='1.0'>_||>field<||_html:</span>_||><||_html:<span "
 "style='background-color: rgba(0.0, 165.0, 0, 0.15); border-radius: 3px;' "
 'title=\'1.0\'>_||>":<||_html:</span>_||><||_html:<span '
 "style='background-color: rgba(0.0, 165.0, 0, 0.15); border-radius: 3px;' "
 'title=\'1.0\'>_||> "<||_html:</span>_||><||_html:<span '
 "style='background-color: rgba(0.0, 165.0, 0, 0.15); border-radius: 3px;' "
 "title='1.0'>_||>stock<||_html:</span>_||><||_html:<span "
 "style='background-color: rgba(0.0, 165.0, 0, 0.15); border-radius: 3px;' "
 'title=\'1.0\'>_||>",<||_html:</span>_||><||_html:<span '
 "style='background-color: rgba(0.0, 165.0, 0, 0.15); border-radius: 3px;' "
 "title='1.0'>_||>\n"
 "<||_html:</span>_||><||_html:<span style='background-color: rgba(0.0, 165.0, "
 "0, 0.15); border-radius: 3px;' title='1.0'>_||>     "
 "<||_html:</span>_||><||_html:<span style='background-color: rgba(0.0, 165.0, "
 "0, 0.15); border-radius: 3px;' title='1.0'>_||> "
 '"<||_html:</span>_||><||_html:<span style=\'background-color: rgba(0.0, '
 "165.0, 0, 0.15); border-radius: 3px;' "
 "title='1.0'>_||>change<||_html:</span>_||><||_html:<span "
 "style='background-color: rgba(0.0, 165.0, 0, 0.15); border-radius: 3px;' "
 'title=\'1.0\'>_||>":<||_html:</span>_||><||_html:<span '
 "style='background-color: rgba(0.0, 165.0, 0, 0.15); border-radius: 3px;' "
 'title=\'1.0\'>_||> "<||_html:</span>_||><||_html:<span '
 "style='background-color: rgba(0.0, 165.0, 0, 0.15); border-radius: 3px;' "
 "title='1.0'>_||>field<||_html:</span>_||><||_html:<span "
 "style='background-color: rgba(0.0, 165.0, 0, 0.15); border-radius: 3px;' "
 "title='1.0'>_||> removed<||_html:</span>_||><||_html:<span "
 "style='background-color: rgba(0.0, 165.0, 0, 0.15); border-radius: 3px;' "
 'title=\'1.0\'>_||>",<||_html:</span>_||><||_html:<span '
 "style='background-color: rgba(0.0, 165.0, 0, 0.15); border-radius: 3px;' "
 "title='1.0'>_||>\n"
 "<||_html:</span>_||><||_html:<span style='background-color: rgba(0.0, 165.0, "
 "0, 0.15); border-radius: 3px;' title='1.0'>_||>     "
 "<||_html:</span>_||><||_html:<span style='background-color: rgba(0.0, 165.0, "
 "0, 0.15); border-radius: 3px;' title='1.0'>_||> "
 '"<||_html:</span>_||><||_html:<span style=\'background-color: rgba(0.0, '
 "165.0, 0, 0.15); border-radius: 3px;' "
 "title='1.0'>_||>breaking<||_html:</span>_||><||_html:<span "
 "style='background-color: rgba(0.0, 165.0, 0, 0.15); border-radius: 3px;' "
 'title=\'1.0\'>_||>":<||_html:</span>_||><||_html:<span '
 "style='background-color: rgba(0.0, 165.0, 0, 0.15); border-radius: 3px;' "
 'title=\'1.0\'>_||> "<||_html:</span>_||><||_html:<span '
 "style='background-color: rgba(0.0, 165.0, 0, 0.15); border-radius: 3px;' "
 "title='1.0'>_||>true<||_html:</span>_||><||_html:<span "
 "style='background-color: rgba(0.0, 165.0, 0, 0.15); border-radius: 3px;' "
 'title=\'1.0\'>_||>",<||_html:</span>_||><||_html:<span '
 "style='background-color: rgba(0.0, 165.0, 0, 0.15); border-radius: 3px;' "
 "title='1.0'>_||>\n"
 "<||_html:</span>_||><||_html:<span style='background-color: rgba(0.0, 165.0, "
 "0, 0.15); border-radius: 3px;' title='1.0'>_||>     "
 "<||_html:</span>_||><||_html:<span style='background-color: rgba(0.0, 165.0, "
 "0, 0.15); border-radius: 3px;' title='1.0'>_||> "
 '"<||_html:</span>_||><||_html:<span style=\'background-color: rgba(0.0, '
 "165.0, 0, 0.15); border-radius: 3px;' "
 "title='1.0'>_||>release<||_html:</span>_||><||_html:<span "
 "style='background-color: rgba(0.0, 165.0, 0, 0.15); border-radius: 3px;' "
 "title='1.0'>_||>_<||_html:</span>_||><||_html:<span style='background-color: "
 "rgba(0.0, 165.0, 0, 0.15); border-radius: 3px;' "
 "title='1.0'>_||>note<||_html:</span>_||><||_html:<span "
 "style='background-color: rgba(0.0, 165.0, 0, 0.15); border-radius: 3px;' "
 'title=\'1.0\'>_||>":<||_html:</span>_||><||_html:<span '
 "style='background-color: rgba(0.0, 165.0, 0, 0.15); border-radius: 3px;' "
 'title=\'1.0\'>_||> "<||_html:</span>_||><||_html:<span '
 "style='background-color: rgba(0.0, 165.0, 0, 0.15); border-radius: 3px;' "
 "title='1.0'>_||>The<||_html:</span>_||><||_html:<span "
 "style='background-color: rgba(0.0, 165.0, 0, 0.15); border-radius: 3px;' "
 "title='1.0'>_||> '<||_html:</span>_||><||_html:<span "
 "style='background-color: rgba(0.0, 165.0, 0, 0.15); border-radius: 3px;' "
 "title='1.0'>_||>Product<||_html:</span>_||><||_html:<span "
 "style='background-color: rgba(0.0, 165.0, 0, 0.15); border-radius: 3px;' "
 "title='1.0'>_||>'<||_html:</span>_||><||_html:<span style='background-color: "
 "rgba(0.0, 165.0, 0, 0.15); border-radius: 3px;' title='1.0'>_||> "
 "type<||_html:</span>_||><||_html:<span style='background-color: rgba(0.0, "
 "165.0, 0, 0.15); border-radius: 3px;' title='1.0'>_||> "
 "no<||_html:</span>_||><||_html:<span style='background-color: rgba(0.0, "
 "165.0, 0, 0.15); border-radius: 3px;' title='1.0'>_||> "
 "longer<||_html:</span>_||><||_html:<span style='background-color: rgba(0.0, "
 "165.0, 0, 0.15); border-radius: 3px;' title='1.0'>_||> "
 "includes<||_html:</span>_||><||_html:<span style='background-color: "
 "rgba(0.0, 165.0, 0, 0.15); border-radius: 3px;' title='1.0'>_||> "
 "the<||_html:</span>_||><||_html:<span style='background-color: rgba(0.0, "
 "165.0, 0, 0.15); border-radius: 3px;' title='1.0'>_||> "
 "'<||_html:</span>_||><||_html:<span style='background-color: rgba(0.0, "
 "165.0, 0, 0.15); border-radius: 3px;' "
 "title='1.0'>_||>stock<||_html:</span>_||><||_html:<span "
 "style='background-color: rgba(0.0, 165.0, 0, 0.15); border-radius: 3px;' "
 "title='1.0'>_||>'<||_html:</span>_||><||_html:<span style='background-color: "
 "rgba(0.0, 165.0, 0, 0.15); border-radius: 3px;' title='1.0'>_||> "
 "field<||_html:</span>_||><||_html:<span style='background-color: rgba(0.0, "
 "165.0, 0, 0.15); border-radius: 3px;' "
 'title=\'1.0\'>_||>."<||_html:</span>_||><||_html:<span '
 "style='background-color: rgba(0.0, 165.0, 0, 0.15); border-radius: 3px;' "
 "title='1.0'>_||>\n"
 "<||_html:</span>_||><||_html:<span style='background-color: rgba(0.0, 165.0, "
 "0, 0.15); border-radius: 3px;' title='1.0'>_||>   "
 "<||_html:</span>_||><||_html:<span style='background-color: rgba(0.0, 165.0, "
 "0, 0.15); border-radius: 3px;' title='1.0'>_||> "
 "}<||_html:</span>_||><||_html:<span style='background-color: rgba(0.0, "
 "165.0, 0, 0.15); border-radius: 3px;' title='1.0'>_||>\n"
 "<||_html:</span>_||><||_html:<span style='background-color: rgba(0.0, 165.0, "
 "0, 0.15); border-radius: 3px;' title='1.0'>_||> "
 "<||_html:</span>_||><||_html:<span style='background-color: rgba(0.0, 165.0, "
 "0, 0.15); border-radius: 3px;' title='1.0'>_||> "
 "],<||_html:</span>_||><||_html:<span style='background-color: rgba(0.0, "
 "165.0, 0, 0.15); border-radius: 3px;' title='1.0'>_||>\n"
 "<||_html:</span>_||><||_html:<span style='background-color: rgba(0.0, 165.0, "
 "0, 0.15); border-radius: 3px;' title='1.0'>_||> "
 "<||_html:</span>_||><||_html:<span style='background-color: rgba(0.0, 165.0, "
 "0, 0.15); border-radius: 3px;' title='1.0'>_||> "
 '"<||_html:</span>_||><||_html:<span style=\'background-color: rgba(0.0, '
 "165.0, 0, 0.15); border-radius: 3px;' "
 "title='1.0'>_||>release<||_html:</span>_||><||_html:<span "
 "style='background-color: rgba(0.0, 165.0, 0, 0.15); border-radius: 3px;' "
 "title='1.0'>_||>_<||_html:</span>_||><||_html:<span style='background-color: "
 "rgba(0.0, 165.0, 0, 0.15); border-radius: 3px;' "
 "title='1.0'>_||>notes<||_html:</span>_||><||_html:<span "
 "style='background-color: rgba(0.0, 165.0, 0, 0.15); border-radius: 3px;' "
 'title=\'1.0\'>_||>":<||_html:</span>_||><||_html:<span '
 "style='background-color: rgba(0.0, 165.0, 0, 0.15); border-radius: 3px;' "
 "title='1.0'>_||> {<||_html:</span>_||><||_html:<span "
 "style='background-color: rgba(0.0, 165.0, 0, 0.15); border-radius: 3px;' "
 "title='1.0'>_||>\n"
 "<||_html:</span>_||><||_html:<span style='background-color: rgba(0.0, 165.0, "
 "0, 0.15); border-radius: 3px;' title='1.0'>_||>   "
 "<||_html:</span>_||><||_html:<span style='background-color: rgba(0.0, 165.0, "
 "0, 0.15); border-radius: 3px;' title='1.0'>_||> "
 '"<||_html:</span>_||><||_html:<span style=\'background-color: rgba(0.0, '
 "165.0, 0, 0.15); border-radius: 3px;' "
 "title='1.0'>_||>summary<||_html:</span>_||><||_html:<span "
 "style='background-color: rgba(0.0, 165.0, 0, 0.15); border-radius: 3px;' "
 'title=\'1.0\'>_||>":<||_html:</span>_||><||_html:<span '
 "style='background-color: rgba(0.0, 165.0, 0, 0.15); border-radius: 3px;' "
 'title=\'1.0\'>_||> "<||_html:</span>_||><||_html:<span '
 "style='background-color: rgba(0.0, 165.0, 0, 0.15); border-radius: 3px;' "
 "title='1.0'>_||>The<||_html:</span>_||><||_html:<span "
 "style='background-color: rgba(0.0, 165.0, 0, 0.15); border-radius: 3px;' "
 "title='1.0'>_||> '<||_html:</span>_||><||_html:<span "
 "style='background-color: rgba(0.0, 165.0, 0, 0.15); border-radius: 3px;' "
 "title='1.0'>_||>get<||_html:</span>_||><||_html:<span "
 "style='background-color: rgba(0.0, 165.0, 0, 0.15); border-radius: 3px;' "
 "title='1.0'>_||>Product<||_html:</span>_||><||_html:<span "
 "style='background-color: rgba(0.0, 165.0, 0, 0.15); border-radius: 3px;' "
 "title='1.0'>_||>'<||_html:</span>_||><||_html:<span style='background-color: "
 "rgba(0.0, 165.0, 0, 0.15); border-radius: 3px;' title='1.0'>_||> "
 "query<||_html:</span>_||><||_html:<span style='background-color: rgba(0.0, "
 "165.0, 0, 0.15); border-radius: 3px;' title='1.0'>_||> "
 "now<||_html:</span>_||><||_html:<span style='background-color: rgba(0.0, "
 "165.0, 0, 0.15); border-radius: 3px;' title='1.0'>_||> "
 "includes<||_html:</span>_||><||_html:<span style='background-color: "
 "rgba(0.0, 165.0, 0, 0.15); border-radius: 3px;' title='1.0'>_||> "
 "a<||_html:</span>_||><||_html:<span style='background-color: rgba(0.0, "
 "165.0, 0, 0.15); border-radius: 3px;' title='1.0'>_||> "
 "new<||_html:</span>_||><||_html:<span style='background-color: rgba(0.0, "
 "165.0, 0, 0.15); border-radius: 3px;' title='1.0'>_||> "
 "field<||_html:</span>_||><||_html:<span style='background-color: rgba(0.0, "
 "165.0, 0, 0.15); border-radius: 3px;' title='1.0'>_||> "
 "'<||_html:</span>_||><||_html:<span style='background-color: rgba(0.0, "
 "165.0, 0, 0.15); border-radius: 3px;' "
 "title='1.0'>_||>details<||_html:</span>_||><||_html:<span "
 "style='background-color: rgba(0.0, 165.0, 0, 0.15); border-radius: 3px;' "
 "title='1.0'>_||>'<||_html:</span>_||><||_html:<span style='background-color: "
 "rgba(0.0, 165.0, 0, 0.15); border-radius: 3px;' title='1.0'>_||> "
 "of<||_html:</span>_||><||_html:<span style='background-color: rgba(0.0, "
 "165.0, 0, 0.15); border-radius: 3px;' title='1.0'>_||> "
 "type<||_html:</span>_||><||_html:<span style='background-color: rgba(0.0, "
 "165.0, 0, 0.15); border-radius: 3px;' title='1.0'>_||> "
 "String<||_html:</span>_||><||_html:<span style='background-color: rgba(0.0, "
 "165.0, 0, 0.15); border-radius: 3px;' "
 "title='1.0'>_||>.<||_html:</span>_||><||_html:<span style='background-color: "
 "rgba(0.0, 165.0, 0, 0.15); border-radius: 3px;' title='1.0'>_||> "
 "The<||_html:</span>_||><||_html:<span style='background-color: rgba(0.0, "
 "165.0, 0, 0.15); border-radius: 3px;' title='1.0'>_||> "
 "'<||_html:</span>_||><||_html:<span style='background-color: rgba(0.0, "
 "165.0, 0, 0.15); border-radius: 3px;' "
 "title='1.0'>_||>Product<||_html:</span>_||><||_html:<span "
 "style='background-color: rgba(0.0, 165.0, 0, 0.15); border-radius: 3px;' "
 "title='1.0'>_||>'<||_html:</span>_||><||_html:<span style='background-color: "
 "rgba(0.0, 165.0, 0, 0.15); border-radius: 3px;' title='1.0'>_||> "
 "type<||_html:</span>_||><||_html:<span style='background-color: rgba(0.0, "
 "165.0, 0, 0.15); border-radius: 3px;' title='1.0'>_||> "
 "no<||_html:</span>_||><||_html:<span style='background-color: rgba(0.0, "
 "165.0, 0, 0.15); border-radius: 3px;' title='1.0'>_||> "
 "longer<||_html:</span>_||><||_html:<span style='background-color: rgba(0.0, "
 "165.0, 0, 0.15); border-radius: 3px;' title='1.0'>_||> "
 "includes<||_html:</span>_||><||_html:<span style='background-color: "
 "rgba(0.0, 165.0, 0, 0.15); border-radius: 3px;' title='1.0'>_||> "
 "the<||_html:</span>_||><||_html:<span style='background-color: rgba(0.0, "
 "165.0, 0, 0.15); border-radius: 3px;' title='1.0'>_||> "
 "'<||_html:</span>_||><||_html:<span style='background-color: rgba(0.0, "
 "165.0, 0, 0.15); border-radius: 3px;' "
 "title='1.0'>_||>description<||_html:</span>_||><||_html:<span "
 "style='background-color: rgba(0.0, 165.0, 0, 0.15); border-radius: 3px;' "
 "title='1.0'>_||>'<||_html:</span>_||><||_html:<span style='background-color: "
 "rgba(0.0, 165.0, 0, 0.15); border-radius: 3px;' title='1.0'>_||> "
 "and<||_html:</span>_||><||_html:<span style='background-color: rgba(0.0, "
 "165.0, 0, 0.15); border-radius: 3px;' title='1.0'>_||> "
 "'<||_html:</span>_||><||_html:<span style='background-color: rgba(0.0, "
 "165.0, 0, 0.15); border-radius: 3px;' "
 "title='1.0'>_||>stock<||_html:</span>_||><||_html:<span "
 "style='background-color: rgba(0.0, 165.0, 0, 0.15); border-radius: 3px;' "
 "title='1.0'>_||>'<||_html:</span>_||><||_html:<span style='background-color: "
 "rgba(0.0, 165.0, 0, 0.15); border-radius: 3px;' title='1.0'>_||> "
 "fields<||_html:</span>_||><||_html:<span style='background-color: rgba(0.0, "
 "165.0, 0, 0.15); border-radius: 3px;' "
 'title=\'1.0\'>_||>."<||_html:</span>_||><||_html:<span '
 "style='background-color: rgba(0.0, 165.0, 0, 0.15); border-radius: 3px;' "
 "title='1.0'>_||>\n"
 "<||_html:</span>_||><||_html:<span style='background-color: rgba(0.0, 165.0, "
 "0, 0.15); border-radius: 3px;' title='1.0'>_||> "
 "<||_html:</span>_||><||_html:<span style='background-color: rgba(0.0, 165.0, "
 "0, 0.15); border-radius: 3px;' title='1.0'>_||> "
 "}<||_html:</span>_||><||_html:<span style='background-color: rgba(0.0, "
 "165.0, 0, 0.15); border-radius: 3px;' title='1.0'>_||>\n"
 "<||_html:</span>_||><||_html:<span style='background-color: rgba(0.0, 165.0, "
 "0, 0.15); border-radius: 3px;' "
 'title=\'1.0\'>_||>}<||_html:</span>_||>{"changes":<||_html:<span '
 "style='background-color: rgba(0.0, 165.0, 0, 0.15); border-radius: 3px;' "
 "title='1.0'>_||>[<||_html:</span>_||><||_html:<span style='background-color: "
 "rgba(0.0, 165.0, 0, 0.15); border-radius: 3px;' "
 'title=\'1.0\'>_||>{"<||_html:</span>_||>type<||_html:<span '
 "style='background-color: rgba(0.0, 165.0, 0, 0.15); border-radius: 3px;' "
 'title=\'1.0\'>_||>":"<||_html:</span>_||><||_html:<span '
 "style='background-color: rgba(0.0, 165.0, 0, 0.15); border-radius: 3px;' "
 "title='1.0'>_||>Query<||_html:</span>_||><||_html:<span "
 "style='background-color: rgba(0.0, 165.0, 0, 0.15); border-radius: 3px;' "
 'title=\'1.0\'>_||>","<||_html:</span>_||>field<||_html:<span '
 "style='background-color: rgba(0.0, 165.0, 0, 0.15); border-radius: 3px;' "
 'title=\'1.0\'>_||>":"<||_html:</span>_||><||_html:<span '
 "style='background-color: rgba(0.0, 165.0, 0, 0.15); border-radius: 3px;' "
 "title='1.0'>_||>get<||_html:</span>_||><||_html:<span "
 "style='background-color: rgba(0.0, 165.0, 0, 0.15); border-radius: 3px;' "
 "title='1.0'>_||>Product<||_html:</span>_||><||_html:<span "
 "style='background-color: rgba(0.0, 165.0, 0, 0.15); border-radius: 3px;' "
 'title=\'1.0\'>_||>","<||_html:</span>_||>change<||_html:<span '
 "style='background-color: rgba(0.0, 165.0, 0, 0.15); border-radius: 3px;' "
 'title=\'1.0\'>_||>":"<||_html:</span>_||><||_html:<span '
 "style='background-color: rgba(0.0, 165.0, 0, 0.15); border-radius: 3px;' "
 "title='1.0'>_||>field<||_html:</span>_||><||_html:<span "
 "style='background-color: rgba(0.0, 165.0, 0, 0.15); border-radius: 3px;' "
 "title='1.0'>_||> details<||_html:</span>_||><||_html:<span "
 "style='background-color: rgba(0.0, 165.0, 0, 0.15); border-radius: 3px;' "
 "title='1.0'>_||> added<||_html:</span>_||><||_html:<span "
 "style='background-color: rgba(0.0, 165.0, 0, 0.15); border-radius: 3px;' "
 'title=\'1.0\'>_||>","<||_html:</span>_||>breaking<||_html:<span '
 "style='background-color: rgba(0.0, 165.0, 0, 0.15); border-radius: 3px;' "
 'title=\'1.0\'>_||>":<||_html:</span>_||><||_html:<span '
 "style='background-color: rgba(0.0, 165.0, 0, 0.15); border-radius: 3px;' "
 'title=\'1.0\'>_||>false<||_html:</span>_||>,"release_note<||_html:<span '
 "style='background-color: rgba(0.0, 165.0, 0, 0.15); border-radius: 3px;' "
 'title=\'1.0\'>_||>":"<||_html:</span>_||><||_html:<span '
 "style='background-color: rgba(0.0, 165.0, 0, 0.15); border-radius: 3px;' "
 "title='1.0'>_||>The<||_html:</span>_||><||_html:<span "
 "style='background-color: rgba(0.0, 165.0, 0, 0.15); border-radius: 3px;' "
 "title='1.0'>_||> '<||_html:</span>_||><||_html:<span "
 "style='background-color: rgba(0.0, 165.0, 0, 0.15); border-radius: 3px;' "
 "title='1.0'>_||>get<||_html:</span>_||><||_html:<span "
 "style='background-color: rgba(0.0, 165.0, 0, 0.15); border-radius: 3px;' "
 "title='1.0'>_||>Product<||_html:</span>_||><||_html:<span "
 "style='background-color: rgba(0.0, 165.0, 0, 0.15); border-radius: 3px;' "
 "title='1.0'>_||>'<||_html:</span>_||><||_html:<span style='background-color: "
 "rgba(0.0, 165.0, 0, 0.15); border-radius: 3px;' title='1.0'>_||> "
 "query<||_html:</span>_||><||_html:<span style='background-color: rgba(0.0, "
 "165.0, 0, 0.15); border-radius: 3px;' title='1.0'>_||> "
 "now<||_html:</span>_||><||_html:<span style='background-color: rgba(0.0, "
 "165.0, 0, 0.15); border-radius: 3px;' title='1.0'>_||> "
 "includes<||_html:</span>_||><||_html:<span style='background-color: "
 "rgba(0.0, 165.0, 0, 0.15); border-radius: 3px;' title='1.0'>_||> "
 "a<||_html:</span>_||><||_html:<span style='background-color: rgba(0.0, "
 "165.0, 0, 0.15); border-radius: 3px;' title='1.0'>_||> "
 "new<||_html:</span>_||><||_html:<span style='background-color: rgba(0.0, "
 "165.0, 0, 0.15); border-radius: 3px;' title='1.0'>_||> "
 "field<||_html:</span>_||><||_html:<span style='background-color: rgba(0.0, "
 "165.0, 0, 0.15); border-radius: 3px;' title='1.0'>_||> "
 "'<||_html:</span>_||><||_html:<span style='background-color: rgba(0.0, "
 "165.0, 0, 0.15); border-radius: 3px;' "
 "title='1.0'>_||>details<||_html:</span>_||><||_html:<span "
 "style='background-color: rgba(0.0, 165.0, 0, 0.15); border-radius: 3px;' "
 "title='1.0'>_||>'<||_html:</span>_||><||_html:<span style='background-color: "
 "rgba(0.0, 165.0, 0, 0.15); border-radius: 3px;' title='1.0'>_||> "
 "of<||_html:</span>_||><||_html:<span style='background-color: rgba(0.0, "
 "165.0, 0, 0.15); border-radius: 3px;' title='1.0'>_||> "
 "type<||_html:</span>_||><||_html:<span style='background-color: rgba(0.0, "
 "165.0, 0, 0.15); border-radius: 3px;' title='1.0'>_||> "
 "String<||_html:</span>_||><||_html:<span style='background-color: rgba(0.0, "
 "165.0, 0, 0.15); border-radius: 3px;' "
 'title=\'1.0\'>_||>."<||_html:</span>_||><||_html:<span '
 "style='background-color: rgba(0.0, 165.0, 0, 0.15); border-radius: 3px;' "
 'title=\'1.0\'>_||>},<||_html:</span>_||>{"type<||_html:<span '
 "style='background-color: rgba(0.0, 165.0, 0, 0.15); border-radius: 3px;' "
 'title=\'1.0\'>_||>":"<||_html:</span>_||><||_html:<span '
 "style='background-color: rgba(0.0, 165.0, 0, 0.15); border-radius: 3px;' "
 "title='1.0'>_||>Product<||_html:</span>_||><||_html:<span "
 "style='background-color: rgba(0.0, 165.0, 0, 0.15); border-radius: 3px;' "
 'title=\'1.0\'>_||>","<||_html:</span>_||>field<||_html:<span '
 "style='background-color: rgba(0.0, 165.0, 0, 0.15); border-radius: 3px;' "
 'title=\'1.0\'>_||>":"<||_html:</span>_||><||_html:<span '
 "style='background-color: rgba(0.0, 165.0, 0, 0.15); border-radius: 3px;' "
 "title='1.0'>_||>description<||_html:</span>_||><||_html:<span "
 "style='background-color: rgba(0.0, 165.0, 0, 0.15); border-radius: 3px;' "
 'title=\'1.0\'>_||>","<||_html:</span>_||>change<||_html:<span '
 "style='background-color: rgba(0.0, 165.0, 0, 0.15); border-radius: 3px;' "
 'title=\'1.0\'>_||>":"<||_html:</span>_||><||_html:<span '
 "style='background-color: rgba(0.0, 165.0, 0, 0.15); border-radius: 3px;' "
 "title='1.0'>_||>field<||_html:</span>_||><||_html:<span "
 "style='background-color: rgba(0.0, 165.0, 0, 0.15); border-radius: 3px;' "
 "title='1.0'>_||> removed<||_html:</span>_||><||_html:<span "
 "style='background-color: rgba(0.0, 165.0, 0, 0.15); border-radius: 3px;' "
 'title=\'1.0\'>_||>","<||_html:</span>_||>breaking<||_html:<span '
 "style='background-color: rgba(0.0, 165.0, 0, 0.15); border-radius: 3px;' "
 'title=\'1.0\'>_||>":<||_html:</span>_||><||_html:<span '
 "style='background-color: rgba(0.0, 165.0, 0, 0.15); border-radius: 3px;' "
 'title=\'1.0\'>_||>true<||_html:</span>_||>,"release_note<||_html:<span '
 "style='background-color: rgba(0.0, 165.0, 0, 0.15); border-radius: 3px;' "
 'title=\'1.0\'>_||>":"<||_html:</span>_||><||_html:<span '
 "style='background-color: rgba(0.0, 165.0, 0, 0.15); border-radius: 3px;' "
 "title='1.0'>_||>The<||_html:</span>_||><||_html:<span "
 "style='background-color: rgba(0.0, 165.0, 0, 0.15); border-radius: 3px;' "
 "title='1.0'>_||> '<||_html:</span>_||><||_html:<span "
 "style='background-color: rgba(0.0, 165.0, 0, 0.15); border-radius: 3px;' "
 "title='1.0'>_||>Product<||_html:</span>_||><||_html:<span "
 "style='background-color: rgba(0.0, 165.0, 0, 0.15); border-radius: 3px;' "
 "title='1.0'>_||>'<||_html:</span>_||><||_html:<span style='background-color: "
 "rgba(0.0, 165.0, 0, 0.15); border-radius: 3px;' title='1.0'>_||> "
 "type<||_html:</span>_||><||_html:<span style='background-color: rgba(0.0, "
 "165.0, 0, 0.15); border-radius: 3px;' title='1.0'>_||> "
 "no<||_html:</span>_||><||_html:<span style='background-color: rgba(0.0, "
 "165.0, 0, 0.15); border-radius: 3px;' title='1.0'>_||> "
 "longer<||_html:</span>_||><||_html:<span style='background-color: rgba(0.0, "
 "165.0, 0, 0.15); border-radius: 3px;' title='1.0'>_||> "
 "includes<||_html:</span>_||><||_html:<span style='background-color: "
 "rgba(0.0, 165.0, 0, 0.15); border-radius: 3px;' title='1.0'>_||> "
 "the<||_html:</span>_||><||_html:<span style='background-color: rgba(0.0, "
 "165.0, 0, 0.15); border-radius: 3px;' title='1.0'>_||> "
 "'<||_html:</span>_||><||_html:<span style='background-color: rgba(0.0, "
 "165.0, 0, 0.15); border-radius: 3px;' "
 "title='1.0'>_||>description<||_html:</span>_||><||_html:<span "
 "style='background-color: rgba(0.0, 165.0, 0, 0.15); border-radius: 3px;' "
 "title='1.0'>_||>")
('Analyze the following two GraphQL schemas for changes, including both '
 'breaking and non-breaking changes.\n'
 '\n'
 '                        Provide your analysis in the following JSON format:\n'
 '                        {\n'
 '                          "changes": [\n'
 '                            {\n'
 '                              "type": "String representing the GraphQL type '
 '(e.g., Query, Mutation, Subscription)",\n'
 '                              "field": "String representing the specific '
 'field that changed",\n'
 '                              "change": "String describing the change (e.g., '
 'field renamed, new field added, field removed)",\n'
 '                              "breaking": "Boolean indicating if the change '
 'is breaking (true) or non-breaking (false)",\n'
 '                              "release_note": "String with a natural '
 'language description of the change for release notes"\n'
 '                            }\n'
 '                          ],\n'
 '                          "release_notes": {\n'
 '                              "summary": "String summarizing all changes, '
 'suitable for a mailing list or public announcement"\n'
 '                          }\n'
 '                        }\n'
 '\n'
 '                        When analyzing, consider the following types of '
 'changes:\n'
 '                        1. Removing fields or types (breaking)\n'
 '                        2. Changing field types (potentially breaking)\n'
 '                        3. Adding required fields (breaking)\n'
 '                        4. Changing the type of existing arguments '
 '(breaking)\n'
 '                        5. Adding optional fields (non-breaking)\n'
 '                        6. Adding new types (non-breaking)\n'
 '                        7. Deprecating fields (non-breaking)\n'
 '\n'
 '                        Ensure that each change is categorized correctly as '
 'breaking or non-breaking.: type Query {\n'
 '  getProduct(id: ID!): Product\n'
 '}\n'
 '\n'
 'type Product {\n'
 '  id: ID\n'
 '  name: String\n'
 '  description: String\n'
 '  price: Float\n'
 '  stock: Int\n'
 '}\n'
 ', type Query {\n'
 '  getProduct(id: ID!): Product\n'
 '}\n'
 '\n'
 'type Product {\n'
 '  id: ID\n'
 '  name: String\n'
 '  details: String\n'
 '  price: Float\n'
 '}\n'
 '\n'
 "Answer:<||_html:<span style='background-color: rgba(0.0, 165.0, 0, 0.15); "
 "border-radius: 3px;' title='1.0'>_||> {<||_html:</span>_||><||_html:<span "
 "style='background-color: rgba(0.0, 165.0, 0, 0.15); border-radius: 3px;' "
 "title='1.0'>_||>\n"
 "<||_html:</span>_||><||_html:<span style='background-color: rgba(0.0, 165.0, "
 "0, 0.15); border-radius: 3px;' title='1.0'>_||> "
 "<||_html:</span>_||><||_html:<span style='background-color: rgba(0.0, 165.0, "
 "0, 0.15); border-radius: 3px;' title='1.0'>_||> "
 '"<||_html:</span>_||><||_html:<span style=\'background-color: rgba(0.0, '
 "165.0, 0, 0.15); border-radius: 3px;' "
 "title='1.0'>_||>changes<||_html:</span>_||><||_html:<span "
 "style='background-color: rgba(0.0, 165.0, 0, 0.15); border-radius: 3px;' "
 'title=\'1.0\'>_||>":<||_html:</span>_||><||_html:<span '
 "style='background-color: rgba(0.0, 165.0, 0, 0.15); border-radius: 3px;' "
 "title='1.0'>_||> [<||_html:</span>_||><||_html:<span "
 "style='background-color: rgba(0.0, 165.0, 0, 0.15); border-radius: 3px;' "
 "title='1.0'>_||>\n"
 "<||_html:</span>_||><||_html:<span style='background-color: rgba(0.0, 165.0, "
 "0, 0.15); border-radius: 3px;' title='1.0'>_||>   "
 "<||_html:</span>_||><||_html:<span style='background-color: rgba(0.0, 165.0, "
 "0, 0.15); border-radius: 3px;' title='1.0'>_||> "
 "{<||_html:</span>_||><||_html:<span style='background-color: rgba(0.0, "
 "165.0, 0, 0.15); border-radius: 3px;' title='1.0'>_||>\n"
 "<||_html:</span>_||><||_html:<span style='background-color: rgba(0.0, 165.0, "
 "0, 0.15); border-radius: 3px;' title='1.0'>_||>     "
 "<||_html:</span>_||><||_html:<span style='background-color: rgba(0.0, 165.0, "
 "0, 0.15); border-radius: 3px;' title='1.0'>_||> "
 '"<||_html:</span>_||><||_html:<span style=\'background-color: rgba(0.0, '
 "165.0, 0, 0.15); border-radius: 3px;' "
 "title='1.0'>_||>type<||_html:</span>_||><||_html:<span "
 "style='background-color: rgba(0.0, 165.0, 0, 0.15); border-radius: 3px;' "
 'title=\'1.0\'>_||>":<||_html:</span>_||><||_html:<span '
 "style='background-color: rgba(0.0, 165.0, 0, 0.15); border-radius: 3px;' "
 'title=\'1.0\'>_||> "<||_html:</span>_||><||_html:<span '
 "style='background-color: rgba(0.0, 165.0, 0, 0.15); border-radius: 3px;' "
 "title='1.0'>_||>Query<||_html:</span>_||><||_html:<span "
 "style='background-color: rgba(0.0, 165.0, 0, 0.15); border-radius: 3px;' "
 'title=\'1.0\'>_||>",<||_html:</span>_||><||_html:<span '
 "style='background-color: rgba(0.0, 165.0, 0, 0.15); border-radius: 3px;' "
 "title='1.0'>_||>\n"
 "<||_html:</span>_||><||_html:<span style='background-color: rgba(0.0, 165.0, "
 "0, 0.15); border-radius: 3px;' title='1.0'>_||>     "
 "<||_html:</span>_||><||_html:<span style='background-color: rgba(0.0, 165.0, "
 "0, 0.15); border-radius: 3px;' title='1.0'>_||> "
 '"<||_html:</span>_||><||_html:<span style=\'background-color: rgba(0.0, '
 "165.0, 0, 0.15); border-radius: 3px;' "
 "title='1.0'>_||>field<||_html:</span>_||><||_html:<span "
 "style='background-color: rgba(0.0, 165.0, 0, 0.15); border-radius: 3px;' "
 'title=\'1.0\'>_||>":<||_html:</span>_||><||_html:<span '
 "style='background-color: rgba(0.0, 165.0, 0, 0.15); border-radius: 3px;' "
 'title=\'1.0\'>_||> "<||_html:</span>_||><||_html:<span '
 "style='background-color: rgba(0.0, 165.0, 0, 0.15); border-radius: 3px;' "
 "title='1.0'>_||>get<||_html:</span>_||><||_html:<span "
 "style='background-color: rgba(0.0, 165.0, 0, 0.15); border-radius: 3px;' "
 "title='1.0'>_||>Product<||_html:</span>_||><||_html:<span "
 "style='background-color: rgba(0.0, 165.0, 0, 0.15); border-radius: 3px;' "
 'title=\'1.0\'>_||>",<||_html:</span>_||><||_html:<span '
 "style='background-color: rgba(0.0, 165.0, 0, 0.15); border-radius: 3px;' "
 "title='1.0'>_||>\n"
 "<||_html:</span>_||><||_html:<span style='background-color: rgba(0.0, 165.0, "
 "0, 0.15); border-radius: 3px;' title='1.0'>_||>     "
 "<||_html:</span>_||><||_html:<span style='background-color: rgba(0.0, 165.0, "
 "0, 0.15); border-radius: 3px;' title='1.0'>_||> "
 '"<||_html:</span>_||><||_html:<span style=\'background-color: rgba(0.0, '
 "165.0, 0, 0.15); border-radius: 3px;' "
 "title='1.0'>_||>change<||_html:</span>_||><||_html:<span "
 "style='background-color: rgba(0.0, 165.0, 0, 0.15); border-radius: 3px;' "
 'title=\'1.0\'>_||>":<||_html:</span>_||><||_html:<span '
 "style='background-color: rgba(0.0, 165.0, 0, 0.15); border-radius: 3px;' "
 'title=\'1.0\'>_||> "<||_html:</span>_||><||_html:<span '
 "style='background-color: rgba(0.0, 165.0, 0, 0.15); border-radius: 3px;' "
 "title='1.0'>_||>field<||_html:</span>_||><||_html:<span "
 "style='background-color: rgba(0.0, 165.0, 0, 0.15); border-radius: 3px;' "
 "title='1.0'>_||> details<||_html:</span>_||><||_html:<span "
 "style='background-color: rgba(0.0, 165.0, 0, 0.15); border-radius: 3px;' "
 "title='1.0'>_||> added<||_html:</span>_||><||_html:<span "
 "style='background-color: rgba(0.0, 165.0, 0, 0.15); border-radius: 3px;' "
 'title=\'1.0\'>_||>",<||_html:</span>_||><||_html:<span '
 "style='background-color: rgba(0.0, 165.0, 0, 0.15); border-radius: 3px;' "
 "title='1.0'>_||>\n"
 "<||_html:</span>_||><||_html:<span style='background-color: rgba(0.0, 165.0, "
 "0, 0.15); border-radius: 3px;' title='1.0'>_||>     "
 "<||_html:</span>_||><||_html:<span style='background-color: rgba(0.0, 165.0, "
 "0, 0.15); border-radius: 3px;' title='1.0'>_||> "
 '"<||_html:</span>_||><||_html:<span style=\'background-color: rgba(0.0, '
 "165.0, 0, 0.15); border-radius: 3px;' "
 "title='1.0'>_||>breaking<||_html:</span>_||><||_html:<span "
 "style='background-color: rgba(0.0, 165.0, 0, 0.15); border-radius: 3px;' "
 'title=\'1.0\'>_||>":<||_html:</span>_||><||_html:<span '
 "style='background-color: rgba(0.0, 165.0, 0, 0.15); border-radius: 3px;' "
 'title=\'1.0\'>_||> "<||_html:</span>_||><||_html:<span '
 "style='background-color: rgba(0.0, 165.0, 0, 0.15); border-radius: 3px;' "
 "title='1.0'>_||>false<||_html:</span>_||><||_html:<span "
 "style='background-color: rgba(0.0, 165.0, 0, 0.15); border-radius: 3px;' "
 'title=\'1.0\'>_||>",<||_html:</span>_||><||_html:<span '
 "style='background-color: rgba(0.0, 165.0, 0, 0.15); border-radius: 3px;' "
 "title='1.0'>_||>\n"
 "<||_html:</span>_||><||_html:<span style='background-color: rgba(0.0, 165.0, "
 "0, 0.15); border-radius: 3px;' title='1.0'>_||>     "
 "<||_html:</span>_||><||_html:<span style='background-color: rgba(0.0, 165.0, "
 "0, 0.15); border-radius: 3px;' title='1.0'>_||> "
 '"<||_html:</span>_||><||_html:<span style=\'background-color: rgba(0.0, '
 "165.0, 0, 0.15); border-radius: 3px;' "
 "title='1.0'>_||>release<||_html:</span>_||><||_html:<span "
 "style='background-color: rgba(0.0, 165.0, 0, 0.15); border-radius: 3px;' "
 "title='1.0'>_||>_<||_html:</span>_||><||_html:<span style='background-color: "
 "rgba(0.0, 165.0, 0, 0.15); border-radius: 3px;' "
 "title='1.0'>_||>note<||_html:</span>_||><||_html:<span "
 "style='background-color: rgba(0.0, 165.0, 0, 0.15); border-radius: 3px;' "
 'title=\'1.0\'>_||>":<||_html:</span>_||><||_html:<span '
 "style='background-color: rgba(0.0, 165.0, 0, 0.15); border-radius: 3px;' "
 'title=\'1.0\'>_||> "<||_html:</span>_||><||_html:<span '
 "style='background-color: rgba(0.0, 165.0, 0, 0.15); border-radius: 3px;' "
 "title='1.0'>_||>The<||_html:</span>_||><||_html:<span "
 "style='background-color: rgba(0.0, 165.0, 0, 0.15); border-radius: 3px;' "
 "title='1.0'>_||> '<||_html:</span>_||><||_html:<span "
 "style='background-color: rgba(0.0, 165.0, 0, 0.15); border-radius: 3px;' "
 "title='1.0'>_||>get<||_html:</span>_||><||_html:<span "
 "style='background-color: rgba(0.0, 165.0, 0, 0.15); border-radius: 3px;' "
 "title='1.0'>_||>Product<||_html:</span>_||><||_html:<span "
 "style='background-color: rgba(0.0, 165.0, 0, 0.15); border-radius: 3px;' "
 "title='1.0'>_||>'<||_html:</span>_||><||_html:<span style='background-color: "
 "rgba(0.0, 165.0, 0, 0.15); border-radius: 3px;' title='1.0'>_||> "
 "query<||_html:</span>_||><||_html:<span style='background-color: rgba(0.0, "
 "165.0, 0, 0.15); border-radius: 3px;' title='1.0'>_||> "
 "now<||_html:</span>_||><||_html:<span style='background-color: rgba(0.0, "
 "165.0, 0, 0.15); border-radius: 3px;' title='1.0'>_||> "
 "includes<||_html:</span>_||><||_html:<span style='background-color: "
 "rgba(0.0, 165.0, 0, 0.15); border-radius: 3px;' title='1.0'>_||> "
 "a<||_html:</span>_||><||_html:<span style='background-color: rgba(0.0, "
 "165.0, 0, 0.15); border-radius: 3px;' title='1.0'>_||> "
 "new<||_html:</span>_||><||_html:<span style='background-color: rgba(0.0, "
 "165.0, 0, 0.15); border-radius: 3px;' title='1.0'>_||> "
 "field<||_html:</span>_||><||_html:<span style='background-color: rgba(0.0, "
 "165.0, 0, 0.15); border-radius: 3px;' title='1.0'>_||> "
 "'<||_html:</span>_||><||_html:<span style='background-color: rgba(0.0, "
 "165.0, 0, 0.15); border-radius: 3px;' "
 "title='1.0'>_||>details<||_html:</span>_||><||_html:<span "
 "style='background-color: rgba(0.0, 165.0, 0, 0.15); border-radius: 3px;' "
 "title='1.0'>_||>'<||_html:</span>_||><||_html:<span style='background-color: "
 "rgba(0.0, 165.0, 0, 0.15); border-radius: 3px;' title='1.0'>_||> "
 "of<||_html:</span>_||><||_html:<span style='background-color: rgba(0.0, "
 "165.0, 0, 0.15); border-radius: 3px;' title='1.0'>_||> "
 "type<||_html:</span>_||><||_html:<span style='background-color: rgba(0.0, "
 "165.0, 0, 0.15); border-radius: 3px;' title='1.0'>_||> "
 "String<||_html:</span>_||><||_html:<span style='background-color: rgba(0.0, "
 "165.0, 0, 0.15); border-radius: 3px;' "
 'title=\'1.0\'>_||>."<||_html:</span>_||><||_html:<span '
 "style='background-color: rgba(0.0, 165.0, 0, 0.15); border-radius: 3px;' "
 "title='1.0'>_||>\n"
 "<||_html:</span>_||><||_html:<span style='background-color: rgba(0.0, 165.0, "
 "0, 0.15); border-radius: 3px;' title='1.0'>_||>   "
 "<||_html:</span>_||><||_html:<span style='background-color: rgba(0.0, 165.0, "
 "0, 0.15); border-radius: 3px;' title='1.0'>_||> "
 "},<||_html:</span>_||><||_html:<span style='background-color: rgba(0.0, "
 "165.0, 0, 0.15); border-radius: 3px;' title='1.0'>_||>\n"
 "<||_html:</span>_||><||_html:<span style='background-color: rgba(0.0, 165.0, "
 "0, 0.15); border-radius: 3px;' title='1.0'>_||>   "
 "<||_html:</span>_||><||_html:<span style='background-color: rgba(0.0, 165.0, "
 "0, 0.15); border-radius: 3px;' title='1.0'>_||> "
 "{<||_html:</span>_||><||_html:<span style='background-color: rgba(0.0, "
 "165.0, 0, 0.15); border-radius: 3px;' title='1.0'>_||>\n"
 "<||_html:</span>_||><||_html:<span style='background-color: rgba(0.0, 165.0, "
 "0, 0.15); border-radius: 3px;' title='1.0'>_||>     "
 "<||_html:</span>_||><||_html:<span style='background-color: rgba(0.0, 165.0, "
 "0, 0.15); border-radius: 3px;' title='1.0'>_||> "
 '"<||_html:</span>_||><||_html:<span style=\'background-color: rgba(0.0, '
 "165.0, 0, 0.15); border-radius: 3px;' "
 "title='1.0'>_||>type<||_html:</span>_||><||_html:<span "
 "style='background-color: rgba(0.0, 165.0, 0, 0.15); border-radius: 3px;' "
 'title=\'1.0\'>_||>":<||_html:</span>_||><||_html:<span '
 "style='background-color: rgba(0.0, 165.0, 0, 0.15); border-radius: 3px;' "
 'title=\'1.0\'>_||> "<||_html:</span>_||><||_html:<span '
 "style='background-color: rgba(0.0, 165.0, 0, 0.15); border-radius: 3px;' "
 "title='1.0'>_||>Product<||_html:</span>_||><||_html:<span "
 "style='background-color: rgba(0.0, 165.0, 0, 0.15); border-radius: 3px;' "
 'title=\'1.0\'>_||>",<||_html:</span>_||><||_html:<span '
 "style='background-color: rgba(0.0, 165.0, 0, 0.15); border-radius: 3px;' "
 "title='1.0'>_||>\n"
 "<||_html:</span>_||><||_html:<span style='background-color: rgba(0.0, 165.0, "
 "0, 0.15); border-radius: 3px;' title='1.0'>_||>     "
 "<||_html:</span>_||><||_html:<span style='background-color: rgba(0.0, 165.0, "
 "0, 0.15); border-radius: 3px;' title='1.0'>_||> "
 '"<||_html:</span>_||><||_html:<span style=\'background-color: rgba(0.0, '
 "165.0, 0, 0.15); border-radius: 3px;' "
 "title='1.0'>_||>field<||_html:</span>_||><||_html:<span "
 "style='background-color: rgba(0.0, 165.0, 0, 0.15); border-radius: 3px;' "
 'title=\'1.0\'>_||>":<||_html:</span>_||><||_html:<span '
 "style='background-color: rgba(0.0, 165.0, 0, 0.15); border-radius: 3px;' "
 'title=\'1.0\'>_||> "<||_html:</span>_||><||_html:<span '
 "style='background-color: rgba(0.0, 165.0, 0, 0.15); border-radius: 3px;' "
 "title='1.0'>_||>description<||_html:</span>_||><||_html:<span "
 "style='background-color: rgba(0.0, 165.0, 0, 0.15); border-radius: 3px;' "
 'title=\'1.0\'>_||>",<||_html:</span>_||><||_html:<span '
 "style='background-color: rgba(0.0, 165.0, 0, 0.15); border-radius: 3px;' "
 "title='1.0'>_||>\n"
 "<||_html:</span>_||><||_html:<span style='background-color: rgba(0.0, 165.0, "
 "0, 0.15); border-radius: 3px;' title='1.0'>_||>     "
 "<||_html:</span>_||><||_html:<span style='background-color: rgba(0.0, 165.0, "
 "0, 0.15); border-radius: 3px;' title='1.0'>_||> "
 '"<||_html:</span>_||><||_html:<span style=\'background-color: rgba(0.0, '
 "165.0, 0, 0.15); border-radius: 3px;' "
 "title='1.0'>_||>change<||_html:</span>_||><||_html:<span "
 "style='background-color: rgba(0.0, 165.0, 0, 0.15); border-radius: 3px;' "
 'title=\'1.0\'>_||>":<||_html:</span>_||><||_html:<span '
 "style='background-color: rgba(0.0, 165.0, 0, 0.15); border-radius: 3px;' "
 'title=\'1.0\'>_||> "<||_html:</span>_||><||_html:<span '
 "style='background-color: rgba(0.0, 165.0, 0, 0.15); border-radius: 3px;' "
 "title='1.0'>_||>field<||_html:</span>_||><||_html:<span "
 "style='background-color: rgba(0.0, 165.0, 0, 0.15); border-radius: 3px;' "
 "title='1.0'>_||> removed<||_html:</span>_||><||_html:<span "
 "style='background-color: rgba(0.0, 165.0, 0, 0.15); border-radius: 3px;' "
 'title=\'1.0\'>_||>",<||_html:</span>_||><||_html:<span '
 "style='background-color: rgba(0.0, 165.0, 0, 0.15); border-radius: 3px;' "
 "title='1.0'>_||>\n"
 "<||_html:</span>_||><||_html:<span style='background-color: rgba(0.0, 165.0, "
 "0, 0.15); border-radius: 3px;' title='1.0'>_||>     "
 "<||_html:</span>_||><||_html:<span style='background-color: rgba(0.0, 165.0, "
 "0, 0.15); border-radius: 3px;' title='1.0'>_||> "
 '"<||_html:</span>_||><||_html:<span style=\'background-color: rgba(0.0, '
 "165.0, 0, 0.15); border-radius: 3px;' "
 "title='1.0'>_||>breaking<||_html:</span>_||><||_html:<span "
 "style='background-color: rgba(0.0, 165.0, 0, 0.15); border-radius: 3px;' "
 'title=\'1.0\'>_||>":<||_html:</span>_||><||_html:<span '
 "style='background-color: rgba(0.0, 165.0, 0, 0.15); border-radius: 3px;' "
 'title=\'1.0\'>_||> "<||_html:</span>_||><||_html:<span '
 "style='background-color: rgba(0.0, 165.0, 0, 0.15); border-radius: 3px;' "
 "title='1.0'>_||>true<||_html:</span>_||><||_html:<span "
 "style='background-color: rgba(0.0, 165.0, 0, 0.15); border-radius: 3px;' "
 'title=\'1.0\'>_||>",<||_html:</span>_||><||_html:<span '
 "style='background-color: rgba(0.0, 165.0, 0, 0.15); border-radius: 3px;' "
 "title='1.0'>_||>\n"
 "<||_html:</span>_||><||_html:<span style='background-color: rgba(0.0, 165.0, "
 "0, 0.15); border-radius: 3px;' title='1.0'>_||>     "
 "<||_html:</span>_||><||_html:<span style='background-color: rgba(0.0, 165.0, "
 "0, 0.15); border-radius: 3px;' title='1.0'>_||> "
 '"<||_html:</span>_||><||_html:<span style=\'background-color: rgba(0.0, '
 "165.0, 0, 0.15); border-radius: 3px;' "
 "title='1.0'>_||>release<||_html:</span>_||><||_html:<span "
 "style='background-color: rgba(0.0, 165.0, 0, 0.15); border-radius: 3px;' "
 "title='1.0'>_||>_<||_html:</span>_||><||_html:<span style='background-color: "
 "rgba(0.0, 165.0, 0, 0.15); border-radius: 3px;' "
 "title='1.0'>_||>note<||_html:</span>_||><||_html:<span "
 "style='background-color: rgba(0.0, 165.0, 0, 0.15); border-radius: 3px;' "
 'title=\'1.0\'>_||>":<||_html:</span>_||><||_html:<span '
 "style='background-color: rgba(0.0, 165.0, 0, 0.15); border-radius: 3px;' "
 'title=\'1.0\'>_||> "<||_html:</span>_||><||_html:<span '
 "style='background-color: rgba(0.0, 165.0, 0, 0.15); border-radius: 3px;' "
 "title='1.0'>_||>The<||_html:</span>_||><||_html:<span "
 "style='background-color: rgba(0.0, 165.0, 0, 0.15); border-radius: 3px;' "
 "title='1.0'>_||> '<||_html:</span>_||><||_html:<span "
 "style='background-color: rgba(0.0, 165.0, 0, 0.15); border-radius: 3px;' "
 "title='1.0'>_||>Product<||_html:</span>_||><||_html:<span "
 "style='background-color: rgba(0.0, 165.0, 0, 0.15); border-radius: 3px;' "
 "title='1.0'>_||>'<||_html:</span>_||><||_html:<span style='background-color: "
 "rgba(0.0, 165.0, 0, 0.15); border-radius: 3px;' title='1.0'>_||> "
 "type<||_html:</span>_||><||_html:<span style='background-color: rgba(0.0, "
 "165.0, 0, 0.15); border-radius: 3px;' title='1.0'>_||> "
 "no<||_html:</span>_||><||_html:<span style='background-color: rgba(0.0, "
 "165.0, 0, 0.15); border-radius: 3px;' title='1.0'>_||> "
 "longer<||_html:</span>_||><||_html:<span style='background-color: rgba(0.0, "
 "165.0, 0, 0.15); border-radius: 3px;' title='1.0'>_||> "
 "includes<||_html:</span>_||><||_html:<span style='background-color: "
 "rgba(0.0, 165.0, 0, 0.15); border-radius: 3px;' title='1.0'>_||> "
 "the<||_html:</span>_||><||_html:<span style='background-color: rgba(0.0, "
 "165.0, 0, 0.15); border-radius: 3px;' title='1.0'>_||> "
 "'<||_html:</span>_||><||_html:<span style='background-color: rgba(0.0, "
 "165.0, 0, 0.15); border-radius: 3px;' "
 "title='1.0'>_||>description<||_html:</span>_||><||_html:<span "
 "style='background-color: rgba(0.0, 165.0, 0, 0.15); border-radius: 3px;' "
 "title='1.0'>_||>'<||_html:</span>_||><||_html:<span style='background-color: "
 "rgba(0.0, 165.0, 0, 0.15); border-radius: 3px;' title='1.0'>_||> "
 "field<||_html:</span>_||><||_html:<span style='background-color: rgba(0.0, "
 "165.0, 0, 0.15); border-radius: 3px;' "
 'title=\'1.0\'>_||>."<||_html:</span>_||><||_html:<span '
 "style='background-color: rgba(0.0, 165.0, 0, 0.15); border-radius: 3px;' "
 "title='1.0'>_||>\n"
 "<||_html:</span>_||><||_html:<span style='background-color: rgba(0.0, 165.0, "
 "0, 0.15); border-radius: 3px;' title='1.0'>_||>   "
 "<||_html:</span>_||><||_html:<span style='background-color: rgba(0.0, 165.0, "
 "0, 0.15); border-radius: 3px;' title='1.0'>_||> "
 "},<||_html:</span>_||><||_html:<span style='background-color: rgba(0.0, "
 "165.0, 0, 0.15); border-radius: 3px;' title='1.0'>_||>\n"
 "<||_html:</span>_||><||_html:<span style='background-color: rgba(0.0, 165.0, "
 "0, 0.15); border-radius: 3px;' title='1.0'>_||>   "
 "<||_html:</span>_||><||_html:<span style='background-color: rgba(0.0, 165.0, "
 "0, 0.15); border-radius: 3px;' title='1.0'>_||> "
 "{<||_html:</span>_||><||_html:<span style='background-color: rgba(0.0, "
 "165.0, 0, 0.15); border-radius: 3px;' title='1.0'>_||>\n"
 "<||_html:</span>_||><||_html:<span style='background-color: rgba(0.0, 165.0, "
 "0, 0.15); border-radius: 3px;' title='1.0'>_||>     "
 "<||_html:</span>_||><||_html:<span style='background-color: rgba(0.0, 165.0, "
 "0, 0.15); border-radius: 3px;' title='1.0'>_||> "
 '"<||_html:</span>_||><||_html:<span style=\'background-color: rgba(0.0, '
 "165.0, 0, 0.15); border-radius: 3px;' "
 "title='1.0'>_||>type<||_html:</span>_||><||_html:<span "
 "style='background-color: rgba(0.0, 165.0, 0, 0.15); border-radius: 3px;' "
 'title=\'1.0\'>_||>":<||_html:</span>_||><||_html:<span '
 "style='background-color: rgba(0.0, 165.0, 0, 0.15); border-radius: 3px;' "
 'title=\'1.0\'>_||> "<||_html:</span>_||><||_html:<span '
 "style='background-color: rgba(0.0, 165.0, 0, 0.15); border-radius: 3px;' "
 "title='1.0'>_||>Product<||_html:</span>_||><||_html:<span "
 "style='background-color: rgba(0.0, 165.0, 0, 0.15); border-radius: 3px;' "
 'title=\'1.0\'>_||>",<||_html:</span>_||><||_html:<span '
 "style='background-color: rgba(0.0, 165.0, 0, 0.15); border-radius: 3px;' "
 "title='1.0'>_||>\n"
 "<||_html:</span>_||><||_html:<span style='background-color: rgba(0.0, 165.0, "
 "0, 0.15); border-radius: 3px;' title='1.0'>_||>     "
 "<||_html:</span>_||><||_html:<span style='background-color: rgba(0.0, 165.0, "
 "0, 0.15); border-radius: 3px;' title='1.0'>_||> "
 '"<||_html:</span>_||><||_html:<span style=\'background-color: rgba(0.0, '
 "165.0, 0, 0.15); border-radius: 3px;' "
 "title='1.0'>_||>field<||_html:</span>_||><||_html:<span "
 "style='background-color: rgba(0.0, 165.0, 0, 0.15); border-radius: 3px;' "
 'title=\'1.0\'>_||>":<||_html:</span>_||><||_html:<span '
 "style='background-color: rgba(0.0, 165.0, 0, 0.15); border-radius: 3px;' "
 'title=\'1.0\'>_||> "<||_html:</span>_||><||_html:<span '
 "style='background-color: rgba(0.0, 165.0, 0, 0.15); border-radius: 3px;' "
 "title='1.0'>_||>stock<||_html:</span>_||><||_html:<span "
 "style='background-color: rgba(0.0, 165.0, 0, 0.15); border-radius: 3px;' "
 'title=\'1.0\'>_||>",<||_html:</span>_||><||_html:<span '
 "style='background-color: rgba(0.0, 165.0, 0, 0.15); border-radius: 3px;' "
 "title='1.0'>_||>\n"
 "<||_html:</span>_||><||_html:<span style='background-color: rgba(0.0, 165.0, "
 "0, 0.15); border-radius: 3px;' title='1.0'>_||>     "
 "<||_html:</span>_||><||_html:<span style='background-color: rgba(0.0, 165.0, "
 "0, 0.15); border-radius: 3px;' title='1.0'>_||> "
 '"<||_html:</span>_||><||_html:<span style=\'background-color: rgba(0.0, '
 "165.0, 0, 0.15); border-radius: 3px;' "
 "title='1.0'>_||>change<||_html:</span>_||><||_html:<span "
 "style='background-color: rgba(0.0, 165.0, 0, 0.15); border-radius: 3px;' "
 'title=\'1.0\'>_||>":<||_html:</span>_||><||_html:<span '
 "style='background-color: rgba(0.0, 165.0, 0, 0.15); border-radius: 3px;' "
 'title=\'1.0\'>_||> "<||_html:</span>_||><||_html:<span '
 "style='background-color: rgba(0.0, 165.0, 0, 0.15); border-radius: 3px;' "
 "title='1.0'>_||>field<||_html:</span>_||><||_html:<span "
 "style='background-color: rgba(0.0, 165.0, 0, 0.15); border-radius: 3px;' "
 "title='1.0'>_||> removed<||_html:</span>_||><||_html:<span "
 "style='background-color: rgba(0.0, 165.0, 0, 0.15); border-radius: 3px;' "
 'title=\'1.0\'>_||>",<||_html:</span>_||><||_html:<span '
 "style='background-color: rgba(0.0, 165.0, 0, 0.15); border-radius: 3px;' "
 "title='1.0'>_||>\n"
 "<||_html:</span>_||><||_html:<span style='background-color: rgba(0.0, 165.0, "
 "0, 0.15); border-radius: 3px;' title='1.0'>_||>     "
 "<||_html:</span>_||><||_html:<span style='background-color: rgba(0.0, 165.0, "
 "0, 0.15); border-radius: 3px;' title='1.0'>_||> "
 '"<||_html:</span>_||><||_html:<span style=\'background-color: rgba(0.0, '
 "165.0, 0, 0.15); border-radius: 3px;' "
 "title='1.0'>_||>breaking<||_html:</span>_||><||_html:<span "
 "style='background-color: rgba(0.0, 165.0, 0, 0.15); border-radius: 3px;' "
 'title=\'1.0\'>_||>":<||_html:</span>_||><||_html:<span '
 "style='background-color: rgba(0.0, 165.0, 0, 0.15); border-radius: 3px;' "
 'title=\'1.0\'>_||> "<||_html:</span>_||><||_html:<span '
 "style='background-color: rgba(0.0, 165.0, 0, 0.15); border-radius: 3px;' "
 "title='1.0'>_||>true<||_html:</span>_||><||_html:<span "
 "style='background-color: rgba(0.0, 165.0, 0, 0.15); border-radius: 3px;' "
 'title=\'1.0\'>_||>",<||_html:</span>_||><||_html:<span '
 "style='background-color: rgba(0.0, 165.0, 0, 0.15); border-radius: 3px;' "
 "title='1.0'>_||>\n"
 "<||_html:</span>_||><||_html:<span style='background-color: rgba(0.0, 165.0, "
 "0, 0.15); border-radius: 3px;' title='1.0'>_||>     "
 "<||_html:</span>_||><||_html:<span style='background-color: rgba(0.0, 165.0, "
 "0, 0.15); border-radius: 3px;' title='1.0'>_||> "
 '"<||_html:</span>_||><||_html:<span style=\'background-color: rgba(0.0, '
 "165.0, 0, 0.15); border-radius: 3px;' "
 "title='1.0'>_||>release<||_html:</span>_||><||_html:<span "
 "style='background-color: rgba(0.0, 165.0, 0, 0.15); border-radius: 3px;' "
 "title='1.0'>_||>_<||_html:</span>_||><||_html:<span style='background-color: "
 "rgba(0.0, 165.0, 0, 0.15); border-radius: 3px;' "
 "title='1.0'>_||>note<||_html:</span>_||><||_html:<span "
 "style='background-color: rgba(0.0, 165.0, 0, 0.15); border-radius: 3px;' "
 'title=\'1.0\'>_||>":<||_html:</span>_||><||_html:<span '
 "style='background-color: rgba(0.0, 165.0, 0, 0.15); border-radius: 3px;' "
 'title=\'1.0\'>_||> "<||_html:</span>_||><||_html:<span '
 "style='background-color: rgba(0.0, 165.0, 0, 0.15); border-radius: 3px;' "
 "title='1.0'>_||>The<||_html:</span>_||><||_html:<span "
 "style='background-color: rgba(0.0, 165.0, 0, 0.15); border-radius: 3px;' "
 "title='1.0'>_||> '<||_html:</span>_||><||_html:<span "
 "style='background-color: rgba(0.0, 165.0, 0, 0.15); border-radius: 3px;' "
 "title='1.0'>_||>Product<||_html:</span>_||><||_html:<span "
 "style='background-color: rgba(0.0, 165.0, 0, 0.15); border-radius: 3px;' "
 "title='1.0'>_||>'<||_html:</span>_||><||_html:<span style='background-color: "
 "rgba(0.0, 165.0, 0, 0.15); border-radius: 3px;' title='1.0'>_||> "
 "type<||_html:</span>_||><||_html:<span style='background-color: rgba(0.0, "
 "165.0, 0, 0.15); border-radius: 3px;' title='1.0'>_||> "
 "no<||_html:</span>_||><||_html:<span style='background-color: rgba(0.0, "
 "165.0, 0, 0.15); border-radius: 3px;' title='1.0'>_||> "
 "longer<||_html:</span>_||><||_html:<span style='background-color: rgba(0.0, "
 "165.0, 0, 0.15); border-radius: 3px;' title='1.0'>_||> "
 "includes<||_html:</span>_||><||_html:<span style='background-color: "
 "rgba(0.0, 165.0, 0, 0.15); border-radius: 3px;' title='1.0'>_||> "
 "the<||_html:</span>_||><||_html:<span style='background-color: rgba(0.0, "
 "165.0, 0, 0.15); border-radius: 3px;' title='1.0'>_||> "
 "'<||_html:</span>_||><||_html:<span style='background-color: rgba(0.0, "
 "165.0, 0, 0.15); border-radius: 3px;' "
 "title='1.0'>_||>stock<||_html:</span>_||><||_html:<span "
 "style='background-color: rgba(0.0, 165.0, 0, 0.15); border-radius: 3px;' "
 "title='1.0'>_||>'<||_html:</span>_||><||_html:<span style='background-color: "
 "rgba(0.0, 165.0, 0, 0.15); border-radius: 3px;' title='1.0'>_||> "
 "field<||_html:</span>_||><||_html:<span style='background-color: rgba(0.0, "
 "165.0, 0, 0.15); border-radius: 3px;' "
 'title=\'1.0\'>_||>."<||_html:</span>_||><||_html:<span '
 "style='background-color: rgba(0.0, 165.0, 0, 0.15); border-radius: 3px;' "
 "title='1.0'>_||>\n"
 "<||_html:</span>_||><||_html:<span style='background-color: rgba(0.0, 165.0, "
 "0, 0.15); border-radius: 3px;' title='1.0'>_||>   "
 "<||_html:</span>_||><||_html:<span style='background-color: rgba(0.0, 165.0, "
 "0, 0.15); border-radius: 3px;' title='1.0'>_||> "
 "}<||_html:</span>_||><||_html:<span style='background-color: rgba(0.0, "
 "165.0, 0, 0.15); border-radius: 3px;' title='1.0'>_||>\n"
 "<||_html:</span>_||><||_html:<span style='background-color: rgba(0.0, 165.0, "
 "0, 0.15); border-radius: 3px;' title='1.0'>_||> "
 "<||_html:</span>_||><||_html:<span style='background-color: rgba(0.0, 165.0, "
 "0, 0.15); border-radius: 3px;' title='1.0'>_||> "
 "],<||_html:</span>_||><||_html:<span style='background-color: rgba(0.0, "
 "165.0, 0, 0.15); border-radius: 3px;' title='1.0'>_||>\n"
 "<||_html:</span>_||><||_html:<span style='background-color: rgba(0.0, 165.0, "
 "0, 0.15); border-radius: 3px;' title='1.0'>_||> "
 "<||_html:</span>_||><||_html:<span style='background-color: rgba(0.0, 165.0, "
 "0, 0.15); border-radius: 3px;' title='1.0'>_||> "
 '"<||_html:</span>_||><||_html:<span style=\'background-color: rgba(0.0, '
 "165.0, 0, 0.15); border-radius: 3px;' "
 "title='1.0'>_||>release<||_html:</span>_||><||_html:<span "
 "style='background-color: rgba(0.0, 165.0, 0, 0.15); border-radius: 3px;' "
 "title='1.0'>_||>_<||_html:</span>_||><||_html:<span style='background-color: "
 "rgba(0.0, 165.0, 0, 0.15); border-radius: 3px;' "
 "title='1.0'>_||>notes<||_html:</span>_||><||_html:<span "
 "style='background-color: rgba(0.0, 165.0, 0, 0.15); border-radius: 3px;' "
 'title=\'1.0\'>_||>":<||_html:</span>_||><||_html:<span '
 "style='background-color: rgba(0.0, 165.0, 0, 0.15); border-radius: 3px;' "
 "title='1.0'>_||> {<||_html:</span>_||><||_html:<span "
 "style='background-color: rgba(0.0, 165.0, 0, 0.15); border-radius: 3px;' "
 "title='1.0'>_||>\n"
 "<||_html:</span>_||><||_html:<span style='background-color: rgba(0.0, 165.0, "
 "0, 0.15); border-radius: 3px;' title='1.0'>_||>   "
 "<||_html:</span>_||><||_html:<span style='background-color: rgba(0.0, 165.0, "
 "0, 0.15); border-radius: 3px;' title='1.0'>_||> "
 '"<||_html:</span>_||><||_html:<span style=\'background-color: rgba(0.0, '
 "165.0, 0, 0.15); border-radius: 3px;' "
 "title='1.0'>_||>summary<||_html:</span>_||><||_html:<span "
 "style='background-color: rgba(0.0, 165.0, 0, 0.15); border-radius: 3px;' "
 'title=\'1.0\'>_||>":<||_html:</span>_||><||_html:<span '
 "style='background-color: rgba(0.0, 165.0, 0, 0.15); border-radius: 3px;' "
 'title=\'1.0\'>_||> "<||_html:</span>_||><||_html:<span '
 "style='background-color: rgba(0.0, 165.0, 0, 0.15); border-radius: 3px;' "
 "title='1.0'>_||>The<||_html:</span>_||><||_html:<span "
 "style='background-color: rgba(0.0, 165.0, 0, 0.15); border-radius: 3px;' "
 "title='1.0'>_||> '<||_html:</span>_||><||_html:<span "
 "style='background-color: rgba(0.0, 165.0, 0, 0.15); border-radius: 3px;' "
 "title='1.0'>_||>get<||_html:</span>_||><||_html:<span "
 "style='background-color: rgba(0.0, 165.0, 0, 0.15); border-radius: 3px;' "
 "title='1.0'>_||>Product<||_html:</span>_||><||_html:<span "
 "style='background-color: rgba(0.0, 165.0, 0, 0.15); border-radius: 3px;' "
 "title='1.0'>_||>'<||_html:</span>_||><||_html:<span style='background-color: "
 "rgba(0.0, 165.0, 0, 0.15); border-radius: 3px;' title='1.0'>_||> "
 "query<||_html:</span>_||><||_html:<span style='background-color: rgba(0.0, "
 "165.0, 0, 0.15); border-radius: 3px;' title='1.0'>_||> "
 "now<||_html:</span>_||><||_html:<span style='background-color: rgba(0.0, "
 "165.0, 0, 0.15); border-radius: 3px;' title='1.0'>_||> "
 "includes<||_html:</span>_||><||_html:<span style='background-color: "
 "rgba(0.0, 165.0, 0, 0.15); border-radius: 3px;' title='1.0'>_||> "
 "a<||_html:</span>_||><||_html:<span style='background-color: rgba(0.0, "
 "165.0, 0, 0.15); border-radius: 3px;' title='1.0'>_||> "
 "new<||_html:</span>_||><||_html:<span style='background-color: rgba(0.0, "
 "165.0, 0, 0.15); border-radius: 3px;' title='1.0'>_||> "
 "field<||_html:</span>_||><||_html:<span style='background-color: rgba(0.0, "
 "165.0, 0, 0.15); border-radius: 3px;' title='1.0'>_||> "
 "'<||_html:</span>_||><||_html:<span style='background-color: rgba(0.0, "
 "165.0, 0, 0.15); border-radius: 3px;' "
 "title='1.0'>_||>details<||_html:</span>_||><||_html:<span "
 "style='background-color: rgba(0.0, 165.0, 0, 0.15); border-radius: 3px;' "
 "title='1.0'>_||>'<||_html:</span>_||><||_html:<span style='background-color: "
 "rgba(0.0, 165.0, 0, 0.15); border-radius: 3px;' title='1.0'>_||> "
 "of<||_html:</span>_||><||_html:<span style='background-color: rgba(0.0, "
 "165.0, 0, 0.15); border-radius: 3px;' title='1.0'>_||> "
 "type<||_html:</span>_||><||_html:<span style='background-color: rgba(0.0, "
 "165.0, 0, 0.15); border-radius: 3px;' title='1.0'>_||> "
 "String<||_html:</span>_||><||_html:<span style='background-color: rgba(0.0, "
 "165.0, 0, 0.15); border-radius: 3px;' "
 "title='1.0'>_||>.<||_html:</span>_||><||_html:<span style='background-color: "
 "rgba(0.0, 165.0, 0, 0.15); border-radius: 3px;' title='1.0'>_||> "
 "The<||_html:</span>_||><||_html:<span style='background-color: rgba(0.0, "
 "165.0, 0, 0.15); border-radius: 3px;' title='1.0'>_||> "
 "'<||_html:</span>_||><||_html:<span style='background-color: rgba(0.0, "
 "165.0, 0, 0.15); border-radius: 3px;' "
 "title='1.0'>_||>Product<||_html:</span>_||><||_html:<span "
 "style='background-color: rgba(0.0, 165.0, 0, 0.15); border-radius: 3px;' "
 "title='1.0'>_||>'<||_html:</span>_||><||_html:<span style='background-color: "
 "rgba(0.0, 165.0, 0, 0.15); border-radius: 3px;' title='1.0'>_||> "
 "type<||_html:</span>_||><||_html:<span style='background-color: rgba(0.0, "
 "165.0, 0, 0.15); border-radius: 3px;' title='1.0'>_||> "
 "no<||_html:</span>_||><||_html:<span style='background-color: rgba(0.0, "
 "165.0, 0, 0.15); border-radius: 3px;' title='1.0'>_||> "
 "longer<||_html:</span>_||><||_html:<span style='background-color: rgba(0.0, "
 "165.0, 0, 0.15); border-radius: 3px;' title='1.0'>_||> "
 "includes<||_html:</span>_||><||_html:<span style='background-color: "
 "rgba(0.0, 165.0, 0, 0.15); border-radius: 3px;' title='1.0'>_||> "
 "the<||_html:</span>_||><||_html:<span style='background-color: rgba(0.0, "
 "165.0, 0, 0.15); border-radius: 3px;' title='1.0'>_||> "
 "'<||_html:</span>_||><||_html:<span style='background-color: rgba(0.0, "
 "165.0, 0, 0.15); border-radius: 3px;' "
 "title='1.0'>_||>description<||_html:</span>_||><||_html:<span "
 "style='background-color: rgba(0.0, 165.0, 0, 0.15); border-radius: 3px;' "
 "title='1.0'>_||>'<||_html:</span>_||><||_html:<span style='background-color: "
 "rgba(0.0, 165.0, 0, 0.15); border-radius: 3px;' title='1.0'>_||> "
 "and<||_html:</span>_||><||_html:<span style='background-color: rgba(0.0, "
 "165.0, 0, 0.15); border-radius: 3px;' title='1.0'>_||> "
 "'<||_html:</span>_||><||_html:<span style='background-color: rgba(0.0, "
 "165.0, 0, 0.15); border-radius: 3px;' "
 "title='1.0'>_||>stock<||_html:</span>_||><||_html:<span "
 "style='background-color: rgba(0.0, 165.0, 0, 0.15); border-radius: 3px;' "
 "title='1.0'>_||>'<||_html:</span>_||><||_html:<span style='background-color: "
 "rgba(0.0, 165.0, 0, 0.15); border-radius: 3px;' title='1.0'>_||> "
 "fields<||_html:</span>_||><||_html:<span style='background-color: rgba(0.0, "
 "165.0, 0, 0.15); border-radius: 3px;' "
 'title=\'1.0\'>_||>."<||_html:</span>_||><||_html:<span '
 "style='background-color: rgba(0.0, 165.0, 0, 0.15); border-radius: 3px;' "
 "title='1.0'>_||>\n"
 "<||_html:</span>_||><||_html:<span style='background-color: rgba(0.0, 165.0, "
 "0, 0.15); border-radius: 3px;' title='1.0'>_||> "
 "<||_html:</span>_||><||_html:<span style='background-color: rgba(0.0, 165.0, "
 "0, 0.15); border-radius: 3px;' title='1.0'>_||> "
 "}<||_html:</span>_||><||_html:<span style='background-color: rgba(0.0, "
 "165.0, 0, 0.15); border-radius: 3px;' title='1.0'>_||>\n"
 "<||_html:</span>_||><||_html:<span style='background-color: rgba(0.0, 165.0, "
 "0, 0.15); border-radius: 3px;' "
 'title=\'1.0\'>_||>}<||_html:</span>_||>{"changes":<||_html:<span '
 "style='background-color: rgba(0.0, 165.0, 0, 0.15); border-radius: 3px;' "
 "title='1.0'>_||>[<||_html:</span>_||><||_html:<span style='background-color: "
 "rgba(0.0, 165.0, 0, 0.15); border-radius: 3px;' "
 'title=\'1.0\'>_||>{"<||_html:</span>_||>type<||_html:<span '
 "style='background-color: rgba(0.0, 165.0, 0, 0.15); border-radius: 3px;' "
 'title=\'1.0\'>_||>":"<||_html:</span>_||><||_html:<span '
 "style='background-color: rgba(0.0, 165.0, 0, 0.15); border-radius: 3px;' "
 "title='1.0'>_||>Query<||_html:</span>_||><||_html:<span "
 "style='background-color: rgba(0.0, 165.0, 0, 0.15); border-radius: 3px;' "
 'title=\'1.0\'>_||>","<||_html:</span>_||>field<||_html:<span '
 "style='background-color: rgba(0.0, 165.0, 0, 0.15); border-radius: 3px;' "
 'title=\'1.0\'>_||>":"<||_html:</span>_||><||_html:<span '
 "style='background-color: rgba(0.0, 165.0, 0, 0.15); border-radius: 3px;' "
 "title='1.0'>_||>get<||_html:</span>_||><||_html:<span "
 "style='background-color: rgba(0.0, 165.0, 0, 0.15); border-radius: 3px;' "
 "title='1.0'>_||>Product<||_html:</span>_||><||_html:<span "
 "style='background-color: rgba(0.0, 165.0, 0, 0.15); border-radius: 3px;' "
 'title=\'1.0\'>_||>","<||_html:</span>_||>change<||_html:<span '
 "style='background-color: rgba(0.0, 165.0, 0, 0.15); border-radius: 3px;' "
 'title=\'1.0\'>_||>":"<||_html:</span>_||><||_html:<span '
 "style='background-color: rgba(0.0, 165.0, 0, 0.15); border-radius: 3px;' "
 "title='1.0'>_||>field<||_html:</span>_||><||_html:<span "
 "style='background-color: rgba(0.0, 165.0, 0, 0.15); border-radius: 3px;' "
 "title='1.0'>_||> details<||_html:</span>_||><||_html:<span "
 "style='background-color: rgba(0.0, 165.0, 0, 0.15); border-radius: 3px;' "
 "title='1.0'>_||> added<||_html:</span>_||><||_html:<span "
 "style='background-color: rgba(0.0, 165.0, 0, 0.15); border-radius: 3px;' "
 'title=\'1.0\'>_||>","<||_html:</span>_||>breaking<||_html:<span '
 "style='background-color: rgba(0.0, 165.0, 0, 0.15); border-radius: 3px;' "
 'title=\'1.0\'>_||>":<||_html:</span>_||><||_html:<span '
 "style='background-color: rgba(0.0, 165.0, 0, 0.15); border-radius: 3px;' "
 'title=\'1.0\'>_||>false<||_html:</span>_||>,"release_note<||_html:<span '
 "style='background-color: rgba(0.0, 165.0, 0, 0.15); border-radius: 3px;' "
 'title=\'1.0\'>_||>":"<||_html:</span>_||><||_html:<span '
 "style='background-color: rgba(0.0, 165.0, 0, 0.15); border-radius: 3px;' "
 "title='1.0'>_||>The<||_html:</span>_||><||_html:<span "
 "style='background-color: rgba(0.0, 165.0, 0, 0.15); border-radius: 3px;' "
 "title='1.0'>_||> '<||_html:</span>_||><||_html:<span "
 "style='background-color: rgba(0.0, 165.0, 0, 0.15); border-radius: 3px;' "
 "title='1.0'>_||>get<||_html:</span>_||><||_html:<span "
 "style='background-color: rgba(0.0, 165.0, 0, 0.15); border-radius: 3px;' "
 "title='1.0'>_||>Product<||_html:</span>_||><||_html:<span "
 "style='background-color: rgba(0.0, 165.0, 0, 0.15); border-radius: 3px;' "
 "title='1.0'>_||>'<||_html:</span>_||><||_html:<span style='background-color: "
 "rgba(0.0, 165.0, 0, 0.15); border-radius: 3px;' title='1.0'>_||> "
 "query<||_html:</span>_||><||_html:<span style='background-color: rgba(0.0, "
 "165.0, 0, 0.15); border-radius: 3px;' title='1.0'>_||> "
 "now<||_html:</span>_||><||_html:<span style='background-color: rgba(0.0, "
 "165.0, 0, 0.15); border-radius: 3px;' title='1.0'>_||> "
 "includes<||_html:</span>_||><||_html:<span style='background-color: "
 "rgba(0.0, 165.0, 0, 0.15); border-radius: 3px;' title='1.0'>_||> "
 "a<||_html:</span>_||><||_html:<span style='background-color: rgba(0.0, "
 "165.0, 0, 0.15); border-radius: 3px;' title='1.0'>_||> "
 "new<||_html:</span>_||><||_html:<span style='background-color: rgba(0.0, "
 "165.0, 0, 0.15); border-radius: 3px;' title='1.0'>_||> "
 "field<||_html:</span>_||><||_html:<span style='background-color: rgba(0.0, "
 "165.0, 0, 0.15); border-radius: 3px;' title='1.0'>_||> "
 "'<||_html:</span>_||><||_html:<span style='background-color: rgba(0.0, "
 "165.0, 0, 0.15); border-radius: 3px;' "
 "title='1.0'>_||>details<||_html:</span>_||><||_html:<span "
 "style='background-color: rgba(0.0, 165.0, 0, 0.15); border-radius: 3px;' "
 "title='1.0'>_||>'<||_html:</span>_||><||_html:<span style='background-color: "
 "rgba(0.0, 165.0, 0, 0.15); border-radius: 3px;' title='1.0'>_||> "
 "of<||_html:</span>_||><||_html:<span style='background-color: rgba(0.0, "
 "165.0, 0, 0.15); border-radius: 3px;' title='1.0'>_||> "
 "type<||_html:</span>_||><||_html:<span style='background-color: rgba(0.0, "
 "165.0, 0, 0.15); border-radius: 3px;' title='1.0'>_||> "
 "String<||_html:</span>_||><||_html:<span style='background-color: rgba(0.0, "
 "165.0, 0, 0.15); border-radius: 3px;' "
 'title=\'1.0\'>_||>."<||_html:</span>_||><||_html:<span '
 "style='background-color: rgba(0.0, 165.0, 0, 0.15); border-radius: 3px;' "
 'title=\'1.0\'>_||>},<||_html:</span>_||>{"type<||_html:<span '
 "style='background-color: rgba(0.0, 165.0, 0, 0.15); border-radius: 3px;' "
 'title=\'1.0\'>_||>":"<||_html:</span>_||><||_html:<span '
 "style='background-color: rgba(0.0, 165.0, 0, 0.15); border-radius: 3px;' "
 "title='1.0'>_||>Product<||_html:</span>_||><||_html:<span "
 "style='background-color: rgba(0.0, 165.0, 0, 0.15); border-radius: 3px;' "
 'title=\'1.0\'>_||>","<||_html:</span>_||>field<||_html:<span '
 "style='background-color: rgba(0.0, 165.0, 0, 0.15); border-radius: 3px;' "
 'title=\'1.0\'>_||>":"<||_html:</span>_||><||_html:<span '
 "style='background-color: rgba(0.0, 165.0, 0, 0.15); border-radius: 3px;' "
 "title='1.0'>_||>description<||_html:</span>_||><||_html:<span "
 "style='background-color: rgba(0.0, 165.0, 0, 0.15); border-radius: 3px;' "
 'title=\'1.0\'>_||>","<||_html:</span>_||>change<||_html:<span '
 "style='background-color: rgba(0.0, 165.0, 0, 0.15); border-radius: 3px;' "
 'title=\'1.0\'>_||>":"<||_html:</span>_||><||_html:<span '
 "style='background-color: rgba(0.0, 165.0, 0, 0.15); border-radius: 3px;' "
 "title='1.0'>_||>field<||_html:</span>_||><||_html:<span "
 "style='background-color: rgba(0.0, 165.0, 0, 0.15); border-radius: 3px;' "
 "title='1.0'>_||> removed<||_html:</span>_||><||_html:<span "
 "style='background-color: rgba(0.0, 165.0, 0, 0.15); border-radius: 3px;' "
 'title=\'1.0\'>_||>","<||_html:</span>_||>breaking<||_html:<span '
 "style='background-color: rgba(0.0, 165.0, 0, 0.15); border-radius: 3px;' "
 'title=\'1.0\'>_||>":<||_html:</span>_||><||_html:<span '
 "style='background-color: rgba(0.0, 165.0, 0, 0.15); border-radius: 3px;' "
 'title=\'1.0\'>_||>true<||_html:</span>_||>,"release_note<||_html:<span '
 "style='background-color: rgba(0.0, 165.0, 0, 0.15); border-radius: 3px;' "
 'title=\'1.0\'>_||>":"<||_html:</span>_||><||_html:<span '
 "style='background-color: rgba(0.0, 165.0, 0, 0.15); border-radius: 3px;' "
 "title='1.0'>_||>The<||_html:</span>_||><||_html:<span "
 "style='background-color: rgba(0.0, 165.0, 0, 0.15); border-radius: 3px;' "
 "title='1.0'>_||> '<||_html:</span>_||><||_html:<span "
 "style='background-color: rgba(0.0, 165.0, 0, 0.15); border-radius: 3px;' "
 "title='1.0'>_||>Product<||_html:</span>_||><||_html:<span "
 "style='background-color: rgba(0.0, 165.0, 0, 0.15); border-radius: 3px;' "
 "title='1.0'>_||>'<||_html:</span>_||><||_html:<span style='background-color: "
 "rgba(0.0, 165.0, 0, 0.15); border-radius: 3px;' title='1.0'>_||> "
 "type<||_html:</span>_||><||_html:<span style='background-color: rgba(0.0, "
 "165.0, 0, 0.15); border-radius: 3px;' title='1.0'>_||> "
 "no<||_html:</span>_||><||_html:<span style='background-color: rgba(0.0, "
 "165.0, 0, 0.15); border-radius: 3px;' title='1.0'>_||> "
 "longer<||_html:</span>_||><||_html:<span style='background-color: rgba(0.0, "
 "165.0, 0, 0.15); border-radius: 3px;' title='1.0'>_||> "
 "includes<||_html:</span>_||><||_html:<span style='background-color: "
 "rgba(0.0, 165.0, 0, 0.15); border-radius: 3px;' title='1.0'>_||> "
 "the<||_html:</span>_||><||_html:<span style='background-color: rgba(0.0, "
 "165.0, 0, 0.15); border-radius: 3px;' title='1.0'>_||> "
 "'<||_html:</span>_||><||_html:<span style='background-color: rgba(0.0, "
 "165.0, 0, 0.15); border-radius: 3px;' "
 "title='1.0'>_||>description<||_html:</span>_||><||_html:<span "
 "style='background-color: rgba(0.0, 165.0, 0, 0.15); border-radius: 3px;' "
 "title='1.0'>_||>'<||_html:</span>_||><||_html:<span style='background-color: "
 "rgba(0.0, 165.0, 0, 0.15); border-radius: 3px;' title='1.0'>_||> "
 "field<||_html:</span>_||><||_html:<span style='background-color: rgba(0.0, "
 "165.0, 0, 0.15); border-radius: 3px;' "
 'title=\'1.0\'>_||>."<||_html:</span>_||><||_html:<span '
 "style='background-color: rgba(0.0, 165.0, 0, 0.15); border-radius: 3px;' "
 "title='1.0'>_||>")
('Analyze the following two GraphQL schemas for changes, including both '
 'breaking and non-breaking changes.\n'
 '\n'
 '                        Provide your analysis in the following JSON format:\n'
 '                        {\n'
 '                          "changes": [\n'
 '                            {\n'
 '                              "type": "String representing the GraphQL type '
 '(e.g., Query, Mutation, Subscription)",\n'
 '                              "field": "String representing the specific '
 'field that changed",\n'
 '                              "change": "String describing the change (e.g., '
 'field renamed, new field added, field removed)",\n'
 '                              "breaking": "Boolean indicating if the change '
 'is breaking (true) or non-breaking (false)",\n'
 '                              "release_note": "String with a natural '
 'language description of the change for release notes"\n'
 '                            }\n'
 '                          ],\n'
 '                          "release_notes": {\n'
 '                              "summary": "String summarizing all changes, '
 'suitable for a mailing list or public announcement"\n'
 '                          }\n'
 '                        }\n'
 '\n'
 '                        When analyzing, consider the following types of '
 'changes:\n'
 '                        1. Removing fields or types (breaking)\n'
 '                        2. Changing field types (potentially breaking)\n'
 '                        3. Adding required fields (breaking)\n'
 '                        4. Changing the type of existing arguments '
 '(breaking)\n'
 '                        5. Adding optional fields (non-breaking)\n'
 '                        6. Adding new types (non-breaking)\n'
 '                        7. Deprecating fields (non-breaking)\n'
 '\n'
 '                        Ensure that each change is categorized correctly as '
 'breaking or non-breaking.: type Query {\n'
 '  getProduct(id: ID!): Product\n'
 '}\n'
 '\n'
 'type Product {\n'
 '  id: ID\n'
 '  name: String\n'
 '  description: String\n'
 '  price: Float\n'
 '  stock: Int\n'
 '}\n'
 ', type Query {\n'
 '  getProduct(id: ID!): Product\n'
 '}\n'
 '\n'
 'type Product {\n'
 '  id: ID\n'
 '  name: String\n'
 '  details: String\n'
 '  price: Float\n'
 '}\n'
 '\n'
 "Answer:<||_html:<span style='background-color: rgba(0.0, 165.0, 0, 0.15); "
 "border-radius: 3px;' title='1.0'>_||> {<||_html:</span>_||><||_html:<span "
 "style='background-color: rgba(0.0, 165.0, 0, 0.15); border-radius: 3px;' "
 "title='1.0'>_||>\n"
 "<||_html:</span>_||><||_html:<span style='background-color: rgba(0.0, 165.0, "
 "0, 0.15); border-radius: 3px;' title='1.0'>_||> "
 "<||_html:</span>_||><||_html:<span style='background-color: rgba(0.0, 165.0, "
 "0, 0.15); border-radius: 3px;' title='1.0'>_||> "
 '"<||_html:</span>_||><||_html:<span style=\'background-color: rgba(0.0, '
 "165.0, 0, 0.15); border-radius: 3px;' "
 "title='1.0'>_||>changes<||_html:</span>_||><||_html:<span "
 "style='background-color: rgba(0.0, 165.0, 0, 0.15); border-radius: 3px;' "
 'title=\'1.0\'>_||>":<||_html:</span>_||><||_html:<span '
 "style='background-color: rgba(0.0, 165.0, 0, 0.15); border-radius: 3px;' "
 "title='1.0'>_||> [<||_html:</span>_||><||_html:<span "
 "style='background-color: rgba(0.0, 165.0, 0, 0.15); border-radius: 3px;' "
 "title='1.0'>_||>\n"
 "<||_html:</span>_||><||_html:<span style='background-color: rgba(0.0, 165.0, "
 "0, 0.15); border-radius: 3px;' title='1.0'>_||>   "
 "<||_html:</span>_||><||_html:<span style='background-color: rgba(0.0, 165.0, "
 "0, 0.15); border-radius: 3px;' title='1.0'>_||> "
 "{<||_html:</span>_||><||_html:<span style='background-color: rgba(0.0, "
 "165.0, 0, 0.15); border-radius: 3px;' title='1.0'>_||>\n"
 "<||_html:</span>_||><||_html:<span style='background-color: rgba(0.0, 165.0, "
 "0, 0.15); border-radius: 3px;' title='1.0'>_||>     "
 "<||_html:</span>_||><||_html:<span style='background-color: rgba(0.0, 165.0, "
 "0, 0.15); border-radius: 3px;' title='1.0'>_||> "
 '"<||_html:</span>_||><||_html:<span style=\'background-color: rgba(0.0, '
 "165.0, 0, 0.15); border-radius: 3px;' "
 "title='1.0'>_||>type<||_html:</span>_||><||_html:<span "
 "style='background-color: rgba(0.0, 165.0, 0, 0.15); border-radius: 3px;' "
 'title=\'1.0\'>_||>":<||_html:</span>_||><||_html:<span '
 "style='background-color: rgba(0.0, 165.0, 0, 0.15); border-radius: 3px;' "
 'title=\'1.0\'>_||> "<||_html:</span>_||><||_html:<span '
 "style='background-color: rgba(0.0, 165.0, 0, 0.15); border-radius: 3px;' "
 "title='1.0'>_||>Query<||_html:</span>_||><||_html:<span "
 "style='background-color: rgba(0.0, 165.0, 0, 0.15); border-radius: 3px;' "
 'title=\'1.0\'>_||>",<||_html:</span>_||><||_html:<span '
 "style='background-color: rgba(0.0, 165.0, 0, 0.15); border-radius: 3px;' "
 "title='1.0'>_||>\n"
 "<||_html:</span>_||><||_html:<span style='background-color: rgba(0.0, 165.0, "
 "0, 0.15); border-radius: 3px;' title='1.0'>_||>     "
 "<||_html:</span>_||><||_html:<span style='background-color: rgba(0.0, 165.0, "
 "0, 0.15); border-radius: 3px;' title='1.0'>_||> "
 '"<||_html:</span>_||><||_html:<span style=\'background-color: rgba(0.0, '
 "165.0, 0, 0.15); border-radius: 3px;' "
 "title='1.0'>_||>field<||_html:</span>_||><||_html:<span "
 "style='background-color: rgba(0.0, 165.0, 0, 0.15); border-radius: 3px;' "
 'title=\'1.0\'>_||>":<||_html:</span>_||><||_html:<span '
 "style='background-color: rgba(0.0, 165.0, 0, 0.15); border-radius: 3px;' "
 'title=\'1.0\'>_||> "<||_html:</span>_||><||_html:<span '
 "style='background-color: rgba(0.0, 165.0, 0, 0.15); border-radius: 3px;' "
 "title='1.0'>_||>get<||_html:</span>_||><||_html:<span "
 "style='background-color: rgba(0.0, 165.0, 0, 0.15); border-radius: 3px;' "
 "title='1.0'>_||>Product<||_html:</span>_||><||_html:<span "
 "style='background-color: rgba(0.0, 165.0, 0, 0.15); border-radius: 3px;' "
 'title=\'1.0\'>_||>",<||_html:</span>_||><||_html:<span '
 "style='background-color: rgba(0.0, 165.0, 0, 0.15); border-radius: 3px;' "
 "title='1.0'>_||>\n"
 "<||_html:</span>_||><||_html:<span style='background-color: rgba(0.0, 165.0, "
 "0, 0.15); border-radius: 3px;' title='1.0'>_||>     "
 "<||_html:</span>_||><||_html:<span style='background-color: rgba(0.0, 165.0, "
 "0, 0.15); border-radius: 3px;' title='1.0'>_||> "
 '"<||_html:</span>_||><||_html:<span style=\'background-color: rgba(0.0, '
 "165.0, 0, 0.15); border-radius: 3px;' "
 "title='1.0'>_||>change<||_html:</span>_||><||_html:<span "
 "style='background-color: rgba(0.0, 165.0, 0, 0.15); border-radius: 3px;' "
 'title=\'1.0\'>_||>":<||_html:</span>_||><||_html:<span '
 "style='background-color: rgba(0.0, 165.0, 0, 0.15); border-radius: 3px;' "
 'title=\'1.0\'>_||> "<||_html:</span>_||><||_html:<span '
 "style='background-color: rgba(0.0, 165.0, 0, 0.15); border-radius: 3px;' "
 "title='1.0'>_||>field<||_html:</span>_||><||_html:<span "
 "style='background-color: rgba(0.0, 165.0, 0, 0.15); border-radius: 3px;' "
 "title='1.0'>_||> details<||_html:</span>_||><||_html:<span "
 "style='background-color: rgba(0.0, 165.0, 0, 0.15); border-radius: 3px;' "
 "title='1.0'>_||> added<||_html:</span>_||><||_html:<span "
 "style='background-color: rgba(0.0, 165.0, 0, 0.15); border-radius: 3px;' "
 'title=\'1.0\'>_||>",<||_html:</span>_||><||_html:<span '
 "style='background-color: rgba(0.0, 165.0, 0, 0.15); border-radius: 3px;' "
 "title='1.0'>_||>\n"
 "<||_html:</span>_||><||_html:<span style='background-color: rgba(0.0, 165.0, "
 "0, 0.15); border-radius: 3px;' title='1.0'>_||>     "
 "<||_html:</span>_||><||_html:<span style='background-color: rgba(0.0, 165.0, "
 "0, 0.15); border-radius: 3px;' title='1.0'>_||> "
 '"<||_html:</span>_||><||_html:<span style=\'background-color: rgba(0.0, '
 "165.0, 0, 0.15); border-radius: 3px;' "
 "title='1.0'>_||>breaking<||_html:</span>_||><||_html:<span "
 "style='background-color: rgba(0.0, 165.0, 0, 0.15); border-radius: 3px;' "
 'title=\'1.0\'>_||>":<||_html:</span>_||><||_html:<span '
 "style='background-color: rgba(0.0, 165.0, 0, 0.15); border-radius: 3px;' "
 'title=\'1.0\'>_||> "<||_html:</span>_||><||_html:<span '
 "style='background-color: rgba(0.0, 165.0, 0, 0.15); border-radius: 3px;' "
 "title='1.0'>_||>false<||_html:</span>_||><||_html:<span "
 "style='background-color: rgba(0.0, 165.0, 0, 0.15); border-radius: 3px;' "
 'title=\'1.0\'>_||>",<||_html:</span>_||><||_html:<span '
 "style='background-color: rgba(0.0, 165.0, 0, 0.15); border-radius: 3px;' "
 "title='1.0'>_||>\n"
 "<||_html:</span>_||><||_html:<span style='background-color: rgba(0.0, 165.0, "
 "0, 0.15); border-radius: 3px;' title='1.0'>_||>     "
 "<||_html:</span>_||><||_html:<span style='background-color: rgba(0.0, 165.0, "
 "0, 0.15); border-radius: 3px;' title='1.0'>_||> "
 '"<||_html:</span>_||><||_html:<span style=\'background-color: rgba(0.0, '
 "165.0, 0, 0.15); border-radius: 3px;' "
 "title='1.0'>_||>release<||_html:</span>_||><||_html:<span "
 "style='background-color: rgba(0.0, 165.0, 0, 0.15); border-radius: 3px;' "
 "title='1.0'>_||>_<||_html:</span>_||><||_html:<span style='background-color: "
 "rgba(0.0, 165.0, 0, 0.15); border-radius: 3px;' "
 "title='1.0'>_||>note<||_html:</span>_||><||_html:<span "
 "style='background-color: rgba(0.0, 165.0, 0, 0.15); border-radius: 3px;' "
 'title=\'1.0\'>_||>":<||_html:</span>_||><||_html:<span '
 "style='background-color: rgba(0.0, 165.0, 0, 0.15); border-radius: 3px;' "
 'title=\'1.0\'>_||> "<||_html:</span>_||><||_html:<span '
 "style='background-color: rgba(0.0, 165.0, 0, 0.15); border-radius: 3px;' "
 "title='1.0'>_||>The<||_html:</span>_||><||_html:<span "
 "style='background-color: rgba(0.0, 165.0, 0, 0.15); border-radius: 3px;' "
 "title='1.0'>_||> '<||_html:</span>_||><||_html:<span "
 "style='background-color: rgba(0.0, 165.0, 0, 0.15); border-radius: 3px;' "
 "title='1.0'>_||>get<||_html:</span>_||><||_html:<span "
 "style='background-color: rgba(0.0, 165.0, 0, 0.15); border-radius: 3px;' "
 "title='1.0'>_||>Product<||_html:</span>_||><||_html:<span "
 "style='background-color: rgba(0.0, 165.0, 0, 0.15); border-radius: 3px;' "
 "title='1.0'>_||>'<||_html:</span>_||><||_html:<span style='background-color: "
 "rgba(0.0, 165.0, 0, 0.15); border-radius: 3px;' title='1.0'>_||> "
 "query<||_html:</span>_||><||_html:<span style='background-color: rgba(0.0, "
 "165.0, 0, 0.15); border-radius: 3px;' title='1.0'>_||> "
 "now<||_html:</span>_||><||_html:<span style='background-color: rgba(0.0, "
 "165.0, 0, 0.15); border-radius: 3px;' title='1.0'>_||> "
 "includes<||_html:</span>_||><||_html:<span style='background-color: "
 "rgba(0.0, 165.0, 0, 0.15); border-radius: 3px;' title='1.0'>_||> "
 "a<||_html:</span>_||><||_html:<span style='background-color: rgba(0.0, "
 "165.0, 0, 0.15); border-radius: 3px;' title='1.0'>_||> "
 "new<||_html:</span>_||><||_html:<span style='background-color: rgba(0.0, "
 "165.0, 0, 0.15); border-radius: 3px;' title='1.0'>_||> "
 "field<||_html:</span>_||><||_html:<span style='background-color: rgba(0.0, "
 "165.0, 0, 0.15); border-radius: 3px;' title='1.0'>_||> "
 "'<||_html:</span>_||><||_html:<span style='background-color: rgba(0.0, "
 "165.0, 0, 0.15); border-radius: 3px;' "
 "title='1.0'>_||>details<||_html:</span>_||><||_html:<span "
 "style='background-color: rgba(0.0, 165.0, 0, 0.15); border-radius: 3px;' "
 "title='1.0'>_||>'<||_html:</span>_||><||_html:<span style='background-color: "
 "rgba(0.0, 165.0, 0, 0.15); border-radius: 3px;' title='1.0'>_||> "
 "of<||_html:</span>_||><||_html:<span style='background-color: rgba(0.0, "
 "165.0, 0, 0.15); border-radius: 3px;' title='1.0'>_||> "
 "type<||_html:</span>_||><||_html:<span style='background-color: rgba(0.0, "
 "165.0, 0, 0.15); border-radius: 3px;' title='1.0'>_||> "
 "String<||_html:</span>_||><||_html:<span style='background-color: rgba(0.0, "
 "165.0, 0, 0.15); border-radius: 3px;' "
 'title=\'1.0\'>_||>."<||_html:</span>_||><||_html:<span '
 "style='background-color: rgba(0.0, 165.0, 0, 0.15); border-radius: 3px;' "
 "title='1.0'>_||>\n"
 "<||_html:</span>_||><||_html:<span style='background-color: rgba(0.0, 165.0, "
 "0, 0.15); border-radius: 3px;' title='1.0'>_||>   "
 "<||_html:</span>_||><||_html:<span style='background-color: rgba(0.0, 165.0, "
 "0, 0.15); border-radius: 3px;' title='1.0'>_||> "
 "},<||_html:</span>_||><||_html:<span style='background-color: rgba(0.0, "
 "165.0, 0, 0.15); border-radius: 3px;' title='1.0'>_||>\n"
 "<||_html:</span>_||><||_html:<span style='background-color: rgba(0.0, 165.0, "
 "0, 0.15); border-radius: 3px;' title='1.0'>_||>   "
 "<||_html:</span>_||><||_html:<span style='background-color: rgba(0.0, 165.0, "
 "0, 0.15); border-radius: 3px;' title='1.0'>_||> "
 "{<||_html:</span>_||><||_html:<span style='background-color: rgba(0.0, "
 "165.0, 0, 0.15); border-radius: 3px;' title='1.0'>_||>\n"
 "<||_html:</span>_||><||_html:<span style='background-color: rgba(0.0, 165.0, "
 "0, 0.15); border-radius: 3px;' title='1.0'>_||>     "
 "<||_html:</span>_||><||_html:<span style='background-color: rgba(0.0, 165.0, "
 "0, 0.15); border-radius: 3px;' title='1.0'>_||> "
 '"<||_html:</span>_||><||_html:<span style=\'background-color: rgba(0.0, '
 "165.0, 0, 0.15); border-radius: 3px;' "
 "title='1.0'>_||>type<||_html:</span>_||><||_html:<span "
 "style='background-color: rgba(0.0, 165.0, 0, 0.15); border-radius: 3px;' "
 'title=\'1.0\'>_||>":<||_html:</span>_||><||_html:<span '
 "style='background-color: rgba(0.0, 165.0, 0, 0.15); border-radius: 3px;' "
 'title=\'1.0\'>_||> "<||_html:</span>_||><||_html:<span '
 "style='background-color: rgba(0.0, 165.0, 0, 0.15); border-radius: 3px;' "
 "title='1.0'>_||>Product<||_html:</span>_||><||_html:<span "
 "style='background-color: rgba(0.0, 165.0, 0, 0.15); border-radius: 3px;' "
 'title=\'1.0\'>_||>",<||_html:</span>_||><||_html:<span '
 "style='background-color: rgba(0.0, 165.0, 0, 0.15); border-radius: 3px;' "
 "title='1.0'>_||>\n"
 "<||_html:</span>_||><||_html:<span style='background-color: rgba(0.0, 165.0, "
 "0, 0.15); border-radius: 3px;' title='1.0'>_||>     "
 "<||_html:</span>_||><||_html:<span style='background-color: rgba(0.0, 165.0, "
 "0, 0.15); border-radius: 3px;' title='1.0'>_||> "
 '"<||_html:</span>_||><||_html:<span style=\'background-color: rgba(0.0, '
 "165.0, 0, 0.15); border-radius: 3px;' "
 "title='1.0'>_||>field<||_html:</span>_||><||_html:<span "
 "style='background-color: rgba(0.0, 165.0, 0, 0.15); border-radius: 3px;' "
 'title=\'1.0\'>_||>":<||_html:</span>_||><||_html:<span '
 "style='background-color: rgba(0.0, 165.0, 0, 0.15); border-radius: 3px;' "
 'title=\'1.0\'>_||> "<||_html:</span>_||><||_html:<span '
 "style='background-color: rgba(0.0, 165.0, 0, 0.15); border-radius: 3px;' "
 "title='1.0'>_||>description<||_html:</span>_||><||_html:<span "
 "style='background-color: rgba(0.0, 165.0, 0, 0.15); border-radius: 3px;' "
 'title=\'1.0\'>_||>",<||_html:</span>_||><||_html:<span '
 "style='background-color: rgba(0.0, 165.0, 0, 0.15); border-radius: 3px;' "
 "title='1.0'>_||>\n"
 "<||_html:</span>_||><||_html:<span style='background-color: rgba(0.0, 165.0, "
 "0, 0.15); border-radius: 3px;' title='1.0'>_||>     "
 "<||_html:</span>_||><||_html:<span style='background-color: rgba(0.0, 165.0, "
 "0, 0.15); border-radius: 3px;' title='1.0'>_||> "
 '"<||_html:</span>_||><||_html:<span style=\'background-color: rgba(0.0, '
 "165.0, 0, 0.15); border-radius: 3px;' "
 "title='1.0'>_||>change<||_html:</span>_||><||_html:<span "
 "style='background-color: rgba(0.0, 165.0, 0, 0.15); border-radius: 3px;' "
 'title=\'1.0\'>_||>":<||_html:</span>_||><||_html:<span '
 "style='background-color: rgba(0.0, 165.0, 0, 0.15); border-radius: 3px;' "
 'title=\'1.0\'>_||> "<||_html:</span>_||><||_html:<span '
 "style='background-color: rgba(0.0, 165.0, 0, 0.15); border-radius: 3px;' "
 "title='1.0'>_||>field<||_html:</span>_||><||_html:<span "
 "style='background-color: rgba(0.0, 165.0, 0, 0.15); border-radius: 3px;' "
 "title='1.0'>_||> removed<||_html:</span>_||><||_html:<span "
 "style='background-color: rgba(0.0, 165.0, 0, 0.15); border-radius: 3px;' "
 'title=\'1.0\'>_||>",<||_html:</span>_||><||_html:<span '
 "style='background-color: rgba(0.0, 165.0, 0, 0.15); border-radius: 3px;' "
 "title='1.0'>_||>\n"
 "<||_html:</span>_||><||_html:<span style='background-color: rgba(0.0, 165.0, "
 "0, 0.15); border-radius: 3px;' title='1.0'>_||>     "
 "<||_html:</span>_||><||_html:<span style='background-color: rgba(0.0, 165.0, "
 "0, 0.15); border-radius: 3px;' title='1.0'>_||> "
 '"<||_html:</span>_||><||_html:<span style=\'background-color: rgba(0.0, '
 "165.0, 0, 0.15); border-radius: 3px;' "
 "title='1.0'>_||>breaking<||_html:</span>_||><||_html:<span "
 "style='background-color: rgba(0.0, 165.0, 0, 0.15); border-radius: 3px;' "
 'title=\'1.0\'>_||>":<||_html:</span>_||><||_html:<span '
 "style='background-color: rgba(0.0, 165.0, 0, 0.15); border-radius: 3px;' "
 'title=\'1.0\'>_||> "<||_html:</span>_||><||_html:<span '
 "style='background-color: rgba(0.0, 165.0, 0, 0.15); border-radius: 3px;' "
 "title='1.0'>_||>true<||_html:</span>_||><||_html:<span "
 "style='background-color: rgba(0.0, 165.0, 0, 0.15); border-radius: 3px;' "
 'title=\'1.0\'>_||>",<||_html:</span>_||><||_html:<span '
 "style='background-color: rgba(0.0, 165.0, 0, 0.15); border-radius: 3px;' "
 "title='1.0'>_||>\n"
 "<||_html:</span>_||><||_html:<span style='background-color: rgba(0.0, 165.0, "
 "0, 0.15); border-radius: 3px;' title='1.0'>_||>     "
 "<||_html:</span>_||><||_html:<span style='background-color: rgba(0.0, 165.0, "
 "0, 0.15); border-radius: 3px;' title='1.0'>_||> "
 '"<||_html:</span>_||><||_html:<span style=\'background-color: rgba(0.0, '
 "165.0, 0, 0.15); border-radius: 3px;' "
 "title='1.0'>_||>release<||_html:</span>_||><||_html:<span "
 "style='background-color: rgba(0.0, 165.0, 0, 0.15); border-radius: 3px;' "
 "title='1.0'>_||>_<||_html:</span>_||><||_html:<span style='background-color: "
 "rgba(0.0, 165.0, 0, 0.15); border-radius: 3px;' "
 "title='1.0'>_||>note<||_html:</span>_||><||_html:<span "
 "style='background-color: rgba(0.0, 165.0, 0, 0.15); border-radius: 3px;' "
 'title=\'1.0\'>_||>":<||_html:</span>_||><||_html:<span '
 "style='background-color: rgba(0.0, 165.0, 0, 0.15); border-radius: 3px;' "
 'title=\'1.0\'>_||> "<||_html:</span>_||><||_html:<span '
 "style='background-color: rgba(0.0, 165.0, 0, 0.15); border-radius: 3px;' "
 "title='1.0'>_||>The<||_html:</span>_||><||_html:<span "
 "style='background-color: rgba(0.0, 165.0, 0, 0.15); border-radius: 3px;' "
 "title='1.0'>_||> '<||_html:</span>_||><||_html:<span "
 "style='background-color: rgba(0.0, 165.0, 0, 0.15); border-radius: 3px;' "
 "title='1.0'>_||>Product<||_html:</span>_||><||_html:<span "
 "style='background-color: rgba(0.0, 165.0, 0, 0.15); border-radius: 3px;' "
 "title='1.0'>_||>'<||_html:</span>_||><||_html:<span style='background-color: "
 "rgba(0.0, 165.0, 0, 0.15); border-radius: 3px;' title='1.0'>_||> "
 "type<||_html:</span>_||><||_html:<span style='background-color: rgba(0.0, "
 "165.0, 0, 0.15); border-radius: 3px;' title='1.0'>_||> "
 "no<||_html:</span>_||><||_html:<span style='background-color: rgba(0.0, "
 "165.0, 0, 0.15); border-radius: 3px;' title='1.0'>_||> "
 "longer<||_html:</span>_||><||_html:<span style='background-color: rgba(0.0, "
 "165.0, 0, 0.15); border-radius: 3px;' title='1.0'>_||> "
 "includes<||_html:</span>_||><||_html:<span style='background-color: "
 "rgba(0.0, 165.0, 0, 0.15); border-radius: 3px;' title='1.0'>_||> "
 "the<||_html:</span>_||><||_html:<span style='background-color: rgba(0.0, "
 "165.0, 0, 0.15); border-radius: 3px;' title='1.0'>_||> "
 "'<||_html:</span>_||><||_html:<span style='background-color: rgba(0.0, "
 "165.0, 0, 0.15); border-radius: 3px;' "
 "title='1.0'>_||>description<||_html:</span>_||><||_html:<span "
 "style='background-color: rgba(0.0, 165.0, 0, 0.15); border-radius: 3px;' "
 "title='1.0'>_||>'<||_html:</span>_||><||_html:<span style='background-color: "
 "rgba(0.0, 165.0, 0, 0.15); border-radius: 3px;' title='1.0'>_||> "
 "field<||_html:</span>_||><||_html:<span style='background-color: rgba(0.0, "
 "165.0, 0, 0.15); border-radius: 3px;' "
 'title=\'1.0\'>_||>."<||_html:</span>_||><||_html:<span '
 "style='background-color: rgba(0.0, 165.0, 0, 0.15); border-radius: 3px;' "
 "title='1.0'>_||>\n"
 "<||_html:</span>_||><||_html:<span style='background-color: rgba(0.0, 165.0, "
 "0, 0.15); border-radius: 3px;' title='1.0'>_||>   "
 "<||_html:</span>_||><||_html:<span style='background-color: rgba(0.0, 165.0, "
 "0, 0.15); border-radius: 3px;' title='1.0'>_||> "
 "},<||_html:</span>_||><||_html:<span style='background-color: rgba(0.0, "
 "165.0, 0, 0.15); border-radius: 3px;' title='1.0'>_||>\n"
 "<||_html:</span>_||><||_html:<span style='background-color: rgba(0.0, 165.0, "
 "0, 0.15); border-radius: 3px;' title='1.0'>_||>   "
 "<||_html:</span>_||><||_html:<span style='background-color: rgba(0.0, 165.0, "
 "0, 0.15); border-radius: 3px;' title='1.0'>_||> "
 "{<||_html:</span>_||><||_html:<span style='background-color: rgba(0.0, "
 "165.0, 0, 0.15); border-radius: 3px;' title='1.0'>_||>\n"
 "<||_html:</span>_||><||_html:<span style='background-color: rgba(0.0, 165.0, "
 "0, 0.15); border-radius: 3px;' title='1.0'>_||>     "
 "<||_html:</span>_||><||_html:<span style='background-color: rgba(0.0, 165.0, "
 "0, 0.15); border-radius: 3px;' title='1.0'>_||> "
 '"<||_html:</span>_||><||_html:<span style=\'background-color: rgba(0.0, '
 "165.0, 0, 0.15); border-radius: 3px;' "
 "title='1.0'>_||>type<||_html:</span>_||><||_html:<span "
 "style='background-color: rgba(0.0, 165.0, 0, 0.15); border-radius: 3px;' "
 'title=\'1.0\'>_||>":<||_html:</span>_||><||_html:<span '
 "style='background-color: rgba(0.0, 165.0, 0, 0.15); border-radius: 3px;' "
 'title=\'1.0\'>_||> "<||_html:</span>_||><||_html:<span '
 "style='background-color: rgba(0.0, 165.0, 0, 0.15); border-radius: 3px;' "
 "title='1.0'>_||>Product<||_html:</span>_||><||_html:<span "
 "style='background-color: rgba(0.0, 165.0, 0, 0.15); border-radius: 3px;' "
 'title=\'1.0\'>_||>",<||_html:</span>_||><||_html:<span '
 "style='background-color: rgba(0.0, 165.0, 0, 0.15); border-radius: 3px;' "
 "title='1.0'>_||>\n"
 "<||_html:</span>_||><||_html:<span style='background-color: rgba(0.0, 165.0, "
 "0, 0.15); border-radius: 3px;' title='1.0'>_||>     "
 "<||_html:</span>_||><||_html:<span style='background-color: rgba(0.0, 165.0, "
 "0, 0.15); border-radius: 3px;' title='1.0'>_||> "
 '"<||_html:</span>_||><||_html:<span style=\'background-color: rgba(0.0, '
 "165.0, 0, 0.15); border-radius: 3px;' "
 "title='1.0'>_||>field<||_html:</span>_||><||_html:<span "
 "style='background-color: rgba(0.0, 165.0, 0, 0.15); border-radius: 3px;' "
 'title=\'1.0\'>_||>":<||_html:</span>_||><||_html:<span '
 "style='background-color: rgba(0.0, 165.0, 0, 0.15); border-radius: 3px;' "
 'title=\'1.0\'>_||> "<||_html:</span>_||><||_html:<span '
 "style='background-color: rgba(0.0, 165.0, 0, 0.15); border-radius: 3px;' "
 "title='1.0'>_||>stock<||_html:</span>_||><||_html:<span "
 "style='background-color: rgba(0.0, 165.0, 0, 0.15); border-radius: 3px;' "
 'title=\'1.0\'>_||>",<||_html:</span>_||><||_html:<span '
 "style='background-color: rgba(0.0, 165.0, 0, 0.15); border-radius: 3px;' "
 "title='1.0'>_||>\n"
 "<||_html:</span>_||><||_html:<span style='background-color: rgba(0.0, 165.0, "
 "0, 0.15); border-radius: 3px;' title='1.0'>_||>     "
 "<||_html:</span>_||><||_html:<span style='background-color: rgba(0.0, 165.0, "
 "0, 0.15); border-radius: 3px;' title='1.0'>_||> "
 '"<||_html:</span>_||><||_html:<span style=\'background-color: rgba(0.0, '
 "165.0, 0, 0.15); border-radius: 3px;' "
 "title='1.0'>_||>change<||_html:</span>_||><||_html:<span "
 "style='background-color: rgba(0.0, 165.0, 0, 0.15); border-radius: 3px;' "
 'title=\'1.0\'>_||>":<||_html:</span>_||><||_html:<span '
 "style='background-color: rgba(0.0, 165.0, 0, 0.15); border-radius: 3px;' "
 'title=\'1.0\'>_||> "<||_html:</span>_||><||_html:<span '
 "style='background-color: rgba(0.0, 165.0, 0, 0.15); border-radius: 3px;' "
 "title='1.0'>_||>field<||_html:</span>_||><||_html:<span "
 "style='background-color: rgba(0.0, 165.0, 0, 0.15); border-radius: 3px;' "
 "title='1.0'>_||> removed<||_html:</span>_||><||_html:<span "
 "style='background-color: rgba(0.0, 165.0, 0, 0.15); border-radius: 3px;' "
 'title=\'1.0\'>_||>",<||_html:</span>_||><||_html:<span '
 "style='background-color: rgba(0.0, 165.0, 0, 0.15); border-radius: 3px;' "
 "title='1.0'>_||>\n"
 "<||_html:</span>_||><||_html:<span style='background-color: rgba(0.0, 165.0, "
 "0, 0.15); border-radius: 3px;' title='1.0'>_||>     "
 "<||_html:</span>_||><||_html:<span style='background-color: rgba(0.0, 165.0, "
 "0, 0.15); border-radius: 3px;' title='1.0'>_||> "
 '"<||_html:</span>_||><||_html:<span style=\'background-color: rgba(0.0, '
 "165.0, 0, 0.15); border-radius: 3px;' "
 "title='1.0'>_||>breaking<||_html:</span>_||><||_html:<span "
 "style='background-color: rgba(0.0, 165.0, 0, 0.15); border-radius: 3px;' "
 'title=\'1.0\'>_||>":<||_html:</span>_||><||_html:<span '
 "style='background-color: rgba(0.0, 165.0, 0, 0.15); border-radius: 3px;' "
 'title=\'1.0\'>_||> "<||_html:</span>_||><||_html:<span '
 "style='background-color: rgba(0.0, 165.0, 0, 0.15); border-radius: 3px;' "
 "title='1.0'>_||>true<||_html:</span>_||><||_html:<span "
 "style='background-color: rgba(0.0, 165.0, 0, 0.15); border-radius: 3px;' "
 'title=\'1.0\'>_||>",<||_html:</span>_||><||_html:<span '
 "style='background-color: rgba(0.0, 165.0, 0, 0.15); border-radius: 3px;' "
 "title='1.0'>_||>\n"
 "<||_html:</span>_||><||_html:<span style='background-color: rgba(0.0, 165.0, "
 "0, 0.15); border-radius: 3px;' title='1.0'>_||>     "
 "<||_html:</span>_||><||_html:<span style='background-color: rgba(0.0, 165.0, "
 "0, 0.15); border-radius: 3px;' title='1.0'>_||> "
 '"<||_html:</span>_||><||_html:<span style=\'background-color: rgba(0.0, '
 "165.0, 0, 0.15); border-radius: 3px;' "
 "title='1.0'>_||>release<||_html:</span>_||><||_html:<span "
 "style='background-color: rgba(0.0, 165.0, 0, 0.15); border-radius: 3px;' "
 "title='1.0'>_||>_<||_html:</span>_||><||_html:<span style='background-color: "
 "rgba(0.0, 165.0, 0, 0.15); border-radius: 3px;' "
 "title='1.0'>_||>note<||_html:</span>_||><||_html:<span "
 "style='background-color: rgba(0.0, 165.0, 0, 0.15); border-radius: 3px;' "
 'title=\'1.0\'>_||>":<||_html:</span>_||><||_html:<span '
 "style='background-color: rgba(0.0, 165.0, 0, 0.15); border-radius: 3px;' "
 'title=\'1.0\'>_||> "<||_html:</span>_||><||_html:<span '
 "style='background-color: rgba(0.0, 165.0, 0, 0.15); border-radius: 3px;' "
 "title='1.0'>_||>The<||_html:</span>_||><||_html:<span "
 "style='background-color: rgba(0.0, 165.0, 0, 0.15); border-radius: 3px;' "
 "title='1.0'>_||> '<||_html:</span>_||><||_html:<span "
 "style='background-color: rgba(0.0, 165.0, 0, 0.15); border-radius: 3px;' "
 "title='1.0'>_||>Product<||_html:</span>_||><||_html:<span "
 "style='background-color: rgba(0.0, 165.0, 0, 0.15); border-radius: 3px;' "
 "title='1.0'>_||>'<||_html:</span>_||><||_html:<span style='background-color: "
 "rgba(0.0, 165.0, 0, 0.15); border-radius: 3px;' title='1.0'>_||> "
 "type<||_html:</span>_||><||_html:<span style='background-color: rgba(0.0, "
 "165.0, 0, 0.15); border-radius: 3px;' title='1.0'>_||> "
 "no<||_html:</span>_||><||_html:<span style='background-color: rgba(0.0, "
 "165.0, 0, 0.15); border-radius: 3px;' title='1.0'>_||> "
 "longer<||_html:</span>_||><||_html:<span style='background-color: rgba(0.0, "
 "165.0, 0, 0.15); border-radius: 3px;' title='1.0'>_||> "
 "includes<||_html:</span>_||><||_html:<span style='background-color: "
 "rgba(0.0, 165.0, 0, 0.15); border-radius: 3px;' title='1.0'>_||> "
 "the<||_html:</span>_||><||_html:<span style='background-color: rgba(0.0, "
 "165.0, 0, 0.15); border-radius: 3px;' title='1.0'>_||> "
 "'<||_html:</span>_||><||_html:<span style='background-color: rgba(0.0, "
 "165.0, 0, 0.15); border-radius: 3px;' "
 "title='1.0'>_||>stock<||_html:</span>_||><||_html:<span "
 "style='background-color: rgba(0.0, 165.0, 0, 0.15); border-radius: 3px;' "
 "title='1.0'>_||>'<||_html:</span>_||><||_html:<span style='background-color: "
 "rgba(0.0, 165.0, 0, 0.15); border-radius: 3px;' title='1.0'>_||> "
 "field<||_html:</span>_||><||_html:<span style='background-color: rgba(0.0, "
 "165.0, 0, 0.15); border-radius: 3px;' "
 'title=\'1.0\'>_||>."<||_html:</span>_||><||_html:<span '
 "style='background-color: rgba(0.0, 165.0, 0, 0.15); border-radius: 3px;' "
 "title='1.0'>_||>\n"
 "<||_html:</span>_||><||_html:<span style='background-color: rgba(0.0, 165.0, "
 "0, 0.15); border-radius: 3px;' title='1.0'>_||>   "
 "<||_html:</span>_||><||_html:<span style='background-color: rgba(0.0, 165.0, "
 "0, 0.15); border-radius: 3px;' title='1.0'>_||> "
 "}<||_html:</span>_||><||_html:<span style='background-color: rgba(0.0, "
 "165.0, 0, 0.15); border-radius: 3px;' title='1.0'>_||>\n"
 "<||_html:</span>_||><||_html:<span style='background-color: rgba(0.0, 165.0, "
 "0, 0.15); border-radius: 3px;' title='1.0'>_||> "
 "<||_html:</span>_||><||_html:<span style='background-color: rgba(0.0, 165.0, "
 "0, 0.15); border-radius: 3px;' title='1.0'>_||> "
 "],<||_html:</span>_||><||_html:<span style='background-color: rgba(0.0, "
 "165.0, 0, 0.15); border-radius: 3px;' title='1.0'>_||>\n"
 "<||_html:</span>_||><||_html:<span style='background-color: rgba(0.0, 165.0, "
 "0, 0.15); border-radius: 3px;' title='1.0'>_||> "
 "<||_html:</span>_||><||_html:<span style='background-color: rgba(0.0, 165.0, "
 "0, 0.15); border-radius: 3px;' title='1.0'>_||> "
 '"<||_html:</span>_||><||_html:<span style=\'background-color: rgba(0.0, '
 "165.0, 0, 0.15); border-radius: 3px;' "
 "title='1.0'>_||>release<||_html:</span>_||><||_html:<span "
 "style='background-color: rgba(0.0, 165.0, 0, 0.15); border-radius: 3px;' "
 "title='1.0'>_||>_<||_html:</span>_||><||_html:<span style='background-color: "
 "rgba(0.0, 165.0, 0, 0.15); border-radius: 3px;' "
 "title='1.0'>_||>notes<||_html:</span>_||><||_html:<span "
 "style='background-color: rgba(0.0, 165.0, 0, 0.15); border-radius: 3px;' "
 'title=\'1.0\'>_||>":<||_html:</span>_||><||_html:<span '
 "style='background-color: rgba(0.0, 165.0, 0, 0.15); border-radius: 3px;' "
 "title='1.0'>_||> {<||_html:</span>_||><||_html:<span "
 "style='background-color: rgba(0.0, 165.0, 0, 0.15); border-radius: 3px;' "
 "title='1.0'>_||>\n"
 "<||_html:</span>_||><||_html:<span style='background-color: rgba(0.0, 165.0, "
 "0, 0.15); border-radius: 3px;' title='1.0'>_||>   "
 "<||_html:</span>_||><||_html:<span style='background-color: rgba(0.0, 165.0, "
 "0, 0.15); border-radius: 3px;' title='1.0'>_||> "
 '"<||_html:</span>_||><||_html:<span style=\'background-color: rgba(0.0, '
 "165.0, 0, 0.15); border-radius: 3px;' "
 "title='1.0'>_||>summary<||_html:</span>_||><||_html:<span "
 "style='background-color: rgba(0.0, 165.0, 0, 0.15); border-radius: 3px;' "
 'title=\'1.0\'>_||>":<||_html:</span>_||><||_html:<span '
 "style='background-color: rgba(0.0, 165.0, 0, 0.15); border-radius: 3px;' "
 'title=\'1.0\'>_||> "<||_html:</span>_||><||_html:<span '
 "style='background-color: rgba(0.0, 165.0, 0, 0.15); border-radius: 3px;' "
 "title='1.0'>_||>The<||_html:</span>_||><||_html:<span "
 "style='background-color: rgba(0.0, 165.0, 0, 0.15); border-radius: 3px;' "
 "title='1.0'>_||> '<||_html:</span>_||><||_html:<span "
 "style='background-color: rgba(0.0, 165.0, 0, 0.15); border-radius: 3px;' "
 "title='1.0'>_||>get<||_html:</span>_||><||_html:<span "
 "style='background-color: rgba(0.0, 165.0, 0, 0.15); border-radius: 3px;' "
 "title='1.0'>_||>Product<||_html:</span>_||><||_html:<span "
 "style='background-color: rgba(0.0, 165.0, 0, 0.15); border-radius: 3px;' "
 "title='1.0'>_||>'<||_html:</span>_||><||_html:<span style='background-color: "
 "rgba(0.0, 165.0, 0, 0.15); border-radius: 3px;' title='1.0'>_||> "
 "query<||_html:</span>_||><||_html:<span style='background-color: rgba(0.0, "
 "165.0, 0, 0.15); border-radius: 3px;' title='1.0'>_||> "
 "now<||_html:</span>_||><||_html:<span style='background-color: rgba(0.0, "
 "165.0, 0, 0.15); border-radius: 3px;' title='1.0'>_||> "
 "includes<||_html:</span>_||><||_html:<span style='background-color: "
 "rgba(0.0, 165.0, 0, 0.15); border-radius: 3px;' title='1.0'>_||> "
 "a<||_html:</span>_||><||_html:<span style='background-color: rgba(0.0, "
 "165.0, 0, 0.15); border-radius: 3px;' title='1.0'>_||> "
 "new<||_html:</span>_||><||_html:<span style='background-color: rgba(0.0, "
 "165.0, 0, 0.15); border-radius: 3px;' title='1.0'>_||> "
 "field<||_html:</span>_||><||_html:<span style='background-color: rgba(0.0, "
 "165.0, 0, 0.15); border-radius: 3px;' title='1.0'>_||> "
 "'<||_html:</span>_||><||_html:<span style='background-color: rgba(0.0, "
 "165.0, 0, 0.15); border-radius: 3px;' "
 "title='1.0'>_||>details<||_html:</span>_||><||_html:<span "
 "style='background-color: rgba(0.0, 165.0, 0, 0.15); border-radius: 3px;' "
 "title='1.0'>_||>'<||_html:</span>_||><||_html:<span style='background-color: "
 "rgba(0.0, 165.0, 0, 0.15); border-radius: 3px;' title='1.0'>_||> "
 "of<||_html:</span>_||><||_html:<span style='background-color: rgba(0.0, "
 "165.0, 0, 0.15); border-radius: 3px;' title='1.0'>_||> "
 "type<||_html:</span>_||><||_html:<span style='background-color: rgba(0.0, "
 "165.0, 0, 0.15); border-radius: 3px;' title='1.0'>_||> "
 "String<||_html:</span>_||><||_html:<span style='background-color: rgba(0.0, "
 "165.0, 0, 0.15); border-radius: 3px;' "
 "title='1.0'>_||>.<||_html:</span>_||><||_html:<span style='background-color: "
 "rgba(0.0, 165.0, 0, 0.15); border-radius: 3px;' title='1.0'>_||> "
 "The<||_html:</span>_||><||_html:<span style='background-color: rgba(0.0, "
 "165.0, 0, 0.15); border-radius: 3px;' title='1.0'>_||> "
 "'<||_html:</span>_||><||_html:<span style='background-color: rgba(0.0, "
 "165.0, 0, 0.15); border-radius: 3px;' "
 "title='1.0'>_||>Product<||_html:</span>_||><||_html:<span "
 "style='background-color: rgba(0.0, 165.0, 0, 0.15); border-radius: 3px;' "
 "title='1.0'>_||>'<||_html:</span>_||><||_html:<span style='background-color: "
 "rgba(0.0, 165.0, 0, 0.15); border-radius: 3px;' title='1.0'>_||> "
 "type<||_html:</span>_||><||_html:<span style='background-color: rgba(0.0, "
 "165.0, 0, 0.15); border-radius: 3px;' title='1.0'>_||> "
 "no<||_html:</span>_||><||_html:<span style='background-color: rgba(0.0, "
 "165.0, 0, 0.15); border-radius: 3px;' title='1.0'>_||> "
 "longer<||_html:</span>_||><||_html:<span style='background-color: rgba(0.0, "
 "165.0, 0, 0.15); border-radius: 3px;' title='1.0'>_||> "
 "includes<||_html:</span>_||><||_html:<span style='background-color: "
 "rgba(0.0, 165.0, 0, 0.15); border-radius: 3px;' title='1.0'>_||> "
 "the<||_html:</span>_||><||_html:<span style='background-color: rgba(0.0, "
 "165.0, 0, 0.15); border-radius: 3px;' title='1.0'>_||> "
 "'<||_html:</span>_||><||_html:<span style='background-color: rgba(0.0, "
 "165.0, 0, 0.15); border-radius: 3px;' "
 "title='1.0'>_||>description<||_html:</span>_||><||_html:<span "
 "style='background-color: rgba(0.0, 165.0, 0, 0.15); border-radius: 3px;' "
 "title='1.0'>_||>'<||_html:</span>_||><||_html:<span style='background-color: "
 "rgba(0.0, 165.0, 0, 0.15); border-radius: 3px;' title='1.0'>_||> "
 "and<||_html:</span>_||><||_html:<span style='background-color: rgba(0.0, "
 "165.0, 0, 0.15); border-radius: 3px;' title='1.0'>_||> "
 "'<||_html:</span>_||><||_html:<span style='background-color: rgba(0.0, "
 "165.0, 0, 0.15); border-radius: 3px;' "
 "title='1.0'>_||>stock<||_html:</span>_||><||_html:<span "
 "style='background-color: rgba(0.0, 165.0, 0, 0.15); border-radius: 3px;' "
 "title='1.0'>_||>'<||_html:</span>_||><||_html:<span style='background-color: "
 "rgba(0.0, 165.0, 0, 0.15); border-radius: 3px;' title='1.0'>_||> "
 "fields<||_html:</span>_||><||_html:<span style='background-color: rgba(0.0, "
 "165.0, 0, 0.15); border-radius: 3px;' "
 'title=\'1.0\'>_||>."<||_html:</span>_||><||_html:<span '
 "style='background-color: rgba(0.0, 165.0, 0, 0.15); border-radius: 3px;' "
 "title='1.0'>_||>\n"
 "<||_html:</span>_||><||_html:<span style='background-color: rgba(0.0, 165.0, "
 "0, 0.15); border-radius: 3px;' title='1.0'>_||> "
 "<||_html:</span>_||><||_html:<span style='background-color: rgba(0.0, 165.0, "
 "0, 0.15); border-radius: 3px;' title='1.0'>_||> "
 "}<||_html:</span>_||><||_html:<span style='background-color: rgba(0.0, "
 "165.0, 0, 0.15); border-radius: 3px;' title='1.0'>_||>\n"
 "<||_html:</span>_||><||_html:<span style='background-color: rgba(0.0, 165.0, "
 "0, 0.15); border-radius: 3px;' "
 'title=\'1.0\'>_||>}<||_html:</span>_||>{"changes":<||_html:<span '
 "style='background-color: rgba(0.0, 165.0, 0, 0.15); border-radius: 3px;' "
 "title='1.0'>_||>[<||_html:</span>_||><||_html:<span style='background-color: "
 "rgba(0.0, 165.0, 0, 0.15); border-radius: 3px;' "
 'title=\'1.0\'>_||>{"<||_html:</span>_||>type<||_html:<span '
 "style='background-color: rgba(0.0, 165.0, 0, 0.15); border-radius: 3px;' "
 'title=\'1.0\'>_||>":"<||_html:</span>_||><||_html:<span '
 "style='background-color: rgba(0.0, 165.0, 0, 0.15); border-radius: 3px;' "
 "title='1.0'>_||>Query<||_html:</span>_||><||_html:<span "
 "style='background-color: rgba(0.0, 165.0, 0, 0.15); border-radius: 3px;' "
 'title=\'1.0\'>_||>","<||_html:</span>_||>field<||_html:<span '
 "style='background-color: rgba(0.0, 165.0, 0, 0.15); border-radius: 3px;' "
 'title=\'1.0\'>_||>":"<||_html:</span>_||><||_html:<span '
 "style='background-color: rgba(0.0, 165.0, 0, 0.15); border-radius: 3px;' "
 "title='1.0'>_||>get<||_html:</span>_||><||_html:<span "
 "style='background-color: rgba(0.0, 165.0, 0, 0.15); border-radius: 3px;' "
 "title='1.0'>_||>Product<||_html:</span>_||><||_html:<span "
 "style='background-color: rgba(0.0, 165.0, 0, 0.15); border-radius: 3px;' "
 'title=\'1.0\'>_||>","<||_html:</span>_||>change<||_html:<span '
 "style='background-color: rgba(0.0, 165.0, 0, 0.15); border-radius: 3px;' "
 'title=\'1.0\'>_||>":"<||_html:</span>_||><||_html:<span '
 "style='background-color: rgba(0.0, 165.0, 0, 0.15); border-radius: 3px;' "
 "title='1.0'>_||>field<||_html:</span>_||><||_html:<span "
 "style='background-color: rgba(0.0, 165.0, 0, 0.15); border-radius: 3px;' "
 "title='1.0'>_||> details<||_html:</span>_||><||_html:<span "
 "style='background-color: rgba(0.0, 165.0, 0, 0.15); border-radius: 3px;' "
 "title='1.0'>_||> added<||_html:</span>_||><||_html:<span "
 "style='background-color: rgba(0.0, 165.0, 0, 0.15); border-radius: 3px;' "
 'title=\'1.0\'>_||>","<||_html:</span>_||>breaking<||_html:<span '
 "style='background-color: rgba(0.0, 165.0, 0, 0.15); border-radius: 3px;' "
 'title=\'1.0\'>_||>":<||_html:</span>_||><||_html:<span '
 "style='background-color: rgba(0.0, 165.0, 0, 0.15); border-radius: 3px;' "
 'title=\'1.0\'>_||>false<||_html:</span>_||>,"release_note<||_html:<span '
 "style='background-color: rgba(0.0, 165.0, 0, 0.15); border-radius: 3px;' "
 'title=\'1.0\'>_||>":"<||_html:</span>_||><||_html:<span '
 "style='background-color: rgba(0.0, 165.0, 0, 0.15); border-radius: 3px;' "
 "title='1.0'>_||>The<||_html:</span>_||><||_html:<span "
 "style='background-color: rgba(0.0, 165.0, 0, 0.15); border-radius: 3px;' "
 "title='1.0'>_||> '<||_html:</span>_||><||_html:<span "
 "style='background-color: rgba(0.0, 165.0, 0, 0.15); border-radius: 3px;' "
 "title='1.0'>_||>get<||_html:</span>_||><||_html:<span "
 "style='background-color: rgba(0.0, 165.0, 0, 0.15); border-radius: 3px;' "
 "title='1.0'>_||>Product<||_html:</span>_||><||_html:<span "
 "style='background-color: rgba(0.0, 165.0, 0, 0.15); border-radius: 3px;' "
 "title='1.0'>_||>'<||_html:</span>_||><||_html:<span style='background-color: "
 "rgba(0.0, 165.0, 0, 0.15); border-radius: 3px;' title='1.0'>_||> "
 "query<||_html:</span>_||><||_html:<span style='background-color: rgba(0.0, "
 "165.0, 0, 0.15); border-radius: 3px;' title='1.0'>_||> "
 "now<||_html:</span>_||><||_html:<span style='background-color: rgba(0.0, "
 "165.0, 0, 0.15); border-radius: 3px;' title='1.0'>_||> "
 "includes<||_html:</span>_||><||_html:<span style='background-color: "
 "rgba(0.0, 165.0, 0, 0.15); border-radius: 3px;' title='1.0'>_||> "
 "a<||_html:</span>_||><||_html:<span style='background-color: rgba(0.0, "
 "165.0, 0, 0.15); border-radius: 3px;' title='1.0'>_||> "
 "new<||_html:</span>_||><||_html:<span style='background-color: rgba(0.0, "
 "165.0, 0, 0.15); border-radius: 3px;' title='1.0'>_||> "
 "field<||_html:</span>_||><||_html:<span style='background-color: rgba(0.0, "
 "165.0, 0, 0.15); border-radius: 3px;' title='1.0'>_||> "
 "'<||_html:</span>_||><||_html:<span style='background-color: rgba(0.0, "
 "165.0, 0, 0.15); border-radius: 3px;' "
 "title='1.0'>_||>details<||_html:</span>_||><||_html:<span "
 "style='background-color: rgba(0.0, 165.0, 0, 0.15); border-radius: 3px;' "
 "title='1.0'>_||>'<||_html:</span>_||><||_html:<span style='background-color: "
 "rgba(0.0, 165.0, 0, 0.15); border-radius: 3px;' title='1.0'>_||> "
 "of<||_html:</span>_||><||_html:<span style='background-color: rgba(0.0, "
 "165.0, 0, 0.15); border-radius: 3px;' title='1.0'>_||> "
 "type<||_html:</span>_||><||_html:<span style='background-color: rgba(0.0, "
 "165.0, 0, 0.15); border-radius: 3px;' title='1.0'>_||> "
 "String<||_html:</span>_||><||_html:<span style='background-color: rgba(0.0, "
 "165.0, 0, 0.15); border-radius: 3px;' "
 'title=\'1.0\'>_||>."<||_html:</span>_||><||_html:<span '
 "style='background-color: rgba(0.0, 165.0, 0, 0.15); border-radius: 3px;' "
 'title=\'1.0\'>_||>},<||_html:</span>_||>{"type<||_html:<span '
 "style='background-color: rgba(0.0, 165.0, 0, 0.15); border-radius: 3px;' "
 'title=\'1.0\'>_||>":"<||_html:</span>_||><||_html:<span '
 "style='background-color: rgba(0.0, 165.0, 0, 0.15); border-radius: 3px;' "
 "title='1.0'>_||>Product<||_html:</span>_||><||_html:<span "
 "style='background-color: rgba(0.0, 165.0, 0, 0.15); border-radius: 3px;' "
 'title=\'1.0\'>_||>","<||_html:</span>_||>field<||_html:<span '
 "style='background-color: rgba(0.0, 165.0, 0, 0.15); border-radius: 3px;' "
 'title=\'1.0\'>_||>":"<||_html:</span>_||><||_html:<span '
 "style='background-color: rgba(0.0, 165.0, 0, 0.15); border-radius: 3px;' "
 "title='1.0'>_||>description<||_html:</span>_||><||_html:<span "
 "style='background-color: rgba(0.0, 165.0, 0, 0.15); border-radius: 3px;' "
 'title=\'1.0\'>_||>","<||_html:</span>_||>change<||_html:<span '
 "style='background-color: rgba(0.0, 165.0, 0, 0.15); border-radius: 3px;' "
 'title=\'1.0\'>_||>":"<||_html:</span>_||><||_html:<span '
 "style='background-color: rgba(0.0, 165.0, 0, 0.15); border-radius: 3px;' "
 "title='1.0'>_||>field<||_html:</span>_||><||_html:<span "
 "style='background-color: rgba(0.0, 165.0, 0, 0.15); border-radius: 3px;' "
 "title='1.0'>_||> removed<||_html:</span>_||><||_html:<span "
 "style='background-color: rgba(0.0, 165.0, 0, 0.15); border-radius: 3px;' "
 'title=\'1.0\'>_||>","<||_html:</span>_||>breaking<||_html:<span '
 "style='background-color: rgba(0.0, 165.0, 0, 0.15); border-radius: 3px;' "
 'title=\'1.0\'>_||>":<||_html:</span>_||><||_html:<span '
 "style='background-color: rgba(0.0, 165.0, 0, 0.15); border-radius: 3px;' "
 'title=\'1.0\'>_||>true<||_html:</span>_||>,"release_note<||_html:<span '
 "style='background-color: rgba(0.0, 165.0, 0, 0.15); border-radius: 3px;' "
 'title=\'1.0\'>_||>":"<||_html:</span>_||><||_html:<span '
 "style='background-color: rgba(0.0, 165.0, 0, 0.15); border-radius: 3px;' "
 "title='1.0'>_||>The<||_html:</span>_||><||_html:<span "
 "style='background-color: rgba(0.0, 165.0, 0, 0.15); border-radius: 3px;' "
 "title='1.0'>_||> '<||_html:</span>_||><||_html:<span "
 "style='background-color: rgba(0.0, 165.0, 0, 0.15); border-radius: 3px;' "
 "title='1.0'>_||>Product<||_html:</span>_||><||_html:<span "
 "style='background-color: rgba(0.0, 165.0, 0, 0.15); border-radius: 3px;' "
 "title='1.0'>_||>'<||_html:</span>_||><||_html:<span style='background-color: "
 "rgba(0.0, 165.0, 0, 0.15); border-radius: 3px;' title='1.0'>_||> "
 "type<||_html:</span>_||><||_html:<span style='background-color: rgba(0.0, "
 "165.0, 0, 0.15); border-radius: 3px;' title='1.0'>_||> "
 "no<||_html:</span>_||><||_html:<span style='background-color: rgba(0.0, "
 "165.0, 0, 0.15); border-radius: 3px;' title='1.0'>_||> "
 "longer<||_html:</span>_||><||_html:<span style='background-color: rgba(0.0, "
 "165.0, 0, 0.15); border-radius: 3px;' title='1.0'>_||> "
 "includes<||_html:</span>_||><||_html:<span style='background-color: "
 "rgba(0.0, 165.0, 0, 0.15); border-radius: 3px;' title='1.0'>_||> "
 "the<||_html:</span>_||><||_html:<span style='background-color: rgba(0.0, "
 "165.0, 0, 0.15); border-radius: 3px;' title='1.0'>_||> "
 "'<||_html:</span>_||><||_html:<span style='background-color: rgba(0.0, "
 "165.0, 0, 0.15); border-radius: 3px;' "
 "title='1.0'>_||>description<||_html:</span>_||><||_html:<span "
 "style='background-color: rgba(0.0, 165.0, 0, 0.15); border-radius: 3px;' "
 "title='1.0'>_||>'<||_html:</span>_||><||_html:<span style='background-color: "
 "rgba(0.0, 165.0, 0, 0.15); border-radius: 3px;' title='1.0'>_||> "
 "field<||_html:</span>_||><||_html:<span style='background-color: rgba(0.0, "
 "165.0, 0, 0.15); border-radius: 3px;' "
 'title=\'1.0\'>_||>."<||_html:</span>_||><||_html:<span '
 "style='background-color: rgba(0.0, 165.0, 0, 0.15); border-radius: 3px;' "
 'title=\'1.0\'>_||>},<||_html:</span>_||>{"type<||_html:<span '
 "style='background-color: rgba(0.0, 165.0, 0, 0.15); border-radius: 3px;' "
 "title='1.0'>_||>")
('Analyze the following two GraphQL schemas for changes, including both '
 'breaking and non-breaking changes.\n'
 '\n'
 '                        Provide your analysis in the following JSON format:\n'
 '                        {\n'
 '                          "changes": [\n'
 '                            {\n'
 '                              "type": "String representing the GraphQL type '
 '(e.g., Query, Mutation, Subscription)",\n'
 '                              "field": "String representing the specific '
 'field that changed",\n'
 '                              "change": "String describing the change (e.g., '
 'field renamed, new field added, field removed)",\n'
 '                              "breaking": "Boolean indicating if the change '
 'is breaking (true) or non-breaking (false)",\n'
 '                              "release_note": "String with a natural '
 'language description of the change for release notes"\n'
 '                            }\n'
 '                          ],\n'
 '                          "release_notes": {\n'
 '                              "summary": "String summarizing all changes, '
 'suitable for a mailing list or public announcement"\n'
 '                          }\n'
 '                        }\n'
 '\n'
 '                        When analyzing, consider the following types of '
 'changes:\n'
 '                        1. Removing fields or types (breaking)\n'
 '                        2. Changing field types (potentially breaking)\n'
 '                        3. Adding required fields (breaking)\n'
 '                        4. Changing the type of existing arguments '
 '(breaking)\n'
 '                        5. Adding optional fields (non-breaking)\n'
 '                        6. Adding new types (non-breaking)\n'
 '                        7. Deprecating fields (non-breaking)\n'
 '\n'
 '                        Ensure that each change is categorized correctly as '
 'breaking or non-breaking.: type Query {\n'
 '  getProduct(id: ID!): Product\n'
 '}\n'
 '\n'
 'type Product {\n'
 '  id: ID\n'
 '  name: String\n'
 '  description: String\n'
 '  price: Float\n'
 '  stock: Int\n'
 '}\n'
 ', type Query {\n'
 '  getProduct(id: ID!): Product\n'
 '}\n'
 '\n'
 'type Product {\n'
 '  id: ID\n'
 '  name: String\n'
 '  details: String\n'
 '  price: Float\n'
 '}\n'
 '\n'
 "Answer:<||_html:<span style='background-color: rgba(0.0, 165.0, 0, 0.15); "
 "border-radius: 3px;' title='1.0'>_||> {<||_html:</span>_||><||_html:<span "
 "style='background-color: rgba(0.0, 165.0, 0, 0.15); border-radius: 3px;' "
 "title='1.0'>_||>\n"
 "<||_html:</span>_||><||_html:<span style='background-color: rgba(0.0, 165.0, "
 "0, 0.15); border-radius: 3px;' title='1.0'>_||> "
 "<||_html:</span>_||><||_html:<span style='background-color: rgba(0.0, 165.0, "
 "0, 0.15); border-radius: 3px;' title='1.0'>_||> "
 '"<||_html:</span>_||><||_html:<span style=\'background-color: rgba(0.0, '
 "165.0, 0, 0.15); border-radius: 3px;' "
 "title='1.0'>_||>changes<||_html:</span>_||><||_html:<span "
 "style='background-color: rgba(0.0, 165.0, 0, 0.15); border-radius: 3px;' "
 'title=\'1.0\'>_||>":<||_html:</span>_||><||_html:<span '
 "style='background-color: rgba(0.0, 165.0, 0, 0.15); border-radius: 3px;' "
 "title='1.0'>_||> [<||_html:</span>_||><||_html:<span "
 "style='background-color: rgba(0.0, 165.0, 0, 0.15); border-radius: 3px;' "
 "title='1.0'>_||>\n"
 "<||_html:</span>_||><||_html:<span style='background-color: rgba(0.0, 165.0, "
 "0, 0.15); border-radius: 3px;' title='1.0'>_||>   "
 "<||_html:</span>_||><||_html:<span style='background-color: rgba(0.0, 165.0, "
 "0, 0.15); border-radius: 3px;' title='1.0'>_||> "
 "{<||_html:</span>_||><||_html:<span style='background-color: rgba(0.0, "
 "165.0, 0, 0.15); border-radius: 3px;' title='1.0'>_||>\n"
 "<||_html:</span>_||><||_html:<span style='background-color: rgba(0.0, 165.0, "
 "0, 0.15); border-radius: 3px;' title='1.0'>_||>     "
 "<||_html:</span>_||><||_html:<span style='background-color: rgba(0.0, 165.0, "
 "0, 0.15); border-radius: 3px;' title='1.0'>_||> "
 '"<||_html:</span>_||><||_html:<span style=\'background-color: rgba(0.0, '
 "165.0, 0, 0.15); border-radius: 3px;' "
 "title='1.0'>_||>type<||_html:</span>_||><||_html:<span "
 "style='background-color: rgba(0.0, 165.0, 0, 0.15); border-radius: 3px;' "
 'title=\'1.0\'>_||>":<||_html:</span>_||><||_html:<span '
 "style='background-color: rgba(0.0, 165.0, 0, 0.15); border-radius: 3px;' "
 'title=\'1.0\'>_||> "<||_html:</span>_||><||_html:<span '
 "style='background-color: rgba(0.0, 165.0, 0, 0.15); border-radius: 3px;' "
 "title='1.0'>_||>Query<||_html:</span>_||><||_html:<span "
 "style='background-color: rgba(0.0, 165.0, 0, 0.15); border-radius: 3px;' "
 'title=\'1.0\'>_||>",<||_html:</span>_||><||_html:<span '
 "style='background-color: rgba(0.0, 165.0, 0, 0.15); border-radius: 3px;' "
 "title='1.0'>_||>\n"
 "<||_html:</span>_||><||_html:<span style='background-color: rgba(0.0, 165.0, "
 "0, 0.15); border-radius: 3px;' title='1.0'>_||>     "
 "<||_html:</span>_||><||_html:<span style='background-color: rgba(0.0, 165.0, "
 "0, 0.15); border-radius: 3px;' title='1.0'>_||> "
 '"<||_html:</span>_||><||_html:<span style=\'background-color: rgba(0.0, '
 "165.0, 0, 0.15); border-radius: 3px;' "
 "title='1.0'>_||>field<||_html:</span>_||><||_html:<span "
 "style='background-color: rgba(0.0, 165.0, 0, 0.15); border-radius: 3px;' "
 'title=\'1.0\'>_||>":<||_html:</span>_||><||_html:<span '
 "style='background-color: rgba(0.0, 165.0, 0, 0.15); border-radius: 3px;' "
 'title=\'1.0\'>_||> "<||_html:</span>_||><||_html:<span '
 "style='background-color: rgba(0.0, 165.0, 0, 0.15); border-radius: 3px;' "
 "title='1.0'>_||>get<||_html:</span>_||><||_html:<span "
 "style='background-color: rgba(0.0, 165.0, 0, 0.15); border-radius: 3px;' "
 "title='1.0'>_||>Product<||_html:</span>_||><||_html:<span "
 "style='background-color: rgba(0.0, 165.0, 0, 0.15); border-radius: 3px;' "
 'title=\'1.0\'>_||>",<||_html:</span>_||><||_html:<span '
 "style='background-color: rgba(0.0, 165.0, 0, 0.15); border-radius: 3px;' "
 "title='1.0'>_||>\n"
 "<||_html:</span>_||><||_html:<span style='background-color: rgba(0.0, 165.0, "
 "0, 0.15); border-radius: 3px;' title='1.0'>_||>     "
 "<||_html:</span>_||><||_html:<span style='background-color: rgba(0.0, 165.0, "
 "0, 0.15); border-radius: 3px;' title='1.0'>_||> "
 '"<||_html:</span>_||><||_html:<span style=\'background-color: rgba(0.0, '
 "165.0, 0, 0.15); border-radius: 3px;' "
 "title='1.0'>_||>change<||_html:</span>_||><||_html:<span "
 "style='background-color: rgba(0.0, 165.0, 0, 0.15); border-radius: 3px;' "
 'title=\'1.0\'>_||>":<||_html:</span>_||><||_html:<span '
 "style='background-color: rgba(0.0, 165.0, 0, 0.15); border-radius: 3px;' "
 'title=\'1.0\'>_||> "<||_html:</span>_||><||_html:<span '
 "style='background-color: rgba(0.0, 165.0, 0, 0.15); border-radius: 3px;' "
 "title='1.0'>_||>field<||_html:</span>_||><||_html:<span "
 "style='background-color: rgba(0.0, 165.0, 0, 0.15); border-radius: 3px;' "
 "title='1.0'>_||> details<||_html:</span>_||><||_html:<span "
 "style='background-color: rgba(0.0, 165.0, 0, 0.15); border-radius: 3px;' "
 "title='1.0'>_||> added<||_html:</span>_||><||_html:<span "
 "style='background-color: rgba(0.0, 165.0, 0, 0.15); border-radius: 3px;' "
 'title=\'1.0\'>_||>",<||_html:</span>_||><||_html:<span '
 "style='background-color: rgba(0.0, 165.0, 0, 0.15); border-radius: 3px;' "
 "title='1.0'>_||>\n"
 "<||_html:</span>_||><||_html:<span style='background-color: rgba(0.0, 165.0, "
 "0, 0.15); border-radius: 3px;' title='1.0'>_||>     "
 "<||_html:</span>_||><||_html:<span style='background-color: rgba(0.0, 165.0, "
 "0, 0.15); border-radius: 3px;' title='1.0'>_||> "
 '"<||_html:</span>_||><||_html:<span style=\'background-color: rgba(0.0, '
 "165.0, 0, 0.15); border-radius: 3px;' "
 "title='1.0'>_||>breaking<||_html:</span>_||><||_html:<span "
 "style='background-color: rgba(0.0, 165.0, 0, 0.15); border-radius: 3px;' "
 'title=\'1.0\'>_||>":<||_html:</span>_||><||_html:<span '
 "style='background-color: rgba(0.0, 165.0, 0, 0.15); border-radius: 3px;' "
 'title=\'1.0\'>_||> "<||_html:</span>_||><||_html:<span '
 "style='background-color: rgba(0.0, 165.0, 0, 0.15); border-radius: 3px;' "
 "title='1.0'>_||>false<||_html:</span>_||><||_html:<span "
 "style='background-color: rgba(0.0, 165.0, 0, 0.15); border-radius: 3px;' "
 'title=\'1.0\'>_||>",<||_html:</span>_||><||_html:<span '
 "style='background-color: rgba(0.0, 165.0, 0, 0.15); border-radius: 3px;' "
 "title='1.0'>_||>\n"
 "<||_html:</span>_||><||_html:<span style='background-color: rgba(0.0, 165.0, "
 "0, 0.15); border-radius: 3px;' title='1.0'>_||>     "
 "<||_html:</span>_||><||_html:<span style='background-color: rgba(0.0, 165.0, "
 "0, 0.15); border-radius: 3px;' title='1.0'>_||> "
 '"<||_html:</span>_||><||_html:<span style=\'background-color: rgba(0.0, '
 "165.0, 0, 0.15); border-radius: 3px;' "
 "title='1.0'>_||>release<||_html:</span>_||><||_html:<span "
 "style='background-color: rgba(0.0, 165.0, 0, 0.15); border-radius: 3px;' "
 "title='1.0'>_||>_<||_html:</span>_||><||_html:<span style='background-color: "
 "rgba(0.0, 165.0, 0, 0.15); border-radius: 3px;' "
 "title='1.0'>_||>note<||_html:</span>_||><||_html:<span "
 "style='background-color: rgba(0.0, 165.0, 0, 0.15); border-radius: 3px;' "
 'title=\'1.0\'>_||>":<||_html:</span>_||><||_html:<span '
 "style='background-color: rgba(0.0, 165.0, 0, 0.15); border-radius: 3px;' "
 'title=\'1.0\'>_||> "<||_html:</span>_||><||_html:<span '
 "style='background-color: rgba(0.0, 165.0, 0, 0.15); border-radius: 3px;' "
 "title='1.0'>_||>The<||_html:</span>_||><||_html:<span "
 "style='background-color: rgba(0.0, 165.0, 0, 0.15); border-radius: 3px;' "
 "title='1.0'>_||> '<||_html:</span>_||><||_html:<span "
 "style='background-color: rgba(0.0, 165.0, 0, 0.15); border-radius: 3px;' "
 "title='1.0'>_||>get<||_html:</span>_||><||_html:<span "
 "style='background-color: rgba(0.0, 165.0, 0, 0.15); border-radius: 3px;' "
 "title='1.0'>_||>Product<||_html:</span>_||><||_html:<span "
 "style='background-color: rgba(0.0, 165.0, 0, 0.15); border-radius: 3px;' "
 "title='1.0'>_||>'<||_html:</span>_||><||_html:<span style='background-color: "
 "rgba(0.0, 165.0, 0, 0.15); border-radius: 3px;' title='1.0'>_||> "
 "query<||_html:</span>_||><||_html:<span style='background-color: rgba(0.0, "
 "165.0, 0, 0.15); border-radius: 3px;' title='1.0'>_||> "
 "now<||_html:</span>_||><||_html:<span style='background-color: rgba(0.0, "
 "165.0, 0, 0.15); border-radius: 3px;' title='1.0'>_||> "
 "includes<||_html:</span>_||><||_html:<span style='background-color: "
 "rgba(0.0, 165.0, 0, 0.15); border-radius: 3px;' title='1.0'>_||> "
 "a<||_html:</span>_||><||_html:<span style='background-color: rgba(0.0, "
 "165.0, 0, 0.15); border-radius: 3px;' title='1.0'>_||> "
 "new<||_html:</span>_||><||_html:<span style='background-color: rgba(0.0, "
 "165.0, 0, 0.15); border-radius: 3px;' title='1.0'>_||> "
 "field<||_html:</span>_||><||_html:<span style='background-color: rgba(0.0, "
 "165.0, 0, 0.15); border-radius: 3px;' title='1.0'>_||> "
 "'<||_html:</span>_||><||_html:<span style='background-color: rgba(0.0, "
 "165.0, 0, 0.15); border-radius: 3px;' "
 "title='1.0'>_||>details<||_html:</span>_||><||_html:<span "
 "style='background-color: rgba(0.0, 165.0, 0, 0.15); border-radius: 3px;' "
 "title='1.0'>_||>'<||_html:</span>_||><||_html:<span style='background-color: "
 "rgba(0.0, 165.0, 0, 0.15); border-radius: 3px;' title='1.0'>_||> "
 "of<||_html:</span>_||><||_html:<span style='background-color: rgba(0.0, "
 "165.0, 0, 0.15); border-radius: 3px;' title='1.0'>_||> "
 "type<||_html:</span>_||><||_html:<span style='background-color: rgba(0.0, "
 "165.0, 0, 0.15); border-radius: 3px;' title='1.0'>_||> "
 "String<||_html:</span>_||><||_html:<span style='background-color: rgba(0.0, "
 "165.0, 0, 0.15); border-radius: 3px;' "
 'title=\'1.0\'>_||>."<||_html:</span>_||><||_html:<span '
 "style='background-color: rgba(0.0, 165.0, 0, 0.15); border-radius: 3px;' "
 "title='1.0'>_||>\n"
 "<||_html:</span>_||><||_html:<span style='background-color: rgba(0.0, 165.0, "
 "0, 0.15); border-radius: 3px;' title='1.0'>_||>   "
 "<||_html:</span>_||><||_html:<span style='background-color: rgba(0.0, 165.0, "
 "0, 0.15); border-radius: 3px;' title='1.0'>_||> "
 "},<||_html:</span>_||><||_html:<span style='background-color: rgba(0.0, "
 "165.0, 0, 0.15); border-radius: 3px;' title='1.0'>_||>\n"
 "<||_html:</span>_||><||_html:<span style='background-color: rgba(0.0, 165.0, "
 "0, 0.15); border-radius: 3px;' title='1.0'>_||>   "
 "<||_html:</span>_||><||_html:<span style='background-color: rgba(0.0, 165.0, "
 "0, 0.15); border-radius: 3px;' title='1.0'>_||> "
 "{<||_html:</span>_||><||_html:<span style='background-color: rgba(0.0, "
 "165.0, 0, 0.15); border-radius: 3px;' title='1.0'>_||>\n"
 "<||_html:</span>_||><||_html:<span style='background-color: rgba(0.0, 165.0, "
 "0, 0.15); border-radius: 3px;' title='1.0'>_||>     "
 "<||_html:</span>_||><||_html:<span style='background-color: rgba(0.0, 165.0, "
 "0, 0.15); border-radius: 3px;' title='1.0'>_||> "
 '"<||_html:</span>_||><||_html:<span style=\'background-color: rgba(0.0, '
 "165.0, 0, 0.15); border-radius: 3px;' "
 "title='1.0'>_||>type<||_html:</span>_||><||_html:<span "
 "style='background-color: rgba(0.0, 165.0, 0, 0.15); border-radius: 3px;' "
 'title=\'1.0\'>_||>":<||_html:</span>_||><||_html:<span '
 "style='background-color: rgba(0.0, 165.0, 0, 0.15); border-radius: 3px;' "
 'title=\'1.0\'>_||> "<||_html:</span>_||><||_html:<span '
 "style='background-color: rgba(0.0, 165.0, 0, 0.15); border-radius: 3px;' "
 "title='1.0'>_||>Product<||_html:</span>_||><||_html:<span "
 "style='background-color: rgba(0.0, 165.0, 0, 0.15); border-radius: 3px;' "
 'title=\'1.0\'>_||>",<||_html:</span>_||><||_html:<span '
 "style='background-color: rgba(0.0, 165.0, 0, 0.15); border-radius: 3px;' "
 "title='1.0'>_||>\n"
 "<||_html:</span>_||><||_html:<span style='background-color: rgba(0.0, 165.0, "
 "0, 0.15); border-radius: 3px;' title='1.0'>_||>     "
 "<||_html:</span>_||><||_html:<span style='background-color: rgba(0.0, 165.0, "
 "0, 0.15); border-radius: 3px;' title='1.0'>_||> "
 '"<||_html:</span>_||><||_html:<span style=\'background-color: rgba(0.0, '
 "165.0, 0, 0.15); border-radius: 3px;' "
 "title='1.0'>_||>field<||_html:</span>_||><||_html:<span "
 "style='background-color: rgba(0.0, 165.0, 0, 0.15); border-radius: 3px;' "
 'title=\'1.0\'>_||>":<||_html:</span>_||><||_html:<span '
 "style='background-color: rgba(0.0, 165.0, 0, 0.15); border-radius: 3px;' "
 'title=\'1.0\'>_||> "<||_html:</span>_||><||_html:<span '
 "style='background-color: rgba(0.0, 165.0, 0, 0.15); border-radius: 3px;' "
 "title='1.0'>_||>description<||_html:</span>_||><||_html:<span "
 "style='background-color: rgba(0.0, 165.0, 0, 0.15); border-radius: 3px;' "
 'title=\'1.0\'>_||>",<||_html:</span>_||><||_html:<span '
 "style='background-color: rgba(0.0, 165.0, 0, 0.15); border-radius: 3px;' "
 "title='1.0'>_||>\n"
 "<||_html:</span>_||><||_html:<span style='background-color: rgba(0.0, 165.0, "
 "0, 0.15); border-radius: 3px;' title='1.0'>_||>     "
 "<||_html:</span>_||><||_html:<span style='background-color: rgba(0.0, 165.0, "
 "0, 0.15); border-radius: 3px;' title='1.0'>_||> "
 '"<||_html:</span>_||><||_html:<span style=\'background-color: rgba(0.0, '
 "165.0, 0, 0.15); border-radius: 3px;' "
 "title='1.0'>_||>change<||_html:</span>_||><||_html:<span "
 "style='background-color: rgba(0.0, 165.0, 0, 0.15); border-radius: 3px;' "
 'title=\'1.0\'>_||>":<||_html:</span>_||><||_html:<span '
 "style='background-color: rgba(0.0, 165.0, 0, 0.15); border-radius: 3px;' "
 'title=\'1.0\'>_||> "<||_html:</span>_||><||_html:<span '
 "style='background-color: rgba(0.0, 165.0, 0, 0.15); border-radius: 3px;' "
 "title='1.0'>_||>field<||_html:</span>_||><||_html:<span "
 "style='background-color: rgba(0.0, 165.0, 0, 0.15); border-radius: 3px;' "
 "title='1.0'>_||> removed<||_html:</span>_||><||_html:<span "
 "style='background-color: rgba(0.0, 165.0, 0, 0.15); border-radius: 3px;' "
 'title=\'1.0\'>_||>",<||_html:</span>_||><||_html:<span '
 "style='background-color: rgba(0.0, 165.0, 0, 0.15); border-radius: 3px;' "
 "title='1.0'>_||>\n"
 "<||_html:</span>_||><||_html:<span style='background-color: rgba(0.0, 165.0, "
 "0, 0.15); border-radius: 3px;' title='1.0'>_||>     "
 "<||_html:</span>_||><||_html:<span style='background-color: rgba(0.0, 165.0, "
 "0, 0.15); border-radius: 3px;' title='1.0'>_||> "
 '"<||_html:</span>_||><||_html:<span style=\'background-color: rgba(0.0, '
 "165.0, 0, 0.15); border-radius: 3px;' "
 "title='1.0'>_||>breaking<||_html:</span>_||><||_html:<span "
 "style='background-color: rgba(0.0, 165.0, 0, 0.15); border-radius: 3px;' "
 'title=\'1.0\'>_||>":<||_html:</span>_||><||_html:<span '
 "style='background-color: rgba(0.0, 165.0, 0, 0.15); border-radius: 3px;' "
 'title=\'1.0\'>_||> "<||_html:</span>_||><||_html:<span '
 "style='background-color: rgba(0.0, 165.0, 0, 0.15); border-radius: 3px;' "
 "title='1.0'>_||>true<||_html:</span>_||><||_html:<span "
 "style='background-color: rgba(0.0, 165.0, 0, 0.15); border-radius: 3px;' "
 'title=\'1.0\'>_||>",<||_html:</span>_||><||_html:<span '
 "style='background-color: rgba(0.0, 165.0, 0, 0.15); border-radius: 3px;' "
 "title='1.0'>_||>\n"
 "<||_html:</span>_||><||_html:<span style='background-color: rgba(0.0, 165.0, "
 "0, 0.15); border-radius: 3px;' title='1.0'>_||>     "
 "<||_html:</span>_||><||_html:<span style='background-color: rgba(0.0, 165.0, "
 "0, 0.15); border-radius: 3px;' title='1.0'>_||> "
 '"<||_html:</span>_||><||_html:<span style=\'background-color: rgba(0.0, '
 "165.0, 0, 0.15); border-radius: 3px;' "
 "title='1.0'>_||>release<||_html:</span>_||><||_html:<span "
 "style='background-color: rgba(0.0, 165.0, 0, 0.15); border-radius: 3px;' "
 "title='1.0'>_||>_<||_html:</span>_||><||_html:<span style='background-color: "
 "rgba(0.0, 165.0, 0, 0.15); border-radius: 3px;' "
 "title='1.0'>_||>note<||_html:</span>_||><||_html:<span "
 "style='background-color: rgba(0.0, 165.0, 0, 0.15); border-radius: 3px;' "
 'title=\'1.0\'>_||>":<||_html:</span>_||><||_html:<span '
 "style='background-color: rgba(0.0, 165.0, 0, 0.15); border-radius: 3px;' "
 'title=\'1.0\'>_||> "<||_html:</span>_||><||_html:<span '
 "style='background-color: rgba(0.0, 165.0, 0, 0.15); border-radius: 3px;' "
 "title='1.0'>_||>The<||_html:</span>_||><||_html:<span "
 "style='background-color: rgba(0.0, 165.0, 0, 0.15); border-radius: 3px;' "
 "title='1.0'>_||> '<||_html:</span>_||><||_html:<span "
 "style='background-color: rgba(0.0, 165.0, 0, 0.15); border-radius: 3px;' "
 "title='1.0'>_||>Product<||_html:</span>_||><||_html:<span "
 "style='background-color: rgba(0.0, 165.0, 0, 0.15); border-radius: 3px;' "
 "title='1.0'>_||>'<||_html:</span>_||><||_html:<span style='background-color: "
 "rgba(0.0, 165.0, 0, 0.15); border-radius: 3px;' title='1.0'>_||> "
 "type<||_html:</span>_||><||_html:<span style='background-color: rgba(0.0, "
 "165.0, 0, 0.15); border-radius: 3px;' title='1.0'>_||> "
 "no<||_html:</span>_||><||_html:<span style='background-color: rgba(0.0, "
 "165.0, 0, 0.15); border-radius: 3px;' title='1.0'>_||> "
 "longer<||_html:</span>_||><||_html:<span style='background-color: rgba(0.0, "
 "165.0, 0, 0.15); border-radius: 3px;' title='1.0'>_||> "
 "includes<||_html:</span>_||><||_html:<span style='background-color: "
 "rgba(0.0, 165.0, 0, 0.15); border-radius: 3px;' title='1.0'>_||> "
 "the<||_html:</span>_||><||_html:<span style='background-color: rgba(0.0, "
 "165.0, 0, 0.15); border-radius: 3px;' title='1.0'>_||> "
 "'<||_html:</span>_||><||_html:<span style='background-color: rgba(0.0, "
 "165.0, 0, 0.15); border-radius: 3px;' "
 "title='1.0'>_||>description<||_html:</span>_||><||_html:<span "
 "style='background-color: rgba(0.0, 165.0, 0, 0.15); border-radius: 3px;' "
 "title='1.0'>_||>'<||_html:</span>_||><||_html:<span style='background-color: "
 "rgba(0.0, 165.0, 0, 0.15); border-radius: 3px;' title='1.0'>_||> "
 "field<||_html:</span>_||><||_html:<span style='background-color: rgba(0.0, "
 "165.0, 0, 0.15); border-radius: 3px;' "
 'title=\'1.0\'>_||>."<||_html:</span>_||><||_html:<span '
 "style='background-color: rgba(0.0, 165.0, 0, 0.15); border-radius: 3px;' "
 "title='1.0'>_||>\n"
 "<||_html:</span>_||><||_html:<span style='background-color: rgba(0.0, 165.0, "
 "0, 0.15); border-radius: 3px;' title='1.0'>_||>   "
 "<||_html:</span>_||><||_html:<span style='background-color: rgba(0.0, 165.0, "
 "0, 0.15); border-radius: 3px;' title='1.0'>_||> "
 "},<||_html:</span>_||><||_html:<span style='background-color: rgba(0.0, "
 "165.0, 0, 0.15); border-radius: 3px;' title='1.0'>_||>\n"
 "<||_html:</span>_||><||_html:<span style='background-color: rgba(0.0, 165.0, "
 "0, 0.15); border-radius: 3px;' title='1.0'>_||>   "
 "<||_html:</span>_||><||_html:<span style='background-color: rgba(0.0, 165.0, "
 "0, 0.15); border-radius: 3px;' title='1.0'>_||> "
 "{<||_html:</span>_||><||_html:<span style='background-color: rgba(0.0, "
 "165.0, 0, 0.15); border-radius: 3px;' title='1.0'>_||>\n"
 "<||_html:</span>_||><||_html:<span style='background-color: rgba(0.0, 165.0, "
 "0, 0.15); border-radius: 3px;' title='1.0'>_||>     "
 "<||_html:</span>_||><||_html:<span style='background-color: rgba(0.0, 165.0, "
 "0, 0.15); border-radius: 3px;' title='1.0'>_||> "
 '"<||_html:</span>_||><||_html:<span style=\'background-color: rgba(0.0, '
 "165.0, 0, 0.15); border-radius: 3px;' "
 "title='1.0'>_||>type<||_html:</span>_||><||_html:<span "
 "style='background-color: rgba(0.0, 165.0, 0, 0.15); border-radius: 3px;' "
 'title=\'1.0\'>_||>":<||_html:</span>_||><||_html:<span '
 "style='background-color: rgba(0.0, 165.0, 0, 0.15); border-radius: 3px;' "
 'title=\'1.0\'>_||> "<||_html:</span>_||><||_html:<span '
 "style='background-color: rgba(0.0, 165.0, 0, 0.15); border-radius: 3px;' "
 "title='1.0'>_||>Product<||_html:</span>_||><||_html:<span "
 "style='background-color: rgba(0.0, 165.0, 0, 0.15); border-radius: 3px;' "
 'title=\'1.0\'>_||>",<||_html:</span>_||><||_html:<span '
 "style='background-color: rgba(0.0, 165.0, 0, 0.15); border-radius: 3px;' "
 "title='1.0'>_||>\n"
 "<||_html:</span>_||><||_html:<span style='background-color: rgba(0.0, 165.0, "
 "0, 0.15); border-radius: 3px;' title='1.0'>_||>     "
 "<||_html:</span>_||><||_html:<span style='background-color: rgba(0.0, 165.0, "
 "0, 0.15); border-radius: 3px;' title='1.0'>_||> "
 '"<||_html:</span>_||><||_html:<span style=\'background-color: rgba(0.0, '
 "165.0, 0, 0.15); border-radius: 3px;' "
 "title='1.0'>_||>field<||_html:</span>_||><||_html:<span "
 "style='background-color: rgba(0.0, 165.0, 0, 0.15); border-radius: 3px;' "
 'title=\'1.0\'>_||>":<||_html:</span>_||><||_html:<span '
 "style='background-color: rgba(0.0, 165.0, 0, 0.15); border-radius: 3px;' "
 'title=\'1.0\'>_||> "<||_html:</span>_||><||_html:<span '
 "style='background-color: rgba(0.0, 165.0, 0, 0.15); border-radius: 3px;' "
 "title='1.0'>_||>stock<||_html:</span>_||><||_html:<span "
 "style='background-color: rgba(0.0, 165.0, 0, 0.15); border-radius: 3px;' "
 'title=\'1.0\'>_||>",<||_html:</span>_||><||_html:<span '
 "style='background-color: rgba(0.0, 165.0, 0, 0.15); border-radius: 3px;' "
 "title='1.0'>_||>\n"
 "<||_html:</span>_||><||_html:<span style='background-color: rgba(0.0, 165.0, "
 "0, 0.15); border-radius: 3px;' title='1.0'>_||>     "
 "<||_html:</span>_||><||_html:<span style='background-color: rgba(0.0, 165.0, "
 "0, 0.15); border-radius: 3px;' title='1.0'>_||> "
 '"<||_html:</span>_||><||_html:<span style=\'background-color: rgba(0.0, '
 "165.0, 0, 0.15); border-radius: 3px;' "
 "title='1.0'>_||>change<||_html:</span>_||><||_html:<span "
 "style='background-color: rgba(0.0, 165.0, 0, 0.15); border-radius: 3px;' "
 'title=\'1.0\'>_||>":<||_html:</span>_||><||_html:<span '
 "style='background-color: rgba(0.0, 165.0, 0, 0.15); border-radius: 3px;' "
 'title=\'1.0\'>_||> "<||_html:</span>_||><||_html:<span '
 "style='background-color: rgba(0.0, 165.0, 0, 0.15); border-radius: 3px;' "
 "title='1.0'>_||>field<||_html:</span>_||><||_html:<span "
 "style='background-color: rgba(0.0, 165.0, 0, 0.15); border-radius: 3px;' "
 "title='1.0'>_||> removed<||_html:</span>_||><||_html:<span "
 "style='background-color: rgba(0.0, 165.0, 0, 0.15); border-radius: 3px;' "
 'title=\'1.0\'>_||>",<||_html:</span>_||><||_html:<span '
 "style='background-color: rgba(0.0, 165.0, 0, 0.15); border-radius: 3px;' "
 "title='1.0'>_||>\n"
 "<||_html:</span>_||><||_html:<span style='background-color: rgba(0.0, 165.0, "
 "0, 0.15); border-radius: 3px;' title='1.0'>_||>     "
 "<||_html:</span>_||><||_html:<span style='background-color: rgba(0.0, 165.0, "
 "0, 0.15); border-radius: 3px;' title='1.0'>_||> "
 '"<||_html:</span>_||><||_html:<span style=\'background-color: rgba(0.0, '
 "165.0, 0, 0.15); border-radius: 3px;' "
 "title='1.0'>_||>breaking<||_html:</span>_||><||_html:<span "
 "style='background-color: rgba(0.0, 165.0, 0, 0.15); border-radius: 3px;' "
 'title=\'1.0\'>_||>":<||_html:</span>_||><||_html:<span '
 "style='background-color: rgba(0.0, 165.0, 0, 0.15); border-radius: 3px;' "
 'title=\'1.0\'>_||> "<||_html:</span>_||><||_html:<span '
 "style='background-color: rgba(0.0, 165.0, 0, 0.15); border-radius: 3px;' "
 "title='1.0'>_||>true<||_html:</span>_||><||_html:<span "
 "style='background-color: rgba(0.0, 165.0, 0, 0.15); border-radius: 3px;' "
 'title=\'1.0\'>_||>",<||_html:</span>_||><||_html:<span '
 "style='background-color: rgba(0.0, 165.0, 0, 0.15); border-radius: 3px;' "
 "title='1.0'>_||>\n"
 "<||_html:</span>_||><||_html:<span style='background-color: rgba(0.0, 165.0, "
 "0, 0.15); border-radius: 3px;' title='1.0'>_||>     "
 "<||_html:</span>_||><||_html:<span style='background-color: rgba(0.0, 165.0, "
 "0, 0.15); border-radius: 3px;' title='1.0'>_||> "
 '"<||_html:</span>_||><||_html:<span style=\'background-color: rgba(0.0, '
 "165.0, 0, 0.15); border-radius: 3px;' "
 "title='1.0'>_||>release<||_html:</span>_||><||_html:<span "
 "style='background-color: rgba(0.0, 165.0, 0, 0.15); border-radius: 3px;' "
 "title='1.0'>_||>_<||_html:</span>_||><||_html:<span style='background-color: "
 "rgba(0.0, 165.0, 0, 0.15); border-radius: 3px;' "
 "title='1.0'>_||>note<||_html:</span>_||><||_html:<span "
 "style='background-color: rgba(0.0, 165.0, 0, 0.15); border-radius: 3px;' "
 'title=\'1.0\'>_||>":<||_html:</span>_||><||_html:<span '
 "style='background-color: rgba(0.0, 165.0, 0, 0.15); border-radius: 3px;' "
 'title=\'1.0\'>_||> "<||_html:</span>_||><||_html:<span '
 "style='background-color: rgba(0.0, 165.0, 0, 0.15); border-radius: 3px;' "
 "title='1.0'>_||>The<||_html:</span>_||><||_html:<span "
 "style='background-color: rgba(0.0, 165.0, 0, 0.15); border-radius: 3px;' "
 "title='1.0'>_||> '<||_html:</span>_||><||_html:<span "
 "style='background-color: rgba(0.0, 165.0, 0, 0.15); border-radius: 3px;' "
 "title='1.0'>_||>Product<||_html:</span>_||><||_html:<span "
 "style='background-color: rgba(0.0, 165.0, 0, 0.15); border-radius: 3px;' "
 "title='1.0'>_||>'<||_html:</span>_||><||_html:<span style='background-color: "
 "rgba(0.0, 165.0, 0, 0.15); border-radius: 3px;' title='1.0'>_||> "
 "type<||_html:</span>_||><||_html:<span style='background-color: rgba(0.0, "
 "165.0, 0, 0.15); border-radius: 3px;' title='1.0'>_||> "
 "no<||_html:</span>_||><||_html:<span style='background-color: rgba(0.0, "
 "165.0, 0, 0.15); border-radius: 3px;' title='1.0'>_||> "
 "longer<||_html:</span>_||><||_html:<span style='background-color: rgba(0.0, "
 "165.0, 0, 0.15); border-radius: 3px;' title='1.0'>_||> "
 "includes<||_html:</span>_||><||_html:<span style='background-color: "
 "rgba(0.0, 165.0, 0, 0.15); border-radius: 3px;' title='1.0'>_||> "
 "the<||_html:</span>_||><||_html:<span style='background-color: rgba(0.0, "
 "165.0, 0, 0.15); border-radius: 3px;' title='1.0'>_||> "
 "'<||_html:</span>_||><||_html:<span style='background-color: rgba(0.0, "
 "165.0, 0, 0.15); border-radius: 3px;' "
 "title='1.0'>_||>stock<||_html:</span>_||><||_html:<span "
 "style='background-color: rgba(0.0, 165.0, 0, 0.15); border-radius: 3px;' "
 "title='1.0'>_||>'<||_html:</span>_||><||_html:<span style='background-color: "
 "rgba(0.0, 165.0, 0, 0.15); border-radius: 3px;' title='1.0'>_||> "
 "field<||_html:</span>_||><||_html:<span style='background-color: rgba(0.0, "
 "165.0, 0, 0.15); border-radius: 3px;' "
 'title=\'1.0\'>_||>."<||_html:</span>_||><||_html:<span '
 "style='background-color: rgba(0.0, 165.0, 0, 0.15); border-radius: 3px;' "
 "title='1.0'>_||>\n"
 "<||_html:</span>_||><||_html:<span style='background-color: rgba(0.0, 165.0, "
 "0, 0.15); border-radius: 3px;' title='1.0'>_||>   "
 "<||_html:</span>_||><||_html:<span style='background-color: rgba(0.0, 165.0, "
 "0, 0.15); border-radius: 3px;' title='1.0'>_||> "
 "}<||_html:</span>_||><||_html:<span style='background-color: rgba(0.0, "
 "165.0, 0, 0.15); border-radius: 3px;' title='1.0'>_||>\n"
 "<||_html:</span>_||><||_html:<span style='background-color: rgba(0.0, 165.0, "
 "0, 0.15); border-radius: 3px;' title='1.0'>_||> "
 "<||_html:</span>_||><||_html:<span style='background-color: rgba(0.0, 165.0, "
 "0, 0.15); border-radius: 3px;' title='1.0'>_||> "
 "],<||_html:</span>_||><||_html:<span style='background-color: rgba(0.0, "
 "165.0, 0, 0.15); border-radius: 3px;' title='1.0'>_||>\n"
 "<||_html:</span>_||><||_html:<span style='background-color: rgba(0.0, 165.0, "
 "0, 0.15); border-radius: 3px;' title='1.0'>_||> "
 "<||_html:</span>_||><||_html:<span style='background-color: rgba(0.0, 165.0, "
 "0, 0.15); border-radius: 3px;' title='1.0'>_||> "
 '"<||_html:</span>_||><||_html:<span style=\'background-color: rgba(0.0, '
 "165.0, 0, 0.15); border-radius: 3px;' "
 "title='1.0'>_||>release<||_html:</span>_||><||_html:<span "
 "style='background-color: rgba(0.0, 165.0, 0, 0.15); border-radius: 3px;' "
 "title='1.0'>_||>_<||_html:</span>_||><||_html:<span style='background-color: "
 "rgba(0.0, 165.0, 0, 0.15); border-radius: 3px;' "
 "title='1.0'>_||>notes<||_html:</span>_||><||_html:<span "
 "style='background-color: rgba(0.0, 165.0, 0, 0.15); border-radius: 3px;' "
 'title=\'1.0\'>_||>":<||_html:</span>_||><||_html:<span '
 "style='background-color: rgba(0.0, 165.0, 0, 0.15); border-radius: 3px;' "
 "title='1.0'>_||> {<||_html:</span>_||><||_html:<span "
 "style='background-color: rgba(0.0, 165.0, 0, 0.15); border-radius: 3px;' "
 "title='1.0'>_||>\n"
 "<||_html:</span>_||><||_html:<span style='background-color: rgba(0.0, 165.0, "
 "0, 0.15); border-radius: 3px;' title='1.0'>_||>   "
 "<||_html:</span>_||><||_html:<span style='background-color: rgba(0.0, 165.0, "
 "0, 0.15); border-radius: 3px;' title='1.0'>_||> "
 '"<||_html:</span>_||><||_html:<span style=\'background-color: rgba(0.0, '
 "165.0, 0, 0.15); border-radius: 3px;' "
 "title='1.0'>_||>summary<||_html:</span>_||><||_html:<span "
 "style='background-color: rgba(0.0, 165.0, 0, 0.15); border-radius: 3px;' "
 'title=\'1.0\'>_||>":<||_html:</span>_||><||_html:<span '
 "style='background-color: rgba(0.0, 165.0, 0, 0.15); border-radius: 3px;' "
 'title=\'1.0\'>_||> "<||_html:</span>_||><||_html:<span '
 "style='background-color: rgba(0.0, 165.0, 0, 0.15); border-radius: 3px;' "
 "title='1.0'>_||>The<||_html:</span>_||><||_html:<span "
 "style='background-color: rgba(0.0, 165.0, 0, 0.15); border-radius: 3px;' "
 "title='1.0'>_||> '<||_html:</span>_||><||_html:<span "
 "style='background-color: rgba(0.0, 165.0, 0, 0.15); border-radius: 3px;' "
 "title='1.0'>_||>get<||_html:</span>_||><||_html:<span "
 "style='background-color: rgba(0.0, 165.0, 0, 0.15); border-radius: 3px;' "
 "title='1.0'>_||>Product<||_html:</span>_||><||_html:<span "
 "style='background-color: rgba(0.0, 165.0, 0, 0.15); border-radius: 3px;' "
 "title='1.0'>_||>'<||_html:</span>_||><||_html:<span style='background-color: "
 "rgba(0.0, 165.0, 0, 0.15); border-radius: 3px;' title='1.0'>_||> "
 "query<||_html:</span>_||><||_html:<span style='background-color: rgba(0.0, "
 "165.0, 0, 0.15); border-radius: 3px;' title='1.0'>_||> "
 "now<||_html:</span>_||><||_html:<span style='background-color: rgba(0.0, "
 "165.0, 0, 0.15); border-radius: 3px;' title='1.0'>_||> "
 "includes<||_html:</span>_||><||_html:<span style='background-color: "
 "rgba(0.0, 165.0, 0, 0.15); border-radius: 3px;' title='1.0'>_||> "
 "a<||_html:</span>_||><||_html:<span style='background-color: rgba(0.0, "
 "165.0, 0, 0.15); border-radius: 3px;' title='1.0'>_||> "
 "new<||_html:</span>_||><||_html:<span style='background-color: rgba(0.0, "
 "165.0, 0, 0.15); border-radius: 3px;' title='1.0'>_||> "
 "field<||_html:</span>_||><||_html:<span style='background-color: rgba(0.0, "
 "165.0, 0, 0.15); border-radius: 3px;' title='1.0'>_||> "
 "'<||_html:</span>_||><||_html:<span style='background-color: rgba(0.0, "
 "165.0, 0, 0.15); border-radius: 3px;' "
 "title='1.0'>_||>details<||_html:</span>_||><||_html:<span "
 "style='background-color: rgba(0.0, 165.0, 0, 0.15); border-radius: 3px;' "
 "title='1.0'>_||>'<||_html:</span>_||><||_html:<span style='background-color: "
 "rgba(0.0, 165.0, 0, 0.15); border-radius: 3px;' title='1.0'>_||> "
 "of<||_html:</span>_||><||_html:<span style='background-color: rgba(0.0, "
 "165.0, 0, 0.15); border-radius: 3px;' title='1.0'>_||> "
 "type<||_html:</span>_||><||_html:<span style='background-color: rgba(0.0, "
 "165.0, 0, 0.15); border-radius: 3px;' title='1.0'>_||> "
 "String<||_html:</span>_||><||_html:<span style='background-color: rgba(0.0, "
 "165.0, 0, 0.15); border-radius: 3px;' "
 "title='1.0'>_||>.<||_html:</span>_||><||_html:<span style='background-color: "
 "rgba(0.0, 165.0, 0, 0.15); border-radius: 3px;' title='1.0'>_||> "
 "The<||_html:</span>_||><||_html:<span style='background-color: rgba(0.0, "
 "165.0, 0, 0.15); border-radius: 3px;' title='1.0'>_||> "
 "'<||_html:</span>_||><||_html:<span style='background-color: rgba(0.0, "
 "165.0, 0, 0.15); border-radius: 3px;' "
 "title='1.0'>_||>Product<||_html:</span>_||><||_html:<span "
 "style='background-color: rgba(0.0, 165.0, 0, 0.15); border-radius: 3px;' "
 "title='1.0'>_||>'<||_html:</span>_||><||_html:<span style='background-color: "
 "rgba(0.0, 165.0, 0, 0.15); border-radius: 3px;' title='1.0'>_||> "
 "type<||_html:</span>_||><||_html:<span style='background-color: rgba(0.0, "
 "165.0, 0, 0.15); border-radius: 3px;' title='1.0'>_||> "
 "no<||_html:</span>_||><||_html:<span style='background-color: rgba(0.0, "
 "165.0, 0, 0.15); border-radius: 3px;' title='1.0'>_||> "
 "longer<||_html:</span>_||><||_html:<span style='background-color: rgba(0.0, "
 "165.0, 0, 0.15); border-radius: 3px;' title='1.0'>_||> "
 "includes<||_html:</span>_||><||_html:<span style='background-color: "
 "rgba(0.0, 165.0, 0, 0.15); border-radius: 3px;' title='1.0'>_||> "
 "the<||_html:</span>_||><||_html:<span style='background-color: rgba(0.0, "
 "165.0, 0, 0.15); border-radius: 3px;' title='1.0'>_||> "
 "'<||_html:</span>_||><||_html:<span style='background-color: rgba(0.0, "
 "165.0, 0, 0.15); border-radius: 3px;' "
 "title='1.0'>_||>description<||_html:</span>_||><||_html:<span "
 "style='background-color: rgba(0.0, 165.0, 0, 0.15); border-radius: 3px;' "
 "title='1.0'>_||>'<||_html:</span>_||><||_html:<span style='background-color: "
 "rgba(0.0, 165.0, 0, 0.15); border-radius: 3px;' title='1.0'>_||> "
 "and<||_html:</span>_||><||_html:<span style='background-color: rgba(0.0, "
 "165.0, 0, 0.15); border-radius: 3px;' title='1.0'>_||> "
 "'<||_html:</span>_||><||_html:<span style='background-color: rgba(0.0, "
 "165.0, 0, 0.15); border-radius: 3px;' "
 "title='1.0'>_||>stock<||_html:</span>_||><||_html:<span "
 "style='background-color: rgba(0.0, 165.0, 0, 0.15); border-radius: 3px;' "
 "title='1.0'>_||>'<||_html:</span>_||><||_html:<span style='background-color: "
 "rgba(0.0, 165.0, 0, 0.15); border-radius: 3px;' title='1.0'>_||> "
 "fields<||_html:</span>_||><||_html:<span style='background-color: rgba(0.0, "
 "165.0, 0, 0.15); border-radius: 3px;' "
 'title=\'1.0\'>_||>."<||_html:</span>_||><||_html:<span '
 "style='background-color: rgba(0.0, 165.0, 0, 0.15); border-radius: 3px;' "
 "title='1.0'>_||>\n"
 "<||_html:</span>_||><||_html:<span style='background-color: rgba(0.0, 165.0, "
 "0, 0.15); border-radius: 3px;' title='1.0'>_||> "
 "<||_html:</span>_||><||_html:<span style='background-color: rgba(0.0, 165.0, "
 "0, 0.15); border-radius: 3px;' title='1.0'>_||> "
 "}<||_html:</span>_||><||_html:<span style='background-color: rgba(0.0, "
 "165.0, 0, 0.15); border-radius: 3px;' title='1.0'>_||>\n"
 "<||_html:</span>_||><||_html:<span style='background-color: rgba(0.0, 165.0, "
 "0, 0.15); border-radius: 3px;' "
 'title=\'1.0\'>_||>}<||_html:</span>_||>{"changes":<||_html:<span '
 "style='background-color: rgba(0.0, 165.0, 0, 0.15); border-radius: 3px;' "
 "title='1.0'>_||>[<||_html:</span>_||><||_html:<span style='background-color: "
 "rgba(0.0, 165.0, 0, 0.15); border-radius: 3px;' "
 'title=\'1.0\'>_||>{"<||_html:</span>_||>type<||_html:<span '
 "style='background-color: rgba(0.0, 165.0, 0, 0.15); border-radius: 3px;' "
 'title=\'1.0\'>_||>":"<||_html:</span>_||><||_html:<span '
 "style='background-color: rgba(0.0, 165.0, 0, 0.15); border-radius: 3px;' "
 "title='1.0'>_||>Query<||_html:</span>_||><||_html:<span "
 "style='background-color: rgba(0.0, 165.0, 0, 0.15); border-radius: 3px;' "
 'title=\'1.0\'>_||>","<||_html:</span>_||>field<||_html:<span '
 "style='background-color: rgba(0.0, 165.0, 0, 0.15); border-radius: 3px;' "
 'title=\'1.0\'>_||>":"<||_html:</span>_||><||_html:<span '
 "style='background-color: rgba(0.0, 165.0, 0, 0.15); border-radius: 3px;' "
 "title='1.0'>_||>get<||_html:</span>_||><||_html:<span "
 "style='background-color: rgba(0.0, 165.0, 0, 0.15); border-radius: 3px;' "
 "title='1.0'>_||>Product<||_html:</span>_||><||_html:<span "
 "style='background-color: rgba(0.0, 165.0, 0, 0.15); border-radius: 3px;' "
 'title=\'1.0\'>_||>","<||_html:</span>_||>change<||_html:<span '
 "style='background-color: rgba(0.0, 165.0, 0, 0.15); border-radius: 3px;' "
 'title=\'1.0\'>_||>":"<||_html:</span>_||><||_html:<span '
 "style='background-color: rgba(0.0, 165.0, 0, 0.15); border-radius: 3px;' "
 "title='1.0'>_||>field<||_html:</span>_||><||_html:<span "
 "style='background-color: rgba(0.0, 165.0, 0, 0.15); border-radius: 3px;' "
 "title='1.0'>_||> details<||_html:</span>_||><||_html:<span "
 "style='background-color: rgba(0.0, 165.0, 0, 0.15); border-radius: 3px;' "
 "title='1.0'>_||> added<||_html:</span>_||><||_html:<span "
 "style='background-color: rgba(0.0, 165.0, 0, 0.15); border-radius: 3px;' "
 'title=\'1.0\'>_||>","<||_html:</span>_||>breaking<||_html:<span '
 "style='background-color: rgba(0.0, 165.0, 0, 0.15); border-radius: 3px;' "
 'title=\'1.0\'>_||>":<||_html:</span>_||><||_html:<span '
 "style='background-color: rgba(0.0, 165.0, 0, 0.15); border-radius: 3px;' "
 'title=\'1.0\'>_||>false<||_html:</span>_||>,"release_note<||_html:<span '
 "style='background-color: rgba(0.0, 165.0, 0, 0.15); border-radius: 3px;' "
 'title=\'1.0\'>_||>":"<||_html:</span>_||><||_html:<span '
 "style='background-color: rgba(0.0, 165.0, 0, 0.15); border-radius: 3px;' "
 "title='1.0'>_||>The<||_html:</span>_||><||_html:<span "
 "style='background-color: rgba(0.0, 165.0, 0, 0.15); border-radius: 3px;' "
 "title='1.0'>_||> '<||_html:</span>_||><||_html:<span "
 "style='background-color: rgba(0.0, 165.0, 0, 0.15); border-radius: 3px;' "
 "title='1.0'>_||>get<||_html:</span>_||><||_html:<span "
 "style='background-color: rgba(0.0, 165.0, 0, 0.15); border-radius: 3px;' "
 "title='1.0'>_||>Product<||_html:</span>_||><||_html:<span "
 "style='background-color: rgba(0.0, 165.0, 0, 0.15); border-radius: 3px;' "
 "title='1.0'>_||>'<||_html:</span>_||><||_html:<span style='background-color: "
 "rgba(0.0, 165.0, 0, 0.15); border-radius: 3px;' title='1.0'>_||> "
 "query<||_html:</span>_||><||_html:<span style='background-color: rgba(0.0, "
 "165.0, 0, 0.15); border-radius: 3px;' title='1.0'>_||> "
 "now<||_html:</span>_||><||_html:<span style='background-color: rgba(0.0, "
 "165.0, 0, 0.15); border-radius: 3px;' title='1.0'>_||> "
 "includes<||_html:</span>_||><||_html:<span style='background-color: "
 "rgba(0.0, 165.0, 0, 0.15); border-radius: 3px;' title='1.0'>_||> "
 "a<||_html:</span>_||><||_html:<span style='background-color: rgba(0.0, "
 "165.0, 0, 0.15); border-radius: 3px;' title='1.0'>_||> "
 "new<||_html:</span>_||><||_html:<span style='background-color: rgba(0.0, "
 "165.0, 0, 0.15); border-radius: 3px;' title='1.0'>_||> "
 "field<||_html:</span>_||><||_html:<span style='background-color: rgba(0.0, "
 "165.0, 0, 0.15); border-radius: 3px;' title='1.0'>_||> "
 "'<||_html:</span>_||><||_html:<span style='background-color: rgba(0.0, "
 "165.0, 0, 0.15); border-radius: 3px;' "
 "title='1.0'>_||>details<||_html:</span>_||><||_html:<span "
 "style='background-color: rgba(0.0, 165.0, 0, 0.15); border-radius: 3px;' "
 "title='1.0'>_||>'<||_html:</span>_||><||_html:<span style='background-color: "
 "rgba(0.0, 165.0, 0, 0.15); border-radius: 3px;' title='1.0'>_||> "
 "of<||_html:</span>_||><||_html:<span style='background-color: rgba(0.0, "
 "165.0, 0, 0.15); border-radius: 3px;' title='1.0'>_||> "
 "type<||_html:</span>_||><||_html:<span style='background-color: rgba(0.0, "
 "165.0, 0, 0.15); border-radius: 3px;' title='1.0'>_||> "
 "String<||_html:</span>_||><||_html:<span style='background-color: rgba(0.0, "
 "165.0, 0, 0.15); border-radius: 3px;' "
 'title=\'1.0\'>_||>."<||_html:</span>_||><||_html:<span '
 "style='background-color: rgba(0.0, 165.0, 0, 0.15); border-radius: 3px;' "
 'title=\'1.0\'>_||>},<||_html:</span>_||>{"type<||_html:<span '
 "style='background-color: rgba(0.0, 165.0, 0, 0.15); border-radius: 3px;' "
 'title=\'1.0\'>_||>":"<||_html:</span>_||><||_html:<span '
 "style='background-color: rgba(0.0, 165.0, 0, 0.15); border-radius: 3px;' "
 "title='1.0'>_||>Product<||_html:</span>_||><||_html:<span "
 "style='background-color: rgba(0.0, 165.0, 0, 0.15); border-radius: 3px;' "
 'title=\'1.0\'>_||>","<||_html:</span>_||>field<||_html:<span '
 "style='background-color: rgba(0.0, 165.0, 0, 0.15); border-radius: 3px;' "
 'title=\'1.0\'>_||>":"<||_html:</span>_||><||_html:<span '
 "style='background-color: rgba(0.0, 165.0, 0, 0.15); border-radius: 3px;' "
 "title='1.0'>_||>description<||_html:</span>_||><||_html:<span "
 "style='background-color: rgba(0.0, 165.0, 0, 0.15); border-radius: 3px;' "
 'title=\'1.0\'>_||>","<||_html:</span>_||>change<||_html:<span '
 "style='background-color: rgba(0.0, 165.0, 0, 0.15); border-radius: 3px;' "
 'title=\'1.0\'>_||>":"<||_html:</span>_||><||_html:<span '
 "style='background-color: rgba(0.0, 165.0, 0, 0.15); border-radius: 3px;' "
 "title='1.0'>_||>field<||_html:</span>_||><||_html:<span "
 "style='background-color: rgba(0.0, 165.0, 0, 0.15); border-radius: 3px;' "
 "title='1.0'>_||> removed<||_html:</span>_||><||_html:<span "
 "style='background-color: rgba(0.0, 165.0, 0, 0.15); border-radius: 3px;' "
 'title=\'1.0\'>_||>","<||_html:</span>_||>breaking<||_html:<span '
 "style='background-color: rgba(0.0, 165.0, 0, 0.15); border-radius: 3px;' "
 'title=\'1.0\'>_||>":<||_html:</span>_||><||_html:<span '
 "style='background-color: rgba(0.0, 165.0, 0, 0.15); border-radius: 3px;' "
 'title=\'1.0\'>_||>true<||_html:</span>_||>,"release_note<||_html:<span '
 "style='background-color: rgba(0.0, 165.0, 0, 0.15); border-radius: 3px;' "
 'title=\'1.0\'>_||>":"<||_html:</span>_||><||_html:<span '
 "style='background-color: rgba(0.0, 165.0, 0, 0.15); border-radius: 3px;' "
 "title='1.0'>_||>The<||_html:</span>_||><||_html:<span "
 "style='background-color: rgba(0.0, 165.0, 0, 0.15); border-radius: 3px;' "
 "title='1.0'>_||> '<||_html:</span>_||><||_html:<span "
 "style='background-color: rgba(0.0, 165.0, 0, 0.15); border-radius: 3px;' "
 "title='1.0'>_||>Product<||_html:</span>_||><||_html:<span "
 "style='background-color: rgba(0.0, 165.0, 0, 0.15); border-radius: 3px;' "
 "title='1.0'>_||>'<||_html:</span>_||><||_html:<span style='background-color: "
 "rgba(0.0, 165.0, 0, 0.15); border-radius: 3px;' title='1.0'>_||> "
 "type<||_html:</span>_||><||_html:<span style='background-color: rgba(0.0, "
 "165.0, 0, 0.15); border-radius: 3px;' title='1.0'>_||> "
 "no<||_html:</span>_||><||_html:<span style='background-color: rgba(0.0, "
 "165.0, 0, 0.15); border-radius: 3px;' title='1.0'>_||> "
 "longer<||_html:</span>_||><||_html:<span style='background-color: rgba(0.0, "
 "165.0, 0, 0.15); border-radius: 3px;' title='1.0'>_||> "
 "includes<||_html:</span>_||><||_html:<span style='background-color: "
 "rgba(0.0, 165.0, 0, 0.15); border-radius: 3px;' title='1.0'>_||> "
 "the<||_html:</span>_||><||_html:<span style='background-color: rgba(0.0, "
 "165.0, 0, 0.15); border-radius: 3px;' title='1.0'>_||> "
 "'<||_html:</span>_||><||_html:<span style='background-color: rgba(0.0, "
 "165.0, 0, 0.15); border-radius: 3px;' "
 "title='1.0'>_||>description<||_html:</span>_||><||_html:<span "
 "style='background-color: rgba(0.0, 165.0, 0, 0.15); border-radius: 3px;' "
 "title='1.0'>_||>'<||_html:</span>_||><||_html:<span style='background-color: "
 "rgba(0.0, 165.0, 0, 0.15); border-radius: 3px;' title='1.0'>_||> "
 "field<||_html:</span>_||><||_html:<span style='background-color: rgba(0.0, "
 "165.0, 0, 0.15); border-radius: 3px;' "
 'title=\'1.0\'>_||>."<||_html:</span>_||><||_html:<span '
 "style='background-color: rgba(0.0, 165.0, 0, 0.15); border-radius: 3px;' "
 'title=\'1.0\'>_||>},<||_html:</span>_||>{"type<||_html:<span '
 "style='background-color: rgba(0.0, 165.0, 0, 0.15); border-radius: 3px;' "
 'title=\'1.0\'>_||>":"<||_html:</span>_||><||_html:<span '
 "style='background-color: rgba(0.0, 165.0, 0, 0.15); border-radius: 3px;' "
 "title='1.0'>_||>Product<||_html:</span>_||><||_html:<span "
 "style='background-color: rgba(0.0, 165.0, 0, 0.15); border-radius: 3px;' "
 'title=\'1.0\'>_||>","<||_html:</span>_||>field<||_html:<span '
 "style='background-color: rgba(0.0, 165.0, 0, 0.15); border-radius: 3px;' "
 "title='1.0'>_||>")
('Analyze the following two GraphQL schemas for changes, including both '
 'breaking and non-breaking changes.\n'
 '\n'
 '                        Provide your analysis in the following JSON format:\n'
 '                        {\n'
 '                          "changes": [\n'
 '                            {\n'
 '                              "type": "String representing the GraphQL type '
 '(e.g., Query, Mutation, Subscription)",\n'
 '                              "field": "String representing the specific '
 'field that changed",\n'
 '                              "change": "String describing the change (e.g., '
 'field renamed, new field added, field removed)",\n'
 '                              "breaking": "Boolean indicating if the change '
 'is breaking (true) or non-breaking (false)",\n'
 '                              "release_note": "String with a natural '
 'language description of the change for release notes"\n'
 '                            }\n'
 '                          ],\n'
 '                          "release_notes": {\n'
 '                              "summary": "String summarizing all changes, '
 'suitable for a mailing list or public announcement"\n'
 '                          }\n'
 '                        }\n'
 '\n'
 '                        When analyzing, consider the following types of '
 'changes:\n'
 '                        1. Removing fields or types (breaking)\n'
 '                        2. Changing field types (potentially breaking)\n'
 '                        3. Adding required fields (breaking)\n'
 '                        4. Changing the type of existing arguments '
 '(breaking)\n'
 '                        5. Adding optional fields (non-breaking)\n'
 '                        6. Adding new types (non-breaking)\n'
 '                        7. Deprecating fields (non-breaking)\n'
 '\n'
 '                        Ensure that each change is categorized correctly as '
 'breaking or non-breaking.: type Query {\n'
 '  getProduct(id: ID!): Product\n'
 '}\n'
 '\n'
 'type Product {\n'
 '  id: ID\n'
 '  name: String\n'
 '  description: String\n'
 '  price: Float\n'
 '  stock: Int\n'
 '}\n'
 ', type Query {\n'
 '  getProduct(id: ID!): Product\n'
 '}\n'
 '\n'
 'type Product {\n'
 '  id: ID\n'
 '  name: String\n'
 '  details: String\n'
 '  price: Float\n'
 '}\n'
 '\n'
 "Answer:<||_html:<span style='background-color: rgba(0.0, 165.0, 0, 0.15); "
 "border-radius: 3px;' title='1.0'>_||> {<||_html:</span>_||><||_html:<span "
 "style='background-color: rgba(0.0, 165.0, 0, 0.15); border-radius: 3px;' "
 "title='1.0'>_||>\n"
 "<||_html:</span>_||><||_html:<span style='background-color: rgba(0.0, 165.0, "
 "0, 0.15); border-radius: 3px;' title='1.0'>_||> "
 "<||_html:</span>_||><||_html:<span style='background-color: rgba(0.0, 165.0, "
 "0, 0.15); border-radius: 3px;' title='1.0'>_||> "
 '"<||_html:</span>_||><||_html:<span style=\'background-color: rgba(0.0, '
 "165.0, 0, 0.15); border-radius: 3px;' "
 "title='1.0'>_||>changes<||_html:</span>_||><||_html:<span "
 "style='background-color: rgba(0.0, 165.0, 0, 0.15); border-radius: 3px;' "
 'title=\'1.0\'>_||>":<||_html:</span>_||><||_html:<span '
 "style='background-color: rgba(0.0, 165.0, 0, 0.15); border-radius: 3px;' "
 "title='1.0'>_||> [<||_html:</span>_||><||_html:<span "
 "style='background-color: rgba(0.0, 165.0, 0, 0.15); border-radius: 3px;' "
 "title='1.0'>_||>\n"
 "<||_html:</span>_||><||_html:<span style='background-color: rgba(0.0, 165.0, "
 "0, 0.15); border-radius: 3px;' title='1.0'>_||>   "
 "<||_html:</span>_||><||_html:<span style='background-color: rgba(0.0, 165.0, "
 "0, 0.15); border-radius: 3px;' title='1.0'>_||> "
 "{<||_html:</span>_||><||_html:<span style='background-color: rgba(0.0, "
 "165.0, 0, 0.15); border-radius: 3px;' title='1.0'>_||>\n"
 "<||_html:</span>_||><||_html:<span style='background-color: rgba(0.0, 165.0, "
 "0, 0.15); border-radius: 3px;' title='1.0'>_||>     "
 "<||_html:</span>_||><||_html:<span style='background-color: rgba(0.0, 165.0, "
 "0, 0.15); border-radius: 3px;' title='1.0'>_||> "
 '"<||_html:</span>_||><||_html:<span style=\'background-color: rgba(0.0, '
 "165.0, 0, 0.15); border-radius: 3px;' "
 "title='1.0'>_||>type<||_html:</span>_||><||_html:<span "
 "style='background-color: rgba(0.0, 165.0, 0, 0.15); border-radius: 3px;' "
 'title=\'1.0\'>_||>":<||_html:</span>_||><||_html:<span '
 "style='background-color: rgba(0.0, 165.0, 0, 0.15); border-radius: 3px;' "
 'title=\'1.0\'>_||> "<||_html:</span>_||><||_html:<span '
 "style='background-color: rgba(0.0, 165.0, 0, 0.15); border-radius: 3px;' "
 "title='1.0'>_||>Query<||_html:</span>_||><||_html:<span "
 "style='background-color: rgba(0.0, 165.0, 0, 0.15); border-radius: 3px;' "
 'title=\'1.0\'>_||>",<||_html:</span>_||><||_html:<span '
 "style='background-color: rgba(0.0, 165.0, 0, 0.15); border-radius: 3px;' "
 "title='1.0'>_||>\n"
 "<||_html:</span>_||><||_html:<span style='background-color: rgba(0.0, 165.0, "
 "0, 0.15); border-radius: 3px;' title='1.0'>_||>     "
 "<||_html:</span>_||><||_html:<span style='background-color: rgba(0.0, 165.0, "
 "0, 0.15); border-radius: 3px;' title='1.0'>_||> "
 '"<||_html:</span>_||><||_html:<span style=\'background-color: rgba(0.0, '
 "165.0, 0, 0.15); border-radius: 3px;' "
 "title='1.0'>_||>field<||_html:</span>_||><||_html:<span "
 "style='background-color: rgba(0.0, 165.0, 0, 0.15); border-radius: 3px;' "
 'title=\'1.0\'>_||>":<||_html:</span>_||><||_html:<span '
 "style='background-color: rgba(0.0, 165.0, 0, 0.15); border-radius: 3px;' "
 'title=\'1.0\'>_||> "<||_html:</span>_||><||_html:<span '
 "style='background-color: rgba(0.0, 165.0, 0, 0.15); border-radius: 3px;' "
 "title='1.0'>_||>get<||_html:</span>_||><||_html:<span "
 "style='background-color: rgba(0.0, 165.0, 0, 0.15); border-radius: 3px;' "
 "title='1.0'>_||>Product<||_html:</span>_||><||_html:<span "
 "style='background-color: rgba(0.0, 165.0, 0, 0.15); border-radius: 3px;' "
 'title=\'1.0\'>_||>",<||_html:</span>_||><||_html:<span '
 "style='background-color: rgba(0.0, 165.0, 0, 0.15); border-radius: 3px;' "
 "title='1.0'>_||>\n"
 "<||_html:</span>_||><||_html:<span style='background-color: rgba(0.0, 165.0, "
 "0, 0.15); border-radius: 3px;' title='1.0'>_||>     "
 "<||_html:</span>_||><||_html:<span style='background-color: rgba(0.0, 165.0, "
 "0, 0.15); border-radius: 3px;' title='1.0'>_||> "
 '"<||_html:</span>_||><||_html:<span style=\'background-color: rgba(0.0, '
 "165.0, 0, 0.15); border-radius: 3px;' "
 "title='1.0'>_||>change<||_html:</span>_||><||_html:<span "
 "style='background-color: rgba(0.0, 165.0, 0, 0.15); border-radius: 3px;' "
 'title=\'1.0\'>_||>":<||_html:</span>_||><||_html:<span '
 "style='background-color: rgba(0.0, 165.0, 0, 0.15); border-radius: 3px;' "
 'title=\'1.0\'>_||> "<||_html:</span>_||><||_html:<span '
 "style='background-color: rgba(0.0, 165.0, 0, 0.15); border-radius: 3px;' "
 "title='1.0'>_||>field<||_html:</span>_||><||_html:<span "
 "style='background-color: rgba(0.0, 165.0, 0, 0.15); border-radius: 3px;' "
 "title='1.0'>_||> details<||_html:</span>_||><||_html:<span "
 "style='background-color: rgba(0.0, 165.0, 0, 0.15); border-radius: 3px;' "
 "title='1.0'>_||> added<||_html:</span>_||><||_html:<span "
 "style='background-color: rgba(0.0, 165.0, 0, 0.15); border-radius: 3px;' "
 'title=\'1.0\'>_||>",<||_html:</span>_||><||_html:<span '
 "style='background-color: rgba(0.0, 165.0, 0, 0.15); border-radius: 3px;' "
 "title='1.0'>_||>\n"
 "<||_html:</span>_||><||_html:<span style='background-color: rgba(0.0, 165.0, "
 "0, 0.15); border-radius: 3px;' title='1.0'>_||>     "
 "<||_html:</span>_||><||_html:<span style='background-color: rgba(0.0, 165.0, "
 "0, 0.15); border-radius: 3px;' title='1.0'>_||> "
 '"<||_html:</span>_||><||_html:<span style=\'background-color: rgba(0.0, '
 "165.0, 0, 0.15); border-radius: 3px;' "
 "title='1.0'>_||>breaking<||_html:</span>_||><||_html:<span "
 "style='background-color: rgba(0.0, 165.0, 0, 0.15); border-radius: 3px;' "
 'title=\'1.0\'>_||>":<||_html:</span>_||><||_html:<span '
 "style='background-color: rgba(0.0, 165.0, 0, 0.15); border-radius: 3px;' "
 'title=\'1.0\'>_||> "<||_html:</span>_||><||_html:<span '
 "style='background-color: rgba(0.0, 165.0, 0, 0.15); border-radius: 3px;' "
 "title='1.0'>_||>false<||_html:</span>_||><||_html:<span "
 "style='background-color: rgba(0.0, 165.0, 0, 0.15); border-radius: 3px;' "
 'title=\'1.0\'>_||>",<||_html:</span>_||><||_html:<span '
 "style='background-color: rgba(0.0, 165.0, 0, 0.15); border-radius: 3px;' "
 "title='1.0'>_||>\n"
 "<||_html:</span>_||><||_html:<span style='background-color: rgba(0.0, 165.0, "
 "0, 0.15); border-radius: 3px;' title='1.0'>_||>     "
 "<||_html:</span>_||><||_html:<span style='background-color: rgba(0.0, 165.0, "
 "0, 0.15); border-radius: 3px;' title='1.0'>_||> "
 '"<||_html:</span>_||><||_html:<span style=\'background-color: rgba(0.0, '
 "165.0, 0, 0.15); border-radius: 3px;' "
 "title='1.0'>_||>release<||_html:</span>_||><||_html:<span "
 "style='background-color: rgba(0.0, 165.0, 0, 0.15); border-radius: 3px;' "
 "title='1.0'>_||>_<||_html:</span>_||><||_html:<span style='background-color: "
 "rgba(0.0, 165.0, 0, 0.15); border-radius: 3px;' "
 "title='1.0'>_||>note<||_html:</span>_||><||_html:<span "
 "style='background-color: rgba(0.0, 165.0, 0, 0.15); border-radius: 3px;' "
 'title=\'1.0\'>_||>":<||_html:</span>_||><||_html:<span '
 "style='background-color: rgba(0.0, 165.0, 0, 0.15); border-radius: 3px;' "
 'title=\'1.0\'>_||> "<||_html:</span>_||><||_html:<span '
 "style='background-color: rgba(0.0, 165.0, 0, 0.15); border-radius: 3px;' "
 "title='1.0'>_||>The<||_html:</span>_||><||_html:<span "
 "style='background-color: rgba(0.0, 165.0, 0, 0.15); border-radius: 3px;' "
 "title='1.0'>_||> '<||_html:</span>_||><||_html:<span "
 "style='background-color: rgba(0.0, 165.0, 0, 0.15); border-radius: 3px;' "
 "title='1.0'>_||>get<||_html:</span>_||><||_html:<span "
 "style='background-color: rgba(0.0, 165.0, 0, 0.15); border-radius: 3px;' "
 "title='1.0'>_||>Product<||_html:</span>_||><||_html:<span "
 "style='background-color: rgba(0.0, 165.0, 0, 0.15); border-radius: 3px;' "
 "title='1.0'>_||>'<||_html:</span>_||><||_html:<span style='background-color: "
 "rgba(0.0, 165.0, 0, 0.15); border-radius: 3px;' title='1.0'>_||> "
 "query<||_html:</span>_||><||_html:<span style='background-color: rgba(0.0, "
 "165.0, 0, 0.15); border-radius: 3px;' title='1.0'>_||> "
 "now<||_html:</span>_||><||_html:<span style='background-color: rgba(0.0, "
 "165.0, 0, 0.15); border-radius: 3px;' title='1.0'>_||> "
 "includes<||_html:</span>_||><||_html:<span style='background-color: "
 "rgba(0.0, 165.0, 0, 0.15); border-radius: 3px;' title='1.0'>_||> "
 "a<||_html:</span>_||><||_html:<span style='background-color: rgba(0.0, "
 "165.0, 0, 0.15); border-radius: 3px;' title='1.0'>_||> "
 "new<||_html:</span>_||><||_html:<span style='background-color: rgba(0.0, "
 "165.0, 0, 0.15); border-radius: 3px;' title='1.0'>_||> "
 "field<||_html:</span>_||><||_html:<span style='background-color: rgba(0.0, "
 "165.0, 0, 0.15); border-radius: 3px;' title='1.0'>_||> "
 "'<||_html:</span>_||><||_html:<span style='background-color: rgba(0.0, "
 "165.0, 0, 0.15); border-radius: 3px;' "
 "title='1.0'>_||>details<||_html:</span>_||><||_html:<span "
 "style='background-color: rgba(0.0, 165.0, 0, 0.15); border-radius: 3px;' "
 "title='1.0'>_||>'<||_html:</span>_||><||_html:<span style='background-color: "
 "rgba(0.0, 165.0, 0, 0.15); border-radius: 3px;' title='1.0'>_||> "
 "of<||_html:</span>_||><||_html:<span style='background-color: rgba(0.0, "
 "165.0, 0, 0.15); border-radius: 3px;' title='1.0'>_||> "
 "type<||_html:</span>_||><||_html:<span style='background-color: rgba(0.0, "
 "165.0, 0, 0.15); border-radius: 3px;' title='1.0'>_||> "
 "String<||_html:</span>_||><||_html:<span style='background-color: rgba(0.0, "
 "165.0, 0, 0.15); border-radius: 3px;' "
 'title=\'1.0\'>_||>."<||_html:</span>_||><||_html:<span '
 "style='background-color: rgba(0.0, 165.0, 0, 0.15); border-radius: 3px;' "
 "title='1.0'>_||>\n"
 "<||_html:</span>_||><||_html:<span style='background-color: rgba(0.0, 165.0, "
 "0, 0.15); border-radius: 3px;' title='1.0'>_||>   "
 "<||_html:</span>_||><||_html:<span style='background-color: rgba(0.0, 165.0, "
 "0, 0.15); border-radius: 3px;' title='1.0'>_||> "
 "},<||_html:</span>_||><||_html:<span style='background-color: rgba(0.0, "
 "165.0, 0, 0.15); border-radius: 3px;' title='1.0'>_||>\n"
 "<||_html:</span>_||><||_html:<span style='background-color: rgba(0.0, 165.0, "
 "0, 0.15); border-radius: 3px;' title='1.0'>_||>   "
 "<||_html:</span>_||><||_html:<span style='background-color: rgba(0.0, 165.0, "
 "0, 0.15); border-radius: 3px;' title='1.0'>_||> "
 "{<||_html:</span>_||><||_html:<span style='background-color: rgba(0.0, "
 "165.0, 0, 0.15); border-radius: 3px;' title='1.0'>_||>\n"
 "<||_html:</span>_||><||_html:<span style='background-color: rgba(0.0, 165.0, "
 "0, 0.15); border-radius: 3px;' title='1.0'>_||>     "
 "<||_html:</span>_||><||_html:<span style='background-color: rgba(0.0, 165.0, "
 "0, 0.15); border-radius: 3px;' title='1.0'>_||> "
 '"<||_html:</span>_||><||_html:<span style=\'background-color: rgba(0.0, '
 "165.0, 0, 0.15); border-radius: 3px;' "
 "title='1.0'>_||>type<||_html:</span>_||><||_html:<span "
 "style='background-color: rgba(0.0, 165.0, 0, 0.15); border-radius: 3px;' "
 'title=\'1.0\'>_||>":<||_html:</span>_||><||_html:<span '
 "style='background-color: rgba(0.0, 165.0, 0, 0.15); border-radius: 3px;' "
 'title=\'1.0\'>_||> "<||_html:</span>_||><||_html:<span '
 "style='background-color: rgba(0.0, 165.0, 0, 0.15); border-radius: 3px;' "
 "title='1.0'>_||>Product<||_html:</span>_||><||_html:<span "
 "style='background-color: rgba(0.0, 165.0, 0, 0.15); border-radius: 3px;' "
 'title=\'1.0\'>_||>",<||_html:</span>_||><||_html:<span '
 "style='background-color: rgba(0.0, 165.0, 0, 0.15); border-radius: 3px;' "
 "title='1.0'>_||>\n"
 "<||_html:</span>_||><||_html:<span style='background-color: rgba(0.0, 165.0, "
 "0, 0.15); border-radius: 3px;' title='1.0'>_||>     "
 "<||_html:</span>_||><||_html:<span style='background-color: rgba(0.0, 165.0, "
 "0, 0.15); border-radius: 3px;' title='1.0'>_||> "
 '"<||_html:</span>_||><||_html:<span style=\'background-color: rgba(0.0, '
 "165.0, 0, 0.15); border-radius: 3px;' "
 "title='1.0'>_||>field<||_html:</span>_||><||_html:<span "
 "style='background-color: rgba(0.0, 165.0, 0, 0.15); border-radius: 3px;' "
 'title=\'1.0\'>_||>":<||_html:</span>_||><||_html:<span '
 "style='background-color: rgba(0.0, 165.0, 0, 0.15); border-radius: 3px;' "
 'title=\'1.0\'>_||> "<||_html:</span>_||><||_html:<span '
 "style='background-color: rgba(0.0, 165.0, 0, 0.15); border-radius: 3px;' "
 "title='1.0'>_||>description<||_html:</span>_||><||_html:<span "
 "style='background-color: rgba(0.0, 165.0, 0, 0.15); border-radius: 3px;' "
 'title=\'1.0\'>_||>",<||_html:</span>_||><||_html:<span '
 "style='background-color: rgba(0.0, 165.0, 0, 0.15); border-radius: 3px;' "
 "title='1.0'>_||>\n"
 "<||_html:</span>_||><||_html:<span style='background-color: rgba(0.0, 165.0, "
 "0, 0.15); border-radius: 3px;' title='1.0'>_||>     "
 "<||_html:</span>_||><||_html:<span style='background-color: rgba(0.0, 165.0, "
 "0, 0.15); border-radius: 3px;' title='1.0'>_||> "
 '"<||_html:</span>_||><||_html:<span style=\'background-color: rgba(0.0, '
 "165.0, 0, 0.15); border-radius: 3px;' "
 "title='1.0'>_||>change<||_html:</span>_||><||_html:<span "
 "style='background-color: rgba(0.0, 165.0, 0, 0.15); border-radius: 3px;' "
 'title=\'1.0\'>_||>":<||_html:</span>_||><||_html:<span '
 "style='background-color: rgba(0.0, 165.0, 0, 0.15); border-radius: 3px;' "
 'title=\'1.0\'>_||> "<||_html:</span>_||><||_html:<span '
 "style='background-color: rgba(0.0, 165.0, 0, 0.15); border-radius: 3px;' "
 "title='1.0'>_||>field<||_html:</span>_||><||_html:<span "
 "style='background-color: rgba(0.0, 165.0, 0, 0.15); border-radius: 3px;' "
 "title='1.0'>_||> removed<||_html:</span>_||><||_html:<span "
 "style='background-color: rgba(0.0, 165.0, 0, 0.15); border-radius: 3px;' "
 'title=\'1.0\'>_||>",<||_html:</span>_||><||_html:<span '
 "style='background-color: rgba(0.0, 165.0, 0, 0.15); border-radius: 3px;' "
 "title='1.0'>_||>\n"
 "<||_html:</span>_||><||_html:<span style='background-color: rgba(0.0, 165.0, "
 "0, 0.15); border-radius: 3px;' title='1.0'>_||>     "
 "<||_html:</span>_||><||_html:<span style='background-color: rgba(0.0, 165.0, "
 "0, 0.15); border-radius: 3px;' title='1.0'>_||> "
 '"<||_html:</span>_||><||_html:<span style=\'background-color: rgba(0.0, '
 "165.0, 0, 0.15); border-radius: 3px;' "
 "title='1.0'>_||>breaking<||_html:</span>_||><||_html:<span "
 "style='background-color: rgba(0.0, 165.0, 0, 0.15); border-radius: 3px;' "
 'title=\'1.0\'>_||>":<||_html:</span>_||><||_html:<span '
 "style='background-color: rgba(0.0, 165.0, 0, 0.15); border-radius: 3px;' "
 'title=\'1.0\'>_||> "<||_html:</span>_||><||_html:<span '
 "style='background-color: rgba(0.0, 165.0, 0, 0.15); border-radius: 3px;' "
 "title='1.0'>_||>true<||_html:</span>_||><||_html:<span "
 "style='background-color: rgba(0.0, 165.0, 0, 0.15); border-radius: 3px;' "
 'title=\'1.0\'>_||>",<||_html:</span>_||><||_html:<span '
 "style='background-color: rgba(0.0, 165.0, 0, 0.15); border-radius: 3px;' "
 "title='1.0'>_||>\n"
 "<||_html:</span>_||><||_html:<span style='background-color: rgba(0.0, 165.0, "
 "0, 0.15); border-radius: 3px;' title='1.0'>_||>     "
 "<||_html:</span>_||><||_html:<span style='background-color: rgba(0.0, 165.0, "
 "0, 0.15); border-radius: 3px;' title='1.0'>_||> "
 '"<||_html:</span>_||><||_html:<span style=\'background-color: rgba(0.0, '
 "165.0, 0, 0.15); border-radius: 3px;' "
 "title='1.0'>_||>release<||_html:</span>_||><||_html:<span "
 "style='background-color: rgba(0.0, 165.0, 0, 0.15); border-radius: 3px;' "
 "title='1.0'>_||>_<||_html:</span>_||><||_html:<span style='background-color: "
 "rgba(0.0, 165.0, 0, 0.15); border-radius: 3px;' "
 "title='1.0'>_||>note<||_html:</span>_||><||_html:<span "
 "style='background-color: rgba(0.0, 165.0, 0, 0.15); border-radius: 3px;' "
 'title=\'1.0\'>_||>":<||_html:</span>_||><||_html:<span '
 "style='background-color: rgba(0.0, 165.0, 0, 0.15); border-radius: 3px;' "
 'title=\'1.0\'>_||> "<||_html:</span>_||><||_html:<span '
 "style='background-color: rgba(0.0, 165.0, 0, 0.15); border-radius: 3px;' "
 "title='1.0'>_||>The<||_html:</span>_||><||_html:<span "
 "style='background-color: rgba(0.0, 165.0, 0, 0.15); border-radius: 3px;' "
 "title='1.0'>_||> '<||_html:</span>_||><||_html:<span "
 "style='background-color: rgba(0.0, 165.0, 0, 0.15); border-radius: 3px;' "
 "title='1.0'>_||>Product<||_html:</span>_||><||_html:<span "
 "style='background-color: rgba(0.0, 165.0, 0, 0.15); border-radius: 3px;' "
 "title='1.0'>_||>'<||_html:</span>_||><||_html:<span style='background-color: "
 "rgba(0.0, 165.0, 0, 0.15); border-radius: 3px;' title='1.0'>_||> "
 "type<||_html:</span>_||><||_html:<span style='background-color: rgba(0.0, "
 "165.0, 0, 0.15); border-radius: 3px;' title='1.0'>_||> "
 "no<||_html:</span>_||><||_html:<span style='background-color: rgba(0.0, "
 "165.0, 0, 0.15); border-radius: 3px;' title='1.0'>_||> "
 "longer<||_html:</span>_||><||_html:<span style='background-color: rgba(0.0, "
 "165.0, 0, 0.15); border-radius: 3px;' title='1.0'>_||> "
 "includes<||_html:</span>_||><||_html:<span style='background-color: "
 "rgba(0.0, 165.0, 0, 0.15); border-radius: 3px;' title='1.0'>_||> "
 "the<||_html:</span>_||><||_html:<span style='background-color: rgba(0.0, "
 "165.0, 0, 0.15); border-radius: 3px;' title='1.0'>_||> "
 "'<||_html:</span>_||><||_html:<span style='background-color: rgba(0.0, "
 "165.0, 0, 0.15); border-radius: 3px;' "
 "title='1.0'>_||>description<||_html:</span>_||><||_html:<span "
 "style='background-color: rgba(0.0, 165.0, 0, 0.15); border-radius: 3px;' "
 "title='1.0'>_||>'<||_html:</span>_||><||_html:<span style='background-color: "
 "rgba(0.0, 165.0, 0, 0.15); border-radius: 3px;' title='1.0'>_||> "
 "field<||_html:</span>_||><||_html:<span style='background-color: rgba(0.0, "
 "165.0, 0, 0.15); border-radius: 3px;' "
 'title=\'1.0\'>_||>."<||_html:</span>_||><||_html:<span '
 "style='background-color: rgba(0.0, 165.0, 0, 0.15); border-radius: 3px;' "
 "title='1.0'>_||>\n"
 "<||_html:</span>_||><||_html:<span style='background-color: rgba(0.0, 165.0, "
 "0, 0.15); border-radius: 3px;' title='1.0'>_||>   "
 "<||_html:</span>_||><||_html:<span style='background-color: rgba(0.0, 165.0, "
 "0, 0.15); border-radius: 3px;' title='1.0'>_||> "
 "},<||_html:</span>_||><||_html:<span style='background-color: rgba(0.0, "
 "165.0, 0, 0.15); border-radius: 3px;' title='1.0'>_||>\n"
 "<||_html:</span>_||><||_html:<span style='background-color: rgba(0.0, 165.0, "
 "0, 0.15); border-radius: 3px;' title='1.0'>_||>   "
 "<||_html:</span>_||><||_html:<span style='background-color: rgba(0.0, 165.0, "
 "0, 0.15); border-radius: 3px;' title='1.0'>_||> "
 "{<||_html:</span>_||><||_html:<span style='background-color: rgba(0.0, "
 "165.0, 0, 0.15); border-radius: 3px;' title='1.0'>_||>\n"
 "<||_html:</span>_||><||_html:<span style='background-color: rgba(0.0, 165.0, "
 "0, 0.15); border-radius: 3px;' title='1.0'>_||>     "
 "<||_html:</span>_||><||_html:<span style='background-color: rgba(0.0, 165.0, "
 "0, 0.15); border-radius: 3px;' title='1.0'>_||> "
 '"<||_html:</span>_||><||_html:<span style=\'background-color: rgba(0.0, '
 "165.0, 0, 0.15); border-radius: 3px;' "
 "title='1.0'>_||>type<||_html:</span>_||><||_html:<span "
 "style='background-color: rgba(0.0, 165.0, 0, 0.15); border-radius: 3px;' "
 'title=\'1.0\'>_||>":<||_html:</span>_||><||_html:<span '
 "style='background-color: rgba(0.0, 165.0, 0, 0.15); border-radius: 3px;' "
 'title=\'1.0\'>_||> "<||_html:</span>_||><||_html:<span '
 "style='background-color: rgba(0.0, 165.0, 0, 0.15); border-radius: 3px;' "
 "title='1.0'>_||>Product<||_html:</span>_||><||_html:<span "
 "style='background-color: rgba(0.0, 165.0, 0, 0.15); border-radius: 3px;' "
 'title=\'1.0\'>_||>",<||_html:</span>_||><||_html:<span '
 "style='background-color: rgba(0.0, 165.0, 0, 0.15); border-radius: 3px;' "
 "title='1.0'>_||>\n"
 "<||_html:</span>_||><||_html:<span style='background-color: rgba(0.0, 165.0, "
 "0, 0.15); border-radius: 3px;' title='1.0'>_||>     "
 "<||_html:</span>_||><||_html:<span style='background-color: rgba(0.0, 165.0, "
 "0, 0.15); border-radius: 3px;' title='1.0'>_||> "
 '"<||_html:</span>_||><||_html:<span style=\'background-color: rgba(0.0, '
 "165.0, 0, 0.15); border-radius: 3px;' "
 "title='1.0'>_||>field<||_html:</span>_||><||_html:<span "
 "style='background-color: rgba(0.0, 165.0, 0, 0.15); border-radius: 3px;' "
 'title=\'1.0\'>_||>":<||_html:</span>_||><||_html:<span '
 "style='background-color: rgba(0.0, 165.0, 0, 0.15); border-radius: 3px;' "
 'title=\'1.0\'>_||> "<||_html:</span>_||><||_html:<span '
 "style='background-color: rgba(0.0, 165.0, 0, 0.15); border-radius: 3px;' "
 "title='1.0'>_||>stock<||_html:</span>_||><||_html:<span "
 "style='background-color: rgba(0.0, 165.0, 0, 0.15); border-radius: 3px;' "
 'title=\'1.0\'>_||>",<||_html:</span>_||><||_html:<span '
 "style='background-color: rgba(0.0, 165.0, 0, 0.15); border-radius: 3px;' "
 "title='1.0'>_||>\n"
 "<||_html:</span>_||><||_html:<span style='background-color: rgba(0.0, 165.0, "
 "0, 0.15); border-radius: 3px;' title='1.0'>_||>     "
 "<||_html:</span>_||><||_html:<span style='background-color: rgba(0.0, 165.0, "
 "0, 0.15); border-radius: 3px;' title='1.0'>_||> "
 '"<||_html:</span>_||><||_html:<span style=\'background-color: rgba(0.0, '
 "165.0, 0, 0.15); border-radius: 3px;' "
 "title='1.0'>_||>change<||_html:</span>_||><||_html:<span "
 "style='background-color: rgba(0.0, 165.0, 0, 0.15); border-radius: 3px;' "
 'title=\'1.0\'>_||>":<||_html:</span>_||><||_html:<span '
 "style='background-color: rgba(0.0, 165.0, 0, 0.15); border-radius: 3px;' "
 'title=\'1.0\'>_||> "<||_html:</span>_||><||_html:<span '
 "style='background-color: rgba(0.0, 165.0, 0, 0.15); border-radius: 3px;' "
 "title='1.0'>_||>field<||_html:</span>_||><||_html:<span "
 "style='background-color: rgba(0.0, 165.0, 0, 0.15); border-radius: 3px;' "
 "title='1.0'>_||> removed<||_html:</span>_||><||_html:<span "
 "style='background-color: rgba(0.0, 165.0, 0, 0.15); border-radius: 3px;' "
 'title=\'1.0\'>_||>",<||_html:</span>_||><||_html:<span '
 "style='background-color: rgba(0.0, 165.0, 0, 0.15); border-radius: 3px;' "
 "title='1.0'>_||>\n"
 "<||_html:</span>_||><||_html:<span style='background-color: rgba(0.0, 165.0, "
 "0, 0.15); border-radius: 3px;' title='1.0'>_||>     "
 "<||_html:</span>_||><||_html:<span style='background-color: rgba(0.0, 165.0, "
 "0, 0.15); border-radius: 3px;' title='1.0'>_||> "
 '"<||_html:</span>_||><||_html:<span style=\'background-color: rgba(0.0, '
 "165.0, 0, 0.15); border-radius: 3px;' "
 "title='1.0'>_||>breaking<||_html:</span>_||><||_html:<span "
 "style='background-color: rgba(0.0, 165.0, 0, 0.15); border-radius: 3px;' "
 'title=\'1.0\'>_||>":<||_html:</span>_||><||_html:<span '
 "style='background-color: rgba(0.0, 165.0, 0, 0.15); border-radius: 3px;' "
 'title=\'1.0\'>_||> "<||_html:</span>_||><||_html:<span '
 "style='background-color: rgba(0.0, 165.0, 0, 0.15); border-radius: 3px;' "
 "title='1.0'>_||>true<||_html:</span>_||><||_html:<span "
 "style='background-color: rgba(0.0, 165.0, 0, 0.15); border-radius: 3px;' "
 'title=\'1.0\'>_||>",<||_html:</span>_||><||_html:<span '
 "style='background-color: rgba(0.0, 165.0, 0, 0.15); border-radius: 3px;' "
 "title='1.0'>_||>\n"
 "<||_html:</span>_||><||_html:<span style='background-color: rgba(0.0, 165.0, "
 "0, 0.15); border-radius: 3px;' title='1.0'>_||>     "
 "<||_html:</span>_||><||_html:<span style='background-color: rgba(0.0, 165.0, "
 "0, 0.15); border-radius: 3px;' title='1.0'>_||> "
 '"<||_html:</span>_||><||_html:<span style=\'background-color: rgba(0.0, '
 "165.0, 0, 0.15); border-radius: 3px;' "
 "title='1.0'>_||>release<||_html:</span>_||><||_html:<span "
 "style='background-color: rgba(0.0, 165.0, 0, 0.15); border-radius: 3px;' "
 "title='1.0'>_||>_<||_html:</span>_||><||_html:<span style='background-color: "
 "rgba(0.0, 165.0, 0, 0.15); border-radius: 3px;' "
 "title='1.0'>_||>note<||_html:</span>_||><||_html:<span "
 "style='background-color: rgba(0.0, 165.0, 0, 0.15); border-radius: 3px;' "
 'title=\'1.0\'>_||>":<||_html:</span>_||><||_html:<span '
 "style='background-color: rgba(0.0, 165.0, 0, 0.15); border-radius: 3px;' "
 'title=\'1.0\'>_||> "<||_html:</span>_||><||_html:<span '
 "style='background-color: rgba(0.0, 165.0, 0, 0.15); border-radius: 3px;' "
 "title='1.0'>_||>The<||_html:</span>_||><||_html:<span "
 "style='background-color: rgba(0.0, 165.0, 0, 0.15); border-radius: 3px;' "
 "title='1.0'>_||> '<||_html:</span>_||><||_html:<span "
 "style='background-color: rgba(0.0, 165.0, 0, 0.15); border-radius: 3px;' "
 "title='1.0'>_||>Product<||_html:</span>_||><||_html:<span "
 "style='background-color: rgba(0.0, 165.0, 0, 0.15); border-radius: 3px;' "
 "title='1.0'>_||>'<||_html:</span>_||><||_html:<span style='background-color: "
 "rgba(0.0, 165.0, 0, 0.15); border-radius: 3px;' title='1.0'>_||> "
 "type<||_html:</span>_||><||_html:<span style='background-color: rgba(0.0, "
 "165.0, 0, 0.15); border-radius: 3px;' title='1.0'>_||> "
 "no<||_html:</span>_||><||_html:<span style='background-color: rgba(0.0, "
 "165.0, 0, 0.15); border-radius: 3px;' title='1.0'>_||> "
 "longer<||_html:</span>_||><||_html:<span style='background-color: rgba(0.0, "
 "165.0, 0, 0.15); border-radius: 3px;' title='1.0'>_||> "
 "includes<||_html:</span>_||><||_html:<span style='background-color: "
 "rgba(0.0, 165.0, 0, 0.15); border-radius: 3px;' title='1.0'>_||> "
 "the<||_html:</span>_||><||_html:<span style='background-color: rgba(0.0, "
 "165.0, 0, 0.15); border-radius: 3px;' title='1.0'>_||> "
 "'<||_html:</span>_||><||_html:<span style='background-color: rgba(0.0, "
 "165.0, 0, 0.15); border-radius: 3px;' "
 "title='1.0'>_||>stock<||_html:</span>_||><||_html:<span "
 "style='background-color: rgba(0.0, 165.0, 0, 0.15); border-radius: 3px;' "
 "title='1.0'>_||>'<||_html:</span>_||><||_html:<span style='background-color: "
 "rgba(0.0, 165.0, 0, 0.15); border-radius: 3px;' title='1.0'>_||> "
 "field<||_html:</span>_||><||_html:<span style='background-color: rgba(0.0, "
 "165.0, 0, 0.15); border-radius: 3px;' "
 'title=\'1.0\'>_||>."<||_html:</span>_||><||_html:<span '
 "style='background-color: rgba(0.0, 165.0, 0, 0.15); border-radius: 3px;' "
 "title='1.0'>_||>\n"
 "<||_html:</span>_||><||_html:<span style='background-color: rgba(0.0, 165.0, "
 "0, 0.15); border-radius: 3px;' title='1.0'>_||>   "
 "<||_html:</span>_||><||_html:<span style='background-color: rgba(0.0, 165.0, "
 "0, 0.15); border-radius: 3px;' title='1.0'>_||> "
 "}<||_html:</span>_||><||_html:<span style='background-color: rgba(0.0, "
 "165.0, 0, 0.15); border-radius: 3px;' title='1.0'>_||>\n"
 "<||_html:</span>_||><||_html:<span style='background-color: rgba(0.0, 165.0, "
 "0, 0.15); border-radius: 3px;' title='1.0'>_||> "
 "<||_html:</span>_||><||_html:<span style='background-color: rgba(0.0, 165.0, "
 "0, 0.15); border-radius: 3px;' title='1.0'>_||> "
 "],<||_html:</span>_||><||_html:<span style='background-color: rgba(0.0, "
 "165.0, 0, 0.15); border-radius: 3px;' title='1.0'>_||>\n"
 "<||_html:</span>_||><||_html:<span style='background-color: rgba(0.0, 165.0, "
 "0, 0.15); border-radius: 3px;' title='1.0'>_||> "
 "<||_html:</span>_||><||_html:<span style='background-color: rgba(0.0, 165.0, "
 "0, 0.15); border-radius: 3px;' title='1.0'>_||> "
 '"<||_html:</span>_||><||_html:<span style=\'background-color: rgba(0.0, '
 "165.0, 0, 0.15); border-radius: 3px;' "
 "title='1.0'>_||>release<||_html:</span>_||><||_html:<span "
 "style='background-color: rgba(0.0, 165.0, 0, 0.15); border-radius: 3px;' "
 "title='1.0'>_||>_<||_html:</span>_||><||_html:<span style='background-color: "
 "rgba(0.0, 165.0, 0, 0.15); border-radius: 3px;' "
 "title='1.0'>_||>notes<||_html:</span>_||><||_html:<span "
 "style='background-color: rgba(0.0, 165.0, 0, 0.15); border-radius: 3px;' "
 'title=\'1.0\'>_||>":<||_html:</span>_||><||_html:<span '
 "style='background-color: rgba(0.0, 165.0, 0, 0.15); border-radius: 3px;' "
 "title='1.0'>_||> {<||_html:</span>_||><||_html:<span "
 "style='background-color: rgba(0.0, 165.0, 0, 0.15); border-radius: 3px;' "
 "title='1.0'>_||>\n"
 "<||_html:</span>_||><||_html:<span style='background-color: rgba(0.0, 165.0, "
 "0, 0.15); border-radius: 3px;' title='1.0'>_||>   "
 "<||_html:</span>_||><||_html:<span style='background-color: rgba(0.0, 165.0, "
 "0, 0.15); border-radius: 3px;' title='1.0'>_||> "
 '"<||_html:</span>_||><||_html:<span style=\'background-color: rgba(0.0, '
 "165.0, 0, 0.15); border-radius: 3px;' "
 "title='1.0'>_||>summary<||_html:</span>_||><||_html:<span "
 "style='background-color: rgba(0.0, 165.0, 0, 0.15); border-radius: 3px;' "
 'title=\'1.0\'>_||>":<||_html:</span>_||><||_html:<span '
 "style='background-color: rgba(0.0, 165.0, 0, 0.15); border-radius: 3px;' "
 'title=\'1.0\'>_||> "<||_html:</span>_||><||_html:<span '
 "style='background-color: rgba(0.0, 165.0, 0, 0.15); border-radius: 3px;' "
 "title='1.0'>_||>The<||_html:</span>_||><||_html:<span "
 "style='background-color: rgba(0.0, 165.0, 0, 0.15); border-radius: 3px;' "
 "title='1.0'>_||> '<||_html:</span>_||><||_html:<span "
 "style='background-color: rgba(0.0, 165.0, 0, 0.15); border-radius: 3px;' "
 "title='1.0'>_||>get<||_html:</span>_||><||_html:<span "
 "style='background-color: rgba(0.0, 165.0, 0, 0.15); border-radius: 3px;' "
 "title='1.0'>_||>Product<||_html:</span>_||><||_html:<span "
 "style='background-color: rgba(0.0, 165.0, 0, 0.15); border-radius: 3px;' "
 "title='1.0'>_||>'<||_html:</span>_||><||_html:<span style='background-color: "
 "rgba(0.0, 165.0, 0, 0.15); border-radius: 3px;' title='1.0'>_||> "
 "query<||_html:</span>_||><||_html:<span style='background-color: rgba(0.0, "
 "165.0, 0, 0.15); border-radius: 3px;' title='1.0'>_||> "
 "now<||_html:</span>_||><||_html:<span style='background-color: rgba(0.0, "
 "165.0, 0, 0.15); border-radius: 3px;' title='1.0'>_||> "
 "includes<||_html:</span>_||><||_html:<span style='background-color: "
 "rgba(0.0, 165.0, 0, 0.15); border-radius: 3px;' title='1.0'>_||> "
 "a<||_html:</span>_||><||_html:<span style='background-color: rgba(0.0, "
 "165.0, 0, 0.15); border-radius: 3px;' title='1.0'>_||> "
 "new<||_html:</span>_||><||_html:<span style='background-color: rgba(0.0, "
 "165.0, 0, 0.15); border-radius: 3px;' title='1.0'>_||> "
 "field<||_html:</span>_||><||_html:<span style='background-color: rgba(0.0, "
 "165.0, 0, 0.15); border-radius: 3px;' title='1.0'>_||> "
 "'<||_html:</span>_||><||_html:<span style='background-color: rgba(0.0, "
 "165.0, 0, 0.15); border-radius: 3px;' "
 "title='1.0'>_||>details<||_html:</span>_||><||_html:<span "
 "style='background-color: rgba(0.0, 165.0, 0, 0.15); border-radius: 3px;' "
 "title='1.0'>_||>'<||_html:</span>_||><||_html:<span style='background-color: "
 "rgba(0.0, 165.0, 0, 0.15); border-radius: 3px;' title='1.0'>_||> "
 "of<||_html:</span>_||><||_html:<span style='background-color: rgba(0.0, "
 "165.0, 0, 0.15); border-radius: 3px;' title='1.0'>_||> "
 "type<||_html:</span>_||><||_html:<span style='background-color: rgba(0.0, "
 "165.0, 0, 0.15); border-radius: 3px;' title='1.0'>_||> "
 "String<||_html:</span>_||><||_html:<span style='background-color: rgba(0.0, "
 "165.0, 0, 0.15); border-radius: 3px;' "
 "title='1.0'>_||>.<||_html:</span>_||><||_html:<span style='background-color: "
 "rgba(0.0, 165.0, 0, 0.15); border-radius: 3px;' title='1.0'>_||> "
 "The<||_html:</span>_||><||_html:<span style='background-color: rgba(0.0, "
 "165.0, 0, 0.15); border-radius: 3px;' title='1.0'>_||> "
 "'<||_html:</span>_||><||_html:<span style='background-color: rgba(0.0, "
 "165.0, 0, 0.15); border-radius: 3px;' "
 "title='1.0'>_||>Product<||_html:</span>_||><||_html:<span "
 "style='background-color: rgba(0.0, 165.0, 0, 0.15); border-radius: 3px;' "
 "title='1.0'>_||>'<||_html:</span>_||><||_html:<span style='background-color: "
 "rgba(0.0, 165.0, 0, 0.15); border-radius: 3px;' title='1.0'>_||> "
 "type<||_html:</span>_||><||_html:<span style='background-color: rgba(0.0, "
 "165.0, 0, 0.15); border-radius: 3px;' title='1.0'>_||> "
 "no<||_html:</span>_||><||_html:<span style='background-color: rgba(0.0, "
 "165.0, 0, 0.15); border-radius: 3px;' title='1.0'>_||> "
 "longer<||_html:</span>_||><||_html:<span style='background-color: rgba(0.0, "
 "165.0, 0, 0.15); border-radius: 3px;' title='1.0'>_||> "
 "includes<||_html:</span>_||><||_html:<span style='background-color: "
 "rgba(0.0, 165.0, 0, 0.15); border-radius: 3px;' title='1.0'>_||> "
 "the<||_html:</span>_||><||_html:<span style='background-color: rgba(0.0, "
 "165.0, 0, 0.15); border-radius: 3px;' title='1.0'>_||> "
 "'<||_html:</span>_||><||_html:<span style='background-color: rgba(0.0, "
 "165.0, 0, 0.15); border-radius: 3px;' "
 "title='1.0'>_||>description<||_html:</span>_||><||_html:<span "
 "style='background-color: rgba(0.0, 165.0, 0, 0.15); border-radius: 3px;' "
 "title='1.0'>_||>'<||_html:</span>_||><||_html:<span style='background-color: "
 "rgba(0.0, 165.0, 0, 0.15); border-radius: 3px;' title='1.0'>_||> "
 "and<||_html:</span>_||><||_html:<span style='background-color: rgba(0.0, "
 "165.0, 0, 0.15); border-radius: 3px;' title='1.0'>_||> "
 "'<||_html:</span>_||><||_html:<span style='background-color: rgba(0.0, "
 "165.0, 0, 0.15); border-radius: 3px;' "
 "title='1.0'>_||>stock<||_html:</span>_||><||_html:<span "
 "style='background-color: rgba(0.0, 165.0, 0, 0.15); border-radius: 3px;' "
 "title='1.0'>_||>'<||_html:</span>_||><||_html:<span style='background-color: "
 "rgba(0.0, 165.0, 0, 0.15); border-radius: 3px;' title='1.0'>_||> "
 "fields<||_html:</span>_||><||_html:<span style='background-color: rgba(0.0, "
 "165.0, 0, 0.15); border-radius: 3px;' "
 'title=\'1.0\'>_||>."<||_html:</span>_||><||_html:<span '
 "style='background-color: rgba(0.0, 165.0, 0, 0.15); border-radius: 3px;' "
 "title='1.0'>_||>\n"
 "<||_html:</span>_||><||_html:<span style='background-color: rgba(0.0, 165.0, "
 "0, 0.15); border-radius: 3px;' title='1.0'>_||> "
 "<||_html:</span>_||><||_html:<span style='background-color: rgba(0.0, 165.0, "
 "0, 0.15); border-radius: 3px;' title='1.0'>_||> "
 "}<||_html:</span>_||><||_html:<span style='background-color: rgba(0.0, "
 "165.0, 0, 0.15); border-radius: 3px;' title='1.0'>_||>\n"
 "<||_html:</span>_||><||_html:<span style='background-color: rgba(0.0, 165.0, "
 "0, 0.15); border-radius: 3px;' "
 'title=\'1.0\'>_||>}<||_html:</span>_||>{"changes":<||_html:<span '
 "style='background-color: rgba(0.0, 165.0, 0, 0.15); border-radius: 3px;' "
 "title='1.0'>_||>[<||_html:</span>_||><||_html:<span style='background-color: "
 "rgba(0.0, 165.0, 0, 0.15); border-radius: 3px;' "
 'title=\'1.0\'>_||>{"<||_html:</span>_||>type<||_html:<span '
 "style='background-color: rgba(0.0, 165.0, 0, 0.15); border-radius: 3px;' "
 'title=\'1.0\'>_||>":"<||_html:</span>_||><||_html:<span '
 "style='background-color: rgba(0.0, 165.0, 0, 0.15); border-radius: 3px;' "
 "title='1.0'>_||>Query<||_html:</span>_||><||_html:<span "
 "style='background-color: rgba(0.0, 165.0, 0, 0.15); border-radius: 3px;' "
 'title=\'1.0\'>_||>","<||_html:</span>_||>field<||_html:<span '
 "style='background-color: rgba(0.0, 165.0, 0, 0.15); border-radius: 3px;' "
 'title=\'1.0\'>_||>":"<||_html:</span>_||><||_html:<span '
 "style='background-color: rgba(0.0, 165.0, 0, 0.15); border-radius: 3px;' "
 "title='1.0'>_||>get<||_html:</span>_||><||_html:<span "
 "style='background-color: rgba(0.0, 165.0, 0, 0.15); border-radius: 3px;' "
 "title='1.0'>_||>Product<||_html:</span>_||><||_html:<span "
 "style='background-color: rgba(0.0, 165.0, 0, 0.15); border-radius: 3px;' "
 'title=\'1.0\'>_||>","<||_html:</span>_||>change<||_html:<span '
 "style='background-color: rgba(0.0, 165.0, 0, 0.15); border-radius: 3px;' "
 'title=\'1.0\'>_||>":"<||_html:</span>_||><||_html:<span '
 "style='background-color: rgba(0.0, 165.0, 0, 0.15); border-radius: 3px;' "
 "title='1.0'>_||>field<||_html:</span>_||><||_html:<span "
 "style='background-color: rgba(0.0, 165.0, 0, 0.15); border-radius: 3px;' "
 "title='1.0'>_||> details<||_html:</span>_||><||_html:<span "
 "style='background-color: rgba(0.0, 165.0, 0, 0.15); border-radius: 3px;' "
 "title='1.0'>_||> added<||_html:</span>_||><||_html:<span "
 "style='background-color: rgba(0.0, 165.0, 0, 0.15); border-radius: 3px;' "
 'title=\'1.0\'>_||>","<||_html:</span>_||>breaking<||_html:<span '
 "style='background-color: rgba(0.0, 165.0, 0, 0.15); border-radius: 3px;' "
 'title=\'1.0\'>_||>":<||_html:</span>_||><||_html:<span '
 "style='background-color: rgba(0.0, 165.0, 0, 0.15); border-radius: 3px;' "
 'title=\'1.0\'>_||>false<||_html:</span>_||>,"release_note<||_html:<span '
 "style='background-color: rgba(0.0, 165.0, 0, 0.15); border-radius: 3px;' "
 'title=\'1.0\'>_||>":"<||_html:</span>_||><||_html:<span '
 "style='background-color: rgba(0.0, 165.0, 0, 0.15); border-radius: 3px;' "
 "title='1.0'>_||>The<||_html:</span>_||><||_html:<span "
 "style='background-color: rgba(0.0, 165.0, 0, 0.15); border-radius: 3px;' "
 "title='1.0'>_||> '<||_html:</span>_||><||_html:<span "
 "style='background-color: rgba(0.0, 165.0, 0, 0.15); border-radius: 3px;' "
 "title='1.0'>_||>get<||_html:</span>_||><||_html:<span "
 "style='background-color: rgba(0.0, 165.0, 0, 0.15); border-radius: 3px;' "
 "title='1.0'>_||>Product<||_html:</span>_||><||_html:<span "
 "style='background-color: rgba(0.0, 165.0, 0, 0.15); border-radius: 3px;' "
 "title='1.0'>_||>'<||_html:</span>_||><||_html:<span style='background-color: "
 "rgba(0.0, 165.0, 0, 0.15); border-radius: 3px;' title='1.0'>_||> "
 "query<||_html:</span>_||><||_html:<span style='background-color: rgba(0.0, "
 "165.0, 0, 0.15); border-radius: 3px;' title='1.0'>_||> "
 "now<||_html:</span>_||><||_html:<span style='background-color: rgba(0.0, "
 "165.0, 0, 0.15); border-radius: 3px;' title='1.0'>_||> "
 "includes<||_html:</span>_||><||_html:<span style='background-color: "
 "rgba(0.0, 165.0, 0, 0.15); border-radius: 3px;' title='1.0'>_||> "
 "a<||_html:</span>_||><||_html:<span style='background-color: rgba(0.0, "
 "165.0, 0, 0.15); border-radius: 3px;' title='1.0'>_||> "
 "new<||_html:</span>_||><||_html:<span style='background-color: rgba(0.0, "
 "165.0, 0, 0.15); border-radius: 3px;' title='1.0'>_||> "
 "field<||_html:</span>_||><||_html:<span style='background-color: rgba(0.0, "
 "165.0, 0, 0.15); border-radius: 3px;' title='1.0'>_||> "
 "'<||_html:</span>_||><||_html:<span style='background-color: rgba(0.0, "
 "165.0, 0, 0.15); border-radius: 3px;' "
 "title='1.0'>_||>details<||_html:</span>_||><||_html:<span "
 "style='background-color: rgba(0.0, 165.0, 0, 0.15); border-radius: 3px;' "
 "title='1.0'>_||>'<||_html:</span>_||><||_html:<span style='background-color: "
 "rgba(0.0, 165.0, 0, 0.15); border-radius: 3px;' title='1.0'>_||> "
 "of<||_html:</span>_||><||_html:<span style='background-color: rgba(0.0, "
 "165.0, 0, 0.15); border-radius: 3px;' title='1.0'>_||> "
 "type<||_html:</span>_||><||_html:<span style='background-color: rgba(0.0, "
 "165.0, 0, 0.15); border-radius: 3px;' title='1.0'>_||> "
 "String<||_html:</span>_||><||_html:<span style='background-color: rgba(0.0, "
 "165.0, 0, 0.15); border-radius: 3px;' "
 'title=\'1.0\'>_||>."<||_html:</span>_||><||_html:<span '
 "style='background-color: rgba(0.0, 165.0, 0, 0.15); border-radius: 3px;' "
 'title=\'1.0\'>_||>},<||_html:</span>_||>{"type<||_html:<span '
 "style='background-color: rgba(0.0, 165.0, 0, 0.15); border-radius: 3px;' "
 'title=\'1.0\'>_||>":"<||_html:</span>_||><||_html:<span '
 "style='background-color: rgba(0.0, 165.0, 0, 0.15); border-radius: 3px;' "
 "title='1.0'>_||>Product<||_html:</span>_||><||_html:<span "
 "style='background-color: rgba(0.0, 165.0, 0, 0.15); border-radius: 3px;' "
 'title=\'1.0\'>_||>","<||_html:</span>_||>field<||_html:<span '
 "style='background-color: rgba(0.0, 165.0, 0, 0.15); border-radius: 3px;' "
 'title=\'1.0\'>_||>":"<||_html:</span>_||><||_html:<span '
 "style='background-color: rgba(0.0, 165.0, 0, 0.15); border-radius: 3px;' "
 "title='1.0'>_||>description<||_html:</span>_||><||_html:<span "
 "style='background-color: rgba(0.0, 165.0, 0, 0.15); border-radius: 3px;' "
 'title=\'1.0\'>_||>","<||_html:</span>_||>change<||_html:<span '
 "style='background-color: rgba(0.0, 165.0, 0, 0.15); border-radius: 3px;' "
 'title=\'1.0\'>_||>":"<||_html:</span>_||><||_html:<span '
 "style='background-color: rgba(0.0, 165.0, 0, 0.15); border-radius: 3px;' "
 "title='1.0'>_||>field<||_html:</span>_||><||_html:<span "
 "style='background-color: rgba(0.0, 165.0, 0, 0.15); border-radius: 3px;' "
 "title='1.0'>_||> removed<||_html:</span>_||><||_html:<span "
 "style='background-color: rgba(0.0, 165.0, 0, 0.15); border-radius: 3px;' "
 'title=\'1.0\'>_||>","<||_html:</span>_||>breaking<||_html:<span '
 "style='background-color: rgba(0.0, 165.0, 0, 0.15); border-radius: 3px;' "
 'title=\'1.0\'>_||>":<||_html:</span>_||><||_html:<span '
 "style='background-color: rgba(0.0, 165.0, 0, 0.15); border-radius: 3px;' "
 'title=\'1.0\'>_||>true<||_html:</span>_||>,"release_note<||_html:<span '
 "style='background-color: rgba(0.0, 165.0, 0, 0.15); border-radius: 3px;' "
 'title=\'1.0\'>_||>":"<||_html:</span>_||><||_html:<span '
 "style='background-color: rgba(0.0, 165.0, 0, 0.15); border-radius: 3px;' "
 "title='1.0'>_||>The<||_html:</span>_||><||_html:<span "
 "style='background-color: rgba(0.0, 165.0, 0, 0.15); border-radius: 3px;' "
 "title='1.0'>_||> '<||_html:</span>_||><||_html:<span "
 "style='background-color: rgba(0.0, 165.0, 0, 0.15); border-radius: 3px;' "
 "title='1.0'>_||>Product<||_html:</span>_||><||_html:<span "
 "style='background-color: rgba(0.0, 165.0, 0, 0.15); border-radius: 3px;' "
 "title='1.0'>_||>'<||_html:</span>_||><||_html:<span style='background-color: "
 "rgba(0.0, 165.0, 0, 0.15); border-radius: 3px;' title='1.0'>_||> "
 "type<||_html:</span>_||><||_html:<span style='background-color: rgba(0.0, "
 "165.0, 0, 0.15); border-radius: 3px;' title='1.0'>_||> "
 "no<||_html:</span>_||><||_html:<span style='background-color: rgba(0.0, "
 "165.0, 0, 0.15); border-radius: 3px;' title='1.0'>_||> "
 "longer<||_html:</span>_||><||_html:<span style='background-color: rgba(0.0, "
 "165.0, 0, 0.15); border-radius: 3px;' title='1.0'>_||> "
 "includes<||_html:</span>_||><||_html:<span style='background-color: "
 "rgba(0.0, 165.0, 0, 0.15); border-radius: 3px;' title='1.0'>_||> "
 "the<||_html:</span>_||><||_html:<span style='background-color: rgba(0.0, "
 "165.0, 0, 0.15); border-radius: 3px;' title='1.0'>_||> "
 "'<||_html:</span>_||><||_html:<span style='background-color: rgba(0.0, "
 "165.0, 0, 0.15); border-radius: 3px;' "
 "title='1.0'>_||>description<||_html:</span>_||><||_html:<span "
 "style='background-color: rgba(0.0, 165.0, 0, 0.15); border-radius: 3px;' "
 "title='1.0'>_||>'<||_html:</span>_||><||_html:<span style='background-color: "
 "rgba(0.0, 165.0, 0, 0.15); border-radius: 3px;' title='1.0'>_||> "
 "field<||_html:</span>_||><||_html:<span style='background-color: rgba(0.0, "
 "165.0, 0, 0.15); border-radius: 3px;' "
 'title=\'1.0\'>_||>."<||_html:</span>_||><||_html:<span '
 "style='background-color: rgba(0.0, 165.0, 0, 0.15); border-radius: 3px;' "
 'title=\'1.0\'>_||>},<||_html:</span>_||>{"type<||_html:<span '
 "style='background-color: rgba(0.0, 165.0, 0, 0.15); border-radius: 3px;' "
 'title=\'1.0\'>_||>":"<||_html:</span>_||><||_html:<span '
 "style='background-color: rgba(0.0, 165.0, 0, 0.15); border-radius: 3px;' "
 "title='1.0'>_||>Product<||_html:</span>_||><||_html:<span "
 "style='background-color: rgba(0.0, 165.0, 0, 0.15); border-radius: 3px;' "
 'title=\'1.0\'>_||>","<||_html:</span>_||>field<||_html:<span '
 "style='background-color: rgba(0.0, 165.0, 0, 0.15); border-radius: 3px;' "
 'title=\'1.0\'>_||>":"<||_html:</span>_||><||_html:<span '
 "style='background-color: rgba(0.0, 165.0, 0, 0.15); border-radius: 3px;' "
 "title='1.0'>_||>stock<||_html:</span>_||><||_html:<span "
 "style='background-color: rgba(0.0, 165.0, 0, 0.15); border-radius: 3px;' "
 'title=\'1.0\'>_||>","<||_html:</span>_||>change<||_html:<span '
 "style='background-color: rgba(0.0, 165.0, 0, 0.15); border-radius: 3px;' "
 "title='1.0'>_||>")
('Analyze the following two GraphQL schemas for changes, including both '
 'breaking and non-breaking changes.\n'
 '\n'
 '                        Provide your analysis in the following JSON format:\n'
 '                        {\n'
 '                          "changes": [\n'
 '                            {\n'
 '                              "type": "String representing the GraphQL type '
 '(e.g., Query, Mutation, Subscription)",\n'
 '                              "field": "String representing the specific '
 'field that changed",\n'
 '                              "change": "String describing the change (e.g., '
 'field renamed, new field added, field removed)",\n'
 '                              "breaking": "Boolean indicating if the change '
 'is breaking (true) or non-breaking (false)",\n'
 '                              "release_note": "String with a natural '
 'language description of the change for release notes"\n'
 '                            }\n'
 '                          ],\n'
 '                          "release_notes": {\n'
 '                              "summary": "String summarizing all changes, '
 'suitable for a mailing list or public announcement"\n'
 '                          }\n'
 '                        }\n'
 '\n'
 '                        When analyzing, consider the following types of '
 'changes:\n'
 '                        1. Removing fields or types (breaking)\n'
 '                        2. Changing field types (potentially breaking)\n'
 '                        3. Adding required fields (breaking)\n'
 '                        4. Changing the type of existing arguments '
 '(breaking)\n'
 '                        5. Adding optional fields (non-breaking)\n'
 '                        6. Adding new types (non-breaking)\n'
 '                        7. Deprecating fields (non-breaking)\n'
 '\n'
 '                        Ensure that each change is categorized correctly as '
 'breaking or non-breaking.: type Query {\n'
 '  getProduct(id: ID!): Product\n'
 '}\n'
 '\n'
 'type Product {\n'
 '  id: ID\n'
 '  name: String\n'
 '  description: String\n'
 '  price: Float\n'
 '  stock: Int\n'
 '}\n'
 ', type Query {\n'
 '  getProduct(id: ID!): Product\n'
 '}\n'
 '\n'
 'type Product {\n'
 '  id: ID\n'
 '  name: String\n'
 '  details: String\n'
 '  price: Float\n'
 '}\n'
 '\n'
 "Answer:<||_html:<span style='background-color: rgba(0.0, 165.0, 0, 0.15); "
 "border-radius: 3px;' title='1.0'>_||> {<||_html:</span>_||><||_html:<span "
 "style='background-color: rgba(0.0, 165.0, 0, 0.15); border-radius: 3px;' "
 "title='1.0'>_||>\n"
 "<||_html:</span>_||><||_html:<span style='background-color: rgba(0.0, 165.0, "
 "0, 0.15); border-radius: 3px;' title='1.0'>_||> "
 "<||_html:</span>_||><||_html:<span style='background-color: rgba(0.0, 165.0, "
 "0, 0.15); border-radius: 3px;' title='1.0'>_||> "
 '"<||_html:</span>_||><||_html:<span style=\'background-color: rgba(0.0, '
 "165.0, 0, 0.15); border-radius: 3px;' "
 "title='1.0'>_||>changes<||_html:</span>_||><||_html:<span "
 "style='background-color: rgba(0.0, 165.0, 0, 0.15); border-radius: 3px;' "
 'title=\'1.0\'>_||>":<||_html:</span>_||><||_html:<span '
 "style='background-color: rgba(0.0, 165.0, 0, 0.15); border-radius: 3px;' "
 "title='1.0'>_||> [<||_html:</span>_||><||_html:<span "
 "style='background-color: rgba(0.0, 165.0, 0, 0.15); border-radius: 3px;' "
 "title='1.0'>_||>\n"
 "<||_html:</span>_||><||_html:<span style='background-color: rgba(0.0, 165.0, "
 "0, 0.15); border-radius: 3px;' title='1.0'>_||>   "
 "<||_html:</span>_||><||_html:<span style='background-color: rgba(0.0, 165.0, "
 "0, 0.15); border-radius: 3px;' title='1.0'>_||> "
 "{<||_html:</span>_||><||_html:<span style='background-color: rgba(0.0, "
 "165.0, 0, 0.15); border-radius: 3px;' title='1.0'>_||>\n"
 "<||_html:</span>_||><||_html:<span style='background-color: rgba(0.0, 165.0, "
 "0, 0.15); border-radius: 3px;' title='1.0'>_||>     "
 "<||_html:</span>_||><||_html:<span style='background-color: rgba(0.0, 165.0, "
 "0, 0.15); border-radius: 3px;' title='1.0'>_||> "
 '"<||_html:</span>_||><||_html:<span style=\'background-color: rgba(0.0, '
 "165.0, 0, 0.15); border-radius: 3px;' "
 "title='1.0'>_||>type<||_html:</span>_||><||_html:<span "
 "style='background-color: rgba(0.0, 165.0, 0, 0.15); border-radius: 3px;' "
 'title=\'1.0\'>_||>":<||_html:</span>_||><||_html:<span '
 "style='background-color: rgba(0.0, 165.0, 0, 0.15); border-radius: 3px;' "
 'title=\'1.0\'>_||> "<||_html:</span>_||><||_html:<span '
 "style='background-color: rgba(0.0, 165.0, 0, 0.15); border-radius: 3px;' "
 "title='1.0'>_||>Query<||_html:</span>_||><||_html:<span "
 "style='background-color: rgba(0.0, 165.0, 0, 0.15); border-radius: 3px;' "
 'title=\'1.0\'>_||>",<||_html:</span>_||><||_html:<span '
 "style='background-color: rgba(0.0, 165.0, 0, 0.15); border-radius: 3px;' "
 "title='1.0'>_||>\n"
 "<||_html:</span>_||><||_html:<span style='background-color: rgba(0.0, 165.0, "
 "0, 0.15); border-radius: 3px;' title='1.0'>_||>     "
 "<||_html:</span>_||><||_html:<span style='background-color: rgba(0.0, 165.0, "
 "0, 0.15); border-radius: 3px;' title='1.0'>_||> "
 '"<||_html:</span>_||><||_html:<span style=\'background-color: rgba(0.0, '
 "165.0, 0, 0.15); border-radius: 3px;' "
 "title='1.0'>_||>field<||_html:</span>_||><||_html:<span "
 "style='background-color: rgba(0.0, 165.0, 0, 0.15); border-radius: 3px;' "
 'title=\'1.0\'>_||>":<||_html:</span>_||><||_html:<span '
 "style='background-color: rgba(0.0, 165.0, 0, 0.15); border-radius: 3px;' "
 'title=\'1.0\'>_||> "<||_html:</span>_||><||_html:<span '
 "style='background-color: rgba(0.0, 165.0, 0, 0.15); border-radius: 3px;' "
 "title='1.0'>_||>get<||_html:</span>_||><||_html:<span "
 "style='background-color: rgba(0.0, 165.0, 0, 0.15); border-radius: 3px;' "
 "title='1.0'>_||>Product<||_html:</span>_||><||_html:<span "
 "style='background-color: rgba(0.0, 165.0, 0, 0.15); border-radius: 3px;' "
 'title=\'1.0\'>_||>",<||_html:</span>_||><||_html:<span '
 "style='background-color: rgba(0.0, 165.0, 0, 0.15); border-radius: 3px;' "
 "title='1.0'>_||>\n"
 "<||_html:</span>_||><||_html:<span style='background-color: rgba(0.0, 165.0, "
 "0, 0.15); border-radius: 3px;' title='1.0'>_||>     "
 "<||_html:</span>_||><||_html:<span style='background-color: rgba(0.0, 165.0, "
 "0, 0.15); border-radius: 3px;' title='1.0'>_||> "
 '"<||_html:</span>_||><||_html:<span style=\'background-color: rgba(0.0, '
 "165.0, 0, 0.15); border-radius: 3px;' "
 "title='1.0'>_||>change<||_html:</span>_||><||_html:<span "
 "style='background-color: rgba(0.0, 165.0, 0, 0.15); border-radius: 3px;' "
 'title=\'1.0\'>_||>":<||_html:</span>_||><||_html:<span '
 "style='background-color: rgba(0.0, 165.0, 0, 0.15); border-radius: 3px;' "
 'title=\'1.0\'>_||> "<||_html:</span>_||><||_html:<span '
 "style='background-color: rgba(0.0, 165.0, 0, 0.15); border-radius: 3px;' "
 "title='1.0'>_||>field<||_html:</span>_||><||_html:<span "
 "style='background-color: rgba(0.0, 165.0, 0, 0.15); border-radius: 3px;' "
 "title='1.0'>_||> details<||_html:</span>_||><||_html:<span "
 "style='background-color: rgba(0.0, 165.0, 0, 0.15); border-radius: 3px;' "
 "title='1.0'>_||> added<||_html:</span>_||><||_html:<span "
 "style='background-color: rgba(0.0, 165.0, 0, 0.15); border-radius: 3px;' "
 'title=\'1.0\'>_||>",<||_html:</span>_||><||_html:<span '
 "style='background-color: rgba(0.0, 165.0, 0, 0.15); border-radius: 3px;' "
 "title='1.0'>_||>\n"
 "<||_html:</span>_||><||_html:<span style='background-color: rgba(0.0, 165.0, "
 "0, 0.15); border-radius: 3px;' title='1.0'>_||>     "
 "<||_html:</span>_||><||_html:<span style='background-color: rgba(0.0, 165.0, "
 "0, 0.15); border-radius: 3px;' title='1.0'>_||> "
 '"<||_html:</span>_||><||_html:<span style=\'background-color: rgba(0.0, '
 "165.0, 0, 0.15); border-radius: 3px;' "
 "title='1.0'>_||>breaking<||_html:</span>_||><||_html:<span "
 "style='background-color: rgba(0.0, 165.0, 0, 0.15); border-radius: 3px;' "
 'title=\'1.0\'>_||>":<||_html:</span>_||><||_html:<span '
 "style='background-color: rgba(0.0, 165.0, 0, 0.15); border-radius: 3px;' "
 'title=\'1.0\'>_||> "<||_html:</span>_||><||_html:<span '
 "style='background-color: rgba(0.0, 165.0, 0, 0.15); border-radius: 3px;' "
 "title='1.0'>_||>false<||_html:</span>_||><||_html:<span "
 "style='background-color: rgba(0.0, 165.0, 0, 0.15); border-radius: 3px;' "
 'title=\'1.0\'>_||>",<||_html:</span>_||><||_html:<span '
 "style='background-color: rgba(0.0, 165.0, 0, 0.15); border-radius: 3px;' "
 "title='1.0'>_||>\n"
 "<||_html:</span>_||><||_html:<span style='background-color: rgba(0.0, 165.0, "
 "0, 0.15); border-radius: 3px;' title='1.0'>_||>     "
 "<||_html:</span>_||><||_html:<span style='background-color: rgba(0.0, 165.0, "
 "0, 0.15); border-radius: 3px;' title='1.0'>_||> "
 '"<||_html:</span>_||><||_html:<span style=\'background-color: rgba(0.0, '
 "165.0, 0, 0.15); border-radius: 3px;' "
 "title='1.0'>_||>release<||_html:</span>_||><||_html:<span "
 "style='background-color: rgba(0.0, 165.0, 0, 0.15); border-radius: 3px;' "
 "title='1.0'>_||>_<||_html:</span>_||><||_html:<span style='background-color: "
 "rgba(0.0, 165.0, 0, 0.15); border-radius: 3px;' "
 "title='1.0'>_||>note<||_html:</span>_||><||_html:<span "
 "style='background-color: rgba(0.0, 165.0, 0, 0.15); border-radius: 3px;' "
 'title=\'1.0\'>_||>":<||_html:</span>_||><||_html:<span '
 "style='background-color: rgba(0.0, 165.0, 0, 0.15); border-radius: 3px;' "
 'title=\'1.0\'>_||> "<||_html:</span>_||><||_html:<span '
 "style='background-color: rgba(0.0, 165.0, 0, 0.15); border-radius: 3px;' "
 "title='1.0'>_||>The<||_html:</span>_||><||_html:<span "
 "style='background-color: rgba(0.0, 165.0, 0, 0.15); border-radius: 3px;' "
 "title='1.0'>_||> '<||_html:</span>_||><||_html:<span "
 "style='background-color: rgba(0.0, 165.0, 0, 0.15); border-radius: 3px;' "
 "title='1.0'>_||>get<||_html:</span>_||><||_html:<span "
 "style='background-color: rgba(0.0, 165.0, 0, 0.15); border-radius: 3px;' "
 "title='1.0'>_||>Product<||_html:</span>_||><||_html:<span "
 "style='background-color: rgba(0.0, 165.0, 0, 0.15); border-radius: 3px;' "
 "title='1.0'>_||>'<||_html:</span>_||><||_html:<span style='background-color: "
 "rgba(0.0, 165.0, 0, 0.15); border-radius: 3px;' title='1.0'>_||> "
 "query<||_html:</span>_||><||_html:<span style='background-color: rgba(0.0, "
 "165.0, 0, 0.15); border-radius: 3px;' title='1.0'>_||> "
 "now<||_html:</span>_||><||_html:<span style='background-color: rgba(0.0, "
 "165.0, 0, 0.15); border-radius: 3px;' title='1.0'>_||> "
 "includes<||_html:</span>_||><||_html:<span style='background-color: "
 "rgba(0.0, 165.0, 0, 0.15); border-radius: 3px;' title='1.0'>_||> "
 "a<||_html:</span>_||><||_html:<span style='background-color: rgba(0.0, "
 "165.0, 0, 0.15); border-radius: 3px;' title='1.0'>_||> "
 "new<||_html:</span>_||><||_html:<span style='background-color: rgba(0.0, "
 "165.0, 0, 0.15); border-radius: 3px;' title='1.0'>_||> "
 "field<||_html:</span>_||><||_html:<span style='background-color: rgba(0.0, "
 "165.0, 0, 0.15); border-radius: 3px;' title='1.0'>_||> "
 "'<||_html:</span>_||><||_html:<span style='background-color: rgba(0.0, "
 "165.0, 0, 0.15); border-radius: 3px;' "
 "title='1.0'>_||>details<||_html:</span>_||><||_html:<span "
 "style='background-color: rgba(0.0, 165.0, 0, 0.15); border-radius: 3px;' "
 "title='1.0'>_||>'<||_html:</span>_||><||_html:<span style='background-color: "
 "rgba(0.0, 165.0, 0, 0.15); border-radius: 3px;' title='1.0'>_||> "
 "of<||_html:</span>_||><||_html:<span style='background-color: rgba(0.0, "
 "165.0, 0, 0.15); border-radius: 3px;' title='1.0'>_||> "
 "type<||_html:</span>_||><||_html:<span style='background-color: rgba(0.0, "
 "165.0, 0, 0.15); border-radius: 3px;' title='1.0'>_||> "
 "String<||_html:</span>_||><||_html:<span style='background-color: rgba(0.0, "
 "165.0, 0, 0.15); border-radius: 3px;' "
 'title=\'1.0\'>_||>."<||_html:</span>_||><||_html:<span '
 "style='background-color: rgba(0.0, 165.0, 0, 0.15); border-radius: 3px;' "
 "title='1.0'>_||>\n"
 "<||_html:</span>_||><||_html:<span style='background-color: rgba(0.0, 165.0, "
 "0, 0.15); border-radius: 3px;' title='1.0'>_||>   "
 "<||_html:</span>_||><||_html:<span style='background-color: rgba(0.0, 165.0, "
 "0, 0.15); border-radius: 3px;' title='1.0'>_||> "
 "},<||_html:</span>_||><||_html:<span style='background-color: rgba(0.0, "
 "165.0, 0, 0.15); border-radius: 3px;' title='1.0'>_||>\n"
 "<||_html:</span>_||><||_html:<span style='background-color: rgba(0.0, 165.0, "
 "0, 0.15); border-radius: 3px;' title='1.0'>_||>   "
 "<||_html:</span>_||><||_html:<span style='background-color: rgba(0.0, 165.0, "
 "0, 0.15); border-radius: 3px;' title='1.0'>_||> "
 "{<||_html:</span>_||><||_html:<span style='background-color: rgba(0.0, "
 "165.0, 0, 0.15); border-radius: 3px;' title='1.0'>_||>\n"
 "<||_html:</span>_||><||_html:<span style='background-color: rgba(0.0, 165.0, "
 "0, 0.15); border-radius: 3px;' title='1.0'>_||>     "
 "<||_html:</span>_||><||_html:<span style='background-color: rgba(0.0, 165.0, "
 "0, 0.15); border-radius: 3px;' title='1.0'>_||> "
 '"<||_html:</span>_||><||_html:<span style=\'background-color: rgba(0.0, '
 "165.0, 0, 0.15); border-radius: 3px;' "
 "title='1.0'>_||>type<||_html:</span>_||><||_html:<span "
 "style='background-color: rgba(0.0, 165.0, 0, 0.15); border-radius: 3px;' "
 'title=\'1.0\'>_||>":<||_html:</span>_||><||_html:<span '
 "style='background-color: rgba(0.0, 165.0, 0, 0.15); border-radius: 3px;' "
 'title=\'1.0\'>_||> "<||_html:</span>_||><||_html:<span '
 "style='background-color: rgba(0.0, 165.0, 0, 0.15); border-radius: 3px;' "
 "title='1.0'>_||>Product<||_html:</span>_||><||_html:<span "
 "style='background-color: rgba(0.0, 165.0, 0, 0.15); border-radius: 3px;' "
 'title=\'1.0\'>_||>",<||_html:</span>_||><||_html:<span '
 "style='background-color: rgba(0.0, 165.0, 0, 0.15); border-radius: 3px;' "
 "title='1.0'>_||>\n"
 "<||_html:</span>_||><||_html:<span style='background-color: rgba(0.0, 165.0, "
 "0, 0.15); border-radius: 3px;' title='1.0'>_||>     "
 "<||_html:</span>_||><||_html:<span style='background-color: rgba(0.0, 165.0, "
 "0, 0.15); border-radius: 3px;' title='1.0'>_||> "
 '"<||_html:</span>_||><||_html:<span style=\'background-color: rgba(0.0, '
 "165.0, 0, 0.15); border-radius: 3px;' "
 "title='1.0'>_||>field<||_html:</span>_||><||_html:<span "
 "style='background-color: rgba(0.0, 165.0, 0, 0.15); border-radius: 3px;' "
 'title=\'1.0\'>_||>":<||_html:</span>_||><||_html:<span '
 "style='background-color: rgba(0.0, 165.0, 0, 0.15); border-radius: 3px;' "
 'title=\'1.0\'>_||> "<||_html:</span>_||><||_html:<span '
 "style='background-color: rgba(0.0, 165.0, 0, 0.15); border-radius: 3px;' "
 "title='1.0'>_||>description<||_html:</span>_||><||_html:<span "
 "style='background-color: rgba(0.0, 165.0, 0, 0.15); border-radius: 3px;' "
 'title=\'1.0\'>_||>",<||_html:</span>_||><||_html:<span '
 "style='background-color: rgba(0.0, 165.0, 0, 0.15); border-radius: 3px;' "
 "title='1.0'>_||>\n"
 "<||_html:</span>_||><||_html:<span style='background-color: rgba(0.0, 165.0, "
 "0, 0.15); border-radius: 3px;' title='1.0'>_||>     "
 "<||_html:</span>_||><||_html:<span style='background-color: rgba(0.0, 165.0, "
 "0, 0.15); border-radius: 3px;' title='1.0'>_||> "
 '"<||_html:</span>_||><||_html:<span style=\'background-color: rgba(0.0, '
 "165.0, 0, 0.15); border-radius: 3px;' "
 "title='1.0'>_||>change<||_html:</span>_||><||_html:<span "
 "style='background-color: rgba(0.0, 165.0, 0, 0.15); border-radius: 3px;' "
 'title=\'1.0\'>_||>":<||_html:</span>_||><||_html:<span '
 "style='background-color: rgba(0.0, 165.0, 0, 0.15); border-radius: 3px;' "
 'title=\'1.0\'>_||> "<||_html:</span>_||><||_html:<span '
 "style='background-color: rgba(0.0, 165.0, 0, 0.15); border-radius: 3px;' "
 "title='1.0'>_||>field<||_html:</span>_||><||_html:<span "
 "style='background-color: rgba(0.0, 165.0, 0, 0.15); border-radius: 3px;' "
 "title='1.0'>_||> removed<||_html:</span>_||><||_html:<span "
 "style='background-color: rgba(0.0, 165.0, 0, 0.15); border-radius: 3px;' "
 'title=\'1.0\'>_||>",<||_html:</span>_||><||_html:<span '
 "style='background-color: rgba(0.0, 165.0, 0, 0.15); border-radius: 3px;' "
 "title='1.0'>_||>\n"
 "<||_html:</span>_||><||_html:<span style='background-color: rgba(0.0, 165.0, "
 "0, 0.15); border-radius: 3px;' title='1.0'>_||>     "
 "<||_html:</span>_||><||_html:<span style='background-color: rgba(0.0, 165.0, "
 "0, 0.15); border-radius: 3px;' title='1.0'>_||> "
 '"<||_html:</span>_||><||_html:<span style=\'background-color: rgba(0.0, '
 "165.0, 0, 0.15); border-radius: 3px;' "
 "title='1.0'>_||>breaking<||_html:</span>_||><||_html:<span "
 "style='background-color: rgba(0.0, 165.0, 0, 0.15); border-radius: 3px;' "
 'title=\'1.0\'>_||>":<||_html:</span>_||><||_html:<span '
 "style='background-color: rgba(0.0, 165.0, 0, 0.15); border-radius: 3px;' "
 'title=\'1.0\'>_||> "<||_html:</span>_||><||_html:<span '
 "style='background-color: rgba(0.0, 165.0, 0, 0.15); border-radius: 3px;' "
 "title='1.0'>_||>true<||_html:</span>_||><||_html:<span "
 "style='background-color: rgba(0.0, 165.0, 0, 0.15); border-radius: 3px;' "
 'title=\'1.0\'>_||>",<||_html:</span>_||><||_html:<span '
 "style='background-color: rgba(0.0, 165.0, 0, 0.15); border-radius: 3px;' "
 "title='1.0'>_||>\n"
 "<||_html:</span>_||><||_html:<span style='background-color: rgba(0.0, 165.0, "
 "0, 0.15); border-radius: 3px;' title='1.0'>_||>     "
 "<||_html:</span>_||><||_html:<span style='background-color: rgba(0.0, 165.0, "
 "0, 0.15); border-radius: 3px;' title='1.0'>_||> "
 '"<||_html:</span>_||><||_html:<span style=\'background-color: rgba(0.0, '
 "165.0, 0, 0.15); border-radius: 3px;' "
 "title='1.0'>_||>release<||_html:</span>_||><||_html:<span "
 "style='background-color: rgba(0.0, 165.0, 0, 0.15); border-radius: 3px;' "
 "title='1.0'>_||>_<||_html:</span>_||><||_html:<span style='background-color: "
 "rgba(0.0, 165.0, 0, 0.15); border-radius: 3px;' "
 "title='1.0'>_||>note<||_html:</span>_||><||_html:<span "
 "style='background-color: rgba(0.0, 165.0, 0, 0.15); border-radius: 3px;' "
 'title=\'1.0\'>_||>":<||_html:</span>_||><||_html:<span '
 "style='background-color: rgba(0.0, 165.0, 0, 0.15); border-radius: 3px;' "
 'title=\'1.0\'>_||> "<||_html:</span>_||><||_html:<span '
 "style='background-color: rgba(0.0, 165.0, 0, 0.15); border-radius: 3px;' "
 "title='1.0'>_||>The<||_html:</span>_||><||_html:<span "
 "style='background-color: rgba(0.0, 165.0, 0, 0.15); border-radius: 3px;' "
 "title='1.0'>_||> '<||_html:</span>_||><||_html:<span "
 "style='background-color: rgba(0.0, 165.0, 0, 0.15); border-radius: 3px;' "
 "title='1.0'>_||>Product<||_html:</span>_||><||_html:<span "
 "style='background-color: rgba(0.0, 165.0, 0, 0.15); border-radius: 3px;' "
 "title='1.0'>_||>'<||_html:</span>_||><||_html:<span style='background-color: "
 "rgba(0.0, 165.0, 0, 0.15); border-radius: 3px;' title='1.0'>_||> "
 "type<||_html:</span>_||><||_html:<span style='background-color: rgba(0.0, "
 "165.0, 0, 0.15); border-radius: 3px;' title='1.0'>_||> "
 "no<||_html:</span>_||><||_html:<span style='background-color: rgba(0.0, "
 "165.0, 0, 0.15); border-radius: 3px;' title='1.0'>_||> "
 "longer<||_html:</span>_||><||_html:<span style='background-color: rgba(0.0, "
 "165.0, 0, 0.15); border-radius: 3px;' title='1.0'>_||> "
 "includes<||_html:</span>_||><||_html:<span style='background-color: "
 "rgba(0.0, 165.0, 0, 0.15); border-radius: 3px;' title='1.0'>_||> "
 "the<||_html:</span>_||><||_html:<span style='background-color: rgba(0.0, "
 "165.0, 0, 0.15); border-radius: 3px;' title='1.0'>_||> "
 "'<||_html:</span>_||><||_html:<span style='background-color: rgba(0.0, "
 "165.0, 0, 0.15); border-radius: 3px;' "
 "title='1.0'>_||>description<||_html:</span>_||><||_html:<span "
 "style='background-color: rgba(0.0, 165.0, 0, 0.15); border-radius: 3px;' "
 "title='1.0'>_||>'<||_html:</span>_||><||_html:<span style='background-color: "
 "rgba(0.0, 165.0, 0, 0.15); border-radius: 3px;' title='1.0'>_||> "
 "field<||_html:</span>_||><||_html:<span style='background-color: rgba(0.0, "
 "165.0, 0, 0.15); border-radius: 3px;' "
 'title=\'1.0\'>_||>."<||_html:</span>_||><||_html:<span '
 "style='background-color: rgba(0.0, 165.0, 0, 0.15); border-radius: 3px;' "
 "title='1.0'>_||>\n"
 "<||_html:</span>_||><||_html:<span style='background-color: rgba(0.0, 165.0, "
 "0, 0.15); border-radius: 3px;' title='1.0'>_||>   "
 "<||_html:</span>_||><||_html:<span style='background-color: rgba(0.0, 165.0, "
 "0, 0.15); border-radius: 3px;' title='1.0'>_||> "
 "},<||_html:</span>_||><||_html:<span style='background-color: rgba(0.0, "
 "165.0, 0, 0.15); border-radius: 3px;' title='1.0'>_||>\n"
 "<||_html:</span>_||><||_html:<span style='background-color: rgba(0.0, 165.0, "
 "0, 0.15); border-radius: 3px;' title='1.0'>_||>   "
 "<||_html:</span>_||><||_html:<span style='background-color: rgba(0.0, 165.0, "
 "0, 0.15); border-radius: 3px;' title='1.0'>_||> "
 "{<||_html:</span>_||><||_html:<span style='background-color: rgba(0.0, "
 "165.0, 0, 0.15); border-radius: 3px;' title='1.0'>_||>\n"
 "<||_html:</span>_||><||_html:<span style='background-color: rgba(0.0, 165.0, "
 "0, 0.15); border-radius: 3px;' title='1.0'>_||>     "
 "<||_html:</span>_||><||_html:<span style='background-color: rgba(0.0, 165.0, "
 "0, 0.15); border-radius: 3px;' title='1.0'>_||> "
 '"<||_html:</span>_||><||_html:<span style=\'background-color: rgba(0.0, '
 "165.0, 0, 0.15); border-radius: 3px;' "
 "title='1.0'>_||>type<||_html:</span>_||><||_html:<span "
 "style='background-color: rgba(0.0, 165.0, 0, 0.15); border-radius: 3px;' "
 'title=\'1.0\'>_||>":<||_html:</span>_||><||_html:<span '
 "style='background-color: rgba(0.0, 165.0, 0, 0.15); border-radius: 3px;' "
 'title=\'1.0\'>_||> "<||_html:</span>_||><||_html:<span '
 "style='background-color: rgba(0.0, 165.0, 0, 0.15); border-radius: 3px;' "
 "title='1.0'>_||>Product<||_html:</span>_||><||_html:<span "
 "style='background-color: rgba(0.0, 165.0, 0, 0.15); border-radius: 3px;' "
 'title=\'1.0\'>_||>",<||_html:</span>_||><||_html:<span '
 "style='background-color: rgba(0.0, 165.0, 0, 0.15); border-radius: 3px;' "
 "title='1.0'>_||>\n"
 "<||_html:</span>_||><||_html:<span style='background-color: rgba(0.0, 165.0, "
 "0, 0.15); border-radius: 3px;' title='1.0'>_||>     "
 "<||_html:</span>_||><||_html:<span style='background-color: rgba(0.0, 165.0, "
 "0, 0.15); border-radius: 3px;' title='1.0'>_||> "
 '"<||_html:</span>_||><||_html:<span style=\'background-color: rgba(0.0, '
 "165.0, 0, 0.15); border-radius: 3px;' "
 "title='1.0'>_||>field<||_html:</span>_||><||_html:<span "
 "style='background-color: rgba(0.0, 165.0, 0, 0.15); border-radius: 3px;' "
 'title=\'1.0\'>_||>":<||_html:</span>_||><||_html:<span '
 "style='background-color: rgba(0.0, 165.0, 0, 0.15); border-radius: 3px;' "
 'title=\'1.0\'>_||> "<||_html:</span>_||><||_html:<span '
 "style='background-color: rgba(0.0, 165.0, 0, 0.15); border-radius: 3px;' "
 "title='1.0'>_||>stock<||_html:</span>_||><||_html:<span "
 "style='background-color: rgba(0.0, 165.0, 0, 0.15); border-radius: 3px;' "
 'title=\'1.0\'>_||>",<||_html:</span>_||><||_html:<span '
 "style='background-color: rgba(0.0, 165.0, 0, 0.15); border-radius: 3px;' "
 "title='1.0'>_||>\n"
 "<||_html:</span>_||><||_html:<span style='background-color: rgba(0.0, 165.0, "
 "0, 0.15); border-radius: 3px;' title='1.0'>_||>     "
 "<||_html:</span>_||><||_html:<span style='background-color: rgba(0.0, 165.0, "
 "0, 0.15); border-radius: 3px;' title='1.0'>_||> "
 '"<||_html:</span>_||><||_html:<span style=\'background-color: rgba(0.0, '
 "165.0, 0, 0.15); border-radius: 3px;' "
 "title='1.0'>_||>change<||_html:</span>_||><||_html:<span "
 "style='background-color: rgba(0.0, 165.0, 0, 0.15); border-radius: 3px;' "
 'title=\'1.0\'>_||>":<||_html:</span>_||><||_html:<span '
 "style='background-color: rgba(0.0, 165.0, 0, 0.15); border-radius: 3px;' "
 'title=\'1.0\'>_||> "<||_html:</span>_||><||_html:<span '
 "style='background-color: rgba(0.0, 165.0, 0, 0.15); border-radius: 3px;' "
 "title='1.0'>_||>field<||_html:</span>_||><||_html:<span "
 "style='background-color: rgba(0.0, 165.0, 0, 0.15); border-radius: 3px;' "
 "title='1.0'>_||> removed<||_html:</span>_||><||_html:<span "
 "style='background-color: rgba(0.0, 165.0, 0, 0.15); border-radius: 3px;' "
 'title=\'1.0\'>_||>",<||_html:</span>_||><||_html:<span '
 "style='background-color: rgba(0.0, 165.0, 0, 0.15); border-radius: 3px;' "
 "title='1.0'>_||>\n"
 "<||_html:</span>_||><||_html:<span style='background-color: rgba(0.0, 165.0, "
 "0, 0.15); border-radius: 3px;' title='1.0'>_||>     "
 "<||_html:</span>_||><||_html:<span style='background-color: rgba(0.0, 165.0, "
 "0, 0.15); border-radius: 3px;' title='1.0'>_||> "
 '"<||_html:</span>_||><||_html:<span style=\'background-color: rgba(0.0, '
 "165.0, 0, 0.15); border-radius: 3px;' "
 "title='1.0'>_||>breaking<||_html:</span>_||><||_html:<span "
 "style='background-color: rgba(0.0, 165.0, 0, 0.15); border-radius: 3px;' "
 'title=\'1.0\'>_||>":<||_html:</span>_||><||_html:<span '
 "style='background-color: rgba(0.0, 165.0, 0, 0.15); border-radius: 3px;' "
 'title=\'1.0\'>_||> "<||_html:</span>_||><||_html:<span '
 "style='background-color: rgba(0.0, 165.0, 0, 0.15); border-radius: 3px;' "
 "title='1.0'>_||>true<||_html:</span>_||><||_html:<span "
 "style='background-color: rgba(0.0, 165.0, 0, 0.15); border-radius: 3px;' "
 'title=\'1.0\'>_||>",<||_html:</span>_||><||_html:<span '
 "style='background-color: rgba(0.0, 165.0, 0, 0.15); border-radius: 3px;' "
 "title='1.0'>_||>\n"
 "<||_html:</span>_||><||_html:<span style='background-color: rgba(0.0, 165.0, "
 "0, 0.15); border-radius: 3px;' title='1.0'>_||>     "
 "<||_html:</span>_||><||_html:<span style='background-color: rgba(0.0, 165.0, "
 "0, 0.15); border-radius: 3px;' title='1.0'>_||> "
 '"<||_html:</span>_||><||_html:<span style=\'background-color: rgba(0.0, '
 "165.0, 0, 0.15); border-radius: 3px;' "
 "title='1.0'>_||>release<||_html:</span>_||><||_html:<span "
 "style='background-color: rgba(0.0, 165.0, 0, 0.15); border-radius: 3px;' "
 "title='1.0'>_||>_<||_html:</span>_||><||_html:<span style='background-color: "
 "rgba(0.0, 165.0, 0, 0.15); border-radius: 3px;' "
 "title='1.0'>_||>note<||_html:</span>_||><||_html:<span "
 "style='background-color: rgba(0.0, 165.0, 0, 0.15); border-radius: 3px;' "
 'title=\'1.0\'>_||>":<||_html:</span>_||><||_html:<span '
 "style='background-color: rgba(0.0, 165.0, 0, 0.15); border-radius: 3px;' "
 'title=\'1.0\'>_||> "<||_html:</span>_||><||_html:<span '
 "style='background-color: rgba(0.0, 165.0, 0, 0.15); border-radius: 3px;' "
 "title='1.0'>_||>The<||_html:</span>_||><||_html:<span "
 "style='background-color: rgba(0.0, 165.0, 0, 0.15); border-radius: 3px;' "
 "title='1.0'>_||> '<||_html:</span>_||><||_html:<span "
 "style='background-color: rgba(0.0, 165.0, 0, 0.15); border-radius: 3px;' "
 "title='1.0'>_||>Product<||_html:</span>_||><||_html:<span "
 "style='background-color: rgba(0.0, 165.0, 0, 0.15); border-radius: 3px;' "
 "title='1.0'>_||>'<||_html:</span>_||><||_html:<span style='background-color: "
 "rgba(0.0, 165.0, 0, 0.15); border-radius: 3px;' title='1.0'>_||> "
 "type<||_html:</span>_||><||_html:<span style='background-color: rgba(0.0, "
 "165.0, 0, 0.15); border-radius: 3px;' title='1.0'>_||> "
 "no<||_html:</span>_||><||_html:<span style='background-color: rgba(0.0, "
 "165.0, 0, 0.15); border-radius: 3px;' title='1.0'>_||> "
 "longer<||_html:</span>_||><||_html:<span style='background-color: rgba(0.0, "
 "165.0, 0, 0.15); border-radius: 3px;' title='1.0'>_||> "
 "includes<||_html:</span>_||><||_html:<span style='background-color: "
 "rgba(0.0, 165.0, 0, 0.15); border-radius: 3px;' title='1.0'>_||> "
 "the<||_html:</span>_||><||_html:<span style='background-color: rgba(0.0, "
 "165.0, 0, 0.15); border-radius: 3px;' title='1.0'>_||> "
 "'<||_html:</span>_||><||_html:<span style='background-color: rgba(0.0, "
 "165.0, 0, 0.15); border-radius: 3px;' "
 "title='1.0'>_||>stock<||_html:</span>_||><||_html:<span "
 "style='background-color: rgba(0.0, 165.0, 0, 0.15); border-radius: 3px;' "
 "title='1.0'>_||>'<||_html:</span>_||><||_html:<span style='background-color: "
 "rgba(0.0, 165.0, 0, 0.15); border-radius: 3px;' title='1.0'>_||> "
 "field<||_html:</span>_||><||_html:<span style='background-color: rgba(0.0, "
 "165.0, 0, 0.15); border-radius: 3px;' "
 'title=\'1.0\'>_||>."<||_html:</span>_||><||_html:<span '
 "style='background-color: rgba(0.0, 165.0, 0, 0.15); border-radius: 3px;' "
 "title='1.0'>_||>\n"
 "<||_html:</span>_||><||_html:<span style='background-color: rgba(0.0, 165.0, "
 "0, 0.15); border-radius: 3px;' title='1.0'>_||>   "
 "<||_html:</span>_||><||_html:<span style='background-color: rgba(0.0, 165.0, "
 "0, 0.15); border-radius: 3px;' title='1.0'>_||> "
 "}<||_html:</span>_||><||_html:<span style='background-color: rgba(0.0, "
 "165.0, 0, 0.15); border-radius: 3px;' title='1.0'>_||>\n"
 "<||_html:</span>_||><||_html:<span style='background-color: rgba(0.0, 165.0, "
 "0, 0.15); border-radius: 3px;' title='1.0'>_||> "
 "<||_html:</span>_||><||_html:<span style='background-color: rgba(0.0, 165.0, "
 "0, 0.15); border-radius: 3px;' title='1.0'>_||> "
 "],<||_html:</span>_||><||_html:<span style='background-color: rgba(0.0, "
 "165.0, 0, 0.15); border-radius: 3px;' title='1.0'>_||>\n"
 "<||_html:</span>_||><||_html:<span style='background-color: rgba(0.0, 165.0, "
 "0, 0.15); border-radius: 3px;' title='1.0'>_||> "
 "<||_html:</span>_||><||_html:<span style='background-color: rgba(0.0, 165.0, "
 "0, 0.15); border-radius: 3px;' title='1.0'>_||> "
 '"<||_html:</span>_||><||_html:<span style=\'background-color: rgba(0.0, '
 "165.0, 0, 0.15); border-radius: 3px;' "
 "title='1.0'>_||>release<||_html:</span>_||><||_html:<span "
 "style='background-color: rgba(0.0, 165.0, 0, 0.15); border-radius: 3px;' "
 "title='1.0'>_||>_<||_html:</span>_||><||_html:<span style='background-color: "
 "rgba(0.0, 165.0, 0, 0.15); border-radius: 3px;' "
 "title='1.0'>_||>notes<||_html:</span>_||><||_html:<span "
 "style='background-color: rgba(0.0, 165.0, 0, 0.15); border-radius: 3px;' "
 'title=\'1.0\'>_||>":<||_html:</span>_||><||_html:<span '
 "style='background-color: rgba(0.0, 165.0, 0, 0.15); border-radius: 3px;' "
 "title='1.0'>_||> {<||_html:</span>_||><||_html:<span "
 "style='background-color: rgba(0.0, 165.0, 0, 0.15); border-radius: 3px;' "
 "title='1.0'>_||>\n"
 "<||_html:</span>_||><||_html:<span style='background-color: rgba(0.0, 165.0, "
 "0, 0.15); border-radius: 3px;' title='1.0'>_||>   "
 "<||_html:</span>_||><||_html:<span style='background-color: rgba(0.0, 165.0, "
 "0, 0.15); border-radius: 3px;' title='1.0'>_||> "
 '"<||_html:</span>_||><||_html:<span style=\'background-color: rgba(0.0, '
 "165.0, 0, 0.15); border-radius: 3px;' "
 "title='1.0'>_||>summary<||_html:</span>_||><||_html:<span "
 "style='background-color: rgba(0.0, 165.0, 0, 0.15); border-radius: 3px;' "
 'title=\'1.0\'>_||>":<||_html:</span>_||><||_html:<span '
 "style='background-color: rgba(0.0, 165.0, 0, 0.15); border-radius: 3px;' "
 'title=\'1.0\'>_||> "<||_html:</span>_||><||_html:<span '
 "style='background-color: rgba(0.0, 165.0, 0, 0.15); border-radius: 3px;' "
 "title='1.0'>_||>The<||_html:</span>_||><||_html:<span "
 "style='background-color: rgba(0.0, 165.0, 0, 0.15); border-radius: 3px;' "
 "title='1.0'>_||> '<||_html:</span>_||><||_html:<span "
 "style='background-color: rgba(0.0, 165.0, 0, 0.15); border-radius: 3px;' "
 "title='1.0'>_||>get<||_html:</span>_||><||_html:<span "
 "style='background-color: rgba(0.0, 165.0, 0, 0.15); border-radius: 3px;' "
 "title='1.0'>_||>Product<||_html:</span>_||><||_html:<span "
 "style='background-color: rgba(0.0, 165.0, 0, 0.15); border-radius: 3px;' "
 "title='1.0'>_||>'<||_html:</span>_||><||_html:<span style='background-color: "
 "rgba(0.0, 165.0, 0, 0.15); border-radius: 3px;' title='1.0'>_||> "
 "query<||_html:</span>_||><||_html:<span style='background-color: rgba(0.0, "
 "165.0, 0, 0.15); border-radius: 3px;' title='1.0'>_||> "
 "now<||_html:</span>_||><||_html:<span style='background-color: rgba(0.0, "
 "165.0, 0, 0.15); border-radius: 3px;' title='1.0'>_||> "
 "includes<||_html:</span>_||><||_html:<span style='background-color: "
 "rgba(0.0, 165.0, 0, 0.15); border-radius: 3px;' title='1.0'>_||> "
 "a<||_html:</span>_||><||_html:<span style='background-color: rgba(0.0, "
 "165.0, 0, 0.15); border-radius: 3px;' title='1.0'>_||> "
 "new<||_html:</span>_||><||_html:<span style='background-color: rgba(0.0, "
 "165.0, 0, 0.15); border-radius: 3px;' title='1.0'>_||> "
 "field<||_html:</span>_||><||_html:<span style='background-color: rgba(0.0, "
 "165.0, 0, 0.15); border-radius: 3px;' title='1.0'>_||> "
 "'<||_html:</span>_||><||_html:<span style='background-color: rgba(0.0, "
 "165.0, 0, 0.15); border-radius: 3px;' "
 "title='1.0'>_||>details<||_html:</span>_||><||_html:<span "
 "style='background-color: rgba(0.0, 165.0, 0, 0.15); border-radius: 3px;' "
 "title='1.0'>_||>'<||_html:</span>_||><||_html:<span style='background-color: "
 "rgba(0.0, 165.0, 0, 0.15); border-radius: 3px;' title='1.0'>_||> "
 "of<||_html:</span>_||><||_html:<span style='background-color: rgba(0.0, "
 "165.0, 0, 0.15); border-radius: 3px;' title='1.0'>_||> "
 "type<||_html:</span>_||><||_html:<span style='background-color: rgba(0.0, "
 "165.0, 0, 0.15); border-radius: 3px;' title='1.0'>_||> "
 "String<||_html:</span>_||><||_html:<span style='background-color: rgba(0.0, "
 "165.0, 0, 0.15); border-radius: 3px;' "
 "title='1.0'>_||>.<||_html:</span>_||><||_html:<span style='background-color: "
 "rgba(0.0, 165.0, 0, 0.15); border-radius: 3px;' title='1.0'>_||> "
 "The<||_html:</span>_||><||_html:<span style='background-color: rgba(0.0, "
 "165.0, 0, 0.15); border-radius: 3px;' title='1.0'>_||> "
 "'<||_html:</span>_||><||_html:<span style='background-color: rgba(0.0, "
 "165.0, 0, 0.15); border-radius: 3px;' "
 "title='1.0'>_||>Product<||_html:</span>_||><||_html:<span "
 "style='background-color: rgba(0.0, 165.0, 0, 0.15); border-radius: 3px;' "
 "title='1.0'>_||>'<||_html:</span>_||><||_html:<span style='background-color: "
 "rgba(0.0, 165.0, 0, 0.15); border-radius: 3px;' title='1.0'>_||> "
 "type<||_html:</span>_||><||_html:<span style='background-color: rgba(0.0, "
 "165.0, 0, 0.15); border-radius: 3px;' title='1.0'>_||> "
 "no<||_html:</span>_||><||_html:<span style='background-color: rgba(0.0, "
 "165.0, 0, 0.15); border-radius: 3px;' title='1.0'>_||> "
 "longer<||_html:</span>_||><||_html:<span style='background-color: rgba(0.0, "
 "165.0, 0, 0.15); border-radius: 3px;' title='1.0'>_||> "
 "includes<||_html:</span>_||><||_html:<span style='background-color: "
 "rgba(0.0, 165.0, 0, 0.15); border-radius: 3px;' title='1.0'>_||> "
 "the<||_html:</span>_||><||_html:<span style='background-color: rgba(0.0, "
 "165.0, 0, 0.15); border-radius: 3px;' title='1.0'>_||> "
 "'<||_html:</span>_||><||_html:<span style='background-color: rgba(0.0, "
 "165.0, 0, 0.15); border-radius: 3px;' "
 "title='1.0'>_||>description<||_html:</span>_||><||_html:<span "
 "style='background-color: rgba(0.0, 165.0, 0, 0.15); border-radius: 3px;' "
 "title='1.0'>_||>'<||_html:</span>_||><||_html:<span style='background-color: "
 "rgba(0.0, 165.0, 0, 0.15); border-radius: 3px;' title='1.0'>_||> "
 "and<||_html:</span>_||><||_html:<span style='background-color: rgba(0.0, "
 "165.0, 0, 0.15); border-radius: 3px;' title='1.0'>_||> "
 "'<||_html:</span>_||><||_html:<span style='background-color: rgba(0.0, "
 "165.0, 0, 0.15); border-radius: 3px;' "
 "title='1.0'>_||>stock<||_html:</span>_||><||_html:<span "
 "style='background-color: rgba(0.0, 165.0, 0, 0.15); border-radius: 3px;' "
 "title='1.0'>_||>'<||_html:</span>_||><||_html:<span style='background-color: "
 "rgba(0.0, 165.0, 0, 0.15); border-radius: 3px;' title='1.0'>_||> "
 "fields<||_html:</span>_||><||_html:<span style='background-color: rgba(0.0, "
 "165.0, 0, 0.15); border-radius: 3px;' "
 'title=\'1.0\'>_||>."<||_html:</span>_||><||_html:<span '
 "style='background-color: rgba(0.0, 165.0, 0, 0.15); border-radius: 3px;' "
 "title='1.0'>_||>\n"
 "<||_html:</span>_||><||_html:<span style='background-color: rgba(0.0, 165.0, "
 "0, 0.15); border-radius: 3px;' title='1.0'>_||> "
 "<||_html:</span>_||><||_html:<span style='background-color: rgba(0.0, 165.0, "
 "0, 0.15); border-radius: 3px;' title='1.0'>_||> "
 "}<||_html:</span>_||><||_html:<span style='background-color: rgba(0.0, "
 "165.0, 0, 0.15); border-radius: 3px;' title='1.0'>_||>\n"
 "<||_html:</span>_||><||_html:<span style='background-color: rgba(0.0, 165.0, "
 "0, 0.15); border-radius: 3px;' "
 'title=\'1.0\'>_||>}<||_html:</span>_||>{"changes":<||_html:<span '
 "style='background-color: rgba(0.0, 165.0, 0, 0.15); border-radius: 3px;' "
 "title='1.0'>_||>[<||_html:</span>_||><||_html:<span style='background-color: "
 "rgba(0.0, 165.0, 0, 0.15); border-radius: 3px;' "
 'title=\'1.0\'>_||>{"<||_html:</span>_||>type<||_html:<span '
 "style='background-color: rgba(0.0, 165.0, 0, 0.15); border-radius: 3px;' "
 'title=\'1.0\'>_||>":"<||_html:</span>_||><||_html:<span '
 "style='background-color: rgba(0.0, 165.0, 0, 0.15); border-radius: 3px;' "
 "title='1.0'>_||>Query<||_html:</span>_||><||_html:<span "
 "style='background-color: rgba(0.0, 165.0, 0, 0.15); border-radius: 3px;' "
 'title=\'1.0\'>_||>","<||_html:</span>_||>field<||_html:<span '
 "style='background-color: rgba(0.0, 165.0, 0, 0.15); border-radius: 3px;' "
 'title=\'1.0\'>_||>":"<||_html:</span>_||><||_html:<span '
 "style='background-color: rgba(0.0, 165.0, 0, 0.15); border-radius: 3px;' "
 "title='1.0'>_||>get<||_html:</span>_||><||_html:<span "
 "style='background-color: rgba(0.0, 165.0, 0, 0.15); border-radius: 3px;' "
 "title='1.0'>_||>Product<||_html:</span>_||><||_html:<span "
 "style='background-color: rgba(0.0, 165.0, 0, 0.15); border-radius: 3px;' "
 'title=\'1.0\'>_||>","<||_html:</span>_||>change<||_html:<span '
 "style='background-color: rgba(0.0, 165.0, 0, 0.15); border-radius: 3px;' "
 'title=\'1.0\'>_||>":"<||_html:</span>_||><||_html:<span '
 "style='background-color: rgba(0.0, 165.0, 0, 0.15); border-radius: 3px;' "
 "title='1.0'>_||>field<||_html:</span>_||><||_html:<span "
 "style='background-color: rgba(0.0, 165.0, 0, 0.15); border-radius: 3px;' "
 "title='1.0'>_||> details<||_html:</span>_||><||_html:<span "
 "style='background-color: rgba(0.0, 165.0, 0, 0.15); border-radius: 3px;' "
 "title='1.0'>_||> added<||_html:</span>_||><||_html:<span "
 "style='background-color: rgba(0.0, 165.0, 0, 0.15); border-radius: 3px;' "
 'title=\'1.0\'>_||>","<||_html:</span>_||>breaking<||_html:<span '
 "style='background-color: rgba(0.0, 165.0, 0, 0.15); border-radius: 3px;' "
 'title=\'1.0\'>_||>":<||_html:</span>_||><||_html:<span '
 "style='background-color: rgba(0.0, 165.0, 0, 0.15); border-radius: 3px;' "
 'title=\'1.0\'>_||>false<||_html:</span>_||>,"release_note<||_html:<span '
 "style='background-color: rgba(0.0, 165.0, 0, 0.15); border-radius: 3px;' "
 'title=\'1.0\'>_||>":"<||_html:</span>_||><||_html:<span '
 "style='background-color: rgba(0.0, 165.0, 0, 0.15); border-radius: 3px;' "
 "title='1.0'>_||>The<||_html:</span>_||><||_html:<span "
 "style='background-color: rgba(0.0, 165.0, 0, 0.15); border-radius: 3px;' "
 "title='1.0'>_||> '<||_html:</span>_||><||_html:<span "
 "style='background-color: rgba(0.0, 165.0, 0, 0.15); border-radius: 3px;' "
 "title='1.0'>_||>get<||_html:</span>_||><||_html:<span "
 "style='background-color: rgba(0.0, 165.0, 0, 0.15); border-radius: 3px;' "
 "title='1.0'>_||>Product<||_html:</span>_||><||_html:<span "
 "style='background-color: rgba(0.0, 165.0, 0, 0.15); border-radius: 3px;' "
 "title='1.0'>_||>'<||_html:</span>_||><||_html:<span style='background-color: "
 "rgba(0.0, 165.0, 0, 0.15); border-radius: 3px;' title='1.0'>_||> "
 "query<||_html:</span>_||><||_html:<span style='background-color: rgba(0.0, "
 "165.0, 0, 0.15); border-radius: 3px;' title='1.0'>_||> "
 "now<||_html:</span>_||><||_html:<span style='background-color: rgba(0.0, "
 "165.0, 0, 0.15); border-radius: 3px;' title='1.0'>_||> "
 "includes<||_html:</span>_||><||_html:<span style='background-color: "
 "rgba(0.0, 165.0, 0, 0.15); border-radius: 3px;' title='1.0'>_||> "
 "a<||_html:</span>_||><||_html:<span style='background-color: rgba(0.0, "
 "165.0, 0, 0.15); border-radius: 3px;' title='1.0'>_||> "
 "new<||_html:</span>_||><||_html:<span style='background-color: rgba(0.0, "
 "165.0, 0, 0.15); border-radius: 3px;' title='1.0'>_||> "
 "field<||_html:</span>_||><||_html:<span style='background-color: rgba(0.0, "
 "165.0, 0, 0.15); border-radius: 3px;' title='1.0'>_||> "
 "'<||_html:</span>_||><||_html:<span style='background-color: rgba(0.0, "
 "165.0, 0, 0.15); border-radius: 3px;' "
 "title='1.0'>_||>details<||_html:</span>_||><||_html:<span "
 "style='background-color: rgba(0.0, 165.0, 0, 0.15); border-radius: 3px;' "
 "title='1.0'>_||>'<||_html:</span>_||><||_html:<span style='background-color: "
 "rgba(0.0, 165.0, 0, 0.15); border-radius: 3px;' title='1.0'>_||> "
 "of<||_html:</span>_||><||_html:<span style='background-color: rgba(0.0, "
 "165.0, 0, 0.15); border-radius: 3px;' title='1.0'>_||> "
 "type<||_html:</span>_||><||_html:<span style='background-color: rgba(0.0, "
 "165.0, 0, 0.15); border-radius: 3px;' title='1.0'>_||> "
 "String<||_html:</span>_||><||_html:<span style='background-color: rgba(0.0, "
 "165.0, 0, 0.15); border-radius: 3px;' "
 'title=\'1.0\'>_||>."<||_html:</span>_||><||_html:<span '
 "style='background-color: rgba(0.0, 165.0, 0, 0.15); border-radius: 3px;' "
 'title=\'1.0\'>_||>},<||_html:</span>_||>{"type<||_html:<span '
 "style='background-color: rgba(0.0, 165.0, 0, 0.15); border-radius: 3px;' "
 'title=\'1.0\'>_||>":"<||_html:</span>_||><||_html:<span '
 "style='background-color: rgba(0.0, 165.0, 0, 0.15); border-radius: 3px;' "
 "title='1.0'>_||>Product<||_html:</span>_||><||_html:<span "
 "style='background-color: rgba(0.0, 165.0, 0, 0.15); border-radius: 3px;' "
 'title=\'1.0\'>_||>","<||_html:</span>_||>field<||_html:<span '
 "style='background-color: rgba(0.0, 165.0, 0, 0.15); border-radius: 3px;' "
 'title=\'1.0\'>_||>":"<||_html:</span>_||><||_html:<span '
 "style='background-color: rgba(0.0, 165.0, 0, 0.15); border-radius: 3px;' "
 "title='1.0'>_||>description<||_html:</span>_||><||_html:<span "
 "style='background-color: rgba(0.0, 165.0, 0, 0.15); border-radius: 3px;' "
 'title=\'1.0\'>_||>","<||_html:</span>_||>change<||_html:<span '
 "style='background-color: rgba(0.0, 165.0, 0, 0.15); border-radius: 3px;' "
 'title=\'1.0\'>_||>":"<||_html:</span>_||><||_html:<span '
 "style='background-color: rgba(0.0, 165.0, 0, 0.15); border-radius: 3px;' "
 "title='1.0'>_||>field<||_html:</span>_||><||_html:<span "
 "style='background-color: rgba(0.0, 165.0, 0, 0.15); border-radius: 3px;' "
 "title='1.0'>_||> removed<||_html:</span>_||><||_html:<span "
 "style='background-color: rgba(0.0, 165.0, 0, 0.15); border-radius: 3px;' "
 'title=\'1.0\'>_||>","<||_html:</span>_||>breaking<||_html:<span '
 "style='background-color: rgba(0.0, 165.0, 0, 0.15); border-radius: 3px;' "
 'title=\'1.0\'>_||>":<||_html:</span>_||><||_html:<span '
 "style='background-color: rgba(0.0, 165.0, 0, 0.15); border-radius: 3px;' "
 'title=\'1.0\'>_||>true<||_html:</span>_||>,"release_note<||_html:<span '
 "style='background-color: rgba(0.0, 165.0, 0, 0.15); border-radius: 3px;' "
 'title=\'1.0\'>_||>":"<||_html:</span>_||><||_html:<span '
 "style='background-color: rgba(0.0, 165.0, 0, 0.15); border-radius: 3px;' "
 "title='1.0'>_||>The<||_html:</span>_||><||_html:<span "
 "style='background-color: rgba(0.0, 165.0, 0, 0.15); border-radius: 3px;' "
 "title='1.0'>_||> '<||_html:</span>_||><||_html:<span "
 "style='background-color: rgba(0.0, 165.0, 0, 0.15); border-radius: 3px;' "
 "title='1.0'>_||>Product<||_html:</span>_||><||_html:<span "
 "style='background-color: rgba(0.0, 165.0, 0, 0.15); border-radius: 3px;' "
 "title='1.0'>_||>'<||_html:</span>_||><||_html:<span style='background-color: "
 "rgba(0.0, 165.0, 0, 0.15); border-radius: 3px;' title='1.0'>_||> "
 "type<||_html:</span>_||><||_html:<span style='background-color: rgba(0.0, "
 "165.0, 0, 0.15); border-radius: 3px;' title='1.0'>_||> "
 "no<||_html:</span>_||><||_html:<span style='background-color: rgba(0.0, "
 "165.0, 0, 0.15); border-radius: 3px;' title='1.0'>_||> "
 "longer<||_html:</span>_||><||_html:<span style='background-color: rgba(0.0, "
 "165.0, 0, 0.15); border-radius: 3px;' title='1.0'>_||> "
 "includes<||_html:</span>_||><||_html:<span style='background-color: "
 "rgba(0.0, 165.0, 0, 0.15); border-radius: 3px;' title='1.0'>_||> "
 "the<||_html:</span>_||><||_html:<span style='background-color: rgba(0.0, "
 "165.0, 0, 0.15); border-radius: 3px;' title='1.0'>_||> "
 "'<||_html:</span>_||><||_html:<span style='background-color: rgba(0.0, "
 "165.0, 0, 0.15); border-radius: 3px;' "
 "title='1.0'>_||>description<||_html:</span>_||><||_html:<span "
 "style='background-color: rgba(0.0, 165.0, 0, 0.15); border-radius: 3px;' "
 "title='1.0'>_||>'<||_html:</span>_||><||_html:<span style='background-color: "
 "rgba(0.0, 165.0, 0, 0.15); border-radius: 3px;' title='1.0'>_||> "
 "field<||_html:</span>_||><||_html:<span style='background-color: rgba(0.0, "
 "165.0, 0, 0.15); border-radius: 3px;' "
 'title=\'1.0\'>_||>."<||_html:</span>_||><||_html:<span '
 "style='background-color: rgba(0.0, 165.0, 0, 0.15); border-radius: 3px;' "
 'title=\'1.0\'>_||>},<||_html:</span>_||>{"type<||_html:<span '
 "style='background-color: rgba(0.0, 165.0, 0, 0.15); border-radius: 3px;' "
 'title=\'1.0\'>_||>":"<||_html:</span>_||><||_html:<span '
 "style='background-color: rgba(0.0, 165.0, 0, 0.15); border-radius: 3px;' "
 "title='1.0'>_||>Product<||_html:</span>_||><||_html:<span "
 "style='background-color: rgba(0.0, 165.0, 0, 0.15); border-radius: 3px;' "
 'title=\'1.0\'>_||>","<||_html:</span>_||>field<||_html:<span '
 "style='background-color: rgba(0.0, 165.0, 0, 0.15); border-radius: 3px;' "
 'title=\'1.0\'>_||>":"<||_html:</span>_||><||_html:<span '
 "style='background-color: rgba(0.0, 165.0, 0, 0.15); border-radius: 3px;' "
 "title='1.0'>_||>stock<||_html:</span>_||><||_html:<span "
 "style='background-color: rgba(0.0, 165.0, 0, 0.15); border-radius: 3px;' "
 'title=\'1.0\'>_||>","<||_html:</span>_||>change<||_html:<span '
 "style='background-color: rgba(0.0, 165.0, 0, 0.15); border-radius: 3px;' "
 'title=\'1.0\'>_||>":"<||_html:</span>_||><||_html:<span '
 "style='background-color: rgba(0.0, 165.0, 0, 0.15); border-radius: 3px;' "
 "title='1.0'>_||>field<||_html:</span>_||><||_html:<span "
 "style='background-color: rgba(0.0, 165.0, 0, 0.15); border-radius: 3px;' "
 "title='1.0'>_||> removed<||_html:</span>_||><||_html:<span "
 "style='background-color: rgba(0.0, 165.0, 0, 0.15); border-radius: 3px;' "
 "title='1.0'>_||>")
('Analyze the following two GraphQL schemas for changes, including both '
 'breaking and non-breaking changes.\n'
 '\n'
 '                        Provide your analysis in the following JSON format:\n'
 '                        {\n'
 '                          "changes": [\n'
 '                            {\n'
 '                              "type": "String representing the GraphQL type '
 '(e.g., Query, Mutation, Subscription)",\n'
 '                              "field": "String representing the specific '
 'field that changed",\n'
 '                              "change": "String describing the change (e.g., '
 'field renamed, new field added, field removed)",\n'
 '                              "breaking": "Boolean indicating if the change '
 'is breaking (true) or non-breaking (false)",\n'
 '                              "release_note": "String with a natural '
 'language description of the change for release notes"\n'
 '                            }\n'
 '                          ],\n'
 '                          "release_notes": {\n'
 '                              "summary": "String summarizing all changes, '
 'suitable for a mailing list or public announcement"\n'
 '                          }\n'
 '                        }\n'
 '\n'
 '                        When analyzing, consider the following types of '
 'changes:\n'
 '                        1. Removing fields or types (breaking)\n'
 '                        2. Changing field types (potentially breaking)\n'
 '                        3. Adding required fields (breaking)\n'
 '                        4. Changing the type of existing arguments '
 '(breaking)\n'
 '                        5. Adding optional fields (non-breaking)\n'
 '                        6. Adding new types (non-breaking)\n'
 '                        7. Deprecating fields (non-breaking)\n'
 '\n'
 '                        Ensure that each change is categorized correctly as '
 'breaking or non-breaking.: type Query {\n'
 '  getProduct(id: ID!): Product\n'
 '}\n'
 '\n'
 'type Product {\n'
 '  id: ID\n'
 '  name: String\n'
 '  description: String\n'
 '  price: Float\n'
 '  stock: Int\n'
 '}\n'
 ', type Query {\n'
 '  getProduct(id: ID!): Product\n'
 '}\n'
 '\n'
 'type Product {\n'
 '  id: ID\n'
 '  name: String\n'
 '  details: String\n'
 '  price: Float\n'
 '}\n'
 '\n'
 "Answer:<||_html:<span style='background-color: rgba(0.0, 165.0, 0, 0.15); "
 "border-radius: 3px;' title='1.0'>_||> {<||_html:</span>_||><||_html:<span "
 "style='background-color: rgba(0.0, 165.0, 0, 0.15); border-radius: 3px;' "
 "title='1.0'>_||>\n"
 "<||_html:</span>_||><||_html:<span style='background-color: rgba(0.0, 165.0, "
 "0, 0.15); border-radius: 3px;' title='1.0'>_||> "
 "<||_html:</span>_||><||_html:<span style='background-color: rgba(0.0, 165.0, "
 "0, 0.15); border-radius: 3px;' title='1.0'>_||> "
 '"<||_html:</span>_||><||_html:<span style=\'background-color: rgba(0.0, '
 "165.0, 0, 0.15); border-radius: 3px;' "
 "title='1.0'>_||>changes<||_html:</span>_||><||_html:<span "
 "style='background-color: rgba(0.0, 165.0, 0, 0.15); border-radius: 3px;' "
 'title=\'1.0\'>_||>":<||_html:</span>_||><||_html:<span '
 "style='background-color: rgba(0.0, 165.0, 0, 0.15); border-radius: 3px;' "
 "title='1.0'>_||> [<||_html:</span>_||><||_html:<span "
 "style='background-color: rgba(0.0, 165.0, 0, 0.15); border-radius: 3px;' "
 "title='1.0'>_||>\n"
 "<||_html:</span>_||><||_html:<span style='background-color: rgba(0.0, 165.0, "
 "0, 0.15); border-radius: 3px;' title='1.0'>_||>   "
 "<||_html:</span>_||><||_html:<span style='background-color: rgba(0.0, 165.0, "
 "0, 0.15); border-radius: 3px;' title='1.0'>_||> "
 "{<||_html:</span>_||><||_html:<span style='background-color: rgba(0.0, "
 "165.0, 0, 0.15); border-radius: 3px;' title='1.0'>_||>\n"
 "<||_html:</span>_||><||_html:<span style='background-color: rgba(0.0, 165.0, "
 "0, 0.15); border-radius: 3px;' title='1.0'>_||>     "
 "<||_html:</span>_||><||_html:<span style='background-color: rgba(0.0, 165.0, "
 "0, 0.15); border-radius: 3px;' title='1.0'>_||> "
 '"<||_html:</span>_||><||_html:<span style=\'background-color: rgba(0.0, '
 "165.0, 0, 0.15); border-radius: 3px;' "
 "title='1.0'>_||>type<||_html:</span>_||><||_html:<span "
 "style='background-color: rgba(0.0, 165.0, 0, 0.15); border-radius: 3px;' "
 'title=\'1.0\'>_||>":<||_html:</span>_||><||_html:<span '
 "style='background-color: rgba(0.0, 165.0, 0, 0.15); border-radius: 3px;' "
 'title=\'1.0\'>_||> "<||_html:</span>_||><||_html:<span '
 "style='background-color: rgba(0.0, 165.0, 0, 0.15); border-radius: 3px;' "
 "title='1.0'>_||>Query<||_html:</span>_||><||_html:<span "
 "style='background-color: rgba(0.0, 165.0, 0, 0.15); border-radius: 3px;' "
 'title=\'1.0\'>_||>",<||_html:</span>_||><||_html:<span '
 "style='background-color: rgba(0.0, 165.0, 0, 0.15); border-radius: 3px;' "
 "title='1.0'>_||>\n"
 "<||_html:</span>_||><||_html:<span style='background-color: rgba(0.0, 165.0, "
 "0, 0.15); border-radius: 3px;' title='1.0'>_||>     "
 "<||_html:</span>_||><||_html:<span style='background-color: rgba(0.0, 165.0, "
 "0, 0.15); border-radius: 3px;' title='1.0'>_||> "
 '"<||_html:</span>_||><||_html:<span style=\'background-color: rgba(0.0, '
 "165.0, 0, 0.15); border-radius: 3px;' "
 "title='1.0'>_||>field<||_html:</span>_||><||_html:<span "
 "style='background-color: rgba(0.0, 165.0, 0, 0.15); border-radius: 3px;' "
 'title=\'1.0\'>_||>":<||_html:</span>_||><||_html:<span '
 "style='background-color: rgba(0.0, 165.0, 0, 0.15); border-radius: 3px;' "
 'title=\'1.0\'>_||> "<||_html:</span>_||><||_html:<span '
 "style='background-color: rgba(0.0, 165.0, 0, 0.15); border-radius: 3px;' "
 "title='1.0'>_||>get<||_html:</span>_||><||_html:<span "
 "style='background-color: rgba(0.0, 165.0, 0, 0.15); border-radius: 3px;' "
 "title='1.0'>_||>Product<||_html:</span>_||><||_html:<span "
 "style='background-color: rgba(0.0, 165.0, 0, 0.15); border-radius: 3px;' "
 'title=\'1.0\'>_||>",<||_html:</span>_||><||_html:<span '
 "style='background-color: rgba(0.0, 165.0, 0, 0.15); border-radius: 3px;' "
 "title='1.0'>_||>\n"
 "<||_html:</span>_||><||_html:<span style='background-color: rgba(0.0, 165.0, "
 "0, 0.15); border-radius: 3px;' title='1.0'>_||>     "
 "<||_html:</span>_||><||_html:<span style='background-color: rgba(0.0, 165.0, "
 "0, 0.15); border-radius: 3px;' title='1.0'>_||> "
 '"<||_html:</span>_||><||_html:<span style=\'background-color: rgba(0.0, '
 "165.0, 0, 0.15); border-radius: 3px;' "
 "title='1.0'>_||>change<||_html:</span>_||><||_html:<span "
 "style='background-color: rgba(0.0, 165.0, 0, 0.15); border-radius: 3px;' "
 'title=\'1.0\'>_||>":<||_html:</span>_||><||_html:<span '
 "style='background-color: rgba(0.0, 165.0, 0, 0.15); border-radius: 3px;' "
 'title=\'1.0\'>_||> "<||_html:</span>_||><||_html:<span '
 "style='background-color: rgba(0.0, 165.0, 0, 0.15); border-radius: 3px;' "
 "title='1.0'>_||>field<||_html:</span>_||><||_html:<span "
 "style='background-color: rgba(0.0, 165.0, 0, 0.15); border-radius: 3px;' "
 "title='1.0'>_||> details<||_html:</span>_||><||_html:<span "
 "style='background-color: rgba(0.0, 165.0, 0, 0.15); border-radius: 3px;' "
 "title='1.0'>_||> added<||_html:</span>_||><||_html:<span "
 "style='background-color: rgba(0.0, 165.0, 0, 0.15); border-radius: 3px;' "
 'title=\'1.0\'>_||>",<||_html:</span>_||><||_html:<span '
 "style='background-color: rgba(0.0, 165.0, 0, 0.15); border-radius: 3px;' "
 "title='1.0'>_||>\n"
 "<||_html:</span>_||><||_html:<span style='background-color: rgba(0.0, 165.0, "
 "0, 0.15); border-radius: 3px;' title='1.0'>_||>     "
 "<||_html:</span>_||><||_html:<span style='background-color: rgba(0.0, 165.0, "
 "0, 0.15); border-radius: 3px;' title='1.0'>_||> "
 '"<||_html:</span>_||><||_html:<span style=\'background-color: rgba(0.0, '
 "165.0, 0, 0.15); border-radius: 3px;' "
 "title='1.0'>_||>breaking<||_html:</span>_||><||_html:<span "
 "style='background-color: rgba(0.0, 165.0, 0, 0.15); border-radius: 3px;' "
 'title=\'1.0\'>_||>":<||_html:</span>_||><||_html:<span '
 "style='background-color: rgba(0.0, 165.0, 0, 0.15); border-radius: 3px;' "
 'title=\'1.0\'>_||> "<||_html:</span>_||><||_html:<span '
 "style='background-color: rgba(0.0, 165.0, 0, 0.15); border-radius: 3px;' "
 "title='1.0'>_||>false<||_html:</span>_||><||_html:<span "
 "style='background-color: rgba(0.0, 165.0, 0, 0.15); border-radius: 3px;' "
 'title=\'1.0\'>_||>",<||_html:</span>_||><||_html:<span '
 "style='background-color: rgba(0.0, 165.0, 0, 0.15); border-radius: 3px;' "
 "title='1.0'>_||>\n"
 "<||_html:</span>_||><||_html:<span style='background-color: rgba(0.0, 165.0, "
 "0, 0.15); border-radius: 3px;' title='1.0'>_||>     "
 "<||_html:</span>_||><||_html:<span style='background-color: rgba(0.0, 165.0, "
 "0, 0.15); border-radius: 3px;' title='1.0'>_||> "
 '"<||_html:</span>_||><||_html:<span style=\'background-color: rgba(0.0, '
 "165.0, 0, 0.15); border-radius: 3px;' "
 "title='1.0'>_||>release<||_html:</span>_||><||_html:<span "
 "style='background-color: rgba(0.0, 165.0, 0, 0.15); border-radius: 3px;' "
 "title='1.0'>_||>_<||_html:</span>_||><||_html:<span style='background-color: "
 "rgba(0.0, 165.0, 0, 0.15); border-radius: 3px;' "
 "title='1.0'>_||>note<||_html:</span>_||><||_html:<span "
 "style='background-color: rgba(0.0, 165.0, 0, 0.15); border-radius: 3px;' "
 'title=\'1.0\'>_||>":<||_html:</span>_||><||_html:<span '
 "style='background-color: rgba(0.0, 165.0, 0, 0.15); border-radius: 3px;' "
 'title=\'1.0\'>_||> "<||_html:</span>_||><||_html:<span '
 "style='background-color: rgba(0.0, 165.0, 0, 0.15); border-radius: 3px;' "
 "title='1.0'>_||>The<||_html:</span>_||><||_html:<span "
 "style='background-color: rgba(0.0, 165.0, 0, 0.15); border-radius: 3px;' "
 "title='1.0'>_||> '<||_html:</span>_||><||_html:<span "
 "style='background-color: rgba(0.0, 165.0, 0, 0.15); border-radius: 3px;' "
 "title='1.0'>_||>get<||_html:</span>_||><||_html:<span "
 "style='background-color: rgba(0.0, 165.0, 0, 0.15); border-radius: 3px;' "
 "title='1.0'>_||>Product<||_html:</span>_||><||_html:<span "
 "style='background-color: rgba(0.0, 165.0, 0, 0.15); border-radius: 3px;' "
 "title='1.0'>_||>'<||_html:</span>_||><||_html:<span style='background-color: "
 "rgba(0.0, 165.0, 0, 0.15); border-radius: 3px;' title='1.0'>_||> "
 "query<||_html:</span>_||><||_html:<span style='background-color: rgba(0.0, "
 "165.0, 0, 0.15); border-radius: 3px;' title='1.0'>_||> "
 "now<||_html:</span>_||><||_html:<span style='background-color: rgba(0.0, "
 "165.0, 0, 0.15); border-radius: 3px;' title='1.0'>_||> "
 "includes<||_html:</span>_||><||_html:<span style='background-color: "
 "rgba(0.0, 165.0, 0, 0.15); border-radius: 3px;' title='1.0'>_||> "
 "a<||_html:</span>_||><||_html:<span style='background-color: rgba(0.0, "
 "165.0, 0, 0.15); border-radius: 3px;' title='1.0'>_||> "
 "new<||_html:</span>_||><||_html:<span style='background-color: rgba(0.0, "
 "165.0, 0, 0.15); border-radius: 3px;' title='1.0'>_||> "
 "field<||_html:</span>_||><||_html:<span style='background-color: rgba(0.0, "
 "165.0, 0, 0.15); border-radius: 3px;' title='1.0'>_||> "
 "'<||_html:</span>_||><||_html:<span style='background-color: rgba(0.0, "
 "165.0, 0, 0.15); border-radius: 3px;' "
 "title='1.0'>_||>details<||_html:</span>_||><||_html:<span "
 "style='background-color: rgba(0.0, 165.0, 0, 0.15); border-radius: 3px;' "
 "title='1.0'>_||>'<||_html:</span>_||><||_html:<span style='background-color: "
 "rgba(0.0, 165.0, 0, 0.15); border-radius: 3px;' title='1.0'>_||> "
 "of<||_html:</span>_||><||_html:<span style='background-color: rgba(0.0, "
 "165.0, 0, 0.15); border-radius: 3px;' title='1.0'>_||> "
 "type<||_html:</span>_||><||_html:<span style='background-color: rgba(0.0, "
 "165.0, 0, 0.15); border-radius: 3px;' title='1.0'>_||> "
 "String<||_html:</span>_||><||_html:<span style='background-color: rgba(0.0, "
 "165.0, 0, 0.15); border-radius: 3px;' "
 'title=\'1.0\'>_||>."<||_html:</span>_||><||_html:<span '
 "style='background-color: rgba(0.0, 165.0, 0, 0.15); border-radius: 3px;' "
 "title='1.0'>_||>\n"
 "<||_html:</span>_||><||_html:<span style='background-color: rgba(0.0, 165.0, "
 "0, 0.15); border-radius: 3px;' title='1.0'>_||>   "
 "<||_html:</span>_||><||_html:<span style='background-color: rgba(0.0, 165.0, "
 "0, 0.15); border-radius: 3px;' title='1.0'>_||> "
 "},<||_html:</span>_||><||_html:<span style='background-color: rgba(0.0, "
 "165.0, 0, 0.15); border-radius: 3px;' title='1.0'>_||>\n"
 "<||_html:</span>_||><||_html:<span style='background-color: rgba(0.0, 165.0, "
 "0, 0.15); border-radius: 3px;' title='1.0'>_||>   "
 "<||_html:</span>_||><||_html:<span style='background-color: rgba(0.0, 165.0, "
 "0, 0.15); border-radius: 3px;' title='1.0'>_||> "
 "{<||_html:</span>_||><||_html:<span style='background-color: rgba(0.0, "
 "165.0, 0, 0.15); border-radius: 3px;' title='1.0'>_||>\n"
 "<||_html:</span>_||><||_html:<span style='background-color: rgba(0.0, 165.0, "
 "0, 0.15); border-radius: 3px;' title='1.0'>_||>     "
 "<||_html:</span>_||><||_html:<span style='background-color: rgba(0.0, 165.0, "
 "0, 0.15); border-radius: 3px;' title='1.0'>_||> "
 '"<||_html:</span>_||><||_html:<span style=\'background-color: rgba(0.0, '
 "165.0, 0, 0.15); border-radius: 3px;' "
 "title='1.0'>_||>type<||_html:</span>_||><||_html:<span "
 "style='background-color: rgba(0.0, 165.0, 0, 0.15); border-radius: 3px;' "
 'title=\'1.0\'>_||>":<||_html:</span>_||><||_html:<span '
 "style='background-color: rgba(0.0, 165.0, 0, 0.15); border-radius: 3px;' "
 'title=\'1.0\'>_||> "<||_html:</span>_||><||_html:<span '
 "style='background-color: rgba(0.0, 165.0, 0, 0.15); border-radius: 3px;' "
 "title='1.0'>_||>Product<||_html:</span>_||><||_html:<span "
 "style='background-color: rgba(0.0, 165.0, 0, 0.15); border-radius: 3px;' "
 'title=\'1.0\'>_||>",<||_html:</span>_||><||_html:<span '
 "style='background-color: rgba(0.0, 165.0, 0, 0.15); border-radius: 3px;' "
 "title='1.0'>_||>\n"
 "<||_html:</span>_||><||_html:<span style='background-color: rgba(0.0, 165.0, "
 "0, 0.15); border-radius: 3px;' title='1.0'>_||>     "
 "<||_html:</span>_||><||_html:<span style='background-color: rgba(0.0, 165.0, "
 "0, 0.15); border-radius: 3px;' title='1.0'>_||> "
 '"<||_html:</span>_||><||_html:<span style=\'background-color: rgba(0.0, '
 "165.0, 0, 0.15); border-radius: 3px;' "
 "title='1.0'>_||>field<||_html:</span>_||><||_html:<span "
 "style='background-color: rgba(0.0, 165.0, 0, 0.15); border-radius: 3px;' "
 'title=\'1.0\'>_||>":<||_html:</span>_||><||_html:<span '
 "style='background-color: rgba(0.0, 165.0, 0, 0.15); border-radius: 3px;' "
 'title=\'1.0\'>_||> "<||_html:</span>_||><||_html:<span '
 "style='background-color: rgba(0.0, 165.0, 0, 0.15); border-radius: 3px;' "
 "title='1.0'>_||>description<||_html:</span>_||><||_html:<span "
 "style='background-color: rgba(0.0, 165.0, 0, 0.15); border-radius: 3px;' "
 'title=\'1.0\'>_||>",<||_html:</span>_||><||_html:<span '
 "style='background-color: rgba(0.0, 165.0, 0, 0.15); border-radius: 3px;' "
 "title='1.0'>_||>\n"
 "<||_html:</span>_||><||_html:<span style='background-color: rgba(0.0, 165.0, "
 "0, 0.15); border-radius: 3px;' title='1.0'>_||>     "
 "<||_html:</span>_||><||_html:<span style='background-color: rgba(0.0, 165.0, "
 "0, 0.15); border-radius: 3px;' title='1.0'>_||> "
 '"<||_html:</span>_||><||_html:<span style=\'background-color: rgba(0.0, '
 "165.0, 0, 0.15); border-radius: 3px;' "
 "title='1.0'>_||>change<||_html:</span>_||><||_html:<span "
 "style='background-color: rgba(0.0, 165.0, 0, 0.15); border-radius: 3px;' "
 'title=\'1.0\'>_||>":<||_html:</span>_||><||_html:<span '
 "style='background-color: rgba(0.0, 165.0, 0, 0.15); border-radius: 3px;' "
 'title=\'1.0\'>_||> "<||_html:</span>_||><||_html:<span '
 "style='background-color: rgba(0.0, 165.0, 0, 0.15); border-radius: 3px;' "
 "title='1.0'>_||>field<||_html:</span>_||><||_html:<span "
 "style='background-color: rgba(0.0, 165.0, 0, 0.15); border-radius: 3px;' "
 "title='1.0'>_||> removed<||_html:</span>_||><||_html:<span "
 "style='background-color: rgba(0.0, 165.0, 0, 0.15); border-radius: 3px;' "
 'title=\'1.0\'>_||>",<||_html:</span>_||><||_html:<span '
 "style='background-color: rgba(0.0, 165.0, 0, 0.15); border-radius: 3px;' "
 "title='1.0'>_||>\n"
 "<||_html:</span>_||><||_html:<span style='background-color: rgba(0.0, 165.0, "
 "0, 0.15); border-radius: 3px;' title='1.0'>_||>     "
 "<||_html:</span>_||><||_html:<span style='background-color: rgba(0.0, 165.0, "
 "0, 0.15); border-radius: 3px;' title='1.0'>_||> "
 '"<||_html:</span>_||><||_html:<span style=\'background-color: rgba(0.0, '
 "165.0, 0, 0.15); border-radius: 3px;' "
 "title='1.0'>_||>breaking<||_html:</span>_||><||_html:<span "
 "style='background-color: rgba(0.0, 165.0, 0, 0.15); border-radius: 3px;' "
 'title=\'1.0\'>_||>":<||_html:</span>_||><||_html:<span '
 "style='background-color: rgba(0.0, 165.0, 0, 0.15); border-radius: 3px;' "
 'title=\'1.0\'>_||> "<||_html:</span>_||><||_html:<span '
 "style='background-color: rgba(0.0, 165.0, 0, 0.15); border-radius: 3px;' "
 "title='1.0'>_||>true<||_html:</span>_||><||_html:<span "
 "style='background-color: rgba(0.0, 165.0, 0, 0.15); border-radius: 3px;' "
 'title=\'1.0\'>_||>",<||_html:</span>_||><||_html:<span '
 "style='background-color: rgba(0.0, 165.0, 0, 0.15); border-radius: 3px;' "
 "title='1.0'>_||>\n"
 "<||_html:</span>_||><||_html:<span style='background-color: rgba(0.0, 165.0, "
 "0, 0.15); border-radius: 3px;' title='1.0'>_||>     "
 "<||_html:</span>_||><||_html:<span style='background-color: rgba(0.0, 165.0, "
 "0, 0.15); border-radius: 3px;' title='1.0'>_||> "
 '"<||_html:</span>_||><||_html:<span style=\'background-color: rgba(0.0, '
 "165.0, 0, 0.15); border-radius: 3px;' "
 "title='1.0'>_||>release<||_html:</span>_||><||_html:<span "
 "style='background-color: rgba(0.0, 165.0, 0, 0.15); border-radius: 3px;' "
 "title='1.0'>_||>_<||_html:</span>_||><||_html:<span style='background-color: "
 "rgba(0.0, 165.0, 0, 0.15); border-radius: 3px;' "
 "title='1.0'>_||>note<||_html:</span>_||><||_html:<span "
 "style='background-color: rgba(0.0, 165.0, 0, 0.15); border-radius: 3px;' "
 'title=\'1.0\'>_||>":<||_html:</span>_||><||_html:<span '
 "style='background-color: rgba(0.0, 165.0, 0, 0.15); border-radius: 3px;' "
 'title=\'1.0\'>_||> "<||_html:</span>_||><||_html:<span '
 "style='background-color: rgba(0.0, 165.0, 0, 0.15); border-radius: 3px;' "
 "title='1.0'>_||>The<||_html:</span>_||><||_html:<span "
 "style='background-color: rgba(0.0, 165.0, 0, 0.15); border-radius: 3px;' "
 "title='1.0'>_||> '<||_html:</span>_||><||_html:<span "
 "style='background-color: rgba(0.0, 165.0, 0, 0.15); border-radius: 3px;' "
 "title='1.0'>_||>Product<||_html:</span>_||><||_html:<span "
 "style='background-color: rgba(0.0, 165.0, 0, 0.15); border-radius: 3px;' "
 "title='1.0'>_||>'<||_html:</span>_||><||_html:<span style='background-color: "
 "rgba(0.0, 165.0, 0, 0.15); border-radius: 3px;' title='1.0'>_||> "
 "type<||_html:</span>_||><||_html:<span style='background-color: rgba(0.0, "
 "165.0, 0, 0.15); border-radius: 3px;' title='1.0'>_||> "
 "no<||_html:</span>_||><||_html:<span style='background-color: rgba(0.0, "
 "165.0, 0, 0.15); border-radius: 3px;' title='1.0'>_||> "
 "longer<||_html:</span>_||><||_html:<span style='background-color: rgba(0.0, "
 "165.0, 0, 0.15); border-radius: 3px;' title='1.0'>_||> "
 "includes<||_html:</span>_||><||_html:<span style='background-color: "
 "rgba(0.0, 165.0, 0, 0.15); border-radius: 3px;' title='1.0'>_||> "
 "the<||_html:</span>_||><||_html:<span style='background-color: rgba(0.0, "
 "165.0, 0, 0.15); border-radius: 3px;' title='1.0'>_||> "
 "'<||_html:</span>_||><||_html:<span style='background-color: rgba(0.0, "
 "165.0, 0, 0.15); border-radius: 3px;' "
 "title='1.0'>_||>description<||_html:</span>_||><||_html:<span "
 "style='background-color: rgba(0.0, 165.0, 0, 0.15); border-radius: 3px;' "
 "title='1.0'>_||>'<||_html:</span>_||><||_html:<span style='background-color: "
 "rgba(0.0, 165.0, 0, 0.15); border-radius: 3px;' title='1.0'>_||> "
 "field<||_html:</span>_||><||_html:<span style='background-color: rgba(0.0, "
 "165.0, 0, 0.15); border-radius: 3px;' "
 'title=\'1.0\'>_||>."<||_html:</span>_||><||_html:<span '
 "style='background-color: rgba(0.0, 165.0, 0, 0.15); border-radius: 3px;' "
 "title='1.0'>_||>\n"
 "<||_html:</span>_||><||_html:<span style='background-color: rgba(0.0, 165.0, "
 "0, 0.15); border-radius: 3px;' title='1.0'>_||>   "
 "<||_html:</span>_||><||_html:<span style='background-color: rgba(0.0, 165.0, "
 "0, 0.15); border-radius: 3px;' title='1.0'>_||> "
 "},<||_html:</span>_||><||_html:<span style='background-color: rgba(0.0, "
 "165.0, 0, 0.15); border-radius: 3px;' title='1.0'>_||>\n"
 "<||_html:</span>_||><||_html:<span style='background-color: rgba(0.0, 165.0, "
 "0, 0.15); border-radius: 3px;' title='1.0'>_||>   "
 "<||_html:</span>_||><||_html:<span style='background-color: rgba(0.0, 165.0, "
 "0, 0.15); border-radius: 3px;' title='1.0'>_||> "
 "{<||_html:</span>_||><||_html:<span style='background-color: rgba(0.0, "
 "165.0, 0, 0.15); border-radius: 3px;' title='1.0'>_||>\n"
 "<||_html:</span>_||><||_html:<span style='background-color: rgba(0.0, 165.0, "
 "0, 0.15); border-radius: 3px;' title='1.0'>_||>     "
 "<||_html:</span>_||><||_html:<span style='background-color: rgba(0.0, 165.0, "
 "0, 0.15); border-radius: 3px;' title='1.0'>_||> "
 '"<||_html:</span>_||><||_html:<span style=\'background-color: rgba(0.0, '
 "165.0, 0, 0.15); border-radius: 3px;' "
 "title='1.0'>_||>type<||_html:</span>_||><||_html:<span "
 "style='background-color: rgba(0.0, 165.0, 0, 0.15); border-radius: 3px;' "
 'title=\'1.0\'>_||>":<||_html:</span>_||><||_html:<span '
 "style='background-color: rgba(0.0, 165.0, 0, 0.15); border-radius: 3px;' "
 'title=\'1.0\'>_||> "<||_html:</span>_||><||_html:<span '
 "style='background-color: rgba(0.0, 165.0, 0, 0.15); border-radius: 3px;' "
 "title='1.0'>_||>Product<||_html:</span>_||><||_html:<span "
 "style='background-color: rgba(0.0, 165.0, 0, 0.15); border-radius: 3px;' "
 'title=\'1.0\'>_||>",<||_html:</span>_||><||_html:<span '
 "style='background-color: rgba(0.0, 165.0, 0, 0.15); border-radius: 3px;' "
 "title='1.0'>_||>\n"
 "<||_html:</span>_||><||_html:<span style='background-color: rgba(0.0, 165.0, "
 "0, 0.15); border-radius: 3px;' title='1.0'>_||>     "
 "<||_html:</span>_||><||_html:<span style='background-color: rgba(0.0, 165.0, "
 "0, 0.15); border-radius: 3px;' title='1.0'>_||> "
 '"<||_html:</span>_||><||_html:<span style=\'background-color: rgba(0.0, '
 "165.0, 0, 0.15); border-radius: 3px;' "
 "title='1.0'>_||>field<||_html:</span>_||><||_html:<span "
 "style='background-color: rgba(0.0, 165.0, 0, 0.15); border-radius: 3px;' "
 'title=\'1.0\'>_||>":<||_html:</span>_||><||_html:<span '
 "style='background-color: rgba(0.0, 165.0, 0, 0.15); border-radius: 3px;' "
 'title=\'1.0\'>_||> "<||_html:</span>_||><||_html:<span '
 "style='background-color: rgba(0.0, 165.0, 0, 0.15); border-radius: 3px;' "
 "title='1.0'>_||>stock<||_html:</span>_||><||_html:<span "
 "style='background-color: rgba(0.0, 165.0, 0, 0.15); border-radius: 3px;' "
 'title=\'1.0\'>_||>",<||_html:</span>_||><||_html:<span '
 "style='background-color: rgba(0.0, 165.0, 0, 0.15); border-radius: 3px;' "
 "title='1.0'>_||>\n"
 "<||_html:</span>_||><||_html:<span style='background-color: rgba(0.0, 165.0, "
 "0, 0.15); border-radius: 3px;' title='1.0'>_||>     "
 "<||_html:</span>_||><||_html:<span style='background-color: rgba(0.0, 165.0, "
 "0, 0.15); border-radius: 3px;' title='1.0'>_||> "
 '"<||_html:</span>_||><||_html:<span style=\'background-color: rgba(0.0, '
 "165.0, 0, 0.15); border-radius: 3px;' "
 "title='1.0'>_||>change<||_html:</span>_||><||_html:<span "
 "style='background-color: rgba(0.0, 165.0, 0, 0.15); border-radius: 3px;' "
 'title=\'1.0\'>_||>":<||_html:</span>_||><||_html:<span '
 "style='background-color: rgba(0.0, 165.0, 0, 0.15); border-radius: 3px;' "
 'title=\'1.0\'>_||> "<||_html:</span>_||><||_html:<span '
 "style='background-color: rgba(0.0, 165.0, 0, 0.15); border-radius: 3px;' "
 "title='1.0'>_||>field<||_html:</span>_||><||_html:<span "
 "style='background-color: rgba(0.0, 165.0, 0, 0.15); border-radius: 3px;' "
 "title='1.0'>_||> removed<||_html:</span>_||><||_html:<span "
 "style='background-color: rgba(0.0, 165.0, 0, 0.15); border-radius: 3px;' "
 'title=\'1.0\'>_||>",<||_html:</span>_||><||_html:<span '
 "style='background-color: rgba(0.0, 165.0, 0, 0.15); border-radius: 3px;' "
 "title='1.0'>_||>\n"
 "<||_html:</span>_||><||_html:<span style='background-color: rgba(0.0, 165.0, "
 "0, 0.15); border-radius: 3px;' title='1.0'>_||>     "
 "<||_html:</span>_||><||_html:<span style='background-color: rgba(0.0, 165.0, "
 "0, 0.15); border-radius: 3px;' title='1.0'>_||> "
 '"<||_html:</span>_||><||_html:<span style=\'background-color: rgba(0.0, '
 "165.0, 0, 0.15); border-radius: 3px;' "
 "title='1.0'>_||>breaking<||_html:</span>_||><||_html:<span "
 "style='background-color: rgba(0.0, 165.0, 0, 0.15); border-radius: 3px;' "
 'title=\'1.0\'>_||>":<||_html:</span>_||><||_html:<span '
 "style='background-color: rgba(0.0, 165.0, 0, 0.15); border-radius: 3px;' "
 'title=\'1.0\'>_||> "<||_html:</span>_||><||_html:<span '
 "style='background-color: rgba(0.0, 165.0, 0, 0.15); border-radius: 3px;' "
 "title='1.0'>_||>true<||_html:</span>_||><||_html:<span "
 "style='background-color: rgba(0.0, 165.0, 0, 0.15); border-radius: 3px;' "
 'title=\'1.0\'>_||>",<||_html:</span>_||><||_html:<span '
 "style='background-color: rgba(0.0, 165.0, 0, 0.15); border-radius: 3px;' "
 "title='1.0'>_||>\n"
 "<||_html:</span>_||><||_html:<span style='background-color: rgba(0.0, 165.0, "
 "0, 0.15); border-radius: 3px;' title='1.0'>_||>     "
 "<||_html:</span>_||><||_html:<span style='background-color: rgba(0.0, 165.0, "
 "0, 0.15); border-radius: 3px;' title='1.0'>_||> "
 '"<||_html:</span>_||><||_html:<span style=\'background-color: rgba(0.0, '
 "165.0, 0, 0.15); border-radius: 3px;' "
 "title='1.0'>_||>release<||_html:</span>_||><||_html:<span "
 "style='background-color: rgba(0.0, 165.0, 0, 0.15); border-radius: 3px;' "
 "title='1.0'>_||>_<||_html:</span>_||><||_html:<span style='background-color: "
 "rgba(0.0, 165.0, 0, 0.15); border-radius: 3px;' "
 "title='1.0'>_||>note<||_html:</span>_||><||_html:<span "
 "style='background-color: rgba(0.0, 165.0, 0, 0.15); border-radius: 3px;' "
 'title=\'1.0\'>_||>":<||_html:</span>_||><||_html:<span '
 "style='background-color: rgba(0.0, 165.0, 0, 0.15); border-radius: 3px;' "
 'title=\'1.0\'>_||> "<||_html:</span>_||><||_html:<span '
 "style='background-color: rgba(0.0, 165.0, 0, 0.15); border-radius: 3px;' "
 "title='1.0'>_||>The<||_html:</span>_||><||_html:<span "
 "style='background-color: rgba(0.0, 165.0, 0, 0.15); border-radius: 3px;' "
 "title='1.0'>_||> '<||_html:</span>_||><||_html:<span "
 "style='background-color: rgba(0.0, 165.0, 0, 0.15); border-radius: 3px;' "
 "title='1.0'>_||>Product<||_html:</span>_||><||_html:<span "
 "style='background-color: rgba(0.0, 165.0, 0, 0.15); border-radius: 3px;' "
 "title='1.0'>_||>'<||_html:</span>_||><||_html:<span style='background-color: "
 "rgba(0.0, 165.0, 0, 0.15); border-radius: 3px;' title='1.0'>_||> "
 "type<||_html:</span>_||><||_html:<span style='background-color: rgba(0.0, "
 "165.0, 0, 0.15); border-radius: 3px;' title='1.0'>_||> "
 "no<||_html:</span>_||><||_html:<span style='background-color: rgba(0.0, "
 "165.0, 0, 0.15); border-radius: 3px;' title='1.0'>_||> "
 "longer<||_html:</span>_||><||_html:<span style='background-color: rgba(0.0, "
 "165.0, 0, 0.15); border-radius: 3px;' title='1.0'>_||> "
 "includes<||_html:</span>_||><||_html:<span style='background-color: "
 "rgba(0.0, 165.0, 0, 0.15); border-radius: 3px;' title='1.0'>_||> "
 "the<||_html:</span>_||><||_html:<span style='background-color: rgba(0.0, "
 "165.0, 0, 0.15); border-radius: 3px;' title='1.0'>_||> "
 "'<||_html:</span>_||><||_html:<span style='background-color: rgba(0.0, "
 "165.0, 0, 0.15); border-radius: 3px;' "
 "title='1.0'>_||>stock<||_html:</span>_||><||_html:<span "
 "style='background-color: rgba(0.0, 165.0, 0, 0.15); border-radius: 3px;' "
 "title='1.0'>_||>'<||_html:</span>_||><||_html:<span style='background-color: "
 "rgba(0.0, 165.0, 0, 0.15); border-radius: 3px;' title='1.0'>_||> "
 "field<||_html:</span>_||><||_html:<span style='background-color: rgba(0.0, "
 "165.0, 0, 0.15); border-radius: 3px;' "
 'title=\'1.0\'>_||>."<||_html:</span>_||><||_html:<span '
 "style='background-color: rgba(0.0, 165.0, 0, 0.15); border-radius: 3px;' "
 "title='1.0'>_||>\n"
 "<||_html:</span>_||><||_html:<span style='background-color: rgba(0.0, 165.0, "
 "0, 0.15); border-radius: 3px;' title='1.0'>_||>   "
 "<||_html:</span>_||><||_html:<span style='background-color: rgba(0.0, 165.0, "
 "0, 0.15); border-radius: 3px;' title='1.0'>_||> "
 "}<||_html:</span>_||><||_html:<span style='background-color: rgba(0.0, "
 "165.0, 0, 0.15); border-radius: 3px;' title='1.0'>_||>\n"
 "<||_html:</span>_||><||_html:<span style='background-color: rgba(0.0, 165.0, "
 "0, 0.15); border-radius: 3px;' title='1.0'>_||> "
 "<||_html:</span>_||><||_html:<span style='background-color: rgba(0.0, 165.0, "
 "0, 0.15); border-radius: 3px;' title='1.0'>_||> "
 "],<||_html:</span>_||><||_html:<span style='background-color: rgba(0.0, "
 "165.0, 0, 0.15); border-radius: 3px;' title='1.0'>_||>\n"
 "<||_html:</span>_||><||_html:<span style='background-color: rgba(0.0, 165.0, "
 "0, 0.15); border-radius: 3px;' title='1.0'>_||> "
 "<||_html:</span>_||><||_html:<span style='background-color: rgba(0.0, 165.0, "
 "0, 0.15); border-radius: 3px;' title='1.0'>_||> "
 '"<||_html:</span>_||><||_html:<span style=\'background-color: rgba(0.0, '
 "165.0, 0, 0.15); border-radius: 3px;' "
 "title='1.0'>_||>release<||_html:</span>_||><||_html:<span "
 "style='background-color: rgba(0.0, 165.0, 0, 0.15); border-radius: 3px;' "
 "title='1.0'>_||>_<||_html:</span>_||><||_html:<span style='background-color: "
 "rgba(0.0, 165.0, 0, 0.15); border-radius: 3px;' "
 "title='1.0'>_||>notes<||_html:</span>_||><||_html:<span "
 "style='background-color: rgba(0.0, 165.0, 0, 0.15); border-radius: 3px;' "
 'title=\'1.0\'>_||>":<||_html:</span>_||><||_html:<span '
 "style='background-color: rgba(0.0, 165.0, 0, 0.15); border-radius: 3px;' "
 "title='1.0'>_||> {<||_html:</span>_||><||_html:<span "
 "style='background-color: rgba(0.0, 165.0, 0, 0.15); border-radius: 3px;' "
 "title='1.0'>_||>\n"
 "<||_html:</span>_||><||_html:<span style='background-color: rgba(0.0, 165.0, "
 "0, 0.15); border-radius: 3px;' title='1.0'>_||>   "
 "<||_html:</span>_||><||_html:<span style='background-color: rgba(0.0, 165.0, "
 "0, 0.15); border-radius: 3px;' title='1.0'>_||> "
 '"<||_html:</span>_||><||_html:<span style=\'background-color: rgba(0.0, '
 "165.0, 0, 0.15); border-radius: 3px;' "
 "title='1.0'>_||>summary<||_html:</span>_||><||_html:<span "
 "style='background-color: rgba(0.0, 165.0, 0, 0.15); border-radius: 3px;' "
 'title=\'1.0\'>_||>":<||_html:</span>_||><||_html:<span '
 "style='background-color: rgba(0.0, 165.0, 0, 0.15); border-radius: 3px;' "
 'title=\'1.0\'>_||> "<||_html:</span>_||><||_html:<span '
 "style='background-color: rgba(0.0, 165.0, 0, 0.15); border-radius: 3px;' "
 "title='1.0'>_||>The<||_html:</span>_||><||_html:<span "
 "style='background-color: rgba(0.0, 165.0, 0, 0.15); border-radius: 3px;' "
 "title='1.0'>_||> '<||_html:</span>_||><||_html:<span "
 "style='background-color: rgba(0.0, 165.0, 0, 0.15); border-radius: 3px;' "
 "title='1.0'>_||>get<||_html:</span>_||><||_html:<span "
 "style='background-color: rgba(0.0, 165.0, 0, 0.15); border-radius: 3px;' "
 "title='1.0'>_||>Product<||_html:</span>_||><||_html:<span "
 "style='background-color: rgba(0.0, 165.0, 0, 0.15); border-radius: 3px;' "
 "title='1.0'>_||>'<||_html:</span>_||><||_html:<span style='background-color: "
 "rgba(0.0, 165.0, 0, 0.15); border-radius: 3px;' title='1.0'>_||> "
 "query<||_html:</span>_||><||_html:<span style='background-color: rgba(0.0, "
 "165.0, 0, 0.15); border-radius: 3px;' title='1.0'>_||> "
 "now<||_html:</span>_||><||_html:<span style='background-color: rgba(0.0, "
 "165.0, 0, 0.15); border-radius: 3px;' title='1.0'>_||> "
 "includes<||_html:</span>_||><||_html:<span style='background-color: "
 "rgba(0.0, 165.0, 0, 0.15); border-radius: 3px;' title='1.0'>_||> "
 "a<||_html:</span>_||><||_html:<span style='background-color: rgba(0.0, "
 "165.0, 0, 0.15); border-radius: 3px;' title='1.0'>_||> "
 "new<||_html:</span>_||><||_html:<span style='background-color: rgba(0.0, "
 "165.0, 0, 0.15); border-radius: 3px;' title='1.0'>_||> "
 "field<||_html:</span>_||><||_html:<span style='background-color: rgba(0.0, "
 "165.0, 0, 0.15); border-radius: 3px;' title='1.0'>_||> "
 "'<||_html:</span>_||><||_html:<span style='background-color: rgba(0.0, "
 "165.0, 0, 0.15); border-radius: 3px;' "
 "title='1.0'>_||>details<||_html:</span>_||><||_html:<span "
 "style='background-color: rgba(0.0, 165.0, 0, 0.15); border-radius: 3px;' "
 "title='1.0'>_||>'<||_html:</span>_||><||_html:<span style='background-color: "
 "rgba(0.0, 165.0, 0, 0.15); border-radius: 3px;' title='1.0'>_||> "
 "of<||_html:</span>_||><||_html:<span style='background-color: rgba(0.0, "
 "165.0, 0, 0.15); border-radius: 3px;' title='1.0'>_||> "
 "type<||_html:</span>_||><||_html:<span style='background-color: rgba(0.0, "
 "165.0, 0, 0.15); border-radius: 3px;' title='1.0'>_||> "
 "String<||_html:</span>_||><||_html:<span style='background-color: rgba(0.0, "
 "165.0, 0, 0.15); border-radius: 3px;' "
 "title='1.0'>_||>.<||_html:</span>_||><||_html:<span style='background-color: "
 "rgba(0.0, 165.0, 0, 0.15); border-radius: 3px;' title='1.0'>_||> "
 "The<||_html:</span>_||><||_html:<span style='background-color: rgba(0.0, "
 "165.0, 0, 0.15); border-radius: 3px;' title='1.0'>_||> "
 "'<||_html:</span>_||><||_html:<span style='background-color: rgba(0.0, "
 "165.0, 0, 0.15); border-radius: 3px;' "
 "title='1.0'>_||>Product<||_html:</span>_||><||_html:<span "
 "style='background-color: rgba(0.0, 165.0, 0, 0.15); border-radius: 3px;' "
 "title='1.0'>_||>'<||_html:</span>_||><||_html:<span style='background-color: "
 "rgba(0.0, 165.0, 0, 0.15); border-radius: 3px;' title='1.0'>_||> "
 "type<||_html:</span>_||><||_html:<span style='background-color: rgba(0.0, "
 "165.0, 0, 0.15); border-radius: 3px;' title='1.0'>_||> "
 "no<||_html:</span>_||><||_html:<span style='background-color: rgba(0.0, "
 "165.0, 0, 0.15); border-radius: 3px;' title='1.0'>_||> "
 "longer<||_html:</span>_||><||_html:<span style='background-color: rgba(0.0, "
 "165.0, 0, 0.15); border-radius: 3px;' title='1.0'>_||> "
 "includes<||_html:</span>_||><||_html:<span style='background-color: "
 "rgba(0.0, 165.0, 0, 0.15); border-radius: 3px;' title='1.0'>_||> "
 "the<||_html:</span>_||><||_html:<span style='background-color: rgba(0.0, "
 "165.0, 0, 0.15); border-radius: 3px;' title='1.0'>_||> "
 "'<||_html:</span>_||><||_html:<span style='background-color: rgba(0.0, "
 "165.0, 0, 0.15); border-radius: 3px;' "
 "title='1.0'>_||>description<||_html:</span>_||><||_html:<span "
 "style='background-color: rgba(0.0, 165.0, 0, 0.15); border-radius: 3px;' "
 "title='1.0'>_||>'<||_html:</span>_||><||_html:<span style='background-color: "
 "rgba(0.0, 165.0, 0, 0.15); border-radius: 3px;' title='1.0'>_||> "
 "and<||_html:</span>_||><||_html:<span style='background-color: rgba(0.0, "
 "165.0, 0, 0.15); border-radius: 3px;' title='1.0'>_||> "
 "'<||_html:</span>_||><||_html:<span style='background-color: rgba(0.0, "
 "165.0, 0, 0.15); border-radius: 3px;' "
 "title='1.0'>_||>stock<||_html:</span>_||><||_html:<span "
 "style='background-color: rgba(0.0, 165.0, 0, 0.15); border-radius: 3px;' "
 "title='1.0'>_||>'<||_html:</span>_||><||_html:<span style='background-color: "
 "rgba(0.0, 165.0, 0, 0.15); border-radius: 3px;' title='1.0'>_||> "
 "fields<||_html:</span>_||><||_html:<span style='background-color: rgba(0.0, "
 "165.0, 0, 0.15); border-radius: 3px;' "
 'title=\'1.0\'>_||>."<||_html:</span>_||><||_html:<span '
 "style='background-color: rgba(0.0, 165.0, 0, 0.15); border-radius: 3px;' "
 "title='1.0'>_||>\n"
 "<||_html:</span>_||><||_html:<span style='background-color: rgba(0.0, 165.0, "
 "0, 0.15); border-radius: 3px;' title='1.0'>_||> "
 "<||_html:</span>_||><||_html:<span style='background-color: rgba(0.0, 165.0, "
 "0, 0.15); border-radius: 3px;' title='1.0'>_||> "
 "}<||_html:</span>_||><||_html:<span style='background-color: rgba(0.0, "
 "165.0, 0, 0.15); border-radius: 3px;' title='1.0'>_||>\n"
 "<||_html:</span>_||><||_html:<span style='background-color: rgba(0.0, 165.0, "
 "0, 0.15); border-radius: 3px;' "
 'title=\'1.0\'>_||>}<||_html:</span>_||>{"changes":<||_html:<span '
 "style='background-color: rgba(0.0, 165.0, 0, 0.15); border-radius: 3px;' "
 "title='1.0'>_||>[<||_html:</span>_||><||_html:<span style='background-color: "
 "rgba(0.0, 165.0, 0, 0.15); border-radius: 3px;' "
 'title=\'1.0\'>_||>{"<||_html:</span>_||>type<||_html:<span '
 "style='background-color: rgba(0.0, 165.0, 0, 0.15); border-radius: 3px;' "
 'title=\'1.0\'>_||>":"<||_html:</span>_||><||_html:<span '
 "style='background-color: rgba(0.0, 165.0, 0, 0.15); border-radius: 3px;' "
 "title='1.0'>_||>Query<||_html:</span>_||><||_html:<span "
 "style='background-color: rgba(0.0, 165.0, 0, 0.15); border-radius: 3px;' "
 'title=\'1.0\'>_||>","<||_html:</span>_||>field<||_html:<span '
 "style='background-color: rgba(0.0, 165.0, 0, 0.15); border-radius: 3px;' "
 'title=\'1.0\'>_||>":"<||_html:</span>_||><||_html:<span '
 "style='background-color: rgba(0.0, 165.0, 0, 0.15); border-radius: 3px;' "
 "title='1.0'>_||>get<||_html:</span>_||><||_html:<span "
 "style='background-color: rgba(0.0, 165.0, 0, 0.15); border-radius: 3px;' "
 "title='1.0'>_||>Product<||_html:</span>_||><||_html:<span "
 "style='background-color: rgba(0.0, 165.0, 0, 0.15); border-radius: 3px;' "
 'title=\'1.0\'>_||>","<||_html:</span>_||>change<||_html:<span '
 "style='background-color: rgba(0.0, 165.0, 0, 0.15); border-radius: 3px;' "
 'title=\'1.0\'>_||>":"<||_html:</span>_||><||_html:<span '
 "style='background-color: rgba(0.0, 165.0, 0, 0.15); border-radius: 3px;' "
 "title='1.0'>_||>field<||_html:</span>_||><||_html:<span "
 "style='background-color: rgba(0.0, 165.0, 0, 0.15); border-radius: 3px;' "
 "title='1.0'>_||> details<||_html:</span>_||><||_html:<span "
 "style='background-color: rgba(0.0, 165.0, 0, 0.15); border-radius: 3px;' "
 "title='1.0'>_||> added<||_html:</span>_||><||_html:<span "
 "style='background-color: rgba(0.0, 165.0, 0, 0.15); border-radius: 3px;' "
 'title=\'1.0\'>_||>","<||_html:</span>_||>breaking<||_html:<span '
 "style='background-color: rgba(0.0, 165.0, 0, 0.15); border-radius: 3px;' "
 'title=\'1.0\'>_||>":<||_html:</span>_||><||_html:<span '
 "style='background-color: rgba(0.0, 165.0, 0, 0.15); border-radius: 3px;' "
 'title=\'1.0\'>_||>false<||_html:</span>_||>,"release_note<||_html:<span '
 "style='background-color: rgba(0.0, 165.0, 0, 0.15); border-radius: 3px;' "
 'title=\'1.0\'>_||>":"<||_html:</span>_||><||_html:<span '
 "style='background-color: rgba(0.0, 165.0, 0, 0.15); border-radius: 3px;' "
 "title='1.0'>_||>The<||_html:</span>_||><||_html:<span "
 "style='background-color: rgba(0.0, 165.0, 0, 0.15); border-radius: 3px;' "
 "title='1.0'>_||> '<||_html:</span>_||><||_html:<span "
 "style='background-color: rgba(0.0, 165.0, 0, 0.15); border-radius: 3px;' "
 "title='1.0'>_||>get<||_html:</span>_||><||_html:<span "
 "style='background-color: rgba(0.0, 165.0, 0, 0.15); border-radius: 3px;' "
 "title='1.0'>_||>Product<||_html:</span>_||><||_html:<span "
 "style='background-color: rgba(0.0, 165.0, 0, 0.15); border-radius: 3px;' "
 "title='1.0'>_||>'<||_html:</span>_||><||_html:<span style='background-color: "
 "rgba(0.0, 165.0, 0, 0.15); border-radius: 3px;' title='1.0'>_||> "
 "query<||_html:</span>_||><||_html:<span style='background-color: rgba(0.0, "
 "165.0, 0, 0.15); border-radius: 3px;' title='1.0'>_||> "
 "now<||_html:</span>_||><||_html:<span style='background-color: rgba(0.0, "
 "165.0, 0, 0.15); border-radius: 3px;' title='1.0'>_||> "
 "includes<||_html:</span>_||><||_html:<span style='background-color: "
 "rgba(0.0, 165.0, 0, 0.15); border-radius: 3px;' title='1.0'>_||> "
 "a<||_html:</span>_||><||_html:<span style='background-color: rgba(0.0, "
 "165.0, 0, 0.15); border-radius: 3px;' title='1.0'>_||> "
 "new<||_html:</span>_||><||_html:<span style='background-color: rgba(0.0, "
 "165.0, 0, 0.15); border-radius: 3px;' title='1.0'>_||> "
 "field<||_html:</span>_||><||_html:<span style='background-color: rgba(0.0, "
 "165.0, 0, 0.15); border-radius: 3px;' title='1.0'>_||> "
 "'<||_html:</span>_||><||_html:<span style='background-color: rgba(0.0, "
 "165.0, 0, 0.15); border-radius: 3px;' "
 "title='1.0'>_||>details<||_html:</span>_||><||_html:<span "
 "style='background-color: rgba(0.0, 165.0, 0, 0.15); border-radius: 3px;' "
 "title='1.0'>_||>'<||_html:</span>_||><||_html:<span style='background-color: "
 "rgba(0.0, 165.0, 0, 0.15); border-radius: 3px;' title='1.0'>_||> "
 "of<||_html:</span>_||><||_html:<span style='background-color: rgba(0.0, "
 "165.0, 0, 0.15); border-radius: 3px;' title='1.0'>_||> "
 "type<||_html:</span>_||><||_html:<span style='background-color: rgba(0.0, "
 "165.0, 0, 0.15); border-radius: 3px;' title='1.0'>_||> "
 "String<||_html:</span>_||><||_html:<span style='background-color: rgba(0.0, "
 "165.0, 0, 0.15); border-radius: 3px;' "
 'title=\'1.0\'>_||>."<||_html:</span>_||><||_html:<span '
 "style='background-color: rgba(0.0, 165.0, 0, 0.15); border-radius: 3px;' "
 'title=\'1.0\'>_||>},<||_html:</span>_||>{"type<||_html:<span '
 "style='background-color: rgba(0.0, 165.0, 0, 0.15); border-radius: 3px;' "
 'title=\'1.0\'>_||>":"<||_html:</span>_||><||_html:<span '
 "style='background-color: rgba(0.0, 165.0, 0, 0.15); border-radius: 3px;' "
 "title='1.0'>_||>Product<||_html:</span>_||><||_html:<span "
 "style='background-color: rgba(0.0, 165.0, 0, 0.15); border-radius: 3px;' "
 'title=\'1.0\'>_||>","<||_html:</span>_||>field<||_html:<span '
 "style='background-color: rgba(0.0, 165.0, 0, 0.15); border-radius: 3px;' "
 'title=\'1.0\'>_||>":"<||_html:</span>_||><||_html:<span '
 "style='background-color: rgba(0.0, 165.0, 0, 0.15); border-radius: 3px;' "
 "title='1.0'>_||>description<||_html:</span>_||><||_html:<span "
 "style='background-color: rgba(0.0, 165.0, 0, 0.15); border-radius: 3px;' "
 'title=\'1.0\'>_||>","<||_html:</span>_||>change<||_html:<span '
 "style='background-color: rgba(0.0, 165.0, 0, 0.15); border-radius: 3px;' "
 'title=\'1.0\'>_||>":"<||_html:</span>_||><||_html:<span '
 "style='background-color: rgba(0.0, 165.0, 0, 0.15); border-radius: 3px;' "
 "title='1.0'>_||>field<||_html:</span>_||><||_html:<span "
 "style='background-color: rgba(0.0, 165.0, 0, 0.15); border-radius: 3px;' "
 "title='1.0'>_||> removed<||_html:</span>_||><||_html:<span "
 "style='background-color: rgba(0.0, 165.0, 0, 0.15); border-radius: 3px;' "
 'title=\'1.0\'>_||>","<||_html:</span>_||>breaking<||_html:<span '
 "style='background-color: rgba(0.0, 165.0, 0, 0.15); border-radius: 3px;' "
 'title=\'1.0\'>_||>":<||_html:</span>_||><||_html:<span '
 "style='background-color: rgba(0.0, 165.0, 0, 0.15); border-radius: 3px;' "
 'title=\'1.0\'>_||>true<||_html:</span>_||>,"release_note<||_html:<span '
 "style='background-color: rgba(0.0, 165.0, 0, 0.15); border-radius: 3px;' "
 'title=\'1.0\'>_||>":"<||_html:</span>_||><||_html:<span '
 "style='background-color: rgba(0.0, 165.0, 0, 0.15); border-radius: 3px;' "
 "title='1.0'>_||>The<||_html:</span>_||><||_html:<span "
 "style='background-color: rgba(0.0, 165.0, 0, 0.15); border-radius: 3px;' "
 "title='1.0'>_||> '<||_html:</span>_||><||_html:<span "
 "style='background-color: rgba(0.0, 165.0, 0, 0.15); border-radius: 3px;' "
 "title='1.0'>_||>Product<||_html:</span>_||><||_html:<span "
 "style='background-color: rgba(0.0, 165.0, 0, 0.15); border-radius: 3px;' "
 "title='1.0'>_||>'<||_html:</span>_||><||_html:<span style='background-color: "
 "rgba(0.0, 165.0, 0, 0.15); border-radius: 3px;' title='1.0'>_||> "
 "type<||_html:</span>_||><||_html:<span style='background-color: rgba(0.0, "
 "165.0, 0, 0.15); border-radius: 3px;' title='1.0'>_||> "
 "no<||_html:</span>_||><||_html:<span style='background-color: rgba(0.0, "
 "165.0, 0, 0.15); border-radius: 3px;' title='1.0'>_||> "
 "longer<||_html:</span>_||><||_html:<span style='background-color: rgba(0.0, "
 "165.0, 0, 0.15); border-radius: 3px;' title='1.0'>_||> "
 "includes<||_html:</span>_||><||_html:<span style='background-color: "
 "rgba(0.0, 165.0, 0, 0.15); border-radius: 3px;' title='1.0'>_||> "
 "the<||_html:</span>_||><||_html:<span style='background-color: rgba(0.0, "
 "165.0, 0, 0.15); border-radius: 3px;' title='1.0'>_||> "
 "'<||_html:</span>_||><||_html:<span style='background-color: rgba(0.0, "
 "165.0, 0, 0.15); border-radius: 3px;' "
 "title='1.0'>_||>description<||_html:</span>_||><||_html:<span "
 "style='background-color: rgba(0.0, 165.0, 0, 0.15); border-radius: 3px;' "
 "title='1.0'>_||>'<||_html:</span>_||><||_html:<span style='background-color: "
 "rgba(0.0, 165.0, 0, 0.15); border-radius: 3px;' title='1.0'>_||> "
 "field<||_html:</span>_||><||_html:<span style='background-color: rgba(0.0, "
 "165.0, 0, 0.15); border-radius: 3px;' "
 'title=\'1.0\'>_||>."<||_html:</span>_||><||_html:<span '
 "style='background-color: rgba(0.0, 165.0, 0, 0.15); border-radius: 3px;' "
 'title=\'1.0\'>_||>},<||_html:</span>_||>{"type<||_html:<span '
 "style='background-color: rgba(0.0, 165.0, 0, 0.15); border-radius: 3px;' "
 'title=\'1.0\'>_||>":"<||_html:</span>_||><||_html:<span '
 "style='background-color: rgba(0.0, 165.0, 0, 0.15); border-radius: 3px;' "
 "title='1.0'>_||>Product<||_html:</span>_||><||_html:<span "
 "style='background-color: rgba(0.0, 165.0, 0, 0.15); border-radius: 3px;' "
 'title=\'1.0\'>_||>","<||_html:</span>_||>field<||_html:<span '
 "style='background-color: rgba(0.0, 165.0, 0, 0.15); border-radius: 3px;' "
 'title=\'1.0\'>_||>":"<||_html:</span>_||><||_html:<span '
 "style='background-color: rgba(0.0, 165.0, 0, 0.15); border-radius: 3px;' "
 "title='1.0'>_||>stock<||_html:</span>_||><||_html:<span "
 "style='background-color: rgba(0.0, 165.0, 0, 0.15); border-radius: 3px;' "
 'title=\'1.0\'>_||>","<||_html:</span>_||>change<||_html:<span '
 "style='background-color: rgba(0.0, 165.0, 0, 0.15); border-radius: 3px;' "
 'title=\'1.0\'>_||>":"<||_html:</span>_||><||_html:<span '
 "style='background-color: rgba(0.0, 165.0, 0, 0.15); border-radius: 3px;' "
 "title='1.0'>_||>field<||_html:</span>_||><||_html:<span "
 "style='background-color: rgba(0.0, 165.0, 0, 0.15); border-radius: 3px;' "
 "title='1.0'>_||> removed<||_html:</span>_||><||_html:<span "
 "style='background-color: rgba(0.0, 165.0, 0, 0.15); border-radius: 3px;' "
 'title=\'1.0\'>_||>","<||_html:</span>_||>breaking<||_html:<span '
 "style='background-color: rgba(0.0, 165.0, 0, 0.15); border-radius: 3px;' "
 "title='1.0'>_||>")
('Analyze the following two GraphQL schemas for changes, including both '
 'breaking and non-breaking changes.\n'
 '\n'
 '                        Provide your analysis in the following JSON format:\n'
 '                        {\n'
 '                          "changes": [\n'
 '                            {\n'
 '                              "type": "String representing the GraphQL type '
 '(e.g., Query, Mutation, Subscription)",\n'
 '                              "field": "String representing the specific '
 'field that changed",\n'
 '                              "change": "String describing the change (e.g., '
 'field renamed, new field added, field removed)",\n'
 '                              "breaking": "Boolean indicating if the change '
 'is breaking (true) or non-breaking (false)",\n'
 '                              "release_note": "String with a natural '
 'language description of the change for release notes"\n'
 '                            }\n'
 '                          ],\n'
 '                          "release_notes": {\n'
 '                              "summary": "String summarizing all changes, '
 'suitable for a mailing list or public announcement"\n'
 '                          }\n'
 '                        }\n'
 '\n'
 '                        When analyzing, consider the following types of '
 'changes:\n'
 '                        1. Removing fields or types (breaking)\n'
 '                        2. Changing field types (potentially breaking)\n'
 '                        3. Adding required fields (breaking)\n'
 '                        4. Changing the type of existing arguments '
 '(breaking)\n'
 '                        5. Adding optional fields (non-breaking)\n'
 '                        6. Adding new types (non-breaking)\n'
 '                        7. Deprecating fields (non-breaking)\n'
 '\n'
 '                        Ensure that each change is categorized correctly as '
 'breaking or non-breaking.: type Query {\n'
 '  getProduct(id: ID!): Product\n'
 '}\n'
 '\n'
 'type Product {\n'
 '  id: ID\n'
 '  name: String\n'
 '  description: String\n'
 '  price: Float\n'
 '  stock: Int\n'
 '}\n'
 ', type Query {\n'
 '  getProduct(id: ID!): Product\n'
 '}\n'
 '\n'
 'type Product {\n'
 '  id: ID\n'
 '  name: String\n'
 '  details: String\n'
 '  price: Float\n'
 '}\n'
 '\n'
 "Answer:<||_html:<span style='background-color: rgba(0.0, 165.0, 0, 0.15); "
 "border-radius: 3px;' title='1.0'>_||> {<||_html:</span>_||><||_html:<span "
 "style='background-color: rgba(0.0, 165.0, 0, 0.15); border-radius: 3px;' "
 "title='1.0'>_||>\n"
 "<||_html:</span>_||><||_html:<span style='background-color: rgba(0.0, 165.0, "
 "0, 0.15); border-radius: 3px;' title='1.0'>_||> "
 "<||_html:</span>_||><||_html:<span style='background-color: rgba(0.0, 165.0, "
 "0, 0.15); border-radius: 3px;' title='1.0'>_||> "
 '"<||_html:</span>_||><||_html:<span style=\'background-color: rgba(0.0, '
 "165.0, 0, 0.15); border-radius: 3px;' "
 "title='1.0'>_||>changes<||_html:</span>_||><||_html:<span "
 "style='background-color: rgba(0.0, 165.0, 0, 0.15); border-radius: 3px;' "
 'title=\'1.0\'>_||>":<||_html:</span>_||><||_html:<span '
 "style='background-color: rgba(0.0, 165.0, 0, 0.15); border-radius: 3px;' "
 "title='1.0'>_||> [<||_html:</span>_||><||_html:<span "
 "style='background-color: rgba(0.0, 165.0, 0, 0.15); border-radius: 3px;' "
 "title='1.0'>_||>\n"
 "<||_html:</span>_||><||_html:<span style='background-color: rgba(0.0, 165.0, "
 "0, 0.15); border-radius: 3px;' title='1.0'>_||>   "
 "<||_html:</span>_||><||_html:<span style='background-color: rgba(0.0, 165.0, "
 "0, 0.15); border-radius: 3px;' title='1.0'>_||> "
 "{<||_html:</span>_||><||_html:<span style='background-color: rgba(0.0, "
 "165.0, 0, 0.15); border-radius: 3px;' title='1.0'>_||>\n"
 "<||_html:</span>_||><||_html:<span style='background-color: rgba(0.0, 165.0, "
 "0, 0.15); border-radius: 3px;' title='1.0'>_||>     "
 "<||_html:</span>_||><||_html:<span style='background-color: rgba(0.0, 165.0, "
 "0, 0.15); border-radius: 3px;' title='1.0'>_||> "
 '"<||_html:</span>_||><||_html:<span style=\'background-color: rgba(0.0, '
 "165.0, 0, 0.15); border-radius: 3px;' "
 "title='1.0'>_||>type<||_html:</span>_||><||_html:<span "
 "style='background-color: rgba(0.0, 165.0, 0, 0.15); border-radius: 3px;' "
 'title=\'1.0\'>_||>":<||_html:</span>_||><||_html:<span '
 "style='background-color: rgba(0.0, 165.0, 0, 0.15); border-radius: 3px;' "
 'title=\'1.0\'>_||> "<||_html:</span>_||><||_html:<span '
 "style='background-color: rgba(0.0, 165.0, 0, 0.15); border-radius: 3px;' "
 "title='1.0'>_||>Query<||_html:</span>_||><||_html:<span "
 "style='background-color: rgba(0.0, 165.0, 0, 0.15); border-radius: 3px;' "
 'title=\'1.0\'>_||>",<||_html:</span>_||><||_html:<span '
 "style='background-color: rgba(0.0, 165.0, 0, 0.15); border-radius: 3px;' "
 "title='1.0'>_||>\n"
 "<||_html:</span>_||><||_html:<span style='background-color: rgba(0.0, 165.0, "
 "0, 0.15); border-radius: 3px;' title='1.0'>_||>     "
 "<||_html:</span>_||><||_html:<span style='background-color: rgba(0.0, 165.0, "
 "0, 0.15); border-radius: 3px;' title='1.0'>_||> "
 '"<||_html:</span>_||><||_html:<span style=\'background-color: rgba(0.0, '
 "165.0, 0, 0.15); border-radius: 3px;' "
 "title='1.0'>_||>field<||_html:</span>_||><||_html:<span "
 "style='background-color: rgba(0.0, 165.0, 0, 0.15); border-radius: 3px;' "
 'title=\'1.0\'>_||>":<||_html:</span>_||><||_html:<span '
 "style='background-color: rgba(0.0, 165.0, 0, 0.15); border-radius: 3px;' "
 'title=\'1.0\'>_||> "<||_html:</span>_||><||_html:<span '
 "style='background-color: rgba(0.0, 165.0, 0, 0.15); border-radius: 3px;' "
 "title='1.0'>_||>get<||_html:</span>_||><||_html:<span "
 "style='background-color: rgba(0.0, 165.0, 0, 0.15); border-radius: 3px;' "
 "title='1.0'>_||>Product<||_html:</span>_||><||_html:<span "
 "style='background-color: rgba(0.0, 165.0, 0, 0.15); border-radius: 3px;' "
 'title=\'1.0\'>_||>",<||_html:</span>_||><||_html:<span '
 "style='background-color: rgba(0.0, 165.0, 0, 0.15); border-radius: 3px;' "
 "title='1.0'>_||>\n"
 "<||_html:</span>_||><||_html:<span style='background-color: rgba(0.0, 165.0, "
 "0, 0.15); border-radius: 3px;' title='1.0'>_||>     "
 "<||_html:</span>_||><||_html:<span style='background-color: rgba(0.0, 165.0, "
 "0, 0.15); border-radius: 3px;' title='1.0'>_||> "
 '"<||_html:</span>_||><||_html:<span style=\'background-color: rgba(0.0, '
 "165.0, 0, 0.15); border-radius: 3px;' "
 "title='1.0'>_||>change<||_html:</span>_||><||_html:<span "
 "style='background-color: rgba(0.0, 165.0, 0, 0.15); border-radius: 3px;' "
 'title=\'1.0\'>_||>":<||_html:</span>_||><||_html:<span '
 "style='background-color: rgba(0.0, 165.0, 0, 0.15); border-radius: 3px;' "
 'title=\'1.0\'>_||> "<||_html:</span>_||><||_html:<span '
 "style='background-color: rgba(0.0, 165.0, 0, 0.15); border-radius: 3px;' "
 "title='1.0'>_||>field<||_html:</span>_||><||_html:<span "
 "style='background-color: rgba(0.0, 165.0, 0, 0.15); border-radius: 3px;' "
 "title='1.0'>_||> details<||_html:</span>_||><||_html:<span "
 "style='background-color: rgba(0.0, 165.0, 0, 0.15); border-radius: 3px;' "
 "title='1.0'>_||> added<||_html:</span>_||><||_html:<span "
 "style='background-color: rgba(0.0, 165.0, 0, 0.15); border-radius: 3px;' "
 'title=\'1.0\'>_||>",<||_html:</span>_||><||_html:<span '
 "style='background-color: rgba(0.0, 165.0, 0, 0.15); border-radius: 3px;' "
 "title='1.0'>_||>\n"
 "<||_html:</span>_||><||_html:<span style='background-color: rgba(0.0, 165.0, "
 "0, 0.15); border-radius: 3px;' title='1.0'>_||>     "
 "<||_html:</span>_||><||_html:<span style='background-color: rgba(0.0, 165.0, "
 "0, 0.15); border-radius: 3px;' title='1.0'>_||> "
 '"<||_html:</span>_||><||_html:<span style=\'background-color: rgba(0.0, '
 "165.0, 0, 0.15); border-radius: 3px;' "
 "title='1.0'>_||>breaking<||_html:</span>_||><||_html:<span "
 "style='background-color: rgba(0.0, 165.0, 0, 0.15); border-radius: 3px;' "
 'title=\'1.0\'>_||>":<||_html:</span>_||><||_html:<span '
 "style='background-color: rgba(0.0, 165.0, 0, 0.15); border-radius: 3px;' "
 'title=\'1.0\'>_||> "<||_html:</span>_||><||_html:<span '
 "style='background-color: rgba(0.0, 165.0, 0, 0.15); border-radius: 3px;' "
 "title='1.0'>_||>false<||_html:</span>_||><||_html:<span "
 "style='background-color: rgba(0.0, 165.0, 0, 0.15); border-radius: 3px;' "
 'title=\'1.0\'>_||>",<||_html:</span>_||><||_html:<span '
 "style='background-color: rgba(0.0, 165.0, 0, 0.15); border-radius: 3px;' "
 "title='1.0'>_||>\n"
 "<||_html:</span>_||><||_html:<span style='background-color: rgba(0.0, 165.0, "
 "0, 0.15); border-radius: 3px;' title='1.0'>_||>     "
 "<||_html:</span>_||><||_html:<span style='background-color: rgba(0.0, 165.0, "
 "0, 0.15); border-radius: 3px;' title='1.0'>_||> "
 '"<||_html:</span>_||><||_html:<span style=\'background-color: rgba(0.0, '
 "165.0, 0, 0.15); border-radius: 3px;' "
 "title='1.0'>_||>release<||_html:</span>_||><||_html:<span "
 "style='background-color: rgba(0.0, 165.0, 0, 0.15); border-radius: 3px;' "
 "title='1.0'>_||>_<||_html:</span>_||><||_html:<span style='background-color: "
 "rgba(0.0, 165.0, 0, 0.15); border-radius: 3px;' "
 "title='1.0'>_||>note<||_html:</span>_||><||_html:<span "
 "style='background-color: rgba(0.0, 165.0, 0, 0.15); border-radius: 3px;' "
 'title=\'1.0\'>_||>":<||_html:</span>_||><||_html:<span '
 "style='background-color: rgba(0.0, 165.0, 0, 0.15); border-radius: 3px;' "
 'title=\'1.0\'>_||> "<||_html:</span>_||><||_html:<span '
 "style='background-color: rgba(0.0, 165.0, 0, 0.15); border-radius: 3px;' "
 "title='1.0'>_||>The<||_html:</span>_||><||_html:<span "
 "style='background-color: rgba(0.0, 165.0, 0, 0.15); border-radius: 3px;' "
 "title='1.0'>_||> '<||_html:</span>_||><||_html:<span "
 "style='background-color: rgba(0.0, 165.0, 0, 0.15); border-radius: 3px;' "
 "title='1.0'>_||>get<||_html:</span>_||><||_html:<span "
 "style='background-color: rgba(0.0, 165.0, 0, 0.15); border-radius: 3px;' "
 "title='1.0'>_||>Product<||_html:</span>_||><||_html:<span "
 "style='background-color: rgba(0.0, 165.0, 0, 0.15); border-radius: 3px;' "
 "title='1.0'>_||>'<||_html:</span>_||><||_html:<span style='background-color: "
 "rgba(0.0, 165.0, 0, 0.15); border-radius: 3px;' title='1.0'>_||> "
 "query<||_html:</span>_||><||_html:<span style='background-color: rgba(0.0, "
 "165.0, 0, 0.15); border-radius: 3px;' title='1.0'>_||> "
 "now<||_html:</span>_||><||_html:<span style='background-color: rgba(0.0, "
 "165.0, 0, 0.15); border-radius: 3px;' title='1.0'>_||> "
 "includes<||_html:</span>_||><||_html:<span style='background-color: "
 "rgba(0.0, 165.0, 0, 0.15); border-radius: 3px;' title='1.0'>_||> "
 "a<||_html:</span>_||><||_html:<span style='background-color: rgba(0.0, "
 "165.0, 0, 0.15); border-radius: 3px;' title='1.0'>_||> "
 "new<||_html:</span>_||><||_html:<span style='background-color: rgba(0.0, "
 "165.0, 0, 0.15); border-radius: 3px;' title='1.0'>_||> "
 "field<||_html:</span>_||><||_html:<span style='background-color: rgba(0.0, "
 "165.0, 0, 0.15); border-radius: 3px;' title='1.0'>_||> "
 "'<||_html:</span>_||><||_html:<span style='background-color: rgba(0.0, "
 "165.0, 0, 0.15); border-radius: 3px;' "
 "title='1.0'>_||>details<||_html:</span>_||><||_html:<span "
 "style='background-color: rgba(0.0, 165.0, 0, 0.15); border-radius: 3px;' "
 "title='1.0'>_||>'<||_html:</span>_||><||_html:<span style='background-color: "
 "rgba(0.0, 165.0, 0, 0.15); border-radius: 3px;' title='1.0'>_||> "
 "of<||_html:</span>_||><||_html:<span style='background-color: rgba(0.0, "
 "165.0, 0, 0.15); border-radius: 3px;' title='1.0'>_||> "
 "type<||_html:</span>_||><||_html:<span style='background-color: rgba(0.0, "
 "165.0, 0, 0.15); border-radius: 3px;' title='1.0'>_||> "
 "String<||_html:</span>_||><||_html:<span style='background-color: rgba(0.0, "
 "165.0, 0, 0.15); border-radius: 3px;' "
 'title=\'1.0\'>_||>."<||_html:</span>_||><||_html:<span '
 "style='background-color: rgba(0.0, 165.0, 0, 0.15); border-radius: 3px;' "
 "title='1.0'>_||>\n"
 "<||_html:</span>_||><||_html:<span style='background-color: rgba(0.0, 165.0, "
 "0, 0.15); border-radius: 3px;' title='1.0'>_||>   "
 "<||_html:</span>_||><||_html:<span style='background-color: rgba(0.0, 165.0, "
 "0, 0.15); border-radius: 3px;' title='1.0'>_||> "
 "},<||_html:</span>_||><||_html:<span style='background-color: rgba(0.0, "
 "165.0, 0, 0.15); border-radius: 3px;' title='1.0'>_||>\n"
 "<||_html:</span>_||><||_html:<span style='background-color: rgba(0.0, 165.0, "
 "0, 0.15); border-radius: 3px;' title='1.0'>_||>   "
 "<||_html:</span>_||><||_html:<span style='background-color: rgba(0.0, 165.0, "
 "0, 0.15); border-radius: 3px;' title='1.0'>_||> "
 "{<||_html:</span>_||><||_html:<span style='background-color: rgba(0.0, "
 "165.0, 0, 0.15); border-radius: 3px;' title='1.0'>_||>\n"
 "<||_html:</span>_||><||_html:<span style='background-color: rgba(0.0, 165.0, "
 "0, 0.15); border-radius: 3px;' title='1.0'>_||>     "
 "<||_html:</span>_||><||_html:<span style='background-color: rgba(0.0, 165.0, "
 "0, 0.15); border-radius: 3px;' title='1.0'>_||> "
 '"<||_html:</span>_||><||_html:<span style=\'background-color: rgba(0.0, '
 "165.0, 0, 0.15); border-radius: 3px;' "
 "title='1.0'>_||>type<||_html:</span>_||><||_html:<span "
 "style='background-color: rgba(0.0, 165.0, 0, 0.15); border-radius: 3px;' "
 'title=\'1.0\'>_||>":<||_html:</span>_||><||_html:<span '
 "style='background-color: rgba(0.0, 165.0, 0, 0.15); border-radius: 3px;' "
 'title=\'1.0\'>_||> "<||_html:</span>_||><||_html:<span '
 "style='background-color: rgba(0.0, 165.0, 0, 0.15); border-radius: 3px;' "
 "title='1.0'>_||>Product<||_html:</span>_||><||_html:<span "
 "style='background-color: rgba(0.0, 165.0, 0, 0.15); border-radius: 3px;' "
 'title=\'1.0\'>_||>",<||_html:</span>_||><||_html:<span '
 "style='background-color: rgba(0.0, 165.0, 0, 0.15); border-radius: 3px;' "
 "title='1.0'>_||>\n"
 "<||_html:</span>_||><||_html:<span style='background-color: rgba(0.0, 165.0, "
 "0, 0.15); border-radius: 3px;' title='1.0'>_||>     "
 "<||_html:</span>_||><||_html:<span style='background-color: rgba(0.0, 165.0, "
 "0, 0.15); border-radius: 3px;' title='1.0'>_||> "
 '"<||_html:</span>_||><||_html:<span style=\'background-color: rgba(0.0, '
 "165.0, 0, 0.15); border-radius: 3px;' "
 "title='1.0'>_||>field<||_html:</span>_||><||_html:<span "
 "style='background-color: rgba(0.0, 165.0, 0, 0.15); border-radius: 3px;' "
 'title=\'1.0\'>_||>":<||_html:</span>_||><||_html:<span '
 "style='background-color: rgba(0.0, 165.0, 0, 0.15); border-radius: 3px;' "
 'title=\'1.0\'>_||> "<||_html:</span>_||><||_html:<span '
 "style='background-color: rgba(0.0, 165.0, 0, 0.15); border-radius: 3px;' "
 "title='1.0'>_||>description<||_html:</span>_||><||_html:<span "
 "style='background-color: rgba(0.0, 165.0, 0, 0.15); border-radius: 3px;' "
 'title=\'1.0\'>_||>",<||_html:</span>_||><||_html:<span '
 "style='background-color: rgba(0.0, 165.0, 0, 0.15); border-radius: 3px;' "
 "title='1.0'>_||>\n"
 "<||_html:</span>_||><||_html:<span style='background-color: rgba(0.0, 165.0, "
 "0, 0.15); border-radius: 3px;' title='1.0'>_||>     "
 "<||_html:</span>_||><||_html:<span style='background-color: rgba(0.0, 165.0, "
 "0, 0.15); border-radius: 3px;' title='1.0'>_||> "
 '"<||_html:</span>_||><||_html:<span style=\'background-color: rgba(0.0, '
 "165.0, 0, 0.15); border-radius: 3px;' "
 "title='1.0'>_||>change<||_html:</span>_||><||_html:<span "
 "style='background-color: rgba(0.0, 165.0, 0, 0.15); border-radius: 3px;' "
 'title=\'1.0\'>_||>":<||_html:</span>_||><||_html:<span '
 "style='background-color: rgba(0.0, 165.0, 0, 0.15); border-radius: 3px;' "
 'title=\'1.0\'>_||> "<||_html:</span>_||><||_html:<span '
 "style='background-color: rgba(0.0, 165.0, 0, 0.15); border-radius: 3px;' "
 "title='1.0'>_||>field<||_html:</span>_||><||_html:<span "
 "style='background-color: rgba(0.0, 165.0, 0, 0.15); border-radius: 3px;' "
 "title='1.0'>_||> removed<||_html:</span>_||><||_html:<span "
 "style='background-color: rgba(0.0, 165.0, 0, 0.15); border-radius: 3px;' "
 'title=\'1.0\'>_||>",<||_html:</span>_||><||_html:<span '
 "style='background-color: rgba(0.0, 165.0, 0, 0.15); border-radius: 3px;' "
 "title='1.0'>_||>\n"
 "<||_html:</span>_||><||_html:<span style='background-color: rgba(0.0, 165.0, "
 "0, 0.15); border-radius: 3px;' title='1.0'>_||>     "
 "<||_html:</span>_||><||_html:<span style='background-color: rgba(0.0, 165.0, "
 "0, 0.15); border-radius: 3px;' title='1.0'>_||> "
 '"<||_html:</span>_||><||_html:<span style=\'background-color: rgba(0.0, '
 "165.0, 0, 0.15); border-radius: 3px;' "
 "title='1.0'>_||>breaking<||_html:</span>_||><||_html:<span "
 "style='background-color: rgba(0.0, 165.0, 0, 0.15); border-radius: 3px;' "
 'title=\'1.0\'>_||>":<||_html:</span>_||><||_html:<span '
 "style='background-color: rgba(0.0, 165.0, 0, 0.15); border-radius: 3px;' "
 'title=\'1.0\'>_||> "<||_html:</span>_||><||_html:<span '
 "style='background-color: rgba(0.0, 165.0, 0, 0.15); border-radius: 3px;' "
 "title='1.0'>_||>true<||_html:</span>_||><||_html:<span "
 "style='background-color: rgba(0.0, 165.0, 0, 0.15); border-radius: 3px;' "
 'title=\'1.0\'>_||>",<||_html:</span>_||><||_html:<span '
 "style='background-color: rgba(0.0, 165.0, 0, 0.15); border-radius: 3px;' "
 "title='1.0'>_||>\n"
 "<||_html:</span>_||><||_html:<span style='background-color: rgba(0.0, 165.0, "
 "0, 0.15); border-radius: 3px;' title='1.0'>_||>     "
 "<||_html:</span>_||><||_html:<span style='background-color: rgba(0.0, 165.0, "
 "0, 0.15); border-radius: 3px;' title='1.0'>_||> "
 '"<||_html:</span>_||><||_html:<span style=\'background-color: rgba(0.0, '
 "165.0, 0, 0.15); border-radius: 3px;' "
 "title='1.0'>_||>release<||_html:</span>_||><||_html:<span "
 "style='background-color: rgba(0.0, 165.0, 0, 0.15); border-radius: 3px;' "
 "title='1.0'>_||>_<||_html:</span>_||><||_html:<span style='background-color: "
 "rgba(0.0, 165.0, 0, 0.15); border-radius: 3px;' "
 "title='1.0'>_||>note<||_html:</span>_||><||_html:<span "
 "style='background-color: rgba(0.0, 165.0, 0, 0.15); border-radius: 3px;' "
 'title=\'1.0\'>_||>":<||_html:</span>_||><||_html:<span '
 "style='background-color: rgba(0.0, 165.0, 0, 0.15); border-radius: 3px;' "
 'title=\'1.0\'>_||> "<||_html:</span>_||><||_html:<span '
 "style='background-color: rgba(0.0, 165.0, 0, 0.15); border-radius: 3px;' "
 "title='1.0'>_||>The<||_html:</span>_||><||_html:<span "
 "style='background-color: rgba(0.0, 165.0, 0, 0.15); border-radius: 3px;' "
 "title='1.0'>_||> '<||_html:</span>_||><||_html:<span "
 "style='background-color: rgba(0.0, 165.0, 0, 0.15); border-radius: 3px;' "
 "title='1.0'>_||>Product<||_html:</span>_||><||_html:<span "
 "style='background-color: rgba(0.0, 165.0, 0, 0.15); border-radius: 3px;' "
 "title='1.0'>_||>'<||_html:</span>_||><||_html:<span style='background-color: "
 "rgba(0.0, 165.0, 0, 0.15); border-radius: 3px;' title='1.0'>_||> "
 "type<||_html:</span>_||><||_html:<span style='background-color: rgba(0.0, "
 "165.0, 0, 0.15); border-radius: 3px;' title='1.0'>_||> "
 "no<||_html:</span>_||><||_html:<span style='background-color: rgba(0.0, "
 "165.0, 0, 0.15); border-radius: 3px;' title='1.0'>_||> "
 "longer<||_html:</span>_||><||_html:<span style='background-color: rgba(0.0, "
 "165.0, 0, 0.15); border-radius: 3px;' title='1.0'>_||> "
 "includes<||_html:</span>_||><||_html:<span style='background-color: "
 "rgba(0.0, 165.0, 0, 0.15); border-radius: 3px;' title='1.0'>_||> "
 "the<||_html:</span>_||><||_html:<span style='background-color: rgba(0.0, "
 "165.0, 0, 0.15); border-radius: 3px;' title='1.0'>_||> "
 "'<||_html:</span>_||><||_html:<span style='background-color: rgba(0.0, "
 "165.0, 0, 0.15); border-radius: 3px;' "
 "title='1.0'>_||>description<||_html:</span>_||><||_html:<span "
 "style='background-color: rgba(0.0, 165.0, 0, 0.15); border-radius: 3px;' "
 "title='1.0'>_||>'<||_html:</span>_||><||_html:<span style='background-color: "
 "rgba(0.0, 165.0, 0, 0.15); border-radius: 3px;' title='1.0'>_||> "
 "field<||_html:</span>_||><||_html:<span style='background-color: rgba(0.0, "
 "165.0, 0, 0.15); border-radius: 3px;' "
 'title=\'1.0\'>_||>."<||_html:</span>_||><||_html:<span '
 "style='background-color: rgba(0.0, 165.0, 0, 0.15); border-radius: 3px;' "
 "title='1.0'>_||>\n"
 "<||_html:</span>_||><||_html:<span style='background-color: rgba(0.0, 165.0, "
 "0, 0.15); border-radius: 3px;' title='1.0'>_||>   "
 "<||_html:</span>_||><||_html:<span style='background-color: rgba(0.0, 165.0, "
 "0, 0.15); border-radius: 3px;' title='1.0'>_||> "
 "},<||_html:</span>_||><||_html:<span style='background-color: rgba(0.0, "
 "165.0, 0, 0.15); border-radius: 3px;' title='1.0'>_||>\n"
 "<||_html:</span>_||><||_html:<span style='background-color: rgba(0.0, 165.0, "
 "0, 0.15); border-radius: 3px;' title='1.0'>_||>   "
 "<||_html:</span>_||><||_html:<span style='background-color: rgba(0.0, 165.0, "
 "0, 0.15); border-radius: 3px;' title='1.0'>_||> "
 "{<||_html:</span>_||><||_html:<span style='background-color: rgba(0.0, "
 "165.0, 0, 0.15); border-radius: 3px;' title='1.0'>_||>\n"
 "<||_html:</span>_||><||_html:<span style='background-color: rgba(0.0, 165.0, "
 "0, 0.15); border-radius: 3px;' title='1.0'>_||>     "
 "<||_html:</span>_||><||_html:<span style='background-color: rgba(0.0, 165.0, "
 "0, 0.15); border-radius: 3px;' title='1.0'>_||> "
 '"<||_html:</span>_||><||_html:<span style=\'background-color: rgba(0.0, '
 "165.0, 0, 0.15); border-radius: 3px;' "
 "title='1.0'>_||>type<||_html:</span>_||><||_html:<span "
 "style='background-color: rgba(0.0, 165.0, 0, 0.15); border-radius: 3px;' "
 'title=\'1.0\'>_||>":<||_html:</span>_||><||_html:<span '
 "style='background-color: rgba(0.0, 165.0, 0, 0.15); border-radius: 3px;' "
 'title=\'1.0\'>_||> "<||_html:</span>_||><||_html:<span '
 "style='background-color: rgba(0.0, 165.0, 0, 0.15); border-radius: 3px;' "
 "title='1.0'>_||>Product<||_html:</span>_||><||_html:<span "
 "style='background-color: rgba(0.0, 165.0, 0, 0.15); border-radius: 3px;' "
 'title=\'1.0\'>_||>",<||_html:</span>_||><||_html:<span '
 "style='background-color: rgba(0.0, 165.0, 0, 0.15); border-radius: 3px;' "
 "title='1.0'>_||>\n"
 "<||_html:</span>_||><||_html:<span style='background-color: rgba(0.0, 165.0, "
 "0, 0.15); border-radius: 3px;' title='1.0'>_||>     "
 "<||_html:</span>_||><||_html:<span style='background-color: rgba(0.0, 165.0, "
 "0, 0.15); border-radius: 3px;' title='1.0'>_||> "
 '"<||_html:</span>_||><||_html:<span style=\'background-color: rgba(0.0, '
 "165.0, 0, 0.15); border-radius: 3px;' "
 "title='1.0'>_||>field<||_html:</span>_||><||_html:<span "
 "style='background-color: rgba(0.0, 165.0, 0, 0.15); border-radius: 3px;' "
 'title=\'1.0\'>_||>":<||_html:</span>_||><||_html:<span '
 "style='background-color: rgba(0.0, 165.0, 0, 0.15); border-radius: 3px;' "
 'title=\'1.0\'>_||> "<||_html:</span>_||><||_html:<span '
 "style='background-color: rgba(0.0, 165.0, 0, 0.15); border-radius: 3px;' "
 "title='1.0'>_||>stock<||_html:</span>_||><||_html:<span "
 "style='background-color: rgba(0.0, 165.0, 0, 0.15); border-radius: 3px;' "
 'title=\'1.0\'>_||>",<||_html:</span>_||><||_html:<span '
 "style='background-color: rgba(0.0, 165.0, 0, 0.15); border-radius: 3px;' "
 "title='1.0'>_||>\n"
 "<||_html:</span>_||><||_html:<span style='background-color: rgba(0.0, 165.0, "
 "0, 0.15); border-radius: 3px;' title='1.0'>_||>     "
 "<||_html:</span>_||><||_html:<span style='background-color: rgba(0.0, 165.0, "
 "0, 0.15); border-radius: 3px;' title='1.0'>_||> "
 '"<||_html:</span>_||><||_html:<span style=\'background-color: rgba(0.0, '
 "165.0, 0, 0.15); border-radius: 3px;' "
 "title='1.0'>_||>change<||_html:</span>_||><||_html:<span "
 "style='background-color: rgba(0.0, 165.0, 0, 0.15); border-radius: 3px;' "
 'title=\'1.0\'>_||>":<||_html:</span>_||><||_html:<span '
 "style='background-color: rgba(0.0, 165.0, 0, 0.15); border-radius: 3px;' "
 'title=\'1.0\'>_||> "<||_html:</span>_||><||_html:<span '
 "style='background-color: rgba(0.0, 165.0, 0, 0.15); border-radius: 3px;' "
 "title='1.0'>_||>field<||_html:</span>_||><||_html:<span "
 "style='background-color: rgba(0.0, 165.0, 0, 0.15); border-radius: 3px;' "
 "title='1.0'>_||> removed<||_html:</span>_||><||_html:<span "
 "style='background-color: rgba(0.0, 165.0, 0, 0.15); border-radius: 3px;' "
 'title=\'1.0\'>_||>",<||_html:</span>_||><||_html:<span '
 "style='background-color: rgba(0.0, 165.0, 0, 0.15); border-radius: 3px;' "
 "title='1.0'>_||>\n"
 "<||_html:</span>_||><||_html:<span style='background-color: rgba(0.0, 165.0, "
 "0, 0.15); border-radius: 3px;' title='1.0'>_||>     "
 "<||_html:</span>_||><||_html:<span style='background-color: rgba(0.0, 165.0, "
 "0, 0.15); border-radius: 3px;' title='1.0'>_||> "
 '"<||_html:</span>_||><||_html:<span style=\'background-color: rgba(0.0, '
 "165.0, 0, 0.15); border-radius: 3px;' "
 "title='1.0'>_||>breaking<||_html:</span>_||><||_html:<span "
 "style='background-color: rgba(0.0, 165.0, 0, 0.15); border-radius: 3px;' "
 'title=\'1.0\'>_||>":<||_html:</span>_||><||_html:<span '
 "style='background-color: rgba(0.0, 165.0, 0, 0.15); border-radius: 3px;' "
 'title=\'1.0\'>_||> "<||_html:</span>_||><||_html:<span '
 "style='background-color: rgba(0.0, 165.0, 0, 0.15); border-radius: 3px;' "
 "title='1.0'>_||>true<||_html:</span>_||><||_html:<span "
 "style='background-color: rgba(0.0, 165.0, 0, 0.15); border-radius: 3px;' "
 'title=\'1.0\'>_||>",<||_html:</span>_||><||_html:<span '
 "style='background-color: rgba(0.0, 165.0, 0, 0.15); border-radius: 3px;' "
 "title='1.0'>_||>\n"
 "<||_html:</span>_||><||_html:<span style='background-color: rgba(0.0, 165.0, "
 "0, 0.15); border-radius: 3px;' title='1.0'>_||>     "
 "<||_html:</span>_||><||_html:<span style='background-color: rgba(0.0, 165.0, "
 "0, 0.15); border-radius: 3px;' title='1.0'>_||> "
 '"<||_html:</span>_||><||_html:<span style=\'background-color: rgba(0.0, '
 "165.0, 0, 0.15); border-radius: 3px;' "
 "title='1.0'>_||>release<||_html:</span>_||><||_html:<span "
 "style='background-color: rgba(0.0, 165.0, 0, 0.15); border-radius: 3px;' "
 "title='1.0'>_||>_<||_html:</span>_||><||_html:<span style='background-color: "
 "rgba(0.0, 165.0, 0, 0.15); border-radius: 3px;' "
 "title='1.0'>_||>note<||_html:</span>_||><||_html:<span "
 "style='background-color: rgba(0.0, 165.0, 0, 0.15); border-radius: 3px;' "
 'title=\'1.0\'>_||>":<||_html:</span>_||><||_html:<span '
 "style='background-color: rgba(0.0, 165.0, 0, 0.15); border-radius: 3px;' "
 'title=\'1.0\'>_||> "<||_html:</span>_||><||_html:<span '
 "style='background-color: rgba(0.0, 165.0, 0, 0.15); border-radius: 3px;' "
 "title='1.0'>_||>The<||_html:</span>_||><||_html:<span "
 "style='background-color: rgba(0.0, 165.0, 0, 0.15); border-radius: 3px;' "
 "title='1.0'>_||> '<||_html:</span>_||><||_html:<span "
 "style='background-color: rgba(0.0, 165.0, 0, 0.15); border-radius: 3px;' "
 "title='1.0'>_||>Product<||_html:</span>_||><||_html:<span "
 "style='background-color: rgba(0.0, 165.0, 0, 0.15); border-radius: 3px;' "
 "title='1.0'>_||>'<||_html:</span>_||><||_html:<span style='background-color: "
 "rgba(0.0, 165.0, 0, 0.15); border-radius: 3px;' title='1.0'>_||> "
 "type<||_html:</span>_||><||_html:<span style='background-color: rgba(0.0, "
 "165.0, 0, 0.15); border-radius: 3px;' title='1.0'>_||> "
 "no<||_html:</span>_||><||_html:<span style='background-color: rgba(0.0, "
 "165.0, 0, 0.15); border-radius: 3px;' title='1.0'>_||> "
 "longer<||_html:</span>_||><||_html:<span style='background-color: rgba(0.0, "
 "165.0, 0, 0.15); border-radius: 3px;' title='1.0'>_||> "
 "includes<||_html:</span>_||><||_html:<span style='background-color: "
 "rgba(0.0, 165.0, 0, 0.15); border-radius: 3px;' title='1.0'>_||> "
 "the<||_html:</span>_||><||_html:<span style='background-color: rgba(0.0, "
 "165.0, 0, 0.15); border-radius: 3px;' title='1.0'>_||> "
 "'<||_html:</span>_||><||_html:<span style='background-color: rgba(0.0, "
 "165.0, 0, 0.15); border-radius: 3px;' "
 "title='1.0'>_||>stock<||_html:</span>_||><||_html:<span "
 "style='background-color: rgba(0.0, 165.0, 0, 0.15); border-radius: 3px;' "
 "title='1.0'>_||>'<||_html:</span>_||><||_html:<span style='background-color: "
 "rgba(0.0, 165.0, 0, 0.15); border-radius: 3px;' title='1.0'>_||> "
 "field<||_html:</span>_||><||_html:<span style='background-color: rgba(0.0, "
 "165.0, 0, 0.15); border-radius: 3px;' "
 'title=\'1.0\'>_||>."<||_html:</span>_||><||_html:<span '
 "style='background-color: rgba(0.0, 165.0, 0, 0.15); border-radius: 3px;' "
 "title='1.0'>_||>\n"
 "<||_html:</span>_||><||_html:<span style='background-color: rgba(0.0, 165.0, "
 "0, 0.15); border-radius: 3px;' title='1.0'>_||>   "
 "<||_html:</span>_||><||_html:<span style='background-color: rgba(0.0, 165.0, "
 "0, 0.15); border-radius: 3px;' title='1.0'>_||> "
 "}<||_html:</span>_||><||_html:<span style='background-color: rgba(0.0, "
 "165.0, 0, 0.15); border-radius: 3px;' title='1.0'>_||>\n"
 "<||_html:</span>_||><||_html:<span style='background-color: rgba(0.0, 165.0, "
 "0, 0.15); border-radius: 3px;' title='1.0'>_||> "
 "<||_html:</span>_||><||_html:<span style='background-color: rgba(0.0, 165.0, "
 "0, 0.15); border-radius: 3px;' title='1.0'>_||> "
 "],<||_html:</span>_||><||_html:<span style='background-color: rgba(0.0, "
 "165.0, 0, 0.15); border-radius: 3px;' title='1.0'>_||>\n"
 "<||_html:</span>_||><||_html:<span style='background-color: rgba(0.0, 165.0, "
 "0, 0.15); border-radius: 3px;' title='1.0'>_||> "
 "<||_html:</span>_||><||_html:<span style='background-color: rgba(0.0, 165.0, "
 "0, 0.15); border-radius: 3px;' title='1.0'>_||> "
 '"<||_html:</span>_||><||_html:<span style=\'background-color: rgba(0.0, '
 "165.0, 0, 0.15); border-radius: 3px;' "
 "title='1.0'>_||>release<||_html:</span>_||><||_html:<span "
 "style='background-color: rgba(0.0, 165.0, 0, 0.15); border-radius: 3px;' "
 "title='1.0'>_||>_<||_html:</span>_||><||_html:<span style='background-color: "
 "rgba(0.0, 165.0, 0, 0.15); border-radius: 3px;' "
 "title='1.0'>_||>notes<||_html:</span>_||><||_html:<span "
 "style='background-color: rgba(0.0, 165.0, 0, 0.15); border-radius: 3px;' "
 'title=\'1.0\'>_||>":<||_html:</span>_||><||_html:<span '
 "style='background-color: rgba(0.0, 165.0, 0, 0.15); border-radius: 3px;' "
 "title='1.0'>_||> {<||_html:</span>_||><||_html:<span "
 "style='background-color: rgba(0.0, 165.0, 0, 0.15); border-radius: 3px;' "
 "title='1.0'>_||>\n"
 "<||_html:</span>_||><||_html:<span style='background-color: rgba(0.0, 165.0, "
 "0, 0.15); border-radius: 3px;' title='1.0'>_||>   "
 "<||_html:</span>_||><||_html:<span style='background-color: rgba(0.0, 165.0, "
 "0, 0.15); border-radius: 3px;' title='1.0'>_||> "
 '"<||_html:</span>_||><||_html:<span style=\'background-color: rgba(0.0, '
 "165.0, 0, 0.15); border-radius: 3px;' "
 "title='1.0'>_||>summary<||_html:</span>_||><||_html:<span "
 "style='background-color: rgba(0.0, 165.0, 0, 0.15); border-radius: 3px;' "
 'title=\'1.0\'>_||>":<||_html:</span>_||><||_html:<span '
 "style='background-color: rgba(0.0, 165.0, 0, 0.15); border-radius: 3px;' "
 'title=\'1.0\'>_||> "<||_html:</span>_||><||_html:<span '
 "style='background-color: rgba(0.0, 165.0, 0, 0.15); border-radius: 3px;' "
 "title='1.0'>_||>The<||_html:</span>_||><||_html:<span "
 "style='background-color: rgba(0.0, 165.0, 0, 0.15); border-radius: 3px;' "
 "title='1.0'>_||> '<||_html:</span>_||><||_html:<span "
 "style='background-color: rgba(0.0, 165.0, 0, 0.15); border-radius: 3px;' "
 "title='1.0'>_||>get<||_html:</span>_||><||_html:<span "
 "style='background-color: rgba(0.0, 165.0, 0, 0.15); border-radius: 3px;' "
 "title='1.0'>_||>Product<||_html:</span>_||><||_html:<span "
 "style='background-color: rgba(0.0, 165.0, 0, 0.15); border-radius: 3px;' "
 "title='1.0'>_||>'<||_html:</span>_||><||_html:<span style='background-color: "
 "rgba(0.0, 165.0, 0, 0.15); border-radius: 3px;' title='1.0'>_||> "
 "query<||_html:</span>_||><||_html:<span style='background-color: rgba(0.0, "
 "165.0, 0, 0.15); border-radius: 3px;' title='1.0'>_||> "
 "now<||_html:</span>_||><||_html:<span style='background-color: rgba(0.0, "
 "165.0, 0, 0.15); border-radius: 3px;' title='1.0'>_||> "
 "includes<||_html:</span>_||><||_html:<span style='background-color: "
 "rgba(0.0, 165.0, 0, 0.15); border-radius: 3px;' title='1.0'>_||> "
 "a<||_html:</span>_||><||_html:<span style='background-color: rgba(0.0, "
 "165.0, 0, 0.15); border-radius: 3px;' title='1.0'>_||> "
 "new<||_html:</span>_||><||_html:<span style='background-color: rgba(0.0, "
 "165.0, 0, 0.15); border-radius: 3px;' title='1.0'>_||> "
 "field<||_html:</span>_||><||_html:<span style='background-color: rgba(0.0, "
 "165.0, 0, 0.15); border-radius: 3px;' title='1.0'>_||> "
 "'<||_html:</span>_||><||_html:<span style='background-color: rgba(0.0, "
 "165.0, 0, 0.15); border-radius: 3px;' "
 "title='1.0'>_||>details<||_html:</span>_||><||_html:<span "
 "style='background-color: rgba(0.0, 165.0, 0, 0.15); border-radius: 3px;' "
 "title='1.0'>_||>'<||_html:</span>_||><||_html:<span style='background-color: "
 "rgba(0.0, 165.0, 0, 0.15); border-radius: 3px;' title='1.0'>_||> "
 "of<||_html:</span>_||><||_html:<span style='background-color: rgba(0.0, "
 "165.0, 0, 0.15); border-radius: 3px;' title='1.0'>_||> "
 "type<||_html:</span>_||><||_html:<span style='background-color: rgba(0.0, "
 "165.0, 0, 0.15); border-radius: 3px;' title='1.0'>_||> "
 "String<||_html:</span>_||><||_html:<span style='background-color: rgba(0.0, "
 "165.0, 0, 0.15); border-radius: 3px;' "
 "title='1.0'>_||>.<||_html:</span>_||><||_html:<span style='background-color: "
 "rgba(0.0, 165.0, 0, 0.15); border-radius: 3px;' title='1.0'>_||> "
 "The<||_html:</span>_||><||_html:<span style='background-color: rgba(0.0, "
 "165.0, 0, 0.15); border-radius: 3px;' title='1.0'>_||> "
 "'<||_html:</span>_||><||_html:<span style='background-color: rgba(0.0, "
 "165.0, 0, 0.15); border-radius: 3px;' "
 "title='1.0'>_||>Product<||_html:</span>_||><||_html:<span "
 "style='background-color: rgba(0.0, 165.0, 0, 0.15); border-radius: 3px;' "
 "title='1.0'>_||>'<||_html:</span>_||><||_html:<span style='background-color: "
 "rgba(0.0, 165.0, 0, 0.15); border-radius: 3px;' title='1.0'>_||> "
 "type<||_html:</span>_||><||_html:<span style='background-color: rgba(0.0, "
 "165.0, 0, 0.15); border-radius: 3px;' title='1.0'>_||> "
 "no<||_html:</span>_||><||_html:<span style='background-color: rgba(0.0, "
 "165.0, 0, 0.15); border-radius: 3px;' title='1.0'>_||> "
 "longer<||_html:</span>_||><||_html:<span style='background-color: rgba(0.0, "
 "165.0, 0, 0.15); border-radius: 3px;' title='1.0'>_||> "
 "includes<||_html:</span>_||><||_html:<span style='background-color: "
 "rgba(0.0, 165.0, 0, 0.15); border-radius: 3px;' title='1.0'>_||> "
 "the<||_html:</span>_||><||_html:<span style='background-color: rgba(0.0, "
 "165.0, 0, 0.15); border-radius: 3px;' title='1.0'>_||> "
 "'<||_html:</span>_||><||_html:<span style='background-color: rgba(0.0, "
 "165.0, 0, 0.15); border-radius: 3px;' "
 "title='1.0'>_||>description<||_html:</span>_||><||_html:<span "
 "style='background-color: rgba(0.0, 165.0, 0, 0.15); border-radius: 3px;' "
 "title='1.0'>_||>'<||_html:</span>_||><||_html:<span style='background-color: "
 "rgba(0.0, 165.0, 0, 0.15); border-radius: 3px;' title='1.0'>_||> "
 "and<||_html:</span>_||><||_html:<span style='background-color: rgba(0.0, "
 "165.0, 0, 0.15); border-radius: 3px;' title='1.0'>_||> "
 "'<||_html:</span>_||><||_html:<span style='background-color: rgba(0.0, "
 "165.0, 0, 0.15); border-radius: 3px;' "
 "title='1.0'>_||>stock<||_html:</span>_||><||_html:<span "
 "style='background-color: rgba(0.0, 165.0, 0, 0.15); border-radius: 3px;' "
 "title='1.0'>_||>'<||_html:</span>_||><||_html:<span style='background-color: "
 "rgba(0.0, 165.0, 0, 0.15); border-radius: 3px;' title='1.0'>_||> "
 "fields<||_html:</span>_||><||_html:<span style='background-color: rgba(0.0, "
 "165.0, 0, 0.15); border-radius: 3px;' "
 'title=\'1.0\'>_||>."<||_html:</span>_||><||_html:<span '
 "style='background-color: rgba(0.0, 165.0, 0, 0.15); border-radius: 3px;' "
 "title='1.0'>_||>\n"
 "<||_html:</span>_||><||_html:<span style='background-color: rgba(0.0, 165.0, "
 "0, 0.15); border-radius: 3px;' title='1.0'>_||> "
 "<||_html:</span>_||><||_html:<span style='background-color: rgba(0.0, 165.0, "
 "0, 0.15); border-radius: 3px;' title='1.0'>_||> "
 "}<||_html:</span>_||><||_html:<span style='background-color: rgba(0.0, "
 "165.0, 0, 0.15); border-radius: 3px;' title='1.0'>_||>\n"
 "<||_html:</span>_||><||_html:<span style='background-color: rgba(0.0, 165.0, "
 "0, 0.15); border-radius: 3px;' "
 'title=\'1.0\'>_||>}<||_html:</span>_||>{"changes":<||_html:<span '
 "style='background-color: rgba(0.0, 165.0, 0, 0.15); border-radius: 3px;' "
 "title='1.0'>_||>[<||_html:</span>_||><||_html:<span style='background-color: "
 "rgba(0.0, 165.0, 0, 0.15); border-radius: 3px;' "
 'title=\'1.0\'>_||>{"<||_html:</span>_||>type<||_html:<span '
 "style='background-color: rgba(0.0, 165.0, 0, 0.15); border-radius: 3px;' "
 'title=\'1.0\'>_||>":"<||_html:</span>_||><||_html:<span '
 "style='background-color: rgba(0.0, 165.0, 0, 0.15); border-radius: 3px;' "
 "title='1.0'>_||>Query<||_html:</span>_||><||_html:<span "
 "style='background-color: rgba(0.0, 165.0, 0, 0.15); border-radius: 3px;' "
 'title=\'1.0\'>_||>","<||_html:</span>_||>field<||_html:<span '
 "style='background-color: rgba(0.0, 165.0, 0, 0.15); border-radius: 3px;' "
 'title=\'1.0\'>_||>":"<||_html:</span>_||><||_html:<span '
 "style='background-color: rgba(0.0, 165.0, 0, 0.15); border-radius: 3px;' "
 "title='1.0'>_||>get<||_html:</span>_||><||_html:<span "
 "style='background-color: rgba(0.0, 165.0, 0, 0.15); border-radius: 3px;' "
 "title='1.0'>_||>Product<||_html:</span>_||><||_html:<span "
 "style='background-color: rgba(0.0, 165.0, 0, 0.15); border-radius: 3px;' "
 'title=\'1.0\'>_||>","<||_html:</span>_||>change<||_html:<span '
 "style='background-color: rgba(0.0, 165.0, 0, 0.15); border-radius: 3px;' "
 'title=\'1.0\'>_||>":"<||_html:</span>_||><||_html:<span '
 "style='background-color: rgba(0.0, 165.0, 0, 0.15); border-radius: 3px;' "
 "title='1.0'>_||>field<||_html:</span>_||><||_html:<span "
 "style='background-color: rgba(0.0, 165.0, 0, 0.15); border-radius: 3px;' "
 "title='1.0'>_||> details<||_html:</span>_||><||_html:<span "
 "style='background-color: rgba(0.0, 165.0, 0, 0.15); border-radius: 3px;' "
 "title='1.0'>_||> added<||_html:</span>_||><||_html:<span "
 "style='background-color: rgba(0.0, 165.0, 0, 0.15); border-radius: 3px;' "
 'title=\'1.0\'>_||>","<||_html:</span>_||>breaking<||_html:<span '
 "style='background-color: rgba(0.0, 165.0, 0, 0.15); border-radius: 3px;' "
 'title=\'1.0\'>_||>":<||_html:</span>_||><||_html:<span '
 "style='background-color: rgba(0.0, 165.0, 0, 0.15); border-radius: 3px;' "
 'title=\'1.0\'>_||>false<||_html:</span>_||>,"release_note<||_html:<span '
 "style='background-color: rgba(0.0, 165.0, 0, 0.15); border-radius: 3px;' "
 'title=\'1.0\'>_||>":"<||_html:</span>_||><||_html:<span '
 "style='background-color: rgba(0.0, 165.0, 0, 0.15); border-radius: 3px;' "
 "title='1.0'>_||>The<||_html:</span>_||><||_html:<span "
 "style='background-color: rgba(0.0, 165.0, 0, 0.15); border-radius: 3px;' "
 "title='1.0'>_||> '<||_html:</span>_||><||_html:<span "
 "style='background-color: rgba(0.0, 165.0, 0, 0.15); border-radius: 3px;' "
 "title='1.0'>_||>get<||_html:</span>_||><||_html:<span "
 "style='background-color: rgba(0.0, 165.0, 0, 0.15); border-radius: 3px;' "
 "title='1.0'>_||>Product<||_html:</span>_||><||_html:<span "
 "style='background-color: rgba(0.0, 165.0, 0, 0.15); border-radius: 3px;' "
 "title='1.0'>_||>'<||_html:</span>_||><||_html:<span style='background-color: "
 "rgba(0.0, 165.0, 0, 0.15); border-radius: 3px;' title='1.0'>_||> "
 "query<||_html:</span>_||><||_html:<span style='background-color: rgba(0.0, "
 "165.0, 0, 0.15); border-radius: 3px;' title='1.0'>_||> "
 "now<||_html:</span>_||><||_html:<span style='background-color: rgba(0.0, "
 "165.0, 0, 0.15); border-radius: 3px;' title='1.0'>_||> "
 "includes<||_html:</span>_||><||_html:<span style='background-color: "
 "rgba(0.0, 165.0, 0, 0.15); border-radius: 3px;' title='1.0'>_||> "
 "a<||_html:</span>_||><||_html:<span style='background-color: rgba(0.0, "
 "165.0, 0, 0.15); border-radius: 3px;' title='1.0'>_||> "
 "new<||_html:</span>_||><||_html:<span style='background-color: rgba(0.0, "
 "165.0, 0, 0.15); border-radius: 3px;' title='1.0'>_||> "
 "field<||_html:</span>_||><||_html:<span style='background-color: rgba(0.0, "
 "165.0, 0, 0.15); border-radius: 3px;' title='1.0'>_||> "
 "'<||_html:</span>_||><||_html:<span style='background-color: rgba(0.0, "
 "165.0, 0, 0.15); border-radius: 3px;' "
 "title='1.0'>_||>details<||_html:</span>_||><||_html:<span "
 "style='background-color: rgba(0.0, 165.0, 0, 0.15); border-radius: 3px;' "
 "title='1.0'>_||>'<||_html:</span>_||><||_html:<span style='background-color: "
 "rgba(0.0, 165.0, 0, 0.15); border-radius: 3px;' title='1.0'>_||> "
 "of<||_html:</span>_||><||_html:<span style='background-color: rgba(0.0, "
 "165.0, 0, 0.15); border-radius: 3px;' title='1.0'>_||> "
 "type<||_html:</span>_||><||_html:<span style='background-color: rgba(0.0, "
 "165.0, 0, 0.15); border-radius: 3px;' title='1.0'>_||> "
 "String<||_html:</span>_||><||_html:<span style='background-color: rgba(0.0, "
 "165.0, 0, 0.15); border-radius: 3px;' "
 'title=\'1.0\'>_||>."<||_html:</span>_||><||_html:<span '
 "style='background-color: rgba(0.0, 165.0, 0, 0.15); border-radius: 3px;' "
 'title=\'1.0\'>_||>},<||_html:</span>_||>{"type<||_html:<span '
 "style='background-color: rgba(0.0, 165.0, 0, 0.15); border-radius: 3px;' "
 'title=\'1.0\'>_||>":"<||_html:</span>_||><||_html:<span '
 "style='background-color: rgba(0.0, 165.0, 0, 0.15); border-radius: 3px;' "
 "title='1.0'>_||>Product<||_html:</span>_||><||_html:<span "
 "style='background-color: rgba(0.0, 165.0, 0, 0.15); border-radius: 3px;' "
 'title=\'1.0\'>_||>","<||_html:</span>_||>field<||_html:<span '
 "style='background-color: rgba(0.0, 165.0, 0, 0.15); border-radius: 3px;' "
 'title=\'1.0\'>_||>":"<||_html:</span>_||><||_html:<span '
 "style='background-color: rgba(0.0, 165.0, 0, 0.15); border-radius: 3px;' "
 "title='1.0'>_||>description<||_html:</span>_||><||_html:<span "
 "style='background-color: rgba(0.0, 165.0, 0, 0.15); border-radius: 3px;' "
 'title=\'1.0\'>_||>","<||_html:</span>_||>change<||_html:<span '
 "style='background-color: rgba(0.0, 165.0, 0, 0.15); border-radius: 3px;' "
 'title=\'1.0\'>_||>":"<||_html:</span>_||><||_html:<span '
 "style='background-color: rgba(0.0, 165.0, 0, 0.15); border-radius: 3px;' "
 "title='1.0'>_||>field<||_html:</span>_||><||_html:<span "
 "style='background-color: rgba(0.0, 165.0, 0, 0.15); border-radius: 3px;' "
 "title='1.0'>_||> removed<||_html:</span>_||><||_html:<span "
 "style='background-color: rgba(0.0, 165.0, 0, 0.15); border-radius: 3px;' "
 'title=\'1.0\'>_||>","<||_html:</span>_||>breaking<||_html:<span '
 "style='background-color: rgba(0.0, 165.0, 0, 0.15); border-radius: 3px;' "
 'title=\'1.0\'>_||>":<||_html:</span>_||><||_html:<span '
 "style='background-color: rgba(0.0, 165.0, 0, 0.15); border-radius: 3px;' "
 'title=\'1.0\'>_||>true<||_html:</span>_||>,"release_note<||_html:<span '
 "style='background-color: rgba(0.0, 165.0, 0, 0.15); border-radius: 3px;' "
 'title=\'1.0\'>_||>":"<||_html:</span>_||><||_html:<span '
 "style='background-color: rgba(0.0, 165.0, 0, 0.15); border-radius: 3px;' "
 "title='1.0'>_||>The<||_html:</span>_||><||_html:<span "
 "style='background-color: rgba(0.0, 165.0, 0, 0.15); border-radius: 3px;' "
 "title='1.0'>_||> '<||_html:</span>_||><||_html:<span "
 "style='background-color: rgba(0.0, 165.0, 0, 0.15); border-radius: 3px;' "
 "title='1.0'>_||>Product<||_html:</span>_||><||_html:<span "
 "style='background-color: rgba(0.0, 165.0, 0, 0.15); border-radius: 3px;' "
 "title='1.0'>_||>'<||_html:</span>_||><||_html:<span style='background-color: "
 "rgba(0.0, 165.0, 0, 0.15); border-radius: 3px;' title='1.0'>_||> "
 "type<||_html:</span>_||><||_html:<span style='background-color: rgba(0.0, "
 "165.0, 0, 0.15); border-radius: 3px;' title='1.0'>_||> "
 "no<||_html:</span>_||><||_html:<span style='background-color: rgba(0.0, "
 "165.0, 0, 0.15); border-radius: 3px;' title='1.0'>_||> "
 "longer<||_html:</span>_||><||_html:<span style='background-color: rgba(0.0, "
 "165.0, 0, 0.15); border-radius: 3px;' title='1.0'>_||> "
 "includes<||_html:</span>_||><||_html:<span style='background-color: "
 "rgba(0.0, 165.0, 0, 0.15); border-radius: 3px;' title='1.0'>_||> "
 "the<||_html:</span>_||><||_html:<span style='background-color: rgba(0.0, "
 "165.0, 0, 0.15); border-radius: 3px;' title='1.0'>_||> "
 "'<||_html:</span>_||><||_html:<span style='background-color: rgba(0.0, "
 "165.0, 0, 0.15); border-radius: 3px;' "
 "title='1.0'>_||>description<||_html:</span>_||><||_html:<span "
 "style='background-color: rgba(0.0, 165.0, 0, 0.15); border-radius: 3px;' "
 "title='1.0'>_||>'<||_html:</span>_||><||_html:<span style='background-color: "
 "rgba(0.0, 165.0, 0, 0.15); border-radius: 3px;' title='1.0'>_||> "
 "field<||_html:</span>_||><||_html:<span style='background-color: rgba(0.0, "
 "165.0, 0, 0.15); border-radius: 3px;' "
 'title=\'1.0\'>_||>."<||_html:</span>_||><||_html:<span '
 "style='background-color: rgba(0.0, 165.0, 0, 0.15); border-radius: 3px;' "
 'title=\'1.0\'>_||>},<||_html:</span>_||>{"type<||_html:<span '
 "style='background-color: rgba(0.0, 165.0, 0, 0.15); border-radius: 3px;' "
 'title=\'1.0\'>_||>":"<||_html:</span>_||><||_html:<span '
 "style='background-color: rgba(0.0, 165.0, 0, 0.15); border-radius: 3px;' "
 "title='1.0'>_||>Product<||_html:</span>_||><||_html:<span "
 "style='background-color: rgba(0.0, 165.0, 0, 0.15); border-radius: 3px;' "
 'title=\'1.0\'>_||>","<||_html:</span>_||>field<||_html:<span '
 "style='background-color: rgba(0.0, 165.0, 0, 0.15); border-radius: 3px;' "
 'title=\'1.0\'>_||>":"<||_html:</span>_||><||_html:<span '
 "style='background-color: rgba(0.0, 165.0, 0, 0.15); border-radius: 3px;' "
 "title='1.0'>_||>stock<||_html:</span>_||><||_html:<span "
 "style='background-color: rgba(0.0, 165.0, 0, 0.15); border-radius: 3px;' "
 'title=\'1.0\'>_||>","<||_html:</span>_||>change<||_html:<span '
 "style='background-color: rgba(0.0, 165.0, 0, 0.15); border-radius: 3px;' "
 'title=\'1.0\'>_||>":"<||_html:</span>_||><||_html:<span '
 "style='background-color: rgba(0.0, 165.0, 0, 0.15); border-radius: 3px;' "
 "title='1.0'>_||>field<||_html:</span>_||><||_html:<span "
 "style='background-color: rgba(0.0, 165.0, 0, 0.15); border-radius: 3px;' "
 "title='1.0'>_||> removed<||_html:</span>_||><||_html:<span "
 "style='background-color: rgba(0.0, 165.0, 0, 0.15); border-radius: 3px;' "
 'title=\'1.0\'>_||>","<||_html:</span>_||>breaking<||_html:<span '
 "style='background-color: rgba(0.0, 165.0, 0, 0.15); border-radius: 3px;' "
 'title=\'1.0\'>_||>":<||_html:</span>_||><||_html:<span '
 "style='background-color: rgba(0.0, 165.0, 0, 0.15); border-radius: 3px;' "
 'title=\'1.0\'>_||>true<||_html:</span>_||>,"release_note<||_html:<span '
 "style='background-color: rgba(0.0, 165.0, 0, 0.15); border-radius: 3px;' "
 "title='1.0'>_||>")
('Analyze the following two GraphQL schemas for changes, including both '
 'breaking and non-breaking changes.\n'
 '\n'
 '                        Provide your analysis in the following JSON format:\n'
 '                        {\n'
 '                          "changes": [\n'
 '                            {\n'
 '                              "type": "String representing the GraphQL type '
 '(e.g., Query, Mutation, Subscription)",\n'
 '                              "field": "String representing the specific '
 'field that changed",\n'
 '                              "change": "String describing the change (e.g., '
 'field renamed, new field added, field removed)",\n'
 '                              "breaking": "Boolean indicating if the change '
 'is breaking (true) or non-breaking (false)",\n'
 '                              "release_note": "String with a natural '
 'language description of the change for release notes"\n'
 '                            }\n'
 '                          ],\n'
 '                          "release_notes": {\n'
 '                              "summary": "String summarizing all changes, '
 'suitable for a mailing list or public announcement"\n'
 '                          }\n'
 '                        }\n'
 '\n'
 '                        When analyzing, consider the following types of '
 'changes:\n'
 '                        1. Removing fields or types (breaking)\n'
 '                        2. Changing field types (potentially breaking)\n'
 '                        3. Adding required fields (breaking)\n'
 '                        4. Changing the type of existing arguments '
 '(breaking)\n'
 '                        5. Adding optional fields (non-breaking)\n'
 '                        6. Adding new types (non-breaking)\n'
 '                        7. Deprecating fields (non-breaking)\n'
 '\n'
 '                        Ensure that each change is categorized correctly as '
 'breaking or non-breaking.: type Query {\n'
 '  getProduct(id: ID!): Product\n'
 '}\n'
 '\n'
 'type Product {\n'
 '  id: ID\n'
 '  name: String\n'
 '  description: String\n'
 '  price: Float\n'
 '  stock: Int\n'
 '}\n'
 ', type Query {\n'
 '  getProduct(id: ID!): Product\n'
 '}\n'
 '\n'
 'type Product {\n'
 '  id: ID\n'
 '  name: String\n'
 '  details: String\n'
 '  price: Float\n'
 '}\n'
 '\n'
 "Answer:<||_html:<span style='background-color: rgba(0.0, 165.0, 0, 0.15); "
 "border-radius: 3px;' title='1.0'>_||> {<||_html:</span>_||><||_html:<span "
 "style='background-color: rgba(0.0, 165.0, 0, 0.15); border-radius: 3px;' "
 "title='1.0'>_||>\n"
 "<||_html:</span>_||><||_html:<span style='background-color: rgba(0.0, 165.0, "
 "0, 0.15); border-radius: 3px;' title='1.0'>_||> "
 "<||_html:</span>_||><||_html:<span style='background-color: rgba(0.0, 165.0, "
 "0, 0.15); border-radius: 3px;' title='1.0'>_||> "
 '"<||_html:</span>_||><||_html:<span style=\'background-color: rgba(0.0, '
 "165.0, 0, 0.15); border-radius: 3px;' "
 "title='1.0'>_||>changes<||_html:</span>_||><||_html:<span "
 "style='background-color: rgba(0.0, 165.0, 0, 0.15); border-radius: 3px;' "
 'title=\'1.0\'>_||>":<||_html:</span>_||><||_html:<span '
 "style='background-color: rgba(0.0, 165.0, 0, 0.15); border-radius: 3px;' "
 "title='1.0'>_||> [<||_html:</span>_||><||_html:<span "
 "style='background-color: rgba(0.0, 165.0, 0, 0.15); border-radius: 3px;' "
 "title='1.0'>_||>\n"
 "<||_html:</span>_||><||_html:<span style='background-color: rgba(0.0, 165.0, "
 "0, 0.15); border-radius: 3px;' title='1.0'>_||>   "
 "<||_html:</span>_||><||_html:<span style='background-color: rgba(0.0, 165.0, "
 "0, 0.15); border-radius: 3px;' title='1.0'>_||> "
 "{<||_html:</span>_||><||_html:<span style='background-color: rgba(0.0, "
 "165.0, 0, 0.15); border-radius: 3px;' title='1.0'>_||>\n"
 "<||_html:</span>_||><||_html:<span style='background-color: rgba(0.0, 165.0, "
 "0, 0.15); border-radius: 3px;' title='1.0'>_||>     "
 "<||_html:</span>_||><||_html:<span style='background-color: rgba(0.0, 165.0, "
 "0, 0.15); border-radius: 3px;' title='1.0'>_||> "
 '"<||_html:</span>_||><||_html:<span style=\'background-color: rgba(0.0, '
 "165.0, 0, 0.15); border-radius: 3px;' "
 "title='1.0'>_||>type<||_html:</span>_||><||_html:<span "
 "style='background-color: rgba(0.0, 165.0, 0, 0.15); border-radius: 3px;' "
 'title=\'1.0\'>_||>":<||_html:</span>_||><||_html:<span '
 "style='background-color: rgba(0.0, 165.0, 0, 0.15); border-radius: 3px;' "
 'title=\'1.0\'>_||> "<||_html:</span>_||><||_html:<span '
 "style='background-color: rgba(0.0, 165.0, 0, 0.15); border-radius: 3px;' "
 "title='1.0'>_||>Query<||_html:</span>_||><||_html:<span "
 "style='background-color: rgba(0.0, 165.0, 0, 0.15); border-radius: 3px;' "
 'title=\'1.0\'>_||>",<||_html:</span>_||><||_html:<span '
 "style='background-color: rgba(0.0, 165.0, 0, 0.15); border-radius: 3px;' "
 "title='1.0'>_||>\n"
 "<||_html:</span>_||><||_html:<span style='background-color: rgba(0.0, 165.0, "
 "0, 0.15); border-radius: 3px;' title='1.0'>_||>     "
 "<||_html:</span>_||><||_html:<span style='background-color: rgba(0.0, 165.0, "
 "0, 0.15); border-radius: 3px;' title='1.0'>_||> "
 '"<||_html:</span>_||><||_html:<span style=\'background-color: rgba(0.0, '
 "165.0, 0, 0.15); border-radius: 3px;' "
 "title='1.0'>_||>field<||_html:</span>_||><||_html:<span "
 "style='background-color: rgba(0.0, 165.0, 0, 0.15); border-radius: 3px;' "
 'title=\'1.0\'>_||>":<||_html:</span>_||><||_html:<span '
 "style='background-color: rgba(0.0, 165.0, 0, 0.15); border-radius: 3px;' "
 'title=\'1.0\'>_||> "<||_html:</span>_||><||_html:<span '
 "style='background-color: rgba(0.0, 165.0, 0, 0.15); border-radius: 3px;' "
 "title='1.0'>_||>get<||_html:</span>_||><||_html:<span "
 "style='background-color: rgba(0.0, 165.0, 0, 0.15); border-radius: 3px;' "
 "title='1.0'>_||>Product<||_html:</span>_||><||_html:<span "
 "style='background-color: rgba(0.0, 165.0, 0, 0.15); border-radius: 3px;' "
 'title=\'1.0\'>_||>",<||_html:</span>_||><||_html:<span '
 "style='background-color: rgba(0.0, 165.0, 0, 0.15); border-radius: 3px;' "
 "title='1.0'>_||>\n"
 "<||_html:</span>_||><||_html:<span style='background-color: rgba(0.0, 165.0, "
 "0, 0.15); border-radius: 3px;' title='1.0'>_||>     "
 "<||_html:</span>_||><||_html:<span style='background-color: rgba(0.0, 165.0, "
 "0, 0.15); border-radius: 3px;' title='1.0'>_||> "
 '"<||_html:</span>_||><||_html:<span style=\'background-color: rgba(0.0, '
 "165.0, 0, 0.15); border-radius: 3px;' "
 "title='1.0'>_||>change<||_html:</span>_||><||_html:<span "
 "style='background-color: rgba(0.0, 165.0, 0, 0.15); border-radius: 3px;' "
 'title=\'1.0\'>_||>":<||_html:</span>_||><||_html:<span '
 "style='background-color: rgba(0.0, 165.0, 0, 0.15); border-radius: 3px;' "
 'title=\'1.0\'>_||> "<||_html:</span>_||><||_html:<span '
 "style='background-color: rgba(0.0, 165.0, 0, 0.15); border-radius: 3px;' "
 "title='1.0'>_||>field<||_html:</span>_||><||_html:<span "
 "style='background-color: rgba(0.0, 165.0, 0, 0.15); border-radius: 3px;' "
 "title='1.0'>_||> details<||_html:</span>_||><||_html:<span "
 "style='background-color: rgba(0.0, 165.0, 0, 0.15); border-radius: 3px;' "
 "title='1.0'>_||> added<||_html:</span>_||><||_html:<span "
 "style='background-color: rgba(0.0, 165.0, 0, 0.15); border-radius: 3px;' "
 'title=\'1.0\'>_||>",<||_html:</span>_||><||_html:<span '
 "style='background-color: rgba(0.0, 165.0, 0, 0.15); border-radius: 3px;' "
 "title='1.0'>_||>\n"
 "<||_html:</span>_||><||_html:<span style='background-color: rgba(0.0, 165.0, "
 "0, 0.15); border-radius: 3px;' title='1.0'>_||>     "
 "<||_html:</span>_||><||_html:<span style='background-color: rgba(0.0, 165.0, "
 "0, 0.15); border-radius: 3px;' title='1.0'>_||> "
 '"<||_html:</span>_||><||_html:<span style=\'background-color: rgba(0.0, '
 "165.0, 0, 0.15); border-radius: 3px;' "
 "title='1.0'>_||>breaking<||_html:</span>_||><||_html:<span "
 "style='background-color: rgba(0.0, 165.0, 0, 0.15); border-radius: 3px;' "
 'title=\'1.0\'>_||>":<||_html:</span>_||><||_html:<span '
 "style='background-color: rgba(0.0, 165.0, 0, 0.15); border-radius: 3px;' "
 'title=\'1.0\'>_||> "<||_html:</span>_||><||_html:<span '
 "style='background-color: rgba(0.0, 165.0, 0, 0.15); border-radius: 3px;' "
 "title='1.0'>_||>false<||_html:</span>_||><||_html:<span "
 "style='background-color: rgba(0.0, 165.0, 0, 0.15); border-radius: 3px;' "
 'title=\'1.0\'>_||>",<||_html:</span>_||><||_html:<span '
 "style='background-color: rgba(0.0, 165.0, 0, 0.15); border-radius: 3px;' "
 "title='1.0'>_||>\n"
 "<||_html:</span>_||><||_html:<span style='background-color: rgba(0.0, 165.0, "
 "0, 0.15); border-radius: 3px;' title='1.0'>_||>     "
 "<||_html:</span>_||><||_html:<span style='background-color: rgba(0.0, 165.0, "
 "0, 0.15); border-radius: 3px;' title='1.0'>_||> "
 '"<||_html:</span>_||><||_html:<span style=\'background-color: rgba(0.0, '
 "165.0, 0, 0.15); border-radius: 3px;' "
 "title='1.0'>_||>release<||_html:</span>_||><||_html:<span "
 "style='background-color: rgba(0.0, 165.0, 0, 0.15); border-radius: 3px;' "
 "title='1.0'>_||>_<||_html:</span>_||><||_html:<span style='background-color: "
 "rgba(0.0, 165.0, 0, 0.15); border-radius: 3px;' "
 "title='1.0'>_||>note<||_html:</span>_||><||_html:<span "
 "style='background-color: rgba(0.0, 165.0, 0, 0.15); border-radius: 3px;' "
 'title=\'1.0\'>_||>":<||_html:</span>_||><||_html:<span '
 "style='background-color: rgba(0.0, 165.0, 0, 0.15); border-radius: 3px;' "
 'title=\'1.0\'>_||> "<||_html:</span>_||><||_html:<span '
 "style='background-color: rgba(0.0, 165.0, 0, 0.15); border-radius: 3px;' "
 "title='1.0'>_||>The<||_html:</span>_||><||_html:<span "
 "style='background-color: rgba(0.0, 165.0, 0, 0.15); border-radius: 3px;' "
 "title='1.0'>_||> '<||_html:</span>_||><||_html:<span "
 "style='background-color: rgba(0.0, 165.0, 0, 0.15); border-radius: 3px;' "
 "title='1.0'>_||>get<||_html:</span>_||><||_html:<span "
 "style='background-color: rgba(0.0, 165.0, 0, 0.15); border-radius: 3px;' "
 "title='1.0'>_||>Product<||_html:</span>_||><||_html:<span "
 "style='background-color: rgba(0.0, 165.0, 0, 0.15); border-radius: 3px;' "
 "title='1.0'>_||>'<||_html:</span>_||><||_html:<span style='background-color: "
 "rgba(0.0, 165.0, 0, 0.15); border-radius: 3px;' title='1.0'>_||> "
 "query<||_html:</span>_||><||_html:<span style='background-color: rgba(0.0, "
 "165.0, 0, 0.15); border-radius: 3px;' title='1.0'>_||> "
 "now<||_html:</span>_||><||_html:<span style='background-color: rgba(0.0, "
 "165.0, 0, 0.15); border-radius: 3px;' title='1.0'>_||> "
 "includes<||_html:</span>_||><||_html:<span style='background-color: "
 "rgba(0.0, 165.0, 0, 0.15); border-radius: 3px;' title='1.0'>_||> "
 "a<||_html:</span>_||><||_html:<span style='background-color: rgba(0.0, "
 "165.0, 0, 0.15); border-radius: 3px;' title='1.0'>_||> "
 "new<||_html:</span>_||><||_html:<span style='background-color: rgba(0.0, "
 "165.0, 0, 0.15); border-radius: 3px;' title='1.0'>_||> "
 "field<||_html:</span>_||><||_html:<span style='background-color: rgba(0.0, "
 "165.0, 0, 0.15); border-radius: 3px;' title='1.0'>_||> "
 "'<||_html:</span>_||><||_html:<span style='background-color: rgba(0.0, "
 "165.0, 0, 0.15); border-radius: 3px;' "
 "title='1.0'>_||>details<||_html:</span>_||><||_html:<span "
 "style='background-color: rgba(0.0, 165.0, 0, 0.15); border-radius: 3px;' "
 "title='1.0'>_||>'<||_html:</span>_||><||_html:<span style='background-color: "
 "rgba(0.0, 165.0, 0, 0.15); border-radius: 3px;' title='1.0'>_||> "
 "of<||_html:</span>_||><||_html:<span style='background-color: rgba(0.0, "
 "165.0, 0, 0.15); border-radius: 3px;' title='1.0'>_||> "
 "type<||_html:</span>_||><||_html:<span style='background-color: rgba(0.0, "
 "165.0, 0, 0.15); border-radius: 3px;' title='1.0'>_||> "
 "String<||_html:</span>_||><||_html:<span style='background-color: rgba(0.0, "
 "165.0, 0, 0.15); border-radius: 3px;' "
 'title=\'1.0\'>_||>."<||_html:</span>_||><||_html:<span '
 "style='background-color: rgba(0.0, 165.0, 0, 0.15); border-radius: 3px;' "
 "title='1.0'>_||>\n"
 "<||_html:</span>_||><||_html:<span style='background-color: rgba(0.0, 165.0, "
 "0, 0.15); border-radius: 3px;' title='1.0'>_||>   "
 "<||_html:</span>_||><||_html:<span style='background-color: rgba(0.0, 165.0, "
 "0, 0.15); border-radius: 3px;' title='1.0'>_||> "
 "},<||_html:</span>_||><||_html:<span style='background-color: rgba(0.0, "
 "165.0, 0, 0.15); border-radius: 3px;' title='1.0'>_||>\n"
 "<||_html:</span>_||><||_html:<span style='background-color: rgba(0.0, 165.0, "
 "0, 0.15); border-radius: 3px;' title='1.0'>_||>   "
 "<||_html:</span>_||><||_html:<span style='background-color: rgba(0.0, 165.0, "
 "0, 0.15); border-radius: 3px;' title='1.0'>_||> "
 "{<||_html:</span>_||><||_html:<span style='background-color: rgba(0.0, "
 "165.0, 0, 0.15); border-radius: 3px;' title='1.0'>_||>\n"
 "<||_html:</span>_||><||_html:<span style='background-color: rgba(0.0, 165.0, "
 "0, 0.15); border-radius: 3px;' title='1.0'>_||>     "
 "<||_html:</span>_||><||_html:<span style='background-color: rgba(0.0, 165.0, "
 "0, 0.15); border-radius: 3px;' title='1.0'>_||> "
 '"<||_html:</span>_||><||_html:<span style=\'background-color: rgba(0.0, '
 "165.0, 0, 0.15); border-radius: 3px;' "
 "title='1.0'>_||>type<||_html:</span>_||><||_html:<span "
 "style='background-color: rgba(0.0, 165.0, 0, 0.15); border-radius: 3px;' "
 'title=\'1.0\'>_||>":<||_html:</span>_||><||_html:<span '
 "style='background-color: rgba(0.0, 165.0, 0, 0.15); border-radius: 3px;' "
 'title=\'1.0\'>_||> "<||_html:</span>_||><||_html:<span '
 "style='background-color: rgba(0.0, 165.0, 0, 0.15); border-radius: 3px;' "
 "title='1.0'>_||>Product<||_html:</span>_||><||_html:<span "
 "style='background-color: rgba(0.0, 165.0, 0, 0.15); border-radius: 3px;' "
 'title=\'1.0\'>_||>",<||_html:</span>_||><||_html:<span '
 "style='background-color: rgba(0.0, 165.0, 0, 0.15); border-radius: 3px;' "
 "title='1.0'>_||>\n"
 "<||_html:</span>_||><||_html:<span style='background-color: rgba(0.0, 165.0, "
 "0, 0.15); border-radius: 3px;' title='1.0'>_||>     "
 "<||_html:</span>_||><||_html:<span style='background-color: rgba(0.0, 165.0, "
 "0, 0.15); border-radius: 3px;' title='1.0'>_||> "
 '"<||_html:</span>_||><||_html:<span style=\'background-color: rgba(0.0, '
 "165.0, 0, 0.15); border-radius: 3px;' "
 "title='1.0'>_||>field<||_html:</span>_||><||_html:<span "
 "style='background-color: rgba(0.0, 165.0, 0, 0.15); border-radius: 3px;' "
 'title=\'1.0\'>_||>":<||_html:</span>_||><||_html:<span '
 "style='background-color: rgba(0.0, 165.0, 0, 0.15); border-radius: 3px;' "
 'title=\'1.0\'>_||> "<||_html:</span>_||><||_html:<span '
 "style='background-color: rgba(0.0, 165.0, 0, 0.15); border-radius: 3px;' "
 "title='1.0'>_||>description<||_html:</span>_||><||_html:<span "
 "style='background-color: rgba(0.0, 165.0, 0, 0.15); border-radius: 3px;' "
 'title=\'1.0\'>_||>",<||_html:</span>_||><||_html:<span '
 "style='background-color: rgba(0.0, 165.0, 0, 0.15); border-radius: 3px;' "
 "title='1.0'>_||>\n"
 "<||_html:</span>_||><||_html:<span style='background-color: rgba(0.0, 165.0, "
 "0, 0.15); border-radius: 3px;' title='1.0'>_||>     "
 "<||_html:</span>_||><||_html:<span style='background-color: rgba(0.0, 165.0, "
 "0, 0.15); border-radius: 3px;' title='1.0'>_||> "
 '"<||_html:</span>_||><||_html:<span style=\'background-color: rgba(0.0, '
 "165.0, 0, 0.15); border-radius: 3px;' "
 "title='1.0'>_||>change<||_html:</span>_||><||_html:<span "
 "style='background-color: rgba(0.0, 165.0, 0, 0.15); border-radius: 3px;' "
 'title=\'1.0\'>_||>":<||_html:</span>_||><||_html:<span '
 "style='background-color: rgba(0.0, 165.0, 0, 0.15); border-radius: 3px;' "
 'title=\'1.0\'>_||> "<||_html:</span>_||><||_html:<span '
 "style='background-color: rgba(0.0, 165.0, 0, 0.15); border-radius: 3px;' "
 "title='1.0'>_||>field<||_html:</span>_||><||_html:<span "
 "style='background-color: rgba(0.0, 165.0, 0, 0.15); border-radius: 3px;' "
 "title='1.0'>_||> removed<||_html:</span>_||><||_html:<span "
 "style='background-color: rgba(0.0, 165.0, 0, 0.15); border-radius: 3px;' "
 'title=\'1.0\'>_||>",<||_html:</span>_||><||_html:<span '
 "style='background-color: rgba(0.0, 165.0, 0, 0.15); border-radius: 3px;' "
 "title='1.0'>_||>\n"
 "<||_html:</span>_||><||_html:<span style='background-color: rgba(0.0, 165.0, "
 "0, 0.15); border-radius: 3px;' title='1.0'>_||>     "
 "<||_html:</span>_||><||_html:<span style='background-color: rgba(0.0, 165.0, "
 "0, 0.15); border-radius: 3px;' title='1.0'>_||> "
 '"<||_html:</span>_||><||_html:<span style=\'background-color: rgba(0.0, '
 "165.0, 0, 0.15); border-radius: 3px;' "
 "title='1.0'>_||>breaking<||_html:</span>_||><||_html:<span "
 "style='background-color: rgba(0.0, 165.0, 0, 0.15); border-radius: 3px;' "
 'title=\'1.0\'>_||>":<||_html:</span>_||><||_html:<span '
 "style='background-color: rgba(0.0, 165.0, 0, 0.15); border-radius: 3px;' "
 'title=\'1.0\'>_||> "<||_html:</span>_||><||_html:<span '
 "style='background-color: rgba(0.0, 165.0, 0, 0.15); border-radius: 3px;' "
 "title='1.0'>_||>true<||_html:</span>_||><||_html:<span "
 "style='background-color: rgba(0.0, 165.0, 0, 0.15); border-radius: 3px;' "
 'title=\'1.0\'>_||>",<||_html:</span>_||><||_html:<span '
 "style='background-color: rgba(0.0, 165.0, 0, 0.15); border-radius: 3px;' "
 "title='1.0'>_||>\n"
 "<||_html:</span>_||><||_html:<span style='background-color: rgba(0.0, 165.0, "
 "0, 0.15); border-radius: 3px;' title='1.0'>_||>     "
 "<||_html:</span>_||><||_html:<span style='background-color: rgba(0.0, 165.0, "
 "0, 0.15); border-radius: 3px;' title='1.0'>_||> "
 '"<||_html:</span>_||><||_html:<span style=\'background-color: rgba(0.0, '
 "165.0, 0, 0.15); border-radius: 3px;' "
 "title='1.0'>_||>release<||_html:</span>_||><||_html:<span "
 "style='background-color: rgba(0.0, 165.0, 0, 0.15); border-radius: 3px;' "
 "title='1.0'>_||>_<||_html:</span>_||><||_html:<span style='background-color: "
 "rgba(0.0, 165.0, 0, 0.15); border-radius: 3px;' "
 "title='1.0'>_||>note<||_html:</span>_||><||_html:<span "
 "style='background-color: rgba(0.0, 165.0, 0, 0.15); border-radius: 3px;' "
 'title=\'1.0\'>_||>":<||_html:</span>_||><||_html:<span '
 "style='background-color: rgba(0.0, 165.0, 0, 0.15); border-radius: 3px;' "
 'title=\'1.0\'>_||> "<||_html:</span>_||><||_html:<span '
 "style='background-color: rgba(0.0, 165.0, 0, 0.15); border-radius: 3px;' "
 "title='1.0'>_||>The<||_html:</span>_||><||_html:<span "
 "style='background-color: rgba(0.0, 165.0, 0, 0.15); border-radius: 3px;' "
 "title='1.0'>_||> '<||_html:</span>_||><||_html:<span "
 "style='background-color: rgba(0.0, 165.0, 0, 0.15); border-radius: 3px;' "
 "title='1.0'>_||>Product<||_html:</span>_||><||_html:<span "
 "style='background-color: rgba(0.0, 165.0, 0, 0.15); border-radius: 3px;' "
 "title='1.0'>_||>'<||_html:</span>_||><||_html:<span style='background-color: "
 "rgba(0.0, 165.0, 0, 0.15); border-radius: 3px;' title='1.0'>_||> "
 "type<||_html:</span>_||><||_html:<span style='background-color: rgba(0.0, "
 "165.0, 0, 0.15); border-radius: 3px;' title='1.0'>_||> "
 "no<||_html:</span>_||><||_html:<span style='background-color: rgba(0.0, "
 "165.0, 0, 0.15); border-radius: 3px;' title='1.0'>_||> "
 "longer<||_html:</span>_||><||_html:<span style='background-color: rgba(0.0, "
 "165.0, 0, 0.15); border-radius: 3px;' title='1.0'>_||> "
 "includes<||_html:</span>_||><||_html:<span style='background-color: "
 "rgba(0.0, 165.0, 0, 0.15); border-radius: 3px;' title='1.0'>_||> "
 "the<||_html:</span>_||><||_html:<span style='background-color: rgba(0.0, "
 "165.0, 0, 0.15); border-radius: 3px;' title='1.0'>_||> "
 "'<||_html:</span>_||><||_html:<span style='background-color: rgba(0.0, "
 "165.0, 0, 0.15); border-radius: 3px;' "
 "title='1.0'>_||>description<||_html:</span>_||><||_html:<span "
 "style='background-color: rgba(0.0, 165.0, 0, 0.15); border-radius: 3px;' "
 "title='1.0'>_||>'<||_html:</span>_||><||_html:<span style='background-color: "
 "rgba(0.0, 165.0, 0, 0.15); border-radius: 3px;' title='1.0'>_||> "
 "field<||_html:</span>_||><||_html:<span style='background-color: rgba(0.0, "
 "165.0, 0, 0.15); border-radius: 3px;' "
 'title=\'1.0\'>_||>."<||_html:</span>_||><||_html:<span '
 "style='background-color: rgba(0.0, 165.0, 0, 0.15); border-radius: 3px;' "
 "title='1.0'>_||>\n"
 "<||_html:</span>_||><||_html:<span style='background-color: rgba(0.0, 165.0, "
 "0, 0.15); border-radius: 3px;' title='1.0'>_||>   "
 "<||_html:</span>_||><||_html:<span style='background-color: rgba(0.0, 165.0, "
 "0, 0.15); border-radius: 3px;' title='1.0'>_||> "
 "},<||_html:</span>_||><||_html:<span style='background-color: rgba(0.0, "
 "165.0, 0, 0.15); border-radius: 3px;' title='1.0'>_||>\n"
 "<||_html:</span>_||><||_html:<span style='background-color: rgba(0.0, 165.0, "
 "0, 0.15); border-radius: 3px;' title='1.0'>_||>   "
 "<||_html:</span>_||><||_html:<span style='background-color: rgba(0.0, 165.0, "
 "0, 0.15); border-radius: 3px;' title='1.0'>_||> "
 "{<||_html:</span>_||><||_html:<span style='background-color: rgba(0.0, "
 "165.0, 0, 0.15); border-radius: 3px;' title='1.0'>_||>\n"
 "<||_html:</span>_||><||_html:<span style='background-color: rgba(0.0, 165.0, "
 "0, 0.15); border-radius: 3px;' title='1.0'>_||>     "
 "<||_html:</span>_||><||_html:<span style='background-color: rgba(0.0, 165.0, "
 "0, 0.15); border-radius: 3px;' title='1.0'>_||> "
 '"<||_html:</span>_||><||_html:<span style=\'background-color: rgba(0.0, '
 "165.0, 0, 0.15); border-radius: 3px;' "
 "title='1.0'>_||>type<||_html:</span>_||><||_html:<span "
 "style='background-color: rgba(0.0, 165.0, 0, 0.15); border-radius: 3px;' "
 'title=\'1.0\'>_||>":<||_html:</span>_||><||_html:<span '
 "style='background-color: rgba(0.0, 165.0, 0, 0.15); border-radius: 3px;' "
 'title=\'1.0\'>_||> "<||_html:</span>_||><||_html:<span '
 "style='background-color: rgba(0.0, 165.0, 0, 0.15); border-radius: 3px;' "
 "title='1.0'>_||>Product<||_html:</span>_||><||_html:<span "
 "style='background-color: rgba(0.0, 165.0, 0, 0.15); border-radius: 3px;' "
 'title=\'1.0\'>_||>",<||_html:</span>_||><||_html:<span '
 "style='background-color: rgba(0.0, 165.0, 0, 0.15); border-radius: 3px;' "
 "title='1.0'>_||>\n"
 "<||_html:</span>_||><||_html:<span style='background-color: rgba(0.0, 165.0, "
 "0, 0.15); border-radius: 3px;' title='1.0'>_||>     "
 "<||_html:</span>_||><||_html:<span style='background-color: rgba(0.0, 165.0, "
 "0, 0.15); border-radius: 3px;' title='1.0'>_||> "
 '"<||_html:</span>_||><||_html:<span style=\'background-color: rgba(0.0, '
 "165.0, 0, 0.15); border-radius: 3px;' "
 "title='1.0'>_||>field<||_html:</span>_||><||_html:<span "
 "style='background-color: rgba(0.0, 165.0, 0, 0.15); border-radius: 3px;' "
 'title=\'1.0\'>_||>":<||_html:</span>_||><||_html:<span '
 "style='background-color: rgba(0.0, 165.0, 0, 0.15); border-radius: 3px;' "
 'title=\'1.0\'>_||> "<||_html:</span>_||><||_html:<span '
 "style='background-color: rgba(0.0, 165.0, 0, 0.15); border-radius: 3px;' "
 "title='1.0'>_||>stock<||_html:</span>_||><||_html:<span "
 "style='background-color: rgba(0.0, 165.0, 0, 0.15); border-radius: 3px;' "
 'title=\'1.0\'>_||>",<||_html:</span>_||><||_html:<span '
 "style='background-color: rgba(0.0, 165.0, 0, 0.15); border-radius: 3px;' "
 "title='1.0'>_||>\n"
 "<||_html:</span>_||><||_html:<span style='background-color: rgba(0.0, 165.0, "
 "0, 0.15); border-radius: 3px;' title='1.0'>_||>     "
 "<||_html:</span>_||><||_html:<span style='background-color: rgba(0.0, 165.0, "
 "0, 0.15); border-radius: 3px;' title='1.0'>_||> "
 '"<||_html:</span>_||><||_html:<span style=\'background-color: rgba(0.0, '
 "165.0, 0, 0.15); border-radius: 3px;' "
 "title='1.0'>_||>change<||_html:</span>_||><||_html:<span "
 "style='background-color: rgba(0.0, 165.0, 0, 0.15); border-radius: 3px;' "
 'title=\'1.0\'>_||>":<||_html:</span>_||><||_html:<span '
 "style='background-color: rgba(0.0, 165.0, 0, 0.15); border-radius: 3px;' "
 'title=\'1.0\'>_||> "<||_html:</span>_||><||_html:<span '
 "style='background-color: rgba(0.0, 165.0, 0, 0.15); border-radius: 3px;' "
 "title='1.0'>_||>field<||_html:</span>_||><||_html:<span "
 "style='background-color: rgba(0.0, 165.0, 0, 0.15); border-radius: 3px;' "
 "title='1.0'>_||> removed<||_html:</span>_||><||_html:<span "
 "style='background-color: rgba(0.0, 165.0, 0, 0.15); border-radius: 3px;' "
 'title=\'1.0\'>_||>",<||_html:</span>_||><||_html:<span '
 "style='background-color: rgba(0.0, 165.0, 0, 0.15); border-radius: 3px;' "
 "title='1.0'>_||>\n"
 "<||_html:</span>_||><||_html:<span style='background-color: rgba(0.0, 165.0, "
 "0, 0.15); border-radius: 3px;' title='1.0'>_||>     "
 "<||_html:</span>_||><||_html:<span style='background-color: rgba(0.0, 165.0, "
 "0, 0.15); border-radius: 3px;' title='1.0'>_||> "
 '"<||_html:</span>_||><||_html:<span style=\'background-color: rgba(0.0, '
 "165.0, 0, 0.15); border-radius: 3px;' "
 "title='1.0'>_||>breaking<||_html:</span>_||><||_html:<span "
 "style='background-color: rgba(0.0, 165.0, 0, 0.15); border-radius: 3px;' "
 'title=\'1.0\'>_||>":<||_html:</span>_||><||_html:<span '
 "style='background-color: rgba(0.0, 165.0, 0, 0.15); border-radius: 3px;' "
 'title=\'1.0\'>_||> "<||_html:</span>_||><||_html:<span '
 "style='background-color: rgba(0.0, 165.0, 0, 0.15); border-radius: 3px;' "
 "title='1.0'>_||>true<||_html:</span>_||><||_html:<span "
 "style='background-color: rgba(0.0, 165.0, 0, 0.15); border-radius: 3px;' "
 'title=\'1.0\'>_||>",<||_html:</span>_||><||_html:<span '
 "style='background-color: rgba(0.0, 165.0, 0, 0.15); border-radius: 3px;' "
 "title='1.0'>_||>\n"
 "<||_html:</span>_||><||_html:<span style='background-color: rgba(0.0, 165.0, "
 "0, 0.15); border-radius: 3px;' title='1.0'>_||>     "
 "<||_html:</span>_||><||_html:<span style='background-color: rgba(0.0, 165.0, "
 "0, 0.15); border-radius: 3px;' title='1.0'>_||> "
 '"<||_html:</span>_||><||_html:<span style=\'background-color: rgba(0.0, '
 "165.0, 0, 0.15); border-radius: 3px;' "
 "title='1.0'>_||>release<||_html:</span>_||><||_html:<span "
 "style='background-color: rgba(0.0, 165.0, 0, 0.15); border-radius: 3px;' "
 "title='1.0'>_||>_<||_html:</span>_||><||_html:<span style='background-color: "
 "rgba(0.0, 165.0, 0, 0.15); border-radius: 3px;' "
 "title='1.0'>_||>note<||_html:</span>_||><||_html:<span "
 "style='background-color: rgba(0.0, 165.0, 0, 0.15); border-radius: 3px;' "
 'title=\'1.0\'>_||>":<||_html:</span>_||><||_html:<span '
 "style='background-color: rgba(0.0, 165.0, 0, 0.15); border-radius: 3px;' "
 'title=\'1.0\'>_||> "<||_html:</span>_||><||_html:<span '
 "style='background-color: rgba(0.0, 165.0, 0, 0.15); border-radius: 3px;' "
 "title='1.0'>_||>The<||_html:</span>_||><||_html:<span "
 "style='background-color: rgba(0.0, 165.0, 0, 0.15); border-radius: 3px;' "
 "title='1.0'>_||> '<||_html:</span>_||><||_html:<span "
 "style='background-color: rgba(0.0, 165.0, 0, 0.15); border-radius: 3px;' "
 "title='1.0'>_||>Product<||_html:</span>_||><||_html:<span "
 "style='background-color: rgba(0.0, 165.0, 0, 0.15); border-radius: 3px;' "
 "title='1.0'>_||>'<||_html:</span>_||><||_html:<span style='background-color: "
 "rgba(0.0, 165.0, 0, 0.15); border-radius: 3px;' title='1.0'>_||> "
 "type<||_html:</span>_||><||_html:<span style='background-color: rgba(0.0, "
 "165.0, 0, 0.15); border-radius: 3px;' title='1.0'>_||> "
 "no<||_html:</span>_||><||_html:<span style='background-color: rgba(0.0, "
 "165.0, 0, 0.15); border-radius: 3px;' title='1.0'>_||> "
 "longer<||_html:</span>_||><||_html:<span style='background-color: rgba(0.0, "
 "165.0, 0, 0.15); border-radius: 3px;' title='1.0'>_||> "
 "includes<||_html:</span>_||><||_html:<span style='background-color: "
 "rgba(0.0, 165.0, 0, 0.15); border-radius: 3px;' title='1.0'>_||> "
 "the<||_html:</span>_||><||_html:<span style='background-color: rgba(0.0, "
 "165.0, 0, 0.15); border-radius: 3px;' title='1.0'>_||> "
 "'<||_html:</span>_||><||_html:<span style='background-color: rgba(0.0, "
 "165.0, 0, 0.15); border-radius: 3px;' "
 "title='1.0'>_||>stock<||_html:</span>_||><||_html:<span "
 "style='background-color: rgba(0.0, 165.0, 0, 0.15); border-radius: 3px;' "
 "title='1.0'>_||>'<||_html:</span>_||><||_html:<span style='background-color: "
 "rgba(0.0, 165.0, 0, 0.15); border-radius: 3px;' title='1.0'>_||> "
 "field<||_html:</span>_||><||_html:<span style='background-color: rgba(0.0, "
 "165.0, 0, 0.15); border-radius: 3px;' "
 'title=\'1.0\'>_||>."<||_html:</span>_||><||_html:<span '
 "style='background-color: rgba(0.0, 165.0, 0, 0.15); border-radius: 3px;' "
 "title='1.0'>_||>\n"
 "<||_html:</span>_||><||_html:<span style='background-color: rgba(0.0, 165.0, "
 "0, 0.15); border-radius: 3px;' title='1.0'>_||>   "
 "<||_html:</span>_||><||_html:<span style='background-color: rgba(0.0, 165.0, "
 "0, 0.15); border-radius: 3px;' title='1.0'>_||> "
 "}<||_html:</span>_||><||_html:<span style='background-color: rgba(0.0, "
 "165.0, 0, 0.15); border-radius: 3px;' title='1.0'>_||>\n"
 "<||_html:</span>_||><||_html:<span style='background-color: rgba(0.0, 165.0, "
 "0, 0.15); border-radius: 3px;' title='1.0'>_||> "
 "<||_html:</span>_||><||_html:<span style='background-color: rgba(0.0, 165.0, "
 "0, 0.15); border-radius: 3px;' title='1.0'>_||> "
 "],<||_html:</span>_||><||_html:<span style='background-color: rgba(0.0, "
 "165.0, 0, 0.15); border-radius: 3px;' title='1.0'>_||>\n"
 "<||_html:</span>_||><||_html:<span style='background-color: rgba(0.0, 165.0, "
 "0, 0.15); border-radius: 3px;' title='1.0'>_||> "
 "<||_html:</span>_||><||_html:<span style='background-color: rgba(0.0, 165.0, "
 "0, 0.15); border-radius: 3px;' title='1.0'>_||> "
 '"<||_html:</span>_||><||_html:<span style=\'background-color: rgba(0.0, '
 "165.0, 0, 0.15); border-radius: 3px;' "
 "title='1.0'>_||>release<||_html:</span>_||><||_html:<span "
 "style='background-color: rgba(0.0, 165.0, 0, 0.15); border-radius: 3px;' "
 "title='1.0'>_||>_<||_html:</span>_||><||_html:<span style='background-color: "
 "rgba(0.0, 165.0, 0, 0.15); border-radius: 3px;' "
 "title='1.0'>_||>notes<||_html:</span>_||><||_html:<span "
 "style='background-color: rgba(0.0, 165.0, 0, 0.15); border-radius: 3px;' "
 'title=\'1.0\'>_||>":<||_html:</span>_||><||_html:<span '
 "style='background-color: rgba(0.0, 165.0, 0, 0.15); border-radius: 3px;' "
 "title='1.0'>_||> {<||_html:</span>_||><||_html:<span "
 "style='background-color: rgba(0.0, 165.0, 0, 0.15); border-radius: 3px;' "
 "title='1.0'>_||>\n"
 "<||_html:</span>_||><||_html:<span style='background-color: rgba(0.0, 165.0, "
 "0, 0.15); border-radius: 3px;' title='1.0'>_||>   "
 "<||_html:</span>_||><||_html:<span style='background-color: rgba(0.0, 165.0, "
 "0, 0.15); border-radius: 3px;' title='1.0'>_||> "
 '"<||_html:</span>_||><||_html:<span style=\'background-color: rgba(0.0, '
 "165.0, 0, 0.15); border-radius: 3px;' "
 "title='1.0'>_||>summary<||_html:</span>_||><||_html:<span "
 "style='background-color: rgba(0.0, 165.0, 0, 0.15); border-radius: 3px;' "
 'title=\'1.0\'>_||>":<||_html:</span>_||><||_html:<span '
 "style='background-color: rgba(0.0, 165.0, 0, 0.15); border-radius: 3px;' "
 'title=\'1.0\'>_||> "<||_html:</span>_||><||_html:<span '
 "style='background-color: rgba(0.0, 165.0, 0, 0.15); border-radius: 3px;' "
 "title='1.0'>_||>The<||_html:</span>_||><||_html:<span "
 "style='background-color: rgba(0.0, 165.0, 0, 0.15); border-radius: 3px;' "
 "title='1.0'>_||> '<||_html:</span>_||><||_html:<span "
 "style='background-color: rgba(0.0, 165.0, 0, 0.15); border-radius: 3px;' "
 "title='1.0'>_||>get<||_html:</span>_||><||_html:<span "
 "style='background-color: rgba(0.0, 165.0, 0, 0.15); border-radius: 3px;' "
 "title='1.0'>_||>Product<||_html:</span>_||><||_html:<span "
 "style='background-color: rgba(0.0, 165.0, 0, 0.15); border-radius: 3px;' "
 "title='1.0'>_||>'<||_html:</span>_||><||_html:<span style='background-color: "
 "rgba(0.0, 165.0, 0, 0.15); border-radius: 3px;' title='1.0'>_||> "
 "query<||_html:</span>_||><||_html:<span style='background-color: rgba(0.0, "
 "165.0, 0, 0.15); border-radius: 3px;' title='1.0'>_||> "
 "now<||_html:</span>_||><||_html:<span style='background-color: rgba(0.0, "
 "165.0, 0, 0.15); border-radius: 3px;' title='1.0'>_||> "
 "includes<||_html:</span>_||><||_html:<span style='background-color: "
 "rgba(0.0, 165.0, 0, 0.15); border-radius: 3px;' title='1.0'>_||> "
 "a<||_html:</span>_||><||_html:<span style='background-color: rgba(0.0, "
 "165.0, 0, 0.15); border-radius: 3px;' title='1.0'>_||> "
 "new<||_html:</span>_||><||_html:<span style='background-color: rgba(0.0, "
 "165.0, 0, 0.15); border-radius: 3px;' title='1.0'>_||> "
 "field<||_html:</span>_||><||_html:<span style='background-color: rgba(0.0, "
 "165.0, 0, 0.15); border-radius: 3px;' title='1.0'>_||> "
 "'<||_html:</span>_||><||_html:<span style='background-color: rgba(0.0, "
 "165.0, 0, 0.15); border-radius: 3px;' "
 "title='1.0'>_||>details<||_html:</span>_||><||_html:<span "
 "style='background-color: rgba(0.0, 165.0, 0, 0.15); border-radius: 3px;' "
 "title='1.0'>_||>'<||_html:</span>_||><||_html:<span style='background-color: "
 "rgba(0.0, 165.0, 0, 0.15); border-radius: 3px;' title='1.0'>_||> "
 "of<||_html:</span>_||><||_html:<span style='background-color: rgba(0.0, "
 "165.0, 0, 0.15); border-radius: 3px;' title='1.0'>_||> "
 "type<||_html:</span>_||><||_html:<span style='background-color: rgba(0.0, "
 "165.0, 0, 0.15); border-radius: 3px;' title='1.0'>_||> "
 "String<||_html:</span>_||><||_html:<span style='background-color: rgba(0.0, "
 "165.0, 0, 0.15); border-radius: 3px;' "
 "title='1.0'>_||>.<||_html:</span>_||><||_html:<span style='background-color: "
 "rgba(0.0, 165.0, 0, 0.15); border-radius: 3px;' title='1.0'>_||> "
 "The<||_html:</span>_||><||_html:<span style='background-color: rgba(0.0, "
 "165.0, 0, 0.15); border-radius: 3px;' title='1.0'>_||> "
 "'<||_html:</span>_||><||_html:<span style='background-color: rgba(0.0, "
 "165.0, 0, 0.15); border-radius: 3px;' "
 "title='1.0'>_||>Product<||_html:</span>_||><||_html:<span "
 "style='background-color: rgba(0.0, 165.0, 0, 0.15); border-radius: 3px;' "
 "title='1.0'>_||>'<||_html:</span>_||><||_html:<span style='background-color: "
 "rgba(0.0, 165.0, 0, 0.15); border-radius: 3px;' title='1.0'>_||> "
 "type<||_html:</span>_||><||_html:<span style='background-color: rgba(0.0, "
 "165.0, 0, 0.15); border-radius: 3px;' title='1.0'>_||> "
 "no<||_html:</span>_||><||_html:<span style='background-color: rgba(0.0, "
 "165.0, 0, 0.15); border-radius: 3px;' title='1.0'>_||> "
 "longer<||_html:</span>_||><||_html:<span style='background-color: rgba(0.0, "
 "165.0, 0, 0.15); border-radius: 3px;' title='1.0'>_||> "
 "includes<||_html:</span>_||><||_html:<span style='background-color: "
 "rgba(0.0, 165.0, 0, 0.15); border-radius: 3px;' title='1.0'>_||> "
 "the<||_html:</span>_||><||_html:<span style='background-color: rgba(0.0, "
 "165.0, 0, 0.15); border-radius: 3px;' title='1.0'>_||> "
 "'<||_html:</span>_||><||_html:<span style='background-color: rgba(0.0, "
 "165.0, 0, 0.15); border-radius: 3px;' "
 "title='1.0'>_||>description<||_html:</span>_||><||_html:<span "
 "style='background-color: rgba(0.0, 165.0, 0, 0.15); border-radius: 3px;' "
 "title='1.0'>_||>'<||_html:</span>_||><||_html:<span style='background-color: "
 "rgba(0.0, 165.0, 0, 0.15); border-radius: 3px;' title='1.0'>_||> "
 "and<||_html:</span>_||><||_html:<span style='background-color: rgba(0.0, "
 "165.0, 0, 0.15); border-radius: 3px;' title='1.0'>_||> "
 "'<||_html:</span>_||><||_html:<span style='background-color: rgba(0.0, "
 "165.0, 0, 0.15); border-radius: 3px;' "
 "title='1.0'>_||>stock<||_html:</span>_||><||_html:<span "
 "style='background-color: rgba(0.0, 165.0, 0, 0.15); border-radius: 3px;' "
 "title='1.0'>_||>'<||_html:</span>_||><||_html:<span style='background-color: "
 "rgba(0.0, 165.0, 0, 0.15); border-radius: 3px;' title='1.0'>_||> "
 "fields<||_html:</span>_||><||_html:<span style='background-color: rgba(0.0, "
 "165.0, 0, 0.15); border-radius: 3px;' "
 'title=\'1.0\'>_||>."<||_html:</span>_||><||_html:<span '
 "style='background-color: rgba(0.0, 165.0, 0, 0.15); border-radius: 3px;' "
 "title='1.0'>_||>\n"
 "<||_html:</span>_||><||_html:<span style='background-color: rgba(0.0, 165.0, "
 "0, 0.15); border-radius: 3px;' title='1.0'>_||> "
 "<||_html:</span>_||><||_html:<span style='background-color: rgba(0.0, 165.0, "
 "0, 0.15); border-radius: 3px;' title='1.0'>_||> "
 "}<||_html:</span>_||><||_html:<span style='background-color: rgba(0.0, "
 "165.0, 0, 0.15); border-radius: 3px;' title='1.0'>_||>\n"
 "<||_html:</span>_||><||_html:<span style='background-color: rgba(0.0, 165.0, "
 "0, 0.15); border-radius: 3px;' "
 'title=\'1.0\'>_||>}<||_html:</span>_||>{"changes":<||_html:<span '
 "style='background-color: rgba(0.0, 165.0, 0, 0.15); border-radius: 3px;' "
 "title='1.0'>_||>[<||_html:</span>_||><||_html:<span style='background-color: "
 "rgba(0.0, 165.0, 0, 0.15); border-radius: 3px;' "
 'title=\'1.0\'>_||>{"<||_html:</span>_||>type<||_html:<span '
 "style='background-color: rgba(0.0, 165.0, 0, 0.15); border-radius: 3px;' "
 'title=\'1.0\'>_||>":"<||_html:</span>_||><||_html:<span '
 "style='background-color: rgba(0.0, 165.0, 0, 0.15); border-radius: 3px;' "
 "title='1.0'>_||>Query<||_html:</span>_||><||_html:<span "
 "style='background-color: rgba(0.0, 165.0, 0, 0.15); border-radius: 3px;' "
 'title=\'1.0\'>_||>","<||_html:</span>_||>field<||_html:<span '
 "style='background-color: rgba(0.0, 165.0, 0, 0.15); border-radius: 3px;' "
 'title=\'1.0\'>_||>":"<||_html:</span>_||><||_html:<span '
 "style='background-color: rgba(0.0, 165.0, 0, 0.15); border-radius: 3px;' "
 "title='1.0'>_||>get<||_html:</span>_||><||_html:<span "
 "style='background-color: rgba(0.0, 165.0, 0, 0.15); border-radius: 3px;' "
 "title='1.0'>_||>Product<||_html:</span>_||><||_html:<span "
 "style='background-color: rgba(0.0, 165.0, 0, 0.15); border-radius: 3px;' "
 'title=\'1.0\'>_||>","<||_html:</span>_||>change<||_html:<span '
 "style='background-color: rgba(0.0, 165.0, 0, 0.15); border-radius: 3px;' "
 'title=\'1.0\'>_||>":"<||_html:</span>_||><||_html:<span '
 "style='background-color: rgba(0.0, 165.0, 0, 0.15); border-radius: 3px;' "
 "title='1.0'>_||>field<||_html:</span>_||><||_html:<span "
 "style='background-color: rgba(0.0, 165.0, 0, 0.15); border-radius: 3px;' "
 "title='1.0'>_||> details<||_html:</span>_||><||_html:<span "
 "style='background-color: rgba(0.0, 165.0, 0, 0.15); border-radius: 3px;' "
 "title='1.0'>_||> added<||_html:</span>_||><||_html:<span "
 "style='background-color: rgba(0.0, 165.0, 0, 0.15); border-radius: 3px;' "
 'title=\'1.0\'>_||>","<||_html:</span>_||>breaking<||_html:<span '
 "style='background-color: rgba(0.0, 165.0, 0, 0.15); border-radius: 3px;' "
 'title=\'1.0\'>_||>":<||_html:</span>_||><||_html:<span '
 "style='background-color: rgba(0.0, 165.0, 0, 0.15); border-radius: 3px;' "
 'title=\'1.0\'>_||>false<||_html:</span>_||>,"release_note<||_html:<span '
 "style='background-color: rgba(0.0, 165.0, 0, 0.15); border-radius: 3px;' "
 'title=\'1.0\'>_||>":"<||_html:</span>_||><||_html:<span '
 "style='background-color: rgba(0.0, 165.0, 0, 0.15); border-radius: 3px;' "
 "title='1.0'>_||>The<||_html:</span>_||><||_html:<span "
 "style='background-color: rgba(0.0, 165.0, 0, 0.15); border-radius: 3px;' "
 "title='1.0'>_||> '<||_html:</span>_||><||_html:<span "
 "style='background-color: rgba(0.0, 165.0, 0, 0.15); border-radius: 3px;' "
 "title='1.0'>_||>get<||_html:</span>_||><||_html:<span "
 "style='background-color: rgba(0.0, 165.0, 0, 0.15); border-radius: 3px;' "
 "title='1.0'>_||>Product<||_html:</span>_||><||_html:<span "
 "style='background-color: rgba(0.0, 165.0, 0, 0.15); border-radius: 3px;' "
 "title='1.0'>_||>'<||_html:</span>_||><||_html:<span style='background-color: "
 "rgba(0.0, 165.0, 0, 0.15); border-radius: 3px;' title='1.0'>_||> "
 "query<||_html:</span>_||><||_html:<span style='background-color: rgba(0.0, "
 "165.0, 0, 0.15); border-radius: 3px;' title='1.0'>_||> "
 "now<||_html:</span>_||><||_html:<span style='background-color: rgba(0.0, "
 "165.0, 0, 0.15); border-radius: 3px;' title='1.0'>_||> "
 "includes<||_html:</span>_||><||_html:<span style='background-color: "
 "rgba(0.0, 165.0, 0, 0.15); border-radius: 3px;' title='1.0'>_||> "
 "a<||_html:</span>_||><||_html:<span style='background-color: rgba(0.0, "
 "165.0, 0, 0.15); border-radius: 3px;' title='1.0'>_||> "
 "new<||_html:</span>_||><||_html:<span style='background-color: rgba(0.0, "
 "165.0, 0, 0.15); border-radius: 3px;' title='1.0'>_||> "
 "field<||_html:</span>_||><||_html:<span style='background-color: rgba(0.0, "
 "165.0, 0, 0.15); border-radius: 3px;' title='1.0'>_||> "
 "'<||_html:</span>_||><||_html:<span style='background-color: rgba(0.0, "
 "165.0, 0, 0.15); border-radius: 3px;' "
 "title='1.0'>_||>details<||_html:</span>_||><||_html:<span "
 "style='background-color: rgba(0.0, 165.0, 0, 0.15); border-radius: 3px;' "
 "title='1.0'>_||>'<||_html:</span>_||><||_html:<span style='background-color: "
 "rgba(0.0, 165.0, 0, 0.15); border-radius: 3px;' title='1.0'>_||> "
 "of<||_html:</span>_||><||_html:<span style='background-color: rgba(0.0, "
 "165.0, 0, 0.15); border-radius: 3px;' title='1.0'>_||> "
 "type<||_html:</span>_||><||_html:<span style='background-color: rgba(0.0, "
 "165.0, 0, 0.15); border-radius: 3px;' title='1.0'>_||> "
 "String<||_html:</span>_||><||_html:<span style='background-color: rgba(0.0, "
 "165.0, 0, 0.15); border-radius: 3px;' "
 'title=\'1.0\'>_||>."<||_html:</span>_||><||_html:<span '
 "style='background-color: rgba(0.0, 165.0, 0, 0.15); border-radius: 3px;' "
 'title=\'1.0\'>_||>},<||_html:</span>_||>{"type<||_html:<span '
 "style='background-color: rgba(0.0, 165.0, 0, 0.15); border-radius: 3px;' "
 'title=\'1.0\'>_||>":"<||_html:</span>_||><||_html:<span '
 "style='background-color: rgba(0.0, 165.0, 0, 0.15); border-radius: 3px;' "
 "title='1.0'>_||>Product<||_html:</span>_||><||_html:<span "
 "style='background-color: rgba(0.0, 165.0, 0, 0.15); border-radius: 3px;' "
 'title=\'1.0\'>_||>","<||_html:</span>_||>field<||_html:<span '
 "style='background-color: rgba(0.0, 165.0, 0, 0.15); border-radius: 3px;' "
 'title=\'1.0\'>_||>":"<||_html:</span>_||><||_html:<span '
 "style='background-color: rgba(0.0, 165.0, 0, 0.15); border-radius: 3px;' "
 "title='1.0'>_||>description<||_html:</span>_||><||_html:<span "
 "style='background-color: rgba(0.0, 165.0, 0, 0.15); border-radius: 3px;' "
 'title=\'1.0\'>_||>","<||_html:</span>_||>change<||_html:<span '
 "style='background-color: rgba(0.0, 165.0, 0, 0.15); border-radius: 3px;' "
 'title=\'1.0\'>_||>":"<||_html:</span>_||><||_html:<span '
 "style='background-color: rgba(0.0, 165.0, 0, 0.15); border-radius: 3px;' "
 "title='1.0'>_||>field<||_html:</span>_||><||_html:<span "
 "style='background-color: rgba(0.0, 165.0, 0, 0.15); border-radius: 3px;' "
 "title='1.0'>_||> removed<||_html:</span>_||><||_html:<span "
 "style='background-color: rgba(0.0, 165.0, 0, 0.15); border-radius: 3px;' "
 'title=\'1.0\'>_||>","<||_html:</span>_||>breaking<||_html:<span '
 "style='background-color: rgba(0.0, 165.0, 0, 0.15); border-radius: 3px;' "
 'title=\'1.0\'>_||>":<||_html:</span>_||><||_html:<span '
 "style='background-color: rgba(0.0, 165.0, 0, 0.15); border-radius: 3px;' "
 'title=\'1.0\'>_||>true<||_html:</span>_||>,"release_note<||_html:<span '
 "style='background-color: rgba(0.0, 165.0, 0, 0.15); border-radius: 3px;' "
 'title=\'1.0\'>_||>":"<||_html:</span>_||><||_html:<span '
 "style='background-color: rgba(0.0, 165.0, 0, 0.15); border-radius: 3px;' "
 "title='1.0'>_||>The<||_html:</span>_||><||_html:<span "
 "style='background-color: rgba(0.0, 165.0, 0, 0.15); border-radius: 3px;' "
 "title='1.0'>_||> '<||_html:</span>_||><||_html:<span "
 "style='background-color: rgba(0.0, 165.0, 0, 0.15); border-radius: 3px;' "
 "title='1.0'>_||>Product<||_html:</span>_||><||_html:<span "
 "style='background-color: rgba(0.0, 165.0, 0, 0.15); border-radius: 3px;' "
 "title='1.0'>_||>'<||_html:</span>_||><||_html:<span style='background-color: "
 "rgba(0.0, 165.0, 0, 0.15); border-radius: 3px;' title='1.0'>_||> "
 "type<||_html:</span>_||><||_html:<span style='background-color: rgba(0.0, "
 "165.0, 0, 0.15); border-radius: 3px;' title='1.0'>_||> "
 "no<||_html:</span>_||><||_html:<span style='background-color: rgba(0.0, "
 "165.0, 0, 0.15); border-radius: 3px;' title='1.0'>_||> "
 "longer<||_html:</span>_||><||_html:<span style='background-color: rgba(0.0, "
 "165.0, 0, 0.15); border-radius: 3px;' title='1.0'>_||> "
 "includes<||_html:</span>_||><||_html:<span style='background-color: "
 "rgba(0.0, 165.0, 0, 0.15); border-radius: 3px;' title='1.0'>_||> "
 "the<||_html:</span>_||><||_html:<span style='background-color: rgba(0.0, "
 "165.0, 0, 0.15); border-radius: 3px;' title='1.0'>_||> "
 "'<||_html:</span>_||><||_html:<span style='background-color: rgba(0.0, "
 "165.0, 0, 0.15); border-radius: 3px;' "
 "title='1.0'>_||>description<||_html:</span>_||><||_html:<span "
 "style='background-color: rgba(0.0, 165.0, 0, 0.15); border-radius: 3px;' "
 "title='1.0'>_||>'<||_html:</span>_||><||_html:<span style='background-color: "
 "rgba(0.0, 165.0, 0, 0.15); border-radius: 3px;' title='1.0'>_||> "
 "field<||_html:</span>_||><||_html:<span style='background-color: rgba(0.0, "
 "165.0, 0, 0.15); border-radius: 3px;' "
 'title=\'1.0\'>_||>."<||_html:</span>_||><||_html:<span '
 "style='background-color: rgba(0.0, 165.0, 0, 0.15); border-radius: 3px;' "
 'title=\'1.0\'>_||>},<||_html:</span>_||>{"type<||_html:<span '
 "style='background-color: rgba(0.0, 165.0, 0, 0.15); border-radius: 3px;' "
 'title=\'1.0\'>_||>":"<||_html:</span>_||><||_html:<span '
 "style='background-color: rgba(0.0, 165.0, 0, 0.15); border-radius: 3px;' "
 "title='1.0'>_||>Product<||_html:</span>_||><||_html:<span "
 "style='background-color: rgba(0.0, 165.0, 0, 0.15); border-radius: 3px;' "
 'title=\'1.0\'>_||>","<||_html:</span>_||>field<||_html:<span '
 "style='background-color: rgba(0.0, 165.0, 0, 0.15); border-radius: 3px;' "
 'title=\'1.0\'>_||>":"<||_html:</span>_||><||_html:<span '
 "style='background-color: rgba(0.0, 165.0, 0, 0.15); border-radius: 3px;' "
 "title='1.0'>_||>stock<||_html:</span>_||><||_html:<span "
 "style='background-color: rgba(0.0, 165.0, 0, 0.15); border-radius: 3px;' "
 'title=\'1.0\'>_||>","<||_html:</span>_||>change<||_html:<span '
 "style='background-color: rgba(0.0, 165.0, 0, 0.15); border-radius: 3px;' "
 'title=\'1.0\'>_||>":"<||_html:</span>_||><||_html:<span '
 "style='background-color: rgba(0.0, 165.0, 0, 0.15); border-radius: 3px;' "
 "title='1.0'>_||>field<||_html:</span>_||><||_html:<span "
 "style='background-color: rgba(0.0, 165.0, 0, 0.15); border-radius: 3px;' "
 "title='1.0'>_||> removed<||_html:</span>_||><||_html:<span "
 "style='background-color: rgba(0.0, 165.0, 0, 0.15); border-radius: 3px;' "
 'title=\'1.0\'>_||>","<||_html:</span>_||>breaking<||_html:<span '
 "style='background-color: rgba(0.0, 165.0, 0, 0.15); border-radius: 3px;' "
 'title=\'1.0\'>_||>":<||_html:</span>_||><||_html:<span '
 "style='background-color: rgba(0.0, 165.0, 0, 0.15); border-radius: 3px;' "
 'title=\'1.0\'>_||>true<||_html:</span>_||>,"release_note<||_html:<span '
 "style='background-color: rgba(0.0, 165.0, 0, 0.15); border-radius: 3px;' "
 'title=\'1.0\'>_||>":"<||_html:</span>_||><||_html:<span '
 "style='background-color: rgba(0.0, 165.0, 0, 0.15); border-radius: 3px;' "
 "title='1.0'>_||>The<||_html:</span>_||><||_html:<span "
 "style='background-color: rgba(0.0, 165.0, 0, 0.15); border-radius: 3px;' "
 "title='1.0'>_||> '<||_html:</span>_||><||_html:<span "
 "style='background-color: rgba(0.0, 165.0, 0, 0.15); border-radius: 3px;' "
 "title='1.0'>_||>")
('Analyze the following two GraphQL schemas for changes, including both '
 'breaking and non-breaking changes.\n'
 '\n'
 '                        Provide your analysis in the following JSON format:\n'
 '                        {\n'
 '                          "changes": [\n'
 '                            {\n'
 '                              "type": "String representing the GraphQL type '
 '(e.g., Query, Mutation, Subscription)",\n'
 '                              "field": "String representing the specific '
 'field that changed",\n'
 '                              "change": "String describing the change (e.g., '
 'field renamed, new field added, field removed)",\n'
 '                              "breaking": "Boolean indicating if the change '
 'is breaking (true) or non-breaking (false)",\n'
 '                              "release_note": "String with a natural '
 'language description of the change for release notes"\n'
 '                            }\n'
 '                          ],\n'
 '                          "release_notes": {\n'
 '                              "summary": "String summarizing all changes, '
 'suitable for a mailing list or public announcement"\n'
 '                          }\n'
 '                        }\n'
 '\n'
 '                        When analyzing, consider the following types of '
 'changes:\n'
 '                        1. Removing fields or types (breaking)\n'
 '                        2. Changing field types (potentially breaking)\n'
 '                        3. Adding required fields (breaking)\n'
 '                        4. Changing the type of existing arguments '
 '(breaking)\n'
 '                        5. Adding optional fields (non-breaking)\n'
 '                        6. Adding new types (non-breaking)\n'
 '                        7. Deprecating fields (non-breaking)\n'
 '\n'
 '                        Ensure that each change is categorized correctly as '
 'breaking or non-breaking.: type Query {\n'
 '  getProduct(id: ID!): Product\n'
 '}\n'
 '\n'
 'type Product {\n'
 '  id: ID\n'
 '  name: String\n'
 '  description: String\n'
 '  price: Float\n'
 '  stock: Int\n'
 '}\n'
 ', type Query {\n'
 '  getProduct(id: ID!): Product\n'
 '}\n'
 '\n'
 'type Product {\n'
 '  id: ID\n'
 '  name: String\n'
 '  details: String\n'
 '  price: Float\n'
 '}\n'
 '\n'
 "Answer:<||_html:<span style='background-color: rgba(0.0, 165.0, 0, 0.15); "
 "border-radius: 3px;' title='1.0'>_||> {<||_html:</span>_||><||_html:<span "
 "style='background-color: rgba(0.0, 165.0, 0, 0.15); border-radius: 3px;' "
 "title='1.0'>_||>\n"
 "<||_html:</span>_||><||_html:<span style='background-color: rgba(0.0, 165.0, "
 "0, 0.15); border-radius: 3px;' title='1.0'>_||> "
 "<||_html:</span>_||><||_html:<span style='background-color: rgba(0.0, 165.0, "
 "0, 0.15); border-radius: 3px;' title='1.0'>_||> "
 '"<||_html:</span>_||><||_html:<span style=\'background-color: rgba(0.0, '
 "165.0, 0, 0.15); border-radius: 3px;' "
 "title='1.0'>_||>changes<||_html:</span>_||><||_html:<span "
 "style='background-color: rgba(0.0, 165.0, 0, 0.15); border-radius: 3px;' "
 'title=\'1.0\'>_||>":<||_html:</span>_||><||_html:<span '
 "style='background-color: rgba(0.0, 165.0, 0, 0.15); border-radius: 3px;' "
 "title='1.0'>_||> [<||_html:</span>_||><||_html:<span "
 "style='background-color: rgba(0.0, 165.0, 0, 0.15); border-radius: 3px;' "
 "title='1.0'>_||>\n"
 "<||_html:</span>_||><||_html:<span style='background-color: rgba(0.0, 165.0, "
 "0, 0.15); border-radius: 3px;' title='1.0'>_||>   "
 "<||_html:</span>_||><||_html:<span style='background-color: rgba(0.0, 165.0, "
 "0, 0.15); border-radius: 3px;' title='1.0'>_||> "
 "{<||_html:</span>_||><||_html:<span style='background-color: rgba(0.0, "
 "165.0, 0, 0.15); border-radius: 3px;' title='1.0'>_||>\n"
 "<||_html:</span>_||><||_html:<span style='background-color: rgba(0.0, 165.0, "
 "0, 0.15); border-radius: 3px;' title='1.0'>_||>     "
 "<||_html:</span>_||><||_html:<span style='background-color: rgba(0.0, 165.0, "
 "0, 0.15); border-radius: 3px;' title='1.0'>_||> "
 '"<||_html:</span>_||><||_html:<span style=\'background-color: rgba(0.0, '
 "165.0, 0, 0.15); border-radius: 3px;' "
 "title='1.0'>_||>type<||_html:</span>_||><||_html:<span "
 "style='background-color: rgba(0.0, 165.0, 0, 0.15); border-radius: 3px;' "
 'title=\'1.0\'>_||>":<||_html:</span>_||><||_html:<span '
 "style='background-color: rgba(0.0, 165.0, 0, 0.15); border-radius: 3px;' "
 'title=\'1.0\'>_||> "<||_html:</span>_||><||_html:<span '
 "style='background-color: rgba(0.0, 165.0, 0, 0.15); border-radius: 3px;' "
 "title='1.0'>_||>Query<||_html:</span>_||><||_html:<span "
 "style='background-color: rgba(0.0, 165.0, 0, 0.15); border-radius: 3px;' "
 'title=\'1.0\'>_||>",<||_html:</span>_||><||_html:<span '
 "style='background-color: rgba(0.0, 165.0, 0, 0.15); border-radius: 3px;' "
 "title='1.0'>_||>\n"
 "<||_html:</span>_||><||_html:<span style='background-color: rgba(0.0, 165.0, "
 "0, 0.15); border-radius: 3px;' title='1.0'>_||>     "
 "<||_html:</span>_||><||_html:<span style='background-color: rgba(0.0, 165.0, "
 "0, 0.15); border-radius: 3px;' title='1.0'>_||> "
 '"<||_html:</span>_||><||_html:<span style=\'background-color: rgba(0.0, '
 "165.0, 0, 0.15); border-radius: 3px;' "
 "title='1.0'>_||>field<||_html:</span>_||><||_html:<span "
 "style='background-color: rgba(0.0, 165.0, 0, 0.15); border-radius: 3px;' "
 'title=\'1.0\'>_||>":<||_html:</span>_||><||_html:<span '
 "style='background-color: rgba(0.0, 165.0, 0, 0.15); border-radius: 3px;' "
 'title=\'1.0\'>_||> "<||_html:</span>_||><||_html:<span '
 "style='background-color: rgba(0.0, 165.0, 0, 0.15); border-radius: 3px;' "
 "title='1.0'>_||>get<||_html:</span>_||><||_html:<span "
 "style='background-color: rgba(0.0, 165.0, 0, 0.15); border-radius: 3px;' "
 "title='1.0'>_||>Product<||_html:</span>_||><||_html:<span "
 "style='background-color: rgba(0.0, 165.0, 0, 0.15); border-radius: 3px;' "
 'title=\'1.0\'>_||>",<||_html:</span>_||><||_html:<span '
 "style='background-color: rgba(0.0, 165.0, 0, 0.15); border-radius: 3px;' "
 "title='1.0'>_||>\n"
 "<||_html:</span>_||><||_html:<span style='background-color: rgba(0.0, 165.0, "
 "0, 0.15); border-radius: 3px;' title='1.0'>_||>     "
 "<||_html:</span>_||><||_html:<span style='background-color: rgba(0.0, 165.0, "
 "0, 0.15); border-radius: 3px;' title='1.0'>_||> "
 '"<||_html:</span>_||><||_html:<span style=\'background-color: rgba(0.0, '
 "165.0, 0, 0.15); border-radius: 3px;' "
 "title='1.0'>_||>change<||_html:</span>_||><||_html:<span "
 "style='background-color: rgba(0.0, 165.0, 0, 0.15); border-radius: 3px;' "
 'title=\'1.0\'>_||>":<||_html:</span>_||><||_html:<span '
 "style='background-color: rgba(0.0, 165.0, 0, 0.15); border-radius: 3px;' "
 'title=\'1.0\'>_||> "<||_html:</span>_||><||_html:<span '
 "style='background-color: rgba(0.0, 165.0, 0, 0.15); border-radius: 3px;' "
 "title='1.0'>_||>field<||_html:</span>_||><||_html:<span "
 "style='background-color: rgba(0.0, 165.0, 0, 0.15); border-radius: 3px;' "
 "title='1.0'>_||> details<||_html:</span>_||><||_html:<span "
 "style='background-color: rgba(0.0, 165.0, 0, 0.15); border-radius: 3px;' "
 "title='1.0'>_||> added<||_html:</span>_||><||_html:<span "
 "style='background-color: rgba(0.0, 165.0, 0, 0.15); border-radius: 3px;' "
 'title=\'1.0\'>_||>",<||_html:</span>_||><||_html:<span '
 "style='background-color: rgba(0.0, 165.0, 0, 0.15); border-radius: 3px;' "
 "title='1.0'>_||>\n"
 "<||_html:</span>_||><||_html:<span style='background-color: rgba(0.0, 165.0, "
 "0, 0.15); border-radius: 3px;' title='1.0'>_||>     "
 "<||_html:</span>_||><||_html:<span style='background-color: rgba(0.0, 165.0, "
 "0, 0.15); border-radius: 3px;' title='1.0'>_||> "
 '"<||_html:</span>_||><||_html:<span style=\'background-color: rgba(0.0, '
 "165.0, 0, 0.15); border-radius: 3px;' "
 "title='1.0'>_||>breaking<||_html:</span>_||><||_html:<span "
 "style='background-color: rgba(0.0, 165.0, 0, 0.15); border-radius: 3px;' "
 'title=\'1.0\'>_||>":<||_html:</span>_||><||_html:<span '
 "style='background-color: rgba(0.0, 165.0, 0, 0.15); border-radius: 3px;' "
 'title=\'1.0\'>_||> "<||_html:</span>_||><||_html:<span '
 "style='background-color: rgba(0.0, 165.0, 0, 0.15); border-radius: 3px;' "
 "title='1.0'>_||>false<||_html:</span>_||><||_html:<span "
 "style='background-color: rgba(0.0, 165.0, 0, 0.15); border-radius: 3px;' "
 'title=\'1.0\'>_||>",<||_html:</span>_||><||_html:<span '
 "style='background-color: rgba(0.0, 165.0, 0, 0.15); border-radius: 3px;' "
 "title='1.0'>_||>\n"
 "<||_html:</span>_||><||_html:<span style='background-color: rgba(0.0, 165.0, "
 "0, 0.15); border-radius: 3px;' title='1.0'>_||>     "
 "<||_html:</span>_||><||_html:<span style='background-color: rgba(0.0, 165.0, "
 "0, 0.15); border-radius: 3px;' title='1.0'>_||> "
 '"<||_html:</span>_||><||_html:<span style=\'background-color: rgba(0.0, '
 "165.0, 0, 0.15); border-radius: 3px;' "
 "title='1.0'>_||>release<||_html:</span>_||><||_html:<span "
 "style='background-color: rgba(0.0, 165.0, 0, 0.15); border-radius: 3px;' "
 "title='1.0'>_||>_<||_html:</span>_||><||_html:<span style='background-color: "
 "rgba(0.0, 165.0, 0, 0.15); border-radius: 3px;' "
 "title='1.0'>_||>note<||_html:</span>_||><||_html:<span "
 "style='background-color: rgba(0.0, 165.0, 0, 0.15); border-radius: 3px;' "
 'title=\'1.0\'>_||>":<||_html:</span>_||><||_html:<span '
 "style='background-color: rgba(0.0, 165.0, 0, 0.15); border-radius: 3px;' "
 'title=\'1.0\'>_||> "<||_html:</span>_||><||_html:<span '
 "style='background-color: rgba(0.0, 165.0, 0, 0.15); border-radius: 3px;' "
 "title='1.0'>_||>The<||_html:</span>_||><||_html:<span "
 "style='background-color: rgba(0.0, 165.0, 0, 0.15); border-radius: 3px;' "
 "title='1.0'>_||> '<||_html:</span>_||><||_html:<span "
 "style='background-color: rgba(0.0, 165.0, 0, 0.15); border-radius: 3px;' "
 "title='1.0'>_||>get<||_html:</span>_||><||_html:<span "
 "style='background-color: rgba(0.0, 165.0, 0, 0.15); border-radius: 3px;' "
 "title='1.0'>_||>Product<||_html:</span>_||><||_html:<span "
 "style='background-color: rgba(0.0, 165.0, 0, 0.15); border-radius: 3px;' "
 "title='1.0'>_||>'<||_html:</span>_||><||_html:<span style='background-color: "
 "rgba(0.0, 165.0, 0, 0.15); border-radius: 3px;' title='1.0'>_||> "
 "query<||_html:</span>_||><||_html:<span style='background-color: rgba(0.0, "
 "165.0, 0, 0.15); border-radius: 3px;' title='1.0'>_||> "
 "now<||_html:</span>_||><||_html:<span style='background-color: rgba(0.0, "
 "165.0, 0, 0.15); border-radius: 3px;' title='1.0'>_||> "
 "includes<||_html:</span>_||><||_html:<span style='background-color: "
 "rgba(0.0, 165.0, 0, 0.15); border-radius: 3px;' title='1.0'>_||> "
 "a<||_html:</span>_||><||_html:<span style='background-color: rgba(0.0, "
 "165.0, 0, 0.15); border-radius: 3px;' title='1.0'>_||> "
 "new<||_html:</span>_||><||_html:<span style='background-color: rgba(0.0, "
 "165.0, 0, 0.15); border-radius: 3px;' title='1.0'>_||> "
 "field<||_html:</span>_||><||_html:<span style='background-color: rgba(0.0, "
 "165.0, 0, 0.15); border-radius: 3px;' title='1.0'>_||> "
 "'<||_html:</span>_||><||_html:<span style='background-color: rgba(0.0, "
 "165.0, 0, 0.15); border-radius: 3px;' "
 "title='1.0'>_||>details<||_html:</span>_||><||_html:<span "
 "style='background-color: rgba(0.0, 165.0, 0, 0.15); border-radius: 3px;' "
 "title='1.0'>_||>'<||_html:</span>_||><||_html:<span style='background-color: "
 "rgba(0.0, 165.0, 0, 0.15); border-radius: 3px;' title='1.0'>_||> "
 "of<||_html:</span>_||><||_html:<span style='background-color: rgba(0.0, "
 "165.0, 0, 0.15); border-radius: 3px;' title='1.0'>_||> "
 "type<||_html:</span>_||><||_html:<span style='background-color: rgba(0.0, "
 "165.0, 0, 0.15); border-radius: 3px;' title='1.0'>_||> "
 "String<||_html:</span>_||><||_html:<span style='background-color: rgba(0.0, "
 "165.0, 0, 0.15); border-radius: 3px;' "
 'title=\'1.0\'>_||>."<||_html:</span>_||><||_html:<span '
 "style='background-color: rgba(0.0, 165.0, 0, 0.15); border-radius: 3px;' "
 "title='1.0'>_||>\n"
 "<||_html:</span>_||><||_html:<span style='background-color: rgba(0.0, 165.0, "
 "0, 0.15); border-radius: 3px;' title='1.0'>_||>   "
 "<||_html:</span>_||><||_html:<span style='background-color: rgba(0.0, 165.0, "
 "0, 0.15); border-radius: 3px;' title='1.0'>_||> "
 "},<||_html:</span>_||><||_html:<span style='background-color: rgba(0.0, "
 "165.0, 0, 0.15); border-radius: 3px;' title='1.0'>_||>\n"
 "<||_html:</span>_||><||_html:<span style='background-color: rgba(0.0, 165.0, "
 "0, 0.15); border-radius: 3px;' title='1.0'>_||>   "
 "<||_html:</span>_||><||_html:<span style='background-color: rgba(0.0, 165.0, "
 "0, 0.15); border-radius: 3px;' title='1.0'>_||> "
 "{<||_html:</span>_||><||_html:<span style='background-color: rgba(0.0, "
 "165.0, 0, 0.15); border-radius: 3px;' title='1.0'>_||>\n"
 "<||_html:</span>_||><||_html:<span style='background-color: rgba(0.0, 165.0, "
 "0, 0.15); border-radius: 3px;' title='1.0'>_||>     "
 "<||_html:</span>_||><||_html:<span style='background-color: rgba(0.0, 165.0, "
 "0, 0.15); border-radius: 3px;' title='1.0'>_||> "
 '"<||_html:</span>_||><||_html:<span style=\'background-color: rgba(0.0, '
 "165.0, 0, 0.15); border-radius: 3px;' "
 "title='1.0'>_||>type<||_html:</span>_||><||_html:<span "
 "style='background-color: rgba(0.0, 165.0, 0, 0.15); border-radius: 3px;' "
 'title=\'1.0\'>_||>":<||_html:</span>_||><||_html:<span '
 "style='background-color: rgba(0.0, 165.0, 0, 0.15); border-radius: 3px;' "
 'title=\'1.0\'>_||> "<||_html:</span>_||><||_html:<span '
 "style='background-color: rgba(0.0, 165.0, 0, 0.15); border-radius: 3px;' "
 "title='1.0'>_||>Product<||_html:</span>_||><||_html:<span "
 "style='background-color: rgba(0.0, 165.0, 0, 0.15); border-radius: 3px;' "
 'title=\'1.0\'>_||>",<||_html:</span>_||><||_html:<span '
 "style='background-color: rgba(0.0, 165.0, 0, 0.15); border-radius: 3px;' "
 "title='1.0'>_||>\n"
 "<||_html:</span>_||><||_html:<span style='background-color: rgba(0.0, 165.0, "
 "0, 0.15); border-radius: 3px;' title='1.0'>_||>     "
 "<||_html:</span>_||><||_html:<span style='background-color: rgba(0.0, 165.0, "
 "0, 0.15); border-radius: 3px;' title='1.0'>_||> "
 '"<||_html:</span>_||><||_html:<span style=\'background-color: rgba(0.0, '
 "165.0, 0, 0.15); border-radius: 3px;' "
 "title='1.0'>_||>field<||_html:</span>_||><||_html:<span "
 "style='background-color: rgba(0.0, 165.0, 0, 0.15); border-radius: 3px;' "
 'title=\'1.0\'>_||>":<||_html:</span>_||><||_html:<span '
 "style='background-color: rgba(0.0, 165.0, 0, 0.15); border-radius: 3px;' "
 'title=\'1.0\'>_||> "<||_html:</span>_||><||_html:<span '
 "style='background-color: rgba(0.0, 165.0, 0, 0.15); border-radius: 3px;' "
 "title='1.0'>_||>description<||_html:</span>_||><||_html:<span "
 "style='background-color: rgba(0.0, 165.0, 0, 0.15); border-radius: 3px;' "
 'title=\'1.0\'>_||>",<||_html:</span>_||><||_html:<span '
 "style='background-color: rgba(0.0, 165.0, 0, 0.15); border-radius: 3px;' "
 "title='1.0'>_||>\n"
 "<||_html:</span>_||><||_html:<span style='background-color: rgba(0.0, 165.0, "
 "0, 0.15); border-radius: 3px;' title='1.0'>_||>     "
 "<||_html:</span>_||><||_html:<span style='background-color: rgba(0.0, 165.0, "
 "0, 0.15); border-radius: 3px;' title='1.0'>_||> "
 '"<||_html:</span>_||><||_html:<span style=\'background-color: rgba(0.0, '
 "165.0, 0, 0.15); border-radius: 3px;' "
 "title='1.0'>_||>change<||_html:</span>_||><||_html:<span "
 "style='background-color: rgba(0.0, 165.0, 0, 0.15); border-radius: 3px;' "
 'title=\'1.0\'>_||>":<||_html:</span>_||><||_html:<span '
 "style='background-color: rgba(0.0, 165.0, 0, 0.15); border-radius: 3px;' "
 'title=\'1.0\'>_||> "<||_html:</span>_||><||_html:<span '
 "style='background-color: rgba(0.0, 165.0, 0, 0.15); border-radius: 3px;' "
 "title='1.0'>_||>field<||_html:</span>_||><||_html:<span "
 "style='background-color: rgba(0.0, 165.0, 0, 0.15); border-radius: 3px;' "
 "title='1.0'>_||> removed<||_html:</span>_||><||_html:<span "
 "style='background-color: rgba(0.0, 165.0, 0, 0.15); border-radius: 3px;' "
 'title=\'1.0\'>_||>",<||_html:</span>_||><||_html:<span '
 "style='background-color: rgba(0.0, 165.0, 0, 0.15); border-radius: 3px;' "
 "title='1.0'>_||>\n"
 "<||_html:</span>_||><||_html:<span style='background-color: rgba(0.0, 165.0, "
 "0, 0.15); border-radius: 3px;' title='1.0'>_||>     "
 "<||_html:</span>_||><||_html:<span style='background-color: rgba(0.0, 165.0, "
 "0, 0.15); border-radius: 3px;' title='1.0'>_||> "
 '"<||_html:</span>_||><||_html:<span style=\'background-color: rgba(0.0, '
 "165.0, 0, 0.15); border-radius: 3px;' "
 "title='1.0'>_||>breaking<||_html:</span>_||><||_html:<span "
 "style='background-color: rgba(0.0, 165.0, 0, 0.15); border-radius: 3px;' "
 'title=\'1.0\'>_||>":<||_html:</span>_||><||_html:<span '
 "style='background-color: rgba(0.0, 165.0, 0, 0.15); border-radius: 3px;' "
 'title=\'1.0\'>_||> "<||_html:</span>_||><||_html:<span '
 "style='background-color: rgba(0.0, 165.0, 0, 0.15); border-radius: 3px;' "
 "title='1.0'>_||>true<||_html:</span>_||><||_html:<span "
 "style='background-color: rgba(0.0, 165.0, 0, 0.15); border-radius: 3px;' "
 'title=\'1.0\'>_||>",<||_html:</span>_||><||_html:<span '
 "style='background-color: rgba(0.0, 165.0, 0, 0.15); border-radius: 3px;' "
 "title='1.0'>_||>\n"
 "<||_html:</span>_||><||_html:<span style='background-color: rgba(0.0, 165.0, "
 "0, 0.15); border-radius: 3px;' title='1.0'>_||>     "
 "<||_html:</span>_||><||_html:<span style='background-color: rgba(0.0, 165.0, "
 "0, 0.15); border-radius: 3px;' title='1.0'>_||> "
 '"<||_html:</span>_||><||_html:<span style=\'background-color: rgba(0.0, '
 "165.0, 0, 0.15); border-radius: 3px;' "
 "title='1.0'>_||>release<||_html:</span>_||><||_html:<span "
 "style='background-color: rgba(0.0, 165.0, 0, 0.15); border-radius: 3px;' "
 "title='1.0'>_||>_<||_html:</span>_||><||_html:<span style='background-color: "
 "rgba(0.0, 165.0, 0, 0.15); border-radius: 3px;' "
 "title='1.0'>_||>note<||_html:</span>_||><||_html:<span "
 "style='background-color: rgba(0.0, 165.0, 0, 0.15); border-radius: 3px;' "
 'title=\'1.0\'>_||>":<||_html:</span>_||><||_html:<span '
 "style='background-color: rgba(0.0, 165.0, 0, 0.15); border-radius: 3px;' "
 'title=\'1.0\'>_||> "<||_html:</span>_||><||_html:<span '
 "style='background-color: rgba(0.0, 165.0, 0, 0.15); border-radius: 3px;' "
 "title='1.0'>_||>The<||_html:</span>_||><||_html:<span "
 "style='background-color: rgba(0.0, 165.0, 0, 0.15); border-radius: 3px;' "
 "title='1.0'>_||> '<||_html:</span>_||><||_html:<span "
 "style='background-color: rgba(0.0, 165.0, 0, 0.15); border-radius: 3px;' "
 "title='1.0'>_||>Product<||_html:</span>_||><||_html:<span "
 "style='background-color: rgba(0.0, 165.0, 0, 0.15); border-radius: 3px;' "
 "title='1.0'>_||>'<||_html:</span>_||><||_html:<span style='background-color: "
 "rgba(0.0, 165.0, 0, 0.15); border-radius: 3px;' title='1.0'>_||> "
 "type<||_html:</span>_||><||_html:<span style='background-color: rgba(0.0, "
 "165.0, 0, 0.15); border-radius: 3px;' title='1.0'>_||> "
 "no<||_html:</span>_||><||_html:<span style='background-color: rgba(0.0, "
 "165.0, 0, 0.15); border-radius: 3px;' title='1.0'>_||> "
 "longer<||_html:</span>_||><||_html:<span style='background-color: rgba(0.0, "
 "165.0, 0, 0.15); border-radius: 3px;' title='1.0'>_||> "
 "includes<||_html:</span>_||><||_html:<span style='background-color: "
 "rgba(0.0, 165.0, 0, 0.15); border-radius: 3px;' title='1.0'>_||> "
 "the<||_html:</span>_||><||_html:<span style='background-color: rgba(0.0, "
 "165.0, 0, 0.15); border-radius: 3px;' title='1.0'>_||> "
 "'<||_html:</span>_||><||_html:<span style='background-color: rgba(0.0, "
 "165.0, 0, 0.15); border-radius: 3px;' "
 "title='1.0'>_||>description<||_html:</span>_||><||_html:<span "
 "style='background-color: rgba(0.0, 165.0, 0, 0.15); border-radius: 3px;' "
 "title='1.0'>_||>'<||_html:</span>_||><||_html:<span style='background-color: "
 "rgba(0.0, 165.0, 0, 0.15); border-radius: 3px;' title='1.0'>_||> "
 "field<||_html:</span>_||><||_html:<span style='background-color: rgba(0.0, "
 "165.0, 0, 0.15); border-radius: 3px;' "
 'title=\'1.0\'>_||>."<||_html:</span>_||><||_html:<span '
 "style='background-color: rgba(0.0, 165.0, 0, 0.15); border-radius: 3px;' "
 "title='1.0'>_||>\n"
 "<||_html:</span>_||><||_html:<span style='background-color: rgba(0.0, 165.0, "
 "0, 0.15); border-radius: 3px;' title='1.0'>_||>   "
 "<||_html:</span>_||><||_html:<span style='background-color: rgba(0.0, 165.0, "
 "0, 0.15); border-radius: 3px;' title='1.0'>_||> "
 "},<||_html:</span>_||><||_html:<span style='background-color: rgba(0.0, "
 "165.0, 0, 0.15); border-radius: 3px;' title='1.0'>_||>\n"
 "<||_html:</span>_||><||_html:<span style='background-color: rgba(0.0, 165.0, "
 "0, 0.15); border-radius: 3px;' title='1.0'>_||>   "
 "<||_html:</span>_||><||_html:<span style='background-color: rgba(0.0, 165.0, "
 "0, 0.15); border-radius: 3px;' title='1.0'>_||> "
 "{<||_html:</span>_||><||_html:<span style='background-color: rgba(0.0, "
 "165.0, 0, 0.15); border-radius: 3px;' title='1.0'>_||>\n"
 "<||_html:</span>_||><||_html:<span style='background-color: rgba(0.0, 165.0, "
 "0, 0.15); border-radius: 3px;' title='1.0'>_||>     "
 "<||_html:</span>_||><||_html:<span style='background-color: rgba(0.0, 165.0, "
 "0, 0.15); border-radius: 3px;' title='1.0'>_||> "
 '"<||_html:</span>_||><||_html:<span style=\'background-color: rgba(0.0, '
 "165.0, 0, 0.15); border-radius: 3px;' "
 "title='1.0'>_||>type<||_html:</span>_||><||_html:<span "
 "style='background-color: rgba(0.0, 165.0, 0, 0.15); border-radius: 3px;' "
 'title=\'1.0\'>_||>":<||_html:</span>_||><||_html:<span '
 "style='background-color: rgba(0.0, 165.0, 0, 0.15); border-radius: 3px;' "
 'title=\'1.0\'>_||> "<||_html:</span>_||><||_html:<span '
 "style='background-color: rgba(0.0, 165.0, 0, 0.15); border-radius: 3px;' "
 "title='1.0'>_||>Product<||_html:</span>_||><||_html:<span "
 "style='background-color: rgba(0.0, 165.0, 0, 0.15); border-radius: 3px;' "
 'title=\'1.0\'>_||>",<||_html:</span>_||><||_html:<span '
 "style='background-color: rgba(0.0, 165.0, 0, 0.15); border-radius: 3px;' "
 "title='1.0'>_||>\n"
 "<||_html:</span>_||><||_html:<span style='background-color: rgba(0.0, 165.0, "
 "0, 0.15); border-radius: 3px;' title='1.0'>_||>     "
 "<||_html:</span>_||><||_html:<span style='background-color: rgba(0.0, 165.0, "
 "0, 0.15); border-radius: 3px;' title='1.0'>_||> "
 '"<||_html:</span>_||><||_html:<span style=\'background-color: rgba(0.0, '
 "165.0, 0, 0.15); border-radius: 3px;' "
 "title='1.0'>_||>field<||_html:</span>_||><||_html:<span "
 "style='background-color: rgba(0.0, 165.0, 0, 0.15); border-radius: 3px;' "
 'title=\'1.0\'>_||>":<||_html:</span>_||><||_html:<span '
 "style='background-color: rgba(0.0, 165.0, 0, 0.15); border-radius: 3px;' "
 'title=\'1.0\'>_||> "<||_html:</span>_||><||_html:<span '
 "style='background-color: rgba(0.0, 165.0, 0, 0.15); border-radius: 3px;' "
 "title='1.0'>_||>stock<||_html:</span>_||><||_html:<span "
 "style='background-color: rgba(0.0, 165.0, 0, 0.15); border-radius: 3px;' "
 'title=\'1.0\'>_||>",<||_html:</span>_||><||_html:<span '
 "style='background-color: rgba(0.0, 165.0, 0, 0.15); border-radius: 3px;' "
 "title='1.0'>_||>\n"
 "<||_html:</span>_||><||_html:<span style='background-color: rgba(0.0, 165.0, "
 "0, 0.15); border-radius: 3px;' title='1.0'>_||>     "
 "<||_html:</span>_||><||_html:<span style='background-color: rgba(0.0, 165.0, "
 "0, 0.15); border-radius: 3px;' title='1.0'>_||> "
 '"<||_html:</span>_||><||_html:<span style=\'background-color: rgba(0.0, '
 "165.0, 0, 0.15); border-radius: 3px;' "
 "title='1.0'>_||>change<||_html:</span>_||><||_html:<span "
 "style='background-color: rgba(0.0, 165.0, 0, 0.15); border-radius: 3px;' "
 'title=\'1.0\'>_||>":<||_html:</span>_||><||_html:<span '
 "style='background-color: rgba(0.0, 165.0, 0, 0.15); border-radius: 3px;' "
 'title=\'1.0\'>_||> "<||_html:</span>_||><||_html:<span '
 "style='background-color: rgba(0.0, 165.0, 0, 0.15); border-radius: 3px;' "
 "title='1.0'>_||>field<||_html:</span>_||><||_html:<span "
 "style='background-color: rgba(0.0, 165.0, 0, 0.15); border-radius: 3px;' "
 "title='1.0'>_||> removed<||_html:</span>_||><||_html:<span "
 "style='background-color: rgba(0.0, 165.0, 0, 0.15); border-radius: 3px;' "
 'title=\'1.0\'>_||>",<||_html:</span>_||><||_html:<span '
 "style='background-color: rgba(0.0, 165.0, 0, 0.15); border-radius: 3px;' "
 "title='1.0'>_||>\n"
 "<||_html:</span>_||><||_html:<span style='background-color: rgba(0.0, 165.0, "
 "0, 0.15); border-radius: 3px;' title='1.0'>_||>     "
 "<||_html:</span>_||><||_html:<span style='background-color: rgba(0.0, 165.0, "
 "0, 0.15); border-radius: 3px;' title='1.0'>_||> "
 '"<||_html:</span>_||><||_html:<span style=\'background-color: rgba(0.0, '
 "165.0, 0, 0.15); border-radius: 3px;' "
 "title='1.0'>_||>breaking<||_html:</span>_||><||_html:<span "
 "style='background-color: rgba(0.0, 165.0, 0, 0.15); border-radius: 3px;' "
 'title=\'1.0\'>_||>":<||_html:</span>_||><||_html:<span '
 "style='background-color: rgba(0.0, 165.0, 0, 0.15); border-radius: 3px;' "
 'title=\'1.0\'>_||> "<||_html:</span>_||><||_html:<span '
 "style='background-color: rgba(0.0, 165.0, 0, 0.15); border-radius: 3px;' "
 "title='1.0'>_||>true<||_html:</span>_||><||_html:<span "
 "style='background-color: rgba(0.0, 165.0, 0, 0.15); border-radius: 3px;' "
 'title=\'1.0\'>_||>",<||_html:</span>_||><||_html:<span '
 "style='background-color: rgba(0.0, 165.0, 0, 0.15); border-radius: 3px;' "
 "title='1.0'>_||>\n"
 "<||_html:</span>_||><||_html:<span style='background-color: rgba(0.0, 165.0, "
 "0, 0.15); border-radius: 3px;' title='1.0'>_||>     "
 "<||_html:</span>_||><||_html:<span style='background-color: rgba(0.0, 165.0, "
 "0, 0.15); border-radius: 3px;' title='1.0'>_||> "
 '"<||_html:</span>_||><||_html:<span style=\'background-color: rgba(0.0, '
 "165.0, 0, 0.15); border-radius: 3px;' "
 "title='1.0'>_||>release<||_html:</span>_||><||_html:<span "
 "style='background-color: rgba(0.0, 165.0, 0, 0.15); border-radius: 3px;' "
 "title='1.0'>_||>_<||_html:</span>_||><||_html:<span style='background-color: "
 "rgba(0.0, 165.0, 0, 0.15); border-radius: 3px;' "
 "title='1.0'>_||>note<||_html:</span>_||><||_html:<span "
 "style='background-color: rgba(0.0, 165.0, 0, 0.15); border-radius: 3px;' "
 'title=\'1.0\'>_||>":<||_html:</span>_||><||_html:<span '
 "style='background-color: rgba(0.0, 165.0, 0, 0.15); border-radius: 3px;' "
 'title=\'1.0\'>_||> "<||_html:</span>_||><||_html:<span '
 "style='background-color: rgba(0.0, 165.0, 0, 0.15); border-radius: 3px;' "
 "title='1.0'>_||>The<||_html:</span>_||><||_html:<span "
 "style='background-color: rgba(0.0, 165.0, 0, 0.15); border-radius: 3px;' "
 "title='1.0'>_||> '<||_html:</span>_||><||_html:<span "
 "style='background-color: rgba(0.0, 165.0, 0, 0.15); border-radius: 3px;' "
 "title='1.0'>_||>Product<||_html:</span>_||><||_html:<span "
 "style='background-color: rgba(0.0, 165.0, 0, 0.15); border-radius: 3px;' "
 "title='1.0'>_||>'<||_html:</span>_||><||_html:<span style='background-color: "
 "rgba(0.0, 165.0, 0, 0.15); border-radius: 3px;' title='1.0'>_||> "
 "type<||_html:</span>_||><||_html:<span style='background-color: rgba(0.0, "
 "165.0, 0, 0.15); border-radius: 3px;' title='1.0'>_||> "
 "no<||_html:</span>_||><||_html:<span style='background-color: rgba(0.0, "
 "165.0, 0, 0.15); border-radius: 3px;' title='1.0'>_||> "
 "longer<||_html:</span>_||><||_html:<span style='background-color: rgba(0.0, "
 "165.0, 0, 0.15); border-radius: 3px;' title='1.0'>_||> "
 "includes<||_html:</span>_||><||_html:<span style='background-color: "
 "rgba(0.0, 165.0, 0, 0.15); border-radius: 3px;' title='1.0'>_||> "
 "the<||_html:</span>_||><||_html:<span style='background-color: rgba(0.0, "
 "165.0, 0, 0.15); border-radius: 3px;' title='1.0'>_||> "
 "'<||_html:</span>_||><||_html:<span style='background-color: rgba(0.0, "
 "165.0, 0, 0.15); border-radius: 3px;' "
 "title='1.0'>_||>stock<||_html:</span>_||><||_html:<span "
 "style='background-color: rgba(0.0, 165.0, 0, 0.15); border-radius: 3px;' "
 "title='1.0'>_||>'<||_html:</span>_||><||_html:<span style='background-color: "
 "rgba(0.0, 165.0, 0, 0.15); border-radius: 3px;' title='1.0'>_||> "
 "field<||_html:</span>_||><||_html:<span style='background-color: rgba(0.0, "
 "165.0, 0, 0.15); border-radius: 3px;' "
 'title=\'1.0\'>_||>."<||_html:</span>_||><||_html:<span '
 "style='background-color: rgba(0.0, 165.0, 0, 0.15); border-radius: 3px;' "
 "title='1.0'>_||>\n"
 "<||_html:</span>_||><||_html:<span style='background-color: rgba(0.0, 165.0, "
 "0, 0.15); border-radius: 3px;' title='1.0'>_||>   "
 "<||_html:</span>_||><||_html:<span style='background-color: rgba(0.0, 165.0, "
 "0, 0.15); border-radius: 3px;' title='1.0'>_||> "
 "}<||_html:</span>_||><||_html:<span style='background-color: rgba(0.0, "
 "165.0, 0, 0.15); border-radius: 3px;' title='1.0'>_||>\n"
 "<||_html:</span>_||><||_html:<span style='background-color: rgba(0.0, 165.0, "
 "0, 0.15); border-radius: 3px;' title='1.0'>_||> "
 "<||_html:</span>_||><||_html:<span style='background-color: rgba(0.0, 165.0, "
 "0, 0.15); border-radius: 3px;' title='1.0'>_||> "
 "],<||_html:</span>_||><||_html:<span style='background-color: rgba(0.0, "
 "165.0, 0, 0.15); border-radius: 3px;' title='1.0'>_||>\n"
 "<||_html:</span>_||><||_html:<span style='background-color: rgba(0.0, 165.0, "
 "0, 0.15); border-radius: 3px;' title='1.0'>_||> "
 "<||_html:</span>_||><||_html:<span style='background-color: rgba(0.0, 165.0, "
 "0, 0.15); border-radius: 3px;' title='1.0'>_||> "
 '"<||_html:</span>_||><||_html:<span style=\'background-color: rgba(0.0, '
 "165.0, 0, 0.15); border-radius: 3px;' "
 "title='1.0'>_||>release<||_html:</span>_||><||_html:<span "
 "style='background-color: rgba(0.0, 165.0, 0, 0.15); border-radius: 3px;' "
 "title='1.0'>_||>_<||_html:</span>_||><||_html:<span style='background-color: "
 "rgba(0.0, 165.0, 0, 0.15); border-radius: 3px;' "
 "title='1.0'>_||>notes<||_html:</span>_||><||_html:<span "
 "style='background-color: rgba(0.0, 165.0, 0, 0.15); border-radius: 3px;' "
 'title=\'1.0\'>_||>":<||_html:</span>_||><||_html:<span '
 "style='background-color: rgba(0.0, 165.0, 0, 0.15); border-radius: 3px;' "
 "title='1.0'>_||> {<||_html:</span>_||><||_html:<span "
 "style='background-color: rgba(0.0, 165.0, 0, 0.15); border-radius: 3px;' "
 "title='1.0'>_||>\n"
 "<||_html:</span>_||><||_html:<span style='background-color: rgba(0.0, 165.0, "
 "0, 0.15); border-radius: 3px;' title='1.0'>_||>   "
 "<||_html:</span>_||><||_html:<span style='background-color: rgba(0.0, 165.0, "
 "0, 0.15); border-radius: 3px;' title='1.0'>_||> "
 '"<||_html:</span>_||><||_html:<span style=\'background-color: rgba(0.0, '
 "165.0, 0, 0.15); border-radius: 3px;' "
 "title='1.0'>_||>summary<||_html:</span>_||><||_html:<span "
 "style='background-color: rgba(0.0, 165.0, 0, 0.15); border-radius: 3px;' "
 'title=\'1.0\'>_||>":<||_html:</span>_||><||_html:<span '
 "style='background-color: rgba(0.0, 165.0, 0, 0.15); border-radius: 3px;' "
 'title=\'1.0\'>_||> "<||_html:</span>_||><||_html:<span '
 "style='background-color: rgba(0.0, 165.0, 0, 0.15); border-radius: 3px;' "
 "title='1.0'>_||>The<||_html:</span>_||><||_html:<span "
 "style='background-color: rgba(0.0, 165.0, 0, 0.15); border-radius: 3px;' "
 "title='1.0'>_||> '<||_html:</span>_||><||_html:<span "
 "style='background-color: rgba(0.0, 165.0, 0, 0.15); border-radius: 3px;' "
 "title='1.0'>_||>get<||_html:</span>_||><||_html:<span "
 "style='background-color: rgba(0.0, 165.0, 0, 0.15); border-radius: 3px;' "
 "title='1.0'>_||>Product<||_html:</span>_||><||_html:<span "
 "style='background-color: rgba(0.0, 165.0, 0, 0.15); border-radius: 3px;' "
 "title='1.0'>_||>'<||_html:</span>_||><||_html:<span style='background-color: "
 "rgba(0.0, 165.0, 0, 0.15); border-radius: 3px;' title='1.0'>_||> "
 "query<||_html:</span>_||><||_html:<span style='background-color: rgba(0.0, "
 "165.0, 0, 0.15); border-radius: 3px;' title='1.0'>_||> "
 "now<||_html:</span>_||><||_html:<span style='background-color: rgba(0.0, "
 "165.0, 0, 0.15); border-radius: 3px;' title='1.0'>_||> "
 "includes<||_html:</span>_||><||_html:<span style='background-color: "
 "rgba(0.0, 165.0, 0, 0.15); border-radius: 3px;' title='1.0'>_||> "
 "a<||_html:</span>_||><||_html:<span style='background-color: rgba(0.0, "
 "165.0, 0, 0.15); border-radius: 3px;' title='1.0'>_||> "
 "new<||_html:</span>_||><||_html:<span style='background-color: rgba(0.0, "
 "165.0, 0, 0.15); border-radius: 3px;' title='1.0'>_||> "
 "field<||_html:</span>_||><||_html:<span style='background-color: rgba(0.0, "
 "165.0, 0, 0.15); border-radius: 3px;' title='1.0'>_||> "
 "'<||_html:</span>_||><||_html:<span style='background-color: rgba(0.0, "
 "165.0, 0, 0.15); border-radius: 3px;' "
 "title='1.0'>_||>details<||_html:</span>_||><||_html:<span "
 "style='background-color: rgba(0.0, 165.0, 0, 0.15); border-radius: 3px;' "
 "title='1.0'>_||>'<||_html:</span>_||><||_html:<span style='background-color: "
 "rgba(0.0, 165.0, 0, 0.15); border-radius: 3px;' title='1.0'>_||> "
 "of<||_html:</span>_||><||_html:<span style='background-color: rgba(0.0, "
 "165.0, 0, 0.15); border-radius: 3px;' title='1.0'>_||> "
 "type<||_html:</span>_||><||_html:<span style='background-color: rgba(0.0, "
 "165.0, 0, 0.15); border-radius: 3px;' title='1.0'>_||> "
 "String<||_html:</span>_||><||_html:<span style='background-color: rgba(0.0, "
 "165.0, 0, 0.15); border-radius: 3px;' "
 "title='1.0'>_||>.<||_html:</span>_||><||_html:<span style='background-color: "
 "rgba(0.0, 165.0, 0, 0.15); border-radius: 3px;' title='1.0'>_||> "
 "The<||_html:</span>_||><||_html:<span style='background-color: rgba(0.0, "
 "165.0, 0, 0.15); border-radius: 3px;' title='1.0'>_||> "
 "'<||_html:</span>_||><||_html:<span style='background-color: rgba(0.0, "
 "165.0, 0, 0.15); border-radius: 3px;' "
 "title='1.0'>_||>Product<||_html:</span>_||><||_html:<span "
 "style='background-color: rgba(0.0, 165.0, 0, 0.15); border-radius: 3px;' "
 "title='1.0'>_||>'<||_html:</span>_||><||_html:<span style='background-color: "
 "rgba(0.0, 165.0, 0, 0.15); border-radius: 3px;' title='1.0'>_||> "
 "type<||_html:</span>_||><||_html:<span style='background-color: rgba(0.0, "
 "165.0, 0, 0.15); border-radius: 3px;' title='1.0'>_||> "
 "no<||_html:</span>_||><||_html:<span style='background-color: rgba(0.0, "
 "165.0, 0, 0.15); border-radius: 3px;' title='1.0'>_||> "
 "longer<||_html:</span>_||><||_html:<span style='background-color: rgba(0.0, "
 "165.0, 0, 0.15); border-radius: 3px;' title='1.0'>_||> "
 "includes<||_html:</span>_||><||_html:<span style='background-color: "
 "rgba(0.0, 165.0, 0, 0.15); border-radius: 3px;' title='1.0'>_||> "
 "the<||_html:</span>_||><||_html:<span style='background-color: rgba(0.0, "
 "165.0, 0, 0.15); border-radius: 3px;' title='1.0'>_||> "
 "'<||_html:</span>_||><||_html:<span style='background-color: rgba(0.0, "
 "165.0, 0, 0.15); border-radius: 3px;' "
 "title='1.0'>_||>description<||_html:</span>_||><||_html:<span "
 "style='background-color: rgba(0.0, 165.0, 0, 0.15); border-radius: 3px;' "
 "title='1.0'>_||>'<||_html:</span>_||><||_html:<span style='background-color: "
 "rgba(0.0, 165.0, 0, 0.15); border-radius: 3px;' title='1.0'>_||> "
 "and<||_html:</span>_||><||_html:<span style='background-color: rgba(0.0, "
 "165.0, 0, 0.15); border-radius: 3px;' title='1.0'>_||> "
 "'<||_html:</span>_||><||_html:<span style='background-color: rgba(0.0, "
 "165.0, 0, 0.15); border-radius: 3px;' "
 "title='1.0'>_||>stock<||_html:</span>_||><||_html:<span "
 "style='background-color: rgba(0.0, 165.0, 0, 0.15); border-radius: 3px;' "
 "title='1.0'>_||>'<||_html:</span>_||><||_html:<span style='background-color: "
 "rgba(0.0, 165.0, 0, 0.15); border-radius: 3px;' title='1.0'>_||> "
 "fields<||_html:</span>_||><||_html:<span style='background-color: rgba(0.0, "
 "165.0, 0, 0.15); border-radius: 3px;' "
 'title=\'1.0\'>_||>."<||_html:</span>_||><||_html:<span '
 "style='background-color: rgba(0.0, 165.0, 0, 0.15); border-radius: 3px;' "
 "title='1.0'>_||>\n"
 "<||_html:</span>_||><||_html:<span style='background-color: rgba(0.0, 165.0, "
 "0, 0.15); border-radius: 3px;' title='1.0'>_||> "
 "<||_html:</span>_||><||_html:<span style='background-color: rgba(0.0, 165.0, "
 "0, 0.15); border-radius: 3px;' title='1.0'>_||> "
 "}<||_html:</span>_||><||_html:<span style='background-color: rgba(0.0, "
 "165.0, 0, 0.15); border-radius: 3px;' title='1.0'>_||>\n"
 "<||_html:</span>_||><||_html:<span style='background-color: rgba(0.0, 165.0, "
 "0, 0.15); border-radius: 3px;' "
 'title=\'1.0\'>_||>}<||_html:</span>_||>{"changes":<||_html:<span '
 "style='background-color: rgba(0.0, 165.0, 0, 0.15); border-radius: 3px;' "
 "title='1.0'>_||>[<||_html:</span>_||><||_html:<span style='background-color: "
 "rgba(0.0, 165.0, 0, 0.15); border-radius: 3px;' "
 'title=\'1.0\'>_||>{"<||_html:</span>_||>type<||_html:<span '
 "style='background-color: rgba(0.0, 165.0, 0, 0.15); border-radius: 3px;' "
 'title=\'1.0\'>_||>":"<||_html:</span>_||><||_html:<span '
 "style='background-color: rgba(0.0, 165.0, 0, 0.15); border-radius: 3px;' "
 "title='1.0'>_||>Query<||_html:</span>_||><||_html:<span "
 "style='background-color: rgba(0.0, 165.0, 0, 0.15); border-radius: 3px;' "
 'title=\'1.0\'>_||>","<||_html:</span>_||>field<||_html:<span '
 "style='background-color: rgba(0.0, 165.0, 0, 0.15); border-radius: 3px;' "
 'title=\'1.0\'>_||>":"<||_html:</span>_||><||_html:<span '
 "style='background-color: rgba(0.0, 165.0, 0, 0.15); border-radius: 3px;' "
 "title='1.0'>_||>get<||_html:</span>_||><||_html:<span "
 "style='background-color: rgba(0.0, 165.0, 0, 0.15); border-radius: 3px;' "
 "title='1.0'>_||>Product<||_html:</span>_||><||_html:<span "
 "style='background-color: rgba(0.0, 165.0, 0, 0.15); border-radius: 3px;' "
 'title=\'1.0\'>_||>","<||_html:</span>_||>change<||_html:<span '
 "style='background-color: rgba(0.0, 165.0, 0, 0.15); border-radius: 3px;' "
 'title=\'1.0\'>_||>":"<||_html:</span>_||><||_html:<span '
 "style='background-color: rgba(0.0, 165.0, 0, 0.15); border-radius: 3px;' "
 "title='1.0'>_||>field<||_html:</span>_||><||_html:<span "
 "style='background-color: rgba(0.0, 165.0, 0, 0.15); border-radius: 3px;' "
 "title='1.0'>_||> details<||_html:</span>_||><||_html:<span "
 "style='background-color: rgba(0.0, 165.0, 0, 0.15); border-radius: 3px;' "
 "title='1.0'>_||> added<||_html:</span>_||><||_html:<span "
 "style='background-color: rgba(0.0, 165.0, 0, 0.15); border-radius: 3px;' "
 'title=\'1.0\'>_||>","<||_html:</span>_||>breaking<||_html:<span '
 "style='background-color: rgba(0.0, 165.0, 0, 0.15); border-radius: 3px;' "
 'title=\'1.0\'>_||>":<||_html:</span>_||><||_html:<span '
 "style='background-color: rgba(0.0, 165.0, 0, 0.15); border-radius: 3px;' "
 'title=\'1.0\'>_||>false<||_html:</span>_||>,"release_note<||_html:<span '
 "style='background-color: rgba(0.0, 165.0, 0, 0.15); border-radius: 3px;' "
 'title=\'1.0\'>_||>":"<||_html:</span>_||><||_html:<span '
 "style='background-color: rgba(0.0, 165.0, 0, 0.15); border-radius: 3px;' "
 "title='1.0'>_||>The<||_html:</span>_||><||_html:<span "
 "style='background-color: rgba(0.0, 165.0, 0, 0.15); border-radius: 3px;' "
 "title='1.0'>_||> '<||_html:</span>_||><||_html:<span "
 "style='background-color: rgba(0.0, 165.0, 0, 0.15); border-radius: 3px;' "
 "title='1.0'>_||>get<||_html:</span>_||><||_html:<span "
 "style='background-color: rgba(0.0, 165.0, 0, 0.15); border-radius: 3px;' "
 "title='1.0'>_||>Product<||_html:</span>_||><||_html:<span "
 "style='background-color: rgba(0.0, 165.0, 0, 0.15); border-radius: 3px;' "
 "title='1.0'>_||>'<||_html:</span>_||><||_html:<span style='background-color: "
 "rgba(0.0, 165.0, 0, 0.15); border-radius: 3px;' title='1.0'>_||> "
 "query<||_html:</span>_||><||_html:<span style='background-color: rgba(0.0, "
 "165.0, 0, 0.15); border-radius: 3px;' title='1.0'>_||> "
 "now<||_html:</span>_||><||_html:<span style='background-color: rgba(0.0, "
 "165.0, 0, 0.15); border-radius: 3px;' title='1.0'>_||> "
 "includes<||_html:</span>_||><||_html:<span style='background-color: "
 "rgba(0.0, 165.0, 0, 0.15); border-radius: 3px;' title='1.0'>_||> "
 "a<||_html:</span>_||><||_html:<span style='background-color: rgba(0.0, "
 "165.0, 0, 0.15); border-radius: 3px;' title='1.0'>_||> "
 "new<||_html:</span>_||><||_html:<span style='background-color: rgba(0.0, "
 "165.0, 0, 0.15); border-radius: 3px;' title='1.0'>_||> "
 "field<||_html:</span>_||><||_html:<span style='background-color: rgba(0.0, "
 "165.0, 0, 0.15); border-radius: 3px;' title='1.0'>_||> "
 "'<||_html:</span>_||><||_html:<span style='background-color: rgba(0.0, "
 "165.0, 0, 0.15); border-radius: 3px;' "
 "title='1.0'>_||>details<||_html:</span>_||><||_html:<span "
 "style='background-color: rgba(0.0, 165.0, 0, 0.15); border-radius: 3px;' "
 "title='1.0'>_||>'<||_html:</span>_||><||_html:<span style='background-color: "
 "rgba(0.0, 165.0, 0, 0.15); border-radius: 3px;' title='1.0'>_||> "
 "of<||_html:</span>_||><||_html:<span style='background-color: rgba(0.0, "
 "165.0, 0, 0.15); border-radius: 3px;' title='1.0'>_||> "
 "type<||_html:</span>_||><||_html:<span style='background-color: rgba(0.0, "
 "165.0, 0, 0.15); border-radius: 3px;' title='1.0'>_||> "
 "String<||_html:</span>_||><||_html:<span style='background-color: rgba(0.0, "
 "165.0, 0, 0.15); border-radius: 3px;' "
 'title=\'1.0\'>_||>."<||_html:</span>_||><||_html:<span '
 "style='background-color: rgba(0.0, 165.0, 0, 0.15); border-radius: 3px;' "
 'title=\'1.0\'>_||>},<||_html:</span>_||>{"type<||_html:<span '
 "style='background-color: rgba(0.0, 165.0, 0, 0.15); border-radius: 3px;' "
 'title=\'1.0\'>_||>":"<||_html:</span>_||><||_html:<span '
 "style='background-color: rgba(0.0, 165.0, 0, 0.15); border-radius: 3px;' "
 "title='1.0'>_||>Product<||_html:</span>_||><||_html:<span "
 "style='background-color: rgba(0.0, 165.0, 0, 0.15); border-radius: 3px;' "
 'title=\'1.0\'>_||>","<||_html:</span>_||>field<||_html:<span '
 "style='background-color: rgba(0.0, 165.0, 0, 0.15); border-radius: 3px;' "
 'title=\'1.0\'>_||>":"<||_html:</span>_||><||_html:<span '
 "style='background-color: rgba(0.0, 165.0, 0, 0.15); border-radius: 3px;' "
 "title='1.0'>_||>description<||_html:</span>_||><||_html:<span "
 "style='background-color: rgba(0.0, 165.0, 0, 0.15); border-radius: 3px;' "
 'title=\'1.0\'>_||>","<||_html:</span>_||>change<||_html:<span '
 "style='background-color: rgba(0.0, 165.0, 0, 0.15); border-radius: 3px;' "
 'title=\'1.0\'>_||>":"<||_html:</span>_||><||_html:<span '
 "style='background-color: rgba(0.0, 165.0, 0, 0.15); border-radius: 3px;' "
 "title='1.0'>_||>field<||_html:</span>_||><||_html:<span "
 "style='background-color: rgba(0.0, 165.0, 0, 0.15); border-radius: 3px;' "
 "title='1.0'>_||> removed<||_html:</span>_||><||_html:<span "
 "style='background-color: rgba(0.0, 165.0, 0, 0.15); border-radius: 3px;' "
 'title=\'1.0\'>_||>","<||_html:</span>_||>breaking<||_html:<span '
 "style='background-color: rgba(0.0, 165.0, 0, 0.15); border-radius: 3px;' "
 'title=\'1.0\'>_||>":<||_html:</span>_||><||_html:<span '
 "style='background-color: rgba(0.0, 165.0, 0, 0.15); border-radius: 3px;' "
 'title=\'1.0\'>_||>true<||_html:</span>_||>,"release_note<||_html:<span '
 "style='background-color: rgba(0.0, 165.0, 0, 0.15); border-radius: 3px;' "
 'title=\'1.0\'>_||>":"<||_html:</span>_||><||_html:<span '
 "style='background-color: rgba(0.0, 165.0, 0, 0.15); border-radius: 3px;' "
 "title='1.0'>_||>The<||_html:</span>_||><||_html:<span "
 "style='background-color: rgba(0.0, 165.0, 0, 0.15); border-radius: 3px;' "
 "title='1.0'>_||> '<||_html:</span>_||><||_html:<span "
 "style='background-color: rgba(0.0, 165.0, 0, 0.15); border-radius: 3px;' "
 "title='1.0'>_||>Product<||_html:</span>_||><||_html:<span "
 "style='background-color: rgba(0.0, 165.0, 0, 0.15); border-radius: 3px;' "
 "title='1.0'>_||>'<||_html:</span>_||><||_html:<span style='background-color: "
 "rgba(0.0, 165.0, 0, 0.15); border-radius: 3px;' title='1.0'>_||> "
 "type<||_html:</span>_||><||_html:<span style='background-color: rgba(0.0, "
 "165.0, 0, 0.15); border-radius: 3px;' title='1.0'>_||> "
 "no<||_html:</span>_||><||_html:<span style='background-color: rgba(0.0, "
 "165.0, 0, 0.15); border-radius: 3px;' title='1.0'>_||> "
 "longer<||_html:</span>_||><||_html:<span style='background-color: rgba(0.0, "
 "165.0, 0, 0.15); border-radius: 3px;' title='1.0'>_||> "
 "includes<||_html:</span>_||><||_html:<span style='background-color: "
 "rgba(0.0, 165.0, 0, 0.15); border-radius: 3px;' title='1.0'>_||> "
 "the<||_html:</span>_||><||_html:<span style='background-color: rgba(0.0, "
 "165.0, 0, 0.15); border-radius: 3px;' title='1.0'>_||> "
 "'<||_html:</span>_||><||_html:<span style='background-color: rgba(0.0, "
 "165.0, 0, 0.15); border-radius: 3px;' "
 "title='1.0'>_||>description<||_html:</span>_||><||_html:<span "
 "style='background-color: rgba(0.0, 165.0, 0, 0.15); border-radius: 3px;' "
 "title='1.0'>_||>'<||_html:</span>_||><||_html:<span style='background-color: "
 "rgba(0.0, 165.0, 0, 0.15); border-radius: 3px;' title='1.0'>_||> "
 "field<||_html:</span>_||><||_html:<span style='background-color: rgba(0.0, "
 "165.0, 0, 0.15); border-radius: 3px;' "
 'title=\'1.0\'>_||>."<||_html:</span>_||><||_html:<span '
 "style='background-color: rgba(0.0, 165.0, 0, 0.15); border-radius: 3px;' "
 'title=\'1.0\'>_||>},<||_html:</span>_||>{"type<||_html:<span '
 "style='background-color: rgba(0.0, 165.0, 0, 0.15); border-radius: 3px;' "
 'title=\'1.0\'>_||>":"<||_html:</span>_||><||_html:<span '
 "style='background-color: rgba(0.0, 165.0, 0, 0.15); border-radius: 3px;' "
 "title='1.0'>_||>Product<||_html:</span>_||><||_html:<span "
 "style='background-color: rgba(0.0, 165.0, 0, 0.15); border-radius: 3px;' "
 'title=\'1.0\'>_||>","<||_html:</span>_||>field<||_html:<span '
 "style='background-color: rgba(0.0, 165.0, 0, 0.15); border-radius: 3px;' "
 'title=\'1.0\'>_||>":"<||_html:</span>_||><||_html:<span '
 "style='background-color: rgba(0.0, 165.0, 0, 0.15); border-radius: 3px;' "
 "title='1.0'>_||>stock<||_html:</span>_||><||_html:<span "
 "style='background-color: rgba(0.0, 165.0, 0, 0.15); border-radius: 3px;' "
 'title=\'1.0\'>_||>","<||_html:</span>_||>change<||_html:<span '
 "style='background-color: rgba(0.0, 165.0, 0, 0.15); border-radius: 3px;' "
 'title=\'1.0\'>_||>":"<||_html:</span>_||><||_html:<span '
 "style='background-color: rgba(0.0, 165.0, 0, 0.15); border-radius: 3px;' "
 "title='1.0'>_||>field<||_html:</span>_||><||_html:<span "
 "style='background-color: rgba(0.0, 165.0, 0, 0.15); border-radius: 3px;' "
 "title='1.0'>_||> removed<||_html:</span>_||><||_html:<span "
 "style='background-color: rgba(0.0, 165.0, 0, 0.15); border-radius: 3px;' "
 'title=\'1.0\'>_||>","<||_html:</span>_||>breaking<||_html:<span '
 "style='background-color: rgba(0.0, 165.0, 0, 0.15); border-radius: 3px;' "
 'title=\'1.0\'>_||>":<||_html:</span>_||><||_html:<span '
 "style='background-color: rgba(0.0, 165.0, 0, 0.15); border-radius: 3px;' "
 'title=\'1.0\'>_||>true<||_html:</span>_||>,"release_note<||_html:<span '
 "style='background-color: rgba(0.0, 165.0, 0, 0.15); border-radius: 3px;' "
 'title=\'1.0\'>_||>":"<||_html:</span>_||><||_html:<span '
 "style='background-color: rgba(0.0, 165.0, 0, 0.15); border-radius: 3px;' "
 "title='1.0'>_||>The<||_html:</span>_||><||_html:<span "
 "style='background-color: rgba(0.0, 165.0, 0, 0.15); border-radius: 3px;' "
 "title='1.0'>_||> '<||_html:</span>_||><||_html:<span "
 "style='background-color: rgba(0.0, 165.0, 0, 0.15); border-radius: 3px;' "
 "title='1.0'>_||>Product<||_html:</span>_||><||_html:<span "
 "style='background-color: rgba(0.0, 165.0, 0, 0.15); border-radius: 3px;' "
 "title='1.0'>_||>'<||_html:</span>_||><||_html:<span style='background-color: "
 "rgba(0.0, 165.0, 0, 0.15); border-radius: 3px;' title='1.0'>_||> "
 "type<||_html:</span>_||><||_html:<span style='background-color: rgba(0.0, "
 "165.0, 0, 0.15); border-radius: 3px;' title='1.0'>_||>")
('Analyze the following two GraphQL schemas for changes, including both '
 'breaking and non-breaking changes.\n'
 '\n'
 '                        Provide your analysis in the following JSON format:\n'
 '                        {\n'
 '                          "changes": [\n'
 '                            {\n'
 '                              "type": "String representing the GraphQL type '
 '(e.g., Query, Mutation, Subscription)",\n'
 '                              "field": "String representing the specific '
 'field that changed",\n'
 '                              "change": "String describing the change (e.g., '
 'field renamed, new field added, field removed)",\n'
 '                              "breaking": "Boolean indicating if the change '
 'is breaking (true) or non-breaking (false)",\n'
 '                              "release_note": "String with a natural '
 'language description of the change for release notes"\n'
 '                            }\n'
 '                          ],\n'
 '                          "release_notes": {\n'
 '                              "summary": "String summarizing all changes, '
 'suitable for a mailing list or public announcement"\n'
 '                          }\n'
 '                        }\n'
 '\n'
 '                        When analyzing, consider the following types of '
 'changes:\n'
 '                        1. Removing fields or types (breaking)\n'
 '                        2. Changing field types (potentially breaking)\n'
 '                        3. Adding required fields (breaking)\n'
 '                        4. Changing the type of existing arguments '
 '(breaking)\n'
 '                        5. Adding optional fields (non-breaking)\n'
 '                        6. Adding new types (non-breaking)\n'
 '                        7. Deprecating fields (non-breaking)\n'
 '\n'
 '                        Ensure that each change is categorized correctly as '
 'breaking or non-breaking.: type Query {\n'
 '  getProduct(id: ID!): Product\n'
 '}\n'
 '\n'
 'type Product {\n'
 '  id: ID\n'
 '  name: String\n'
 '  description: String\n'
 '  price: Float\n'
 '  stock: Int\n'
 '}\n'
 ', type Query {\n'
 '  getProduct(id: ID!): Product\n'
 '}\n'
 '\n'
 'type Product {\n'
 '  id: ID\n'
 '  name: String\n'
 '  details: String\n'
 '  price: Float\n'
 '}\n'
 '\n'
 "Answer:<||_html:<span style='background-color: rgba(0.0, 165.0, 0, 0.15); "
 "border-radius: 3px;' title='1.0'>_||> {<||_html:</span>_||><||_html:<span "
 "style='background-color: rgba(0.0, 165.0, 0, 0.15); border-radius: 3px;' "
 "title='1.0'>_||>\n"
 "<||_html:</span>_||><||_html:<span style='background-color: rgba(0.0, 165.0, "
 "0, 0.15); border-radius: 3px;' title='1.0'>_||> "
 "<||_html:</span>_||><||_html:<span style='background-color: rgba(0.0, 165.0, "
 "0, 0.15); border-radius: 3px;' title='1.0'>_||> "
 '"<||_html:</span>_||><||_html:<span style=\'background-color: rgba(0.0, '
 "165.0, 0, 0.15); border-radius: 3px;' "
 "title='1.0'>_||>changes<||_html:</span>_||><||_html:<span "
 "style='background-color: rgba(0.0, 165.0, 0, 0.15); border-radius: 3px;' "
 'title=\'1.0\'>_||>":<||_html:</span>_||><||_html:<span '
 "style='background-color: rgba(0.0, 165.0, 0, 0.15); border-radius: 3px;' "
 "title='1.0'>_||> [<||_html:</span>_||><||_html:<span "
 "style='background-color: rgba(0.0, 165.0, 0, 0.15); border-radius: 3px;' "
 "title='1.0'>_||>\n"
 "<||_html:</span>_||><||_html:<span style='background-color: rgba(0.0, 165.0, "
 "0, 0.15); border-radius: 3px;' title='1.0'>_||>   "
 "<||_html:</span>_||><||_html:<span style='background-color: rgba(0.0, 165.0, "
 "0, 0.15); border-radius: 3px;' title='1.0'>_||> "
 "{<||_html:</span>_||><||_html:<span style='background-color: rgba(0.0, "
 "165.0, 0, 0.15); border-radius: 3px;' title='1.0'>_||>\n"
 "<||_html:</span>_||><||_html:<span style='background-color: rgba(0.0, 165.0, "
 "0, 0.15); border-radius: 3px;' title='1.0'>_||>     "
 "<||_html:</span>_||><||_html:<span style='background-color: rgba(0.0, 165.0, "
 "0, 0.15); border-radius: 3px;' title='1.0'>_||> "
 '"<||_html:</span>_||><||_html:<span style=\'background-color: rgba(0.0, '
 "165.0, 0, 0.15); border-radius: 3px;' "
 "title='1.0'>_||>type<||_html:</span>_||><||_html:<span "
 "style='background-color: rgba(0.0, 165.0, 0, 0.15); border-radius: 3px;' "
 'title=\'1.0\'>_||>":<||_html:</span>_||><||_html:<span '
 "style='background-color: rgba(0.0, 165.0, 0, 0.15); border-radius: 3px;' "
 'title=\'1.0\'>_||> "<||_html:</span>_||><||_html:<span '
 "style='background-color: rgba(0.0, 165.0, 0, 0.15); border-radius: 3px;' "
 "title='1.0'>_||>Query<||_html:</span>_||><||_html:<span "
 "style='background-color: rgba(0.0, 165.0, 0, 0.15); border-radius: 3px;' "
 'title=\'1.0\'>_||>",<||_html:</span>_||><||_html:<span '
 "style='background-color: rgba(0.0, 165.0, 0, 0.15); border-radius: 3px;' "
 "title='1.0'>_||>\n"
 "<||_html:</span>_||><||_html:<span style='background-color: rgba(0.0, 165.0, "
 "0, 0.15); border-radius: 3px;' title='1.0'>_||>     "
 "<||_html:</span>_||><||_html:<span style='background-color: rgba(0.0, 165.0, "
 "0, 0.15); border-radius: 3px;' title='1.0'>_||> "
 '"<||_html:</span>_||><||_html:<span style=\'background-color: rgba(0.0, '
 "165.0, 0, 0.15); border-radius: 3px;' "
 "title='1.0'>_||>field<||_html:</span>_||><||_html:<span "
 "style='background-color: rgba(0.0, 165.0, 0, 0.15); border-radius: 3px;' "
 'title=\'1.0\'>_||>":<||_html:</span>_||><||_html:<span '
 "style='background-color: rgba(0.0, 165.0, 0, 0.15); border-radius: 3px;' "
 'title=\'1.0\'>_||> "<||_html:</span>_||><||_html:<span '
 "style='background-color: rgba(0.0, 165.0, 0, 0.15); border-radius: 3px;' "
 "title='1.0'>_||>get<||_html:</span>_||><||_html:<span "
 "style='background-color: rgba(0.0, 165.0, 0, 0.15); border-radius: 3px;' "
 "title='1.0'>_||>Product<||_html:</span>_||><||_html:<span "
 "style='background-color: rgba(0.0, 165.0, 0, 0.15); border-radius: 3px;' "
 'title=\'1.0\'>_||>",<||_html:</span>_||><||_html:<span '
 "style='background-color: rgba(0.0, 165.0, 0, 0.15); border-radius: 3px;' "
 "title='1.0'>_||>\n"
 "<||_html:</span>_||><||_html:<span style='background-color: rgba(0.0, 165.0, "
 "0, 0.15); border-radius: 3px;' title='1.0'>_||>     "
 "<||_html:</span>_||><||_html:<span style='background-color: rgba(0.0, 165.0, "
 "0, 0.15); border-radius: 3px;' title='1.0'>_||> "
 '"<||_html:</span>_||><||_html:<span style=\'background-color: rgba(0.0, '
 "165.0, 0, 0.15); border-radius: 3px;' "
 "title='1.0'>_||>change<||_html:</span>_||><||_html:<span "
 "style='background-color: rgba(0.0, 165.0, 0, 0.15); border-radius: 3px;' "
 'title=\'1.0\'>_||>":<||_html:</span>_||><||_html:<span '
 "style='background-color: rgba(0.0, 165.0, 0, 0.15); border-radius: 3px;' "
 'title=\'1.0\'>_||> "<||_html:</span>_||><||_html:<span '
 "style='background-color: rgba(0.0, 165.0, 0, 0.15); border-radius: 3px;' "
 "title='1.0'>_||>field<||_html:</span>_||><||_html:<span "
 "style='background-color: rgba(0.0, 165.0, 0, 0.15); border-radius: 3px;' "
 "title='1.0'>_||> details<||_html:</span>_||><||_html:<span "
 "style='background-color: rgba(0.0, 165.0, 0, 0.15); border-radius: 3px;' "
 "title='1.0'>_||> added<||_html:</span>_||><||_html:<span "
 "style='background-color: rgba(0.0, 165.0, 0, 0.15); border-radius: 3px;' "
 'title=\'1.0\'>_||>",<||_html:</span>_||><||_html:<span '
 "style='background-color: rgba(0.0, 165.0, 0, 0.15); border-radius: 3px;' "
 "title='1.0'>_||>\n"
 "<||_html:</span>_||><||_html:<span style='background-color: rgba(0.0, 165.0, "
 "0, 0.15); border-radius: 3px;' title='1.0'>_||>     "
 "<||_html:</span>_||><||_html:<span style='background-color: rgba(0.0, 165.0, "
 "0, 0.15); border-radius: 3px;' title='1.0'>_||> "
 '"<||_html:</span>_||><||_html:<span style=\'background-color: rgba(0.0, '
 "165.0, 0, 0.15); border-radius: 3px;' "
 "title='1.0'>_||>breaking<||_html:</span>_||><||_html:<span "
 "style='background-color: rgba(0.0, 165.0, 0, 0.15); border-radius: 3px;' "
 'title=\'1.0\'>_||>":<||_html:</span>_||><||_html:<span '
 "style='background-color: rgba(0.0, 165.0, 0, 0.15); border-radius: 3px;' "
 'title=\'1.0\'>_||> "<||_html:</span>_||><||_html:<span '
 "style='background-color: rgba(0.0, 165.0, 0, 0.15); border-radius: 3px;' "
 "title='1.0'>_||>false<||_html:</span>_||><||_html:<span "
 "style='background-color: rgba(0.0, 165.0, 0, 0.15); border-radius: 3px;' "
 'title=\'1.0\'>_||>",<||_html:</span>_||><||_html:<span '
 "style='background-color: rgba(0.0, 165.0, 0, 0.15); border-radius: 3px;' "
 "title='1.0'>_||>\n"
 "<||_html:</span>_||><||_html:<span style='background-color: rgba(0.0, 165.0, "
 "0, 0.15); border-radius: 3px;' title='1.0'>_||>     "
 "<||_html:</span>_||><||_html:<span style='background-color: rgba(0.0, 165.0, "
 "0, 0.15); border-radius: 3px;' title='1.0'>_||> "
 '"<||_html:</span>_||><||_html:<span style=\'background-color: rgba(0.0, '
 "165.0, 0, 0.15); border-radius: 3px;' "
 "title='1.0'>_||>release<||_html:</span>_||><||_html:<span "
 "style='background-color: rgba(0.0, 165.0, 0, 0.15); border-radius: 3px;' "
 "title='1.0'>_||>_<||_html:</span>_||><||_html:<span style='background-color: "
 "rgba(0.0, 165.0, 0, 0.15); border-radius: 3px;' "
 "title='1.0'>_||>note<||_html:</span>_||><||_html:<span "
 "style='background-color: rgba(0.0, 165.0, 0, 0.15); border-radius: 3px;' "
 'title=\'1.0\'>_||>":<||_html:</span>_||><||_html:<span '
 "style='background-color: rgba(0.0, 165.0, 0, 0.15); border-radius: 3px;' "
 'title=\'1.0\'>_||> "<||_html:</span>_||><||_html:<span '
 "style='background-color: rgba(0.0, 165.0, 0, 0.15); border-radius: 3px;' "
 "title='1.0'>_||>The<||_html:</span>_||><||_html:<span "
 "style='background-color: rgba(0.0, 165.0, 0, 0.15); border-radius: 3px;' "
 "title='1.0'>_||> '<||_html:</span>_||><||_html:<span "
 "style='background-color: rgba(0.0, 165.0, 0, 0.15); border-radius: 3px;' "
 "title='1.0'>_||>get<||_html:</span>_||><||_html:<span "
 "style='background-color: rgba(0.0, 165.0, 0, 0.15); border-radius: 3px;' "
 "title='1.0'>_||>Product<||_html:</span>_||><||_html:<span "
 "style='background-color: rgba(0.0, 165.0, 0, 0.15); border-radius: 3px;' "
 "title='1.0'>_||>'<||_html:</span>_||><||_html:<span style='background-color: "
 "rgba(0.0, 165.0, 0, 0.15); border-radius: 3px;' title='1.0'>_||> "
 "query<||_html:</span>_||><||_html:<span style='background-color: rgba(0.0, "
 "165.0, 0, 0.15); border-radius: 3px;' title='1.0'>_||> "
 "now<||_html:</span>_||><||_html:<span style='background-color: rgba(0.0, "
 "165.0, 0, 0.15); border-radius: 3px;' title='1.0'>_||> "
 "includes<||_html:</span>_||><||_html:<span style='background-color: "
 "rgba(0.0, 165.0, 0, 0.15); border-radius: 3px;' title='1.0'>_||> "
 "a<||_html:</span>_||><||_html:<span style='background-color: rgba(0.0, "
 "165.0, 0, 0.15); border-radius: 3px;' title='1.0'>_||> "
 "new<||_html:</span>_||><||_html:<span style='background-color: rgba(0.0, "
 "165.0, 0, 0.15); border-radius: 3px;' title='1.0'>_||> "
 "field<||_html:</span>_||><||_html:<span style='background-color: rgba(0.0, "
 "165.0, 0, 0.15); border-radius: 3px;' title='1.0'>_||> "
 "'<||_html:</span>_||><||_html:<span style='background-color: rgba(0.0, "
 "165.0, 0, 0.15); border-radius: 3px;' "
 "title='1.0'>_||>details<||_html:</span>_||><||_html:<span "
 "style='background-color: rgba(0.0, 165.0, 0, 0.15); border-radius: 3px;' "
 "title='1.0'>_||>'<||_html:</span>_||><||_html:<span style='background-color: "
 "rgba(0.0, 165.0, 0, 0.15); border-radius: 3px;' title='1.0'>_||> "
 "of<||_html:</span>_||><||_html:<span style='background-color: rgba(0.0, "
 "165.0, 0, 0.15); border-radius: 3px;' title='1.0'>_||> "
 "type<||_html:</span>_||><||_html:<span style='background-color: rgba(0.0, "
 "165.0, 0, 0.15); border-radius: 3px;' title='1.0'>_||> "
 "String<||_html:</span>_||><||_html:<span style='background-color: rgba(0.0, "
 "165.0, 0, 0.15); border-radius: 3px;' "
 'title=\'1.0\'>_||>."<||_html:</span>_||><||_html:<span '
 "style='background-color: rgba(0.0, 165.0, 0, 0.15); border-radius: 3px;' "
 "title='1.0'>_||>\n"
 "<||_html:</span>_||><||_html:<span style='background-color: rgba(0.0, 165.0, "
 "0, 0.15); border-radius: 3px;' title='1.0'>_||>   "
 "<||_html:</span>_||><||_html:<span style='background-color: rgba(0.0, 165.0, "
 "0, 0.15); border-radius: 3px;' title='1.0'>_||> "
 "},<||_html:</span>_||><||_html:<span style='background-color: rgba(0.0, "
 "165.0, 0, 0.15); border-radius: 3px;' title='1.0'>_||>\n"
 "<||_html:</span>_||><||_html:<span style='background-color: rgba(0.0, 165.0, "
 "0, 0.15); border-radius: 3px;' title='1.0'>_||>   "
 "<||_html:</span>_||><||_html:<span style='background-color: rgba(0.0, 165.0, "
 "0, 0.15); border-radius: 3px;' title='1.0'>_||> "
 "{<||_html:</span>_||><||_html:<span style='background-color: rgba(0.0, "
 "165.0, 0, 0.15); border-radius: 3px;' title='1.0'>_||>\n"
 "<||_html:</span>_||><||_html:<span style='background-color: rgba(0.0, 165.0, "
 "0, 0.15); border-radius: 3px;' title='1.0'>_||>     "
 "<||_html:</span>_||><||_html:<span style='background-color: rgba(0.0, 165.0, "
 "0, 0.15); border-radius: 3px;' title='1.0'>_||> "
 '"<||_html:</span>_||><||_html:<span style=\'background-color: rgba(0.0, '
 "165.0, 0, 0.15); border-radius: 3px;' "
 "title='1.0'>_||>type<||_html:</span>_||><||_html:<span "
 "style='background-color: rgba(0.0, 165.0, 0, 0.15); border-radius: 3px;' "
 'title=\'1.0\'>_||>":<||_html:</span>_||><||_html:<span '
 "style='background-color: rgba(0.0, 165.0, 0, 0.15); border-radius: 3px;' "
 'title=\'1.0\'>_||> "<||_html:</span>_||><||_html:<span '
 "style='background-color: rgba(0.0, 165.0, 0, 0.15); border-radius: 3px;' "
 "title='1.0'>_||>Product<||_html:</span>_||><||_html:<span "
 "style='background-color: rgba(0.0, 165.0, 0, 0.15); border-radius: 3px;' "
 'title=\'1.0\'>_||>",<||_html:</span>_||><||_html:<span '
 "style='background-color: rgba(0.0, 165.0, 0, 0.15); border-radius: 3px;' "
 "title='1.0'>_||>\n"
 "<||_html:</span>_||><||_html:<span style='background-color: rgba(0.0, 165.0, "
 "0, 0.15); border-radius: 3px;' title='1.0'>_||>     "
 "<||_html:</span>_||><||_html:<span style='background-color: rgba(0.0, 165.0, "
 "0, 0.15); border-radius: 3px;' title='1.0'>_||> "
 '"<||_html:</span>_||><||_html:<span style=\'background-color: rgba(0.0, '
 "165.0, 0, 0.15); border-radius: 3px;' "
 "title='1.0'>_||>field<||_html:</span>_||><||_html:<span "
 "style='background-color: rgba(0.0, 165.0, 0, 0.15); border-radius: 3px;' "
 'title=\'1.0\'>_||>":<||_html:</span>_||><||_html:<span '
 "style='background-color: rgba(0.0, 165.0, 0, 0.15); border-radius: 3px;' "
 'title=\'1.0\'>_||> "<||_html:</span>_||><||_html:<span '
 "style='background-color: rgba(0.0, 165.0, 0, 0.15); border-radius: 3px;' "
 "title='1.0'>_||>description<||_html:</span>_||><||_html:<span "
 "style='background-color: rgba(0.0, 165.0, 0, 0.15); border-radius: 3px;' "
 'title=\'1.0\'>_||>",<||_html:</span>_||><||_html:<span '
 "style='background-color: rgba(0.0, 165.0, 0, 0.15); border-radius: 3px;' "
 "title='1.0'>_||>\n"
 "<||_html:</span>_||><||_html:<span style='background-color: rgba(0.0, 165.0, "
 "0, 0.15); border-radius: 3px;' title='1.0'>_||>     "
 "<||_html:</span>_||><||_html:<span style='background-color: rgba(0.0, 165.0, "
 "0, 0.15); border-radius: 3px;' title='1.0'>_||> "
 '"<||_html:</span>_||><||_html:<span style=\'background-color: rgba(0.0, '
 "165.0, 0, 0.15); border-radius: 3px;' "
 "title='1.0'>_||>change<||_html:</span>_||><||_html:<span "
 "style='background-color: rgba(0.0, 165.0, 0, 0.15); border-radius: 3px;' "
 'title=\'1.0\'>_||>":<||_html:</span>_||><||_html:<span '
 "style='background-color: rgba(0.0, 165.0, 0, 0.15); border-radius: 3px;' "
 'title=\'1.0\'>_||> "<||_html:</span>_||><||_html:<span '
 "style='background-color: rgba(0.0, 165.0, 0, 0.15); border-radius: 3px;' "
 "title='1.0'>_||>field<||_html:</span>_||><||_html:<span "
 "style='background-color: rgba(0.0, 165.0, 0, 0.15); border-radius: 3px;' "
 "title='1.0'>_||> removed<||_html:</span>_||><||_html:<span "
 "style='background-color: rgba(0.0, 165.0, 0, 0.15); border-radius: 3px;' "
 'title=\'1.0\'>_||>",<||_html:</span>_||><||_html:<span '
 "style='background-color: rgba(0.0, 165.0, 0, 0.15); border-radius: 3px;' "
 "title='1.0'>_||>\n"
 "<||_html:</span>_||><||_html:<span style='background-color: rgba(0.0, 165.0, "
 "0, 0.15); border-radius: 3px;' title='1.0'>_||>     "
 "<||_html:</span>_||><||_html:<span style='background-color: rgba(0.0, 165.0, "
 "0, 0.15); border-radius: 3px;' title='1.0'>_||> "
 '"<||_html:</span>_||><||_html:<span style=\'background-color: rgba(0.0, '
 "165.0, 0, 0.15); border-radius: 3px;' "
 "title='1.0'>_||>breaking<||_html:</span>_||><||_html:<span "
 "style='background-color: rgba(0.0, 165.0, 0, 0.15); border-radius: 3px;' "
 'title=\'1.0\'>_||>":<||_html:</span>_||><||_html:<span '
 "style='background-color: rgba(0.0, 165.0, 0, 0.15); border-radius: 3px;' "
 'title=\'1.0\'>_||> "<||_html:</span>_||><||_html:<span '
 "style='background-color: rgba(0.0, 165.0, 0, 0.15); border-radius: 3px;' "
 "title='1.0'>_||>true<||_html:</span>_||><||_html:<span "
 "style='background-color: rgba(0.0, 165.0, 0, 0.15); border-radius: 3px;' "
 'title=\'1.0\'>_||>",<||_html:</span>_||><||_html:<span '
 "style='background-color: rgba(0.0, 165.0, 0, 0.15); border-radius: 3px;' "
 "title='1.0'>_||>\n"
 "<||_html:</span>_||><||_html:<span style='background-color: rgba(0.0, 165.0, "
 "0, 0.15); border-radius: 3px;' title='1.0'>_||>     "
 "<||_html:</span>_||><||_html:<span style='background-color: rgba(0.0, 165.0, "
 "0, 0.15); border-radius: 3px;' title='1.0'>_||> "
 '"<||_html:</span>_||><||_html:<span style=\'background-color: rgba(0.0, '
 "165.0, 0, 0.15); border-radius: 3px;' "
 "title='1.0'>_||>release<||_html:</span>_||><||_html:<span "
 "style='background-color: rgba(0.0, 165.0, 0, 0.15); border-radius: 3px;' "
 "title='1.0'>_||>_<||_html:</span>_||><||_html:<span style='background-color: "
 "rgba(0.0, 165.0, 0, 0.15); border-radius: 3px;' "
 "title='1.0'>_||>note<||_html:</span>_||><||_html:<span "
 "style='background-color: rgba(0.0, 165.0, 0, 0.15); border-radius: 3px;' "
 'title=\'1.0\'>_||>":<||_html:</span>_||><||_html:<span '
 "style='background-color: rgba(0.0, 165.0, 0, 0.15); border-radius: 3px;' "
 'title=\'1.0\'>_||> "<||_html:</span>_||><||_html:<span '
 "style='background-color: rgba(0.0, 165.0, 0, 0.15); border-radius: 3px;' "
 "title='1.0'>_||>The<||_html:</span>_||><||_html:<span "
 "style='background-color: rgba(0.0, 165.0, 0, 0.15); border-radius: 3px;' "
 "title='1.0'>_||> '<||_html:</span>_||><||_html:<span "
 "style='background-color: rgba(0.0, 165.0, 0, 0.15); border-radius: 3px;' "
 "title='1.0'>_||>Product<||_html:</span>_||><||_html:<span "
 "style='background-color: rgba(0.0, 165.0, 0, 0.15); border-radius: 3px;' "
 "title='1.0'>_||>'<||_html:</span>_||><||_html:<span style='background-color: "
 "rgba(0.0, 165.0, 0, 0.15); border-radius: 3px;' title='1.0'>_||> "
 "type<||_html:</span>_||><||_html:<span style='background-color: rgba(0.0, "
 "165.0, 0, 0.15); border-radius: 3px;' title='1.0'>_||> "
 "no<||_html:</span>_||><||_html:<span style='background-color: rgba(0.0, "
 "165.0, 0, 0.15); border-radius: 3px;' title='1.0'>_||> "
 "longer<||_html:</span>_||><||_html:<span style='background-color: rgba(0.0, "
 "165.0, 0, 0.15); border-radius: 3px;' title='1.0'>_||> "
 "includes<||_html:</span>_||><||_html:<span style='background-color: "
 "rgba(0.0, 165.0, 0, 0.15); border-radius: 3px;' title='1.0'>_||> "
 "the<||_html:</span>_||><||_html:<span style='background-color: rgba(0.0, "
 "165.0, 0, 0.15); border-radius: 3px;' title='1.0'>_||> "
 "'<||_html:</span>_||><||_html:<span style='background-color: rgba(0.0, "
 "165.0, 0, 0.15); border-radius: 3px;' "
 "title='1.0'>_||>description<||_html:</span>_||><||_html:<span "
 "style='background-color: rgba(0.0, 165.0, 0, 0.15); border-radius: 3px;' "
 "title='1.0'>_||>'<||_html:</span>_||><||_html:<span style='background-color: "
 "rgba(0.0, 165.0, 0, 0.15); border-radius: 3px;' title='1.0'>_||> "
 "field<||_html:</span>_||><||_html:<span style='background-color: rgba(0.0, "
 "165.0, 0, 0.15); border-radius: 3px;' "
 'title=\'1.0\'>_||>."<||_html:</span>_||><||_html:<span '
 "style='background-color: rgba(0.0, 165.0, 0, 0.15); border-radius: 3px;' "
 "title='1.0'>_||>\n"
 "<||_html:</span>_||><||_html:<span style='background-color: rgba(0.0, 165.0, "
 "0, 0.15); border-radius: 3px;' title='1.0'>_||>   "
 "<||_html:</span>_||><||_html:<span style='background-color: rgba(0.0, 165.0, "
 "0, 0.15); border-radius: 3px;' title='1.0'>_||> "
 "},<||_html:</span>_||><||_html:<span style='background-color: rgba(0.0, "
 "165.0, 0, 0.15); border-radius: 3px;' title='1.0'>_||>\n"
 "<||_html:</span>_||><||_html:<span style='background-color: rgba(0.0, 165.0, "
 "0, 0.15); border-radius: 3px;' title='1.0'>_||>   "
 "<||_html:</span>_||><||_html:<span style='background-color: rgba(0.0, 165.0, "
 "0, 0.15); border-radius: 3px;' title='1.0'>_||> "
 "{<||_html:</span>_||><||_html:<span style='background-color: rgba(0.0, "
 "165.0, 0, 0.15); border-radius: 3px;' title='1.0'>_||>\n"
 "<||_html:</span>_||><||_html:<span style='background-color: rgba(0.0, 165.0, "
 "0, 0.15); border-radius: 3px;' title='1.0'>_||>     "
 "<||_html:</span>_||><||_html:<span style='background-color: rgba(0.0, 165.0, "
 "0, 0.15); border-radius: 3px;' title='1.0'>_||> "
 '"<||_html:</span>_||><||_html:<span style=\'background-color: rgba(0.0, '
 "165.0, 0, 0.15); border-radius: 3px;' "
 "title='1.0'>_||>type<||_html:</span>_||><||_html:<span "
 "style='background-color: rgba(0.0, 165.0, 0, 0.15); border-radius: 3px;' "
 'title=\'1.0\'>_||>":<||_html:</span>_||><||_html:<span '
 "style='background-color: rgba(0.0, 165.0, 0, 0.15); border-radius: 3px;' "
 'title=\'1.0\'>_||> "<||_html:</span>_||><||_html:<span '
 "style='background-color: rgba(0.0, 165.0, 0, 0.15); border-radius: 3px;' "
 "title='1.0'>_||>Product<||_html:</span>_||><||_html:<span "
 "style='background-color: rgba(0.0, 165.0, 0, 0.15); border-radius: 3px;' "
 'title=\'1.0\'>_||>",<||_html:</span>_||><||_html:<span '
 "style='background-color: rgba(0.0, 165.0, 0, 0.15); border-radius: 3px;' "
 "title='1.0'>_||>\n"
 "<||_html:</span>_||><||_html:<span style='background-color: rgba(0.0, 165.0, "
 "0, 0.15); border-radius: 3px;' title='1.0'>_||>     "
 "<||_html:</span>_||><||_html:<span style='background-color: rgba(0.0, 165.0, "
 "0, 0.15); border-radius: 3px;' title='1.0'>_||> "
 '"<||_html:</span>_||><||_html:<span style=\'background-color: rgba(0.0, '
 "165.0, 0, 0.15); border-radius: 3px;' "
 "title='1.0'>_||>field<||_html:</span>_||><||_html:<span "
 "style='background-color: rgba(0.0, 165.0, 0, 0.15); border-radius: 3px;' "
 'title=\'1.0\'>_||>":<||_html:</span>_||><||_html:<span '
 "style='background-color: rgba(0.0, 165.0, 0, 0.15); border-radius: 3px;' "
 'title=\'1.0\'>_||> "<||_html:</span>_||><||_html:<span '
 "style='background-color: rgba(0.0, 165.0, 0, 0.15); border-radius: 3px;' "
 "title='1.0'>_||>stock<||_html:</span>_||><||_html:<span "
 "style='background-color: rgba(0.0, 165.0, 0, 0.15); border-radius: 3px;' "
 'title=\'1.0\'>_||>",<||_html:</span>_||><||_html:<span '
 "style='background-color: rgba(0.0, 165.0, 0, 0.15); border-radius: 3px;' "
 "title='1.0'>_||>\n"
 "<||_html:</span>_||><||_html:<span style='background-color: rgba(0.0, 165.0, "
 "0, 0.15); border-radius: 3px;' title='1.0'>_||>     "
 "<||_html:</span>_||><||_html:<span style='background-color: rgba(0.0, 165.0, "
 "0, 0.15); border-radius: 3px;' title='1.0'>_||> "
 '"<||_html:</span>_||><||_html:<span style=\'background-color: rgba(0.0, '
 "165.0, 0, 0.15); border-radius: 3px;' "
 "title='1.0'>_||>change<||_html:</span>_||><||_html:<span "
 "style='background-color: rgba(0.0, 165.0, 0, 0.15); border-radius: 3px;' "
 'title=\'1.0\'>_||>":<||_html:</span>_||><||_html:<span '
 "style='background-color: rgba(0.0, 165.0, 0, 0.15); border-radius: 3px;' "
 'title=\'1.0\'>_||> "<||_html:</span>_||><||_html:<span '
 "style='background-color: rgba(0.0, 165.0, 0, 0.15); border-radius: 3px;' "
 "title='1.0'>_||>field<||_html:</span>_||><||_html:<span "
 "style='background-color: rgba(0.0, 165.0, 0, 0.15); border-radius: 3px;' "
 "title='1.0'>_||> removed<||_html:</span>_||><||_html:<span "
 "style='background-color: rgba(0.0, 165.0, 0, 0.15); border-radius: 3px;' "
 'title=\'1.0\'>_||>",<||_html:</span>_||><||_html:<span '
 "style='background-color: rgba(0.0, 165.0, 0, 0.15); border-radius: 3px;' "
 "title='1.0'>_||>\n"
 "<||_html:</span>_||><||_html:<span style='background-color: rgba(0.0, 165.0, "
 "0, 0.15); border-radius: 3px;' title='1.0'>_||>     "
 "<||_html:</span>_||><||_html:<span style='background-color: rgba(0.0, 165.0, "
 "0, 0.15); border-radius: 3px;' title='1.0'>_||> "
 '"<||_html:</span>_||><||_html:<span style=\'background-color: rgba(0.0, '
 "165.0, 0, 0.15); border-radius: 3px;' "
 "title='1.0'>_||>breaking<||_html:</span>_||><||_html:<span "
 "style='background-color: rgba(0.0, 165.0, 0, 0.15); border-radius: 3px;' "
 'title=\'1.0\'>_||>":<||_html:</span>_||><||_html:<span '
 "style='background-color: rgba(0.0, 165.0, 0, 0.15); border-radius: 3px;' "
 'title=\'1.0\'>_||> "<||_html:</span>_||><||_html:<span '
 "style='background-color: rgba(0.0, 165.0, 0, 0.15); border-radius: 3px;' "
 "title='1.0'>_||>true<||_html:</span>_||><||_html:<span "
 "style='background-color: rgba(0.0, 165.0, 0, 0.15); border-radius: 3px;' "
 'title=\'1.0\'>_||>",<||_html:</span>_||><||_html:<span '
 "style='background-color: rgba(0.0, 165.0, 0, 0.15); border-radius: 3px;' "
 "title='1.0'>_||>\n"
 "<||_html:</span>_||><||_html:<span style='background-color: rgba(0.0, 165.0, "
 "0, 0.15); border-radius: 3px;' title='1.0'>_||>     "
 "<||_html:</span>_||><||_html:<span style='background-color: rgba(0.0, 165.0, "
 "0, 0.15); border-radius: 3px;' title='1.0'>_||> "
 '"<||_html:</span>_||><||_html:<span style=\'background-color: rgba(0.0, '
 "165.0, 0, 0.15); border-radius: 3px;' "
 "title='1.0'>_||>release<||_html:</span>_||><||_html:<span "
 "style='background-color: rgba(0.0, 165.0, 0, 0.15); border-radius: 3px;' "
 "title='1.0'>_||>_<||_html:</span>_||><||_html:<span style='background-color: "
 "rgba(0.0, 165.0, 0, 0.15); border-radius: 3px;' "
 "title='1.0'>_||>note<||_html:</span>_||><||_html:<span "
 "style='background-color: rgba(0.0, 165.0, 0, 0.15); border-radius: 3px;' "
 'title=\'1.0\'>_||>":<||_html:</span>_||><||_html:<span '
 "style='background-color: rgba(0.0, 165.0, 0, 0.15); border-radius: 3px;' "
 'title=\'1.0\'>_||> "<||_html:</span>_||><||_html:<span '
 "style='background-color: rgba(0.0, 165.0, 0, 0.15); border-radius: 3px;' "
 "title='1.0'>_||>The<||_html:</span>_||><||_html:<span "
 "style='background-color: rgba(0.0, 165.0, 0, 0.15); border-radius: 3px;' "
 "title='1.0'>_||> '<||_html:</span>_||><||_html:<span "
 "style='background-color: rgba(0.0, 165.0, 0, 0.15); border-radius: 3px;' "
 "title='1.0'>_||>Product<||_html:</span>_||><||_html:<span "
 "style='background-color: rgba(0.0, 165.0, 0, 0.15); border-radius: 3px;' "
 "title='1.0'>_||>'<||_html:</span>_||><||_html:<span style='background-color: "
 "rgba(0.0, 165.0, 0, 0.15); border-radius: 3px;' title='1.0'>_||> "
 "type<||_html:</span>_||><||_html:<span style='background-color: rgba(0.0, "
 "165.0, 0, 0.15); border-radius: 3px;' title='1.0'>_||> "
 "no<||_html:</span>_||><||_html:<span style='background-color: rgba(0.0, "
 "165.0, 0, 0.15); border-radius: 3px;' title='1.0'>_||> "
 "longer<||_html:</span>_||><||_html:<span style='background-color: rgba(0.0, "
 "165.0, 0, 0.15); border-radius: 3px;' title='1.0'>_||> "
 "includes<||_html:</span>_||><||_html:<span style='background-color: "
 "rgba(0.0, 165.0, 0, 0.15); border-radius: 3px;' title='1.0'>_||> "
 "the<||_html:</span>_||><||_html:<span style='background-color: rgba(0.0, "
 "165.0, 0, 0.15); border-radius: 3px;' title='1.0'>_||> "
 "'<||_html:</span>_||><||_html:<span style='background-color: rgba(0.0, "
 "165.0, 0, 0.15); border-radius: 3px;' "
 "title='1.0'>_||>stock<||_html:</span>_||><||_html:<span "
 "style='background-color: rgba(0.0, 165.0, 0, 0.15); border-radius: 3px;' "
 "title='1.0'>_||>'<||_html:</span>_||><||_html:<span style='background-color: "
 "rgba(0.0, 165.0, 0, 0.15); border-radius: 3px;' title='1.0'>_||> "
 "field<||_html:</span>_||><||_html:<span style='background-color: rgba(0.0, "
 "165.0, 0, 0.15); border-radius: 3px;' "
 'title=\'1.0\'>_||>."<||_html:</span>_||><||_html:<span '
 "style='background-color: rgba(0.0, 165.0, 0, 0.15); border-radius: 3px;' "
 "title='1.0'>_||>\n"
 "<||_html:</span>_||><||_html:<span style='background-color: rgba(0.0, 165.0, "
 "0, 0.15); border-radius: 3px;' title='1.0'>_||>   "
 "<||_html:</span>_||><||_html:<span style='background-color: rgba(0.0, 165.0, "
 "0, 0.15); border-radius: 3px;' title='1.0'>_||> "
 "}<||_html:</span>_||><||_html:<span style='background-color: rgba(0.0, "
 "165.0, 0, 0.15); border-radius: 3px;' title='1.0'>_||>\n"
 "<||_html:</span>_||><||_html:<span style='background-color: rgba(0.0, 165.0, "
 "0, 0.15); border-radius: 3px;' title='1.0'>_||> "
 "<||_html:</span>_||><||_html:<span style='background-color: rgba(0.0, 165.0, "
 "0, 0.15); border-radius: 3px;' title='1.0'>_||> "
 "],<||_html:</span>_||><||_html:<span style='background-color: rgba(0.0, "
 "165.0, 0, 0.15); border-radius: 3px;' title='1.0'>_||>\n"
 "<||_html:</span>_||><||_html:<span style='background-color: rgba(0.0, 165.0, "
 "0, 0.15); border-radius: 3px;' title='1.0'>_||> "
 "<||_html:</span>_||><||_html:<span style='background-color: rgba(0.0, 165.0, "
 "0, 0.15); border-radius: 3px;' title='1.0'>_||> "
 '"<||_html:</span>_||><||_html:<span style=\'background-color: rgba(0.0, '
 "165.0, 0, 0.15); border-radius: 3px;' "
 "title='1.0'>_||>release<||_html:</span>_||><||_html:<span "
 "style='background-color: rgba(0.0, 165.0, 0, 0.15); border-radius: 3px;' "
 "title='1.0'>_||>_<||_html:</span>_||><||_html:<span style='background-color: "
 "rgba(0.0, 165.0, 0, 0.15); border-radius: 3px;' "
 "title='1.0'>_||>notes<||_html:</span>_||><||_html:<span "
 "style='background-color: rgba(0.0, 165.0, 0, 0.15); border-radius: 3px;' "
 'title=\'1.0\'>_||>":<||_html:</span>_||><||_html:<span '
 "style='background-color: rgba(0.0, 165.0, 0, 0.15); border-radius: 3px;' "
 "title='1.0'>_||> {<||_html:</span>_||><||_html:<span "
 "style='background-color: rgba(0.0, 165.0, 0, 0.15); border-radius: 3px;' "
 "title='1.0'>_||>\n"
 "<||_html:</span>_||><||_html:<span style='background-color: rgba(0.0, 165.0, "
 "0, 0.15); border-radius: 3px;' title='1.0'>_||>   "
 "<||_html:</span>_||><||_html:<span style='background-color: rgba(0.0, 165.0, "
 "0, 0.15); border-radius: 3px;' title='1.0'>_||> "
 '"<||_html:</span>_||><||_html:<span style=\'background-color: rgba(0.0, '
 "165.0, 0, 0.15); border-radius: 3px;' "
 "title='1.0'>_||>summary<||_html:</span>_||><||_html:<span "
 "style='background-color: rgba(0.0, 165.0, 0, 0.15); border-radius: 3px;' "
 'title=\'1.0\'>_||>":<||_html:</span>_||><||_html:<span '
 "style='background-color: rgba(0.0, 165.0, 0, 0.15); border-radius: 3px;' "
 'title=\'1.0\'>_||> "<||_html:</span>_||><||_html:<span '
 "style='background-color: rgba(0.0, 165.0, 0, 0.15); border-radius: 3px;' "
 "title='1.0'>_||>The<||_html:</span>_||><||_html:<span "
 "style='background-color: rgba(0.0, 165.0, 0, 0.15); border-radius: 3px;' "
 "title='1.0'>_||> '<||_html:</span>_||><||_html:<span "
 "style='background-color: rgba(0.0, 165.0, 0, 0.15); border-radius: 3px;' "
 "title='1.0'>_||>get<||_html:</span>_||><||_html:<span "
 "style='background-color: rgba(0.0, 165.0, 0, 0.15); border-radius: 3px;' "
 "title='1.0'>_||>Product<||_html:</span>_||><||_html:<span "
 "style='background-color: rgba(0.0, 165.0, 0, 0.15); border-radius: 3px;' "
 "title='1.0'>_||>'<||_html:</span>_||><||_html:<span style='background-color: "
 "rgba(0.0, 165.0, 0, 0.15); border-radius: 3px;' title='1.0'>_||> "
 "query<||_html:</span>_||><||_html:<span style='background-color: rgba(0.0, "
 "165.0, 0, 0.15); border-radius: 3px;' title='1.0'>_||> "
 "now<||_html:</span>_||><||_html:<span style='background-color: rgba(0.0, "
 "165.0, 0, 0.15); border-radius: 3px;' title='1.0'>_||> "
 "includes<||_html:</span>_||><||_html:<span style='background-color: "
 "rgba(0.0, 165.0, 0, 0.15); border-radius: 3px;' title='1.0'>_||> "
 "a<||_html:</span>_||><||_html:<span style='background-color: rgba(0.0, "
 "165.0, 0, 0.15); border-radius: 3px;' title='1.0'>_||> "
 "new<||_html:</span>_||><||_html:<span style='background-color: rgba(0.0, "
 "165.0, 0, 0.15); border-radius: 3px;' title='1.0'>_||> "
 "field<||_html:</span>_||><||_html:<span style='background-color: rgba(0.0, "
 "165.0, 0, 0.15); border-radius: 3px;' title='1.0'>_||> "
 "'<||_html:</span>_||><||_html:<span style='background-color: rgba(0.0, "
 "165.0, 0, 0.15); border-radius: 3px;' "
 "title='1.0'>_||>details<||_html:</span>_||><||_html:<span "
 "style='background-color: rgba(0.0, 165.0, 0, 0.15); border-radius: 3px;' "
 "title='1.0'>_||>'<||_html:</span>_||><||_html:<span style='background-color: "
 "rgba(0.0, 165.0, 0, 0.15); border-radius: 3px;' title='1.0'>_||> "
 "of<||_html:</span>_||><||_html:<span style='background-color: rgba(0.0, "
 "165.0, 0, 0.15); border-radius: 3px;' title='1.0'>_||> "
 "type<||_html:</span>_||><||_html:<span style='background-color: rgba(0.0, "
 "165.0, 0, 0.15); border-radius: 3px;' title='1.0'>_||> "
 "String<||_html:</span>_||><||_html:<span style='background-color: rgba(0.0, "
 "165.0, 0, 0.15); border-radius: 3px;' "
 "title='1.0'>_||>.<||_html:</span>_||><||_html:<span style='background-color: "
 "rgba(0.0, 165.0, 0, 0.15); border-radius: 3px;' title='1.0'>_||> "
 "The<||_html:</span>_||><||_html:<span style='background-color: rgba(0.0, "
 "165.0, 0, 0.15); border-radius: 3px;' title='1.0'>_||> "
 "'<||_html:</span>_||><||_html:<span style='background-color: rgba(0.0, "
 "165.0, 0, 0.15); border-radius: 3px;' "
 "title='1.0'>_||>Product<||_html:</span>_||><||_html:<span "
 "style='background-color: rgba(0.0, 165.0, 0, 0.15); border-radius: 3px;' "
 "title='1.0'>_||>'<||_html:</span>_||><||_html:<span style='background-color: "
 "rgba(0.0, 165.0, 0, 0.15); border-radius: 3px;' title='1.0'>_||> "
 "type<||_html:</span>_||><||_html:<span style='background-color: rgba(0.0, "
 "165.0, 0, 0.15); border-radius: 3px;' title='1.0'>_||> "
 "no<||_html:</span>_||><||_html:<span style='background-color: rgba(0.0, "
 "165.0, 0, 0.15); border-radius: 3px;' title='1.0'>_||> "
 "longer<||_html:</span>_||><||_html:<span style='background-color: rgba(0.0, "
 "165.0, 0, 0.15); border-radius: 3px;' title='1.0'>_||> "
 "includes<||_html:</span>_||><||_html:<span style='background-color: "
 "rgba(0.0, 165.0, 0, 0.15); border-radius: 3px;' title='1.0'>_||> "
 "the<||_html:</span>_||><||_html:<span style='background-color: rgba(0.0, "
 "165.0, 0, 0.15); border-radius: 3px;' title='1.0'>_||> "
 "'<||_html:</span>_||><||_html:<span style='background-color: rgba(0.0, "
 "165.0, 0, 0.15); border-radius: 3px;' "
 "title='1.0'>_||>description<||_html:</span>_||><||_html:<span "
 "style='background-color: rgba(0.0, 165.0, 0, 0.15); border-radius: 3px;' "
 "title='1.0'>_||>'<||_html:</span>_||><||_html:<span style='background-color: "
 "rgba(0.0, 165.0, 0, 0.15); border-radius: 3px;' title='1.0'>_||> "
 "and<||_html:</span>_||><||_html:<span style='background-color: rgba(0.0, "
 "165.0, 0, 0.15); border-radius: 3px;' title='1.0'>_||> "
 "'<||_html:</span>_||><||_html:<span style='background-color: rgba(0.0, "
 "165.0, 0, 0.15); border-radius: 3px;' "
 "title='1.0'>_||>stock<||_html:</span>_||><||_html:<span "
 "style='background-color: rgba(0.0, 165.0, 0, 0.15); border-radius: 3px;' "
 "title='1.0'>_||>'<||_html:</span>_||><||_html:<span style='background-color: "
 "rgba(0.0, 165.0, 0, 0.15); border-radius: 3px;' title='1.0'>_||> "
 "fields<||_html:</span>_||><||_html:<span style='background-color: rgba(0.0, "
 "165.0, 0, 0.15); border-radius: 3px;' "
 'title=\'1.0\'>_||>."<||_html:</span>_||><||_html:<span '
 "style='background-color: rgba(0.0, 165.0, 0, 0.15); border-radius: 3px;' "
 "title='1.0'>_||>\n"
 "<||_html:</span>_||><||_html:<span style='background-color: rgba(0.0, 165.0, "
 "0, 0.15); border-radius: 3px;' title='1.0'>_||> "
 "<||_html:</span>_||><||_html:<span style='background-color: rgba(0.0, 165.0, "
 "0, 0.15); border-radius: 3px;' title='1.0'>_||> "
 "}<||_html:</span>_||><||_html:<span style='background-color: rgba(0.0, "
 "165.0, 0, 0.15); border-radius: 3px;' title='1.0'>_||>\n"
 "<||_html:</span>_||><||_html:<span style='background-color: rgba(0.0, 165.0, "
 "0, 0.15); border-radius: 3px;' "
 'title=\'1.0\'>_||>}<||_html:</span>_||>{"changes":<||_html:<span '
 "style='background-color: rgba(0.0, 165.0, 0, 0.15); border-radius: 3px;' "
 "title='1.0'>_||>[<||_html:</span>_||><||_html:<span style='background-color: "
 "rgba(0.0, 165.0, 0, 0.15); border-radius: 3px;' "
 'title=\'1.0\'>_||>{"<||_html:</span>_||>type<||_html:<span '
 "style='background-color: rgba(0.0, 165.0, 0, 0.15); border-radius: 3px;' "
 'title=\'1.0\'>_||>":"<||_html:</span>_||><||_html:<span '
 "style='background-color: rgba(0.0, 165.0, 0, 0.15); border-radius: 3px;' "
 "title='1.0'>_||>Query<||_html:</span>_||><||_html:<span "
 "style='background-color: rgba(0.0, 165.0, 0, 0.15); border-radius: 3px;' "
 'title=\'1.0\'>_||>","<||_html:</span>_||>field<||_html:<span '
 "style='background-color: rgba(0.0, 165.0, 0, 0.15); border-radius: 3px;' "
 'title=\'1.0\'>_||>":"<||_html:</span>_||><||_html:<span '
 "style='background-color: rgba(0.0, 165.0, 0, 0.15); border-radius: 3px;' "
 "title='1.0'>_||>get<||_html:</span>_||><||_html:<span "
 "style='background-color: rgba(0.0, 165.0, 0, 0.15); border-radius: 3px;' "
 "title='1.0'>_||>Product<||_html:</span>_||><||_html:<span "
 "style='background-color: rgba(0.0, 165.0, 0, 0.15); border-radius: 3px;' "
 'title=\'1.0\'>_||>","<||_html:</span>_||>change<||_html:<span '
 "style='background-color: rgba(0.0, 165.0, 0, 0.15); border-radius: 3px;' "
 'title=\'1.0\'>_||>":"<||_html:</span>_||><||_html:<span '
 "style='background-color: rgba(0.0, 165.0, 0, 0.15); border-radius: 3px;' "
 "title='1.0'>_||>field<||_html:</span>_||><||_html:<span "
 "style='background-color: rgba(0.0, 165.0, 0, 0.15); border-radius: 3px;' "
 "title='1.0'>_||> details<||_html:</span>_||><||_html:<span "
 "style='background-color: rgba(0.0, 165.0, 0, 0.15); border-radius: 3px;' "
 "title='1.0'>_||> added<||_html:</span>_||><||_html:<span "
 "style='background-color: rgba(0.0, 165.0, 0, 0.15); border-radius: 3px;' "
 'title=\'1.0\'>_||>","<||_html:</span>_||>breaking<||_html:<span '
 "style='background-color: rgba(0.0, 165.0, 0, 0.15); border-radius: 3px;' "
 'title=\'1.0\'>_||>":<||_html:</span>_||><||_html:<span '
 "style='background-color: rgba(0.0, 165.0, 0, 0.15); border-radius: 3px;' "
 'title=\'1.0\'>_||>false<||_html:</span>_||>,"release_note<||_html:<span '
 "style='background-color: rgba(0.0, 165.0, 0, 0.15); border-radius: 3px;' "
 'title=\'1.0\'>_||>":"<||_html:</span>_||><||_html:<span '
 "style='background-color: rgba(0.0, 165.0, 0, 0.15); border-radius: 3px;' "
 "title='1.0'>_||>The<||_html:</span>_||><||_html:<span "
 "style='background-color: rgba(0.0, 165.0, 0, 0.15); border-radius: 3px;' "
 "title='1.0'>_||> '<||_html:</span>_||><||_html:<span "
 "style='background-color: rgba(0.0, 165.0, 0, 0.15); border-radius: 3px;' "
 "title='1.0'>_||>get<||_html:</span>_||><||_html:<span "
 "style='background-color: rgba(0.0, 165.0, 0, 0.15); border-radius: 3px;' "
 "title='1.0'>_||>Product<||_html:</span>_||><||_html:<span "
 "style='background-color: rgba(0.0, 165.0, 0, 0.15); border-radius: 3px;' "
 "title='1.0'>_||>'<||_html:</span>_||><||_html:<span style='background-color: "
 "rgba(0.0, 165.0, 0, 0.15); border-radius: 3px;' title='1.0'>_||> "
 "query<||_html:</span>_||><||_html:<span style='background-color: rgba(0.0, "
 "165.0, 0, 0.15); border-radius: 3px;' title='1.0'>_||> "
 "now<||_html:</span>_||><||_html:<span style='background-color: rgba(0.0, "
 "165.0, 0, 0.15); border-radius: 3px;' title='1.0'>_||> "
 "includes<||_html:</span>_||><||_html:<span style='background-color: "
 "rgba(0.0, 165.0, 0, 0.15); border-radius: 3px;' title='1.0'>_||> "
 "a<||_html:</span>_||><||_html:<span style='background-color: rgba(0.0, "
 "165.0, 0, 0.15); border-radius: 3px;' title='1.0'>_||> "
 "new<||_html:</span>_||><||_html:<span style='background-color: rgba(0.0, "
 "165.0, 0, 0.15); border-radius: 3px;' title='1.0'>_||> "
 "field<||_html:</span>_||><||_html:<span style='background-color: rgba(0.0, "
 "165.0, 0, 0.15); border-radius: 3px;' title='1.0'>_||> "
 "'<||_html:</span>_||><||_html:<span style='background-color: rgba(0.0, "
 "165.0, 0, 0.15); border-radius: 3px;' "
 "title='1.0'>_||>details<||_html:</span>_||><||_html:<span "
 "style='background-color: rgba(0.0, 165.0, 0, 0.15); border-radius: 3px;' "
 "title='1.0'>_||>'<||_html:</span>_||><||_html:<span style='background-color: "
 "rgba(0.0, 165.0, 0, 0.15); border-radius: 3px;' title='1.0'>_||> "
 "of<||_html:</span>_||><||_html:<span style='background-color: rgba(0.0, "
 "165.0, 0, 0.15); border-radius: 3px;' title='1.0'>_||> "
 "type<||_html:</span>_||><||_html:<span style='background-color: rgba(0.0, "
 "165.0, 0, 0.15); border-radius: 3px;' title='1.0'>_||> "
 "String<||_html:</span>_||><||_html:<span style='background-color: rgba(0.0, "
 "165.0, 0, 0.15); border-radius: 3px;' "
 'title=\'1.0\'>_||>."<||_html:</span>_||><||_html:<span '
 "style='background-color: rgba(0.0, 165.0, 0, 0.15); border-radius: 3px;' "
 'title=\'1.0\'>_||>},<||_html:</span>_||>{"type<||_html:<span '
 "style='background-color: rgba(0.0, 165.0, 0, 0.15); border-radius: 3px;' "
 'title=\'1.0\'>_||>":"<||_html:</span>_||><||_html:<span '
 "style='background-color: rgba(0.0, 165.0, 0, 0.15); border-radius: 3px;' "
 "title='1.0'>_||>Product<||_html:</span>_||><||_html:<span "
 "style='background-color: rgba(0.0, 165.0, 0, 0.15); border-radius: 3px;' "
 'title=\'1.0\'>_||>","<||_html:</span>_||>field<||_html:<span '
 "style='background-color: rgba(0.0, 165.0, 0, 0.15); border-radius: 3px;' "
 'title=\'1.0\'>_||>":"<||_html:</span>_||><||_html:<span '
 "style='background-color: rgba(0.0, 165.0, 0, 0.15); border-radius: 3px;' "
 "title='1.0'>_||>description<||_html:</span>_||><||_html:<span "
 "style='background-color: rgba(0.0, 165.0, 0, 0.15); border-radius: 3px;' "
 'title=\'1.0\'>_||>","<||_html:</span>_||>change<||_html:<span '
 "style='background-color: rgba(0.0, 165.0, 0, 0.15); border-radius: 3px;' "
 'title=\'1.0\'>_||>":"<||_html:</span>_||><||_html:<span '
 "style='background-color: rgba(0.0, 165.0, 0, 0.15); border-radius: 3px;' "
 "title='1.0'>_||>field<||_html:</span>_||><||_html:<span "
 "style='background-color: rgba(0.0, 165.0, 0, 0.15); border-radius: 3px;' "
 "title='1.0'>_||> removed<||_html:</span>_||><||_html:<span "
 "style='background-color: rgba(0.0, 165.0, 0, 0.15); border-radius: 3px;' "
 'title=\'1.0\'>_||>","<||_html:</span>_||>breaking<||_html:<span '
 "style='background-color: rgba(0.0, 165.0, 0, 0.15); border-radius: 3px;' "
 'title=\'1.0\'>_||>":<||_html:</span>_||><||_html:<span '
 "style='background-color: rgba(0.0, 165.0, 0, 0.15); border-radius: 3px;' "
 'title=\'1.0\'>_||>true<||_html:</span>_||>,"release_note<||_html:<span '
 "style='background-color: rgba(0.0, 165.0, 0, 0.15); border-radius: 3px;' "
 'title=\'1.0\'>_||>":"<||_html:</span>_||><||_html:<span '
 "style='background-color: rgba(0.0, 165.0, 0, 0.15); border-radius: 3px;' "
 "title='1.0'>_||>The<||_html:</span>_||><||_html:<span "
 "style='background-color: rgba(0.0, 165.0, 0, 0.15); border-radius: 3px;' "
 "title='1.0'>_||> '<||_html:</span>_||><||_html:<span "
 "style='background-color: rgba(0.0, 165.0, 0, 0.15); border-radius: 3px;' "
 "title='1.0'>_||>Product<||_html:</span>_||><||_html:<span "
 "style='background-color: rgba(0.0, 165.0, 0, 0.15); border-radius: 3px;' "
 "title='1.0'>_||>'<||_html:</span>_||><||_html:<span style='background-color: "
 "rgba(0.0, 165.0, 0, 0.15); border-radius: 3px;' title='1.0'>_||> "
 "type<||_html:</span>_||><||_html:<span style='background-color: rgba(0.0, "
 "165.0, 0, 0.15); border-radius: 3px;' title='1.0'>_||> "
 "no<||_html:</span>_||><||_html:<span style='background-color: rgba(0.0, "
 "165.0, 0, 0.15); border-radius: 3px;' title='1.0'>_||> "
 "longer<||_html:</span>_||><||_html:<span style='background-color: rgba(0.0, "
 "165.0, 0, 0.15); border-radius: 3px;' title='1.0'>_||> "
 "includes<||_html:</span>_||><||_html:<span style='background-color: "
 "rgba(0.0, 165.0, 0, 0.15); border-radius: 3px;' title='1.0'>_||> "
 "the<||_html:</span>_||><||_html:<span style='background-color: rgba(0.0, "
 "165.0, 0, 0.15); border-radius: 3px;' title='1.0'>_||> "
 "'<||_html:</span>_||><||_html:<span style='background-color: rgba(0.0, "
 "165.0, 0, 0.15); border-radius: 3px;' "
 "title='1.0'>_||>description<||_html:</span>_||><||_html:<span "
 "style='background-color: rgba(0.0, 165.0, 0, 0.15); border-radius: 3px;' "
 "title='1.0'>_||>'<||_html:</span>_||><||_html:<span style='background-color: "
 "rgba(0.0, 165.0, 0, 0.15); border-radius: 3px;' title='1.0'>_||> "
 "field<||_html:</span>_||><||_html:<span style='background-color: rgba(0.0, "
 "165.0, 0, 0.15); border-radius: 3px;' "
 'title=\'1.0\'>_||>."<||_html:</span>_||><||_html:<span '
 "style='background-color: rgba(0.0, 165.0, 0, 0.15); border-radius: 3px;' "
 'title=\'1.0\'>_||>},<||_html:</span>_||>{"type<||_html:<span '
 "style='background-color: rgba(0.0, 165.0, 0, 0.15); border-radius: 3px;' "
 'title=\'1.0\'>_||>":"<||_html:</span>_||><||_html:<span '
 "style='background-color: rgba(0.0, 165.0, 0, 0.15); border-radius: 3px;' "
 "title='1.0'>_||>Product<||_html:</span>_||><||_html:<span "
 "style='background-color: rgba(0.0, 165.0, 0, 0.15); border-radius: 3px;' "
 'title=\'1.0\'>_||>","<||_html:</span>_||>field<||_html:<span '
 "style='background-color: rgba(0.0, 165.0, 0, 0.15); border-radius: 3px;' "
 'title=\'1.0\'>_||>":"<||_html:</span>_||><||_html:<span '
 "style='background-color: rgba(0.0, 165.0, 0, 0.15); border-radius: 3px;' "
 "title='1.0'>_||>stock<||_html:</span>_||><||_html:<span "
 "style='background-color: rgba(0.0, 165.0, 0, 0.15); border-radius: 3px;' "
 'title=\'1.0\'>_||>","<||_html:</span>_||>change<||_html:<span '
 "style='background-color: rgba(0.0, 165.0, 0, 0.15); border-radius: 3px;' "
 'title=\'1.0\'>_||>":"<||_html:</span>_||><||_html:<span '
 "style='background-color: rgba(0.0, 165.0, 0, 0.15); border-radius: 3px;' "
 "title='1.0'>_||>field<||_html:</span>_||><||_html:<span "
 "style='background-color: rgba(0.0, 165.0, 0, 0.15); border-radius: 3px;' "
 "title='1.0'>_||> removed<||_html:</span>_||><||_html:<span "
 "style='background-color: rgba(0.0, 165.0, 0, 0.15); border-radius: 3px;' "
 'title=\'1.0\'>_||>","<||_html:</span>_||>breaking<||_html:<span '
 "style='background-color: rgba(0.0, 165.0, 0, 0.15); border-radius: 3px;' "
 'title=\'1.0\'>_||>":<||_html:</span>_||><||_html:<span '
 "style='background-color: rgba(0.0, 165.0, 0, 0.15); border-radius: 3px;' "
 'title=\'1.0\'>_||>true<||_html:</span>_||>,"release_note<||_html:<span '
 "style='background-color: rgba(0.0, 165.0, 0, 0.15); border-radius: 3px;' "
 'title=\'1.0\'>_||>":"<||_html:</span>_||><||_html:<span '
 "style='background-color: rgba(0.0, 165.0, 0, 0.15); border-radius: 3px;' "
 "title='1.0'>_||>The<||_html:</span>_||><||_html:<span "
 "style='background-color: rgba(0.0, 165.0, 0, 0.15); border-radius: 3px;' "
 "title='1.0'>_||> '<||_html:</span>_||><||_html:<span "
 "style='background-color: rgba(0.0, 165.0, 0, 0.15); border-radius: 3px;' "
 "title='1.0'>_||>Product<||_html:</span>_||><||_html:<span "
 "style='background-color: rgba(0.0, 165.0, 0, 0.15); border-radius: 3px;' "
 "title='1.0'>_||>'<||_html:</span>_||><||_html:<span style='background-color: "
 "rgba(0.0, 165.0, 0, 0.15); border-radius: 3px;' title='1.0'>_||> "
 "type<||_html:</span>_||><||_html:<span style='background-color: rgba(0.0, "
 "165.0, 0, 0.15); border-radius: 3px;' title='1.0'>_||> "
 "no<||_html:</span>_||><||_html:<span style='background-color: rgba(0.0, "
 "165.0, 0, 0.15); border-radius: 3px;' title='1.0'>_||> "
 "longer<||_html:</span>_||><||_html:<span style='background-color: rgba(0.0, "
 "165.0, 0, 0.15); border-radius: 3px;' title='1.0'>_||> "
 "includes<||_html:</span>_||><||_html:<span style='background-color: "
 "rgba(0.0, 165.0, 0, 0.15); border-radius: 3px;' title='1.0'>_||>")
('Analyze the following two GraphQL schemas for changes, including both '
 'breaking and non-breaking changes.\n'
 '\n'
 '                        Provide your analysis in the following JSON format:\n'
 '                        {\n'
 '                          "changes": [\n'
 '                            {\n'
 '                              "type": "String representing the GraphQL type '
 '(e.g., Query, Mutation, Subscription)",\n'
 '                              "field": "String representing the specific '
 'field that changed",\n'
 '                              "change": "String describing the change (e.g., '
 'field renamed, new field added, field removed)",\n'
 '                              "breaking": "Boolean indicating if the change '
 'is breaking (true) or non-breaking (false)",\n'
 '                              "release_note": "String with a natural '
 'language description of the change for release notes"\n'
 '                            }\n'
 '                          ],\n'
 '                          "release_notes": {\n'
 '                              "summary": "String summarizing all changes, '
 'suitable for a mailing list or public announcement"\n'
 '                          }\n'
 '                        }\n'
 '\n'
 '                        When analyzing, consider the following types of '
 'changes:\n'
 '                        1. Removing fields or types (breaking)\n'
 '                        2. Changing field types (potentially breaking)\n'
 '                        3. Adding required fields (breaking)\n'
 '                        4. Changing the type of existing arguments '
 '(breaking)\n'
 '                        5. Adding optional fields (non-breaking)\n'
 '                        6. Adding new types (non-breaking)\n'
 '                        7. Deprecating fields (non-breaking)\n'
 '\n'
 '                        Ensure that each change is categorized correctly as '
 'breaking or non-breaking.: type Query {\n'
 '  getProduct(id: ID!): Product\n'
 '}\n'
 '\n'
 'type Product {\n'
 '  id: ID\n'
 '  name: String\n'
 '  description: String\n'
 '  price: Float\n'
 '  stock: Int\n'
 '}\n'
 ', type Query {\n'
 '  getProduct(id: ID!): Product\n'
 '}\n'
 '\n'
 'type Product {\n'
 '  id: ID\n'
 '  name: String\n'
 '  details: String\n'
 '  price: Float\n'
 '}\n'
 '\n'
 "Answer:<||_html:<span style='background-color: rgba(0.0, 165.0, 0, 0.15); "
 "border-radius: 3px;' title='1.0'>_||> {<||_html:</span>_||><||_html:<span "
 "style='background-color: rgba(0.0, 165.0, 0, 0.15); border-radius: 3px;' "
 "title='1.0'>_||>\n"
 "<||_html:</span>_||><||_html:<span style='background-color: rgba(0.0, 165.0, "
 "0, 0.15); border-radius: 3px;' title='1.0'>_||> "
 "<||_html:</span>_||><||_html:<span style='background-color: rgba(0.0, 165.0, "
 "0, 0.15); border-radius: 3px;' title='1.0'>_||> "
 '"<||_html:</span>_||><||_html:<span style=\'background-color: rgba(0.0, '
 "165.0, 0, 0.15); border-radius: 3px;' "
 "title='1.0'>_||>changes<||_html:</span>_||><||_html:<span "
 "style='background-color: rgba(0.0, 165.0, 0, 0.15); border-radius: 3px;' "
 'title=\'1.0\'>_||>":<||_html:</span>_||><||_html:<span '
 "style='background-color: rgba(0.0, 165.0, 0, 0.15); border-radius: 3px;' "
 "title='1.0'>_||> [<||_html:</span>_||><||_html:<span "
 "style='background-color: rgba(0.0, 165.0, 0, 0.15); border-radius: 3px;' "
 "title='1.0'>_||>\n"
 "<||_html:</span>_||><||_html:<span style='background-color: rgba(0.0, 165.0, "
 "0, 0.15); border-radius: 3px;' title='1.0'>_||>   "
 "<||_html:</span>_||><||_html:<span style='background-color: rgba(0.0, 165.0, "
 "0, 0.15); border-radius: 3px;' title='1.0'>_||> "
 "{<||_html:</span>_||><||_html:<span style='background-color: rgba(0.0, "
 "165.0, 0, 0.15); border-radius: 3px;' title='1.0'>_||>\n"
 "<||_html:</span>_||><||_html:<span style='background-color: rgba(0.0, 165.0, "
 "0, 0.15); border-radius: 3px;' title='1.0'>_||>     "
 "<||_html:</span>_||><||_html:<span style='background-color: rgba(0.0, 165.0, "
 "0, 0.15); border-radius: 3px;' title='1.0'>_||> "
 '"<||_html:</span>_||><||_html:<span style=\'background-color: rgba(0.0, '
 "165.0, 0, 0.15); border-radius: 3px;' "
 "title='1.0'>_||>type<||_html:</span>_||><||_html:<span "
 "style='background-color: rgba(0.0, 165.0, 0, 0.15); border-radius: 3px;' "
 'title=\'1.0\'>_||>":<||_html:</span>_||><||_html:<span '
 "style='background-color: rgba(0.0, 165.0, 0, 0.15); border-radius: 3px;' "
 'title=\'1.0\'>_||> "<||_html:</span>_||><||_html:<span '
 "style='background-color: rgba(0.0, 165.0, 0, 0.15); border-radius: 3px;' "
 "title='1.0'>_||>Query<||_html:</span>_||><||_html:<span "
 "style='background-color: rgba(0.0, 165.0, 0, 0.15); border-radius: 3px;' "
 'title=\'1.0\'>_||>",<||_html:</span>_||><||_html:<span '
 "style='background-color: rgba(0.0, 165.0, 0, 0.15); border-radius: 3px;' "
 "title='1.0'>_||>\n"
 "<||_html:</span>_||><||_html:<span style='background-color: rgba(0.0, 165.0, "
 "0, 0.15); border-radius: 3px;' title='1.0'>_||>     "
 "<||_html:</span>_||><||_html:<span style='background-color: rgba(0.0, 165.0, "
 "0, 0.15); border-radius: 3px;' title='1.0'>_||> "
 '"<||_html:</span>_||><||_html:<span style=\'background-color: rgba(0.0, '
 "165.0, 0, 0.15); border-radius: 3px;' "
 "title='1.0'>_||>field<||_html:</span>_||><||_html:<span "
 "style='background-color: rgba(0.0, 165.0, 0, 0.15); border-radius: 3px;' "
 'title=\'1.0\'>_||>":<||_html:</span>_||><||_html:<span '
 "style='background-color: rgba(0.0, 165.0, 0, 0.15); border-radius: 3px;' "
 'title=\'1.0\'>_||> "<||_html:</span>_||><||_html:<span '
 "style='background-color: rgba(0.0, 165.0, 0, 0.15); border-radius: 3px;' "
 "title='1.0'>_||>get<||_html:</span>_||><||_html:<span "
 "style='background-color: rgba(0.0, 165.0, 0, 0.15); border-radius: 3px;' "
 "title='1.0'>_||>Product<||_html:</span>_||><||_html:<span "
 "style='background-color: rgba(0.0, 165.0, 0, 0.15); border-radius: 3px;' "
 'title=\'1.0\'>_||>",<||_html:</span>_||><||_html:<span '
 "style='background-color: rgba(0.0, 165.0, 0, 0.15); border-radius: 3px;' "
 "title='1.0'>_||>\n"
 "<||_html:</span>_||><||_html:<span style='background-color: rgba(0.0, 165.0, "
 "0, 0.15); border-radius: 3px;' title='1.0'>_||>     "
 "<||_html:</span>_||><||_html:<span style='background-color: rgba(0.0, 165.0, "
 "0, 0.15); border-radius: 3px;' title='1.0'>_||> "
 '"<||_html:</span>_||><||_html:<span style=\'background-color: rgba(0.0, '
 "165.0, 0, 0.15); border-radius: 3px;' "
 "title='1.0'>_||>change<||_html:</span>_||><||_html:<span "
 "style='background-color: rgba(0.0, 165.0, 0, 0.15); border-radius: 3px;' "
 'title=\'1.0\'>_||>":<||_html:</span>_||><||_html:<span '
 "style='background-color: rgba(0.0, 165.0, 0, 0.15); border-radius: 3px;' "
 'title=\'1.0\'>_||> "<||_html:</span>_||><||_html:<span '
 "style='background-color: rgba(0.0, 165.0, 0, 0.15); border-radius: 3px;' "
 "title='1.0'>_||>field<||_html:</span>_||><||_html:<span "
 "style='background-color: rgba(0.0, 165.0, 0, 0.15); border-radius: 3px;' "
 "title='1.0'>_||> details<||_html:</span>_||><||_html:<span "
 "style='background-color: rgba(0.0, 165.0, 0, 0.15); border-radius: 3px;' "
 "title='1.0'>_||> added<||_html:</span>_||><||_html:<span "
 "style='background-color: rgba(0.0, 165.0, 0, 0.15); border-radius: 3px;' "
 'title=\'1.0\'>_||>",<||_html:</span>_||><||_html:<span '
 "style='background-color: rgba(0.0, 165.0, 0, 0.15); border-radius: 3px;' "
 "title='1.0'>_||>\n"
 "<||_html:</span>_||><||_html:<span style='background-color: rgba(0.0, 165.0, "
 "0, 0.15); border-radius: 3px;' title='1.0'>_||>     "
 "<||_html:</span>_||><||_html:<span style='background-color: rgba(0.0, 165.0, "
 "0, 0.15); border-radius: 3px;' title='1.0'>_||> "
 '"<||_html:</span>_||><||_html:<span style=\'background-color: rgba(0.0, '
 "165.0, 0, 0.15); border-radius: 3px;' "
 "title='1.0'>_||>breaking<||_html:</span>_||><||_html:<span "
 "style='background-color: rgba(0.0, 165.0, 0, 0.15); border-radius: 3px;' "
 'title=\'1.0\'>_||>":<||_html:</span>_||><||_html:<span '
 "style='background-color: rgba(0.0, 165.0, 0, 0.15); border-radius: 3px;' "
 'title=\'1.0\'>_||> "<||_html:</span>_||><||_html:<span '
 "style='background-color: rgba(0.0, 165.0, 0, 0.15); border-radius: 3px;' "
 "title='1.0'>_||>false<||_html:</span>_||><||_html:<span "
 "style='background-color: rgba(0.0, 165.0, 0, 0.15); border-radius: 3px;' "
 'title=\'1.0\'>_||>",<||_html:</span>_||><||_html:<span '
 "style='background-color: rgba(0.0, 165.0, 0, 0.15); border-radius: 3px;' "
 "title='1.0'>_||>\n"
 "<||_html:</span>_||><||_html:<span style='background-color: rgba(0.0, 165.0, "
 "0, 0.15); border-radius: 3px;' title='1.0'>_||>     "
 "<||_html:</span>_||><||_html:<span style='background-color: rgba(0.0, 165.0, "
 "0, 0.15); border-radius: 3px;' title='1.0'>_||> "
 '"<||_html:</span>_||><||_html:<span style=\'background-color: rgba(0.0, '
 "165.0, 0, 0.15); border-radius: 3px;' "
 "title='1.0'>_||>release<||_html:</span>_||><||_html:<span "
 "style='background-color: rgba(0.0, 165.0, 0, 0.15); border-radius: 3px;' "
 "title='1.0'>_||>_<||_html:</span>_||><||_html:<span style='background-color: "
 "rgba(0.0, 165.0, 0, 0.15); border-radius: 3px;' "
 "title='1.0'>_||>note<||_html:</span>_||><||_html:<span "
 "style='background-color: rgba(0.0, 165.0, 0, 0.15); border-radius: 3px;' "
 'title=\'1.0\'>_||>":<||_html:</span>_||><||_html:<span '
 "style='background-color: rgba(0.0, 165.0, 0, 0.15); border-radius: 3px;' "
 'title=\'1.0\'>_||> "<||_html:</span>_||><||_html:<span '
 "style='background-color: rgba(0.0, 165.0, 0, 0.15); border-radius: 3px;' "
 "title='1.0'>_||>The<||_html:</span>_||><||_html:<span "
 "style='background-color: rgba(0.0, 165.0, 0, 0.15); border-radius: 3px;' "
 "title='1.0'>_||> '<||_html:</span>_||><||_html:<span "
 "style='background-color: rgba(0.0, 165.0, 0, 0.15); border-radius: 3px;' "
 "title='1.0'>_||>get<||_html:</span>_||><||_html:<span "
 "style='background-color: rgba(0.0, 165.0, 0, 0.15); border-radius: 3px;' "
 "title='1.0'>_||>Product<||_html:</span>_||><||_html:<span "
 "style='background-color: rgba(0.0, 165.0, 0, 0.15); border-radius: 3px;' "
 "title='1.0'>_||>'<||_html:</span>_||><||_html:<span style='background-color: "
 "rgba(0.0, 165.0, 0, 0.15); border-radius: 3px;' title='1.0'>_||> "
 "query<||_html:</span>_||><||_html:<span style='background-color: rgba(0.0, "
 "165.0, 0, 0.15); border-radius: 3px;' title='1.0'>_||> "
 "now<||_html:</span>_||><||_html:<span style='background-color: rgba(0.0, "
 "165.0, 0, 0.15); border-radius: 3px;' title='1.0'>_||> "
 "includes<||_html:</span>_||><||_html:<span style='background-color: "
 "rgba(0.0, 165.0, 0, 0.15); border-radius: 3px;' title='1.0'>_||> "
 "a<||_html:</span>_||><||_html:<span style='background-color: rgba(0.0, "
 "165.0, 0, 0.15); border-radius: 3px;' title='1.0'>_||> "
 "new<||_html:</span>_||><||_html:<span style='background-color: rgba(0.0, "
 "165.0, 0, 0.15); border-radius: 3px;' title='1.0'>_||> "
 "field<||_html:</span>_||><||_html:<span style='background-color: rgba(0.0, "
 "165.0, 0, 0.15); border-radius: 3px;' title='1.0'>_||> "
 "'<||_html:</span>_||><||_html:<span style='background-color: rgba(0.0, "
 "165.0, 0, 0.15); border-radius: 3px;' "
 "title='1.0'>_||>details<||_html:</span>_||><||_html:<span "
 "style='background-color: rgba(0.0, 165.0, 0, 0.15); border-radius: 3px;' "
 "title='1.0'>_||>'<||_html:</span>_||><||_html:<span style='background-color: "
 "rgba(0.0, 165.0, 0, 0.15); border-radius: 3px;' title='1.0'>_||> "
 "of<||_html:</span>_||><||_html:<span style='background-color: rgba(0.0, "
 "165.0, 0, 0.15); border-radius: 3px;' title='1.0'>_||> "
 "type<||_html:</span>_||><||_html:<span style='background-color: rgba(0.0, "
 "165.0, 0, 0.15); border-radius: 3px;' title='1.0'>_||> "
 "String<||_html:</span>_||><||_html:<span style='background-color: rgba(0.0, "
 "165.0, 0, 0.15); border-radius: 3px;' "
 'title=\'1.0\'>_||>."<||_html:</span>_||><||_html:<span '
 "style='background-color: rgba(0.0, 165.0, 0, 0.15); border-radius: 3px;' "
 "title='1.0'>_||>\n"
 "<||_html:</span>_||><||_html:<span style='background-color: rgba(0.0, 165.0, "
 "0, 0.15); border-radius: 3px;' title='1.0'>_||>   "
 "<||_html:</span>_||><||_html:<span style='background-color: rgba(0.0, 165.0, "
 "0, 0.15); border-radius: 3px;' title='1.0'>_||> "
 "},<||_html:</span>_||><||_html:<span style='background-color: rgba(0.0, "
 "165.0, 0, 0.15); border-radius: 3px;' title='1.0'>_||>\n"
 "<||_html:</span>_||><||_html:<span style='background-color: rgba(0.0, 165.0, "
 "0, 0.15); border-radius: 3px;' title='1.0'>_||>   "
 "<||_html:</span>_||><||_html:<span style='background-color: rgba(0.0, 165.0, "
 "0, 0.15); border-radius: 3px;' title='1.0'>_||> "
 "{<||_html:</span>_||><||_html:<span style='background-color: rgba(0.0, "
 "165.0, 0, 0.15); border-radius: 3px;' title='1.0'>_||>\n"
 "<||_html:</span>_||><||_html:<span style='background-color: rgba(0.0, 165.0, "
 "0, 0.15); border-radius: 3px;' title='1.0'>_||>     "
 "<||_html:</span>_||><||_html:<span style='background-color: rgba(0.0, 165.0, "
 "0, 0.15); border-radius: 3px;' title='1.0'>_||> "
 '"<||_html:</span>_||><||_html:<span style=\'background-color: rgba(0.0, '
 "165.0, 0, 0.15); border-radius: 3px;' "
 "title='1.0'>_||>type<||_html:</span>_||><||_html:<span "
 "style='background-color: rgba(0.0, 165.0, 0, 0.15); border-radius: 3px;' "
 'title=\'1.0\'>_||>":<||_html:</span>_||><||_html:<span '
 "style='background-color: rgba(0.0, 165.0, 0, 0.15); border-radius: 3px;' "
 'title=\'1.0\'>_||> "<||_html:</span>_||><||_html:<span '
 "style='background-color: rgba(0.0, 165.0, 0, 0.15); border-radius: 3px;' "
 "title='1.0'>_||>Product<||_html:</span>_||><||_html:<span "
 "style='background-color: rgba(0.0, 165.0, 0, 0.15); border-radius: 3px;' "
 'title=\'1.0\'>_||>",<||_html:</span>_||><||_html:<span '
 "style='background-color: rgba(0.0, 165.0, 0, 0.15); border-radius: 3px;' "
 "title='1.0'>_||>\n"
 "<||_html:</span>_||><||_html:<span style='background-color: rgba(0.0, 165.0, "
 "0, 0.15); border-radius: 3px;' title='1.0'>_||>     "
 "<||_html:</span>_||><||_html:<span style='background-color: rgba(0.0, 165.0, "
 "0, 0.15); border-radius: 3px;' title='1.0'>_||> "
 '"<||_html:</span>_||><||_html:<span style=\'background-color: rgba(0.0, '
 "165.0, 0, 0.15); border-radius: 3px;' "
 "title='1.0'>_||>field<||_html:</span>_||><||_html:<span "
 "style='background-color: rgba(0.0, 165.0, 0, 0.15); border-radius: 3px;' "
 'title=\'1.0\'>_||>":<||_html:</span>_||><||_html:<span '
 "style='background-color: rgba(0.0, 165.0, 0, 0.15); border-radius: 3px;' "
 'title=\'1.0\'>_||> "<||_html:</span>_||><||_html:<span '
 "style='background-color: rgba(0.0, 165.0, 0, 0.15); border-radius: 3px;' "
 "title='1.0'>_||>description<||_html:</span>_||><||_html:<span "
 "style='background-color: rgba(0.0, 165.0, 0, 0.15); border-radius: 3px;' "
 'title=\'1.0\'>_||>",<||_html:</span>_||><||_html:<span '
 "style='background-color: rgba(0.0, 165.0, 0, 0.15); border-radius: 3px;' "
 "title='1.0'>_||>\n"
 "<||_html:</span>_||><||_html:<span style='background-color: rgba(0.0, 165.0, "
 "0, 0.15); border-radius: 3px;' title='1.0'>_||>     "
 "<||_html:</span>_||><||_html:<span style='background-color: rgba(0.0, 165.0, "
 "0, 0.15); border-radius: 3px;' title='1.0'>_||> "
 '"<||_html:</span>_||><||_html:<span style=\'background-color: rgba(0.0, '
 "165.0, 0, 0.15); border-radius: 3px;' "
 "title='1.0'>_||>change<||_html:</span>_||><||_html:<span "
 "style='background-color: rgba(0.0, 165.0, 0, 0.15); border-radius: 3px;' "
 'title=\'1.0\'>_||>":<||_html:</span>_||><||_html:<span '
 "style='background-color: rgba(0.0, 165.0, 0, 0.15); border-radius: 3px;' "
 'title=\'1.0\'>_||> "<||_html:</span>_||><||_html:<span '
 "style='background-color: rgba(0.0, 165.0, 0, 0.15); border-radius: 3px;' "
 "title='1.0'>_||>field<||_html:</span>_||><||_html:<span "
 "style='background-color: rgba(0.0, 165.0, 0, 0.15); border-radius: 3px;' "
 "title='1.0'>_||> removed<||_html:</span>_||><||_html:<span "
 "style='background-color: rgba(0.0, 165.0, 0, 0.15); border-radius: 3px;' "
 'title=\'1.0\'>_||>",<||_html:</span>_||><||_html:<span '
 "style='background-color: rgba(0.0, 165.0, 0, 0.15); border-radius: 3px;' "
 "title='1.0'>_||>\n"
 "<||_html:</span>_||><||_html:<span style='background-color: rgba(0.0, 165.0, "
 "0, 0.15); border-radius: 3px;' title='1.0'>_||>     "
 "<||_html:</span>_||><||_html:<span style='background-color: rgba(0.0, 165.0, "
 "0, 0.15); border-radius: 3px;' title='1.0'>_||> "
 '"<||_html:</span>_||><||_html:<span style=\'background-color: rgba(0.0, '
 "165.0, 0, 0.15); border-radius: 3px;' "
 "title='1.0'>_||>breaking<||_html:</span>_||><||_html:<span "
 "style='background-color: rgba(0.0, 165.0, 0, 0.15); border-radius: 3px;' "
 'title=\'1.0\'>_||>":<||_html:</span>_||><||_html:<span '
 "style='background-color: rgba(0.0, 165.0, 0, 0.15); border-radius: 3px;' "
 'title=\'1.0\'>_||> "<||_html:</span>_||><||_html:<span '
 "style='background-color: rgba(0.0, 165.0, 0, 0.15); border-radius: 3px;' "
 "title='1.0'>_||>true<||_html:</span>_||><||_html:<span "
 "style='background-color: rgba(0.0, 165.0, 0, 0.15); border-radius: 3px;' "
 'title=\'1.0\'>_||>",<||_html:</span>_||><||_html:<span '
 "style='background-color: rgba(0.0, 165.0, 0, 0.15); border-radius: 3px;' "
 "title='1.0'>_||>\n"
 "<||_html:</span>_||><||_html:<span style='background-color: rgba(0.0, 165.0, "
 "0, 0.15); border-radius: 3px;' title='1.0'>_||>     "
 "<||_html:</span>_||><||_html:<span style='background-color: rgba(0.0, 165.0, "
 "0, 0.15); border-radius: 3px;' title='1.0'>_||> "
 '"<||_html:</span>_||><||_html:<span style=\'background-color: rgba(0.0, '
 "165.0, 0, 0.15); border-radius: 3px;' "
 "title='1.0'>_||>release<||_html:</span>_||><||_html:<span "
 "style='background-color: rgba(0.0, 165.0, 0, 0.15); border-radius: 3px;' "
 "title='1.0'>_||>_<||_html:</span>_||><||_html:<span style='background-color: "
 "rgba(0.0, 165.0, 0, 0.15); border-radius: 3px;' "
 "title='1.0'>_||>note<||_html:</span>_||><||_html:<span "
 "style='background-color: rgba(0.0, 165.0, 0, 0.15); border-radius: 3px;' "
 'title=\'1.0\'>_||>":<||_html:</span>_||><||_html:<span '
 "style='background-color: rgba(0.0, 165.0, 0, 0.15); border-radius: 3px;' "
 'title=\'1.0\'>_||> "<||_html:</span>_||><||_html:<span '
 "style='background-color: rgba(0.0, 165.0, 0, 0.15); border-radius: 3px;' "
 "title='1.0'>_||>The<||_html:</span>_||><||_html:<span "
 "style='background-color: rgba(0.0, 165.0, 0, 0.15); border-radius: 3px;' "
 "title='1.0'>_||> '<||_html:</span>_||><||_html:<span "
 "style='background-color: rgba(0.0, 165.0, 0, 0.15); border-radius: 3px;' "
 "title='1.0'>_||>Product<||_html:</span>_||><||_html:<span "
 "style='background-color: rgba(0.0, 165.0, 0, 0.15); border-radius: 3px;' "
 "title='1.0'>_||>'<||_html:</span>_||><||_html:<span style='background-color: "
 "rgba(0.0, 165.0, 0, 0.15); border-radius: 3px;' title='1.0'>_||> "
 "type<||_html:</span>_||><||_html:<span style='background-color: rgba(0.0, "
 "165.0, 0, 0.15); border-radius: 3px;' title='1.0'>_||> "
 "no<||_html:</span>_||><||_html:<span style='background-color: rgba(0.0, "
 "165.0, 0, 0.15); border-radius: 3px;' title='1.0'>_||> "
 "longer<||_html:</span>_||><||_html:<span style='background-color: rgba(0.0, "
 "165.0, 0, 0.15); border-radius: 3px;' title='1.0'>_||> "
 "includes<||_html:</span>_||><||_html:<span style='background-color: "
 "rgba(0.0, 165.0, 0, 0.15); border-radius: 3px;' title='1.0'>_||> "
 "the<||_html:</span>_||><||_html:<span style='background-color: rgba(0.0, "
 "165.0, 0, 0.15); border-radius: 3px;' title='1.0'>_||> "
 "'<||_html:</span>_||><||_html:<span style='background-color: rgba(0.0, "
 "165.0, 0, 0.15); border-radius: 3px;' "
 "title='1.0'>_||>description<||_html:</span>_||><||_html:<span "
 "style='background-color: rgba(0.0, 165.0, 0, 0.15); border-radius: 3px;' "
 "title='1.0'>_||>'<||_html:</span>_||><||_html:<span style='background-color: "
 "rgba(0.0, 165.0, 0, 0.15); border-radius: 3px;' title='1.0'>_||> "
 "field<||_html:</span>_||><||_html:<span style='background-color: rgba(0.0, "
 "165.0, 0, 0.15); border-radius: 3px;' "
 'title=\'1.0\'>_||>."<||_html:</span>_||><||_html:<span '
 "style='background-color: rgba(0.0, 165.0, 0, 0.15); border-radius: 3px;' "
 "title='1.0'>_||>\n"
 "<||_html:</span>_||><||_html:<span style='background-color: rgba(0.0, 165.0, "
 "0, 0.15); border-radius: 3px;' title='1.0'>_||>   "
 "<||_html:</span>_||><||_html:<span style='background-color: rgba(0.0, 165.0, "
 "0, 0.15); border-radius: 3px;' title='1.0'>_||> "
 "},<||_html:</span>_||><||_html:<span style='background-color: rgba(0.0, "
 "165.0, 0, 0.15); border-radius: 3px;' title='1.0'>_||>\n"
 "<||_html:</span>_||><||_html:<span style='background-color: rgba(0.0, 165.0, "
 "0, 0.15); border-radius: 3px;' title='1.0'>_||>   "
 "<||_html:</span>_||><||_html:<span style='background-color: rgba(0.0, 165.0, "
 "0, 0.15); border-radius: 3px;' title='1.0'>_||> "
 "{<||_html:</span>_||><||_html:<span style='background-color: rgba(0.0, "
 "165.0, 0, 0.15); border-radius: 3px;' title='1.0'>_||>\n"
 "<||_html:</span>_||><||_html:<span style='background-color: rgba(0.0, 165.0, "
 "0, 0.15); border-radius: 3px;' title='1.0'>_||>     "
 "<||_html:</span>_||><||_html:<span style='background-color: rgba(0.0, 165.0, "
 "0, 0.15); border-radius: 3px;' title='1.0'>_||> "
 '"<||_html:</span>_||><||_html:<span style=\'background-color: rgba(0.0, '
 "165.0, 0, 0.15); border-radius: 3px;' "
 "title='1.0'>_||>type<||_html:</span>_||><||_html:<span "
 "style='background-color: rgba(0.0, 165.0, 0, 0.15); border-radius: 3px;' "
 'title=\'1.0\'>_||>":<||_html:</span>_||><||_html:<span '
 "style='background-color: rgba(0.0, 165.0, 0, 0.15); border-radius: 3px;' "
 'title=\'1.0\'>_||> "<||_html:</span>_||><||_html:<span '
 "style='background-color: rgba(0.0, 165.0, 0, 0.15); border-radius: 3px;' "
 "title='1.0'>_||>Product<||_html:</span>_||><||_html:<span "
 "style='background-color: rgba(0.0, 165.0, 0, 0.15); border-radius: 3px;' "
 'title=\'1.0\'>_||>",<||_html:</span>_||><||_html:<span '
 "style='background-color: rgba(0.0, 165.0, 0, 0.15); border-radius: 3px;' "
 "title='1.0'>_||>\n"
 "<||_html:</span>_||><||_html:<span style='background-color: rgba(0.0, 165.0, "
 "0, 0.15); border-radius: 3px;' title='1.0'>_||>     "
 "<||_html:</span>_||><||_html:<span style='background-color: rgba(0.0, 165.0, "
 "0, 0.15); border-radius: 3px;' title='1.0'>_||> "
 '"<||_html:</span>_||><||_html:<span style=\'background-color: rgba(0.0, '
 "165.0, 0, 0.15); border-radius: 3px;' "
 "title='1.0'>_||>field<||_html:</span>_||><||_html:<span "
 "style='background-color: rgba(0.0, 165.0, 0, 0.15); border-radius: 3px;' "
 'title=\'1.0\'>_||>":<||_html:</span>_||><||_html:<span '
 "style='background-color: rgba(0.0, 165.0, 0, 0.15); border-radius: 3px;' "
 'title=\'1.0\'>_||> "<||_html:</span>_||><||_html:<span '
 "style='background-color: rgba(0.0, 165.0, 0, 0.15); border-radius: 3px;' "
 "title='1.0'>_||>stock<||_html:</span>_||><||_html:<span "
 "style='background-color: rgba(0.0, 165.0, 0, 0.15); border-radius: 3px;' "
 'title=\'1.0\'>_||>",<||_html:</span>_||><||_html:<span '
 "style='background-color: rgba(0.0, 165.0, 0, 0.15); border-radius: 3px;' "
 "title='1.0'>_||>\n"
 "<||_html:</span>_||><||_html:<span style='background-color: rgba(0.0, 165.0, "
 "0, 0.15); border-radius: 3px;' title='1.0'>_||>     "
 "<||_html:</span>_||><||_html:<span style='background-color: rgba(0.0, 165.0, "
 "0, 0.15); border-radius: 3px;' title='1.0'>_||> "
 '"<||_html:</span>_||><||_html:<span style=\'background-color: rgba(0.0, '
 "165.0, 0, 0.15); border-radius: 3px;' "
 "title='1.0'>_||>change<||_html:</span>_||><||_html:<span "
 "style='background-color: rgba(0.0, 165.0, 0, 0.15); border-radius: 3px;' "
 'title=\'1.0\'>_||>":<||_html:</span>_||><||_html:<span '
 "style='background-color: rgba(0.0, 165.0, 0, 0.15); border-radius: 3px;' "
 'title=\'1.0\'>_||> "<||_html:</span>_||><||_html:<span '
 "style='background-color: rgba(0.0, 165.0, 0, 0.15); border-radius: 3px;' "
 "title='1.0'>_||>field<||_html:</span>_||><||_html:<span "
 "style='background-color: rgba(0.0, 165.0, 0, 0.15); border-radius: 3px;' "
 "title='1.0'>_||> removed<||_html:</span>_||><||_html:<span "
 "style='background-color: rgba(0.0, 165.0, 0, 0.15); border-radius: 3px;' "
 'title=\'1.0\'>_||>",<||_html:</span>_||><||_html:<span '
 "style='background-color: rgba(0.0, 165.0, 0, 0.15); border-radius: 3px;' "
 "title='1.0'>_||>\n"
 "<||_html:</span>_||><||_html:<span style='background-color: rgba(0.0, 165.0, "
 "0, 0.15); border-radius: 3px;' title='1.0'>_||>     "
 "<||_html:</span>_||><||_html:<span style='background-color: rgba(0.0, 165.0, "
 "0, 0.15); border-radius: 3px;' title='1.0'>_||> "
 '"<||_html:</span>_||><||_html:<span style=\'background-color: rgba(0.0, '
 "165.0, 0, 0.15); border-radius: 3px;' "
 "title='1.0'>_||>breaking<||_html:</span>_||><||_html:<span "
 "style='background-color: rgba(0.0, 165.0, 0, 0.15); border-radius: 3px;' "
 'title=\'1.0\'>_||>":<||_html:</span>_||><||_html:<span '
 "style='background-color: rgba(0.0, 165.0, 0, 0.15); border-radius: 3px;' "
 'title=\'1.0\'>_||> "<||_html:</span>_||><||_html:<span '
 "style='background-color: rgba(0.0, 165.0, 0, 0.15); border-radius: 3px;' "
 "title='1.0'>_||>true<||_html:</span>_||><||_html:<span "
 "style='background-color: rgba(0.0, 165.0, 0, 0.15); border-radius: 3px;' "
 'title=\'1.0\'>_||>",<||_html:</span>_||><||_html:<span '
 "style='background-color: rgba(0.0, 165.0, 0, 0.15); border-radius: 3px;' "
 "title='1.0'>_||>\n"
 "<||_html:</span>_||><||_html:<span style='background-color: rgba(0.0, 165.0, "
 "0, 0.15); border-radius: 3px;' title='1.0'>_||>     "
 "<||_html:</span>_||><||_html:<span style='background-color: rgba(0.0, 165.0, "
 "0, 0.15); border-radius: 3px;' title='1.0'>_||> "
 '"<||_html:</span>_||><||_html:<span style=\'background-color: rgba(0.0, '
 "165.0, 0, 0.15); border-radius: 3px;' "
 "title='1.0'>_||>release<||_html:</span>_||><||_html:<span "
 "style='background-color: rgba(0.0, 165.0, 0, 0.15); border-radius: 3px;' "
 "title='1.0'>_||>_<||_html:</span>_||><||_html:<span style='background-color: "
 "rgba(0.0, 165.0, 0, 0.15); border-radius: 3px;' "
 "title='1.0'>_||>note<||_html:</span>_||><||_html:<span "
 "style='background-color: rgba(0.0, 165.0, 0, 0.15); border-radius: 3px;' "
 'title=\'1.0\'>_||>":<||_html:</span>_||><||_html:<span '
 "style='background-color: rgba(0.0, 165.0, 0, 0.15); border-radius: 3px;' "
 'title=\'1.0\'>_||> "<||_html:</span>_||><||_html:<span '
 "style='background-color: rgba(0.0, 165.0, 0, 0.15); border-radius: 3px;' "
 "title='1.0'>_||>The<||_html:</span>_||><||_html:<span "
 "style='background-color: rgba(0.0, 165.0, 0, 0.15); border-radius: 3px;' "
 "title='1.0'>_||> '<||_html:</span>_||><||_html:<span "
 "style='background-color: rgba(0.0, 165.0, 0, 0.15); border-radius: 3px;' "
 "title='1.0'>_||>Product<||_html:</span>_||><||_html:<span "
 "style='background-color: rgba(0.0, 165.0, 0, 0.15); border-radius: 3px;' "
 "title='1.0'>_||>'<||_html:</span>_||><||_html:<span style='background-color: "
 "rgba(0.0, 165.0, 0, 0.15); border-radius: 3px;' title='1.0'>_||> "
 "type<||_html:</span>_||><||_html:<span style='background-color: rgba(0.0, "
 "165.0, 0, 0.15); border-radius: 3px;' title='1.0'>_||> "
 "no<||_html:</span>_||><||_html:<span style='background-color: rgba(0.0, "
 "165.0, 0, 0.15); border-radius: 3px;' title='1.0'>_||> "
 "longer<||_html:</span>_||><||_html:<span style='background-color: rgba(0.0, "
 "165.0, 0, 0.15); border-radius: 3px;' title='1.0'>_||> "
 "includes<||_html:</span>_||><||_html:<span style='background-color: "
 "rgba(0.0, 165.0, 0, 0.15); border-radius: 3px;' title='1.0'>_||> "
 "the<||_html:</span>_||><||_html:<span style='background-color: rgba(0.0, "
 "165.0, 0, 0.15); border-radius: 3px;' title='1.0'>_||> "
 "'<||_html:</span>_||><||_html:<span style='background-color: rgba(0.0, "
 "165.0, 0, 0.15); border-radius: 3px;' "
 "title='1.0'>_||>stock<||_html:</span>_||><||_html:<span "
 "style='background-color: rgba(0.0, 165.0, 0, 0.15); border-radius: 3px;' "
 "title='1.0'>_||>'<||_html:</span>_||><||_html:<span style='background-color: "
 "rgba(0.0, 165.0, 0, 0.15); border-radius: 3px;' title='1.0'>_||> "
 "field<||_html:</span>_||><||_html:<span style='background-color: rgba(0.0, "
 "165.0, 0, 0.15); border-radius: 3px;' "
 'title=\'1.0\'>_||>."<||_html:</span>_||><||_html:<span '
 "style='background-color: rgba(0.0, 165.0, 0, 0.15); border-radius: 3px;' "
 "title='1.0'>_||>\n"
 "<||_html:</span>_||><||_html:<span style='background-color: rgba(0.0, 165.0, "
 "0, 0.15); border-radius: 3px;' title='1.0'>_||>   "
 "<||_html:</span>_||><||_html:<span style='background-color: rgba(0.0, 165.0, "
 "0, 0.15); border-radius: 3px;' title='1.0'>_||> "
 "}<||_html:</span>_||><||_html:<span style='background-color: rgba(0.0, "
 "165.0, 0, 0.15); border-radius: 3px;' title='1.0'>_||>\n"
 "<||_html:</span>_||><||_html:<span style='background-color: rgba(0.0, 165.0, "
 "0, 0.15); border-radius: 3px;' title='1.0'>_||> "
 "<||_html:</span>_||><||_html:<span style='background-color: rgba(0.0, 165.0, "
 "0, 0.15); border-radius: 3px;' title='1.0'>_||> "
 "],<||_html:</span>_||><||_html:<span style='background-color: rgba(0.0, "
 "165.0, 0, 0.15); border-radius: 3px;' title='1.0'>_||>\n"
 "<||_html:</span>_||><||_html:<span style='background-color: rgba(0.0, 165.0, "
 "0, 0.15); border-radius: 3px;' title='1.0'>_||> "
 "<||_html:</span>_||><||_html:<span style='background-color: rgba(0.0, 165.0, "
 "0, 0.15); border-radius: 3px;' title='1.0'>_||> "
 '"<||_html:</span>_||><||_html:<span style=\'background-color: rgba(0.0, '
 "165.0, 0, 0.15); border-radius: 3px;' "
 "title='1.0'>_||>release<||_html:</span>_||><||_html:<span "
 "style='background-color: rgba(0.0, 165.0, 0, 0.15); border-radius: 3px;' "
 "title='1.0'>_||>_<||_html:</span>_||><||_html:<span style='background-color: "
 "rgba(0.0, 165.0, 0, 0.15); border-radius: 3px;' "
 "title='1.0'>_||>notes<||_html:</span>_||><||_html:<span "
 "style='background-color: rgba(0.0, 165.0, 0, 0.15); border-radius: 3px;' "
 'title=\'1.0\'>_||>":<||_html:</span>_||><||_html:<span '
 "style='background-color: rgba(0.0, 165.0, 0, 0.15); border-radius: 3px;' "
 "title='1.0'>_||> {<||_html:</span>_||><||_html:<span "
 "style='background-color: rgba(0.0, 165.0, 0, 0.15); border-radius: 3px;' "
 "title='1.0'>_||>\n"
 "<||_html:</span>_||><||_html:<span style='background-color: rgba(0.0, 165.0, "
 "0, 0.15); border-radius: 3px;' title='1.0'>_||>   "
 "<||_html:</span>_||><||_html:<span style='background-color: rgba(0.0, 165.0, "
 "0, 0.15); border-radius: 3px;' title='1.0'>_||> "
 '"<||_html:</span>_||><||_html:<span style=\'background-color: rgba(0.0, '
 "165.0, 0, 0.15); border-radius: 3px;' "
 "title='1.0'>_||>summary<||_html:</span>_||><||_html:<span "
 "style='background-color: rgba(0.0, 165.0, 0, 0.15); border-radius: 3px;' "
 'title=\'1.0\'>_||>":<||_html:</span>_||><||_html:<span '
 "style='background-color: rgba(0.0, 165.0, 0, 0.15); border-radius: 3px;' "
 'title=\'1.0\'>_||> "<||_html:</span>_||><||_html:<span '
 "style='background-color: rgba(0.0, 165.0, 0, 0.15); border-radius: 3px;' "
 "title='1.0'>_||>The<||_html:</span>_||><||_html:<span "
 "style='background-color: rgba(0.0, 165.0, 0, 0.15); border-radius: 3px;' "
 "title='1.0'>_||> '<||_html:</span>_||><||_html:<span "
 "style='background-color: rgba(0.0, 165.0, 0, 0.15); border-radius: 3px;' "
 "title='1.0'>_||>get<||_html:</span>_||><||_html:<span "
 "style='background-color: rgba(0.0, 165.0, 0, 0.15); border-radius: 3px;' "
 "title='1.0'>_||>Product<||_html:</span>_||><||_html:<span "
 "style='background-color: rgba(0.0, 165.0, 0, 0.15); border-radius: 3px;' "
 "title='1.0'>_||>'<||_html:</span>_||><||_html:<span style='background-color: "
 "rgba(0.0, 165.0, 0, 0.15); border-radius: 3px;' title='1.0'>_||> "
 "query<||_html:</span>_||><||_html:<span style='background-color: rgba(0.0, "
 "165.0, 0, 0.15); border-radius: 3px;' title='1.0'>_||> "
 "now<||_html:</span>_||><||_html:<span style='background-color: rgba(0.0, "
 "165.0, 0, 0.15); border-radius: 3px;' title='1.0'>_||> "
 "includes<||_html:</span>_||><||_html:<span style='background-color: "
 "rgba(0.0, 165.0, 0, 0.15); border-radius: 3px;' title='1.0'>_||> "
 "a<||_html:</span>_||><||_html:<span style='background-color: rgba(0.0, "
 "165.0, 0, 0.15); border-radius: 3px;' title='1.0'>_||> "
 "new<||_html:</span>_||><||_html:<span style='background-color: rgba(0.0, "
 "165.0, 0, 0.15); border-radius: 3px;' title='1.0'>_||> "
 "field<||_html:</span>_||><||_html:<span style='background-color: rgba(0.0, "
 "165.0, 0, 0.15); border-radius: 3px;' title='1.0'>_||> "
 "'<||_html:</span>_||><||_html:<span style='background-color: rgba(0.0, "
 "165.0, 0, 0.15); border-radius: 3px;' "
 "title='1.0'>_||>details<||_html:</span>_||><||_html:<span "
 "style='background-color: rgba(0.0, 165.0, 0, 0.15); border-radius: 3px;' "
 "title='1.0'>_||>'<||_html:</span>_||><||_html:<span style='background-color: "
 "rgba(0.0, 165.0, 0, 0.15); border-radius: 3px;' title='1.0'>_||> "
 "of<||_html:</span>_||><||_html:<span style='background-color: rgba(0.0, "
 "165.0, 0, 0.15); border-radius: 3px;' title='1.0'>_||> "
 "type<||_html:</span>_||><||_html:<span style='background-color: rgba(0.0, "
 "165.0, 0, 0.15); border-radius: 3px;' title='1.0'>_||> "
 "String<||_html:</span>_||><||_html:<span style='background-color: rgba(0.0, "
 "165.0, 0, 0.15); border-radius: 3px;' "
 "title='1.0'>_||>.<||_html:</span>_||><||_html:<span style='background-color: "
 "rgba(0.0, 165.0, 0, 0.15); border-radius: 3px;' title='1.0'>_||> "
 "The<||_html:</span>_||><||_html:<span style='background-color: rgba(0.0, "
 "165.0, 0, 0.15); border-radius: 3px;' title='1.0'>_||> "
 "'<||_html:</span>_||><||_html:<span style='background-color: rgba(0.0, "
 "165.0, 0, 0.15); border-radius: 3px;' "
 "title='1.0'>_||>Product<||_html:</span>_||><||_html:<span "
 "style='background-color: rgba(0.0, 165.0, 0, 0.15); border-radius: 3px;' "
 "title='1.0'>_||>'<||_html:</span>_||><||_html:<span style='background-color: "
 "rgba(0.0, 165.0, 0, 0.15); border-radius: 3px;' title='1.0'>_||> "
 "type<||_html:</span>_||><||_html:<span style='background-color: rgba(0.0, "
 "165.0, 0, 0.15); border-radius: 3px;' title='1.0'>_||> "
 "no<||_html:</span>_||><||_html:<span style='background-color: rgba(0.0, "
 "165.0, 0, 0.15); border-radius: 3px;' title='1.0'>_||> "
 "longer<||_html:</span>_||><||_html:<span style='background-color: rgba(0.0, "
 "165.0, 0, 0.15); border-radius: 3px;' title='1.0'>_||> "
 "includes<||_html:</span>_||><||_html:<span style='background-color: "
 "rgba(0.0, 165.0, 0, 0.15); border-radius: 3px;' title='1.0'>_||> "
 "the<||_html:</span>_||><||_html:<span style='background-color: rgba(0.0, "
 "165.0, 0, 0.15); border-radius: 3px;' title='1.0'>_||> "
 "'<||_html:</span>_||><||_html:<span style='background-color: rgba(0.0, "
 "165.0, 0, 0.15); border-radius: 3px;' "
 "title='1.0'>_||>description<||_html:</span>_||><||_html:<span "
 "style='background-color: rgba(0.0, 165.0, 0, 0.15); border-radius: 3px;' "
 "title='1.0'>_||>'<||_html:</span>_||><||_html:<span style='background-color: "
 "rgba(0.0, 165.0, 0, 0.15); border-radius: 3px;' title='1.0'>_||> "
 "and<||_html:</span>_||><||_html:<span style='background-color: rgba(0.0, "
 "165.0, 0, 0.15); border-radius: 3px;' title='1.0'>_||> "
 "'<||_html:</span>_||><||_html:<span style='background-color: rgba(0.0, "
 "165.0, 0, 0.15); border-radius: 3px;' "
 "title='1.0'>_||>stock<||_html:</span>_||><||_html:<span "
 "style='background-color: rgba(0.0, 165.0, 0, 0.15); border-radius: 3px;' "
 "title='1.0'>_||>'<||_html:</span>_||><||_html:<span style='background-color: "
 "rgba(0.0, 165.0, 0, 0.15); border-radius: 3px;' title='1.0'>_||> "
 "fields<||_html:</span>_||><||_html:<span style='background-color: rgba(0.0, "
 "165.0, 0, 0.15); border-radius: 3px;' "
 'title=\'1.0\'>_||>."<||_html:</span>_||><||_html:<span '
 "style='background-color: rgba(0.0, 165.0, 0, 0.15); border-radius: 3px;' "
 "title='1.0'>_||>\n"
 "<||_html:</span>_||><||_html:<span style='background-color: rgba(0.0, 165.0, "
 "0, 0.15); border-radius: 3px;' title='1.0'>_||> "
 "<||_html:</span>_||><||_html:<span style='background-color: rgba(0.0, 165.0, "
 "0, 0.15); border-radius: 3px;' title='1.0'>_||> "
 "}<||_html:</span>_||><||_html:<span style='background-color: rgba(0.0, "
 "165.0, 0, 0.15); border-radius: 3px;' title='1.0'>_||>\n"
 "<||_html:</span>_||><||_html:<span style='background-color: rgba(0.0, 165.0, "
 "0, 0.15); border-radius: 3px;' "
 'title=\'1.0\'>_||>}<||_html:</span>_||>{"changes":<||_html:<span '
 "style='background-color: rgba(0.0, 165.0, 0, 0.15); border-radius: 3px;' "
 "title='1.0'>_||>[<||_html:</span>_||><||_html:<span style='background-color: "
 "rgba(0.0, 165.0, 0, 0.15); border-radius: 3px;' "
 'title=\'1.0\'>_||>{"<||_html:</span>_||>type<||_html:<span '
 "style='background-color: rgba(0.0, 165.0, 0, 0.15); border-radius: 3px;' "
 'title=\'1.0\'>_||>":"<||_html:</span>_||><||_html:<span '
 "style='background-color: rgba(0.0, 165.0, 0, 0.15); border-radius: 3px;' "
 "title='1.0'>_||>Query<||_html:</span>_||><||_html:<span "
 "style='background-color: rgba(0.0, 165.0, 0, 0.15); border-radius: 3px;' "
 'title=\'1.0\'>_||>","<||_html:</span>_||>field<||_html:<span '
 "style='background-color: rgba(0.0, 165.0, 0, 0.15); border-radius: 3px;' "
 'title=\'1.0\'>_||>":"<||_html:</span>_||><||_html:<span '
 "style='background-color: rgba(0.0, 165.0, 0, 0.15); border-radius: 3px;' "
 "title='1.0'>_||>get<||_html:</span>_||><||_html:<span "
 "style='background-color: rgba(0.0, 165.0, 0, 0.15); border-radius: 3px;' "
 "title='1.0'>_||>Product<||_html:</span>_||><||_html:<span "
 "style='background-color: rgba(0.0, 165.0, 0, 0.15); border-radius: 3px;' "
 'title=\'1.0\'>_||>","<||_html:</span>_||>change<||_html:<span '
 "style='background-color: rgba(0.0, 165.0, 0, 0.15); border-radius: 3px;' "
 'title=\'1.0\'>_||>":"<||_html:</span>_||><||_html:<span '
 "style='background-color: rgba(0.0, 165.0, 0, 0.15); border-radius: 3px;' "
 "title='1.0'>_||>field<||_html:</span>_||><||_html:<span "
 "style='background-color: rgba(0.0, 165.0, 0, 0.15); border-radius: 3px;' "
 "title='1.0'>_||> details<||_html:</span>_||><||_html:<span "
 "style='background-color: rgba(0.0, 165.0, 0, 0.15); border-radius: 3px;' "
 "title='1.0'>_||> added<||_html:</span>_||><||_html:<span "
 "style='background-color: rgba(0.0, 165.0, 0, 0.15); border-radius: 3px;' "
 'title=\'1.0\'>_||>","<||_html:</span>_||>breaking<||_html:<span '
 "style='background-color: rgba(0.0, 165.0, 0, 0.15); border-radius: 3px;' "
 'title=\'1.0\'>_||>":<||_html:</span>_||><||_html:<span '
 "style='background-color: rgba(0.0, 165.0, 0, 0.15); border-radius: 3px;' "
 'title=\'1.0\'>_||>false<||_html:</span>_||>,"release_note<||_html:<span '
 "style='background-color: rgba(0.0, 165.0, 0, 0.15); border-radius: 3px;' "
 'title=\'1.0\'>_||>":"<||_html:</span>_||><||_html:<span '
 "style='background-color: rgba(0.0, 165.0, 0, 0.15); border-radius: 3px;' "
 "title='1.0'>_||>The<||_html:</span>_||><||_html:<span "
 "style='background-color: rgba(0.0, 165.0, 0, 0.15); border-radius: 3px;' "
 "title='1.0'>_||> '<||_html:</span>_||><||_html:<span "
 "style='background-color: rgba(0.0, 165.0, 0, 0.15); border-radius: 3px;' "
 "title='1.0'>_||>get<||_html:</span>_||><||_html:<span "
 "style='background-color: rgba(0.0, 165.0, 0, 0.15); border-radius: 3px;' "
 "title='1.0'>_||>Product<||_html:</span>_||><||_html:<span "
 "style='background-color: rgba(0.0, 165.0, 0, 0.15); border-radius: 3px;' "
 "title='1.0'>_||>'<||_html:</span>_||><||_html:<span style='background-color: "
 "rgba(0.0, 165.0, 0, 0.15); border-radius: 3px;' title='1.0'>_||> "
 "query<||_html:</span>_||><||_html:<span style='background-color: rgba(0.0, "
 "165.0, 0, 0.15); border-radius: 3px;' title='1.0'>_||> "
 "now<||_html:</span>_||><||_html:<span style='background-color: rgba(0.0, "
 "165.0, 0, 0.15); border-radius: 3px;' title='1.0'>_||> "
 "includes<||_html:</span>_||><||_html:<span style='background-color: "
 "rgba(0.0, 165.0, 0, 0.15); border-radius: 3px;' title='1.0'>_||> "
 "a<||_html:</span>_||><||_html:<span style='background-color: rgba(0.0, "
 "165.0, 0, 0.15); border-radius: 3px;' title='1.0'>_||> "
 "new<||_html:</span>_||><||_html:<span style='background-color: rgba(0.0, "
 "165.0, 0, 0.15); border-radius: 3px;' title='1.0'>_||> "
 "field<||_html:</span>_||><||_html:<span style='background-color: rgba(0.0, "
 "165.0, 0, 0.15); border-radius: 3px;' title='1.0'>_||> "
 "'<||_html:</span>_||><||_html:<span style='background-color: rgba(0.0, "
 "165.0, 0, 0.15); border-radius: 3px;' "
 "title='1.0'>_||>details<||_html:</span>_||><||_html:<span "
 "style='background-color: rgba(0.0, 165.0, 0, 0.15); border-radius: 3px;' "
 "title='1.0'>_||>'<||_html:</span>_||><||_html:<span style='background-color: "
 "rgba(0.0, 165.0, 0, 0.15); border-radius: 3px;' title='1.0'>_||> "
 "of<||_html:</span>_||><||_html:<span style='background-color: rgba(0.0, "
 "165.0, 0, 0.15); border-radius: 3px;' title='1.0'>_||> "
 "type<||_html:</span>_||><||_html:<span style='background-color: rgba(0.0, "
 "165.0, 0, 0.15); border-radius: 3px;' title='1.0'>_||> "
 "String<||_html:</span>_||><||_html:<span style='background-color: rgba(0.0, "
 "165.0, 0, 0.15); border-radius: 3px;' "
 'title=\'1.0\'>_||>."<||_html:</span>_||><||_html:<span '
 "style='background-color: rgba(0.0, 165.0, 0, 0.15); border-radius: 3px;' "
 'title=\'1.0\'>_||>},<||_html:</span>_||>{"type<||_html:<span '
 "style='background-color: rgba(0.0, 165.0, 0, 0.15); border-radius: 3px;' "
 'title=\'1.0\'>_||>":"<||_html:</span>_||><||_html:<span '
 "style='background-color: rgba(0.0, 165.0, 0, 0.15); border-radius: 3px;' "
 "title='1.0'>_||>Product<||_html:</span>_||><||_html:<span "
 "style='background-color: rgba(0.0, 165.0, 0, 0.15); border-radius: 3px;' "
 'title=\'1.0\'>_||>","<||_html:</span>_||>field<||_html:<span '
 "style='background-color: rgba(0.0, 165.0, 0, 0.15); border-radius: 3px;' "
 'title=\'1.0\'>_||>":"<||_html:</span>_||><||_html:<span '
 "style='background-color: rgba(0.0, 165.0, 0, 0.15); border-radius: 3px;' "
 "title='1.0'>_||>description<||_html:</span>_||><||_html:<span "
 "style='background-color: rgba(0.0, 165.0, 0, 0.15); border-radius: 3px;' "
 'title=\'1.0\'>_||>","<||_html:</span>_||>change<||_html:<span '
 "style='background-color: rgba(0.0, 165.0, 0, 0.15); border-radius: 3px;' "
 'title=\'1.0\'>_||>":"<||_html:</span>_||><||_html:<span '
 "style='background-color: rgba(0.0, 165.0, 0, 0.15); border-radius: 3px;' "
 "title='1.0'>_||>field<||_html:</span>_||><||_html:<span "
 "style='background-color: rgba(0.0, 165.0, 0, 0.15); border-radius: 3px;' "
 "title='1.0'>_||> removed<||_html:</span>_||><||_html:<span "
 "style='background-color: rgba(0.0, 165.0, 0, 0.15); border-radius: 3px;' "
 'title=\'1.0\'>_||>","<||_html:</span>_||>breaking<||_html:<span '
 "style='background-color: rgba(0.0, 165.0, 0, 0.15); border-radius: 3px;' "
 'title=\'1.0\'>_||>":<||_html:</span>_||><||_html:<span '
 "style='background-color: rgba(0.0, 165.0, 0, 0.15); border-radius: 3px;' "
 'title=\'1.0\'>_||>true<||_html:</span>_||>,"release_note<||_html:<span '
 "style='background-color: rgba(0.0, 165.0, 0, 0.15); border-radius: 3px;' "
 'title=\'1.0\'>_||>":"<||_html:</span>_||><||_html:<span '
 "style='background-color: rgba(0.0, 165.0, 0, 0.15); border-radius: 3px;' "
 "title='1.0'>_||>The<||_html:</span>_||><||_html:<span "
 "style='background-color: rgba(0.0, 165.0, 0, 0.15); border-radius: 3px;' "
 "title='1.0'>_||> '<||_html:</span>_||><||_html:<span "
 "style='background-color: rgba(0.0, 165.0, 0, 0.15); border-radius: 3px;' "
 "title='1.0'>_||>Product<||_html:</span>_||><||_html:<span "
 "style='background-color: rgba(0.0, 165.0, 0, 0.15); border-radius: 3px;' "
 "title='1.0'>_||>'<||_html:</span>_||><||_html:<span style='background-color: "
 "rgba(0.0, 165.0, 0, 0.15); border-radius: 3px;' title='1.0'>_||> "
 "type<||_html:</span>_||><||_html:<span style='background-color: rgba(0.0, "
 "165.0, 0, 0.15); border-radius: 3px;' title='1.0'>_||> "
 "no<||_html:</span>_||><||_html:<span style='background-color: rgba(0.0, "
 "165.0, 0, 0.15); border-radius: 3px;' title='1.0'>_||> "
 "longer<||_html:</span>_||><||_html:<span style='background-color: rgba(0.0, "
 "165.0, 0, 0.15); border-radius: 3px;' title='1.0'>_||> "
 "includes<||_html:</span>_||><||_html:<span style='background-color: "
 "rgba(0.0, 165.0, 0, 0.15); border-radius: 3px;' title='1.0'>_||> "
 "the<||_html:</span>_||><||_html:<span style='background-color: rgba(0.0, "
 "165.0, 0, 0.15); border-radius: 3px;' title='1.0'>_||> "
 "'<||_html:</span>_||><||_html:<span style='background-color: rgba(0.0, "
 "165.0, 0, 0.15); border-radius: 3px;' "
 "title='1.0'>_||>description<||_html:</span>_||><||_html:<span "
 "style='background-color: rgba(0.0, 165.0, 0, 0.15); border-radius: 3px;' "
 "title='1.0'>_||>'<||_html:</span>_||><||_html:<span style='background-color: "
 "rgba(0.0, 165.0, 0, 0.15); border-radius: 3px;' title='1.0'>_||> "
 "field<||_html:</span>_||><||_html:<span style='background-color: rgba(0.0, "
 "165.0, 0, 0.15); border-radius: 3px;' "
 'title=\'1.0\'>_||>."<||_html:</span>_||><||_html:<span '
 "style='background-color: rgba(0.0, 165.0, 0, 0.15); border-radius: 3px;' "
 'title=\'1.0\'>_||>},<||_html:</span>_||>{"type<||_html:<span '
 "style='background-color: rgba(0.0, 165.0, 0, 0.15); border-radius: 3px;' "
 'title=\'1.0\'>_||>":"<||_html:</span>_||><||_html:<span '
 "style='background-color: rgba(0.0, 165.0, 0, 0.15); border-radius: 3px;' "
 "title='1.0'>_||>Product<||_html:</span>_||><||_html:<span "
 "style='background-color: rgba(0.0, 165.0, 0, 0.15); border-radius: 3px;' "
 'title=\'1.0\'>_||>","<||_html:</span>_||>field<||_html:<span '
 "style='background-color: rgba(0.0, 165.0, 0, 0.15); border-radius: 3px;' "
 'title=\'1.0\'>_||>":"<||_html:</span>_||><||_html:<span '
 "style='background-color: rgba(0.0, 165.0, 0, 0.15); border-radius: 3px;' "
 "title='1.0'>_||>stock<||_html:</span>_||><||_html:<span "
 "style='background-color: rgba(0.0, 165.0, 0, 0.15); border-radius: 3px;' "
 'title=\'1.0\'>_||>","<||_html:</span>_||>change<||_html:<span '
 "style='background-color: rgba(0.0, 165.0, 0, 0.15); border-radius: 3px;' "
 'title=\'1.0\'>_||>":"<||_html:</span>_||><||_html:<span '
 "style='background-color: rgba(0.0, 165.0, 0, 0.15); border-radius: 3px;' "
 "title='1.0'>_||>field<||_html:</span>_||><||_html:<span "
 "style='background-color: rgba(0.0, 165.0, 0, 0.15); border-radius: 3px;' "
 "title='1.0'>_||> removed<||_html:</span>_||><||_html:<span "
 "style='background-color: rgba(0.0, 165.0, 0, 0.15); border-radius: 3px;' "
 'title=\'1.0\'>_||>","<||_html:</span>_||>breaking<||_html:<span '
 "style='background-color: rgba(0.0, 165.0, 0, 0.15); border-radius: 3px;' "
 'title=\'1.0\'>_||>":<||_html:</span>_||><||_html:<span '
 "style='background-color: rgba(0.0, 165.0, 0, 0.15); border-radius: 3px;' "
 'title=\'1.0\'>_||>true<||_html:</span>_||>,"release_note<||_html:<span '
 "style='background-color: rgba(0.0, 165.0, 0, 0.15); border-radius: 3px;' "
 'title=\'1.0\'>_||>":"<||_html:</span>_||><||_html:<span '
 "style='background-color: rgba(0.0, 165.0, 0, 0.15); border-radius: 3px;' "
 "title='1.0'>_||>The<||_html:</span>_||><||_html:<span "
 "style='background-color: rgba(0.0, 165.0, 0, 0.15); border-radius: 3px;' "
 "title='1.0'>_||> '<||_html:</span>_||><||_html:<span "
 "style='background-color: rgba(0.0, 165.0, 0, 0.15); border-radius: 3px;' "
 "title='1.0'>_||>Product<||_html:</span>_||><||_html:<span "
 "style='background-color: rgba(0.0, 165.0, 0, 0.15); border-radius: 3px;' "
 "title='1.0'>_||>'<||_html:</span>_||><||_html:<span style='background-color: "
 "rgba(0.0, 165.0, 0, 0.15); border-radius: 3px;' title='1.0'>_||> "
 "type<||_html:</span>_||><||_html:<span style='background-color: rgba(0.0, "
 "165.0, 0, 0.15); border-radius: 3px;' title='1.0'>_||> "
 "no<||_html:</span>_||><||_html:<span style='background-color: rgba(0.0, "
 "165.0, 0, 0.15); border-radius: 3px;' title='1.0'>_||> "
 "longer<||_html:</span>_||><||_html:<span style='background-color: rgba(0.0, "
 "165.0, 0, 0.15); border-radius: 3px;' title='1.0'>_||> "
 "includes<||_html:</span>_||><||_html:<span style='background-color: "
 "rgba(0.0, 165.0, 0, 0.15); border-radius: 3px;' title='1.0'>_||> "
 "the<||_html:</span>_||><||_html:<span style='background-color: rgba(0.0, "
 "165.0, 0, 0.15); border-radius: 3px;' title='1.0'>_||> "
 "'<||_html:</span>_||><||_html:<span style='background-color: rgba(0.0, "
 "165.0, 0, 0.15); border-radius: 3px;' "
 "title='1.0'>_||>stock<||_html:</span>_||><||_html:<span "
 "style='background-color: rgba(0.0, 165.0, 0, 0.15); border-radius: 3px;' "
 "title='1.0'>_||>")
('Analyze the following two GraphQL schemas for changes, including both '
 'breaking and non-breaking changes.\n'
 '\n'
 '                        Provide your analysis in the following JSON format:\n'
 '                        {\n'
 '                          "changes": [\n'
 '                            {\n'
 '                              "type": "String representing the GraphQL type '
 '(e.g., Query, Mutation, Subscription)",\n'
 '                              "field": "String representing the specific '
 'field that changed",\n'
 '                              "change": "String describing the change (e.g., '
 'field renamed, new field added, field removed)",\n'
 '                              "breaking": "Boolean indicating if the change '
 'is breaking (true) or non-breaking (false)",\n'
 '                              "release_note": "String with a natural '
 'language description of the change for release notes"\n'
 '                            }\n'
 '                          ],\n'
 '                          "release_notes": {\n'
 '                              "summary": "String summarizing all changes, '
 'suitable for a mailing list or public announcement"\n'
 '                          }\n'
 '                        }\n'
 '\n'
 '                        When analyzing, consider the following types of '
 'changes:\n'
 '                        1. Removing fields or types (breaking)\n'
 '                        2. Changing field types (potentially breaking)\n'
 '                        3. Adding required fields (breaking)\n'
 '                        4. Changing the type of existing arguments '
 '(breaking)\n'
 '                        5. Adding optional fields (non-breaking)\n'
 '                        6. Adding new types (non-breaking)\n'
 '                        7. Deprecating fields (non-breaking)\n'
 '\n'
 '                        Ensure that each change is categorized correctly as '
 'breaking or non-breaking.: type Query {\n'
 '  getProduct(id: ID!): Product\n'
 '}\n'
 '\n'
 'type Product {\n'
 '  id: ID\n'
 '  name: String\n'
 '  description: String\n'
 '  price: Float\n'
 '  stock: Int\n'
 '}\n'
 ', type Query {\n'
 '  getProduct(id: ID!): Product\n'
 '}\n'
 '\n'
 'type Product {\n'
 '  id: ID\n'
 '  name: String\n'
 '  details: String\n'
 '  price: Float\n'
 '}\n'
 '\n'
 "Answer:<||_html:<span style='background-color: rgba(0.0, 165.0, 0, 0.15); "
 "border-radius: 3px;' title='1.0'>_||> {<||_html:</span>_||><||_html:<span "
 "style='background-color: rgba(0.0, 165.0, 0, 0.15); border-radius: 3px;' "
 "title='1.0'>_||>\n"
 "<||_html:</span>_||><||_html:<span style='background-color: rgba(0.0, 165.0, "
 "0, 0.15); border-radius: 3px;' title='1.0'>_||> "
 "<||_html:</span>_||><||_html:<span style='background-color: rgba(0.0, 165.0, "
 "0, 0.15); border-radius: 3px;' title='1.0'>_||> "
 '"<||_html:</span>_||><||_html:<span style=\'background-color: rgba(0.0, '
 "165.0, 0, 0.15); border-radius: 3px;' "
 "title='1.0'>_||>changes<||_html:</span>_||><||_html:<span "
 "style='background-color: rgba(0.0, 165.0, 0, 0.15); border-radius: 3px;' "
 'title=\'1.0\'>_||>":<||_html:</span>_||><||_html:<span '
 "style='background-color: rgba(0.0, 165.0, 0, 0.15); border-radius: 3px;' "
 "title='1.0'>_||> [<||_html:</span>_||><||_html:<span "
 "style='background-color: rgba(0.0, 165.0, 0, 0.15); border-radius: 3px;' "
 "title='1.0'>_||>\n"
 "<||_html:</span>_||><||_html:<span style='background-color: rgba(0.0, 165.0, "
 "0, 0.15); border-radius: 3px;' title='1.0'>_||>   "
 "<||_html:</span>_||><||_html:<span style='background-color: rgba(0.0, 165.0, "
 "0, 0.15); border-radius: 3px;' title='1.0'>_||> "
 "{<||_html:</span>_||><||_html:<span style='background-color: rgba(0.0, "
 "165.0, 0, 0.15); border-radius: 3px;' title='1.0'>_||>\n"
 "<||_html:</span>_||><||_html:<span style='background-color: rgba(0.0, 165.0, "
 "0, 0.15); border-radius: 3px;' title='1.0'>_||>     "
 "<||_html:</span>_||><||_html:<span style='background-color: rgba(0.0, 165.0, "
 "0, 0.15); border-radius: 3px;' title='1.0'>_||> "
 '"<||_html:</span>_||><||_html:<span style=\'background-color: rgba(0.0, '
 "165.0, 0, 0.15); border-radius: 3px;' "
 "title='1.0'>_||>type<||_html:</span>_||><||_html:<span "
 "style='background-color: rgba(0.0, 165.0, 0, 0.15); border-radius: 3px;' "
 'title=\'1.0\'>_||>":<||_html:</span>_||><||_html:<span '
 "style='background-color: rgba(0.0, 165.0, 0, 0.15); border-radius: 3px;' "
 'title=\'1.0\'>_||> "<||_html:</span>_||><||_html:<span '
 "style='background-color: rgba(0.0, 165.0, 0, 0.15); border-radius: 3px;' "
 "title='1.0'>_||>Query<||_html:</span>_||><||_html:<span "
 "style='background-color: rgba(0.0, 165.0, 0, 0.15); border-radius: 3px;' "
 'title=\'1.0\'>_||>",<||_html:</span>_||><||_html:<span '
 "style='background-color: rgba(0.0, 165.0, 0, 0.15); border-radius: 3px;' "
 "title='1.0'>_||>\n"
 "<||_html:</span>_||><||_html:<span style='background-color: rgba(0.0, 165.0, "
 "0, 0.15); border-radius: 3px;' title='1.0'>_||>     "
 "<||_html:</span>_||><||_html:<span style='background-color: rgba(0.0, 165.0, "
 "0, 0.15); border-radius: 3px;' title='1.0'>_||> "
 '"<||_html:</span>_||><||_html:<span style=\'background-color: rgba(0.0, '
 "165.0, 0, 0.15); border-radius: 3px;' "
 "title='1.0'>_||>field<||_html:</span>_||><||_html:<span "
 "style='background-color: rgba(0.0, 165.0, 0, 0.15); border-radius: 3px;' "
 'title=\'1.0\'>_||>":<||_html:</span>_||><||_html:<span '
 "style='background-color: rgba(0.0, 165.0, 0, 0.15); border-radius: 3px;' "
 'title=\'1.0\'>_||> "<||_html:</span>_||><||_html:<span '
 "style='background-color: rgba(0.0, 165.0, 0, 0.15); border-radius: 3px;' "
 "title='1.0'>_||>get<||_html:</span>_||><||_html:<span "
 "style='background-color: rgba(0.0, 165.0, 0, 0.15); border-radius: 3px;' "
 "title='1.0'>_||>Product<||_html:</span>_||><||_html:<span "
 "style='background-color: rgba(0.0, 165.0, 0, 0.15); border-radius: 3px;' "
 'title=\'1.0\'>_||>",<||_html:</span>_||><||_html:<span '
 "style='background-color: rgba(0.0, 165.0, 0, 0.15); border-radius: 3px;' "
 "title='1.0'>_||>\n"
 "<||_html:</span>_||><||_html:<span style='background-color: rgba(0.0, 165.0, "
 "0, 0.15); border-radius: 3px;' title='1.0'>_||>     "
 "<||_html:</span>_||><||_html:<span style='background-color: rgba(0.0, 165.0, "
 "0, 0.15); border-radius: 3px;' title='1.0'>_||> "
 '"<||_html:</span>_||><||_html:<span style=\'background-color: rgba(0.0, '
 "165.0, 0, 0.15); border-radius: 3px;' "
 "title='1.0'>_||>change<||_html:</span>_||><||_html:<span "
 "style='background-color: rgba(0.0, 165.0, 0, 0.15); border-radius: 3px;' "
 'title=\'1.0\'>_||>":<||_html:</span>_||><||_html:<span '
 "style='background-color: rgba(0.0, 165.0, 0, 0.15); border-radius: 3px;' "
 'title=\'1.0\'>_||> "<||_html:</span>_||><||_html:<span '
 "style='background-color: rgba(0.0, 165.0, 0, 0.15); border-radius: 3px;' "
 "title='1.0'>_||>field<||_html:</span>_||><||_html:<span "
 "style='background-color: rgba(0.0, 165.0, 0, 0.15); border-radius: 3px;' "
 "title='1.0'>_||> details<||_html:</span>_||><||_html:<span "
 "style='background-color: rgba(0.0, 165.0, 0, 0.15); border-radius: 3px;' "
 "title='1.0'>_||> added<||_html:</span>_||><||_html:<span "
 "style='background-color: rgba(0.0, 165.0, 0, 0.15); border-radius: 3px;' "
 'title=\'1.0\'>_||>",<||_html:</span>_||><||_html:<span '
 "style='background-color: rgba(0.0, 165.0, 0, 0.15); border-radius: 3px;' "
 "title='1.0'>_||>\n"
 "<||_html:</span>_||><||_html:<span style='background-color: rgba(0.0, 165.0, "
 "0, 0.15); border-radius: 3px;' title='1.0'>_||>     "
 "<||_html:</span>_||><||_html:<span style='background-color: rgba(0.0, 165.0, "
 "0, 0.15); border-radius: 3px;' title='1.0'>_||> "
 '"<||_html:</span>_||><||_html:<span style=\'background-color: rgba(0.0, '
 "165.0, 0, 0.15); border-radius: 3px;' "
 "title='1.0'>_||>breaking<||_html:</span>_||><||_html:<span "
 "style='background-color: rgba(0.0, 165.0, 0, 0.15); border-radius: 3px;' "
 'title=\'1.0\'>_||>":<||_html:</span>_||><||_html:<span '
 "style='background-color: rgba(0.0, 165.0, 0, 0.15); border-radius: 3px;' "
 'title=\'1.0\'>_||> "<||_html:</span>_||><||_html:<span '
 "style='background-color: rgba(0.0, 165.0, 0, 0.15); border-radius: 3px;' "
 "title='1.0'>_||>false<||_html:</span>_||><||_html:<span "
 "style='background-color: rgba(0.0, 165.0, 0, 0.15); border-radius: 3px;' "
 'title=\'1.0\'>_||>",<||_html:</span>_||><||_html:<span '
 "style='background-color: rgba(0.0, 165.0, 0, 0.15); border-radius: 3px;' "
 "title='1.0'>_||>\n"
 "<||_html:</span>_||><||_html:<span style='background-color: rgba(0.0, 165.0, "
 "0, 0.15); border-radius: 3px;' title='1.0'>_||>     "
 "<||_html:</span>_||><||_html:<span style='background-color: rgba(0.0, 165.0, "
 "0, 0.15); border-radius: 3px;' title='1.0'>_||> "
 '"<||_html:</span>_||><||_html:<span style=\'background-color: rgba(0.0, '
 "165.0, 0, 0.15); border-radius: 3px;' "
 "title='1.0'>_||>release<||_html:</span>_||><||_html:<span "
 "style='background-color: rgba(0.0, 165.0, 0, 0.15); border-radius: 3px;' "
 "title='1.0'>_||>_<||_html:</span>_||><||_html:<span style='background-color: "
 "rgba(0.0, 165.0, 0, 0.15); border-radius: 3px;' "
 "title='1.0'>_||>note<||_html:</span>_||><||_html:<span "
 "style='background-color: rgba(0.0, 165.0, 0, 0.15); border-radius: 3px;' "
 'title=\'1.0\'>_||>":<||_html:</span>_||><||_html:<span '
 "style='background-color: rgba(0.0, 165.0, 0, 0.15); border-radius: 3px;' "
 'title=\'1.0\'>_||> "<||_html:</span>_||><||_html:<span '
 "style='background-color: rgba(0.0, 165.0, 0, 0.15); border-radius: 3px;' "
 "title='1.0'>_||>The<||_html:</span>_||><||_html:<span "
 "style='background-color: rgba(0.0, 165.0, 0, 0.15); border-radius: 3px;' "
 "title='1.0'>_||> '<||_html:</span>_||><||_html:<span "
 "style='background-color: rgba(0.0, 165.0, 0, 0.15); border-radius: 3px;' "
 "title='1.0'>_||>get<||_html:</span>_||><||_html:<span "
 "style='background-color: rgba(0.0, 165.0, 0, 0.15); border-radius: 3px;' "
 "title='1.0'>_||>Product<||_html:</span>_||><||_html:<span "
 "style='background-color: rgba(0.0, 165.0, 0, 0.15); border-radius: 3px;' "
 "title='1.0'>_||>'<||_html:</span>_||><||_html:<span style='background-color: "
 "rgba(0.0, 165.0, 0, 0.15); border-radius: 3px;' title='1.0'>_||> "
 "query<||_html:</span>_||><||_html:<span style='background-color: rgba(0.0, "
 "165.0, 0, 0.15); border-radius: 3px;' title='1.0'>_||> "
 "now<||_html:</span>_||><||_html:<span style='background-color: rgba(0.0, "
 "165.0, 0, 0.15); border-radius: 3px;' title='1.0'>_||> "
 "includes<||_html:</span>_||><||_html:<span style='background-color: "
 "rgba(0.0, 165.0, 0, 0.15); border-radius: 3px;' title='1.0'>_||> "
 "a<||_html:</span>_||><||_html:<span style='background-color: rgba(0.0, "
 "165.0, 0, 0.15); border-radius: 3px;' title='1.0'>_||> "
 "new<||_html:</span>_||><||_html:<span style='background-color: rgba(0.0, "
 "165.0, 0, 0.15); border-radius: 3px;' title='1.0'>_||> "
 "field<||_html:</span>_||><||_html:<span style='background-color: rgba(0.0, "
 "165.0, 0, 0.15); border-radius: 3px;' title='1.0'>_||> "
 "'<||_html:</span>_||><||_html:<span style='background-color: rgba(0.0, "
 "165.0, 0, 0.15); border-radius: 3px;' "
 "title='1.0'>_||>details<||_html:</span>_||><||_html:<span "
 "style='background-color: rgba(0.0, 165.0, 0, 0.15); border-radius: 3px;' "
 "title='1.0'>_||>'<||_html:</span>_||><||_html:<span style='background-color: "
 "rgba(0.0, 165.0, 0, 0.15); border-radius: 3px;' title='1.0'>_||> "
 "of<||_html:</span>_||><||_html:<span style='background-color: rgba(0.0, "
 "165.0, 0, 0.15); border-radius: 3px;' title='1.0'>_||> "
 "type<||_html:</span>_||><||_html:<span style='background-color: rgba(0.0, "
 "165.0, 0, 0.15); border-radius: 3px;' title='1.0'>_||> "
 "String<||_html:</span>_||><||_html:<span style='background-color: rgba(0.0, "
 "165.0, 0, 0.15); border-radius: 3px;' "
 'title=\'1.0\'>_||>."<||_html:</span>_||><||_html:<span '
 "style='background-color: rgba(0.0, 165.0, 0, 0.15); border-radius: 3px;' "
 "title='1.0'>_||>\n"
 "<||_html:</span>_||><||_html:<span style='background-color: rgba(0.0, 165.0, "
 "0, 0.15); border-radius: 3px;' title='1.0'>_||>   "
 "<||_html:</span>_||><||_html:<span style='background-color: rgba(0.0, 165.0, "
 "0, 0.15); border-radius: 3px;' title='1.0'>_||> "
 "},<||_html:</span>_||><||_html:<span style='background-color: rgba(0.0, "
 "165.0, 0, 0.15); border-radius: 3px;' title='1.0'>_||>\n"
 "<||_html:</span>_||><||_html:<span style='background-color: rgba(0.0, 165.0, "
 "0, 0.15); border-radius: 3px;' title='1.0'>_||>   "
 "<||_html:</span>_||><||_html:<span style='background-color: rgba(0.0, 165.0, "
 "0, 0.15); border-radius: 3px;' title='1.0'>_||> "
 "{<||_html:</span>_||><||_html:<span style='background-color: rgba(0.0, "
 "165.0, 0, 0.15); border-radius: 3px;' title='1.0'>_||>\n"
 "<||_html:</span>_||><||_html:<span style='background-color: rgba(0.0, 165.0, "
 "0, 0.15); border-radius: 3px;' title='1.0'>_||>     "
 "<||_html:</span>_||><||_html:<span style='background-color: rgba(0.0, 165.0, "
 "0, 0.15); border-radius: 3px;' title='1.0'>_||> "
 '"<||_html:</span>_||><||_html:<span style=\'background-color: rgba(0.0, '
 "165.0, 0, 0.15); border-radius: 3px;' "
 "title='1.0'>_||>type<||_html:</span>_||><||_html:<span "
 "style='background-color: rgba(0.0, 165.0, 0, 0.15); border-radius: 3px;' "
 'title=\'1.0\'>_||>":<||_html:</span>_||><||_html:<span '
 "style='background-color: rgba(0.0, 165.0, 0, 0.15); border-radius: 3px;' "
 'title=\'1.0\'>_||> "<||_html:</span>_||><||_html:<span '
 "style='background-color: rgba(0.0, 165.0, 0, 0.15); border-radius: 3px;' "
 "title='1.0'>_||>Product<||_html:</span>_||><||_html:<span "
 "style='background-color: rgba(0.0, 165.0, 0, 0.15); border-radius: 3px;' "
 'title=\'1.0\'>_||>",<||_html:</span>_||><||_html:<span '
 "style='background-color: rgba(0.0, 165.0, 0, 0.15); border-radius: 3px;' "
 "title='1.0'>_||>\n"
 "<||_html:</span>_||><||_html:<span style='background-color: rgba(0.0, 165.0, "
 "0, 0.15); border-radius: 3px;' title='1.0'>_||>     "
 "<||_html:</span>_||><||_html:<span style='background-color: rgba(0.0, 165.0, "
 "0, 0.15); border-radius: 3px;' title='1.0'>_||> "
 '"<||_html:</span>_||><||_html:<span style=\'background-color: rgba(0.0, '
 "165.0, 0, 0.15); border-radius: 3px;' "
 "title='1.0'>_||>field<||_html:</span>_||><||_html:<span "
 "style='background-color: rgba(0.0, 165.0, 0, 0.15); border-radius: 3px;' "
 'title=\'1.0\'>_||>":<||_html:</span>_||><||_html:<span '
 "style='background-color: rgba(0.0, 165.0, 0, 0.15); border-radius: 3px;' "
 'title=\'1.0\'>_||> "<||_html:</span>_||><||_html:<span '
 "style='background-color: rgba(0.0, 165.0, 0, 0.15); border-radius: 3px;' "
 "title='1.0'>_||>description<||_html:</span>_||><||_html:<span "
 "style='background-color: rgba(0.0, 165.0, 0, 0.15); border-radius: 3px;' "
 'title=\'1.0\'>_||>",<||_html:</span>_||><||_html:<span '
 "style='background-color: rgba(0.0, 165.0, 0, 0.15); border-radius: 3px;' "
 "title='1.0'>_||>\n"
 "<||_html:</span>_||><||_html:<span style='background-color: rgba(0.0, 165.0, "
 "0, 0.15); border-radius: 3px;' title='1.0'>_||>     "
 "<||_html:</span>_||><||_html:<span style='background-color: rgba(0.0, 165.0, "
 "0, 0.15); border-radius: 3px;' title='1.0'>_||> "
 '"<||_html:</span>_||><||_html:<span style=\'background-color: rgba(0.0, '
 "165.0, 0, 0.15); border-radius: 3px;' "
 "title='1.0'>_||>change<||_html:</span>_||><||_html:<span "
 "style='background-color: rgba(0.0, 165.0, 0, 0.15); border-radius: 3px;' "
 'title=\'1.0\'>_||>":<||_html:</span>_||><||_html:<span '
 "style='background-color: rgba(0.0, 165.0, 0, 0.15); border-radius: 3px;' "
 'title=\'1.0\'>_||> "<||_html:</span>_||><||_html:<span '
 "style='background-color: rgba(0.0, 165.0, 0, 0.15); border-radius: 3px;' "
 "title='1.0'>_||>field<||_html:</span>_||><||_html:<span "
 "style='background-color: rgba(0.0, 165.0, 0, 0.15); border-radius: 3px;' "
 "title='1.0'>_||> removed<||_html:</span>_||><||_html:<span "
 "style='background-color: rgba(0.0, 165.0, 0, 0.15); border-radius: 3px;' "
 'title=\'1.0\'>_||>",<||_html:</span>_||><||_html:<span '
 "style='background-color: rgba(0.0, 165.0, 0, 0.15); border-radius: 3px;' "
 "title='1.0'>_||>\n"
 "<||_html:</span>_||><||_html:<span style='background-color: rgba(0.0, 165.0, "
 "0, 0.15); border-radius: 3px;' title='1.0'>_||>     "
 "<||_html:</span>_||><||_html:<span style='background-color: rgba(0.0, 165.0, "
 "0, 0.15); border-radius: 3px;' title='1.0'>_||> "
 '"<||_html:</span>_||><||_html:<span style=\'background-color: rgba(0.0, '
 "165.0, 0, 0.15); border-radius: 3px;' "
 "title='1.0'>_||>breaking<||_html:</span>_||><||_html:<span "
 "style='background-color: rgba(0.0, 165.0, 0, 0.15); border-radius: 3px;' "
 'title=\'1.0\'>_||>":<||_html:</span>_||><||_html:<span '
 "style='background-color: rgba(0.0, 165.0, 0, 0.15); border-radius: 3px;' "
 'title=\'1.0\'>_||> "<||_html:</span>_||><||_html:<span '
 "style='background-color: rgba(0.0, 165.0, 0, 0.15); border-radius: 3px;' "
 "title='1.0'>_||>true<||_html:</span>_||><||_html:<span "
 "style='background-color: rgba(0.0, 165.0, 0, 0.15); border-radius: 3px;' "
 'title=\'1.0\'>_||>",<||_html:</span>_||><||_html:<span '
 "style='background-color: rgba(0.0, 165.0, 0, 0.15); border-radius: 3px;' "
 "title='1.0'>_||>\n"
 "<||_html:</span>_||><||_html:<span style='background-color: rgba(0.0, 165.0, "
 "0, 0.15); border-radius: 3px;' title='1.0'>_||>     "
 "<||_html:</span>_||><||_html:<span style='background-color: rgba(0.0, 165.0, "
 "0, 0.15); border-radius: 3px;' title='1.0'>_||> "
 '"<||_html:</span>_||><||_html:<span style=\'background-color: rgba(0.0, '
 "165.0, 0, 0.15); border-radius: 3px;' "
 "title='1.0'>_||>release<||_html:</span>_||><||_html:<span "
 "style='background-color: rgba(0.0, 165.0, 0, 0.15); border-radius: 3px;' "
 "title='1.0'>_||>_<||_html:</span>_||><||_html:<span style='background-color: "
 "rgba(0.0, 165.0, 0, 0.15); border-radius: 3px;' "
 "title='1.0'>_||>note<||_html:</span>_||><||_html:<span "
 "style='background-color: rgba(0.0, 165.0, 0, 0.15); border-radius: 3px;' "
 'title=\'1.0\'>_||>":<||_html:</span>_||><||_html:<span '
 "style='background-color: rgba(0.0, 165.0, 0, 0.15); border-radius: 3px;' "
 'title=\'1.0\'>_||> "<||_html:</span>_||><||_html:<span '
 "style='background-color: rgba(0.0, 165.0, 0, 0.15); border-radius: 3px;' "
 "title='1.0'>_||>The<||_html:</span>_||><||_html:<span "
 "style='background-color: rgba(0.0, 165.0, 0, 0.15); border-radius: 3px;' "
 "title='1.0'>_||> '<||_html:</span>_||><||_html:<span "
 "style='background-color: rgba(0.0, 165.0, 0, 0.15); border-radius: 3px;' "
 "title='1.0'>_||>Product<||_html:</span>_||><||_html:<span "
 "style='background-color: rgba(0.0, 165.0, 0, 0.15); border-radius: 3px;' "
 "title='1.0'>_||>'<||_html:</span>_||><||_html:<span style='background-color: "
 "rgba(0.0, 165.0, 0, 0.15); border-radius: 3px;' title='1.0'>_||> "
 "type<||_html:</span>_||><||_html:<span style='background-color: rgba(0.0, "
 "165.0, 0, 0.15); border-radius: 3px;' title='1.0'>_||> "
 "no<||_html:</span>_||><||_html:<span style='background-color: rgba(0.0, "
 "165.0, 0, 0.15); border-radius: 3px;' title='1.0'>_||> "
 "longer<||_html:</span>_||><||_html:<span style='background-color: rgba(0.0, "
 "165.0, 0, 0.15); border-radius: 3px;' title='1.0'>_||> "
 "includes<||_html:</span>_||><||_html:<span style='background-color: "
 "rgba(0.0, 165.0, 0, 0.15); border-radius: 3px;' title='1.0'>_||> "
 "the<||_html:</span>_||><||_html:<span style='background-color: rgba(0.0, "
 "165.0, 0, 0.15); border-radius: 3px;' title='1.0'>_||> "
 "'<||_html:</span>_||><||_html:<span style='background-color: rgba(0.0, "
 "165.0, 0, 0.15); border-radius: 3px;' "
 "title='1.0'>_||>description<||_html:</span>_||><||_html:<span "
 "style='background-color: rgba(0.0, 165.0, 0, 0.15); border-radius: 3px;' "
 "title='1.0'>_||>'<||_html:</span>_||><||_html:<span style='background-color: "
 "rgba(0.0, 165.0, 0, 0.15); border-radius: 3px;' title='1.0'>_||> "
 "field<||_html:</span>_||><||_html:<span style='background-color: rgba(0.0, "
 "165.0, 0, 0.15); border-radius: 3px;' "
 'title=\'1.0\'>_||>."<||_html:</span>_||><||_html:<span '
 "style='background-color: rgba(0.0, 165.0, 0, 0.15); border-radius: 3px;' "
 "title='1.0'>_||>\n"
 "<||_html:</span>_||><||_html:<span style='background-color: rgba(0.0, 165.0, "
 "0, 0.15); border-radius: 3px;' title='1.0'>_||>   "
 "<||_html:</span>_||><||_html:<span style='background-color: rgba(0.0, 165.0, "
 "0, 0.15); border-radius: 3px;' title='1.0'>_||> "
 "},<||_html:</span>_||><||_html:<span style='background-color: rgba(0.0, "
 "165.0, 0, 0.15); border-radius: 3px;' title='1.0'>_||>\n"
 "<||_html:</span>_||><||_html:<span style='background-color: rgba(0.0, 165.0, "
 "0, 0.15); border-radius: 3px;' title='1.0'>_||>   "
 "<||_html:</span>_||><||_html:<span style='background-color: rgba(0.0, 165.0, "
 "0, 0.15); border-radius: 3px;' title='1.0'>_||> "
 "{<||_html:</span>_||><||_html:<span style='background-color: rgba(0.0, "
 "165.0, 0, 0.15); border-radius: 3px;' title='1.0'>_||>\n"
 "<||_html:</span>_||><||_html:<span style='background-color: rgba(0.0, 165.0, "
 "0, 0.15); border-radius: 3px;' title='1.0'>_||>     "
 "<||_html:</span>_||><||_html:<span style='background-color: rgba(0.0, 165.0, "
 "0, 0.15); border-radius: 3px;' title='1.0'>_||> "
 '"<||_html:</span>_||><||_html:<span style=\'background-color: rgba(0.0, '
 "165.0, 0, 0.15); border-radius: 3px;' "
 "title='1.0'>_||>type<||_html:</span>_||><||_html:<span "
 "style='background-color: rgba(0.0, 165.0, 0, 0.15); border-radius: 3px;' "
 'title=\'1.0\'>_||>":<||_html:</span>_||><||_html:<span '
 "style='background-color: rgba(0.0, 165.0, 0, 0.15); border-radius: 3px;' "
 'title=\'1.0\'>_||> "<||_html:</span>_||><||_html:<span '
 "style='background-color: rgba(0.0, 165.0, 0, 0.15); border-radius: 3px;' "
 "title='1.0'>_||>Product<||_html:</span>_||><||_html:<span "
 "style='background-color: rgba(0.0, 165.0, 0, 0.15); border-radius: 3px;' "
 'title=\'1.0\'>_||>",<||_html:</span>_||><||_html:<span '
 "style='background-color: rgba(0.0, 165.0, 0, 0.15); border-radius: 3px;' "
 "title='1.0'>_||>\n"
 "<||_html:</span>_||><||_html:<span style='background-color: rgba(0.0, 165.0, "
 "0, 0.15); border-radius: 3px;' title='1.0'>_||>     "
 "<||_html:</span>_||><||_html:<span style='background-color: rgba(0.0, 165.0, "
 "0, 0.15); border-radius: 3px;' title='1.0'>_||> "
 '"<||_html:</span>_||><||_html:<span style=\'background-color: rgba(0.0, '
 "165.0, 0, 0.15); border-radius: 3px;' "
 "title='1.0'>_||>field<||_html:</span>_||><||_html:<span "
 "style='background-color: rgba(0.0, 165.0, 0, 0.15); border-radius: 3px;' "
 'title=\'1.0\'>_||>":<||_html:</span>_||><||_html:<span '
 "style='background-color: rgba(0.0, 165.0, 0, 0.15); border-radius: 3px;' "
 'title=\'1.0\'>_||> "<||_html:</span>_||><||_html:<span '
 "style='background-color: rgba(0.0, 165.0, 0, 0.15); border-radius: 3px;' "
 "title='1.0'>_||>stock<||_html:</span>_||><||_html:<span "
 "style='background-color: rgba(0.0, 165.0, 0, 0.15); border-radius: 3px;' "
 'title=\'1.0\'>_||>",<||_html:</span>_||><||_html:<span '
 "style='background-color: rgba(0.0, 165.0, 0, 0.15); border-radius: 3px;' "
 "title='1.0'>_||>\n"
 "<||_html:</span>_||><||_html:<span style='background-color: rgba(0.0, 165.0, "
 "0, 0.15); border-radius: 3px;' title='1.0'>_||>     "
 "<||_html:</span>_||><||_html:<span style='background-color: rgba(0.0, 165.0, "
 "0, 0.15); border-radius: 3px;' title='1.0'>_||> "
 '"<||_html:</span>_||><||_html:<span style=\'background-color: rgba(0.0, '
 "165.0, 0, 0.15); border-radius: 3px;' "
 "title='1.0'>_||>change<||_html:</span>_||><||_html:<span "
 "style='background-color: rgba(0.0, 165.0, 0, 0.15); border-radius: 3px;' "
 'title=\'1.0\'>_||>":<||_html:</span>_||><||_html:<span '
 "style='background-color: rgba(0.0, 165.0, 0, 0.15); border-radius: 3px;' "
 'title=\'1.0\'>_||> "<||_html:</span>_||><||_html:<span '
 "style='background-color: rgba(0.0, 165.0, 0, 0.15); border-radius: 3px;' "
 "title='1.0'>_||>field<||_html:</span>_||><||_html:<span "
 "style='background-color: rgba(0.0, 165.0, 0, 0.15); border-radius: 3px;' "
 "title='1.0'>_||> removed<||_html:</span>_||><||_html:<span "
 "style='background-color: rgba(0.0, 165.0, 0, 0.15); border-radius: 3px;' "
 'title=\'1.0\'>_||>",<||_html:</span>_||><||_html:<span '
 "style='background-color: rgba(0.0, 165.0, 0, 0.15); border-radius: 3px;' "
 "title='1.0'>_||>\n"
 "<||_html:</span>_||><||_html:<span style='background-color: rgba(0.0, 165.0, "
 "0, 0.15); border-radius: 3px;' title='1.0'>_||>     "
 "<||_html:</span>_||><||_html:<span style='background-color: rgba(0.0, 165.0, "
 "0, 0.15); border-radius: 3px;' title='1.0'>_||> "
 '"<||_html:</span>_||><||_html:<span style=\'background-color: rgba(0.0, '
 "165.0, 0, 0.15); border-radius: 3px;' "
 "title='1.0'>_||>breaking<||_html:</span>_||><||_html:<span "
 "style='background-color: rgba(0.0, 165.0, 0, 0.15); border-radius: 3px;' "
 'title=\'1.0\'>_||>":<||_html:</span>_||><||_html:<span '
 "style='background-color: rgba(0.0, 165.0, 0, 0.15); border-radius: 3px;' "
 'title=\'1.0\'>_||> "<||_html:</span>_||><||_html:<span '
 "style='background-color: rgba(0.0, 165.0, 0, 0.15); border-radius: 3px;' "
 "title='1.0'>_||>true<||_html:</span>_||><||_html:<span "
 "style='background-color: rgba(0.0, 165.0, 0, 0.15); border-radius: 3px;' "
 'title=\'1.0\'>_||>",<||_html:</span>_||><||_html:<span '
 "style='background-color: rgba(0.0, 165.0, 0, 0.15); border-radius: 3px;' "
 "title='1.0'>_||>\n"
 "<||_html:</span>_||><||_html:<span style='background-color: rgba(0.0, 165.0, "
 "0, 0.15); border-radius: 3px;' title='1.0'>_||>     "
 "<||_html:</span>_||><||_html:<span style='background-color: rgba(0.0, 165.0, "
 "0, 0.15); border-radius: 3px;' title='1.0'>_||> "
 '"<||_html:</span>_||><||_html:<span style=\'background-color: rgba(0.0, '
 "165.0, 0, 0.15); border-radius: 3px;' "
 "title='1.0'>_||>release<||_html:</span>_||><||_html:<span "
 "style='background-color: rgba(0.0, 165.0, 0, 0.15); border-radius: 3px;' "
 "title='1.0'>_||>_<||_html:</span>_||><||_html:<span style='background-color: "
 "rgba(0.0, 165.0, 0, 0.15); border-radius: 3px;' "
 "title='1.0'>_||>note<||_html:</span>_||><||_html:<span "
 "style='background-color: rgba(0.0, 165.0, 0, 0.15); border-radius: 3px;' "
 'title=\'1.0\'>_||>":<||_html:</span>_||><||_html:<span '
 "style='background-color: rgba(0.0, 165.0, 0, 0.15); border-radius: 3px;' "
 'title=\'1.0\'>_||> "<||_html:</span>_||><||_html:<span '
 "style='background-color: rgba(0.0, 165.0, 0, 0.15); border-radius: 3px;' "
 "title='1.0'>_||>The<||_html:</span>_||><||_html:<span "
 "style='background-color: rgba(0.0, 165.0, 0, 0.15); border-radius: 3px;' "
 "title='1.0'>_||> '<||_html:</span>_||><||_html:<span "
 "style='background-color: rgba(0.0, 165.0, 0, 0.15); border-radius: 3px;' "
 "title='1.0'>_||>Product<||_html:</span>_||><||_html:<span "
 "style='background-color: rgba(0.0, 165.0, 0, 0.15); border-radius: 3px;' "
 "title='1.0'>_||>'<||_html:</span>_||><||_html:<span style='background-color: "
 "rgba(0.0, 165.0, 0, 0.15); border-radius: 3px;' title='1.0'>_||> "
 "type<||_html:</span>_||><||_html:<span style='background-color: rgba(0.0, "
 "165.0, 0, 0.15); border-radius: 3px;' title='1.0'>_||> "
 "no<||_html:</span>_||><||_html:<span style='background-color: rgba(0.0, "
 "165.0, 0, 0.15); border-radius: 3px;' title='1.0'>_||> "
 "longer<||_html:</span>_||><||_html:<span style='background-color: rgba(0.0, "
 "165.0, 0, 0.15); border-radius: 3px;' title='1.0'>_||> "
 "includes<||_html:</span>_||><||_html:<span style='background-color: "
 "rgba(0.0, 165.0, 0, 0.15); border-radius: 3px;' title='1.0'>_||> "
 "the<||_html:</span>_||><||_html:<span style='background-color: rgba(0.0, "
 "165.0, 0, 0.15); border-radius: 3px;' title='1.0'>_||> "
 "'<||_html:</span>_||><||_html:<span style='background-color: rgba(0.0, "
 "165.0, 0, 0.15); border-radius: 3px;' "
 "title='1.0'>_||>stock<||_html:</span>_||><||_html:<span "
 "style='background-color: rgba(0.0, 165.0, 0, 0.15); border-radius: 3px;' "
 "title='1.0'>_||>'<||_html:</span>_||><||_html:<span style='background-color: "
 "rgba(0.0, 165.0, 0, 0.15); border-radius: 3px;' title='1.0'>_||> "
 "field<||_html:</span>_||><||_html:<span style='background-color: rgba(0.0, "
 "165.0, 0, 0.15); border-radius: 3px;' "
 'title=\'1.0\'>_||>."<||_html:</span>_||><||_html:<span '
 "style='background-color: rgba(0.0, 165.0, 0, 0.15); border-radius: 3px;' "
 "title='1.0'>_||>\n"
 "<||_html:</span>_||><||_html:<span style='background-color: rgba(0.0, 165.0, "
 "0, 0.15); border-radius: 3px;' title='1.0'>_||>   "
 "<||_html:</span>_||><||_html:<span style='background-color: rgba(0.0, 165.0, "
 "0, 0.15); border-radius: 3px;' title='1.0'>_||> "
 "}<||_html:</span>_||><||_html:<span style='background-color: rgba(0.0, "
 "165.0, 0, 0.15); border-radius: 3px;' title='1.0'>_||>\n"
 "<||_html:</span>_||><||_html:<span style='background-color: rgba(0.0, 165.0, "
 "0, 0.15); border-radius: 3px;' title='1.0'>_||> "
 "<||_html:</span>_||><||_html:<span style='background-color: rgba(0.0, 165.0, "
 "0, 0.15); border-radius: 3px;' title='1.0'>_||> "
 "],<||_html:</span>_||><||_html:<span style='background-color: rgba(0.0, "
 "165.0, 0, 0.15); border-radius: 3px;' title='1.0'>_||>\n"
 "<||_html:</span>_||><||_html:<span style='background-color: rgba(0.0, 165.0, "
 "0, 0.15); border-radius: 3px;' title='1.0'>_||> "
 "<||_html:</span>_||><||_html:<span style='background-color: rgba(0.0, 165.0, "
 "0, 0.15); border-radius: 3px;' title='1.0'>_||> "
 '"<||_html:</span>_||><||_html:<span style=\'background-color: rgba(0.0, '
 "165.0, 0, 0.15); border-radius: 3px;' "
 "title='1.0'>_||>release<||_html:</span>_||><||_html:<span "
 "style='background-color: rgba(0.0, 165.0, 0, 0.15); border-radius: 3px;' "
 "title='1.0'>_||>_<||_html:</span>_||><||_html:<span style='background-color: "
 "rgba(0.0, 165.0, 0, 0.15); border-radius: 3px;' "
 "title='1.0'>_||>notes<||_html:</span>_||><||_html:<span "
 "style='background-color: rgba(0.0, 165.0, 0, 0.15); border-radius: 3px;' "
 'title=\'1.0\'>_||>":<||_html:</span>_||><||_html:<span '
 "style='background-color: rgba(0.0, 165.0, 0, 0.15); border-radius: 3px;' "
 "title='1.0'>_||> {<||_html:</span>_||><||_html:<span "
 "style='background-color: rgba(0.0, 165.0, 0, 0.15); border-radius: 3px;' "
 "title='1.0'>_||>\n"
 "<||_html:</span>_||><||_html:<span style='background-color: rgba(0.0, 165.0, "
 "0, 0.15); border-radius: 3px;' title='1.0'>_||>   "
 "<||_html:</span>_||><||_html:<span style='background-color: rgba(0.0, 165.0, "
 "0, 0.15); border-radius: 3px;' title='1.0'>_||> "
 '"<||_html:</span>_||><||_html:<span style=\'background-color: rgba(0.0, '
 "165.0, 0, 0.15); border-radius: 3px;' "
 "title='1.0'>_||>summary<||_html:</span>_||><||_html:<span "
 "style='background-color: rgba(0.0, 165.0, 0, 0.15); border-radius: 3px;' "
 'title=\'1.0\'>_||>":<||_html:</span>_||><||_html:<span '
 "style='background-color: rgba(0.0, 165.0, 0, 0.15); border-radius: 3px;' "
 'title=\'1.0\'>_||> "<||_html:</span>_||><||_html:<span '
 "style='background-color: rgba(0.0, 165.0, 0, 0.15); border-radius: 3px;' "
 "title='1.0'>_||>The<||_html:</span>_||><||_html:<span "
 "style='background-color: rgba(0.0, 165.0, 0, 0.15); border-radius: 3px;' "
 "title='1.0'>_||> '<||_html:</span>_||><||_html:<span "
 "style='background-color: rgba(0.0, 165.0, 0, 0.15); border-radius: 3px;' "
 "title='1.0'>_||>get<||_html:</span>_||><||_html:<span "
 "style='background-color: rgba(0.0, 165.0, 0, 0.15); border-radius: 3px;' "
 "title='1.0'>_||>Product<||_html:</span>_||><||_html:<span "
 "style='background-color: rgba(0.0, 165.0, 0, 0.15); border-radius: 3px;' "
 "title='1.0'>_||>'<||_html:</span>_||><||_html:<span style='background-color: "
 "rgba(0.0, 165.0, 0, 0.15); border-radius: 3px;' title='1.0'>_||> "
 "query<||_html:</span>_||><||_html:<span style='background-color: rgba(0.0, "
 "165.0, 0, 0.15); border-radius: 3px;' title='1.0'>_||> "
 "now<||_html:</span>_||><||_html:<span style='background-color: rgba(0.0, "
 "165.0, 0, 0.15); border-radius: 3px;' title='1.0'>_||> "
 "includes<||_html:</span>_||><||_html:<span style='background-color: "
 "rgba(0.0, 165.0, 0, 0.15); border-radius: 3px;' title='1.0'>_||> "
 "a<||_html:</span>_||><||_html:<span style='background-color: rgba(0.0, "
 "165.0, 0, 0.15); border-radius: 3px;' title='1.0'>_||> "
 "new<||_html:</span>_||><||_html:<span style='background-color: rgba(0.0, "
 "165.0, 0, 0.15); border-radius: 3px;' title='1.0'>_||> "
 "field<||_html:</span>_||><||_html:<span style='background-color: rgba(0.0, "
 "165.0, 0, 0.15); border-radius: 3px;' title='1.0'>_||> "
 "'<||_html:</span>_||><||_html:<span style='background-color: rgba(0.0, "
 "165.0, 0, 0.15); border-radius: 3px;' "
 "title='1.0'>_||>details<||_html:</span>_||><||_html:<span "
 "style='background-color: rgba(0.0, 165.0, 0, 0.15); border-radius: 3px;' "
 "title='1.0'>_||>'<||_html:</span>_||><||_html:<span style='background-color: "
 "rgba(0.0, 165.0, 0, 0.15); border-radius: 3px;' title='1.0'>_||> "
 "of<||_html:</span>_||><||_html:<span style='background-color: rgba(0.0, "
 "165.0, 0, 0.15); border-radius: 3px;' title='1.0'>_||> "
 "type<||_html:</span>_||><||_html:<span style='background-color: rgba(0.0, "
 "165.0, 0, 0.15); border-radius: 3px;' title='1.0'>_||> "
 "String<||_html:</span>_||><||_html:<span style='background-color: rgba(0.0, "
 "165.0, 0, 0.15); border-radius: 3px;' "
 "title='1.0'>_||>.<||_html:</span>_||><||_html:<span style='background-color: "
 "rgba(0.0, 165.0, 0, 0.15); border-radius: 3px;' title='1.0'>_||> "
 "The<||_html:</span>_||><||_html:<span style='background-color: rgba(0.0, "
 "165.0, 0, 0.15); border-radius: 3px;' title='1.0'>_||> "
 "'<||_html:</span>_||><||_html:<span style='background-color: rgba(0.0, "
 "165.0, 0, 0.15); border-radius: 3px;' "
 "title='1.0'>_||>Product<||_html:</span>_||><||_html:<span "
 "style='background-color: rgba(0.0, 165.0, 0, 0.15); border-radius: 3px;' "
 "title='1.0'>_||>'<||_html:</span>_||><||_html:<span style='background-color: "
 "rgba(0.0, 165.0, 0, 0.15); border-radius: 3px;' title='1.0'>_||> "
 "type<||_html:</span>_||><||_html:<span style='background-color: rgba(0.0, "
 "165.0, 0, 0.15); border-radius: 3px;' title='1.0'>_||> "
 "no<||_html:</span>_||><||_html:<span style='background-color: rgba(0.0, "
 "165.0, 0, 0.15); border-radius: 3px;' title='1.0'>_||> "
 "longer<||_html:</span>_||><||_html:<span style='background-color: rgba(0.0, "
 "165.0, 0, 0.15); border-radius: 3px;' title='1.0'>_||> "
 "includes<||_html:</span>_||><||_html:<span style='background-color: "
 "rgba(0.0, 165.0, 0, 0.15); border-radius: 3px;' title='1.0'>_||> "
 "the<||_html:</span>_||><||_html:<span style='background-color: rgba(0.0, "
 "165.0, 0, 0.15); border-radius: 3px;' title='1.0'>_||> "
 "'<||_html:</span>_||><||_html:<span style='background-color: rgba(0.0, "
 "165.0, 0, 0.15); border-radius: 3px;' "
 "title='1.0'>_||>description<||_html:</span>_||><||_html:<span "
 "style='background-color: rgba(0.0, 165.0, 0, 0.15); border-radius: 3px;' "
 "title='1.0'>_||>'<||_html:</span>_||><||_html:<span style='background-color: "
 "rgba(0.0, 165.0, 0, 0.15); border-radius: 3px;' title='1.0'>_||> "
 "and<||_html:</span>_||><||_html:<span style='background-color: rgba(0.0, "
 "165.0, 0, 0.15); border-radius: 3px;' title='1.0'>_||> "
 "'<||_html:</span>_||><||_html:<span style='background-color: rgba(0.0, "
 "165.0, 0, 0.15); border-radius: 3px;' "
 "title='1.0'>_||>stock<||_html:</span>_||><||_html:<span "
 "style='background-color: rgba(0.0, 165.0, 0, 0.15); border-radius: 3px;' "
 "title='1.0'>_||>'<||_html:</span>_||><||_html:<span style='background-color: "
 "rgba(0.0, 165.0, 0, 0.15); border-radius: 3px;' title='1.0'>_||> "
 "fields<||_html:</span>_||><||_html:<span style='background-color: rgba(0.0, "
 "165.0, 0, 0.15); border-radius: 3px;' "
 'title=\'1.0\'>_||>."<||_html:</span>_||><||_html:<span '
 "style='background-color: rgba(0.0, 165.0, 0, 0.15); border-radius: 3px;' "
 "title='1.0'>_||>\n"
 "<||_html:</span>_||><||_html:<span style='background-color: rgba(0.0, 165.0, "
 "0, 0.15); border-radius: 3px;' title='1.0'>_||> "
 "<||_html:</span>_||><||_html:<span style='background-color: rgba(0.0, 165.0, "
 "0, 0.15); border-radius: 3px;' title='1.0'>_||> "
 "}<||_html:</span>_||><||_html:<span style='background-color: rgba(0.0, "
 "165.0, 0, 0.15); border-radius: 3px;' title='1.0'>_||>\n"
 "<||_html:</span>_||><||_html:<span style='background-color: rgba(0.0, 165.0, "
 "0, 0.15); border-radius: 3px;' "
 'title=\'1.0\'>_||>}<||_html:</span>_||>{"changes":<||_html:<span '
 "style='background-color: rgba(0.0, 165.0, 0, 0.15); border-radius: 3px;' "
 "title='1.0'>_||>[<||_html:</span>_||><||_html:<span style='background-color: "
 "rgba(0.0, 165.0, 0, 0.15); border-radius: 3px;' "
 'title=\'1.0\'>_||>{"<||_html:</span>_||>type<||_html:<span '
 "style='background-color: rgba(0.0, 165.0, 0, 0.15); border-radius: 3px;' "
 'title=\'1.0\'>_||>":"<||_html:</span>_||><||_html:<span '
 "style='background-color: rgba(0.0, 165.0, 0, 0.15); border-radius: 3px;' "
 "title='1.0'>_||>Query<||_html:</span>_||><||_html:<span "
 "style='background-color: rgba(0.0, 165.0, 0, 0.15); border-radius: 3px;' "
 'title=\'1.0\'>_||>","<||_html:</span>_||>field<||_html:<span '
 "style='background-color: rgba(0.0, 165.0, 0, 0.15); border-radius: 3px;' "
 'title=\'1.0\'>_||>":"<||_html:</span>_||><||_html:<span '
 "style='background-color: rgba(0.0, 165.0, 0, 0.15); border-radius: 3px;' "
 "title='1.0'>_||>get<||_html:</span>_||><||_html:<span "
 "style='background-color: rgba(0.0, 165.0, 0, 0.15); border-radius: 3px;' "
 "title='1.0'>_||>Product<||_html:</span>_||><||_html:<span "
 "style='background-color: rgba(0.0, 165.0, 0, 0.15); border-radius: 3px;' "
 'title=\'1.0\'>_||>","<||_html:</span>_||>change<||_html:<span '
 "style='background-color: rgba(0.0, 165.0, 0, 0.15); border-radius: 3px;' "
 'title=\'1.0\'>_||>":"<||_html:</span>_||><||_html:<span '
 "style='background-color: rgba(0.0, 165.0, 0, 0.15); border-radius: 3px;' "
 "title='1.0'>_||>field<||_html:</span>_||><||_html:<span "
 "style='background-color: rgba(0.0, 165.0, 0, 0.15); border-radius: 3px;' "
 "title='1.0'>_||> details<||_html:</span>_||><||_html:<span "
 "style='background-color: rgba(0.0, 165.0, 0, 0.15); border-radius: 3px;' "
 "title='1.0'>_||> added<||_html:</span>_||><||_html:<span "
 "style='background-color: rgba(0.0, 165.0, 0, 0.15); border-radius: 3px;' "
 'title=\'1.0\'>_||>","<||_html:</span>_||>breaking<||_html:<span '
 "style='background-color: rgba(0.0, 165.0, 0, 0.15); border-radius: 3px;' "
 'title=\'1.0\'>_||>":<||_html:</span>_||><||_html:<span '
 "style='background-color: rgba(0.0, 165.0, 0, 0.15); border-radius: 3px;' "
 'title=\'1.0\'>_||>false<||_html:</span>_||>,"release_note<||_html:<span '
 "style='background-color: rgba(0.0, 165.0, 0, 0.15); border-radius: 3px;' "
 'title=\'1.0\'>_||>":"<||_html:</span>_||><||_html:<span '
 "style='background-color: rgba(0.0, 165.0, 0, 0.15); border-radius: 3px;' "
 "title='1.0'>_||>The<||_html:</span>_||><||_html:<span "
 "style='background-color: rgba(0.0, 165.0, 0, 0.15); border-radius: 3px;' "
 "title='1.0'>_||> '<||_html:</span>_||><||_html:<span "
 "style='background-color: rgba(0.0, 165.0, 0, 0.15); border-radius: 3px;' "
 "title='1.0'>_||>get<||_html:</span>_||><||_html:<span "
 "style='background-color: rgba(0.0, 165.0, 0, 0.15); border-radius: 3px;' "
 "title='1.0'>_||>Product<||_html:</span>_||><||_html:<span "
 "style='background-color: rgba(0.0, 165.0, 0, 0.15); border-radius: 3px;' "
 "title='1.0'>_||>'<||_html:</span>_||><||_html:<span style='background-color: "
 "rgba(0.0, 165.0, 0, 0.15); border-radius: 3px;' title='1.0'>_||> "
 "query<||_html:</span>_||><||_html:<span style='background-color: rgba(0.0, "
 "165.0, 0, 0.15); border-radius: 3px;' title='1.0'>_||> "
 "now<||_html:</span>_||><||_html:<span style='background-color: rgba(0.0, "
 "165.0, 0, 0.15); border-radius: 3px;' title='1.0'>_||> "
 "includes<||_html:</span>_||><||_html:<span style='background-color: "
 "rgba(0.0, 165.0, 0, 0.15); border-radius: 3px;' title='1.0'>_||> "
 "a<||_html:</span>_||><||_html:<span style='background-color: rgba(0.0, "
 "165.0, 0, 0.15); border-radius: 3px;' title='1.0'>_||> "
 "new<||_html:</span>_||><||_html:<span style='background-color: rgba(0.0, "
 "165.0, 0, 0.15); border-radius: 3px;' title='1.0'>_||> "
 "field<||_html:</span>_||><||_html:<span style='background-color: rgba(0.0, "
 "165.0, 0, 0.15); border-radius: 3px;' title='1.0'>_||> "
 "'<||_html:</span>_||><||_html:<span style='background-color: rgba(0.0, "
 "165.0, 0, 0.15); border-radius: 3px;' "
 "title='1.0'>_||>details<||_html:</span>_||><||_html:<span "
 "style='background-color: rgba(0.0, 165.0, 0, 0.15); border-radius: 3px;' "
 "title='1.0'>_||>'<||_html:</span>_||><||_html:<span style='background-color: "
 "rgba(0.0, 165.0, 0, 0.15); border-radius: 3px;' title='1.0'>_||> "
 "of<||_html:</span>_||><||_html:<span style='background-color: rgba(0.0, "
 "165.0, 0, 0.15); border-radius: 3px;' title='1.0'>_||> "
 "type<||_html:</span>_||><||_html:<span style='background-color: rgba(0.0, "
 "165.0, 0, 0.15); border-radius: 3px;' title='1.0'>_||> "
 "String<||_html:</span>_||><||_html:<span style='background-color: rgba(0.0, "
 "165.0, 0, 0.15); border-radius: 3px;' "
 'title=\'1.0\'>_||>."<||_html:</span>_||><||_html:<span '
 "style='background-color: rgba(0.0, 165.0, 0, 0.15); border-radius: 3px;' "
 'title=\'1.0\'>_||>},<||_html:</span>_||>{"type<||_html:<span '
 "style='background-color: rgba(0.0, 165.0, 0, 0.15); border-radius: 3px;' "
 'title=\'1.0\'>_||>":"<||_html:</span>_||><||_html:<span '
 "style='background-color: rgba(0.0, 165.0, 0, 0.15); border-radius: 3px;' "
 "title='1.0'>_||>Product<||_html:</span>_||><||_html:<span "
 "style='background-color: rgba(0.0, 165.0, 0, 0.15); border-radius: 3px;' "
 'title=\'1.0\'>_||>","<||_html:</span>_||>field<||_html:<span '
 "style='background-color: rgba(0.0, 165.0, 0, 0.15); border-radius: 3px;' "
 'title=\'1.0\'>_||>":"<||_html:</span>_||><||_html:<span '
 "style='background-color: rgba(0.0, 165.0, 0, 0.15); border-radius: 3px;' "
 "title='1.0'>_||>description<||_html:</span>_||><||_html:<span "
 "style='background-color: rgba(0.0, 165.0, 0, 0.15); border-radius: 3px;' "
 'title=\'1.0\'>_||>","<||_html:</span>_||>change<||_html:<span '
 "style='background-color: rgba(0.0, 165.0, 0, 0.15); border-radius: 3px;' "
 'title=\'1.0\'>_||>":"<||_html:</span>_||><||_html:<span '
 "style='background-color: rgba(0.0, 165.0, 0, 0.15); border-radius: 3px;' "
 "title='1.0'>_||>field<||_html:</span>_||><||_html:<span "
 "style='background-color: rgba(0.0, 165.0, 0, 0.15); border-radius: 3px;' "
 "title='1.0'>_||> removed<||_html:</span>_||><||_html:<span "
 "style='background-color: rgba(0.0, 165.0, 0, 0.15); border-radius: 3px;' "
 'title=\'1.0\'>_||>","<||_html:</span>_||>breaking<||_html:<span '
 "style='background-color: rgba(0.0, 165.0, 0, 0.15); border-radius: 3px;' "
 'title=\'1.0\'>_||>":<||_html:</span>_||><||_html:<span '
 "style='background-color: rgba(0.0, 165.0, 0, 0.15); border-radius: 3px;' "
 'title=\'1.0\'>_||>true<||_html:</span>_||>,"release_note<||_html:<span '
 "style='background-color: rgba(0.0, 165.0, 0, 0.15); border-radius: 3px;' "
 'title=\'1.0\'>_||>":"<||_html:</span>_||><||_html:<span '
 "style='background-color: rgba(0.0, 165.0, 0, 0.15); border-radius: 3px;' "
 "title='1.0'>_||>The<||_html:</span>_||><||_html:<span "
 "style='background-color: rgba(0.0, 165.0, 0, 0.15); border-radius: 3px;' "
 "title='1.0'>_||> '<||_html:</span>_||><||_html:<span "
 "style='background-color: rgba(0.0, 165.0, 0, 0.15); border-radius: 3px;' "
 "title='1.0'>_||>Product<||_html:</span>_||><||_html:<span "
 "style='background-color: rgba(0.0, 165.0, 0, 0.15); border-radius: 3px;' "
 "title='1.0'>_||>'<||_html:</span>_||><||_html:<span style='background-color: "
 "rgba(0.0, 165.0, 0, 0.15); border-radius: 3px;' title='1.0'>_||> "
 "type<||_html:</span>_||><||_html:<span style='background-color: rgba(0.0, "
 "165.0, 0, 0.15); border-radius: 3px;' title='1.0'>_||> "
 "no<||_html:</span>_||><||_html:<span style='background-color: rgba(0.0, "
 "165.0, 0, 0.15); border-radius: 3px;' title='1.0'>_||> "
 "longer<||_html:</span>_||><||_html:<span style='background-color: rgba(0.0, "
 "165.0, 0, 0.15); border-radius: 3px;' title='1.0'>_||> "
 "includes<||_html:</span>_||><||_html:<span style='background-color: "
 "rgba(0.0, 165.0, 0, 0.15); border-radius: 3px;' title='1.0'>_||> "
 "the<||_html:</span>_||><||_html:<span style='background-color: rgba(0.0, "
 "165.0, 0, 0.15); border-radius: 3px;' title='1.0'>_||> "
 "'<||_html:</span>_||><||_html:<span style='background-color: rgba(0.0, "
 "165.0, 0, 0.15); border-radius: 3px;' "
 "title='1.0'>_||>description<||_html:</span>_||><||_html:<span "
 "style='background-color: rgba(0.0, 165.0, 0, 0.15); border-radius: 3px;' "
 "title='1.0'>_||>'<||_html:</span>_||><||_html:<span style='background-color: "
 "rgba(0.0, 165.0, 0, 0.15); border-radius: 3px;' title='1.0'>_||> "
 "field<||_html:</span>_||><||_html:<span style='background-color: rgba(0.0, "
 "165.0, 0, 0.15); border-radius: 3px;' "
 'title=\'1.0\'>_||>."<||_html:</span>_||><||_html:<span '
 "style='background-color: rgba(0.0, 165.0, 0, 0.15); border-radius: 3px;' "
 'title=\'1.0\'>_||>},<||_html:</span>_||>{"type<||_html:<span '
 "style='background-color: rgba(0.0, 165.0, 0, 0.15); border-radius: 3px;' "
 'title=\'1.0\'>_||>":"<||_html:</span>_||><||_html:<span '
 "style='background-color: rgba(0.0, 165.0, 0, 0.15); border-radius: 3px;' "
 "title='1.0'>_||>Product<||_html:</span>_||><||_html:<span "
 "style='background-color: rgba(0.0, 165.0, 0, 0.15); border-radius: 3px;' "
 'title=\'1.0\'>_||>","<||_html:</span>_||>field<||_html:<span '
 "style='background-color: rgba(0.0, 165.0, 0, 0.15); border-radius: 3px;' "
 'title=\'1.0\'>_||>":"<||_html:</span>_||><||_html:<span '
 "style='background-color: rgba(0.0, 165.0, 0, 0.15); border-radius: 3px;' "
 "title='1.0'>_||>stock<||_html:</span>_||><||_html:<span "
 "style='background-color: rgba(0.0, 165.0, 0, 0.15); border-radius: 3px;' "
 'title=\'1.0\'>_||>","<||_html:</span>_||>change<||_html:<span '
 "style='background-color: rgba(0.0, 165.0, 0, 0.15); border-radius: 3px;' "
 'title=\'1.0\'>_||>":"<||_html:</span>_||><||_html:<span '
 "style='background-color: rgba(0.0, 165.0, 0, 0.15); border-radius: 3px;' "
 "title='1.0'>_||>field<||_html:</span>_||><||_html:<span "
 "style='background-color: rgba(0.0, 165.0, 0, 0.15); border-radius: 3px;' "
 "title='1.0'>_||> removed<||_html:</span>_||><||_html:<span "
 "style='background-color: rgba(0.0, 165.0, 0, 0.15); border-radius: 3px;' "
 'title=\'1.0\'>_||>","<||_html:</span>_||>breaking<||_html:<span '
 "style='background-color: rgba(0.0, 165.0, 0, 0.15); border-radius: 3px;' "
 'title=\'1.0\'>_||>":<||_html:</span>_||><||_html:<span '
 "style='background-color: rgba(0.0, 165.0, 0, 0.15); border-radius: 3px;' "
 'title=\'1.0\'>_||>true<||_html:</span>_||>,"release_note<||_html:<span '
 "style='background-color: rgba(0.0, 165.0, 0, 0.15); border-radius: 3px;' "
 'title=\'1.0\'>_||>":"<||_html:</span>_||><||_html:<span '
 "style='background-color: rgba(0.0, 165.0, 0, 0.15); border-radius: 3px;' "
 "title='1.0'>_||>The<||_html:</span>_||><||_html:<span "
 "style='background-color: rgba(0.0, 165.0, 0, 0.15); border-radius: 3px;' "
 "title='1.0'>_||> '<||_html:</span>_||><||_html:<span "
 "style='background-color: rgba(0.0, 165.0, 0, 0.15); border-radius: 3px;' "
 "title='1.0'>_||>Product<||_html:</span>_||><||_html:<span "
 "style='background-color: rgba(0.0, 165.0, 0, 0.15); border-radius: 3px;' "
 "title='1.0'>_||>'<||_html:</span>_||><||_html:<span style='background-color: "
 "rgba(0.0, 165.0, 0, 0.15); border-radius: 3px;' title='1.0'>_||> "
 "type<||_html:</span>_||><||_html:<span style='background-color: rgba(0.0, "
 "165.0, 0, 0.15); border-radius: 3px;' title='1.0'>_||> "
 "no<||_html:</span>_||><||_html:<span style='background-color: rgba(0.0, "
 "165.0, 0, 0.15); border-radius: 3px;' title='1.0'>_||> "
 "longer<||_html:</span>_||><||_html:<span style='background-color: rgba(0.0, "
 "165.0, 0, 0.15); border-radius: 3px;' title='1.0'>_||> "
 "includes<||_html:</span>_||><||_html:<span style='background-color: "
 "rgba(0.0, 165.0, 0, 0.15); border-radius: 3px;' title='1.0'>_||> "
 "the<||_html:</span>_||><||_html:<span style='background-color: rgba(0.0, "
 "165.0, 0, 0.15); border-radius: 3px;' title='1.0'>_||> "
 "'<||_html:</span>_||><||_html:<span style='background-color: rgba(0.0, "
 "165.0, 0, 0.15); border-radius: 3px;' "
 "title='1.0'>_||>stock<||_html:</span>_||><||_html:<span "
 "style='background-color: rgba(0.0, 165.0, 0, 0.15); border-radius: 3px;' "
 "title='1.0'>_||>'<||_html:</span>_||><||_html:<span style='background-color: "
 "rgba(0.0, 165.0, 0, 0.15); border-radius: 3px;' title='1.0'>_||> "
 "field<||_html:</span>_||><||_html:<span style='background-color: rgba(0.0, "
 "165.0, 0, 0.15); border-radius: 3px;' "
 'title=\'1.0\'>_||>."<||_html:</span>_||><||_html:<span '
 "style='background-color: rgba(0.0, 165.0, 0, 0.15); border-radius: 3px;' "
 "title='1.0'>_||>")
('Analyze the following two GraphQL schemas for changes, including both '
 'breaking and non-breaking changes.\n'
 '\n'
 '                        Provide your analysis in the following JSON format:\n'
 '                        {\n'
 '                          "changes": [\n'
 '                            {\n'
 '                              "type": "String representing the GraphQL type '
 '(e.g., Query, Mutation, Subscription)",\n'
 '                              "field": "String representing the specific '
 'field that changed",\n'
 '                              "change": "String describing the change (e.g., '
 'field renamed, new field added, field removed)",\n'
 '                              "breaking": "Boolean indicating if the change '
 'is breaking (true) or non-breaking (false)",\n'
 '                              "release_note": "String with a natural '
 'language description of the change for release notes"\n'
 '                            }\n'
 '                          ],\n'
 '                          "release_notes": {\n'
 '                              "summary": "String summarizing all changes, '
 'suitable for a mailing list or public announcement"\n'
 '                          }\n'
 '                        }\n'
 '\n'
 '                        When analyzing, consider the following types of '
 'changes:\n'
 '                        1. Removing fields or types (breaking)\n'
 '                        2. Changing field types (potentially breaking)\n'
 '                        3. Adding required fields (breaking)\n'
 '                        4. Changing the type of existing arguments '
 '(breaking)\n'
 '                        5. Adding optional fields (non-breaking)\n'
 '                        6. Adding new types (non-breaking)\n'
 '                        7. Deprecating fields (non-breaking)\n'
 '\n'
 '                        Ensure that each change is categorized correctly as '
 'breaking or non-breaking.: type Query {\n'
 '  getProduct(id: ID!): Product\n'
 '}\n'
 '\n'
 'type Product {\n'
 '  id: ID\n'
 '  name: String\n'
 '  description: String\n'
 '  price: Float\n'
 '  stock: Int\n'
 '}\n'
 ', type Query {\n'
 '  getProduct(id: ID!): Product\n'
 '}\n'
 '\n'
 'type Product {\n'
 '  id: ID\n'
 '  name: String\n'
 '  details: String\n'
 '  price: Float\n'
 '}\n'
 '\n'
 "Answer:<||_html:<span style='background-color: rgba(0.0, 165.0, 0, 0.15); "
 "border-radius: 3px;' title='1.0'>_||> {<||_html:</span>_||><||_html:<span "
 "style='background-color: rgba(0.0, 165.0, 0, 0.15); border-radius: 3px;' "
 "title='1.0'>_||>\n"
 "<||_html:</span>_||><||_html:<span style='background-color: rgba(0.0, 165.0, "
 "0, 0.15); border-radius: 3px;' title='1.0'>_||> "
 "<||_html:</span>_||><||_html:<span style='background-color: rgba(0.0, 165.0, "
 "0, 0.15); border-radius: 3px;' title='1.0'>_||> "
 '"<||_html:</span>_||><||_html:<span style=\'background-color: rgba(0.0, '
 "165.0, 0, 0.15); border-radius: 3px;' "
 "title='1.0'>_||>changes<||_html:</span>_||><||_html:<span "
 "style='background-color: rgba(0.0, 165.0, 0, 0.15); border-radius: 3px;' "
 'title=\'1.0\'>_||>":<||_html:</span>_||><||_html:<span '
 "style='background-color: rgba(0.0, 165.0, 0, 0.15); border-radius: 3px;' "
 "title='1.0'>_||> [<||_html:</span>_||><||_html:<span "
 "style='background-color: rgba(0.0, 165.0, 0, 0.15); border-radius: 3px;' "
 "title='1.0'>_||>\n"
 "<||_html:</span>_||><||_html:<span style='background-color: rgba(0.0, 165.0, "
 "0, 0.15); border-radius: 3px;' title='1.0'>_||>   "
 "<||_html:</span>_||><||_html:<span style='background-color: rgba(0.0, 165.0, "
 "0, 0.15); border-radius: 3px;' title='1.0'>_||> "
 "{<||_html:</span>_||><||_html:<span style='background-color: rgba(0.0, "
 "165.0, 0, 0.15); border-radius: 3px;' title='1.0'>_||>\n"
 "<||_html:</span>_||><||_html:<span style='background-color: rgba(0.0, 165.0, "
 "0, 0.15); border-radius: 3px;' title='1.0'>_||>     "
 "<||_html:</span>_||><||_html:<span style='background-color: rgba(0.0, 165.0, "
 "0, 0.15); border-radius: 3px;' title='1.0'>_||> "
 '"<||_html:</span>_||><||_html:<span style=\'background-color: rgba(0.0, '
 "165.0, 0, 0.15); border-radius: 3px;' "
 "title='1.0'>_||>type<||_html:</span>_||><||_html:<span "
 "style='background-color: rgba(0.0, 165.0, 0, 0.15); border-radius: 3px;' "
 'title=\'1.0\'>_||>":<||_html:</span>_||><||_html:<span '
 "style='background-color: rgba(0.0, 165.0, 0, 0.15); border-radius: 3px;' "
 'title=\'1.0\'>_||> "<||_html:</span>_||><||_html:<span '
 "style='background-color: rgba(0.0, 165.0, 0, 0.15); border-radius: 3px;' "
 "title='1.0'>_||>Query<||_html:</span>_||><||_html:<span "
 "style='background-color: rgba(0.0, 165.0, 0, 0.15); border-radius: 3px;' "
 'title=\'1.0\'>_||>",<||_html:</span>_||><||_html:<span '
 "style='background-color: rgba(0.0, 165.0, 0, 0.15); border-radius: 3px;' "
 "title='1.0'>_||>\n"
 "<||_html:</span>_||><||_html:<span style='background-color: rgba(0.0, 165.0, "
 "0, 0.15); border-radius: 3px;' title='1.0'>_||>     "
 "<||_html:</span>_||><||_html:<span style='background-color: rgba(0.0, 165.0, "
 "0, 0.15); border-radius: 3px;' title='1.0'>_||> "
 '"<||_html:</span>_||><||_html:<span style=\'background-color: rgba(0.0, '
 "165.0, 0, 0.15); border-radius: 3px;' "
 "title='1.0'>_||>field<||_html:</span>_||><||_html:<span "
 "style='background-color: rgba(0.0, 165.0, 0, 0.15); border-radius: 3px;' "
 'title=\'1.0\'>_||>":<||_html:</span>_||><||_html:<span '
 "style='background-color: rgba(0.0, 165.0, 0, 0.15); border-radius: 3px;' "
 'title=\'1.0\'>_||> "<||_html:</span>_||><||_html:<span '
 "style='background-color: rgba(0.0, 165.0, 0, 0.15); border-radius: 3px;' "
 "title='1.0'>_||>get<||_html:</span>_||><||_html:<span "
 "style='background-color: rgba(0.0, 165.0, 0, 0.15); border-radius: 3px;' "
 "title='1.0'>_||>Product<||_html:</span>_||><||_html:<span "
 "style='background-color: rgba(0.0, 165.0, 0, 0.15); border-radius: 3px;' "
 'title=\'1.0\'>_||>",<||_html:</span>_||><||_html:<span '
 "style='background-color: rgba(0.0, 165.0, 0, 0.15); border-radius: 3px;' "
 "title='1.0'>_||>\n"
 "<||_html:</span>_||><||_html:<span style='background-color: rgba(0.0, 165.0, "
 "0, 0.15); border-radius: 3px;' title='1.0'>_||>     "
 "<||_html:</span>_||><||_html:<span style='background-color: rgba(0.0, 165.0, "
 "0, 0.15); border-radius: 3px;' title='1.0'>_||> "
 '"<||_html:</span>_||><||_html:<span style=\'background-color: rgba(0.0, '
 "165.0, 0, 0.15); border-radius: 3px;' "
 "title='1.0'>_||>change<||_html:</span>_||><||_html:<span "
 "style='background-color: rgba(0.0, 165.0, 0, 0.15); border-radius: 3px;' "
 'title=\'1.0\'>_||>":<||_html:</span>_||><||_html:<span '
 "style='background-color: rgba(0.0, 165.0, 0, 0.15); border-radius: 3px;' "
 'title=\'1.0\'>_||> "<||_html:</span>_||><||_html:<span '
 "style='background-color: rgba(0.0, 165.0, 0, 0.15); border-radius: 3px;' "
 "title='1.0'>_||>field<||_html:</span>_||><||_html:<span "
 "style='background-color: rgba(0.0, 165.0, 0, 0.15); border-radius: 3px;' "
 "title='1.0'>_||> details<||_html:</span>_||><||_html:<span "
 "style='background-color: rgba(0.0, 165.0, 0, 0.15); border-radius: 3px;' "
 "title='1.0'>_||> added<||_html:</span>_||><||_html:<span "
 "style='background-color: rgba(0.0, 165.0, 0, 0.15); border-radius: 3px;' "
 'title=\'1.0\'>_||>",<||_html:</span>_||><||_html:<span '
 "style='background-color: rgba(0.0, 165.0, 0, 0.15); border-radius: 3px;' "
 "title='1.0'>_||>\n"
 "<||_html:</span>_||><||_html:<span style='background-color: rgba(0.0, 165.0, "
 "0, 0.15); border-radius: 3px;' title='1.0'>_||>     "
 "<||_html:</span>_||><||_html:<span style='background-color: rgba(0.0, 165.0, "
 "0, 0.15); border-radius: 3px;' title='1.0'>_||> "
 '"<||_html:</span>_||><||_html:<span style=\'background-color: rgba(0.0, '
 "165.0, 0, 0.15); border-radius: 3px;' "
 "title='1.0'>_||>breaking<||_html:</span>_||><||_html:<span "
 "style='background-color: rgba(0.0, 165.0, 0, 0.15); border-radius: 3px;' "
 'title=\'1.0\'>_||>":<||_html:</span>_||><||_html:<span '
 "style='background-color: rgba(0.0, 165.0, 0, 0.15); border-radius: 3px;' "
 'title=\'1.0\'>_||> "<||_html:</span>_||><||_html:<span '
 "style='background-color: rgba(0.0, 165.0, 0, 0.15); border-radius: 3px;' "
 "title='1.0'>_||>false<||_html:</span>_||><||_html:<span "
 "style='background-color: rgba(0.0, 165.0, 0, 0.15); border-radius: 3px;' "
 'title=\'1.0\'>_||>",<||_html:</span>_||><||_html:<span '
 "style='background-color: rgba(0.0, 165.0, 0, 0.15); border-radius: 3px;' "
 "title='1.0'>_||>\n"
 "<||_html:</span>_||><||_html:<span style='background-color: rgba(0.0, 165.0, "
 "0, 0.15); border-radius: 3px;' title='1.0'>_||>     "
 "<||_html:</span>_||><||_html:<span style='background-color: rgba(0.0, 165.0, "
 "0, 0.15); border-radius: 3px;' title='1.0'>_||> "
 '"<||_html:</span>_||><||_html:<span style=\'background-color: rgba(0.0, '
 "165.0, 0, 0.15); border-radius: 3px;' "
 "title='1.0'>_||>release<||_html:</span>_||><||_html:<span "
 "style='background-color: rgba(0.0, 165.0, 0, 0.15); border-radius: 3px;' "
 "title='1.0'>_||>_<||_html:</span>_||><||_html:<span style='background-color: "
 "rgba(0.0, 165.0, 0, 0.15); border-radius: 3px;' "
 "title='1.0'>_||>note<||_html:</span>_||><||_html:<span "
 "style='background-color: rgba(0.0, 165.0, 0, 0.15); border-radius: 3px;' "
 'title=\'1.0\'>_||>":<||_html:</span>_||><||_html:<span '
 "style='background-color: rgba(0.0, 165.0, 0, 0.15); border-radius: 3px;' "
 'title=\'1.0\'>_||> "<||_html:</span>_||><||_html:<span '
 "style='background-color: rgba(0.0, 165.0, 0, 0.15); border-radius: 3px;' "
 "title='1.0'>_||>The<||_html:</span>_||><||_html:<span "
 "style='background-color: rgba(0.0, 165.0, 0, 0.15); border-radius: 3px;' "
 "title='1.0'>_||> '<||_html:</span>_||><||_html:<span "
 "style='background-color: rgba(0.0, 165.0, 0, 0.15); border-radius: 3px;' "
 "title='1.0'>_||>get<||_html:</span>_||><||_html:<span "
 "style='background-color: rgba(0.0, 165.0, 0, 0.15); border-radius: 3px;' "
 "title='1.0'>_||>Product<||_html:</span>_||><||_html:<span "
 "style='background-color: rgba(0.0, 165.0, 0, 0.15); border-radius: 3px;' "
 "title='1.0'>_||>'<||_html:</span>_||><||_html:<span style='background-color: "
 "rgba(0.0, 165.0, 0, 0.15); border-radius: 3px;' title='1.0'>_||> "
 "query<||_html:</span>_||><||_html:<span style='background-color: rgba(0.0, "
 "165.0, 0, 0.15); border-radius: 3px;' title='1.0'>_||> "
 "now<||_html:</span>_||><||_html:<span style='background-color: rgba(0.0, "
 "165.0, 0, 0.15); border-radius: 3px;' title='1.0'>_||> "
 "includes<||_html:</span>_||><||_html:<span style='background-color: "
 "rgba(0.0, 165.0, 0, 0.15); border-radius: 3px;' title='1.0'>_||> "
 "a<||_html:</span>_||><||_html:<span style='background-color: rgba(0.0, "
 "165.0, 0, 0.15); border-radius: 3px;' title='1.0'>_||> "
 "new<||_html:</span>_||><||_html:<span style='background-color: rgba(0.0, "
 "165.0, 0, 0.15); border-radius: 3px;' title='1.0'>_||> "
 "field<||_html:</span>_||><||_html:<span style='background-color: rgba(0.0, "
 "165.0, 0, 0.15); border-radius: 3px;' title='1.0'>_||> "
 "'<||_html:</span>_||><||_html:<span style='background-color: rgba(0.0, "
 "165.0, 0, 0.15); border-radius: 3px;' "
 "title='1.0'>_||>details<||_html:</span>_||><||_html:<span "
 "style='background-color: rgba(0.0, 165.0, 0, 0.15); border-radius: 3px;' "
 "title='1.0'>_||>'<||_html:</span>_||><||_html:<span style='background-color: "
 "rgba(0.0, 165.0, 0, 0.15); border-radius: 3px;' title='1.0'>_||> "
 "of<||_html:</span>_||><||_html:<span style='background-color: rgba(0.0, "
 "165.0, 0, 0.15); border-radius: 3px;' title='1.0'>_||> "
 "type<||_html:</span>_||><||_html:<span style='background-color: rgba(0.0, "
 "165.0, 0, 0.15); border-radius: 3px;' title='1.0'>_||> "
 "String<||_html:</span>_||><||_html:<span style='background-color: rgba(0.0, "
 "165.0, 0, 0.15); border-radius: 3px;' "
 'title=\'1.0\'>_||>."<||_html:</span>_||><||_html:<span '
 "style='background-color: rgba(0.0, 165.0, 0, 0.15); border-radius: 3px;' "
 "title='1.0'>_||>\n"
 "<||_html:</span>_||><||_html:<span style='background-color: rgba(0.0, 165.0, "
 "0, 0.15); border-radius: 3px;' title='1.0'>_||>   "
 "<||_html:</span>_||><||_html:<span style='background-color: rgba(0.0, 165.0, "
 "0, 0.15); border-radius: 3px;' title='1.0'>_||> "
 "},<||_html:</span>_||><||_html:<span style='background-color: rgba(0.0, "
 "165.0, 0, 0.15); border-radius: 3px;' title='1.0'>_||>\n"
 "<||_html:</span>_||><||_html:<span style='background-color: rgba(0.0, 165.0, "
 "0, 0.15); border-radius: 3px;' title='1.0'>_||>   "
 "<||_html:</span>_||><||_html:<span style='background-color: rgba(0.0, 165.0, "
 "0, 0.15); border-radius: 3px;' title='1.0'>_||> "
 "{<||_html:</span>_||><||_html:<span style='background-color: rgba(0.0, "
 "165.0, 0, 0.15); border-radius: 3px;' title='1.0'>_||>\n"
 "<||_html:</span>_||><||_html:<span style='background-color: rgba(0.0, 165.0, "
 "0, 0.15); border-radius: 3px;' title='1.0'>_||>     "
 "<||_html:</span>_||><||_html:<span style='background-color: rgba(0.0, 165.0, "
 "0, 0.15); border-radius: 3px;' title='1.0'>_||> "
 '"<||_html:</span>_||><||_html:<span style=\'background-color: rgba(0.0, '
 "165.0, 0, 0.15); border-radius: 3px;' "
 "title='1.0'>_||>type<||_html:</span>_||><||_html:<span "
 "style='background-color: rgba(0.0, 165.0, 0, 0.15); border-radius: 3px;' "
 'title=\'1.0\'>_||>":<||_html:</span>_||><||_html:<span '
 "style='background-color: rgba(0.0, 165.0, 0, 0.15); border-radius: 3px;' "
 'title=\'1.0\'>_||> "<||_html:</span>_||><||_html:<span '
 "style='background-color: rgba(0.0, 165.0, 0, 0.15); border-radius: 3px;' "
 "title='1.0'>_||>Product<||_html:</span>_||><||_html:<span "
 "style='background-color: rgba(0.0, 165.0, 0, 0.15); border-radius: 3px;' "
 'title=\'1.0\'>_||>",<||_html:</span>_||><||_html:<span '
 "style='background-color: rgba(0.0, 165.0, 0, 0.15); border-radius: 3px;' "
 "title='1.0'>_||>\n"
 "<||_html:</span>_||><||_html:<span style='background-color: rgba(0.0, 165.0, "
 "0, 0.15); border-radius: 3px;' title='1.0'>_||>     "
 "<||_html:</span>_||><||_html:<span style='background-color: rgba(0.0, 165.0, "
 "0, 0.15); border-radius: 3px;' title='1.0'>_||> "
 '"<||_html:</span>_||><||_html:<span style=\'background-color: rgba(0.0, '
 "165.0, 0, 0.15); border-radius: 3px;' "
 "title='1.0'>_||>field<||_html:</span>_||><||_html:<span "
 "style='background-color: rgba(0.0, 165.0, 0, 0.15); border-radius: 3px;' "
 'title=\'1.0\'>_||>":<||_html:</span>_||><||_html:<span '
 "style='background-color: rgba(0.0, 165.0, 0, 0.15); border-radius: 3px;' "
 'title=\'1.0\'>_||> "<||_html:</span>_||><||_html:<span '
 "style='background-color: rgba(0.0, 165.0, 0, 0.15); border-radius: 3px;' "
 "title='1.0'>_||>description<||_html:</span>_||><||_html:<span "
 "style='background-color: rgba(0.0, 165.0, 0, 0.15); border-radius: 3px;' "
 'title=\'1.0\'>_||>",<||_html:</span>_||><||_html:<span '
 "style='background-color: rgba(0.0, 165.0, 0, 0.15); border-radius: 3px;' "
 "title='1.0'>_||>\n"
 "<||_html:</span>_||><||_html:<span style='background-color: rgba(0.0, 165.0, "
 "0, 0.15); border-radius: 3px;' title='1.0'>_||>     "
 "<||_html:</span>_||><||_html:<span style='background-color: rgba(0.0, 165.0, "
 "0, 0.15); border-radius: 3px;' title='1.0'>_||> "
 '"<||_html:</span>_||><||_html:<span style=\'background-color: rgba(0.0, '
 "165.0, 0, 0.15); border-radius: 3px;' "
 "title='1.0'>_||>change<||_html:</span>_||><||_html:<span "
 "style='background-color: rgba(0.0, 165.0, 0, 0.15); border-radius: 3px;' "
 'title=\'1.0\'>_||>":<||_html:</span>_||><||_html:<span '
 "style='background-color: rgba(0.0, 165.0, 0, 0.15); border-radius: 3px;' "
 'title=\'1.0\'>_||> "<||_html:</span>_||><||_html:<span '
 "style='background-color: rgba(0.0, 165.0, 0, 0.15); border-radius: 3px;' "
 "title='1.0'>_||>field<||_html:</span>_||><||_html:<span "
 "style='background-color: rgba(0.0, 165.0, 0, 0.15); border-radius: 3px;' "
 "title='1.0'>_||> removed<||_html:</span>_||><||_html:<span "
 "style='background-color: rgba(0.0, 165.0, 0, 0.15); border-radius: 3px;' "
 'title=\'1.0\'>_||>",<||_html:</span>_||><||_html:<span '
 "style='background-color: rgba(0.0, 165.0, 0, 0.15); border-radius: 3px;' "
 "title='1.0'>_||>\n"
 "<||_html:</span>_||><||_html:<span style='background-color: rgba(0.0, 165.0, "
 "0, 0.15); border-radius: 3px;' title='1.0'>_||>     "
 "<||_html:</span>_||><||_html:<span style='background-color: rgba(0.0, 165.0, "
 "0, 0.15); border-radius: 3px;' title='1.0'>_||> "
 '"<||_html:</span>_||><||_html:<span style=\'background-color: rgba(0.0, '
 "165.0, 0, 0.15); border-radius: 3px;' "
 "title='1.0'>_||>breaking<||_html:</span>_||><||_html:<span "
 "style='background-color: rgba(0.0, 165.0, 0, 0.15); border-radius: 3px;' "
 'title=\'1.0\'>_||>":<||_html:</span>_||><||_html:<span '
 "style='background-color: rgba(0.0, 165.0, 0, 0.15); border-radius: 3px;' "
 'title=\'1.0\'>_||> "<||_html:</span>_||><||_html:<span '
 "style='background-color: rgba(0.0, 165.0, 0, 0.15); border-radius: 3px;' "
 "title='1.0'>_||>true<||_html:</span>_||><||_html:<span "
 "style='background-color: rgba(0.0, 165.0, 0, 0.15); border-radius: 3px;' "
 'title=\'1.0\'>_||>",<||_html:</span>_||><||_html:<span '
 "style='background-color: rgba(0.0, 165.0, 0, 0.15); border-radius: 3px;' "
 "title='1.0'>_||>\n"
 "<||_html:</span>_||><||_html:<span style='background-color: rgba(0.0, 165.0, "
 "0, 0.15); border-radius: 3px;' title='1.0'>_||>     "
 "<||_html:</span>_||><||_html:<span style='background-color: rgba(0.0, 165.0, "
 "0, 0.15); border-radius: 3px;' title='1.0'>_||> "
 '"<||_html:</span>_||><||_html:<span style=\'background-color: rgba(0.0, '
 "165.0, 0, 0.15); border-radius: 3px;' "
 "title='1.0'>_||>release<||_html:</span>_||><||_html:<span "
 "style='background-color: rgba(0.0, 165.0, 0, 0.15); border-radius: 3px;' "
 "title='1.0'>_||>_<||_html:</span>_||><||_html:<span style='background-color: "
 "rgba(0.0, 165.0, 0, 0.15); border-radius: 3px;' "
 "title='1.0'>_||>note<||_html:</span>_||><||_html:<span "
 "style='background-color: rgba(0.0, 165.0, 0, 0.15); border-radius: 3px;' "
 'title=\'1.0\'>_||>":<||_html:</span>_||><||_html:<span '
 "style='background-color: rgba(0.0, 165.0, 0, 0.15); border-radius: 3px;' "
 'title=\'1.0\'>_||> "<||_html:</span>_||><||_html:<span '
 "style='background-color: rgba(0.0, 165.0, 0, 0.15); border-radius: 3px;' "
 "title='1.0'>_||>The<||_html:</span>_||><||_html:<span "
 "style='background-color: rgba(0.0, 165.0, 0, 0.15); border-radius: 3px;' "
 "title='1.0'>_||> '<||_html:</span>_||><||_html:<span "
 "style='background-color: rgba(0.0, 165.0, 0, 0.15); border-radius: 3px;' "
 "title='1.0'>_||>Product<||_html:</span>_||><||_html:<span "
 "style='background-color: rgba(0.0, 165.0, 0, 0.15); border-radius: 3px;' "
 "title='1.0'>_||>'<||_html:</span>_||><||_html:<span style='background-color: "
 "rgba(0.0, 165.0, 0, 0.15); border-radius: 3px;' title='1.0'>_||> "
 "type<||_html:</span>_||><||_html:<span style='background-color: rgba(0.0, "
 "165.0, 0, 0.15); border-radius: 3px;' title='1.0'>_||> "
 "no<||_html:</span>_||><||_html:<span style='background-color: rgba(0.0, "
 "165.0, 0, 0.15); border-radius: 3px;' title='1.0'>_||> "
 "longer<||_html:</span>_||><||_html:<span style='background-color: rgba(0.0, "
 "165.0, 0, 0.15); border-radius: 3px;' title='1.0'>_||> "
 "includes<||_html:</span>_||><||_html:<span style='background-color: "
 "rgba(0.0, 165.0, 0, 0.15); border-radius: 3px;' title='1.0'>_||> "
 "the<||_html:</span>_||><||_html:<span style='background-color: rgba(0.0, "
 "165.0, 0, 0.15); border-radius: 3px;' title='1.0'>_||> "
 "'<||_html:</span>_||><||_html:<span style='background-color: rgba(0.0, "
 "165.0, 0, 0.15); border-radius: 3px;' "
 "title='1.0'>_||>description<||_html:</span>_||><||_html:<span "
 "style='background-color: rgba(0.0, 165.0, 0, 0.15); border-radius: 3px;' "
 "title='1.0'>_||>'<||_html:</span>_||><||_html:<span style='background-color: "
 "rgba(0.0, 165.0, 0, 0.15); border-radius: 3px;' title='1.0'>_||> "
 "field<||_html:</span>_||><||_html:<span style='background-color: rgba(0.0, "
 "165.0, 0, 0.15); border-radius: 3px;' "
 'title=\'1.0\'>_||>."<||_html:</span>_||><||_html:<span '
 "style='background-color: rgba(0.0, 165.0, 0, 0.15); border-radius: 3px;' "
 "title='1.0'>_||>\n"
 "<||_html:</span>_||><||_html:<span style='background-color: rgba(0.0, 165.0, "
 "0, 0.15); border-radius: 3px;' title='1.0'>_||>   "
 "<||_html:</span>_||><||_html:<span style='background-color: rgba(0.0, 165.0, "
 "0, 0.15); border-radius: 3px;' title='1.0'>_||> "
 "},<||_html:</span>_||><||_html:<span style='background-color: rgba(0.0, "
 "165.0, 0, 0.15); border-radius: 3px;' title='1.0'>_||>\n"
 "<||_html:</span>_||><||_html:<span style='background-color: rgba(0.0, 165.0, "
 "0, 0.15); border-radius: 3px;' title='1.0'>_||>   "
 "<||_html:</span>_||><||_html:<span style='background-color: rgba(0.0, 165.0, "
 "0, 0.15); border-radius: 3px;' title='1.0'>_||> "
 "{<||_html:</span>_||><||_html:<span style='background-color: rgba(0.0, "
 "165.0, 0, 0.15); border-radius: 3px;' title='1.0'>_||>\n"
 "<||_html:</span>_||><||_html:<span style='background-color: rgba(0.0, 165.0, "
 "0, 0.15); border-radius: 3px;' title='1.0'>_||>     "
 "<||_html:</span>_||><||_html:<span style='background-color: rgba(0.0, 165.0, "
 "0, 0.15); border-radius: 3px;' title='1.0'>_||> "
 '"<||_html:</span>_||><||_html:<span style=\'background-color: rgba(0.0, '
 "165.0, 0, 0.15); border-radius: 3px;' "
 "title='1.0'>_||>type<||_html:</span>_||><||_html:<span "
 "style='background-color: rgba(0.0, 165.0, 0, 0.15); border-radius: 3px;' "
 'title=\'1.0\'>_||>":<||_html:</span>_||><||_html:<span '
 "style='background-color: rgba(0.0, 165.0, 0, 0.15); border-radius: 3px;' "
 'title=\'1.0\'>_||> "<||_html:</span>_||><||_html:<span '
 "style='background-color: rgba(0.0, 165.0, 0, 0.15); border-radius: 3px;' "
 "title='1.0'>_||>Product<||_html:</span>_||><||_html:<span "
 "style='background-color: rgba(0.0, 165.0, 0, 0.15); border-radius: 3px;' "
 'title=\'1.0\'>_||>",<||_html:</span>_||><||_html:<span '
 "style='background-color: rgba(0.0, 165.0, 0, 0.15); border-radius: 3px;' "
 "title='1.0'>_||>\n"
 "<||_html:</span>_||><||_html:<span style='background-color: rgba(0.0, 165.0, "
 "0, 0.15); border-radius: 3px;' title='1.0'>_||>     "
 "<||_html:</span>_||><||_html:<span style='background-color: rgba(0.0, 165.0, "
 "0, 0.15); border-radius: 3px;' title='1.0'>_||> "
 '"<||_html:</span>_||><||_html:<span style=\'background-color: rgba(0.0, '
 "165.0, 0, 0.15); border-radius: 3px;' "
 "title='1.0'>_||>field<||_html:</span>_||><||_html:<span "
 "style='background-color: rgba(0.0, 165.0, 0, 0.15); border-radius: 3px;' "
 'title=\'1.0\'>_||>":<||_html:</span>_||><||_html:<span '
 "style='background-color: rgba(0.0, 165.0, 0, 0.15); border-radius: 3px;' "
 'title=\'1.0\'>_||> "<||_html:</span>_||><||_html:<span '
 "style='background-color: rgba(0.0, 165.0, 0, 0.15); border-radius: 3px;' "
 "title='1.0'>_||>stock<||_html:</span>_||><||_html:<span "
 "style='background-color: rgba(0.0, 165.0, 0, 0.15); border-radius: 3px;' "
 'title=\'1.0\'>_||>",<||_html:</span>_||><||_html:<span '
 "style='background-color: rgba(0.0, 165.0, 0, 0.15); border-radius: 3px;' "
 "title='1.0'>_||>\n"
 "<||_html:</span>_||><||_html:<span style='background-color: rgba(0.0, 165.0, "
 "0, 0.15); border-radius: 3px;' title='1.0'>_||>     "
 "<||_html:</span>_||><||_html:<span style='background-color: rgba(0.0, 165.0, "
 "0, 0.15); border-radius: 3px;' title='1.0'>_||> "
 '"<||_html:</span>_||><||_html:<span style=\'background-color: rgba(0.0, '
 "165.0, 0, 0.15); border-radius: 3px;' "
 "title='1.0'>_||>change<||_html:</span>_||><||_html:<span "
 "style='background-color: rgba(0.0, 165.0, 0, 0.15); border-radius: 3px;' "
 'title=\'1.0\'>_||>":<||_html:</span>_||><||_html:<span '
 "style='background-color: rgba(0.0, 165.0, 0, 0.15); border-radius: 3px;' "
 'title=\'1.0\'>_||> "<||_html:</span>_||><||_html:<span '
 "style='background-color: rgba(0.0, 165.0, 0, 0.15); border-radius: 3px;' "
 "title='1.0'>_||>field<||_html:</span>_||><||_html:<span "
 "style='background-color: rgba(0.0, 165.0, 0, 0.15); border-radius: 3px;' "
 "title='1.0'>_||> removed<||_html:</span>_||><||_html:<span "
 "style='background-color: rgba(0.0, 165.0, 0, 0.15); border-radius: 3px;' "
 'title=\'1.0\'>_||>",<||_html:</span>_||><||_html:<span '
 "style='background-color: rgba(0.0, 165.0, 0, 0.15); border-radius: 3px;' "
 "title='1.0'>_||>\n"
 "<||_html:</span>_||><||_html:<span style='background-color: rgba(0.0, 165.0, "
 "0, 0.15); border-radius: 3px;' title='1.0'>_||>     "
 "<||_html:</span>_||><||_html:<span style='background-color: rgba(0.0, 165.0, "
 "0, 0.15); border-radius: 3px;' title='1.0'>_||> "
 '"<||_html:</span>_||><||_html:<span style=\'background-color: rgba(0.0, '
 "165.0, 0, 0.15); border-radius: 3px;' "
 "title='1.0'>_||>breaking<||_html:</span>_||><||_html:<span "
 "style='background-color: rgba(0.0, 165.0, 0, 0.15); border-radius: 3px;' "
 'title=\'1.0\'>_||>":<||_html:</span>_||><||_html:<span '
 "style='background-color: rgba(0.0, 165.0, 0, 0.15); border-radius: 3px;' "
 'title=\'1.0\'>_||> "<||_html:</span>_||><||_html:<span '
 "style='background-color: rgba(0.0, 165.0, 0, 0.15); border-radius: 3px;' "
 "title='1.0'>_||>true<||_html:</span>_||><||_html:<span "
 "style='background-color: rgba(0.0, 165.0, 0, 0.15); border-radius: 3px;' "
 'title=\'1.0\'>_||>",<||_html:</span>_||><||_html:<span '
 "style='background-color: rgba(0.0, 165.0, 0, 0.15); border-radius: 3px;' "
 "title='1.0'>_||>\n"
 "<||_html:</span>_||><||_html:<span style='background-color: rgba(0.0, 165.0, "
 "0, 0.15); border-radius: 3px;' title='1.0'>_||>     "
 "<||_html:</span>_||><||_html:<span style='background-color: rgba(0.0, 165.0, "
 "0, 0.15); border-radius: 3px;' title='1.0'>_||> "
 '"<||_html:</span>_||><||_html:<span style=\'background-color: rgba(0.0, '
 "165.0, 0, 0.15); border-radius: 3px;' "
 "title='1.0'>_||>release<||_html:</span>_||><||_html:<span "
 "style='background-color: rgba(0.0, 165.0, 0, 0.15); border-radius: 3px;' "
 "title='1.0'>_||>_<||_html:</span>_||><||_html:<span style='background-color: "
 "rgba(0.0, 165.0, 0, 0.15); border-radius: 3px;' "
 "title='1.0'>_||>note<||_html:</span>_||><||_html:<span "
 "style='background-color: rgba(0.0, 165.0, 0, 0.15); border-radius: 3px;' "
 'title=\'1.0\'>_||>":<||_html:</span>_||><||_html:<span '
 "style='background-color: rgba(0.0, 165.0, 0, 0.15); border-radius: 3px;' "
 'title=\'1.0\'>_||> "<||_html:</span>_||><||_html:<span '
 "style='background-color: rgba(0.0, 165.0, 0, 0.15); border-radius: 3px;' "
 "title='1.0'>_||>The<||_html:</span>_||><||_html:<span "
 "style='background-color: rgba(0.0, 165.0, 0, 0.15); border-radius: 3px;' "
 "title='1.0'>_||> '<||_html:</span>_||><||_html:<span "
 "style='background-color: rgba(0.0, 165.0, 0, 0.15); border-radius: 3px;' "
 "title='1.0'>_||>Product<||_html:</span>_||><||_html:<span "
 "style='background-color: rgba(0.0, 165.0, 0, 0.15); border-radius: 3px;' "
 "title='1.0'>_||>'<||_html:</span>_||><||_html:<span style='background-color: "
 "rgba(0.0, 165.0, 0, 0.15); border-radius: 3px;' title='1.0'>_||> "
 "type<||_html:</span>_||><||_html:<span style='background-color: rgba(0.0, "
 "165.0, 0, 0.15); border-radius: 3px;' title='1.0'>_||> "
 "no<||_html:</span>_||><||_html:<span style='background-color: rgba(0.0, "
 "165.0, 0, 0.15); border-radius: 3px;' title='1.0'>_||> "
 "longer<||_html:</span>_||><||_html:<span style='background-color: rgba(0.0, "
 "165.0, 0, 0.15); border-radius: 3px;' title='1.0'>_||> "
 "includes<||_html:</span>_||><||_html:<span style='background-color: "
 "rgba(0.0, 165.0, 0, 0.15); border-radius: 3px;' title='1.0'>_||> "
 "the<||_html:</span>_||><||_html:<span style='background-color: rgba(0.0, "
 "165.0, 0, 0.15); border-radius: 3px;' title='1.0'>_||> "
 "'<||_html:</span>_||><||_html:<span style='background-color: rgba(0.0, "
 "165.0, 0, 0.15); border-radius: 3px;' "
 "title='1.0'>_||>stock<||_html:</span>_||><||_html:<span "
 "style='background-color: rgba(0.0, 165.0, 0, 0.15); border-radius: 3px;' "
 "title='1.0'>_||>'<||_html:</span>_||><||_html:<span style='background-color: "
 "rgba(0.0, 165.0, 0, 0.15); border-radius: 3px;' title='1.0'>_||> "
 "field<||_html:</span>_||><||_html:<span style='background-color: rgba(0.0, "
 "165.0, 0, 0.15); border-radius: 3px;' "
 'title=\'1.0\'>_||>."<||_html:</span>_||><||_html:<span '
 "style='background-color: rgba(0.0, 165.0, 0, 0.15); border-radius: 3px;' "
 "title='1.0'>_||>\n"
 "<||_html:</span>_||><||_html:<span style='background-color: rgba(0.0, 165.0, "
 "0, 0.15); border-radius: 3px;' title='1.0'>_||>   "
 "<||_html:</span>_||><||_html:<span style='background-color: rgba(0.0, 165.0, "
 "0, 0.15); border-radius: 3px;' title='1.0'>_||> "
 "}<||_html:</span>_||><||_html:<span style='background-color: rgba(0.0, "
 "165.0, 0, 0.15); border-radius: 3px;' title='1.0'>_||>\n"
 "<||_html:</span>_||><||_html:<span style='background-color: rgba(0.0, 165.0, "
 "0, 0.15); border-radius: 3px;' title='1.0'>_||> "
 "<||_html:</span>_||><||_html:<span style='background-color: rgba(0.0, 165.0, "
 "0, 0.15); border-radius: 3px;' title='1.0'>_||> "
 "],<||_html:</span>_||><||_html:<span style='background-color: rgba(0.0, "
 "165.0, 0, 0.15); border-radius: 3px;' title='1.0'>_||>\n"
 "<||_html:</span>_||><||_html:<span style='background-color: rgba(0.0, 165.0, "
 "0, 0.15); border-radius: 3px;' title='1.0'>_||> "
 "<||_html:</span>_||><||_html:<span style='background-color: rgba(0.0, 165.0, "
 "0, 0.15); border-radius: 3px;' title='1.0'>_||> "
 '"<||_html:</span>_||><||_html:<span style=\'background-color: rgba(0.0, '
 "165.0, 0, 0.15); border-radius: 3px;' "
 "title='1.0'>_||>release<||_html:</span>_||><||_html:<span "
 "style='background-color: rgba(0.0, 165.0, 0, 0.15); border-radius: 3px;' "
 "title='1.0'>_||>_<||_html:</span>_||><||_html:<span style='background-color: "
 "rgba(0.0, 165.0, 0, 0.15); border-radius: 3px;' "
 "title='1.0'>_||>notes<||_html:</span>_||><||_html:<span "
 "style='background-color: rgba(0.0, 165.0, 0, 0.15); border-radius: 3px;' "
 'title=\'1.0\'>_||>":<||_html:</span>_||><||_html:<span '
 "style='background-color: rgba(0.0, 165.0, 0, 0.15); border-radius: 3px;' "
 "title='1.0'>_||> {<||_html:</span>_||><||_html:<span "
 "style='background-color: rgba(0.0, 165.0, 0, 0.15); border-radius: 3px;' "
 "title='1.0'>_||>\n"
 "<||_html:</span>_||><||_html:<span style='background-color: rgba(0.0, 165.0, "
 "0, 0.15); border-radius: 3px;' title='1.0'>_||>   "
 "<||_html:</span>_||><||_html:<span style='background-color: rgba(0.0, 165.0, "
 "0, 0.15); border-radius: 3px;' title='1.0'>_||> "
 '"<||_html:</span>_||><||_html:<span style=\'background-color: rgba(0.0, '
 "165.0, 0, 0.15); border-radius: 3px;' "
 "title='1.0'>_||>summary<||_html:</span>_||><||_html:<span "
 "style='background-color: rgba(0.0, 165.0, 0, 0.15); border-radius: 3px;' "
 'title=\'1.0\'>_||>":<||_html:</span>_||><||_html:<span '
 "style='background-color: rgba(0.0, 165.0, 0, 0.15); border-radius: 3px;' "
 'title=\'1.0\'>_||> "<||_html:</span>_||><||_html:<span '
 "style='background-color: rgba(0.0, 165.0, 0, 0.15); border-radius: 3px;' "
 "title='1.0'>_||>The<||_html:</span>_||><||_html:<span "
 "style='background-color: rgba(0.0, 165.0, 0, 0.15); border-radius: 3px;' "
 "title='1.0'>_||> '<||_html:</span>_||><||_html:<span "
 "style='background-color: rgba(0.0, 165.0, 0, 0.15); border-radius: 3px;' "
 "title='1.0'>_||>get<||_html:</span>_||><||_html:<span "
 "style='background-color: rgba(0.0, 165.0, 0, 0.15); border-radius: 3px;' "
 "title='1.0'>_||>Product<||_html:</span>_||><||_html:<span "
 "style='background-color: rgba(0.0, 165.0, 0, 0.15); border-radius: 3px;' "
 "title='1.0'>_||>'<||_html:</span>_||><||_html:<span style='background-color: "
 "rgba(0.0, 165.0, 0, 0.15); border-radius: 3px;' title='1.0'>_||> "
 "query<||_html:</span>_||><||_html:<span style='background-color: rgba(0.0, "
 "165.0, 0, 0.15); border-radius: 3px;' title='1.0'>_||> "
 "now<||_html:</span>_||><||_html:<span style='background-color: rgba(0.0, "
 "165.0, 0, 0.15); border-radius: 3px;' title='1.0'>_||> "
 "includes<||_html:</span>_||><||_html:<span style='background-color: "
 "rgba(0.0, 165.0, 0, 0.15); border-radius: 3px;' title='1.0'>_||> "
 "a<||_html:</span>_||><||_html:<span style='background-color: rgba(0.0, "
 "165.0, 0, 0.15); border-radius: 3px;' title='1.0'>_||> "
 "new<||_html:</span>_||><||_html:<span style='background-color: rgba(0.0, "
 "165.0, 0, 0.15); border-radius: 3px;' title='1.0'>_||> "
 "field<||_html:</span>_||><||_html:<span style='background-color: rgba(0.0, "
 "165.0, 0, 0.15); border-radius: 3px;' title='1.0'>_||> "
 "'<||_html:</span>_||><||_html:<span style='background-color: rgba(0.0, "
 "165.0, 0, 0.15); border-radius: 3px;' "
 "title='1.0'>_||>details<||_html:</span>_||><||_html:<span "
 "style='background-color: rgba(0.0, 165.0, 0, 0.15); border-radius: 3px;' "
 "title='1.0'>_||>'<||_html:</span>_||><||_html:<span style='background-color: "
 "rgba(0.0, 165.0, 0, 0.15); border-radius: 3px;' title='1.0'>_||> "
 "of<||_html:</span>_||><||_html:<span style='background-color: rgba(0.0, "
 "165.0, 0, 0.15); border-radius: 3px;' title='1.0'>_||> "
 "type<||_html:</span>_||><||_html:<span style='background-color: rgba(0.0, "
 "165.0, 0, 0.15); border-radius: 3px;' title='1.0'>_||> "
 "String<||_html:</span>_||><||_html:<span style='background-color: rgba(0.0, "
 "165.0, 0, 0.15); border-radius: 3px;' "
 "title='1.0'>_||>.<||_html:</span>_||><||_html:<span style='background-color: "
 "rgba(0.0, 165.0, 0, 0.15); border-radius: 3px;' title='1.0'>_||> "
 "The<||_html:</span>_||><||_html:<span style='background-color: rgba(0.0, "
 "165.0, 0, 0.15); border-radius: 3px;' title='1.0'>_||> "
 "'<||_html:</span>_||><||_html:<span style='background-color: rgba(0.0, "
 "165.0, 0, 0.15); border-radius: 3px;' "
 "title='1.0'>_||>Product<||_html:</span>_||><||_html:<span "
 "style='background-color: rgba(0.0, 165.0, 0, 0.15); border-radius: 3px;' "
 "title='1.0'>_||>'<||_html:</span>_||><||_html:<span style='background-color: "
 "rgba(0.0, 165.0, 0, 0.15); border-radius: 3px;' title='1.0'>_||> "
 "type<||_html:</span>_||><||_html:<span style='background-color: rgba(0.0, "
 "165.0, 0, 0.15); border-radius: 3px;' title='1.0'>_||> "
 "no<||_html:</span>_||><||_html:<span style='background-color: rgba(0.0, "
 "165.0, 0, 0.15); border-radius: 3px;' title='1.0'>_||> "
 "longer<||_html:</span>_||><||_html:<span style='background-color: rgba(0.0, "
 "165.0, 0, 0.15); border-radius: 3px;' title='1.0'>_||> "
 "includes<||_html:</span>_||><||_html:<span style='background-color: "
 "rgba(0.0, 165.0, 0, 0.15); border-radius: 3px;' title='1.0'>_||> "
 "the<||_html:</span>_||><||_html:<span style='background-color: rgba(0.0, "
 "165.0, 0, 0.15); border-radius: 3px;' title='1.0'>_||> "
 "'<||_html:</span>_||><||_html:<span style='background-color: rgba(0.0, "
 "165.0, 0, 0.15); border-radius: 3px;' "
 "title='1.0'>_||>description<||_html:</span>_||><||_html:<span "
 "style='background-color: rgba(0.0, 165.0, 0, 0.15); border-radius: 3px;' "
 "title='1.0'>_||>'<||_html:</span>_||><||_html:<span style='background-color: "
 "rgba(0.0, 165.0, 0, 0.15); border-radius: 3px;' title='1.0'>_||> "
 "and<||_html:</span>_||><||_html:<span style='background-color: rgba(0.0, "
 "165.0, 0, 0.15); border-radius: 3px;' title='1.0'>_||> "
 "'<||_html:</span>_||><||_html:<span style='background-color: rgba(0.0, "
 "165.0, 0, 0.15); border-radius: 3px;' "
 "title='1.0'>_||>stock<||_html:</span>_||><||_html:<span "
 "style='background-color: rgba(0.0, 165.0, 0, 0.15); border-radius: 3px;' "
 "title='1.0'>_||>'<||_html:</span>_||><||_html:<span style='background-color: "
 "rgba(0.0, 165.0, 0, 0.15); border-radius: 3px;' title='1.0'>_||> "
 "fields<||_html:</span>_||><||_html:<span style='background-color: rgba(0.0, "
 "165.0, 0, 0.15); border-radius: 3px;' "
 'title=\'1.0\'>_||>."<||_html:</span>_||><||_html:<span '
 "style='background-color: rgba(0.0, 165.0, 0, 0.15); border-radius: 3px;' "
 "title='1.0'>_||>\n"
 "<||_html:</span>_||><||_html:<span style='background-color: rgba(0.0, 165.0, "
 "0, 0.15); border-radius: 3px;' title='1.0'>_||> "
 "<||_html:</span>_||><||_html:<span style='background-color: rgba(0.0, 165.0, "
 "0, 0.15); border-radius: 3px;' title='1.0'>_||> "
 "}<||_html:</span>_||><||_html:<span style='background-color: rgba(0.0, "
 "165.0, 0, 0.15); border-radius: 3px;' title='1.0'>_||>\n"
 "<||_html:</span>_||><||_html:<span style='background-color: rgba(0.0, 165.0, "
 "0, 0.15); border-radius: 3px;' "
 'title=\'1.0\'>_||>}<||_html:</span>_||>{"changes":<||_html:<span '
 "style='background-color: rgba(0.0, 165.0, 0, 0.15); border-radius: 3px;' "
 "title='1.0'>_||>[<||_html:</span>_||><||_html:<span style='background-color: "
 "rgba(0.0, 165.0, 0, 0.15); border-radius: 3px;' "
 'title=\'1.0\'>_||>{"<||_html:</span>_||>type<||_html:<span '
 "style='background-color: rgba(0.0, 165.0, 0, 0.15); border-radius: 3px;' "
 'title=\'1.0\'>_||>":"<||_html:</span>_||><||_html:<span '
 "style='background-color: rgba(0.0, 165.0, 0, 0.15); border-radius: 3px;' "
 "title='1.0'>_||>Query<||_html:</span>_||><||_html:<span "
 "style='background-color: rgba(0.0, 165.0, 0, 0.15); border-radius: 3px;' "
 'title=\'1.0\'>_||>","<||_html:</span>_||>field<||_html:<span '
 "style='background-color: rgba(0.0, 165.0, 0, 0.15); border-radius: 3px;' "
 'title=\'1.0\'>_||>":"<||_html:</span>_||><||_html:<span '
 "style='background-color: rgba(0.0, 165.0, 0, 0.15); border-radius: 3px;' "
 "title='1.0'>_||>get<||_html:</span>_||><||_html:<span "
 "style='background-color: rgba(0.0, 165.0, 0, 0.15); border-radius: 3px;' "
 "title='1.0'>_||>Product<||_html:</span>_||><||_html:<span "
 "style='background-color: rgba(0.0, 165.0, 0, 0.15); border-radius: 3px;' "
 'title=\'1.0\'>_||>","<||_html:</span>_||>change<||_html:<span '
 "style='background-color: rgba(0.0, 165.0, 0, 0.15); border-radius: 3px;' "
 'title=\'1.0\'>_||>":"<||_html:</span>_||><||_html:<span '
 "style='background-color: rgba(0.0, 165.0, 0, 0.15); border-radius: 3px;' "
 "title='1.0'>_||>field<||_html:</span>_||><||_html:<span "
 "style='background-color: rgba(0.0, 165.0, 0, 0.15); border-radius: 3px;' "
 "title='1.0'>_||> details<||_html:</span>_||><||_html:<span "
 "style='background-color: rgba(0.0, 165.0, 0, 0.15); border-radius: 3px;' "
 "title='1.0'>_||> added<||_html:</span>_||><||_html:<span "
 "style='background-color: rgba(0.0, 165.0, 0, 0.15); border-radius: 3px;' "
 'title=\'1.0\'>_||>","<||_html:</span>_||>breaking<||_html:<span '
 "style='background-color: rgba(0.0, 165.0, 0, 0.15); border-radius: 3px;' "
 'title=\'1.0\'>_||>":<||_html:</span>_||><||_html:<span '
 "style='background-color: rgba(0.0, 165.0, 0, 0.15); border-radius: 3px;' "
 'title=\'1.0\'>_||>false<||_html:</span>_||>,"release_note<||_html:<span '
 "style='background-color: rgba(0.0, 165.0, 0, 0.15); border-radius: 3px;' "
 'title=\'1.0\'>_||>":"<||_html:</span>_||><||_html:<span '
 "style='background-color: rgba(0.0, 165.0, 0, 0.15); border-radius: 3px;' "
 "title='1.0'>_||>The<||_html:</span>_||><||_html:<span "
 "style='background-color: rgba(0.0, 165.0, 0, 0.15); border-radius: 3px;' "
 "title='1.0'>_||> '<||_html:</span>_||><||_html:<span "
 "style='background-color: rgba(0.0, 165.0, 0, 0.15); border-radius: 3px;' "
 "title='1.0'>_||>get<||_html:</span>_||><||_html:<span "
 "style='background-color: rgba(0.0, 165.0, 0, 0.15); border-radius: 3px;' "
 "title='1.0'>_||>Product<||_html:</span>_||><||_html:<span "
 "style='background-color: rgba(0.0, 165.0, 0, 0.15); border-radius: 3px;' "
 "title='1.0'>_||>'<||_html:</span>_||><||_html:<span style='background-color: "
 "rgba(0.0, 165.0, 0, 0.15); border-radius: 3px;' title='1.0'>_||> "
 "query<||_html:</span>_||><||_html:<span style='background-color: rgba(0.0, "
 "165.0, 0, 0.15); border-radius: 3px;' title='1.0'>_||> "
 "now<||_html:</span>_||><||_html:<span style='background-color: rgba(0.0, "
 "165.0, 0, 0.15); border-radius: 3px;' title='1.0'>_||> "
 "includes<||_html:</span>_||><||_html:<span style='background-color: "
 "rgba(0.0, 165.0, 0, 0.15); border-radius: 3px;' title='1.0'>_||> "
 "a<||_html:</span>_||><||_html:<span style='background-color: rgba(0.0, "
 "165.0, 0, 0.15); border-radius: 3px;' title='1.0'>_||> "
 "new<||_html:</span>_||><||_html:<span style='background-color: rgba(0.0, "
 "165.0, 0, 0.15); border-radius: 3px;' title='1.0'>_||> "
 "field<||_html:</span>_||><||_html:<span style='background-color: rgba(0.0, "
 "165.0, 0, 0.15); border-radius: 3px;' title='1.0'>_||> "
 "'<||_html:</span>_||><||_html:<span style='background-color: rgba(0.0, "
 "165.0, 0, 0.15); border-radius: 3px;' "
 "title='1.0'>_||>details<||_html:</span>_||><||_html:<span "
 "style='background-color: rgba(0.0, 165.0, 0, 0.15); border-radius: 3px;' "
 "title='1.0'>_||>'<||_html:</span>_||><||_html:<span style='background-color: "
 "rgba(0.0, 165.0, 0, 0.15); border-radius: 3px;' title='1.0'>_||> "
 "of<||_html:</span>_||><||_html:<span style='background-color: rgba(0.0, "
 "165.0, 0, 0.15); border-radius: 3px;' title='1.0'>_||> "
 "type<||_html:</span>_||><||_html:<span style='background-color: rgba(0.0, "
 "165.0, 0, 0.15); border-radius: 3px;' title='1.0'>_||> "
 "String<||_html:</span>_||><||_html:<span style='background-color: rgba(0.0, "
 "165.0, 0, 0.15); border-radius: 3px;' "
 'title=\'1.0\'>_||>."<||_html:</span>_||><||_html:<span '
 "style='background-color: rgba(0.0, 165.0, 0, 0.15); border-radius: 3px;' "
 'title=\'1.0\'>_||>},<||_html:</span>_||>{"type<||_html:<span '
 "style='background-color: rgba(0.0, 165.0, 0, 0.15); border-radius: 3px;' "
 'title=\'1.0\'>_||>":"<||_html:</span>_||><||_html:<span '
 "style='background-color: rgba(0.0, 165.0, 0, 0.15); border-radius: 3px;' "
 "title='1.0'>_||>Product<||_html:</span>_||><||_html:<span "
 "style='background-color: rgba(0.0, 165.0, 0, 0.15); border-radius: 3px;' "
 'title=\'1.0\'>_||>","<||_html:</span>_||>field<||_html:<span '
 "style='background-color: rgba(0.0, 165.0, 0, 0.15); border-radius: 3px;' "
 'title=\'1.0\'>_||>":"<||_html:</span>_||><||_html:<span '
 "style='background-color: rgba(0.0, 165.0, 0, 0.15); border-radius: 3px;' "
 "title='1.0'>_||>description<||_html:</span>_||><||_html:<span "
 "style='background-color: rgba(0.0, 165.0, 0, 0.15); border-radius: 3px;' "
 'title=\'1.0\'>_||>","<||_html:</span>_||>change<||_html:<span '
 "style='background-color: rgba(0.0, 165.0, 0, 0.15); border-radius: 3px;' "
 'title=\'1.0\'>_||>":"<||_html:</span>_||><||_html:<span '
 "style='background-color: rgba(0.0, 165.0, 0, 0.15); border-radius: 3px;' "
 "title='1.0'>_||>field<||_html:</span>_||><||_html:<span "
 "style='background-color: rgba(0.0, 165.0, 0, 0.15); border-radius: 3px;' "
 "title='1.0'>_||> removed<||_html:</span>_||><||_html:<span "
 "style='background-color: rgba(0.0, 165.0, 0, 0.15); border-radius: 3px;' "
 'title=\'1.0\'>_||>","<||_html:</span>_||>breaking<||_html:<span '
 "style='background-color: rgba(0.0, 165.0, 0, 0.15); border-radius: 3px;' "
 'title=\'1.0\'>_||>":<||_html:</span>_||><||_html:<span '
 "style='background-color: rgba(0.0, 165.0, 0, 0.15); border-radius: 3px;' "
 'title=\'1.0\'>_||>true<||_html:</span>_||>,"release_note<||_html:<span '
 "style='background-color: rgba(0.0, 165.0, 0, 0.15); border-radius: 3px;' "
 'title=\'1.0\'>_||>":"<||_html:</span>_||><||_html:<span '
 "style='background-color: rgba(0.0, 165.0, 0, 0.15); border-radius: 3px;' "
 "title='1.0'>_||>The<||_html:</span>_||><||_html:<span "
 "style='background-color: rgba(0.0, 165.0, 0, 0.15); border-radius: 3px;' "
 "title='1.0'>_||> '<||_html:</span>_||><||_html:<span "
 "style='background-color: rgba(0.0, 165.0, 0, 0.15); border-radius: 3px;' "
 "title='1.0'>_||>Product<||_html:</span>_||><||_html:<span "
 "style='background-color: rgba(0.0, 165.0, 0, 0.15); border-radius: 3px;' "
 "title='1.0'>_||>'<||_html:</span>_||><||_html:<span style='background-color: "
 "rgba(0.0, 165.0, 0, 0.15); border-radius: 3px;' title='1.0'>_||> "
 "type<||_html:</span>_||><||_html:<span style='background-color: rgba(0.0, "
 "165.0, 0, 0.15); border-radius: 3px;' title='1.0'>_||> "
 "no<||_html:</span>_||><||_html:<span style='background-color: rgba(0.0, "
 "165.0, 0, 0.15); border-radius: 3px;' title='1.0'>_||> "
 "longer<||_html:</span>_||><||_html:<span style='background-color: rgba(0.0, "
 "165.0, 0, 0.15); border-radius: 3px;' title='1.0'>_||> "
 "includes<||_html:</span>_||><||_html:<span style='background-color: "
 "rgba(0.0, 165.0, 0, 0.15); border-radius: 3px;' title='1.0'>_||> "
 "the<||_html:</span>_||><||_html:<span style='background-color: rgba(0.0, "
 "165.0, 0, 0.15); border-radius: 3px;' title='1.0'>_||> "
 "'<||_html:</span>_||><||_html:<span style='background-color: rgba(0.0, "
 "165.0, 0, 0.15); border-radius: 3px;' "
 "title='1.0'>_||>description<||_html:</span>_||><||_html:<span "
 "style='background-color: rgba(0.0, 165.0, 0, 0.15); border-radius: 3px;' "
 "title='1.0'>_||>'<||_html:</span>_||><||_html:<span style='background-color: "
 "rgba(0.0, 165.0, 0, 0.15); border-radius: 3px;' title='1.0'>_||> "
 "field<||_html:</span>_||><||_html:<span style='background-color: rgba(0.0, "
 "165.0, 0, 0.15); border-radius: 3px;' "
 'title=\'1.0\'>_||>."<||_html:</span>_||><||_html:<span '
 "style='background-color: rgba(0.0, 165.0, 0, 0.15); border-radius: 3px;' "
 'title=\'1.0\'>_||>},<||_html:</span>_||>{"type<||_html:<span '
 "style='background-color: rgba(0.0, 165.0, 0, 0.15); border-radius: 3px;' "
 'title=\'1.0\'>_||>":"<||_html:</span>_||><||_html:<span '
 "style='background-color: rgba(0.0, 165.0, 0, 0.15); border-radius: 3px;' "
 "title='1.0'>_||>Product<||_html:</span>_||><||_html:<span "
 "style='background-color: rgba(0.0, 165.0, 0, 0.15); border-radius: 3px;' "
 'title=\'1.0\'>_||>","<||_html:</span>_||>field<||_html:<span '
 "style='background-color: rgba(0.0, 165.0, 0, 0.15); border-radius: 3px;' "
 'title=\'1.0\'>_||>":"<||_html:</span>_||><||_html:<span '
 "style='background-color: rgba(0.0, 165.0, 0, 0.15); border-radius: 3px;' "
 "title='1.0'>_||>stock<||_html:</span>_||><||_html:<span "
 "style='background-color: rgba(0.0, 165.0, 0, 0.15); border-radius: 3px;' "
 'title=\'1.0\'>_||>","<||_html:</span>_||>change<||_html:<span '
 "style='background-color: rgba(0.0, 165.0, 0, 0.15); border-radius: 3px;' "
 'title=\'1.0\'>_||>":"<||_html:</span>_||><||_html:<span '
 "style='background-color: rgba(0.0, 165.0, 0, 0.15); border-radius: 3px;' "
 "title='1.0'>_||>field<||_html:</span>_||><||_html:<span "
 "style='background-color: rgba(0.0, 165.0, 0, 0.15); border-radius: 3px;' "
 "title='1.0'>_||> removed<||_html:</span>_||><||_html:<span "
 "style='background-color: rgba(0.0, 165.0, 0, 0.15); border-radius: 3px;' "
 'title=\'1.0\'>_||>","<||_html:</span>_||>breaking<||_html:<span '
 "style='background-color: rgba(0.0, 165.0, 0, 0.15); border-radius: 3px;' "
 'title=\'1.0\'>_||>":<||_html:</span>_||><||_html:<span '
 "style='background-color: rgba(0.0, 165.0, 0, 0.15); border-radius: 3px;' "
 'title=\'1.0\'>_||>true<||_html:</span>_||>,"release_note<||_html:<span '
 "style='background-color: rgba(0.0, 165.0, 0, 0.15); border-radius: 3px;' "
 'title=\'1.0\'>_||>":"<||_html:</span>_||><||_html:<span '
 "style='background-color: rgba(0.0, 165.0, 0, 0.15); border-radius: 3px;' "
 "title='1.0'>_||>The<||_html:</span>_||><||_html:<span "
 "style='background-color: rgba(0.0, 165.0, 0, 0.15); border-radius: 3px;' "
 "title='1.0'>_||> '<||_html:</span>_||><||_html:<span "
 "style='background-color: rgba(0.0, 165.0, 0, 0.15); border-radius: 3px;' "
 "title='1.0'>_||>Product<||_html:</span>_||><||_html:<span "
 "style='background-color: rgba(0.0, 165.0, 0, 0.15); border-radius: 3px;' "
 "title='1.0'>_||>'<||_html:</span>_||><||_html:<span style='background-color: "
 "rgba(0.0, 165.0, 0, 0.15); border-radius: 3px;' title='1.0'>_||> "
 "type<||_html:</span>_||><||_html:<span style='background-color: rgba(0.0, "
 "165.0, 0, 0.15); border-radius: 3px;' title='1.0'>_||> "
 "no<||_html:</span>_||><||_html:<span style='background-color: rgba(0.0, "
 "165.0, 0, 0.15); border-radius: 3px;' title='1.0'>_||> "
 "longer<||_html:</span>_||><||_html:<span style='background-color: rgba(0.0, "
 "165.0, 0, 0.15); border-radius: 3px;' title='1.0'>_||> "
 "includes<||_html:</span>_||><||_html:<span style='background-color: "
 "rgba(0.0, 165.0, 0, 0.15); border-radius: 3px;' title='1.0'>_||> "
 "the<||_html:</span>_||><||_html:<span style='background-color: rgba(0.0, "
 "165.0, 0, 0.15); border-radius: 3px;' title='1.0'>_||> "
 "'<||_html:</span>_||><||_html:<span style='background-color: rgba(0.0, "
 "165.0, 0, 0.15); border-radius: 3px;' "
 "title='1.0'>_||>stock<||_html:</span>_||><||_html:<span "
 "style='background-color: rgba(0.0, 165.0, 0, 0.15); border-radius: 3px;' "
 "title='1.0'>_||>'<||_html:</span>_||><||_html:<span style='background-color: "
 "rgba(0.0, 165.0, 0, 0.15); border-radius: 3px;' title='1.0'>_||> "
 "field<||_html:</span>_||><||_html:<span style='background-color: rgba(0.0, "
 "165.0, 0, 0.15); border-radius: 3px;' "
 'title=\'1.0\'>_||>."<||_html:</span>_||><||_html:<span '
 "style='background-color: rgba(0.0, 165.0, 0, 0.15); border-radius: 3px;' "
 'title=\'1.0\'>_||>}]<||_html:</span>_||>,"release_notes":{"summary<||_html:<span '
 "style='background-color: rgba(0.0, 165.0, 0, 0.15); border-radius: 3px;' "
 "title='1.0'>_||>")
('Analyze the following two GraphQL schemas for changes, including both '
 'breaking and non-breaking changes.\n'
 '\n'
 '                        Provide your analysis in the following JSON format:\n'
 '                        {\n'
 '                          "changes": [\n'
 '                            {\n'
 '                              "type": "String representing the GraphQL type '
 '(e.g., Query, Mutation, Subscription)",\n'
 '                              "field": "String representing the specific '
 'field that changed",\n'
 '                              "change": "String describing the change (e.g., '
 'field renamed, new field added, field removed)",\n'
 '                              "breaking": "Boolean indicating if the change '
 'is breaking (true) or non-breaking (false)",\n'
 '                              "release_note": "String with a natural '
 'language description of the change for release notes"\n'
 '                            }\n'
 '                          ],\n'
 '                          "release_notes": {\n'
 '                              "summary": "String summarizing all changes, '
 'suitable for a mailing list or public announcement"\n'
 '                          }\n'
 '                        }\n'
 '\n'
 '                        When analyzing, consider the following types of '
 'changes:\n'
 '                        1. Removing fields or types (breaking)\n'
 '                        2. Changing field types (potentially breaking)\n'
 '                        3. Adding required fields (breaking)\n'
 '                        4. Changing the type of existing arguments '
 '(breaking)\n'
 '                        5. Adding optional fields (non-breaking)\n'
 '                        6. Adding new types (non-breaking)\n'
 '                        7. Deprecating fields (non-breaking)\n'
 '\n'
 '                        Ensure that each change is categorized correctly as '
 'breaking or non-breaking.: type Query {\n'
 '  getProduct(id: ID!): Product\n'
 '}\n'
 '\n'
 'type Product {\n'
 '  id: ID\n'
 '  name: String\n'
 '  description: String\n'
 '  price: Float\n'
 '  stock: Int\n'
 '}\n'
 ', type Query {\n'
 '  getProduct(id: ID!): Product\n'
 '}\n'
 '\n'
 'type Product {\n'
 '  id: ID\n'
 '  name: String\n'
 '  details: String\n'
 '  price: Float\n'
 '}\n'
 '\n'
 "Answer:<||_html:<span style='background-color: rgba(0.0, 165.0, 0, 0.15); "
 "border-radius: 3px;' title='1.0'>_||> {<||_html:</span>_||><||_html:<span "
 "style='background-color: rgba(0.0, 165.0, 0, 0.15); border-radius: 3px;' "
 "title='1.0'>_||>\n"
 "<||_html:</span>_||><||_html:<span style='background-color: rgba(0.0, 165.0, "
 "0, 0.15); border-radius: 3px;' title='1.0'>_||> "
 "<||_html:</span>_||><||_html:<span style='background-color: rgba(0.0, 165.0, "
 "0, 0.15); border-radius: 3px;' title='1.0'>_||> "
 '"<||_html:</span>_||><||_html:<span style=\'background-color: rgba(0.0, '
 "165.0, 0, 0.15); border-radius: 3px;' "
 "title='1.0'>_||>changes<||_html:</span>_||><||_html:<span "
 "style='background-color: rgba(0.0, 165.0, 0, 0.15); border-radius: 3px;' "
 'title=\'1.0\'>_||>":<||_html:</span>_||><||_html:<span '
 "style='background-color: rgba(0.0, 165.0, 0, 0.15); border-radius: 3px;' "
 "title='1.0'>_||> [<||_html:</span>_||><||_html:<span "
 "style='background-color: rgba(0.0, 165.0, 0, 0.15); border-radius: 3px;' "
 "title='1.0'>_||>\n"
 "<||_html:</span>_||><||_html:<span style='background-color: rgba(0.0, 165.0, "
 "0, 0.15); border-radius: 3px;' title='1.0'>_||>   "
 "<||_html:</span>_||><||_html:<span style='background-color: rgba(0.0, 165.0, "
 "0, 0.15); border-radius: 3px;' title='1.0'>_||> "
 "{<||_html:</span>_||><||_html:<span style='background-color: rgba(0.0, "
 "165.0, 0, 0.15); border-radius: 3px;' title='1.0'>_||>\n"
 "<||_html:</span>_||><||_html:<span style='background-color: rgba(0.0, 165.0, "
 "0, 0.15); border-radius: 3px;' title='1.0'>_||>     "
 "<||_html:</span>_||><||_html:<span style='background-color: rgba(0.0, 165.0, "
 "0, 0.15); border-radius: 3px;' title='1.0'>_||> "
 '"<||_html:</span>_||><||_html:<span style=\'background-color: rgba(0.0, '
 "165.0, 0, 0.15); border-radius: 3px;' "
 "title='1.0'>_||>type<||_html:</span>_||><||_html:<span "
 "style='background-color: rgba(0.0, 165.0, 0, 0.15); border-radius: 3px;' "
 'title=\'1.0\'>_||>":<||_html:</span>_||><||_html:<span '
 "style='background-color: rgba(0.0, 165.0, 0, 0.15); border-radius: 3px;' "
 'title=\'1.0\'>_||> "<||_html:</span>_||><||_html:<span '
 "style='background-color: rgba(0.0, 165.0, 0, 0.15); border-radius: 3px;' "
 "title='1.0'>_||>Query<||_html:</span>_||><||_html:<span "
 "style='background-color: rgba(0.0, 165.0, 0, 0.15); border-radius: 3px;' "
 'title=\'1.0\'>_||>",<||_html:</span>_||><||_html:<span '
 "style='background-color: rgba(0.0, 165.0, 0, 0.15); border-radius: 3px;' "
 "title='1.0'>_||>\n"
 "<||_html:</span>_||><||_html:<span style='background-color: rgba(0.0, 165.0, "
 "0, 0.15); border-radius: 3px;' title='1.0'>_||>     "
 "<||_html:</span>_||><||_html:<span style='background-color: rgba(0.0, 165.0, "
 "0, 0.15); border-radius: 3px;' title='1.0'>_||> "
 '"<||_html:</span>_||><||_html:<span style=\'background-color: rgba(0.0, '
 "165.0, 0, 0.15); border-radius: 3px;' "
 "title='1.0'>_||>field<||_html:</span>_||><||_html:<span "
 "style='background-color: rgba(0.0, 165.0, 0, 0.15); border-radius: 3px;' "
 'title=\'1.0\'>_||>":<||_html:</span>_||><||_html:<span '
 "style='background-color: rgba(0.0, 165.0, 0, 0.15); border-radius: 3px;' "
 'title=\'1.0\'>_||> "<||_html:</span>_||><||_html:<span '
 "style='background-color: rgba(0.0, 165.0, 0, 0.15); border-radius: 3px;' "
 "title='1.0'>_||>get<||_html:</span>_||><||_html:<span "
 "style='background-color: rgba(0.0, 165.0, 0, 0.15); border-radius: 3px;' "
 "title='1.0'>_||>Product<||_html:</span>_||><||_html:<span "
 "style='background-color: rgba(0.0, 165.0, 0, 0.15); border-radius: 3px;' "
 'title=\'1.0\'>_||>",<||_html:</span>_||><||_html:<span '
 "style='background-color: rgba(0.0, 165.0, 0, 0.15); border-radius: 3px;' "
 "title='1.0'>_||>\n"
 "<||_html:</span>_||><||_html:<span style='background-color: rgba(0.0, 165.0, "
 "0, 0.15); border-radius: 3px;' title='1.0'>_||>     "
 "<||_html:</span>_||><||_html:<span style='background-color: rgba(0.0, 165.0, "
 "0, 0.15); border-radius: 3px;' title='1.0'>_||> "
 '"<||_html:</span>_||><||_html:<span style=\'background-color: rgba(0.0, '
 "165.0, 0, 0.15); border-radius: 3px;' "
 "title='1.0'>_||>change<||_html:</span>_||><||_html:<span "
 "style='background-color: rgba(0.0, 165.0, 0, 0.15); border-radius: 3px;' "
 'title=\'1.0\'>_||>":<||_html:</span>_||><||_html:<span '
 "style='background-color: rgba(0.0, 165.0, 0, 0.15); border-radius: 3px;' "
 'title=\'1.0\'>_||> "<||_html:</span>_||><||_html:<span '
 "style='background-color: rgba(0.0, 165.0, 0, 0.15); border-radius: 3px;' "
 "title='1.0'>_||>field<||_html:</span>_||><||_html:<span "
 "style='background-color: rgba(0.0, 165.0, 0, 0.15); border-radius: 3px;' "
 "title='1.0'>_||> details<||_html:</span>_||><||_html:<span "
 "style='background-color: rgba(0.0, 165.0, 0, 0.15); border-radius: 3px;' "
 "title='1.0'>_||> added<||_html:</span>_||><||_html:<span "
 "style='background-color: rgba(0.0, 165.0, 0, 0.15); border-radius: 3px;' "
 'title=\'1.0\'>_||>",<||_html:</span>_||><||_html:<span '
 "style='background-color: rgba(0.0, 165.0, 0, 0.15); border-radius: 3px;' "
 "title='1.0'>_||>\n"
 "<||_html:</span>_||><||_html:<span style='background-color: rgba(0.0, 165.0, "
 "0, 0.15); border-radius: 3px;' title='1.0'>_||>     "
 "<||_html:</span>_||><||_html:<span style='background-color: rgba(0.0, 165.0, "
 "0, 0.15); border-radius: 3px;' title='1.0'>_||> "
 '"<||_html:</span>_||><||_html:<span style=\'background-color: rgba(0.0, '
 "165.0, 0, 0.15); border-radius: 3px;' "
 "title='1.0'>_||>breaking<||_html:</span>_||><||_html:<span "
 "style='background-color: rgba(0.0, 165.0, 0, 0.15); border-radius: 3px;' "
 'title=\'1.0\'>_||>":<||_html:</span>_||><||_html:<span '
 "style='background-color: rgba(0.0, 165.0, 0, 0.15); border-radius: 3px;' "
 'title=\'1.0\'>_||> "<||_html:</span>_||><||_html:<span '
 "style='background-color: rgba(0.0, 165.0, 0, 0.15); border-radius: 3px;' "
 "title='1.0'>_||>false<||_html:</span>_||><||_html:<span "
 "style='background-color: rgba(0.0, 165.0, 0, 0.15); border-radius: 3px;' "
 'title=\'1.0\'>_||>",<||_html:</span>_||><||_html:<span '
 "style='background-color: rgba(0.0, 165.0, 0, 0.15); border-radius: 3px;' "
 "title='1.0'>_||>\n"
 "<||_html:</span>_||><||_html:<span style='background-color: rgba(0.0, 165.0, "
 "0, 0.15); border-radius: 3px;' title='1.0'>_||>     "
 "<||_html:</span>_||><||_html:<span style='background-color: rgba(0.0, 165.0, "
 "0, 0.15); border-radius: 3px;' title='1.0'>_||> "
 '"<||_html:</span>_||><||_html:<span style=\'background-color: rgba(0.0, '
 "165.0, 0, 0.15); border-radius: 3px;' "
 "title='1.0'>_||>release<||_html:</span>_||><||_html:<span "
 "style='background-color: rgba(0.0, 165.0, 0, 0.15); border-radius: 3px;' "
 "title='1.0'>_||>_<||_html:</span>_||><||_html:<span style='background-color: "
 "rgba(0.0, 165.0, 0, 0.15); border-radius: 3px;' "
 "title='1.0'>_||>note<||_html:</span>_||><||_html:<span "
 "style='background-color: rgba(0.0, 165.0, 0, 0.15); border-radius: 3px;' "
 'title=\'1.0\'>_||>":<||_html:</span>_||><||_html:<span '
 "style='background-color: rgba(0.0, 165.0, 0, 0.15); border-radius: 3px;' "
 'title=\'1.0\'>_||> "<||_html:</span>_||><||_html:<span '
 "style='background-color: rgba(0.0, 165.0, 0, 0.15); border-radius: 3px;' "
 "title='1.0'>_||>The<||_html:</span>_||><||_html:<span "
 "style='background-color: rgba(0.0, 165.0, 0, 0.15); border-radius: 3px;' "
 "title='1.0'>_||> '<||_html:</span>_||><||_html:<span "
 "style='background-color: rgba(0.0, 165.0, 0, 0.15); border-radius: 3px;' "
 "title='1.0'>_||>get<||_html:</span>_||><||_html:<span "
 "style='background-color: rgba(0.0, 165.0, 0, 0.15); border-radius: 3px;' "
 "title='1.0'>_||>Product<||_html:</span>_||><||_html:<span "
 "style='background-color: rgba(0.0, 165.0, 0, 0.15); border-radius: 3px;' "
 "title='1.0'>_||>'<||_html:</span>_||><||_html:<span style='background-color: "
 "rgba(0.0, 165.0, 0, 0.15); border-radius: 3px;' title='1.0'>_||> "
 "query<||_html:</span>_||><||_html:<span style='background-color: rgba(0.0, "
 "165.0, 0, 0.15); border-radius: 3px;' title='1.0'>_||> "
 "now<||_html:</span>_||><||_html:<span style='background-color: rgba(0.0, "
 "165.0, 0, 0.15); border-radius: 3px;' title='1.0'>_||> "
 "includes<||_html:</span>_||><||_html:<span style='background-color: "
 "rgba(0.0, 165.0, 0, 0.15); border-radius: 3px;' title='1.0'>_||> "
 "a<||_html:</span>_||><||_html:<span style='background-color: rgba(0.0, "
 "165.0, 0, 0.15); border-radius: 3px;' title='1.0'>_||> "
 "new<||_html:</span>_||><||_html:<span style='background-color: rgba(0.0, "
 "165.0, 0, 0.15); border-radius: 3px;' title='1.0'>_||> "
 "field<||_html:</span>_||><||_html:<span style='background-color: rgba(0.0, "
 "165.0, 0, 0.15); border-radius: 3px;' title='1.0'>_||> "
 "'<||_html:</span>_||><||_html:<span style='background-color: rgba(0.0, "
 "165.0, 0, 0.15); border-radius: 3px;' "
 "title='1.0'>_||>details<||_html:</span>_||><||_html:<span "
 "style='background-color: rgba(0.0, 165.0, 0, 0.15); border-radius: 3px;' "
 "title='1.0'>_||>'<||_html:</span>_||><||_html:<span style='background-color: "
 "rgba(0.0, 165.0, 0, 0.15); border-radius: 3px;' title='1.0'>_||> "
 "of<||_html:</span>_||><||_html:<span style='background-color: rgba(0.0, "
 "165.0, 0, 0.15); border-radius: 3px;' title='1.0'>_||> "
 "type<||_html:</span>_||><||_html:<span style='background-color: rgba(0.0, "
 "165.0, 0, 0.15); border-radius: 3px;' title='1.0'>_||> "
 "String<||_html:</span>_||><||_html:<span style='background-color: rgba(0.0, "
 "165.0, 0, 0.15); border-radius: 3px;' "
 'title=\'1.0\'>_||>."<||_html:</span>_||><||_html:<span '
 "style='background-color: rgba(0.0, 165.0, 0, 0.15); border-radius: 3px;' "
 "title='1.0'>_||>\n"
 "<||_html:</span>_||><||_html:<span style='background-color: rgba(0.0, 165.0, "
 "0, 0.15); border-radius: 3px;' title='1.0'>_||>   "
 "<||_html:</span>_||><||_html:<span style='background-color: rgba(0.0, 165.0, "
 "0, 0.15); border-radius: 3px;' title='1.0'>_||> "
 "},<||_html:</span>_||><||_html:<span style='background-color: rgba(0.0, "
 "165.0, 0, 0.15); border-radius: 3px;' title='1.0'>_||>\n"
 "<||_html:</span>_||><||_html:<span style='background-color: rgba(0.0, 165.0, "
 "0, 0.15); border-radius: 3px;' title='1.0'>_||>   "
 "<||_html:</span>_||><||_html:<span style='background-color: rgba(0.0, 165.0, "
 "0, 0.15); border-radius: 3px;' title='1.0'>_||> "
 "{<||_html:</span>_||><||_html:<span style='background-color: rgba(0.0, "
 "165.0, 0, 0.15); border-radius: 3px;' title='1.0'>_||>\n"
 "<||_html:</span>_||><||_html:<span style='background-color: rgba(0.0, 165.0, "
 "0, 0.15); border-radius: 3px;' title='1.0'>_||>     "
 "<||_html:</span>_||><||_html:<span style='background-color: rgba(0.0, 165.0, "
 "0, 0.15); border-radius: 3px;' title='1.0'>_||> "
 '"<||_html:</span>_||><||_html:<span style=\'background-color: rgba(0.0, '
 "165.0, 0, 0.15); border-radius: 3px;' "
 "title='1.0'>_||>type<||_html:</span>_||><||_html:<span "
 "style='background-color: rgba(0.0, 165.0, 0, 0.15); border-radius: 3px;' "
 'title=\'1.0\'>_||>":<||_html:</span>_||><||_html:<span '
 "style='background-color: rgba(0.0, 165.0, 0, 0.15); border-radius: 3px;' "
 'title=\'1.0\'>_||> "<||_html:</span>_||><||_html:<span '
 "style='background-color: rgba(0.0, 165.0, 0, 0.15); border-radius: 3px;' "
 "title='1.0'>_||>Product<||_html:</span>_||><||_html:<span "
 "style='background-color: rgba(0.0, 165.0, 0, 0.15); border-radius: 3px;' "
 'title=\'1.0\'>_||>",<||_html:</span>_||><||_html:<span '
 "style='background-color: rgba(0.0, 165.0, 0, 0.15); border-radius: 3px;' "
 "title='1.0'>_||>\n"
 "<||_html:</span>_||><||_html:<span style='background-color: rgba(0.0, 165.0, "
 "0, 0.15); border-radius: 3px;' title='1.0'>_||>     "
 "<||_html:</span>_||><||_html:<span style='background-color: rgba(0.0, 165.0, "
 "0, 0.15); border-radius: 3px;' title='1.0'>_||> "
 '"<||_html:</span>_||><||_html:<span style=\'background-color: rgba(0.0, '
 "165.0, 0, 0.15); border-radius: 3px;' "
 "title='1.0'>_||>field<||_html:</span>_||><||_html:<span "
 "style='background-color: rgba(0.0, 165.0, 0, 0.15); border-radius: 3px;' "
 'title=\'1.0\'>_||>":<||_html:</span>_||><||_html:<span '
 "style='background-color: rgba(0.0, 165.0, 0, 0.15); border-radius: 3px;' "
 'title=\'1.0\'>_||> "<||_html:</span>_||><||_html:<span '
 "style='background-color: rgba(0.0, 165.0, 0, 0.15); border-radius: 3px;' "
 "title='1.0'>_||>description<||_html:</span>_||><||_html:<span "
 "style='background-color: rgba(0.0, 165.0, 0, 0.15); border-radius: 3px;' "
 'title=\'1.0\'>_||>",<||_html:</span>_||><||_html:<span '
 "style='background-color: rgba(0.0, 165.0, 0, 0.15); border-radius: 3px;' "
 "title='1.0'>_||>\n"
 "<||_html:</span>_||><||_html:<span style='background-color: rgba(0.0, 165.0, "
 "0, 0.15); border-radius: 3px;' title='1.0'>_||>     "
 "<||_html:</span>_||><||_html:<span style='background-color: rgba(0.0, 165.0, "
 "0, 0.15); border-radius: 3px;' title='1.0'>_||> "
 '"<||_html:</span>_||><||_html:<span style=\'background-color: rgba(0.0, '
 "165.0, 0, 0.15); border-radius: 3px;' "
 "title='1.0'>_||>change<||_html:</span>_||><||_html:<span "
 "style='background-color: rgba(0.0, 165.0, 0, 0.15); border-radius: 3px;' "
 'title=\'1.0\'>_||>":<||_html:</span>_||><||_html:<span '
 "style='background-color: rgba(0.0, 165.0, 0, 0.15); border-radius: 3px;' "
 'title=\'1.0\'>_||> "<||_html:</span>_||><||_html:<span '
 "style='background-color: rgba(0.0, 165.0, 0, 0.15); border-radius: 3px;' "
 "title='1.0'>_||>field<||_html:</span>_||><||_html:<span "
 "style='background-color: rgba(0.0, 165.0, 0, 0.15); border-radius: 3px;' "
 "title='1.0'>_||> removed<||_html:</span>_||><||_html:<span "
 "style='background-color: rgba(0.0, 165.0, 0, 0.15); border-radius: 3px;' "
 'title=\'1.0\'>_||>",<||_html:</span>_||><||_html:<span '
 "style='background-color: rgba(0.0, 165.0, 0, 0.15); border-radius: 3px;' "
 "title='1.0'>_||>\n"
 "<||_html:</span>_||><||_html:<span style='background-color: rgba(0.0, 165.0, "
 "0, 0.15); border-radius: 3px;' title='1.0'>_||>     "
 "<||_html:</span>_||><||_html:<span style='background-color: rgba(0.0, 165.0, "
 "0, 0.15); border-radius: 3px;' title='1.0'>_||> "
 '"<||_html:</span>_||><||_html:<span style=\'background-color: rgba(0.0, '
 "165.0, 0, 0.15); border-radius: 3px;' "
 "title='1.0'>_||>breaking<||_html:</span>_||><||_html:<span "
 "style='background-color: rgba(0.0, 165.0, 0, 0.15); border-radius: 3px;' "
 'title=\'1.0\'>_||>":<||_html:</span>_||><||_html:<span '
 "style='background-color: rgba(0.0, 165.0, 0, 0.15); border-radius: 3px;' "
 'title=\'1.0\'>_||> "<||_html:</span>_||><||_html:<span '
 "style='background-color: rgba(0.0, 165.0, 0, 0.15); border-radius: 3px;' "
 "title='1.0'>_||>true<||_html:</span>_||><||_html:<span "
 "style='background-color: rgba(0.0, 165.0, 0, 0.15); border-radius: 3px;' "
 'title=\'1.0\'>_||>",<||_html:</span>_||><||_html:<span '
 "style='background-color: rgba(0.0, 165.0, 0, 0.15); border-radius: 3px;' "
 "title='1.0'>_||>\n"
 "<||_html:</span>_||><||_html:<span style='background-color: rgba(0.0, 165.0, "
 "0, 0.15); border-radius: 3px;' title='1.0'>_||>     "
 "<||_html:</span>_||><||_html:<span style='background-color: rgba(0.0, 165.0, "
 "0, 0.15); border-radius: 3px;' title='1.0'>_||> "
 '"<||_html:</span>_||><||_html:<span style=\'background-color: rgba(0.0, '
 "165.0, 0, 0.15); border-radius: 3px;' "
 "title='1.0'>_||>release<||_html:</span>_||><||_html:<span "
 "style='background-color: rgba(0.0, 165.0, 0, 0.15); border-radius: 3px;' "
 "title='1.0'>_||>_<||_html:</span>_||><||_html:<span style='background-color: "
 "rgba(0.0, 165.0, 0, 0.15); border-radius: 3px;' "
 "title='1.0'>_||>note<||_html:</span>_||><||_html:<span "
 "style='background-color: rgba(0.0, 165.0, 0, 0.15); border-radius: 3px;' "
 'title=\'1.0\'>_||>":<||_html:</span>_||><||_html:<span '
 "style='background-color: rgba(0.0, 165.0, 0, 0.15); border-radius: 3px;' "
 'title=\'1.0\'>_||> "<||_html:</span>_||><||_html:<span '
 "style='background-color: rgba(0.0, 165.0, 0, 0.15); border-radius: 3px;' "
 "title='1.0'>_||>The<||_html:</span>_||><||_html:<span "
 "style='background-color: rgba(0.0, 165.0, 0, 0.15); border-radius: 3px;' "
 "title='1.0'>_||> '<||_html:</span>_||><||_html:<span "
 "style='background-color: rgba(0.0, 165.0, 0, 0.15); border-radius: 3px;' "
 "title='1.0'>_||>Product<||_html:</span>_||><||_html:<span "
 "style='background-color: rgba(0.0, 165.0, 0, 0.15); border-radius: 3px;' "
 "title='1.0'>_||>'<||_html:</span>_||><||_html:<span style='background-color: "
 "rgba(0.0, 165.0, 0, 0.15); border-radius: 3px;' title='1.0'>_||> "
 "type<||_html:</span>_||><||_html:<span style='background-color: rgba(0.0, "
 "165.0, 0, 0.15); border-radius: 3px;' title='1.0'>_||> "
 "no<||_html:</span>_||><||_html:<span style='background-color: rgba(0.0, "
 "165.0, 0, 0.15); border-radius: 3px;' title='1.0'>_||> "
 "longer<||_html:</span>_||><||_html:<span style='background-color: rgba(0.0, "
 "165.0, 0, 0.15); border-radius: 3px;' title='1.0'>_||> "
 "includes<||_html:</span>_||><||_html:<span style='background-color: "
 "rgba(0.0, 165.0, 0, 0.15); border-radius: 3px;' title='1.0'>_||> "
 "the<||_html:</span>_||><||_html:<span style='background-color: rgba(0.0, "
 "165.0, 0, 0.15); border-radius: 3px;' title='1.0'>_||> "
 "'<||_html:</span>_||><||_html:<span style='background-color: rgba(0.0, "
 "165.0, 0, 0.15); border-radius: 3px;' "
 "title='1.0'>_||>description<||_html:</span>_||><||_html:<span "
 "style='background-color: rgba(0.0, 165.0, 0, 0.15); border-radius: 3px;' "
 "title='1.0'>_||>'<||_html:</span>_||><||_html:<span style='background-color: "
 "rgba(0.0, 165.0, 0, 0.15); border-radius: 3px;' title='1.0'>_||> "
 "field<||_html:</span>_||><||_html:<span style='background-color: rgba(0.0, "
 "165.0, 0, 0.15); border-radius: 3px;' "
 'title=\'1.0\'>_||>."<||_html:</span>_||><||_html:<span '
 "style='background-color: rgba(0.0, 165.0, 0, 0.15); border-radius: 3px;' "
 "title='1.0'>_||>\n"
 "<||_html:</span>_||><||_html:<span style='background-color: rgba(0.0, 165.0, "
 "0, 0.15); border-radius: 3px;' title='1.0'>_||>   "
 "<||_html:</span>_||><||_html:<span style='background-color: rgba(0.0, 165.0, "
 "0, 0.15); border-radius: 3px;' title='1.0'>_||> "
 "},<||_html:</span>_||><||_html:<span style='background-color: rgba(0.0, "
 "165.0, 0, 0.15); border-radius: 3px;' title='1.0'>_||>\n"
 "<||_html:</span>_||><||_html:<span style='background-color: rgba(0.0, 165.0, "
 "0, 0.15); border-radius: 3px;' title='1.0'>_||>   "
 "<||_html:</span>_||><||_html:<span style='background-color: rgba(0.0, 165.0, "
 "0, 0.15); border-radius: 3px;' title='1.0'>_||> "
 "{<||_html:</span>_||><||_html:<span style='background-color: rgba(0.0, "
 "165.0, 0, 0.15); border-radius: 3px;' title='1.0'>_||>\n"
 "<||_html:</span>_||><||_html:<span style='background-color: rgba(0.0, 165.0, "
 "0, 0.15); border-radius: 3px;' title='1.0'>_||>     "
 "<||_html:</span>_||><||_html:<span style='background-color: rgba(0.0, 165.0, "
 "0, 0.15); border-radius: 3px;' title='1.0'>_||> "
 '"<||_html:</span>_||><||_html:<span style=\'background-color: rgba(0.0, '
 "165.0, 0, 0.15); border-radius: 3px;' "
 "title='1.0'>_||>type<||_html:</span>_||><||_html:<span "
 "style='background-color: rgba(0.0, 165.0, 0, 0.15); border-radius: 3px;' "
 'title=\'1.0\'>_||>":<||_html:</span>_||><||_html:<span '
 "style='background-color: rgba(0.0, 165.0, 0, 0.15); border-radius: 3px;' "
 'title=\'1.0\'>_||> "<||_html:</span>_||><||_html:<span '
 "style='background-color: rgba(0.0, 165.0, 0, 0.15); border-radius: 3px;' "
 "title='1.0'>_||>Product<||_html:</span>_||><||_html:<span "
 "style='background-color: rgba(0.0, 165.0, 0, 0.15); border-radius: 3px;' "
 'title=\'1.0\'>_||>",<||_html:</span>_||><||_html:<span '
 "style='background-color: rgba(0.0, 165.0, 0, 0.15); border-radius: 3px;' "
 "title='1.0'>_||>\n"
 "<||_html:</span>_||><||_html:<span style='background-color: rgba(0.0, 165.0, "
 "0, 0.15); border-radius: 3px;' title='1.0'>_||>     "
 "<||_html:</span>_||><||_html:<span style='background-color: rgba(0.0, 165.0, "
 "0, 0.15); border-radius: 3px;' title='1.0'>_||> "
 '"<||_html:</span>_||><||_html:<span style=\'background-color: rgba(0.0, '
 "165.0, 0, 0.15); border-radius: 3px;' "
 "title='1.0'>_||>field<||_html:</span>_||><||_html:<span "
 "style='background-color: rgba(0.0, 165.0, 0, 0.15); border-radius: 3px;' "
 'title=\'1.0\'>_||>":<||_html:</span>_||><||_html:<span '
 "style='background-color: rgba(0.0, 165.0, 0, 0.15); border-radius: 3px;' "
 'title=\'1.0\'>_||> "<||_html:</span>_||><||_html:<span '
 "style='background-color: rgba(0.0, 165.0, 0, 0.15); border-radius: 3px;' "
 "title='1.0'>_||>stock<||_html:</span>_||><||_html:<span "
 "style='background-color: rgba(0.0, 165.0, 0, 0.15); border-radius: 3px;' "
 'title=\'1.0\'>_||>",<||_html:</span>_||><||_html:<span '
 "style='background-color: rgba(0.0, 165.0, 0, 0.15); border-radius: 3px;' "
 "title='1.0'>_||>\n"
 "<||_html:</span>_||><||_html:<span style='background-color: rgba(0.0, 165.0, "
 "0, 0.15); border-radius: 3px;' title='1.0'>_||>     "
 "<||_html:</span>_||><||_html:<span style='background-color: rgba(0.0, 165.0, "
 "0, 0.15); border-radius: 3px;' title='1.0'>_||> "
 '"<||_html:</span>_||><||_html:<span style=\'background-color: rgba(0.0, '
 "165.0, 0, 0.15); border-radius: 3px;' "
 "title='1.0'>_||>change<||_html:</span>_||><||_html:<span "
 "style='background-color: rgba(0.0, 165.0, 0, 0.15); border-radius: 3px;' "
 'title=\'1.0\'>_||>":<||_html:</span>_||><||_html:<span '
 "style='background-color: rgba(0.0, 165.0, 0, 0.15); border-radius: 3px;' "
 'title=\'1.0\'>_||> "<||_html:</span>_||><||_html:<span '
 "style='background-color: rgba(0.0, 165.0, 0, 0.15); border-radius: 3px;' "
 "title='1.0'>_||>field<||_html:</span>_||><||_html:<span "
 "style='background-color: rgba(0.0, 165.0, 0, 0.15); border-radius: 3px;' "
 "title='1.0'>_||> removed<||_html:</span>_||><||_html:<span "
 "style='background-color: rgba(0.0, 165.0, 0, 0.15); border-radius: 3px;' "
 'title=\'1.0\'>_||>",<||_html:</span>_||><||_html:<span '
 "style='background-color: rgba(0.0, 165.0, 0, 0.15); border-radius: 3px;' "
 "title='1.0'>_||>\n"
 "<||_html:</span>_||><||_html:<span style='background-color: rgba(0.0, 165.0, "
 "0, 0.15); border-radius: 3px;' title='1.0'>_||>     "
 "<||_html:</span>_||><||_html:<span style='background-color: rgba(0.0, 165.0, "
 "0, 0.15); border-radius: 3px;' title='1.0'>_||> "
 '"<||_html:</span>_||><||_html:<span style=\'background-color: rgba(0.0, '
 "165.0, 0, 0.15); border-radius: 3px;' "
 "title='1.0'>_||>breaking<||_html:</span>_||><||_html:<span "
 "style='background-color: rgba(0.0, 165.0, 0, 0.15); border-radius: 3px;' "
 'title=\'1.0\'>_||>":<||_html:</span>_||><||_html:<span '
 "style='background-color: rgba(0.0, 165.0, 0, 0.15); border-radius: 3px;' "
 'title=\'1.0\'>_||> "<||_html:</span>_||><||_html:<span '
 "style='background-color: rgba(0.0, 165.0, 0, 0.15); border-radius: 3px;' "
 "title='1.0'>_||>true<||_html:</span>_||><||_html:<span "
 "style='background-color: rgba(0.0, 165.0, 0, 0.15); border-radius: 3px;' "
 'title=\'1.0\'>_||>",<||_html:</span>_||><||_html:<span '
 "style='background-color: rgba(0.0, 165.0, 0, 0.15); border-radius: 3px;' "
 "title='1.0'>_||>\n"
 "<||_html:</span>_||><||_html:<span style='background-color: rgba(0.0, 165.0, "
 "0, 0.15); border-radius: 3px;' title='1.0'>_||>     "
 "<||_html:</span>_||><||_html:<span style='background-color: rgba(0.0, 165.0, "
 "0, 0.15); border-radius: 3px;' title='1.0'>_||> "
 '"<||_html:</span>_||><||_html:<span style=\'background-color: rgba(0.0, '
 "165.0, 0, 0.15); border-radius: 3px;' "
 "title='1.0'>_||>release<||_html:</span>_||><||_html:<span "
 "style='background-color: rgba(0.0, 165.0, 0, 0.15); border-radius: 3px;' "
 "title='1.0'>_||>_<||_html:</span>_||><||_html:<span style='background-color: "
 "rgba(0.0, 165.0, 0, 0.15); border-radius: 3px;' "
 "title='1.0'>_||>note<||_html:</span>_||><||_html:<span "
 "style='background-color: rgba(0.0, 165.0, 0, 0.15); border-radius: 3px;' "
 'title=\'1.0\'>_||>":<||_html:</span>_||><||_html:<span '
 "style='background-color: rgba(0.0, 165.0, 0, 0.15); border-radius: 3px;' "
 'title=\'1.0\'>_||> "<||_html:</span>_||><||_html:<span '
 "style='background-color: rgba(0.0, 165.0, 0, 0.15); border-radius: 3px;' "
 "title='1.0'>_||>The<||_html:</span>_||><||_html:<span "
 "style='background-color: rgba(0.0, 165.0, 0, 0.15); border-radius: 3px;' "
 "title='1.0'>_||> '<||_html:</span>_||><||_html:<span "
 "style='background-color: rgba(0.0, 165.0, 0, 0.15); border-radius: 3px;' "
 "title='1.0'>_||>Product<||_html:</span>_||><||_html:<span "
 "style='background-color: rgba(0.0, 165.0, 0, 0.15); border-radius: 3px;' "
 "title='1.0'>_||>'<||_html:</span>_||><||_html:<span style='background-color: "
 "rgba(0.0, 165.0, 0, 0.15); border-radius: 3px;' title='1.0'>_||> "
 "type<||_html:</span>_||><||_html:<span style='background-color: rgba(0.0, "
 "165.0, 0, 0.15); border-radius: 3px;' title='1.0'>_||> "
 "no<||_html:</span>_||><||_html:<span style='background-color: rgba(0.0, "
 "165.0, 0, 0.15); border-radius: 3px;' title='1.0'>_||> "
 "longer<||_html:</span>_||><||_html:<span style='background-color: rgba(0.0, "
 "165.0, 0, 0.15); border-radius: 3px;' title='1.0'>_||> "
 "includes<||_html:</span>_||><||_html:<span style='background-color: "
 "rgba(0.0, 165.0, 0, 0.15); border-radius: 3px;' title='1.0'>_||> "
 "the<||_html:</span>_||><||_html:<span style='background-color: rgba(0.0, "
 "165.0, 0, 0.15); border-radius: 3px;' title='1.0'>_||> "
 "'<||_html:</span>_||><||_html:<span style='background-color: rgba(0.0, "
 "165.0, 0, 0.15); border-radius: 3px;' "
 "title='1.0'>_||>stock<||_html:</span>_||><||_html:<span "
 "style='background-color: rgba(0.0, 165.0, 0, 0.15); border-radius: 3px;' "
 "title='1.0'>_||>'<||_html:</span>_||><||_html:<span style='background-color: "
 "rgba(0.0, 165.0, 0, 0.15); border-radius: 3px;' title='1.0'>_||> "
 "field<||_html:</span>_||><||_html:<span style='background-color: rgba(0.0, "
 "165.0, 0, 0.15); border-radius: 3px;' "
 'title=\'1.0\'>_||>."<||_html:</span>_||><||_html:<span '
 "style='background-color: rgba(0.0, 165.0, 0, 0.15); border-radius: 3px;' "
 "title='1.0'>_||>\n"
 "<||_html:</span>_||><||_html:<span style='background-color: rgba(0.0, 165.0, "
 "0, 0.15); border-radius: 3px;' title='1.0'>_||>   "
 "<||_html:</span>_||><||_html:<span style='background-color: rgba(0.0, 165.0, "
 "0, 0.15); border-radius: 3px;' title='1.0'>_||> "
 "}<||_html:</span>_||><||_html:<span style='background-color: rgba(0.0, "
 "165.0, 0, 0.15); border-radius: 3px;' title='1.0'>_||>\n"
 "<||_html:</span>_||><||_html:<span style='background-color: rgba(0.0, 165.0, "
 "0, 0.15); border-radius: 3px;' title='1.0'>_||> "
 "<||_html:</span>_||><||_html:<span style='background-color: rgba(0.0, 165.0, "
 "0, 0.15); border-radius: 3px;' title='1.0'>_||> "
 "],<||_html:</span>_||><||_html:<span style='background-color: rgba(0.0, "
 "165.0, 0, 0.15); border-radius: 3px;' title='1.0'>_||>\n"
 "<||_html:</span>_||><||_html:<span style='background-color: rgba(0.0, 165.0, "
 "0, 0.15); border-radius: 3px;' title='1.0'>_||> "
 "<||_html:</span>_||><||_html:<span style='background-color: rgba(0.0, 165.0, "
 "0, 0.15); border-radius: 3px;' title='1.0'>_||> "
 '"<||_html:</span>_||><||_html:<span style=\'background-color: rgba(0.0, '
 "165.0, 0, 0.15); border-radius: 3px;' "
 "title='1.0'>_||>release<||_html:</span>_||><||_html:<span "
 "style='background-color: rgba(0.0, 165.0, 0, 0.15); border-radius: 3px;' "
 "title='1.0'>_||>_<||_html:</span>_||><||_html:<span style='background-color: "
 "rgba(0.0, 165.0, 0, 0.15); border-radius: 3px;' "
 "title='1.0'>_||>notes<||_html:</span>_||><||_html:<span "
 "style='background-color: rgba(0.0, 165.0, 0, 0.15); border-radius: 3px;' "
 'title=\'1.0\'>_||>":<||_html:</span>_||><||_html:<span '
 "style='background-color: rgba(0.0, 165.0, 0, 0.15); border-radius: 3px;' "
 "title='1.0'>_||> {<||_html:</span>_||><||_html:<span "
 "style='background-color: rgba(0.0, 165.0, 0, 0.15); border-radius: 3px;' "
 "title='1.0'>_||>\n"
 "<||_html:</span>_||><||_html:<span style='background-color: rgba(0.0, 165.0, "
 "0, 0.15); border-radius: 3px;' title='1.0'>_||>   "
 "<||_html:</span>_||><||_html:<span style='background-color: rgba(0.0, 165.0, "
 "0, 0.15); border-radius: 3px;' title='1.0'>_||> "
 '"<||_html:</span>_||><||_html:<span style=\'background-color: rgba(0.0, '
 "165.0, 0, 0.15); border-radius: 3px;' "
 "title='1.0'>_||>summary<||_html:</span>_||><||_html:<span "
 "style='background-color: rgba(0.0, 165.0, 0, 0.15); border-radius: 3px;' "
 'title=\'1.0\'>_||>":<||_html:</span>_||><||_html:<span '
 "style='background-color: rgba(0.0, 165.0, 0, 0.15); border-radius: 3px;' "
 'title=\'1.0\'>_||> "<||_html:</span>_||><||_html:<span '
 "style='background-color: rgba(0.0, 165.0, 0, 0.15); border-radius: 3px;' "
 "title='1.0'>_||>The<||_html:</span>_||><||_html:<span "
 "style='background-color: rgba(0.0, 165.0, 0, 0.15); border-radius: 3px;' "
 "title='1.0'>_||> '<||_html:</span>_||><||_html:<span "
 "style='background-color: rgba(0.0, 165.0, 0, 0.15); border-radius: 3px;' "
 "title='1.0'>_||>get<||_html:</span>_||><||_html:<span "
 "style='background-color: rgba(0.0, 165.0, 0, 0.15); border-radius: 3px;' "
 "title='1.0'>_||>Product<||_html:</span>_||><||_html:<span "
 "style='background-color: rgba(0.0, 165.0, 0, 0.15); border-radius: 3px;' "
 "title='1.0'>_||>'<||_html:</span>_||><||_html:<span style='background-color: "
 "rgba(0.0, 165.0, 0, 0.15); border-radius: 3px;' title='1.0'>_||> "
 "query<||_html:</span>_||><||_html:<span style='background-color: rgba(0.0, "
 "165.0, 0, 0.15); border-radius: 3px;' title='1.0'>_||> "
 "now<||_html:</span>_||><||_html:<span style='background-color: rgba(0.0, "
 "165.0, 0, 0.15); border-radius: 3px;' title='1.0'>_||> "
 "includes<||_html:</span>_||><||_html:<span style='background-color: "
 "rgba(0.0, 165.0, 0, 0.15); border-radius: 3px;' title='1.0'>_||> "
 "a<||_html:</span>_||><||_html:<span style='background-color: rgba(0.0, "
 "165.0, 0, 0.15); border-radius: 3px;' title='1.0'>_||> "
 "new<||_html:</span>_||><||_html:<span style='background-color: rgba(0.0, "
 "165.0, 0, 0.15); border-radius: 3px;' title='1.0'>_||> "
 "field<||_html:</span>_||><||_html:<span style='background-color: rgba(0.0, "
 "165.0, 0, 0.15); border-radius: 3px;' title='1.0'>_||> "
 "'<||_html:</span>_||><||_html:<span style='background-color: rgba(0.0, "
 "165.0, 0, 0.15); border-radius: 3px;' "
 "title='1.0'>_||>details<||_html:</span>_||><||_html:<span "
 "style='background-color: rgba(0.0, 165.0, 0, 0.15); border-radius: 3px;' "
 "title='1.0'>_||>'<||_html:</span>_||><||_html:<span style='background-color: "
 "rgba(0.0, 165.0, 0, 0.15); border-radius: 3px;' title='1.0'>_||> "
 "of<||_html:</span>_||><||_html:<span style='background-color: rgba(0.0, "
 "165.0, 0, 0.15); border-radius: 3px;' title='1.0'>_||> "
 "type<||_html:</span>_||><||_html:<span style='background-color: rgba(0.0, "
 "165.0, 0, 0.15); border-radius: 3px;' title='1.0'>_||> "
 "String<||_html:</span>_||><||_html:<span style='background-color: rgba(0.0, "
 "165.0, 0, 0.15); border-radius: 3px;' "
 "title='1.0'>_||>.<||_html:</span>_||><||_html:<span style='background-color: "
 "rgba(0.0, 165.0, 0, 0.15); border-radius: 3px;' title='1.0'>_||> "
 "The<||_html:</span>_||><||_html:<span style='background-color: rgba(0.0, "
 "165.0, 0, 0.15); border-radius: 3px;' title='1.0'>_||> "
 "'<||_html:</span>_||><||_html:<span style='background-color: rgba(0.0, "
 "165.0, 0, 0.15); border-radius: 3px;' "
 "title='1.0'>_||>Product<||_html:</span>_||><||_html:<span "
 "style='background-color: rgba(0.0, 165.0, 0, 0.15); border-radius: 3px;' "
 "title='1.0'>_||>'<||_html:</span>_||><||_html:<span style='background-color: "
 "rgba(0.0, 165.0, 0, 0.15); border-radius: 3px;' title='1.0'>_||> "
 "type<||_html:</span>_||><||_html:<span style='background-color: rgba(0.0, "
 "165.0, 0, 0.15); border-radius: 3px;' title='1.0'>_||> "
 "no<||_html:</span>_||><||_html:<span style='background-color: rgba(0.0, "
 "165.0, 0, 0.15); border-radius: 3px;' title='1.0'>_||> "
 "longer<||_html:</span>_||><||_html:<span style='background-color: rgba(0.0, "
 "165.0, 0, 0.15); border-radius: 3px;' title='1.0'>_||> "
 "includes<||_html:</span>_||><||_html:<span style='background-color: "
 "rgba(0.0, 165.0, 0, 0.15); border-radius: 3px;' title='1.0'>_||> "
 "the<||_html:</span>_||><||_html:<span style='background-color: rgba(0.0, "
 "165.0, 0, 0.15); border-radius: 3px;' title='1.0'>_||> "
 "'<||_html:</span>_||><||_html:<span style='background-color: rgba(0.0, "
 "165.0, 0, 0.15); border-radius: 3px;' "
 "title='1.0'>_||>description<||_html:</span>_||><||_html:<span "
 "style='background-color: rgba(0.0, 165.0, 0, 0.15); border-radius: 3px;' "
 "title='1.0'>_||>'<||_html:</span>_||><||_html:<span style='background-color: "
 "rgba(0.0, 165.0, 0, 0.15); border-radius: 3px;' title='1.0'>_||> "
 "and<||_html:</span>_||><||_html:<span style='background-color: rgba(0.0, "
 "165.0, 0, 0.15); border-radius: 3px;' title='1.0'>_||> "
 "'<||_html:</span>_||><||_html:<span style='background-color: rgba(0.0, "
 "165.0, 0, 0.15); border-radius: 3px;' "
 "title='1.0'>_||>stock<||_html:</span>_||><||_html:<span "
 "style='background-color: rgba(0.0, 165.0, 0, 0.15); border-radius: 3px;' "
 "title='1.0'>_||>'<||_html:</span>_||><||_html:<span style='background-color: "
 "rgba(0.0, 165.0, 0, 0.15); border-radius: 3px;' title='1.0'>_||> "
 "fields<||_html:</span>_||><||_html:<span style='background-color: rgba(0.0, "
 "165.0, 0, 0.15); border-radius: 3px;' "
 'title=\'1.0\'>_||>."<||_html:</span>_||><||_html:<span '
 "style='background-color: rgba(0.0, 165.0, 0, 0.15); border-radius: 3px;' "
 "title='1.0'>_||>\n"
 "<||_html:</span>_||><||_html:<span style='background-color: rgba(0.0, 165.0, "
 "0, 0.15); border-radius: 3px;' title='1.0'>_||> "
 "<||_html:</span>_||><||_html:<span style='background-color: rgba(0.0, 165.0, "
 "0, 0.15); border-radius: 3px;' title='1.0'>_||> "
 "}<||_html:</span>_||><||_html:<span style='background-color: rgba(0.0, "
 "165.0, 0, 0.15); border-radius: 3px;' title='1.0'>_||>\n"
 "<||_html:</span>_||><||_html:<span style='background-color: rgba(0.0, 165.0, "
 "0, 0.15); border-radius: 3px;' "
 'title=\'1.0\'>_||>}<||_html:</span>_||>{"changes":<||_html:<span '
 "style='background-color: rgba(0.0, 165.0, 0, 0.15); border-radius: 3px;' "
 "title='1.0'>_||>[<||_html:</span>_||><||_html:<span style='background-color: "
 "rgba(0.0, 165.0, 0, 0.15); border-radius: 3px;' "
 'title=\'1.0\'>_||>{"<||_html:</span>_||>type<||_html:<span '
 "style='background-color: rgba(0.0, 165.0, 0, 0.15); border-radius: 3px;' "
 'title=\'1.0\'>_||>":"<||_html:</span>_||><||_html:<span '
 "style='background-color: rgba(0.0, 165.0, 0, 0.15); border-radius: 3px;' "
 "title='1.0'>_||>Query<||_html:</span>_||><||_html:<span "
 "style='background-color: rgba(0.0, 165.0, 0, 0.15); border-radius: 3px;' "
 'title=\'1.0\'>_||>","<||_html:</span>_||>field<||_html:<span '
 "style='background-color: rgba(0.0, 165.0, 0, 0.15); border-radius: 3px;' "
 'title=\'1.0\'>_||>":"<||_html:</span>_||><||_html:<span '
 "style='background-color: rgba(0.0, 165.0, 0, 0.15); border-radius: 3px;' "
 "title='1.0'>_||>get<||_html:</span>_||><||_html:<span "
 "style='background-color: rgba(0.0, 165.0, 0, 0.15); border-radius: 3px;' "
 "title='1.0'>_||>Product<||_html:</span>_||><||_html:<span "
 "style='background-color: rgba(0.0, 165.0, 0, 0.15); border-radius: 3px;' "
 'title=\'1.0\'>_||>","<||_html:</span>_||>change<||_html:<span '
 "style='background-color: rgba(0.0, 165.0, 0, 0.15); border-radius: 3px;' "
 'title=\'1.0\'>_||>":"<||_html:</span>_||><||_html:<span '
 "style='background-color: rgba(0.0, 165.0, 0, 0.15); border-radius: 3px;' "
 "title='1.0'>_||>field<||_html:</span>_||><||_html:<span "
 "style='background-color: rgba(0.0, 165.0, 0, 0.15); border-radius: 3px;' "
 "title='1.0'>_||> details<||_html:</span>_||><||_html:<span "
 "style='background-color: rgba(0.0, 165.0, 0, 0.15); border-radius: 3px;' "
 "title='1.0'>_||> added<||_html:</span>_||><||_html:<span "
 "style='background-color: rgba(0.0, 165.0, 0, 0.15); border-radius: 3px;' "
 'title=\'1.0\'>_||>","<||_html:</span>_||>breaking<||_html:<span '
 "style='background-color: rgba(0.0, 165.0, 0, 0.15); border-radius: 3px;' "
 'title=\'1.0\'>_||>":<||_html:</span>_||><||_html:<span '
 "style='background-color: rgba(0.0, 165.0, 0, 0.15); border-radius: 3px;' "
 'title=\'1.0\'>_||>false<||_html:</span>_||>,"release_note<||_html:<span '
 "style='background-color: rgba(0.0, 165.0, 0, 0.15); border-radius: 3px;' "
 'title=\'1.0\'>_||>":"<||_html:</span>_||><||_html:<span '
 "style='background-color: rgba(0.0, 165.0, 0, 0.15); border-radius: 3px;' "
 "title='1.0'>_||>The<||_html:</span>_||><||_html:<span "
 "style='background-color: rgba(0.0, 165.0, 0, 0.15); border-radius: 3px;' "
 "title='1.0'>_||> '<||_html:</span>_||><||_html:<span "
 "style='background-color: rgba(0.0, 165.0, 0, 0.15); border-radius: 3px;' "
 "title='1.0'>_||>get<||_html:</span>_||><||_html:<span "
 "style='background-color: rgba(0.0, 165.0, 0, 0.15); border-radius: 3px;' "
 "title='1.0'>_||>Product<||_html:</span>_||><||_html:<span "
 "style='background-color: rgba(0.0, 165.0, 0, 0.15); border-radius: 3px;' "
 "title='1.0'>_||>'<||_html:</span>_||><||_html:<span style='background-color: "
 "rgba(0.0, 165.0, 0, 0.15); border-radius: 3px;' title='1.0'>_||> "
 "query<||_html:</span>_||><||_html:<span style='background-color: rgba(0.0, "
 "165.0, 0, 0.15); border-radius: 3px;' title='1.0'>_||> "
 "now<||_html:</span>_||><||_html:<span style='background-color: rgba(0.0, "
 "165.0, 0, 0.15); border-radius: 3px;' title='1.0'>_||> "
 "includes<||_html:</span>_||><||_html:<span style='background-color: "
 "rgba(0.0, 165.0, 0, 0.15); border-radius: 3px;' title='1.0'>_||> "
 "a<||_html:</span>_||><||_html:<span style='background-color: rgba(0.0, "
 "165.0, 0, 0.15); border-radius: 3px;' title='1.0'>_||> "
 "new<||_html:</span>_||><||_html:<span style='background-color: rgba(0.0, "
 "165.0, 0, 0.15); border-radius: 3px;' title='1.0'>_||> "
 "field<||_html:</span>_||><||_html:<span style='background-color: rgba(0.0, "
 "165.0, 0, 0.15); border-radius: 3px;' title='1.0'>_||> "
 "'<||_html:</span>_||><||_html:<span style='background-color: rgba(0.0, "
 "165.0, 0, 0.15); border-radius: 3px;' "
 "title='1.0'>_||>details<||_html:</span>_||><||_html:<span "
 "style='background-color: rgba(0.0, 165.0, 0, 0.15); border-radius: 3px;' "
 "title='1.0'>_||>'<||_html:</span>_||><||_html:<span style='background-color: "
 "rgba(0.0, 165.0, 0, 0.15); border-radius: 3px;' title='1.0'>_||> "
 "of<||_html:</span>_||><||_html:<span style='background-color: rgba(0.0, "
 "165.0, 0, 0.15); border-radius: 3px;' title='1.0'>_||> "
 "type<||_html:</span>_||><||_html:<span style='background-color: rgba(0.0, "
 "165.0, 0, 0.15); border-radius: 3px;' title='1.0'>_||> "
 "String<||_html:</span>_||><||_html:<span style='background-color: rgba(0.0, "
 "165.0, 0, 0.15); border-radius: 3px;' "
 'title=\'1.0\'>_||>."<||_html:</span>_||><||_html:<span '
 "style='background-color: rgba(0.0, 165.0, 0, 0.15); border-radius: 3px;' "
 'title=\'1.0\'>_||>},<||_html:</span>_||>{"type<||_html:<span '
 "style='background-color: rgba(0.0, 165.0, 0, 0.15); border-radius: 3px;' "
 'title=\'1.0\'>_||>":"<||_html:</span>_||><||_html:<span '
 "style='background-color: rgba(0.0, 165.0, 0, 0.15); border-radius: 3px;' "
 "title='1.0'>_||>Product<||_html:</span>_||><||_html:<span "
 "style='background-color: rgba(0.0, 165.0, 0, 0.15); border-radius: 3px;' "
 'title=\'1.0\'>_||>","<||_html:</span>_||>field<||_html:<span '
 "style='background-color: rgba(0.0, 165.0, 0, 0.15); border-radius: 3px;' "
 'title=\'1.0\'>_||>":"<||_html:</span>_||><||_html:<span '
 "style='background-color: rgba(0.0, 165.0, 0, 0.15); border-radius: 3px;' "
 "title='1.0'>_||>description<||_html:</span>_||><||_html:<span "
 "style='background-color: rgba(0.0, 165.0, 0, 0.15); border-radius: 3px;' "
 'title=\'1.0\'>_||>","<||_html:</span>_||>change<||_html:<span '
 "style='background-color: rgba(0.0, 165.0, 0, 0.15); border-radius: 3px;' "
 'title=\'1.0\'>_||>":"<||_html:</span>_||><||_html:<span '
 "style='background-color: rgba(0.0, 165.0, 0, 0.15); border-radius: 3px;' "
 "title='1.0'>_||>field<||_html:</span>_||><||_html:<span "
 "style='background-color: rgba(0.0, 165.0, 0, 0.15); border-radius: 3px;' "
 "title='1.0'>_||> removed<||_html:</span>_||><||_html:<span "
 "style='background-color: rgba(0.0, 165.0, 0, 0.15); border-radius: 3px;' "
 'title=\'1.0\'>_||>","<||_html:</span>_||>breaking<||_html:<span '
 "style='background-color: rgba(0.0, 165.0, 0, 0.15); border-radius: 3px;' "
 'title=\'1.0\'>_||>":<||_html:</span>_||><||_html:<span '
 "style='background-color: rgba(0.0, 165.0, 0, 0.15); border-radius: 3px;' "
 'title=\'1.0\'>_||>true<||_html:</span>_||>,"release_note<||_html:<span '
 "style='background-color: rgba(0.0, 165.0, 0, 0.15); border-radius: 3px;' "
 'title=\'1.0\'>_||>":"<||_html:</span>_||><||_html:<span '
 "style='background-color: rgba(0.0, 165.0, 0, 0.15); border-radius: 3px;' "
 "title='1.0'>_||>The<||_html:</span>_||><||_html:<span "
 "style='background-color: rgba(0.0, 165.0, 0, 0.15); border-radius: 3px;' "
 "title='1.0'>_||> '<||_html:</span>_||><||_html:<span "
 "style='background-color: rgba(0.0, 165.0, 0, 0.15); border-radius: 3px;' "
 "title='1.0'>_||>Product<||_html:</span>_||><||_html:<span "
 "style='background-color: rgba(0.0, 165.0, 0, 0.15); border-radius: 3px;' "
 "title='1.0'>_||>'<||_html:</span>_||><||_html:<span style='background-color: "
 "rgba(0.0, 165.0, 0, 0.15); border-radius: 3px;' title='1.0'>_||> "
 "type<||_html:</span>_||><||_html:<span style='background-color: rgba(0.0, "
 "165.0, 0, 0.15); border-radius: 3px;' title='1.0'>_||> "
 "no<||_html:</span>_||><||_html:<span style='background-color: rgba(0.0, "
 "165.0, 0, 0.15); border-radius: 3px;' title='1.0'>_||> "
 "longer<||_html:</span>_||><||_html:<span style='background-color: rgba(0.0, "
 "165.0, 0, 0.15); border-radius: 3px;' title='1.0'>_||> "
 "includes<||_html:</span>_||><||_html:<span style='background-color: "
 "rgba(0.0, 165.0, 0, 0.15); border-radius: 3px;' title='1.0'>_||> "
 "the<||_html:</span>_||><||_html:<span style='background-color: rgba(0.0, "
 "165.0, 0, 0.15); border-radius: 3px;' title='1.0'>_||> "
 "'<||_html:</span>_||><||_html:<span style='background-color: rgba(0.0, "
 "165.0, 0, 0.15); border-radius: 3px;' "
 "title='1.0'>_||>description<||_html:</span>_||><||_html:<span "
 "style='background-color: rgba(0.0, 165.0, 0, 0.15); border-radius: 3px;' "
 "title='1.0'>_||>'<||_html:</span>_||><||_html:<span style='background-color: "
 "rgba(0.0, 165.0, 0, 0.15); border-radius: 3px;' title='1.0'>_||> "
 "field<||_html:</span>_||><||_html:<span style='background-color: rgba(0.0, "
 "165.0, 0, 0.15); border-radius: 3px;' "
 'title=\'1.0\'>_||>."<||_html:</span>_||><||_html:<span '
 "style='background-color: rgba(0.0, 165.0, 0, 0.15); border-radius: 3px;' "
 'title=\'1.0\'>_||>},<||_html:</span>_||>{"type<||_html:<span '
 "style='background-color: rgba(0.0, 165.0, 0, 0.15); border-radius: 3px;' "
 'title=\'1.0\'>_||>":"<||_html:</span>_||><||_html:<span '
 "style='background-color: rgba(0.0, 165.0, 0, 0.15); border-radius: 3px;' "
 "title='1.0'>_||>Product<||_html:</span>_||><||_html:<span "
 "style='background-color: rgba(0.0, 165.0, 0, 0.15); border-radius: 3px;' "
 'title=\'1.0\'>_||>","<||_html:</span>_||>field<||_html:<span '
 "style='background-color: rgba(0.0, 165.0, 0, 0.15); border-radius: 3px;' "
 'title=\'1.0\'>_||>":"<||_html:</span>_||><||_html:<span '
 "style='background-color: rgba(0.0, 165.0, 0, 0.15); border-radius: 3px;' "
 "title='1.0'>_||>stock<||_html:</span>_||><||_html:<span "
 "style='background-color: rgba(0.0, 165.0, 0, 0.15); border-radius: 3px;' "
 'title=\'1.0\'>_||>","<||_html:</span>_||>change<||_html:<span '
 "style='background-color: rgba(0.0, 165.0, 0, 0.15); border-radius: 3px;' "
 'title=\'1.0\'>_||>":"<||_html:</span>_||><||_html:<span '
 "style='background-color: rgba(0.0, 165.0, 0, 0.15); border-radius: 3px;' "
 "title='1.0'>_||>field<||_html:</span>_||><||_html:<span "
 "style='background-color: rgba(0.0, 165.0, 0, 0.15); border-radius: 3px;' "
 "title='1.0'>_||> removed<||_html:</span>_||><||_html:<span "
 "style='background-color: rgba(0.0, 165.0, 0, 0.15); border-radius: 3px;' "
 'title=\'1.0\'>_||>","<||_html:</span>_||>breaking<||_html:<span '
 "style='background-color: rgba(0.0, 165.0, 0, 0.15); border-radius: 3px;' "
 'title=\'1.0\'>_||>":<||_html:</span>_||><||_html:<span '
 "style='background-color: rgba(0.0, 165.0, 0, 0.15); border-radius: 3px;' "
 'title=\'1.0\'>_||>true<||_html:</span>_||>,"release_note<||_html:<span '
 "style='background-color: rgba(0.0, 165.0, 0, 0.15); border-radius: 3px;' "
 'title=\'1.0\'>_||>":"<||_html:</span>_||><||_html:<span '
 "style='background-color: rgba(0.0, 165.0, 0, 0.15); border-radius: 3px;' "
 "title='1.0'>_||>The<||_html:</span>_||><||_html:<span "
 "style='background-color: rgba(0.0, 165.0, 0, 0.15); border-radius: 3px;' "
 "title='1.0'>_||> '<||_html:</span>_||><||_html:<span "
 "style='background-color: rgba(0.0, 165.0, 0, 0.15); border-radius: 3px;' "
 "title='1.0'>_||>Product<||_html:</span>_||><||_html:<span "
 "style='background-color: rgba(0.0, 165.0, 0, 0.15); border-radius: 3px;' "
 "title='1.0'>_||>'<||_html:</span>_||><||_html:<span style='background-color: "
 "rgba(0.0, 165.0, 0, 0.15); border-radius: 3px;' title='1.0'>_||> "
 "type<||_html:</span>_||><||_html:<span style='background-color: rgba(0.0, "
 "165.0, 0, 0.15); border-radius: 3px;' title='1.0'>_||> "
 "no<||_html:</span>_||><||_html:<span style='background-color: rgba(0.0, "
 "165.0, 0, 0.15); border-radius: 3px;' title='1.0'>_||> "
 "longer<||_html:</span>_||><||_html:<span style='background-color: rgba(0.0, "
 "165.0, 0, 0.15); border-radius: 3px;' title='1.0'>_||> "
 "includes<||_html:</span>_||><||_html:<span style='background-color: "
 "rgba(0.0, 165.0, 0, 0.15); border-radius: 3px;' title='1.0'>_||> "
 "the<||_html:</span>_||><||_html:<span style='background-color: rgba(0.0, "
 "165.0, 0, 0.15); border-radius: 3px;' title='1.0'>_||> "
 "'<||_html:</span>_||><||_html:<span style='background-color: rgba(0.0, "
 "165.0, 0, 0.15); border-radius: 3px;' "
 "title='1.0'>_||>stock<||_html:</span>_||><||_html:<span "
 "style='background-color: rgba(0.0, 165.0, 0, 0.15); border-radius: 3px;' "
 "title='1.0'>_||>'<||_html:</span>_||><||_html:<span style='background-color: "
 "rgba(0.0, 165.0, 0, 0.15); border-radius: 3px;' title='1.0'>_||> "
 "field<||_html:</span>_||><||_html:<span style='background-color: rgba(0.0, "
 "165.0, 0, 0.15); border-radius: 3px;' "
 'title=\'1.0\'>_||>."<||_html:</span>_||><||_html:<span '
 "style='background-color: rgba(0.0, 165.0, 0, 0.15); border-radius: 3px;' "
 'title=\'1.0\'>_||>}]<||_html:</span>_||>,"release_notes":{"summary<||_html:<span '
 "style='background-color: rgba(0.0, 165.0, 0, 0.15); border-radius: 3px;' "
 'title=\'1.0\'>_||>":"<||_html:</span>_||><||_html:<span '
 "style='background-color: rgba(0.0, 165.0, 0, 0.15); border-radius: 3px;' "
 "title='1.0'>_||>The<||_html:</span>_||><||_html:<span "
 "style='background-color: rgba(0.0, 165.0, 0, 0.15); border-radius: 3px;' "
 "title='1.0'>_||> '<||_html:</span>_||><||_html:<span "
 "style='background-color: rgba(0.0, 165.0, 0, 0.15); border-radius: 3px;' "
 "title='1.0'>_||>")
('Analyze the following two GraphQL schemas for changes, including both '
 'breaking and non-breaking changes.\n'
 '\n'
 '                        Provide your analysis in the following JSON format:\n'
 '                        {\n'
 '                          "changes": [\n'
 '                            {\n'
 '                              "type": "String representing the GraphQL type '
 '(e.g., Query, Mutation, Subscription)",\n'
 '                              "field": "String representing the specific '
 'field that changed",\n'
 '                              "change": "String describing the change (e.g., '
 'field renamed, new field added, field removed)",\n'
 '                              "breaking": "Boolean indicating if the change '
 'is breaking (true) or non-breaking (false)",\n'
 '                              "release_note": "String with a natural '
 'language description of the change for release notes"\n'
 '                            }\n'
 '                          ],\n'
 '                          "release_notes": {\n'
 '                              "summary": "String summarizing all changes, '
 'suitable for a mailing list or public announcement"\n'
 '                          }\n'
 '                        }\n'
 '\n'
 '                        When analyzing, consider the following types of '
 'changes:\n'
 '                        1. Removing fields or types (breaking)\n'
 '                        2. Changing field types (potentially breaking)\n'
 '                        3. Adding required fields (breaking)\n'
 '                        4. Changing the type of existing arguments '
 '(breaking)\n'
 '                        5. Adding optional fields (non-breaking)\n'
 '                        6. Adding new types (non-breaking)\n'
 '                        7. Deprecating fields (non-breaking)\n'
 '\n'
 '                        Ensure that each change is categorized correctly as '
 'breaking or non-breaking.: type Query {\n'
 '  getProduct(id: ID!): Product\n'
 '}\n'
 '\n'
 'type Product {\n'
 '  id: ID\n'
 '  name: String\n'
 '  description: String\n'
 '  price: Float\n'
 '  stock: Int\n'
 '}\n'
 ', type Query {\n'
 '  getProduct(id: ID!): Product\n'
 '}\n'
 '\n'
 'type Product {\n'
 '  id: ID\n'
 '  name: String\n'
 '  details: String\n'
 '  price: Float\n'
 '}\n'
 '\n'
 "Answer:<||_html:<span style='background-color: rgba(0.0, 165.0, 0, 0.15); "
 "border-radius: 3px;' title='1.0'>_||> {<||_html:</span>_||><||_html:<span "
 "style='background-color: rgba(0.0, 165.0, 0, 0.15); border-radius: 3px;' "
 "title='1.0'>_||>\n"
 "<||_html:</span>_||><||_html:<span style='background-color: rgba(0.0, 165.0, "
 "0, 0.15); border-radius: 3px;' title='1.0'>_||> "
 "<||_html:</span>_||><||_html:<span style='background-color: rgba(0.0, 165.0, "
 "0, 0.15); border-radius: 3px;' title='1.0'>_||> "
 '"<||_html:</span>_||><||_html:<span style=\'background-color: rgba(0.0, '
 "165.0, 0, 0.15); border-radius: 3px;' "
 "title='1.0'>_||>changes<||_html:</span>_||><||_html:<span "
 "style='background-color: rgba(0.0, 165.0, 0, 0.15); border-radius: 3px;' "
 'title=\'1.0\'>_||>":<||_html:</span>_||><||_html:<span '
 "style='background-color: rgba(0.0, 165.0, 0, 0.15); border-radius: 3px;' "
 "title='1.0'>_||> [<||_html:</span>_||><||_html:<span "
 "style='background-color: rgba(0.0, 165.0, 0, 0.15); border-radius: 3px;' "
 "title='1.0'>_||>\n"
 "<||_html:</span>_||><||_html:<span style='background-color: rgba(0.0, 165.0, "
 "0, 0.15); border-radius: 3px;' title='1.0'>_||>   "
 "<||_html:</span>_||><||_html:<span style='background-color: rgba(0.0, 165.0, "
 "0, 0.15); border-radius: 3px;' title='1.0'>_||> "
 "{<||_html:</span>_||><||_html:<span style='background-color: rgba(0.0, "
 "165.0, 0, 0.15); border-radius: 3px;' title='1.0'>_||>\n"
 "<||_html:</span>_||><||_html:<span style='background-color: rgba(0.0, 165.0, "
 "0, 0.15); border-radius: 3px;' title='1.0'>_||>     "
 "<||_html:</span>_||><||_html:<span style='background-color: rgba(0.0, 165.0, "
 "0, 0.15); border-radius: 3px;' title='1.0'>_||> "
 '"<||_html:</span>_||><||_html:<span style=\'background-color: rgba(0.0, '
 "165.0, 0, 0.15); border-radius: 3px;' "
 "title='1.0'>_||>type<||_html:</span>_||><||_html:<span "
 "style='background-color: rgba(0.0, 165.0, 0, 0.15); border-radius: 3px;' "
 'title=\'1.0\'>_||>":<||_html:</span>_||><||_html:<span '
 "style='background-color: rgba(0.0, 165.0, 0, 0.15); border-radius: 3px;' "
 'title=\'1.0\'>_||> "<||_html:</span>_||><||_html:<span '
 "style='background-color: rgba(0.0, 165.0, 0, 0.15); border-radius: 3px;' "
 "title='1.0'>_||>Query<||_html:</span>_||><||_html:<span "
 "style='background-color: rgba(0.0, 165.0, 0, 0.15); border-radius: 3px;' "
 'title=\'1.0\'>_||>",<||_html:</span>_||><||_html:<span '
 "style='background-color: rgba(0.0, 165.0, 0, 0.15); border-radius: 3px;' "
 "title='1.0'>_||>\n"
 "<||_html:</span>_||><||_html:<span style='background-color: rgba(0.0, 165.0, "
 "0, 0.15); border-radius: 3px;' title='1.0'>_||>     "
 "<||_html:</span>_||><||_html:<span style='background-color: rgba(0.0, 165.0, "
 "0, 0.15); border-radius: 3px;' title='1.0'>_||> "
 '"<||_html:</span>_||><||_html:<span style=\'background-color: rgba(0.0, '
 "165.0, 0, 0.15); border-radius: 3px;' "
 "title='1.0'>_||>field<||_html:</span>_||><||_html:<span "
 "style='background-color: rgba(0.0, 165.0, 0, 0.15); border-radius: 3px;' "
 'title=\'1.0\'>_||>":<||_html:</span>_||><||_html:<span '
 "style='background-color: rgba(0.0, 165.0, 0, 0.15); border-radius: 3px;' "
 'title=\'1.0\'>_||> "<||_html:</span>_||><||_html:<span '
 "style='background-color: rgba(0.0, 165.0, 0, 0.15); border-radius: 3px;' "
 "title='1.0'>_||>get<||_html:</span>_||><||_html:<span "
 "style='background-color: rgba(0.0, 165.0, 0, 0.15); border-radius: 3px;' "
 "title='1.0'>_||>Product<||_html:</span>_||><||_html:<span "
 "style='background-color: rgba(0.0, 165.0, 0, 0.15); border-radius: 3px;' "
 'title=\'1.0\'>_||>",<||_html:</span>_||><||_html:<span '
 "style='background-color: rgba(0.0, 165.0, 0, 0.15); border-radius: 3px;' "
 "title='1.0'>_||>\n"
 "<||_html:</span>_||><||_html:<span style='background-color: rgba(0.0, 165.0, "
 "0, 0.15); border-radius: 3px;' title='1.0'>_||>     "
 "<||_html:</span>_||><||_html:<span style='background-color: rgba(0.0, 165.0, "
 "0, 0.15); border-radius: 3px;' title='1.0'>_||> "
 '"<||_html:</span>_||><||_html:<span style=\'background-color: rgba(0.0, '
 "165.0, 0, 0.15); border-radius: 3px;' "
 "title='1.0'>_||>change<||_html:</span>_||><||_html:<span "
 "style='background-color: rgba(0.0, 165.0, 0, 0.15); border-radius: 3px;' "
 'title=\'1.0\'>_||>":<||_html:</span>_||><||_html:<span '
 "style='background-color: rgba(0.0, 165.0, 0, 0.15); border-radius: 3px;' "
 'title=\'1.0\'>_||> "<||_html:</span>_||><||_html:<span '
 "style='background-color: rgba(0.0, 165.0, 0, 0.15); border-radius: 3px;' "
 "title='1.0'>_||>field<||_html:</span>_||><||_html:<span "
 "style='background-color: rgba(0.0, 165.0, 0, 0.15); border-radius: 3px;' "
 "title='1.0'>_||> details<||_html:</span>_||><||_html:<span "
 "style='background-color: rgba(0.0, 165.0, 0, 0.15); border-radius: 3px;' "
 "title='1.0'>_||> added<||_html:</span>_||><||_html:<span "
 "style='background-color: rgba(0.0, 165.0, 0, 0.15); border-radius: 3px;' "
 'title=\'1.0\'>_||>",<||_html:</span>_||><||_html:<span '
 "style='background-color: rgba(0.0, 165.0, 0, 0.15); border-radius: 3px;' "
 "title='1.0'>_||>\n"
 "<||_html:</span>_||><||_html:<span style='background-color: rgba(0.0, 165.0, "
 "0, 0.15); border-radius: 3px;' title='1.0'>_||>     "
 "<||_html:</span>_||><||_html:<span style='background-color: rgba(0.0, 165.0, "
 "0, 0.15); border-radius: 3px;' title='1.0'>_||> "
 '"<||_html:</span>_||><||_html:<span style=\'background-color: rgba(0.0, '
 "165.0, 0, 0.15); border-radius: 3px;' "
 "title='1.0'>_||>breaking<||_html:</span>_||><||_html:<span "
 "style='background-color: rgba(0.0, 165.0, 0, 0.15); border-radius: 3px;' "
 'title=\'1.0\'>_||>":<||_html:</span>_||><||_html:<span '
 "style='background-color: rgba(0.0, 165.0, 0, 0.15); border-radius: 3px;' "
 'title=\'1.0\'>_||> "<||_html:</span>_||><||_html:<span '
 "style='background-color: rgba(0.0, 165.0, 0, 0.15); border-radius: 3px;' "
 "title='1.0'>_||>false<||_html:</span>_||><||_html:<span "
 "style='background-color: rgba(0.0, 165.0, 0, 0.15); border-radius: 3px;' "
 'title=\'1.0\'>_||>",<||_html:</span>_||><||_html:<span '
 "style='background-color: rgba(0.0, 165.0, 0, 0.15); border-radius: 3px;' "
 "title='1.0'>_||>\n"
 "<||_html:</span>_||><||_html:<span style='background-color: rgba(0.0, 165.0, "
 "0, 0.15); border-radius: 3px;' title='1.0'>_||>     "
 "<||_html:</span>_||><||_html:<span style='background-color: rgba(0.0, 165.0, "
 "0, 0.15); border-radius: 3px;' title='1.0'>_||> "
 '"<||_html:</span>_||><||_html:<span style=\'background-color: rgba(0.0, '
 "165.0, 0, 0.15); border-radius: 3px;' "
 "title='1.0'>_||>release<||_html:</span>_||><||_html:<span "
 "style='background-color: rgba(0.0, 165.0, 0, 0.15); border-radius: 3px;' "
 "title='1.0'>_||>_<||_html:</span>_||><||_html:<span style='background-color: "
 "rgba(0.0, 165.0, 0, 0.15); border-radius: 3px;' "
 "title='1.0'>_||>note<||_html:</span>_||><||_html:<span "
 "style='background-color: rgba(0.0, 165.0, 0, 0.15); border-radius: 3px;' "
 'title=\'1.0\'>_||>":<||_html:</span>_||><||_html:<span '
 "style='background-color: rgba(0.0, 165.0, 0, 0.15); border-radius: 3px;' "
 'title=\'1.0\'>_||> "<||_html:</span>_||><||_html:<span '
 "style='background-color: rgba(0.0, 165.0, 0, 0.15); border-radius: 3px;' "
 "title='1.0'>_||>The<||_html:</span>_||><||_html:<span "
 "style='background-color: rgba(0.0, 165.0, 0, 0.15); border-radius: 3px;' "
 "title='1.0'>_||> '<||_html:</span>_||><||_html:<span "
 "style='background-color: rgba(0.0, 165.0, 0, 0.15); border-radius: 3px;' "
 "title='1.0'>_||>get<||_html:</span>_||><||_html:<span "
 "style='background-color: rgba(0.0, 165.0, 0, 0.15); border-radius: 3px;' "
 "title='1.0'>_||>Product<||_html:</span>_||><||_html:<span "
 "style='background-color: rgba(0.0, 165.0, 0, 0.15); border-radius: 3px;' "
 "title='1.0'>_||>'<||_html:</span>_||><||_html:<span style='background-color: "
 "rgba(0.0, 165.0, 0, 0.15); border-radius: 3px;' title='1.0'>_||> "
 "query<||_html:</span>_||><||_html:<span style='background-color: rgba(0.0, "
 "165.0, 0, 0.15); border-radius: 3px;' title='1.0'>_||> "
 "now<||_html:</span>_||><||_html:<span style='background-color: rgba(0.0, "
 "165.0, 0, 0.15); border-radius: 3px;' title='1.0'>_||> "
 "includes<||_html:</span>_||><||_html:<span style='background-color: "
 "rgba(0.0, 165.0, 0, 0.15); border-radius: 3px;' title='1.0'>_||> "
 "a<||_html:</span>_||><||_html:<span style='background-color: rgba(0.0, "
 "165.0, 0, 0.15); border-radius: 3px;' title='1.0'>_||> "
 "new<||_html:</span>_||><||_html:<span style='background-color: rgba(0.0, "
 "165.0, 0, 0.15); border-radius: 3px;' title='1.0'>_||> "
 "field<||_html:</span>_||><||_html:<span style='background-color: rgba(0.0, "
 "165.0, 0, 0.15); border-radius: 3px;' title='1.0'>_||> "
 "'<||_html:</span>_||><||_html:<span style='background-color: rgba(0.0, "
 "165.0, 0, 0.15); border-radius: 3px;' "
 "title='1.0'>_||>details<||_html:</span>_||><||_html:<span "
 "style='background-color: rgba(0.0, 165.0, 0, 0.15); border-radius: 3px;' "
 "title='1.0'>_||>'<||_html:</span>_||><||_html:<span style='background-color: "
 "rgba(0.0, 165.0, 0, 0.15); border-radius: 3px;' title='1.0'>_||> "
 "of<||_html:</span>_||><||_html:<span style='background-color: rgba(0.0, "
 "165.0, 0, 0.15); border-radius: 3px;' title='1.0'>_||> "
 "type<||_html:</span>_||><||_html:<span style='background-color: rgba(0.0, "
 "165.0, 0, 0.15); border-radius: 3px;' title='1.0'>_||> "
 "String<||_html:</span>_||><||_html:<span style='background-color: rgba(0.0, "
 "165.0, 0, 0.15); border-radius: 3px;' "
 'title=\'1.0\'>_||>."<||_html:</span>_||><||_html:<span '
 "style='background-color: rgba(0.0, 165.0, 0, 0.15); border-radius: 3px;' "
 "title='1.0'>_||>\n"
 "<||_html:</span>_||><||_html:<span style='background-color: rgba(0.0, 165.0, "
 "0, 0.15); border-radius: 3px;' title='1.0'>_||>   "
 "<||_html:</span>_||><||_html:<span style='background-color: rgba(0.0, 165.0, "
 "0, 0.15); border-radius: 3px;' title='1.0'>_||> "
 "},<||_html:</span>_||><||_html:<span style='background-color: rgba(0.0, "
 "165.0, 0, 0.15); border-radius: 3px;' title='1.0'>_||>\n"
 "<||_html:</span>_||><||_html:<span style='background-color: rgba(0.0, 165.0, "
 "0, 0.15); border-radius: 3px;' title='1.0'>_||>   "
 "<||_html:</span>_||><||_html:<span style='background-color: rgba(0.0, 165.0, "
 "0, 0.15); border-radius: 3px;' title='1.0'>_||> "
 "{<||_html:</span>_||><||_html:<span style='background-color: rgba(0.0, "
 "165.0, 0, 0.15); border-radius: 3px;' title='1.0'>_||>\n"
 "<||_html:</span>_||><||_html:<span style='background-color: rgba(0.0, 165.0, "
 "0, 0.15); border-radius: 3px;' title='1.0'>_||>     "
 "<||_html:</span>_||><||_html:<span style='background-color: rgba(0.0, 165.0, "
 "0, 0.15); border-radius: 3px;' title='1.0'>_||> "
 '"<||_html:</span>_||><||_html:<span style=\'background-color: rgba(0.0, '
 "165.0, 0, 0.15); border-radius: 3px;' "
 "title='1.0'>_||>type<||_html:</span>_||><||_html:<span "
 "style='background-color: rgba(0.0, 165.0, 0, 0.15); border-radius: 3px;' "
 'title=\'1.0\'>_||>":<||_html:</span>_||><||_html:<span '
 "style='background-color: rgba(0.0, 165.0, 0, 0.15); border-radius: 3px;' "
 'title=\'1.0\'>_||> "<||_html:</span>_||><||_html:<span '
 "style='background-color: rgba(0.0, 165.0, 0, 0.15); border-radius: 3px;' "
 "title='1.0'>_||>Product<||_html:</span>_||><||_html:<span "
 "style='background-color: rgba(0.0, 165.0, 0, 0.15); border-radius: 3px;' "
 'title=\'1.0\'>_||>",<||_html:</span>_||><||_html:<span '
 "style='background-color: rgba(0.0, 165.0, 0, 0.15); border-radius: 3px;' "
 "title='1.0'>_||>\n"
 "<||_html:</span>_||><||_html:<span style='background-color: rgba(0.0, 165.0, "
 "0, 0.15); border-radius: 3px;' title='1.0'>_||>     "
 "<||_html:</span>_||><||_html:<span style='background-color: rgba(0.0, 165.0, "
 "0, 0.15); border-radius: 3px;' title='1.0'>_||> "
 '"<||_html:</span>_||><||_html:<span style=\'background-color: rgba(0.0, '
 "165.0, 0, 0.15); border-radius: 3px;' "
 "title='1.0'>_||>field<||_html:</span>_||><||_html:<span "
 "style='background-color: rgba(0.0, 165.0, 0, 0.15); border-radius: 3px;' "
 'title=\'1.0\'>_||>":<||_html:</span>_||><||_html:<span '
 "style='background-color: rgba(0.0, 165.0, 0, 0.15); border-radius: 3px;' "
 'title=\'1.0\'>_||> "<||_html:</span>_||><||_html:<span '
 "style='background-color: rgba(0.0, 165.0, 0, 0.15); border-radius: 3px;' "
 "title='1.0'>_||>description<||_html:</span>_||><||_html:<span "
 "style='background-color: rgba(0.0, 165.0, 0, 0.15); border-radius: 3px;' "
 'title=\'1.0\'>_||>",<||_html:</span>_||><||_html:<span '
 "style='background-color: rgba(0.0, 165.0, 0, 0.15); border-radius: 3px;' "
 "title='1.0'>_||>\n"
 "<||_html:</span>_||><||_html:<span style='background-color: rgba(0.0, 165.0, "
 "0, 0.15); border-radius: 3px;' title='1.0'>_||>     "
 "<||_html:</span>_||><||_html:<span style='background-color: rgba(0.0, 165.0, "
 "0, 0.15); border-radius: 3px;' title='1.0'>_||> "
 '"<||_html:</span>_||><||_html:<span style=\'background-color: rgba(0.0, '
 "165.0, 0, 0.15); border-radius: 3px;' "
 "title='1.0'>_||>change<||_html:</span>_||><||_html:<span "
 "style='background-color: rgba(0.0, 165.0, 0, 0.15); border-radius: 3px;' "
 'title=\'1.0\'>_||>":<||_html:</span>_||><||_html:<span '
 "style='background-color: rgba(0.0, 165.0, 0, 0.15); border-radius: 3px;' "
 'title=\'1.0\'>_||> "<||_html:</span>_||><||_html:<span '
 "style='background-color: rgba(0.0, 165.0, 0, 0.15); border-radius: 3px;' "
 "title='1.0'>_||>field<||_html:</span>_||><||_html:<span "
 "style='background-color: rgba(0.0, 165.0, 0, 0.15); border-radius: 3px;' "
 "title='1.0'>_||> removed<||_html:</span>_||><||_html:<span "
 "style='background-color: rgba(0.0, 165.0, 0, 0.15); border-radius: 3px;' "
 'title=\'1.0\'>_||>",<||_html:</span>_||><||_html:<span '
 "style='background-color: rgba(0.0, 165.0, 0, 0.15); border-radius: 3px;' "
 "title='1.0'>_||>\n"
 "<||_html:</span>_||><||_html:<span style='background-color: rgba(0.0, 165.0, "
 "0, 0.15); border-radius: 3px;' title='1.0'>_||>     "
 "<||_html:</span>_||><||_html:<span style='background-color: rgba(0.0, 165.0, "
 "0, 0.15); border-radius: 3px;' title='1.0'>_||> "
 '"<||_html:</span>_||><||_html:<span style=\'background-color: rgba(0.0, '
 "165.0, 0, 0.15); border-radius: 3px;' "
 "title='1.0'>_||>breaking<||_html:</span>_||><||_html:<span "
 "style='background-color: rgba(0.0, 165.0, 0, 0.15); border-radius: 3px;' "
 'title=\'1.0\'>_||>":<||_html:</span>_||><||_html:<span '
 "style='background-color: rgba(0.0, 165.0, 0, 0.15); border-radius: 3px;' "
 'title=\'1.0\'>_||> "<||_html:</span>_||><||_html:<span '
 "style='background-color: rgba(0.0, 165.0, 0, 0.15); border-radius: 3px;' "
 "title='1.0'>_||>true<||_html:</span>_||><||_html:<span "
 "style='background-color: rgba(0.0, 165.0, 0, 0.15); border-radius: 3px;' "
 'title=\'1.0\'>_||>",<||_html:</span>_||><||_html:<span '
 "style='background-color: rgba(0.0, 165.0, 0, 0.15); border-radius: 3px;' "
 "title='1.0'>_||>\n"
 "<||_html:</span>_||><||_html:<span style='background-color: rgba(0.0, 165.0, "
 "0, 0.15); border-radius: 3px;' title='1.0'>_||>     "
 "<||_html:</span>_||><||_html:<span style='background-color: rgba(0.0, 165.0, "
 "0, 0.15); border-radius: 3px;' title='1.0'>_||> "
 '"<||_html:</span>_||><||_html:<span style=\'background-color: rgba(0.0, '
 "165.0, 0, 0.15); border-radius: 3px;' "
 "title='1.0'>_||>release<||_html:</span>_||><||_html:<span "
 "style='background-color: rgba(0.0, 165.0, 0, 0.15); border-radius: 3px;' "
 "title='1.0'>_||>_<||_html:</span>_||><||_html:<span style='background-color: "
 "rgba(0.0, 165.0, 0, 0.15); border-radius: 3px;' "
 "title='1.0'>_||>note<||_html:</span>_||><||_html:<span "
 "style='background-color: rgba(0.0, 165.0, 0, 0.15); border-radius: 3px;' "
 'title=\'1.0\'>_||>":<||_html:</span>_||><||_html:<span '
 "style='background-color: rgba(0.0, 165.0, 0, 0.15); border-radius: 3px;' "
 'title=\'1.0\'>_||> "<||_html:</span>_||><||_html:<span '
 "style='background-color: rgba(0.0, 165.0, 0, 0.15); border-radius: 3px;' "
 "title='1.0'>_||>The<||_html:</span>_||><||_html:<span "
 "style='background-color: rgba(0.0, 165.0, 0, 0.15); border-radius: 3px;' "
 "title='1.0'>_||> '<||_html:</span>_||><||_html:<span "
 "style='background-color: rgba(0.0, 165.0, 0, 0.15); border-radius: 3px;' "
 "title='1.0'>_||>Product<||_html:</span>_||><||_html:<span "
 "style='background-color: rgba(0.0, 165.0, 0, 0.15); border-radius: 3px;' "
 "title='1.0'>_||>'<||_html:</span>_||><||_html:<span style='background-color: "
 "rgba(0.0, 165.0, 0, 0.15); border-radius: 3px;' title='1.0'>_||> "
 "type<||_html:</span>_||><||_html:<span style='background-color: rgba(0.0, "
 "165.0, 0, 0.15); border-radius: 3px;' title='1.0'>_||> "
 "no<||_html:</span>_||><||_html:<span style='background-color: rgba(0.0, "
 "165.0, 0, 0.15); border-radius: 3px;' title='1.0'>_||> "
 "longer<||_html:</span>_||><||_html:<span style='background-color: rgba(0.0, "
 "165.0, 0, 0.15); border-radius: 3px;' title='1.0'>_||> "
 "includes<||_html:</span>_||><||_html:<span style='background-color: "
 "rgba(0.0, 165.0, 0, 0.15); border-radius: 3px;' title='1.0'>_||> "
 "the<||_html:</span>_||><||_html:<span style='background-color: rgba(0.0, "
 "165.0, 0, 0.15); border-radius: 3px;' title='1.0'>_||> "
 "'<||_html:</span>_||><||_html:<span style='background-color: rgba(0.0, "
 "165.0, 0, 0.15); border-radius: 3px;' "
 "title='1.0'>_||>description<||_html:</span>_||><||_html:<span "
 "style='background-color: rgba(0.0, 165.0, 0, 0.15); border-radius: 3px;' "
 "title='1.0'>_||>'<||_html:</span>_||><||_html:<span style='background-color: "
 "rgba(0.0, 165.0, 0, 0.15); border-radius: 3px;' title='1.0'>_||> "
 "field<||_html:</span>_||><||_html:<span style='background-color: rgba(0.0, "
 "165.0, 0, 0.15); border-radius: 3px;' "
 'title=\'1.0\'>_||>."<||_html:</span>_||><||_html:<span '
 "style='background-color: rgba(0.0, 165.0, 0, 0.15); border-radius: 3px;' "
 "title='1.0'>_||>\n"
 "<||_html:</span>_||><||_html:<span style='background-color: rgba(0.0, 165.0, "
 "0, 0.15); border-radius: 3px;' title='1.0'>_||>   "
 "<||_html:</span>_||><||_html:<span style='background-color: rgba(0.0, 165.0, "
 "0, 0.15); border-radius: 3px;' title='1.0'>_||> "
 "},<||_html:</span>_||><||_html:<span style='background-color: rgba(0.0, "
 "165.0, 0, 0.15); border-radius: 3px;' title='1.0'>_||>\n"
 "<||_html:</span>_||><||_html:<span style='background-color: rgba(0.0, 165.0, "
 "0, 0.15); border-radius: 3px;' title='1.0'>_||>   "
 "<||_html:</span>_||><||_html:<span style='background-color: rgba(0.0, 165.0, "
 "0, 0.15); border-radius: 3px;' title='1.0'>_||> "
 "{<||_html:</span>_||><||_html:<span style='background-color: rgba(0.0, "
 "165.0, 0, 0.15); border-radius: 3px;' title='1.0'>_||>\n"
 "<||_html:</span>_||><||_html:<span style='background-color: rgba(0.0, 165.0, "
 "0, 0.15); border-radius: 3px;' title='1.0'>_||>     "
 "<||_html:</span>_||><||_html:<span style='background-color: rgba(0.0, 165.0, "
 "0, 0.15); border-radius: 3px;' title='1.0'>_||> "
 '"<||_html:</span>_||><||_html:<span style=\'background-color: rgba(0.0, '
 "165.0, 0, 0.15); border-radius: 3px;' "
 "title='1.0'>_||>type<||_html:</span>_||><||_html:<span "
 "style='background-color: rgba(0.0, 165.0, 0, 0.15); border-radius: 3px;' "
 'title=\'1.0\'>_||>":<||_html:</span>_||><||_html:<span '
 "style='background-color: rgba(0.0, 165.0, 0, 0.15); border-radius: 3px;' "
 'title=\'1.0\'>_||> "<||_html:</span>_||><||_html:<span '
 "style='background-color: rgba(0.0, 165.0, 0, 0.15); border-radius: 3px;' "
 "title='1.0'>_||>Product<||_html:</span>_||><||_html:<span "
 "style='background-color: rgba(0.0, 165.0, 0, 0.15); border-radius: 3px;' "
 'title=\'1.0\'>_||>",<||_html:</span>_||><||_html:<span '
 "style='background-color: rgba(0.0, 165.0, 0, 0.15); border-radius: 3px;' "
 "title='1.0'>_||>\n"
 "<||_html:</span>_||><||_html:<span style='background-color: rgba(0.0, 165.0, "
 "0, 0.15); border-radius: 3px;' title='1.0'>_||>     "
 "<||_html:</span>_||><||_html:<span style='background-color: rgba(0.0, 165.0, "
 "0, 0.15); border-radius: 3px;' title='1.0'>_||> "
 '"<||_html:</span>_||><||_html:<span style=\'background-color: rgba(0.0, '
 "165.0, 0, 0.15); border-radius: 3px;' "
 "title='1.0'>_||>field<||_html:</span>_||><||_html:<span "
 "style='background-color: rgba(0.0, 165.0, 0, 0.15); border-radius: 3px;' "
 'title=\'1.0\'>_||>":<||_html:</span>_||><||_html:<span '
 "style='background-color: rgba(0.0, 165.0, 0, 0.15); border-radius: 3px;' "
 'title=\'1.0\'>_||> "<||_html:</span>_||><||_html:<span '
 "style='background-color: rgba(0.0, 165.0, 0, 0.15); border-radius: 3px;' "
 "title='1.0'>_||>stock<||_html:</span>_||><||_html:<span "
 "style='background-color: rgba(0.0, 165.0, 0, 0.15); border-radius: 3px;' "
 'title=\'1.0\'>_||>",<||_html:</span>_||><||_html:<span '
 "style='background-color: rgba(0.0, 165.0, 0, 0.15); border-radius: 3px;' "
 "title='1.0'>_||>\n"
 "<||_html:</span>_||><||_html:<span style='background-color: rgba(0.0, 165.0, "
 "0, 0.15); border-radius: 3px;' title='1.0'>_||>     "
 "<||_html:</span>_||><||_html:<span style='background-color: rgba(0.0, 165.0, "
 "0, 0.15); border-radius: 3px;' title='1.0'>_||> "
 '"<||_html:</span>_||><||_html:<span style=\'background-color: rgba(0.0, '
 "165.0, 0, 0.15); border-radius: 3px;' "
 "title='1.0'>_||>change<||_html:</span>_||><||_html:<span "
 "style='background-color: rgba(0.0, 165.0, 0, 0.15); border-radius: 3px;' "
 'title=\'1.0\'>_||>":<||_html:</span>_||><||_html:<span '
 "style='background-color: rgba(0.0, 165.0, 0, 0.15); border-radius: 3px;' "
 'title=\'1.0\'>_||> "<||_html:</span>_||><||_html:<span '
 "style='background-color: rgba(0.0, 165.0, 0, 0.15); border-radius: 3px;' "
 "title='1.0'>_||>field<||_html:</span>_||><||_html:<span "
 "style='background-color: rgba(0.0, 165.0, 0, 0.15); border-radius: 3px;' "
 "title='1.0'>_||> removed<||_html:</span>_||><||_html:<span "
 "style='background-color: rgba(0.0, 165.0, 0, 0.15); border-radius: 3px;' "
 'title=\'1.0\'>_||>",<||_html:</span>_||><||_html:<span '
 "style='background-color: rgba(0.0, 165.0, 0, 0.15); border-radius: 3px;' "
 "title='1.0'>_||>\n"
 "<||_html:</span>_||><||_html:<span style='background-color: rgba(0.0, 165.0, "
 "0, 0.15); border-radius: 3px;' title='1.0'>_||>     "
 "<||_html:</span>_||><||_html:<span style='background-color: rgba(0.0, 165.0, "
 "0, 0.15); border-radius: 3px;' title='1.0'>_||> "
 '"<||_html:</span>_||><||_html:<span style=\'background-color: rgba(0.0, '
 "165.0, 0, 0.15); border-radius: 3px;' "
 "title='1.0'>_||>breaking<||_html:</span>_||><||_html:<span "
 "style='background-color: rgba(0.0, 165.0, 0, 0.15); border-radius: 3px;' "
 'title=\'1.0\'>_||>":<||_html:</span>_||><||_html:<span '
 "style='background-color: rgba(0.0, 165.0, 0, 0.15); border-radius: 3px;' "
 'title=\'1.0\'>_||> "<||_html:</span>_||><||_html:<span '
 "style='background-color: rgba(0.0, 165.0, 0, 0.15); border-radius: 3px;' "
 "title='1.0'>_||>true<||_html:</span>_||><||_html:<span "
 "style='background-color: rgba(0.0, 165.0, 0, 0.15); border-radius: 3px;' "
 'title=\'1.0\'>_||>",<||_html:</span>_||><||_html:<span '
 "style='background-color: rgba(0.0, 165.0, 0, 0.15); border-radius: 3px;' "
 "title='1.0'>_||>\n"
 "<||_html:</span>_||><||_html:<span style='background-color: rgba(0.0, 165.0, "
 "0, 0.15); border-radius: 3px;' title='1.0'>_||>     "
 "<||_html:</span>_||><||_html:<span style='background-color: rgba(0.0, 165.0, "
 "0, 0.15); border-radius: 3px;' title='1.0'>_||> "
 '"<||_html:</span>_||><||_html:<span style=\'background-color: rgba(0.0, '
 "165.0, 0, 0.15); border-radius: 3px;' "
 "title='1.0'>_||>release<||_html:</span>_||><||_html:<span "
 "style='background-color: rgba(0.0, 165.0, 0, 0.15); border-radius: 3px;' "
 "title='1.0'>_||>_<||_html:</span>_||><||_html:<span style='background-color: "
 "rgba(0.0, 165.0, 0, 0.15); border-radius: 3px;' "
 "title='1.0'>_||>note<||_html:</span>_||><||_html:<span "
 "style='background-color: rgba(0.0, 165.0, 0, 0.15); border-radius: 3px;' "
 'title=\'1.0\'>_||>":<||_html:</span>_||><||_html:<span '
 "style='background-color: rgba(0.0, 165.0, 0, 0.15); border-radius: 3px;' "
 'title=\'1.0\'>_||> "<||_html:</span>_||><||_html:<span '
 "style='background-color: rgba(0.0, 165.0, 0, 0.15); border-radius: 3px;' "
 "title='1.0'>_||>The<||_html:</span>_||><||_html:<span "
 "style='background-color: rgba(0.0, 165.0, 0, 0.15); border-radius: 3px;' "
 "title='1.0'>_||> '<||_html:</span>_||><||_html:<span "
 "style='background-color: rgba(0.0, 165.0, 0, 0.15); border-radius: 3px;' "
 "title='1.0'>_||>Product<||_html:</span>_||><||_html:<span "
 "style='background-color: rgba(0.0, 165.0, 0, 0.15); border-radius: 3px;' "
 "title='1.0'>_||>'<||_html:</span>_||><||_html:<span style='background-color: "
 "rgba(0.0, 165.0, 0, 0.15); border-radius: 3px;' title='1.0'>_||> "
 "type<||_html:</span>_||><||_html:<span style='background-color: rgba(0.0, "
 "165.0, 0, 0.15); border-radius: 3px;' title='1.0'>_||> "
 "no<||_html:</span>_||><||_html:<span style='background-color: rgba(0.0, "
 "165.0, 0, 0.15); border-radius: 3px;' title='1.0'>_||> "
 "longer<||_html:</span>_||><||_html:<span style='background-color: rgba(0.0, "
 "165.0, 0, 0.15); border-radius: 3px;' title='1.0'>_||> "
 "includes<||_html:</span>_||><||_html:<span style='background-color: "
 "rgba(0.0, 165.0, 0, 0.15); border-radius: 3px;' title='1.0'>_||> "
 "the<||_html:</span>_||><||_html:<span style='background-color: rgba(0.0, "
 "165.0, 0, 0.15); border-radius: 3px;' title='1.0'>_||> "
 "'<||_html:</span>_||><||_html:<span style='background-color: rgba(0.0, "
 "165.0, 0, 0.15); border-radius: 3px;' "
 "title='1.0'>_||>stock<||_html:</span>_||><||_html:<span "
 "style='background-color: rgba(0.0, 165.0, 0, 0.15); border-radius: 3px;' "
 "title='1.0'>_||>'<||_html:</span>_||><||_html:<span style='background-color: "
 "rgba(0.0, 165.0, 0, 0.15); border-radius: 3px;' title='1.0'>_||> "
 "field<||_html:</span>_||><||_html:<span style='background-color: rgba(0.0, "
 "165.0, 0, 0.15); border-radius: 3px;' "
 'title=\'1.0\'>_||>."<||_html:</span>_||><||_html:<span '
 "style='background-color: rgba(0.0, 165.0, 0, 0.15); border-radius: 3px;' "
 "title='1.0'>_||>\n"
 "<||_html:</span>_||><||_html:<span style='background-color: rgba(0.0, 165.0, "
 "0, 0.15); border-radius: 3px;' title='1.0'>_||>   "
 "<||_html:</span>_||><||_html:<span style='background-color: rgba(0.0, 165.0, "
 "0, 0.15); border-radius: 3px;' title='1.0'>_||> "
 "}<||_html:</span>_||><||_html:<span style='background-color: rgba(0.0, "
 "165.0, 0, 0.15); border-radius: 3px;' title='1.0'>_||>\n"
 "<||_html:</span>_||><||_html:<span style='background-color: rgba(0.0, 165.0, "
 "0, 0.15); border-radius: 3px;' title='1.0'>_||> "
 "<||_html:</span>_||><||_html:<span style='background-color: rgba(0.0, 165.0, "
 "0, 0.15); border-radius: 3px;' title='1.0'>_||> "
 "],<||_html:</span>_||><||_html:<span style='background-color: rgba(0.0, "
 "165.0, 0, 0.15); border-radius: 3px;' title='1.0'>_||>\n"
 "<||_html:</span>_||><||_html:<span style='background-color: rgba(0.0, 165.0, "
 "0, 0.15); border-radius: 3px;' title='1.0'>_||> "
 "<||_html:</span>_||><||_html:<span style='background-color: rgba(0.0, 165.0, "
 "0, 0.15); border-radius: 3px;' title='1.0'>_||> "
 '"<||_html:</span>_||><||_html:<span style=\'background-color: rgba(0.0, '
 "165.0, 0, 0.15); border-radius: 3px;' "
 "title='1.0'>_||>release<||_html:</span>_||><||_html:<span "
 "style='background-color: rgba(0.0, 165.0, 0, 0.15); border-radius: 3px;' "
 "title='1.0'>_||>_<||_html:</span>_||><||_html:<span style='background-color: "
 "rgba(0.0, 165.0, 0, 0.15); border-radius: 3px;' "
 "title='1.0'>_||>notes<||_html:</span>_||><||_html:<span "
 "style='background-color: rgba(0.0, 165.0, 0, 0.15); border-radius: 3px;' "
 'title=\'1.0\'>_||>":<||_html:</span>_||><||_html:<span '
 "style='background-color: rgba(0.0, 165.0, 0, 0.15); border-radius: 3px;' "
 "title='1.0'>_||> {<||_html:</span>_||><||_html:<span "
 "style='background-color: rgba(0.0, 165.0, 0, 0.15); border-radius: 3px;' "
 "title='1.0'>_||>\n"
 "<||_html:</span>_||><||_html:<span style='background-color: rgba(0.0, 165.0, "
 "0, 0.15); border-radius: 3px;' title='1.0'>_||>   "
 "<||_html:</span>_||><||_html:<span style='background-color: rgba(0.0, 165.0, "
 "0, 0.15); border-radius: 3px;' title='1.0'>_||> "
 '"<||_html:</span>_||><||_html:<span style=\'background-color: rgba(0.0, '
 "165.0, 0, 0.15); border-radius: 3px;' "
 "title='1.0'>_||>summary<||_html:</span>_||><||_html:<span "
 "style='background-color: rgba(0.0, 165.0, 0, 0.15); border-radius: 3px;' "
 'title=\'1.0\'>_||>":<||_html:</span>_||><||_html:<span '
 "style='background-color: rgba(0.0, 165.0, 0, 0.15); border-radius: 3px;' "
 'title=\'1.0\'>_||> "<||_html:</span>_||><||_html:<span '
 "style='background-color: rgba(0.0, 165.0, 0, 0.15); border-radius: 3px;' "
 "title='1.0'>_||>The<||_html:</span>_||><||_html:<span "
 "style='background-color: rgba(0.0, 165.0, 0, 0.15); border-radius: 3px;' "
 "title='1.0'>_||> '<||_html:</span>_||><||_html:<span "
 "style='background-color: rgba(0.0, 165.0, 0, 0.15); border-radius: 3px;' "
 "title='1.0'>_||>get<||_html:</span>_||><||_html:<span "
 "style='background-color: rgba(0.0, 165.0, 0, 0.15); border-radius: 3px;' "
 "title='1.0'>_||>Product<||_html:</span>_||><||_html:<span "
 "style='background-color: rgba(0.0, 165.0, 0, 0.15); border-radius: 3px;' "
 "title='1.0'>_||>'<||_html:</span>_||><||_html:<span style='background-color: "
 "rgba(0.0, 165.0, 0, 0.15); border-radius: 3px;' title='1.0'>_||> "
 "query<||_html:</span>_||><||_html:<span style='background-color: rgba(0.0, "
 "165.0, 0, 0.15); border-radius: 3px;' title='1.0'>_||> "
 "now<||_html:</span>_||><||_html:<span style='background-color: rgba(0.0, "
 "165.0, 0, 0.15); border-radius: 3px;' title='1.0'>_||> "
 "includes<||_html:</span>_||><||_html:<span style='background-color: "
 "rgba(0.0, 165.0, 0, 0.15); border-radius: 3px;' title='1.0'>_||> "
 "a<||_html:</span>_||><||_html:<span style='background-color: rgba(0.0, "
 "165.0, 0, 0.15); border-radius: 3px;' title='1.0'>_||> "
 "new<||_html:</span>_||><||_html:<span style='background-color: rgba(0.0, "
 "165.0, 0, 0.15); border-radius: 3px;' title='1.0'>_||> "
 "field<||_html:</span>_||><||_html:<span style='background-color: rgba(0.0, "
 "165.0, 0, 0.15); border-radius: 3px;' title='1.0'>_||> "
 "'<||_html:</span>_||><||_html:<span style='background-color: rgba(0.0, "
 "165.0, 0, 0.15); border-radius: 3px;' "
 "title='1.0'>_||>details<||_html:</span>_||><||_html:<span "
 "style='background-color: rgba(0.0, 165.0, 0, 0.15); border-radius: 3px;' "
 "title='1.0'>_||>'<||_html:</span>_||><||_html:<span style='background-color: "
 "rgba(0.0, 165.0, 0, 0.15); border-radius: 3px;' title='1.0'>_||> "
 "of<||_html:</span>_||><||_html:<span style='background-color: rgba(0.0, "
 "165.0, 0, 0.15); border-radius: 3px;' title='1.0'>_||> "
 "type<||_html:</span>_||><||_html:<span style='background-color: rgba(0.0, "
 "165.0, 0, 0.15); border-radius: 3px;' title='1.0'>_||> "
 "String<||_html:</span>_||><||_html:<span style='background-color: rgba(0.0, "
 "165.0, 0, 0.15); border-radius: 3px;' "
 "title='1.0'>_||>.<||_html:</span>_||><||_html:<span style='background-color: "
 "rgba(0.0, 165.0, 0, 0.15); border-radius: 3px;' title='1.0'>_||> "
 "The<||_html:</span>_||><||_html:<span style='background-color: rgba(0.0, "
 "165.0, 0, 0.15); border-radius: 3px;' title='1.0'>_||> "
 "'<||_html:</span>_||><||_html:<span style='background-color: rgba(0.0, "
 "165.0, 0, 0.15); border-radius: 3px;' "
 "title='1.0'>_||>Product<||_html:</span>_||><||_html:<span "
 "style='background-color: rgba(0.0, 165.0, 0, 0.15); border-radius: 3px;' "
 "title='1.0'>_||>'<||_html:</span>_||><||_html:<span style='background-color: "
 "rgba(0.0, 165.0, 0, 0.15); border-radius: 3px;' title='1.0'>_||> "
 "type<||_html:</span>_||><||_html:<span style='background-color: rgba(0.0, "
 "165.0, 0, 0.15); border-radius: 3px;' title='1.0'>_||> "
 "no<||_html:</span>_||><||_html:<span style='background-color: rgba(0.0, "
 "165.0, 0, 0.15); border-radius: 3px;' title='1.0'>_||> "
 "longer<||_html:</span>_||><||_html:<span style='background-color: rgba(0.0, "
 "165.0, 0, 0.15); border-radius: 3px;' title='1.0'>_||> "
 "includes<||_html:</span>_||><||_html:<span style='background-color: "
 "rgba(0.0, 165.0, 0, 0.15); border-radius: 3px;' title='1.0'>_||> "
 "the<||_html:</span>_||><||_html:<span style='background-color: rgba(0.0, "
 "165.0, 0, 0.15); border-radius: 3px;' title='1.0'>_||> "
 "'<||_html:</span>_||><||_html:<span style='background-color: rgba(0.0, "
 "165.0, 0, 0.15); border-radius: 3px;' "
 "title='1.0'>_||>description<||_html:</span>_||><||_html:<span "
 "style='background-color: rgba(0.0, 165.0, 0, 0.15); border-radius: 3px;' "
 "title='1.0'>_||>'<||_html:</span>_||><||_html:<span style='background-color: "
 "rgba(0.0, 165.0, 0, 0.15); border-radius: 3px;' title='1.0'>_||> "
 "and<||_html:</span>_||><||_html:<span style='background-color: rgba(0.0, "
 "165.0, 0, 0.15); border-radius: 3px;' title='1.0'>_||> "
 "'<||_html:</span>_||><||_html:<span style='background-color: rgba(0.0, "
 "165.0, 0, 0.15); border-radius: 3px;' "
 "title='1.0'>_||>stock<||_html:</span>_||><||_html:<span "
 "style='background-color: rgba(0.0, 165.0, 0, 0.15); border-radius: 3px;' "
 "title='1.0'>_||>'<||_html:</span>_||><||_html:<span style='background-color: "
 "rgba(0.0, 165.0, 0, 0.15); border-radius: 3px;' title='1.0'>_||> "
 "fields<||_html:</span>_||><||_html:<span style='background-color: rgba(0.0, "
 "165.0, 0, 0.15); border-radius: 3px;' "
 'title=\'1.0\'>_||>."<||_html:</span>_||><||_html:<span '
 "style='background-color: rgba(0.0, 165.0, 0, 0.15); border-radius: 3px;' "
 "title='1.0'>_||>\n"
 "<||_html:</span>_||><||_html:<span style='background-color: rgba(0.0, 165.0, "
 "0, 0.15); border-radius: 3px;' title='1.0'>_||> "
 "<||_html:</span>_||><||_html:<span style='background-color: rgba(0.0, 165.0, "
 "0, 0.15); border-radius: 3px;' title='1.0'>_||> "
 "}<||_html:</span>_||><||_html:<span style='background-color: rgba(0.0, "
 "165.0, 0, 0.15); border-radius: 3px;' title='1.0'>_||>\n"
 "<||_html:</span>_||><||_html:<span style='background-color: rgba(0.0, 165.0, "
 "0, 0.15); border-radius: 3px;' "
 'title=\'1.0\'>_||>}<||_html:</span>_||>{"changes":<||_html:<span '
 "style='background-color: rgba(0.0, 165.0, 0, 0.15); border-radius: 3px;' "
 "title='1.0'>_||>[<||_html:</span>_||><||_html:<span style='background-color: "
 "rgba(0.0, 165.0, 0, 0.15); border-radius: 3px;' "
 'title=\'1.0\'>_||>{"<||_html:</span>_||>type<||_html:<span '
 "style='background-color: rgba(0.0, 165.0, 0, 0.15); border-radius: 3px;' "
 'title=\'1.0\'>_||>":"<||_html:</span>_||><||_html:<span '
 "style='background-color: rgba(0.0, 165.0, 0, 0.15); border-radius: 3px;' "
 "title='1.0'>_||>Query<||_html:</span>_||><||_html:<span "
 "style='background-color: rgba(0.0, 165.0, 0, 0.15); border-radius: 3px;' "
 'title=\'1.0\'>_||>","<||_html:</span>_||>field<||_html:<span '
 "style='background-color: rgba(0.0, 165.0, 0, 0.15); border-radius: 3px;' "
 'title=\'1.0\'>_||>":"<||_html:</span>_||><||_html:<span '
 "style='background-color: rgba(0.0, 165.0, 0, 0.15); border-radius: 3px;' "
 "title='1.0'>_||>get<||_html:</span>_||><||_html:<span "
 "style='background-color: rgba(0.0, 165.0, 0, 0.15); border-radius: 3px;' "
 "title='1.0'>_||>Product<||_html:</span>_||><||_html:<span "
 "style='background-color: rgba(0.0, 165.0, 0, 0.15); border-radius: 3px;' "
 'title=\'1.0\'>_||>","<||_html:</span>_||>change<||_html:<span '
 "style='background-color: rgba(0.0, 165.0, 0, 0.15); border-radius: 3px;' "
 'title=\'1.0\'>_||>":"<||_html:</span>_||><||_html:<span '
 "style='background-color: rgba(0.0, 165.0, 0, 0.15); border-radius: 3px;' "
 "title='1.0'>_||>field<||_html:</span>_||><||_html:<span "
 "style='background-color: rgba(0.0, 165.0, 0, 0.15); border-radius: 3px;' "
 "title='1.0'>_||> details<||_html:</span>_||><||_html:<span "
 "style='background-color: rgba(0.0, 165.0, 0, 0.15); border-radius: 3px;' "
 "title='1.0'>_||> added<||_html:</span>_||><||_html:<span "
 "style='background-color: rgba(0.0, 165.0, 0, 0.15); border-radius: 3px;' "
 'title=\'1.0\'>_||>","<||_html:</span>_||>breaking<||_html:<span '
 "style='background-color: rgba(0.0, 165.0, 0, 0.15); border-radius: 3px;' "
 'title=\'1.0\'>_||>":<||_html:</span>_||><||_html:<span '
 "style='background-color: rgba(0.0, 165.0, 0, 0.15); border-radius: 3px;' "
 'title=\'1.0\'>_||>false<||_html:</span>_||>,"release_note<||_html:<span '
 "style='background-color: rgba(0.0, 165.0, 0, 0.15); border-radius: 3px;' "
 'title=\'1.0\'>_||>":"<||_html:</span>_||><||_html:<span '
 "style='background-color: rgba(0.0, 165.0, 0, 0.15); border-radius: 3px;' "
 "title='1.0'>_||>The<||_html:</span>_||><||_html:<span "
 "style='background-color: rgba(0.0, 165.0, 0, 0.15); border-radius: 3px;' "
 "title='1.0'>_||> '<||_html:</span>_||><||_html:<span "
 "style='background-color: rgba(0.0, 165.0, 0, 0.15); border-radius: 3px;' "
 "title='1.0'>_||>get<||_html:</span>_||><||_html:<span "
 "style='background-color: rgba(0.0, 165.0, 0, 0.15); border-radius: 3px;' "
 "title='1.0'>_||>Product<||_html:</span>_||><||_html:<span "
 "style='background-color: rgba(0.0, 165.0, 0, 0.15); border-radius: 3px;' "
 "title='1.0'>_||>'<||_html:</span>_||><||_html:<span style='background-color: "
 "rgba(0.0, 165.0, 0, 0.15); border-radius: 3px;' title='1.0'>_||> "
 "query<||_html:</span>_||><||_html:<span style='background-color: rgba(0.0, "
 "165.0, 0, 0.15); border-radius: 3px;' title='1.0'>_||> "
 "now<||_html:</span>_||><||_html:<span style='background-color: rgba(0.0, "
 "165.0, 0, 0.15); border-radius: 3px;' title='1.0'>_||> "
 "includes<||_html:</span>_||><||_html:<span style='background-color: "
 "rgba(0.0, 165.0, 0, 0.15); border-radius: 3px;' title='1.0'>_||> "
 "a<||_html:</span>_||><||_html:<span style='background-color: rgba(0.0, "
 "165.0, 0, 0.15); border-radius: 3px;' title='1.0'>_||> "
 "new<||_html:</span>_||><||_html:<span style='background-color: rgba(0.0, "
 "165.0, 0, 0.15); border-radius: 3px;' title='1.0'>_||> "
 "field<||_html:</span>_||><||_html:<span style='background-color: rgba(0.0, "
 "165.0, 0, 0.15); border-radius: 3px;' title='1.0'>_||> "
 "'<||_html:</span>_||><||_html:<span style='background-color: rgba(0.0, "
 "165.0, 0, 0.15); border-radius: 3px;' "
 "title='1.0'>_||>details<||_html:</span>_||><||_html:<span "
 "style='background-color: rgba(0.0, 165.0, 0, 0.15); border-radius: 3px;' "
 "title='1.0'>_||>'<||_html:</span>_||><||_html:<span style='background-color: "
 "rgba(0.0, 165.0, 0, 0.15); border-radius: 3px;' title='1.0'>_||> "
 "of<||_html:</span>_||><||_html:<span style='background-color: rgba(0.0, "
 "165.0, 0, 0.15); border-radius: 3px;' title='1.0'>_||> "
 "type<||_html:</span>_||><||_html:<span style='background-color: rgba(0.0, "
 "165.0, 0, 0.15); border-radius: 3px;' title='1.0'>_||> "
 "String<||_html:</span>_||><||_html:<span style='background-color: rgba(0.0, "
 "165.0, 0, 0.15); border-radius: 3px;' "
 'title=\'1.0\'>_||>."<||_html:</span>_||><||_html:<span '
 "style='background-color: rgba(0.0, 165.0, 0, 0.15); border-radius: 3px;' "
 'title=\'1.0\'>_||>},<||_html:</span>_||>{"type<||_html:<span '
 "style='background-color: rgba(0.0, 165.0, 0, 0.15); border-radius: 3px;' "
 'title=\'1.0\'>_||>":"<||_html:</span>_||><||_html:<span '
 "style='background-color: rgba(0.0, 165.0, 0, 0.15); border-radius: 3px;' "
 "title='1.0'>_||>Product<||_html:</span>_||><||_html:<span "
 "style='background-color: rgba(0.0, 165.0, 0, 0.15); border-radius: 3px;' "
 'title=\'1.0\'>_||>","<||_html:</span>_||>field<||_html:<span '
 "style='background-color: rgba(0.0, 165.0, 0, 0.15); border-radius: 3px;' "
 'title=\'1.0\'>_||>":"<||_html:</span>_||><||_html:<span '
 "style='background-color: rgba(0.0, 165.0, 0, 0.15); border-radius: 3px;' "
 "title='1.0'>_||>description<||_html:</span>_||><||_html:<span "
 "style='background-color: rgba(0.0, 165.0, 0, 0.15); border-radius: 3px;' "
 'title=\'1.0\'>_||>","<||_html:</span>_||>change<||_html:<span '
 "style='background-color: rgba(0.0, 165.0, 0, 0.15); border-radius: 3px;' "
 'title=\'1.0\'>_||>":"<||_html:</span>_||><||_html:<span '
 "style='background-color: rgba(0.0, 165.0, 0, 0.15); border-radius: 3px;' "
 "title='1.0'>_||>field<||_html:</span>_||><||_html:<span "
 "style='background-color: rgba(0.0, 165.0, 0, 0.15); border-radius: 3px;' "
 "title='1.0'>_||> removed<||_html:</span>_||><||_html:<span "
 "style='background-color: rgba(0.0, 165.0, 0, 0.15); border-radius: 3px;' "
 'title=\'1.0\'>_||>","<||_html:</span>_||>breaking<||_html:<span '
 "style='background-color: rgba(0.0, 165.0, 0, 0.15); border-radius: 3px;' "
 'title=\'1.0\'>_||>":<||_html:</span>_||><||_html:<span '
 "style='background-color: rgba(0.0, 165.0, 0, 0.15); border-radius: 3px;' "
 'title=\'1.0\'>_||>true<||_html:</span>_||>,"release_note<||_html:<span '
 "style='background-color: rgba(0.0, 165.0, 0, 0.15); border-radius: 3px;' "
 'title=\'1.0\'>_||>":"<||_html:</span>_||><||_html:<span '
 "style='background-color: rgba(0.0, 165.0, 0, 0.15); border-radius: 3px;' "
 "title='1.0'>_||>The<||_html:</span>_||><||_html:<span "
 "style='background-color: rgba(0.0, 165.0, 0, 0.15); border-radius: 3px;' "
 "title='1.0'>_||> '<||_html:</span>_||><||_html:<span "
 "style='background-color: rgba(0.0, 165.0, 0, 0.15); border-radius: 3px;' "
 "title='1.0'>_||>Product<||_html:</span>_||><||_html:<span "
 "style='background-color: rgba(0.0, 165.0, 0, 0.15); border-radius: 3px;' "
 "title='1.0'>_||>'<||_html:</span>_||><||_html:<span style='background-color: "
 "rgba(0.0, 165.0, 0, 0.15); border-radius: 3px;' title='1.0'>_||> "
 "type<||_html:</span>_||><||_html:<span style='background-color: rgba(0.0, "
 "165.0, 0, 0.15); border-radius: 3px;' title='1.0'>_||> "
 "no<||_html:</span>_||><||_html:<span style='background-color: rgba(0.0, "
 "165.0, 0, 0.15); border-radius: 3px;' title='1.0'>_||> "
 "longer<||_html:</span>_||><||_html:<span style='background-color: rgba(0.0, "
 "165.0, 0, 0.15); border-radius: 3px;' title='1.0'>_||> "
 "includes<||_html:</span>_||><||_html:<span style='background-color: "
 "rgba(0.0, 165.0, 0, 0.15); border-radius: 3px;' title='1.0'>_||> "
 "the<||_html:</span>_||><||_html:<span style='background-color: rgba(0.0, "
 "165.0, 0, 0.15); border-radius: 3px;' title='1.0'>_||> "
 "'<||_html:</span>_||><||_html:<span style='background-color: rgba(0.0, "
 "165.0, 0, 0.15); border-radius: 3px;' "
 "title='1.0'>_||>description<||_html:</span>_||><||_html:<span "
 "style='background-color: rgba(0.0, 165.0, 0, 0.15); border-radius: 3px;' "
 "title='1.0'>_||>'<||_html:</span>_||><||_html:<span style='background-color: "
 "rgba(0.0, 165.0, 0, 0.15); border-radius: 3px;' title='1.0'>_||> "
 "field<||_html:</span>_||><||_html:<span style='background-color: rgba(0.0, "
 "165.0, 0, 0.15); border-radius: 3px;' "
 'title=\'1.0\'>_||>."<||_html:</span>_||><||_html:<span '
 "style='background-color: rgba(0.0, 165.0, 0, 0.15); border-radius: 3px;' "
 'title=\'1.0\'>_||>},<||_html:</span>_||>{"type<||_html:<span '
 "style='background-color: rgba(0.0, 165.0, 0, 0.15); border-radius: 3px;' "
 'title=\'1.0\'>_||>":"<||_html:</span>_||><||_html:<span '
 "style='background-color: rgba(0.0, 165.0, 0, 0.15); border-radius: 3px;' "
 "title='1.0'>_||>Product<||_html:</span>_||><||_html:<span "
 "style='background-color: rgba(0.0, 165.0, 0, 0.15); border-radius: 3px;' "
 'title=\'1.0\'>_||>","<||_html:</span>_||>field<||_html:<span '
 "style='background-color: rgba(0.0, 165.0, 0, 0.15); border-radius: 3px;' "
 'title=\'1.0\'>_||>":"<||_html:</span>_||><||_html:<span '
 "style='background-color: rgba(0.0, 165.0, 0, 0.15); border-radius: 3px;' "
 "title='1.0'>_||>stock<||_html:</span>_||><||_html:<span "
 "style='background-color: rgba(0.0, 165.0, 0, 0.15); border-radius: 3px;' "
 'title=\'1.0\'>_||>","<||_html:</span>_||>change<||_html:<span '
 "style='background-color: rgba(0.0, 165.0, 0, 0.15); border-radius: 3px;' "
 'title=\'1.0\'>_||>":"<||_html:</span>_||><||_html:<span '
 "style='background-color: rgba(0.0, 165.0, 0, 0.15); border-radius: 3px;' "
 "title='1.0'>_||>field<||_html:</span>_||><||_html:<span "
 "style='background-color: rgba(0.0, 165.0, 0, 0.15); border-radius: 3px;' "
 "title='1.0'>_||> removed<||_html:</span>_||><||_html:<span "
 "style='background-color: rgba(0.0, 165.0, 0, 0.15); border-radius: 3px;' "
 'title=\'1.0\'>_||>","<||_html:</span>_||>breaking<||_html:<span '
 "style='background-color: rgba(0.0, 165.0, 0, 0.15); border-radius: 3px;' "
 'title=\'1.0\'>_||>":<||_html:</span>_||><||_html:<span '
 "style='background-color: rgba(0.0, 165.0, 0, 0.15); border-radius: 3px;' "
 'title=\'1.0\'>_||>true<||_html:</span>_||>,"release_note<||_html:<span '
 "style='background-color: rgba(0.0, 165.0, 0, 0.15); border-radius: 3px;' "
 'title=\'1.0\'>_||>":"<||_html:</span>_||><||_html:<span '
 "style='background-color: rgba(0.0, 165.0, 0, 0.15); border-radius: 3px;' "
 "title='1.0'>_||>The<||_html:</span>_||><||_html:<span "
 "style='background-color: rgba(0.0, 165.0, 0, 0.15); border-radius: 3px;' "
 "title='1.0'>_||> '<||_html:</span>_||><||_html:<span "
 "style='background-color: rgba(0.0, 165.0, 0, 0.15); border-radius: 3px;' "
 "title='1.0'>_||>Product<||_html:</span>_||><||_html:<span "
 "style='background-color: rgba(0.0, 165.0, 0, 0.15); border-radius: 3px;' "
 "title='1.0'>_||>'<||_html:</span>_||><||_html:<span style='background-color: "
 "rgba(0.0, 165.0, 0, 0.15); border-radius: 3px;' title='1.0'>_||> "
 "type<||_html:</span>_||><||_html:<span style='background-color: rgba(0.0, "
 "165.0, 0, 0.15); border-radius: 3px;' title='1.0'>_||> "
 "no<||_html:</span>_||><||_html:<span style='background-color: rgba(0.0, "
 "165.0, 0, 0.15); border-radius: 3px;' title='1.0'>_||> "
 "longer<||_html:</span>_||><||_html:<span style='background-color: rgba(0.0, "
 "165.0, 0, 0.15); border-radius: 3px;' title='1.0'>_||> "
 "includes<||_html:</span>_||><||_html:<span style='background-color: "
 "rgba(0.0, 165.0, 0, 0.15); border-radius: 3px;' title='1.0'>_||> "
 "the<||_html:</span>_||><||_html:<span style='background-color: rgba(0.0, "
 "165.0, 0, 0.15); border-radius: 3px;' title='1.0'>_||> "
 "'<||_html:</span>_||><||_html:<span style='background-color: rgba(0.0, "
 "165.0, 0, 0.15); border-radius: 3px;' "
 "title='1.0'>_||>stock<||_html:</span>_||><||_html:<span "
 "style='background-color: rgba(0.0, 165.0, 0, 0.15); border-radius: 3px;' "
 "title='1.0'>_||>'<||_html:</span>_||><||_html:<span style='background-color: "
 "rgba(0.0, 165.0, 0, 0.15); border-radius: 3px;' title='1.0'>_||> "
 "field<||_html:</span>_||><||_html:<span style='background-color: rgba(0.0, "
 "165.0, 0, 0.15); border-radius: 3px;' "
 'title=\'1.0\'>_||>."<||_html:</span>_||><||_html:<span '
 "style='background-color: rgba(0.0, 165.0, 0, 0.15); border-radius: 3px;' "
 'title=\'1.0\'>_||>}]<||_html:</span>_||>,"release_notes":{"summary<||_html:<span '
 "style='background-color: rgba(0.0, 165.0, 0, 0.15); border-radius: 3px;' "
 'title=\'1.0\'>_||>":"<||_html:</span>_||><||_html:<span '
 "style='background-color: rgba(0.0, 165.0, 0, 0.15); border-radius: 3px;' "
 "title='1.0'>_||>The<||_html:</span>_||><||_html:<span "
 "style='background-color: rgba(0.0, 165.0, 0, 0.15); border-radius: 3px;' "
 "title='1.0'>_||> '<||_html:</span>_||><||_html:<span "
 "style='background-color: rgba(0.0, 165.0, 0, 0.15); border-radius: 3px;' "
 "title='1.0'>_||>get<||_html:</span>_||><||_html:<span "
 "style='background-color: rgba(0.0, 165.0, 0, 0.15); border-radius: 3px;' "
 "title='1.0'>_||>Product<||_html:</span>_||><||_html:<span "
 "style='background-color: rgba(0.0, 165.0, 0, 0.15); border-radius: 3px;' "
 "title='1.0'>_||>'<||_html:</span>_||><||_html:<span style='background-color: "
 "rgba(0.0, 165.0, 0, 0.15); border-radius: 3px;' title='1.0'>_||>")
('Analyze the following two GraphQL schemas for changes, including both '
 'breaking and non-breaking changes.\n'
 '\n'
 '                        Provide your analysis in the following JSON format:\n'
 '                        {\n'
 '                          "changes": [\n'
 '                            {\n'
 '                              "type": "String representing the GraphQL type '
 '(e.g., Query, Mutation, Subscription)",\n'
 '                              "field": "String representing the specific '
 'field that changed",\n'
 '                              "change": "String describing the change (e.g., '
 'field renamed, new field added, field removed)",\n'
 '                              "breaking": "Boolean indicating if the change '
 'is breaking (true) or non-breaking (false)",\n'
 '                              "release_note": "String with a natural '
 'language description of the change for release notes"\n'
 '                            }\n'
 '                          ],\n'
 '                          "release_notes": {\n'
 '                              "summary": "String summarizing all changes, '
 'suitable for a mailing list or public announcement"\n'
 '                          }\n'
 '                        }\n'
 '\n'
 '                        When analyzing, consider the following types of '
 'changes:\n'
 '                        1. Removing fields or types (breaking)\n'
 '                        2. Changing field types (potentially breaking)\n'
 '                        3. Adding required fields (breaking)\n'
 '                        4. Changing the type of existing arguments '
 '(breaking)\n'
 '                        5. Adding optional fields (non-breaking)\n'
 '                        6. Adding new types (non-breaking)\n'
 '                        7. Deprecating fields (non-breaking)\n'
 '\n'
 '                        Ensure that each change is categorized correctly as '
 'breaking or non-breaking.: type Query {\n'
 '  getProduct(id: ID!): Product\n'
 '}\n'
 '\n'
 'type Product {\n'
 '  id: ID\n'
 '  name: String\n'
 '  description: String\n'
 '  price: Float\n'
 '  stock: Int\n'
 '}\n'
 ', type Query {\n'
 '  getProduct(id: ID!): Product\n'
 '}\n'
 '\n'
 'type Product {\n'
 '  id: ID\n'
 '  name: String\n'
 '  details: String\n'
 '  price: Float\n'
 '}\n'
 '\n'
 "Answer:<||_html:<span style='background-color: rgba(0.0, 165.0, 0, 0.15); "
 "border-radius: 3px;' title='1.0'>_||> {<||_html:</span>_||><||_html:<span "
 "style='background-color: rgba(0.0, 165.0, 0, 0.15); border-radius: 3px;' "
 "title='1.0'>_||>\n"
 "<||_html:</span>_||><||_html:<span style='background-color: rgba(0.0, 165.0, "
 "0, 0.15); border-radius: 3px;' title='1.0'>_||> "
 "<||_html:</span>_||><||_html:<span style='background-color: rgba(0.0, 165.0, "
 "0, 0.15); border-radius: 3px;' title='1.0'>_||> "
 '"<||_html:</span>_||><||_html:<span style=\'background-color: rgba(0.0, '
 "165.0, 0, 0.15); border-radius: 3px;' "
 "title='1.0'>_||>changes<||_html:</span>_||><||_html:<span "
 "style='background-color: rgba(0.0, 165.0, 0, 0.15); border-radius: 3px;' "
 'title=\'1.0\'>_||>":<||_html:</span>_||><||_html:<span '
 "style='background-color: rgba(0.0, 165.0, 0, 0.15); border-radius: 3px;' "
 "title='1.0'>_||> [<||_html:</span>_||><||_html:<span "
 "style='background-color: rgba(0.0, 165.0, 0, 0.15); border-radius: 3px;' "
 "title='1.0'>_||>\n"
 "<||_html:</span>_||><||_html:<span style='background-color: rgba(0.0, 165.0, "
 "0, 0.15); border-radius: 3px;' title='1.0'>_||>   "
 "<||_html:</span>_||><||_html:<span style='background-color: rgba(0.0, 165.0, "
 "0, 0.15); border-radius: 3px;' title='1.0'>_||> "
 "{<||_html:</span>_||><||_html:<span style='background-color: rgba(0.0, "
 "165.0, 0, 0.15); border-radius: 3px;' title='1.0'>_||>\n"
 "<||_html:</span>_||><||_html:<span style='background-color: rgba(0.0, 165.0, "
 "0, 0.15); border-radius: 3px;' title='1.0'>_||>     "
 "<||_html:</span>_||><||_html:<span style='background-color: rgba(0.0, 165.0, "
 "0, 0.15); border-radius: 3px;' title='1.0'>_||> "
 '"<||_html:</span>_||><||_html:<span style=\'background-color: rgba(0.0, '
 "165.0, 0, 0.15); border-radius: 3px;' "
 "title='1.0'>_||>type<||_html:</span>_||><||_html:<span "
 "style='background-color: rgba(0.0, 165.0, 0, 0.15); border-radius: 3px;' "
 'title=\'1.0\'>_||>":<||_html:</span>_||><||_html:<span '
 "style='background-color: rgba(0.0, 165.0, 0, 0.15); border-radius: 3px;' "
 'title=\'1.0\'>_||> "<||_html:</span>_||><||_html:<span '
 "style='background-color: rgba(0.0, 165.0, 0, 0.15); border-radius: 3px;' "
 "title='1.0'>_||>Query<||_html:</span>_||><||_html:<span "
 "style='background-color: rgba(0.0, 165.0, 0, 0.15); border-radius: 3px;' "
 'title=\'1.0\'>_||>",<||_html:</span>_||><||_html:<span '
 "style='background-color: rgba(0.0, 165.0, 0, 0.15); border-radius: 3px;' "
 "title='1.0'>_||>\n"
 "<||_html:</span>_||><||_html:<span style='background-color: rgba(0.0, 165.0, "
 "0, 0.15); border-radius: 3px;' title='1.0'>_||>     "
 "<||_html:</span>_||><||_html:<span style='background-color: rgba(0.0, 165.0, "
 "0, 0.15); border-radius: 3px;' title='1.0'>_||> "
 '"<||_html:</span>_||><||_html:<span style=\'background-color: rgba(0.0, '
 "165.0, 0, 0.15); border-radius: 3px;' "
 "title='1.0'>_||>field<||_html:</span>_||><||_html:<span "
 "style='background-color: rgba(0.0, 165.0, 0, 0.15); border-radius: 3px;' "
 'title=\'1.0\'>_||>":<||_html:</span>_||><||_html:<span '
 "style='background-color: rgba(0.0, 165.0, 0, 0.15); border-radius: 3px;' "
 'title=\'1.0\'>_||> "<||_html:</span>_||><||_html:<span '
 "style='background-color: rgba(0.0, 165.0, 0, 0.15); border-radius: 3px;' "
 "title='1.0'>_||>get<||_html:</span>_||><||_html:<span "
 "style='background-color: rgba(0.0, 165.0, 0, 0.15); border-radius: 3px;' "
 "title='1.0'>_||>Product<||_html:</span>_||><||_html:<span "
 "style='background-color: rgba(0.0, 165.0, 0, 0.15); border-radius: 3px;' "
 'title=\'1.0\'>_||>",<||_html:</span>_||><||_html:<span '
 "style='background-color: rgba(0.0, 165.0, 0, 0.15); border-radius: 3px;' "
 "title='1.0'>_||>\n"
 "<||_html:</span>_||><||_html:<span style='background-color: rgba(0.0, 165.0, "
 "0, 0.15); border-radius: 3px;' title='1.0'>_||>     "
 "<||_html:</span>_||><||_html:<span style='background-color: rgba(0.0, 165.0, "
 "0, 0.15); border-radius: 3px;' title='1.0'>_||> "
 '"<||_html:</span>_||><||_html:<span style=\'background-color: rgba(0.0, '
 "165.0, 0, 0.15); border-radius: 3px;' "
 "title='1.0'>_||>change<||_html:</span>_||><||_html:<span "
 "style='background-color: rgba(0.0, 165.0, 0, 0.15); border-radius: 3px;' "
 'title=\'1.0\'>_||>":<||_html:</span>_||><||_html:<span '
 "style='background-color: rgba(0.0, 165.0, 0, 0.15); border-radius: 3px;' "
 'title=\'1.0\'>_||> "<||_html:</span>_||><||_html:<span '
 "style='background-color: rgba(0.0, 165.0, 0, 0.15); border-radius: 3px;' "
 "title='1.0'>_||>field<||_html:</span>_||><||_html:<span "
 "style='background-color: rgba(0.0, 165.0, 0, 0.15); border-radius: 3px;' "
 "title='1.0'>_||> details<||_html:</span>_||><||_html:<span "
 "style='background-color: rgba(0.0, 165.0, 0, 0.15); border-radius: 3px;' "
 "title='1.0'>_||> added<||_html:</span>_||><||_html:<span "
 "style='background-color: rgba(0.0, 165.0, 0, 0.15); border-radius: 3px;' "
 'title=\'1.0\'>_||>",<||_html:</span>_||><||_html:<span '
 "style='background-color: rgba(0.0, 165.0, 0, 0.15); border-radius: 3px;' "
 "title='1.0'>_||>\n"
 "<||_html:</span>_||><||_html:<span style='background-color: rgba(0.0, 165.0, "
 "0, 0.15); border-radius: 3px;' title='1.0'>_||>     "
 "<||_html:</span>_||><||_html:<span style='background-color: rgba(0.0, 165.0, "
 "0, 0.15); border-radius: 3px;' title='1.0'>_||> "
 '"<||_html:</span>_||><||_html:<span style=\'background-color: rgba(0.0, '
 "165.0, 0, 0.15); border-radius: 3px;' "
 "title='1.0'>_||>breaking<||_html:</span>_||><||_html:<span "
 "style='background-color: rgba(0.0, 165.0, 0, 0.15); border-radius: 3px;' "
 'title=\'1.0\'>_||>":<||_html:</span>_||><||_html:<span '
 "style='background-color: rgba(0.0, 165.0, 0, 0.15); border-radius: 3px;' "
 'title=\'1.0\'>_||> "<||_html:</span>_||><||_html:<span '
 "style='background-color: rgba(0.0, 165.0, 0, 0.15); border-radius: 3px;' "
 "title='1.0'>_||>false<||_html:</span>_||><||_html:<span "
 "style='background-color: rgba(0.0, 165.0, 0, 0.15); border-radius: 3px;' "
 'title=\'1.0\'>_||>",<||_html:</span>_||><||_html:<span '
 "style='background-color: rgba(0.0, 165.0, 0, 0.15); border-radius: 3px;' "
 "title='1.0'>_||>\n"
 "<||_html:</span>_||><||_html:<span style='background-color: rgba(0.0, 165.0, "
 "0, 0.15); border-radius: 3px;' title='1.0'>_||>     "
 "<||_html:</span>_||><||_html:<span style='background-color: rgba(0.0, 165.0, "
 "0, 0.15); border-radius: 3px;' title='1.0'>_||> "
 '"<||_html:</span>_||><||_html:<span style=\'background-color: rgba(0.0, '
 "165.0, 0, 0.15); border-radius: 3px;' "
 "title='1.0'>_||>release<||_html:</span>_||><||_html:<span "
 "style='background-color: rgba(0.0, 165.0, 0, 0.15); border-radius: 3px;' "
 "title='1.0'>_||>_<||_html:</span>_||><||_html:<span style='background-color: "
 "rgba(0.0, 165.0, 0, 0.15); border-radius: 3px;' "
 "title='1.0'>_||>note<||_html:</span>_||><||_html:<span "
 "style='background-color: rgba(0.0, 165.0, 0, 0.15); border-radius: 3px;' "
 'title=\'1.0\'>_||>":<||_html:</span>_||><||_html:<span '
 "style='background-color: rgba(0.0, 165.0, 0, 0.15); border-radius: 3px;' "
 'title=\'1.0\'>_||> "<||_html:</span>_||><||_html:<span '
 "style='background-color: rgba(0.0, 165.0, 0, 0.15); border-radius: 3px;' "
 "title='1.0'>_||>The<||_html:</span>_||><||_html:<span "
 "style='background-color: rgba(0.0, 165.0, 0, 0.15); border-radius: 3px;' "
 "title='1.0'>_||> '<||_html:</span>_||><||_html:<span "
 "style='background-color: rgba(0.0, 165.0, 0, 0.15); border-radius: 3px;' "
 "title='1.0'>_||>get<||_html:</span>_||><||_html:<span "
 "style='background-color: rgba(0.0, 165.0, 0, 0.15); border-radius: 3px;' "
 "title='1.0'>_||>Product<||_html:</span>_||><||_html:<span "
 "style='background-color: rgba(0.0, 165.0, 0, 0.15); border-radius: 3px;' "
 "title='1.0'>_||>'<||_html:</span>_||><||_html:<span style='background-color: "
 "rgba(0.0, 165.0, 0, 0.15); border-radius: 3px;' title='1.0'>_||> "
 "query<||_html:</span>_||><||_html:<span style='background-color: rgba(0.0, "
 "165.0, 0, 0.15); border-radius: 3px;' title='1.0'>_||> "
 "now<||_html:</span>_||><||_html:<span style='background-color: rgba(0.0, "
 "165.0, 0, 0.15); border-radius: 3px;' title='1.0'>_||> "
 "includes<||_html:</span>_||><||_html:<span style='background-color: "
 "rgba(0.0, 165.0, 0, 0.15); border-radius: 3px;' title='1.0'>_||> "
 "a<||_html:</span>_||><||_html:<span style='background-color: rgba(0.0, "
 "165.0, 0, 0.15); border-radius: 3px;' title='1.0'>_||> "
 "new<||_html:</span>_||><||_html:<span style='background-color: rgba(0.0, "
 "165.0, 0, 0.15); border-radius: 3px;' title='1.0'>_||> "
 "field<||_html:</span>_||><||_html:<span style='background-color: rgba(0.0, "
 "165.0, 0, 0.15); border-radius: 3px;' title='1.0'>_||> "
 "'<||_html:</span>_||><||_html:<span style='background-color: rgba(0.0, "
 "165.0, 0, 0.15); border-radius: 3px;' "
 "title='1.0'>_||>details<||_html:</span>_||><||_html:<span "
 "style='background-color: rgba(0.0, 165.0, 0, 0.15); border-radius: 3px;' "
 "title='1.0'>_||>'<||_html:</span>_||><||_html:<span style='background-color: "
 "rgba(0.0, 165.0, 0, 0.15); border-radius: 3px;' title='1.0'>_||> "
 "of<||_html:</span>_||><||_html:<span style='background-color: rgba(0.0, "
 "165.0, 0, 0.15); border-radius: 3px;' title='1.0'>_||> "
 "type<||_html:</span>_||><||_html:<span style='background-color: rgba(0.0, "
 "165.0, 0, 0.15); border-radius: 3px;' title='1.0'>_||> "
 "String<||_html:</span>_||><||_html:<span style='background-color: rgba(0.0, "
 "165.0, 0, 0.15); border-radius: 3px;' "
 'title=\'1.0\'>_||>."<||_html:</span>_||><||_html:<span '
 "style='background-color: rgba(0.0, 165.0, 0, 0.15); border-radius: 3px;' "
 "title='1.0'>_||>\n"
 "<||_html:</span>_||><||_html:<span style='background-color: rgba(0.0, 165.0, "
 "0, 0.15); border-radius: 3px;' title='1.0'>_||>   "
 "<||_html:</span>_||><||_html:<span style='background-color: rgba(0.0, 165.0, "
 "0, 0.15); border-radius: 3px;' title='1.0'>_||> "
 "},<||_html:</span>_||><||_html:<span style='background-color: rgba(0.0, "
 "165.0, 0, 0.15); border-radius: 3px;' title='1.0'>_||>\n"
 "<||_html:</span>_||><||_html:<span style='background-color: rgba(0.0, 165.0, "
 "0, 0.15); border-radius: 3px;' title='1.0'>_||>   "
 "<||_html:</span>_||><||_html:<span style='background-color: rgba(0.0, 165.0, "
 "0, 0.15); border-radius: 3px;' title='1.0'>_||> "
 "{<||_html:</span>_||><||_html:<span style='background-color: rgba(0.0, "
 "165.0, 0, 0.15); border-radius: 3px;' title='1.0'>_||>\n"
 "<||_html:</span>_||><||_html:<span style='background-color: rgba(0.0, 165.0, "
 "0, 0.15); border-radius: 3px;' title='1.0'>_||>     "
 "<||_html:</span>_||><||_html:<span style='background-color: rgba(0.0, 165.0, "
 "0, 0.15); border-radius: 3px;' title='1.0'>_||> "
 '"<||_html:</span>_||><||_html:<span style=\'background-color: rgba(0.0, '
 "165.0, 0, 0.15); border-radius: 3px;' "
 "title='1.0'>_||>type<||_html:</span>_||><||_html:<span "
 "style='background-color: rgba(0.0, 165.0, 0, 0.15); border-radius: 3px;' "
 'title=\'1.0\'>_||>":<||_html:</span>_||><||_html:<span '
 "style='background-color: rgba(0.0, 165.0, 0, 0.15); border-radius: 3px;' "
 'title=\'1.0\'>_||> "<||_html:</span>_||><||_html:<span '
 "style='background-color: rgba(0.0, 165.0, 0, 0.15); border-radius: 3px;' "
 "title='1.0'>_||>Product<||_html:</span>_||><||_html:<span "
 "style='background-color: rgba(0.0, 165.0, 0, 0.15); border-radius: 3px;' "
 'title=\'1.0\'>_||>",<||_html:</span>_||><||_html:<span '
 "style='background-color: rgba(0.0, 165.0, 0, 0.15); border-radius: 3px;' "
 "title='1.0'>_||>\n"
 "<||_html:</span>_||><||_html:<span style='background-color: rgba(0.0, 165.0, "
 "0, 0.15); border-radius: 3px;' title='1.0'>_||>     "
 "<||_html:</span>_||><||_html:<span style='background-color: rgba(0.0, 165.0, "
 "0, 0.15); border-radius: 3px;' title='1.0'>_||> "
 '"<||_html:</span>_||><||_html:<span style=\'background-color: rgba(0.0, '
 "165.0, 0, 0.15); border-radius: 3px;' "
 "title='1.0'>_||>field<||_html:</span>_||><||_html:<span "
 "style='background-color: rgba(0.0, 165.0, 0, 0.15); border-radius: 3px;' "
 'title=\'1.0\'>_||>":<||_html:</span>_||><||_html:<span '
 "style='background-color: rgba(0.0, 165.0, 0, 0.15); border-radius: 3px;' "
 'title=\'1.0\'>_||> "<||_html:</span>_||><||_html:<span '
 "style='background-color: rgba(0.0, 165.0, 0, 0.15); border-radius: 3px;' "
 "title='1.0'>_||>description<||_html:</span>_||><||_html:<span "
 "style='background-color: rgba(0.0, 165.0, 0, 0.15); border-radius: 3px;' "
 'title=\'1.0\'>_||>",<||_html:</span>_||><||_html:<span '
 "style='background-color: rgba(0.0, 165.0, 0, 0.15); border-radius: 3px;' "
 "title='1.0'>_||>\n"
 "<||_html:</span>_||><||_html:<span style='background-color: rgba(0.0, 165.0, "
 "0, 0.15); border-radius: 3px;' title='1.0'>_||>     "
 "<||_html:</span>_||><||_html:<span style='background-color: rgba(0.0, 165.0, "
 "0, 0.15); border-radius: 3px;' title='1.0'>_||> "
 '"<||_html:</span>_||><||_html:<span style=\'background-color: rgba(0.0, '
 "165.0, 0, 0.15); border-radius: 3px;' "
 "title='1.0'>_||>change<||_html:</span>_||><||_html:<span "
 "style='background-color: rgba(0.0, 165.0, 0, 0.15); border-radius: 3px;' "
 'title=\'1.0\'>_||>":<||_html:</span>_||><||_html:<span '
 "style='background-color: rgba(0.0, 165.0, 0, 0.15); border-radius: 3px;' "
 'title=\'1.0\'>_||> "<||_html:</span>_||><||_html:<span '
 "style='background-color: rgba(0.0, 165.0, 0, 0.15); border-radius: 3px;' "
 "title='1.0'>_||>field<||_html:</span>_||><||_html:<span "
 "style='background-color: rgba(0.0, 165.0, 0, 0.15); border-radius: 3px;' "
 "title='1.0'>_||> removed<||_html:</span>_||><||_html:<span "
 "style='background-color: rgba(0.0, 165.0, 0, 0.15); border-radius: 3px;' "
 'title=\'1.0\'>_||>",<||_html:</span>_||><||_html:<span '
 "style='background-color: rgba(0.0, 165.0, 0, 0.15); border-radius: 3px;' "
 "title='1.0'>_||>\n"
 "<||_html:</span>_||><||_html:<span style='background-color: rgba(0.0, 165.0, "
 "0, 0.15); border-radius: 3px;' title='1.0'>_||>     "
 "<||_html:</span>_||><||_html:<span style='background-color: rgba(0.0, 165.0, "
 "0, 0.15); border-radius: 3px;' title='1.0'>_||> "
 '"<||_html:</span>_||><||_html:<span style=\'background-color: rgba(0.0, '
 "165.0, 0, 0.15); border-radius: 3px;' "
 "title='1.0'>_||>breaking<||_html:</span>_||><||_html:<span "
 "style='background-color: rgba(0.0, 165.0, 0, 0.15); border-radius: 3px;' "
 'title=\'1.0\'>_||>":<||_html:</span>_||><||_html:<span '
 "style='background-color: rgba(0.0, 165.0, 0, 0.15); border-radius: 3px;' "
 'title=\'1.0\'>_||> "<||_html:</span>_||><||_html:<span '
 "style='background-color: rgba(0.0, 165.0, 0, 0.15); border-radius: 3px;' "
 "title='1.0'>_||>true<||_html:</span>_||><||_html:<span "
 "style='background-color: rgba(0.0, 165.0, 0, 0.15); border-radius: 3px;' "
 'title=\'1.0\'>_||>",<||_html:</span>_||><||_html:<span '
 "style='background-color: rgba(0.0, 165.0, 0, 0.15); border-radius: 3px;' "
 "title='1.0'>_||>\n"
 "<||_html:</span>_||><||_html:<span style='background-color: rgba(0.0, 165.0, "
 "0, 0.15); border-radius: 3px;' title='1.0'>_||>     "
 "<||_html:</span>_||><||_html:<span style='background-color: rgba(0.0, 165.0, "
 "0, 0.15); border-radius: 3px;' title='1.0'>_||> "
 '"<||_html:</span>_||><||_html:<span style=\'background-color: rgba(0.0, '
 "165.0, 0, 0.15); border-radius: 3px;' "
 "title='1.0'>_||>release<||_html:</span>_||><||_html:<span "
 "style='background-color: rgba(0.0, 165.0, 0, 0.15); border-radius: 3px;' "
 "title='1.0'>_||>_<||_html:</span>_||><||_html:<span style='background-color: "
 "rgba(0.0, 165.0, 0, 0.15); border-radius: 3px;' "
 "title='1.0'>_||>note<||_html:</span>_||><||_html:<span "
 "style='background-color: rgba(0.0, 165.0, 0, 0.15); border-radius: 3px;' "
 'title=\'1.0\'>_||>":<||_html:</span>_||><||_html:<span '
 "style='background-color: rgba(0.0, 165.0, 0, 0.15); border-radius: 3px;' "
 'title=\'1.0\'>_||> "<||_html:</span>_||><||_html:<span '
 "style='background-color: rgba(0.0, 165.0, 0, 0.15); border-radius: 3px;' "
 "title='1.0'>_||>The<||_html:</span>_||><||_html:<span "
 "style='background-color: rgba(0.0, 165.0, 0, 0.15); border-radius: 3px;' "
 "title='1.0'>_||> '<||_html:</span>_||><||_html:<span "
 "style='background-color: rgba(0.0, 165.0, 0, 0.15); border-radius: 3px;' "
 "title='1.0'>_||>Product<||_html:</span>_||><||_html:<span "
 "style='background-color: rgba(0.0, 165.0, 0, 0.15); border-radius: 3px;' "
 "title='1.0'>_||>'<||_html:</span>_||><||_html:<span style='background-color: "
 "rgba(0.0, 165.0, 0, 0.15); border-radius: 3px;' title='1.0'>_||> "
 "type<||_html:</span>_||><||_html:<span style='background-color: rgba(0.0, "
 "165.0, 0, 0.15); border-radius: 3px;' title='1.0'>_||> "
 "no<||_html:</span>_||><||_html:<span style='background-color: rgba(0.0, "
 "165.0, 0, 0.15); border-radius: 3px;' title='1.0'>_||> "
 "longer<||_html:</span>_||><||_html:<span style='background-color: rgba(0.0, "
 "165.0, 0, 0.15); border-radius: 3px;' title='1.0'>_||> "
 "includes<||_html:</span>_||><||_html:<span style='background-color: "
 "rgba(0.0, 165.0, 0, 0.15); border-radius: 3px;' title='1.0'>_||> "
 "the<||_html:</span>_||><||_html:<span style='background-color: rgba(0.0, "
 "165.0, 0, 0.15); border-radius: 3px;' title='1.0'>_||> "
 "'<||_html:</span>_||><||_html:<span style='background-color: rgba(0.0, "
 "165.0, 0, 0.15); border-radius: 3px;' "
 "title='1.0'>_||>description<||_html:</span>_||><||_html:<span "
 "style='background-color: rgba(0.0, 165.0, 0, 0.15); border-radius: 3px;' "
 "title='1.0'>_||>'<||_html:</span>_||><||_html:<span style='background-color: "
 "rgba(0.0, 165.0, 0, 0.15); border-radius: 3px;' title='1.0'>_||> "
 "field<||_html:</span>_||><||_html:<span style='background-color: rgba(0.0, "
 "165.0, 0, 0.15); border-radius: 3px;' "
 'title=\'1.0\'>_||>."<||_html:</span>_||><||_html:<span '
 "style='background-color: rgba(0.0, 165.0, 0, 0.15); border-radius: 3px;' "
 "title='1.0'>_||>\n"
 "<||_html:</span>_||><||_html:<span style='background-color: rgba(0.0, 165.0, "
 "0, 0.15); border-radius: 3px;' title='1.0'>_||>   "
 "<||_html:</span>_||><||_html:<span style='background-color: rgba(0.0, 165.0, "
 "0, 0.15); border-radius: 3px;' title='1.0'>_||> "
 "},<||_html:</span>_||><||_html:<span style='background-color: rgba(0.0, "
 "165.0, 0, 0.15); border-radius: 3px;' title='1.0'>_||>\n"
 "<||_html:</span>_||><||_html:<span style='background-color: rgba(0.0, 165.0, "
 "0, 0.15); border-radius: 3px;' title='1.0'>_||>   "
 "<||_html:</span>_||><||_html:<span style='background-color: rgba(0.0, 165.0, "
 "0, 0.15); border-radius: 3px;' title='1.0'>_||> "
 "{<||_html:</span>_||><||_html:<span style='background-color: rgba(0.0, "
 "165.0, 0, 0.15); border-radius: 3px;' title='1.0'>_||>\n"
 "<||_html:</span>_||><||_html:<span style='background-color: rgba(0.0, 165.0, "
 "0, 0.15); border-radius: 3px;' title='1.0'>_||>     "
 "<||_html:</span>_||><||_html:<span style='background-color: rgba(0.0, 165.0, "
 "0, 0.15); border-radius: 3px;' title='1.0'>_||> "
 '"<||_html:</span>_||><||_html:<span style=\'background-color: rgba(0.0, '
 "165.0, 0, 0.15); border-radius: 3px;' "
 "title='1.0'>_||>type<||_html:</span>_||><||_html:<span "
 "style='background-color: rgba(0.0, 165.0, 0, 0.15); border-radius: 3px;' "
 'title=\'1.0\'>_||>":<||_html:</span>_||><||_html:<span '
 "style='background-color: rgba(0.0, 165.0, 0, 0.15); border-radius: 3px;' "
 'title=\'1.0\'>_||> "<||_html:</span>_||><||_html:<span '
 "style='background-color: rgba(0.0, 165.0, 0, 0.15); border-radius: 3px;' "
 "title='1.0'>_||>Product<||_html:</span>_||><||_html:<span "
 "style='background-color: rgba(0.0, 165.0, 0, 0.15); border-radius: 3px;' "
 'title=\'1.0\'>_||>",<||_html:</span>_||><||_html:<span '
 "style='background-color: rgba(0.0, 165.0, 0, 0.15); border-radius: 3px;' "
 "title='1.0'>_||>\n"
 "<||_html:</span>_||><||_html:<span style='background-color: rgba(0.0, 165.0, "
 "0, 0.15); border-radius: 3px;' title='1.0'>_||>     "
 "<||_html:</span>_||><||_html:<span style='background-color: rgba(0.0, 165.0, "
 "0, 0.15); border-radius: 3px;' title='1.0'>_||> "
 '"<||_html:</span>_||><||_html:<span style=\'background-color: rgba(0.0, '
 "165.0, 0, 0.15); border-radius: 3px;' "
 "title='1.0'>_||>field<||_html:</span>_||><||_html:<span "
 "style='background-color: rgba(0.0, 165.0, 0, 0.15); border-radius: 3px;' "
 'title=\'1.0\'>_||>":<||_html:</span>_||><||_html:<span '
 "style='background-color: rgba(0.0, 165.0, 0, 0.15); border-radius: 3px;' "
 'title=\'1.0\'>_||> "<||_html:</span>_||><||_html:<span '
 "style='background-color: rgba(0.0, 165.0, 0, 0.15); border-radius: 3px;' "
 "title='1.0'>_||>stock<||_html:</span>_||><||_html:<span "
 "style='background-color: rgba(0.0, 165.0, 0, 0.15); border-radius: 3px;' "
 'title=\'1.0\'>_||>",<||_html:</span>_||><||_html:<span '
 "style='background-color: rgba(0.0, 165.0, 0, 0.15); border-radius: 3px;' "
 "title='1.0'>_||>\n"
 "<||_html:</span>_||><||_html:<span style='background-color: rgba(0.0, 165.0, "
 "0, 0.15); border-radius: 3px;' title='1.0'>_||>     "
 "<||_html:</span>_||><||_html:<span style='background-color: rgba(0.0, 165.0, "
 "0, 0.15); border-radius: 3px;' title='1.0'>_||> "
 '"<||_html:</span>_||><||_html:<span style=\'background-color: rgba(0.0, '
 "165.0, 0, 0.15); border-radius: 3px;' "
 "title='1.0'>_||>change<||_html:</span>_||><||_html:<span "
 "style='background-color: rgba(0.0, 165.0, 0, 0.15); border-radius: 3px;' "
 'title=\'1.0\'>_||>":<||_html:</span>_||><||_html:<span '
 "style='background-color: rgba(0.0, 165.0, 0, 0.15); border-radius: 3px;' "
 'title=\'1.0\'>_||> "<||_html:</span>_||><||_html:<span '
 "style='background-color: rgba(0.0, 165.0, 0, 0.15); border-radius: 3px;' "
 "title='1.0'>_||>field<||_html:</span>_||><||_html:<span "
 "style='background-color: rgba(0.0, 165.0, 0, 0.15); border-radius: 3px;' "
 "title='1.0'>_||> removed<||_html:</span>_||><||_html:<span "
 "style='background-color: rgba(0.0, 165.0, 0, 0.15); border-radius: 3px;' "
 'title=\'1.0\'>_||>",<||_html:</span>_||><||_html:<span '
 "style='background-color: rgba(0.0, 165.0, 0, 0.15); border-radius: 3px;' "
 "title='1.0'>_||>\n"
 "<||_html:</span>_||><||_html:<span style='background-color: rgba(0.0, 165.0, "
 "0, 0.15); border-radius: 3px;' title='1.0'>_||>     "
 "<||_html:</span>_||><||_html:<span style='background-color: rgba(0.0, 165.0, "
 "0, 0.15); border-radius: 3px;' title='1.0'>_||> "
 '"<||_html:</span>_||><||_html:<span style=\'background-color: rgba(0.0, '
 "165.0, 0, 0.15); border-radius: 3px;' "
 "title='1.0'>_||>breaking<||_html:</span>_||><||_html:<span "
 "style='background-color: rgba(0.0, 165.0, 0, 0.15); border-radius: 3px;' "
 'title=\'1.0\'>_||>":<||_html:</span>_||><||_html:<span '
 "style='background-color: rgba(0.0, 165.0, 0, 0.15); border-radius: 3px;' "
 'title=\'1.0\'>_||> "<||_html:</span>_||><||_html:<span '
 "style='background-color: rgba(0.0, 165.0, 0, 0.15); border-radius: 3px;' "
 "title='1.0'>_||>true<||_html:</span>_||><||_html:<span "
 "style='background-color: rgba(0.0, 165.0, 0, 0.15); border-radius: 3px;' "
 'title=\'1.0\'>_||>",<||_html:</span>_||><||_html:<span '
 "style='background-color: rgba(0.0, 165.0, 0, 0.15); border-radius: 3px;' "
 "title='1.0'>_||>\n"
 "<||_html:</span>_||><||_html:<span style='background-color: rgba(0.0, 165.0, "
 "0, 0.15); border-radius: 3px;' title='1.0'>_||>     "
 "<||_html:</span>_||><||_html:<span style='background-color: rgba(0.0, 165.0, "
 "0, 0.15); border-radius: 3px;' title='1.0'>_||> "
 '"<||_html:</span>_||><||_html:<span style=\'background-color: rgba(0.0, '
 "165.0, 0, 0.15); border-radius: 3px;' "
 "title='1.0'>_||>release<||_html:</span>_||><||_html:<span "
 "style='background-color: rgba(0.0, 165.0, 0, 0.15); border-radius: 3px;' "
 "title='1.0'>_||>_<||_html:</span>_||><||_html:<span style='background-color: "
 "rgba(0.0, 165.0, 0, 0.15); border-radius: 3px;' "
 "title='1.0'>_||>note<||_html:</span>_||><||_html:<span "
 "style='background-color: rgba(0.0, 165.0, 0, 0.15); border-radius: 3px;' "
 'title=\'1.0\'>_||>":<||_html:</span>_||><||_html:<span '
 "style='background-color: rgba(0.0, 165.0, 0, 0.15); border-radius: 3px;' "
 'title=\'1.0\'>_||> "<||_html:</span>_||><||_html:<span '
 "style='background-color: rgba(0.0, 165.0, 0, 0.15); border-radius: 3px;' "
 "title='1.0'>_||>The<||_html:</span>_||><||_html:<span "
 "style='background-color: rgba(0.0, 165.0, 0, 0.15); border-radius: 3px;' "
 "title='1.0'>_||> '<||_html:</span>_||><||_html:<span "
 "style='background-color: rgba(0.0, 165.0, 0, 0.15); border-radius: 3px;' "
 "title='1.0'>_||>Product<||_html:</span>_||><||_html:<span "
 "style='background-color: rgba(0.0, 165.0, 0, 0.15); border-radius: 3px;' "
 "title='1.0'>_||>'<||_html:</span>_||><||_html:<span style='background-color: "
 "rgba(0.0, 165.0, 0, 0.15); border-radius: 3px;' title='1.0'>_||> "
 "type<||_html:</span>_||><||_html:<span style='background-color: rgba(0.0, "
 "165.0, 0, 0.15); border-radius: 3px;' title='1.0'>_||> "
 "no<||_html:</span>_||><||_html:<span style='background-color: rgba(0.0, "
 "165.0, 0, 0.15); border-radius: 3px;' title='1.0'>_||> "
 "longer<||_html:</span>_||><||_html:<span style='background-color: rgba(0.0, "
 "165.0, 0, 0.15); border-radius: 3px;' title='1.0'>_||> "
 "includes<||_html:</span>_||><||_html:<span style='background-color: "
 "rgba(0.0, 165.0, 0, 0.15); border-radius: 3px;' title='1.0'>_||> "
 "the<||_html:</span>_||><||_html:<span style='background-color: rgba(0.0, "
 "165.0, 0, 0.15); border-radius: 3px;' title='1.0'>_||> "
 "'<||_html:</span>_||><||_html:<span style='background-color: rgba(0.0, "
 "165.0, 0, 0.15); border-radius: 3px;' "
 "title='1.0'>_||>stock<||_html:</span>_||><||_html:<span "
 "style='background-color: rgba(0.0, 165.0, 0, 0.15); border-radius: 3px;' "
 "title='1.0'>_||>'<||_html:</span>_||><||_html:<span style='background-color: "
 "rgba(0.0, 165.0, 0, 0.15); border-radius: 3px;' title='1.0'>_||> "
 "field<||_html:</span>_||><||_html:<span style='background-color: rgba(0.0, "
 "165.0, 0, 0.15); border-radius: 3px;' "
 'title=\'1.0\'>_||>."<||_html:</span>_||><||_html:<span '
 "style='background-color: rgba(0.0, 165.0, 0, 0.15); border-radius: 3px;' "
 "title='1.0'>_||>\n"
 "<||_html:</span>_||><||_html:<span style='background-color: rgba(0.0, 165.0, "
 "0, 0.15); border-radius: 3px;' title='1.0'>_||>   "
 "<||_html:</span>_||><||_html:<span style='background-color: rgba(0.0, 165.0, "
 "0, 0.15); border-radius: 3px;' title='1.0'>_||> "
 "}<||_html:</span>_||><||_html:<span style='background-color: rgba(0.0, "
 "165.0, 0, 0.15); border-radius: 3px;' title='1.0'>_||>\n"
 "<||_html:</span>_||><||_html:<span style='background-color: rgba(0.0, 165.0, "
 "0, 0.15); border-radius: 3px;' title='1.0'>_||> "
 "<||_html:</span>_||><||_html:<span style='background-color: rgba(0.0, 165.0, "
 "0, 0.15); border-radius: 3px;' title='1.0'>_||> "
 "],<||_html:</span>_||><||_html:<span style='background-color: rgba(0.0, "
 "165.0, 0, 0.15); border-radius: 3px;' title='1.0'>_||>\n"
 "<||_html:</span>_||><||_html:<span style='background-color: rgba(0.0, 165.0, "
 "0, 0.15); border-radius: 3px;' title='1.0'>_||> "
 "<||_html:</span>_||><||_html:<span style='background-color: rgba(0.0, 165.0, "
 "0, 0.15); border-radius: 3px;' title='1.0'>_||> "
 '"<||_html:</span>_||><||_html:<span style=\'background-color: rgba(0.0, '
 "165.0, 0, 0.15); border-radius: 3px;' "
 "title='1.0'>_||>release<||_html:</span>_||><||_html:<span "
 "style='background-color: rgba(0.0, 165.0, 0, 0.15); border-radius: 3px;' "
 "title='1.0'>_||>_<||_html:</span>_||><||_html:<span style='background-color: "
 "rgba(0.0, 165.0, 0, 0.15); border-radius: 3px;' "
 "title='1.0'>_||>notes<||_html:</span>_||><||_html:<span "
 "style='background-color: rgba(0.0, 165.0, 0, 0.15); border-radius: 3px;' "
 'title=\'1.0\'>_||>":<||_html:</span>_||><||_html:<span '
 "style='background-color: rgba(0.0, 165.0, 0, 0.15); border-radius: 3px;' "
 "title='1.0'>_||> {<||_html:</span>_||><||_html:<span "
 "style='background-color: rgba(0.0, 165.0, 0, 0.15); border-radius: 3px;' "
 "title='1.0'>_||>\n"
 "<||_html:</span>_||><||_html:<span style='background-color: rgba(0.0, 165.0, "
 "0, 0.15); border-radius: 3px;' title='1.0'>_||>   "
 "<||_html:</span>_||><||_html:<span style='background-color: rgba(0.0, 165.0, "
 "0, 0.15); border-radius: 3px;' title='1.0'>_||> "
 '"<||_html:</span>_||><||_html:<span style=\'background-color: rgba(0.0, '
 "165.0, 0, 0.15); border-radius: 3px;' "
 "title='1.0'>_||>summary<||_html:</span>_||><||_html:<span "
 "style='background-color: rgba(0.0, 165.0, 0, 0.15); border-radius: 3px;' "
 'title=\'1.0\'>_||>":<||_html:</span>_||><||_html:<span '
 "style='background-color: rgba(0.0, 165.0, 0, 0.15); border-radius: 3px;' "
 'title=\'1.0\'>_||> "<||_html:</span>_||><||_html:<span '
 "style='background-color: rgba(0.0, 165.0, 0, 0.15); border-radius: 3px;' "
 "title='1.0'>_||>The<||_html:</span>_||><||_html:<span "
 "style='background-color: rgba(0.0, 165.0, 0, 0.15); border-radius: 3px;' "
 "title='1.0'>_||> '<||_html:</span>_||><||_html:<span "
 "style='background-color: rgba(0.0, 165.0, 0, 0.15); border-radius: 3px;' "
 "title='1.0'>_||>get<||_html:</span>_||><||_html:<span "
 "style='background-color: rgba(0.0, 165.0, 0, 0.15); border-radius: 3px;' "
 "title='1.0'>_||>Product<||_html:</span>_||><||_html:<span "
 "style='background-color: rgba(0.0, 165.0, 0, 0.15); border-radius: 3px;' "
 "title='1.0'>_||>'<||_html:</span>_||><||_html:<span style='background-color: "
 "rgba(0.0, 165.0, 0, 0.15); border-radius: 3px;' title='1.0'>_||> "
 "query<||_html:</span>_||><||_html:<span style='background-color: rgba(0.0, "
 "165.0, 0, 0.15); border-radius: 3px;' title='1.0'>_||> "
 "now<||_html:</span>_||><||_html:<span style='background-color: rgba(0.0, "
 "165.0, 0, 0.15); border-radius: 3px;' title='1.0'>_||> "
 "includes<||_html:</span>_||><||_html:<span style='background-color: "
 "rgba(0.0, 165.0, 0, 0.15); border-radius: 3px;' title='1.0'>_||> "
 "a<||_html:</span>_||><||_html:<span style='background-color: rgba(0.0, "
 "165.0, 0, 0.15); border-radius: 3px;' title='1.0'>_||> "
 "new<||_html:</span>_||><||_html:<span style='background-color: rgba(0.0, "
 "165.0, 0, 0.15); border-radius: 3px;' title='1.0'>_||> "
 "field<||_html:</span>_||><||_html:<span style='background-color: rgba(0.0, "
 "165.0, 0, 0.15); border-radius: 3px;' title='1.0'>_||> "
 "'<||_html:</span>_||><||_html:<span style='background-color: rgba(0.0, "
 "165.0, 0, 0.15); border-radius: 3px;' "
 "title='1.0'>_||>details<||_html:</span>_||><||_html:<span "
 "style='background-color: rgba(0.0, 165.0, 0, 0.15); border-radius: 3px;' "
 "title='1.0'>_||>'<||_html:</span>_||><||_html:<span style='background-color: "
 "rgba(0.0, 165.0, 0, 0.15); border-radius: 3px;' title='1.0'>_||> "
 "of<||_html:</span>_||><||_html:<span style='background-color: rgba(0.0, "
 "165.0, 0, 0.15); border-radius: 3px;' title='1.0'>_||> "
 "type<||_html:</span>_||><||_html:<span style='background-color: rgba(0.0, "
 "165.0, 0, 0.15); border-radius: 3px;' title='1.0'>_||> "
 "String<||_html:</span>_||><||_html:<span style='background-color: rgba(0.0, "
 "165.0, 0, 0.15); border-radius: 3px;' "
 "title='1.0'>_||>.<||_html:</span>_||><||_html:<span style='background-color: "
 "rgba(0.0, 165.0, 0, 0.15); border-radius: 3px;' title='1.0'>_||> "
 "The<||_html:</span>_||><||_html:<span style='background-color: rgba(0.0, "
 "165.0, 0, 0.15); border-radius: 3px;' title='1.0'>_||> "
 "'<||_html:</span>_||><||_html:<span style='background-color: rgba(0.0, "
 "165.0, 0, 0.15); border-radius: 3px;' "
 "title='1.0'>_||>Product<||_html:</span>_||><||_html:<span "
 "style='background-color: rgba(0.0, 165.0, 0, 0.15); border-radius: 3px;' "
 "title='1.0'>_||>'<||_html:</span>_||><||_html:<span style='background-color: "
 "rgba(0.0, 165.0, 0, 0.15); border-radius: 3px;' title='1.0'>_||> "
 "type<||_html:</span>_||><||_html:<span style='background-color: rgba(0.0, "
 "165.0, 0, 0.15); border-radius: 3px;' title='1.0'>_||> "
 "no<||_html:</span>_||><||_html:<span style='background-color: rgba(0.0, "
 "165.0, 0, 0.15); border-radius: 3px;' title='1.0'>_||> "
 "longer<||_html:</span>_||><||_html:<span style='background-color: rgba(0.0, "
 "165.0, 0, 0.15); border-radius: 3px;' title='1.0'>_||> "
 "includes<||_html:</span>_||><||_html:<span style='background-color: "
 "rgba(0.0, 165.0, 0, 0.15); border-radius: 3px;' title='1.0'>_||> "
 "the<||_html:</span>_||><||_html:<span style='background-color: rgba(0.0, "
 "165.0, 0, 0.15); border-radius: 3px;' title='1.0'>_||> "
 "'<||_html:</span>_||><||_html:<span style='background-color: rgba(0.0, "
 "165.0, 0, 0.15); border-radius: 3px;' "
 "title='1.0'>_||>description<||_html:</span>_||><||_html:<span "
 "style='background-color: rgba(0.0, 165.0, 0, 0.15); border-radius: 3px;' "
 "title='1.0'>_||>'<||_html:</span>_||><||_html:<span style='background-color: "
 "rgba(0.0, 165.0, 0, 0.15); border-radius: 3px;' title='1.0'>_||> "
 "and<||_html:</span>_||><||_html:<span style='background-color: rgba(0.0, "
 "165.0, 0, 0.15); border-radius: 3px;' title='1.0'>_||> "
 "'<||_html:</span>_||><||_html:<span style='background-color: rgba(0.0, "
 "165.0, 0, 0.15); border-radius: 3px;' "
 "title='1.0'>_||>stock<||_html:</span>_||><||_html:<span "
 "style='background-color: rgba(0.0, 165.0, 0, 0.15); border-radius: 3px;' "
 "title='1.0'>_||>'<||_html:</span>_||><||_html:<span style='background-color: "
 "rgba(0.0, 165.0, 0, 0.15); border-radius: 3px;' title='1.0'>_||> "
 "fields<||_html:</span>_||><||_html:<span style='background-color: rgba(0.0, "
 "165.0, 0, 0.15); border-radius: 3px;' "
 'title=\'1.0\'>_||>."<||_html:</span>_||><||_html:<span '
 "style='background-color: rgba(0.0, 165.0, 0, 0.15); border-radius: 3px;' "
 "title='1.0'>_||>\n"
 "<||_html:</span>_||><||_html:<span style='background-color: rgba(0.0, 165.0, "
 "0, 0.15); border-radius: 3px;' title='1.0'>_||> "
 "<||_html:</span>_||><||_html:<span style='background-color: rgba(0.0, 165.0, "
 "0, 0.15); border-radius: 3px;' title='1.0'>_||> "
 "}<||_html:</span>_||><||_html:<span style='background-color: rgba(0.0, "
 "165.0, 0, 0.15); border-radius: 3px;' title='1.0'>_||>\n"
 "<||_html:</span>_||><||_html:<span style='background-color: rgba(0.0, 165.0, "
 "0, 0.15); border-radius: 3px;' "
 'title=\'1.0\'>_||>}<||_html:</span>_||>{"changes":<||_html:<span '
 "style='background-color: rgba(0.0, 165.0, 0, 0.15); border-radius: 3px;' "
 "title='1.0'>_||>[<||_html:</span>_||><||_html:<span style='background-color: "
 "rgba(0.0, 165.0, 0, 0.15); border-radius: 3px;' "
 'title=\'1.0\'>_||>{"<||_html:</span>_||>type<||_html:<span '
 "style='background-color: rgba(0.0, 165.0, 0, 0.15); border-radius: 3px;' "
 'title=\'1.0\'>_||>":"<||_html:</span>_||><||_html:<span '
 "style='background-color: rgba(0.0, 165.0, 0, 0.15); border-radius: 3px;' "
 "title='1.0'>_||>Query<||_html:</span>_||><||_html:<span "
 "style='background-color: rgba(0.0, 165.0, 0, 0.15); border-radius: 3px;' "
 'title=\'1.0\'>_||>","<||_html:</span>_||>field<||_html:<span '
 "style='background-color: rgba(0.0, 165.0, 0, 0.15); border-radius: 3px;' "
 'title=\'1.0\'>_||>":"<||_html:</span>_||><||_html:<span '
 "style='background-color: rgba(0.0, 165.0, 0, 0.15); border-radius: 3px;' "
 "title='1.0'>_||>get<||_html:</span>_||><||_html:<span "
 "style='background-color: rgba(0.0, 165.0, 0, 0.15); border-radius: 3px;' "
 "title='1.0'>_||>Product<||_html:</span>_||><||_html:<span "
 "style='background-color: rgba(0.0, 165.0, 0, 0.15); border-radius: 3px;' "
 'title=\'1.0\'>_||>","<||_html:</span>_||>change<||_html:<span '
 "style='background-color: rgba(0.0, 165.0, 0, 0.15); border-radius: 3px;' "
 'title=\'1.0\'>_||>":"<||_html:</span>_||><||_html:<span '
 "style='background-color: rgba(0.0, 165.0, 0, 0.15); border-radius: 3px;' "
 "title='1.0'>_||>field<||_html:</span>_||><||_html:<span "
 "style='background-color: rgba(0.0, 165.0, 0, 0.15); border-radius: 3px;' "
 "title='1.0'>_||> details<||_html:</span>_||><||_html:<span "
 "style='background-color: rgba(0.0, 165.0, 0, 0.15); border-radius: 3px;' "
 "title='1.0'>_||> added<||_html:</span>_||><||_html:<span "
 "style='background-color: rgba(0.0, 165.0, 0, 0.15); border-radius: 3px;' "
 'title=\'1.0\'>_||>","<||_html:</span>_||>breaking<||_html:<span '
 "style='background-color: rgba(0.0, 165.0, 0, 0.15); border-radius: 3px;' "
 'title=\'1.0\'>_||>":<||_html:</span>_||><||_html:<span '
 "style='background-color: rgba(0.0, 165.0, 0, 0.15); border-radius: 3px;' "
 'title=\'1.0\'>_||>false<||_html:</span>_||>,"release_note<||_html:<span '
 "style='background-color: rgba(0.0, 165.0, 0, 0.15); border-radius: 3px;' "
 'title=\'1.0\'>_||>":"<||_html:</span>_||><||_html:<span '
 "style='background-color: rgba(0.0, 165.0, 0, 0.15); border-radius: 3px;' "
 "title='1.0'>_||>The<||_html:</span>_||><||_html:<span "
 "style='background-color: rgba(0.0, 165.0, 0, 0.15); border-radius: 3px;' "
 "title='1.0'>_||> '<||_html:</span>_||><||_html:<span "
 "style='background-color: rgba(0.0, 165.0, 0, 0.15); border-radius: 3px;' "
 "title='1.0'>_||>get<||_html:</span>_||><||_html:<span "
 "style='background-color: rgba(0.0, 165.0, 0, 0.15); border-radius: 3px;' "
 "title='1.0'>_||>Product<||_html:</span>_||><||_html:<span "
 "style='background-color: rgba(0.0, 165.0, 0, 0.15); border-radius: 3px;' "
 "title='1.0'>_||>'<||_html:</span>_||><||_html:<span style='background-color: "
 "rgba(0.0, 165.0, 0, 0.15); border-radius: 3px;' title='1.0'>_||> "
 "query<||_html:</span>_||><||_html:<span style='background-color: rgba(0.0, "
 "165.0, 0, 0.15); border-radius: 3px;' title='1.0'>_||> "
 "now<||_html:</span>_||><||_html:<span style='background-color: rgba(0.0, "
 "165.0, 0, 0.15); border-radius: 3px;' title='1.0'>_||> "
 "includes<||_html:</span>_||><||_html:<span style='background-color: "
 "rgba(0.0, 165.0, 0, 0.15); border-radius: 3px;' title='1.0'>_||> "
 "a<||_html:</span>_||><||_html:<span style='background-color: rgba(0.0, "
 "165.0, 0, 0.15); border-radius: 3px;' title='1.0'>_||> "
 "new<||_html:</span>_||><||_html:<span style='background-color: rgba(0.0, "
 "165.0, 0, 0.15); border-radius: 3px;' title='1.0'>_||> "
 "field<||_html:</span>_||><||_html:<span style='background-color: rgba(0.0, "
 "165.0, 0, 0.15); border-radius: 3px;' title='1.0'>_||> "
 "'<||_html:</span>_||><||_html:<span style='background-color: rgba(0.0, "
 "165.0, 0, 0.15); border-radius: 3px;' "
 "title='1.0'>_||>details<||_html:</span>_||><||_html:<span "
 "style='background-color: rgba(0.0, 165.0, 0, 0.15); border-radius: 3px;' "
 "title='1.0'>_||>'<||_html:</span>_||><||_html:<span style='background-color: "
 "rgba(0.0, 165.0, 0, 0.15); border-radius: 3px;' title='1.0'>_||> "
 "of<||_html:</span>_||><||_html:<span style='background-color: rgba(0.0, "
 "165.0, 0, 0.15); border-radius: 3px;' title='1.0'>_||> "
 "type<||_html:</span>_||><||_html:<span style='background-color: rgba(0.0, "
 "165.0, 0, 0.15); border-radius: 3px;' title='1.0'>_||> "
 "String<||_html:</span>_||><||_html:<span style='background-color: rgba(0.0, "
 "165.0, 0, 0.15); border-radius: 3px;' "
 'title=\'1.0\'>_||>."<||_html:</span>_||><||_html:<span '
 "style='background-color: rgba(0.0, 165.0, 0, 0.15); border-radius: 3px;' "
 'title=\'1.0\'>_||>},<||_html:</span>_||>{"type<||_html:<span '
 "style='background-color: rgba(0.0, 165.0, 0, 0.15); border-radius: 3px;' "
 'title=\'1.0\'>_||>":"<||_html:</span>_||><||_html:<span '
 "style='background-color: rgba(0.0, 165.0, 0, 0.15); border-radius: 3px;' "
 "title='1.0'>_||>Product<||_html:</span>_||><||_html:<span "
 "style='background-color: rgba(0.0, 165.0, 0, 0.15); border-radius: 3px;' "
 'title=\'1.0\'>_||>","<||_html:</span>_||>field<||_html:<span '
 "style='background-color: rgba(0.0, 165.0, 0, 0.15); border-radius: 3px;' "
 'title=\'1.0\'>_||>":"<||_html:</span>_||><||_html:<span '
 "style='background-color: rgba(0.0, 165.0, 0, 0.15); border-radius: 3px;' "
 "title='1.0'>_||>description<||_html:</span>_||><||_html:<span "
 "style='background-color: rgba(0.0, 165.0, 0, 0.15); border-radius: 3px;' "
 'title=\'1.0\'>_||>","<||_html:</span>_||>change<||_html:<span '
 "style='background-color: rgba(0.0, 165.0, 0, 0.15); border-radius: 3px;' "
 'title=\'1.0\'>_||>":"<||_html:</span>_||><||_html:<span '
 "style='background-color: rgba(0.0, 165.0, 0, 0.15); border-radius: 3px;' "
 "title='1.0'>_||>field<||_html:</span>_||><||_html:<span "
 "style='background-color: rgba(0.0, 165.0, 0, 0.15); border-radius: 3px;' "
 "title='1.0'>_||> removed<||_html:</span>_||><||_html:<span "
 "style='background-color: rgba(0.0, 165.0, 0, 0.15); border-radius: 3px;' "
 'title=\'1.0\'>_||>","<||_html:</span>_||>breaking<||_html:<span '
 "style='background-color: rgba(0.0, 165.0, 0, 0.15); border-radius: 3px;' "
 'title=\'1.0\'>_||>":<||_html:</span>_||><||_html:<span '
 "style='background-color: rgba(0.0, 165.0, 0, 0.15); border-radius: 3px;' "
 'title=\'1.0\'>_||>true<||_html:</span>_||>,"release_note<||_html:<span '
 "style='background-color: rgba(0.0, 165.0, 0, 0.15); border-radius: 3px;' "
 'title=\'1.0\'>_||>":"<||_html:</span>_||><||_html:<span '
 "style='background-color: rgba(0.0, 165.0, 0, 0.15); border-radius: 3px;' "
 "title='1.0'>_||>The<||_html:</span>_||><||_html:<span "
 "style='background-color: rgba(0.0, 165.0, 0, 0.15); border-radius: 3px;' "
 "title='1.0'>_||> '<||_html:</span>_||><||_html:<span "
 "style='background-color: rgba(0.0, 165.0, 0, 0.15); border-radius: 3px;' "
 "title='1.0'>_||>Product<||_html:</span>_||><||_html:<span "
 "style='background-color: rgba(0.0, 165.0, 0, 0.15); border-radius: 3px;' "
 "title='1.0'>_||>'<||_html:</span>_||><||_html:<span style='background-color: "
 "rgba(0.0, 165.0, 0, 0.15); border-radius: 3px;' title='1.0'>_||> "
 "type<||_html:</span>_||><||_html:<span style='background-color: rgba(0.0, "
 "165.0, 0, 0.15); border-radius: 3px;' title='1.0'>_||> "
 "no<||_html:</span>_||><||_html:<span style='background-color: rgba(0.0, "
 "165.0, 0, 0.15); border-radius: 3px;' title='1.0'>_||> "
 "longer<||_html:</span>_||><||_html:<span style='background-color: rgba(0.0, "
 "165.0, 0, 0.15); border-radius: 3px;' title='1.0'>_||> "
 "includes<||_html:</span>_||><||_html:<span style='background-color: "
 "rgba(0.0, 165.0, 0, 0.15); border-radius: 3px;' title='1.0'>_||> "
 "the<||_html:</span>_||><||_html:<span style='background-color: rgba(0.0, "
 "165.0, 0, 0.15); border-radius: 3px;' title='1.0'>_||> "
 "'<||_html:</span>_||><||_html:<span style='background-color: rgba(0.0, "
 "165.0, 0, 0.15); border-radius: 3px;' "
 "title='1.0'>_||>description<||_html:</span>_||><||_html:<span "
 "style='background-color: rgba(0.0, 165.0, 0, 0.15); border-radius: 3px;' "
 "title='1.0'>_||>'<||_html:</span>_||><||_html:<span style='background-color: "
 "rgba(0.0, 165.0, 0, 0.15); border-radius: 3px;' title='1.0'>_||> "
 "field<||_html:</span>_||><||_html:<span style='background-color: rgba(0.0, "
 "165.0, 0, 0.15); border-radius: 3px;' "
 'title=\'1.0\'>_||>."<||_html:</span>_||><||_html:<span '
 "style='background-color: rgba(0.0, 165.0, 0, 0.15); border-radius: 3px;' "
 'title=\'1.0\'>_||>},<||_html:</span>_||>{"type<||_html:<span '
 "style='background-color: rgba(0.0, 165.0, 0, 0.15); border-radius: 3px;' "
 'title=\'1.0\'>_||>":"<||_html:</span>_||><||_html:<span '
 "style='background-color: rgba(0.0, 165.0, 0, 0.15); border-radius: 3px;' "
 "title='1.0'>_||>Product<||_html:</span>_||><||_html:<span "
 "style='background-color: rgba(0.0, 165.0, 0, 0.15); border-radius: 3px;' "
 'title=\'1.0\'>_||>","<||_html:</span>_||>field<||_html:<span '
 "style='background-color: rgba(0.0, 165.0, 0, 0.15); border-radius: 3px;' "
 'title=\'1.0\'>_||>":"<||_html:</span>_||><||_html:<span '
 "style='background-color: rgba(0.0, 165.0, 0, 0.15); border-radius: 3px;' "
 "title='1.0'>_||>stock<||_html:</span>_||><||_html:<span "
 "style='background-color: rgba(0.0, 165.0, 0, 0.15); border-radius: 3px;' "
 'title=\'1.0\'>_||>","<||_html:</span>_||>change<||_html:<span '
 "style='background-color: rgba(0.0, 165.0, 0, 0.15); border-radius: 3px;' "
 'title=\'1.0\'>_||>":"<||_html:</span>_||><||_html:<span '
 "style='background-color: rgba(0.0, 165.0, 0, 0.15); border-radius: 3px;' "
 "title='1.0'>_||>field<||_html:</span>_||><||_html:<span "
 "style='background-color: rgba(0.0, 165.0, 0, 0.15); border-radius: 3px;' "
 "title='1.0'>_||> removed<||_html:</span>_||><||_html:<span "
 "style='background-color: rgba(0.0, 165.0, 0, 0.15); border-radius: 3px;' "
 'title=\'1.0\'>_||>","<||_html:</span>_||>breaking<||_html:<span '
 "style='background-color: rgba(0.0, 165.0, 0, 0.15); border-radius: 3px;' "
 'title=\'1.0\'>_||>":<||_html:</span>_||><||_html:<span '
 "style='background-color: rgba(0.0, 165.0, 0, 0.15); border-radius: 3px;' "
 'title=\'1.0\'>_||>true<||_html:</span>_||>,"release_note<||_html:<span '
 "style='background-color: rgba(0.0, 165.0, 0, 0.15); border-radius: 3px;' "
 'title=\'1.0\'>_||>":"<||_html:</span>_||><||_html:<span '
 "style='background-color: rgba(0.0, 165.0, 0, 0.15); border-radius: 3px;' "
 "title='1.0'>_||>The<||_html:</span>_||><||_html:<span "
 "style='background-color: rgba(0.0, 165.0, 0, 0.15); border-radius: 3px;' "
 "title='1.0'>_||> '<||_html:</span>_||><||_html:<span "
 "style='background-color: rgba(0.0, 165.0, 0, 0.15); border-radius: 3px;' "
 "title='1.0'>_||>Product<||_html:</span>_||><||_html:<span "
 "style='background-color: rgba(0.0, 165.0, 0, 0.15); border-radius: 3px;' "
 "title='1.0'>_||>'<||_html:</span>_||><||_html:<span style='background-color: "
 "rgba(0.0, 165.0, 0, 0.15); border-radius: 3px;' title='1.0'>_||> "
 "type<||_html:</span>_||><||_html:<span style='background-color: rgba(0.0, "
 "165.0, 0, 0.15); border-radius: 3px;' title='1.0'>_||> "
 "no<||_html:</span>_||><||_html:<span style='background-color: rgba(0.0, "
 "165.0, 0, 0.15); border-radius: 3px;' title='1.0'>_||> "
 "longer<||_html:</span>_||><||_html:<span style='background-color: rgba(0.0, "
 "165.0, 0, 0.15); border-radius: 3px;' title='1.0'>_||> "
 "includes<||_html:</span>_||><||_html:<span style='background-color: "
 "rgba(0.0, 165.0, 0, 0.15); border-radius: 3px;' title='1.0'>_||> "
 "the<||_html:</span>_||><||_html:<span style='background-color: rgba(0.0, "
 "165.0, 0, 0.15); border-radius: 3px;' title='1.0'>_||> "
 "'<||_html:</span>_||><||_html:<span style='background-color: rgba(0.0, "
 "165.0, 0, 0.15); border-radius: 3px;' "
 "title='1.0'>_||>stock<||_html:</span>_||><||_html:<span "
 "style='background-color: rgba(0.0, 165.0, 0, 0.15); border-radius: 3px;' "
 "title='1.0'>_||>'<||_html:</span>_||><||_html:<span style='background-color: "
 "rgba(0.0, 165.0, 0, 0.15); border-radius: 3px;' title='1.0'>_||> "
 "field<||_html:</span>_||><||_html:<span style='background-color: rgba(0.0, "
 "165.0, 0, 0.15); border-radius: 3px;' "
 'title=\'1.0\'>_||>."<||_html:</span>_||><||_html:<span '
 "style='background-color: rgba(0.0, 165.0, 0, 0.15); border-radius: 3px;' "
 'title=\'1.0\'>_||>}]<||_html:</span>_||>,"release_notes":{"summary<||_html:<span '
 "style='background-color: rgba(0.0, 165.0, 0, 0.15); border-radius: 3px;' "
 'title=\'1.0\'>_||>":"<||_html:</span>_||><||_html:<span '
 "style='background-color: rgba(0.0, 165.0, 0, 0.15); border-radius: 3px;' "
 "title='1.0'>_||>The<||_html:</span>_||><||_html:<span "
 "style='background-color: rgba(0.0, 165.0, 0, 0.15); border-radius: 3px;' "
 "title='1.0'>_||> '<||_html:</span>_||><||_html:<span "
 "style='background-color: rgba(0.0, 165.0, 0, 0.15); border-radius: 3px;' "
 "title='1.0'>_||>get<||_html:</span>_||><||_html:<span "
 "style='background-color: rgba(0.0, 165.0, 0, 0.15); border-radius: 3px;' "
 "title='1.0'>_||>Product<||_html:</span>_||><||_html:<span "
 "style='background-color: rgba(0.0, 165.0, 0, 0.15); border-radius: 3px;' "
 "title='1.0'>_||>'<||_html:</span>_||><||_html:<span style='background-color: "
 "rgba(0.0, 165.0, 0, 0.15); border-radius: 3px;' title='1.0'>_||> "
 "query<||_html:</span>_||><||_html:<span style='background-color: rgba(0.0, "
 "165.0, 0, 0.15); border-radius: 3px;' title='1.0'>_||> "
 "now<||_html:</span>_||><||_html:<span style='background-color: rgba(0.0, "
 "165.0, 0, 0.15); border-radius: 3px;' title='1.0'>_||> "
 "includes<||_html:</span>_||><||_html:<span style='background-color: "
 "rgba(0.0, 165.0, 0, 0.15); border-radius: 3px;' title='1.0'>_||>")
('Analyze the following two GraphQL schemas for changes, including both '
 'breaking and non-breaking changes.\n'
 '\n'
 '                        Provide your analysis in the following JSON format:\n'
 '                        {\n'
 '                          "changes": [\n'
 '                            {\n'
 '                              "type": "String representing the GraphQL type '
 '(e.g., Query, Mutation, Subscription)",\n'
 '                              "field": "String representing the specific '
 'field that changed",\n'
 '                              "change": "String describing the change (e.g., '
 'field renamed, new field added, field removed)",\n'
 '                              "breaking": "Boolean indicating if the change '
 'is breaking (true) or non-breaking (false)",\n'
 '                              "release_note": "String with a natural '
 'language description of the change for release notes"\n'
 '                            }\n'
 '                          ],\n'
 '                          "release_notes": {\n'
 '                              "summary": "String summarizing all changes, '
 'suitable for a mailing list or public announcement"\n'
 '                          }\n'
 '                        }\n'
 '\n'
 '                        When analyzing, consider the following types of '
 'changes:\n'
 '                        1. Removing fields or types (breaking)\n'
 '                        2. Changing field types (potentially breaking)\n'
 '                        3. Adding required fields (breaking)\n'
 '                        4. Changing the type of existing arguments '
 '(breaking)\n'
 '                        5. Adding optional fields (non-breaking)\n'
 '                        6. Adding new types (non-breaking)\n'
 '                        7. Deprecating fields (non-breaking)\n'
 '\n'
 '                        Ensure that each change is categorized correctly as '
 'breaking or non-breaking.: type Query {\n'
 '  getProduct(id: ID!): Product\n'
 '}\n'
 '\n'
 'type Product {\n'
 '  id: ID\n'
 '  name: String\n'
 '  description: String\n'
 '  price: Float\n'
 '  stock: Int\n'
 '}\n'
 ', type Query {\n'
 '  getProduct(id: ID!): Product\n'
 '}\n'
 '\n'
 'type Product {\n'
 '  id: ID\n'
 '  name: String\n'
 '  details: String\n'
 '  price: Float\n'
 '}\n'
 '\n'
 "Answer:<||_html:<span style='background-color: rgba(0.0, 165.0, 0, 0.15); "
 "border-radius: 3px;' title='1.0'>_||> {<||_html:</span>_||><||_html:<span "
 "style='background-color: rgba(0.0, 165.0, 0, 0.15); border-radius: 3px;' "
 "title='1.0'>_||>\n"
 "<||_html:</span>_||><||_html:<span style='background-color: rgba(0.0, 165.0, "
 "0, 0.15); border-radius: 3px;' title='1.0'>_||> "
 "<||_html:</span>_||><||_html:<span style='background-color: rgba(0.0, 165.0, "
 "0, 0.15); border-radius: 3px;' title='1.0'>_||> "
 '"<||_html:</span>_||><||_html:<span style=\'background-color: rgba(0.0, '
 "165.0, 0, 0.15); border-radius: 3px;' "
 "title='1.0'>_||>changes<||_html:</span>_||><||_html:<span "
 "style='background-color: rgba(0.0, 165.0, 0, 0.15); border-radius: 3px;' "
 'title=\'1.0\'>_||>":<||_html:</span>_||><||_html:<span '
 "style='background-color: rgba(0.0, 165.0, 0, 0.15); border-radius: 3px;' "
 "title='1.0'>_||> [<||_html:</span>_||><||_html:<span "
 "style='background-color: rgba(0.0, 165.0, 0, 0.15); border-radius: 3px;' "
 "title='1.0'>_||>\n"
 "<||_html:</span>_||><||_html:<span style='background-color: rgba(0.0, 165.0, "
 "0, 0.15); border-radius: 3px;' title='1.0'>_||>   "
 "<||_html:</span>_||><||_html:<span style='background-color: rgba(0.0, 165.0, "
 "0, 0.15); border-radius: 3px;' title='1.0'>_||> "
 "{<||_html:</span>_||><||_html:<span style='background-color: rgba(0.0, "
 "165.0, 0, 0.15); border-radius: 3px;' title='1.0'>_||>\n"
 "<||_html:</span>_||><||_html:<span style='background-color: rgba(0.0, 165.0, "
 "0, 0.15); border-radius: 3px;' title='1.0'>_||>     "
 "<||_html:</span>_||><||_html:<span style='background-color: rgba(0.0, 165.0, "
 "0, 0.15); border-radius: 3px;' title='1.0'>_||> "
 '"<||_html:</span>_||><||_html:<span style=\'background-color: rgba(0.0, '
 "165.0, 0, 0.15); border-radius: 3px;' "
 "title='1.0'>_||>type<||_html:</span>_||><||_html:<span "
 "style='background-color: rgba(0.0, 165.0, 0, 0.15); border-radius: 3px;' "
 'title=\'1.0\'>_||>":<||_html:</span>_||><||_html:<span '
 "style='background-color: rgba(0.0, 165.0, 0, 0.15); border-radius: 3px;' "
 'title=\'1.0\'>_||> "<||_html:</span>_||><||_html:<span '
 "style='background-color: rgba(0.0, 165.0, 0, 0.15); border-radius: 3px;' "
 "title='1.0'>_||>Query<||_html:</span>_||><||_html:<span "
 "style='background-color: rgba(0.0, 165.0, 0, 0.15); border-radius: 3px;' "
 'title=\'1.0\'>_||>",<||_html:</span>_||><||_html:<span '
 "style='background-color: rgba(0.0, 165.0, 0, 0.15); border-radius: 3px;' "
 "title='1.0'>_||>\n"
 "<||_html:</span>_||><||_html:<span style='background-color: rgba(0.0, 165.0, "
 "0, 0.15); border-radius: 3px;' title='1.0'>_||>     "
 "<||_html:</span>_||><||_html:<span style='background-color: rgba(0.0, 165.0, "
 "0, 0.15); border-radius: 3px;' title='1.0'>_||> "
 '"<||_html:</span>_||><||_html:<span style=\'background-color: rgba(0.0, '
 "165.0, 0, 0.15); border-radius: 3px;' "
 "title='1.0'>_||>field<||_html:</span>_||><||_html:<span "
 "style='background-color: rgba(0.0, 165.0, 0, 0.15); border-radius: 3px;' "
 'title=\'1.0\'>_||>":<||_html:</span>_||><||_html:<span '
 "style='background-color: rgba(0.0, 165.0, 0, 0.15); border-radius: 3px;' "
 'title=\'1.0\'>_||> "<||_html:</span>_||><||_html:<span '
 "style='background-color: rgba(0.0, 165.0, 0, 0.15); border-radius: 3px;' "
 "title='1.0'>_||>get<||_html:</span>_||><||_html:<span "
 "style='background-color: rgba(0.0, 165.0, 0, 0.15); border-radius: 3px;' "
 "title='1.0'>_||>Product<||_html:</span>_||><||_html:<span "
 "style='background-color: rgba(0.0, 165.0, 0, 0.15); border-radius: 3px;' "
 'title=\'1.0\'>_||>",<||_html:</span>_||><||_html:<span '
 "style='background-color: rgba(0.0, 165.0, 0, 0.15); border-radius: 3px;' "
 "title='1.0'>_||>\n"
 "<||_html:</span>_||><||_html:<span style='background-color: rgba(0.0, 165.0, "
 "0, 0.15); border-radius: 3px;' title='1.0'>_||>     "
 "<||_html:</span>_||><||_html:<span style='background-color: rgba(0.0, 165.0, "
 "0, 0.15); border-radius: 3px;' title='1.0'>_||> "
 '"<||_html:</span>_||><||_html:<span style=\'background-color: rgba(0.0, '
 "165.0, 0, 0.15); border-radius: 3px;' "
 "title='1.0'>_||>change<||_html:</span>_||><||_html:<span "
 "style='background-color: rgba(0.0, 165.0, 0, 0.15); border-radius: 3px;' "
 'title=\'1.0\'>_||>":<||_html:</span>_||><||_html:<span '
 "style='background-color: rgba(0.0, 165.0, 0, 0.15); border-radius: 3px;' "
 'title=\'1.0\'>_||> "<||_html:</span>_||><||_html:<span '
 "style='background-color: rgba(0.0, 165.0, 0, 0.15); border-radius: 3px;' "
 "title='1.0'>_||>field<||_html:</span>_||><||_html:<span "
 "style='background-color: rgba(0.0, 165.0, 0, 0.15); border-radius: 3px;' "
 "title='1.0'>_||> details<||_html:</span>_||><||_html:<span "
 "style='background-color: rgba(0.0, 165.0, 0, 0.15); border-radius: 3px;' "
 "title='1.0'>_||> added<||_html:</span>_||><||_html:<span "
 "style='background-color: rgba(0.0, 165.0, 0, 0.15); border-radius: 3px;' "
 'title=\'1.0\'>_||>",<||_html:</span>_||><||_html:<span '
 "style='background-color: rgba(0.0, 165.0, 0, 0.15); border-radius: 3px;' "
 "title='1.0'>_||>\n"
 "<||_html:</span>_||><||_html:<span style='background-color: rgba(0.0, 165.0, "
 "0, 0.15); border-radius: 3px;' title='1.0'>_||>     "
 "<||_html:</span>_||><||_html:<span style='background-color: rgba(0.0, 165.0, "
 "0, 0.15); border-radius: 3px;' title='1.0'>_||> "
 '"<||_html:</span>_||><||_html:<span style=\'background-color: rgba(0.0, '
 "165.0, 0, 0.15); border-radius: 3px;' "
 "title='1.0'>_||>breaking<||_html:</span>_||><||_html:<span "
 "style='background-color: rgba(0.0, 165.0, 0, 0.15); border-radius: 3px;' "
 'title=\'1.0\'>_||>":<||_html:</span>_||><||_html:<span '
 "style='background-color: rgba(0.0, 165.0, 0, 0.15); border-radius: 3px;' "
 'title=\'1.0\'>_||> "<||_html:</span>_||><||_html:<span '
 "style='background-color: rgba(0.0, 165.0, 0, 0.15); border-radius: 3px;' "
 "title='1.0'>_||>false<||_html:</span>_||><||_html:<span "
 "style='background-color: rgba(0.0, 165.0, 0, 0.15); border-radius: 3px;' "
 'title=\'1.0\'>_||>",<||_html:</span>_||><||_html:<span '
 "style='background-color: rgba(0.0, 165.0, 0, 0.15); border-radius: 3px;' "
 "title='1.0'>_||>\n"
 "<||_html:</span>_||><||_html:<span style='background-color: rgba(0.0, 165.0, "
 "0, 0.15); border-radius: 3px;' title='1.0'>_||>     "
 "<||_html:</span>_||><||_html:<span style='background-color: rgba(0.0, 165.0, "
 "0, 0.15); border-radius: 3px;' title='1.0'>_||> "
 '"<||_html:</span>_||><||_html:<span style=\'background-color: rgba(0.0, '
 "165.0, 0, 0.15); border-radius: 3px;' "
 "title='1.0'>_||>release<||_html:</span>_||><||_html:<span "
 "style='background-color: rgba(0.0, 165.0, 0, 0.15); border-radius: 3px;' "
 "title='1.0'>_||>_<||_html:</span>_||><||_html:<span style='background-color: "
 "rgba(0.0, 165.0, 0, 0.15); border-radius: 3px;' "
 "title='1.0'>_||>note<||_html:</span>_||><||_html:<span "
 "style='background-color: rgba(0.0, 165.0, 0, 0.15); border-radius: 3px;' "
 'title=\'1.0\'>_||>":<||_html:</span>_||><||_html:<span '
 "style='background-color: rgba(0.0, 165.0, 0, 0.15); border-radius: 3px;' "
 'title=\'1.0\'>_||> "<||_html:</span>_||><||_html:<span '
 "style='background-color: rgba(0.0, 165.0, 0, 0.15); border-radius: 3px;' "
 "title='1.0'>_||>The<||_html:</span>_||><||_html:<span "
 "style='background-color: rgba(0.0, 165.0, 0, 0.15); border-radius: 3px;' "
 "title='1.0'>_||> '<||_html:</span>_||><||_html:<span "
 "style='background-color: rgba(0.0, 165.0, 0, 0.15); border-radius: 3px;' "
 "title='1.0'>_||>get<||_html:</span>_||><||_html:<span "
 "style='background-color: rgba(0.0, 165.0, 0, 0.15); border-radius: 3px;' "
 "title='1.0'>_||>Product<||_html:</span>_||><||_html:<span "
 "style='background-color: rgba(0.0, 165.0, 0, 0.15); border-radius: 3px;' "
 "title='1.0'>_||>'<||_html:</span>_||><||_html:<span style='background-color: "
 "rgba(0.0, 165.0, 0, 0.15); border-radius: 3px;' title='1.0'>_||> "
 "query<||_html:</span>_||><||_html:<span style='background-color: rgba(0.0, "
 "165.0, 0, 0.15); border-radius: 3px;' title='1.0'>_||> "
 "now<||_html:</span>_||><||_html:<span style='background-color: rgba(0.0, "
 "165.0, 0, 0.15); border-radius: 3px;' title='1.0'>_||> "
 "includes<||_html:</span>_||><||_html:<span style='background-color: "
 "rgba(0.0, 165.0, 0, 0.15); border-radius: 3px;' title='1.0'>_||> "
 "a<||_html:</span>_||><||_html:<span style='background-color: rgba(0.0, "
 "165.0, 0, 0.15); border-radius: 3px;' title='1.0'>_||> "
 "new<||_html:</span>_||><||_html:<span style='background-color: rgba(0.0, "
 "165.0, 0, 0.15); border-radius: 3px;' title='1.0'>_||> "
 "field<||_html:</span>_||><||_html:<span style='background-color: rgba(0.0, "
 "165.0, 0, 0.15); border-radius: 3px;' title='1.0'>_||> "
 "'<||_html:</span>_||><||_html:<span style='background-color: rgba(0.0, "
 "165.0, 0, 0.15); border-radius: 3px;' "
 "title='1.0'>_||>details<||_html:</span>_||><||_html:<span "
 "style='background-color: rgba(0.0, 165.0, 0, 0.15); border-radius: 3px;' "
 "title='1.0'>_||>'<||_html:</span>_||><||_html:<span style='background-color: "
 "rgba(0.0, 165.0, 0, 0.15); border-radius: 3px;' title='1.0'>_||> "
 "of<||_html:</span>_||><||_html:<span style='background-color: rgba(0.0, "
 "165.0, 0, 0.15); border-radius: 3px;' title='1.0'>_||> "
 "type<||_html:</span>_||><||_html:<span style='background-color: rgba(0.0, "
 "165.0, 0, 0.15); border-radius: 3px;' title='1.0'>_||> "
 "String<||_html:</span>_||><||_html:<span style='background-color: rgba(0.0, "
 "165.0, 0, 0.15); border-radius: 3px;' "
 'title=\'1.0\'>_||>."<||_html:</span>_||><||_html:<span '
 "style='background-color: rgba(0.0, 165.0, 0, 0.15); border-radius: 3px;' "
 "title='1.0'>_||>\n"
 "<||_html:</span>_||><||_html:<span style='background-color: rgba(0.0, 165.0, "
 "0, 0.15); border-radius: 3px;' title='1.0'>_||>   "
 "<||_html:</span>_||><||_html:<span style='background-color: rgba(0.0, 165.0, "
 "0, 0.15); border-radius: 3px;' title='1.0'>_||> "
 "},<||_html:</span>_||><||_html:<span style='background-color: rgba(0.0, "
 "165.0, 0, 0.15); border-radius: 3px;' title='1.0'>_||>\n"
 "<||_html:</span>_||><||_html:<span style='background-color: rgba(0.0, 165.0, "
 "0, 0.15); border-radius: 3px;' title='1.0'>_||>   "
 "<||_html:</span>_||><||_html:<span style='background-color: rgba(0.0, 165.0, "
 "0, 0.15); border-radius: 3px;' title='1.0'>_||> "
 "{<||_html:</span>_||><||_html:<span style='background-color: rgba(0.0, "
 "165.0, 0, 0.15); border-radius: 3px;' title='1.0'>_||>\n"
 "<||_html:</span>_||><||_html:<span style='background-color: rgba(0.0, 165.0, "
 "0, 0.15); border-radius: 3px;' title='1.0'>_||>     "
 "<||_html:</span>_||><||_html:<span style='background-color: rgba(0.0, 165.0, "
 "0, 0.15); border-radius: 3px;' title='1.0'>_||> "
 '"<||_html:</span>_||><||_html:<span style=\'background-color: rgba(0.0, '
 "165.0, 0, 0.15); border-radius: 3px;' "
 "title='1.0'>_||>type<||_html:</span>_||><||_html:<span "
 "style='background-color: rgba(0.0, 165.0, 0, 0.15); border-radius: 3px;' "
 'title=\'1.0\'>_||>":<||_html:</span>_||><||_html:<span '
 "style='background-color: rgba(0.0, 165.0, 0, 0.15); border-radius: 3px;' "
 'title=\'1.0\'>_||> "<||_html:</span>_||><||_html:<span '
 "style='background-color: rgba(0.0, 165.0, 0, 0.15); border-radius: 3px;' "
 "title='1.0'>_||>Product<||_html:</span>_||><||_html:<span "
 "style='background-color: rgba(0.0, 165.0, 0, 0.15); border-radius: 3px;' "
 'title=\'1.0\'>_||>",<||_html:</span>_||><||_html:<span '
 "style='background-color: rgba(0.0, 165.0, 0, 0.15); border-radius: 3px;' "
 "title='1.0'>_||>\n"
 "<||_html:</span>_||><||_html:<span style='background-color: rgba(0.0, 165.0, "
 "0, 0.15); border-radius: 3px;' title='1.0'>_||>     "
 "<||_html:</span>_||><||_html:<span style='background-color: rgba(0.0, 165.0, "
 "0, 0.15); border-radius: 3px;' title='1.0'>_||> "
 '"<||_html:</span>_||><||_html:<span style=\'background-color: rgba(0.0, '
 "165.0, 0, 0.15); border-radius: 3px;' "
 "title='1.0'>_||>field<||_html:</span>_||><||_html:<span "
 "style='background-color: rgba(0.0, 165.0, 0, 0.15); border-radius: 3px;' "
 'title=\'1.0\'>_||>":<||_html:</span>_||><||_html:<span '
 "style='background-color: rgba(0.0, 165.0, 0, 0.15); border-radius: 3px;' "
 'title=\'1.0\'>_||> "<||_html:</span>_||><||_html:<span '
 "style='background-color: rgba(0.0, 165.0, 0, 0.15); border-radius: 3px;' "
 "title='1.0'>_||>description<||_html:</span>_||><||_html:<span "
 "style='background-color: rgba(0.0, 165.0, 0, 0.15); border-radius: 3px;' "
 'title=\'1.0\'>_||>",<||_html:</span>_||><||_html:<span '
 "style='background-color: rgba(0.0, 165.0, 0, 0.15); border-radius: 3px;' "
 "title='1.0'>_||>\n"
 "<||_html:</span>_||><||_html:<span style='background-color: rgba(0.0, 165.0, "
 "0, 0.15); border-radius: 3px;' title='1.0'>_||>     "
 "<||_html:</span>_||><||_html:<span style='background-color: rgba(0.0, 165.0, "
 "0, 0.15); border-radius: 3px;' title='1.0'>_||> "
 '"<||_html:</span>_||><||_html:<span style=\'background-color: rgba(0.0, '
 "165.0, 0, 0.15); border-radius: 3px;' "
 "title='1.0'>_||>change<||_html:</span>_||><||_html:<span "
 "style='background-color: rgba(0.0, 165.0, 0, 0.15); border-radius: 3px;' "
 'title=\'1.0\'>_||>":<||_html:</span>_||><||_html:<span '
 "style='background-color: rgba(0.0, 165.0, 0, 0.15); border-radius: 3px;' "
 'title=\'1.0\'>_||> "<||_html:</span>_||><||_html:<span '
 "style='background-color: rgba(0.0, 165.0, 0, 0.15); border-radius: 3px;' "
 "title='1.0'>_||>field<||_html:</span>_||><||_html:<span "
 "style='background-color: rgba(0.0, 165.0, 0, 0.15); border-radius: 3px;' "
 "title='1.0'>_||> removed<||_html:</span>_||><||_html:<span "
 "style='background-color: rgba(0.0, 165.0, 0, 0.15); border-radius: 3px;' "
 'title=\'1.0\'>_||>",<||_html:</span>_||><||_html:<span '
 "style='background-color: rgba(0.0, 165.0, 0, 0.15); border-radius: 3px;' "
 "title='1.0'>_||>\n"
 "<||_html:</span>_||><||_html:<span style='background-color: rgba(0.0, 165.0, "
 "0, 0.15); border-radius: 3px;' title='1.0'>_||>     "
 "<||_html:</span>_||><||_html:<span style='background-color: rgba(0.0, 165.0, "
 "0, 0.15); border-radius: 3px;' title='1.0'>_||> "
 '"<||_html:</span>_||><||_html:<span style=\'background-color: rgba(0.0, '
 "165.0, 0, 0.15); border-radius: 3px;' "
 "title='1.0'>_||>breaking<||_html:</span>_||><||_html:<span "
 "style='background-color: rgba(0.0, 165.0, 0, 0.15); border-radius: 3px;' "
 'title=\'1.0\'>_||>":<||_html:</span>_||><||_html:<span '
 "style='background-color: rgba(0.0, 165.0, 0, 0.15); border-radius: 3px;' "
 'title=\'1.0\'>_||> "<||_html:</span>_||><||_html:<span '
 "style='background-color: rgba(0.0, 165.0, 0, 0.15); border-radius: 3px;' "
 "title='1.0'>_||>true<||_html:</span>_||><||_html:<span "
 "style='background-color: rgba(0.0, 165.0, 0, 0.15); border-radius: 3px;' "
 'title=\'1.0\'>_||>",<||_html:</span>_||><||_html:<span '
 "style='background-color: rgba(0.0, 165.0, 0, 0.15); border-radius: 3px;' "
 "title='1.0'>_||>\n"
 "<||_html:</span>_||><||_html:<span style='background-color: rgba(0.0, 165.0, "
 "0, 0.15); border-radius: 3px;' title='1.0'>_||>     "
 "<||_html:</span>_||><||_html:<span style='background-color: rgba(0.0, 165.0, "
 "0, 0.15); border-radius: 3px;' title='1.0'>_||> "
 '"<||_html:</span>_||><||_html:<span style=\'background-color: rgba(0.0, '
 "165.0, 0, 0.15); border-radius: 3px;' "
 "title='1.0'>_||>release<||_html:</span>_||><||_html:<span "
 "style='background-color: rgba(0.0, 165.0, 0, 0.15); border-radius: 3px;' "
 "title='1.0'>_||>_<||_html:</span>_||><||_html:<span style='background-color: "
 "rgba(0.0, 165.0, 0, 0.15); border-radius: 3px;' "
 "title='1.0'>_||>note<||_html:</span>_||><||_html:<span "
 "style='background-color: rgba(0.0, 165.0, 0, 0.15); border-radius: 3px;' "
 'title=\'1.0\'>_||>":<||_html:</span>_||><||_html:<span '
 "style='background-color: rgba(0.0, 165.0, 0, 0.15); border-radius: 3px;' "
 'title=\'1.0\'>_||> "<||_html:</span>_||><||_html:<span '
 "style='background-color: rgba(0.0, 165.0, 0, 0.15); border-radius: 3px;' "
 "title='1.0'>_||>The<||_html:</span>_||><||_html:<span "
 "style='background-color: rgba(0.0, 165.0, 0, 0.15); border-radius: 3px;' "
 "title='1.0'>_||> '<||_html:</span>_||><||_html:<span "
 "style='background-color: rgba(0.0, 165.0, 0, 0.15); border-radius: 3px;' "
 "title='1.0'>_||>Product<||_html:</span>_||><||_html:<span "
 "style='background-color: rgba(0.0, 165.0, 0, 0.15); border-radius: 3px;' "
 "title='1.0'>_||>'<||_html:</span>_||><||_html:<span style='background-color: "
 "rgba(0.0, 165.0, 0, 0.15); border-radius: 3px;' title='1.0'>_||> "
 "type<||_html:</span>_||><||_html:<span style='background-color: rgba(0.0, "
 "165.0, 0, 0.15); border-radius: 3px;' title='1.0'>_||> "
 "no<||_html:</span>_||><||_html:<span style='background-color: rgba(0.0, "
 "165.0, 0, 0.15); border-radius: 3px;' title='1.0'>_||> "
 "longer<||_html:</span>_||><||_html:<span style='background-color: rgba(0.0, "
 "165.0, 0, 0.15); border-radius: 3px;' title='1.0'>_||> "
 "includes<||_html:</span>_||><||_html:<span style='background-color: "
 "rgba(0.0, 165.0, 0, 0.15); border-radius: 3px;' title='1.0'>_||> "
 "the<||_html:</span>_||><||_html:<span style='background-color: rgba(0.0, "
 "165.0, 0, 0.15); border-radius: 3px;' title='1.0'>_||> "
 "'<||_html:</span>_||><||_html:<span style='background-color: rgba(0.0, "
 "165.0, 0, 0.15); border-radius: 3px;' "
 "title='1.0'>_||>description<||_html:</span>_||><||_html:<span "
 "style='background-color: rgba(0.0, 165.0, 0, 0.15); border-radius: 3px;' "
 "title='1.0'>_||>'<||_html:</span>_||><||_html:<span style='background-color: "
 "rgba(0.0, 165.0, 0, 0.15); border-radius: 3px;' title='1.0'>_||> "
 "field<||_html:</span>_||><||_html:<span style='background-color: rgba(0.0, "
 "165.0, 0, 0.15); border-radius: 3px;' "
 'title=\'1.0\'>_||>."<||_html:</span>_||><||_html:<span '
 "style='background-color: rgba(0.0, 165.0, 0, 0.15); border-radius: 3px;' "
 "title='1.0'>_||>\n"
 "<||_html:</span>_||><||_html:<span style='background-color: rgba(0.0, 165.0, "
 "0, 0.15); border-radius: 3px;' title='1.0'>_||>   "
 "<||_html:</span>_||><||_html:<span style='background-color: rgba(0.0, 165.0, "
 "0, 0.15); border-radius: 3px;' title='1.0'>_||> "
 "},<||_html:</span>_||><||_html:<span style='background-color: rgba(0.0, "
 "165.0, 0, 0.15); border-radius: 3px;' title='1.0'>_||>\n"
 "<||_html:</span>_||><||_html:<span style='background-color: rgba(0.0, 165.0, "
 "0, 0.15); border-radius: 3px;' title='1.0'>_||>   "
 "<||_html:</span>_||><||_html:<span style='background-color: rgba(0.0, 165.0, "
 "0, 0.15); border-radius: 3px;' title='1.0'>_||> "
 "{<||_html:</span>_||><||_html:<span style='background-color: rgba(0.0, "
 "165.0, 0, 0.15); border-radius: 3px;' title='1.0'>_||>\n"
 "<||_html:</span>_||><||_html:<span style='background-color: rgba(0.0, 165.0, "
 "0, 0.15); border-radius: 3px;' title='1.0'>_||>     "
 "<||_html:</span>_||><||_html:<span style='background-color: rgba(0.0, 165.0, "
 "0, 0.15); border-radius: 3px;' title='1.0'>_||> "
 '"<||_html:</span>_||><||_html:<span style=\'background-color: rgba(0.0, '
 "165.0, 0, 0.15); border-radius: 3px;' "
 "title='1.0'>_||>type<||_html:</span>_||><||_html:<span "
 "style='background-color: rgba(0.0, 165.0, 0, 0.15); border-radius: 3px;' "
 'title=\'1.0\'>_||>":<||_html:</span>_||><||_html:<span '
 "style='background-color: rgba(0.0, 165.0, 0, 0.15); border-radius: 3px;' "
 'title=\'1.0\'>_||> "<||_html:</span>_||><||_html:<span '
 "style='background-color: rgba(0.0, 165.0, 0, 0.15); border-radius: 3px;' "
 "title='1.0'>_||>Product<||_html:</span>_||><||_html:<span "
 "style='background-color: rgba(0.0, 165.0, 0, 0.15); border-radius: 3px;' "
 'title=\'1.0\'>_||>",<||_html:</span>_||><||_html:<span '
 "style='background-color: rgba(0.0, 165.0, 0, 0.15); border-radius: 3px;' "
 "title='1.0'>_||>\n"
 "<||_html:</span>_||><||_html:<span style='background-color: rgba(0.0, 165.0, "
 "0, 0.15); border-radius: 3px;' title='1.0'>_||>     "
 "<||_html:</span>_||><||_html:<span style='background-color: rgba(0.0, 165.0, "
 "0, 0.15); border-radius: 3px;' title='1.0'>_||> "
 '"<||_html:</span>_||><||_html:<span style=\'background-color: rgba(0.0, '
 "165.0, 0, 0.15); border-radius: 3px;' "
 "title='1.0'>_||>field<||_html:</span>_||><||_html:<span "
 "style='background-color: rgba(0.0, 165.0, 0, 0.15); border-radius: 3px;' "
 'title=\'1.0\'>_||>":<||_html:</span>_||><||_html:<span '
 "style='background-color: rgba(0.0, 165.0, 0, 0.15); border-radius: 3px;' "
 'title=\'1.0\'>_||> "<||_html:</span>_||><||_html:<span '
 "style='background-color: rgba(0.0, 165.0, 0, 0.15); border-radius: 3px;' "
 "title='1.0'>_||>stock<||_html:</span>_||><||_html:<span "
 "style='background-color: rgba(0.0, 165.0, 0, 0.15); border-radius: 3px;' "
 'title=\'1.0\'>_||>",<||_html:</span>_||><||_html:<span '
 "style='background-color: rgba(0.0, 165.0, 0, 0.15); border-radius: 3px;' "
 "title='1.0'>_||>\n"
 "<||_html:</span>_||><||_html:<span style='background-color: rgba(0.0, 165.0, "
 "0, 0.15); border-radius: 3px;' title='1.0'>_||>     "
 "<||_html:</span>_||><||_html:<span style='background-color: rgba(0.0, 165.0, "
 "0, 0.15); border-radius: 3px;' title='1.0'>_||> "
 '"<||_html:</span>_||><||_html:<span style=\'background-color: rgba(0.0, '
 "165.0, 0, 0.15); border-radius: 3px;' "
 "title='1.0'>_||>change<||_html:</span>_||><||_html:<span "
 "style='background-color: rgba(0.0, 165.0, 0, 0.15); border-radius: 3px;' "
 'title=\'1.0\'>_||>":<||_html:</span>_||><||_html:<span '
 "style='background-color: rgba(0.0, 165.0, 0, 0.15); border-radius: 3px;' "
 'title=\'1.0\'>_||> "<||_html:</span>_||><||_html:<span '
 "style='background-color: rgba(0.0, 165.0, 0, 0.15); border-radius: 3px;' "
 "title='1.0'>_||>field<||_html:</span>_||><||_html:<span "
 "style='background-color: rgba(0.0, 165.0, 0, 0.15); border-radius: 3px;' "
 "title='1.0'>_||> removed<||_html:</span>_||><||_html:<span "
 "style='background-color: rgba(0.0, 165.0, 0, 0.15); border-radius: 3px;' "
 'title=\'1.0\'>_||>",<||_html:</span>_||><||_html:<span '
 "style='background-color: rgba(0.0, 165.0, 0, 0.15); border-radius: 3px;' "
 "title='1.0'>_||>\n"
 "<||_html:</span>_||><||_html:<span style='background-color: rgba(0.0, 165.0, "
 "0, 0.15); border-radius: 3px;' title='1.0'>_||>     "
 "<||_html:</span>_||><||_html:<span style='background-color: rgba(0.0, 165.0, "
 "0, 0.15); border-radius: 3px;' title='1.0'>_||> "
 '"<||_html:</span>_||><||_html:<span style=\'background-color: rgba(0.0, '
 "165.0, 0, 0.15); border-radius: 3px;' "
 "title='1.0'>_||>breaking<||_html:</span>_||><||_html:<span "
 "style='background-color: rgba(0.0, 165.0, 0, 0.15); border-radius: 3px;' "
 'title=\'1.0\'>_||>":<||_html:</span>_||><||_html:<span '
 "style='background-color: rgba(0.0, 165.0, 0, 0.15); border-radius: 3px;' "
 'title=\'1.0\'>_||> "<||_html:</span>_||><||_html:<span '
 "style='background-color: rgba(0.0, 165.0, 0, 0.15); border-radius: 3px;' "
 "title='1.0'>_||>true<||_html:</span>_||><||_html:<span "
 "style='background-color: rgba(0.0, 165.0, 0, 0.15); border-radius: 3px;' "
 'title=\'1.0\'>_||>",<||_html:</span>_||><||_html:<span '
 "style='background-color: rgba(0.0, 165.0, 0, 0.15); border-radius: 3px;' "
 "title='1.0'>_||>\n"
 "<||_html:</span>_||><||_html:<span style='background-color: rgba(0.0, 165.0, "
 "0, 0.15); border-radius: 3px;' title='1.0'>_||>     "
 "<||_html:</span>_||><||_html:<span style='background-color: rgba(0.0, 165.0, "
 "0, 0.15); border-radius: 3px;' title='1.0'>_||> "
 '"<||_html:</span>_||><||_html:<span style=\'background-color: rgba(0.0, '
 "165.0, 0, 0.15); border-radius: 3px;' "
 "title='1.0'>_||>release<||_html:</span>_||><||_html:<span "
 "style='background-color: rgba(0.0, 165.0, 0, 0.15); border-radius: 3px;' "
 "title='1.0'>_||>_<||_html:</span>_||><||_html:<span style='background-color: "
 "rgba(0.0, 165.0, 0, 0.15); border-radius: 3px;' "
 "title='1.0'>_||>note<||_html:</span>_||><||_html:<span "
 "style='background-color: rgba(0.0, 165.0, 0, 0.15); border-radius: 3px;' "
 'title=\'1.0\'>_||>":<||_html:</span>_||><||_html:<span '
 "style='background-color: rgba(0.0, 165.0, 0, 0.15); border-radius: 3px;' "
 'title=\'1.0\'>_||> "<||_html:</span>_||><||_html:<span '
 "style='background-color: rgba(0.0, 165.0, 0, 0.15); border-radius: 3px;' "
 "title='1.0'>_||>The<||_html:</span>_||><||_html:<span "
 "style='background-color: rgba(0.0, 165.0, 0, 0.15); border-radius: 3px;' "
 "title='1.0'>_||> '<||_html:</span>_||><||_html:<span "
 "style='background-color: rgba(0.0, 165.0, 0, 0.15); border-radius: 3px;' "
 "title='1.0'>_||>Product<||_html:</span>_||><||_html:<span "
 "style='background-color: rgba(0.0, 165.0, 0, 0.15); border-radius: 3px;' "
 "title='1.0'>_||>'<||_html:</span>_||><||_html:<span style='background-color: "
 "rgba(0.0, 165.0, 0, 0.15); border-radius: 3px;' title='1.0'>_||> "
 "type<||_html:</span>_||><||_html:<span style='background-color: rgba(0.0, "
 "165.0, 0, 0.15); border-radius: 3px;' title='1.0'>_||> "
 "no<||_html:</span>_||><||_html:<span style='background-color: rgba(0.0, "
 "165.0, 0, 0.15); border-radius: 3px;' title='1.0'>_||> "
 "longer<||_html:</span>_||><||_html:<span style='background-color: rgba(0.0, "
 "165.0, 0, 0.15); border-radius: 3px;' title='1.0'>_||> "
 "includes<||_html:</span>_||><||_html:<span style='background-color: "
 "rgba(0.0, 165.0, 0, 0.15); border-radius: 3px;' title='1.0'>_||> "
 "the<||_html:</span>_||><||_html:<span style='background-color: rgba(0.0, "
 "165.0, 0, 0.15); border-radius: 3px;' title='1.0'>_||> "
 "'<||_html:</span>_||><||_html:<span style='background-color: rgba(0.0, "
 "165.0, 0, 0.15); border-radius: 3px;' "
 "title='1.0'>_||>stock<||_html:</span>_||><||_html:<span "
 "style='background-color: rgba(0.0, 165.0, 0, 0.15); border-radius: 3px;' "
 "title='1.0'>_||>'<||_html:</span>_||><||_html:<span style='background-color: "
 "rgba(0.0, 165.0, 0, 0.15); border-radius: 3px;' title='1.0'>_||> "
 "field<||_html:</span>_||><||_html:<span style='background-color: rgba(0.0, "
 "165.0, 0, 0.15); border-radius: 3px;' "
 'title=\'1.0\'>_||>."<||_html:</span>_||><||_html:<span '
 "style='background-color: rgba(0.0, 165.0, 0, 0.15); border-radius: 3px;' "
 "title='1.0'>_||>\n"
 "<||_html:</span>_||><||_html:<span style='background-color: rgba(0.0, 165.0, "
 "0, 0.15); border-radius: 3px;' title='1.0'>_||>   "
 "<||_html:</span>_||><||_html:<span style='background-color: rgba(0.0, 165.0, "
 "0, 0.15); border-radius: 3px;' title='1.0'>_||> "
 "}<||_html:</span>_||><||_html:<span style='background-color: rgba(0.0, "
 "165.0, 0, 0.15); border-radius: 3px;' title='1.0'>_||>\n"
 "<||_html:</span>_||><||_html:<span style='background-color: rgba(0.0, 165.0, "
 "0, 0.15); border-radius: 3px;' title='1.0'>_||> "
 "<||_html:</span>_||><||_html:<span style='background-color: rgba(0.0, 165.0, "
 "0, 0.15); border-radius: 3px;' title='1.0'>_||> "
 "],<||_html:</span>_||><||_html:<span style='background-color: rgba(0.0, "
 "165.0, 0, 0.15); border-radius: 3px;' title='1.0'>_||>\n"
 "<||_html:</span>_||><||_html:<span style='background-color: rgba(0.0, 165.0, "
 "0, 0.15); border-radius: 3px;' title='1.0'>_||> "
 "<||_html:</span>_||><||_html:<span style='background-color: rgba(0.0, 165.0, "
 "0, 0.15); border-radius: 3px;' title='1.0'>_||> "
 '"<||_html:</span>_||><||_html:<span style=\'background-color: rgba(0.0, '
 "165.0, 0, 0.15); border-radius: 3px;' "
 "title='1.0'>_||>release<||_html:</span>_||><||_html:<span "
 "style='background-color: rgba(0.0, 165.0, 0, 0.15); border-radius: 3px;' "
 "title='1.0'>_||>_<||_html:</span>_||><||_html:<span style='background-color: "
 "rgba(0.0, 165.0, 0, 0.15); border-radius: 3px;' "
 "title='1.0'>_||>notes<||_html:</span>_||><||_html:<span "
 "style='background-color: rgba(0.0, 165.0, 0, 0.15); border-radius: 3px;' "
 'title=\'1.0\'>_||>":<||_html:</span>_||><||_html:<span '
 "style='background-color: rgba(0.0, 165.0, 0, 0.15); border-radius: 3px;' "
 "title='1.0'>_||> {<||_html:</span>_||><||_html:<span "
 "style='background-color: rgba(0.0, 165.0, 0, 0.15); border-radius: 3px;' "
 "title='1.0'>_||>\n"
 "<||_html:</span>_||><||_html:<span style='background-color: rgba(0.0, 165.0, "
 "0, 0.15); border-radius: 3px;' title='1.0'>_||>   "
 "<||_html:</span>_||><||_html:<span style='background-color: rgba(0.0, 165.0, "
 "0, 0.15); border-radius: 3px;' title='1.0'>_||> "
 '"<||_html:</span>_||><||_html:<span style=\'background-color: rgba(0.0, '
 "165.0, 0, 0.15); border-radius: 3px;' "
 "title='1.0'>_||>summary<||_html:</span>_||><||_html:<span "
 "style='background-color: rgba(0.0, 165.0, 0, 0.15); border-radius: 3px;' "
 'title=\'1.0\'>_||>":<||_html:</span>_||><||_html:<span '
 "style='background-color: rgba(0.0, 165.0, 0, 0.15); border-radius: 3px;' "
 'title=\'1.0\'>_||> "<||_html:</span>_||><||_html:<span '
 "style='background-color: rgba(0.0, 165.0, 0, 0.15); border-radius: 3px;' "
 "title='1.0'>_||>The<||_html:</span>_||><||_html:<span "
 "style='background-color: rgba(0.0, 165.0, 0, 0.15); border-radius: 3px;' "
 "title='1.0'>_||> '<||_html:</span>_||><||_html:<span "
 "style='background-color: rgba(0.0, 165.0, 0, 0.15); border-radius: 3px;' "
 "title='1.0'>_||>get<||_html:</span>_||><||_html:<span "
 "style='background-color: rgba(0.0, 165.0, 0, 0.15); border-radius: 3px;' "
 "title='1.0'>_||>Product<||_html:</span>_||><||_html:<span "
 "style='background-color: rgba(0.0, 165.0, 0, 0.15); border-radius: 3px;' "
 "title='1.0'>_||>'<||_html:</span>_||><||_html:<span style='background-color: "
 "rgba(0.0, 165.0, 0, 0.15); border-radius: 3px;' title='1.0'>_||> "
 "query<||_html:</span>_||><||_html:<span style='background-color: rgba(0.0, "
 "165.0, 0, 0.15); border-radius: 3px;' title='1.0'>_||> "
 "now<||_html:</span>_||><||_html:<span style='background-color: rgba(0.0, "
 "165.0, 0, 0.15); border-radius: 3px;' title='1.0'>_||> "
 "includes<||_html:</span>_||><||_html:<span style='background-color: "
 "rgba(0.0, 165.0, 0, 0.15); border-radius: 3px;' title='1.0'>_||> "
 "a<||_html:</span>_||><||_html:<span style='background-color: rgba(0.0, "
 "165.0, 0, 0.15); border-radius: 3px;' title='1.0'>_||> "
 "new<||_html:</span>_||><||_html:<span style='background-color: rgba(0.0, "
 "165.0, 0, 0.15); border-radius: 3px;' title='1.0'>_||> "
 "field<||_html:</span>_||><||_html:<span style='background-color: rgba(0.0, "
 "165.0, 0, 0.15); border-radius: 3px;' title='1.0'>_||> "
 "'<||_html:</span>_||><||_html:<span style='background-color: rgba(0.0, "
 "165.0, 0, 0.15); border-radius: 3px;' "
 "title='1.0'>_||>details<||_html:</span>_||><||_html:<span "
 "style='background-color: rgba(0.0, 165.0, 0, 0.15); border-radius: 3px;' "
 "title='1.0'>_||>'<||_html:</span>_||><||_html:<span style='background-color: "
 "rgba(0.0, 165.0, 0, 0.15); border-radius: 3px;' title='1.0'>_||> "
 "of<||_html:</span>_||><||_html:<span style='background-color: rgba(0.0, "
 "165.0, 0, 0.15); border-radius: 3px;' title='1.0'>_||> "
 "type<||_html:</span>_||><||_html:<span style='background-color: rgba(0.0, "
 "165.0, 0, 0.15); border-radius: 3px;' title='1.0'>_||> "
 "String<||_html:</span>_||><||_html:<span style='background-color: rgba(0.0, "
 "165.0, 0, 0.15); border-radius: 3px;' "
 "title='1.0'>_||>.<||_html:</span>_||><||_html:<span style='background-color: "
 "rgba(0.0, 165.0, 0, 0.15); border-radius: 3px;' title='1.0'>_||> "
 "The<||_html:</span>_||><||_html:<span style='background-color: rgba(0.0, "
 "165.0, 0, 0.15); border-radius: 3px;' title='1.0'>_||> "
 "'<||_html:</span>_||><||_html:<span style='background-color: rgba(0.0, "
 "165.0, 0, 0.15); border-radius: 3px;' "
 "title='1.0'>_||>Product<||_html:</span>_||><||_html:<span "
 "style='background-color: rgba(0.0, 165.0, 0, 0.15); border-radius: 3px;' "
 "title='1.0'>_||>'<||_html:</span>_||><||_html:<span style='background-color: "
 "rgba(0.0, 165.0, 0, 0.15); border-radius: 3px;' title='1.0'>_||> "
 "type<||_html:</span>_||><||_html:<span style='background-color: rgba(0.0, "
 "165.0, 0, 0.15); border-radius: 3px;' title='1.0'>_||> "
 "no<||_html:</span>_||><||_html:<span style='background-color: rgba(0.0, "
 "165.0, 0, 0.15); border-radius: 3px;' title='1.0'>_||> "
 "longer<||_html:</span>_||><||_html:<span style='background-color: rgba(0.0, "
 "165.0, 0, 0.15); border-radius: 3px;' title='1.0'>_||> "
 "includes<||_html:</span>_||><||_html:<span style='background-color: "
 "rgba(0.0, 165.0, 0, 0.15); border-radius: 3px;' title='1.0'>_||> "
 "the<||_html:</span>_||><||_html:<span style='background-color: rgba(0.0, "
 "165.0, 0, 0.15); border-radius: 3px;' title='1.0'>_||> "
 "'<||_html:</span>_||><||_html:<span style='background-color: rgba(0.0, "
 "165.0, 0, 0.15); border-radius: 3px;' "
 "title='1.0'>_||>description<||_html:</span>_||><||_html:<span "
 "style='background-color: rgba(0.0, 165.0, 0, 0.15); border-radius: 3px;' "
 "title='1.0'>_||>'<||_html:</span>_||><||_html:<span style='background-color: "
 "rgba(0.0, 165.0, 0, 0.15); border-radius: 3px;' title='1.0'>_||> "
 "and<||_html:</span>_||><||_html:<span style='background-color: rgba(0.0, "
 "165.0, 0, 0.15); border-radius: 3px;' title='1.0'>_||> "
 "'<||_html:</span>_||><||_html:<span style='background-color: rgba(0.0, "
 "165.0, 0, 0.15); border-radius: 3px;' "
 "title='1.0'>_||>stock<||_html:</span>_||><||_html:<span "
 "style='background-color: rgba(0.0, 165.0, 0, 0.15); border-radius: 3px;' "
 "title='1.0'>_||>'<||_html:</span>_||><||_html:<span style='background-color: "
 "rgba(0.0, 165.0, 0, 0.15); border-radius: 3px;' title='1.0'>_||> "
 "fields<||_html:</span>_||><||_html:<span style='background-color: rgba(0.0, "
 "165.0, 0, 0.15); border-radius: 3px;' "
 'title=\'1.0\'>_||>."<||_html:</span>_||><||_html:<span '
 "style='background-color: rgba(0.0, 165.0, 0, 0.15); border-radius: 3px;' "
 "title='1.0'>_||>\n"
 "<||_html:</span>_||><||_html:<span style='background-color: rgba(0.0, 165.0, "
 "0, 0.15); border-radius: 3px;' title='1.0'>_||> "
 "<||_html:</span>_||><||_html:<span style='background-color: rgba(0.0, 165.0, "
 "0, 0.15); border-radius: 3px;' title='1.0'>_||> "
 "}<||_html:</span>_||><||_html:<span style='background-color: rgba(0.0, "
 "165.0, 0, 0.15); border-radius: 3px;' title='1.0'>_||>\n"
 "<||_html:</span>_||><||_html:<span style='background-color: rgba(0.0, 165.0, "
 "0, 0.15); border-radius: 3px;' "
 'title=\'1.0\'>_||>}<||_html:</span>_||>{"changes":<||_html:<span '
 "style='background-color: rgba(0.0, 165.0, 0, 0.15); border-radius: 3px;' "
 "title='1.0'>_||>[<||_html:</span>_||><||_html:<span style='background-color: "
 "rgba(0.0, 165.0, 0, 0.15); border-radius: 3px;' "
 'title=\'1.0\'>_||>{"<||_html:</span>_||>type<||_html:<span '
 "style='background-color: rgba(0.0, 165.0, 0, 0.15); border-radius: 3px;' "
 'title=\'1.0\'>_||>":"<||_html:</span>_||><||_html:<span '
 "style='background-color: rgba(0.0, 165.0, 0, 0.15); border-radius: 3px;' "
 "title='1.0'>_||>Query<||_html:</span>_||><||_html:<span "
 "style='background-color: rgba(0.0, 165.0, 0, 0.15); border-radius: 3px;' "
 'title=\'1.0\'>_||>","<||_html:</span>_||>field<||_html:<span '
 "style='background-color: rgba(0.0, 165.0, 0, 0.15); border-radius: 3px;' "
 'title=\'1.0\'>_||>":"<||_html:</span>_||><||_html:<span '
 "style='background-color: rgba(0.0, 165.0, 0, 0.15); border-radius: 3px;' "
 "title='1.0'>_||>get<||_html:</span>_||><||_html:<span "
 "style='background-color: rgba(0.0, 165.0, 0, 0.15); border-radius: 3px;' "
 "title='1.0'>_||>Product<||_html:</span>_||><||_html:<span "
 "style='background-color: rgba(0.0, 165.0, 0, 0.15); border-radius: 3px;' "
 'title=\'1.0\'>_||>","<||_html:</span>_||>change<||_html:<span '
 "style='background-color: rgba(0.0, 165.0, 0, 0.15); border-radius: 3px;' "
 'title=\'1.0\'>_||>":"<||_html:</span>_||><||_html:<span '
 "style='background-color: rgba(0.0, 165.0, 0, 0.15); border-radius: 3px;' "
 "title='1.0'>_||>field<||_html:</span>_||><||_html:<span "
 "style='background-color: rgba(0.0, 165.0, 0, 0.15); border-radius: 3px;' "
 "title='1.0'>_||> details<||_html:</span>_||><||_html:<span "
 "style='background-color: rgba(0.0, 165.0, 0, 0.15); border-radius: 3px;' "
 "title='1.0'>_||> added<||_html:</span>_||><||_html:<span "
 "style='background-color: rgba(0.0, 165.0, 0, 0.15); border-radius: 3px;' "
 'title=\'1.0\'>_||>","<||_html:</span>_||>breaking<||_html:<span '
 "style='background-color: rgba(0.0, 165.0, 0, 0.15); border-radius: 3px;' "
 'title=\'1.0\'>_||>":<||_html:</span>_||><||_html:<span '
 "style='background-color: rgba(0.0, 165.0, 0, 0.15); border-radius: 3px;' "
 'title=\'1.0\'>_||>false<||_html:</span>_||>,"release_note<||_html:<span '
 "style='background-color: rgba(0.0, 165.0, 0, 0.15); border-radius: 3px;' "
 'title=\'1.0\'>_||>":"<||_html:</span>_||><||_html:<span '
 "style='background-color: rgba(0.0, 165.0, 0, 0.15); border-radius: 3px;' "
 "title='1.0'>_||>The<||_html:</span>_||><||_html:<span "
 "style='background-color: rgba(0.0, 165.0, 0, 0.15); border-radius: 3px;' "
 "title='1.0'>_||> '<||_html:</span>_||><||_html:<span "
 "style='background-color: rgba(0.0, 165.0, 0, 0.15); border-radius: 3px;' "
 "title='1.0'>_||>get<||_html:</span>_||><||_html:<span "
 "style='background-color: rgba(0.0, 165.0, 0, 0.15); border-radius: 3px;' "
 "title='1.0'>_||>Product<||_html:</span>_||><||_html:<span "
 "style='background-color: rgba(0.0, 165.0, 0, 0.15); border-radius: 3px;' "
 "title='1.0'>_||>'<||_html:</span>_||><||_html:<span style='background-color: "
 "rgba(0.0, 165.0, 0, 0.15); border-radius: 3px;' title='1.0'>_||> "
 "query<||_html:</span>_||><||_html:<span style='background-color: rgba(0.0, "
 "165.0, 0, 0.15); border-radius: 3px;' title='1.0'>_||> "
 "now<||_html:</span>_||><||_html:<span style='background-color: rgba(0.0, "
 "165.0, 0, 0.15); border-radius: 3px;' title='1.0'>_||> "
 "includes<||_html:</span>_||><||_html:<span style='background-color: "
 "rgba(0.0, 165.0, 0, 0.15); border-radius: 3px;' title='1.0'>_||> "
 "a<||_html:</span>_||><||_html:<span style='background-color: rgba(0.0, "
 "165.0, 0, 0.15); border-radius: 3px;' title='1.0'>_||> "
 "new<||_html:</span>_||><||_html:<span style='background-color: rgba(0.0, "
 "165.0, 0, 0.15); border-radius: 3px;' title='1.0'>_||> "
 "field<||_html:</span>_||><||_html:<span style='background-color: rgba(0.0, "
 "165.0, 0, 0.15); border-radius: 3px;' title='1.0'>_||> "
 "'<||_html:</span>_||><||_html:<span style='background-color: rgba(0.0, "
 "165.0, 0, 0.15); border-radius: 3px;' "
 "title='1.0'>_||>details<||_html:</span>_||><||_html:<span "
 "style='background-color: rgba(0.0, 165.0, 0, 0.15); border-radius: 3px;' "
 "title='1.0'>_||>'<||_html:</span>_||><||_html:<span style='background-color: "
 "rgba(0.0, 165.0, 0, 0.15); border-radius: 3px;' title='1.0'>_||> "
 "of<||_html:</span>_||><||_html:<span style='background-color: rgba(0.0, "
 "165.0, 0, 0.15); border-radius: 3px;' title='1.0'>_||> "
 "type<||_html:</span>_||><||_html:<span style='background-color: rgba(0.0, "
 "165.0, 0, 0.15); border-radius: 3px;' title='1.0'>_||> "
 "String<||_html:</span>_||><||_html:<span style='background-color: rgba(0.0, "
 "165.0, 0, 0.15); border-radius: 3px;' "
 'title=\'1.0\'>_||>."<||_html:</span>_||><||_html:<span '
 "style='background-color: rgba(0.0, 165.0, 0, 0.15); border-radius: 3px;' "
 'title=\'1.0\'>_||>},<||_html:</span>_||>{"type<||_html:<span '
 "style='background-color: rgba(0.0, 165.0, 0, 0.15); border-radius: 3px;' "
 'title=\'1.0\'>_||>":"<||_html:</span>_||><||_html:<span '
 "style='background-color: rgba(0.0, 165.0, 0, 0.15); border-radius: 3px;' "
 "title='1.0'>_||>Product<||_html:</span>_||><||_html:<span "
 "style='background-color: rgba(0.0, 165.0, 0, 0.15); border-radius: 3px;' "
 'title=\'1.0\'>_||>","<||_html:</span>_||>field<||_html:<span '
 "style='background-color: rgba(0.0, 165.0, 0, 0.15); border-radius: 3px;' "
 'title=\'1.0\'>_||>":"<||_html:</span>_||><||_html:<span '
 "style='background-color: rgba(0.0, 165.0, 0, 0.15); border-radius: 3px;' "
 "title='1.0'>_||>description<||_html:</span>_||><||_html:<span "
 "style='background-color: rgba(0.0, 165.0, 0, 0.15); border-radius: 3px;' "
 'title=\'1.0\'>_||>","<||_html:</span>_||>change<||_html:<span '
 "style='background-color: rgba(0.0, 165.0, 0, 0.15); border-radius: 3px;' "
 'title=\'1.0\'>_||>":"<||_html:</span>_||><||_html:<span '
 "style='background-color: rgba(0.0, 165.0, 0, 0.15); border-radius: 3px;' "
 "title='1.0'>_||>field<||_html:</span>_||><||_html:<span "
 "style='background-color: rgba(0.0, 165.0, 0, 0.15); border-radius: 3px;' "
 "title='1.0'>_||> removed<||_html:</span>_||><||_html:<span "
 "style='background-color: rgba(0.0, 165.0, 0, 0.15); border-radius: 3px;' "
 'title=\'1.0\'>_||>","<||_html:</span>_||>breaking<||_html:<span '
 "style='background-color: rgba(0.0, 165.0, 0, 0.15); border-radius: 3px;' "
 'title=\'1.0\'>_||>":<||_html:</span>_||><||_html:<span '
 "style='background-color: rgba(0.0, 165.0, 0, 0.15); border-radius: 3px;' "
 'title=\'1.0\'>_||>true<||_html:</span>_||>,"release_note<||_html:<span '
 "style='background-color: rgba(0.0, 165.0, 0, 0.15); border-radius: 3px;' "
 'title=\'1.0\'>_||>":"<||_html:</span>_||><||_html:<span '
 "style='background-color: rgba(0.0, 165.0, 0, 0.15); border-radius: 3px;' "
 "title='1.0'>_||>The<||_html:</span>_||><||_html:<span "
 "style='background-color: rgba(0.0, 165.0, 0, 0.15); border-radius: 3px;' "
 "title='1.0'>_||> '<||_html:</span>_||><||_html:<span "
 "style='background-color: rgba(0.0, 165.0, 0, 0.15); border-radius: 3px;' "
 "title='1.0'>_||>Product<||_html:</span>_||><||_html:<span "
 "style='background-color: rgba(0.0, 165.0, 0, 0.15); border-radius: 3px;' "
 "title='1.0'>_||>'<||_html:</span>_||><||_html:<span style='background-color: "
 "rgba(0.0, 165.0, 0, 0.15); border-radius: 3px;' title='1.0'>_||> "
 "type<||_html:</span>_||><||_html:<span style='background-color: rgba(0.0, "
 "165.0, 0, 0.15); border-radius: 3px;' title='1.0'>_||> "
 "no<||_html:</span>_||><||_html:<span style='background-color: rgba(0.0, "
 "165.0, 0, 0.15); border-radius: 3px;' title='1.0'>_||> "
 "longer<||_html:</span>_||><||_html:<span style='background-color: rgba(0.0, "
 "165.0, 0, 0.15); border-radius: 3px;' title='1.0'>_||> "
 "includes<||_html:</span>_||><||_html:<span style='background-color: "
 "rgba(0.0, 165.0, 0, 0.15); border-radius: 3px;' title='1.0'>_||> "
 "the<||_html:</span>_||><||_html:<span style='background-color: rgba(0.0, "
 "165.0, 0, 0.15); border-radius: 3px;' title='1.0'>_||> "
 "'<||_html:</span>_||><||_html:<span style='background-color: rgba(0.0, "
 "165.0, 0, 0.15); border-radius: 3px;' "
 "title='1.0'>_||>description<||_html:</span>_||><||_html:<span "
 "style='background-color: rgba(0.0, 165.0, 0, 0.15); border-radius: 3px;' "
 "title='1.0'>_||>'<||_html:</span>_||><||_html:<span style='background-color: "
 "rgba(0.0, 165.0, 0, 0.15); border-radius: 3px;' title='1.0'>_||> "
 "field<||_html:</span>_||><||_html:<span style='background-color: rgba(0.0, "
 "165.0, 0, 0.15); border-radius: 3px;' "
 'title=\'1.0\'>_||>."<||_html:</span>_||><||_html:<span '
 "style='background-color: rgba(0.0, 165.0, 0, 0.15); border-radius: 3px;' "
 'title=\'1.0\'>_||>},<||_html:</span>_||>{"type<||_html:<span '
 "style='background-color: rgba(0.0, 165.0, 0, 0.15); border-radius: 3px;' "
 'title=\'1.0\'>_||>":"<||_html:</span>_||><||_html:<span '
 "style='background-color: rgba(0.0, 165.0, 0, 0.15); border-radius: 3px;' "
 "title='1.0'>_||>Product<||_html:</span>_||><||_html:<span "
 "style='background-color: rgba(0.0, 165.0, 0, 0.15); border-radius: 3px;' "
 'title=\'1.0\'>_||>","<||_html:</span>_||>field<||_html:<span '
 "style='background-color: rgba(0.0, 165.0, 0, 0.15); border-radius: 3px;' "
 'title=\'1.0\'>_||>":"<||_html:</span>_||><||_html:<span '
 "style='background-color: rgba(0.0, 165.0, 0, 0.15); border-radius: 3px;' "
 "title='1.0'>_||>stock<||_html:</span>_||><||_html:<span "
 "style='background-color: rgba(0.0, 165.0, 0, 0.15); border-radius: 3px;' "
 'title=\'1.0\'>_||>","<||_html:</span>_||>change<||_html:<span '
 "style='background-color: rgba(0.0, 165.0, 0, 0.15); border-radius: 3px;' "
 'title=\'1.0\'>_||>":"<||_html:</span>_||><||_html:<span '
 "style='background-color: rgba(0.0, 165.0, 0, 0.15); border-radius: 3px;' "
 "title='1.0'>_||>field<||_html:</span>_||><||_html:<span "
 "style='background-color: rgba(0.0, 165.0, 0, 0.15); border-radius: 3px;' "
 "title='1.0'>_||> removed<||_html:</span>_||><||_html:<span "
 "style='background-color: rgba(0.0, 165.0, 0, 0.15); border-radius: 3px;' "
 'title=\'1.0\'>_||>","<||_html:</span>_||>breaking<||_html:<span '
 "style='background-color: rgba(0.0, 165.0, 0, 0.15); border-radius: 3px;' "
 'title=\'1.0\'>_||>":<||_html:</span>_||><||_html:<span '
 "style='background-color: rgba(0.0, 165.0, 0, 0.15); border-radius: 3px;' "
 'title=\'1.0\'>_||>true<||_html:</span>_||>,"release_note<||_html:<span '
 "style='background-color: rgba(0.0, 165.0, 0, 0.15); border-radius: 3px;' "
 'title=\'1.0\'>_||>":"<||_html:</span>_||><||_html:<span '
 "style='background-color: rgba(0.0, 165.0, 0, 0.15); border-radius: 3px;' "
 "title='1.0'>_||>The<||_html:</span>_||><||_html:<span "
 "style='background-color: rgba(0.0, 165.0, 0, 0.15); border-radius: 3px;' "
 "title='1.0'>_||> '<||_html:</span>_||><||_html:<span "
 "style='background-color: rgba(0.0, 165.0, 0, 0.15); border-radius: 3px;' "
 "title='1.0'>_||>Product<||_html:</span>_||><||_html:<span "
 "style='background-color: rgba(0.0, 165.0, 0, 0.15); border-radius: 3px;' "
 "title='1.0'>_||>'<||_html:</span>_||><||_html:<span style='background-color: "
 "rgba(0.0, 165.0, 0, 0.15); border-radius: 3px;' title='1.0'>_||> "
 "type<||_html:</span>_||><||_html:<span style='background-color: rgba(0.0, "
 "165.0, 0, 0.15); border-radius: 3px;' title='1.0'>_||> "
 "no<||_html:</span>_||><||_html:<span style='background-color: rgba(0.0, "
 "165.0, 0, 0.15); border-radius: 3px;' title='1.0'>_||> "
 "longer<||_html:</span>_||><||_html:<span style='background-color: rgba(0.0, "
 "165.0, 0, 0.15); border-radius: 3px;' title='1.0'>_||> "
 "includes<||_html:</span>_||><||_html:<span style='background-color: "
 "rgba(0.0, 165.0, 0, 0.15); border-radius: 3px;' title='1.0'>_||> "
 "the<||_html:</span>_||><||_html:<span style='background-color: rgba(0.0, "
 "165.0, 0, 0.15); border-radius: 3px;' title='1.0'>_||> "
 "'<||_html:</span>_||><||_html:<span style='background-color: rgba(0.0, "
 "165.0, 0, 0.15); border-radius: 3px;' "
 "title='1.0'>_||>stock<||_html:</span>_||><||_html:<span "
 "style='background-color: rgba(0.0, 165.0, 0, 0.15); border-radius: 3px;' "
 "title='1.0'>_||>'<||_html:</span>_||><||_html:<span style='background-color: "
 "rgba(0.0, 165.0, 0, 0.15); border-radius: 3px;' title='1.0'>_||> "
 "field<||_html:</span>_||><||_html:<span style='background-color: rgba(0.0, "
 "165.0, 0, 0.15); border-radius: 3px;' "
 'title=\'1.0\'>_||>."<||_html:</span>_||><||_html:<span '
 "style='background-color: rgba(0.0, 165.0, 0, 0.15); border-radius: 3px;' "
 'title=\'1.0\'>_||>}]<||_html:</span>_||>,"release_notes":{"summary<||_html:<span '
 "style='background-color: rgba(0.0, 165.0, 0, 0.15); border-radius: 3px;' "
 'title=\'1.0\'>_||>":"<||_html:</span>_||><||_html:<span '
 "style='background-color: rgba(0.0, 165.0, 0, 0.15); border-radius: 3px;' "
 "title='1.0'>_||>The<||_html:</span>_||><||_html:<span "
 "style='background-color: rgba(0.0, 165.0, 0, 0.15); border-radius: 3px;' "
 "title='1.0'>_||> '<||_html:</span>_||><||_html:<span "
 "style='background-color: rgba(0.0, 165.0, 0, 0.15); border-radius: 3px;' "
 "title='1.0'>_||>get<||_html:</span>_||><||_html:<span "
 "style='background-color: rgba(0.0, 165.0, 0, 0.15); border-radius: 3px;' "
 "title='1.0'>_||>Product<||_html:</span>_||><||_html:<span "
 "style='background-color: rgba(0.0, 165.0, 0, 0.15); border-radius: 3px;' "
 "title='1.0'>_||>'<||_html:</span>_||><||_html:<span style='background-color: "
 "rgba(0.0, 165.0, 0, 0.15); border-radius: 3px;' title='1.0'>_||> "
 "query<||_html:</span>_||><||_html:<span style='background-color: rgba(0.0, "
 "165.0, 0, 0.15); border-radius: 3px;' title='1.0'>_||> "
 "now<||_html:</span>_||><||_html:<span style='background-color: rgba(0.0, "
 "165.0, 0, 0.15); border-radius: 3px;' title='1.0'>_||> "
 "includes<||_html:</span>_||><||_html:<span style='background-color: "
 "rgba(0.0, 165.0, 0, 0.15); border-radius: 3px;' title='1.0'>_||> "
 "a<||_html:</span>_||><||_html:<span style='background-color: rgba(0.0, "
 "165.0, 0, 0.15); border-radius: 3px;' title='1.0'>_||> "
 "new<||_html:</span>_||><||_html:<span style='background-color: rgba(0.0, "
 "165.0, 0, 0.15); border-radius: 3px;' title='1.0'>_||> "
 "field<||_html:</span>_||><||_html:<span style='background-color: rgba(0.0, "
 "165.0, 0, 0.15); border-radius: 3px;' title='1.0'>_||>")
('Analyze the following two GraphQL schemas for changes, including both '
 'breaking and non-breaking changes.\n'
 '\n'
 '                        Provide your analysis in the following JSON format:\n'
 '                        {\n'
 '                          "changes": [\n'
 '                            {\n'
 '                              "type": "String representing the GraphQL type '
 '(e.g., Query, Mutation, Subscription)",\n'
 '                              "field": "String representing the specific '
 'field that changed",\n'
 '                              "change": "String describing the change (e.g., '
 'field renamed, new field added, field removed)",\n'
 '                              "breaking": "Boolean indicating if the change '
 'is breaking (true) or non-breaking (false)",\n'
 '                              "release_note": "String with a natural '
 'language description of the change for release notes"\n'
 '                            }\n'
 '                          ],\n'
 '                          "release_notes": {\n'
 '                              "summary": "String summarizing all changes, '
 'suitable for a mailing list or public announcement"\n'
 '                          }\n'
 '                        }\n'
 '\n'
 '                        When analyzing, consider the following types of '
 'changes:\n'
 '                        1. Removing fields or types (breaking)\n'
 '                        2. Changing field types (potentially breaking)\n'
 '                        3. Adding required fields (breaking)\n'
 '                        4. Changing the type of existing arguments '
 '(breaking)\n'
 '                        5. Adding optional fields (non-breaking)\n'
 '                        6. Adding new types (non-breaking)\n'
 '                        7. Deprecating fields (non-breaking)\n'
 '\n'
 '                        Ensure that each change is categorized correctly as '
 'breaking or non-breaking.: type Query {\n'
 '  getProduct(id: ID!): Product\n'
 '}\n'
 '\n'
 'type Product {\n'
 '  id: ID\n'
 '  name: String\n'
 '  description: String\n'
 '  price: Float\n'
 '  stock: Int\n'
 '}\n'
 ', type Query {\n'
 '  getProduct(id: ID!): Product\n'
 '}\n'
 '\n'
 'type Product {\n'
 '  id: ID\n'
 '  name: String\n'
 '  details: String\n'
 '  price: Float\n'
 '}\n'
 '\n'
 "Answer:<||_html:<span style='background-color: rgba(0.0, 165.0, 0, 0.15); "
 "border-radius: 3px;' title='1.0'>_||> {<||_html:</span>_||><||_html:<span "
 "style='background-color: rgba(0.0, 165.0, 0, 0.15); border-radius: 3px;' "
 "title='1.0'>_||>\n"
 "<||_html:</span>_||><||_html:<span style='background-color: rgba(0.0, 165.0, "
 "0, 0.15); border-radius: 3px;' title='1.0'>_||> "
 "<||_html:</span>_||><||_html:<span style='background-color: rgba(0.0, 165.0, "
 "0, 0.15); border-radius: 3px;' title='1.0'>_||> "
 '"<||_html:</span>_||><||_html:<span style=\'background-color: rgba(0.0, '
 "165.0, 0, 0.15); border-radius: 3px;' "
 "title='1.0'>_||>changes<||_html:</span>_||><||_html:<span "
 "style='background-color: rgba(0.0, 165.0, 0, 0.15); border-radius: 3px;' "
 'title=\'1.0\'>_||>":<||_html:</span>_||><||_html:<span '
 "style='background-color: rgba(0.0, 165.0, 0, 0.15); border-radius: 3px;' "
 "title='1.0'>_||> [<||_html:</span>_||><||_html:<span "
 "style='background-color: rgba(0.0, 165.0, 0, 0.15); border-radius: 3px;' "
 "title='1.0'>_||>\n"
 "<||_html:</span>_||><||_html:<span style='background-color: rgba(0.0, 165.0, "
 "0, 0.15); border-radius: 3px;' title='1.0'>_||>   "
 "<||_html:</span>_||><||_html:<span style='background-color: rgba(0.0, 165.0, "
 "0, 0.15); border-radius: 3px;' title='1.0'>_||> "
 "{<||_html:</span>_||><||_html:<span style='background-color: rgba(0.0, "
 "165.0, 0, 0.15); border-radius: 3px;' title='1.0'>_||>\n"
 "<||_html:</span>_||><||_html:<span style='background-color: rgba(0.0, 165.0, "
 "0, 0.15); border-radius: 3px;' title='1.0'>_||>     "
 "<||_html:</span>_||><||_html:<span style='background-color: rgba(0.0, 165.0, "
 "0, 0.15); border-radius: 3px;' title='1.0'>_||> "
 '"<||_html:</span>_||><||_html:<span style=\'background-color: rgba(0.0, '
 "165.0, 0, 0.15); border-radius: 3px;' "
 "title='1.0'>_||>type<||_html:</span>_||><||_html:<span "
 "style='background-color: rgba(0.0, 165.0, 0, 0.15); border-radius: 3px;' "
 'title=\'1.0\'>_||>":<||_html:</span>_||><||_html:<span '
 "style='background-color: rgba(0.0, 165.0, 0, 0.15); border-radius: 3px;' "
 'title=\'1.0\'>_||> "<||_html:</span>_||><||_html:<span '
 "style='background-color: rgba(0.0, 165.0, 0, 0.15); border-radius: 3px;' "
 "title='1.0'>_||>Query<||_html:</span>_||><||_html:<span "
 "style='background-color: rgba(0.0, 165.0, 0, 0.15); border-radius: 3px;' "
 'title=\'1.0\'>_||>",<||_html:</span>_||><||_html:<span '
 "style='background-color: rgba(0.0, 165.0, 0, 0.15); border-radius: 3px;' "
 "title='1.0'>_||>\n"
 "<||_html:</span>_||><||_html:<span style='background-color: rgba(0.0, 165.0, "
 "0, 0.15); border-radius: 3px;' title='1.0'>_||>     "
 "<||_html:</span>_||><||_html:<span style='background-color: rgba(0.0, 165.0, "
 "0, 0.15); border-radius: 3px;' title='1.0'>_||> "
 '"<||_html:</span>_||><||_html:<span style=\'background-color: rgba(0.0, '
 "165.0, 0, 0.15); border-radius: 3px;' "
 "title='1.0'>_||>field<||_html:</span>_||><||_html:<span "
 "style='background-color: rgba(0.0, 165.0, 0, 0.15); border-radius: 3px;' "
 'title=\'1.0\'>_||>":<||_html:</span>_||><||_html:<span '
 "style='background-color: rgba(0.0, 165.0, 0, 0.15); border-radius: 3px;' "
 'title=\'1.0\'>_||> "<||_html:</span>_||><||_html:<span '
 "style='background-color: rgba(0.0, 165.0, 0, 0.15); border-radius: 3px;' "
 "title='1.0'>_||>get<||_html:</span>_||><||_html:<span "
 "style='background-color: rgba(0.0, 165.0, 0, 0.15); border-radius: 3px;' "
 "title='1.0'>_||>Product<||_html:</span>_||><||_html:<span "
 "style='background-color: rgba(0.0, 165.0, 0, 0.15); border-radius: 3px;' "
 'title=\'1.0\'>_||>",<||_html:</span>_||><||_html:<span '
 "style='background-color: rgba(0.0, 165.0, 0, 0.15); border-radius: 3px;' "
 "title='1.0'>_||>\n"
 "<||_html:</span>_||><||_html:<span style='background-color: rgba(0.0, 165.0, "
 "0, 0.15); border-radius: 3px;' title='1.0'>_||>     "
 "<||_html:</span>_||><||_html:<span style='background-color: rgba(0.0, 165.0, "
 "0, 0.15); border-radius: 3px;' title='1.0'>_||> "
 '"<||_html:</span>_||><||_html:<span style=\'background-color: rgba(0.0, '
 "165.0, 0, 0.15); border-radius: 3px;' "
 "title='1.0'>_||>change<||_html:</span>_||><||_html:<span "
 "style='background-color: rgba(0.0, 165.0, 0, 0.15); border-radius: 3px;' "
 'title=\'1.0\'>_||>":<||_html:</span>_||><||_html:<span '
 "style='background-color: rgba(0.0, 165.0, 0, 0.15); border-radius: 3px;' "
 'title=\'1.0\'>_||> "<||_html:</span>_||><||_html:<span '
 "style='background-color: rgba(0.0, 165.0, 0, 0.15); border-radius: 3px;' "
 "title='1.0'>_||>field<||_html:</span>_||><||_html:<span "
 "style='background-color: rgba(0.0, 165.0, 0, 0.15); border-radius: 3px;' "
 "title='1.0'>_||> details<||_html:</span>_||><||_html:<span "
 "style='background-color: rgba(0.0, 165.0, 0, 0.15); border-radius: 3px;' "
 "title='1.0'>_||> added<||_html:</span>_||><||_html:<span "
 "style='background-color: rgba(0.0, 165.0, 0, 0.15); border-radius: 3px;' "
 'title=\'1.0\'>_||>",<||_html:</span>_||><||_html:<span '
 "style='background-color: rgba(0.0, 165.0, 0, 0.15); border-radius: 3px;' "
 "title='1.0'>_||>\n"
 "<||_html:</span>_||><||_html:<span style='background-color: rgba(0.0, 165.0, "
 "0, 0.15); border-radius: 3px;' title='1.0'>_||>     "
 "<||_html:</span>_||><||_html:<span style='background-color: rgba(0.0, 165.0, "
 "0, 0.15); border-radius: 3px;' title='1.0'>_||> "
 '"<||_html:</span>_||><||_html:<span style=\'background-color: rgba(0.0, '
 "165.0, 0, 0.15); border-radius: 3px;' "
 "title='1.0'>_||>breaking<||_html:</span>_||><||_html:<span "
 "style='background-color: rgba(0.0, 165.0, 0, 0.15); border-radius: 3px;' "
 'title=\'1.0\'>_||>":<||_html:</span>_||><||_html:<span '
 "style='background-color: rgba(0.0, 165.0, 0, 0.15); border-radius: 3px;' "
 'title=\'1.0\'>_||> "<||_html:</span>_||><||_html:<span '
 "style='background-color: rgba(0.0, 165.0, 0, 0.15); border-radius: 3px;' "
 "title='1.0'>_||>false<||_html:</span>_||><||_html:<span "
 "style='background-color: rgba(0.0, 165.0, 0, 0.15); border-radius: 3px;' "
 'title=\'1.0\'>_||>",<||_html:</span>_||><||_html:<span '
 "style='background-color: rgba(0.0, 165.0, 0, 0.15); border-radius: 3px;' "
 "title='1.0'>_||>\n"
 "<||_html:</span>_||><||_html:<span style='background-color: rgba(0.0, 165.0, "
 "0, 0.15); border-radius: 3px;' title='1.0'>_||>     "
 "<||_html:</span>_||><||_html:<span style='background-color: rgba(0.0, 165.0, "
 "0, 0.15); border-radius: 3px;' title='1.0'>_||> "
 '"<||_html:</span>_||><||_html:<span style=\'background-color: rgba(0.0, '
 "165.0, 0, 0.15); border-radius: 3px;' "
 "title='1.0'>_||>release<||_html:</span>_||><||_html:<span "
 "style='background-color: rgba(0.0, 165.0, 0, 0.15); border-radius: 3px;' "
 "title='1.0'>_||>_<||_html:</span>_||><||_html:<span style='background-color: "
 "rgba(0.0, 165.0, 0, 0.15); border-radius: 3px;' "
 "title='1.0'>_||>note<||_html:</span>_||><||_html:<span "
 "style='background-color: rgba(0.0, 165.0, 0, 0.15); border-radius: 3px;' "
 'title=\'1.0\'>_||>":<||_html:</span>_||><||_html:<span '
 "style='background-color: rgba(0.0, 165.0, 0, 0.15); border-radius: 3px;' "
 'title=\'1.0\'>_||> "<||_html:</span>_||><||_html:<span '
 "style='background-color: rgba(0.0, 165.0, 0, 0.15); border-radius: 3px;' "
 "title='1.0'>_||>The<||_html:</span>_||><||_html:<span "
 "style='background-color: rgba(0.0, 165.0, 0, 0.15); border-radius: 3px;' "
 "title='1.0'>_||> '<||_html:</span>_||><||_html:<span "
 "style='background-color: rgba(0.0, 165.0, 0, 0.15); border-radius: 3px;' "
 "title='1.0'>_||>get<||_html:</span>_||><||_html:<span "
 "style='background-color: rgba(0.0, 165.0, 0, 0.15); border-radius: 3px;' "
 "title='1.0'>_||>Product<||_html:</span>_||><||_html:<span "
 "style='background-color: rgba(0.0, 165.0, 0, 0.15); border-radius: 3px;' "
 "title='1.0'>_||>'<||_html:</span>_||><||_html:<span style='background-color: "
 "rgba(0.0, 165.0, 0, 0.15); border-radius: 3px;' title='1.0'>_||> "
 "query<||_html:</span>_||><||_html:<span style='background-color: rgba(0.0, "
 "165.0, 0, 0.15); border-radius: 3px;' title='1.0'>_||> "
 "now<||_html:</span>_||><||_html:<span style='background-color: rgba(0.0, "
 "165.0, 0, 0.15); border-radius: 3px;' title='1.0'>_||> "
 "includes<||_html:</span>_||><||_html:<span style='background-color: "
 "rgba(0.0, 165.0, 0, 0.15); border-radius: 3px;' title='1.0'>_||> "
 "a<||_html:</span>_||><||_html:<span style='background-color: rgba(0.0, "
 "165.0, 0, 0.15); border-radius: 3px;' title='1.0'>_||> "
 "new<||_html:</span>_||><||_html:<span style='background-color: rgba(0.0, "
 "165.0, 0, 0.15); border-radius: 3px;' title='1.0'>_||> "
 "field<||_html:</span>_||><||_html:<span style='background-color: rgba(0.0, "
 "165.0, 0, 0.15); border-radius: 3px;' title='1.0'>_||> "
 "'<||_html:</span>_||><||_html:<span style='background-color: rgba(0.0, "
 "165.0, 0, 0.15); border-radius: 3px;' "
 "title='1.0'>_||>details<||_html:</span>_||><||_html:<span "
 "style='background-color: rgba(0.0, 165.0, 0, 0.15); border-radius: 3px;' "
 "title='1.0'>_||>'<||_html:</span>_||><||_html:<span style='background-color: "
 "rgba(0.0, 165.0, 0, 0.15); border-radius: 3px;' title='1.0'>_||> "
 "of<||_html:</span>_||><||_html:<span style='background-color: rgba(0.0, "
 "165.0, 0, 0.15); border-radius: 3px;' title='1.0'>_||> "
 "type<||_html:</span>_||><||_html:<span style='background-color: rgba(0.0, "
 "165.0, 0, 0.15); border-radius: 3px;' title='1.0'>_||> "
 "String<||_html:</span>_||><||_html:<span style='background-color: rgba(0.0, "
 "165.0, 0, 0.15); border-radius: 3px;' "
 'title=\'1.0\'>_||>."<||_html:</span>_||><||_html:<span '
 "style='background-color: rgba(0.0, 165.0, 0, 0.15); border-radius: 3px;' "
 "title='1.0'>_||>\n"
 "<||_html:</span>_||><||_html:<span style='background-color: rgba(0.0, 165.0, "
 "0, 0.15); border-radius: 3px;' title='1.0'>_||>   "
 "<||_html:</span>_||><||_html:<span style='background-color: rgba(0.0, 165.0, "
 "0, 0.15); border-radius: 3px;' title='1.0'>_||> "
 "},<||_html:</span>_||><||_html:<span style='background-color: rgba(0.0, "
 "165.0, 0, 0.15); border-radius: 3px;' title='1.0'>_||>\n"
 "<||_html:</span>_||><||_html:<span style='background-color: rgba(0.0, 165.0, "
 "0, 0.15); border-radius: 3px;' title='1.0'>_||>   "
 "<||_html:</span>_||><||_html:<span style='background-color: rgba(0.0, 165.0, "
 "0, 0.15); border-radius: 3px;' title='1.0'>_||> "
 "{<||_html:</span>_||><||_html:<span style='background-color: rgba(0.0, "
 "165.0, 0, 0.15); border-radius: 3px;' title='1.0'>_||>\n"
 "<||_html:</span>_||><||_html:<span style='background-color: rgba(0.0, 165.0, "
 "0, 0.15); border-radius: 3px;' title='1.0'>_||>     "
 "<||_html:</span>_||><||_html:<span style='background-color: rgba(0.0, 165.0, "
 "0, 0.15); border-radius: 3px;' title='1.0'>_||> "
 '"<||_html:</span>_||><||_html:<span style=\'background-color: rgba(0.0, '
 "165.0, 0, 0.15); border-radius: 3px;' "
 "title='1.0'>_||>type<||_html:</span>_||><||_html:<span "
 "style='background-color: rgba(0.0, 165.0, 0, 0.15); border-radius: 3px;' "
 'title=\'1.0\'>_||>":<||_html:</span>_||><||_html:<span '
 "style='background-color: rgba(0.0, 165.0, 0, 0.15); border-radius: 3px;' "
 'title=\'1.0\'>_||> "<||_html:</span>_||><||_html:<span '
 "style='background-color: rgba(0.0, 165.0, 0, 0.15); border-radius: 3px;' "
 "title='1.0'>_||>Product<||_html:</span>_||><||_html:<span "
 "style='background-color: rgba(0.0, 165.0, 0, 0.15); border-radius: 3px;' "
 'title=\'1.0\'>_||>",<||_html:</span>_||><||_html:<span '
 "style='background-color: rgba(0.0, 165.0, 0, 0.15); border-radius: 3px;' "
 "title='1.0'>_||>\n"
 "<||_html:</span>_||><||_html:<span style='background-color: rgba(0.0, 165.0, "
 "0, 0.15); border-radius: 3px;' title='1.0'>_||>     "
 "<||_html:</span>_||><||_html:<span style='background-color: rgba(0.0, 165.0, "
 "0, 0.15); border-radius: 3px;' title='1.0'>_||> "
 '"<||_html:</span>_||><||_html:<span style=\'background-color: rgba(0.0, '
 "165.0, 0, 0.15); border-radius: 3px;' "
 "title='1.0'>_||>field<||_html:</span>_||><||_html:<span "
 "style='background-color: rgba(0.0, 165.0, 0, 0.15); border-radius: 3px;' "
 'title=\'1.0\'>_||>":<||_html:</span>_||><||_html:<span '
 "style='background-color: rgba(0.0, 165.0, 0, 0.15); border-radius: 3px;' "
 'title=\'1.0\'>_||> "<||_html:</span>_||><||_html:<span '
 "style='background-color: rgba(0.0, 165.0, 0, 0.15); border-radius: 3px;' "
 "title='1.0'>_||>description<||_html:</span>_||><||_html:<span "
 "style='background-color: rgba(0.0, 165.0, 0, 0.15); border-radius: 3px;' "
 'title=\'1.0\'>_||>",<||_html:</span>_||><||_html:<span '
 "style='background-color: rgba(0.0, 165.0, 0, 0.15); border-radius: 3px;' "
 "title='1.0'>_||>\n"
 "<||_html:</span>_||><||_html:<span style='background-color: rgba(0.0, 165.0, "
 "0, 0.15); border-radius: 3px;' title='1.0'>_||>     "
 "<||_html:</span>_||><||_html:<span style='background-color: rgba(0.0, 165.0, "
 "0, 0.15); border-radius: 3px;' title='1.0'>_||> "
 '"<||_html:</span>_||><||_html:<span style=\'background-color: rgba(0.0, '
 "165.0, 0, 0.15); border-radius: 3px;' "
 "title='1.0'>_||>change<||_html:</span>_||><||_html:<span "
 "style='background-color: rgba(0.0, 165.0, 0, 0.15); border-radius: 3px;' "
 'title=\'1.0\'>_||>":<||_html:</span>_||><||_html:<span '
 "style='background-color: rgba(0.0, 165.0, 0, 0.15); border-radius: 3px;' "
 'title=\'1.0\'>_||> "<||_html:</span>_||><||_html:<span '
 "style='background-color: rgba(0.0, 165.0, 0, 0.15); border-radius: 3px;' "
 "title='1.0'>_||>field<||_html:</span>_||><||_html:<span "
 "style='background-color: rgba(0.0, 165.0, 0, 0.15); border-radius: 3px;' "
 "title='1.0'>_||> removed<||_html:</span>_||><||_html:<span "
 "style='background-color: rgba(0.0, 165.0, 0, 0.15); border-radius: 3px;' "
 'title=\'1.0\'>_||>",<||_html:</span>_||><||_html:<span '
 "style='background-color: rgba(0.0, 165.0, 0, 0.15); border-radius: 3px;' "
 "title='1.0'>_||>\n"
 "<||_html:</span>_||><||_html:<span style='background-color: rgba(0.0, 165.0, "
 "0, 0.15); border-radius: 3px;' title='1.0'>_||>     "
 "<||_html:</span>_||><||_html:<span style='background-color: rgba(0.0, 165.0, "
 "0, 0.15); border-radius: 3px;' title='1.0'>_||> "
 '"<||_html:</span>_||><||_html:<span style=\'background-color: rgba(0.0, '
 "165.0, 0, 0.15); border-radius: 3px;' "
 "title='1.0'>_||>breaking<||_html:</span>_||><||_html:<span "
 "style='background-color: rgba(0.0, 165.0, 0, 0.15); border-radius: 3px;' "
 'title=\'1.0\'>_||>":<||_html:</span>_||><||_html:<span '
 "style='background-color: rgba(0.0, 165.0, 0, 0.15); border-radius: 3px;' "
 'title=\'1.0\'>_||> "<||_html:</span>_||><||_html:<span '
 "style='background-color: rgba(0.0, 165.0, 0, 0.15); border-radius: 3px;' "
 "title='1.0'>_||>true<||_html:</span>_||><||_html:<span "
 "style='background-color: rgba(0.0, 165.0, 0, 0.15); border-radius: 3px;' "
 'title=\'1.0\'>_||>",<||_html:</span>_||><||_html:<span '
 "style='background-color: rgba(0.0, 165.0, 0, 0.15); border-radius: 3px;' "
 "title='1.0'>_||>\n"
 "<||_html:</span>_||><||_html:<span style='background-color: rgba(0.0, 165.0, "
 "0, 0.15); border-radius: 3px;' title='1.0'>_||>     "
 "<||_html:</span>_||><||_html:<span style='background-color: rgba(0.0, 165.0, "
 "0, 0.15); border-radius: 3px;' title='1.0'>_||> "
 '"<||_html:</span>_||><||_html:<span style=\'background-color: rgba(0.0, '
 "165.0, 0, 0.15); border-radius: 3px;' "
 "title='1.0'>_||>release<||_html:</span>_||><||_html:<span "
 "style='background-color: rgba(0.0, 165.0, 0, 0.15); border-radius: 3px;' "
 "title='1.0'>_||>_<||_html:</span>_||><||_html:<span style='background-color: "
 "rgba(0.0, 165.0, 0, 0.15); border-radius: 3px;' "
 "title='1.0'>_||>note<||_html:</span>_||><||_html:<span "
 "style='background-color: rgba(0.0, 165.0, 0, 0.15); border-radius: 3px;' "
 'title=\'1.0\'>_||>":<||_html:</span>_||><||_html:<span '
 "style='background-color: rgba(0.0, 165.0, 0, 0.15); border-radius: 3px;' "
 'title=\'1.0\'>_||> "<||_html:</span>_||><||_html:<span '
 "style='background-color: rgba(0.0, 165.0, 0, 0.15); border-radius: 3px;' "
 "title='1.0'>_||>The<||_html:</span>_||><||_html:<span "
 "style='background-color: rgba(0.0, 165.0, 0, 0.15); border-radius: 3px;' "
 "title='1.0'>_||> '<||_html:</span>_||><||_html:<span "
 "style='background-color: rgba(0.0, 165.0, 0, 0.15); border-radius: 3px;' "
 "title='1.0'>_||>Product<||_html:</span>_||><||_html:<span "
 "style='background-color: rgba(0.0, 165.0, 0, 0.15); border-radius: 3px;' "
 "title='1.0'>_||>'<||_html:</span>_||><||_html:<span style='background-color: "
 "rgba(0.0, 165.0, 0, 0.15); border-radius: 3px;' title='1.0'>_||> "
 "type<||_html:</span>_||><||_html:<span style='background-color: rgba(0.0, "
 "165.0, 0, 0.15); border-radius: 3px;' title='1.0'>_||> "
 "no<||_html:</span>_||><||_html:<span style='background-color: rgba(0.0, "
 "165.0, 0, 0.15); border-radius: 3px;' title='1.0'>_||> "
 "longer<||_html:</span>_||><||_html:<span style='background-color: rgba(0.0, "
 "165.0, 0, 0.15); border-radius: 3px;' title='1.0'>_||> "
 "includes<||_html:</span>_||><||_html:<span style='background-color: "
 "rgba(0.0, 165.0, 0, 0.15); border-radius: 3px;' title='1.0'>_||> "
 "the<||_html:</span>_||><||_html:<span style='background-color: rgba(0.0, "
 "165.0, 0, 0.15); border-radius: 3px;' title='1.0'>_||> "
 "'<||_html:</span>_||><||_html:<span style='background-color: rgba(0.0, "
 "165.0, 0, 0.15); border-radius: 3px;' "
 "title='1.0'>_||>description<||_html:</span>_||><||_html:<span "
 "style='background-color: rgba(0.0, 165.0, 0, 0.15); border-radius: 3px;' "
 "title='1.0'>_||>'<||_html:</span>_||><||_html:<span style='background-color: "
 "rgba(0.0, 165.0, 0, 0.15); border-radius: 3px;' title='1.0'>_||> "
 "field<||_html:</span>_||><||_html:<span style='background-color: rgba(0.0, "
 "165.0, 0, 0.15); border-radius: 3px;' "
 'title=\'1.0\'>_||>."<||_html:</span>_||><||_html:<span '
 "style='background-color: rgba(0.0, 165.0, 0, 0.15); border-radius: 3px;' "
 "title='1.0'>_||>\n"
 "<||_html:</span>_||><||_html:<span style='background-color: rgba(0.0, 165.0, "
 "0, 0.15); border-radius: 3px;' title='1.0'>_||>   "
 "<||_html:</span>_||><||_html:<span style='background-color: rgba(0.0, 165.0, "
 "0, 0.15); border-radius: 3px;' title='1.0'>_||> "
 "},<||_html:</span>_||><||_html:<span style='background-color: rgba(0.0, "
 "165.0, 0, 0.15); border-radius: 3px;' title='1.0'>_||>\n"
 "<||_html:</span>_||><||_html:<span style='background-color: rgba(0.0, 165.0, "
 "0, 0.15); border-radius: 3px;' title='1.0'>_||>   "
 "<||_html:</span>_||><||_html:<span style='background-color: rgba(0.0, 165.0, "
 "0, 0.15); border-radius: 3px;' title='1.0'>_||> "
 "{<||_html:</span>_||><||_html:<span style='background-color: rgba(0.0, "
 "165.0, 0, 0.15); border-radius: 3px;' title='1.0'>_||>\n"
 "<||_html:</span>_||><||_html:<span style='background-color: rgba(0.0, 165.0, "
 "0, 0.15); border-radius: 3px;' title='1.0'>_||>     "
 "<||_html:</span>_||><||_html:<span style='background-color: rgba(0.0, 165.0, "
 "0, 0.15); border-radius: 3px;' title='1.0'>_||> "
 '"<||_html:</span>_||><||_html:<span style=\'background-color: rgba(0.0, '
 "165.0, 0, 0.15); border-radius: 3px;' "
 "title='1.0'>_||>type<||_html:</span>_||><||_html:<span "
 "style='background-color: rgba(0.0, 165.0, 0, 0.15); border-radius: 3px;' "
 'title=\'1.0\'>_||>":<||_html:</span>_||><||_html:<span '
 "style='background-color: rgba(0.0, 165.0, 0, 0.15); border-radius: 3px;' "
 'title=\'1.0\'>_||> "<||_html:</span>_||><||_html:<span '
 "style='background-color: rgba(0.0, 165.0, 0, 0.15); border-radius: 3px;' "
 "title='1.0'>_||>Product<||_html:</span>_||><||_html:<span "
 "style='background-color: rgba(0.0, 165.0, 0, 0.15); border-radius: 3px;' "
 'title=\'1.0\'>_||>",<||_html:</span>_||><||_html:<span '
 "style='background-color: rgba(0.0, 165.0, 0, 0.15); border-radius: 3px;' "
 "title='1.0'>_||>\n"
 "<||_html:</span>_||><||_html:<span style='background-color: rgba(0.0, 165.0, "
 "0, 0.15); border-radius: 3px;' title='1.0'>_||>     "
 "<||_html:</span>_||><||_html:<span style='background-color: rgba(0.0, 165.0, "
 "0, 0.15); border-radius: 3px;' title='1.0'>_||> "
 '"<||_html:</span>_||><||_html:<span style=\'background-color: rgba(0.0, '
 "165.0, 0, 0.15); border-radius: 3px;' "
 "title='1.0'>_||>field<||_html:</span>_||><||_html:<span "
 "style='background-color: rgba(0.0, 165.0, 0, 0.15); border-radius: 3px;' "
 'title=\'1.0\'>_||>":<||_html:</span>_||><||_html:<span '
 "style='background-color: rgba(0.0, 165.0, 0, 0.15); border-radius: 3px;' "
 'title=\'1.0\'>_||> "<||_html:</span>_||><||_html:<span '
 "style='background-color: rgba(0.0, 165.0, 0, 0.15); border-radius: 3px;' "
 "title='1.0'>_||>stock<||_html:</span>_||><||_html:<span "
 "style='background-color: rgba(0.0, 165.0, 0, 0.15); border-radius: 3px;' "
 'title=\'1.0\'>_||>",<||_html:</span>_||><||_html:<span '
 "style='background-color: rgba(0.0, 165.0, 0, 0.15); border-radius: 3px;' "
 "title='1.0'>_||>\n"
 "<||_html:</span>_||><||_html:<span style='background-color: rgba(0.0, 165.0, "
 "0, 0.15); border-radius: 3px;' title='1.0'>_||>     "
 "<||_html:</span>_||><||_html:<span style='background-color: rgba(0.0, 165.0, "
 "0, 0.15); border-radius: 3px;' title='1.0'>_||> "
 '"<||_html:</span>_||><||_html:<span style=\'background-color: rgba(0.0, '
 "165.0, 0, 0.15); border-radius: 3px;' "
 "title='1.0'>_||>change<||_html:</span>_||><||_html:<span "
 "style='background-color: rgba(0.0, 165.0, 0, 0.15); border-radius: 3px;' "
 'title=\'1.0\'>_||>":<||_html:</span>_||><||_html:<span '
 "style='background-color: rgba(0.0, 165.0, 0, 0.15); border-radius: 3px;' "
 'title=\'1.0\'>_||> "<||_html:</span>_||><||_html:<span '
 "style='background-color: rgba(0.0, 165.0, 0, 0.15); border-radius: 3px;' "
 "title='1.0'>_||>field<||_html:</span>_||><||_html:<span "
 "style='background-color: rgba(0.0, 165.0, 0, 0.15); border-radius: 3px;' "
 "title='1.0'>_||> removed<||_html:</span>_||><||_html:<span "
 "style='background-color: rgba(0.0, 165.0, 0, 0.15); border-radius: 3px;' "
 'title=\'1.0\'>_||>",<||_html:</span>_||><||_html:<span '
 "style='background-color: rgba(0.0, 165.0, 0, 0.15); border-radius: 3px;' "
 "title='1.0'>_||>\n"
 "<||_html:</span>_||><||_html:<span style='background-color: rgba(0.0, 165.0, "
 "0, 0.15); border-radius: 3px;' title='1.0'>_||>     "
 "<||_html:</span>_||><||_html:<span style='background-color: rgba(0.0, 165.0, "
 "0, 0.15); border-radius: 3px;' title='1.0'>_||> "
 '"<||_html:</span>_||><||_html:<span style=\'background-color: rgba(0.0, '
 "165.0, 0, 0.15); border-radius: 3px;' "
 "title='1.0'>_||>breaking<||_html:</span>_||><||_html:<span "
 "style='background-color: rgba(0.0, 165.0, 0, 0.15); border-radius: 3px;' "
 'title=\'1.0\'>_||>":<||_html:</span>_||><||_html:<span '
 "style='background-color: rgba(0.0, 165.0, 0, 0.15); border-radius: 3px;' "
 'title=\'1.0\'>_||> "<||_html:</span>_||><||_html:<span '
 "style='background-color: rgba(0.0, 165.0, 0, 0.15); border-radius: 3px;' "
 "title='1.0'>_||>true<||_html:</span>_||><||_html:<span "
 "style='background-color: rgba(0.0, 165.0, 0, 0.15); border-radius: 3px;' "
 'title=\'1.0\'>_||>",<||_html:</span>_||><||_html:<span '
 "style='background-color: rgba(0.0, 165.0, 0, 0.15); border-radius: 3px;' "
 "title='1.0'>_||>\n"
 "<||_html:</span>_||><||_html:<span style='background-color: rgba(0.0, 165.0, "
 "0, 0.15); border-radius: 3px;' title='1.0'>_||>     "
 "<||_html:</span>_||><||_html:<span style='background-color: rgba(0.0, 165.0, "
 "0, 0.15); border-radius: 3px;' title='1.0'>_||> "
 '"<||_html:</span>_||><||_html:<span style=\'background-color: rgba(0.0, '
 "165.0, 0, 0.15); border-radius: 3px;' "
 "title='1.0'>_||>release<||_html:</span>_||><||_html:<span "
 "style='background-color: rgba(0.0, 165.0, 0, 0.15); border-radius: 3px;' "
 "title='1.0'>_||>_<||_html:</span>_||><||_html:<span style='background-color: "
 "rgba(0.0, 165.0, 0, 0.15); border-radius: 3px;' "
 "title='1.0'>_||>note<||_html:</span>_||><||_html:<span "
 "style='background-color: rgba(0.0, 165.0, 0, 0.15); border-radius: 3px;' "
 'title=\'1.0\'>_||>":<||_html:</span>_||><||_html:<span '
 "style='background-color: rgba(0.0, 165.0, 0, 0.15); border-radius: 3px;' "
 'title=\'1.0\'>_||> "<||_html:</span>_||><||_html:<span '
 "style='background-color: rgba(0.0, 165.0, 0, 0.15); border-radius: 3px;' "
 "title='1.0'>_||>The<||_html:</span>_||><||_html:<span "
 "style='background-color: rgba(0.0, 165.0, 0, 0.15); border-radius: 3px;' "
 "title='1.0'>_||> '<||_html:</span>_||><||_html:<span "
 "style='background-color: rgba(0.0, 165.0, 0, 0.15); border-radius: 3px;' "
 "title='1.0'>_||>Product<||_html:</span>_||><||_html:<span "
 "style='background-color: rgba(0.0, 165.0, 0, 0.15); border-radius: 3px;' "
 "title='1.0'>_||>'<||_html:</span>_||><||_html:<span style='background-color: "
 "rgba(0.0, 165.0, 0, 0.15); border-radius: 3px;' title='1.0'>_||> "
 "type<||_html:</span>_||><||_html:<span style='background-color: rgba(0.0, "
 "165.0, 0, 0.15); border-radius: 3px;' title='1.0'>_||> "
 "no<||_html:</span>_||><||_html:<span style='background-color: rgba(0.0, "
 "165.0, 0, 0.15); border-radius: 3px;' title='1.0'>_||> "
 "longer<||_html:</span>_||><||_html:<span style='background-color: rgba(0.0, "
 "165.0, 0, 0.15); border-radius: 3px;' title='1.0'>_||> "
 "includes<||_html:</span>_||><||_html:<span style='background-color: "
 "rgba(0.0, 165.0, 0, 0.15); border-radius: 3px;' title='1.0'>_||> "
 "the<||_html:</span>_||><||_html:<span style='background-color: rgba(0.0, "
 "165.0, 0, 0.15); border-radius: 3px;' title='1.0'>_||> "
 "'<||_html:</span>_||><||_html:<span style='background-color: rgba(0.0, "
 "165.0, 0, 0.15); border-radius: 3px;' "
 "title='1.0'>_||>stock<||_html:</span>_||><||_html:<span "
 "style='background-color: rgba(0.0, 165.0, 0, 0.15); border-radius: 3px;' "
 "title='1.0'>_||>'<||_html:</span>_||><||_html:<span style='background-color: "
 "rgba(0.0, 165.0, 0, 0.15); border-radius: 3px;' title='1.0'>_||> "
 "field<||_html:</span>_||><||_html:<span style='background-color: rgba(0.0, "
 "165.0, 0, 0.15); border-radius: 3px;' "
 'title=\'1.0\'>_||>."<||_html:</span>_||><||_html:<span '
 "style='background-color: rgba(0.0, 165.0, 0, 0.15); border-radius: 3px;' "
 "title='1.0'>_||>\n"
 "<||_html:</span>_||><||_html:<span style='background-color: rgba(0.0, 165.0, "
 "0, 0.15); border-radius: 3px;' title='1.0'>_||>   "
 "<||_html:</span>_||><||_html:<span style='background-color: rgba(0.0, 165.0, "
 "0, 0.15); border-radius: 3px;' title='1.0'>_||> "
 "}<||_html:</span>_||><||_html:<span style='background-color: rgba(0.0, "
 "165.0, 0, 0.15); border-radius: 3px;' title='1.0'>_||>\n"
 "<||_html:</span>_||><||_html:<span style='background-color: rgba(0.0, 165.0, "
 "0, 0.15); border-radius: 3px;' title='1.0'>_||> "
 "<||_html:</span>_||><||_html:<span style='background-color: rgba(0.0, 165.0, "
 "0, 0.15); border-radius: 3px;' title='1.0'>_||> "
 "],<||_html:</span>_||><||_html:<span style='background-color: rgba(0.0, "
 "165.0, 0, 0.15); border-radius: 3px;' title='1.0'>_||>\n"
 "<||_html:</span>_||><||_html:<span style='background-color: rgba(0.0, 165.0, "
 "0, 0.15); border-radius: 3px;' title='1.0'>_||> "
 "<||_html:</span>_||><||_html:<span style='background-color: rgba(0.0, 165.0, "
 "0, 0.15); border-radius: 3px;' title='1.0'>_||> "
 '"<||_html:</span>_||><||_html:<span style=\'background-color: rgba(0.0, '
 "165.0, 0, 0.15); border-radius: 3px;' "
 "title='1.0'>_||>release<||_html:</span>_||><||_html:<span "
 "style='background-color: rgba(0.0, 165.0, 0, 0.15); border-radius: 3px;' "
 "title='1.0'>_||>_<||_html:</span>_||><||_html:<span style='background-color: "
 "rgba(0.0, 165.0, 0, 0.15); border-radius: 3px;' "
 "title='1.0'>_||>notes<||_html:</span>_||><||_html:<span "
 "style='background-color: rgba(0.0, 165.0, 0, 0.15); border-radius: 3px;' "
 'title=\'1.0\'>_||>":<||_html:</span>_||><||_html:<span '
 "style='background-color: rgba(0.0, 165.0, 0, 0.15); border-radius: 3px;' "
 "title='1.0'>_||> {<||_html:</span>_||><||_html:<span "
 "style='background-color: rgba(0.0, 165.0, 0, 0.15); border-radius: 3px;' "
 "title='1.0'>_||>\n"
 "<||_html:</span>_||><||_html:<span style='background-color: rgba(0.0, 165.0, "
 "0, 0.15); border-radius: 3px;' title='1.0'>_||>   "
 "<||_html:</span>_||><||_html:<span style='background-color: rgba(0.0, 165.0, "
 "0, 0.15); border-radius: 3px;' title='1.0'>_||> "
 '"<||_html:</span>_||><||_html:<span style=\'background-color: rgba(0.0, '
 "165.0, 0, 0.15); border-radius: 3px;' "
 "title='1.0'>_||>summary<||_html:</span>_||><||_html:<span "
 "style='background-color: rgba(0.0, 165.0, 0, 0.15); border-radius: 3px;' "
 'title=\'1.0\'>_||>":<||_html:</span>_||><||_html:<span '
 "style='background-color: rgba(0.0, 165.0, 0, 0.15); border-radius: 3px;' "
 'title=\'1.0\'>_||> "<||_html:</span>_||><||_html:<span '
 "style='background-color: rgba(0.0, 165.0, 0, 0.15); border-radius: 3px;' "
 "title='1.0'>_||>The<||_html:</span>_||><||_html:<span "
 "style='background-color: rgba(0.0, 165.0, 0, 0.15); border-radius: 3px;' "
 "title='1.0'>_||> '<||_html:</span>_||><||_html:<span "
 "style='background-color: rgba(0.0, 165.0, 0, 0.15); border-radius: 3px;' "
 "title='1.0'>_||>get<||_html:</span>_||><||_html:<span "
 "style='background-color: rgba(0.0, 165.0, 0, 0.15); border-radius: 3px;' "
 "title='1.0'>_||>Product<||_html:</span>_||><||_html:<span "
 "style='background-color: rgba(0.0, 165.0, 0, 0.15); border-radius: 3px;' "
 "title='1.0'>_||>'<||_html:</span>_||><||_html:<span style='background-color: "
 "rgba(0.0, 165.0, 0, 0.15); border-radius: 3px;' title='1.0'>_||> "
 "query<||_html:</span>_||><||_html:<span style='background-color: rgba(0.0, "
 "165.0, 0, 0.15); border-radius: 3px;' title='1.0'>_||> "
 "now<||_html:</span>_||><||_html:<span style='background-color: rgba(0.0, "
 "165.0, 0, 0.15); border-radius: 3px;' title='1.0'>_||> "
 "includes<||_html:</span>_||><||_html:<span style='background-color: "
 "rgba(0.0, 165.0, 0, 0.15); border-radius: 3px;' title='1.0'>_||> "
 "a<||_html:</span>_||><||_html:<span style='background-color: rgba(0.0, "
 "165.0, 0, 0.15); border-radius: 3px;' title='1.0'>_||> "
 "new<||_html:</span>_||><||_html:<span style='background-color: rgba(0.0, "
 "165.0, 0, 0.15); border-radius: 3px;' title='1.0'>_||> "
 "field<||_html:</span>_||><||_html:<span style='background-color: rgba(0.0, "
 "165.0, 0, 0.15); border-radius: 3px;' title='1.0'>_||> "
 "'<||_html:</span>_||><||_html:<span style='background-color: rgba(0.0, "
 "165.0, 0, 0.15); border-radius: 3px;' "
 "title='1.0'>_||>details<||_html:</span>_||><||_html:<span "
 "style='background-color: rgba(0.0, 165.0, 0, 0.15); border-radius: 3px;' "
 "title='1.0'>_||>'<||_html:</span>_||><||_html:<span style='background-color: "
 "rgba(0.0, 165.0, 0, 0.15); border-radius: 3px;' title='1.0'>_||> "
 "of<||_html:</span>_||><||_html:<span style='background-color: rgba(0.0, "
 "165.0, 0, 0.15); border-radius: 3px;' title='1.0'>_||> "
 "type<||_html:</span>_||><||_html:<span style='background-color: rgba(0.0, "
 "165.0, 0, 0.15); border-radius: 3px;' title='1.0'>_||> "
 "String<||_html:</span>_||><||_html:<span style='background-color: rgba(0.0, "
 "165.0, 0, 0.15); border-radius: 3px;' "
 "title='1.0'>_||>.<||_html:</span>_||><||_html:<span style='background-color: "
 "rgba(0.0, 165.0, 0, 0.15); border-radius: 3px;' title='1.0'>_||> "
 "The<||_html:</span>_||><||_html:<span style='background-color: rgba(0.0, "
 "165.0, 0, 0.15); border-radius: 3px;' title='1.0'>_||> "
 "'<||_html:</span>_||><||_html:<span style='background-color: rgba(0.0, "
 "165.0, 0, 0.15); border-radius: 3px;' "
 "title='1.0'>_||>Product<||_html:</span>_||><||_html:<span "
 "style='background-color: rgba(0.0, 165.0, 0, 0.15); border-radius: 3px;' "
 "title='1.0'>_||>'<||_html:</span>_||><||_html:<span style='background-color: "
 "rgba(0.0, 165.0, 0, 0.15); border-radius: 3px;' title='1.0'>_||> "
 "type<||_html:</span>_||><||_html:<span style='background-color: rgba(0.0, "
 "165.0, 0, 0.15); border-radius: 3px;' title='1.0'>_||> "
 "no<||_html:</span>_||><||_html:<span style='background-color: rgba(0.0, "
 "165.0, 0, 0.15); border-radius: 3px;' title='1.0'>_||> "
 "longer<||_html:</span>_||><||_html:<span style='background-color: rgba(0.0, "
 "165.0, 0, 0.15); border-radius: 3px;' title='1.0'>_||> "
 "includes<||_html:</span>_||><||_html:<span style='background-color: "
 "rgba(0.0, 165.0, 0, 0.15); border-radius: 3px;' title='1.0'>_||> "
 "the<||_html:</span>_||><||_html:<span style='background-color: rgba(0.0, "
 "165.0, 0, 0.15); border-radius: 3px;' title='1.0'>_||> "
 "'<||_html:</span>_||><||_html:<span style='background-color: rgba(0.0, "
 "165.0, 0, 0.15); border-radius: 3px;' "
 "title='1.0'>_||>description<||_html:</span>_||><||_html:<span "
 "style='background-color: rgba(0.0, 165.0, 0, 0.15); border-radius: 3px;' "
 "title='1.0'>_||>'<||_html:</span>_||><||_html:<span style='background-color: "
 "rgba(0.0, 165.0, 0, 0.15); border-radius: 3px;' title='1.0'>_||> "
 "and<||_html:</span>_||><||_html:<span style='background-color: rgba(0.0, "
 "165.0, 0, 0.15); border-radius: 3px;' title='1.0'>_||> "
 "'<||_html:</span>_||><||_html:<span style='background-color: rgba(0.0, "
 "165.0, 0, 0.15); border-radius: 3px;' "
 "title='1.0'>_||>stock<||_html:</span>_||><||_html:<span "
 "style='background-color: rgba(0.0, 165.0, 0, 0.15); border-radius: 3px;' "
 "title='1.0'>_||>'<||_html:</span>_||><||_html:<span style='background-color: "
 "rgba(0.0, 165.0, 0, 0.15); border-radius: 3px;' title='1.0'>_||> "
 "fields<||_html:</span>_||><||_html:<span style='background-color: rgba(0.0, "
 "165.0, 0, 0.15); border-radius: 3px;' "
 'title=\'1.0\'>_||>."<||_html:</span>_||><||_html:<span '
 "style='background-color: rgba(0.0, 165.0, 0, 0.15); border-radius: 3px;' "
 "title='1.0'>_||>\n"
 "<||_html:</span>_||><||_html:<span style='background-color: rgba(0.0, 165.0, "
 "0, 0.15); border-radius: 3px;' title='1.0'>_||> "
 "<||_html:</span>_||><||_html:<span style='background-color: rgba(0.0, 165.0, "
 "0, 0.15); border-radius: 3px;' title='1.0'>_||> "
 "}<||_html:</span>_||><||_html:<span style='background-color: rgba(0.0, "
 "165.0, 0, 0.15); border-radius: 3px;' title='1.0'>_||>\n"
 "<||_html:</span>_||><||_html:<span style='background-color: rgba(0.0, 165.0, "
 "0, 0.15); border-radius: 3px;' "
 'title=\'1.0\'>_||>}<||_html:</span>_||>{"changes":<||_html:<span '
 "style='background-color: rgba(0.0, 165.0, 0, 0.15); border-radius: 3px;' "
 "title='1.0'>_||>[<||_html:</span>_||><||_html:<span style='background-color: "
 "rgba(0.0, 165.0, 0, 0.15); border-radius: 3px;' "
 'title=\'1.0\'>_||>{"<||_html:</span>_||>type<||_html:<span '
 "style='background-color: rgba(0.0, 165.0, 0, 0.15); border-radius: 3px;' "
 'title=\'1.0\'>_||>":"<||_html:</span>_||><||_html:<span '
 "style='background-color: rgba(0.0, 165.0, 0, 0.15); border-radius: 3px;' "
 "title='1.0'>_||>Query<||_html:</span>_||><||_html:<span "
 "style='background-color: rgba(0.0, 165.0, 0, 0.15); border-radius: 3px;' "
 'title=\'1.0\'>_||>","<||_html:</span>_||>field<||_html:<span '
 "style='background-color: rgba(0.0, 165.0, 0, 0.15); border-radius: 3px;' "
 'title=\'1.0\'>_||>":"<||_html:</span>_||><||_html:<span '
 "style='background-color: rgba(0.0, 165.0, 0, 0.15); border-radius: 3px;' "
 "title='1.0'>_||>get<||_html:</span>_||><||_html:<span "
 "style='background-color: rgba(0.0, 165.0, 0, 0.15); border-radius: 3px;' "
 "title='1.0'>_||>Product<||_html:</span>_||><||_html:<span "
 "style='background-color: rgba(0.0, 165.0, 0, 0.15); border-radius: 3px;' "
 'title=\'1.0\'>_||>","<||_html:</span>_||>change<||_html:<span '
 "style='background-color: rgba(0.0, 165.0, 0, 0.15); border-radius: 3px;' "
 'title=\'1.0\'>_||>":"<||_html:</span>_||><||_html:<span '
 "style='background-color: rgba(0.0, 165.0, 0, 0.15); border-radius: 3px;' "
 "title='1.0'>_||>field<||_html:</span>_||><||_html:<span "
 "style='background-color: rgba(0.0, 165.0, 0, 0.15); border-radius: 3px;' "
 "title='1.0'>_||> details<||_html:</span>_||><||_html:<span "
 "style='background-color: rgba(0.0, 165.0, 0, 0.15); border-radius: 3px;' "
 "title='1.0'>_||> added<||_html:</span>_||><||_html:<span "
 "style='background-color: rgba(0.0, 165.0, 0, 0.15); border-radius: 3px;' "
 'title=\'1.0\'>_||>","<||_html:</span>_||>breaking<||_html:<span '
 "style='background-color: rgba(0.0, 165.0, 0, 0.15); border-radius: 3px;' "
 'title=\'1.0\'>_||>":<||_html:</span>_||><||_html:<span '
 "style='background-color: rgba(0.0, 165.0, 0, 0.15); border-radius: 3px;' "
 'title=\'1.0\'>_||>false<||_html:</span>_||>,"release_note<||_html:<span '
 "style='background-color: rgba(0.0, 165.0, 0, 0.15); border-radius: 3px;' "
 'title=\'1.0\'>_||>":"<||_html:</span>_||><||_html:<span '
 "style='background-color: rgba(0.0, 165.0, 0, 0.15); border-radius: 3px;' "
 "title='1.0'>_||>The<||_html:</span>_||><||_html:<span "
 "style='background-color: rgba(0.0, 165.0, 0, 0.15); border-radius: 3px;' "
 "title='1.0'>_||> '<||_html:</span>_||><||_html:<span "
 "style='background-color: rgba(0.0, 165.0, 0, 0.15); border-radius: 3px;' "
 "title='1.0'>_||>get<||_html:</span>_||><||_html:<span "
 "style='background-color: rgba(0.0, 165.0, 0, 0.15); border-radius: 3px;' "
 "title='1.0'>_||>Product<||_html:</span>_||><||_html:<span "
 "style='background-color: rgba(0.0, 165.0, 0, 0.15); border-radius: 3px;' "
 "title='1.0'>_||>'<||_html:</span>_||><||_html:<span style='background-color: "
 "rgba(0.0, 165.0, 0, 0.15); border-radius: 3px;' title='1.0'>_||> "
 "query<||_html:</span>_||><||_html:<span style='background-color: rgba(0.0, "
 "165.0, 0, 0.15); border-radius: 3px;' title='1.0'>_||> "
 "now<||_html:</span>_||><||_html:<span style='background-color: rgba(0.0, "
 "165.0, 0, 0.15); border-radius: 3px;' title='1.0'>_||> "
 "includes<||_html:</span>_||><||_html:<span style='background-color: "
 "rgba(0.0, 165.0, 0, 0.15); border-radius: 3px;' title='1.0'>_||> "
 "a<||_html:</span>_||><||_html:<span style='background-color: rgba(0.0, "
 "165.0, 0, 0.15); border-radius: 3px;' title='1.0'>_||> "
 "new<||_html:</span>_||><||_html:<span style='background-color: rgba(0.0, "
 "165.0, 0, 0.15); border-radius: 3px;' title='1.0'>_||> "
 "field<||_html:</span>_||><||_html:<span style='background-color: rgba(0.0, "
 "165.0, 0, 0.15); border-radius: 3px;' title='1.0'>_||> "
 "'<||_html:</span>_||><||_html:<span style='background-color: rgba(0.0, "
 "165.0, 0, 0.15); border-radius: 3px;' "
 "title='1.0'>_||>details<||_html:</span>_||><||_html:<span "
 "style='background-color: rgba(0.0, 165.0, 0, 0.15); border-radius: 3px;' "
 "title='1.0'>_||>'<||_html:</span>_||><||_html:<span style='background-color: "
 "rgba(0.0, 165.0, 0, 0.15); border-radius: 3px;' title='1.0'>_||> "
 "of<||_html:</span>_||><||_html:<span style='background-color: rgba(0.0, "
 "165.0, 0, 0.15); border-radius: 3px;' title='1.0'>_||> "
 "type<||_html:</span>_||><||_html:<span style='background-color: rgba(0.0, "
 "165.0, 0, 0.15); border-radius: 3px;' title='1.0'>_||> "
 "String<||_html:</span>_||><||_html:<span style='background-color: rgba(0.0, "
 "165.0, 0, 0.15); border-radius: 3px;' "
 'title=\'1.0\'>_||>."<||_html:</span>_||><||_html:<span '
 "style='background-color: rgba(0.0, 165.0, 0, 0.15); border-radius: 3px;' "
 'title=\'1.0\'>_||>},<||_html:</span>_||>{"type<||_html:<span '
 "style='background-color: rgba(0.0, 165.0, 0, 0.15); border-radius: 3px;' "
 'title=\'1.0\'>_||>":"<||_html:</span>_||><||_html:<span '
 "style='background-color: rgba(0.0, 165.0, 0, 0.15); border-radius: 3px;' "
 "title='1.0'>_||>Product<||_html:</span>_||><||_html:<span "
 "style='background-color: rgba(0.0, 165.0, 0, 0.15); border-radius: 3px;' "
 'title=\'1.0\'>_||>","<||_html:</span>_||>field<||_html:<span '
 "style='background-color: rgba(0.0, 165.0, 0, 0.15); border-radius: 3px;' "
 'title=\'1.0\'>_||>":"<||_html:</span>_||><||_html:<span '
 "style='background-color: rgba(0.0, 165.0, 0, 0.15); border-radius: 3px;' "
 "title='1.0'>_||>description<||_html:</span>_||><||_html:<span "
 "style='background-color: rgba(0.0, 165.0, 0, 0.15); border-radius: 3px;' "
 'title=\'1.0\'>_||>","<||_html:</span>_||>change<||_html:<span '
 "style='background-color: rgba(0.0, 165.0, 0, 0.15); border-radius: 3px;' "
 'title=\'1.0\'>_||>":"<||_html:</span>_||><||_html:<span '
 "style='background-color: rgba(0.0, 165.0, 0, 0.15); border-radius: 3px;' "
 "title='1.0'>_||>field<||_html:</span>_||><||_html:<span "
 "style='background-color: rgba(0.0, 165.0, 0, 0.15); border-radius: 3px;' "
 "title='1.0'>_||> removed<||_html:</span>_||><||_html:<span "
 "style='background-color: rgba(0.0, 165.0, 0, 0.15); border-radius: 3px;' "
 'title=\'1.0\'>_||>","<||_html:</span>_||>breaking<||_html:<span '
 "style='background-color: rgba(0.0, 165.0, 0, 0.15); border-radius: 3px;' "
 'title=\'1.0\'>_||>":<||_html:</span>_||><||_html:<span '
 "style='background-color: rgba(0.0, 165.0, 0, 0.15); border-radius: 3px;' "
 'title=\'1.0\'>_||>true<||_html:</span>_||>,"release_note<||_html:<span '
 "style='background-color: rgba(0.0, 165.0, 0, 0.15); border-radius: 3px;' "
 'title=\'1.0\'>_||>":"<||_html:</span>_||><||_html:<span '
 "style='background-color: rgba(0.0, 165.0, 0, 0.15); border-radius: 3px;' "
 "title='1.0'>_||>The<||_html:</span>_||><||_html:<span "
 "style='background-color: rgba(0.0, 165.0, 0, 0.15); border-radius: 3px;' "
 "title='1.0'>_||> '<||_html:</span>_||><||_html:<span "
 "style='background-color: rgba(0.0, 165.0, 0, 0.15); border-radius: 3px;' "
 "title='1.0'>_||>Product<||_html:</span>_||><||_html:<span "
 "style='background-color: rgba(0.0, 165.0, 0, 0.15); border-radius: 3px;' "
 "title='1.0'>_||>'<||_html:</span>_||><||_html:<span style='background-color: "
 "rgba(0.0, 165.0, 0, 0.15); border-radius: 3px;' title='1.0'>_||> "
 "type<||_html:</span>_||><||_html:<span style='background-color: rgba(0.0, "
 "165.0, 0, 0.15); border-radius: 3px;' title='1.0'>_||> "
 "no<||_html:</span>_||><||_html:<span style='background-color: rgba(0.0, "
 "165.0, 0, 0.15); border-radius: 3px;' title='1.0'>_||> "
 "longer<||_html:</span>_||><||_html:<span style='background-color: rgba(0.0, "
 "165.0, 0, 0.15); border-radius: 3px;' title='1.0'>_||> "
 "includes<||_html:</span>_||><||_html:<span style='background-color: "
 "rgba(0.0, 165.0, 0, 0.15); border-radius: 3px;' title='1.0'>_||> "
 "the<||_html:</span>_||><||_html:<span style='background-color: rgba(0.0, "
 "165.0, 0, 0.15); border-radius: 3px;' title='1.0'>_||> "
 "'<||_html:</span>_||><||_html:<span style='background-color: rgba(0.0, "
 "165.0, 0, 0.15); border-radius: 3px;' "
 "title='1.0'>_||>description<||_html:</span>_||><||_html:<span "
 "style='background-color: rgba(0.0, 165.0, 0, 0.15); border-radius: 3px;' "
 "title='1.0'>_||>'<||_html:</span>_||><||_html:<span style='background-color: "
 "rgba(0.0, 165.0, 0, 0.15); border-radius: 3px;' title='1.0'>_||> "
 "field<||_html:</span>_||><||_html:<span style='background-color: rgba(0.0, "
 "165.0, 0, 0.15); border-radius: 3px;' "
 'title=\'1.0\'>_||>."<||_html:</span>_||><||_html:<span '
 "style='background-color: rgba(0.0, 165.0, 0, 0.15); border-radius: 3px;' "
 'title=\'1.0\'>_||>},<||_html:</span>_||>{"type<||_html:<span '
 "style='background-color: rgba(0.0, 165.0, 0, 0.15); border-radius: 3px;' "
 'title=\'1.0\'>_||>":"<||_html:</span>_||><||_html:<span '
 "style='background-color: rgba(0.0, 165.0, 0, 0.15); border-radius: 3px;' "
 "title='1.0'>_||>Product<||_html:</span>_||><||_html:<span "
 "style='background-color: rgba(0.0, 165.0, 0, 0.15); border-radius: 3px;' "
 'title=\'1.0\'>_||>","<||_html:</span>_||>field<||_html:<span '
 "style='background-color: rgba(0.0, 165.0, 0, 0.15); border-radius: 3px;' "
 'title=\'1.0\'>_||>":"<||_html:</span>_||><||_html:<span '
 "style='background-color: rgba(0.0, 165.0, 0, 0.15); border-radius: 3px;' "
 "title='1.0'>_||>stock<||_html:</span>_||><||_html:<span "
 "style='background-color: rgba(0.0, 165.0, 0, 0.15); border-radius: 3px;' "
 'title=\'1.0\'>_||>","<||_html:</span>_||>change<||_html:<span '
 "style='background-color: rgba(0.0, 165.0, 0, 0.15); border-radius: 3px;' "
 'title=\'1.0\'>_||>":"<||_html:</span>_||><||_html:<span '
 "style='background-color: rgba(0.0, 165.0, 0, 0.15); border-radius: 3px;' "
 "title='1.0'>_||>field<||_html:</span>_||><||_html:<span "
 "style='background-color: rgba(0.0, 165.0, 0, 0.15); border-radius: 3px;' "
 "title='1.0'>_||> removed<||_html:</span>_||><||_html:<span "
 "style='background-color: rgba(0.0, 165.0, 0, 0.15); border-radius: 3px;' "
 'title=\'1.0\'>_||>","<||_html:</span>_||>breaking<||_html:<span '
 "style='background-color: rgba(0.0, 165.0, 0, 0.15); border-radius: 3px;' "
 'title=\'1.0\'>_||>":<||_html:</span>_||><||_html:<span '
 "style='background-color: rgba(0.0, 165.0, 0, 0.15); border-radius: 3px;' "
 'title=\'1.0\'>_||>true<||_html:</span>_||>,"release_note<||_html:<span '
 "style='background-color: rgba(0.0, 165.0, 0, 0.15); border-radius: 3px;' "
 'title=\'1.0\'>_||>":"<||_html:</span>_||><||_html:<span '
 "style='background-color: rgba(0.0, 165.0, 0, 0.15); border-radius: 3px;' "
 "title='1.0'>_||>The<||_html:</span>_||><||_html:<span "
 "style='background-color: rgba(0.0, 165.0, 0, 0.15); border-radius: 3px;' "
 "title='1.0'>_||> '<||_html:</span>_||><||_html:<span "
 "style='background-color: rgba(0.0, 165.0, 0, 0.15); border-radius: 3px;' "
 "title='1.0'>_||>Product<||_html:</span>_||><||_html:<span "
 "style='background-color: rgba(0.0, 165.0, 0, 0.15); border-radius: 3px;' "
 "title='1.0'>_||>'<||_html:</span>_||><||_html:<span style='background-color: "
 "rgba(0.0, 165.0, 0, 0.15); border-radius: 3px;' title='1.0'>_||> "
 "type<||_html:</span>_||><||_html:<span style='background-color: rgba(0.0, "
 "165.0, 0, 0.15); border-radius: 3px;' title='1.0'>_||> "
 "no<||_html:</span>_||><||_html:<span style='background-color: rgba(0.0, "
 "165.0, 0, 0.15); border-radius: 3px;' title='1.0'>_||> "
 "longer<||_html:</span>_||><||_html:<span style='background-color: rgba(0.0, "
 "165.0, 0, 0.15); border-radius: 3px;' title='1.0'>_||> "
 "includes<||_html:</span>_||><||_html:<span style='background-color: "
 "rgba(0.0, 165.0, 0, 0.15); border-radius: 3px;' title='1.0'>_||> "
 "the<||_html:</span>_||><||_html:<span style='background-color: rgba(0.0, "
 "165.0, 0, 0.15); border-radius: 3px;' title='1.0'>_||> "
 "'<||_html:</span>_||><||_html:<span style='background-color: rgba(0.0, "
 "165.0, 0, 0.15); border-radius: 3px;' "
 "title='1.0'>_||>stock<||_html:</span>_||><||_html:<span "
 "style='background-color: rgba(0.0, 165.0, 0, 0.15); border-radius: 3px;' "
 "title='1.0'>_||>'<||_html:</span>_||><||_html:<span style='background-color: "
 "rgba(0.0, 165.0, 0, 0.15); border-radius: 3px;' title='1.0'>_||> "
 "field<||_html:</span>_||><||_html:<span style='background-color: rgba(0.0, "
 "165.0, 0, 0.15); border-radius: 3px;' "
 'title=\'1.0\'>_||>."<||_html:</span>_||><||_html:<span '
 "style='background-color: rgba(0.0, 165.0, 0, 0.15); border-radius: 3px;' "
 'title=\'1.0\'>_||>}]<||_html:</span>_||>,"release_notes":{"summary<||_html:<span '
 "style='background-color: rgba(0.0, 165.0, 0, 0.15); border-radius: 3px;' "
 'title=\'1.0\'>_||>":"<||_html:</span>_||><||_html:<span '
 "style='background-color: rgba(0.0, 165.0, 0, 0.15); border-radius: 3px;' "
 "title='1.0'>_||>The<||_html:</span>_||><||_html:<span "
 "style='background-color: rgba(0.0, 165.0, 0, 0.15); border-radius: 3px;' "
 "title='1.0'>_||> '<||_html:</span>_||><||_html:<span "
 "style='background-color: rgba(0.0, 165.0, 0, 0.15); border-radius: 3px;' "
 "title='1.0'>_||>get<||_html:</span>_||><||_html:<span "
 "style='background-color: rgba(0.0, 165.0, 0, 0.15); border-radius: 3px;' "
 "title='1.0'>_||>Product<||_html:</span>_||><||_html:<span "
 "style='background-color: rgba(0.0, 165.0, 0, 0.15); border-radius: 3px;' "
 "title='1.0'>_||>'<||_html:</span>_||><||_html:<span style='background-color: "
 "rgba(0.0, 165.0, 0, 0.15); border-radius: 3px;' title='1.0'>_||> "
 "query<||_html:</span>_||><||_html:<span style='background-color: rgba(0.0, "
 "165.0, 0, 0.15); border-radius: 3px;' title='1.0'>_||> "
 "now<||_html:</span>_||><||_html:<span style='background-color: rgba(0.0, "
 "165.0, 0, 0.15); border-radius: 3px;' title='1.0'>_||> "
 "includes<||_html:</span>_||><||_html:<span style='background-color: "
 "rgba(0.0, 165.0, 0, 0.15); border-radius: 3px;' title='1.0'>_||> "
 "a<||_html:</span>_||><||_html:<span style='background-color: rgba(0.0, "
 "165.0, 0, 0.15); border-radius: 3px;' title='1.0'>_||> "
 "new<||_html:</span>_||><||_html:<span style='background-color: rgba(0.0, "
 "165.0, 0, 0.15); border-radius: 3px;' title='1.0'>_||> "
 "field<||_html:</span>_||><||_html:<span style='background-color: rgba(0.0, "
 "165.0, 0, 0.15); border-radius: 3px;' title='1.0'>_||> "
 "'<||_html:</span>_||><||_html:<span style='background-color: rgba(0.0, "
 "165.0, 0, 0.15); border-radius: 3px;' "
 "title='1.0'>_||>details<||_html:</span>_||><||_html:<span "
 "style='background-color: rgba(0.0, 165.0, 0, 0.15); border-radius: 3px;' "
 "title='1.0'>_||>'<||_html:</span>_||><||_html:<span style='background-color: "
 "rgba(0.0, 165.0, 0, 0.15); border-radius: 3px;' title='1.0'>_||>")
('Analyze the following two GraphQL schemas for changes, including both '
 'breaking and non-breaking changes.\n'
 '\n'
 '                        Provide your analysis in the following JSON format:\n'
 '                        {\n'
 '                          "changes": [\n'
 '                            {\n'
 '                              "type": "String representing the GraphQL type '
 '(e.g., Query, Mutation, Subscription)",\n'
 '                              "field": "String representing the specific '
 'field that changed",\n'
 '                              "change": "String describing the change (e.g., '
 'field renamed, new field added, field removed)",\n'
 '                              "breaking": "Boolean indicating if the change '
 'is breaking (true) or non-breaking (false)",\n'
 '                              "release_note": "String with a natural '
 'language description of the change for release notes"\n'
 '                            }\n'
 '                          ],\n'
 '                          "release_notes": {\n'
 '                              "summary": "String summarizing all changes, '
 'suitable for a mailing list or public announcement"\n'
 '                          }\n'
 '                        }\n'
 '\n'
 '                        When analyzing, consider the following types of '
 'changes:\n'
 '                        1. Removing fields or types (breaking)\n'
 '                        2. Changing field types (potentially breaking)\n'
 '                        3. Adding required fields (breaking)\n'
 '                        4. Changing the type of existing arguments '
 '(breaking)\n'
 '                        5. Adding optional fields (non-breaking)\n'
 '                        6. Adding new types (non-breaking)\n'
 '                        7. Deprecating fields (non-breaking)\n'
 '\n'
 '                        Ensure that each change is categorized correctly as '
 'breaking or non-breaking.: type Query {\n'
 '  getProduct(id: ID!): Product\n'
 '}\n'
 '\n'
 'type Product {\n'
 '  id: ID\n'
 '  name: String\n'
 '  description: String\n'
 '  price: Float\n'
 '  stock: Int\n'
 '}\n'
 ', type Query {\n'
 '  getProduct(id: ID!): Product\n'
 '}\n'
 '\n'
 'type Product {\n'
 '  id: ID\n'
 '  name: String\n'
 '  details: String\n'
 '  price: Float\n'
 '}\n'
 '\n'
 "Answer:<||_html:<span style='background-color: rgba(0.0, 165.0, 0, 0.15); "
 "border-radius: 3px;' title='1.0'>_||> {<||_html:</span>_||><||_html:<span "
 "style='background-color: rgba(0.0, 165.0, 0, 0.15); border-radius: 3px;' "
 "title='1.0'>_||>\n"
 "<||_html:</span>_||><||_html:<span style='background-color: rgba(0.0, 165.0, "
 "0, 0.15); border-radius: 3px;' title='1.0'>_||> "
 "<||_html:</span>_||><||_html:<span style='background-color: rgba(0.0, 165.0, "
 "0, 0.15); border-radius: 3px;' title='1.0'>_||> "
 '"<||_html:</span>_||><||_html:<span style=\'background-color: rgba(0.0, '
 "165.0, 0, 0.15); border-radius: 3px;' "
 "title='1.0'>_||>changes<||_html:</span>_||><||_html:<span "
 "style='background-color: rgba(0.0, 165.0, 0, 0.15); border-radius: 3px;' "
 'title=\'1.0\'>_||>":<||_html:</span>_||><||_html:<span '
 "style='background-color: rgba(0.0, 165.0, 0, 0.15); border-radius: 3px;' "
 "title='1.0'>_||> [<||_html:</span>_||><||_html:<span "
 "style='background-color: rgba(0.0, 165.0, 0, 0.15); border-radius: 3px;' "
 "title='1.0'>_||>\n"
 "<||_html:</span>_||><||_html:<span style='background-color: rgba(0.0, 165.0, "
 "0, 0.15); border-radius: 3px;' title='1.0'>_||>   "
 "<||_html:</span>_||><||_html:<span style='background-color: rgba(0.0, 165.0, "
 "0, 0.15); border-radius: 3px;' title='1.0'>_||> "
 "{<||_html:</span>_||><||_html:<span style='background-color: rgba(0.0, "
 "165.0, 0, 0.15); border-radius: 3px;' title='1.0'>_||>\n"
 "<||_html:</span>_||><||_html:<span style='background-color: rgba(0.0, 165.0, "
 "0, 0.15); border-radius: 3px;' title='1.0'>_||>     "
 "<||_html:</span>_||><||_html:<span style='background-color: rgba(0.0, 165.0, "
 "0, 0.15); border-radius: 3px;' title='1.0'>_||> "
 '"<||_html:</span>_||><||_html:<span style=\'background-color: rgba(0.0, '
 "165.0, 0, 0.15); border-radius: 3px;' "
 "title='1.0'>_||>type<||_html:</span>_||><||_html:<span "
 "style='background-color: rgba(0.0, 165.0, 0, 0.15); border-radius: 3px;' "
 'title=\'1.0\'>_||>":<||_html:</span>_||><||_html:<span '
 "style='background-color: rgba(0.0, 165.0, 0, 0.15); border-radius: 3px;' "
 'title=\'1.0\'>_||> "<||_html:</span>_||><||_html:<span '
 "style='background-color: rgba(0.0, 165.0, 0, 0.15); border-radius: 3px;' "
 "title='1.0'>_||>Query<||_html:</span>_||><||_html:<span "
 "style='background-color: rgba(0.0, 165.0, 0, 0.15); border-radius: 3px;' "
 'title=\'1.0\'>_||>",<||_html:</span>_||><||_html:<span '
 "style='background-color: rgba(0.0, 165.0, 0, 0.15); border-radius: 3px;' "
 "title='1.0'>_||>\n"
 "<||_html:</span>_||><||_html:<span style='background-color: rgba(0.0, 165.0, "
 "0, 0.15); border-radius: 3px;' title='1.0'>_||>     "
 "<||_html:</span>_||><||_html:<span style='background-color: rgba(0.0, 165.0, "
 "0, 0.15); border-radius: 3px;' title='1.0'>_||> "
 '"<||_html:</span>_||><||_html:<span style=\'background-color: rgba(0.0, '
 "165.0, 0, 0.15); border-radius: 3px;' "
 "title='1.0'>_||>field<||_html:</span>_||><||_html:<span "
 "style='background-color: rgba(0.0, 165.0, 0, 0.15); border-radius: 3px;' "
 'title=\'1.0\'>_||>":<||_html:</span>_||><||_html:<span '
 "style='background-color: rgba(0.0, 165.0, 0, 0.15); border-radius: 3px;' "
 'title=\'1.0\'>_||> "<||_html:</span>_||><||_html:<span '
 "style='background-color: rgba(0.0, 165.0, 0, 0.15); border-radius: 3px;' "
 "title='1.0'>_||>get<||_html:</span>_||><||_html:<span "
 "style='background-color: rgba(0.0, 165.0, 0, 0.15); border-radius: 3px;' "
 "title='1.0'>_||>Product<||_html:</span>_||><||_html:<span "
 "style='background-color: rgba(0.0, 165.0, 0, 0.15); border-radius: 3px;' "
 'title=\'1.0\'>_||>",<||_html:</span>_||><||_html:<span '
 "style='background-color: rgba(0.0, 165.0, 0, 0.15); border-radius: 3px;' "
 "title='1.0'>_||>\n"
 "<||_html:</span>_||><||_html:<span style='background-color: rgba(0.0, 165.0, "
 "0, 0.15); border-radius: 3px;' title='1.0'>_||>     "
 "<||_html:</span>_||><||_html:<span style='background-color: rgba(0.0, 165.0, "
 "0, 0.15); border-radius: 3px;' title='1.0'>_||> "
 '"<||_html:</span>_||><||_html:<span style=\'background-color: rgba(0.0, '
 "165.0, 0, 0.15); border-radius: 3px;' "
 "title='1.0'>_||>change<||_html:</span>_||><||_html:<span "
 "style='background-color: rgba(0.0, 165.0, 0, 0.15); border-radius: 3px;' "
 'title=\'1.0\'>_||>":<||_html:</span>_||><||_html:<span '
 "style='background-color: rgba(0.0, 165.0, 0, 0.15); border-radius: 3px;' "
 'title=\'1.0\'>_||> "<||_html:</span>_||><||_html:<span '
 "style='background-color: rgba(0.0, 165.0, 0, 0.15); border-radius: 3px;' "
 "title='1.0'>_||>field<||_html:</span>_||><||_html:<span "
 "style='background-color: rgba(0.0, 165.0, 0, 0.15); border-radius: 3px;' "
 "title='1.0'>_||> details<||_html:</span>_||><||_html:<span "
 "style='background-color: rgba(0.0, 165.0, 0, 0.15); border-radius: 3px;' "
 "title='1.0'>_||> added<||_html:</span>_||><||_html:<span "
 "style='background-color: rgba(0.0, 165.0, 0, 0.15); border-radius: 3px;' "
 'title=\'1.0\'>_||>",<||_html:</span>_||><||_html:<span '
 "style='background-color: rgba(0.0, 165.0, 0, 0.15); border-radius: 3px;' "
 "title='1.0'>_||>\n"
 "<||_html:</span>_||><||_html:<span style='background-color: rgba(0.0, 165.0, "
 "0, 0.15); border-radius: 3px;' title='1.0'>_||>     "
 "<||_html:</span>_||><||_html:<span style='background-color: rgba(0.0, 165.0, "
 "0, 0.15); border-radius: 3px;' title='1.0'>_||> "
 '"<||_html:</span>_||><||_html:<span style=\'background-color: rgba(0.0, '
 "165.0, 0, 0.15); border-radius: 3px;' "
 "title='1.0'>_||>breaking<||_html:</span>_||><||_html:<span "
 "style='background-color: rgba(0.0, 165.0, 0, 0.15); border-radius: 3px;' "
 'title=\'1.0\'>_||>":<||_html:</span>_||><||_html:<span '
 "style='background-color: rgba(0.0, 165.0, 0, 0.15); border-radius: 3px;' "
 'title=\'1.0\'>_||> "<||_html:</span>_||><||_html:<span '
 "style='background-color: rgba(0.0, 165.0, 0, 0.15); border-radius: 3px;' "
 "title='1.0'>_||>false<||_html:</span>_||><||_html:<span "
 "style='background-color: rgba(0.0, 165.0, 0, 0.15); border-radius: 3px;' "
 'title=\'1.0\'>_||>",<||_html:</span>_||><||_html:<span '
 "style='background-color: rgba(0.0, 165.0, 0, 0.15); border-radius: 3px;' "
 "title='1.0'>_||>\n"
 "<||_html:</span>_||><||_html:<span style='background-color: rgba(0.0, 165.0, "
 "0, 0.15); border-radius: 3px;' title='1.0'>_||>     "
 "<||_html:</span>_||><||_html:<span style='background-color: rgba(0.0, 165.0, "
 "0, 0.15); border-radius: 3px;' title='1.0'>_||> "
 '"<||_html:</span>_||><||_html:<span style=\'background-color: rgba(0.0, '
 "165.0, 0, 0.15); border-radius: 3px;' "
 "title='1.0'>_||>release<||_html:</span>_||><||_html:<span "
 "style='background-color: rgba(0.0, 165.0, 0, 0.15); border-radius: 3px;' "
 "title='1.0'>_||>_<||_html:</span>_||><||_html:<span style='background-color: "
 "rgba(0.0, 165.0, 0, 0.15); border-radius: 3px;' "
 "title='1.0'>_||>note<||_html:</span>_||><||_html:<span "
 "style='background-color: rgba(0.0, 165.0, 0, 0.15); border-radius: 3px;' "
 'title=\'1.0\'>_||>":<||_html:</span>_||><||_html:<span '
 "style='background-color: rgba(0.0, 165.0, 0, 0.15); border-radius: 3px;' "
 'title=\'1.0\'>_||> "<||_html:</span>_||><||_html:<span '
 "style='background-color: rgba(0.0, 165.0, 0, 0.15); border-radius: 3px;' "
 "title='1.0'>_||>The<||_html:</span>_||><||_html:<span "
 "style='background-color: rgba(0.0, 165.0, 0, 0.15); border-radius: 3px;' "
 "title='1.0'>_||> '<||_html:</span>_||><||_html:<span "
 "style='background-color: rgba(0.0, 165.0, 0, 0.15); border-radius: 3px;' "
 "title='1.0'>_||>get<||_html:</span>_||><||_html:<span "
 "style='background-color: rgba(0.0, 165.0, 0, 0.15); border-radius: 3px;' "
 "title='1.0'>_||>Product<||_html:</span>_||><||_html:<span "
 "style='background-color: rgba(0.0, 165.0, 0, 0.15); border-radius: 3px;' "
 "title='1.0'>_||>'<||_html:</span>_||><||_html:<span style='background-color: "
 "rgba(0.0, 165.0, 0, 0.15); border-radius: 3px;' title='1.0'>_||> "
 "query<||_html:</span>_||><||_html:<span style='background-color: rgba(0.0, "
 "165.0, 0, 0.15); border-radius: 3px;' title='1.0'>_||> "
 "now<||_html:</span>_||><||_html:<span style='background-color: rgba(0.0, "
 "165.0, 0, 0.15); border-radius: 3px;' title='1.0'>_||> "
 "includes<||_html:</span>_||><||_html:<span style='background-color: "
 "rgba(0.0, 165.0, 0, 0.15); border-radius: 3px;' title='1.0'>_||> "
 "a<||_html:</span>_||><||_html:<span style='background-color: rgba(0.0, "
 "165.0, 0, 0.15); border-radius: 3px;' title='1.0'>_||> "
 "new<||_html:</span>_||><||_html:<span style='background-color: rgba(0.0, "
 "165.0, 0, 0.15); border-radius: 3px;' title='1.0'>_||> "
 "field<||_html:</span>_||><||_html:<span style='background-color: rgba(0.0, "
 "165.0, 0, 0.15); border-radius: 3px;' title='1.0'>_||> "
 "'<||_html:</span>_||><||_html:<span style='background-color: rgba(0.0, "
 "165.0, 0, 0.15); border-radius: 3px;' "
 "title='1.0'>_||>details<||_html:</span>_||><||_html:<span "
 "style='background-color: rgba(0.0, 165.0, 0, 0.15); border-radius: 3px;' "
 "title='1.0'>_||>'<||_html:</span>_||><||_html:<span style='background-color: "
 "rgba(0.0, 165.0, 0, 0.15); border-radius: 3px;' title='1.0'>_||> "
 "of<||_html:</span>_||><||_html:<span style='background-color: rgba(0.0, "
 "165.0, 0, 0.15); border-radius: 3px;' title='1.0'>_||> "
 "type<||_html:</span>_||><||_html:<span style='background-color: rgba(0.0, "
 "165.0, 0, 0.15); border-radius: 3px;' title='1.0'>_||> "
 "String<||_html:</span>_||><||_html:<span style='background-color: rgba(0.0, "
 "165.0, 0, 0.15); border-radius: 3px;' "
 'title=\'1.0\'>_||>."<||_html:</span>_||><||_html:<span '
 "style='background-color: rgba(0.0, 165.0, 0, 0.15); border-radius: 3px;' "
 "title='1.0'>_||>\n"
 "<||_html:</span>_||><||_html:<span style='background-color: rgba(0.0, 165.0, "
 "0, 0.15); border-radius: 3px;' title='1.0'>_||>   "
 "<||_html:</span>_||><||_html:<span style='background-color: rgba(0.0, 165.0, "
 "0, 0.15); border-radius: 3px;' title='1.0'>_||> "
 "},<||_html:</span>_||><||_html:<span style='background-color: rgba(0.0, "
 "165.0, 0, 0.15); border-radius: 3px;' title='1.0'>_||>\n"
 "<||_html:</span>_||><||_html:<span style='background-color: rgba(0.0, 165.0, "
 "0, 0.15); border-radius: 3px;' title='1.0'>_||>   "
 "<||_html:</span>_||><||_html:<span style='background-color: rgba(0.0, 165.0, "
 "0, 0.15); border-radius: 3px;' title='1.0'>_||> "
 "{<||_html:</span>_||><||_html:<span style='background-color: rgba(0.0, "
 "165.0, 0, 0.15); border-radius: 3px;' title='1.0'>_||>\n"
 "<||_html:</span>_||><||_html:<span style='background-color: rgba(0.0, 165.0, "
 "0, 0.15); border-radius: 3px;' title='1.0'>_||>     "
 "<||_html:</span>_||><||_html:<span style='background-color: rgba(0.0, 165.0, "
 "0, 0.15); border-radius: 3px;' title='1.0'>_||> "
 '"<||_html:</span>_||><||_html:<span style=\'background-color: rgba(0.0, '
 "165.0, 0, 0.15); border-radius: 3px;' "
 "title='1.0'>_||>type<||_html:</span>_||><||_html:<span "
 "style='background-color: rgba(0.0, 165.0, 0, 0.15); border-radius: 3px;' "
 'title=\'1.0\'>_||>":<||_html:</span>_||><||_html:<span '
 "style='background-color: rgba(0.0, 165.0, 0, 0.15); border-radius: 3px;' "
 'title=\'1.0\'>_||> "<||_html:</span>_||><||_html:<span '
 "style='background-color: rgba(0.0, 165.0, 0, 0.15); border-radius: 3px;' "
 "title='1.0'>_||>Product<||_html:</span>_||><||_html:<span "
 "style='background-color: rgba(0.0, 165.0, 0, 0.15); border-radius: 3px;' "
 'title=\'1.0\'>_||>",<||_html:</span>_||><||_html:<span '
 "style='background-color: rgba(0.0, 165.0, 0, 0.15); border-radius: 3px;' "
 "title='1.0'>_||>\n"
 "<||_html:</span>_||><||_html:<span style='background-color: rgba(0.0, 165.0, "
 "0, 0.15); border-radius: 3px;' title='1.0'>_||>     "
 "<||_html:</span>_||><||_html:<span style='background-color: rgba(0.0, 165.0, "
 "0, 0.15); border-radius: 3px;' title='1.0'>_||> "
 '"<||_html:</span>_||><||_html:<span style=\'background-color: rgba(0.0, '
 "165.0, 0, 0.15); border-radius: 3px;' "
 "title='1.0'>_||>field<||_html:</span>_||><||_html:<span "
 "style='background-color: rgba(0.0, 165.0, 0, 0.15); border-radius: 3px;' "
 'title=\'1.0\'>_||>":<||_html:</span>_||><||_html:<span '
 "style='background-color: rgba(0.0, 165.0, 0, 0.15); border-radius: 3px;' "
 'title=\'1.0\'>_||> "<||_html:</span>_||><||_html:<span '
 "style='background-color: rgba(0.0, 165.0, 0, 0.15); border-radius: 3px;' "
 "title='1.0'>_||>description<||_html:</span>_||><||_html:<span "
 "style='background-color: rgba(0.0, 165.0, 0, 0.15); border-radius: 3px;' "
 'title=\'1.0\'>_||>",<||_html:</span>_||><||_html:<span '
 "style='background-color: rgba(0.0, 165.0, 0, 0.15); border-radius: 3px;' "
 "title='1.0'>_||>\n"
 "<||_html:</span>_||><||_html:<span style='background-color: rgba(0.0, 165.0, "
 "0, 0.15); border-radius: 3px;' title='1.0'>_||>     "
 "<||_html:</span>_||><||_html:<span style='background-color: rgba(0.0, 165.0, "
 "0, 0.15); border-radius: 3px;' title='1.0'>_||> "
 '"<||_html:</span>_||><||_html:<span style=\'background-color: rgba(0.0, '
 "165.0, 0, 0.15); border-radius: 3px;' "
 "title='1.0'>_||>change<||_html:</span>_||><||_html:<span "
 "style='background-color: rgba(0.0, 165.0, 0, 0.15); border-radius: 3px;' "
 'title=\'1.0\'>_||>":<||_html:</span>_||><||_html:<span '
 "style='background-color: rgba(0.0, 165.0, 0, 0.15); border-radius: 3px;' "
 'title=\'1.0\'>_||> "<||_html:</span>_||><||_html:<span '
 "style='background-color: rgba(0.0, 165.0, 0, 0.15); border-radius: 3px;' "
 "title='1.0'>_||>field<||_html:</span>_||><||_html:<span "
 "style='background-color: rgba(0.0, 165.0, 0, 0.15); border-radius: 3px;' "
 "title='1.0'>_||> removed<||_html:</span>_||><||_html:<span "
 "style='background-color: rgba(0.0, 165.0, 0, 0.15); border-radius: 3px;' "
 'title=\'1.0\'>_||>",<||_html:</span>_||><||_html:<span '
 "style='background-color: rgba(0.0, 165.0, 0, 0.15); border-radius: 3px;' "
 "title='1.0'>_||>\n"
 "<||_html:</span>_||><||_html:<span style='background-color: rgba(0.0, 165.0, "
 "0, 0.15); border-radius: 3px;' title='1.0'>_||>     "
 "<||_html:</span>_||><||_html:<span style='background-color: rgba(0.0, 165.0, "
 "0, 0.15); border-radius: 3px;' title='1.0'>_||> "
 '"<||_html:</span>_||><||_html:<span style=\'background-color: rgba(0.0, '
 "165.0, 0, 0.15); border-radius: 3px;' "
 "title='1.0'>_||>breaking<||_html:</span>_||><||_html:<span "
 "style='background-color: rgba(0.0, 165.0, 0, 0.15); border-radius: 3px;' "
 'title=\'1.0\'>_||>":<||_html:</span>_||><||_html:<span '
 "style='background-color: rgba(0.0, 165.0, 0, 0.15); border-radius: 3px;' "
 'title=\'1.0\'>_||> "<||_html:</span>_||><||_html:<span '
 "style='background-color: rgba(0.0, 165.0, 0, 0.15); border-radius: 3px;' "
 "title='1.0'>_||>true<||_html:</span>_||><||_html:<span "
 "style='background-color: rgba(0.0, 165.0, 0, 0.15); border-radius: 3px;' "
 'title=\'1.0\'>_||>",<||_html:</span>_||><||_html:<span '
 "style='background-color: rgba(0.0, 165.0, 0, 0.15); border-radius: 3px;' "
 "title='1.0'>_||>\n"
 "<||_html:</span>_||><||_html:<span style='background-color: rgba(0.0, 165.0, "
 "0, 0.15); border-radius: 3px;' title='1.0'>_||>     "
 "<||_html:</span>_||><||_html:<span style='background-color: rgba(0.0, 165.0, "
 "0, 0.15); border-radius: 3px;' title='1.0'>_||> "
 '"<||_html:</span>_||><||_html:<span style=\'background-color: rgba(0.0, '
 "165.0, 0, 0.15); border-radius: 3px;' "
 "title='1.0'>_||>release<||_html:</span>_||><||_html:<span "
 "style='background-color: rgba(0.0, 165.0, 0, 0.15); border-radius: 3px;' "
 "title='1.0'>_||>_<||_html:</span>_||><||_html:<span style='background-color: "
 "rgba(0.0, 165.0, 0, 0.15); border-radius: 3px;' "
 "title='1.0'>_||>note<||_html:</span>_||><||_html:<span "
 "style='background-color: rgba(0.0, 165.0, 0, 0.15); border-radius: 3px;' "
 'title=\'1.0\'>_||>":<||_html:</span>_||><||_html:<span '
 "style='background-color: rgba(0.0, 165.0, 0, 0.15); border-radius: 3px;' "
 'title=\'1.0\'>_||> "<||_html:</span>_||><||_html:<span '
 "style='background-color: rgba(0.0, 165.0, 0, 0.15); border-radius: 3px;' "
 "title='1.0'>_||>The<||_html:</span>_||><||_html:<span "
 "style='background-color: rgba(0.0, 165.0, 0, 0.15); border-radius: 3px;' "
 "title='1.0'>_||> '<||_html:</span>_||><||_html:<span "
 "style='background-color: rgba(0.0, 165.0, 0, 0.15); border-radius: 3px;' "
 "title='1.0'>_||>Product<||_html:</span>_||><||_html:<span "
 "style='background-color: rgba(0.0, 165.0, 0, 0.15); border-radius: 3px;' "
 "title='1.0'>_||>'<||_html:</span>_||><||_html:<span style='background-color: "
 "rgba(0.0, 165.0, 0, 0.15); border-radius: 3px;' title='1.0'>_||> "
 "type<||_html:</span>_||><||_html:<span style='background-color: rgba(0.0, "
 "165.0, 0, 0.15); border-radius: 3px;' title='1.0'>_||> "
 "no<||_html:</span>_||><||_html:<span style='background-color: rgba(0.0, "
 "165.0, 0, 0.15); border-radius: 3px;' title='1.0'>_||> "
 "longer<||_html:</span>_||><||_html:<span style='background-color: rgba(0.0, "
 "165.0, 0, 0.15); border-radius: 3px;' title='1.0'>_||> "
 "includes<||_html:</span>_||><||_html:<span style='background-color: "
 "rgba(0.0, 165.0, 0, 0.15); border-radius: 3px;' title='1.0'>_||> "
 "the<||_html:</span>_||><||_html:<span style='background-color: rgba(0.0, "
 "165.0, 0, 0.15); border-radius: 3px;' title='1.0'>_||> "
 "'<||_html:</span>_||><||_html:<span style='background-color: rgba(0.0, "
 "165.0, 0, 0.15); border-radius: 3px;' "
 "title='1.0'>_||>description<||_html:</span>_||><||_html:<span "
 "style='background-color: rgba(0.0, 165.0, 0, 0.15); border-radius: 3px;' "
 "title='1.0'>_||>'<||_html:</span>_||><||_html:<span style='background-color: "
 "rgba(0.0, 165.0, 0, 0.15); border-radius: 3px;' title='1.0'>_||> "
 "field<||_html:</span>_||><||_html:<span style='background-color: rgba(0.0, "
 "165.0, 0, 0.15); border-radius: 3px;' "
 'title=\'1.0\'>_||>."<||_html:</span>_||><||_html:<span '
 "style='background-color: rgba(0.0, 165.0, 0, 0.15); border-radius: 3px;' "
 "title='1.0'>_||>\n"
 "<||_html:</span>_||><||_html:<span style='background-color: rgba(0.0, 165.0, "
 "0, 0.15); border-radius: 3px;' title='1.0'>_||>   "
 "<||_html:</span>_||><||_html:<span style='background-color: rgba(0.0, 165.0, "
 "0, 0.15); border-radius: 3px;' title='1.0'>_||> "
 "},<||_html:</span>_||><||_html:<span style='background-color: rgba(0.0, "
 "165.0, 0, 0.15); border-radius: 3px;' title='1.0'>_||>\n"
 "<||_html:</span>_||><||_html:<span style='background-color: rgba(0.0, 165.0, "
 "0, 0.15); border-radius: 3px;' title='1.0'>_||>   "
 "<||_html:</span>_||><||_html:<span style='background-color: rgba(0.0, 165.0, "
 "0, 0.15); border-radius: 3px;' title='1.0'>_||> "
 "{<||_html:</span>_||><||_html:<span style='background-color: rgba(0.0, "
 "165.0, 0, 0.15); border-radius: 3px;' title='1.0'>_||>\n"
 "<||_html:</span>_||><||_html:<span style='background-color: rgba(0.0, 165.0, "
 "0, 0.15); border-radius: 3px;' title='1.0'>_||>     "
 "<||_html:</span>_||><||_html:<span style='background-color: rgba(0.0, 165.0, "
 "0, 0.15); border-radius: 3px;' title='1.0'>_||> "
 '"<||_html:</span>_||><||_html:<span style=\'background-color: rgba(0.0, '
 "165.0, 0, 0.15); border-radius: 3px;' "
 "title='1.0'>_||>type<||_html:</span>_||><||_html:<span "
 "style='background-color: rgba(0.0, 165.0, 0, 0.15); border-radius: 3px;' "
 'title=\'1.0\'>_||>":<||_html:</span>_||><||_html:<span '
 "style='background-color: rgba(0.0, 165.0, 0, 0.15); border-radius: 3px;' "
 'title=\'1.0\'>_||> "<||_html:</span>_||><||_html:<span '
 "style='background-color: rgba(0.0, 165.0, 0, 0.15); border-radius: 3px;' "
 "title='1.0'>_||>Product<||_html:</span>_||><||_html:<span "
 "style='background-color: rgba(0.0, 165.0, 0, 0.15); border-radius: 3px;' "
 'title=\'1.0\'>_||>",<||_html:</span>_||><||_html:<span '
 "style='background-color: rgba(0.0, 165.0, 0, 0.15); border-radius: 3px;' "
 "title='1.0'>_||>\n"
 "<||_html:</span>_||><||_html:<span style='background-color: rgba(0.0, 165.0, "
 "0, 0.15); border-radius: 3px;' title='1.0'>_||>     "
 "<||_html:</span>_||><||_html:<span style='background-color: rgba(0.0, 165.0, "
 "0, 0.15); border-radius: 3px;' title='1.0'>_||> "
 '"<||_html:</span>_||><||_html:<span style=\'background-color: rgba(0.0, '
 "165.0, 0, 0.15); border-radius: 3px;' "
 "title='1.0'>_||>field<||_html:</span>_||><||_html:<span "
 "style='background-color: rgba(0.0, 165.0, 0, 0.15); border-radius: 3px;' "
 'title=\'1.0\'>_||>":<||_html:</span>_||><||_html:<span '
 "style='background-color: rgba(0.0, 165.0, 0, 0.15); border-radius: 3px;' "
 'title=\'1.0\'>_||> "<||_html:</span>_||><||_html:<span '
 "style='background-color: rgba(0.0, 165.0, 0, 0.15); border-radius: 3px;' "
 "title='1.0'>_||>stock<||_html:</span>_||><||_html:<span "
 "style='background-color: rgba(0.0, 165.0, 0, 0.15); border-radius: 3px;' "
 'title=\'1.0\'>_||>",<||_html:</span>_||><||_html:<span '
 "style='background-color: rgba(0.0, 165.0, 0, 0.15); border-radius: 3px;' "
 "title='1.0'>_||>\n"
 "<||_html:</span>_||><||_html:<span style='background-color: rgba(0.0, 165.0, "
 "0, 0.15); border-radius: 3px;' title='1.0'>_||>     "
 "<||_html:</span>_||><||_html:<span style='background-color: rgba(0.0, 165.0, "
 "0, 0.15); border-radius: 3px;' title='1.0'>_||> "
 '"<||_html:</span>_||><||_html:<span style=\'background-color: rgba(0.0, '
 "165.0, 0, 0.15); border-radius: 3px;' "
 "title='1.0'>_||>change<||_html:</span>_||><||_html:<span "
 "style='background-color: rgba(0.0, 165.0, 0, 0.15); border-radius: 3px;' "
 'title=\'1.0\'>_||>":<||_html:</span>_||><||_html:<span '
 "style='background-color: rgba(0.0, 165.0, 0, 0.15); border-radius: 3px;' "
 'title=\'1.0\'>_||> "<||_html:</span>_||><||_html:<span '
 "style='background-color: rgba(0.0, 165.0, 0, 0.15); border-radius: 3px;' "
 "title='1.0'>_||>field<||_html:</span>_||><||_html:<span "
 "style='background-color: rgba(0.0, 165.0, 0, 0.15); border-radius: 3px;' "
 "title='1.0'>_||> removed<||_html:</span>_||><||_html:<span "
 "style='background-color: rgba(0.0, 165.0, 0, 0.15); border-radius: 3px;' "
 'title=\'1.0\'>_||>",<||_html:</span>_||><||_html:<span '
 "style='background-color: rgba(0.0, 165.0, 0, 0.15); border-radius: 3px;' "
 "title='1.0'>_||>\n"
 "<||_html:</span>_||><||_html:<span style='background-color: rgba(0.0, 165.0, "
 "0, 0.15); border-radius: 3px;' title='1.0'>_||>     "
 "<||_html:</span>_||><||_html:<span style='background-color: rgba(0.0, 165.0, "
 "0, 0.15); border-radius: 3px;' title='1.0'>_||> "
 '"<||_html:</span>_||><||_html:<span style=\'background-color: rgba(0.0, '
 "165.0, 0, 0.15); border-radius: 3px;' "
 "title='1.0'>_||>breaking<||_html:</span>_||><||_html:<span "
 "style='background-color: rgba(0.0, 165.0, 0, 0.15); border-radius: 3px;' "
 'title=\'1.0\'>_||>":<||_html:</span>_||><||_html:<span '
 "style='background-color: rgba(0.0, 165.0, 0, 0.15); border-radius: 3px;' "
 'title=\'1.0\'>_||> "<||_html:</span>_||><||_html:<span '
 "style='background-color: rgba(0.0, 165.0, 0, 0.15); border-radius: 3px;' "
 "title='1.0'>_||>true<||_html:</span>_||><||_html:<span "
 "style='background-color: rgba(0.0, 165.0, 0, 0.15); border-radius: 3px;' "
 'title=\'1.0\'>_||>",<||_html:</span>_||><||_html:<span '
 "style='background-color: rgba(0.0, 165.0, 0, 0.15); border-radius: 3px;' "
 "title='1.0'>_||>\n"
 "<||_html:</span>_||><||_html:<span style='background-color: rgba(0.0, 165.0, "
 "0, 0.15); border-radius: 3px;' title='1.0'>_||>     "
 "<||_html:</span>_||><||_html:<span style='background-color: rgba(0.0, 165.0, "
 "0, 0.15); border-radius: 3px;' title='1.0'>_||> "
 '"<||_html:</span>_||><||_html:<span style=\'background-color: rgba(0.0, '
 "165.0, 0, 0.15); border-radius: 3px;' "
 "title='1.0'>_||>release<||_html:</span>_||><||_html:<span "
 "style='background-color: rgba(0.0, 165.0, 0, 0.15); border-radius: 3px;' "
 "title='1.0'>_||>_<||_html:</span>_||><||_html:<span style='background-color: "
 "rgba(0.0, 165.0, 0, 0.15); border-radius: 3px;' "
 "title='1.0'>_||>note<||_html:</span>_||><||_html:<span "
 "style='background-color: rgba(0.0, 165.0, 0, 0.15); border-radius: 3px;' "
 'title=\'1.0\'>_||>":<||_html:</span>_||><||_html:<span '
 "style='background-color: rgba(0.0, 165.0, 0, 0.15); border-radius: 3px;' "
 'title=\'1.0\'>_||> "<||_html:</span>_||><||_html:<span '
 "style='background-color: rgba(0.0, 165.0, 0, 0.15); border-radius: 3px;' "
 "title='1.0'>_||>The<||_html:</span>_||><||_html:<span "
 "style='background-color: rgba(0.0, 165.0, 0, 0.15); border-radius: 3px;' "
 "title='1.0'>_||> '<||_html:</span>_||><||_html:<span "
 "style='background-color: rgba(0.0, 165.0, 0, 0.15); border-radius: 3px;' "
 "title='1.0'>_||>Product<||_html:</span>_||><||_html:<span "
 "style='background-color: rgba(0.0, 165.0, 0, 0.15); border-radius: 3px;' "
 "title='1.0'>_||>'<||_html:</span>_||><||_html:<span style='background-color: "
 "rgba(0.0, 165.0, 0, 0.15); border-radius: 3px;' title='1.0'>_||> "
 "type<||_html:</span>_||><||_html:<span style='background-color: rgba(0.0, "
 "165.0, 0, 0.15); border-radius: 3px;' title='1.0'>_||> "
 "no<||_html:</span>_||><||_html:<span style='background-color: rgba(0.0, "
 "165.0, 0, 0.15); border-radius: 3px;' title='1.0'>_||> "
 "longer<||_html:</span>_||><||_html:<span style='background-color: rgba(0.0, "
 "165.0, 0, 0.15); border-radius: 3px;' title='1.0'>_||> "
 "includes<||_html:</span>_||><||_html:<span style='background-color: "
 "rgba(0.0, 165.0, 0, 0.15); border-radius: 3px;' title='1.0'>_||> "
 "the<||_html:</span>_||><||_html:<span style='background-color: rgba(0.0, "
 "165.0, 0, 0.15); border-radius: 3px;' title='1.0'>_||> "
 "'<||_html:</span>_||><||_html:<span style='background-color: rgba(0.0, "
 "165.0, 0, 0.15); border-radius: 3px;' "
 "title='1.0'>_||>stock<||_html:</span>_||><||_html:<span "
 "style='background-color: rgba(0.0, 165.0, 0, 0.15); border-radius: 3px;' "
 "title='1.0'>_||>'<||_html:</span>_||><||_html:<span style='background-color: "
 "rgba(0.0, 165.0, 0, 0.15); border-radius: 3px;' title='1.0'>_||> "
 "field<||_html:</span>_||><||_html:<span style='background-color: rgba(0.0, "
 "165.0, 0, 0.15); border-radius: 3px;' "
 'title=\'1.0\'>_||>."<||_html:</span>_||><||_html:<span '
 "style='background-color: rgba(0.0, 165.0, 0, 0.15); border-radius: 3px;' "
 "title='1.0'>_||>\n"
 "<||_html:</span>_||><||_html:<span style='background-color: rgba(0.0, 165.0, "
 "0, 0.15); border-radius: 3px;' title='1.0'>_||>   "
 "<||_html:</span>_||><||_html:<span style='background-color: rgba(0.0, 165.0, "
 "0, 0.15); border-radius: 3px;' title='1.0'>_||> "
 "}<||_html:</span>_||><||_html:<span style='background-color: rgba(0.0, "
 "165.0, 0, 0.15); border-radius: 3px;' title='1.0'>_||>\n"
 "<||_html:</span>_||><||_html:<span style='background-color: rgba(0.0, 165.0, "
 "0, 0.15); border-radius: 3px;' title='1.0'>_||> "
 "<||_html:</span>_||><||_html:<span style='background-color: rgba(0.0, 165.0, "
 "0, 0.15); border-radius: 3px;' title='1.0'>_||> "
 "],<||_html:</span>_||><||_html:<span style='background-color: rgba(0.0, "
 "165.0, 0, 0.15); border-radius: 3px;' title='1.0'>_||>\n"
 "<||_html:</span>_||><||_html:<span style='background-color: rgba(0.0, 165.0, "
 "0, 0.15); border-radius: 3px;' title='1.0'>_||> "
 "<||_html:</span>_||><||_html:<span style='background-color: rgba(0.0, 165.0, "
 "0, 0.15); border-radius: 3px;' title='1.0'>_||> "
 '"<||_html:</span>_||><||_html:<span style=\'background-color: rgba(0.0, '
 "165.0, 0, 0.15); border-radius: 3px;' "
 "title='1.0'>_||>release<||_html:</span>_||><||_html:<span "
 "style='background-color: rgba(0.0, 165.0, 0, 0.15); border-radius: 3px;' "
 "title='1.0'>_||>_<||_html:</span>_||><||_html:<span style='background-color: "
 "rgba(0.0, 165.0, 0, 0.15); border-radius: 3px;' "
 "title='1.0'>_||>notes<||_html:</span>_||><||_html:<span "
 "style='background-color: rgba(0.0, 165.0, 0, 0.15); border-radius: 3px;' "
 'title=\'1.0\'>_||>":<||_html:</span>_||><||_html:<span '
 "style='background-color: rgba(0.0, 165.0, 0, 0.15); border-radius: 3px;' "
 "title='1.0'>_||> {<||_html:</span>_||><||_html:<span "
 "style='background-color: rgba(0.0, 165.0, 0, 0.15); border-radius: 3px;' "
 "title='1.0'>_||>\n"
 "<||_html:</span>_||><||_html:<span style='background-color: rgba(0.0, 165.0, "
 "0, 0.15); border-radius: 3px;' title='1.0'>_||>   "
 "<||_html:</span>_||><||_html:<span style='background-color: rgba(0.0, 165.0, "
 "0, 0.15); border-radius: 3px;' title='1.0'>_||> "
 '"<||_html:</span>_||><||_html:<span style=\'background-color: rgba(0.0, '
 "165.0, 0, 0.15); border-radius: 3px;' "
 "title='1.0'>_||>summary<||_html:</span>_||><||_html:<span "
 "style='background-color: rgba(0.0, 165.0, 0, 0.15); border-radius: 3px;' "
 'title=\'1.0\'>_||>":<||_html:</span>_||><||_html:<span '
 "style='background-color: rgba(0.0, 165.0, 0, 0.15); border-radius: 3px;' "
 'title=\'1.0\'>_||> "<||_html:</span>_||><||_html:<span '
 "style='background-color: rgba(0.0, 165.0, 0, 0.15); border-radius: 3px;' "
 "title='1.0'>_||>The<||_html:</span>_||><||_html:<span "
 "style='background-color: rgba(0.0, 165.0, 0, 0.15); border-radius: 3px;' "
 "title='1.0'>_||> '<||_html:</span>_||><||_html:<span "
 "style='background-color: rgba(0.0, 165.0, 0, 0.15); border-radius: 3px;' "
 "title='1.0'>_||>get<||_html:</span>_||><||_html:<span "
 "style='background-color: rgba(0.0, 165.0, 0, 0.15); border-radius: 3px;' "
 "title='1.0'>_||>Product<||_html:</span>_||><||_html:<span "
 "style='background-color: rgba(0.0, 165.0, 0, 0.15); border-radius: 3px;' "
 "title='1.0'>_||>'<||_html:</span>_||><||_html:<span style='background-color: "
 "rgba(0.0, 165.0, 0, 0.15); border-radius: 3px;' title='1.0'>_||> "
 "query<||_html:</span>_||><||_html:<span style='background-color: rgba(0.0, "
 "165.0, 0, 0.15); border-radius: 3px;' title='1.0'>_||> "
 "now<||_html:</span>_||><||_html:<span style='background-color: rgba(0.0, "
 "165.0, 0, 0.15); border-radius: 3px;' title='1.0'>_||> "
 "includes<||_html:</span>_||><||_html:<span style='background-color: "
 "rgba(0.0, 165.0, 0, 0.15); border-radius: 3px;' title='1.0'>_||> "
 "a<||_html:</span>_||><||_html:<span style='background-color: rgba(0.0, "
 "165.0, 0, 0.15); border-radius: 3px;' title='1.0'>_||> "
 "new<||_html:</span>_||><||_html:<span style='background-color: rgba(0.0, "
 "165.0, 0, 0.15); border-radius: 3px;' title='1.0'>_||> "
 "field<||_html:</span>_||><||_html:<span style='background-color: rgba(0.0, "
 "165.0, 0, 0.15); border-radius: 3px;' title='1.0'>_||> "
 "'<||_html:</span>_||><||_html:<span style='background-color: rgba(0.0, "
 "165.0, 0, 0.15); border-radius: 3px;' "
 "title='1.0'>_||>details<||_html:</span>_||><||_html:<span "
 "style='background-color: rgba(0.0, 165.0, 0, 0.15); border-radius: 3px;' "
 "title='1.0'>_||>'<||_html:</span>_||><||_html:<span style='background-color: "
 "rgba(0.0, 165.0, 0, 0.15); border-radius: 3px;' title='1.0'>_||> "
 "of<||_html:</span>_||><||_html:<span style='background-color: rgba(0.0, "
 "165.0, 0, 0.15); border-radius: 3px;' title='1.0'>_||> "
 "type<||_html:</span>_||><||_html:<span style='background-color: rgba(0.0, "
 "165.0, 0, 0.15); border-radius: 3px;' title='1.0'>_||> "
 "String<||_html:</span>_||><||_html:<span style='background-color: rgba(0.0, "
 "165.0, 0, 0.15); border-radius: 3px;' "
 "title='1.0'>_||>.<||_html:</span>_||><||_html:<span style='background-color: "
 "rgba(0.0, 165.0, 0, 0.15); border-radius: 3px;' title='1.0'>_||> "
 "The<||_html:</span>_||><||_html:<span style='background-color: rgba(0.0, "
 "165.0, 0, 0.15); border-radius: 3px;' title='1.0'>_||> "
 "'<||_html:</span>_||><||_html:<span style='background-color: rgba(0.0, "
 "165.0, 0, 0.15); border-radius: 3px;' "
 "title='1.0'>_||>Product<||_html:</span>_||><||_html:<span "
 "style='background-color: rgba(0.0, 165.0, 0, 0.15); border-radius: 3px;' "
 "title='1.0'>_||>'<||_html:</span>_||><||_html:<span style='background-color: "
 "rgba(0.0, 165.0, 0, 0.15); border-radius: 3px;' title='1.0'>_||> "
 "type<||_html:</span>_||><||_html:<span style='background-color: rgba(0.0, "
 "165.0, 0, 0.15); border-radius: 3px;' title='1.0'>_||> "
 "no<||_html:</span>_||><||_html:<span style='background-color: rgba(0.0, "
 "165.0, 0, 0.15); border-radius: 3px;' title='1.0'>_||> "
 "longer<||_html:</span>_||><||_html:<span style='background-color: rgba(0.0, "
 "165.0, 0, 0.15); border-radius: 3px;' title='1.0'>_||> "
 "includes<||_html:</span>_||><||_html:<span style='background-color: "
 "rgba(0.0, 165.0, 0, 0.15); border-radius: 3px;' title='1.0'>_||> "
 "the<||_html:</span>_||><||_html:<span style='background-color: rgba(0.0, "
 "165.0, 0, 0.15); border-radius: 3px;' title='1.0'>_||> "
 "'<||_html:</span>_||><||_html:<span style='background-color: rgba(0.0, "
 "165.0, 0, 0.15); border-radius: 3px;' "
 "title='1.0'>_||>description<||_html:</span>_||><||_html:<span "
 "style='background-color: rgba(0.0, 165.0, 0, 0.15); border-radius: 3px;' "
 "title='1.0'>_||>'<||_html:</span>_||><||_html:<span style='background-color: "
 "rgba(0.0, 165.0, 0, 0.15); border-radius: 3px;' title='1.0'>_||> "
 "and<||_html:</span>_||><||_html:<span style='background-color: rgba(0.0, "
 "165.0, 0, 0.15); border-radius: 3px;' title='1.0'>_||> "
 "'<||_html:</span>_||><||_html:<span style='background-color: rgba(0.0, "
 "165.0, 0, 0.15); border-radius: 3px;' "
 "title='1.0'>_||>stock<||_html:</span>_||><||_html:<span "
 "style='background-color: rgba(0.0, 165.0, 0, 0.15); border-radius: 3px;' "
 "title='1.0'>_||>'<||_html:</span>_||><||_html:<span style='background-color: "
 "rgba(0.0, 165.0, 0, 0.15); border-radius: 3px;' title='1.0'>_||> "
 "fields<||_html:</span>_||><||_html:<span style='background-color: rgba(0.0, "
 "165.0, 0, 0.15); border-radius: 3px;' "
 'title=\'1.0\'>_||>."<||_html:</span>_||><||_html:<span '
 "style='background-color: rgba(0.0, 165.0, 0, 0.15); border-radius: 3px;' "
 "title='1.0'>_||>\n"
 "<||_html:</span>_||><||_html:<span style='background-color: rgba(0.0, 165.0, "
 "0, 0.15); border-radius: 3px;' title='1.0'>_||> "
 "<||_html:</span>_||><||_html:<span style='background-color: rgba(0.0, 165.0, "
 "0, 0.15); border-radius: 3px;' title='1.0'>_||> "
 "}<||_html:</span>_||><||_html:<span style='background-color: rgba(0.0, "
 "165.0, 0, 0.15); border-radius: 3px;' title='1.0'>_||>\n"
 "<||_html:</span>_||><||_html:<span style='background-color: rgba(0.0, 165.0, "
 "0, 0.15); border-radius: 3px;' "
 'title=\'1.0\'>_||>}<||_html:</span>_||>{"changes":<||_html:<span '
 "style='background-color: rgba(0.0, 165.0, 0, 0.15); border-radius: 3px;' "
 "title='1.0'>_||>[<||_html:</span>_||><||_html:<span style='background-color: "
 "rgba(0.0, 165.0, 0, 0.15); border-radius: 3px;' "
 'title=\'1.0\'>_||>{"<||_html:</span>_||>type<||_html:<span '
 "style='background-color: rgba(0.0, 165.0, 0, 0.15); border-radius: 3px;' "
 'title=\'1.0\'>_||>":"<||_html:</span>_||><||_html:<span '
 "style='background-color: rgba(0.0, 165.0, 0, 0.15); border-radius: 3px;' "
 "title='1.0'>_||>Query<||_html:</span>_||><||_html:<span "
 "style='background-color: rgba(0.0, 165.0, 0, 0.15); border-radius: 3px;' "
 'title=\'1.0\'>_||>","<||_html:</span>_||>field<||_html:<span '
 "style='background-color: rgba(0.0, 165.0, 0, 0.15); border-radius: 3px;' "
 'title=\'1.0\'>_||>":"<||_html:</span>_||><||_html:<span '
 "style='background-color: rgba(0.0, 165.0, 0, 0.15); border-radius: 3px;' "
 "title='1.0'>_||>get<||_html:</span>_||><||_html:<span "
 "style='background-color: rgba(0.0, 165.0, 0, 0.15); border-radius: 3px;' "
 "title='1.0'>_||>Product<||_html:</span>_||><||_html:<span "
 "style='background-color: rgba(0.0, 165.0, 0, 0.15); border-radius: 3px;' "
 'title=\'1.0\'>_||>","<||_html:</span>_||>change<||_html:<span '
 "style='background-color: rgba(0.0, 165.0, 0, 0.15); border-radius: 3px;' "
 'title=\'1.0\'>_||>":"<||_html:</span>_||><||_html:<span '
 "style='background-color: rgba(0.0, 165.0, 0, 0.15); border-radius: 3px;' "
 "title='1.0'>_||>field<||_html:</span>_||><||_html:<span "
 "style='background-color: rgba(0.0, 165.0, 0, 0.15); border-radius: 3px;' "
 "title='1.0'>_||> details<||_html:</span>_||><||_html:<span "
 "style='background-color: rgba(0.0, 165.0, 0, 0.15); border-radius: 3px;' "
 "title='1.0'>_||> added<||_html:</span>_||><||_html:<span "
 "style='background-color: rgba(0.0, 165.0, 0, 0.15); border-radius: 3px;' "
 'title=\'1.0\'>_||>","<||_html:</span>_||>breaking<||_html:<span '
 "style='background-color: rgba(0.0, 165.0, 0, 0.15); border-radius: 3px;' "
 'title=\'1.0\'>_||>":<||_html:</span>_||><||_html:<span '
 "style='background-color: rgba(0.0, 165.0, 0, 0.15); border-radius: 3px;' "
 'title=\'1.0\'>_||>false<||_html:</span>_||>,"release_note<||_html:<span '
 "style='background-color: rgba(0.0, 165.0, 0, 0.15); border-radius: 3px;' "
 'title=\'1.0\'>_||>":"<||_html:</span>_||><||_html:<span '
 "style='background-color: rgba(0.0, 165.0, 0, 0.15); border-radius: 3px;' "
 "title='1.0'>_||>The<||_html:</span>_||><||_html:<span "
 "style='background-color: rgba(0.0, 165.0, 0, 0.15); border-radius: 3px;' "
 "title='1.0'>_||> '<||_html:</span>_||><||_html:<span "
 "style='background-color: rgba(0.0, 165.0, 0, 0.15); border-radius: 3px;' "
 "title='1.0'>_||>get<||_html:</span>_||><||_html:<span "
 "style='background-color: rgba(0.0, 165.0, 0, 0.15); border-radius: 3px;' "
 "title='1.0'>_||>Product<||_html:</span>_||><||_html:<span "
 "style='background-color: rgba(0.0, 165.0, 0, 0.15); border-radius: 3px;' "
 "title='1.0'>_||>'<||_html:</span>_||><||_html:<span style='background-color: "
 "rgba(0.0, 165.0, 0, 0.15); border-radius: 3px;' title='1.0'>_||> "
 "query<||_html:</span>_||><||_html:<span style='background-color: rgba(0.0, "
 "165.0, 0, 0.15); border-radius: 3px;' title='1.0'>_||> "
 "now<||_html:</span>_||><||_html:<span style='background-color: rgba(0.0, "
 "165.0, 0, 0.15); border-radius: 3px;' title='1.0'>_||> "
 "includes<||_html:</span>_||><||_html:<span style='background-color: "
 "rgba(0.0, 165.0, 0, 0.15); border-radius: 3px;' title='1.0'>_||> "
 "a<||_html:</span>_||><||_html:<span style='background-color: rgba(0.0, "
 "165.0, 0, 0.15); border-radius: 3px;' title='1.0'>_||> "
 "new<||_html:</span>_||><||_html:<span style='background-color: rgba(0.0, "
 "165.0, 0, 0.15); border-radius: 3px;' title='1.0'>_||> "
 "field<||_html:</span>_||><||_html:<span style='background-color: rgba(0.0, "
 "165.0, 0, 0.15); border-radius: 3px;' title='1.0'>_||> "
 "'<||_html:</span>_||><||_html:<span style='background-color: rgba(0.0, "
 "165.0, 0, 0.15); border-radius: 3px;' "
 "title='1.0'>_||>details<||_html:</span>_||><||_html:<span "
 "style='background-color: rgba(0.0, 165.0, 0, 0.15); border-radius: 3px;' "
 "title='1.0'>_||>'<||_html:</span>_||><||_html:<span style='background-color: "
 "rgba(0.0, 165.0, 0, 0.15); border-radius: 3px;' title='1.0'>_||> "
 "of<||_html:</span>_||><||_html:<span style='background-color: rgba(0.0, "
 "165.0, 0, 0.15); border-radius: 3px;' title='1.0'>_||> "
 "type<||_html:</span>_||><||_html:<span style='background-color: rgba(0.0, "
 "165.0, 0, 0.15); border-radius: 3px;' title='1.0'>_||> "
 "String<||_html:</span>_||><||_html:<span style='background-color: rgba(0.0, "
 "165.0, 0, 0.15); border-radius: 3px;' "
 'title=\'1.0\'>_||>."<||_html:</span>_||><||_html:<span '
 "style='background-color: rgba(0.0, 165.0, 0, 0.15); border-radius: 3px;' "
 'title=\'1.0\'>_||>},<||_html:</span>_||>{"type<||_html:<span '
 "style='background-color: rgba(0.0, 165.0, 0, 0.15); border-radius: 3px;' "
 'title=\'1.0\'>_||>":"<||_html:</span>_||><||_html:<span '
 "style='background-color: rgba(0.0, 165.0, 0, 0.15); border-radius: 3px;' "
 "title='1.0'>_||>Product<||_html:</span>_||><||_html:<span "
 "style='background-color: rgba(0.0, 165.0, 0, 0.15); border-radius: 3px;' "
 'title=\'1.0\'>_||>","<||_html:</span>_||>field<||_html:<span '
 "style='background-color: rgba(0.0, 165.0, 0, 0.15); border-radius: 3px;' "
 'title=\'1.0\'>_||>":"<||_html:</span>_||><||_html:<span '
 "style='background-color: rgba(0.0, 165.0, 0, 0.15); border-radius: 3px;' "
 "title='1.0'>_||>description<||_html:</span>_||><||_html:<span "
 "style='background-color: rgba(0.0, 165.0, 0, 0.15); border-radius: 3px;' "
 'title=\'1.0\'>_||>","<||_html:</span>_||>change<||_html:<span '
 "style='background-color: rgba(0.0, 165.0, 0, 0.15); border-radius: 3px;' "
 'title=\'1.0\'>_||>":"<||_html:</span>_||><||_html:<span '
 "style='background-color: rgba(0.0, 165.0, 0, 0.15); border-radius: 3px;' "
 "title='1.0'>_||>field<||_html:</span>_||><||_html:<span "
 "style='background-color: rgba(0.0, 165.0, 0, 0.15); border-radius: 3px;' "
 "title='1.0'>_||> removed<||_html:</span>_||><||_html:<span "
 "style='background-color: rgba(0.0, 165.0, 0, 0.15); border-radius: 3px;' "
 'title=\'1.0\'>_||>","<||_html:</span>_||>breaking<||_html:<span '
 "style='background-color: rgba(0.0, 165.0, 0, 0.15); border-radius: 3px;' "
 'title=\'1.0\'>_||>":<||_html:</span>_||><||_html:<span '
 "style='background-color: rgba(0.0, 165.0, 0, 0.15); border-radius: 3px;' "
 'title=\'1.0\'>_||>true<||_html:</span>_||>,"release_note<||_html:<span '
 "style='background-color: rgba(0.0, 165.0, 0, 0.15); border-radius: 3px;' "
 'title=\'1.0\'>_||>":"<||_html:</span>_||><||_html:<span '
 "style='background-color: rgba(0.0, 165.0, 0, 0.15); border-radius: 3px;' "
 "title='1.0'>_||>The<||_html:</span>_||><||_html:<span "
 "style='background-color: rgba(0.0, 165.0, 0, 0.15); border-radius: 3px;' "
 "title='1.0'>_||> '<||_html:</span>_||><||_html:<span "
 "style='background-color: rgba(0.0, 165.0, 0, 0.15); border-radius: 3px;' "
 "title='1.0'>_||>Product<||_html:</span>_||><||_html:<span "
 "style='background-color: rgba(0.0, 165.0, 0, 0.15); border-radius: 3px;' "
 "title='1.0'>_||>'<||_html:</span>_||><||_html:<span style='background-color: "
 "rgba(0.0, 165.0, 0, 0.15); border-radius: 3px;' title='1.0'>_||> "
 "type<||_html:</span>_||><||_html:<span style='background-color: rgba(0.0, "
 "165.0, 0, 0.15); border-radius: 3px;' title='1.0'>_||> "
 "no<||_html:</span>_||><||_html:<span style='background-color: rgba(0.0, "
 "165.0, 0, 0.15); border-radius: 3px;' title='1.0'>_||> "
 "longer<||_html:</span>_||><||_html:<span style='background-color: rgba(0.0, "
 "165.0, 0, 0.15); border-radius: 3px;' title='1.0'>_||> "
 "includes<||_html:</span>_||><||_html:<span style='background-color: "
 "rgba(0.0, 165.0, 0, 0.15); border-radius: 3px;' title='1.0'>_||> "
 "the<||_html:</span>_||><||_html:<span style='background-color: rgba(0.0, "
 "165.0, 0, 0.15); border-radius: 3px;' title='1.0'>_||> "
 "'<||_html:</span>_||><||_html:<span style='background-color: rgba(0.0, "
 "165.0, 0, 0.15); border-radius: 3px;' "
 "title='1.0'>_||>description<||_html:</span>_||><||_html:<span "
 "style='background-color: rgba(0.0, 165.0, 0, 0.15); border-radius: 3px;' "
 "title='1.0'>_||>'<||_html:</span>_||><||_html:<span style='background-color: "
 "rgba(0.0, 165.0, 0, 0.15); border-radius: 3px;' title='1.0'>_||> "
 "field<||_html:</span>_||><||_html:<span style='background-color: rgba(0.0, "
 "165.0, 0, 0.15); border-radius: 3px;' "
 'title=\'1.0\'>_||>."<||_html:</span>_||><||_html:<span '
 "style='background-color: rgba(0.0, 165.0, 0, 0.15); border-radius: 3px;' "
 'title=\'1.0\'>_||>},<||_html:</span>_||>{"type<||_html:<span '
 "style='background-color: rgba(0.0, 165.0, 0, 0.15); border-radius: 3px;' "
 'title=\'1.0\'>_||>":"<||_html:</span>_||><||_html:<span '
 "style='background-color: rgba(0.0, 165.0, 0, 0.15); border-radius: 3px;' "
 "title='1.0'>_||>Product<||_html:</span>_||><||_html:<span "
 "style='background-color: rgba(0.0, 165.0, 0, 0.15); border-radius: 3px;' "
 'title=\'1.0\'>_||>","<||_html:</span>_||>field<||_html:<span '
 "style='background-color: rgba(0.0, 165.0, 0, 0.15); border-radius: 3px;' "
 'title=\'1.0\'>_||>":"<||_html:</span>_||><||_html:<span '
 "style='background-color: rgba(0.0, 165.0, 0, 0.15); border-radius: 3px;' "
 "title='1.0'>_||>stock<||_html:</span>_||><||_html:<span "
 "style='background-color: rgba(0.0, 165.0, 0, 0.15); border-radius: 3px;' "
 'title=\'1.0\'>_||>","<||_html:</span>_||>change<||_html:<span '
 "style='background-color: rgba(0.0, 165.0, 0, 0.15); border-radius: 3px;' "
 'title=\'1.0\'>_||>":"<||_html:</span>_||><||_html:<span '
 "style='background-color: rgba(0.0, 165.0, 0, 0.15); border-radius: 3px;' "
 "title='1.0'>_||>field<||_html:</span>_||><||_html:<span "
 "style='background-color: rgba(0.0, 165.0, 0, 0.15); border-radius: 3px;' "
 "title='1.0'>_||> removed<||_html:</span>_||><||_html:<span "
 "style='background-color: rgba(0.0, 165.0, 0, 0.15); border-radius: 3px;' "
 'title=\'1.0\'>_||>","<||_html:</span>_||>breaking<||_html:<span '
 "style='background-color: rgba(0.0, 165.0, 0, 0.15); border-radius: 3px;' "
 'title=\'1.0\'>_||>":<||_html:</span>_||><||_html:<span '
 "style='background-color: rgba(0.0, 165.0, 0, 0.15); border-radius: 3px;' "
 'title=\'1.0\'>_||>true<||_html:</span>_||>,"release_note<||_html:<span '
 "style='background-color: rgba(0.0, 165.0, 0, 0.15); border-radius: 3px;' "
 'title=\'1.0\'>_||>":"<||_html:</span>_||><||_html:<span '
 "style='background-color: rgba(0.0, 165.0, 0, 0.15); border-radius: 3px;' "
 "title='1.0'>_||>The<||_html:</span>_||><||_html:<span "
 "style='background-color: rgba(0.0, 165.0, 0, 0.15); border-radius: 3px;' "
 "title='1.0'>_||> '<||_html:</span>_||><||_html:<span "
 "style='background-color: rgba(0.0, 165.0, 0, 0.15); border-radius: 3px;' "
 "title='1.0'>_||>Product<||_html:</span>_||><||_html:<span "
 "style='background-color: rgba(0.0, 165.0, 0, 0.15); border-radius: 3px;' "
 "title='1.0'>_||>'<||_html:</span>_||><||_html:<span style='background-color: "
 "rgba(0.0, 165.0, 0, 0.15); border-radius: 3px;' title='1.0'>_||> "
 "type<||_html:</span>_||><||_html:<span style='background-color: rgba(0.0, "
 "165.0, 0, 0.15); border-radius: 3px;' title='1.0'>_||> "
 "no<||_html:</span>_||><||_html:<span style='background-color: rgba(0.0, "
 "165.0, 0, 0.15); border-radius: 3px;' title='1.0'>_||> "
 "longer<||_html:</span>_||><||_html:<span style='background-color: rgba(0.0, "
 "165.0, 0, 0.15); border-radius: 3px;' title='1.0'>_||> "
 "includes<||_html:</span>_||><||_html:<span style='background-color: "
 "rgba(0.0, 165.0, 0, 0.15); border-radius: 3px;' title='1.0'>_||> "
 "the<||_html:</span>_||><||_html:<span style='background-color: rgba(0.0, "
 "165.0, 0, 0.15); border-radius: 3px;' title='1.0'>_||> "
 "'<||_html:</span>_||><||_html:<span style='background-color: rgba(0.0, "
 "165.0, 0, 0.15); border-radius: 3px;' "
 "title='1.0'>_||>stock<||_html:</span>_||><||_html:<span "
 "style='background-color: rgba(0.0, 165.0, 0, 0.15); border-radius: 3px;' "
 "title='1.0'>_||>'<||_html:</span>_||><||_html:<span style='background-color: "
 "rgba(0.0, 165.0, 0, 0.15); border-radius: 3px;' title='1.0'>_||> "
 "field<||_html:</span>_||><||_html:<span style='background-color: rgba(0.0, "
 "165.0, 0, 0.15); border-radius: 3px;' "
 'title=\'1.0\'>_||>."<||_html:</span>_||><||_html:<span '
 "style='background-color: rgba(0.0, 165.0, 0, 0.15); border-radius: 3px;' "
 'title=\'1.0\'>_||>}]<||_html:</span>_||>,"release_notes":{"summary<||_html:<span '
 "style='background-color: rgba(0.0, 165.0, 0, 0.15); border-radius: 3px;' "
 'title=\'1.0\'>_||>":"<||_html:</span>_||><||_html:<span '
 "style='background-color: rgba(0.0, 165.0, 0, 0.15); border-radius: 3px;' "
 "title='1.0'>_||>The<||_html:</span>_||><||_html:<span "
 "style='background-color: rgba(0.0, 165.0, 0, 0.15); border-radius: 3px;' "
 "title='1.0'>_||> '<||_html:</span>_||><||_html:<span "
 "style='background-color: rgba(0.0, 165.0, 0, 0.15); border-radius: 3px;' "
 "title='1.0'>_||>get<||_html:</span>_||><||_html:<span "
 "style='background-color: rgba(0.0, 165.0, 0, 0.15); border-radius: 3px;' "
 "title='1.0'>_||>Product<||_html:</span>_||><||_html:<span "
 "style='background-color: rgba(0.0, 165.0, 0, 0.15); border-radius: 3px;' "
 "title='1.0'>_||>'<||_html:</span>_||><||_html:<span style='background-color: "
 "rgba(0.0, 165.0, 0, 0.15); border-radius: 3px;' title='1.0'>_||> "
 "query<||_html:</span>_||><||_html:<span style='background-color: rgba(0.0, "
 "165.0, 0, 0.15); border-radius: 3px;' title='1.0'>_||> "
 "now<||_html:</span>_||><||_html:<span style='background-color: rgba(0.0, "
 "165.0, 0, 0.15); border-radius: 3px;' title='1.0'>_||> "
 "includes<||_html:</span>_||><||_html:<span style='background-color: "
 "rgba(0.0, 165.0, 0, 0.15); border-radius: 3px;' title='1.0'>_||> "
 "a<||_html:</span>_||><||_html:<span style='background-color: rgba(0.0, "
 "165.0, 0, 0.15); border-radius: 3px;' title='1.0'>_||> "
 "new<||_html:</span>_||><||_html:<span style='background-color: rgba(0.0, "
 "165.0, 0, 0.15); border-radius: 3px;' title='1.0'>_||> "
 "field<||_html:</span>_||><||_html:<span style='background-color: rgba(0.0, "
 "165.0, 0, 0.15); border-radius: 3px;' title='1.0'>_||> "
 "'<||_html:</span>_||><||_html:<span style='background-color: rgba(0.0, "
 "165.0, 0, 0.15); border-radius: 3px;' "
 "title='1.0'>_||>details<||_html:</span>_||><||_html:<span "
 "style='background-color: rgba(0.0, 165.0, 0, 0.15); border-radius: 3px;' "
 "title='1.0'>_||>'<||_html:</span>_||><||_html:<span style='background-color: "
 "rgba(0.0, 165.0, 0, 0.15); border-radius: 3px;' title='1.0'>_||> "
 "of<||_html:</span>_||><||_html:<span style='background-color: rgba(0.0, "
 "165.0, 0, 0.15); border-radius: 3px;' title='1.0'>_||> "
 "type<||_html:</span>_||><||_html:<span style='background-color: rgba(0.0, "
 "165.0, 0, 0.15); border-radius: 3px;' title='1.0'>_||>")
('Analyze the following two GraphQL schemas for changes, including both '
 'breaking and non-breaking changes.\n'
 '\n'
 '                        Provide your analysis in the following JSON format:\n'
 '                        {\n'
 '                          "changes": [\n'
 '                            {\n'
 '                              "type": "String representing the GraphQL type '
 '(e.g., Query, Mutation, Subscription)",\n'
 '                              "field": "String representing the specific '
 'field that changed",\n'
 '                              "change": "String describing the change (e.g., '
 'field renamed, new field added, field removed)",\n'
 '                              "breaking": "Boolean indicating if the change '
 'is breaking (true) or non-breaking (false)",\n'
 '                              "release_note": "String with a natural '
 'language description of the change for release notes"\n'
 '                            }\n'
 '                          ],\n'
 '                          "release_notes": {\n'
 '                              "summary": "String summarizing all changes, '
 'suitable for a mailing list or public announcement"\n'
 '                          }\n'
 '                        }\n'
 '\n'
 '                        When analyzing, consider the following types of '
 'changes:\n'
 '                        1. Removing fields or types (breaking)\n'
 '                        2. Changing field types (potentially breaking)\n'
 '                        3. Adding required fields (breaking)\n'
 '                        4. Changing the type of existing arguments '
 '(breaking)\n'
 '                        5. Adding optional fields (non-breaking)\n'
 '                        6. Adding new types (non-breaking)\n'
 '                        7. Deprecating fields (non-breaking)\n'
 '\n'
 '                        Ensure that each change is categorized correctly as '
 'breaking or non-breaking.: type Query {\n'
 '  getProduct(id: ID!): Product\n'
 '}\n'
 '\n'
 'type Product {\n'
 '  id: ID\n'
 '  name: String\n'
 '  description: String\n'
 '  price: Float\n'
 '  stock: Int\n'
 '}\n'
 ', type Query {\n'
 '  getProduct(id: ID!): Product\n'
 '}\n'
 '\n'
 'type Product {\n'
 '  id: ID\n'
 '  name: String\n'
 '  details: String\n'
 '  price: Float\n'
 '}\n'
 '\n'
 "Answer:<||_html:<span style='background-color: rgba(0.0, 165.0, 0, 0.15); "
 "border-radius: 3px;' title='1.0'>_||> {<||_html:</span>_||><||_html:<span "
 "style='background-color: rgba(0.0, 165.0, 0, 0.15); border-radius: 3px;' "
 "title='1.0'>_||>\n"
 "<||_html:</span>_||><||_html:<span style='background-color: rgba(0.0, 165.0, "
 "0, 0.15); border-radius: 3px;' title='1.0'>_||> "
 "<||_html:</span>_||><||_html:<span style='background-color: rgba(0.0, 165.0, "
 "0, 0.15); border-radius: 3px;' title='1.0'>_||> "
 '"<||_html:</span>_||><||_html:<span style=\'background-color: rgba(0.0, '
 "165.0, 0, 0.15); border-radius: 3px;' "
 "title='1.0'>_||>changes<||_html:</span>_||><||_html:<span "
 "style='background-color: rgba(0.0, 165.0, 0, 0.15); border-radius: 3px;' "
 'title=\'1.0\'>_||>":<||_html:</span>_||><||_html:<span '
 "style='background-color: rgba(0.0, 165.0, 0, 0.15); border-radius: 3px;' "
 "title='1.0'>_||> [<||_html:</span>_||><||_html:<span "
 "style='background-color: rgba(0.0, 165.0, 0, 0.15); border-radius: 3px;' "
 "title='1.0'>_||>\n"
 "<||_html:</span>_||><||_html:<span style='background-color: rgba(0.0, 165.0, "
 "0, 0.15); border-radius: 3px;' title='1.0'>_||>   "
 "<||_html:</span>_||><||_html:<span style='background-color: rgba(0.0, 165.0, "
 "0, 0.15); border-radius: 3px;' title='1.0'>_||> "
 "{<||_html:</span>_||><||_html:<span style='background-color: rgba(0.0, "
 "165.0, 0, 0.15); border-radius: 3px;' title='1.0'>_||>\n"
 "<||_html:</span>_||><||_html:<span style='background-color: rgba(0.0, 165.0, "
 "0, 0.15); border-radius: 3px;' title='1.0'>_||>     "
 "<||_html:</span>_||><||_html:<span style='background-color: rgba(0.0, 165.0, "
 "0, 0.15); border-radius: 3px;' title='1.0'>_||> "
 '"<||_html:</span>_||><||_html:<span style=\'background-color: rgba(0.0, '
 "165.0, 0, 0.15); border-radius: 3px;' "
 "title='1.0'>_||>type<||_html:</span>_||><||_html:<span "
 "style='background-color: rgba(0.0, 165.0, 0, 0.15); border-radius: 3px;' "
 'title=\'1.0\'>_||>":<||_html:</span>_||><||_html:<span '
 "style='background-color: rgba(0.0, 165.0, 0, 0.15); border-radius: 3px;' "
 'title=\'1.0\'>_||> "<||_html:</span>_||><||_html:<span '
 "style='background-color: rgba(0.0, 165.0, 0, 0.15); border-radius: 3px;' "
 "title='1.0'>_||>Query<||_html:</span>_||><||_html:<span "
 "style='background-color: rgba(0.0, 165.0, 0, 0.15); border-radius: 3px;' "
 'title=\'1.0\'>_||>",<||_html:</span>_||><||_html:<span '
 "style='background-color: rgba(0.0, 165.0, 0, 0.15); border-radius: 3px;' "
 "title='1.0'>_||>\n"
 "<||_html:</span>_||><||_html:<span style='background-color: rgba(0.0, 165.0, "
 "0, 0.15); border-radius: 3px;' title='1.0'>_||>     "
 "<||_html:</span>_||><||_html:<span style='background-color: rgba(0.0, 165.0, "
 "0, 0.15); border-radius: 3px;' title='1.0'>_||> "
 '"<||_html:</span>_||><||_html:<span style=\'background-color: rgba(0.0, '
 "165.0, 0, 0.15); border-radius: 3px;' "
 "title='1.0'>_||>field<||_html:</span>_||><||_html:<span "
 "style='background-color: rgba(0.0, 165.0, 0, 0.15); border-radius: 3px;' "
 'title=\'1.0\'>_||>":<||_html:</span>_||><||_html:<span '
 "style='background-color: rgba(0.0, 165.0, 0, 0.15); border-radius: 3px;' "
 'title=\'1.0\'>_||> "<||_html:</span>_||><||_html:<span '
 "style='background-color: rgba(0.0, 165.0, 0, 0.15); border-radius: 3px;' "
 "title='1.0'>_||>get<||_html:</span>_||><||_html:<span "
 "style='background-color: rgba(0.0, 165.0, 0, 0.15); border-radius: 3px;' "
 "title='1.0'>_||>Product<||_html:</span>_||><||_html:<span "
 "style='background-color: rgba(0.0, 165.0, 0, 0.15); border-radius: 3px;' "
 'title=\'1.0\'>_||>",<||_html:</span>_||><||_html:<span '
 "style='background-color: rgba(0.0, 165.0, 0, 0.15); border-radius: 3px;' "
 "title='1.0'>_||>\n"
 "<||_html:</span>_||><||_html:<span style='background-color: rgba(0.0, 165.0, "
 "0, 0.15); border-radius: 3px;' title='1.0'>_||>     "
 "<||_html:</span>_||><||_html:<span style='background-color: rgba(0.0, 165.0, "
 "0, 0.15); border-radius: 3px;' title='1.0'>_||> "
 '"<||_html:</span>_||><||_html:<span style=\'background-color: rgba(0.0, '
 "165.0, 0, 0.15); border-radius: 3px;' "
 "title='1.0'>_||>change<||_html:</span>_||><||_html:<span "
 "style='background-color: rgba(0.0, 165.0, 0, 0.15); border-radius: 3px;' "
 'title=\'1.0\'>_||>":<||_html:</span>_||><||_html:<span '
 "style='background-color: rgba(0.0, 165.0, 0, 0.15); border-radius: 3px;' "
 'title=\'1.0\'>_||> "<||_html:</span>_||><||_html:<span '
 "style='background-color: rgba(0.0, 165.0, 0, 0.15); border-radius: 3px;' "
 "title='1.0'>_||>field<||_html:</span>_||><||_html:<span "
 "style='background-color: rgba(0.0, 165.0, 0, 0.15); border-radius: 3px;' "
 "title='1.0'>_||> details<||_html:</span>_||><||_html:<span "
 "style='background-color: rgba(0.0, 165.0, 0, 0.15); border-radius: 3px;' "
 "title='1.0'>_||> added<||_html:</span>_||><||_html:<span "
 "style='background-color: rgba(0.0, 165.0, 0, 0.15); border-radius: 3px;' "
 'title=\'1.0\'>_||>",<||_html:</span>_||><||_html:<span '
 "style='background-color: rgba(0.0, 165.0, 0, 0.15); border-radius: 3px;' "
 "title='1.0'>_||>\n"
 "<||_html:</span>_||><||_html:<span style='background-color: rgba(0.0, 165.0, "
 "0, 0.15); border-radius: 3px;' title='1.0'>_||>     "
 "<||_html:</span>_||><||_html:<span style='background-color: rgba(0.0, 165.0, "
 "0, 0.15); border-radius: 3px;' title='1.0'>_||> "
 '"<||_html:</span>_||><||_html:<span style=\'background-color: rgba(0.0, '
 "165.0, 0, 0.15); border-radius: 3px;' "
 "title='1.0'>_||>breaking<||_html:</span>_||><||_html:<span "
 "style='background-color: rgba(0.0, 165.0, 0, 0.15); border-radius: 3px;' "
 'title=\'1.0\'>_||>":<||_html:</span>_||><||_html:<span '
 "style='background-color: rgba(0.0, 165.0, 0, 0.15); border-radius: 3px;' "
 'title=\'1.0\'>_||> "<||_html:</span>_||><||_html:<span '
 "style='background-color: rgba(0.0, 165.0, 0, 0.15); border-radius: 3px;' "
 "title='1.0'>_||>false<||_html:</span>_||><||_html:<span "
 "style='background-color: rgba(0.0, 165.0, 0, 0.15); border-radius: 3px;' "
 'title=\'1.0\'>_||>",<||_html:</span>_||><||_html:<span '
 "style='background-color: rgba(0.0, 165.0, 0, 0.15); border-radius: 3px;' "
 "title='1.0'>_||>\n"
 "<||_html:</span>_||><||_html:<span style='background-color: rgba(0.0, 165.0, "
 "0, 0.15); border-radius: 3px;' title='1.0'>_||>     "
 "<||_html:</span>_||><||_html:<span style='background-color: rgba(0.0, 165.0, "
 "0, 0.15); border-radius: 3px;' title='1.0'>_||> "
 '"<||_html:</span>_||><||_html:<span style=\'background-color: rgba(0.0, '
 "165.0, 0, 0.15); border-radius: 3px;' "
 "title='1.0'>_||>release<||_html:</span>_||><||_html:<span "
 "style='background-color: rgba(0.0, 165.0, 0, 0.15); border-radius: 3px;' "
 "title='1.0'>_||>_<||_html:</span>_||><||_html:<span style='background-color: "
 "rgba(0.0, 165.0, 0, 0.15); border-radius: 3px;' "
 "title='1.0'>_||>note<||_html:</span>_||><||_html:<span "
 "style='background-color: rgba(0.0, 165.0, 0, 0.15); border-radius: 3px;' "
 'title=\'1.0\'>_||>":<||_html:</span>_||><||_html:<span '
 "style='background-color: rgba(0.0, 165.0, 0, 0.15); border-radius: 3px;' "
 'title=\'1.0\'>_||> "<||_html:</span>_||><||_html:<span '
 "style='background-color: rgba(0.0, 165.0, 0, 0.15); border-radius: 3px;' "
 "title='1.0'>_||>The<||_html:</span>_||><||_html:<span "
 "style='background-color: rgba(0.0, 165.0, 0, 0.15); border-radius: 3px;' "
 "title='1.0'>_||> '<||_html:</span>_||><||_html:<span "
 "style='background-color: rgba(0.0, 165.0, 0, 0.15); border-radius: 3px;' "
 "title='1.0'>_||>get<||_html:</span>_||><||_html:<span "
 "style='background-color: rgba(0.0, 165.0, 0, 0.15); border-radius: 3px;' "
 "title='1.0'>_||>Product<||_html:</span>_||><||_html:<span "
 "style='background-color: rgba(0.0, 165.0, 0, 0.15); border-radius: 3px;' "
 "title='1.0'>_||>'<||_html:</span>_||><||_html:<span style='background-color: "
 "rgba(0.0, 165.0, 0, 0.15); border-radius: 3px;' title='1.0'>_||> "
 "query<||_html:</span>_||><||_html:<span style='background-color: rgba(0.0, "
 "165.0, 0, 0.15); border-radius: 3px;' title='1.0'>_||> "
 "now<||_html:</span>_||><||_html:<span style='background-color: rgba(0.0, "
 "165.0, 0, 0.15); border-radius: 3px;' title='1.0'>_||> "
 "includes<||_html:</span>_||><||_html:<span style='background-color: "
 "rgba(0.0, 165.0, 0, 0.15); border-radius: 3px;' title='1.0'>_||> "
 "a<||_html:</span>_||><||_html:<span style='background-color: rgba(0.0, "
 "165.0, 0, 0.15); border-radius: 3px;' title='1.0'>_||> "
 "new<||_html:</span>_||><||_html:<span style='background-color: rgba(0.0, "
 "165.0, 0, 0.15); border-radius: 3px;' title='1.0'>_||> "
 "field<||_html:</span>_||><||_html:<span style='background-color: rgba(0.0, "
 "165.0, 0, 0.15); border-radius: 3px;' title='1.0'>_||> "
 "'<||_html:</span>_||><||_html:<span style='background-color: rgba(0.0, "
 "165.0, 0, 0.15); border-radius: 3px;' "
 "title='1.0'>_||>details<||_html:</span>_||><||_html:<span "
 "style='background-color: rgba(0.0, 165.0, 0, 0.15); border-radius: 3px;' "
 "title='1.0'>_||>'<||_html:</span>_||><||_html:<span style='background-color: "
 "rgba(0.0, 165.0, 0, 0.15); border-radius: 3px;' title='1.0'>_||> "
 "of<||_html:</span>_||><||_html:<span style='background-color: rgba(0.0, "
 "165.0, 0, 0.15); border-radius: 3px;' title='1.0'>_||> "
 "type<||_html:</span>_||><||_html:<span style='background-color: rgba(0.0, "
 "165.0, 0, 0.15); border-radius: 3px;' title='1.0'>_||> "
 "String<||_html:</span>_||><||_html:<span style='background-color: rgba(0.0, "
 "165.0, 0, 0.15); border-radius: 3px;' "
 'title=\'1.0\'>_||>."<||_html:</span>_||><||_html:<span '
 "style='background-color: rgba(0.0, 165.0, 0, 0.15); border-radius: 3px;' "
 "title='1.0'>_||>\n"
 "<||_html:</span>_||><||_html:<span style='background-color: rgba(0.0, 165.0, "
 "0, 0.15); border-radius: 3px;' title='1.0'>_||>   "
 "<||_html:</span>_||><||_html:<span style='background-color: rgba(0.0, 165.0, "
 "0, 0.15); border-radius: 3px;' title='1.0'>_||> "
 "},<||_html:</span>_||><||_html:<span style='background-color: rgba(0.0, "
 "165.0, 0, 0.15); border-radius: 3px;' title='1.0'>_||>\n"
 "<||_html:</span>_||><||_html:<span style='background-color: rgba(0.0, 165.0, "
 "0, 0.15); border-radius: 3px;' title='1.0'>_||>   "
 "<||_html:</span>_||><||_html:<span style='background-color: rgba(0.0, 165.0, "
 "0, 0.15); border-radius: 3px;' title='1.0'>_||> "
 "{<||_html:</span>_||><||_html:<span style='background-color: rgba(0.0, "
 "165.0, 0, 0.15); border-radius: 3px;' title='1.0'>_||>\n"
 "<||_html:</span>_||><||_html:<span style='background-color: rgba(0.0, 165.0, "
 "0, 0.15); border-radius: 3px;' title='1.0'>_||>     "
 "<||_html:</span>_||><||_html:<span style='background-color: rgba(0.0, 165.0, "
 "0, 0.15); border-radius: 3px;' title='1.0'>_||> "
 '"<||_html:</span>_||><||_html:<span style=\'background-color: rgba(0.0, '
 "165.0, 0, 0.15); border-radius: 3px;' "
 "title='1.0'>_||>type<||_html:</span>_||><||_html:<span "
 "style='background-color: rgba(0.0, 165.0, 0, 0.15); border-radius: 3px;' "
 'title=\'1.0\'>_||>":<||_html:</span>_||><||_html:<span '
 "style='background-color: rgba(0.0, 165.0, 0, 0.15); border-radius: 3px;' "
 'title=\'1.0\'>_||> "<||_html:</span>_||><||_html:<span '
 "style='background-color: rgba(0.0, 165.0, 0, 0.15); border-radius: 3px;' "
 "title='1.0'>_||>Product<||_html:</span>_||><||_html:<span "
 "style='background-color: rgba(0.0, 165.0, 0, 0.15); border-radius: 3px;' "
 'title=\'1.0\'>_||>",<||_html:</span>_||><||_html:<span '
 "style='background-color: rgba(0.0, 165.0, 0, 0.15); border-radius: 3px;' "
 "title='1.0'>_||>\n"
 "<||_html:</span>_||><||_html:<span style='background-color: rgba(0.0, 165.0, "
 "0, 0.15); border-radius: 3px;' title='1.0'>_||>     "
 "<||_html:</span>_||><||_html:<span style='background-color: rgba(0.0, 165.0, "
 "0, 0.15); border-radius: 3px;' title='1.0'>_||> "
 '"<||_html:</span>_||><||_html:<span style=\'background-color: rgba(0.0, '
 "165.0, 0, 0.15); border-radius: 3px;' "
 "title='1.0'>_||>field<||_html:</span>_||><||_html:<span "
 "style='background-color: rgba(0.0, 165.0, 0, 0.15); border-radius: 3px;' "
 'title=\'1.0\'>_||>":<||_html:</span>_||><||_html:<span '
 "style='background-color: rgba(0.0, 165.0, 0, 0.15); border-radius: 3px;' "
 'title=\'1.0\'>_||> "<||_html:</span>_||><||_html:<span '
 "style='background-color: rgba(0.0, 165.0, 0, 0.15); border-radius: 3px;' "
 "title='1.0'>_||>description<||_html:</span>_||><||_html:<span "
 "style='background-color: rgba(0.0, 165.0, 0, 0.15); border-radius: 3px;' "
 'title=\'1.0\'>_||>",<||_html:</span>_||><||_html:<span '
 "style='background-color: rgba(0.0, 165.0, 0, 0.15); border-radius: 3px;' "
 "title='1.0'>_||>\n"
 "<||_html:</span>_||><||_html:<span style='background-color: rgba(0.0, 165.0, "
 "0, 0.15); border-radius: 3px;' title='1.0'>_||>     "
 "<||_html:</span>_||><||_html:<span style='background-color: rgba(0.0, 165.0, "
 "0, 0.15); border-radius: 3px;' title='1.0'>_||> "
 '"<||_html:</span>_||><||_html:<span style=\'background-color: rgba(0.0, '
 "165.0, 0, 0.15); border-radius: 3px;' "
 "title='1.0'>_||>change<||_html:</span>_||><||_html:<span "
 "style='background-color: rgba(0.0, 165.0, 0, 0.15); border-radius: 3px;' "
 'title=\'1.0\'>_||>":<||_html:</span>_||><||_html:<span '
 "style='background-color: rgba(0.0, 165.0, 0, 0.15); border-radius: 3px;' "
 'title=\'1.0\'>_||> "<||_html:</span>_||><||_html:<span '
 "style='background-color: rgba(0.0, 165.0, 0, 0.15); border-radius: 3px;' "
 "title='1.0'>_||>field<||_html:</span>_||><||_html:<span "
 "style='background-color: rgba(0.0, 165.0, 0, 0.15); border-radius: 3px;' "
 "title='1.0'>_||> removed<||_html:</span>_||><||_html:<span "
 "style='background-color: rgba(0.0, 165.0, 0, 0.15); border-radius: 3px;' "
 'title=\'1.0\'>_||>",<||_html:</span>_||><||_html:<span '
 "style='background-color: rgba(0.0, 165.0, 0, 0.15); border-radius: 3px;' "
 "title='1.0'>_||>\n"
 "<||_html:</span>_||><||_html:<span style='background-color: rgba(0.0, 165.0, "
 "0, 0.15); border-radius: 3px;' title='1.0'>_||>     "
 "<||_html:</span>_||><||_html:<span style='background-color: rgba(0.0, 165.0, "
 "0, 0.15); border-radius: 3px;' title='1.0'>_||> "
 '"<||_html:</span>_||><||_html:<span style=\'background-color: rgba(0.0, '
 "165.0, 0, 0.15); border-radius: 3px;' "
 "title='1.0'>_||>breaking<||_html:</span>_||><||_html:<span "
 "style='background-color: rgba(0.0, 165.0, 0, 0.15); border-radius: 3px;' "
 'title=\'1.0\'>_||>":<||_html:</span>_||><||_html:<span '
 "style='background-color: rgba(0.0, 165.0, 0, 0.15); border-radius: 3px;' "
 'title=\'1.0\'>_||> "<||_html:</span>_||><||_html:<span '
 "style='background-color: rgba(0.0, 165.0, 0, 0.15); border-radius: 3px;' "
 "title='1.0'>_||>true<||_html:</span>_||><||_html:<span "
 "style='background-color: rgba(0.0, 165.0, 0, 0.15); border-radius: 3px;' "
 'title=\'1.0\'>_||>",<||_html:</span>_||><||_html:<span '
 "style='background-color: rgba(0.0, 165.0, 0, 0.15); border-radius: 3px;' "
 "title='1.0'>_||>\n"
 "<||_html:</span>_||><||_html:<span style='background-color: rgba(0.0, 165.0, "
 "0, 0.15); border-radius: 3px;' title='1.0'>_||>     "
 "<||_html:</span>_||><||_html:<span style='background-color: rgba(0.0, 165.0, "
 "0, 0.15); border-radius: 3px;' title='1.0'>_||> "
 '"<||_html:</span>_||><||_html:<span style=\'background-color: rgba(0.0, '
 "165.0, 0, 0.15); border-radius: 3px;' "
 "title='1.0'>_||>release<||_html:</span>_||><||_html:<span "
 "style='background-color: rgba(0.0, 165.0, 0, 0.15); border-radius: 3px;' "
 "title='1.0'>_||>_<||_html:</span>_||><||_html:<span style='background-color: "
 "rgba(0.0, 165.0, 0, 0.15); border-radius: 3px;' "
 "title='1.0'>_||>note<||_html:</span>_||><||_html:<span "
 "style='background-color: rgba(0.0, 165.0, 0, 0.15); border-radius: 3px;' "
 'title=\'1.0\'>_||>":<||_html:</span>_||><||_html:<span '
 "style='background-color: rgba(0.0, 165.0, 0, 0.15); border-radius: 3px;' "
 'title=\'1.0\'>_||> "<||_html:</span>_||><||_html:<span '
 "style='background-color: rgba(0.0, 165.0, 0, 0.15); border-radius: 3px;' "
 "title='1.0'>_||>The<||_html:</span>_||><||_html:<span "
 "style='background-color: rgba(0.0, 165.0, 0, 0.15); border-radius: 3px;' "
 "title='1.0'>_||> '<||_html:</span>_||><||_html:<span "
 "style='background-color: rgba(0.0, 165.0, 0, 0.15); border-radius: 3px;' "
 "title='1.0'>_||>Product<||_html:</span>_||><||_html:<span "
 "style='background-color: rgba(0.0, 165.0, 0, 0.15); border-radius: 3px;' "
 "title='1.0'>_||>'<||_html:</span>_||><||_html:<span style='background-color: "
 "rgba(0.0, 165.0, 0, 0.15); border-radius: 3px;' title='1.0'>_||> "
 "type<||_html:</span>_||><||_html:<span style='background-color: rgba(0.0, "
 "165.0, 0, 0.15); border-radius: 3px;' title='1.0'>_||> "
 "no<||_html:</span>_||><||_html:<span style='background-color: rgba(0.0, "
 "165.0, 0, 0.15); border-radius: 3px;' title='1.0'>_||> "
 "longer<||_html:</span>_||><||_html:<span style='background-color: rgba(0.0, "
 "165.0, 0, 0.15); border-radius: 3px;' title='1.0'>_||> "
 "includes<||_html:</span>_||><||_html:<span style='background-color: "
 "rgba(0.0, 165.0, 0, 0.15); border-radius: 3px;' title='1.0'>_||> "
 "the<||_html:</span>_||><||_html:<span style='background-color: rgba(0.0, "
 "165.0, 0, 0.15); border-radius: 3px;' title='1.0'>_||> "
 "'<||_html:</span>_||><||_html:<span style='background-color: rgba(0.0, "
 "165.0, 0, 0.15); border-radius: 3px;' "
 "title='1.0'>_||>description<||_html:</span>_||><||_html:<span "
 "style='background-color: rgba(0.0, 165.0, 0, 0.15); border-radius: 3px;' "
 "title='1.0'>_||>'<||_html:</span>_||><||_html:<span style='background-color: "
 "rgba(0.0, 165.0, 0, 0.15); border-radius: 3px;' title='1.0'>_||> "
 "field<||_html:</span>_||><||_html:<span style='background-color: rgba(0.0, "
 "165.0, 0, 0.15); border-radius: 3px;' "
 'title=\'1.0\'>_||>."<||_html:</span>_||><||_html:<span '
 "style='background-color: rgba(0.0, 165.0, 0, 0.15); border-radius: 3px;' "
 "title='1.0'>_||>\n"
 "<||_html:</span>_||><||_html:<span style='background-color: rgba(0.0, 165.0, "
 "0, 0.15); border-radius: 3px;' title='1.0'>_||>   "
 "<||_html:</span>_||><||_html:<span style='background-color: rgba(0.0, 165.0, "
 "0, 0.15); border-radius: 3px;' title='1.0'>_||> "
 "},<||_html:</span>_||><||_html:<span style='background-color: rgba(0.0, "
 "165.0, 0, 0.15); border-radius: 3px;' title='1.0'>_||>\n"
 "<||_html:</span>_||><||_html:<span style='background-color: rgba(0.0, 165.0, "
 "0, 0.15); border-radius: 3px;' title='1.0'>_||>   "
 "<||_html:</span>_||><||_html:<span style='background-color: rgba(0.0, 165.0, "
 "0, 0.15); border-radius: 3px;' title='1.0'>_||> "
 "{<||_html:</span>_||><||_html:<span style='background-color: rgba(0.0, "
 "165.0, 0, 0.15); border-radius: 3px;' title='1.0'>_||>\n"
 "<||_html:</span>_||><||_html:<span style='background-color: rgba(0.0, 165.0, "
 "0, 0.15); border-radius: 3px;' title='1.0'>_||>     "
 "<||_html:</span>_||><||_html:<span style='background-color: rgba(0.0, 165.0, "
 "0, 0.15); border-radius: 3px;' title='1.0'>_||> "
 '"<||_html:</span>_||><||_html:<span style=\'background-color: rgba(0.0, '
 "165.0, 0, 0.15); border-radius: 3px;' "
 "title='1.0'>_||>type<||_html:</span>_||><||_html:<span "
 "style='background-color: rgba(0.0, 165.0, 0, 0.15); border-radius: 3px;' "
 'title=\'1.0\'>_||>":<||_html:</span>_||><||_html:<span '
 "style='background-color: rgba(0.0, 165.0, 0, 0.15); border-radius: 3px;' "
 'title=\'1.0\'>_||> "<||_html:</span>_||><||_html:<span '
 "style='background-color: rgba(0.0, 165.0, 0, 0.15); border-radius: 3px;' "
 "title='1.0'>_||>Product<||_html:</span>_||><||_html:<span "
 "style='background-color: rgba(0.0, 165.0, 0, 0.15); border-radius: 3px;' "
 'title=\'1.0\'>_||>",<||_html:</span>_||><||_html:<span '
 "style='background-color: rgba(0.0, 165.0, 0, 0.15); border-radius: 3px;' "
 "title='1.0'>_||>\n"
 "<||_html:</span>_||><||_html:<span style='background-color: rgba(0.0, 165.0, "
 "0, 0.15); border-radius: 3px;' title='1.0'>_||>     "
 "<||_html:</span>_||><||_html:<span style='background-color: rgba(0.0, 165.0, "
 "0, 0.15); border-radius: 3px;' title='1.0'>_||> "
 '"<||_html:</span>_||><||_html:<span style=\'background-color: rgba(0.0, '
 "165.0, 0, 0.15); border-radius: 3px;' "
 "title='1.0'>_||>field<||_html:</span>_||><||_html:<span "
 "style='background-color: rgba(0.0, 165.0, 0, 0.15); border-radius: 3px;' "
 'title=\'1.0\'>_||>":<||_html:</span>_||><||_html:<span '
 "style='background-color: rgba(0.0, 165.0, 0, 0.15); border-radius: 3px;' "
 'title=\'1.0\'>_||> "<||_html:</span>_||><||_html:<span '
 "style='background-color: rgba(0.0, 165.0, 0, 0.15); border-radius: 3px;' "
 "title='1.0'>_||>stock<||_html:</span>_||><||_html:<span "
 "style='background-color: rgba(0.0, 165.0, 0, 0.15); border-radius: 3px;' "
 'title=\'1.0\'>_||>",<||_html:</span>_||><||_html:<span '
 "style='background-color: rgba(0.0, 165.0, 0, 0.15); border-radius: 3px;' "
 "title='1.0'>_||>\n"
 "<||_html:</span>_||><||_html:<span style='background-color: rgba(0.0, 165.0, "
 "0, 0.15); border-radius: 3px;' title='1.0'>_||>     "
 "<||_html:</span>_||><||_html:<span style='background-color: rgba(0.0, 165.0, "
 "0, 0.15); border-radius: 3px;' title='1.0'>_||> "
 '"<||_html:</span>_||><||_html:<span style=\'background-color: rgba(0.0, '
 "165.0, 0, 0.15); border-radius: 3px;' "
 "title='1.0'>_||>change<||_html:</span>_||><||_html:<span "
 "style='background-color: rgba(0.0, 165.0, 0, 0.15); border-radius: 3px;' "
 'title=\'1.0\'>_||>":<||_html:</span>_||><||_html:<span '
 "style='background-color: rgba(0.0, 165.0, 0, 0.15); border-radius: 3px;' "
 'title=\'1.0\'>_||> "<||_html:</span>_||><||_html:<span '
 "style='background-color: rgba(0.0, 165.0, 0, 0.15); border-radius: 3px;' "
 "title='1.0'>_||>field<||_html:</span>_||><||_html:<span "
 "style='background-color: rgba(0.0, 165.0, 0, 0.15); border-radius: 3px;' "
 "title='1.0'>_||> removed<||_html:</span>_||><||_html:<span "
 "style='background-color: rgba(0.0, 165.0, 0, 0.15); border-radius: 3px;' "
 'title=\'1.0\'>_||>",<||_html:</span>_||><||_html:<span '
 "style='background-color: rgba(0.0, 165.0, 0, 0.15); border-radius: 3px;' "
 "title='1.0'>_||>\n"
 "<||_html:</span>_||><||_html:<span style='background-color: rgba(0.0, 165.0, "
 "0, 0.15); border-radius: 3px;' title='1.0'>_||>     "
 "<||_html:</span>_||><||_html:<span style='background-color: rgba(0.0, 165.0, "
 "0, 0.15); border-radius: 3px;' title='1.0'>_||> "
 '"<||_html:</span>_||><||_html:<span style=\'background-color: rgba(0.0, '
 "165.0, 0, 0.15); border-radius: 3px;' "
 "title='1.0'>_||>breaking<||_html:</span>_||><||_html:<span "
 "style='background-color: rgba(0.0, 165.0, 0, 0.15); border-radius: 3px;' "
 'title=\'1.0\'>_||>":<||_html:</span>_||><||_html:<span '
 "style='background-color: rgba(0.0, 165.0, 0, 0.15); border-radius: 3px;' "
 'title=\'1.0\'>_||> "<||_html:</span>_||><||_html:<span '
 "style='background-color: rgba(0.0, 165.0, 0, 0.15); border-radius: 3px;' "
 "title='1.0'>_||>true<||_html:</span>_||><||_html:<span "
 "style='background-color: rgba(0.0, 165.0, 0, 0.15); border-radius: 3px;' "
 'title=\'1.0\'>_||>",<||_html:</span>_||><||_html:<span '
 "style='background-color: rgba(0.0, 165.0, 0, 0.15); border-radius: 3px;' "
 "title='1.0'>_||>\n"
 "<||_html:</span>_||><||_html:<span style='background-color: rgba(0.0, 165.0, "
 "0, 0.15); border-radius: 3px;' title='1.0'>_||>     "
 "<||_html:</span>_||><||_html:<span style='background-color: rgba(0.0, 165.0, "
 "0, 0.15); border-radius: 3px;' title='1.0'>_||> "
 '"<||_html:</span>_||><||_html:<span style=\'background-color: rgba(0.0, '
 "165.0, 0, 0.15); border-radius: 3px;' "
 "title='1.0'>_||>release<||_html:</span>_||><||_html:<span "
 "style='background-color: rgba(0.0, 165.0, 0, 0.15); border-radius: 3px;' "
 "title='1.0'>_||>_<||_html:</span>_||><||_html:<span style='background-color: "
 "rgba(0.0, 165.0, 0, 0.15); border-radius: 3px;' "
 "title='1.0'>_||>note<||_html:</span>_||><||_html:<span "
 "style='background-color: rgba(0.0, 165.0, 0, 0.15); border-radius: 3px;' "
 'title=\'1.0\'>_||>":<||_html:</span>_||><||_html:<span '
 "style='background-color: rgba(0.0, 165.0, 0, 0.15); border-radius: 3px;' "
 'title=\'1.0\'>_||> "<||_html:</span>_||><||_html:<span '
 "style='background-color: rgba(0.0, 165.0, 0, 0.15); border-radius: 3px;' "
 "title='1.0'>_||>The<||_html:</span>_||><||_html:<span "
 "style='background-color: rgba(0.0, 165.0, 0, 0.15); border-radius: 3px;' "
 "title='1.0'>_||> '<||_html:</span>_||><||_html:<span "
 "style='background-color: rgba(0.0, 165.0, 0, 0.15); border-radius: 3px;' "
 "title='1.0'>_||>Product<||_html:</span>_||><||_html:<span "
 "style='background-color: rgba(0.0, 165.0, 0, 0.15); border-radius: 3px;' "
 "title='1.0'>_||>'<||_html:</span>_||><||_html:<span style='background-color: "
 "rgba(0.0, 165.0, 0, 0.15); border-radius: 3px;' title='1.0'>_||> "
 "type<||_html:</span>_||><||_html:<span style='background-color: rgba(0.0, "
 "165.0, 0, 0.15); border-radius: 3px;' title='1.0'>_||> "
 "no<||_html:</span>_||><||_html:<span style='background-color: rgba(0.0, "
 "165.0, 0, 0.15); border-radius: 3px;' title='1.0'>_||> "
 "longer<||_html:</span>_||><||_html:<span style='background-color: rgba(0.0, "
 "165.0, 0, 0.15); border-radius: 3px;' title='1.0'>_||> "
 "includes<||_html:</span>_||><||_html:<span style='background-color: "
 "rgba(0.0, 165.0, 0, 0.15); border-radius: 3px;' title='1.0'>_||> "
 "the<||_html:</span>_||><||_html:<span style='background-color: rgba(0.0, "
 "165.0, 0, 0.15); border-radius: 3px;' title='1.0'>_||> "
 "'<||_html:</span>_||><||_html:<span style='background-color: rgba(0.0, "
 "165.0, 0, 0.15); border-radius: 3px;' "
 "title='1.0'>_||>stock<||_html:</span>_||><||_html:<span "
 "style='background-color: rgba(0.0, 165.0, 0, 0.15); border-radius: 3px;' "
 "title='1.0'>_||>'<||_html:</span>_||><||_html:<span style='background-color: "
 "rgba(0.0, 165.0, 0, 0.15); border-radius: 3px;' title='1.0'>_||> "
 "field<||_html:</span>_||><||_html:<span style='background-color: rgba(0.0, "
 "165.0, 0, 0.15); border-radius: 3px;' "
 'title=\'1.0\'>_||>."<||_html:</span>_||><||_html:<span '
 "style='background-color: rgba(0.0, 165.0, 0, 0.15); border-radius: 3px;' "
 "title='1.0'>_||>\n"
 "<||_html:</span>_||><||_html:<span style='background-color: rgba(0.0, 165.0, "
 "0, 0.15); border-radius: 3px;' title='1.0'>_||>   "
 "<||_html:</span>_||><||_html:<span style='background-color: rgba(0.0, 165.0, "
 "0, 0.15); border-radius: 3px;' title='1.0'>_||> "
 "}<||_html:</span>_||><||_html:<span style='background-color: rgba(0.0, "
 "165.0, 0, 0.15); border-radius: 3px;' title='1.0'>_||>\n"
 "<||_html:</span>_||><||_html:<span style='background-color: rgba(0.0, 165.0, "
 "0, 0.15); border-radius: 3px;' title='1.0'>_||> "
 "<||_html:</span>_||><||_html:<span style='background-color: rgba(0.0, 165.0, "
 "0, 0.15); border-radius: 3px;' title='1.0'>_||> "
 "],<||_html:</span>_||><||_html:<span style='background-color: rgba(0.0, "
 "165.0, 0, 0.15); border-radius: 3px;' title='1.0'>_||>\n"
 "<||_html:</span>_||><||_html:<span style='background-color: rgba(0.0, 165.0, "
 "0, 0.15); border-radius: 3px;' title='1.0'>_||> "
 "<||_html:</span>_||><||_html:<span style='background-color: rgba(0.0, 165.0, "
 "0, 0.15); border-radius: 3px;' title='1.0'>_||> "
 '"<||_html:</span>_||><||_html:<span style=\'background-color: rgba(0.0, '
 "165.0, 0, 0.15); border-radius: 3px;' "
 "title='1.0'>_||>release<||_html:</span>_||><||_html:<span "
 "style='background-color: rgba(0.0, 165.0, 0, 0.15); border-radius: 3px;' "
 "title='1.0'>_||>_<||_html:</span>_||><||_html:<span style='background-color: "
 "rgba(0.0, 165.0, 0, 0.15); border-radius: 3px;' "
 "title='1.0'>_||>notes<||_html:</span>_||><||_html:<span "
 "style='background-color: rgba(0.0, 165.0, 0, 0.15); border-radius: 3px;' "
 'title=\'1.0\'>_||>":<||_html:</span>_||><||_html:<span '
 "style='background-color: rgba(0.0, 165.0, 0, 0.15); border-radius: 3px;' "
 "title='1.0'>_||> {<||_html:</span>_||><||_html:<span "
 "style='background-color: rgba(0.0, 165.0, 0, 0.15); border-radius: 3px;' "
 "title='1.0'>_||>\n"
 "<||_html:</span>_||><||_html:<span style='background-color: rgba(0.0, 165.0, "
 "0, 0.15); border-radius: 3px;' title='1.0'>_||>   "
 "<||_html:</span>_||><||_html:<span style='background-color: rgba(0.0, 165.0, "
 "0, 0.15); border-radius: 3px;' title='1.0'>_||> "
 '"<||_html:</span>_||><||_html:<span style=\'background-color: rgba(0.0, '
 "165.0, 0, 0.15); border-radius: 3px;' "
 "title='1.0'>_||>summary<||_html:</span>_||><||_html:<span "
 "style='background-color: rgba(0.0, 165.0, 0, 0.15); border-radius: 3px;' "
 'title=\'1.0\'>_||>":<||_html:</span>_||><||_html:<span '
 "style='background-color: rgba(0.0, 165.0, 0, 0.15); border-radius: 3px;' "
 'title=\'1.0\'>_||> "<||_html:</span>_||><||_html:<span '
 "style='background-color: rgba(0.0, 165.0, 0, 0.15); border-radius: 3px;' "
 "title='1.0'>_||>The<||_html:</span>_||><||_html:<span "
 "style='background-color: rgba(0.0, 165.0, 0, 0.15); border-radius: 3px;' "
 "title='1.0'>_||> '<||_html:</span>_||><||_html:<span "
 "style='background-color: rgba(0.0, 165.0, 0, 0.15); border-radius: 3px;' "
 "title='1.0'>_||>get<||_html:</span>_||><||_html:<span "
 "style='background-color: rgba(0.0, 165.0, 0, 0.15); border-radius: 3px;' "
 "title='1.0'>_||>Product<||_html:</span>_||><||_html:<span "
 "style='background-color: rgba(0.0, 165.0, 0, 0.15); border-radius: 3px;' "
 "title='1.0'>_||>'<||_html:</span>_||><||_html:<span style='background-color: "
 "rgba(0.0, 165.0, 0, 0.15); border-radius: 3px;' title='1.0'>_||> "
 "query<||_html:</span>_||><||_html:<span style='background-color: rgba(0.0, "
 "165.0, 0, 0.15); border-radius: 3px;' title='1.0'>_||> "
 "now<||_html:</span>_||><||_html:<span style='background-color: rgba(0.0, "
 "165.0, 0, 0.15); border-radius: 3px;' title='1.0'>_||> "
 "includes<||_html:</span>_||><||_html:<span style='background-color: "
 "rgba(0.0, 165.0, 0, 0.15); border-radius: 3px;' title='1.0'>_||> "
 "a<||_html:</span>_||><||_html:<span style='background-color: rgba(0.0, "
 "165.0, 0, 0.15); border-radius: 3px;' title='1.0'>_||> "
 "new<||_html:</span>_||><||_html:<span style='background-color: rgba(0.0, "
 "165.0, 0, 0.15); border-radius: 3px;' title='1.0'>_||> "
 "field<||_html:</span>_||><||_html:<span style='background-color: rgba(0.0, "
 "165.0, 0, 0.15); border-radius: 3px;' title='1.0'>_||> "
 "'<||_html:</span>_||><||_html:<span style='background-color: rgba(0.0, "
 "165.0, 0, 0.15); border-radius: 3px;' "
 "title='1.0'>_||>details<||_html:</span>_||><||_html:<span "
 "style='background-color: rgba(0.0, 165.0, 0, 0.15); border-radius: 3px;' "
 "title='1.0'>_||>'<||_html:</span>_||><||_html:<span style='background-color: "
 "rgba(0.0, 165.0, 0, 0.15); border-radius: 3px;' title='1.0'>_||> "
 "of<||_html:</span>_||><||_html:<span style='background-color: rgba(0.0, "
 "165.0, 0, 0.15); border-radius: 3px;' title='1.0'>_||> "
 "type<||_html:</span>_||><||_html:<span style='background-color: rgba(0.0, "
 "165.0, 0, 0.15); border-radius: 3px;' title='1.0'>_||> "
 "String<||_html:</span>_||><||_html:<span style='background-color: rgba(0.0, "
 "165.0, 0, 0.15); border-radius: 3px;' "
 "title='1.0'>_||>.<||_html:</span>_||><||_html:<span style='background-color: "
 "rgba(0.0, 165.0, 0, 0.15); border-radius: 3px;' title='1.0'>_||> "
 "The<||_html:</span>_||><||_html:<span style='background-color: rgba(0.0, "
 "165.0, 0, 0.15); border-radius: 3px;' title='1.0'>_||> "
 "'<||_html:</span>_||><||_html:<span style='background-color: rgba(0.0, "
 "165.0, 0, 0.15); border-radius: 3px;' "
 "title='1.0'>_||>Product<||_html:</span>_||><||_html:<span "
 "style='background-color: rgba(0.0, 165.0, 0, 0.15); border-radius: 3px;' "
 "title='1.0'>_||>'<||_html:</span>_||><||_html:<span style='background-color: "
 "rgba(0.0, 165.0, 0, 0.15); border-radius: 3px;' title='1.0'>_||> "
 "type<||_html:</span>_||><||_html:<span style='background-color: rgba(0.0, "
 "165.0, 0, 0.15); border-radius: 3px;' title='1.0'>_||> "
 "no<||_html:</span>_||><||_html:<span style='background-color: rgba(0.0, "
 "165.0, 0, 0.15); border-radius: 3px;' title='1.0'>_||> "
 "longer<||_html:</span>_||><||_html:<span style='background-color: rgba(0.0, "
 "165.0, 0, 0.15); border-radius: 3px;' title='1.0'>_||> "
 "includes<||_html:</span>_||><||_html:<span style='background-color: "
 "rgba(0.0, 165.0, 0, 0.15); border-radius: 3px;' title='1.0'>_||> "
 "the<||_html:</span>_||><||_html:<span style='background-color: rgba(0.0, "
 "165.0, 0, 0.15); border-radius: 3px;' title='1.0'>_||> "
 "'<||_html:</span>_||><||_html:<span style='background-color: rgba(0.0, "
 "165.0, 0, 0.15); border-radius: 3px;' "
 "title='1.0'>_||>description<||_html:</span>_||><||_html:<span "
 "style='background-color: rgba(0.0, 165.0, 0, 0.15); border-radius: 3px;' "
 "title='1.0'>_||>'<||_html:</span>_||><||_html:<span style='background-color: "
 "rgba(0.0, 165.0, 0, 0.15); border-radius: 3px;' title='1.0'>_||> "
 "and<||_html:</span>_||><||_html:<span style='background-color: rgba(0.0, "
 "165.0, 0, 0.15); border-radius: 3px;' title='1.0'>_||> "
 "'<||_html:</span>_||><||_html:<span style='background-color: rgba(0.0, "
 "165.0, 0, 0.15); border-radius: 3px;' "
 "title='1.0'>_||>stock<||_html:</span>_||><||_html:<span "
 "style='background-color: rgba(0.0, 165.0, 0, 0.15); border-radius: 3px;' "
 "title='1.0'>_||>'<||_html:</span>_||><||_html:<span style='background-color: "
 "rgba(0.0, 165.0, 0, 0.15); border-radius: 3px;' title='1.0'>_||> "
 "fields<||_html:</span>_||><||_html:<span style='background-color: rgba(0.0, "
 "165.0, 0, 0.15); border-radius: 3px;' "
 'title=\'1.0\'>_||>."<||_html:</span>_||><||_html:<span '
 "style='background-color: rgba(0.0, 165.0, 0, 0.15); border-radius: 3px;' "
 "title='1.0'>_||>\n"
 "<||_html:</span>_||><||_html:<span style='background-color: rgba(0.0, 165.0, "
 "0, 0.15); border-radius: 3px;' title='1.0'>_||> "
 "<||_html:</span>_||><||_html:<span style='background-color: rgba(0.0, 165.0, "
 "0, 0.15); border-radius: 3px;' title='1.0'>_||> "
 "}<||_html:</span>_||><||_html:<span style='background-color: rgba(0.0, "
 "165.0, 0, 0.15); border-radius: 3px;' title='1.0'>_||>\n"
 "<||_html:</span>_||><||_html:<span style='background-color: rgba(0.0, 165.0, "
 "0, 0.15); border-radius: 3px;' "
 'title=\'1.0\'>_||>}<||_html:</span>_||>{"changes":<||_html:<span '
 "style='background-color: rgba(0.0, 165.0, 0, 0.15); border-radius: 3px;' "
 "title='1.0'>_||>[<||_html:</span>_||><||_html:<span style='background-color: "
 "rgba(0.0, 165.0, 0, 0.15); border-radius: 3px;' "
 'title=\'1.0\'>_||>{"<||_html:</span>_||>type<||_html:<span '
 "style='background-color: rgba(0.0, 165.0, 0, 0.15); border-radius: 3px;' "
 'title=\'1.0\'>_||>":"<||_html:</span>_||><||_html:<span '
 "style='background-color: rgba(0.0, 165.0, 0, 0.15); border-radius: 3px;' "
 "title='1.0'>_||>Query<||_html:</span>_||><||_html:<span "
 "style='background-color: rgba(0.0, 165.0, 0, 0.15); border-radius: 3px;' "
 'title=\'1.0\'>_||>","<||_html:</span>_||>field<||_html:<span '
 "style='background-color: rgba(0.0, 165.0, 0, 0.15); border-radius: 3px;' "
 'title=\'1.0\'>_||>":"<||_html:</span>_||><||_html:<span '
 "style='background-color: rgba(0.0, 165.0, 0, 0.15); border-radius: 3px;' "
 "title='1.0'>_||>get<||_html:</span>_||><||_html:<span "
 "style='background-color: rgba(0.0, 165.0, 0, 0.15); border-radius: 3px;' "
 "title='1.0'>_||>Product<||_html:</span>_||><||_html:<span "
 "style='background-color: rgba(0.0, 165.0, 0, 0.15); border-radius: 3px;' "
 'title=\'1.0\'>_||>","<||_html:</span>_||>change<||_html:<span '
 "style='background-color: rgba(0.0, 165.0, 0, 0.15); border-radius: 3px;' "
 'title=\'1.0\'>_||>":"<||_html:</span>_||><||_html:<span '
 "style='background-color: rgba(0.0, 165.0, 0, 0.15); border-radius: 3px;' "
 "title='1.0'>_||>field<||_html:</span>_||><||_html:<span "
 "style='background-color: rgba(0.0, 165.0, 0, 0.15); border-radius: 3px;' "
 "title='1.0'>_||> details<||_html:</span>_||><||_html:<span "
 "style='background-color: rgba(0.0, 165.0, 0, 0.15); border-radius: 3px;' "
 "title='1.0'>_||> added<||_html:</span>_||><||_html:<span "
 "style='background-color: rgba(0.0, 165.0, 0, 0.15); border-radius: 3px;' "
 'title=\'1.0\'>_||>","<||_html:</span>_||>breaking<||_html:<span '
 "style='background-color: rgba(0.0, 165.0, 0, 0.15); border-radius: 3px;' "
 'title=\'1.0\'>_||>":<||_html:</span>_||><||_html:<span '
 "style='background-color: rgba(0.0, 165.0, 0, 0.15); border-radius: 3px;' "
 'title=\'1.0\'>_||>false<||_html:</span>_||>,"release_note<||_html:<span '
 "style='background-color: rgba(0.0, 165.0, 0, 0.15); border-radius: 3px;' "
 'title=\'1.0\'>_||>":"<||_html:</span>_||><||_html:<span '
 "style='background-color: rgba(0.0, 165.0, 0, 0.15); border-radius: 3px;' "
 "title='1.0'>_||>The<||_html:</span>_||><||_html:<span "
 "style='background-color: rgba(0.0, 165.0, 0, 0.15); border-radius: 3px;' "
 "title='1.0'>_||> '<||_html:</span>_||><||_html:<span "
 "style='background-color: rgba(0.0, 165.0, 0, 0.15); border-radius: 3px;' "
 "title='1.0'>_||>get<||_html:</span>_||><||_html:<span "
 "style='background-color: rgba(0.0, 165.0, 0, 0.15); border-radius: 3px;' "
 "title='1.0'>_||>Product<||_html:</span>_||><||_html:<span "
 "style='background-color: rgba(0.0, 165.0, 0, 0.15); border-radius: 3px;' "
 "title='1.0'>_||>'<||_html:</span>_||><||_html:<span style='background-color: "
 "rgba(0.0, 165.0, 0, 0.15); border-radius: 3px;' title='1.0'>_||> "
 "query<||_html:</span>_||><||_html:<span style='background-color: rgba(0.0, "
 "165.0, 0, 0.15); border-radius: 3px;' title='1.0'>_||> "
 "now<||_html:</span>_||><||_html:<span style='background-color: rgba(0.0, "
 "165.0, 0, 0.15); border-radius: 3px;' title='1.0'>_||> "
 "includes<||_html:</span>_||><||_html:<span style='background-color: "
 "rgba(0.0, 165.0, 0, 0.15); border-radius: 3px;' title='1.0'>_||> "
 "a<||_html:</span>_||><||_html:<span style='background-color: rgba(0.0, "
 "165.0, 0, 0.15); border-radius: 3px;' title='1.0'>_||> "
 "new<||_html:</span>_||><||_html:<span style='background-color: rgba(0.0, "
 "165.0, 0, 0.15); border-radius: 3px;' title='1.0'>_||> "
 "field<||_html:</span>_||><||_html:<span style='background-color: rgba(0.0, "
 "165.0, 0, 0.15); border-radius: 3px;' title='1.0'>_||> "
 "'<||_html:</span>_||><||_html:<span style='background-color: rgba(0.0, "
 "165.0, 0, 0.15); border-radius: 3px;' "
 "title='1.0'>_||>details<||_html:</span>_||><||_html:<span "
 "style='background-color: rgba(0.0, 165.0, 0, 0.15); border-radius: 3px;' "
 "title='1.0'>_||>'<||_html:</span>_||><||_html:<span style='background-color: "
 "rgba(0.0, 165.0, 0, 0.15); border-radius: 3px;' title='1.0'>_||> "
 "of<||_html:</span>_||><||_html:<span style='background-color: rgba(0.0, "
 "165.0, 0, 0.15); border-radius: 3px;' title='1.0'>_||> "
 "type<||_html:</span>_||><||_html:<span style='background-color: rgba(0.0, "
 "165.0, 0, 0.15); border-radius: 3px;' title='1.0'>_||> "
 "String<||_html:</span>_||><||_html:<span style='background-color: rgba(0.0, "
 "165.0, 0, 0.15); border-radius: 3px;' "
 'title=\'1.0\'>_||>."<||_html:</span>_||><||_html:<span '
 "style='background-color: rgba(0.0, 165.0, 0, 0.15); border-radius: 3px;' "
 'title=\'1.0\'>_||>},<||_html:</span>_||>{"type<||_html:<span '
 "style='background-color: rgba(0.0, 165.0, 0, 0.15); border-radius: 3px;' "
 'title=\'1.0\'>_||>":"<||_html:</span>_||><||_html:<span '
 "style='background-color: rgba(0.0, 165.0, 0, 0.15); border-radius: 3px;' "
 "title='1.0'>_||>Product<||_html:</span>_||><||_html:<span "
 "style='background-color: rgba(0.0, 165.0, 0, 0.15); border-radius: 3px;' "
 'title=\'1.0\'>_||>","<||_html:</span>_||>field<||_html:<span '
 "style='background-color: rgba(0.0, 165.0, 0, 0.15); border-radius: 3px;' "
 'title=\'1.0\'>_||>":"<||_html:</span>_||><||_html:<span '
 "style='background-color: rgba(0.0, 165.0, 0, 0.15); border-radius: 3px;' "
 "title='1.0'>_||>description<||_html:</span>_||><||_html:<span "
 "style='background-color: rgba(0.0, 165.0, 0, 0.15); border-radius: 3px;' "
 'title=\'1.0\'>_||>","<||_html:</span>_||>change<||_html:<span '
 "style='background-color: rgba(0.0, 165.0, 0, 0.15); border-radius: 3px;' "
 'title=\'1.0\'>_||>":"<||_html:</span>_||><||_html:<span '
 "style='background-color: rgba(0.0, 165.0, 0, 0.15); border-radius: 3px;' "
 "title='1.0'>_||>field<||_html:</span>_||><||_html:<span "
 "style='background-color: rgba(0.0, 165.0, 0, 0.15); border-radius: 3px;' "
 "title='1.0'>_||> removed<||_html:</span>_||><||_html:<span "
 "style='background-color: rgba(0.0, 165.0, 0, 0.15); border-radius: 3px;' "
 'title=\'1.0\'>_||>","<||_html:</span>_||>breaking<||_html:<span '
 "style='background-color: rgba(0.0, 165.0, 0, 0.15); border-radius: 3px;' "
 'title=\'1.0\'>_||>":<||_html:</span>_||><||_html:<span '
 "style='background-color: rgba(0.0, 165.0, 0, 0.15); border-radius: 3px;' "
 'title=\'1.0\'>_||>true<||_html:</span>_||>,"release_note<||_html:<span '
 "style='background-color: rgba(0.0, 165.0, 0, 0.15); border-radius: 3px;' "
 'title=\'1.0\'>_||>":"<||_html:</span>_||><||_html:<span '
 "style='background-color: rgba(0.0, 165.0, 0, 0.15); border-radius: 3px;' "
 "title='1.0'>_||>The<||_html:</span>_||><||_html:<span "
 "style='background-color: rgba(0.0, 165.0, 0, 0.15); border-radius: 3px;' "
 "title='1.0'>_||> '<||_html:</span>_||><||_html:<span "
 "style='background-color: rgba(0.0, 165.0, 0, 0.15); border-radius: 3px;' "
 "title='1.0'>_||>Product<||_html:</span>_||><||_html:<span "
 "style='background-color: rgba(0.0, 165.0, 0, 0.15); border-radius: 3px;' "
 "title='1.0'>_||>'<||_html:</span>_||><||_html:<span style='background-color: "
 "rgba(0.0, 165.0, 0, 0.15); border-radius: 3px;' title='1.0'>_||> "
 "type<||_html:</span>_||><||_html:<span style='background-color: rgba(0.0, "
 "165.0, 0, 0.15); border-radius: 3px;' title='1.0'>_||> "
 "no<||_html:</span>_||><||_html:<span style='background-color: rgba(0.0, "
 "165.0, 0, 0.15); border-radius: 3px;' title='1.0'>_||> "
 "longer<||_html:</span>_||><||_html:<span style='background-color: rgba(0.0, "
 "165.0, 0, 0.15); border-radius: 3px;' title='1.0'>_||> "
 "includes<||_html:</span>_||><||_html:<span style='background-color: "
 "rgba(0.0, 165.0, 0, 0.15); border-radius: 3px;' title='1.0'>_||> "
 "the<||_html:</span>_||><||_html:<span style='background-color: rgba(0.0, "
 "165.0, 0, 0.15); border-radius: 3px;' title='1.0'>_||> "
 "'<||_html:</span>_||><||_html:<span style='background-color: rgba(0.0, "
 "165.0, 0, 0.15); border-radius: 3px;' "
 "title='1.0'>_||>description<||_html:</span>_||><||_html:<span "
 "style='background-color: rgba(0.0, 165.0, 0, 0.15); border-radius: 3px;' "
 "title='1.0'>_||>'<||_html:</span>_||><||_html:<span style='background-color: "
 "rgba(0.0, 165.0, 0, 0.15); border-radius: 3px;' title='1.0'>_||> "
 "field<||_html:</span>_||><||_html:<span style='background-color: rgba(0.0, "
 "165.0, 0, 0.15); border-radius: 3px;' "
 'title=\'1.0\'>_||>."<||_html:</span>_||><||_html:<span '
 "style='background-color: rgba(0.0, 165.0, 0, 0.15); border-radius: 3px;' "
 'title=\'1.0\'>_||>},<||_html:</span>_||>{"type<||_html:<span '
 "style='background-color: rgba(0.0, 165.0, 0, 0.15); border-radius: 3px;' "
 'title=\'1.0\'>_||>":"<||_html:</span>_||><||_html:<span '
 "style='background-color: rgba(0.0, 165.0, 0, 0.15); border-radius: 3px;' "
 "title='1.0'>_||>Product<||_html:</span>_||><||_html:<span "
 "style='background-color: rgba(0.0, 165.0, 0, 0.15); border-radius: 3px;' "
 'title=\'1.0\'>_||>","<||_html:</span>_||>field<||_html:<span '
 "style='background-color: rgba(0.0, 165.0, 0, 0.15); border-radius: 3px;' "
 'title=\'1.0\'>_||>":"<||_html:</span>_||><||_html:<span '
 "style='background-color: rgba(0.0, 165.0, 0, 0.15); border-radius: 3px;' "
 "title='1.0'>_||>stock<||_html:</span>_||><||_html:<span "
 "style='background-color: rgba(0.0, 165.0, 0, 0.15); border-radius: 3px;' "
 'title=\'1.0\'>_||>","<||_html:</span>_||>change<||_html:<span '
 "style='background-color: rgba(0.0, 165.0, 0, 0.15); border-radius: 3px;' "
 'title=\'1.0\'>_||>":"<||_html:</span>_||><||_html:<span '
 "style='background-color: rgba(0.0, 165.0, 0, 0.15); border-radius: 3px;' "
 "title='1.0'>_||>field<||_html:</span>_||><||_html:<span "
 "style='background-color: rgba(0.0, 165.0, 0, 0.15); border-radius: 3px;' "
 "title='1.0'>_||> removed<||_html:</span>_||><||_html:<span "
 "style='background-color: rgba(0.0, 165.0, 0, 0.15); border-radius: 3px;' "
 'title=\'1.0\'>_||>","<||_html:</span>_||>breaking<||_html:<span '
 "style='background-color: rgba(0.0, 165.0, 0, 0.15); border-radius: 3px;' "
 'title=\'1.0\'>_||>":<||_html:</span>_||><||_html:<span '
 "style='background-color: rgba(0.0, 165.0, 0, 0.15); border-radius: 3px;' "
 'title=\'1.0\'>_||>true<||_html:</span>_||>,"release_note<||_html:<span '
 "style='background-color: rgba(0.0, 165.0, 0, 0.15); border-radius: 3px;' "
 'title=\'1.0\'>_||>":"<||_html:</span>_||><||_html:<span '
 "style='background-color: rgba(0.0, 165.0, 0, 0.15); border-radius: 3px;' "
 "title='1.0'>_||>The<||_html:</span>_||><||_html:<span "
 "style='background-color: rgba(0.0, 165.0, 0, 0.15); border-radius: 3px;' "
 "title='1.0'>_||> '<||_html:</span>_||><||_html:<span "
 "style='background-color: rgba(0.0, 165.0, 0, 0.15); border-radius: 3px;' "
 "title='1.0'>_||>Product<||_html:</span>_||><||_html:<span "
 "style='background-color: rgba(0.0, 165.0, 0, 0.15); border-radius: 3px;' "
 "title='1.0'>_||>'<||_html:</span>_||><||_html:<span style='background-color: "
 "rgba(0.0, 165.0, 0, 0.15); border-radius: 3px;' title='1.0'>_||> "
 "type<||_html:</span>_||><||_html:<span style='background-color: rgba(0.0, "
 "165.0, 0, 0.15); border-radius: 3px;' title='1.0'>_||> "
 "no<||_html:</span>_||><||_html:<span style='background-color: rgba(0.0, "
 "165.0, 0, 0.15); border-radius: 3px;' title='1.0'>_||> "
 "longer<||_html:</span>_||><||_html:<span style='background-color: rgba(0.0, "
 "165.0, 0, 0.15); border-radius: 3px;' title='1.0'>_||> "
 "includes<||_html:</span>_||><||_html:<span style='background-color: "
 "rgba(0.0, 165.0, 0, 0.15); border-radius: 3px;' title='1.0'>_||> "
 "the<||_html:</span>_||><||_html:<span style='background-color: rgba(0.0, "
 "165.0, 0, 0.15); border-radius: 3px;' title='1.0'>_||> "
 "'<||_html:</span>_||><||_html:<span style='background-color: rgba(0.0, "
 "165.0, 0, 0.15); border-radius: 3px;' "
 "title='1.0'>_||>stock<||_html:</span>_||><||_html:<span "
 "style='background-color: rgba(0.0, 165.0, 0, 0.15); border-radius: 3px;' "
 "title='1.0'>_||>'<||_html:</span>_||><||_html:<span style='background-color: "
 "rgba(0.0, 165.0, 0, 0.15); border-radius: 3px;' title='1.0'>_||> "
 "field<||_html:</span>_||><||_html:<span style='background-color: rgba(0.0, "
 "165.0, 0, 0.15); border-radius: 3px;' "
 'title=\'1.0\'>_||>."<||_html:</span>_||><||_html:<span '
 "style='background-color: rgba(0.0, 165.0, 0, 0.15); border-radius: 3px;' "
 'title=\'1.0\'>_||>}]<||_html:</span>_||>,"release_notes":{"summary<||_html:<span '
 "style='background-color: rgba(0.0, 165.0, 0, 0.15); border-radius: 3px;' "
 'title=\'1.0\'>_||>":"<||_html:</span>_||><||_html:<span '
 "style='background-color: rgba(0.0, 165.0, 0, 0.15); border-radius: 3px;' "
 "title='1.0'>_||>The<||_html:</span>_||><||_html:<span "
 "style='background-color: rgba(0.0, 165.0, 0, 0.15); border-radius: 3px;' "
 "title='1.0'>_||> '<||_html:</span>_||><||_html:<span "
 "style='background-color: rgba(0.0, 165.0, 0, 0.15); border-radius: 3px;' "
 "title='1.0'>_||>get<||_html:</span>_||><||_html:<span "
 "style='background-color: rgba(0.0, 165.0, 0, 0.15); border-radius: 3px;' "
 "title='1.0'>_||>Product<||_html:</span>_||><||_html:<span "
 "style='background-color: rgba(0.0, 165.0, 0, 0.15); border-radius: 3px;' "
 "title='1.0'>_||>'<||_html:</span>_||><||_html:<span style='background-color: "
 "rgba(0.0, 165.0, 0, 0.15); border-radius: 3px;' title='1.0'>_||> "
 "query<||_html:</span>_||><||_html:<span style='background-color: rgba(0.0, "
 "165.0, 0, 0.15); border-radius: 3px;' title='1.0'>_||> "
 "now<||_html:</span>_||><||_html:<span style='background-color: rgba(0.0, "
 "165.0, 0, 0.15); border-radius: 3px;' title='1.0'>_||> "
 "includes<||_html:</span>_||><||_html:<span style='background-color: "
 "rgba(0.0, 165.0, 0, 0.15); border-radius: 3px;' title='1.0'>_||> "
 "a<||_html:</span>_||><||_html:<span style='background-color: rgba(0.0, "
 "165.0, 0, 0.15); border-radius: 3px;' title='1.0'>_||> "
 "new<||_html:</span>_||><||_html:<span style='background-color: rgba(0.0, "
 "165.0, 0, 0.15); border-radius: 3px;' title='1.0'>_||> "
 "field<||_html:</span>_||><||_html:<span style='background-color: rgba(0.0, "
 "165.0, 0, 0.15); border-radius: 3px;' title='1.0'>_||> "
 "'<||_html:</span>_||><||_html:<span style='background-color: rgba(0.0, "
 "165.0, 0, 0.15); border-radius: 3px;' "
 "title='1.0'>_||>details<||_html:</span>_||><||_html:<span "
 "style='background-color: rgba(0.0, 165.0, 0, 0.15); border-radius: 3px;' "
 "title='1.0'>_||>'<||_html:</span>_||><||_html:<span style='background-color: "
 "rgba(0.0, 165.0, 0, 0.15); border-radius: 3px;' title='1.0'>_||> "
 "of<||_html:</span>_||><||_html:<span style='background-color: rgba(0.0, "
 "165.0, 0, 0.15); border-radius: 3px;' title='1.0'>_||> "
 "type<||_html:</span>_||><||_html:<span style='background-color: rgba(0.0, "
 "165.0, 0, 0.15); border-radius: 3px;' title='1.0'>_||> "
 "String<||_html:</span>_||><||_html:<span style='background-color: rgba(0.0, "
 "165.0, 0, 0.15); border-radius: 3px;' "
 "title='1.0'>_||>.<||_html:</span>_||><||_html:<span style='background-color: "
 "rgba(0.0, 165.0, 0, 0.15); border-radius: 3px;' title='1.0'>_||> "
 "The<||_html:</span>_||><||_html:<span style='background-color: rgba(0.0, "
 "165.0, 0, 0.15); border-radius: 3px;' title='1.0'>_||>")
('Analyze the following two GraphQL schemas for changes, including both '
 'breaking and non-breaking changes.\n'
 '\n'
 '                        Provide your analysis in the following JSON format:\n'
 '                        {\n'
 '                          "changes": [\n'
 '                            {\n'
 '                              "type": "String representing the GraphQL type '
 '(e.g., Query, Mutation, Subscription)",\n'
 '                              "field": "String representing the specific '
 'field that changed",\n'
 '                              "change": "String describing the change (e.g., '
 'field renamed, new field added, field removed)",\n'
 '                              "breaking": "Boolean indicating if the change '
 'is breaking (true) or non-breaking (false)",\n'
 '                              "release_note": "String with a natural '
 'language description of the change for release notes"\n'
 '                            }\n'
 '                          ],\n'
 '                          "release_notes": {\n'
 '                              "summary": "String summarizing all changes, '
 'suitable for a mailing list or public announcement"\n'
 '                          }\n'
 '                        }\n'
 '\n'
 '                        When analyzing, consider the following types of '
 'changes:\n'
 '                        1. Removing fields or types (breaking)\n'
 '                        2. Changing field types (potentially breaking)\n'
 '                        3. Adding required fields (breaking)\n'
 '                        4. Changing the type of existing arguments '
 '(breaking)\n'
 '                        5. Adding optional fields (non-breaking)\n'
 '                        6. Adding new types (non-breaking)\n'
 '                        7. Deprecating fields (non-breaking)\n'
 '\n'
 '                        Ensure that each change is categorized correctly as '
 'breaking or non-breaking.: type Query {\n'
 '  getProduct(id: ID!): Product\n'
 '}\n'
 '\n'
 'type Product {\n'
 '  id: ID\n'
 '  name: String\n'
 '  description: String\n'
 '  price: Float\n'
 '  stock: Int\n'
 '}\n'
 ', type Query {\n'
 '  getProduct(id: ID!): Product\n'
 '}\n'
 '\n'
 'type Product {\n'
 '  id: ID\n'
 '  name: String\n'
 '  details: String\n'
 '  price: Float\n'
 '}\n'
 '\n'
 "Answer:<||_html:<span style='background-color: rgba(0.0, 165.0, 0, 0.15); "
 "border-radius: 3px;' title='1.0'>_||> {<||_html:</span>_||><||_html:<span "
 "style='background-color: rgba(0.0, 165.0, 0, 0.15); border-radius: 3px;' "
 "title='1.0'>_||>\n"
 "<||_html:</span>_||><||_html:<span style='background-color: rgba(0.0, 165.0, "
 "0, 0.15); border-radius: 3px;' title='1.0'>_||> "
 "<||_html:</span>_||><||_html:<span style='background-color: rgba(0.0, 165.0, "
 "0, 0.15); border-radius: 3px;' title='1.0'>_||> "
 '"<||_html:</span>_||><||_html:<span style=\'background-color: rgba(0.0, '
 "165.0, 0, 0.15); border-radius: 3px;' "
 "title='1.0'>_||>changes<||_html:</span>_||><||_html:<span "
 "style='background-color: rgba(0.0, 165.0, 0, 0.15); border-radius: 3px;' "
 'title=\'1.0\'>_||>":<||_html:</span>_||><||_html:<span '
 "style='background-color: rgba(0.0, 165.0, 0, 0.15); border-radius: 3px;' "
 "title='1.0'>_||> [<||_html:</span>_||><||_html:<span "
 "style='background-color: rgba(0.0, 165.0, 0, 0.15); border-radius: 3px;' "
 "title='1.0'>_||>\n"
 "<||_html:</span>_||><||_html:<span style='background-color: rgba(0.0, 165.0, "
 "0, 0.15); border-radius: 3px;' title='1.0'>_||>   "
 "<||_html:</span>_||><||_html:<span style='background-color: rgba(0.0, 165.0, "
 "0, 0.15); border-radius: 3px;' title='1.0'>_||> "
 "{<||_html:</span>_||><||_html:<span style='background-color: rgba(0.0, "
 "165.0, 0, 0.15); border-radius: 3px;' title='1.0'>_||>\n"
 "<||_html:</span>_||><||_html:<span style='background-color: rgba(0.0, 165.0, "
 "0, 0.15); border-radius: 3px;' title='1.0'>_||>     "
 "<||_html:</span>_||><||_html:<span style='background-color: rgba(0.0, 165.0, "
 "0, 0.15); border-radius: 3px;' title='1.0'>_||> "
 '"<||_html:</span>_||><||_html:<span style=\'background-color: rgba(0.0, '
 "165.0, 0, 0.15); border-radius: 3px;' "
 "title='1.0'>_||>type<||_html:</span>_||><||_html:<span "
 "style='background-color: rgba(0.0, 165.0, 0, 0.15); border-radius: 3px;' "
 'title=\'1.0\'>_||>":<||_html:</span>_||><||_html:<span '
 "style='background-color: rgba(0.0, 165.0, 0, 0.15); border-radius: 3px;' "
 'title=\'1.0\'>_||> "<||_html:</span>_||><||_html:<span '
 "style='background-color: rgba(0.0, 165.0, 0, 0.15); border-radius: 3px;' "
 "title='1.0'>_||>Query<||_html:</span>_||><||_html:<span "
 "style='background-color: rgba(0.0, 165.0, 0, 0.15); border-radius: 3px;' "
 'title=\'1.0\'>_||>",<||_html:</span>_||><||_html:<span '
 "style='background-color: rgba(0.0, 165.0, 0, 0.15); border-radius: 3px;' "
 "title='1.0'>_||>\n"
 "<||_html:</span>_||><||_html:<span style='background-color: rgba(0.0, 165.0, "
 "0, 0.15); border-radius: 3px;' title='1.0'>_||>     "
 "<||_html:</span>_||><||_html:<span style='background-color: rgba(0.0, 165.0, "
 "0, 0.15); border-radius: 3px;' title='1.0'>_||> "
 '"<||_html:</span>_||><||_html:<span style=\'background-color: rgba(0.0, '
 "165.0, 0, 0.15); border-radius: 3px;' "
 "title='1.0'>_||>field<||_html:</span>_||><||_html:<span "
 "style='background-color: rgba(0.0, 165.0, 0, 0.15); border-radius: 3px;' "
 'title=\'1.0\'>_||>":<||_html:</span>_||><||_html:<span '
 "style='background-color: rgba(0.0, 165.0, 0, 0.15); border-radius: 3px;' "
 'title=\'1.0\'>_||> "<||_html:</span>_||><||_html:<span '
 "style='background-color: rgba(0.0, 165.0, 0, 0.15); border-radius: 3px;' "
 "title='1.0'>_||>get<||_html:</span>_||><||_html:<span "
 "style='background-color: rgba(0.0, 165.0, 0, 0.15); border-radius: 3px;' "
 "title='1.0'>_||>Product<||_html:</span>_||><||_html:<span "
 "style='background-color: rgba(0.0, 165.0, 0, 0.15); border-radius: 3px;' "
 'title=\'1.0\'>_||>",<||_html:</span>_||><||_html:<span '
 "style='background-color: rgba(0.0, 165.0, 0, 0.15); border-radius: 3px;' "
 "title='1.0'>_||>\n"
 "<||_html:</span>_||><||_html:<span style='background-color: rgba(0.0, 165.0, "
 "0, 0.15); border-radius: 3px;' title='1.0'>_||>     "
 "<||_html:</span>_||><||_html:<span style='background-color: rgba(0.0, 165.0, "
 "0, 0.15); border-radius: 3px;' title='1.0'>_||> "
 '"<||_html:</span>_||><||_html:<span style=\'background-color: rgba(0.0, '
 "165.0, 0, 0.15); border-radius: 3px;' "
 "title='1.0'>_||>change<||_html:</span>_||><||_html:<span "
 "style='background-color: rgba(0.0, 165.0, 0, 0.15); border-radius: 3px;' "
 'title=\'1.0\'>_||>":<||_html:</span>_||><||_html:<span '
 "style='background-color: rgba(0.0, 165.0, 0, 0.15); border-radius: 3px;' "
 'title=\'1.0\'>_||> "<||_html:</span>_||><||_html:<span '
 "style='background-color: rgba(0.0, 165.0, 0, 0.15); border-radius: 3px;' "
 "title='1.0'>_||>field<||_html:</span>_||><||_html:<span "
 "style='background-color: rgba(0.0, 165.0, 0, 0.15); border-radius: 3px;' "
 "title='1.0'>_||> details<||_html:</span>_||><||_html:<span "
 "style='background-color: rgba(0.0, 165.0, 0, 0.15); border-radius: 3px;' "
 "title='1.0'>_||> added<||_html:</span>_||><||_html:<span "
 "style='background-color: rgba(0.0, 165.0, 0, 0.15); border-radius: 3px;' "
 'title=\'1.0\'>_||>",<||_html:</span>_||><||_html:<span '
 "style='background-color: rgba(0.0, 165.0, 0, 0.15); border-radius: 3px;' "
 "title='1.0'>_||>\n"
 "<||_html:</span>_||><||_html:<span style='background-color: rgba(0.0, 165.0, "
 "0, 0.15); border-radius: 3px;' title='1.0'>_||>     "
 "<||_html:</span>_||><||_html:<span style='background-color: rgba(0.0, 165.0, "
 "0, 0.15); border-radius: 3px;' title='1.0'>_||> "
 '"<||_html:</span>_||><||_html:<span style=\'background-color: rgba(0.0, '
 "165.0, 0, 0.15); border-radius: 3px;' "
 "title='1.0'>_||>breaking<||_html:</span>_||><||_html:<span "
 "style='background-color: rgba(0.0, 165.0, 0, 0.15); border-radius: 3px;' "
 'title=\'1.0\'>_||>":<||_html:</span>_||><||_html:<span '
 "style='background-color: rgba(0.0, 165.0, 0, 0.15); border-radius: 3px;' "
 'title=\'1.0\'>_||> "<||_html:</span>_||><||_html:<span '
 "style='background-color: rgba(0.0, 165.0, 0, 0.15); border-radius: 3px;' "
 "title='1.0'>_||>false<||_html:</span>_||><||_html:<span "
 "style='background-color: rgba(0.0, 165.0, 0, 0.15); border-radius: 3px;' "
 'title=\'1.0\'>_||>",<||_html:</span>_||><||_html:<span '
 "style='background-color: rgba(0.0, 165.0, 0, 0.15); border-radius: 3px;' "
 "title='1.0'>_||>\n"
 "<||_html:</span>_||><||_html:<span style='background-color: rgba(0.0, 165.0, "
 "0, 0.15); border-radius: 3px;' title='1.0'>_||>     "
 "<||_html:</span>_||><||_html:<span style='background-color: rgba(0.0, 165.0, "
 "0, 0.15); border-radius: 3px;' title='1.0'>_||> "
 '"<||_html:</span>_||><||_html:<span style=\'background-color: rgba(0.0, '
 "165.0, 0, 0.15); border-radius: 3px;' "
 "title='1.0'>_||>release<||_html:</span>_||><||_html:<span "
 "style='background-color: rgba(0.0, 165.0, 0, 0.15); border-radius: 3px;' "
 "title='1.0'>_||>_<||_html:</span>_||><||_html:<span style='background-color: "
 "rgba(0.0, 165.0, 0, 0.15); border-radius: 3px;' "
 "title='1.0'>_||>note<||_html:</span>_||><||_html:<span "
 "style='background-color: rgba(0.0, 165.0, 0, 0.15); border-radius: 3px;' "
 'title=\'1.0\'>_||>":<||_html:</span>_||><||_html:<span '
 "style='background-color: rgba(0.0, 165.0, 0, 0.15); border-radius: 3px;' "
 'title=\'1.0\'>_||> "<||_html:</span>_||><||_html:<span '
 "style='background-color: rgba(0.0, 165.0, 0, 0.15); border-radius: 3px;' "
 "title='1.0'>_||>The<||_html:</span>_||><||_html:<span "
 "style='background-color: rgba(0.0, 165.0, 0, 0.15); border-radius: 3px;' "
 "title='1.0'>_||> '<||_html:</span>_||><||_html:<span "
 "style='background-color: rgba(0.0, 165.0, 0, 0.15); border-radius: 3px;' "
 "title='1.0'>_||>get<||_html:</span>_||><||_html:<span "
 "style='background-color: rgba(0.0, 165.0, 0, 0.15); border-radius: 3px;' "
 "title='1.0'>_||>Product<||_html:</span>_||><||_html:<span "
 "style='background-color: rgba(0.0, 165.0, 0, 0.15); border-radius: 3px;' "
 "title='1.0'>_||>'<||_html:</span>_||><||_html:<span style='background-color: "
 "rgba(0.0, 165.0, 0, 0.15); border-radius: 3px;' title='1.0'>_||> "
 "query<||_html:</span>_||><||_html:<span style='background-color: rgba(0.0, "
 "165.0, 0, 0.15); border-radius: 3px;' title='1.0'>_||> "
 "now<||_html:</span>_||><||_html:<span style='background-color: rgba(0.0, "
 "165.0, 0, 0.15); border-radius: 3px;' title='1.0'>_||> "
 "includes<||_html:</span>_||><||_html:<span style='background-color: "
 "rgba(0.0, 165.0, 0, 0.15); border-radius: 3px;' title='1.0'>_||> "
 "a<||_html:</span>_||><||_html:<span style='background-color: rgba(0.0, "
 "165.0, 0, 0.15); border-radius: 3px;' title='1.0'>_||> "
 "new<||_html:</span>_||><||_html:<span style='background-color: rgba(0.0, "
 "165.0, 0, 0.15); border-radius: 3px;' title='1.0'>_||> "
 "field<||_html:</span>_||><||_html:<span style='background-color: rgba(0.0, "
 "165.0, 0, 0.15); border-radius: 3px;' title='1.0'>_||> "
 "'<||_html:</span>_||><||_html:<span style='background-color: rgba(0.0, "
 "165.0, 0, 0.15); border-radius: 3px;' "
 "title='1.0'>_||>details<||_html:</span>_||><||_html:<span "
 "style='background-color: rgba(0.0, 165.0, 0, 0.15); border-radius: 3px;' "
 "title='1.0'>_||>'<||_html:</span>_||><||_html:<span style='background-color: "
 "rgba(0.0, 165.0, 0, 0.15); border-radius: 3px;' title='1.0'>_||> "
 "of<||_html:</span>_||><||_html:<span style='background-color: rgba(0.0, "
 "165.0, 0, 0.15); border-radius: 3px;' title='1.0'>_||> "
 "type<||_html:</span>_||><||_html:<span style='background-color: rgba(0.0, "
 "165.0, 0, 0.15); border-radius: 3px;' title='1.0'>_||> "
 "String<||_html:</span>_||><||_html:<span style='background-color: rgba(0.0, "
 "165.0, 0, 0.15); border-radius: 3px;' "
 'title=\'1.0\'>_||>."<||_html:</span>_||><||_html:<span '
 "style='background-color: rgba(0.0, 165.0, 0, 0.15); border-radius: 3px;' "
 "title='1.0'>_||>\n"
 "<||_html:</span>_||><||_html:<span style='background-color: rgba(0.0, 165.0, "
 "0, 0.15); border-radius: 3px;' title='1.0'>_||>   "
 "<||_html:</span>_||><||_html:<span style='background-color: rgba(0.0, 165.0, "
 "0, 0.15); border-radius: 3px;' title='1.0'>_||> "
 "},<||_html:</span>_||><||_html:<span style='background-color: rgba(0.0, "
 "165.0, 0, 0.15); border-radius: 3px;' title='1.0'>_||>\n"
 "<||_html:</span>_||><||_html:<span style='background-color: rgba(0.0, 165.0, "
 "0, 0.15); border-radius: 3px;' title='1.0'>_||>   "
 "<||_html:</span>_||><||_html:<span style='background-color: rgba(0.0, 165.0, "
 "0, 0.15); border-radius: 3px;' title='1.0'>_||> "
 "{<||_html:</span>_||><||_html:<span style='background-color: rgba(0.0, "
 "165.0, 0, 0.15); border-radius: 3px;' title='1.0'>_||>\n"
 "<||_html:</span>_||><||_html:<span style='background-color: rgba(0.0, 165.0, "
 "0, 0.15); border-radius: 3px;' title='1.0'>_||>     "
 "<||_html:</span>_||><||_html:<span style='background-color: rgba(0.0, 165.0, "
 "0, 0.15); border-radius: 3px;' title='1.0'>_||> "
 '"<||_html:</span>_||><||_html:<span style=\'background-color: rgba(0.0, '
 "165.0, 0, 0.15); border-radius: 3px;' "
 "title='1.0'>_||>type<||_html:</span>_||><||_html:<span "
 "style='background-color: rgba(0.0, 165.0, 0, 0.15); border-radius: 3px;' "
 'title=\'1.0\'>_||>":<||_html:</span>_||><||_html:<span '
 "style='background-color: rgba(0.0, 165.0, 0, 0.15); border-radius: 3px;' "
 'title=\'1.0\'>_||> "<||_html:</span>_||><||_html:<span '
 "style='background-color: rgba(0.0, 165.0, 0, 0.15); border-radius: 3px;' "
 "title='1.0'>_||>Product<||_html:</span>_||><||_html:<span "
 "style='background-color: rgba(0.0, 165.0, 0, 0.15); border-radius: 3px;' "
 'title=\'1.0\'>_||>",<||_html:</span>_||><||_html:<span '
 "style='background-color: rgba(0.0, 165.0, 0, 0.15); border-radius: 3px;' "
 "title='1.0'>_||>\n"
 "<||_html:</span>_||><||_html:<span style='background-color: rgba(0.0, 165.0, "
 "0, 0.15); border-radius: 3px;' title='1.0'>_||>     "
 "<||_html:</span>_||><||_html:<span style='background-color: rgba(0.0, 165.0, "
 "0, 0.15); border-radius: 3px;' title='1.0'>_||> "
 '"<||_html:</span>_||><||_html:<span style=\'background-color: rgba(0.0, '
 "165.0, 0, 0.15); border-radius: 3px;' "
 "title='1.0'>_||>field<||_html:</span>_||><||_html:<span "
 "style='background-color: rgba(0.0, 165.0, 0, 0.15); border-radius: 3px;' "
 'title=\'1.0\'>_||>":<||_html:</span>_||><||_html:<span '
 "style='background-color: rgba(0.0, 165.0, 0, 0.15); border-radius: 3px;' "
 'title=\'1.0\'>_||> "<||_html:</span>_||><||_html:<span '
 "style='background-color: rgba(0.0, 165.0, 0, 0.15); border-radius: 3px;' "
 "title='1.0'>_||>description<||_html:</span>_||><||_html:<span "
 "style='background-color: rgba(0.0, 165.0, 0, 0.15); border-radius: 3px;' "
 'title=\'1.0\'>_||>",<||_html:</span>_||><||_html:<span '
 "style='background-color: rgba(0.0, 165.0, 0, 0.15); border-radius: 3px;' "
 "title='1.0'>_||>\n"
 "<||_html:</span>_||><||_html:<span style='background-color: rgba(0.0, 165.0, "
 "0, 0.15); border-radius: 3px;' title='1.0'>_||>     "
 "<||_html:</span>_||><||_html:<span style='background-color: rgba(0.0, 165.0, "
 "0, 0.15); border-radius: 3px;' title='1.0'>_||> "
 '"<||_html:</span>_||><||_html:<span style=\'background-color: rgba(0.0, '
 "165.0, 0, 0.15); border-radius: 3px;' "
 "title='1.0'>_||>change<||_html:</span>_||><||_html:<span "
 "style='background-color: rgba(0.0, 165.0, 0, 0.15); border-radius: 3px;' "
 'title=\'1.0\'>_||>":<||_html:</span>_||><||_html:<span '
 "style='background-color: rgba(0.0, 165.0, 0, 0.15); border-radius: 3px;' "
 'title=\'1.0\'>_||> "<||_html:</span>_||><||_html:<span '
 "style='background-color: rgba(0.0, 165.0, 0, 0.15); border-radius: 3px;' "
 "title='1.0'>_||>field<||_html:</span>_||><||_html:<span "
 "style='background-color: rgba(0.0, 165.0, 0, 0.15); border-radius: 3px;' "
 "title='1.0'>_||> removed<||_html:</span>_||><||_html:<span "
 "style='background-color: rgba(0.0, 165.0, 0, 0.15); border-radius: 3px;' "
 'title=\'1.0\'>_||>",<||_html:</span>_||><||_html:<span '
 "style='background-color: rgba(0.0, 165.0, 0, 0.15); border-radius: 3px;' "
 "title='1.0'>_||>\n"
 "<||_html:</span>_||><||_html:<span style='background-color: rgba(0.0, 165.0, "
 "0, 0.15); border-radius: 3px;' title='1.0'>_||>     "
 "<||_html:</span>_||><||_html:<span style='background-color: rgba(0.0, 165.0, "
 "0, 0.15); border-radius: 3px;' title='1.0'>_||> "
 '"<||_html:</span>_||><||_html:<span style=\'background-color: rgba(0.0, '
 "165.0, 0, 0.15); border-radius: 3px;' "
 "title='1.0'>_||>breaking<||_html:</span>_||><||_html:<span "
 "style='background-color: rgba(0.0, 165.0, 0, 0.15); border-radius: 3px;' "
 'title=\'1.0\'>_||>":<||_html:</span>_||><||_html:<span '
 "style='background-color: rgba(0.0, 165.0, 0, 0.15); border-radius: 3px;' "
 'title=\'1.0\'>_||> "<||_html:</span>_||><||_html:<span '
 "style='background-color: rgba(0.0, 165.0, 0, 0.15); border-radius: 3px;' "
 "title='1.0'>_||>true<||_html:</span>_||><||_html:<span "
 "style='background-color: rgba(0.0, 165.0, 0, 0.15); border-radius: 3px;' "
 'title=\'1.0\'>_||>",<||_html:</span>_||><||_html:<span '
 "style='background-color: rgba(0.0, 165.0, 0, 0.15); border-radius: 3px;' "
 "title='1.0'>_||>\n"
 "<||_html:</span>_||><||_html:<span style='background-color: rgba(0.0, 165.0, "
 "0, 0.15); border-radius: 3px;' title='1.0'>_||>     "
 "<||_html:</span>_||><||_html:<span style='background-color: rgba(0.0, 165.0, "
 "0, 0.15); border-radius: 3px;' title='1.0'>_||> "
 '"<||_html:</span>_||><||_html:<span style=\'background-color: rgba(0.0, '
 "165.0, 0, 0.15); border-radius: 3px;' "
 "title='1.0'>_||>release<||_html:</span>_||><||_html:<span "
 "style='background-color: rgba(0.0, 165.0, 0, 0.15); border-radius: 3px;' "
 "title='1.0'>_||>_<||_html:</span>_||><||_html:<span style='background-color: "
 "rgba(0.0, 165.0, 0, 0.15); border-radius: 3px;' "
 "title='1.0'>_||>note<||_html:</span>_||><||_html:<span "
 "style='background-color: rgba(0.0, 165.0, 0, 0.15); border-radius: 3px;' "
 'title=\'1.0\'>_||>":<||_html:</span>_||><||_html:<span '
 "style='background-color: rgba(0.0, 165.0, 0, 0.15); border-radius: 3px;' "
 'title=\'1.0\'>_||> "<||_html:</span>_||><||_html:<span '
 "style='background-color: rgba(0.0, 165.0, 0, 0.15); border-radius: 3px;' "
 "title='1.0'>_||>The<||_html:</span>_||><||_html:<span "
 "style='background-color: rgba(0.0, 165.0, 0, 0.15); border-radius: 3px;' "
 "title='1.0'>_||> '<||_html:</span>_||><||_html:<span "
 "style='background-color: rgba(0.0, 165.0, 0, 0.15); border-radius: 3px;' "
 "title='1.0'>_||>Product<||_html:</span>_||><||_html:<span "
 "style='background-color: rgba(0.0, 165.0, 0, 0.15); border-radius: 3px;' "
 "title='1.0'>_||>'<||_html:</span>_||><||_html:<span style='background-color: "
 "rgba(0.0, 165.0, 0, 0.15); border-radius: 3px;' title='1.0'>_||> "
 "type<||_html:</span>_||><||_html:<span style='background-color: rgba(0.0, "
 "165.0, 0, 0.15); border-radius: 3px;' title='1.0'>_||> "
 "no<||_html:</span>_||><||_html:<span style='background-color: rgba(0.0, "
 "165.0, 0, 0.15); border-radius: 3px;' title='1.0'>_||> "
 "longer<||_html:</span>_||><||_html:<span style='background-color: rgba(0.0, "
 "165.0, 0, 0.15); border-radius: 3px;' title='1.0'>_||> "
 "includes<||_html:</span>_||><||_html:<span style='background-color: "
 "rgba(0.0, 165.0, 0, 0.15); border-radius: 3px;' title='1.0'>_||> "
 "the<||_html:</span>_||><||_html:<span style='background-color: rgba(0.0, "
 "165.0, 0, 0.15); border-radius: 3px;' title='1.0'>_||> "
 "'<||_html:</span>_||><||_html:<span style='background-color: rgba(0.0, "
 "165.0, 0, 0.15); border-radius: 3px;' "
 "title='1.0'>_||>description<||_html:</span>_||><||_html:<span "
 "style='background-color: rgba(0.0, 165.0, 0, 0.15); border-radius: 3px;' "
 "title='1.0'>_||>'<||_html:</span>_||><||_html:<span style='background-color: "
 "rgba(0.0, 165.0, 0, 0.15); border-radius: 3px;' title='1.0'>_||> "
 "field<||_html:</span>_||><||_html:<span style='background-color: rgba(0.0, "
 "165.0, 0, 0.15); border-radius: 3px;' "
 'title=\'1.0\'>_||>."<||_html:</span>_||><||_html:<span '
 "style='background-color: rgba(0.0, 165.0, 0, 0.15); border-radius: 3px;' "
 "title='1.0'>_||>\n"
 "<||_html:</span>_||><||_html:<span style='background-color: rgba(0.0, 165.0, "
 "0, 0.15); border-radius: 3px;' title='1.0'>_||>   "
 "<||_html:</span>_||><||_html:<span style='background-color: rgba(0.0, 165.0, "
 "0, 0.15); border-radius: 3px;' title='1.0'>_||> "
 "},<||_html:</span>_||><||_html:<span style='background-color: rgba(0.0, "
 "165.0, 0, 0.15); border-radius: 3px;' title='1.0'>_||>\n"
 "<||_html:</span>_||><||_html:<span style='background-color: rgba(0.0, 165.0, "
 "0, 0.15); border-radius: 3px;' title='1.0'>_||>   "
 "<||_html:</span>_||><||_html:<span style='background-color: rgba(0.0, 165.0, "
 "0, 0.15); border-radius: 3px;' title='1.0'>_||> "
 "{<||_html:</span>_||><||_html:<span style='background-color: rgba(0.0, "
 "165.0, 0, 0.15); border-radius: 3px;' title='1.0'>_||>\n"
 "<||_html:</span>_||><||_html:<span style='background-color: rgba(0.0, 165.0, "
 "0, 0.15); border-radius: 3px;' title='1.0'>_||>     "
 "<||_html:</span>_||><||_html:<span style='background-color: rgba(0.0, 165.0, "
 "0, 0.15); border-radius: 3px;' title='1.0'>_||> "
 '"<||_html:</span>_||><||_html:<span style=\'background-color: rgba(0.0, '
 "165.0, 0, 0.15); border-radius: 3px;' "
 "title='1.0'>_||>type<||_html:</span>_||><||_html:<span "
 "style='background-color: rgba(0.0, 165.0, 0, 0.15); border-radius: 3px;' "
 'title=\'1.0\'>_||>":<||_html:</span>_||><||_html:<span '
 "style='background-color: rgba(0.0, 165.0, 0, 0.15); border-radius: 3px;' "
 'title=\'1.0\'>_||> "<||_html:</span>_||><||_html:<span '
 "style='background-color: rgba(0.0, 165.0, 0, 0.15); border-radius: 3px;' "
 "title='1.0'>_||>Product<||_html:</span>_||><||_html:<span "
 "style='background-color: rgba(0.0, 165.0, 0, 0.15); border-radius: 3px;' "
 'title=\'1.0\'>_||>",<||_html:</span>_||><||_html:<span '
 "style='background-color: rgba(0.0, 165.0, 0, 0.15); border-radius: 3px;' "
 "title='1.0'>_||>\n"
 "<||_html:</span>_||><||_html:<span style='background-color: rgba(0.0, 165.0, "
 "0, 0.15); border-radius: 3px;' title='1.0'>_||>     "
 "<||_html:</span>_||><||_html:<span style='background-color: rgba(0.0, 165.0, "
 "0, 0.15); border-radius: 3px;' title='1.0'>_||> "
 '"<||_html:</span>_||><||_html:<span style=\'background-color: rgba(0.0, '
 "165.0, 0, 0.15); border-radius: 3px;' "
 "title='1.0'>_||>field<||_html:</span>_||><||_html:<span "
 "style='background-color: rgba(0.0, 165.0, 0, 0.15); border-radius: 3px;' "
 'title=\'1.0\'>_||>":<||_html:</span>_||><||_html:<span '
 "style='background-color: rgba(0.0, 165.0, 0, 0.15); border-radius: 3px;' "
 'title=\'1.0\'>_||> "<||_html:</span>_||><||_html:<span '
 "style='background-color: rgba(0.0, 165.0, 0, 0.15); border-radius: 3px;' "
 "title='1.0'>_||>stock<||_html:</span>_||><||_html:<span "
 "style='background-color: rgba(0.0, 165.0, 0, 0.15); border-radius: 3px;' "
 'title=\'1.0\'>_||>",<||_html:</span>_||><||_html:<span '
 "style='background-color: rgba(0.0, 165.0, 0, 0.15); border-radius: 3px;' "
 "title='1.0'>_||>\n"
 "<||_html:</span>_||><||_html:<span style='background-color: rgba(0.0, 165.0, "
 "0, 0.15); border-radius: 3px;' title='1.0'>_||>     "
 "<||_html:</span>_||><||_html:<span style='background-color: rgba(0.0, 165.0, "
 "0, 0.15); border-radius: 3px;' title='1.0'>_||> "
 '"<||_html:</span>_||><||_html:<span style=\'background-color: rgba(0.0, '
 "165.0, 0, 0.15); border-radius: 3px;' "
 "title='1.0'>_||>change<||_html:</span>_||><||_html:<span "
 "style='background-color: rgba(0.0, 165.0, 0, 0.15); border-radius: 3px;' "
 'title=\'1.0\'>_||>":<||_html:</span>_||><||_html:<span '
 "style='background-color: rgba(0.0, 165.0, 0, 0.15); border-radius: 3px;' "
 'title=\'1.0\'>_||> "<||_html:</span>_||><||_html:<span '
 "style='background-color: rgba(0.0, 165.0, 0, 0.15); border-radius: 3px;' "
 "title='1.0'>_||>field<||_html:</span>_||><||_html:<span "
 "style='background-color: rgba(0.0, 165.0, 0, 0.15); border-radius: 3px;' "
 "title='1.0'>_||> removed<||_html:</span>_||><||_html:<span "
 "style='background-color: rgba(0.0, 165.0, 0, 0.15); border-radius: 3px;' "
 'title=\'1.0\'>_||>",<||_html:</span>_||><||_html:<span '
 "style='background-color: rgba(0.0, 165.0, 0, 0.15); border-radius: 3px;' "
 "title='1.0'>_||>\n"
 "<||_html:</span>_||><||_html:<span style='background-color: rgba(0.0, 165.0, "
 "0, 0.15); border-radius: 3px;' title='1.0'>_||>     "
 "<||_html:</span>_||><||_html:<span style='background-color: rgba(0.0, 165.0, "
 "0, 0.15); border-radius: 3px;' title='1.0'>_||> "
 '"<||_html:</span>_||><||_html:<span style=\'background-color: rgba(0.0, '
 "165.0, 0, 0.15); border-radius: 3px;' "
 "title='1.0'>_||>breaking<||_html:</span>_||><||_html:<span "
 "style='background-color: rgba(0.0, 165.0, 0, 0.15); border-radius: 3px;' "
 'title=\'1.0\'>_||>":<||_html:</span>_||><||_html:<span '
 "style='background-color: rgba(0.0, 165.0, 0, 0.15); border-radius: 3px;' "
 'title=\'1.0\'>_||> "<||_html:</span>_||><||_html:<span '
 "style='background-color: rgba(0.0, 165.0, 0, 0.15); border-radius: 3px;' "
 "title='1.0'>_||>true<||_html:</span>_||><||_html:<span "
 "style='background-color: rgba(0.0, 165.0, 0, 0.15); border-radius: 3px;' "
 'title=\'1.0\'>_||>",<||_html:</span>_||><||_html:<span '
 "style='background-color: rgba(0.0, 165.0, 0, 0.15); border-radius: 3px;' "
 "title='1.0'>_||>\n"
 "<||_html:</span>_||><||_html:<span style='background-color: rgba(0.0, 165.0, "
 "0, 0.15); border-radius: 3px;' title='1.0'>_||>     "
 "<||_html:</span>_||><||_html:<span style='background-color: rgba(0.0, 165.0, "
 "0, 0.15); border-radius: 3px;' title='1.0'>_||> "
 '"<||_html:</span>_||><||_html:<span style=\'background-color: rgba(0.0, '
 "165.0, 0, 0.15); border-radius: 3px;' "
 "title='1.0'>_||>release<||_html:</span>_||><||_html:<span "
 "style='background-color: rgba(0.0, 165.0, 0, 0.15); border-radius: 3px;' "
 "title='1.0'>_||>_<||_html:</span>_||><||_html:<span style='background-color: "
 "rgba(0.0, 165.0, 0, 0.15); border-radius: 3px;' "
 "title='1.0'>_||>note<||_html:</span>_||><||_html:<span "
 "style='background-color: rgba(0.0, 165.0, 0, 0.15); border-radius: 3px;' "
 'title=\'1.0\'>_||>":<||_html:</span>_||><||_html:<span '
 "style='background-color: rgba(0.0, 165.0, 0, 0.15); border-radius: 3px;' "
 'title=\'1.0\'>_||> "<||_html:</span>_||><||_html:<span '
 "style='background-color: rgba(0.0, 165.0, 0, 0.15); border-radius: 3px;' "
 "title='1.0'>_||>The<||_html:</span>_||><||_html:<span "
 "style='background-color: rgba(0.0, 165.0, 0, 0.15); border-radius: 3px;' "
 "title='1.0'>_||> '<||_html:</span>_||><||_html:<span "
 "style='background-color: rgba(0.0, 165.0, 0, 0.15); border-radius: 3px;' "
 "title='1.0'>_||>Product<||_html:</span>_||><||_html:<span "
 "style='background-color: rgba(0.0, 165.0, 0, 0.15); border-radius: 3px;' "
 "title='1.0'>_||>'<||_html:</span>_||><||_html:<span style='background-color: "
 "rgba(0.0, 165.0, 0, 0.15); border-radius: 3px;' title='1.0'>_||> "
 "type<||_html:</span>_||><||_html:<span style='background-color: rgba(0.0, "
 "165.0, 0, 0.15); border-radius: 3px;' title='1.0'>_||> "
 "no<||_html:</span>_||><||_html:<span style='background-color: rgba(0.0, "
 "165.0, 0, 0.15); border-radius: 3px;' title='1.0'>_||> "
 "longer<||_html:</span>_||><||_html:<span style='background-color: rgba(0.0, "
 "165.0, 0, 0.15); border-radius: 3px;' title='1.0'>_||> "
 "includes<||_html:</span>_||><||_html:<span style='background-color: "
 "rgba(0.0, 165.0, 0, 0.15); border-radius: 3px;' title='1.0'>_||> "
 "the<||_html:</span>_||><||_html:<span style='background-color: rgba(0.0, "
 "165.0, 0, 0.15); border-radius: 3px;' title='1.0'>_||> "
 "'<||_html:</span>_||><||_html:<span style='background-color: rgba(0.0, "
 "165.0, 0, 0.15); border-radius: 3px;' "
 "title='1.0'>_||>stock<||_html:</span>_||><||_html:<span "
 "style='background-color: rgba(0.0, 165.0, 0, 0.15); border-radius: 3px;' "
 "title='1.0'>_||>'<||_html:</span>_||><||_html:<span style='background-color: "
 "rgba(0.0, 165.0, 0, 0.15); border-radius: 3px;' title='1.0'>_||> "
 "field<||_html:</span>_||><||_html:<span style='background-color: rgba(0.0, "
 "165.0, 0, 0.15); border-radius: 3px;' "
 'title=\'1.0\'>_||>."<||_html:</span>_||><||_html:<span '
 "style='background-color: rgba(0.0, 165.0, 0, 0.15); border-radius: 3px;' "
 "title='1.0'>_||>\n"
 "<||_html:</span>_||><||_html:<span style='background-color: rgba(0.0, 165.0, "
 "0, 0.15); border-radius: 3px;' title='1.0'>_||>   "
 "<||_html:</span>_||><||_html:<span style='background-color: rgba(0.0, 165.0, "
 "0, 0.15); border-radius: 3px;' title='1.0'>_||> "
 "}<||_html:</span>_||><||_html:<span style='background-color: rgba(0.0, "
 "165.0, 0, 0.15); border-radius: 3px;' title='1.0'>_||>\n"
 "<||_html:</span>_||><||_html:<span style='background-color: rgba(0.0, 165.0, "
 "0, 0.15); border-radius: 3px;' title='1.0'>_||> "
 "<||_html:</span>_||><||_html:<span style='background-color: rgba(0.0, 165.0, "
 "0, 0.15); border-radius: 3px;' title='1.0'>_||> "
 "],<||_html:</span>_||><||_html:<span style='background-color: rgba(0.0, "
 "165.0, 0, 0.15); border-radius: 3px;' title='1.0'>_||>\n"
 "<||_html:</span>_||><||_html:<span style='background-color: rgba(0.0, 165.0, "
 "0, 0.15); border-radius: 3px;' title='1.0'>_||> "
 "<||_html:</span>_||><||_html:<span style='background-color: rgba(0.0, 165.0, "
 "0, 0.15); border-radius: 3px;' title='1.0'>_||> "
 '"<||_html:</span>_||><||_html:<span style=\'background-color: rgba(0.0, '
 "165.0, 0, 0.15); border-radius: 3px;' "
 "title='1.0'>_||>release<||_html:</span>_||><||_html:<span "
 "style='background-color: rgba(0.0, 165.0, 0, 0.15); border-radius: 3px;' "
 "title='1.0'>_||>_<||_html:</span>_||><||_html:<span style='background-color: "
 "rgba(0.0, 165.0, 0, 0.15); border-radius: 3px;' "
 "title='1.0'>_||>notes<||_html:</span>_||><||_html:<span "
 "style='background-color: rgba(0.0, 165.0, 0, 0.15); border-radius: 3px;' "
 'title=\'1.0\'>_||>":<||_html:</span>_||><||_html:<span '
 "style='background-color: rgba(0.0, 165.0, 0, 0.15); border-radius: 3px;' "
 "title='1.0'>_||> {<||_html:</span>_||><||_html:<span "
 "style='background-color: rgba(0.0, 165.0, 0, 0.15); border-radius: 3px;' "
 "title='1.0'>_||>\n"
 "<||_html:</span>_||><||_html:<span style='background-color: rgba(0.0, 165.0, "
 "0, 0.15); border-radius: 3px;' title='1.0'>_||>   "
 "<||_html:</span>_||><||_html:<span style='background-color: rgba(0.0, 165.0, "
 "0, 0.15); border-radius: 3px;' title='1.0'>_||> "
 '"<||_html:</span>_||><||_html:<span style=\'background-color: rgba(0.0, '
 "165.0, 0, 0.15); border-radius: 3px;' "
 "title='1.0'>_||>summary<||_html:</span>_||><||_html:<span "
 "style='background-color: rgba(0.0, 165.0, 0, 0.15); border-radius: 3px;' "
 'title=\'1.0\'>_||>":<||_html:</span>_||><||_html:<span '
 "style='background-color: rgba(0.0, 165.0, 0, 0.15); border-radius: 3px;' "
 'title=\'1.0\'>_||> "<||_html:</span>_||><||_html:<span '
 "style='background-color: rgba(0.0, 165.0, 0, 0.15); border-radius: 3px;' "
 "title='1.0'>_||>The<||_html:</span>_||><||_html:<span "
 "style='background-color: rgba(0.0, 165.0, 0, 0.15); border-radius: 3px;' "
 "title='1.0'>_||> '<||_html:</span>_||><||_html:<span "
 "style='background-color: rgba(0.0, 165.0, 0, 0.15); border-radius: 3px;' "
 "title='1.0'>_||>get<||_html:</span>_||><||_html:<span "
 "style='background-color: rgba(0.0, 165.0, 0, 0.15); border-radius: 3px;' "
 "title='1.0'>_||>Product<||_html:</span>_||><||_html:<span "
 "style='background-color: rgba(0.0, 165.0, 0, 0.15); border-radius: 3px;' "
 "title='1.0'>_||>'<||_html:</span>_||><||_html:<span style='background-color: "
 "rgba(0.0, 165.0, 0, 0.15); border-radius: 3px;' title='1.0'>_||> "
 "query<||_html:</span>_||><||_html:<span style='background-color: rgba(0.0, "
 "165.0, 0, 0.15); border-radius: 3px;' title='1.0'>_||> "
 "now<||_html:</span>_||><||_html:<span style='background-color: rgba(0.0, "
 "165.0, 0, 0.15); border-radius: 3px;' title='1.0'>_||> "
 "includes<||_html:</span>_||><||_html:<span style='background-color: "
 "rgba(0.0, 165.0, 0, 0.15); border-radius: 3px;' title='1.0'>_||> "
 "a<||_html:</span>_||><||_html:<span style='background-color: rgba(0.0, "
 "165.0, 0, 0.15); border-radius: 3px;' title='1.0'>_||> "
 "new<||_html:</span>_||><||_html:<span style='background-color: rgba(0.0, "
 "165.0, 0, 0.15); border-radius: 3px;' title='1.0'>_||> "
 "field<||_html:</span>_||><||_html:<span style='background-color: rgba(0.0, "
 "165.0, 0, 0.15); border-radius: 3px;' title='1.0'>_||> "
 "'<||_html:</span>_||><||_html:<span style='background-color: rgba(0.0, "
 "165.0, 0, 0.15); border-radius: 3px;' "
 "title='1.0'>_||>details<||_html:</span>_||><||_html:<span "
 "style='background-color: rgba(0.0, 165.0, 0, 0.15); border-radius: 3px;' "
 "title='1.0'>_||>'<||_html:</span>_||><||_html:<span style='background-color: "
 "rgba(0.0, 165.0, 0, 0.15); border-radius: 3px;' title='1.0'>_||> "
 "of<||_html:</span>_||><||_html:<span style='background-color: rgba(0.0, "
 "165.0, 0, 0.15); border-radius: 3px;' title='1.0'>_||> "
 "type<||_html:</span>_||><||_html:<span style='background-color: rgba(0.0, "
 "165.0, 0, 0.15); border-radius: 3px;' title='1.0'>_||> "
 "String<||_html:</span>_||><||_html:<span style='background-color: rgba(0.0, "
 "165.0, 0, 0.15); border-radius: 3px;' "
 "title='1.0'>_||>.<||_html:</span>_||><||_html:<span style='background-color: "
 "rgba(0.0, 165.0, 0, 0.15); border-radius: 3px;' title='1.0'>_||> "
 "The<||_html:</span>_||><||_html:<span style='background-color: rgba(0.0, "
 "165.0, 0, 0.15); border-radius: 3px;' title='1.0'>_||> "
 "'<||_html:</span>_||><||_html:<span style='background-color: rgba(0.0, "
 "165.0, 0, 0.15); border-radius: 3px;' "
 "title='1.0'>_||>Product<||_html:</span>_||><||_html:<span "
 "style='background-color: rgba(0.0, 165.0, 0, 0.15); border-radius: 3px;' "
 "title='1.0'>_||>'<||_html:</span>_||><||_html:<span style='background-color: "
 "rgba(0.0, 165.0, 0, 0.15); border-radius: 3px;' title='1.0'>_||> "
 "type<||_html:</span>_||><||_html:<span style='background-color: rgba(0.0, "
 "165.0, 0, 0.15); border-radius: 3px;' title='1.0'>_||> "
 "no<||_html:</span>_||><||_html:<span style='background-color: rgba(0.0, "
 "165.0, 0, 0.15); border-radius: 3px;' title='1.0'>_||> "
 "longer<||_html:</span>_||><||_html:<span style='background-color: rgba(0.0, "
 "165.0, 0, 0.15); border-radius: 3px;' title='1.0'>_||> "
 "includes<||_html:</span>_||><||_html:<span style='background-color: "
 "rgba(0.0, 165.0, 0, 0.15); border-radius: 3px;' title='1.0'>_||> "
 "the<||_html:</span>_||><||_html:<span style='background-color: rgba(0.0, "
 "165.0, 0, 0.15); border-radius: 3px;' title='1.0'>_||> "
 "'<||_html:</span>_||><||_html:<span style='background-color: rgba(0.0, "
 "165.0, 0, 0.15); border-radius: 3px;' "
 "title='1.0'>_||>description<||_html:</span>_||><||_html:<span "
 "style='background-color: rgba(0.0, 165.0, 0, 0.15); border-radius: 3px;' "
 "title='1.0'>_||>'<||_html:</span>_||><||_html:<span style='background-color: "
 "rgba(0.0, 165.0, 0, 0.15); border-radius: 3px;' title='1.0'>_||> "
 "and<||_html:</span>_||><||_html:<span style='background-color: rgba(0.0, "
 "165.0, 0, 0.15); border-radius: 3px;' title='1.0'>_||> "
 "'<||_html:</span>_||><||_html:<span style='background-color: rgba(0.0, "
 "165.0, 0, 0.15); border-radius: 3px;' "
 "title='1.0'>_||>stock<||_html:</span>_||><||_html:<span "
 "style='background-color: rgba(0.0, 165.0, 0, 0.15); border-radius: 3px;' "
 "title='1.0'>_||>'<||_html:</span>_||><||_html:<span style='background-color: "
 "rgba(0.0, 165.0, 0, 0.15); border-radius: 3px;' title='1.0'>_||> "
 "fields<||_html:</span>_||><||_html:<span style='background-color: rgba(0.0, "
 "165.0, 0, 0.15); border-radius: 3px;' "
 'title=\'1.0\'>_||>."<||_html:</span>_||><||_html:<span '
 "style='background-color: rgba(0.0, 165.0, 0, 0.15); border-radius: 3px;' "
 "title='1.0'>_||>\n"
 "<||_html:</span>_||><||_html:<span style='background-color: rgba(0.0, 165.0, "
 "0, 0.15); border-radius: 3px;' title='1.0'>_||> "
 "<||_html:</span>_||><||_html:<span style='background-color: rgba(0.0, 165.0, "
 "0, 0.15); border-radius: 3px;' title='1.0'>_||> "
 "}<||_html:</span>_||><||_html:<span style='background-color: rgba(0.0, "
 "165.0, 0, 0.15); border-radius: 3px;' title='1.0'>_||>\n"
 "<||_html:</span>_||><||_html:<span style='background-color: rgba(0.0, 165.0, "
 "0, 0.15); border-radius: 3px;' "
 'title=\'1.0\'>_||>}<||_html:</span>_||>{"changes":<||_html:<span '
 "style='background-color: rgba(0.0, 165.0, 0, 0.15); border-radius: 3px;' "
 "title='1.0'>_||>[<||_html:</span>_||><||_html:<span style='background-color: "
 "rgba(0.0, 165.0, 0, 0.15); border-radius: 3px;' "
 'title=\'1.0\'>_||>{"<||_html:</span>_||>type<||_html:<span '
 "style='background-color: rgba(0.0, 165.0, 0, 0.15); border-radius: 3px;' "
 'title=\'1.0\'>_||>":"<||_html:</span>_||><||_html:<span '
 "style='background-color: rgba(0.0, 165.0, 0, 0.15); border-radius: 3px;' "
 "title='1.0'>_||>Query<||_html:</span>_||><||_html:<span "
 "style='background-color: rgba(0.0, 165.0, 0, 0.15); border-radius: 3px;' "
 'title=\'1.0\'>_||>","<||_html:</span>_||>field<||_html:<span '
 "style='background-color: rgba(0.0, 165.0, 0, 0.15); border-radius: 3px;' "
 'title=\'1.0\'>_||>":"<||_html:</span>_||><||_html:<span '
 "style='background-color: rgba(0.0, 165.0, 0, 0.15); border-radius: 3px;' "
 "title='1.0'>_||>get<||_html:</span>_||><||_html:<span "
 "style='background-color: rgba(0.0, 165.0, 0, 0.15); border-radius: 3px;' "
 "title='1.0'>_||>Product<||_html:</span>_||><||_html:<span "
 "style='background-color: rgba(0.0, 165.0, 0, 0.15); border-radius: 3px;' "
 'title=\'1.0\'>_||>","<||_html:</span>_||>change<||_html:<span '
 "style='background-color: rgba(0.0, 165.0, 0, 0.15); border-radius: 3px;' "
 'title=\'1.0\'>_||>":"<||_html:</span>_||><||_html:<span '
 "style='background-color: rgba(0.0, 165.0, 0, 0.15); border-radius: 3px;' "
 "title='1.0'>_||>field<||_html:</span>_||><||_html:<span "
 "style='background-color: rgba(0.0, 165.0, 0, 0.15); border-radius: 3px;' "
 "title='1.0'>_||> details<||_html:</span>_||><||_html:<span "
 "style='background-color: rgba(0.0, 165.0, 0, 0.15); border-radius: 3px;' "
 "title='1.0'>_||> added<||_html:</span>_||><||_html:<span "
 "style='background-color: rgba(0.0, 165.0, 0, 0.15); border-radius: 3px;' "
 'title=\'1.0\'>_||>","<||_html:</span>_||>breaking<||_html:<span '
 "style='background-color: rgba(0.0, 165.0, 0, 0.15); border-radius: 3px;' "
 'title=\'1.0\'>_||>":<||_html:</span>_||><||_html:<span '
 "style='background-color: rgba(0.0, 165.0, 0, 0.15); border-radius: 3px;' "
 'title=\'1.0\'>_||>false<||_html:</span>_||>,"release_note<||_html:<span '
 "style='background-color: rgba(0.0, 165.0, 0, 0.15); border-radius: 3px;' "
 'title=\'1.0\'>_||>":"<||_html:</span>_||><||_html:<span '
 "style='background-color: rgba(0.0, 165.0, 0, 0.15); border-radius: 3px;' "
 "title='1.0'>_||>The<||_html:</span>_||><||_html:<span "
 "style='background-color: rgba(0.0, 165.0, 0, 0.15); border-radius: 3px;' "
 "title='1.0'>_||> '<||_html:</span>_||><||_html:<span "
 "style='background-color: rgba(0.0, 165.0, 0, 0.15); border-radius: 3px;' "
 "title='1.0'>_||>get<||_html:</span>_||><||_html:<span "
 "style='background-color: rgba(0.0, 165.0, 0, 0.15); border-radius: 3px;' "
 "title='1.0'>_||>Product<||_html:</span>_||><||_html:<span "
 "style='background-color: rgba(0.0, 165.0, 0, 0.15); border-radius: 3px;' "
 "title='1.0'>_||>'<||_html:</span>_||><||_html:<span style='background-color: "
 "rgba(0.0, 165.0, 0, 0.15); border-radius: 3px;' title='1.0'>_||> "
 "query<||_html:</span>_||><||_html:<span style='background-color: rgba(0.0, "
 "165.0, 0, 0.15); border-radius: 3px;' title='1.0'>_||> "
 "now<||_html:</span>_||><||_html:<span style='background-color: rgba(0.0, "
 "165.0, 0, 0.15); border-radius: 3px;' title='1.0'>_||> "
 "includes<||_html:</span>_||><||_html:<span style='background-color: "
 "rgba(0.0, 165.0, 0, 0.15); border-radius: 3px;' title='1.0'>_||> "
 "a<||_html:</span>_||><||_html:<span style='background-color: rgba(0.0, "
 "165.0, 0, 0.15); border-radius: 3px;' title='1.0'>_||> "
 "new<||_html:</span>_||><||_html:<span style='background-color: rgba(0.0, "
 "165.0, 0, 0.15); border-radius: 3px;' title='1.0'>_||> "
 "field<||_html:</span>_||><||_html:<span style='background-color: rgba(0.0, "
 "165.0, 0, 0.15); border-radius: 3px;' title='1.0'>_||> "
 "'<||_html:</span>_||><||_html:<span style='background-color: rgba(0.0, "
 "165.0, 0, 0.15); border-radius: 3px;' "
 "title='1.0'>_||>details<||_html:</span>_||><||_html:<span "
 "style='background-color: rgba(0.0, 165.0, 0, 0.15); border-radius: 3px;' "
 "title='1.0'>_||>'<||_html:</span>_||><||_html:<span style='background-color: "
 "rgba(0.0, 165.0, 0, 0.15); border-radius: 3px;' title='1.0'>_||> "
 "of<||_html:</span>_||><||_html:<span style='background-color: rgba(0.0, "
 "165.0, 0, 0.15); border-radius: 3px;' title='1.0'>_||> "
 "type<||_html:</span>_||><||_html:<span style='background-color: rgba(0.0, "
 "165.0, 0, 0.15); border-radius: 3px;' title='1.0'>_||> "
 "String<||_html:</span>_||><||_html:<span style='background-color: rgba(0.0, "
 "165.0, 0, 0.15); border-radius: 3px;' "
 'title=\'1.0\'>_||>."<||_html:</span>_||><||_html:<span '
 "style='background-color: rgba(0.0, 165.0, 0, 0.15); border-radius: 3px;' "
 'title=\'1.0\'>_||>},<||_html:</span>_||>{"type<||_html:<span '
 "style='background-color: rgba(0.0, 165.0, 0, 0.15); border-radius: 3px;' "
 'title=\'1.0\'>_||>":"<||_html:</span>_||><||_html:<span '
 "style='background-color: rgba(0.0, 165.0, 0, 0.15); border-radius: 3px;' "
 "title='1.0'>_||>Product<||_html:</span>_||><||_html:<span "
 "style='background-color: rgba(0.0, 165.0, 0, 0.15); border-radius: 3px;' "
 'title=\'1.0\'>_||>","<||_html:</span>_||>field<||_html:<span '
 "style='background-color: rgba(0.0, 165.0, 0, 0.15); border-radius: 3px;' "
 'title=\'1.0\'>_||>":"<||_html:</span>_||><||_html:<span '
 "style='background-color: rgba(0.0, 165.0, 0, 0.15); border-radius: 3px;' "
 "title='1.0'>_||>description<||_html:</span>_||><||_html:<span "
 "style='background-color: rgba(0.0, 165.0, 0, 0.15); border-radius: 3px;' "
 'title=\'1.0\'>_||>","<||_html:</span>_||>change<||_html:<span '
 "style='background-color: rgba(0.0, 165.0, 0, 0.15); border-radius: 3px;' "
 'title=\'1.0\'>_||>":"<||_html:</span>_||><||_html:<span '
 "style='background-color: rgba(0.0, 165.0, 0, 0.15); border-radius: 3px;' "
 "title='1.0'>_||>field<||_html:</span>_||><||_html:<span "
 "style='background-color: rgba(0.0, 165.0, 0, 0.15); border-radius: 3px;' "
 "title='1.0'>_||> removed<||_html:</span>_||><||_html:<span "
 "style='background-color: rgba(0.0, 165.0, 0, 0.15); border-radius: 3px;' "
 'title=\'1.0\'>_||>","<||_html:</span>_||>breaking<||_html:<span '
 "style='background-color: rgba(0.0, 165.0, 0, 0.15); border-radius: 3px;' "
 'title=\'1.0\'>_||>":<||_html:</span>_||><||_html:<span '
 "style='background-color: rgba(0.0, 165.0, 0, 0.15); border-radius: 3px;' "
 'title=\'1.0\'>_||>true<||_html:</span>_||>,"release_note<||_html:<span '
 "style='background-color: rgba(0.0, 165.0, 0, 0.15); border-radius: 3px;' "
 'title=\'1.0\'>_||>":"<||_html:</span>_||><||_html:<span '
 "style='background-color: rgba(0.0, 165.0, 0, 0.15); border-radius: 3px;' "
 "title='1.0'>_||>The<||_html:</span>_||><||_html:<span "
 "style='background-color: rgba(0.0, 165.0, 0, 0.15); border-radius: 3px;' "
 "title='1.0'>_||> '<||_html:</span>_||><||_html:<span "
 "style='background-color: rgba(0.0, 165.0, 0, 0.15); border-radius: 3px;' "
 "title='1.0'>_||>Product<||_html:</span>_||><||_html:<span "
 "style='background-color: rgba(0.0, 165.0, 0, 0.15); border-radius: 3px;' "
 "title='1.0'>_||>'<||_html:</span>_||><||_html:<span style='background-color: "
 "rgba(0.0, 165.0, 0, 0.15); border-radius: 3px;' title='1.0'>_||> "
 "type<||_html:</span>_||><||_html:<span style='background-color: rgba(0.0, "
 "165.0, 0, 0.15); border-radius: 3px;' title='1.0'>_||> "
 "no<||_html:</span>_||><||_html:<span style='background-color: rgba(0.0, "
 "165.0, 0, 0.15); border-radius: 3px;' title='1.0'>_||> "
 "longer<||_html:</span>_||><||_html:<span style='background-color: rgba(0.0, "
 "165.0, 0, 0.15); border-radius: 3px;' title='1.0'>_||> "
 "includes<||_html:</span>_||><||_html:<span style='background-color: "
 "rgba(0.0, 165.0, 0, 0.15); border-radius: 3px;' title='1.0'>_||> "
 "the<||_html:</span>_||><||_html:<span style='background-color: rgba(0.0, "
 "165.0, 0, 0.15); border-radius: 3px;' title='1.0'>_||> "
 "'<||_html:</span>_||><||_html:<span style='background-color: rgba(0.0, "
 "165.0, 0, 0.15); border-radius: 3px;' "
 "title='1.0'>_||>description<||_html:</span>_||><||_html:<span "
 "style='background-color: rgba(0.0, 165.0, 0, 0.15); border-radius: 3px;' "
 "title='1.0'>_||>'<||_html:</span>_||><||_html:<span style='background-color: "
 "rgba(0.0, 165.0, 0, 0.15); border-radius: 3px;' title='1.0'>_||> "
 "field<||_html:</span>_||><||_html:<span style='background-color: rgba(0.0, "
 "165.0, 0, 0.15); border-radius: 3px;' "
 'title=\'1.0\'>_||>."<||_html:</span>_||><||_html:<span '
 "style='background-color: rgba(0.0, 165.0, 0, 0.15); border-radius: 3px;' "
 'title=\'1.0\'>_||>},<||_html:</span>_||>{"type<||_html:<span '
 "style='background-color: rgba(0.0, 165.0, 0, 0.15); border-radius: 3px;' "
 'title=\'1.0\'>_||>":"<||_html:</span>_||><||_html:<span '
 "style='background-color: rgba(0.0, 165.0, 0, 0.15); border-radius: 3px;' "
 "title='1.0'>_||>Product<||_html:</span>_||><||_html:<span "
 "style='background-color: rgba(0.0, 165.0, 0, 0.15); border-radius: 3px;' "
 'title=\'1.0\'>_||>","<||_html:</span>_||>field<||_html:<span '
 "style='background-color: rgba(0.0, 165.0, 0, 0.15); border-radius: 3px;' "
 'title=\'1.0\'>_||>":"<||_html:</span>_||><||_html:<span '
 "style='background-color: rgba(0.0, 165.0, 0, 0.15); border-radius: 3px;' "
 "title='1.0'>_||>stock<||_html:</span>_||><||_html:<span "
 "style='background-color: rgba(0.0, 165.0, 0, 0.15); border-radius: 3px;' "
 'title=\'1.0\'>_||>","<||_html:</span>_||>change<||_html:<span '
 "style='background-color: rgba(0.0, 165.0, 0, 0.15); border-radius: 3px;' "
 'title=\'1.0\'>_||>":"<||_html:</span>_||><||_html:<span '
 "style='background-color: rgba(0.0, 165.0, 0, 0.15); border-radius: 3px;' "
 "title='1.0'>_||>field<||_html:</span>_||><||_html:<span "
 "style='background-color: rgba(0.0, 165.0, 0, 0.15); border-radius: 3px;' "
 "title='1.0'>_||> removed<||_html:</span>_||><||_html:<span "
 "style='background-color: rgba(0.0, 165.0, 0, 0.15); border-radius: 3px;' "
 'title=\'1.0\'>_||>","<||_html:</span>_||>breaking<||_html:<span '
 "style='background-color: rgba(0.0, 165.0, 0, 0.15); border-radius: 3px;' "
 'title=\'1.0\'>_||>":<||_html:</span>_||><||_html:<span '
 "style='background-color: rgba(0.0, 165.0, 0, 0.15); border-radius: 3px;' "
 'title=\'1.0\'>_||>true<||_html:</span>_||>,"release_note<||_html:<span '
 "style='background-color: rgba(0.0, 165.0, 0, 0.15); border-radius: 3px;' "
 'title=\'1.0\'>_||>":"<||_html:</span>_||><||_html:<span '
 "style='background-color: rgba(0.0, 165.0, 0, 0.15); border-radius: 3px;' "
 "title='1.0'>_||>The<||_html:</span>_||><||_html:<span "
 "style='background-color: rgba(0.0, 165.0, 0, 0.15); border-radius: 3px;' "
 "title='1.0'>_||> '<||_html:</span>_||><||_html:<span "
 "style='background-color: rgba(0.0, 165.0, 0, 0.15); border-radius: 3px;' "
 "title='1.0'>_||>Product<||_html:</span>_||><||_html:<span "
 "style='background-color: rgba(0.0, 165.0, 0, 0.15); border-radius: 3px;' "
 "title='1.0'>_||>'<||_html:</span>_||><||_html:<span style='background-color: "
 "rgba(0.0, 165.0, 0, 0.15); border-radius: 3px;' title='1.0'>_||> "
 "type<||_html:</span>_||><||_html:<span style='background-color: rgba(0.0, "
 "165.0, 0, 0.15); border-radius: 3px;' title='1.0'>_||> "
 "no<||_html:</span>_||><||_html:<span style='background-color: rgba(0.0, "
 "165.0, 0, 0.15); border-radius: 3px;' title='1.0'>_||> "
 "longer<||_html:</span>_||><||_html:<span style='background-color: rgba(0.0, "
 "165.0, 0, 0.15); border-radius: 3px;' title='1.0'>_||> "
 "includes<||_html:</span>_||><||_html:<span style='background-color: "
 "rgba(0.0, 165.0, 0, 0.15); border-radius: 3px;' title='1.0'>_||> "
 "the<||_html:</span>_||><||_html:<span style='background-color: rgba(0.0, "
 "165.0, 0, 0.15); border-radius: 3px;' title='1.0'>_||> "
 "'<||_html:</span>_||><||_html:<span style='background-color: rgba(0.0, "
 "165.0, 0, 0.15); border-radius: 3px;' "
 "title='1.0'>_||>stock<||_html:</span>_||><||_html:<span "
 "style='background-color: rgba(0.0, 165.0, 0, 0.15); border-radius: 3px;' "
 "title='1.0'>_||>'<||_html:</span>_||><||_html:<span style='background-color: "
 "rgba(0.0, 165.0, 0, 0.15); border-radius: 3px;' title='1.0'>_||> "
 "field<||_html:</span>_||><||_html:<span style='background-color: rgba(0.0, "
 "165.0, 0, 0.15); border-radius: 3px;' "
 'title=\'1.0\'>_||>."<||_html:</span>_||><||_html:<span '
 "style='background-color: rgba(0.0, 165.0, 0, 0.15); border-radius: 3px;' "
 'title=\'1.0\'>_||>}]<||_html:</span>_||>,"release_notes":{"summary<||_html:<span '
 "style='background-color: rgba(0.0, 165.0, 0, 0.15); border-radius: 3px;' "
 'title=\'1.0\'>_||>":"<||_html:</span>_||><||_html:<span '
 "style='background-color: rgba(0.0, 165.0, 0, 0.15); border-radius: 3px;' "
 "title='1.0'>_||>The<||_html:</span>_||><||_html:<span "
 "style='background-color: rgba(0.0, 165.0, 0, 0.15); border-radius: 3px;' "
 "title='1.0'>_||> '<||_html:</span>_||><||_html:<span "
 "style='background-color: rgba(0.0, 165.0, 0, 0.15); border-radius: 3px;' "
 "title='1.0'>_||>get<||_html:</span>_||><||_html:<span "
 "style='background-color: rgba(0.0, 165.0, 0, 0.15); border-radius: 3px;' "
 "title='1.0'>_||>Product<||_html:</span>_||><||_html:<span "
 "style='background-color: rgba(0.0, 165.0, 0, 0.15); border-radius: 3px;' "
 "title='1.0'>_||>'<||_html:</span>_||><||_html:<span style='background-color: "
 "rgba(0.0, 165.0, 0, 0.15); border-radius: 3px;' title='1.0'>_||> "
 "query<||_html:</span>_||><||_html:<span style='background-color: rgba(0.0, "
 "165.0, 0, 0.15); border-radius: 3px;' title='1.0'>_||> "
 "now<||_html:</span>_||><||_html:<span style='background-color: rgba(0.0, "
 "165.0, 0, 0.15); border-radius: 3px;' title='1.0'>_||> "
 "includes<||_html:</span>_||><||_html:<span style='background-color: "
 "rgba(0.0, 165.0, 0, 0.15); border-radius: 3px;' title='1.0'>_||> "
 "a<||_html:</span>_||><||_html:<span style='background-color: rgba(0.0, "
 "165.0, 0, 0.15); border-radius: 3px;' title='1.0'>_||> "
 "new<||_html:</span>_||><||_html:<span style='background-color: rgba(0.0, "
 "165.0, 0, 0.15); border-radius: 3px;' title='1.0'>_||> "
 "field<||_html:</span>_||><||_html:<span style='background-color: rgba(0.0, "
 "165.0, 0, 0.15); border-radius: 3px;' title='1.0'>_||> "
 "'<||_html:</span>_||><||_html:<span style='background-color: rgba(0.0, "
 "165.0, 0, 0.15); border-radius: 3px;' "
 "title='1.0'>_||>details<||_html:</span>_||><||_html:<span "
 "style='background-color: rgba(0.0, 165.0, 0, 0.15); border-radius: 3px;' "
 "title='1.0'>_||>'<||_html:</span>_||><||_html:<span style='background-color: "
 "rgba(0.0, 165.0, 0, 0.15); border-radius: 3px;' title='1.0'>_||> "
 "of<||_html:</span>_||><||_html:<span style='background-color: rgba(0.0, "
 "165.0, 0, 0.15); border-radius: 3px;' title='1.0'>_||> "
 "type<||_html:</span>_||><||_html:<span style='background-color: rgba(0.0, "
 "165.0, 0, 0.15); border-radius: 3px;' title='1.0'>_||> "
 "String<||_html:</span>_||><||_html:<span style='background-color: rgba(0.0, "
 "165.0, 0, 0.15); border-radius: 3px;' "
 "title='1.0'>_||>.<||_html:</span>_||><||_html:<span style='background-color: "
 "rgba(0.0, 165.0, 0, 0.15); border-radius: 3px;' title='1.0'>_||> "
 "The<||_html:</span>_||><||_html:<span style='background-color: rgba(0.0, "
 "165.0, 0, 0.15); border-radius: 3px;' title='1.0'>_||> "
 "'<||_html:</span>_||><||_html:<span style='background-color: rgba(0.0, "
 "165.0, 0, 0.15); border-radius: 3px;' "
 "title='1.0'>_||>Product<||_html:</span>_||><||_html:<span "
 "style='background-color: rgba(0.0, 165.0, 0, 0.15); border-radius: 3px;' "
 "title='1.0'>_||>'<||_html:</span>_||><||_html:<span style='background-color: "
 "rgba(0.0, 165.0, 0, 0.15); border-radius: 3px;' title='1.0'>_||>")
('Analyze the following two GraphQL schemas for changes, including both '
 'breaking and non-breaking changes.\n'
 '\n'
 '                        Provide your analysis in the following JSON format:\n'
 '                        {\n'
 '                          "changes": [\n'
 '                            {\n'
 '                              "type": "String representing the GraphQL type '
 '(e.g., Query, Mutation, Subscription)",\n'
 '                              "field": "String representing the specific '
 'field that changed",\n'
 '                              "change": "String describing the change (e.g., '
 'field renamed, new field added, field removed)",\n'
 '                              "breaking": "Boolean indicating if the change '
 'is breaking (true) or non-breaking (false)",\n'
 '                              "release_note": "String with a natural '
 'language description of the change for release notes"\n'
 '                            }\n'
 '                          ],\n'
 '                          "release_notes": {\n'
 '                              "summary": "String summarizing all changes, '
 'suitable for a mailing list or public announcement"\n'
 '                          }\n'
 '                        }\n'
 '\n'
 '                        When analyzing, consider the following types of '
 'changes:\n'
 '                        1. Removing fields or types (breaking)\n'
 '                        2. Changing field types (potentially breaking)\n'
 '                        3. Adding required fields (breaking)\n'
 '                        4. Changing the type of existing arguments '
 '(breaking)\n'
 '                        5. Adding optional fields (non-breaking)\n'
 '                        6. Adding new types (non-breaking)\n'
 '                        7. Deprecating fields (non-breaking)\n'
 '\n'
 '                        Ensure that each change is categorized correctly as '
 'breaking or non-breaking.: type Query {\n'
 '  getProduct(id: ID!): Product\n'
 '}\n'
 '\n'
 'type Product {\n'
 '  id: ID\n'
 '  name: String\n'
 '  description: String\n'
 '  price: Float\n'
 '  stock: Int\n'
 '}\n'
 ', type Query {\n'
 '  getProduct(id: ID!): Product\n'
 '}\n'
 '\n'
 'type Product {\n'
 '  id: ID\n'
 '  name: String\n'
 '  details: String\n'
 '  price: Float\n'
 '}\n'
 '\n'
 "Answer:<||_html:<span style='background-color: rgba(0.0, 165.0, 0, 0.15); "
 "border-radius: 3px;' title='1.0'>_||> {<||_html:</span>_||><||_html:<span "
 "style='background-color: rgba(0.0, 165.0, 0, 0.15); border-radius: 3px;' "
 "title='1.0'>_||>\n"
 "<||_html:</span>_||><||_html:<span style='background-color: rgba(0.0, 165.0, "
 "0, 0.15); border-radius: 3px;' title='1.0'>_||> "
 "<||_html:</span>_||><||_html:<span style='background-color: rgba(0.0, 165.0, "
 "0, 0.15); border-radius: 3px;' title='1.0'>_||> "
 '"<||_html:</span>_||><||_html:<span style=\'background-color: rgba(0.0, '
 "165.0, 0, 0.15); border-radius: 3px;' "
 "title='1.0'>_||>changes<||_html:</span>_||><||_html:<span "
 "style='background-color: rgba(0.0, 165.0, 0, 0.15); border-radius: 3px;' "
 'title=\'1.0\'>_||>":<||_html:</span>_||><||_html:<span '
 "style='background-color: rgba(0.0, 165.0, 0, 0.15); border-radius: 3px;' "
 "title='1.0'>_||> [<||_html:</span>_||><||_html:<span "
 "style='background-color: rgba(0.0, 165.0, 0, 0.15); border-radius: 3px;' "
 "title='1.0'>_||>\n"
 "<||_html:</span>_||><||_html:<span style='background-color: rgba(0.0, 165.0, "
 "0, 0.15); border-radius: 3px;' title='1.0'>_||>   "
 "<||_html:</span>_||><||_html:<span style='background-color: rgba(0.0, 165.0, "
 "0, 0.15); border-radius: 3px;' title='1.0'>_||> "
 "{<||_html:</span>_||><||_html:<span style='background-color: rgba(0.0, "
 "165.0, 0, 0.15); border-radius: 3px;' title='1.0'>_||>\n"
 "<||_html:</span>_||><||_html:<span style='background-color: rgba(0.0, 165.0, "
 "0, 0.15); border-radius: 3px;' title='1.0'>_||>     "
 "<||_html:</span>_||><||_html:<span style='background-color: rgba(0.0, 165.0, "
 "0, 0.15); border-radius: 3px;' title='1.0'>_||> "
 '"<||_html:</span>_||><||_html:<span style=\'background-color: rgba(0.0, '
 "165.0, 0, 0.15); border-radius: 3px;' "
 "title='1.0'>_||>type<||_html:</span>_||><||_html:<span "
 "style='background-color: rgba(0.0, 165.0, 0, 0.15); border-radius: 3px;' "
 'title=\'1.0\'>_||>":<||_html:</span>_||><||_html:<span '
 "style='background-color: rgba(0.0, 165.0, 0, 0.15); border-radius: 3px;' "
 'title=\'1.0\'>_||> "<||_html:</span>_||><||_html:<span '
 "style='background-color: rgba(0.0, 165.0, 0, 0.15); border-radius: 3px;' "
 "title='1.0'>_||>Query<||_html:</span>_||><||_html:<span "
 "style='background-color: rgba(0.0, 165.0, 0, 0.15); border-radius: 3px;' "
 'title=\'1.0\'>_||>",<||_html:</span>_||><||_html:<span '
 "style='background-color: rgba(0.0, 165.0, 0, 0.15); border-radius: 3px;' "
 "title='1.0'>_||>\n"
 "<||_html:</span>_||><||_html:<span style='background-color: rgba(0.0, 165.0, "
 "0, 0.15); border-radius: 3px;' title='1.0'>_||>     "
 "<||_html:</span>_||><||_html:<span style='background-color: rgba(0.0, 165.0, "
 "0, 0.15); border-radius: 3px;' title='1.0'>_||> "
 '"<||_html:</span>_||><||_html:<span style=\'background-color: rgba(0.0, '
 "165.0, 0, 0.15); border-radius: 3px;' "
 "title='1.0'>_||>field<||_html:</span>_||><||_html:<span "
 "style='background-color: rgba(0.0, 165.0, 0, 0.15); border-radius: 3px;' "
 'title=\'1.0\'>_||>":<||_html:</span>_||><||_html:<span '
 "style='background-color: rgba(0.0, 165.0, 0, 0.15); border-radius: 3px;' "
 'title=\'1.0\'>_||> "<||_html:</span>_||><||_html:<span '
 "style='background-color: rgba(0.0, 165.0, 0, 0.15); border-radius: 3px;' "
 "title='1.0'>_||>get<||_html:</span>_||><||_html:<span "
 "style='background-color: rgba(0.0, 165.0, 0, 0.15); border-radius: 3px;' "
 "title='1.0'>_||>Product<||_html:</span>_||><||_html:<span "
 "style='background-color: rgba(0.0, 165.0, 0, 0.15); border-radius: 3px;' "
 'title=\'1.0\'>_||>",<||_html:</span>_||><||_html:<span '
 "style='background-color: rgba(0.0, 165.0, 0, 0.15); border-radius: 3px;' "
 "title='1.0'>_||>\n"
 "<||_html:</span>_||><||_html:<span style='background-color: rgba(0.0, 165.0, "
 "0, 0.15); border-radius: 3px;' title='1.0'>_||>     "
 "<||_html:</span>_||><||_html:<span style='background-color: rgba(0.0, 165.0, "
 "0, 0.15); border-radius: 3px;' title='1.0'>_||> "
 '"<||_html:</span>_||><||_html:<span style=\'background-color: rgba(0.0, '
 "165.0, 0, 0.15); border-radius: 3px;' "
 "title='1.0'>_||>change<||_html:</span>_||><||_html:<span "
 "style='background-color: rgba(0.0, 165.0, 0, 0.15); border-radius: 3px;' "
 'title=\'1.0\'>_||>":<||_html:</span>_||><||_html:<span '
 "style='background-color: rgba(0.0, 165.0, 0, 0.15); border-radius: 3px;' "
 'title=\'1.0\'>_||> "<||_html:</span>_||><||_html:<span '
 "style='background-color: rgba(0.0, 165.0, 0, 0.15); border-radius: 3px;' "
 "title='1.0'>_||>field<||_html:</span>_||><||_html:<span "
 "style='background-color: rgba(0.0, 165.0, 0, 0.15); border-radius: 3px;' "
 "title='1.0'>_||> details<||_html:</span>_||><||_html:<span "
 "style='background-color: rgba(0.0, 165.0, 0, 0.15); border-radius: 3px;' "
 "title='1.0'>_||> added<||_html:</span>_||><||_html:<span "
 "style='background-color: rgba(0.0, 165.0, 0, 0.15); border-radius: 3px;' "
 'title=\'1.0\'>_||>",<||_html:</span>_||><||_html:<span '
 "style='background-color: rgba(0.0, 165.0, 0, 0.15); border-radius: 3px;' "
 "title='1.0'>_||>\n"
 "<||_html:</span>_||><||_html:<span style='background-color: rgba(0.0, 165.0, "
 "0, 0.15); border-radius: 3px;' title='1.0'>_||>     "
 "<||_html:</span>_||><||_html:<span style='background-color: rgba(0.0, 165.0, "
 "0, 0.15); border-radius: 3px;' title='1.0'>_||> "
 '"<||_html:</span>_||><||_html:<span style=\'background-color: rgba(0.0, '
 "165.0, 0, 0.15); border-radius: 3px;' "
 "title='1.0'>_||>breaking<||_html:</span>_||><||_html:<span "
 "style='background-color: rgba(0.0, 165.0, 0, 0.15); border-radius: 3px;' "
 'title=\'1.0\'>_||>":<||_html:</span>_||><||_html:<span '
 "style='background-color: rgba(0.0, 165.0, 0, 0.15); border-radius: 3px;' "
 'title=\'1.0\'>_||> "<||_html:</span>_||><||_html:<span '
 "style='background-color: rgba(0.0, 165.0, 0, 0.15); border-radius: 3px;' "
 "title='1.0'>_||>false<||_html:</span>_||><||_html:<span "
 "style='background-color: rgba(0.0, 165.0, 0, 0.15); border-radius: 3px;' "
 'title=\'1.0\'>_||>",<||_html:</span>_||><||_html:<span '
 "style='background-color: rgba(0.0, 165.0, 0, 0.15); border-radius: 3px;' "
 "title='1.0'>_||>\n"
 "<||_html:</span>_||><||_html:<span style='background-color: rgba(0.0, 165.0, "
 "0, 0.15); border-radius: 3px;' title='1.0'>_||>     "
 "<||_html:</span>_||><||_html:<span style='background-color: rgba(0.0, 165.0, "
 "0, 0.15); border-radius: 3px;' title='1.0'>_||> "
 '"<||_html:</span>_||><||_html:<span style=\'background-color: rgba(0.0, '
 "165.0, 0, 0.15); border-radius: 3px;' "
 "title='1.0'>_||>release<||_html:</span>_||><||_html:<span "
 "style='background-color: rgba(0.0, 165.0, 0, 0.15); border-radius: 3px;' "
 "title='1.0'>_||>_<||_html:</span>_||><||_html:<span style='background-color: "
 "rgba(0.0, 165.0, 0, 0.15); border-radius: 3px;' "
 "title='1.0'>_||>note<||_html:</span>_||><||_html:<span "
 "style='background-color: rgba(0.0, 165.0, 0, 0.15); border-radius: 3px;' "
 'title=\'1.0\'>_||>":<||_html:</span>_||><||_html:<span '
 "style='background-color: rgba(0.0, 165.0, 0, 0.15); border-radius: 3px;' "
 'title=\'1.0\'>_||> "<||_html:</span>_||><||_html:<span '
 "style='background-color: rgba(0.0, 165.0, 0, 0.15); border-radius: 3px;' "
 "title='1.0'>_||>The<||_html:</span>_||><||_html:<span "
 "style='background-color: rgba(0.0, 165.0, 0, 0.15); border-radius: 3px;' "
 "title='1.0'>_||> '<||_html:</span>_||><||_html:<span "
 "style='background-color: rgba(0.0, 165.0, 0, 0.15); border-radius: 3px;' "
 "title='1.0'>_||>get<||_html:</span>_||><||_html:<span "
 "style='background-color: rgba(0.0, 165.0, 0, 0.15); border-radius: 3px;' "
 "title='1.0'>_||>Product<||_html:</span>_||><||_html:<span "
 "style='background-color: rgba(0.0, 165.0, 0, 0.15); border-radius: 3px;' "
 "title='1.0'>_||>'<||_html:</span>_||><||_html:<span style='background-color: "
 "rgba(0.0, 165.0, 0, 0.15); border-radius: 3px;' title='1.0'>_||> "
 "query<||_html:</span>_||><||_html:<span style='background-color: rgba(0.0, "
 "165.0, 0, 0.15); border-radius: 3px;' title='1.0'>_||> "
 "now<||_html:</span>_||><||_html:<span style='background-color: rgba(0.0, "
 "165.0, 0, 0.15); border-radius: 3px;' title='1.0'>_||> "
 "includes<||_html:</span>_||><||_html:<span style='background-color: "
 "rgba(0.0, 165.0, 0, 0.15); border-radius: 3px;' title='1.0'>_||> "
 "a<||_html:</span>_||><||_html:<span style='background-color: rgba(0.0, "
 "165.0, 0, 0.15); border-radius: 3px;' title='1.0'>_||> "
 "new<||_html:</span>_||><||_html:<span style='background-color: rgba(0.0, "
 "165.0, 0, 0.15); border-radius: 3px;' title='1.0'>_||> "
 "field<||_html:</span>_||><||_html:<span style='background-color: rgba(0.0, "
 "165.0, 0, 0.15); border-radius: 3px;' title='1.0'>_||> "
 "'<||_html:</span>_||><||_html:<span style='background-color: rgba(0.0, "
 "165.0, 0, 0.15); border-radius: 3px;' "
 "title='1.0'>_||>details<||_html:</span>_||><||_html:<span "
 "style='background-color: rgba(0.0, 165.0, 0, 0.15); border-radius: 3px;' "
 "title='1.0'>_||>'<||_html:</span>_||><||_html:<span style='background-color: "
 "rgba(0.0, 165.0, 0, 0.15); border-radius: 3px;' title='1.0'>_||> "
 "of<||_html:</span>_||><||_html:<span style='background-color: rgba(0.0, "
 "165.0, 0, 0.15); border-radius: 3px;' title='1.0'>_||> "
 "type<||_html:</span>_||><||_html:<span style='background-color: rgba(0.0, "
 "165.0, 0, 0.15); border-radius: 3px;' title='1.0'>_||> "
 "String<||_html:</span>_||><||_html:<span style='background-color: rgba(0.0, "
 "165.0, 0, 0.15); border-radius: 3px;' "
 'title=\'1.0\'>_||>."<||_html:</span>_||><||_html:<span '
 "style='background-color: rgba(0.0, 165.0, 0, 0.15); border-radius: 3px;' "
 "title='1.0'>_||>\n"
 "<||_html:</span>_||><||_html:<span style='background-color: rgba(0.0, 165.0, "
 "0, 0.15); border-radius: 3px;' title='1.0'>_||>   "
 "<||_html:</span>_||><||_html:<span style='background-color: rgba(0.0, 165.0, "
 "0, 0.15); border-radius: 3px;' title='1.0'>_||> "
 "},<||_html:</span>_||><||_html:<span style='background-color: rgba(0.0, "
 "165.0, 0, 0.15); border-radius: 3px;' title='1.0'>_||>\n"
 "<||_html:</span>_||><||_html:<span style='background-color: rgba(0.0, 165.0, "
 "0, 0.15); border-radius: 3px;' title='1.0'>_||>   "
 "<||_html:</span>_||><||_html:<span style='background-color: rgba(0.0, 165.0, "
 "0, 0.15); border-radius: 3px;' title='1.0'>_||> "
 "{<||_html:</span>_||><||_html:<span style='background-color: rgba(0.0, "
 "165.0, 0, 0.15); border-radius: 3px;' title='1.0'>_||>\n"
 "<||_html:</span>_||><||_html:<span style='background-color: rgba(0.0, 165.0, "
 "0, 0.15); border-radius: 3px;' title='1.0'>_||>     "
 "<||_html:</span>_||><||_html:<span style='background-color: rgba(0.0, 165.0, "
 "0, 0.15); border-radius: 3px;' title='1.0'>_||> "
 '"<||_html:</span>_||><||_html:<span style=\'background-color: rgba(0.0, '
 "165.0, 0, 0.15); border-radius: 3px;' "
 "title='1.0'>_||>type<||_html:</span>_||><||_html:<span "
 "style='background-color: rgba(0.0, 165.0, 0, 0.15); border-radius: 3px;' "
 'title=\'1.0\'>_||>":<||_html:</span>_||><||_html:<span '
 "style='background-color: rgba(0.0, 165.0, 0, 0.15); border-radius: 3px;' "
 'title=\'1.0\'>_||> "<||_html:</span>_||><||_html:<span '
 "style='background-color: rgba(0.0, 165.0, 0, 0.15); border-radius: 3px;' "
 "title='1.0'>_||>Product<||_html:</span>_||><||_html:<span "
 "style='background-color: rgba(0.0, 165.0, 0, 0.15); border-radius: 3px;' "
 'title=\'1.0\'>_||>",<||_html:</span>_||><||_html:<span '
 "style='background-color: rgba(0.0, 165.0, 0, 0.15); border-radius: 3px;' "
 "title='1.0'>_||>\n"
 "<||_html:</span>_||><||_html:<span style='background-color: rgba(0.0, 165.0, "
 "0, 0.15); border-radius: 3px;' title='1.0'>_||>     "
 "<||_html:</span>_||><||_html:<span style='background-color: rgba(0.0, 165.0, "
 "0, 0.15); border-radius: 3px;' title='1.0'>_||> "
 '"<||_html:</span>_||><||_html:<span style=\'background-color: rgba(0.0, '
 "165.0, 0, 0.15); border-radius: 3px;' "
 "title='1.0'>_||>field<||_html:</span>_||><||_html:<span "
 "style='background-color: rgba(0.0, 165.0, 0, 0.15); border-radius: 3px;' "
 'title=\'1.0\'>_||>":<||_html:</span>_||><||_html:<span '
 "style='background-color: rgba(0.0, 165.0, 0, 0.15); border-radius: 3px;' "
 'title=\'1.0\'>_||> "<||_html:</span>_||><||_html:<span '
 "style='background-color: rgba(0.0, 165.0, 0, 0.15); border-radius: 3px;' "
 "title='1.0'>_||>description<||_html:</span>_||><||_html:<span "
 "style='background-color: rgba(0.0, 165.0, 0, 0.15); border-radius: 3px;' "
 'title=\'1.0\'>_||>",<||_html:</span>_||><||_html:<span '
 "style='background-color: rgba(0.0, 165.0, 0, 0.15); border-radius: 3px;' "
 "title='1.0'>_||>\n"
 "<||_html:</span>_||><||_html:<span style='background-color: rgba(0.0, 165.0, "
 "0, 0.15); border-radius: 3px;' title='1.0'>_||>     "
 "<||_html:</span>_||><||_html:<span style='background-color: rgba(0.0, 165.0, "
 "0, 0.15); border-radius: 3px;' title='1.0'>_||> "
 '"<||_html:</span>_||><||_html:<span style=\'background-color: rgba(0.0, '
 "165.0, 0, 0.15); border-radius: 3px;' "
 "title='1.0'>_||>change<||_html:</span>_||><||_html:<span "
 "style='background-color: rgba(0.0, 165.0, 0, 0.15); border-radius: 3px;' "
 'title=\'1.0\'>_||>":<||_html:</span>_||><||_html:<span '
 "style='background-color: rgba(0.0, 165.0, 0, 0.15); border-radius: 3px;' "
 'title=\'1.0\'>_||> "<||_html:</span>_||><||_html:<span '
 "style='background-color: rgba(0.0, 165.0, 0, 0.15); border-radius: 3px;' "
 "title='1.0'>_||>field<||_html:</span>_||><||_html:<span "
 "style='background-color: rgba(0.0, 165.0, 0, 0.15); border-radius: 3px;' "
 "title='1.0'>_||> removed<||_html:</span>_||><||_html:<span "
 "style='background-color: rgba(0.0, 165.0, 0, 0.15); border-radius: 3px;' "
 'title=\'1.0\'>_||>",<||_html:</span>_||><||_html:<span '
 "style='background-color: rgba(0.0, 165.0, 0, 0.15); border-radius: 3px;' "
 "title='1.0'>_||>\n"
 "<||_html:</span>_||><||_html:<span style='background-color: rgba(0.0, 165.0, "
 "0, 0.15); border-radius: 3px;' title='1.0'>_||>     "
 "<||_html:</span>_||><||_html:<span style='background-color: rgba(0.0, 165.0, "
 "0, 0.15); border-radius: 3px;' title='1.0'>_||> "
 '"<||_html:</span>_||><||_html:<span style=\'background-color: rgba(0.0, '
 "165.0, 0, 0.15); border-radius: 3px;' "
 "title='1.0'>_||>breaking<||_html:</span>_||><||_html:<span "
 "style='background-color: rgba(0.0, 165.0, 0, 0.15); border-radius: 3px;' "
 'title=\'1.0\'>_||>":<||_html:</span>_||><||_html:<span '
 "style='background-color: rgba(0.0, 165.0, 0, 0.15); border-radius: 3px;' "
 'title=\'1.0\'>_||> "<||_html:</span>_||><||_html:<span '
 "style='background-color: rgba(0.0, 165.0, 0, 0.15); border-radius: 3px;' "
 "title='1.0'>_||>true<||_html:</span>_||><||_html:<span "
 "style='background-color: rgba(0.0, 165.0, 0, 0.15); border-radius: 3px;' "
 'title=\'1.0\'>_||>",<||_html:</span>_||><||_html:<span '
 "style='background-color: rgba(0.0, 165.0, 0, 0.15); border-radius: 3px;' "
 "title='1.0'>_||>\n"
 "<||_html:</span>_||><||_html:<span style='background-color: rgba(0.0, 165.0, "
 "0, 0.15); border-radius: 3px;' title='1.0'>_||>     "
 "<||_html:</span>_||><||_html:<span style='background-color: rgba(0.0, 165.0, "
 "0, 0.15); border-radius: 3px;' title='1.0'>_||> "
 '"<||_html:</span>_||><||_html:<span style=\'background-color: rgba(0.0, '
 "165.0, 0, 0.15); border-radius: 3px;' "
 "title='1.0'>_||>release<||_html:</span>_||><||_html:<span "
 "style='background-color: rgba(0.0, 165.0, 0, 0.15); border-radius: 3px;' "
 "title='1.0'>_||>_<||_html:</span>_||><||_html:<span style='background-color: "
 "rgba(0.0, 165.0, 0, 0.15); border-radius: 3px;' "
 "title='1.0'>_||>note<||_html:</span>_||><||_html:<span "
 "style='background-color: rgba(0.0, 165.0, 0, 0.15); border-radius: 3px;' "
 'title=\'1.0\'>_||>":<||_html:</span>_||><||_html:<span '
 "style='background-color: rgba(0.0, 165.0, 0, 0.15); border-radius: 3px;' "
 'title=\'1.0\'>_||> "<||_html:</span>_||><||_html:<span '
 "style='background-color: rgba(0.0, 165.0, 0, 0.15); border-radius: 3px;' "
 "title='1.0'>_||>The<||_html:</span>_||><||_html:<span "
 "style='background-color: rgba(0.0, 165.0, 0, 0.15); border-radius: 3px;' "
 "title='1.0'>_||> '<||_html:</span>_||><||_html:<span "
 "style='background-color: rgba(0.0, 165.0, 0, 0.15); border-radius: 3px;' "
 "title='1.0'>_||>Product<||_html:</span>_||><||_html:<span "
 "style='background-color: rgba(0.0, 165.0, 0, 0.15); border-radius: 3px;' "
 "title='1.0'>_||>'<||_html:</span>_||><||_html:<span style='background-color: "
 "rgba(0.0, 165.0, 0, 0.15); border-radius: 3px;' title='1.0'>_||> "
 "type<||_html:</span>_||><||_html:<span style='background-color: rgba(0.0, "
 "165.0, 0, 0.15); border-radius: 3px;' title='1.0'>_||> "
 "no<||_html:</span>_||><||_html:<span style='background-color: rgba(0.0, "
 "165.0, 0, 0.15); border-radius: 3px;' title='1.0'>_||> "
 "longer<||_html:</span>_||><||_html:<span style='background-color: rgba(0.0, "
 "165.0, 0, 0.15); border-radius: 3px;' title='1.0'>_||> "
 "includes<||_html:</span>_||><||_html:<span style='background-color: "
 "rgba(0.0, 165.0, 0, 0.15); border-radius: 3px;' title='1.0'>_||> "
 "the<||_html:</span>_||><||_html:<span style='background-color: rgba(0.0, "
 "165.0, 0, 0.15); border-radius: 3px;' title='1.0'>_||> "
 "'<||_html:</span>_||><||_html:<span style='background-color: rgba(0.0, "
 "165.0, 0, 0.15); border-radius: 3px;' "
 "title='1.0'>_||>description<||_html:</span>_||><||_html:<span "
 "style='background-color: rgba(0.0, 165.0, 0, 0.15); border-radius: 3px;' "
 "title='1.0'>_||>'<||_html:</span>_||><||_html:<span style='background-color: "
 "rgba(0.0, 165.0, 0, 0.15); border-radius: 3px;' title='1.0'>_||> "
 "field<||_html:</span>_||><||_html:<span style='background-color: rgba(0.0, "
 "165.0, 0, 0.15); border-radius: 3px;' "
 'title=\'1.0\'>_||>."<||_html:</span>_||><||_html:<span '
 "style='background-color: rgba(0.0, 165.0, 0, 0.15); border-radius: 3px;' "
 "title='1.0'>_||>\n"
 "<||_html:</span>_||><||_html:<span style='background-color: rgba(0.0, 165.0, "
 "0, 0.15); border-radius: 3px;' title='1.0'>_||>   "
 "<||_html:</span>_||><||_html:<span style='background-color: rgba(0.0, 165.0, "
 "0, 0.15); border-radius: 3px;' title='1.0'>_||> "
 "},<||_html:</span>_||><||_html:<span style='background-color: rgba(0.0, "
 "165.0, 0, 0.15); border-radius: 3px;' title='1.0'>_||>\n"
 "<||_html:</span>_||><||_html:<span style='background-color: rgba(0.0, 165.0, "
 "0, 0.15); border-radius: 3px;' title='1.0'>_||>   "
 "<||_html:</span>_||><||_html:<span style='background-color: rgba(0.0, 165.0, "
 "0, 0.15); border-radius: 3px;' title='1.0'>_||> "
 "{<||_html:</span>_||><||_html:<span style='background-color: rgba(0.0, "
 "165.0, 0, 0.15); border-radius: 3px;' title='1.0'>_||>\n"
 "<||_html:</span>_||><||_html:<span style='background-color: rgba(0.0, 165.0, "
 "0, 0.15); border-radius: 3px;' title='1.0'>_||>     "
 "<||_html:</span>_||><||_html:<span style='background-color: rgba(0.0, 165.0, "
 "0, 0.15); border-radius: 3px;' title='1.0'>_||> "
 '"<||_html:</span>_||><||_html:<span style=\'background-color: rgba(0.0, '
 "165.0, 0, 0.15); border-radius: 3px;' "
 "title='1.0'>_||>type<||_html:</span>_||><||_html:<span "
 "style='background-color: rgba(0.0, 165.0, 0, 0.15); border-radius: 3px;' "
 'title=\'1.0\'>_||>":<||_html:</span>_||><||_html:<span '
 "style='background-color: rgba(0.0, 165.0, 0, 0.15); border-radius: 3px;' "
 'title=\'1.0\'>_||> "<||_html:</span>_||><||_html:<span '
 "style='background-color: rgba(0.0, 165.0, 0, 0.15); border-radius: 3px;' "
 "title='1.0'>_||>Product<||_html:</span>_||><||_html:<span "
 "style='background-color: rgba(0.0, 165.0, 0, 0.15); border-radius: 3px;' "
 'title=\'1.0\'>_||>",<||_html:</span>_||><||_html:<span '
 "style='background-color: rgba(0.0, 165.0, 0, 0.15); border-radius: 3px;' "
 "title='1.0'>_||>\n"
 "<||_html:</span>_||><||_html:<span style='background-color: rgba(0.0, 165.0, "
 "0, 0.15); border-radius: 3px;' title='1.0'>_||>     "
 "<||_html:</span>_||><||_html:<span style='background-color: rgba(0.0, 165.0, "
 "0, 0.15); border-radius: 3px;' title='1.0'>_||> "
 '"<||_html:</span>_||><||_html:<span style=\'background-color: rgba(0.0, '
 "165.0, 0, 0.15); border-radius: 3px;' "
 "title='1.0'>_||>field<||_html:</span>_||><||_html:<span "
 "style='background-color: rgba(0.0, 165.0, 0, 0.15); border-radius: 3px;' "
 'title=\'1.0\'>_||>":<||_html:</span>_||><||_html:<span '
 "style='background-color: rgba(0.0, 165.0, 0, 0.15); border-radius: 3px;' "
 'title=\'1.0\'>_||> "<||_html:</span>_||><||_html:<span '
 "style='background-color: rgba(0.0, 165.0, 0, 0.15); border-radius: 3px;' "
 "title='1.0'>_||>stock<||_html:</span>_||><||_html:<span "
 "style='background-color: rgba(0.0, 165.0, 0, 0.15); border-radius: 3px;' "
 'title=\'1.0\'>_||>",<||_html:</span>_||><||_html:<span '
 "style='background-color: rgba(0.0, 165.0, 0, 0.15); border-radius: 3px;' "
 "title='1.0'>_||>\n"
 "<||_html:</span>_||><||_html:<span style='background-color: rgba(0.0, 165.0, "
 "0, 0.15); border-radius: 3px;' title='1.0'>_||>     "
 "<||_html:</span>_||><||_html:<span style='background-color: rgba(0.0, 165.0, "
 "0, 0.15); border-radius: 3px;' title='1.0'>_||> "
 '"<||_html:</span>_||><||_html:<span style=\'background-color: rgba(0.0, '
 "165.0, 0, 0.15); border-radius: 3px;' "
 "title='1.0'>_||>change<||_html:</span>_||><||_html:<span "
 "style='background-color: rgba(0.0, 165.0, 0, 0.15); border-radius: 3px;' "
 'title=\'1.0\'>_||>":<||_html:</span>_||><||_html:<span '
 "style='background-color: rgba(0.0, 165.0, 0, 0.15); border-radius: 3px;' "
 'title=\'1.0\'>_||> "<||_html:</span>_||><||_html:<span '
 "style='background-color: rgba(0.0, 165.0, 0, 0.15); border-radius: 3px;' "
 "title='1.0'>_||>field<||_html:</span>_||><||_html:<span "
 "style='background-color: rgba(0.0, 165.0, 0, 0.15); border-radius: 3px;' "
 "title='1.0'>_||> removed<||_html:</span>_||><||_html:<span "
 "style='background-color: rgba(0.0, 165.0, 0, 0.15); border-radius: 3px;' "
 'title=\'1.0\'>_||>",<||_html:</span>_||><||_html:<span '
 "style='background-color: rgba(0.0, 165.0, 0, 0.15); border-radius: 3px;' "
 "title='1.0'>_||>\n"
 "<||_html:</span>_||><||_html:<span style='background-color: rgba(0.0, 165.0, "
 "0, 0.15); border-radius: 3px;' title='1.0'>_||>     "
 "<||_html:</span>_||><||_html:<span style='background-color: rgba(0.0, 165.0, "
 "0, 0.15); border-radius: 3px;' title='1.0'>_||> "
 '"<||_html:</span>_||><||_html:<span style=\'background-color: rgba(0.0, '
 "165.0, 0, 0.15); border-radius: 3px;' "
 "title='1.0'>_||>breaking<||_html:</span>_||><||_html:<span "
 "style='background-color: rgba(0.0, 165.0, 0, 0.15); border-radius: 3px;' "
 'title=\'1.0\'>_||>":<||_html:</span>_||><||_html:<span '
 "style='background-color: rgba(0.0, 165.0, 0, 0.15); border-radius: 3px;' "
 'title=\'1.0\'>_||> "<||_html:</span>_||><||_html:<span '
 "style='background-color: rgba(0.0, 165.0, 0, 0.15); border-radius: 3px;' "
 "title='1.0'>_||>true<||_html:</span>_||><||_html:<span "
 "style='background-color: rgba(0.0, 165.0, 0, 0.15); border-radius: 3px;' "
 'title=\'1.0\'>_||>",<||_html:</span>_||><||_html:<span '
 "style='background-color: rgba(0.0, 165.0, 0, 0.15); border-radius: 3px;' "
 "title='1.0'>_||>\n"
 "<||_html:</span>_||><||_html:<span style='background-color: rgba(0.0, 165.0, "
 "0, 0.15); border-radius: 3px;' title='1.0'>_||>     "
 "<||_html:</span>_||><||_html:<span style='background-color: rgba(0.0, 165.0, "
 "0, 0.15); border-radius: 3px;' title='1.0'>_||> "
 '"<||_html:</span>_||><||_html:<span style=\'background-color: rgba(0.0, '
 "165.0, 0, 0.15); border-radius: 3px;' "
 "title='1.0'>_||>release<||_html:</span>_||><||_html:<span "
 "style='background-color: rgba(0.0, 165.0, 0, 0.15); border-radius: 3px;' "
 "title='1.0'>_||>_<||_html:</span>_||><||_html:<span style='background-color: "
 "rgba(0.0, 165.0, 0, 0.15); border-radius: 3px;' "
 "title='1.0'>_||>note<||_html:</span>_||><||_html:<span "
 "style='background-color: rgba(0.0, 165.0, 0, 0.15); border-radius: 3px;' "
 'title=\'1.0\'>_||>":<||_html:</span>_||><||_html:<span '
 "style='background-color: rgba(0.0, 165.0, 0, 0.15); border-radius: 3px;' "
 'title=\'1.0\'>_||> "<||_html:</span>_||><||_html:<span '
 "style='background-color: rgba(0.0, 165.0, 0, 0.15); border-radius: 3px;' "
 "title='1.0'>_||>The<||_html:</span>_||><||_html:<span "
 "style='background-color: rgba(0.0, 165.0, 0, 0.15); border-radius: 3px;' "
 "title='1.0'>_||> '<||_html:</span>_||><||_html:<span "
 "style='background-color: rgba(0.0, 165.0, 0, 0.15); border-radius: 3px;' "
 "title='1.0'>_||>Product<||_html:</span>_||><||_html:<span "
 "style='background-color: rgba(0.0, 165.0, 0, 0.15); border-radius: 3px;' "
 "title='1.0'>_||>'<||_html:</span>_||><||_html:<span style='background-color: "
 "rgba(0.0, 165.0, 0, 0.15); border-radius: 3px;' title='1.0'>_||> "
 "type<||_html:</span>_||><||_html:<span style='background-color: rgba(0.0, "
 "165.0, 0, 0.15); border-radius: 3px;' title='1.0'>_||> "
 "no<||_html:</span>_||><||_html:<span style='background-color: rgba(0.0, "
 "165.0, 0, 0.15); border-radius: 3px;' title='1.0'>_||> "
 "longer<||_html:</span>_||><||_html:<span style='background-color: rgba(0.0, "
 "165.0, 0, 0.15); border-radius: 3px;' title='1.0'>_||> "
 "includes<||_html:</span>_||><||_html:<span style='background-color: "
 "rgba(0.0, 165.0, 0, 0.15); border-radius: 3px;' title='1.0'>_||> "
 "the<||_html:</span>_||><||_html:<span style='background-color: rgba(0.0, "
 "165.0, 0, 0.15); border-radius: 3px;' title='1.0'>_||> "
 "'<||_html:</span>_||><||_html:<span style='background-color: rgba(0.0, "
 "165.0, 0, 0.15); border-radius: 3px;' "
 "title='1.0'>_||>stock<||_html:</span>_||><||_html:<span "
 "style='background-color: rgba(0.0, 165.0, 0, 0.15); border-radius: 3px;' "
 "title='1.0'>_||>'<||_html:</span>_||><||_html:<span style='background-color: "
 "rgba(0.0, 165.0, 0, 0.15); border-radius: 3px;' title='1.0'>_||> "
 "field<||_html:</span>_||><||_html:<span style='background-color: rgba(0.0, "
 "165.0, 0, 0.15); border-radius: 3px;' "
 'title=\'1.0\'>_||>."<||_html:</span>_||><||_html:<span '
 "style='background-color: rgba(0.0, 165.0, 0, 0.15); border-radius: 3px;' "
 "title='1.0'>_||>\n"
 "<||_html:</span>_||><||_html:<span style='background-color: rgba(0.0, 165.0, "
 "0, 0.15); border-radius: 3px;' title='1.0'>_||>   "
 "<||_html:</span>_||><||_html:<span style='background-color: rgba(0.0, 165.0, "
 "0, 0.15); border-radius: 3px;' title='1.0'>_||> "
 "}<||_html:</span>_||><||_html:<span style='background-color: rgba(0.0, "
 "165.0, 0, 0.15); border-radius: 3px;' title='1.0'>_||>\n"
 "<||_html:</span>_||><||_html:<span style='background-color: rgba(0.0, 165.0, "
 "0, 0.15); border-radius: 3px;' title='1.0'>_||> "
 "<||_html:</span>_||><||_html:<span style='background-color: rgba(0.0, 165.0, "
 "0, 0.15); border-radius: 3px;' title='1.0'>_||> "
 "],<||_html:</span>_||><||_html:<span style='background-color: rgba(0.0, "
 "165.0, 0, 0.15); border-radius: 3px;' title='1.0'>_||>\n"
 "<||_html:</span>_||><||_html:<span style='background-color: rgba(0.0, 165.0, "
 "0, 0.15); border-radius: 3px;' title='1.0'>_||> "
 "<||_html:</span>_||><||_html:<span style='background-color: rgba(0.0, 165.0, "
 "0, 0.15); border-radius: 3px;' title='1.0'>_||> "
 '"<||_html:</span>_||><||_html:<span style=\'background-color: rgba(0.0, '
 "165.0, 0, 0.15); border-radius: 3px;' "
 "title='1.0'>_||>release<||_html:</span>_||><||_html:<span "
 "style='background-color: rgba(0.0, 165.0, 0, 0.15); border-radius: 3px;' "
 "title='1.0'>_||>_<||_html:</span>_||><||_html:<span style='background-color: "
 "rgba(0.0, 165.0, 0, 0.15); border-radius: 3px;' "
 "title='1.0'>_||>notes<||_html:</span>_||><||_html:<span "
 "style='background-color: rgba(0.0, 165.0, 0, 0.15); border-radius: 3px;' "
 'title=\'1.0\'>_||>":<||_html:</span>_||><||_html:<span '
 "style='background-color: rgba(0.0, 165.0, 0, 0.15); border-radius: 3px;' "
 "title='1.0'>_||> {<||_html:</span>_||><||_html:<span "
 "style='background-color: rgba(0.0, 165.0, 0, 0.15); border-radius: 3px;' "
 "title='1.0'>_||>\n"
 "<||_html:</span>_||><||_html:<span style='background-color: rgba(0.0, 165.0, "
 "0, 0.15); border-radius: 3px;' title='1.0'>_||>   "
 "<||_html:</span>_||><||_html:<span style='background-color: rgba(0.0, 165.0, "
 "0, 0.15); border-radius: 3px;' title='1.0'>_||> "
 '"<||_html:</span>_||><||_html:<span style=\'background-color: rgba(0.0, '
 "165.0, 0, 0.15); border-radius: 3px;' "
 "title='1.0'>_||>summary<||_html:</span>_||><||_html:<span "
 "style='background-color: rgba(0.0, 165.0, 0, 0.15); border-radius: 3px;' "
 'title=\'1.0\'>_||>":<||_html:</span>_||><||_html:<span '
 "style='background-color: rgba(0.0, 165.0, 0, 0.15); border-radius: 3px;' "
 'title=\'1.0\'>_||> "<||_html:</span>_||><||_html:<span '
 "style='background-color: rgba(0.0, 165.0, 0, 0.15); border-radius: 3px;' "
 "title='1.0'>_||>The<||_html:</span>_||><||_html:<span "
 "style='background-color: rgba(0.0, 165.0, 0, 0.15); border-radius: 3px;' "
 "title='1.0'>_||> '<||_html:</span>_||><||_html:<span "
 "style='background-color: rgba(0.0, 165.0, 0, 0.15); border-radius: 3px;' "
 "title='1.0'>_||>get<||_html:</span>_||><||_html:<span "
 "style='background-color: rgba(0.0, 165.0, 0, 0.15); border-radius: 3px;' "
 "title='1.0'>_||>Product<||_html:</span>_||><||_html:<span "
 "style='background-color: rgba(0.0, 165.0, 0, 0.15); border-radius: 3px;' "
 "title='1.0'>_||>'<||_html:</span>_||><||_html:<span style='background-color: "
 "rgba(0.0, 165.0, 0, 0.15); border-radius: 3px;' title='1.0'>_||> "
 "query<||_html:</span>_||><||_html:<span style='background-color: rgba(0.0, "
 "165.0, 0, 0.15); border-radius: 3px;' title='1.0'>_||> "
 "now<||_html:</span>_||><||_html:<span style='background-color: rgba(0.0, "
 "165.0, 0, 0.15); border-radius: 3px;' title='1.0'>_||> "
 "includes<||_html:</span>_||><||_html:<span style='background-color: "
 "rgba(0.0, 165.0, 0, 0.15); border-radius: 3px;' title='1.0'>_||> "
 "a<||_html:</span>_||><||_html:<span style='background-color: rgba(0.0, "
 "165.0, 0, 0.15); border-radius: 3px;' title='1.0'>_||> "
 "new<||_html:</span>_||><||_html:<span style='background-color: rgba(0.0, "
 "165.0, 0, 0.15); border-radius: 3px;' title='1.0'>_||> "
 "field<||_html:</span>_||><||_html:<span style='background-color: rgba(0.0, "
 "165.0, 0, 0.15); border-radius: 3px;' title='1.0'>_||> "
 "'<||_html:</span>_||><||_html:<span style='background-color: rgba(0.0, "
 "165.0, 0, 0.15); border-radius: 3px;' "
 "title='1.0'>_||>details<||_html:</span>_||><||_html:<span "
 "style='background-color: rgba(0.0, 165.0, 0, 0.15); border-radius: 3px;' "
 "title='1.0'>_||>'<||_html:</span>_||><||_html:<span style='background-color: "
 "rgba(0.0, 165.0, 0, 0.15); border-radius: 3px;' title='1.0'>_||> "
 "of<||_html:</span>_||><||_html:<span style='background-color: rgba(0.0, "
 "165.0, 0, 0.15); border-radius: 3px;' title='1.0'>_||> "
 "type<||_html:</span>_||><||_html:<span style='background-color: rgba(0.0, "
 "165.0, 0, 0.15); border-radius: 3px;' title='1.0'>_||> "
 "String<||_html:</span>_||><||_html:<span style='background-color: rgba(0.0, "
 "165.0, 0, 0.15); border-radius: 3px;' "
 "title='1.0'>_||>.<||_html:</span>_||><||_html:<span style='background-color: "
 "rgba(0.0, 165.0, 0, 0.15); border-radius: 3px;' title='1.0'>_||> "
 "The<||_html:</span>_||><||_html:<span style='background-color: rgba(0.0, "
 "165.0, 0, 0.15); border-radius: 3px;' title='1.0'>_||> "
 "'<||_html:</span>_||><||_html:<span style='background-color: rgba(0.0, "
 "165.0, 0, 0.15); border-radius: 3px;' "
 "title='1.0'>_||>Product<||_html:</span>_||><||_html:<span "
 "style='background-color: rgba(0.0, 165.0, 0, 0.15); border-radius: 3px;' "
 "title='1.0'>_||>'<||_html:</span>_||><||_html:<span style='background-color: "
 "rgba(0.0, 165.0, 0, 0.15); border-radius: 3px;' title='1.0'>_||> "
 "type<||_html:</span>_||><||_html:<span style='background-color: rgba(0.0, "
 "165.0, 0, 0.15); border-radius: 3px;' title='1.0'>_||> "
 "no<||_html:</span>_||><||_html:<span style='background-color: rgba(0.0, "
 "165.0, 0, 0.15); border-radius: 3px;' title='1.0'>_||> "
 "longer<||_html:</span>_||><||_html:<span style='background-color: rgba(0.0, "
 "165.0, 0, 0.15); border-radius: 3px;' title='1.0'>_||> "
 "includes<||_html:</span>_||><||_html:<span style='background-color: "
 "rgba(0.0, 165.0, 0, 0.15); border-radius: 3px;' title='1.0'>_||> "
 "the<||_html:</span>_||><||_html:<span style='background-color: rgba(0.0, "
 "165.0, 0, 0.15); border-radius: 3px;' title='1.0'>_||> "
 "'<||_html:</span>_||><||_html:<span style='background-color: rgba(0.0, "
 "165.0, 0, 0.15); border-radius: 3px;' "
 "title='1.0'>_||>description<||_html:</span>_||><||_html:<span "
 "style='background-color: rgba(0.0, 165.0, 0, 0.15); border-radius: 3px;' "
 "title='1.0'>_||>'<||_html:</span>_||><||_html:<span style='background-color: "
 "rgba(0.0, 165.0, 0, 0.15); border-radius: 3px;' title='1.0'>_||> "
 "and<||_html:</span>_||><||_html:<span style='background-color: rgba(0.0, "
 "165.0, 0, 0.15); border-radius: 3px;' title='1.0'>_||> "
 "'<||_html:</span>_||><||_html:<span style='background-color: rgba(0.0, "
 "165.0, 0, 0.15); border-radius: 3px;' "
 "title='1.0'>_||>stock<||_html:</span>_||><||_html:<span "
 "style='background-color: rgba(0.0, 165.0, 0, 0.15); border-radius: 3px;' "
 "title='1.0'>_||>'<||_html:</span>_||><||_html:<span style='background-color: "
 "rgba(0.0, 165.0, 0, 0.15); border-radius: 3px;' title='1.0'>_||> "
 "fields<||_html:</span>_||><||_html:<span style='background-color: rgba(0.0, "
 "165.0, 0, 0.15); border-radius: 3px;' "
 'title=\'1.0\'>_||>."<||_html:</span>_||><||_html:<span '
 "style='background-color: rgba(0.0, 165.0, 0, 0.15); border-radius: 3px;' "
 "title='1.0'>_||>\n"
 "<||_html:</span>_||><||_html:<span style='background-color: rgba(0.0, 165.0, "
 "0, 0.15); border-radius: 3px;' title='1.0'>_||> "
 "<||_html:</span>_||><||_html:<span style='background-color: rgba(0.0, 165.0, "
 "0, 0.15); border-radius: 3px;' title='1.0'>_||> "
 "}<||_html:</span>_||><||_html:<span style='background-color: rgba(0.0, "
 "165.0, 0, 0.15); border-radius: 3px;' title='1.0'>_||>\n"
 "<||_html:</span>_||><||_html:<span style='background-color: rgba(0.0, 165.0, "
 "0, 0.15); border-radius: 3px;' "
 'title=\'1.0\'>_||>}<||_html:</span>_||>{"changes":<||_html:<span '
 "style='background-color: rgba(0.0, 165.0, 0, 0.15); border-radius: 3px;' "
 "title='1.0'>_||>[<||_html:</span>_||><||_html:<span style='background-color: "
 "rgba(0.0, 165.0, 0, 0.15); border-radius: 3px;' "
 'title=\'1.0\'>_||>{"<||_html:</span>_||>type<||_html:<span '
 "style='background-color: rgba(0.0, 165.0, 0, 0.15); border-radius: 3px;' "
 'title=\'1.0\'>_||>":"<||_html:</span>_||><||_html:<span '
 "style='background-color: rgba(0.0, 165.0, 0, 0.15); border-radius: 3px;' "
 "title='1.0'>_||>Query<||_html:</span>_||><||_html:<span "
 "style='background-color: rgba(0.0, 165.0, 0, 0.15); border-radius: 3px;' "
 'title=\'1.0\'>_||>","<||_html:</span>_||>field<||_html:<span '
 "style='background-color: rgba(0.0, 165.0, 0, 0.15); border-radius: 3px;' "
 'title=\'1.0\'>_||>":"<||_html:</span>_||><||_html:<span '
 "style='background-color: rgba(0.0, 165.0, 0, 0.15); border-radius: 3px;' "
 "title='1.0'>_||>get<||_html:</span>_||><||_html:<span "
 "style='background-color: rgba(0.0, 165.0, 0, 0.15); border-radius: 3px;' "
 "title='1.0'>_||>Product<||_html:</span>_||><||_html:<span "
 "style='background-color: rgba(0.0, 165.0, 0, 0.15); border-radius: 3px;' "
 'title=\'1.0\'>_||>","<||_html:</span>_||>change<||_html:<span '
 "style='background-color: rgba(0.0, 165.0, 0, 0.15); border-radius: 3px;' "
 'title=\'1.0\'>_||>":"<||_html:</span>_||><||_html:<span '
 "style='background-color: rgba(0.0, 165.0, 0, 0.15); border-radius: 3px;' "
 "title='1.0'>_||>field<||_html:</span>_||><||_html:<span "
 "style='background-color: rgba(0.0, 165.0, 0, 0.15); border-radius: 3px;' "
 "title='1.0'>_||> details<||_html:</span>_||><||_html:<span "
 "style='background-color: rgba(0.0, 165.0, 0, 0.15); border-radius: 3px;' "
 "title='1.0'>_||> added<||_html:</span>_||><||_html:<span "
 "style='background-color: rgba(0.0, 165.0, 0, 0.15); border-radius: 3px;' "
 'title=\'1.0\'>_||>","<||_html:</span>_||>breaking<||_html:<span '
 "style='background-color: rgba(0.0, 165.0, 0, 0.15); border-radius: 3px;' "
 'title=\'1.0\'>_||>":<||_html:</span>_||><||_html:<span '
 "style='background-color: rgba(0.0, 165.0, 0, 0.15); border-radius: 3px;' "
 'title=\'1.0\'>_||>false<||_html:</span>_||>,"release_note<||_html:<span '
 "style='background-color: rgba(0.0, 165.0, 0, 0.15); border-radius: 3px;' "
 'title=\'1.0\'>_||>":"<||_html:</span>_||><||_html:<span '
 "style='background-color: rgba(0.0, 165.0, 0, 0.15); border-radius: 3px;' "
 "title='1.0'>_||>The<||_html:</span>_||><||_html:<span "
 "style='background-color: rgba(0.0, 165.0, 0, 0.15); border-radius: 3px;' "
 "title='1.0'>_||> '<||_html:</span>_||><||_html:<span "
 "style='background-color: rgba(0.0, 165.0, 0, 0.15); border-radius: 3px;' "
 "title='1.0'>_||>get<||_html:</span>_||><||_html:<span "
 "style='background-color: rgba(0.0, 165.0, 0, 0.15); border-radius: 3px;' "
 "title='1.0'>_||>Product<||_html:</span>_||><||_html:<span "
 "style='background-color: rgba(0.0, 165.0, 0, 0.15); border-radius: 3px;' "
 "title='1.0'>_||>'<||_html:</span>_||><||_html:<span style='background-color: "
 "rgba(0.0, 165.0, 0, 0.15); border-radius: 3px;' title='1.0'>_||> "
 "query<||_html:</span>_||><||_html:<span style='background-color: rgba(0.0, "
 "165.0, 0, 0.15); border-radius: 3px;' title='1.0'>_||> "
 "now<||_html:</span>_||><||_html:<span style='background-color: rgba(0.0, "
 "165.0, 0, 0.15); border-radius: 3px;' title='1.0'>_||> "
 "includes<||_html:</span>_||><||_html:<span style='background-color: "
 "rgba(0.0, 165.0, 0, 0.15); border-radius: 3px;' title='1.0'>_||> "
 "a<||_html:</span>_||><||_html:<span style='background-color: rgba(0.0, "
 "165.0, 0, 0.15); border-radius: 3px;' title='1.0'>_||> "
 "new<||_html:</span>_||><||_html:<span style='background-color: rgba(0.0, "
 "165.0, 0, 0.15); border-radius: 3px;' title='1.0'>_||> "
 "field<||_html:</span>_||><||_html:<span style='background-color: rgba(0.0, "
 "165.0, 0, 0.15); border-radius: 3px;' title='1.0'>_||> "
 "'<||_html:</span>_||><||_html:<span style='background-color: rgba(0.0, "
 "165.0, 0, 0.15); border-radius: 3px;' "
 "title='1.0'>_||>details<||_html:</span>_||><||_html:<span "
 "style='background-color: rgba(0.0, 165.0, 0, 0.15); border-radius: 3px;' "
 "title='1.0'>_||>'<||_html:</span>_||><||_html:<span style='background-color: "
 "rgba(0.0, 165.0, 0, 0.15); border-radius: 3px;' title='1.0'>_||> "
 "of<||_html:</span>_||><||_html:<span style='background-color: rgba(0.0, "
 "165.0, 0, 0.15); border-radius: 3px;' title='1.0'>_||> "
 "type<||_html:</span>_||><||_html:<span style='background-color: rgba(0.0, "
 "165.0, 0, 0.15); border-radius: 3px;' title='1.0'>_||> "
 "String<||_html:</span>_||><||_html:<span style='background-color: rgba(0.0, "
 "165.0, 0, 0.15); border-radius: 3px;' "
 'title=\'1.0\'>_||>."<||_html:</span>_||><||_html:<span '
 "style='background-color: rgba(0.0, 165.0, 0, 0.15); border-radius: 3px;' "
 'title=\'1.0\'>_||>},<||_html:</span>_||>{"type<||_html:<span '
 "style='background-color: rgba(0.0, 165.0, 0, 0.15); border-radius: 3px;' "
 'title=\'1.0\'>_||>":"<||_html:</span>_||><||_html:<span '
 "style='background-color: rgba(0.0, 165.0, 0, 0.15); border-radius: 3px;' "
 "title='1.0'>_||>Product<||_html:</span>_||><||_html:<span "
 "style='background-color: rgba(0.0, 165.0, 0, 0.15); border-radius: 3px;' "
 'title=\'1.0\'>_||>","<||_html:</span>_||>field<||_html:<span '
 "style='background-color: rgba(0.0, 165.0, 0, 0.15); border-radius: 3px;' "
 'title=\'1.0\'>_||>":"<||_html:</span>_||><||_html:<span '
 "style='background-color: rgba(0.0, 165.0, 0, 0.15); border-radius: 3px;' "
 "title='1.0'>_||>description<||_html:</span>_||><||_html:<span "
 "style='background-color: rgba(0.0, 165.0, 0, 0.15); border-radius: 3px;' "
 'title=\'1.0\'>_||>","<||_html:</span>_||>change<||_html:<span '
 "style='background-color: rgba(0.0, 165.0, 0, 0.15); border-radius: 3px;' "
 'title=\'1.0\'>_||>":"<||_html:</span>_||><||_html:<span '
 "style='background-color: rgba(0.0, 165.0, 0, 0.15); border-radius: 3px;' "
 "title='1.0'>_||>field<||_html:</span>_||><||_html:<span "
 "style='background-color: rgba(0.0, 165.0, 0, 0.15); border-radius: 3px;' "
 "title='1.0'>_||> removed<||_html:</span>_||><||_html:<span "
 "style='background-color: rgba(0.0, 165.0, 0, 0.15); border-radius: 3px;' "
 'title=\'1.0\'>_||>","<||_html:</span>_||>breaking<||_html:<span '
 "style='background-color: rgba(0.0, 165.0, 0, 0.15); border-radius: 3px;' "
 'title=\'1.0\'>_||>":<||_html:</span>_||><||_html:<span '
 "style='background-color: rgba(0.0, 165.0, 0, 0.15); border-radius: 3px;' "
 'title=\'1.0\'>_||>true<||_html:</span>_||>,"release_note<||_html:<span '
 "style='background-color: rgba(0.0, 165.0, 0, 0.15); border-radius: 3px;' "
 'title=\'1.0\'>_||>":"<||_html:</span>_||><||_html:<span '
 "style='background-color: rgba(0.0, 165.0, 0, 0.15); border-radius: 3px;' "
 "title='1.0'>_||>The<||_html:</span>_||><||_html:<span "
 "style='background-color: rgba(0.0, 165.0, 0, 0.15); border-radius: 3px;' "
 "title='1.0'>_||> '<||_html:</span>_||><||_html:<span "
 "style='background-color: rgba(0.0, 165.0, 0, 0.15); border-radius: 3px;' "
 "title='1.0'>_||>Product<||_html:</span>_||><||_html:<span "
 "style='background-color: rgba(0.0, 165.0, 0, 0.15); border-radius: 3px;' "
 "title='1.0'>_||>'<||_html:</span>_||><||_html:<span style='background-color: "
 "rgba(0.0, 165.0, 0, 0.15); border-radius: 3px;' title='1.0'>_||> "
 "type<||_html:</span>_||><||_html:<span style='background-color: rgba(0.0, "
 "165.0, 0, 0.15); border-radius: 3px;' title='1.0'>_||> "
 "no<||_html:</span>_||><||_html:<span style='background-color: rgba(0.0, "
 "165.0, 0, 0.15); border-radius: 3px;' title='1.0'>_||> "
 "longer<||_html:</span>_||><||_html:<span style='background-color: rgba(0.0, "
 "165.0, 0, 0.15); border-radius: 3px;' title='1.0'>_||> "
 "includes<||_html:</span>_||><||_html:<span style='background-color: "
 "rgba(0.0, 165.0, 0, 0.15); border-radius: 3px;' title='1.0'>_||> "
 "the<||_html:</span>_||><||_html:<span style='background-color: rgba(0.0, "
 "165.0, 0, 0.15); border-radius: 3px;' title='1.0'>_||> "
 "'<||_html:</span>_||><||_html:<span style='background-color: rgba(0.0, "
 "165.0, 0, 0.15); border-radius: 3px;' "
 "title='1.0'>_||>description<||_html:</span>_||><||_html:<span "
 "style='background-color: rgba(0.0, 165.0, 0, 0.15); border-radius: 3px;' "
 "title='1.0'>_||>'<||_html:</span>_||><||_html:<span style='background-color: "
 "rgba(0.0, 165.0, 0, 0.15); border-radius: 3px;' title='1.0'>_||> "
 "field<||_html:</span>_||><||_html:<span style='background-color: rgba(0.0, "
 "165.0, 0, 0.15); border-radius: 3px;' "
 'title=\'1.0\'>_||>."<||_html:</span>_||><||_html:<span '
 "style='background-color: rgba(0.0, 165.0, 0, 0.15); border-radius: 3px;' "
 'title=\'1.0\'>_||>},<||_html:</span>_||>{"type<||_html:<span '
 "style='background-color: rgba(0.0, 165.0, 0, 0.15); border-radius: 3px;' "
 'title=\'1.0\'>_||>":"<||_html:</span>_||><||_html:<span '
 "style='background-color: rgba(0.0, 165.0, 0, 0.15); border-radius: 3px;' "
 "title='1.0'>_||>Product<||_html:</span>_||><||_html:<span "
 "style='background-color: rgba(0.0, 165.0, 0, 0.15); border-radius: 3px;' "
 'title=\'1.0\'>_||>","<||_html:</span>_||>field<||_html:<span '
 "style='background-color: rgba(0.0, 165.0, 0, 0.15); border-radius: 3px;' "
 'title=\'1.0\'>_||>":"<||_html:</span>_||><||_html:<span '
 "style='background-color: rgba(0.0, 165.0, 0, 0.15); border-radius: 3px;' "
 "title='1.0'>_||>stock<||_html:</span>_||><||_html:<span "
 "style='background-color: rgba(0.0, 165.0, 0, 0.15); border-radius: 3px;' "
 'title=\'1.0\'>_||>","<||_html:</span>_||>change<||_html:<span '
 "style='background-color: rgba(0.0, 165.0, 0, 0.15); border-radius: 3px;' "
 'title=\'1.0\'>_||>":"<||_html:</span>_||><||_html:<span '
 "style='background-color: rgba(0.0, 165.0, 0, 0.15); border-radius: 3px;' "
 "title='1.0'>_||>field<||_html:</span>_||><||_html:<span "
 "style='background-color: rgba(0.0, 165.0, 0, 0.15); border-radius: 3px;' "
 "title='1.0'>_||> removed<||_html:</span>_||><||_html:<span "
 "style='background-color: rgba(0.0, 165.0, 0, 0.15); border-radius: 3px;' "
 'title=\'1.0\'>_||>","<||_html:</span>_||>breaking<||_html:<span '
 "style='background-color: rgba(0.0, 165.0, 0, 0.15); border-radius: 3px;' "
 'title=\'1.0\'>_||>":<||_html:</span>_||><||_html:<span '
 "style='background-color: rgba(0.0, 165.0, 0, 0.15); border-radius: 3px;' "
 'title=\'1.0\'>_||>true<||_html:</span>_||>,"release_note<||_html:<span '
 "style='background-color: rgba(0.0, 165.0, 0, 0.15); border-radius: 3px;' "
 'title=\'1.0\'>_||>":"<||_html:</span>_||><||_html:<span '
 "style='background-color: rgba(0.0, 165.0, 0, 0.15); border-radius: 3px;' "
 "title='1.0'>_||>The<||_html:</span>_||><||_html:<span "
 "style='background-color: rgba(0.0, 165.0, 0, 0.15); border-radius: 3px;' "
 "title='1.0'>_||> '<||_html:</span>_||><||_html:<span "
 "style='background-color: rgba(0.0, 165.0, 0, 0.15); border-radius: 3px;' "
 "title='1.0'>_||>Product<||_html:</span>_||><||_html:<span "
 "style='background-color: rgba(0.0, 165.0, 0, 0.15); border-radius: 3px;' "
 "title='1.0'>_||>'<||_html:</span>_||><||_html:<span style='background-color: "
 "rgba(0.0, 165.0, 0, 0.15); border-radius: 3px;' title='1.0'>_||> "
 "type<||_html:</span>_||><||_html:<span style='background-color: rgba(0.0, "
 "165.0, 0, 0.15); border-radius: 3px;' title='1.0'>_||> "
 "no<||_html:</span>_||><||_html:<span style='background-color: rgba(0.0, "
 "165.0, 0, 0.15); border-radius: 3px;' title='1.0'>_||> "
 "longer<||_html:</span>_||><||_html:<span style='background-color: rgba(0.0, "
 "165.0, 0, 0.15); border-radius: 3px;' title='1.0'>_||> "
 "includes<||_html:</span>_||><||_html:<span style='background-color: "
 "rgba(0.0, 165.0, 0, 0.15); border-radius: 3px;' title='1.0'>_||> "
 "the<||_html:</span>_||><||_html:<span style='background-color: rgba(0.0, "
 "165.0, 0, 0.15); border-radius: 3px;' title='1.0'>_||> "
 "'<||_html:</span>_||><||_html:<span style='background-color: rgba(0.0, "
 "165.0, 0, 0.15); border-radius: 3px;' "
 "title='1.0'>_||>stock<||_html:</span>_||><||_html:<span "
 "style='background-color: rgba(0.0, 165.0, 0, 0.15); border-radius: 3px;' "
 "title='1.0'>_||>'<||_html:</span>_||><||_html:<span style='background-color: "
 "rgba(0.0, 165.0, 0, 0.15); border-radius: 3px;' title='1.0'>_||> "
 "field<||_html:</span>_||><||_html:<span style='background-color: rgba(0.0, "
 "165.0, 0, 0.15); border-radius: 3px;' "
 'title=\'1.0\'>_||>."<||_html:</span>_||><||_html:<span '
 "style='background-color: rgba(0.0, 165.0, 0, 0.15); border-radius: 3px;' "
 'title=\'1.0\'>_||>}]<||_html:</span>_||>,"release_notes":{"summary<||_html:<span '
 "style='background-color: rgba(0.0, 165.0, 0, 0.15); border-radius: 3px;' "
 'title=\'1.0\'>_||>":"<||_html:</span>_||><||_html:<span '
 "style='background-color: rgba(0.0, 165.0, 0, 0.15); border-radius: 3px;' "
 "title='1.0'>_||>The<||_html:</span>_||><||_html:<span "
 "style='background-color: rgba(0.0, 165.0, 0, 0.15); border-radius: 3px;' "
 "title='1.0'>_||> '<||_html:</span>_||><||_html:<span "
 "style='background-color: rgba(0.0, 165.0, 0, 0.15); border-radius: 3px;' "
 "title='1.0'>_||>get<||_html:</span>_||><||_html:<span "
 "style='background-color: rgba(0.0, 165.0, 0, 0.15); border-radius: 3px;' "
 "title='1.0'>_||>Product<||_html:</span>_||><||_html:<span "
 "style='background-color: rgba(0.0, 165.0, 0, 0.15); border-radius: 3px;' "
 "title='1.0'>_||>'<||_html:</span>_||><||_html:<span style='background-color: "
 "rgba(0.0, 165.0, 0, 0.15); border-radius: 3px;' title='1.0'>_||> "
 "query<||_html:</span>_||><||_html:<span style='background-color: rgba(0.0, "
 "165.0, 0, 0.15); border-radius: 3px;' title='1.0'>_||> "
 "now<||_html:</span>_||><||_html:<span style='background-color: rgba(0.0, "
 "165.0, 0, 0.15); border-radius: 3px;' title='1.0'>_||> "
 "includes<||_html:</span>_||><||_html:<span style='background-color: "
 "rgba(0.0, 165.0, 0, 0.15); border-radius: 3px;' title='1.0'>_||> "
 "a<||_html:</span>_||><||_html:<span style='background-color: rgba(0.0, "
 "165.0, 0, 0.15); border-radius: 3px;' title='1.0'>_||> "
 "new<||_html:</span>_||><||_html:<span style='background-color: rgba(0.0, "
 "165.0, 0, 0.15); border-radius: 3px;' title='1.0'>_||> "
 "field<||_html:</span>_||><||_html:<span style='background-color: rgba(0.0, "
 "165.0, 0, 0.15); border-radius: 3px;' title='1.0'>_||> "
 "'<||_html:</span>_||><||_html:<span style='background-color: rgba(0.0, "
 "165.0, 0, 0.15); border-radius: 3px;' "
 "title='1.0'>_||>details<||_html:</span>_||><||_html:<span "
 "style='background-color: rgba(0.0, 165.0, 0, 0.15); border-radius: 3px;' "
 "title='1.0'>_||>'<||_html:</span>_||><||_html:<span style='background-color: "
 "rgba(0.0, 165.0, 0, 0.15); border-radius: 3px;' title='1.0'>_||> "
 "of<||_html:</span>_||><||_html:<span style='background-color: rgba(0.0, "
 "165.0, 0, 0.15); border-radius: 3px;' title='1.0'>_||> "
 "type<||_html:</span>_||><||_html:<span style='background-color: rgba(0.0, "
 "165.0, 0, 0.15); border-radius: 3px;' title='1.0'>_||> "
 "String<||_html:</span>_||><||_html:<span style='background-color: rgba(0.0, "
 "165.0, 0, 0.15); border-radius: 3px;' "
 "title='1.0'>_||>.<||_html:</span>_||><||_html:<span style='background-color: "
 "rgba(0.0, 165.0, 0, 0.15); border-radius: 3px;' title='1.0'>_||> "
 "The<||_html:</span>_||><||_html:<span style='background-color: rgba(0.0, "
 "165.0, 0, 0.15); border-radius: 3px;' title='1.0'>_||> "
 "'<||_html:</span>_||><||_html:<span style='background-color: rgba(0.0, "
 "165.0, 0, 0.15); border-radius: 3px;' "
 "title='1.0'>_||>Product<||_html:</span>_||><||_html:<span "
 "style='background-color: rgba(0.0, 165.0, 0, 0.15); border-radius: 3px;' "
 "title='1.0'>_||>'<||_html:</span>_||><||_html:<span style='background-color: "
 "rgba(0.0, 165.0, 0, 0.15); border-radius: 3px;' title='1.0'>_||> "
 "type<||_html:</span>_||><||_html:<span style='background-color: rgba(0.0, "
 "165.0, 0, 0.15); border-radius: 3px;' title='1.0'>_||> "
 "no<||_html:</span>_||><||_html:<span style='background-color: rgba(0.0, "
 "165.0, 0, 0.15); border-radius: 3px;' title='1.0'>_||>")
('Analyze the following two GraphQL schemas for changes, including both '
 'breaking and non-breaking changes.\n'
 '\n'
 '                        Provide your analysis in the following JSON format:\n'
 '                        {\n'
 '                          "changes": [\n'
 '                            {\n'
 '                              "type": "String representing the GraphQL type '
 '(e.g., Query, Mutation, Subscription)",\n'
 '                              "field": "String representing the specific '
 'field that changed",\n'
 '                              "change": "String describing the change (e.g., '
 'field renamed, new field added, field removed)",\n'
 '                              "breaking": "Boolean indicating if the change '
 'is breaking (true) or non-breaking (false)",\n'
 '                              "release_note": "String with a natural '
 'language description of the change for release notes"\n'
 '                            }\n'
 '                          ],\n'
 '                          "release_notes": {\n'
 '                              "summary": "String summarizing all changes, '
 'suitable for a mailing list or public announcement"\n'
 '                          }\n'
 '                        }\n'
 '\n'
 '                        When analyzing, consider the following types of '
 'changes:\n'
 '                        1. Removing fields or types (breaking)\n'
 '                        2. Changing field types (potentially breaking)\n'
 '                        3. Adding required fields (breaking)\n'
 '                        4. Changing the type of existing arguments '
 '(breaking)\n'
 '                        5. Adding optional fields (non-breaking)\n'
 '                        6. Adding new types (non-breaking)\n'
 '                        7. Deprecating fields (non-breaking)\n'
 '\n'
 '                        Ensure that each change is categorized correctly as '
 'breaking or non-breaking.: type Query {\n'
 '  getProduct(id: ID!): Product\n'
 '}\n'
 '\n'
 'type Product {\n'
 '  id: ID\n'
 '  name: String\n'
 '  description: String\n'
 '  price: Float\n'
 '  stock: Int\n'
 '}\n'
 ', type Query {\n'
 '  getProduct(id: ID!): Product\n'
 '}\n'
 '\n'
 'type Product {\n'
 '  id: ID\n'
 '  name: String\n'
 '  details: String\n'
 '  price: Float\n'
 '}\n'
 '\n'
 "Answer:<||_html:<span style='background-color: rgba(0.0, 165.0, 0, 0.15); "
 "border-radius: 3px;' title='1.0'>_||> {<||_html:</span>_||><||_html:<span "
 "style='background-color: rgba(0.0, 165.0, 0, 0.15); border-radius: 3px;' "
 "title='1.0'>_||>\n"
 "<||_html:</span>_||><||_html:<span style='background-color: rgba(0.0, 165.0, "
 "0, 0.15); border-radius: 3px;' title='1.0'>_||> "
 "<||_html:</span>_||><||_html:<span style='background-color: rgba(0.0, 165.0, "
 "0, 0.15); border-radius: 3px;' title='1.0'>_||> "
 '"<||_html:</span>_||><||_html:<span style=\'background-color: rgba(0.0, '
 "165.0, 0, 0.15); border-radius: 3px;' "
 "title='1.0'>_||>changes<||_html:</span>_||><||_html:<span "
 "style='background-color: rgba(0.0, 165.0, 0, 0.15); border-radius: 3px;' "
 'title=\'1.0\'>_||>":<||_html:</span>_||><||_html:<span '
 "style='background-color: rgba(0.0, 165.0, 0, 0.15); border-radius: 3px;' "
 "title='1.0'>_||> [<||_html:</span>_||><||_html:<span "
 "style='background-color: rgba(0.0, 165.0, 0, 0.15); border-radius: 3px;' "
 "title='1.0'>_||>\n"
 "<||_html:</span>_||><||_html:<span style='background-color: rgba(0.0, 165.0, "
 "0, 0.15); border-radius: 3px;' title='1.0'>_||>   "
 "<||_html:</span>_||><||_html:<span style='background-color: rgba(0.0, 165.0, "
 "0, 0.15); border-radius: 3px;' title='1.0'>_||> "
 "{<||_html:</span>_||><||_html:<span style='background-color: rgba(0.0, "
 "165.0, 0, 0.15); border-radius: 3px;' title='1.0'>_||>\n"
 "<||_html:</span>_||><||_html:<span style='background-color: rgba(0.0, 165.0, "
 "0, 0.15); border-radius: 3px;' title='1.0'>_||>     "
 "<||_html:</span>_||><||_html:<span style='background-color: rgba(0.0, 165.0, "
 "0, 0.15); border-radius: 3px;' title='1.0'>_||> "
 '"<||_html:</span>_||><||_html:<span style=\'background-color: rgba(0.0, '
 "165.0, 0, 0.15); border-radius: 3px;' "
 "title='1.0'>_||>type<||_html:</span>_||><||_html:<span "
 "style='background-color: rgba(0.0, 165.0, 0, 0.15); border-radius: 3px;' "
 'title=\'1.0\'>_||>":<||_html:</span>_||><||_html:<span '
 "style='background-color: rgba(0.0, 165.0, 0, 0.15); border-radius: 3px;' "
 'title=\'1.0\'>_||> "<||_html:</span>_||><||_html:<span '
 "style='background-color: rgba(0.0, 165.0, 0, 0.15); border-radius: 3px;' "
 "title='1.0'>_||>Query<||_html:</span>_||><||_html:<span "
 "style='background-color: rgba(0.0, 165.0, 0, 0.15); border-radius: 3px;' "
 'title=\'1.0\'>_||>",<||_html:</span>_||><||_html:<span '
 "style='background-color: rgba(0.0, 165.0, 0, 0.15); border-radius: 3px;' "
 "title='1.0'>_||>\n"
 "<||_html:</span>_||><||_html:<span style='background-color: rgba(0.0, 165.0, "
 "0, 0.15); border-radius: 3px;' title='1.0'>_||>     "
 "<||_html:</span>_||><||_html:<span style='background-color: rgba(0.0, 165.0, "
 "0, 0.15); border-radius: 3px;' title='1.0'>_||> "
 '"<||_html:</span>_||><||_html:<span style=\'background-color: rgba(0.0, '
 "165.0, 0, 0.15); border-radius: 3px;' "
 "title='1.0'>_||>field<||_html:</span>_||><||_html:<span "
 "style='background-color: rgba(0.0, 165.0, 0, 0.15); border-radius: 3px;' "
 'title=\'1.0\'>_||>":<||_html:</span>_||><||_html:<span '
 "style='background-color: rgba(0.0, 165.0, 0, 0.15); border-radius: 3px;' "
 'title=\'1.0\'>_||> "<||_html:</span>_||><||_html:<span '
 "style='background-color: rgba(0.0, 165.0, 0, 0.15); border-radius: 3px;' "
 "title='1.0'>_||>get<||_html:</span>_||><||_html:<span "
 "style='background-color: rgba(0.0, 165.0, 0, 0.15); border-radius: 3px;' "
 "title='1.0'>_||>Product<||_html:</span>_||><||_html:<span "
 "style='background-color: rgba(0.0, 165.0, 0, 0.15); border-radius: 3px;' "
 'title=\'1.0\'>_||>",<||_html:</span>_||><||_html:<span '
 "style='background-color: rgba(0.0, 165.0, 0, 0.15); border-radius: 3px;' "
 "title='1.0'>_||>\n"
 "<||_html:</span>_||><||_html:<span style='background-color: rgba(0.0, 165.0, "
 "0, 0.15); border-radius: 3px;' title='1.0'>_||>     "
 "<||_html:</span>_||><||_html:<span style='background-color: rgba(0.0, 165.0, "
 "0, 0.15); border-radius: 3px;' title='1.0'>_||> "
 '"<||_html:</span>_||><||_html:<span style=\'background-color: rgba(0.0, '
 "165.0, 0, 0.15); border-radius: 3px;' "
 "title='1.0'>_||>change<||_html:</span>_||><||_html:<span "
 "style='background-color: rgba(0.0, 165.0, 0, 0.15); border-radius: 3px;' "
 'title=\'1.0\'>_||>":<||_html:</span>_||><||_html:<span '
 "style='background-color: rgba(0.0, 165.0, 0, 0.15); border-radius: 3px;' "
 'title=\'1.0\'>_||> "<||_html:</span>_||><||_html:<span '
 "style='background-color: rgba(0.0, 165.0, 0, 0.15); border-radius: 3px;' "
 "title='1.0'>_||>field<||_html:</span>_||><||_html:<span "
 "style='background-color: rgba(0.0, 165.0, 0, 0.15); border-radius: 3px;' "
 "title='1.0'>_||> details<||_html:</span>_||><||_html:<span "
 "style='background-color: rgba(0.0, 165.0, 0, 0.15); border-radius: 3px;' "
 "title='1.0'>_||> added<||_html:</span>_||><||_html:<span "
 "style='background-color: rgba(0.0, 165.0, 0, 0.15); border-radius: 3px;' "
 'title=\'1.0\'>_||>",<||_html:</span>_||><||_html:<span '
 "style='background-color: rgba(0.0, 165.0, 0, 0.15); border-radius: 3px;' "
 "title='1.0'>_||>\n"
 "<||_html:</span>_||><||_html:<span style='background-color: rgba(0.0, 165.0, "
 "0, 0.15); border-radius: 3px;' title='1.0'>_||>     "
 "<||_html:</span>_||><||_html:<span style='background-color: rgba(0.0, 165.0, "
 "0, 0.15); border-radius: 3px;' title='1.0'>_||> "
 '"<||_html:</span>_||><||_html:<span style=\'background-color: rgba(0.0, '
 "165.0, 0, 0.15); border-radius: 3px;' "
 "title='1.0'>_||>breaking<||_html:</span>_||><||_html:<span "
 "style='background-color: rgba(0.0, 165.0, 0, 0.15); border-radius: 3px;' "
 'title=\'1.0\'>_||>":<||_html:</span>_||><||_html:<span '
 "style='background-color: rgba(0.0, 165.0, 0, 0.15); border-radius: 3px;' "
 'title=\'1.0\'>_||> "<||_html:</span>_||><||_html:<span '
 "style='background-color: rgba(0.0, 165.0, 0, 0.15); border-radius: 3px;' "
 "title='1.0'>_||>false<||_html:</span>_||><||_html:<span "
 "style='background-color: rgba(0.0, 165.0, 0, 0.15); border-radius: 3px;' "
 'title=\'1.0\'>_||>",<||_html:</span>_||><||_html:<span '
 "style='background-color: rgba(0.0, 165.0, 0, 0.15); border-radius: 3px;' "
 "title='1.0'>_||>\n"
 "<||_html:</span>_||><||_html:<span style='background-color: rgba(0.0, 165.0, "
 "0, 0.15); border-radius: 3px;' title='1.0'>_||>     "
 "<||_html:</span>_||><||_html:<span style='background-color: rgba(0.0, 165.0, "
 "0, 0.15); border-radius: 3px;' title='1.0'>_||> "
 '"<||_html:</span>_||><||_html:<span style=\'background-color: rgba(0.0, '
 "165.0, 0, 0.15); border-radius: 3px;' "
 "title='1.0'>_||>release<||_html:</span>_||><||_html:<span "
 "style='background-color: rgba(0.0, 165.0, 0, 0.15); border-radius: 3px;' "
 "title='1.0'>_||>_<||_html:</span>_||><||_html:<span style='background-color: "
 "rgba(0.0, 165.0, 0, 0.15); border-radius: 3px;' "
 "title='1.0'>_||>note<||_html:</span>_||><||_html:<span "
 "style='background-color: rgba(0.0, 165.0, 0, 0.15); border-radius: 3px;' "
 'title=\'1.0\'>_||>":<||_html:</span>_||><||_html:<span '
 "style='background-color: rgba(0.0, 165.0, 0, 0.15); border-radius: 3px;' "
 'title=\'1.0\'>_||> "<||_html:</span>_||><||_html:<span '
 "style='background-color: rgba(0.0, 165.0, 0, 0.15); border-radius: 3px;' "
 "title='1.0'>_||>The<||_html:</span>_||><||_html:<span "
 "style='background-color: rgba(0.0, 165.0, 0, 0.15); border-radius: 3px;' "
 "title='1.0'>_||> '<||_html:</span>_||><||_html:<span "
 "style='background-color: rgba(0.0, 165.0, 0, 0.15); border-radius: 3px;' "
 "title='1.0'>_||>get<||_html:</span>_||><||_html:<span "
 "style='background-color: rgba(0.0, 165.0, 0, 0.15); border-radius: 3px;' "
 "title='1.0'>_||>Product<||_html:</span>_||><||_html:<span "
 "style='background-color: rgba(0.0, 165.0, 0, 0.15); border-radius: 3px;' "
 "title='1.0'>_||>'<||_html:</span>_||><||_html:<span style='background-color: "
 "rgba(0.0, 165.0, 0, 0.15); border-radius: 3px;' title='1.0'>_||> "
 "query<||_html:</span>_||><||_html:<span style='background-color: rgba(0.0, "
 "165.0, 0, 0.15); border-radius: 3px;' title='1.0'>_||> "
 "now<||_html:</span>_||><||_html:<span style='background-color: rgba(0.0, "
 "165.0, 0, 0.15); border-radius: 3px;' title='1.0'>_||> "
 "includes<||_html:</span>_||><||_html:<span style='background-color: "
 "rgba(0.0, 165.0, 0, 0.15); border-radius: 3px;' title='1.0'>_||> "
 "a<||_html:</span>_||><||_html:<span style='background-color: rgba(0.0, "
 "165.0, 0, 0.15); border-radius: 3px;' title='1.0'>_||> "
 "new<||_html:</span>_||><||_html:<span style='background-color: rgba(0.0, "
 "165.0, 0, 0.15); border-radius: 3px;' title='1.0'>_||> "
 "field<||_html:</span>_||><||_html:<span style='background-color: rgba(0.0, "
 "165.0, 0, 0.15); border-radius: 3px;' title='1.0'>_||> "
 "'<||_html:</span>_||><||_html:<span style='background-color: rgba(0.0, "
 "165.0, 0, 0.15); border-radius: 3px;' "
 "title='1.0'>_||>details<||_html:</span>_||><||_html:<span "
 "style='background-color: rgba(0.0, 165.0, 0, 0.15); border-radius: 3px;' "
 "title='1.0'>_||>'<||_html:</span>_||><||_html:<span style='background-color: "
 "rgba(0.0, 165.0, 0, 0.15); border-radius: 3px;' title='1.0'>_||> "
 "of<||_html:</span>_||><||_html:<span style='background-color: rgba(0.0, "
 "165.0, 0, 0.15); border-radius: 3px;' title='1.0'>_||> "
 "type<||_html:</span>_||><||_html:<span style='background-color: rgba(0.0, "
 "165.0, 0, 0.15); border-radius: 3px;' title='1.0'>_||> "
 "String<||_html:</span>_||><||_html:<span style='background-color: rgba(0.0, "
 "165.0, 0, 0.15); border-radius: 3px;' "
 'title=\'1.0\'>_||>."<||_html:</span>_||><||_html:<span '
 "style='background-color: rgba(0.0, 165.0, 0, 0.15); border-radius: 3px;' "
 "title='1.0'>_||>\n"
 "<||_html:</span>_||><||_html:<span style='background-color: rgba(0.0, 165.0, "
 "0, 0.15); border-radius: 3px;' title='1.0'>_||>   "
 "<||_html:</span>_||><||_html:<span style='background-color: rgba(0.0, 165.0, "
 "0, 0.15); border-radius: 3px;' title='1.0'>_||> "
 "},<||_html:</span>_||><||_html:<span style='background-color: rgba(0.0, "
 "165.0, 0, 0.15); border-radius: 3px;' title='1.0'>_||>\n"
 "<||_html:</span>_||><||_html:<span style='background-color: rgba(0.0, 165.0, "
 "0, 0.15); border-radius: 3px;' title='1.0'>_||>   "
 "<||_html:</span>_||><||_html:<span style='background-color: rgba(0.0, 165.0, "
 "0, 0.15); border-radius: 3px;' title='1.0'>_||> "
 "{<||_html:</span>_||><||_html:<span style='background-color: rgba(0.0, "
 "165.0, 0, 0.15); border-radius: 3px;' title='1.0'>_||>\n"
 "<||_html:</span>_||><||_html:<span style='background-color: rgba(0.0, 165.0, "
 "0, 0.15); border-radius: 3px;' title='1.0'>_||>     "
 "<||_html:</span>_||><||_html:<span style='background-color: rgba(0.0, 165.0, "
 "0, 0.15); border-radius: 3px;' title='1.0'>_||> "
 '"<||_html:</span>_||><||_html:<span style=\'background-color: rgba(0.0, '
 "165.0, 0, 0.15); border-radius: 3px;' "
 "title='1.0'>_||>type<||_html:</span>_||><||_html:<span "
 "style='background-color: rgba(0.0, 165.0, 0, 0.15); border-radius: 3px;' "
 'title=\'1.0\'>_||>":<||_html:</span>_||><||_html:<span '
 "style='background-color: rgba(0.0, 165.0, 0, 0.15); border-radius: 3px;' "
 'title=\'1.0\'>_||> "<||_html:</span>_||><||_html:<span '
 "style='background-color: rgba(0.0, 165.0, 0, 0.15); border-radius: 3px;' "
 "title='1.0'>_||>Product<||_html:</span>_||><||_html:<span "
 "style='background-color: rgba(0.0, 165.0, 0, 0.15); border-radius: 3px;' "
 'title=\'1.0\'>_||>",<||_html:</span>_||><||_html:<span '
 "style='background-color: rgba(0.0, 165.0, 0, 0.15); border-radius: 3px;' "
 "title='1.0'>_||>\n"
 "<||_html:</span>_||><||_html:<span style='background-color: rgba(0.0, 165.0, "
 "0, 0.15); border-radius: 3px;' title='1.0'>_||>     "
 "<||_html:</span>_||><||_html:<span style='background-color: rgba(0.0, 165.0, "
 "0, 0.15); border-radius: 3px;' title='1.0'>_||> "
 '"<||_html:</span>_||><||_html:<span style=\'background-color: rgba(0.0, '
 "165.0, 0, 0.15); border-radius: 3px;' "
 "title='1.0'>_||>field<||_html:</span>_||><||_html:<span "
 "style='background-color: rgba(0.0, 165.0, 0, 0.15); border-radius: 3px;' "
 'title=\'1.0\'>_||>":<||_html:</span>_||><||_html:<span '
 "style='background-color: rgba(0.0, 165.0, 0, 0.15); border-radius: 3px;' "
 'title=\'1.0\'>_||> "<||_html:</span>_||><||_html:<span '
 "style='background-color: rgba(0.0, 165.0, 0, 0.15); border-radius: 3px;' "
 "title='1.0'>_||>description<||_html:</span>_||><||_html:<span "
 "style='background-color: rgba(0.0, 165.0, 0, 0.15); border-radius: 3px;' "
 'title=\'1.0\'>_||>",<||_html:</span>_||><||_html:<span '
 "style='background-color: rgba(0.0, 165.0, 0, 0.15); border-radius: 3px;' "
 "title='1.0'>_||>\n"
 "<||_html:</span>_||><||_html:<span style='background-color: rgba(0.0, 165.0, "
 "0, 0.15); border-radius: 3px;' title='1.0'>_||>     "
 "<||_html:</span>_||><||_html:<span style='background-color: rgba(0.0, 165.0, "
 "0, 0.15); border-radius: 3px;' title='1.0'>_||> "
 '"<||_html:</span>_||><||_html:<span style=\'background-color: rgba(0.0, '
 "165.0, 0, 0.15); border-radius: 3px;' "
 "title='1.0'>_||>change<||_html:</span>_||><||_html:<span "
 "style='background-color: rgba(0.0, 165.0, 0, 0.15); border-radius: 3px;' "
 'title=\'1.0\'>_||>":<||_html:</span>_||><||_html:<span '
 "style='background-color: rgba(0.0, 165.0, 0, 0.15); border-radius: 3px;' "
 'title=\'1.0\'>_||> "<||_html:</span>_||><||_html:<span '
 "style='background-color: rgba(0.0, 165.0, 0, 0.15); border-radius: 3px;' "
 "title='1.0'>_||>field<||_html:</span>_||><||_html:<span "
 "style='background-color: rgba(0.0, 165.0, 0, 0.15); border-radius: 3px;' "
 "title='1.0'>_||> removed<||_html:</span>_||><||_html:<span "
 "style='background-color: rgba(0.0, 165.0, 0, 0.15); border-radius: 3px;' "
 'title=\'1.0\'>_||>",<||_html:</span>_||><||_html:<span '
 "style='background-color: rgba(0.0, 165.0, 0, 0.15); border-radius: 3px;' "
 "title='1.0'>_||>\n"
 "<||_html:</span>_||><||_html:<span style='background-color: rgba(0.0, 165.0, "
 "0, 0.15); border-radius: 3px;' title='1.0'>_||>     "
 "<||_html:</span>_||><||_html:<span style='background-color: rgba(0.0, 165.0, "
 "0, 0.15); border-radius: 3px;' title='1.0'>_||> "
 '"<||_html:</span>_||><||_html:<span style=\'background-color: rgba(0.0, '
 "165.0, 0, 0.15); border-radius: 3px;' "
 "title='1.0'>_||>breaking<||_html:</span>_||><||_html:<span "
 "style='background-color: rgba(0.0, 165.0, 0, 0.15); border-radius: 3px;' "
 'title=\'1.0\'>_||>":<||_html:</span>_||><||_html:<span '
 "style='background-color: rgba(0.0, 165.0, 0, 0.15); border-radius: 3px;' "
 'title=\'1.0\'>_||> "<||_html:</span>_||><||_html:<span '
 "style='background-color: rgba(0.0, 165.0, 0, 0.15); border-radius: 3px;' "
 "title='1.0'>_||>true<||_html:</span>_||><||_html:<span "
 "style='background-color: rgba(0.0, 165.0, 0, 0.15); border-radius: 3px;' "
 'title=\'1.0\'>_||>",<||_html:</span>_||><||_html:<span '
 "style='background-color: rgba(0.0, 165.0, 0, 0.15); border-radius: 3px;' "
 "title='1.0'>_||>\n"
 "<||_html:</span>_||><||_html:<span style='background-color: rgba(0.0, 165.0, "
 "0, 0.15); border-radius: 3px;' title='1.0'>_||>     "
 "<||_html:</span>_||><||_html:<span style='background-color: rgba(0.0, 165.0, "
 "0, 0.15); border-radius: 3px;' title='1.0'>_||> "
 '"<||_html:</span>_||><||_html:<span style=\'background-color: rgba(0.0, '
 "165.0, 0, 0.15); border-radius: 3px;' "
 "title='1.0'>_||>release<||_html:</span>_||><||_html:<span "
 "style='background-color: rgba(0.0, 165.0, 0, 0.15); border-radius: 3px;' "
 "title='1.0'>_||>_<||_html:</span>_||><||_html:<span style='background-color: "
 "rgba(0.0, 165.0, 0, 0.15); border-radius: 3px;' "
 "title='1.0'>_||>note<||_html:</span>_||><||_html:<span "
 "style='background-color: rgba(0.0, 165.0, 0, 0.15); border-radius: 3px;' "
 'title=\'1.0\'>_||>":<||_html:</span>_||><||_html:<span '
 "style='background-color: rgba(0.0, 165.0, 0, 0.15); border-radius: 3px;' "
 'title=\'1.0\'>_||> "<||_html:</span>_||><||_html:<span '
 "style='background-color: rgba(0.0, 165.0, 0, 0.15); border-radius: 3px;' "
 "title='1.0'>_||>The<||_html:</span>_||><||_html:<span "
 "style='background-color: rgba(0.0, 165.0, 0, 0.15); border-radius: 3px;' "
 "title='1.0'>_||> '<||_html:</span>_||><||_html:<span "
 "style='background-color: rgba(0.0, 165.0, 0, 0.15); border-radius: 3px;' "
 "title='1.0'>_||>Product<||_html:</span>_||><||_html:<span "
 "style='background-color: rgba(0.0, 165.0, 0, 0.15); border-radius: 3px;' "
 "title='1.0'>_||>'<||_html:</span>_||><||_html:<span style='background-color: "
 "rgba(0.0, 165.0, 0, 0.15); border-radius: 3px;' title='1.0'>_||> "
 "type<||_html:</span>_||><||_html:<span style='background-color: rgba(0.0, "
 "165.0, 0, 0.15); border-radius: 3px;' title='1.0'>_||> "
 "no<||_html:</span>_||><||_html:<span style='background-color: rgba(0.0, "
 "165.0, 0, 0.15); border-radius: 3px;' title='1.0'>_||> "
 "longer<||_html:</span>_||><||_html:<span style='background-color: rgba(0.0, "
 "165.0, 0, 0.15); border-radius: 3px;' title='1.0'>_||> "
 "includes<||_html:</span>_||><||_html:<span style='background-color: "
 "rgba(0.0, 165.0, 0, 0.15); border-radius: 3px;' title='1.0'>_||> "
 "the<||_html:</span>_||><||_html:<span style='background-color: rgba(0.0, "
 "165.0, 0, 0.15); border-radius: 3px;' title='1.0'>_||> "
 "'<||_html:</span>_||><||_html:<span style='background-color: rgba(0.0, "
 "165.0, 0, 0.15); border-radius: 3px;' "
 "title='1.0'>_||>description<||_html:</span>_||><||_html:<span "
 "style='background-color: rgba(0.0, 165.0, 0, 0.15); border-radius: 3px;' "
 "title='1.0'>_||>'<||_html:</span>_||><||_html:<span style='background-color: "
 "rgba(0.0, 165.0, 0, 0.15); border-radius: 3px;' title='1.0'>_||> "
 "field<||_html:</span>_||><||_html:<span style='background-color: rgba(0.0, "
 "165.0, 0, 0.15); border-radius: 3px;' "
 'title=\'1.0\'>_||>."<||_html:</span>_||><||_html:<span '
 "style='background-color: rgba(0.0, 165.0, 0, 0.15); border-radius: 3px;' "
 "title='1.0'>_||>\n"
 "<||_html:</span>_||><||_html:<span style='background-color: rgba(0.0, 165.0, "
 "0, 0.15); border-radius: 3px;' title='1.0'>_||>   "
 "<||_html:</span>_||><||_html:<span style='background-color: rgba(0.0, 165.0, "
 "0, 0.15); border-radius: 3px;' title='1.0'>_||> "
 "},<||_html:</span>_||><||_html:<span style='background-color: rgba(0.0, "
 "165.0, 0, 0.15); border-radius: 3px;' title='1.0'>_||>\n"
 "<||_html:</span>_||><||_html:<span style='background-color: rgba(0.0, 165.0, "
 "0, 0.15); border-radius: 3px;' title='1.0'>_||>   "
 "<||_html:</span>_||><||_html:<span style='background-color: rgba(0.0, 165.0, "
 "0, 0.15); border-radius: 3px;' title='1.0'>_||> "
 "{<||_html:</span>_||><||_html:<span style='background-color: rgba(0.0, "
 "165.0, 0, 0.15); border-radius: 3px;' title='1.0'>_||>\n"
 "<||_html:</span>_||><||_html:<span style='background-color: rgba(0.0, 165.0, "
 "0, 0.15); border-radius: 3px;' title='1.0'>_||>     "
 "<||_html:</span>_||><||_html:<span style='background-color: rgba(0.0, 165.0, "
 "0, 0.15); border-radius: 3px;' title='1.0'>_||> "
 '"<||_html:</span>_||><||_html:<span style=\'background-color: rgba(0.0, '
 "165.0, 0, 0.15); border-radius: 3px;' "
 "title='1.0'>_||>type<||_html:</span>_||><||_html:<span "
 "style='background-color: rgba(0.0, 165.0, 0, 0.15); border-radius: 3px;' "
 'title=\'1.0\'>_||>":<||_html:</span>_||><||_html:<span '
 "style='background-color: rgba(0.0, 165.0, 0, 0.15); border-radius: 3px;' "
 'title=\'1.0\'>_||> "<||_html:</span>_||><||_html:<span '
 "style='background-color: rgba(0.0, 165.0, 0, 0.15); border-radius: 3px;' "
 "title='1.0'>_||>Product<||_html:</span>_||><||_html:<span "
 "style='background-color: rgba(0.0, 165.0, 0, 0.15); border-radius: 3px;' "
 'title=\'1.0\'>_||>",<||_html:</span>_||><||_html:<span '
 "style='background-color: rgba(0.0, 165.0, 0, 0.15); border-radius: 3px;' "
 "title='1.0'>_||>\n"
 "<||_html:</span>_||><||_html:<span style='background-color: rgba(0.0, 165.0, "
 "0, 0.15); border-radius: 3px;' title='1.0'>_||>     "
 "<||_html:</span>_||><||_html:<span style='background-color: rgba(0.0, 165.0, "
 "0, 0.15); border-radius: 3px;' title='1.0'>_||> "
 '"<||_html:</span>_||><||_html:<span style=\'background-color: rgba(0.0, '
 "165.0, 0, 0.15); border-radius: 3px;' "
 "title='1.0'>_||>field<||_html:</span>_||><||_html:<span "
 "style='background-color: rgba(0.0, 165.0, 0, 0.15); border-radius: 3px;' "
 'title=\'1.0\'>_||>":<||_html:</span>_||><||_html:<span '
 "style='background-color: rgba(0.0, 165.0, 0, 0.15); border-radius: 3px;' "
 'title=\'1.0\'>_||> "<||_html:</span>_||><||_html:<span '
 "style='background-color: rgba(0.0, 165.0, 0, 0.15); border-radius: 3px;' "
 "title='1.0'>_||>stock<||_html:</span>_||><||_html:<span "
 "style='background-color: rgba(0.0, 165.0, 0, 0.15); border-radius: 3px;' "
 'title=\'1.0\'>_||>",<||_html:</span>_||><||_html:<span '
 "style='background-color: rgba(0.0, 165.0, 0, 0.15); border-radius: 3px;' "
 "title='1.0'>_||>\n"
 "<||_html:</span>_||><||_html:<span style='background-color: rgba(0.0, 165.0, "
 "0, 0.15); border-radius: 3px;' title='1.0'>_||>     "
 "<||_html:</span>_||><||_html:<span style='background-color: rgba(0.0, 165.0, "
 "0, 0.15); border-radius: 3px;' title='1.0'>_||> "
 '"<||_html:</span>_||><||_html:<span style=\'background-color: rgba(0.0, '
 "165.0, 0, 0.15); border-radius: 3px;' "
 "title='1.0'>_||>change<||_html:</span>_||><||_html:<span "
 "style='background-color: rgba(0.0, 165.0, 0, 0.15); border-radius: 3px;' "
 'title=\'1.0\'>_||>":<||_html:</span>_||><||_html:<span '
 "style='background-color: rgba(0.0, 165.0, 0, 0.15); border-radius: 3px;' "
 'title=\'1.0\'>_||> "<||_html:</span>_||><||_html:<span '
 "style='background-color: rgba(0.0, 165.0, 0, 0.15); border-radius: 3px;' "
 "title='1.0'>_||>field<||_html:</span>_||><||_html:<span "
 "style='background-color: rgba(0.0, 165.0, 0, 0.15); border-radius: 3px;' "
 "title='1.0'>_||> removed<||_html:</span>_||><||_html:<span "
 "style='background-color: rgba(0.0, 165.0, 0, 0.15); border-radius: 3px;' "
 'title=\'1.0\'>_||>",<||_html:</span>_||><||_html:<span '
 "style='background-color: rgba(0.0, 165.0, 0, 0.15); border-radius: 3px;' "
 "title='1.0'>_||>\n"
 "<||_html:</span>_||><||_html:<span style='background-color: rgba(0.0, 165.0, "
 "0, 0.15); border-radius: 3px;' title='1.0'>_||>     "
 "<||_html:</span>_||><||_html:<span style='background-color: rgba(0.0, 165.0, "
 "0, 0.15); border-radius: 3px;' title='1.0'>_||> "
 '"<||_html:</span>_||><||_html:<span style=\'background-color: rgba(0.0, '
 "165.0, 0, 0.15); border-radius: 3px;' "
 "title='1.0'>_||>breaking<||_html:</span>_||><||_html:<span "
 "style='background-color: rgba(0.0, 165.0, 0, 0.15); border-radius: 3px;' "
 'title=\'1.0\'>_||>":<||_html:</span>_||><||_html:<span '
 "style='background-color: rgba(0.0, 165.0, 0, 0.15); border-radius: 3px;' "
 'title=\'1.0\'>_||> "<||_html:</span>_||><||_html:<span '
 "style='background-color: rgba(0.0, 165.0, 0, 0.15); border-radius: 3px;' "
 "title='1.0'>_||>true<||_html:</span>_||><||_html:<span "
 "style='background-color: rgba(0.0, 165.0, 0, 0.15); border-radius: 3px;' "
 'title=\'1.0\'>_||>",<||_html:</span>_||><||_html:<span '
 "style='background-color: rgba(0.0, 165.0, 0, 0.15); border-radius: 3px;' "
 "title='1.0'>_||>\n"
 "<||_html:</span>_||><||_html:<span style='background-color: rgba(0.0, 165.0, "
 "0, 0.15); border-radius: 3px;' title='1.0'>_||>     "
 "<||_html:</span>_||><||_html:<span style='background-color: rgba(0.0, 165.0, "
 "0, 0.15); border-radius: 3px;' title='1.0'>_||> "
 '"<||_html:</span>_||><||_html:<span style=\'background-color: rgba(0.0, '
 "165.0, 0, 0.15); border-radius: 3px;' "
 "title='1.0'>_||>release<||_html:</span>_||><||_html:<span "
 "style='background-color: rgba(0.0, 165.0, 0, 0.15); border-radius: 3px;' "
 "title='1.0'>_||>_<||_html:</span>_||><||_html:<span style='background-color: "
 "rgba(0.0, 165.0, 0, 0.15); border-radius: 3px;' "
 "title='1.0'>_||>note<||_html:</span>_||><||_html:<span "
 "style='background-color: rgba(0.0, 165.0, 0, 0.15); border-radius: 3px;' "
 'title=\'1.0\'>_||>":<||_html:</span>_||><||_html:<span '
 "style='background-color: rgba(0.0, 165.0, 0, 0.15); border-radius: 3px;' "
 'title=\'1.0\'>_||> "<||_html:</span>_||><||_html:<span '
 "style='background-color: rgba(0.0, 165.0, 0, 0.15); border-radius: 3px;' "
 "title='1.0'>_||>The<||_html:</span>_||><||_html:<span "
 "style='background-color: rgba(0.0, 165.0, 0, 0.15); border-radius: 3px;' "
 "title='1.0'>_||> '<||_html:</span>_||><||_html:<span "
 "style='background-color: rgba(0.0, 165.0, 0, 0.15); border-radius: 3px;' "
 "title='1.0'>_||>Product<||_html:</span>_||><||_html:<span "
 "style='background-color: rgba(0.0, 165.0, 0, 0.15); border-radius: 3px;' "
 "title='1.0'>_||>'<||_html:</span>_||><||_html:<span style='background-color: "
 "rgba(0.0, 165.0, 0, 0.15); border-radius: 3px;' title='1.0'>_||> "
 "type<||_html:</span>_||><||_html:<span style='background-color: rgba(0.0, "
 "165.0, 0, 0.15); border-radius: 3px;' title='1.0'>_||> "
 "no<||_html:</span>_||><||_html:<span style='background-color: rgba(0.0, "
 "165.0, 0, 0.15); border-radius: 3px;' title='1.0'>_||> "
 "longer<||_html:</span>_||><||_html:<span style='background-color: rgba(0.0, "
 "165.0, 0, 0.15); border-radius: 3px;' title='1.0'>_||> "
 "includes<||_html:</span>_||><||_html:<span style='background-color: "
 "rgba(0.0, 165.0, 0, 0.15); border-radius: 3px;' title='1.0'>_||> "
 "the<||_html:</span>_||><||_html:<span style='background-color: rgba(0.0, "
 "165.0, 0, 0.15); border-radius: 3px;' title='1.0'>_||> "
 "'<||_html:</span>_||><||_html:<span style='background-color: rgba(0.0, "
 "165.0, 0, 0.15); border-radius: 3px;' "
 "title='1.0'>_||>stock<||_html:</span>_||><||_html:<span "
 "style='background-color: rgba(0.0, 165.0, 0, 0.15); border-radius: 3px;' "
 "title='1.0'>_||>'<||_html:</span>_||><||_html:<span style='background-color: "
 "rgba(0.0, 165.0, 0, 0.15); border-radius: 3px;' title='1.0'>_||> "
 "field<||_html:</span>_||><||_html:<span style='background-color: rgba(0.0, "
 "165.0, 0, 0.15); border-radius: 3px;' "
 'title=\'1.0\'>_||>."<||_html:</span>_||><||_html:<span '
 "style='background-color: rgba(0.0, 165.0, 0, 0.15); border-radius: 3px;' "
 "title='1.0'>_||>\n"
 "<||_html:</span>_||><||_html:<span style='background-color: rgba(0.0, 165.0, "
 "0, 0.15); border-radius: 3px;' title='1.0'>_||>   "
 "<||_html:</span>_||><||_html:<span style='background-color: rgba(0.0, 165.0, "
 "0, 0.15); border-radius: 3px;' title='1.0'>_||> "
 "}<||_html:</span>_||><||_html:<span style='background-color: rgba(0.0, "
 "165.0, 0, 0.15); border-radius: 3px;' title='1.0'>_||>\n"
 "<||_html:</span>_||><||_html:<span style='background-color: rgba(0.0, 165.0, "
 "0, 0.15); border-radius: 3px;' title='1.0'>_||> "
 "<||_html:</span>_||><||_html:<span style='background-color: rgba(0.0, 165.0, "
 "0, 0.15); border-radius: 3px;' title='1.0'>_||> "
 "],<||_html:</span>_||><||_html:<span style='background-color: rgba(0.0, "
 "165.0, 0, 0.15); border-radius: 3px;' title='1.0'>_||>\n"
 "<||_html:</span>_||><||_html:<span style='background-color: rgba(0.0, 165.0, "
 "0, 0.15); border-radius: 3px;' title='1.0'>_||> "
 "<||_html:</span>_||><||_html:<span style='background-color: rgba(0.0, 165.0, "
 "0, 0.15); border-radius: 3px;' title='1.0'>_||> "
 '"<||_html:</span>_||><||_html:<span style=\'background-color: rgba(0.0, '
 "165.0, 0, 0.15); border-radius: 3px;' "
 "title='1.0'>_||>release<||_html:</span>_||><||_html:<span "
 "style='background-color: rgba(0.0, 165.0, 0, 0.15); border-radius: 3px;' "
 "title='1.0'>_||>_<||_html:</span>_||><||_html:<span style='background-color: "
 "rgba(0.0, 165.0, 0, 0.15); border-radius: 3px;' "
 "title='1.0'>_||>notes<||_html:</span>_||><||_html:<span "
 "style='background-color: rgba(0.0, 165.0, 0, 0.15); border-radius: 3px;' "
 'title=\'1.0\'>_||>":<||_html:</span>_||><||_html:<span '
 "style='background-color: rgba(0.0, 165.0, 0, 0.15); border-radius: 3px;' "
 "title='1.0'>_||> {<||_html:</span>_||><||_html:<span "
 "style='background-color: rgba(0.0, 165.0, 0, 0.15); border-radius: 3px;' "
 "title='1.0'>_||>\n"
 "<||_html:</span>_||><||_html:<span style='background-color: rgba(0.0, 165.0, "
 "0, 0.15); border-radius: 3px;' title='1.0'>_||>   "
 "<||_html:</span>_||><||_html:<span style='background-color: rgba(0.0, 165.0, "
 "0, 0.15); border-radius: 3px;' title='1.0'>_||> "
 '"<||_html:</span>_||><||_html:<span style=\'background-color: rgba(0.0, '
 "165.0, 0, 0.15); border-radius: 3px;' "
 "title='1.0'>_||>summary<||_html:</span>_||><||_html:<span "
 "style='background-color: rgba(0.0, 165.0, 0, 0.15); border-radius: 3px;' "
 'title=\'1.0\'>_||>":<||_html:</span>_||><||_html:<span '
 "style='background-color: rgba(0.0, 165.0, 0, 0.15); border-radius: 3px;' "
 'title=\'1.0\'>_||> "<||_html:</span>_||><||_html:<span '
 "style='background-color: rgba(0.0, 165.0, 0, 0.15); border-radius: 3px;' "
 "title='1.0'>_||>The<||_html:</span>_||><||_html:<span "
 "style='background-color: rgba(0.0, 165.0, 0, 0.15); border-radius: 3px;' "
 "title='1.0'>_||> '<||_html:</span>_||><||_html:<span "
 "style='background-color: rgba(0.0, 165.0, 0, 0.15); border-radius: 3px;' "
 "title='1.0'>_||>get<||_html:</span>_||><||_html:<span "
 "style='background-color: rgba(0.0, 165.0, 0, 0.15); border-radius: 3px;' "
 "title='1.0'>_||>Product<||_html:</span>_||><||_html:<span "
 "style='background-color: rgba(0.0, 165.0, 0, 0.15); border-radius: 3px;' "
 "title='1.0'>_||>'<||_html:</span>_||><||_html:<span style='background-color: "
 "rgba(0.0, 165.0, 0, 0.15); border-radius: 3px;' title='1.0'>_||> "
 "query<||_html:</span>_||><||_html:<span style='background-color: rgba(0.0, "
 "165.0, 0, 0.15); border-radius: 3px;' title='1.0'>_||> "
 "now<||_html:</span>_||><||_html:<span style='background-color: rgba(0.0, "
 "165.0, 0, 0.15); border-radius: 3px;' title='1.0'>_||> "
 "includes<||_html:</span>_||><||_html:<span style='background-color: "
 "rgba(0.0, 165.0, 0, 0.15); border-radius: 3px;' title='1.0'>_||> "
 "a<||_html:</span>_||><||_html:<span style='background-color: rgba(0.0, "
 "165.0, 0, 0.15); border-radius: 3px;' title='1.0'>_||> "
 "new<||_html:</span>_||><||_html:<span style='background-color: rgba(0.0, "
 "165.0, 0, 0.15); border-radius: 3px;' title='1.0'>_||> "
 "field<||_html:</span>_||><||_html:<span style='background-color: rgba(0.0, "
 "165.0, 0, 0.15); border-radius: 3px;' title='1.0'>_||> "
 "'<||_html:</span>_||><||_html:<span style='background-color: rgba(0.0, "
 "165.0, 0, 0.15); border-radius: 3px;' "
 "title='1.0'>_||>details<||_html:</span>_||><||_html:<span "
 "style='background-color: rgba(0.0, 165.0, 0, 0.15); border-radius: 3px;' "
 "title='1.0'>_||>'<||_html:</span>_||><||_html:<span style='background-color: "
 "rgba(0.0, 165.0, 0, 0.15); border-radius: 3px;' title='1.0'>_||> "
 "of<||_html:</span>_||><||_html:<span style='background-color: rgba(0.0, "
 "165.0, 0, 0.15); border-radius: 3px;' title='1.0'>_||> "
 "type<||_html:</span>_||><||_html:<span style='background-color: rgba(0.0, "
 "165.0, 0, 0.15); border-radius: 3px;' title='1.0'>_||> "
 "String<||_html:</span>_||><||_html:<span style='background-color: rgba(0.0, "
 "165.0, 0, 0.15); border-radius: 3px;' "
 "title='1.0'>_||>.<||_html:</span>_||><||_html:<span style='background-color: "
 "rgba(0.0, 165.0, 0, 0.15); border-radius: 3px;' title='1.0'>_||> "
 "The<||_html:</span>_||><||_html:<span style='background-color: rgba(0.0, "
 "165.0, 0, 0.15); border-radius: 3px;' title='1.0'>_||> "
 "'<||_html:</span>_||><||_html:<span style='background-color: rgba(0.0, "
 "165.0, 0, 0.15); border-radius: 3px;' "
 "title='1.0'>_||>Product<||_html:</span>_||><||_html:<span "
 "style='background-color: rgba(0.0, 165.0, 0, 0.15); border-radius: 3px;' "
 "title='1.0'>_||>'<||_html:</span>_||><||_html:<span style='background-color: "
 "rgba(0.0, 165.0, 0, 0.15); border-radius: 3px;' title='1.0'>_||> "
 "type<||_html:</span>_||><||_html:<span style='background-color: rgba(0.0, "
 "165.0, 0, 0.15); border-radius: 3px;' title='1.0'>_||> "
 "no<||_html:</span>_||><||_html:<span style='background-color: rgba(0.0, "
 "165.0, 0, 0.15); border-radius: 3px;' title='1.0'>_||> "
 "longer<||_html:</span>_||><||_html:<span style='background-color: rgba(0.0, "
 "165.0, 0, 0.15); border-radius: 3px;' title='1.0'>_||> "
 "includes<||_html:</span>_||><||_html:<span style='background-color: "
 "rgba(0.0, 165.0, 0, 0.15); border-radius: 3px;' title='1.0'>_||> "
 "the<||_html:</span>_||><||_html:<span style='background-color: rgba(0.0, "
 "165.0, 0, 0.15); border-radius: 3px;' title='1.0'>_||> "
 "'<||_html:</span>_||><||_html:<span style='background-color: rgba(0.0, "
 "165.0, 0, 0.15); border-radius: 3px;' "
 "title='1.0'>_||>description<||_html:</span>_||><||_html:<span "
 "style='background-color: rgba(0.0, 165.0, 0, 0.15); border-radius: 3px;' "
 "title='1.0'>_||>'<||_html:</span>_||><||_html:<span style='background-color: "
 "rgba(0.0, 165.0, 0, 0.15); border-radius: 3px;' title='1.0'>_||> "
 "and<||_html:</span>_||><||_html:<span style='background-color: rgba(0.0, "
 "165.0, 0, 0.15); border-radius: 3px;' title='1.0'>_||> "
 "'<||_html:</span>_||><||_html:<span style='background-color: rgba(0.0, "
 "165.0, 0, 0.15); border-radius: 3px;' "
 "title='1.0'>_||>stock<||_html:</span>_||><||_html:<span "
 "style='background-color: rgba(0.0, 165.0, 0, 0.15); border-radius: 3px;' "
 "title='1.0'>_||>'<||_html:</span>_||><||_html:<span style='background-color: "
 "rgba(0.0, 165.0, 0, 0.15); border-radius: 3px;' title='1.0'>_||> "
 "fields<||_html:</span>_||><||_html:<span style='background-color: rgba(0.0, "
 "165.0, 0, 0.15); border-radius: 3px;' "
 'title=\'1.0\'>_||>."<||_html:</span>_||><||_html:<span '
 "style='background-color: rgba(0.0, 165.0, 0, 0.15); border-radius: 3px;' "
 "title='1.0'>_||>\n"
 "<||_html:</span>_||><||_html:<span style='background-color: rgba(0.0, 165.0, "
 "0, 0.15); border-radius: 3px;' title='1.0'>_||> "
 "<||_html:</span>_||><||_html:<span style='background-color: rgba(0.0, 165.0, "
 "0, 0.15); border-radius: 3px;' title='1.0'>_||> "
 "}<||_html:</span>_||><||_html:<span style='background-color: rgba(0.0, "
 "165.0, 0, 0.15); border-radius: 3px;' title='1.0'>_||>\n"
 "<||_html:</span>_||><||_html:<span style='background-color: rgba(0.0, 165.0, "
 "0, 0.15); border-radius: 3px;' "
 'title=\'1.0\'>_||>}<||_html:</span>_||>{"changes":<||_html:<span '
 "style='background-color: rgba(0.0, 165.0, 0, 0.15); border-radius: 3px;' "
 "title='1.0'>_||>[<||_html:</span>_||><||_html:<span style='background-color: "
 "rgba(0.0, 165.0, 0, 0.15); border-radius: 3px;' "
 'title=\'1.0\'>_||>{"<||_html:</span>_||>type<||_html:<span '
 "style='background-color: rgba(0.0, 165.0, 0, 0.15); border-radius: 3px;' "
 'title=\'1.0\'>_||>":"<||_html:</span>_||><||_html:<span '
 "style='background-color: rgba(0.0, 165.0, 0, 0.15); border-radius: 3px;' "
 "title='1.0'>_||>Query<||_html:</span>_||><||_html:<span "
 "style='background-color: rgba(0.0, 165.0, 0, 0.15); border-radius: 3px;' "
 'title=\'1.0\'>_||>","<||_html:</span>_||>field<||_html:<span '
 "style='background-color: rgba(0.0, 165.0, 0, 0.15); border-radius: 3px;' "
 'title=\'1.0\'>_||>":"<||_html:</span>_||><||_html:<span '
 "style='background-color: rgba(0.0, 165.0, 0, 0.15); border-radius: 3px;' "
 "title='1.0'>_||>get<||_html:</span>_||><||_html:<span "
 "style='background-color: rgba(0.0, 165.0, 0, 0.15); border-radius: 3px;' "
 "title='1.0'>_||>Product<||_html:</span>_||><||_html:<span "
 "style='background-color: rgba(0.0, 165.0, 0, 0.15); border-radius: 3px;' "
 'title=\'1.0\'>_||>","<||_html:</span>_||>change<||_html:<span '
 "style='background-color: rgba(0.0, 165.0, 0, 0.15); border-radius: 3px;' "
 'title=\'1.0\'>_||>":"<||_html:</span>_||><||_html:<span '
 "style='background-color: rgba(0.0, 165.0, 0, 0.15); border-radius: 3px;' "
 "title='1.0'>_||>field<||_html:</span>_||><||_html:<span "
 "style='background-color: rgba(0.0, 165.0, 0, 0.15); border-radius: 3px;' "
 "title='1.0'>_||> details<||_html:</span>_||><||_html:<span "
 "style='background-color: rgba(0.0, 165.0, 0, 0.15); border-radius: 3px;' "
 "title='1.0'>_||> added<||_html:</span>_||><||_html:<span "
 "style='background-color: rgba(0.0, 165.0, 0, 0.15); border-radius: 3px;' "
 'title=\'1.0\'>_||>","<||_html:</span>_||>breaking<||_html:<span '
 "style='background-color: rgba(0.0, 165.0, 0, 0.15); border-radius: 3px;' "
 'title=\'1.0\'>_||>":<||_html:</span>_||><||_html:<span '
 "style='background-color: rgba(0.0, 165.0, 0, 0.15); border-radius: 3px;' "
 'title=\'1.0\'>_||>false<||_html:</span>_||>,"release_note<||_html:<span '
 "style='background-color: rgba(0.0, 165.0, 0, 0.15); border-radius: 3px;' "
 'title=\'1.0\'>_||>":"<||_html:</span>_||><||_html:<span '
 "style='background-color: rgba(0.0, 165.0, 0, 0.15); border-radius: 3px;' "
 "title='1.0'>_||>The<||_html:</span>_||><||_html:<span "
 "style='background-color: rgba(0.0, 165.0, 0, 0.15); border-radius: 3px;' "
 "title='1.0'>_||> '<||_html:</span>_||><||_html:<span "
 "style='background-color: rgba(0.0, 165.0, 0, 0.15); border-radius: 3px;' "
 "title='1.0'>_||>get<||_html:</span>_||><||_html:<span "
 "style='background-color: rgba(0.0, 165.0, 0, 0.15); border-radius: 3px;' "
 "title='1.0'>_||>Product<||_html:</span>_||><||_html:<span "
 "style='background-color: rgba(0.0, 165.0, 0, 0.15); border-radius: 3px;' "
 "title='1.0'>_||>'<||_html:</span>_||><||_html:<span style='background-color: "
 "rgba(0.0, 165.0, 0, 0.15); border-radius: 3px;' title='1.0'>_||> "
 "query<||_html:</span>_||><||_html:<span style='background-color: rgba(0.0, "
 "165.0, 0, 0.15); border-radius: 3px;' title='1.0'>_||> "
 "now<||_html:</span>_||><||_html:<span style='background-color: rgba(0.0, "
 "165.0, 0, 0.15); border-radius: 3px;' title='1.0'>_||> "
 "includes<||_html:</span>_||><||_html:<span style='background-color: "
 "rgba(0.0, 165.0, 0, 0.15); border-radius: 3px;' title='1.0'>_||> "
 "a<||_html:</span>_||><||_html:<span style='background-color: rgba(0.0, "
 "165.0, 0, 0.15); border-radius: 3px;' title='1.0'>_||> "
 "new<||_html:</span>_||><||_html:<span style='background-color: rgba(0.0, "
 "165.0, 0, 0.15); border-radius: 3px;' title='1.0'>_||> "
 "field<||_html:</span>_||><||_html:<span style='background-color: rgba(0.0, "
 "165.0, 0, 0.15); border-radius: 3px;' title='1.0'>_||> "
 "'<||_html:</span>_||><||_html:<span style='background-color: rgba(0.0, "
 "165.0, 0, 0.15); border-radius: 3px;' "
 "title='1.0'>_||>details<||_html:</span>_||><||_html:<span "
 "style='background-color: rgba(0.0, 165.0, 0, 0.15); border-radius: 3px;' "
 "title='1.0'>_||>'<||_html:</span>_||><||_html:<span style='background-color: "
 "rgba(0.0, 165.0, 0, 0.15); border-radius: 3px;' title='1.0'>_||> "
 "of<||_html:</span>_||><||_html:<span style='background-color: rgba(0.0, "
 "165.0, 0, 0.15); border-radius: 3px;' title='1.0'>_||> "
 "type<||_html:</span>_||><||_html:<span style='background-color: rgba(0.0, "
 "165.0, 0, 0.15); border-radius: 3px;' title='1.0'>_||> "
 "String<||_html:</span>_||><||_html:<span style='background-color: rgba(0.0, "
 "165.0, 0, 0.15); border-radius: 3px;' "
 'title=\'1.0\'>_||>."<||_html:</span>_||><||_html:<span '
 "style='background-color: rgba(0.0, 165.0, 0, 0.15); border-radius: 3px;' "
 'title=\'1.0\'>_||>},<||_html:</span>_||>{"type<||_html:<span '
 "style='background-color: rgba(0.0, 165.0, 0, 0.15); border-radius: 3px;' "
 'title=\'1.0\'>_||>":"<||_html:</span>_||><||_html:<span '
 "style='background-color: rgba(0.0, 165.0, 0, 0.15); border-radius: 3px;' "
 "title='1.0'>_||>Product<||_html:</span>_||><||_html:<span "
 "style='background-color: rgba(0.0, 165.0, 0, 0.15); border-radius: 3px;' "
 'title=\'1.0\'>_||>","<||_html:</span>_||>field<||_html:<span '
 "style='background-color: rgba(0.0, 165.0, 0, 0.15); border-radius: 3px;' "
 'title=\'1.0\'>_||>":"<||_html:</span>_||><||_html:<span '
 "style='background-color: rgba(0.0, 165.0, 0, 0.15); border-radius: 3px;' "
 "title='1.0'>_||>description<||_html:</span>_||><||_html:<span "
 "style='background-color: rgba(0.0, 165.0, 0, 0.15); border-radius: 3px;' "
 'title=\'1.0\'>_||>","<||_html:</span>_||>change<||_html:<span '
 "style='background-color: rgba(0.0, 165.0, 0, 0.15); border-radius: 3px;' "
 'title=\'1.0\'>_||>":"<||_html:</span>_||><||_html:<span '
 "style='background-color: rgba(0.0, 165.0, 0, 0.15); border-radius: 3px;' "
 "title='1.0'>_||>field<||_html:</span>_||><||_html:<span "
 "style='background-color: rgba(0.0, 165.0, 0, 0.15); border-radius: 3px;' "
 "title='1.0'>_||> removed<||_html:</span>_||><||_html:<span "
 "style='background-color: rgba(0.0, 165.0, 0, 0.15); border-radius: 3px;' "
 'title=\'1.0\'>_||>","<||_html:</span>_||>breaking<||_html:<span '
 "style='background-color: rgba(0.0, 165.0, 0, 0.15); border-radius: 3px;' "
 'title=\'1.0\'>_||>":<||_html:</span>_||><||_html:<span '
 "style='background-color: rgba(0.0, 165.0, 0, 0.15); border-radius: 3px;' "
 'title=\'1.0\'>_||>true<||_html:</span>_||>,"release_note<||_html:<span '
 "style='background-color: rgba(0.0, 165.0, 0, 0.15); border-radius: 3px;' "
 'title=\'1.0\'>_||>":"<||_html:</span>_||><||_html:<span '
 "style='background-color: rgba(0.0, 165.0, 0, 0.15); border-radius: 3px;' "
 "title='1.0'>_||>The<||_html:</span>_||><||_html:<span "
 "style='background-color: rgba(0.0, 165.0, 0, 0.15); border-radius: 3px;' "
 "title='1.0'>_||> '<||_html:</span>_||><||_html:<span "
 "style='background-color: rgba(0.0, 165.0, 0, 0.15); border-radius: 3px;' "
 "title='1.0'>_||>Product<||_html:</span>_||><||_html:<span "
 "style='background-color: rgba(0.0, 165.0, 0, 0.15); border-radius: 3px;' "
 "title='1.0'>_||>'<||_html:</span>_||><||_html:<span style='background-color: "
 "rgba(0.0, 165.0, 0, 0.15); border-radius: 3px;' title='1.0'>_||> "
 "type<||_html:</span>_||><||_html:<span style='background-color: rgba(0.0, "
 "165.0, 0, 0.15); border-radius: 3px;' title='1.0'>_||> "
 "no<||_html:</span>_||><||_html:<span style='background-color: rgba(0.0, "
 "165.0, 0, 0.15); border-radius: 3px;' title='1.0'>_||> "
 "longer<||_html:</span>_||><||_html:<span style='background-color: rgba(0.0, "
 "165.0, 0, 0.15); border-radius: 3px;' title='1.0'>_||> "
 "includes<||_html:</span>_||><||_html:<span style='background-color: "
 "rgba(0.0, 165.0, 0, 0.15); border-radius: 3px;' title='1.0'>_||> "
 "the<||_html:</span>_||><||_html:<span style='background-color: rgba(0.0, "
 "165.0, 0, 0.15); border-radius: 3px;' title='1.0'>_||> "
 "'<||_html:</span>_||><||_html:<span style='background-color: rgba(0.0, "
 "165.0, 0, 0.15); border-radius: 3px;' "
 "title='1.0'>_||>description<||_html:</span>_||><||_html:<span "
 "style='background-color: rgba(0.0, 165.0, 0, 0.15); border-radius: 3px;' "
 "title='1.0'>_||>'<||_html:</span>_||><||_html:<span style='background-color: "
 "rgba(0.0, 165.0, 0, 0.15); border-radius: 3px;' title='1.0'>_||> "
 "field<||_html:</span>_||><||_html:<span style='background-color: rgba(0.0, "
 "165.0, 0, 0.15); border-radius: 3px;' "
 'title=\'1.0\'>_||>."<||_html:</span>_||><||_html:<span '
 "style='background-color: rgba(0.0, 165.0, 0, 0.15); border-radius: 3px;' "
 'title=\'1.0\'>_||>},<||_html:</span>_||>{"type<||_html:<span '
 "style='background-color: rgba(0.0, 165.0, 0, 0.15); border-radius: 3px;' "
 'title=\'1.0\'>_||>":"<||_html:</span>_||><||_html:<span '
 "style='background-color: rgba(0.0, 165.0, 0, 0.15); border-radius: 3px;' "
 "title='1.0'>_||>Product<||_html:</span>_||><||_html:<span "
 "style='background-color: rgba(0.0, 165.0, 0, 0.15); border-radius: 3px;' "
 'title=\'1.0\'>_||>","<||_html:</span>_||>field<||_html:<span '
 "style='background-color: rgba(0.0, 165.0, 0, 0.15); border-radius: 3px;' "
 'title=\'1.0\'>_||>":"<||_html:</span>_||><||_html:<span '
 "style='background-color: rgba(0.0, 165.0, 0, 0.15); border-radius: 3px;' "
 "title='1.0'>_||>stock<||_html:</span>_||><||_html:<span "
 "style='background-color: rgba(0.0, 165.0, 0, 0.15); border-radius: 3px;' "
 'title=\'1.0\'>_||>","<||_html:</span>_||>change<||_html:<span '
 "style='background-color: rgba(0.0, 165.0, 0, 0.15); border-radius: 3px;' "
 'title=\'1.0\'>_||>":"<||_html:</span>_||><||_html:<span '
 "style='background-color: rgba(0.0, 165.0, 0, 0.15); border-radius: 3px;' "
 "title='1.0'>_||>field<||_html:</span>_||><||_html:<span "
 "style='background-color: rgba(0.0, 165.0, 0, 0.15); border-radius: 3px;' "
 "title='1.0'>_||> removed<||_html:</span>_||><||_html:<span "
 "style='background-color: rgba(0.0, 165.0, 0, 0.15); border-radius: 3px;' "
 'title=\'1.0\'>_||>","<||_html:</span>_||>breaking<||_html:<span '
 "style='background-color: rgba(0.0, 165.0, 0, 0.15); border-radius: 3px;' "
 'title=\'1.0\'>_||>":<||_html:</span>_||><||_html:<span '
 "style='background-color: rgba(0.0, 165.0, 0, 0.15); border-radius: 3px;' "
 'title=\'1.0\'>_||>true<||_html:</span>_||>,"release_note<||_html:<span '
 "style='background-color: rgba(0.0, 165.0, 0, 0.15); border-radius: 3px;' "
 'title=\'1.0\'>_||>":"<||_html:</span>_||><||_html:<span '
 "style='background-color: rgba(0.0, 165.0, 0, 0.15); border-radius: 3px;' "
 "title='1.0'>_||>The<||_html:</span>_||><||_html:<span "
 "style='background-color: rgba(0.0, 165.0, 0, 0.15); border-radius: 3px;' "
 "title='1.0'>_||> '<||_html:</span>_||><||_html:<span "
 "style='background-color: rgba(0.0, 165.0, 0, 0.15); border-radius: 3px;' "
 "title='1.0'>_||>Product<||_html:</span>_||><||_html:<span "
 "style='background-color: rgba(0.0, 165.0, 0, 0.15); border-radius: 3px;' "
 "title='1.0'>_||>'<||_html:</span>_||><||_html:<span style='background-color: "
 "rgba(0.0, 165.0, 0, 0.15); border-radius: 3px;' title='1.0'>_||> "
 "type<||_html:</span>_||><||_html:<span style='background-color: rgba(0.0, "
 "165.0, 0, 0.15); border-radius: 3px;' title='1.0'>_||> "
 "no<||_html:</span>_||><||_html:<span style='background-color: rgba(0.0, "
 "165.0, 0, 0.15); border-radius: 3px;' title='1.0'>_||> "
 "longer<||_html:</span>_||><||_html:<span style='background-color: rgba(0.0, "
 "165.0, 0, 0.15); border-radius: 3px;' title='1.0'>_||> "
 "includes<||_html:</span>_||><||_html:<span style='background-color: "
 "rgba(0.0, 165.0, 0, 0.15); border-radius: 3px;' title='1.0'>_||> "
 "the<||_html:</span>_||><||_html:<span style='background-color: rgba(0.0, "
 "165.0, 0, 0.15); border-radius: 3px;' title='1.0'>_||> "
 "'<||_html:</span>_||><||_html:<span style='background-color: rgba(0.0, "
 "165.0, 0, 0.15); border-radius: 3px;' "
 "title='1.0'>_||>stock<||_html:</span>_||><||_html:<span "
 "style='background-color: rgba(0.0, 165.0, 0, 0.15); border-radius: 3px;' "
 "title='1.0'>_||>'<||_html:</span>_||><||_html:<span style='background-color: "
 "rgba(0.0, 165.0, 0, 0.15); border-radius: 3px;' title='1.0'>_||> "
 "field<||_html:</span>_||><||_html:<span style='background-color: rgba(0.0, "
 "165.0, 0, 0.15); border-radius: 3px;' "
 'title=\'1.0\'>_||>."<||_html:</span>_||><||_html:<span '
 "style='background-color: rgba(0.0, 165.0, 0, 0.15); border-radius: 3px;' "
 'title=\'1.0\'>_||>}]<||_html:</span>_||>,"release_notes":{"summary<||_html:<span '
 "style='background-color: rgba(0.0, 165.0, 0, 0.15); border-radius: 3px;' "
 'title=\'1.0\'>_||>":"<||_html:</span>_||><||_html:<span '
 "style='background-color: rgba(0.0, 165.0, 0, 0.15); border-radius: 3px;' "
 "title='1.0'>_||>The<||_html:</span>_||><||_html:<span "
 "style='background-color: rgba(0.0, 165.0, 0, 0.15); border-radius: 3px;' "
 "title='1.0'>_||> '<||_html:</span>_||><||_html:<span "
 "style='background-color: rgba(0.0, 165.0, 0, 0.15); border-radius: 3px;' "
 "title='1.0'>_||>get<||_html:</span>_||><||_html:<span "
 "style='background-color: rgba(0.0, 165.0, 0, 0.15); border-radius: 3px;' "
 "title='1.0'>_||>Product<||_html:</span>_||><||_html:<span "
 "style='background-color: rgba(0.0, 165.0, 0, 0.15); border-radius: 3px;' "
 "title='1.0'>_||>'<||_html:</span>_||><||_html:<span style='background-color: "
 "rgba(0.0, 165.0, 0, 0.15); border-radius: 3px;' title='1.0'>_||> "
 "query<||_html:</span>_||><||_html:<span style='background-color: rgba(0.0, "
 "165.0, 0, 0.15); border-radius: 3px;' title='1.0'>_||> "
 "now<||_html:</span>_||><||_html:<span style='background-color: rgba(0.0, "
 "165.0, 0, 0.15); border-radius: 3px;' title='1.0'>_||> "
 "includes<||_html:</span>_||><||_html:<span style='background-color: "
 "rgba(0.0, 165.0, 0, 0.15); border-radius: 3px;' title='1.0'>_||> "
 "a<||_html:</span>_||><||_html:<span style='background-color: rgba(0.0, "
 "165.0, 0, 0.15); border-radius: 3px;' title='1.0'>_||> "
 "new<||_html:</span>_||><||_html:<span style='background-color: rgba(0.0, "
 "165.0, 0, 0.15); border-radius: 3px;' title='1.0'>_||> "
 "field<||_html:</span>_||><||_html:<span style='background-color: rgba(0.0, "
 "165.0, 0, 0.15); border-radius: 3px;' title='1.0'>_||> "
 "'<||_html:</span>_||><||_html:<span style='background-color: rgba(0.0, "
 "165.0, 0, 0.15); border-radius: 3px;' "
 "title='1.0'>_||>details<||_html:</span>_||><||_html:<span "
 "style='background-color: rgba(0.0, 165.0, 0, 0.15); border-radius: 3px;' "
 "title='1.0'>_||>'<||_html:</span>_||><||_html:<span style='background-color: "
 "rgba(0.0, 165.0, 0, 0.15); border-radius: 3px;' title='1.0'>_||> "
 "of<||_html:</span>_||><||_html:<span style='background-color: rgba(0.0, "
 "165.0, 0, 0.15); border-radius: 3px;' title='1.0'>_||> "
 "type<||_html:</span>_||><||_html:<span style='background-color: rgba(0.0, "
 "165.0, 0, 0.15); border-radius: 3px;' title='1.0'>_||> "
 "String<||_html:</span>_||><||_html:<span style='background-color: rgba(0.0, "
 "165.0, 0, 0.15); border-radius: 3px;' "
 "title='1.0'>_||>.<||_html:</span>_||><||_html:<span style='background-color: "
 "rgba(0.0, 165.0, 0, 0.15); border-radius: 3px;' title='1.0'>_||> "
 "The<||_html:</span>_||><||_html:<span style='background-color: rgba(0.0, "
 "165.0, 0, 0.15); border-radius: 3px;' title='1.0'>_||> "
 "'<||_html:</span>_||><||_html:<span style='background-color: rgba(0.0, "
 "165.0, 0, 0.15); border-radius: 3px;' "
 "title='1.0'>_||>Product<||_html:</span>_||><||_html:<span "
 "style='background-color: rgba(0.0, 165.0, 0, 0.15); border-radius: 3px;' "
 "title='1.0'>_||>'<||_html:</span>_||><||_html:<span style='background-color: "
 "rgba(0.0, 165.0, 0, 0.15); border-radius: 3px;' title='1.0'>_||> "
 "type<||_html:</span>_||><||_html:<span style='background-color: rgba(0.0, "
 "165.0, 0, 0.15); border-radius: 3px;' title='1.0'>_||> "
 "no<||_html:</span>_||><||_html:<span style='background-color: rgba(0.0, "
 "165.0, 0, 0.15); border-radius: 3px;' title='1.0'>_||> "
 "longer<||_html:</span>_||><||_html:<span style='background-color: rgba(0.0, "
 "165.0, 0, 0.15); border-radius: 3px;' title='1.0'>_||> "
 "includes<||_html:</span>_||><||_html:<span style='background-color: "
 "rgba(0.0, 165.0, 0, 0.15); border-radius: 3px;' title='1.0'>_||> "
 "the<||_html:</span>_||><||_html:<span style='background-color: rgba(0.0, "
 "165.0, 0, 0.15); border-radius: 3px;' title='1.0'>_||>")
('Analyze the following two GraphQL schemas for changes, including both '
 'breaking and non-breaking changes.\n'
 '\n'
 '                        Provide your analysis in the following JSON format:\n'
 '                        {\n'
 '                          "changes": [\n'
 '                            {\n'
 '                              "type": "String representing the GraphQL type '
 '(e.g., Query, Mutation, Subscription)",\n'
 '                              "field": "String representing the specific '
 'field that changed",\n'
 '                              "change": "String describing the change (e.g., '
 'field renamed, new field added, field removed)",\n'
 '                              "breaking": "Boolean indicating if the change '
 'is breaking (true) or non-breaking (false)",\n'
 '                              "release_note": "String with a natural '
 'language description of the change for release notes"\n'
 '                            }\n'
 '                          ],\n'
 '                          "release_notes": {\n'
 '                              "summary": "String summarizing all changes, '
 'suitable for a mailing list or public announcement"\n'
 '                          }\n'
 '                        }\n'
 '\n'
 '                        When analyzing, consider the following types of '
 'changes:\n'
 '                        1. Removing fields or types (breaking)\n'
 '                        2. Changing field types (potentially breaking)\n'
 '                        3. Adding required fields (breaking)\n'
 '                        4. Changing the type of existing arguments '
 '(breaking)\n'
 '                        5. Adding optional fields (non-breaking)\n'
 '                        6. Adding new types (non-breaking)\n'
 '                        7. Deprecating fields (non-breaking)\n'
 '\n'
 '                        Ensure that each change is categorized correctly as '
 'breaking or non-breaking.: type Query {\n'
 '  getProduct(id: ID!): Product\n'
 '}\n'
 '\n'
 'type Product {\n'
 '  id: ID\n'
 '  name: String\n'
 '  description: String\n'
 '  price: Float\n'
 '  stock: Int\n'
 '}\n'
 ', type Query {\n'
 '  getProduct(id: ID!): Product\n'
 '}\n'
 '\n'
 'type Product {\n'
 '  id: ID\n'
 '  name: String\n'
 '  details: String\n'
 '  price: Float\n'
 '}\n'
 '\n'
 "Answer:<||_html:<span style='background-color: rgba(0.0, 165.0, 0, 0.15); "
 "border-radius: 3px;' title='1.0'>_||> {<||_html:</span>_||><||_html:<span "
 "style='background-color: rgba(0.0, 165.0, 0, 0.15); border-radius: 3px;' "
 "title='1.0'>_||>\n"
 "<||_html:</span>_||><||_html:<span style='background-color: rgba(0.0, 165.0, "
 "0, 0.15); border-radius: 3px;' title='1.0'>_||> "
 "<||_html:</span>_||><||_html:<span style='background-color: rgba(0.0, 165.0, "
 "0, 0.15); border-radius: 3px;' title='1.0'>_||> "
 '"<||_html:</span>_||><||_html:<span style=\'background-color: rgba(0.0, '
 "165.0, 0, 0.15); border-radius: 3px;' "
 "title='1.0'>_||>changes<||_html:</span>_||><||_html:<span "
 "style='background-color: rgba(0.0, 165.0, 0, 0.15); border-radius: 3px;' "
 'title=\'1.0\'>_||>":<||_html:</span>_||><||_html:<span '
 "style='background-color: rgba(0.0, 165.0, 0, 0.15); border-radius: 3px;' "
 "title='1.0'>_||> [<||_html:</span>_||><||_html:<span "
 "style='background-color: rgba(0.0, 165.0, 0, 0.15); border-radius: 3px;' "
 "title='1.0'>_||>\n"
 "<||_html:</span>_||><||_html:<span style='background-color: rgba(0.0, 165.0, "
 "0, 0.15); border-radius: 3px;' title='1.0'>_||>   "
 "<||_html:</span>_||><||_html:<span style='background-color: rgba(0.0, 165.0, "
 "0, 0.15); border-radius: 3px;' title='1.0'>_||> "
 "{<||_html:</span>_||><||_html:<span style='background-color: rgba(0.0, "
 "165.0, 0, 0.15); border-radius: 3px;' title='1.0'>_||>\n"
 "<||_html:</span>_||><||_html:<span style='background-color: rgba(0.0, 165.0, "
 "0, 0.15); border-radius: 3px;' title='1.0'>_||>     "
 "<||_html:</span>_||><||_html:<span style='background-color: rgba(0.0, 165.0, "
 "0, 0.15); border-radius: 3px;' title='1.0'>_||> "
 '"<||_html:</span>_||><||_html:<span style=\'background-color: rgba(0.0, '
 "165.0, 0, 0.15); border-radius: 3px;' "
 "title='1.0'>_||>type<||_html:</span>_||><||_html:<span "
 "style='background-color: rgba(0.0, 165.0, 0, 0.15); border-radius: 3px;' "
 'title=\'1.0\'>_||>":<||_html:</span>_||><||_html:<span '
 "style='background-color: rgba(0.0, 165.0, 0, 0.15); border-radius: 3px;' "
 'title=\'1.0\'>_||> "<||_html:</span>_||><||_html:<span '
 "style='background-color: rgba(0.0, 165.0, 0, 0.15); border-radius: 3px;' "
 "title='1.0'>_||>Query<||_html:</span>_||><||_html:<span "
 "style='background-color: rgba(0.0, 165.0, 0, 0.15); border-radius: 3px;' "
 'title=\'1.0\'>_||>",<||_html:</span>_||><||_html:<span '
 "style='background-color: rgba(0.0, 165.0, 0, 0.15); border-radius: 3px;' "
 "title='1.0'>_||>\n"
 "<||_html:</span>_||><||_html:<span style='background-color: rgba(0.0, 165.0, "
 "0, 0.15); border-radius: 3px;' title='1.0'>_||>     "
 "<||_html:</span>_||><||_html:<span style='background-color: rgba(0.0, 165.0, "
 "0, 0.15); border-radius: 3px;' title='1.0'>_||> "
 '"<||_html:</span>_||><||_html:<span style=\'background-color: rgba(0.0, '
 "165.0, 0, 0.15); border-radius: 3px;' "
 "title='1.0'>_||>field<||_html:</span>_||><||_html:<span "
 "style='background-color: rgba(0.0, 165.0, 0, 0.15); border-radius: 3px;' "
 'title=\'1.0\'>_||>":<||_html:</span>_||><||_html:<span '
 "style='background-color: rgba(0.0, 165.0, 0, 0.15); border-radius: 3px;' "
 'title=\'1.0\'>_||> "<||_html:</span>_||><||_html:<span '
 "style='background-color: rgba(0.0, 165.0, 0, 0.15); border-radius: 3px;' "
 "title='1.0'>_||>get<||_html:</span>_||><||_html:<span "
 "style='background-color: rgba(0.0, 165.0, 0, 0.15); border-radius: 3px;' "
 "title='1.0'>_||>Product<||_html:</span>_||><||_html:<span "
 "style='background-color: rgba(0.0, 165.0, 0, 0.15); border-radius: 3px;' "
 'title=\'1.0\'>_||>",<||_html:</span>_||><||_html:<span '
 "style='background-color: rgba(0.0, 165.0, 0, 0.15); border-radius: 3px;' "
 "title='1.0'>_||>\n"
 "<||_html:</span>_||><||_html:<span style='background-color: rgba(0.0, 165.0, "
 "0, 0.15); border-radius: 3px;' title='1.0'>_||>     "
 "<||_html:</span>_||><||_html:<span style='background-color: rgba(0.0, 165.0, "
 "0, 0.15); border-radius: 3px;' title='1.0'>_||> "
 '"<||_html:</span>_||><||_html:<span style=\'background-color: rgba(0.0, '
 "165.0, 0, 0.15); border-radius: 3px;' "
 "title='1.0'>_||>change<||_html:</span>_||><||_html:<span "
 "style='background-color: rgba(0.0, 165.0, 0, 0.15); border-radius: 3px;' "
 'title=\'1.0\'>_||>":<||_html:</span>_||><||_html:<span '
 "style='background-color: rgba(0.0, 165.0, 0, 0.15); border-radius: 3px;' "
 'title=\'1.0\'>_||> "<||_html:</span>_||><||_html:<span '
 "style='background-color: rgba(0.0, 165.0, 0, 0.15); border-radius: 3px;' "
 "title='1.0'>_||>field<||_html:</span>_||><||_html:<span "
 "style='background-color: rgba(0.0, 165.0, 0, 0.15); border-radius: 3px;' "
 "title='1.0'>_||> details<||_html:</span>_||><||_html:<span "
 "style='background-color: rgba(0.0, 165.0, 0, 0.15); border-radius: 3px;' "
 "title='1.0'>_||> added<||_html:</span>_||><||_html:<span "
 "style='background-color: rgba(0.0, 165.0, 0, 0.15); border-radius: 3px;' "
 'title=\'1.0\'>_||>",<||_html:</span>_||><||_html:<span '
 "style='background-color: rgba(0.0, 165.0, 0, 0.15); border-radius: 3px;' "
 "title='1.0'>_||>\n"
 "<||_html:</span>_||><||_html:<span style='background-color: rgba(0.0, 165.0, "
 "0, 0.15); border-radius: 3px;' title='1.0'>_||>     "
 "<||_html:</span>_||><||_html:<span style='background-color: rgba(0.0, 165.0, "
 "0, 0.15); border-radius: 3px;' title='1.0'>_||> "
 '"<||_html:</span>_||><||_html:<span style=\'background-color: rgba(0.0, '
 "165.0, 0, 0.15); border-radius: 3px;' "
 "title='1.0'>_||>breaking<||_html:</span>_||><||_html:<span "
 "style='background-color: rgba(0.0, 165.0, 0, 0.15); border-radius: 3px;' "
 'title=\'1.0\'>_||>":<||_html:</span>_||><||_html:<span '
 "style='background-color: rgba(0.0, 165.0, 0, 0.15); border-radius: 3px;' "
 'title=\'1.0\'>_||> "<||_html:</span>_||><||_html:<span '
 "style='background-color: rgba(0.0, 165.0, 0, 0.15); border-radius: 3px;' "
 "title='1.0'>_||>false<||_html:</span>_||><||_html:<span "
 "style='background-color: rgba(0.0, 165.0, 0, 0.15); border-radius: 3px;' "
 'title=\'1.0\'>_||>",<||_html:</span>_||><||_html:<span '
 "style='background-color: rgba(0.0, 165.0, 0, 0.15); border-radius: 3px;' "
 "title='1.0'>_||>\n"
 "<||_html:</span>_||><||_html:<span style='background-color: rgba(0.0, 165.0, "
 "0, 0.15); border-radius: 3px;' title='1.0'>_||>     "
 "<||_html:</span>_||><||_html:<span style='background-color: rgba(0.0, 165.0, "
 "0, 0.15); border-radius: 3px;' title='1.0'>_||> "
 '"<||_html:</span>_||><||_html:<span style=\'background-color: rgba(0.0, '
 "165.0, 0, 0.15); border-radius: 3px;' "
 "title='1.0'>_||>release<||_html:</span>_||><||_html:<span "
 "style='background-color: rgba(0.0, 165.0, 0, 0.15); border-radius: 3px;' "
 "title='1.0'>_||>_<||_html:</span>_||><||_html:<span style='background-color: "
 "rgba(0.0, 165.0, 0, 0.15); border-radius: 3px;' "
 "title='1.0'>_||>note<||_html:</span>_||><||_html:<span "
 "style='background-color: rgba(0.0, 165.0, 0, 0.15); border-radius: 3px;' "
 'title=\'1.0\'>_||>":<||_html:</span>_||><||_html:<span '
 "style='background-color: rgba(0.0, 165.0, 0, 0.15); border-radius: 3px;' "
 'title=\'1.0\'>_||> "<||_html:</span>_||><||_html:<span '
 "style='background-color: rgba(0.0, 165.0, 0, 0.15); border-radius: 3px;' "
 "title='1.0'>_||>The<||_html:</span>_||><||_html:<span "
 "style='background-color: rgba(0.0, 165.0, 0, 0.15); border-radius: 3px;' "
 "title='1.0'>_||> '<||_html:</span>_||><||_html:<span "
 "style='background-color: rgba(0.0, 165.0, 0, 0.15); border-radius: 3px;' "
 "title='1.0'>_||>get<||_html:</span>_||><||_html:<span "
 "style='background-color: rgba(0.0, 165.0, 0, 0.15); border-radius: 3px;' "
 "title='1.0'>_||>Product<||_html:</span>_||><||_html:<span "
 "style='background-color: rgba(0.0, 165.0, 0, 0.15); border-radius: 3px;' "
 "title='1.0'>_||>'<||_html:</span>_||><||_html:<span style='background-color: "
 "rgba(0.0, 165.0, 0, 0.15); border-radius: 3px;' title='1.0'>_||> "
 "query<||_html:</span>_||><||_html:<span style='background-color: rgba(0.0, "
 "165.0, 0, 0.15); border-radius: 3px;' title='1.0'>_||> "
 "now<||_html:</span>_||><||_html:<span style='background-color: rgba(0.0, "
 "165.0, 0, 0.15); border-radius: 3px;' title='1.0'>_||> "
 "includes<||_html:</span>_||><||_html:<span style='background-color: "
 "rgba(0.0, 165.0, 0, 0.15); border-radius: 3px;' title='1.0'>_||> "
 "a<||_html:</span>_||><||_html:<span style='background-color: rgba(0.0, "
 "165.0, 0, 0.15); border-radius: 3px;' title='1.0'>_||> "
 "new<||_html:</span>_||><||_html:<span style='background-color: rgba(0.0, "
 "165.0, 0, 0.15); border-radius: 3px;' title='1.0'>_||> "
 "field<||_html:</span>_||><||_html:<span style='background-color: rgba(0.0, "
 "165.0, 0, 0.15); border-radius: 3px;' title='1.0'>_||> "
 "'<||_html:</span>_||><||_html:<span style='background-color: rgba(0.0, "
 "165.0, 0, 0.15); border-radius: 3px;' "
 "title='1.0'>_||>details<||_html:</span>_||><||_html:<span "
 "style='background-color: rgba(0.0, 165.0, 0, 0.15); border-radius: 3px;' "
 "title='1.0'>_||>'<||_html:</span>_||><||_html:<span style='background-color: "
 "rgba(0.0, 165.0, 0, 0.15); border-radius: 3px;' title='1.0'>_||> "
 "of<||_html:</span>_||><||_html:<span style='background-color: rgba(0.0, "
 "165.0, 0, 0.15); border-radius: 3px;' title='1.0'>_||> "
 "type<||_html:</span>_||><||_html:<span style='background-color: rgba(0.0, "
 "165.0, 0, 0.15); border-radius: 3px;' title='1.0'>_||> "
 "String<||_html:</span>_||><||_html:<span style='background-color: rgba(0.0, "
 "165.0, 0, 0.15); border-radius: 3px;' "
 'title=\'1.0\'>_||>."<||_html:</span>_||><||_html:<span '
 "style='background-color: rgba(0.0, 165.0, 0, 0.15); border-radius: 3px;' "
 "title='1.0'>_||>\n"
 "<||_html:</span>_||><||_html:<span style='background-color: rgba(0.0, 165.0, "
 "0, 0.15); border-radius: 3px;' title='1.0'>_||>   "
 "<||_html:</span>_||><||_html:<span style='background-color: rgba(0.0, 165.0, "
 "0, 0.15); border-radius: 3px;' title='1.0'>_||> "
 "},<||_html:</span>_||><||_html:<span style='background-color: rgba(0.0, "
 "165.0, 0, 0.15); border-radius: 3px;' title='1.0'>_||>\n"
 "<||_html:</span>_||><||_html:<span style='background-color: rgba(0.0, 165.0, "
 "0, 0.15); border-radius: 3px;' title='1.0'>_||>   "
 "<||_html:</span>_||><||_html:<span style='background-color: rgba(0.0, 165.0, "
 "0, 0.15); border-radius: 3px;' title='1.0'>_||> "
 "{<||_html:</span>_||><||_html:<span style='background-color: rgba(0.0, "
 "165.0, 0, 0.15); border-radius: 3px;' title='1.0'>_||>\n"
 "<||_html:</span>_||><||_html:<span style='background-color: rgba(0.0, 165.0, "
 "0, 0.15); border-radius: 3px;' title='1.0'>_||>     "
 "<||_html:</span>_||><||_html:<span style='background-color: rgba(0.0, 165.0, "
 "0, 0.15); border-radius: 3px;' title='1.0'>_||> "
 '"<||_html:</span>_||><||_html:<span style=\'background-color: rgba(0.0, '
 "165.0, 0, 0.15); border-radius: 3px;' "
 "title='1.0'>_||>type<||_html:</span>_||><||_html:<span "
 "style='background-color: rgba(0.0, 165.0, 0, 0.15); border-radius: 3px;' "
 'title=\'1.0\'>_||>":<||_html:</span>_||><||_html:<span '
 "style='background-color: rgba(0.0, 165.0, 0, 0.15); border-radius: 3px;' "
 'title=\'1.0\'>_||> "<||_html:</span>_||><||_html:<span '
 "style='background-color: rgba(0.0, 165.0, 0, 0.15); border-radius: 3px;' "
 "title='1.0'>_||>Product<||_html:</span>_||><||_html:<span "
 "style='background-color: rgba(0.0, 165.0, 0, 0.15); border-radius: 3px;' "
 'title=\'1.0\'>_||>",<||_html:</span>_||><||_html:<span '
 "style='background-color: rgba(0.0, 165.0, 0, 0.15); border-radius: 3px;' "
 "title='1.0'>_||>\n"
 "<||_html:</span>_||><||_html:<span style='background-color: rgba(0.0, 165.0, "
 "0, 0.15); border-radius: 3px;' title='1.0'>_||>     "
 "<||_html:</span>_||><||_html:<span style='background-color: rgba(0.0, 165.0, "
 "0, 0.15); border-radius: 3px;' title='1.0'>_||> "
 '"<||_html:</span>_||><||_html:<span style=\'background-color: rgba(0.0, '
 "165.0, 0, 0.15); border-radius: 3px;' "
 "title='1.0'>_||>field<||_html:</span>_||><||_html:<span "
 "style='background-color: rgba(0.0, 165.0, 0, 0.15); border-radius: 3px;' "
 'title=\'1.0\'>_||>":<||_html:</span>_||><||_html:<span '
 "style='background-color: rgba(0.0, 165.0, 0, 0.15); border-radius: 3px;' "
 'title=\'1.0\'>_||> "<||_html:</span>_||><||_html:<span '
 "style='background-color: rgba(0.0, 165.0, 0, 0.15); border-radius: 3px;' "
 "title='1.0'>_||>description<||_html:</span>_||><||_html:<span "
 "style='background-color: rgba(0.0, 165.0, 0, 0.15); border-radius: 3px;' "
 'title=\'1.0\'>_||>",<||_html:</span>_||><||_html:<span '
 "style='background-color: rgba(0.0, 165.0, 0, 0.15); border-radius: 3px;' "
 "title='1.0'>_||>\n"
 "<||_html:</span>_||><||_html:<span style='background-color: rgba(0.0, 165.0, "
 "0, 0.15); border-radius: 3px;' title='1.0'>_||>     "
 "<||_html:</span>_||><||_html:<span style='background-color: rgba(0.0, 165.0, "
 "0, 0.15); border-radius: 3px;' title='1.0'>_||> "
 '"<||_html:</span>_||><||_html:<span style=\'background-color: rgba(0.0, '
 "165.0, 0, 0.15); border-radius: 3px;' "
 "title='1.0'>_||>change<||_html:</span>_||><||_html:<span "
 "style='background-color: rgba(0.0, 165.0, 0, 0.15); border-radius: 3px;' "
 'title=\'1.0\'>_||>":<||_html:</span>_||><||_html:<span '
 "style='background-color: rgba(0.0, 165.0, 0, 0.15); border-radius: 3px;' "
 'title=\'1.0\'>_||> "<||_html:</span>_||><||_html:<span '
 "style='background-color: rgba(0.0, 165.0, 0, 0.15); border-radius: 3px;' "
 "title='1.0'>_||>field<||_html:</span>_||><||_html:<span "
 "style='background-color: rgba(0.0, 165.0, 0, 0.15); border-radius: 3px;' "
 "title='1.0'>_||> removed<||_html:</span>_||><||_html:<span "
 "style='background-color: rgba(0.0, 165.0, 0, 0.15); border-radius: 3px;' "
 'title=\'1.0\'>_||>",<||_html:</span>_||><||_html:<span '
 "style='background-color: rgba(0.0, 165.0, 0, 0.15); border-radius: 3px;' "
 "title='1.0'>_||>\n"
 "<||_html:</span>_||><||_html:<span style='background-color: rgba(0.0, 165.0, "
 "0, 0.15); border-radius: 3px;' title='1.0'>_||>     "
 "<||_html:</span>_||><||_html:<span style='background-color: rgba(0.0, 165.0, "
 "0, 0.15); border-radius: 3px;' title='1.0'>_||> "
 '"<||_html:</span>_||><||_html:<span style=\'background-color: rgba(0.0, '
 "165.0, 0, 0.15); border-radius: 3px;' "
 "title='1.0'>_||>breaking<||_html:</span>_||><||_html:<span "
 "style='background-color: rgba(0.0, 165.0, 0, 0.15); border-radius: 3px;' "
 'title=\'1.0\'>_||>":<||_html:</span>_||><||_html:<span '
 "style='background-color: rgba(0.0, 165.0, 0, 0.15); border-radius: 3px;' "
 'title=\'1.0\'>_||> "<||_html:</span>_||><||_html:<span '
 "style='background-color: rgba(0.0, 165.0, 0, 0.15); border-radius: 3px;' "
 "title='1.0'>_||>true<||_html:</span>_||><||_html:<span "
 "style='background-color: rgba(0.0, 165.0, 0, 0.15); border-radius: 3px;' "
 'title=\'1.0\'>_||>",<||_html:</span>_||><||_html:<span '
 "style='background-color: rgba(0.0, 165.0, 0, 0.15); border-radius: 3px;' "
 "title='1.0'>_||>\n"
 "<||_html:</span>_||><||_html:<span style='background-color: rgba(0.0, 165.0, "
 "0, 0.15); border-radius: 3px;' title='1.0'>_||>     "
 "<||_html:</span>_||><||_html:<span style='background-color: rgba(0.0, 165.0, "
 "0, 0.15); border-radius: 3px;' title='1.0'>_||> "
 '"<||_html:</span>_||><||_html:<span style=\'background-color: rgba(0.0, '
 "165.0, 0, 0.15); border-radius: 3px;' "
 "title='1.0'>_||>release<||_html:</span>_||><||_html:<span "
 "style='background-color: rgba(0.0, 165.0, 0, 0.15); border-radius: 3px;' "
 "title='1.0'>_||>_<||_html:</span>_||><||_html:<span style='background-color: "
 "rgba(0.0, 165.0, 0, 0.15); border-radius: 3px;' "
 "title='1.0'>_||>note<||_html:</span>_||><||_html:<span "
 "style='background-color: rgba(0.0, 165.0, 0, 0.15); border-radius: 3px;' "
 'title=\'1.0\'>_||>":<||_html:</span>_||><||_html:<span '
 "style='background-color: rgba(0.0, 165.0, 0, 0.15); border-radius: 3px;' "
 'title=\'1.0\'>_||> "<||_html:</span>_||><||_html:<span '
 "style='background-color: rgba(0.0, 165.0, 0, 0.15); border-radius: 3px;' "
 "title='1.0'>_||>The<||_html:</span>_||><||_html:<span "
 "style='background-color: rgba(0.0, 165.0, 0, 0.15); border-radius: 3px;' "
 "title='1.0'>_||> '<||_html:</span>_||><||_html:<span "
 "style='background-color: rgba(0.0, 165.0, 0, 0.15); border-radius: 3px;' "
 "title='1.0'>_||>Product<||_html:</span>_||><||_html:<span "
 "style='background-color: rgba(0.0, 165.0, 0, 0.15); border-radius: 3px;' "
 "title='1.0'>_||>'<||_html:</span>_||><||_html:<span style='background-color: "
 "rgba(0.0, 165.0, 0, 0.15); border-radius: 3px;' title='1.0'>_||> "
 "type<||_html:</span>_||><||_html:<span style='background-color: rgba(0.0, "
 "165.0, 0, 0.15); border-radius: 3px;' title='1.0'>_||> "
 "no<||_html:</span>_||><||_html:<span style='background-color: rgba(0.0, "
 "165.0, 0, 0.15); border-radius: 3px;' title='1.0'>_||> "
 "longer<||_html:</span>_||><||_html:<span style='background-color: rgba(0.0, "
 "165.0, 0, 0.15); border-radius: 3px;' title='1.0'>_||> "
 "includes<||_html:</span>_||><||_html:<span style='background-color: "
 "rgba(0.0, 165.0, 0, 0.15); border-radius: 3px;' title='1.0'>_||> "
 "the<||_html:</span>_||><||_html:<span style='background-color: rgba(0.0, "
 "165.0, 0, 0.15); border-radius: 3px;' title='1.0'>_||> "
 "'<||_html:</span>_||><||_html:<span style='background-color: rgba(0.0, "
 "165.0, 0, 0.15); border-radius: 3px;' "
 "title='1.0'>_||>description<||_html:</span>_||><||_html:<span "
 "style='background-color: rgba(0.0, 165.0, 0, 0.15); border-radius: 3px;' "
 "title='1.0'>_||>'<||_html:</span>_||><||_html:<span style='background-color: "
 "rgba(0.0, 165.0, 0, 0.15); border-radius: 3px;' title='1.0'>_||> "
 "field<||_html:</span>_||><||_html:<span style='background-color: rgba(0.0, "
 "165.0, 0, 0.15); border-radius: 3px;' "
 'title=\'1.0\'>_||>."<||_html:</span>_||><||_html:<span '
 "style='background-color: rgba(0.0, 165.0, 0, 0.15); border-radius: 3px;' "
 "title='1.0'>_||>\n"
 "<||_html:</span>_||><||_html:<span style='background-color: rgba(0.0, 165.0, "
 "0, 0.15); border-radius: 3px;' title='1.0'>_||>   "
 "<||_html:</span>_||><||_html:<span style='background-color: rgba(0.0, 165.0, "
 "0, 0.15); border-radius: 3px;' title='1.0'>_||> "
 "},<||_html:</span>_||><||_html:<span style='background-color: rgba(0.0, "
 "165.0, 0, 0.15); border-radius: 3px;' title='1.0'>_||>\n"
 "<||_html:</span>_||><||_html:<span style='background-color: rgba(0.0, 165.0, "
 "0, 0.15); border-radius: 3px;' title='1.0'>_||>   "
 "<||_html:</span>_||><||_html:<span style='background-color: rgba(0.0, 165.0, "
 "0, 0.15); border-radius: 3px;' title='1.0'>_||> "
 "{<||_html:</span>_||><||_html:<span style='background-color: rgba(0.0, "
 "165.0, 0, 0.15); border-radius: 3px;' title='1.0'>_||>\n"
 "<||_html:</span>_||><||_html:<span style='background-color: rgba(0.0, 165.0, "
 "0, 0.15); border-radius: 3px;' title='1.0'>_||>     "
 "<||_html:</span>_||><||_html:<span style='background-color: rgba(0.0, 165.0, "
 "0, 0.15); border-radius: 3px;' title='1.0'>_||> "
 '"<||_html:</span>_||><||_html:<span style=\'background-color: rgba(0.0, '
 "165.0, 0, 0.15); border-radius: 3px;' "
 "title='1.0'>_||>type<||_html:</span>_||><||_html:<span "
 "style='background-color: rgba(0.0, 165.0, 0, 0.15); border-radius: 3px;' "
 'title=\'1.0\'>_||>":<||_html:</span>_||><||_html:<span '
 "style='background-color: rgba(0.0, 165.0, 0, 0.15); border-radius: 3px;' "
 'title=\'1.0\'>_||> "<||_html:</span>_||><||_html:<span '
 "style='background-color: rgba(0.0, 165.0, 0, 0.15); border-radius: 3px;' "
 "title='1.0'>_||>Product<||_html:</span>_||><||_html:<span "
 "style='background-color: rgba(0.0, 165.0, 0, 0.15); border-radius: 3px;' "
 'title=\'1.0\'>_||>",<||_html:</span>_||><||_html:<span '
 "style='background-color: rgba(0.0, 165.0, 0, 0.15); border-radius: 3px;' "
 "title='1.0'>_||>\n"
 "<||_html:</span>_||><||_html:<span style='background-color: rgba(0.0, 165.0, "
 "0, 0.15); border-radius: 3px;' title='1.0'>_||>     "
 "<||_html:</span>_||><||_html:<span style='background-color: rgba(0.0, 165.0, "
 "0, 0.15); border-radius: 3px;' title='1.0'>_||> "
 '"<||_html:</span>_||><||_html:<span style=\'background-color: rgba(0.0, '
 "165.0, 0, 0.15); border-radius: 3px;' "
 "title='1.0'>_||>field<||_html:</span>_||><||_html:<span "
 "style='background-color: rgba(0.0, 165.0, 0, 0.15); border-radius: 3px;' "
 'title=\'1.0\'>_||>":<||_html:</span>_||><||_html:<span '
 "style='background-color: rgba(0.0, 165.0, 0, 0.15); border-radius: 3px;' "
 'title=\'1.0\'>_||> "<||_html:</span>_||><||_html:<span '
 "style='background-color: rgba(0.0, 165.0, 0, 0.15); border-radius: 3px;' "
 "title='1.0'>_||>stock<||_html:</span>_||><||_html:<span "
 "style='background-color: rgba(0.0, 165.0, 0, 0.15); border-radius: 3px;' "
 'title=\'1.0\'>_||>",<||_html:</span>_||><||_html:<span '
 "style='background-color: rgba(0.0, 165.0, 0, 0.15); border-radius: 3px;' "
 "title='1.0'>_||>\n"
 "<||_html:</span>_||><||_html:<span style='background-color: rgba(0.0, 165.0, "
 "0, 0.15); border-radius: 3px;' title='1.0'>_||>     "
 "<||_html:</span>_||><||_html:<span style='background-color: rgba(0.0, 165.0, "
 "0, 0.15); border-radius: 3px;' title='1.0'>_||> "
 '"<||_html:</span>_||><||_html:<span style=\'background-color: rgba(0.0, '
 "165.0, 0, 0.15); border-radius: 3px;' "
 "title='1.0'>_||>change<||_html:</span>_||><||_html:<span "
 "style='background-color: rgba(0.0, 165.0, 0, 0.15); border-radius: 3px;' "
 'title=\'1.0\'>_||>":<||_html:</span>_||><||_html:<span '
 "style='background-color: rgba(0.0, 165.0, 0, 0.15); border-radius: 3px;' "
 'title=\'1.0\'>_||> "<||_html:</span>_||><||_html:<span '
 "style='background-color: rgba(0.0, 165.0, 0, 0.15); border-radius: 3px;' "
 "title='1.0'>_||>field<||_html:</span>_||><||_html:<span "
 "style='background-color: rgba(0.0, 165.0, 0, 0.15); border-radius: 3px;' "
 "title='1.0'>_||> removed<||_html:</span>_||><||_html:<span "
 "style='background-color: rgba(0.0, 165.0, 0, 0.15); border-radius: 3px;' "
 'title=\'1.0\'>_||>",<||_html:</span>_||><||_html:<span '
 "style='background-color: rgba(0.0, 165.0, 0, 0.15); border-radius: 3px;' "
 "title='1.0'>_||>\n"
 "<||_html:</span>_||><||_html:<span style='background-color: rgba(0.0, 165.0, "
 "0, 0.15); border-radius: 3px;' title='1.0'>_||>     "
 "<||_html:</span>_||><||_html:<span style='background-color: rgba(0.0, 165.0, "
 "0, 0.15); border-radius: 3px;' title='1.0'>_||> "
 '"<||_html:</span>_||><||_html:<span style=\'background-color: rgba(0.0, '
 "165.0, 0, 0.15); border-radius: 3px;' "
 "title='1.0'>_||>breaking<||_html:</span>_||><||_html:<span "
 "style='background-color: rgba(0.0, 165.0, 0, 0.15); border-radius: 3px;' "
 'title=\'1.0\'>_||>":<||_html:</span>_||><||_html:<span '
 "style='background-color: rgba(0.0, 165.0, 0, 0.15); border-radius: 3px;' "
 'title=\'1.0\'>_||> "<||_html:</span>_||><||_html:<span '
 "style='background-color: rgba(0.0, 165.0, 0, 0.15); border-radius: 3px;' "
 "title='1.0'>_||>true<||_html:</span>_||><||_html:<span "
 "style='background-color: rgba(0.0, 165.0, 0, 0.15); border-radius: 3px;' "
 'title=\'1.0\'>_||>",<||_html:</span>_||><||_html:<span '
 "style='background-color: rgba(0.0, 165.0, 0, 0.15); border-radius: 3px;' "
 "title='1.0'>_||>\n"
 "<||_html:</span>_||><||_html:<span style='background-color: rgba(0.0, 165.0, "
 "0, 0.15); border-radius: 3px;' title='1.0'>_||>     "
 "<||_html:</span>_||><||_html:<span style='background-color: rgba(0.0, 165.0, "
 "0, 0.15); border-radius: 3px;' title='1.0'>_||> "
 '"<||_html:</span>_||><||_html:<span style=\'background-color: rgba(0.0, '
 "165.0, 0, 0.15); border-radius: 3px;' "
 "title='1.0'>_||>release<||_html:</span>_||><||_html:<span "
 "style='background-color: rgba(0.0, 165.0, 0, 0.15); border-radius: 3px;' "
 "title='1.0'>_||>_<||_html:</span>_||><||_html:<span style='background-color: "
 "rgba(0.0, 165.0, 0, 0.15); border-radius: 3px;' "
 "title='1.0'>_||>note<||_html:</span>_||><||_html:<span "
 "style='background-color: rgba(0.0, 165.0, 0, 0.15); border-radius: 3px;' "
 'title=\'1.0\'>_||>":<||_html:</span>_||><||_html:<span '
 "style='background-color: rgba(0.0, 165.0, 0, 0.15); border-radius: 3px;' "
 'title=\'1.0\'>_||> "<||_html:</span>_||><||_html:<span '
 "style='background-color: rgba(0.0, 165.0, 0, 0.15); border-radius: 3px;' "
 "title='1.0'>_||>The<||_html:</span>_||><||_html:<span "
 "style='background-color: rgba(0.0, 165.0, 0, 0.15); border-radius: 3px;' "
 "title='1.0'>_||> '<||_html:</span>_||><||_html:<span "
 "style='background-color: rgba(0.0, 165.0, 0, 0.15); border-radius: 3px;' "
 "title='1.0'>_||>Product<||_html:</span>_||><||_html:<span "
 "style='background-color: rgba(0.0, 165.0, 0, 0.15); border-radius: 3px;' "
 "title='1.0'>_||>'<||_html:</span>_||><||_html:<span style='background-color: "
 "rgba(0.0, 165.0, 0, 0.15); border-radius: 3px;' title='1.0'>_||> "
 "type<||_html:</span>_||><||_html:<span style='background-color: rgba(0.0, "
 "165.0, 0, 0.15); border-radius: 3px;' title='1.0'>_||> "
 "no<||_html:</span>_||><||_html:<span style='background-color: rgba(0.0, "
 "165.0, 0, 0.15); border-radius: 3px;' title='1.0'>_||> "
 "longer<||_html:</span>_||><||_html:<span style='background-color: rgba(0.0, "
 "165.0, 0, 0.15); border-radius: 3px;' title='1.0'>_||> "
 "includes<||_html:</span>_||><||_html:<span style='background-color: "
 "rgba(0.0, 165.0, 0, 0.15); border-radius: 3px;' title='1.0'>_||> "
 "the<||_html:</span>_||><||_html:<span style='background-color: rgba(0.0, "
 "165.0, 0, 0.15); border-radius: 3px;' title='1.0'>_||> "
 "'<||_html:</span>_||><||_html:<span style='background-color: rgba(0.0, "
 "165.0, 0, 0.15); border-radius: 3px;' "
 "title='1.0'>_||>stock<||_html:</span>_||><||_html:<span "
 "style='background-color: rgba(0.0, 165.0, 0, 0.15); border-radius: 3px;' "
 "title='1.0'>_||>'<||_html:</span>_||><||_html:<span style='background-color: "
 "rgba(0.0, 165.0, 0, 0.15); border-radius: 3px;' title='1.0'>_||> "
 "field<||_html:</span>_||><||_html:<span style='background-color: rgba(0.0, "
 "165.0, 0, 0.15); border-radius: 3px;' "
 'title=\'1.0\'>_||>."<||_html:</span>_||><||_html:<span '
 "style='background-color: rgba(0.0, 165.0, 0, 0.15); border-radius: 3px;' "
 "title='1.0'>_||>\n"
 "<||_html:</span>_||><||_html:<span style='background-color: rgba(0.0, 165.0, "
 "0, 0.15); border-radius: 3px;' title='1.0'>_||>   "
 "<||_html:</span>_||><||_html:<span style='background-color: rgba(0.0, 165.0, "
 "0, 0.15); border-radius: 3px;' title='1.0'>_||> "
 "}<||_html:</span>_||><||_html:<span style='background-color: rgba(0.0, "
 "165.0, 0, 0.15); border-radius: 3px;' title='1.0'>_||>\n"
 "<||_html:</span>_||><||_html:<span style='background-color: rgba(0.0, 165.0, "
 "0, 0.15); border-radius: 3px;' title='1.0'>_||> "
 "<||_html:</span>_||><||_html:<span style='background-color: rgba(0.0, 165.0, "
 "0, 0.15); border-radius: 3px;' title='1.0'>_||> "
 "],<||_html:</span>_||><||_html:<span style='background-color: rgba(0.0, "
 "165.0, 0, 0.15); border-radius: 3px;' title='1.0'>_||>\n"
 "<||_html:</span>_||><||_html:<span style='background-color: rgba(0.0, 165.0, "
 "0, 0.15); border-radius: 3px;' title='1.0'>_||> "
 "<||_html:</span>_||><||_html:<span style='background-color: rgba(0.0, 165.0, "
 "0, 0.15); border-radius: 3px;' title='1.0'>_||> "
 '"<||_html:</span>_||><||_html:<span style=\'background-color: rgba(0.0, '
 "165.0, 0, 0.15); border-radius: 3px;' "
 "title='1.0'>_||>release<||_html:</span>_||><||_html:<span "
 "style='background-color: rgba(0.0, 165.0, 0, 0.15); border-radius: 3px;' "
 "title='1.0'>_||>_<||_html:</span>_||><||_html:<span style='background-color: "
 "rgba(0.0, 165.0, 0, 0.15); border-radius: 3px;' "
 "title='1.0'>_||>notes<||_html:</span>_||><||_html:<span "
 "style='background-color: rgba(0.0, 165.0, 0, 0.15); border-radius: 3px;' "
 'title=\'1.0\'>_||>":<||_html:</span>_||><||_html:<span '
 "style='background-color: rgba(0.0, 165.0, 0, 0.15); border-radius: 3px;' "
 "title='1.0'>_||> {<||_html:</span>_||><||_html:<span "
 "style='background-color: rgba(0.0, 165.0, 0, 0.15); border-radius: 3px;' "
 "title='1.0'>_||>\n"
 "<||_html:</span>_||><||_html:<span style='background-color: rgba(0.0, 165.0, "
 "0, 0.15); border-radius: 3px;' title='1.0'>_||>   "
 "<||_html:</span>_||><||_html:<span style='background-color: rgba(0.0, 165.0, "
 "0, 0.15); border-radius: 3px;' title='1.0'>_||> "
 '"<||_html:</span>_||><||_html:<span style=\'background-color: rgba(0.0, '
 "165.0, 0, 0.15); border-radius: 3px;' "
 "title='1.0'>_||>summary<||_html:</span>_||><||_html:<span "
 "style='background-color: rgba(0.0, 165.0, 0, 0.15); border-radius: 3px;' "
 'title=\'1.0\'>_||>":<||_html:</span>_||><||_html:<span '
 "style='background-color: rgba(0.0, 165.0, 0, 0.15); border-radius: 3px;' "
 'title=\'1.0\'>_||> "<||_html:</span>_||><||_html:<span '
 "style='background-color: rgba(0.0, 165.0, 0, 0.15); border-radius: 3px;' "
 "title='1.0'>_||>The<||_html:</span>_||><||_html:<span "
 "style='background-color: rgba(0.0, 165.0, 0, 0.15); border-radius: 3px;' "
 "title='1.0'>_||> '<||_html:</span>_||><||_html:<span "
 "style='background-color: rgba(0.0, 165.0, 0, 0.15); border-radius: 3px;' "
 "title='1.0'>_||>get<||_html:</span>_||><||_html:<span "
 "style='background-color: rgba(0.0, 165.0, 0, 0.15); border-radius: 3px;' "
 "title='1.0'>_||>Product<||_html:</span>_||><||_html:<span "
 "style='background-color: rgba(0.0, 165.0, 0, 0.15); border-radius: 3px;' "
 "title='1.0'>_||>'<||_html:</span>_||><||_html:<span style='background-color: "
 "rgba(0.0, 165.0, 0, 0.15); border-radius: 3px;' title='1.0'>_||> "
 "query<||_html:</span>_||><||_html:<span style='background-color: rgba(0.0, "
 "165.0, 0, 0.15); border-radius: 3px;' title='1.0'>_||> "
 "now<||_html:</span>_||><||_html:<span style='background-color: rgba(0.0, "
 "165.0, 0, 0.15); border-radius: 3px;' title='1.0'>_||> "
 "includes<||_html:</span>_||><||_html:<span style='background-color: "
 "rgba(0.0, 165.0, 0, 0.15); border-radius: 3px;' title='1.0'>_||> "
 "a<||_html:</span>_||><||_html:<span style='background-color: rgba(0.0, "
 "165.0, 0, 0.15); border-radius: 3px;' title='1.0'>_||> "
 "new<||_html:</span>_||><||_html:<span style='background-color: rgba(0.0, "
 "165.0, 0, 0.15); border-radius: 3px;' title='1.0'>_||> "
 "field<||_html:</span>_||><||_html:<span style='background-color: rgba(0.0, "
 "165.0, 0, 0.15); border-radius: 3px;' title='1.0'>_||> "
 "'<||_html:</span>_||><||_html:<span style='background-color: rgba(0.0, "
 "165.0, 0, 0.15); border-radius: 3px;' "
 "title='1.0'>_||>details<||_html:</span>_||><||_html:<span "
 "style='background-color: rgba(0.0, 165.0, 0, 0.15); border-radius: 3px;' "
 "title='1.0'>_||>'<||_html:</span>_||><||_html:<span style='background-color: "
 "rgba(0.0, 165.0, 0, 0.15); border-radius: 3px;' title='1.0'>_||> "
 "of<||_html:</span>_||><||_html:<span style='background-color: rgba(0.0, "
 "165.0, 0, 0.15); border-radius: 3px;' title='1.0'>_||> "
 "type<||_html:</span>_||><||_html:<span style='background-color: rgba(0.0, "
 "165.0, 0, 0.15); border-radius: 3px;' title='1.0'>_||> "
 "String<||_html:</span>_||><||_html:<span style='background-color: rgba(0.0, "
 "165.0, 0, 0.15); border-radius: 3px;' "
 "title='1.0'>_||>.<||_html:</span>_||><||_html:<span style='background-color: "
 "rgba(0.0, 165.0, 0, 0.15); border-radius: 3px;' title='1.0'>_||> "
 "The<||_html:</span>_||><||_html:<span style='background-color: rgba(0.0, "
 "165.0, 0, 0.15); border-radius: 3px;' title='1.0'>_||> "
 "'<||_html:</span>_||><||_html:<span style='background-color: rgba(0.0, "
 "165.0, 0, 0.15); border-radius: 3px;' "
 "title='1.0'>_||>Product<||_html:</span>_||><||_html:<span "
 "style='background-color: rgba(0.0, 165.0, 0, 0.15); border-radius: 3px;' "
 "title='1.0'>_||>'<||_html:</span>_||><||_html:<span style='background-color: "
 "rgba(0.0, 165.0, 0, 0.15); border-radius: 3px;' title='1.0'>_||> "
 "type<||_html:</span>_||><||_html:<span style='background-color: rgba(0.0, "
 "165.0, 0, 0.15); border-radius: 3px;' title='1.0'>_||> "
 "no<||_html:</span>_||><||_html:<span style='background-color: rgba(0.0, "
 "165.0, 0, 0.15); border-radius: 3px;' title='1.0'>_||> "
 "longer<||_html:</span>_||><||_html:<span style='background-color: rgba(0.0, "
 "165.0, 0, 0.15); border-radius: 3px;' title='1.0'>_||> "
 "includes<||_html:</span>_||><||_html:<span style='background-color: "
 "rgba(0.0, 165.0, 0, 0.15); border-radius: 3px;' title='1.0'>_||> "
 "the<||_html:</span>_||><||_html:<span style='background-color: rgba(0.0, "
 "165.0, 0, 0.15); border-radius: 3px;' title='1.0'>_||> "
 "'<||_html:</span>_||><||_html:<span style='background-color: rgba(0.0, "
 "165.0, 0, 0.15); border-radius: 3px;' "
 "title='1.0'>_||>description<||_html:</span>_||><||_html:<span "
 "style='background-color: rgba(0.0, 165.0, 0, 0.15); border-radius: 3px;' "
 "title='1.0'>_||>'<||_html:</span>_||><||_html:<span style='background-color: "
 "rgba(0.0, 165.0, 0, 0.15); border-radius: 3px;' title='1.0'>_||> "
 "and<||_html:</span>_||><||_html:<span style='background-color: rgba(0.0, "
 "165.0, 0, 0.15); border-radius: 3px;' title='1.0'>_||> "
 "'<||_html:</span>_||><||_html:<span style='background-color: rgba(0.0, "
 "165.0, 0, 0.15); border-radius: 3px;' "
 "title='1.0'>_||>stock<||_html:</span>_||><||_html:<span "
 "style='background-color: rgba(0.0, 165.0, 0, 0.15); border-radius: 3px;' "
 "title='1.0'>_||>'<||_html:</span>_||><||_html:<span style='background-color: "
 "rgba(0.0, 165.0, 0, 0.15); border-radius: 3px;' title='1.0'>_||> "
 "fields<||_html:</span>_||><||_html:<span style='background-color: rgba(0.0, "
 "165.0, 0, 0.15); border-radius: 3px;' "
 'title=\'1.0\'>_||>."<||_html:</span>_||><||_html:<span '
 "style='background-color: rgba(0.0, 165.0, 0, 0.15); border-radius: 3px;' "
 "title='1.0'>_||>\n"
 "<||_html:</span>_||><||_html:<span style='background-color: rgba(0.0, 165.0, "
 "0, 0.15); border-radius: 3px;' title='1.0'>_||> "
 "<||_html:</span>_||><||_html:<span style='background-color: rgba(0.0, 165.0, "
 "0, 0.15); border-radius: 3px;' title='1.0'>_||> "
 "}<||_html:</span>_||><||_html:<span style='background-color: rgba(0.0, "
 "165.0, 0, 0.15); border-radius: 3px;' title='1.0'>_||>\n"
 "<||_html:</span>_||><||_html:<span style='background-color: rgba(0.0, 165.0, "
 "0, 0.15); border-radius: 3px;' "
 'title=\'1.0\'>_||>}<||_html:</span>_||>{"changes":<||_html:<span '
 "style='background-color: rgba(0.0, 165.0, 0, 0.15); border-radius: 3px;' "
 "title='1.0'>_||>[<||_html:</span>_||><||_html:<span style='background-color: "
 "rgba(0.0, 165.0, 0, 0.15); border-radius: 3px;' "
 'title=\'1.0\'>_||>{"<||_html:</span>_||>type<||_html:<span '
 "style='background-color: rgba(0.0, 165.0, 0, 0.15); border-radius: 3px;' "
 'title=\'1.0\'>_||>":"<||_html:</span>_||><||_html:<span '
 "style='background-color: rgba(0.0, 165.0, 0, 0.15); border-radius: 3px;' "
 "title='1.0'>_||>Query<||_html:</span>_||><||_html:<span "
 "style='background-color: rgba(0.0, 165.0, 0, 0.15); border-radius: 3px;' "
 'title=\'1.0\'>_||>","<||_html:</span>_||>field<||_html:<span '
 "style='background-color: rgba(0.0, 165.0, 0, 0.15); border-radius: 3px;' "
 'title=\'1.0\'>_||>":"<||_html:</span>_||><||_html:<span '
 "style='background-color: rgba(0.0, 165.0, 0, 0.15); border-radius: 3px;' "
 "title='1.0'>_||>get<||_html:</span>_||><||_html:<span "
 "style='background-color: rgba(0.0, 165.0, 0, 0.15); border-radius: 3px;' "
 "title='1.0'>_||>Product<||_html:</span>_||><||_html:<span "
 "style='background-color: rgba(0.0, 165.0, 0, 0.15); border-radius: 3px;' "
 'title=\'1.0\'>_||>","<||_html:</span>_||>change<||_html:<span '
 "style='background-color: rgba(0.0, 165.0, 0, 0.15); border-radius: 3px;' "
 'title=\'1.0\'>_||>":"<||_html:</span>_||><||_html:<span '
 "style='background-color: rgba(0.0, 165.0, 0, 0.15); border-radius: 3px;' "
 "title='1.0'>_||>field<||_html:</span>_||><||_html:<span "
 "style='background-color: rgba(0.0, 165.0, 0, 0.15); border-radius: 3px;' "
 "title='1.0'>_||> details<||_html:</span>_||><||_html:<span "
 "style='background-color: rgba(0.0, 165.0, 0, 0.15); border-radius: 3px;' "
 "title='1.0'>_||> added<||_html:</span>_||><||_html:<span "
 "style='background-color: rgba(0.0, 165.0, 0, 0.15); border-radius: 3px;' "
 'title=\'1.0\'>_||>","<||_html:</span>_||>breaking<||_html:<span '
 "style='background-color: rgba(0.0, 165.0, 0, 0.15); border-radius: 3px;' "
 'title=\'1.0\'>_||>":<||_html:</span>_||><||_html:<span '
 "style='background-color: rgba(0.0, 165.0, 0, 0.15); border-radius: 3px;' "
 'title=\'1.0\'>_||>false<||_html:</span>_||>,"release_note<||_html:<span '
 "style='background-color: rgba(0.0, 165.0, 0, 0.15); border-radius: 3px;' "
 'title=\'1.0\'>_||>":"<||_html:</span>_||><||_html:<span '
 "style='background-color: rgba(0.0, 165.0, 0, 0.15); border-radius: 3px;' "
 "title='1.0'>_||>The<||_html:</span>_||><||_html:<span "
 "style='background-color: rgba(0.0, 165.0, 0, 0.15); border-radius: 3px;' "
 "title='1.0'>_||> '<||_html:</span>_||><||_html:<span "
 "style='background-color: rgba(0.0, 165.0, 0, 0.15); border-radius: 3px;' "
 "title='1.0'>_||>get<||_html:</span>_||><||_html:<span "
 "style='background-color: rgba(0.0, 165.0, 0, 0.15); border-radius: 3px;' "
 "title='1.0'>_||>Product<||_html:</span>_||><||_html:<span "
 "style='background-color: rgba(0.0, 165.0, 0, 0.15); border-radius: 3px;' "
 "title='1.0'>_||>'<||_html:</span>_||><||_html:<span style='background-color: "
 "rgba(0.0, 165.0, 0, 0.15); border-radius: 3px;' title='1.0'>_||> "
 "query<||_html:</span>_||><||_html:<span style='background-color: rgba(0.0, "
 "165.0, 0, 0.15); border-radius: 3px;' title='1.0'>_||> "
 "now<||_html:</span>_||><||_html:<span style='background-color: rgba(0.0, "
 "165.0, 0, 0.15); border-radius: 3px;' title='1.0'>_||> "
 "includes<||_html:</span>_||><||_html:<span style='background-color: "
 "rgba(0.0, 165.0, 0, 0.15); border-radius: 3px;' title='1.0'>_||> "
 "a<||_html:</span>_||><||_html:<span style='background-color: rgba(0.0, "
 "165.0, 0, 0.15); border-radius: 3px;' title='1.0'>_||> "
 "new<||_html:</span>_||><||_html:<span style='background-color: rgba(0.0, "
 "165.0, 0, 0.15); border-radius: 3px;' title='1.0'>_||> "
 "field<||_html:</span>_||><||_html:<span style='background-color: rgba(0.0, "
 "165.0, 0, 0.15); border-radius: 3px;' title='1.0'>_||> "
 "'<||_html:</span>_||><||_html:<span style='background-color: rgba(0.0, "
 "165.0, 0, 0.15); border-radius: 3px;' "
 "title='1.0'>_||>details<||_html:</span>_||><||_html:<span "
 "style='background-color: rgba(0.0, 165.0, 0, 0.15); border-radius: 3px;' "
 "title='1.0'>_||>'<||_html:</span>_||><||_html:<span style='background-color: "
 "rgba(0.0, 165.0, 0, 0.15); border-radius: 3px;' title='1.0'>_||> "
 "of<||_html:</span>_||><||_html:<span style='background-color: rgba(0.0, "
 "165.0, 0, 0.15); border-radius: 3px;' title='1.0'>_||> "
 "type<||_html:</span>_||><||_html:<span style='background-color: rgba(0.0, "
 "165.0, 0, 0.15); border-radius: 3px;' title='1.0'>_||> "
 "String<||_html:</span>_||><||_html:<span style='background-color: rgba(0.0, "
 "165.0, 0, 0.15); border-radius: 3px;' "
 'title=\'1.0\'>_||>."<||_html:</span>_||><||_html:<span '
 "style='background-color: rgba(0.0, 165.0, 0, 0.15); border-radius: 3px;' "
 'title=\'1.0\'>_||>},<||_html:</span>_||>{"type<||_html:<span '
 "style='background-color: rgba(0.0, 165.0, 0, 0.15); border-radius: 3px;' "
 'title=\'1.0\'>_||>":"<||_html:</span>_||><||_html:<span '
 "style='background-color: rgba(0.0, 165.0, 0, 0.15); border-radius: 3px;' "
 "title='1.0'>_||>Product<||_html:</span>_||><||_html:<span "
 "style='background-color: rgba(0.0, 165.0, 0, 0.15); border-radius: 3px;' "
 'title=\'1.0\'>_||>","<||_html:</span>_||>field<||_html:<span '
 "style='background-color: rgba(0.0, 165.0, 0, 0.15); border-radius: 3px;' "
 'title=\'1.0\'>_||>":"<||_html:</span>_||><||_html:<span '
 "style='background-color: rgba(0.0, 165.0, 0, 0.15); border-radius: 3px;' "
 "title='1.0'>_||>description<||_html:</span>_||><||_html:<span "
 "style='background-color: rgba(0.0, 165.0, 0, 0.15); border-radius: 3px;' "
 'title=\'1.0\'>_||>","<||_html:</span>_||>change<||_html:<span '
 "style='background-color: rgba(0.0, 165.0, 0, 0.15); border-radius: 3px;' "
 'title=\'1.0\'>_||>":"<||_html:</span>_||><||_html:<span '
 "style='background-color: rgba(0.0, 165.0, 0, 0.15); border-radius: 3px;' "
 "title='1.0'>_||>field<||_html:</span>_||><||_html:<span "
 "style='background-color: rgba(0.0, 165.0, 0, 0.15); border-radius: 3px;' "
 "title='1.0'>_||> removed<||_html:</span>_||><||_html:<span "
 "style='background-color: rgba(0.0, 165.0, 0, 0.15); border-radius: 3px;' "
 'title=\'1.0\'>_||>","<||_html:</span>_||>breaking<||_html:<span '
 "style='background-color: rgba(0.0, 165.0, 0, 0.15); border-radius: 3px;' "
 'title=\'1.0\'>_||>":<||_html:</span>_||><||_html:<span '
 "style='background-color: rgba(0.0, 165.0, 0, 0.15); border-radius: 3px;' "
 'title=\'1.0\'>_||>true<||_html:</span>_||>,"release_note<||_html:<span '
 "style='background-color: rgba(0.0, 165.0, 0, 0.15); border-radius: 3px;' "
 'title=\'1.0\'>_||>":"<||_html:</span>_||><||_html:<span '
 "style='background-color: rgba(0.0, 165.0, 0, 0.15); border-radius: 3px;' "
 "title='1.0'>_||>The<||_html:</span>_||><||_html:<span "
 "style='background-color: rgba(0.0, 165.0, 0, 0.15); border-radius: 3px;' "
 "title='1.0'>_||> '<||_html:</span>_||><||_html:<span "
 "style='background-color: rgba(0.0, 165.0, 0, 0.15); border-radius: 3px;' "
 "title='1.0'>_||>Product<||_html:</span>_||><||_html:<span "
 "style='background-color: rgba(0.0, 165.0, 0, 0.15); border-radius: 3px;' "
 "title='1.0'>_||>'<||_html:</span>_||><||_html:<span style='background-color: "
 "rgba(0.0, 165.0, 0, 0.15); border-radius: 3px;' title='1.0'>_||> "
 "type<||_html:</span>_||><||_html:<span style='background-color: rgba(0.0, "
 "165.0, 0, 0.15); border-radius: 3px;' title='1.0'>_||> "
 "no<||_html:</span>_||><||_html:<span style='background-color: rgba(0.0, "
 "165.0, 0, 0.15); border-radius: 3px;' title='1.0'>_||> "
 "longer<||_html:</span>_||><||_html:<span style='background-color: rgba(0.0, "
 "165.0, 0, 0.15); border-radius: 3px;' title='1.0'>_||> "
 "includes<||_html:</span>_||><||_html:<span style='background-color: "
 "rgba(0.0, 165.0, 0, 0.15); border-radius: 3px;' title='1.0'>_||> "
 "the<||_html:</span>_||><||_html:<span style='background-color: rgba(0.0, "
 "165.0, 0, 0.15); border-radius: 3px;' title='1.0'>_||> "
 "'<||_html:</span>_||><||_html:<span style='background-color: rgba(0.0, "
 "165.0, 0, 0.15); border-radius: 3px;' "
 "title='1.0'>_||>description<||_html:</span>_||><||_html:<span "
 "style='background-color: rgba(0.0, 165.0, 0, 0.15); border-radius: 3px;' "
 "title='1.0'>_||>'<||_html:</span>_||><||_html:<span style='background-color: "
 "rgba(0.0, 165.0, 0, 0.15); border-radius: 3px;' title='1.0'>_||> "
 "field<||_html:</span>_||><||_html:<span style='background-color: rgba(0.0, "
 "165.0, 0, 0.15); border-radius: 3px;' "
 'title=\'1.0\'>_||>."<||_html:</span>_||><||_html:<span '
 "style='background-color: rgba(0.0, 165.0, 0, 0.15); border-radius: 3px;' "
 'title=\'1.0\'>_||>},<||_html:</span>_||>{"type<||_html:<span '
 "style='background-color: rgba(0.0, 165.0, 0, 0.15); border-radius: 3px;' "
 'title=\'1.0\'>_||>":"<||_html:</span>_||><||_html:<span '
 "style='background-color: rgba(0.0, 165.0, 0, 0.15); border-radius: 3px;' "
 "title='1.0'>_||>Product<||_html:</span>_||><||_html:<span "
 "style='background-color: rgba(0.0, 165.0, 0, 0.15); border-radius: 3px;' "
 'title=\'1.0\'>_||>","<||_html:</span>_||>field<||_html:<span '
 "style='background-color: rgba(0.0, 165.0, 0, 0.15); border-radius: 3px;' "
 'title=\'1.0\'>_||>":"<||_html:</span>_||><||_html:<span '
 "style='background-color: rgba(0.0, 165.0, 0, 0.15); border-radius: 3px;' "
 "title='1.0'>_||>stock<||_html:</span>_||><||_html:<span "
 "style='background-color: rgba(0.0, 165.0, 0, 0.15); border-radius: 3px;' "
 'title=\'1.0\'>_||>","<||_html:</span>_||>change<||_html:<span '
 "style='background-color: rgba(0.0, 165.0, 0, 0.15); border-radius: 3px;' "
 'title=\'1.0\'>_||>":"<||_html:</span>_||><||_html:<span '
 "style='background-color: rgba(0.0, 165.0, 0, 0.15); border-radius: 3px;' "
 "title='1.0'>_||>field<||_html:</span>_||><||_html:<span "
 "style='background-color: rgba(0.0, 165.0, 0, 0.15); border-radius: 3px;' "
 "title='1.0'>_||> removed<||_html:</span>_||><||_html:<span "
 "style='background-color: rgba(0.0, 165.0, 0, 0.15); border-radius: 3px;' "
 'title=\'1.0\'>_||>","<||_html:</span>_||>breaking<||_html:<span '
 "style='background-color: rgba(0.0, 165.0, 0, 0.15); border-radius: 3px;' "
 'title=\'1.0\'>_||>":<||_html:</span>_||><||_html:<span '
 "style='background-color: rgba(0.0, 165.0, 0, 0.15); border-radius: 3px;' "
 'title=\'1.0\'>_||>true<||_html:</span>_||>,"release_note<||_html:<span '
 "style='background-color: rgba(0.0, 165.0, 0, 0.15); border-radius: 3px;' "
 'title=\'1.0\'>_||>":"<||_html:</span>_||><||_html:<span '
 "style='background-color: rgba(0.0, 165.0, 0, 0.15); border-radius: 3px;' "
 "title='1.0'>_||>The<||_html:</span>_||><||_html:<span "
 "style='background-color: rgba(0.0, 165.0, 0, 0.15); border-radius: 3px;' "
 "title='1.0'>_||> '<||_html:</span>_||><||_html:<span "
 "style='background-color: rgba(0.0, 165.0, 0, 0.15); border-radius: 3px;' "
 "title='1.0'>_||>Product<||_html:</span>_||><||_html:<span "
 "style='background-color: rgba(0.0, 165.0, 0, 0.15); border-radius: 3px;' "
 "title='1.0'>_||>'<||_html:</span>_||><||_html:<span style='background-color: "
 "rgba(0.0, 165.0, 0, 0.15); border-radius: 3px;' title='1.0'>_||> "
 "type<||_html:</span>_||><||_html:<span style='background-color: rgba(0.0, "
 "165.0, 0, 0.15); border-radius: 3px;' title='1.0'>_||> "
 "no<||_html:</span>_||><||_html:<span style='background-color: rgba(0.0, "
 "165.0, 0, 0.15); border-radius: 3px;' title='1.0'>_||> "
 "longer<||_html:</span>_||><||_html:<span style='background-color: rgba(0.0, "
 "165.0, 0, 0.15); border-radius: 3px;' title='1.0'>_||> "
 "includes<||_html:</span>_||><||_html:<span style='background-color: "
 "rgba(0.0, 165.0, 0, 0.15); border-radius: 3px;' title='1.0'>_||> "
 "the<||_html:</span>_||><||_html:<span style='background-color: rgba(0.0, "
 "165.0, 0, 0.15); border-radius: 3px;' title='1.0'>_||> "
 "'<||_html:</span>_||><||_html:<span style='background-color: rgba(0.0, "
 "165.0, 0, 0.15); border-radius: 3px;' "
 "title='1.0'>_||>stock<||_html:</span>_||><||_html:<span "
 "style='background-color: rgba(0.0, 165.0, 0, 0.15); border-radius: 3px;' "
 "title='1.0'>_||>'<||_html:</span>_||><||_html:<span style='background-color: "
 "rgba(0.0, 165.0, 0, 0.15); border-radius: 3px;' title='1.0'>_||> "
 "field<||_html:</span>_||><||_html:<span style='background-color: rgba(0.0, "
 "165.0, 0, 0.15); border-radius: 3px;' "
 'title=\'1.0\'>_||>."<||_html:</span>_||><||_html:<span '
 "style='background-color: rgba(0.0, 165.0, 0, 0.15); border-radius: 3px;' "
 'title=\'1.0\'>_||>}]<||_html:</span>_||>,"release_notes":{"summary<||_html:<span '
 "style='background-color: rgba(0.0, 165.0, 0, 0.15); border-radius: 3px;' "
 'title=\'1.0\'>_||>":"<||_html:</span>_||><||_html:<span '
 "style='background-color: rgba(0.0, 165.0, 0, 0.15); border-radius: 3px;' "
 "title='1.0'>_||>The<||_html:</span>_||><||_html:<span "
 "style='background-color: rgba(0.0, 165.0, 0, 0.15); border-radius: 3px;' "
 "title='1.0'>_||> '<||_html:</span>_||><||_html:<span "
 "style='background-color: rgba(0.0, 165.0, 0, 0.15); border-radius: 3px;' "
 "title='1.0'>_||>get<||_html:</span>_||><||_html:<span "
 "style='background-color: rgba(0.0, 165.0, 0, 0.15); border-radius: 3px;' "
 "title='1.0'>_||>Product<||_html:</span>_||><||_html:<span "
 "style='background-color: rgba(0.0, 165.0, 0, 0.15); border-radius: 3px;' "
 "title='1.0'>_||>'<||_html:</span>_||><||_html:<span style='background-color: "
 "rgba(0.0, 165.0, 0, 0.15); border-radius: 3px;' title='1.0'>_||> "
 "query<||_html:</span>_||><||_html:<span style='background-color: rgba(0.0, "
 "165.0, 0, 0.15); border-radius: 3px;' title='1.0'>_||> "
 "now<||_html:</span>_||><||_html:<span style='background-color: rgba(0.0, "
 "165.0, 0, 0.15); border-radius: 3px;' title='1.0'>_||> "
 "includes<||_html:</span>_||><||_html:<span style='background-color: "
 "rgba(0.0, 165.0, 0, 0.15); border-radius: 3px;' title='1.0'>_||> "
 "a<||_html:</span>_||><||_html:<span style='background-color: rgba(0.0, "
 "165.0, 0, 0.15); border-radius: 3px;' title='1.0'>_||> "
 "new<||_html:</span>_||><||_html:<span style='background-color: rgba(0.0, "
 "165.0, 0, 0.15); border-radius: 3px;' title='1.0'>_||> "
 "field<||_html:</span>_||><||_html:<span style='background-color: rgba(0.0, "
 "165.0, 0, 0.15); border-radius: 3px;' title='1.0'>_||> "
 "'<||_html:</span>_||><||_html:<span style='background-color: rgba(0.0, "
 "165.0, 0, 0.15); border-radius: 3px;' "
 "title='1.0'>_||>details<||_html:</span>_||><||_html:<span "
 "style='background-color: rgba(0.0, 165.0, 0, 0.15); border-radius: 3px;' "
 "title='1.0'>_||>'<||_html:</span>_||><||_html:<span style='background-color: "
 "rgba(0.0, 165.0, 0, 0.15); border-radius: 3px;' title='1.0'>_||> "
 "of<||_html:</span>_||><||_html:<span style='background-color: rgba(0.0, "
 "165.0, 0, 0.15); border-radius: 3px;' title='1.0'>_||> "
 "type<||_html:</span>_||><||_html:<span style='background-color: rgba(0.0, "
 "165.0, 0, 0.15); border-radius: 3px;' title='1.0'>_||> "
 "String<||_html:</span>_||><||_html:<span style='background-color: rgba(0.0, "
 "165.0, 0, 0.15); border-radius: 3px;' "
 "title='1.0'>_||>.<||_html:</span>_||><||_html:<span style='background-color: "
 "rgba(0.0, 165.0, 0, 0.15); border-radius: 3px;' title='1.0'>_||> "
 "The<||_html:</span>_||><||_html:<span style='background-color: rgba(0.0, "
 "165.0, 0, 0.15); border-radius: 3px;' title='1.0'>_||> "
 "'<||_html:</span>_||><||_html:<span style='background-color: rgba(0.0, "
 "165.0, 0, 0.15); border-radius: 3px;' "
 "title='1.0'>_||>Product<||_html:</span>_||><||_html:<span "
 "style='background-color: rgba(0.0, 165.0, 0, 0.15); border-radius: 3px;' "
 "title='1.0'>_||>'<||_html:</span>_||><||_html:<span style='background-color: "
 "rgba(0.0, 165.0, 0, 0.15); border-radius: 3px;' title='1.0'>_||> "
 "type<||_html:</span>_||><||_html:<span style='background-color: rgba(0.0, "
 "165.0, 0, 0.15); border-radius: 3px;' title='1.0'>_||> "
 "no<||_html:</span>_||><||_html:<span style='background-color: rgba(0.0, "
 "165.0, 0, 0.15); border-radius: 3px;' title='1.0'>_||> "
 "longer<||_html:</span>_||><||_html:<span style='background-color: rgba(0.0, "
 "165.0, 0, 0.15); border-radius: 3px;' title='1.0'>_||> "
 "includes<||_html:</span>_||><||_html:<span style='background-color: "
 "rgba(0.0, 165.0, 0, 0.15); border-radius: 3px;' title='1.0'>_||> "
 "the<||_html:</span>_||><||_html:<span style='background-color: rgba(0.0, "
 "165.0, 0, 0.15); border-radius: 3px;' title='1.0'>_||> "
 "'<||_html:</span>_||><||_html:<span style='background-color: rgba(0.0, "
 "165.0, 0, 0.15); border-radius: 3px;' "
 "title='1.0'>_||>description<||_html:</span>_||><||_html:<span "
 "style='background-color: rgba(0.0, 165.0, 0, 0.15); border-radius: 3px;' "
 "title='1.0'>_||>")
('Analyze the following two GraphQL schemas for changes, including both '
 'breaking and non-breaking changes.\n'
 '\n'
 '                        Provide your analysis in the following JSON format:\n'
 '                        {\n'
 '                          "changes": [\n'
 '                            {\n'
 '                              "type": "String representing the GraphQL type '
 '(e.g., Query, Mutation, Subscription)",\n'
 '                              "field": "String representing the specific '
 'field that changed",\n'
 '                              "change": "String describing the change (e.g., '
 'field renamed, new field added, field removed)",\n'
 '                              "breaking": "Boolean indicating if the change '
 'is breaking (true) or non-breaking (false)",\n'
 '                              "release_note": "String with a natural '
 'language description of the change for release notes"\n'
 '                            }\n'
 '                          ],\n'
 '                          "release_notes": {\n'
 '                              "summary": "String summarizing all changes, '
 'suitable for a mailing list or public announcement"\n'
 '                          }\n'
 '                        }\n'
 '\n'
 '                        When analyzing, consider the following types of '
 'changes:\n'
 '                        1. Removing fields or types (breaking)\n'
 '                        2. Changing field types (potentially breaking)\n'
 '                        3. Adding required fields (breaking)\n'
 '                        4. Changing the type of existing arguments '
 '(breaking)\n'
 '                        5. Adding optional fields (non-breaking)\n'
 '                        6. Adding new types (non-breaking)\n'
 '                        7. Deprecating fields (non-breaking)\n'
 '\n'
 '                        Ensure that each change is categorized correctly as '
 'breaking or non-breaking.: type Query {\n'
 '  getProduct(id: ID!): Product\n'
 '}\n'
 '\n'
 'type Product {\n'
 '  id: ID\n'
 '  name: String\n'
 '  description: String\n'
 '  price: Float\n'
 '  stock: Int\n'
 '}\n'
 ', type Query {\n'
 '  getProduct(id: ID!): Product\n'
 '}\n'
 '\n'
 'type Product {\n'
 '  id: ID\n'
 '  name: String\n'
 '  details: String\n'
 '  price: Float\n'
 '}\n'
 '\n'
 "Answer:<||_html:<span style='background-color: rgba(0.0, 165.0, 0, 0.15); "
 "border-radius: 3px;' title='1.0'>_||> {<||_html:</span>_||><||_html:<span "
 "style='background-color: rgba(0.0, 165.0, 0, 0.15); border-radius: 3px;' "
 "title='1.0'>_||>\n"
 "<||_html:</span>_||><||_html:<span style='background-color: rgba(0.0, 165.0, "
 "0, 0.15); border-radius: 3px;' title='1.0'>_||> "
 "<||_html:</span>_||><||_html:<span style='background-color: rgba(0.0, 165.0, "
 "0, 0.15); border-radius: 3px;' title='1.0'>_||> "
 '"<||_html:</span>_||><||_html:<span style=\'background-color: rgba(0.0, '
 "165.0, 0, 0.15); border-radius: 3px;' "
 "title='1.0'>_||>changes<||_html:</span>_||><||_html:<span "
 "style='background-color: rgba(0.0, 165.0, 0, 0.15); border-radius: 3px;' "
 'title=\'1.0\'>_||>":<||_html:</span>_||><||_html:<span '
 "style='background-color: rgba(0.0, 165.0, 0, 0.15); border-radius: 3px;' "
 "title='1.0'>_||> [<||_html:</span>_||><||_html:<span "
 "style='background-color: rgba(0.0, 165.0, 0, 0.15); border-radius: 3px;' "
 "title='1.0'>_||>\n"
 "<||_html:</span>_||><||_html:<span style='background-color: rgba(0.0, 165.0, "
 "0, 0.15); border-radius: 3px;' title='1.0'>_||>   "
 "<||_html:</span>_||><||_html:<span style='background-color: rgba(0.0, 165.0, "
 "0, 0.15); border-radius: 3px;' title='1.0'>_||> "
 "{<||_html:</span>_||><||_html:<span style='background-color: rgba(0.0, "
 "165.0, 0, 0.15); border-radius: 3px;' title='1.0'>_||>\n"
 "<||_html:</span>_||><||_html:<span style='background-color: rgba(0.0, 165.0, "
 "0, 0.15); border-radius: 3px;' title='1.0'>_||>     "
 "<||_html:</span>_||><||_html:<span style='background-color: rgba(0.0, 165.0, "
 "0, 0.15); border-radius: 3px;' title='1.0'>_||> "
 '"<||_html:</span>_||><||_html:<span style=\'background-color: rgba(0.0, '
 "165.0, 0, 0.15); border-radius: 3px;' "
 "title='1.0'>_||>type<||_html:</span>_||><||_html:<span "
 "style='background-color: rgba(0.0, 165.0, 0, 0.15); border-radius: 3px;' "
 'title=\'1.0\'>_||>":<||_html:</span>_||><||_html:<span '
 "style='background-color: rgba(0.0, 165.0, 0, 0.15); border-radius: 3px;' "
 'title=\'1.0\'>_||> "<||_html:</span>_||><||_html:<span '
 "style='background-color: rgba(0.0, 165.0, 0, 0.15); border-radius: 3px;' "
 "title='1.0'>_||>Query<||_html:</span>_||><||_html:<span "
 "style='background-color: rgba(0.0, 165.0, 0, 0.15); border-radius: 3px;' "
 'title=\'1.0\'>_||>",<||_html:</span>_||><||_html:<span '
 "style='background-color: rgba(0.0, 165.0, 0, 0.15); border-radius: 3px;' "
 "title='1.0'>_||>\n"
 "<||_html:</span>_||><||_html:<span style='background-color: rgba(0.0, 165.0, "
 "0, 0.15); border-radius: 3px;' title='1.0'>_||>     "
 "<||_html:</span>_||><||_html:<span style='background-color: rgba(0.0, 165.0, "
 "0, 0.15); border-radius: 3px;' title='1.0'>_||> "
 '"<||_html:</span>_||><||_html:<span style=\'background-color: rgba(0.0, '
 "165.0, 0, 0.15); border-radius: 3px;' "
 "title='1.0'>_||>field<||_html:</span>_||><||_html:<span "
 "style='background-color: rgba(0.0, 165.0, 0, 0.15); border-radius: 3px;' "
 'title=\'1.0\'>_||>":<||_html:</span>_||><||_html:<span '
 "style='background-color: rgba(0.0, 165.0, 0, 0.15); border-radius: 3px;' "
 'title=\'1.0\'>_||> "<||_html:</span>_||><||_html:<span '
 "style='background-color: rgba(0.0, 165.0, 0, 0.15); border-radius: 3px;' "
 "title='1.0'>_||>get<||_html:</span>_||><||_html:<span "
 "style='background-color: rgba(0.0, 165.0, 0, 0.15); border-radius: 3px;' "
 "title='1.0'>_||>Product<||_html:</span>_||><||_html:<span "
 "style='background-color: rgba(0.0, 165.0, 0, 0.15); border-radius: 3px;' "
 'title=\'1.0\'>_||>",<||_html:</span>_||><||_html:<span '
 "style='background-color: rgba(0.0, 165.0, 0, 0.15); border-radius: 3px;' "
 "title='1.0'>_||>\n"
 "<||_html:</span>_||><||_html:<span style='background-color: rgba(0.0, 165.0, "
 "0, 0.15); border-radius: 3px;' title='1.0'>_||>     "
 "<||_html:</span>_||><||_html:<span style='background-color: rgba(0.0, 165.0, "
 "0, 0.15); border-radius: 3px;' title='1.0'>_||> "
 '"<||_html:</span>_||><||_html:<span style=\'background-color: rgba(0.0, '
 "165.0, 0, 0.15); border-radius: 3px;' "
 "title='1.0'>_||>change<||_html:</span>_||><||_html:<span "
 "style='background-color: rgba(0.0, 165.0, 0, 0.15); border-radius: 3px;' "
 'title=\'1.0\'>_||>":<||_html:</span>_||><||_html:<span '
 "style='background-color: rgba(0.0, 165.0, 0, 0.15); border-radius: 3px;' "
 'title=\'1.0\'>_||> "<||_html:</span>_||><||_html:<span '
 "style='background-color: rgba(0.0, 165.0, 0, 0.15); border-radius: 3px;' "
 "title='1.0'>_||>field<||_html:</span>_||><||_html:<span "
 "style='background-color: rgba(0.0, 165.0, 0, 0.15); border-radius: 3px;' "
 "title='1.0'>_||> details<||_html:</span>_||><||_html:<span "
 "style='background-color: rgba(0.0, 165.0, 0, 0.15); border-radius: 3px;' "
 "title='1.0'>_||> added<||_html:</span>_||><||_html:<span "
 "style='background-color: rgba(0.0, 165.0, 0, 0.15); border-radius: 3px;' "
 'title=\'1.0\'>_||>",<||_html:</span>_||><||_html:<span '
 "style='background-color: rgba(0.0, 165.0, 0, 0.15); border-radius: 3px;' "
 "title='1.0'>_||>\n"
 "<||_html:</span>_||><||_html:<span style='background-color: rgba(0.0, 165.0, "
 "0, 0.15); border-radius: 3px;' title='1.0'>_||>     "
 "<||_html:</span>_||><||_html:<span style='background-color: rgba(0.0, 165.0, "
 "0, 0.15); border-radius: 3px;' title='1.0'>_||> "
 '"<||_html:</span>_||><||_html:<span style=\'background-color: rgba(0.0, '
 "165.0, 0, 0.15); border-radius: 3px;' "
 "title='1.0'>_||>breaking<||_html:</span>_||><||_html:<span "
 "style='background-color: rgba(0.0, 165.0, 0, 0.15); border-radius: 3px;' "
 'title=\'1.0\'>_||>":<||_html:</span>_||><||_html:<span '
 "style='background-color: rgba(0.0, 165.0, 0, 0.15); border-radius: 3px;' "
 'title=\'1.0\'>_||> "<||_html:</span>_||><||_html:<span '
 "style='background-color: rgba(0.0, 165.0, 0, 0.15); border-radius: 3px;' "
 "title='1.0'>_||>false<||_html:</span>_||><||_html:<span "
 "style='background-color: rgba(0.0, 165.0, 0, 0.15); border-radius: 3px;' "
 'title=\'1.0\'>_||>",<||_html:</span>_||><||_html:<span '
 "style='background-color: rgba(0.0, 165.0, 0, 0.15); border-radius: 3px;' "
 "title='1.0'>_||>\n"
 "<||_html:</span>_||><||_html:<span style='background-color: rgba(0.0, 165.0, "
 "0, 0.15); border-radius: 3px;' title='1.0'>_||>     "
 "<||_html:</span>_||><||_html:<span style='background-color: rgba(0.0, 165.0, "
 "0, 0.15); border-radius: 3px;' title='1.0'>_||> "
 '"<||_html:</span>_||><||_html:<span style=\'background-color: rgba(0.0, '
 "165.0, 0, 0.15); border-radius: 3px;' "
 "title='1.0'>_||>release<||_html:</span>_||><||_html:<span "
 "style='background-color: rgba(0.0, 165.0, 0, 0.15); border-radius: 3px;' "
 "title='1.0'>_||>_<||_html:</span>_||><||_html:<span style='background-color: "
 "rgba(0.0, 165.0, 0, 0.15); border-radius: 3px;' "
 "title='1.0'>_||>note<||_html:</span>_||><||_html:<span "
 "style='background-color: rgba(0.0, 165.0, 0, 0.15); border-radius: 3px;' "
 'title=\'1.0\'>_||>":<||_html:</span>_||><||_html:<span '
 "style='background-color: rgba(0.0, 165.0, 0, 0.15); border-radius: 3px;' "
 'title=\'1.0\'>_||> "<||_html:</span>_||><||_html:<span '
 "style='background-color: rgba(0.0, 165.0, 0, 0.15); border-radius: 3px;' "
 "title='1.0'>_||>The<||_html:</span>_||><||_html:<span "
 "style='background-color: rgba(0.0, 165.0, 0, 0.15); border-radius: 3px;' "
 "title='1.0'>_||> '<||_html:</span>_||><||_html:<span "
 "style='background-color: rgba(0.0, 165.0, 0, 0.15); border-radius: 3px;' "
 "title='1.0'>_||>get<||_html:</span>_||><||_html:<span "
 "style='background-color: rgba(0.0, 165.0, 0, 0.15); border-radius: 3px;' "
 "title='1.0'>_||>Product<||_html:</span>_||><||_html:<span "
 "style='background-color: rgba(0.0, 165.0, 0, 0.15); border-radius: 3px;' "
 "title='1.0'>_||>'<||_html:</span>_||><||_html:<span style='background-color: "
 "rgba(0.0, 165.0, 0, 0.15); border-radius: 3px;' title='1.0'>_||> "
 "query<||_html:</span>_||><||_html:<span style='background-color: rgba(0.0, "
 "165.0, 0, 0.15); border-radius: 3px;' title='1.0'>_||> "
 "now<||_html:</span>_||><||_html:<span style='background-color: rgba(0.0, "
 "165.0, 0, 0.15); border-radius: 3px;' title='1.0'>_||> "
 "includes<||_html:</span>_||><||_html:<span style='background-color: "
 "rgba(0.0, 165.0, 0, 0.15); border-radius: 3px;' title='1.0'>_||> "
 "a<||_html:</span>_||><||_html:<span style='background-color: rgba(0.0, "
 "165.0, 0, 0.15); border-radius: 3px;' title='1.0'>_||> "
 "new<||_html:</span>_||><||_html:<span style='background-color: rgba(0.0, "
 "165.0, 0, 0.15); border-radius: 3px;' title='1.0'>_||> "
 "field<||_html:</span>_||><||_html:<span style='background-color: rgba(0.0, "
 "165.0, 0, 0.15); border-radius: 3px;' title='1.0'>_||> "
 "'<||_html:</span>_||><||_html:<span style='background-color: rgba(0.0, "
 "165.0, 0, 0.15); border-radius: 3px;' "
 "title='1.0'>_||>details<||_html:</span>_||><||_html:<span "
 "style='background-color: rgba(0.0, 165.0, 0, 0.15); border-radius: 3px;' "
 "title='1.0'>_||>'<||_html:</span>_||><||_html:<span style='background-color: "
 "rgba(0.0, 165.0, 0, 0.15); border-radius: 3px;' title='1.0'>_||> "
 "of<||_html:</span>_||><||_html:<span style='background-color: rgba(0.0, "
 "165.0, 0, 0.15); border-radius: 3px;' title='1.0'>_||> "
 "type<||_html:</span>_||><||_html:<span style='background-color: rgba(0.0, "
 "165.0, 0, 0.15); border-radius: 3px;' title='1.0'>_||> "
 "String<||_html:</span>_||><||_html:<span style='background-color: rgba(0.0, "
 "165.0, 0, 0.15); border-radius: 3px;' "
 'title=\'1.0\'>_||>."<||_html:</span>_||><||_html:<span '
 "style='background-color: rgba(0.0, 165.0, 0, 0.15); border-radius: 3px;' "
 "title='1.0'>_||>\n"
 "<||_html:</span>_||><||_html:<span style='background-color: rgba(0.0, 165.0, "
 "0, 0.15); border-radius: 3px;' title='1.0'>_||>   "
 "<||_html:</span>_||><||_html:<span style='background-color: rgba(0.0, 165.0, "
 "0, 0.15); border-radius: 3px;' title='1.0'>_||> "
 "},<||_html:</span>_||><||_html:<span style='background-color: rgba(0.0, "
 "165.0, 0, 0.15); border-radius: 3px;' title='1.0'>_||>\n"
 "<||_html:</span>_||><||_html:<span style='background-color: rgba(0.0, 165.0, "
 "0, 0.15); border-radius: 3px;' title='1.0'>_||>   "
 "<||_html:</span>_||><||_html:<span style='background-color: rgba(0.0, 165.0, "
 "0, 0.15); border-radius: 3px;' title='1.0'>_||> "
 "{<||_html:</span>_||><||_html:<span style='background-color: rgba(0.0, "
 "165.0, 0, 0.15); border-radius: 3px;' title='1.0'>_||>\n"
 "<||_html:</span>_||><||_html:<span style='background-color: rgba(0.0, 165.0, "
 "0, 0.15); border-radius: 3px;' title='1.0'>_||>     "
 "<||_html:</span>_||><||_html:<span style='background-color: rgba(0.0, 165.0, "
 "0, 0.15); border-radius: 3px;' title='1.0'>_||> "
 '"<||_html:</span>_||><||_html:<span style=\'background-color: rgba(0.0, '
 "165.0, 0, 0.15); border-radius: 3px;' "
 "title='1.0'>_||>type<||_html:</span>_||><||_html:<span "
 "style='background-color: rgba(0.0, 165.0, 0, 0.15); border-radius: 3px;' "
 'title=\'1.0\'>_||>":<||_html:</span>_||><||_html:<span '
 "style='background-color: rgba(0.0, 165.0, 0, 0.15); border-radius: 3px;' "
 'title=\'1.0\'>_||> "<||_html:</span>_||><||_html:<span '
 "style='background-color: rgba(0.0, 165.0, 0, 0.15); border-radius: 3px;' "
 "title='1.0'>_||>Product<||_html:</span>_||><||_html:<span "
 "style='background-color: rgba(0.0, 165.0, 0, 0.15); border-radius: 3px;' "
 'title=\'1.0\'>_||>",<||_html:</span>_||><||_html:<span '
 "style='background-color: rgba(0.0, 165.0, 0, 0.15); border-radius: 3px;' "
 "title='1.0'>_||>\n"
 "<||_html:</span>_||><||_html:<span style='background-color: rgba(0.0, 165.0, "
 "0, 0.15); border-radius: 3px;' title='1.0'>_||>     "
 "<||_html:</span>_||><||_html:<span style='background-color: rgba(0.0, 165.0, "
 "0, 0.15); border-radius: 3px;' title='1.0'>_||> "
 '"<||_html:</span>_||><||_html:<span style=\'background-color: rgba(0.0, '
 "165.0, 0, 0.15); border-radius: 3px;' "
 "title='1.0'>_||>field<||_html:</span>_||><||_html:<span "
 "style='background-color: rgba(0.0, 165.0, 0, 0.15); border-radius: 3px;' "
 'title=\'1.0\'>_||>":<||_html:</span>_||><||_html:<span '
 "style='background-color: rgba(0.0, 165.0, 0, 0.15); border-radius: 3px;' "
 'title=\'1.0\'>_||> "<||_html:</span>_||><||_html:<span '
 "style='background-color: rgba(0.0, 165.0, 0, 0.15); border-radius: 3px;' "
 "title='1.0'>_||>description<||_html:</span>_||><||_html:<span "
 "style='background-color: rgba(0.0, 165.0, 0, 0.15); border-radius: 3px;' "
 'title=\'1.0\'>_||>",<||_html:</span>_||><||_html:<span '
 "style='background-color: rgba(0.0, 165.0, 0, 0.15); border-radius: 3px;' "
 "title='1.0'>_||>\n"
 "<||_html:</span>_||><||_html:<span style='background-color: rgba(0.0, 165.0, "
 "0, 0.15); border-radius: 3px;' title='1.0'>_||>     "
 "<||_html:</span>_||><||_html:<span style='background-color: rgba(0.0, 165.0, "
 "0, 0.15); border-radius: 3px;' title='1.0'>_||> "
 '"<||_html:</span>_||><||_html:<span style=\'background-color: rgba(0.0, '
 "165.0, 0, 0.15); border-radius: 3px;' "
 "title='1.0'>_||>change<||_html:</span>_||><||_html:<span "
 "style='background-color: rgba(0.0, 165.0, 0, 0.15); border-radius: 3px;' "
 'title=\'1.0\'>_||>":<||_html:</span>_||><||_html:<span '
 "style='background-color: rgba(0.0, 165.0, 0, 0.15); border-radius: 3px;' "
 'title=\'1.0\'>_||> "<||_html:</span>_||><||_html:<span '
 "style='background-color: rgba(0.0, 165.0, 0, 0.15); border-radius: 3px;' "
 "title='1.0'>_||>field<||_html:</span>_||><||_html:<span "
 "style='background-color: rgba(0.0, 165.0, 0, 0.15); border-radius: 3px;' "
 "title='1.0'>_||> removed<||_html:</span>_||><||_html:<span "
 "style='background-color: rgba(0.0, 165.0, 0, 0.15); border-radius: 3px;' "
 'title=\'1.0\'>_||>",<||_html:</span>_||><||_html:<span '
 "style='background-color: rgba(0.0, 165.0, 0, 0.15); border-radius: 3px;' "
 "title='1.0'>_||>\n"
 "<||_html:</span>_||><||_html:<span style='background-color: rgba(0.0, 165.0, "
 "0, 0.15); border-radius: 3px;' title='1.0'>_||>     "
 "<||_html:</span>_||><||_html:<span style='background-color: rgba(0.0, 165.0, "
 "0, 0.15); border-radius: 3px;' title='1.0'>_||> "
 '"<||_html:</span>_||><||_html:<span style=\'background-color: rgba(0.0, '
 "165.0, 0, 0.15); border-radius: 3px;' "
 "title='1.0'>_||>breaking<||_html:</span>_||><||_html:<span "
 "style='background-color: rgba(0.0, 165.0, 0, 0.15); border-radius: 3px;' "
 'title=\'1.0\'>_||>":<||_html:</span>_||><||_html:<span '
 "style='background-color: rgba(0.0, 165.0, 0, 0.15); border-radius: 3px;' "
 'title=\'1.0\'>_||> "<||_html:</span>_||><||_html:<span '
 "style='background-color: rgba(0.0, 165.0, 0, 0.15); border-radius: 3px;' "
 "title='1.0'>_||>true<||_html:</span>_||><||_html:<span "
 "style='background-color: rgba(0.0, 165.0, 0, 0.15); border-radius: 3px;' "
 'title=\'1.0\'>_||>",<||_html:</span>_||><||_html:<span '
 "style='background-color: rgba(0.0, 165.0, 0, 0.15); border-radius: 3px;' "
 "title='1.0'>_||>\n"
 "<||_html:</span>_||><||_html:<span style='background-color: rgba(0.0, 165.0, "
 "0, 0.15); border-radius: 3px;' title='1.0'>_||>     "
 "<||_html:</span>_||><||_html:<span style='background-color: rgba(0.0, 165.0, "
 "0, 0.15); border-radius: 3px;' title='1.0'>_||> "
 '"<||_html:</span>_||><||_html:<span style=\'background-color: rgba(0.0, '
 "165.0, 0, 0.15); border-radius: 3px;' "
 "title='1.0'>_||>release<||_html:</span>_||><||_html:<span "
 "style='background-color: rgba(0.0, 165.0, 0, 0.15); border-radius: 3px;' "
 "title='1.0'>_||>_<||_html:</span>_||><||_html:<span style='background-color: "
 "rgba(0.0, 165.0, 0, 0.15); border-radius: 3px;' "
 "title='1.0'>_||>note<||_html:</span>_||><||_html:<span "
 "style='background-color: rgba(0.0, 165.0, 0, 0.15); border-radius: 3px;' "
 'title=\'1.0\'>_||>":<||_html:</span>_||><||_html:<span '
 "style='background-color: rgba(0.0, 165.0, 0, 0.15); border-radius: 3px;' "
 'title=\'1.0\'>_||> "<||_html:</span>_||><||_html:<span '
 "style='background-color: rgba(0.0, 165.0, 0, 0.15); border-radius: 3px;' "
 "title='1.0'>_||>The<||_html:</span>_||><||_html:<span "
 "style='background-color: rgba(0.0, 165.0, 0, 0.15); border-radius: 3px;' "
 "title='1.0'>_||> '<||_html:</span>_||><||_html:<span "
 "style='background-color: rgba(0.0, 165.0, 0, 0.15); border-radius: 3px;' "
 "title='1.0'>_||>Product<||_html:</span>_||><||_html:<span "
 "style='background-color: rgba(0.0, 165.0, 0, 0.15); border-radius: 3px;' "
 "title='1.0'>_||>'<||_html:</span>_||><||_html:<span style='background-color: "
 "rgba(0.0, 165.0, 0, 0.15); border-radius: 3px;' title='1.0'>_||> "
 "type<||_html:</span>_||><||_html:<span style='background-color: rgba(0.0, "
 "165.0, 0, 0.15); border-radius: 3px;' title='1.0'>_||> "
 "no<||_html:</span>_||><||_html:<span style='background-color: rgba(0.0, "
 "165.0, 0, 0.15); border-radius: 3px;' title='1.0'>_||> "
 "longer<||_html:</span>_||><||_html:<span style='background-color: rgba(0.0, "
 "165.0, 0, 0.15); border-radius: 3px;' title='1.0'>_||> "
 "includes<||_html:</span>_||><||_html:<span style='background-color: "
 "rgba(0.0, 165.0, 0, 0.15); border-radius: 3px;' title='1.0'>_||> "
 "the<||_html:</span>_||><||_html:<span style='background-color: rgba(0.0, "
 "165.0, 0, 0.15); border-radius: 3px;' title='1.0'>_||> "
 "'<||_html:</span>_||><||_html:<span style='background-color: rgba(0.0, "
 "165.0, 0, 0.15); border-radius: 3px;' "
 "title='1.0'>_||>description<||_html:</span>_||><||_html:<span "
 "style='background-color: rgba(0.0, 165.0, 0, 0.15); border-radius: 3px;' "
 "title='1.0'>_||>'<||_html:</span>_||><||_html:<span style='background-color: "
 "rgba(0.0, 165.0, 0, 0.15); border-radius: 3px;' title='1.0'>_||> "
 "field<||_html:</span>_||><||_html:<span style='background-color: rgba(0.0, "
 "165.0, 0, 0.15); border-radius: 3px;' "
 'title=\'1.0\'>_||>."<||_html:</span>_||><||_html:<span '
 "style='background-color: rgba(0.0, 165.0, 0, 0.15); border-radius: 3px;' "
 "title='1.0'>_||>\n"
 "<||_html:</span>_||><||_html:<span style='background-color: rgba(0.0, 165.0, "
 "0, 0.15); border-radius: 3px;' title='1.0'>_||>   "
 "<||_html:</span>_||><||_html:<span style='background-color: rgba(0.0, 165.0, "
 "0, 0.15); border-radius: 3px;' title='1.0'>_||> "
 "},<||_html:</span>_||><||_html:<span style='background-color: rgba(0.0, "
 "165.0, 0, 0.15); border-radius: 3px;' title='1.0'>_||>\n"
 "<||_html:</span>_||><||_html:<span style='background-color: rgba(0.0, 165.0, "
 "0, 0.15); border-radius: 3px;' title='1.0'>_||>   "
 "<||_html:</span>_||><||_html:<span style='background-color: rgba(0.0, 165.0, "
 "0, 0.15); border-radius: 3px;' title='1.0'>_||> "
 "{<||_html:</span>_||><||_html:<span style='background-color: rgba(0.0, "
 "165.0, 0, 0.15); border-radius: 3px;' title='1.0'>_||>\n"
 "<||_html:</span>_||><||_html:<span style='background-color: rgba(0.0, 165.0, "
 "0, 0.15); border-radius: 3px;' title='1.0'>_||>     "
 "<||_html:</span>_||><||_html:<span style='background-color: rgba(0.0, 165.0, "
 "0, 0.15); border-radius: 3px;' title='1.0'>_||> "
 '"<||_html:</span>_||><||_html:<span style=\'background-color: rgba(0.0, '
 "165.0, 0, 0.15); border-radius: 3px;' "
 "title='1.0'>_||>type<||_html:</span>_||><||_html:<span "
 "style='background-color: rgba(0.0, 165.0, 0, 0.15); border-radius: 3px;' "
 'title=\'1.0\'>_||>":<||_html:</span>_||><||_html:<span '
 "style='background-color: rgba(0.0, 165.0, 0, 0.15); border-radius: 3px;' "
 'title=\'1.0\'>_||> "<||_html:</span>_||><||_html:<span '
 "style='background-color: rgba(0.0, 165.0, 0, 0.15); border-radius: 3px;' "
 "title='1.0'>_||>Product<||_html:</span>_||><||_html:<span "
 "style='background-color: rgba(0.0, 165.0, 0, 0.15); border-radius: 3px;' "
 'title=\'1.0\'>_||>",<||_html:</span>_||><||_html:<span '
 "style='background-color: rgba(0.0, 165.0, 0, 0.15); border-radius: 3px;' "
 "title='1.0'>_||>\n"
 "<||_html:</span>_||><||_html:<span style='background-color: rgba(0.0, 165.0, "
 "0, 0.15); border-radius: 3px;' title='1.0'>_||>     "
 "<||_html:</span>_||><||_html:<span style='background-color: rgba(0.0, 165.0, "
 "0, 0.15); border-radius: 3px;' title='1.0'>_||> "
 '"<||_html:</span>_||><||_html:<span style=\'background-color: rgba(0.0, '
 "165.0, 0, 0.15); border-radius: 3px;' "
 "title='1.0'>_||>field<||_html:</span>_||><||_html:<span "
 "style='background-color: rgba(0.0, 165.0, 0, 0.15); border-radius: 3px;' "
 'title=\'1.0\'>_||>":<||_html:</span>_||><||_html:<span '
 "style='background-color: rgba(0.0, 165.0, 0, 0.15); border-radius: 3px;' "
 'title=\'1.0\'>_||> "<||_html:</span>_||><||_html:<span '
 "style='background-color: rgba(0.0, 165.0, 0, 0.15); border-radius: 3px;' "
 "title='1.0'>_||>stock<||_html:</span>_||><||_html:<span "
 "style='background-color: rgba(0.0, 165.0, 0, 0.15); border-radius: 3px;' "
 'title=\'1.0\'>_||>",<||_html:</span>_||><||_html:<span '
 "style='background-color: rgba(0.0, 165.0, 0, 0.15); border-radius: 3px;' "
 "title='1.0'>_||>\n"
 "<||_html:</span>_||><||_html:<span style='background-color: rgba(0.0, 165.0, "
 "0, 0.15); border-radius: 3px;' title='1.0'>_||>     "
 "<||_html:</span>_||><||_html:<span style='background-color: rgba(0.0, 165.0, "
 "0, 0.15); border-radius: 3px;' title='1.0'>_||> "
 '"<||_html:</span>_||><||_html:<span style=\'background-color: rgba(0.0, '
 "165.0, 0, 0.15); border-radius: 3px;' "
 "title='1.0'>_||>change<||_html:</span>_||><||_html:<span "
 "style='background-color: rgba(0.0, 165.0, 0, 0.15); border-radius: 3px;' "
 'title=\'1.0\'>_||>":<||_html:</span>_||><||_html:<span '
 "style='background-color: rgba(0.0, 165.0, 0, 0.15); border-radius: 3px;' "
 'title=\'1.0\'>_||> "<||_html:</span>_||><||_html:<span '
 "style='background-color: rgba(0.0, 165.0, 0, 0.15); border-radius: 3px;' "
 "title='1.0'>_||>field<||_html:</span>_||><||_html:<span "
 "style='background-color: rgba(0.0, 165.0, 0, 0.15); border-radius: 3px;' "
 "title='1.0'>_||> removed<||_html:</span>_||><||_html:<span "
 "style='background-color: rgba(0.0, 165.0, 0, 0.15); border-radius: 3px;' "
 'title=\'1.0\'>_||>",<||_html:</span>_||><||_html:<span '
 "style='background-color: rgba(0.0, 165.0, 0, 0.15); border-radius: 3px;' "
 "title='1.0'>_||>\n"
 "<||_html:</span>_||><||_html:<span style='background-color: rgba(0.0, 165.0, "
 "0, 0.15); border-radius: 3px;' title='1.0'>_||>     "
 "<||_html:</span>_||><||_html:<span style='background-color: rgba(0.0, 165.0, "
 "0, 0.15); border-radius: 3px;' title='1.0'>_||> "
 '"<||_html:</span>_||><||_html:<span style=\'background-color: rgba(0.0, '
 "165.0, 0, 0.15); border-radius: 3px;' "
 "title='1.0'>_||>breaking<||_html:</span>_||><||_html:<span "
 "style='background-color: rgba(0.0, 165.0, 0, 0.15); border-radius: 3px;' "
 'title=\'1.0\'>_||>":<||_html:</span>_||><||_html:<span '
 "style='background-color: rgba(0.0, 165.0, 0, 0.15); border-radius: 3px;' "
 'title=\'1.0\'>_||> "<||_html:</span>_||><||_html:<span '
 "style='background-color: rgba(0.0, 165.0, 0, 0.15); border-radius: 3px;' "
 "title='1.0'>_||>true<||_html:</span>_||><||_html:<span "
 "style='background-color: rgba(0.0, 165.0, 0, 0.15); border-radius: 3px;' "
 'title=\'1.0\'>_||>",<||_html:</span>_||><||_html:<span '
 "style='background-color: rgba(0.0, 165.0, 0, 0.15); border-radius: 3px;' "
 "title='1.0'>_||>\n"
 "<||_html:</span>_||><||_html:<span style='background-color: rgba(0.0, 165.0, "
 "0, 0.15); border-radius: 3px;' title='1.0'>_||>     "
 "<||_html:</span>_||><||_html:<span style='background-color: rgba(0.0, 165.0, "
 "0, 0.15); border-radius: 3px;' title='1.0'>_||> "
 '"<||_html:</span>_||><||_html:<span style=\'background-color: rgba(0.0, '
 "165.0, 0, 0.15); border-radius: 3px;' "
 "title='1.0'>_||>release<||_html:</span>_||><||_html:<span "
 "style='background-color: rgba(0.0, 165.0, 0, 0.15); border-radius: 3px;' "
 "title='1.0'>_||>_<||_html:</span>_||><||_html:<span style='background-color: "
 "rgba(0.0, 165.0, 0, 0.15); border-radius: 3px;' "
 "title='1.0'>_||>note<||_html:</span>_||><||_html:<span "
 "style='background-color: rgba(0.0, 165.0, 0, 0.15); border-radius: 3px;' "
 'title=\'1.0\'>_||>":<||_html:</span>_||><||_html:<span '
 "style='background-color: rgba(0.0, 165.0, 0, 0.15); border-radius: 3px;' "
 'title=\'1.0\'>_||> "<||_html:</span>_||><||_html:<span '
 "style='background-color: rgba(0.0, 165.0, 0, 0.15); border-radius: 3px;' "
 "title='1.0'>_||>The<||_html:</span>_||><||_html:<span "
 "style='background-color: rgba(0.0, 165.0, 0, 0.15); border-radius: 3px;' "
 "title='1.0'>_||> '<||_html:</span>_||><||_html:<span "
 "style='background-color: rgba(0.0, 165.0, 0, 0.15); border-radius: 3px;' "
 "title='1.0'>_||>Product<||_html:</span>_||><||_html:<span "
 "style='background-color: rgba(0.0, 165.0, 0, 0.15); border-radius: 3px;' "
 "title='1.0'>_||>'<||_html:</span>_||><||_html:<span style='background-color: "
 "rgba(0.0, 165.0, 0, 0.15); border-radius: 3px;' title='1.0'>_||> "
 "type<||_html:</span>_||><||_html:<span style='background-color: rgba(0.0, "
 "165.0, 0, 0.15); border-radius: 3px;' title='1.0'>_||> "
 "no<||_html:</span>_||><||_html:<span style='background-color: rgba(0.0, "
 "165.0, 0, 0.15); border-radius: 3px;' title='1.0'>_||> "
 "longer<||_html:</span>_||><||_html:<span style='background-color: rgba(0.0, "
 "165.0, 0, 0.15); border-radius: 3px;' title='1.0'>_||> "
 "includes<||_html:</span>_||><||_html:<span style='background-color: "
 "rgba(0.0, 165.0, 0, 0.15); border-radius: 3px;' title='1.0'>_||> "
 "the<||_html:</span>_||><||_html:<span style='background-color: rgba(0.0, "
 "165.0, 0, 0.15); border-radius: 3px;' title='1.0'>_||> "
 "'<||_html:</span>_||><||_html:<span style='background-color: rgba(0.0, "
 "165.0, 0, 0.15); border-radius: 3px;' "
 "title='1.0'>_||>stock<||_html:</span>_||><||_html:<span "
 "style='background-color: rgba(0.0, 165.0, 0, 0.15); border-radius: 3px;' "
 "title='1.0'>_||>'<||_html:</span>_||><||_html:<span style='background-color: "
 "rgba(0.0, 165.0, 0, 0.15); border-radius: 3px;' title='1.0'>_||> "
 "field<||_html:</span>_||><||_html:<span style='background-color: rgba(0.0, "
 "165.0, 0, 0.15); border-radius: 3px;' "
 'title=\'1.0\'>_||>."<||_html:</span>_||><||_html:<span '
 "style='background-color: rgba(0.0, 165.0, 0, 0.15); border-radius: 3px;' "
 "title='1.0'>_||>\n"
 "<||_html:</span>_||><||_html:<span style='background-color: rgba(0.0, 165.0, "
 "0, 0.15); border-radius: 3px;' title='1.0'>_||>   "
 "<||_html:</span>_||><||_html:<span style='background-color: rgba(0.0, 165.0, "
 "0, 0.15); border-radius: 3px;' title='1.0'>_||> "
 "}<||_html:</span>_||><||_html:<span style='background-color: rgba(0.0, "
 "165.0, 0, 0.15); border-radius: 3px;' title='1.0'>_||>\n"
 "<||_html:</span>_||><||_html:<span style='background-color: rgba(0.0, 165.0, "
 "0, 0.15); border-radius: 3px;' title='1.0'>_||> "
 "<||_html:</span>_||><||_html:<span style='background-color: rgba(0.0, 165.0, "
 "0, 0.15); border-radius: 3px;' title='1.0'>_||> "
 "],<||_html:</span>_||><||_html:<span style='background-color: rgba(0.0, "
 "165.0, 0, 0.15); border-radius: 3px;' title='1.0'>_||>\n"
 "<||_html:</span>_||><||_html:<span style='background-color: rgba(0.0, 165.0, "
 "0, 0.15); border-radius: 3px;' title='1.0'>_||> "
 "<||_html:</span>_||><||_html:<span style='background-color: rgba(0.0, 165.0, "
 "0, 0.15); border-radius: 3px;' title='1.0'>_||> "
 '"<||_html:</span>_||><||_html:<span style=\'background-color: rgba(0.0, '
 "165.0, 0, 0.15); border-radius: 3px;' "
 "title='1.0'>_||>release<||_html:</span>_||><||_html:<span "
 "style='background-color: rgba(0.0, 165.0, 0, 0.15); border-radius: 3px;' "
 "title='1.0'>_||>_<||_html:</span>_||><||_html:<span style='background-color: "
 "rgba(0.0, 165.0, 0, 0.15); border-radius: 3px;' "
 "title='1.0'>_||>notes<||_html:</span>_||><||_html:<span "
 "style='background-color: rgba(0.0, 165.0, 0, 0.15); border-radius: 3px;' "
 'title=\'1.0\'>_||>":<||_html:</span>_||><||_html:<span '
 "style='background-color: rgba(0.0, 165.0, 0, 0.15); border-radius: 3px;' "
 "title='1.0'>_||> {<||_html:</span>_||><||_html:<span "
 "style='background-color: rgba(0.0, 165.0, 0, 0.15); border-radius: 3px;' "
 "title='1.0'>_||>\n"
 "<||_html:</span>_||><||_html:<span style='background-color: rgba(0.0, 165.0, "
 "0, 0.15); border-radius: 3px;' title='1.0'>_||>   "
 "<||_html:</span>_||><||_html:<span style='background-color: rgba(0.0, 165.0, "
 "0, 0.15); border-radius: 3px;' title='1.0'>_||> "
 '"<||_html:</span>_||><||_html:<span style=\'background-color: rgba(0.0, '
 "165.0, 0, 0.15); border-radius: 3px;' "
 "title='1.0'>_||>summary<||_html:</span>_||><||_html:<span "
 "style='background-color: rgba(0.0, 165.0, 0, 0.15); border-radius: 3px;' "
 'title=\'1.0\'>_||>":<||_html:</span>_||><||_html:<span '
 "style='background-color: rgba(0.0, 165.0, 0, 0.15); border-radius: 3px;' "
 'title=\'1.0\'>_||> "<||_html:</span>_||><||_html:<span '
 "style='background-color: rgba(0.0, 165.0, 0, 0.15); border-radius: 3px;' "
 "title='1.0'>_||>The<||_html:</span>_||><||_html:<span "
 "style='background-color: rgba(0.0, 165.0, 0, 0.15); border-radius: 3px;' "
 "title='1.0'>_||> '<||_html:</span>_||><||_html:<span "
 "style='background-color: rgba(0.0, 165.0, 0, 0.15); border-radius: 3px;' "
 "title='1.0'>_||>get<||_html:</span>_||><||_html:<span "
 "style='background-color: rgba(0.0, 165.0, 0, 0.15); border-radius: 3px;' "
 "title='1.0'>_||>Product<||_html:</span>_||><||_html:<span "
 "style='background-color: rgba(0.0, 165.0, 0, 0.15); border-radius: 3px;' "
 "title='1.0'>_||>'<||_html:</span>_||><||_html:<span style='background-color: "
 "rgba(0.0, 165.0, 0, 0.15); border-radius: 3px;' title='1.0'>_||> "
 "query<||_html:</span>_||><||_html:<span style='background-color: rgba(0.0, "
 "165.0, 0, 0.15); border-radius: 3px;' title='1.0'>_||> "
 "now<||_html:</span>_||><||_html:<span style='background-color: rgba(0.0, "
 "165.0, 0, 0.15); border-radius: 3px;' title='1.0'>_||> "
 "includes<||_html:</span>_||><||_html:<span style='background-color: "
 "rgba(0.0, 165.0, 0, 0.15); border-radius: 3px;' title='1.0'>_||> "
 "a<||_html:</span>_||><||_html:<span style='background-color: rgba(0.0, "
 "165.0, 0, 0.15); border-radius: 3px;' title='1.0'>_||> "
 "new<||_html:</span>_||><||_html:<span style='background-color: rgba(0.0, "
 "165.0, 0, 0.15); border-radius: 3px;' title='1.0'>_||> "
 "field<||_html:</span>_||><||_html:<span style='background-color: rgba(0.0, "
 "165.0, 0, 0.15); border-radius: 3px;' title='1.0'>_||> "
 "'<||_html:</span>_||><||_html:<span style='background-color: rgba(0.0, "
 "165.0, 0, 0.15); border-radius: 3px;' "
 "title='1.0'>_||>details<||_html:</span>_||><||_html:<span "
 "style='background-color: rgba(0.0, 165.0, 0, 0.15); border-radius: 3px;' "
 "title='1.0'>_||>'<||_html:</span>_||><||_html:<span style='background-color: "
 "rgba(0.0, 165.0, 0, 0.15); border-radius: 3px;' title='1.0'>_||> "
 "of<||_html:</span>_||><||_html:<span style='background-color: rgba(0.0, "
 "165.0, 0, 0.15); border-radius: 3px;' title='1.0'>_||> "
 "type<||_html:</span>_||><||_html:<span style='background-color: rgba(0.0, "
 "165.0, 0, 0.15); border-radius: 3px;' title='1.0'>_||> "
 "String<||_html:</span>_||><||_html:<span style='background-color: rgba(0.0, "
 "165.0, 0, 0.15); border-radius: 3px;' "
 "title='1.0'>_||>.<||_html:</span>_||><||_html:<span style='background-color: "
 "rgba(0.0, 165.0, 0, 0.15); border-radius: 3px;' title='1.0'>_||> "
 "The<||_html:</span>_||><||_html:<span style='background-color: rgba(0.0, "
 "165.0, 0, 0.15); border-radius: 3px;' title='1.0'>_||> "
 "'<||_html:</span>_||><||_html:<span style='background-color: rgba(0.0, "
 "165.0, 0, 0.15); border-radius: 3px;' "
 "title='1.0'>_||>Product<||_html:</span>_||><||_html:<span "
 "style='background-color: rgba(0.0, 165.0, 0, 0.15); border-radius: 3px;' "
 "title='1.0'>_||>'<||_html:</span>_||><||_html:<span style='background-color: "
 "rgba(0.0, 165.0, 0, 0.15); border-radius: 3px;' title='1.0'>_||> "
 "type<||_html:</span>_||><||_html:<span style='background-color: rgba(0.0, "
 "165.0, 0, 0.15); border-radius: 3px;' title='1.0'>_||> "
 "no<||_html:</span>_||><||_html:<span style='background-color: rgba(0.0, "
 "165.0, 0, 0.15); border-radius: 3px;' title='1.0'>_||> "
 "longer<||_html:</span>_||><||_html:<span style='background-color: rgba(0.0, "
 "165.0, 0, 0.15); border-radius: 3px;' title='1.0'>_||> "
 "includes<||_html:</span>_||><||_html:<span style='background-color: "
 "rgba(0.0, 165.0, 0, 0.15); border-radius: 3px;' title='1.0'>_||> "
 "the<||_html:</span>_||><||_html:<span style='background-color: rgba(0.0, "
 "165.0, 0, 0.15); border-radius: 3px;' title='1.0'>_||> "
 "'<||_html:</span>_||><||_html:<span style='background-color: rgba(0.0, "
 "165.0, 0, 0.15); border-radius: 3px;' "
 "title='1.0'>_||>description<||_html:</span>_||><||_html:<span "
 "style='background-color: rgba(0.0, 165.0, 0, 0.15); border-radius: 3px;' "
 "title='1.0'>_||>'<||_html:</span>_||><||_html:<span style='background-color: "
 "rgba(0.0, 165.0, 0, 0.15); border-radius: 3px;' title='1.0'>_||> "
 "and<||_html:</span>_||><||_html:<span style='background-color: rgba(0.0, "
 "165.0, 0, 0.15); border-radius: 3px;' title='1.0'>_||> "
 "'<||_html:</span>_||><||_html:<span style='background-color: rgba(0.0, "
 "165.0, 0, 0.15); border-radius: 3px;' "
 "title='1.0'>_||>stock<||_html:</span>_||><||_html:<span "
 "style='background-color: rgba(0.0, 165.0, 0, 0.15); border-radius: 3px;' "
 "title='1.0'>_||>'<||_html:</span>_||><||_html:<span style='background-color: "
 "rgba(0.0, 165.0, 0, 0.15); border-radius: 3px;' title='1.0'>_||> "
 "fields<||_html:</span>_||><||_html:<span style='background-color: rgba(0.0, "
 "165.0, 0, 0.15); border-radius: 3px;' "
 'title=\'1.0\'>_||>."<||_html:</span>_||><||_html:<span '
 "style='background-color: rgba(0.0, 165.0, 0, 0.15); border-radius: 3px;' "
 "title='1.0'>_||>\n"
 "<||_html:</span>_||><||_html:<span style='background-color: rgba(0.0, 165.0, "
 "0, 0.15); border-radius: 3px;' title='1.0'>_||> "
 "<||_html:</span>_||><||_html:<span style='background-color: rgba(0.0, 165.0, "
 "0, 0.15); border-radius: 3px;' title='1.0'>_||> "
 "}<||_html:</span>_||><||_html:<span style='background-color: rgba(0.0, "
 "165.0, 0, 0.15); border-radius: 3px;' title='1.0'>_||>\n"
 "<||_html:</span>_||><||_html:<span style='background-color: rgba(0.0, 165.0, "
 "0, 0.15); border-radius: 3px;' "
 'title=\'1.0\'>_||>}<||_html:</span>_||>{"changes":<||_html:<span '
 "style='background-color: rgba(0.0, 165.0, 0, 0.15); border-radius: 3px;' "
 "title='1.0'>_||>[<||_html:</span>_||><||_html:<span style='background-color: "
 "rgba(0.0, 165.0, 0, 0.15); border-radius: 3px;' "
 'title=\'1.0\'>_||>{"<||_html:</span>_||>type<||_html:<span '
 "style='background-color: rgba(0.0, 165.0, 0, 0.15); border-radius: 3px;' "
 'title=\'1.0\'>_||>":"<||_html:</span>_||><||_html:<span '
 "style='background-color: rgba(0.0, 165.0, 0, 0.15); border-radius: 3px;' "
 "title='1.0'>_||>Query<||_html:</span>_||><||_html:<span "
 "style='background-color: rgba(0.0, 165.0, 0, 0.15); border-radius: 3px;' "
 'title=\'1.0\'>_||>","<||_html:</span>_||>field<||_html:<span '
 "style='background-color: rgba(0.0, 165.0, 0, 0.15); border-radius: 3px;' "
 'title=\'1.0\'>_||>":"<||_html:</span>_||><||_html:<span '
 "style='background-color: rgba(0.0, 165.0, 0, 0.15); border-radius: 3px;' "
 "title='1.0'>_||>get<||_html:</span>_||><||_html:<span "
 "style='background-color: rgba(0.0, 165.0, 0, 0.15); border-radius: 3px;' "
 "title='1.0'>_||>Product<||_html:</span>_||><||_html:<span "
 "style='background-color: rgba(0.0, 165.0, 0, 0.15); border-radius: 3px;' "
 'title=\'1.0\'>_||>","<||_html:</span>_||>change<||_html:<span '
 "style='background-color: rgba(0.0, 165.0, 0, 0.15); border-radius: 3px;' "
 'title=\'1.0\'>_||>":"<||_html:</span>_||><||_html:<span '
 "style='background-color: rgba(0.0, 165.0, 0, 0.15); border-radius: 3px;' "
 "title='1.0'>_||>field<||_html:</span>_||><||_html:<span "
 "style='background-color: rgba(0.0, 165.0, 0, 0.15); border-radius: 3px;' "
 "title='1.0'>_||> details<||_html:</span>_||><||_html:<span "
 "style='background-color: rgba(0.0, 165.0, 0, 0.15); border-radius: 3px;' "
 "title='1.0'>_||> added<||_html:</span>_||><||_html:<span "
 "style='background-color: rgba(0.0, 165.0, 0, 0.15); border-radius: 3px;' "
 'title=\'1.0\'>_||>","<||_html:</span>_||>breaking<||_html:<span '
 "style='background-color: rgba(0.0, 165.0, 0, 0.15); border-radius: 3px;' "
 'title=\'1.0\'>_||>":<||_html:</span>_||><||_html:<span '
 "style='background-color: rgba(0.0, 165.0, 0, 0.15); border-radius: 3px;' "
 'title=\'1.0\'>_||>false<||_html:</span>_||>,"release_note<||_html:<span '
 "style='background-color: rgba(0.0, 165.0, 0, 0.15); border-radius: 3px;' "
 'title=\'1.0\'>_||>":"<||_html:</span>_||><||_html:<span '
 "style='background-color: rgba(0.0, 165.0, 0, 0.15); border-radius: 3px;' "
 "title='1.0'>_||>The<||_html:</span>_||><||_html:<span "
 "style='background-color: rgba(0.0, 165.0, 0, 0.15); border-radius: 3px;' "
 "title='1.0'>_||> '<||_html:</span>_||><||_html:<span "
 "style='background-color: rgba(0.0, 165.0, 0, 0.15); border-radius: 3px;' "
 "title='1.0'>_||>get<||_html:</span>_||><||_html:<span "
 "style='background-color: rgba(0.0, 165.0, 0, 0.15); border-radius: 3px;' "
 "title='1.0'>_||>Product<||_html:</span>_||><||_html:<span "
 "style='background-color: rgba(0.0, 165.0, 0, 0.15); border-radius: 3px;' "
 "title='1.0'>_||>'<||_html:</span>_||><||_html:<span style='background-color: "
 "rgba(0.0, 165.0, 0, 0.15); border-radius: 3px;' title='1.0'>_||> "
 "query<||_html:</span>_||><||_html:<span style='background-color: rgba(0.0, "
 "165.0, 0, 0.15); border-radius: 3px;' title='1.0'>_||> "
 "now<||_html:</span>_||><||_html:<span style='background-color: rgba(0.0, "
 "165.0, 0, 0.15); border-radius: 3px;' title='1.0'>_||> "
 "includes<||_html:</span>_||><||_html:<span style='background-color: "
 "rgba(0.0, 165.0, 0, 0.15); border-radius: 3px;' title='1.0'>_||> "
 "a<||_html:</span>_||><||_html:<span style='background-color: rgba(0.0, "
 "165.0, 0, 0.15); border-radius: 3px;' title='1.0'>_||> "
 "new<||_html:</span>_||><||_html:<span style='background-color: rgba(0.0, "
 "165.0, 0, 0.15); border-radius: 3px;' title='1.0'>_||> "
 "field<||_html:</span>_||><||_html:<span style='background-color: rgba(0.0, "
 "165.0, 0, 0.15); border-radius: 3px;' title='1.0'>_||> "
 "'<||_html:</span>_||><||_html:<span style='background-color: rgba(0.0, "
 "165.0, 0, 0.15); border-radius: 3px;' "
 "title='1.0'>_||>details<||_html:</span>_||><||_html:<span "
 "style='background-color: rgba(0.0, 165.0, 0, 0.15); border-radius: 3px;' "
 "title='1.0'>_||>'<||_html:</span>_||><||_html:<span style='background-color: "
 "rgba(0.0, 165.0, 0, 0.15); border-radius: 3px;' title='1.0'>_||> "
 "of<||_html:</span>_||><||_html:<span style='background-color: rgba(0.0, "
 "165.0, 0, 0.15); border-radius: 3px;' title='1.0'>_||> "
 "type<||_html:</span>_||><||_html:<span style='background-color: rgba(0.0, "
 "165.0, 0, 0.15); border-radius: 3px;' title='1.0'>_||> "
 "String<||_html:</span>_||><||_html:<span style='background-color: rgba(0.0, "
 "165.0, 0, 0.15); border-radius: 3px;' "
 'title=\'1.0\'>_||>."<||_html:</span>_||><||_html:<span '
 "style='background-color: rgba(0.0, 165.0, 0, 0.15); border-radius: 3px;' "
 'title=\'1.0\'>_||>},<||_html:</span>_||>{"type<||_html:<span '
 "style='background-color: rgba(0.0, 165.0, 0, 0.15); border-radius: 3px;' "
 'title=\'1.0\'>_||>":"<||_html:</span>_||><||_html:<span '
 "style='background-color: rgba(0.0, 165.0, 0, 0.15); border-radius: 3px;' "
 "title='1.0'>_||>Product<||_html:</span>_||><||_html:<span "
 "style='background-color: rgba(0.0, 165.0, 0, 0.15); border-radius: 3px;' "
 'title=\'1.0\'>_||>","<||_html:</span>_||>field<||_html:<span '
 "style='background-color: rgba(0.0, 165.0, 0, 0.15); border-radius: 3px;' "
 'title=\'1.0\'>_||>":"<||_html:</span>_||><||_html:<span '
 "style='background-color: rgba(0.0, 165.0, 0, 0.15); border-radius: 3px;' "
 "title='1.0'>_||>description<||_html:</span>_||><||_html:<span "
 "style='background-color: rgba(0.0, 165.0, 0, 0.15); border-radius: 3px;' "
 'title=\'1.0\'>_||>","<||_html:</span>_||>change<||_html:<span '
 "style='background-color: rgba(0.0, 165.0, 0, 0.15); border-radius: 3px;' "
 'title=\'1.0\'>_||>":"<||_html:</span>_||><||_html:<span '
 "style='background-color: rgba(0.0, 165.0, 0, 0.15); border-radius: 3px;' "
 "title='1.0'>_||>field<||_html:</span>_||><||_html:<span "
 "style='background-color: rgba(0.0, 165.0, 0, 0.15); border-radius: 3px;' "
 "title='1.0'>_||> removed<||_html:</span>_||><||_html:<span "
 "style='background-color: rgba(0.0, 165.0, 0, 0.15); border-radius: 3px;' "
 'title=\'1.0\'>_||>","<||_html:</span>_||>breaking<||_html:<span '
 "style='background-color: rgba(0.0, 165.0, 0, 0.15); border-radius: 3px;' "
 'title=\'1.0\'>_||>":<||_html:</span>_||><||_html:<span '
 "style='background-color: rgba(0.0, 165.0, 0, 0.15); border-radius: 3px;' "
 'title=\'1.0\'>_||>true<||_html:</span>_||>,"release_note<||_html:<span '
 "style='background-color: rgba(0.0, 165.0, 0, 0.15); border-radius: 3px;' "
 'title=\'1.0\'>_||>":"<||_html:</span>_||><||_html:<span '
 "style='background-color: rgba(0.0, 165.0, 0, 0.15); border-radius: 3px;' "
 "title='1.0'>_||>The<||_html:</span>_||><||_html:<span "
 "style='background-color: rgba(0.0, 165.0, 0, 0.15); border-radius: 3px;' "
 "title='1.0'>_||> '<||_html:</span>_||><||_html:<span "
 "style='background-color: rgba(0.0, 165.0, 0, 0.15); border-radius: 3px;' "
 "title='1.0'>_||>Product<||_html:</span>_||><||_html:<span "
 "style='background-color: rgba(0.0, 165.0, 0, 0.15); border-radius: 3px;' "
 "title='1.0'>_||>'<||_html:</span>_||><||_html:<span style='background-color: "
 "rgba(0.0, 165.0, 0, 0.15); border-radius: 3px;' title='1.0'>_||> "
 "type<||_html:</span>_||><||_html:<span style='background-color: rgba(0.0, "
 "165.0, 0, 0.15); border-radius: 3px;' title='1.0'>_||> "
 "no<||_html:</span>_||><||_html:<span style='background-color: rgba(0.0, "
 "165.0, 0, 0.15); border-radius: 3px;' title='1.0'>_||> "
 "longer<||_html:</span>_||><||_html:<span style='background-color: rgba(0.0, "
 "165.0, 0, 0.15); border-radius: 3px;' title='1.0'>_||> "
 "includes<||_html:</span>_||><||_html:<span style='background-color: "
 "rgba(0.0, 165.0, 0, 0.15); border-radius: 3px;' title='1.0'>_||> "
 "the<||_html:</span>_||><||_html:<span style='background-color: rgba(0.0, "
 "165.0, 0, 0.15); border-radius: 3px;' title='1.0'>_||> "
 "'<||_html:</span>_||><||_html:<span style='background-color: rgba(0.0, "
 "165.0, 0, 0.15); border-radius: 3px;' "
 "title='1.0'>_||>description<||_html:</span>_||><||_html:<span "
 "style='background-color: rgba(0.0, 165.0, 0, 0.15); border-radius: 3px;' "
 "title='1.0'>_||>'<||_html:</span>_||><||_html:<span style='background-color: "
 "rgba(0.0, 165.0, 0, 0.15); border-radius: 3px;' title='1.0'>_||> "
 "field<||_html:</span>_||><||_html:<span style='background-color: rgba(0.0, "
 "165.0, 0, 0.15); border-radius: 3px;' "
 'title=\'1.0\'>_||>."<||_html:</span>_||><||_html:<span '
 "style='background-color: rgba(0.0, 165.0, 0, 0.15); border-radius: 3px;' "
 'title=\'1.0\'>_||>},<||_html:</span>_||>{"type<||_html:<span '
 "style='background-color: rgba(0.0, 165.0, 0, 0.15); border-radius: 3px;' "
 'title=\'1.0\'>_||>":"<||_html:</span>_||><||_html:<span '
 "style='background-color: rgba(0.0, 165.0, 0, 0.15); border-radius: 3px;' "
 "title='1.0'>_||>Product<||_html:</span>_||><||_html:<span "
 "style='background-color: rgba(0.0, 165.0, 0, 0.15); border-radius: 3px;' "
 'title=\'1.0\'>_||>","<||_html:</span>_||>field<||_html:<span '
 "style='background-color: rgba(0.0, 165.0, 0, 0.15); border-radius: 3px;' "
 'title=\'1.0\'>_||>":"<||_html:</span>_||><||_html:<span '
 "style='background-color: rgba(0.0, 165.0, 0, 0.15); border-radius: 3px;' "
 "title='1.0'>_||>stock<||_html:</span>_||><||_html:<span "
 "style='background-color: rgba(0.0, 165.0, 0, 0.15); border-radius: 3px;' "
 'title=\'1.0\'>_||>","<||_html:</span>_||>change<||_html:<span '
 "style='background-color: rgba(0.0, 165.0, 0, 0.15); border-radius: 3px;' "
 'title=\'1.0\'>_||>":"<||_html:</span>_||><||_html:<span '
 "style='background-color: rgba(0.0, 165.0, 0, 0.15); border-radius: 3px;' "
 "title='1.0'>_||>field<||_html:</span>_||><||_html:<span "
 "style='background-color: rgba(0.0, 165.0, 0, 0.15); border-radius: 3px;' "
 "title='1.0'>_||> removed<||_html:</span>_||><||_html:<span "
 "style='background-color: rgba(0.0, 165.0, 0, 0.15); border-radius: 3px;' "
 'title=\'1.0\'>_||>","<||_html:</span>_||>breaking<||_html:<span '
 "style='background-color: rgba(0.0, 165.0, 0, 0.15); border-radius: 3px;' "
 'title=\'1.0\'>_||>":<||_html:</span>_||><||_html:<span '
 "style='background-color: rgba(0.0, 165.0, 0, 0.15); border-radius: 3px;' "
 'title=\'1.0\'>_||>true<||_html:</span>_||>,"release_note<||_html:<span '
 "style='background-color: rgba(0.0, 165.0, 0, 0.15); border-radius: 3px;' "
 'title=\'1.0\'>_||>":"<||_html:</span>_||><||_html:<span '
 "style='background-color: rgba(0.0, 165.0, 0, 0.15); border-radius: 3px;' "
 "title='1.0'>_||>The<||_html:</span>_||><||_html:<span "
 "style='background-color: rgba(0.0, 165.0, 0, 0.15); border-radius: 3px;' "
 "title='1.0'>_||> '<||_html:</span>_||><||_html:<span "
 "style='background-color: rgba(0.0, 165.0, 0, 0.15); border-radius: 3px;' "
 "title='1.0'>_||>Product<||_html:</span>_||><||_html:<span "
 "style='background-color: rgba(0.0, 165.0, 0, 0.15); border-radius: 3px;' "
 "title='1.0'>_||>'<||_html:</span>_||><||_html:<span style='background-color: "
 "rgba(0.0, 165.0, 0, 0.15); border-radius: 3px;' title='1.0'>_||> "
 "type<||_html:</span>_||><||_html:<span style='background-color: rgba(0.0, "
 "165.0, 0, 0.15); border-radius: 3px;' title='1.0'>_||> "
 "no<||_html:</span>_||><||_html:<span style='background-color: rgba(0.0, "
 "165.0, 0, 0.15); border-radius: 3px;' title='1.0'>_||> "
 "longer<||_html:</span>_||><||_html:<span style='background-color: rgba(0.0, "
 "165.0, 0, 0.15); border-radius: 3px;' title='1.0'>_||> "
 "includes<||_html:</span>_||><||_html:<span style='background-color: "
 "rgba(0.0, 165.0, 0, 0.15); border-radius: 3px;' title='1.0'>_||> "
 "the<||_html:</span>_||><||_html:<span style='background-color: rgba(0.0, "
 "165.0, 0, 0.15); border-radius: 3px;' title='1.0'>_||> "
 "'<||_html:</span>_||><||_html:<span style='background-color: rgba(0.0, "
 "165.0, 0, 0.15); border-radius: 3px;' "
 "title='1.0'>_||>stock<||_html:</span>_||><||_html:<span "
 "style='background-color: rgba(0.0, 165.0, 0, 0.15); border-radius: 3px;' "
 "title='1.0'>_||>'<||_html:</span>_||><||_html:<span style='background-color: "
 "rgba(0.0, 165.0, 0, 0.15); border-radius: 3px;' title='1.0'>_||> "
 "field<||_html:</span>_||><||_html:<span style='background-color: rgba(0.0, "
 "165.0, 0, 0.15); border-radius: 3px;' "
 'title=\'1.0\'>_||>."<||_html:</span>_||><||_html:<span '
 "style='background-color: rgba(0.0, 165.0, 0, 0.15); border-radius: 3px;' "
 'title=\'1.0\'>_||>}]<||_html:</span>_||>,"release_notes":{"summary<||_html:<span '
 "style='background-color: rgba(0.0, 165.0, 0, 0.15); border-radius: 3px;' "
 'title=\'1.0\'>_||>":"<||_html:</span>_||><||_html:<span '
 "style='background-color: rgba(0.0, 165.0, 0, 0.15); border-radius: 3px;' "
 "title='1.0'>_||>The<||_html:</span>_||><||_html:<span "
 "style='background-color: rgba(0.0, 165.0, 0, 0.15); border-radius: 3px;' "
 "title='1.0'>_||> '<||_html:</span>_||><||_html:<span "
 "style='background-color: rgba(0.0, 165.0, 0, 0.15); border-radius: 3px;' "
 "title='1.0'>_||>get<||_html:</span>_||><||_html:<span "
 "style='background-color: rgba(0.0, 165.0, 0, 0.15); border-radius: 3px;' "
 "title='1.0'>_||>Product<||_html:</span>_||><||_html:<span "
 "style='background-color: rgba(0.0, 165.0, 0, 0.15); border-radius: 3px;' "
 "title='1.0'>_||>'<||_html:</span>_||><||_html:<span style='background-color: "
 "rgba(0.0, 165.0, 0, 0.15); border-radius: 3px;' title='1.0'>_||> "
 "query<||_html:</span>_||><||_html:<span style='background-color: rgba(0.0, "
 "165.0, 0, 0.15); border-radius: 3px;' title='1.0'>_||> "
 "now<||_html:</span>_||><||_html:<span style='background-color: rgba(0.0, "
 "165.0, 0, 0.15); border-radius: 3px;' title='1.0'>_||> "
 "includes<||_html:</span>_||><||_html:<span style='background-color: "
 "rgba(0.0, 165.0, 0, 0.15); border-radius: 3px;' title='1.0'>_||> "
 "a<||_html:</span>_||><||_html:<span style='background-color: rgba(0.0, "
 "165.0, 0, 0.15); border-radius: 3px;' title='1.0'>_||> "
 "new<||_html:</span>_||><||_html:<span style='background-color: rgba(0.0, "
 "165.0, 0, 0.15); border-radius: 3px;' title='1.0'>_||> "
 "field<||_html:</span>_||><||_html:<span style='background-color: rgba(0.0, "
 "165.0, 0, 0.15); border-radius: 3px;' title='1.0'>_||> "
 "'<||_html:</span>_||><||_html:<span style='background-color: rgba(0.0, "
 "165.0, 0, 0.15); border-radius: 3px;' "
 "title='1.0'>_||>details<||_html:</span>_||><||_html:<span "
 "style='background-color: rgba(0.0, 165.0, 0, 0.15); border-radius: 3px;' "
 "title='1.0'>_||>'<||_html:</span>_||><||_html:<span style='background-color: "
 "rgba(0.0, 165.0, 0, 0.15); border-radius: 3px;' title='1.0'>_||> "
 "of<||_html:</span>_||><||_html:<span style='background-color: rgba(0.0, "
 "165.0, 0, 0.15); border-radius: 3px;' title='1.0'>_||> "
 "type<||_html:</span>_||><||_html:<span style='background-color: rgba(0.0, "
 "165.0, 0, 0.15); border-radius: 3px;' title='1.0'>_||> "
 "String<||_html:</span>_||><||_html:<span style='background-color: rgba(0.0, "
 "165.0, 0, 0.15); border-radius: 3px;' "
 "title='1.0'>_||>.<||_html:</span>_||><||_html:<span style='background-color: "
 "rgba(0.0, 165.0, 0, 0.15); border-radius: 3px;' title='1.0'>_||> "
 "The<||_html:</span>_||><||_html:<span style='background-color: rgba(0.0, "
 "165.0, 0, 0.15); border-radius: 3px;' title='1.0'>_||> "
 "'<||_html:</span>_||><||_html:<span style='background-color: rgba(0.0, "
 "165.0, 0, 0.15); border-radius: 3px;' "
 "title='1.0'>_||>Product<||_html:</span>_||><||_html:<span "
 "style='background-color: rgba(0.0, 165.0, 0, 0.15); border-radius: 3px;' "
 "title='1.0'>_||>'<||_html:</span>_||><||_html:<span style='background-color: "
 "rgba(0.0, 165.0, 0, 0.15); border-radius: 3px;' title='1.0'>_||> "
 "type<||_html:</span>_||><||_html:<span style='background-color: rgba(0.0, "
 "165.0, 0, 0.15); border-radius: 3px;' title='1.0'>_||> "
 "no<||_html:</span>_||><||_html:<span style='background-color: rgba(0.0, "
 "165.0, 0, 0.15); border-radius: 3px;' title='1.0'>_||> "
 "longer<||_html:</span>_||><||_html:<span style='background-color: rgba(0.0, "
 "165.0, 0, 0.15); border-radius: 3px;' title='1.0'>_||> "
 "includes<||_html:</span>_||><||_html:<span style='background-color: "
 "rgba(0.0, 165.0, 0, 0.15); border-radius: 3px;' title='1.0'>_||> "
 "the<||_html:</span>_||><||_html:<span style='background-color: rgba(0.0, "
 "165.0, 0, 0.15); border-radius: 3px;' title='1.0'>_||> "
 "'<||_html:</span>_||><||_html:<span style='background-color: rgba(0.0, "
 "165.0, 0, 0.15); border-radius: 3px;' "
 "title='1.0'>_||>description<||_html:</span>_||><||_html:<span "
 "style='background-color: rgba(0.0, 165.0, 0, 0.15); border-radius: 3px;' "
 "title='1.0'>_||>'<||_html:</span>_||><||_html:<span style='background-color: "
 "rgba(0.0, 165.0, 0, 0.15); border-radius: 3px;' title='1.0'>_||> "
 "and<||_html:</span>_||><||_html:<span style='background-color: rgba(0.0, "
 "165.0, 0, 0.15); border-radius: 3px;' title='1.0'>_||> "
 "'<||_html:</span>_||><||_html:<span style='background-color: rgba(0.0, "
 "165.0, 0, 0.15); border-radius: 3px;' title='1.0'>_||>")
('Analyze the following two GraphQL schemas for changes, including both '
 'breaking and non-breaking changes.\n'
 '\n'
 '                        Provide your analysis in the following JSON format:\n'
 '                        {\n'
 '                          "changes": [\n'
 '                            {\n'
 '                              "type": "String representing the GraphQL type '
 '(e.g., Query, Mutation, Subscription)",\n'
 '                              "field": "String representing the specific '
 'field that changed",\n'
 '                              "change": "String describing the change (e.g., '
 'field renamed, new field added, field removed)",\n'
 '                              "breaking": "Boolean indicating if the change '
 'is breaking (true) or non-breaking (false)",\n'
 '                              "release_note": "String with a natural '
 'language description of the change for release notes"\n'
 '                            }\n'
 '                          ],\n'
 '                          "release_notes": {\n'
 '                              "summary": "String summarizing all changes, '
 'suitable for a mailing list or public announcement"\n'
 '                          }\n'
 '                        }\n'
 '\n'
 '                        When analyzing, consider the following types of '
 'changes:\n'
 '                        1. Removing fields or types (breaking)\n'
 '                        2. Changing field types (potentially breaking)\n'
 '                        3. Adding required fields (breaking)\n'
 '                        4. Changing the type of existing arguments '
 '(breaking)\n'
 '                        5. Adding optional fields (non-breaking)\n'
 '                        6. Adding new types (non-breaking)\n'
 '                        7. Deprecating fields (non-breaking)\n'
 '\n'
 '                        Ensure that each change is categorized correctly as '
 'breaking or non-breaking.: type Query {\n'
 '  getProduct(id: ID!): Product\n'
 '}\n'
 '\n'
 'type Product {\n'
 '  id: ID\n'
 '  name: String\n'
 '  description: String\n'
 '  price: Float\n'
 '  stock: Int\n'
 '}\n'
 ', type Query {\n'
 '  getProduct(id: ID!): Product\n'
 '}\n'
 '\n'
 'type Product {\n'
 '  id: ID\n'
 '  name: String\n'
 '  details: String\n'
 '  price: Float\n'
 '}\n'
 '\n'
 "Answer:<||_html:<span style='background-color: rgba(0.0, 165.0, 0, 0.15); "
 "border-radius: 3px;' title='1.0'>_||> {<||_html:</span>_||><||_html:<span "
 "style='background-color: rgba(0.0, 165.0, 0, 0.15); border-radius: 3px;' "
 "title='1.0'>_||>\n"
 "<||_html:</span>_||><||_html:<span style='background-color: rgba(0.0, 165.0, "
 "0, 0.15); border-radius: 3px;' title='1.0'>_||> "
 "<||_html:</span>_||><||_html:<span style='background-color: rgba(0.0, 165.0, "
 "0, 0.15); border-radius: 3px;' title='1.0'>_||> "
 '"<||_html:</span>_||><||_html:<span style=\'background-color: rgba(0.0, '
 "165.0, 0, 0.15); border-radius: 3px;' "
 "title='1.0'>_||>changes<||_html:</span>_||><||_html:<span "
 "style='background-color: rgba(0.0, 165.0, 0, 0.15); border-radius: 3px;' "
 'title=\'1.0\'>_||>":<||_html:</span>_||><||_html:<span '
 "style='background-color: rgba(0.0, 165.0, 0, 0.15); border-radius: 3px;' "
 "title='1.0'>_||> [<||_html:</span>_||><||_html:<span "
 "style='background-color: rgba(0.0, 165.0, 0, 0.15); border-radius: 3px;' "
 "title='1.0'>_||>\n"
 "<||_html:</span>_||><||_html:<span style='background-color: rgba(0.0, 165.0, "
 "0, 0.15); border-radius: 3px;' title='1.0'>_||>   "
 "<||_html:</span>_||><||_html:<span style='background-color: rgba(0.0, 165.0, "
 "0, 0.15); border-radius: 3px;' title='1.0'>_||> "
 "{<||_html:</span>_||><||_html:<span style='background-color: rgba(0.0, "
 "165.0, 0, 0.15); border-radius: 3px;' title='1.0'>_||>\n"
 "<||_html:</span>_||><||_html:<span style='background-color: rgba(0.0, 165.0, "
 "0, 0.15); border-radius: 3px;' title='1.0'>_||>     "
 "<||_html:</span>_||><||_html:<span style='background-color: rgba(0.0, 165.0, "
 "0, 0.15); border-radius: 3px;' title='1.0'>_||> "
 '"<||_html:</span>_||><||_html:<span style=\'background-color: rgba(0.0, '
 "165.0, 0, 0.15); border-radius: 3px;' "
 "title='1.0'>_||>type<||_html:</span>_||><||_html:<span "
 "style='background-color: rgba(0.0, 165.0, 0, 0.15); border-radius: 3px;' "
 'title=\'1.0\'>_||>":<||_html:</span>_||><||_html:<span '
 "style='background-color: rgba(0.0, 165.0, 0, 0.15); border-radius: 3px;' "
 'title=\'1.0\'>_||> "<||_html:</span>_||><||_html:<span '
 "style='background-color: rgba(0.0, 165.0, 0, 0.15); border-radius: 3px;' "
 "title='1.0'>_||>Query<||_html:</span>_||><||_html:<span "
 "style='background-color: rgba(0.0, 165.0, 0, 0.15); border-radius: 3px;' "
 'title=\'1.0\'>_||>",<||_html:</span>_||><||_html:<span '
 "style='background-color: rgba(0.0, 165.0, 0, 0.15); border-radius: 3px;' "
 "title='1.0'>_||>\n"
 "<||_html:</span>_||><||_html:<span style='background-color: rgba(0.0, 165.0, "
 "0, 0.15); border-radius: 3px;' title='1.0'>_||>     "
 "<||_html:</span>_||><||_html:<span style='background-color: rgba(0.0, 165.0, "
 "0, 0.15); border-radius: 3px;' title='1.0'>_||> "
 '"<||_html:</span>_||><||_html:<span style=\'background-color: rgba(0.0, '
 "165.0, 0, 0.15); border-radius: 3px;' "
 "title='1.0'>_||>field<||_html:</span>_||><||_html:<span "
 "style='background-color: rgba(0.0, 165.0, 0, 0.15); border-radius: 3px;' "
 'title=\'1.0\'>_||>":<||_html:</span>_||><||_html:<span '
 "style='background-color: rgba(0.0, 165.0, 0, 0.15); border-radius: 3px;' "
 'title=\'1.0\'>_||> "<||_html:</span>_||><||_html:<span '
 "style='background-color: rgba(0.0, 165.0, 0, 0.15); border-radius: 3px;' "
 "title='1.0'>_||>get<||_html:</span>_||><||_html:<span "
 "style='background-color: rgba(0.0, 165.0, 0, 0.15); border-radius: 3px;' "
 "title='1.0'>_||>Product<||_html:</span>_||><||_html:<span "
 "style='background-color: rgba(0.0, 165.0, 0, 0.15); border-radius: 3px;' "
 'title=\'1.0\'>_||>",<||_html:</span>_||><||_html:<span '
 "style='background-color: rgba(0.0, 165.0, 0, 0.15); border-radius: 3px;' "
 "title='1.0'>_||>\n"
 "<||_html:</span>_||><||_html:<span style='background-color: rgba(0.0, 165.0, "
 "0, 0.15); border-radius: 3px;' title='1.0'>_||>     "
 "<||_html:</span>_||><||_html:<span style='background-color: rgba(0.0, 165.0, "
 "0, 0.15); border-radius: 3px;' title='1.0'>_||> "
 '"<||_html:</span>_||><||_html:<span style=\'background-color: rgba(0.0, '
 "165.0, 0, 0.15); border-radius: 3px;' "
 "title='1.0'>_||>change<||_html:</span>_||><||_html:<span "
 "style='background-color: rgba(0.0, 165.0, 0, 0.15); border-radius: 3px;' "
 'title=\'1.0\'>_||>":<||_html:</span>_||><||_html:<span '
 "style='background-color: rgba(0.0, 165.0, 0, 0.15); border-radius: 3px;' "
 'title=\'1.0\'>_||> "<||_html:</span>_||><||_html:<span '
 "style='background-color: rgba(0.0, 165.0, 0, 0.15); border-radius: 3px;' "
 "title='1.0'>_||>field<||_html:</span>_||><||_html:<span "
 "style='background-color: rgba(0.0, 165.0, 0, 0.15); border-radius: 3px;' "
 "title='1.0'>_||> details<||_html:</span>_||><||_html:<span "
 "style='background-color: rgba(0.0, 165.0, 0, 0.15); border-radius: 3px;' "
 "title='1.0'>_||> added<||_html:</span>_||><||_html:<span "
 "style='background-color: rgba(0.0, 165.0, 0, 0.15); border-radius: 3px;' "
 'title=\'1.0\'>_||>",<||_html:</span>_||><||_html:<span '
 "style='background-color: rgba(0.0, 165.0, 0, 0.15); border-radius: 3px;' "
 "title='1.0'>_||>\n"
 "<||_html:</span>_||><||_html:<span style='background-color: rgba(0.0, 165.0, "
 "0, 0.15); border-radius: 3px;' title='1.0'>_||>     "
 "<||_html:</span>_||><||_html:<span style='background-color: rgba(0.0, 165.0, "
 "0, 0.15); border-radius: 3px;' title='1.0'>_||> "
 '"<||_html:</span>_||><||_html:<span style=\'background-color: rgba(0.0, '
 "165.0, 0, 0.15); border-radius: 3px;' "
 "title='1.0'>_||>breaking<||_html:</span>_||><||_html:<span "
 "style='background-color: rgba(0.0, 165.0, 0, 0.15); border-radius: 3px;' "
 'title=\'1.0\'>_||>":<||_html:</span>_||><||_html:<span '
 "style='background-color: rgba(0.0, 165.0, 0, 0.15); border-radius: 3px;' "
 'title=\'1.0\'>_||> "<||_html:</span>_||><||_html:<span '
 "style='background-color: rgba(0.0, 165.0, 0, 0.15); border-radius: 3px;' "
 "title='1.0'>_||>false<||_html:</span>_||><||_html:<span "
 "style='background-color: rgba(0.0, 165.0, 0, 0.15); border-radius: 3px;' "
 'title=\'1.0\'>_||>",<||_html:</span>_||><||_html:<span '
 "style='background-color: rgba(0.0, 165.0, 0, 0.15); border-radius: 3px;' "
 "title='1.0'>_||>\n"
 "<||_html:</span>_||><||_html:<span style='background-color: rgba(0.0, 165.0, "
 "0, 0.15); border-radius: 3px;' title='1.0'>_||>     "
 "<||_html:</span>_||><||_html:<span style='background-color: rgba(0.0, 165.0, "
 "0, 0.15); border-radius: 3px;' title='1.0'>_||> "
 '"<||_html:</span>_||><||_html:<span style=\'background-color: rgba(0.0, '
 "165.0, 0, 0.15); border-radius: 3px;' "
 "title='1.0'>_||>release<||_html:</span>_||><||_html:<span "
 "style='background-color: rgba(0.0, 165.0, 0, 0.15); border-radius: 3px;' "
 "title='1.0'>_||>_<||_html:</span>_||><||_html:<span style='background-color: "
 "rgba(0.0, 165.0, 0, 0.15); border-radius: 3px;' "
 "title='1.0'>_||>note<||_html:</span>_||><||_html:<span "
 "style='background-color: rgba(0.0, 165.0, 0, 0.15); border-radius: 3px;' "
 'title=\'1.0\'>_||>":<||_html:</span>_||><||_html:<span '
 "style='background-color: rgba(0.0, 165.0, 0, 0.15); border-radius: 3px;' "
 'title=\'1.0\'>_||> "<||_html:</span>_||><||_html:<span '
 "style='background-color: rgba(0.0, 165.0, 0, 0.15); border-radius: 3px;' "
 "title='1.0'>_||>The<||_html:</span>_||><||_html:<span "
 "style='background-color: rgba(0.0, 165.0, 0, 0.15); border-radius: 3px;' "
 "title='1.0'>_||> '<||_html:</span>_||><||_html:<span "
 "style='background-color: rgba(0.0, 165.0, 0, 0.15); border-radius: 3px;' "
 "title='1.0'>_||>get<||_html:</span>_||><||_html:<span "
 "style='background-color: rgba(0.0, 165.0, 0, 0.15); border-radius: 3px;' "
 "title='1.0'>_||>Product<||_html:</span>_||><||_html:<span "
 "style='background-color: rgba(0.0, 165.0, 0, 0.15); border-radius: 3px;' "
 "title='1.0'>_||>'<||_html:</span>_||><||_html:<span style='background-color: "
 "rgba(0.0, 165.0, 0, 0.15); border-radius: 3px;' title='1.0'>_||> "
 "query<||_html:</span>_||><||_html:<span style='background-color: rgba(0.0, "
 "165.0, 0, 0.15); border-radius: 3px;' title='1.0'>_||> "
 "now<||_html:</span>_||><||_html:<span style='background-color: rgba(0.0, "
 "165.0, 0, 0.15); border-radius: 3px;' title='1.0'>_||> "
 "includes<||_html:</span>_||><||_html:<span style='background-color: "
 "rgba(0.0, 165.0, 0, 0.15); border-radius: 3px;' title='1.0'>_||> "
 "a<||_html:</span>_||><||_html:<span style='background-color: rgba(0.0, "
 "165.0, 0, 0.15); border-radius: 3px;' title='1.0'>_||> "
 "new<||_html:</span>_||><||_html:<span style='background-color: rgba(0.0, "
 "165.0, 0, 0.15); border-radius: 3px;' title='1.0'>_||> "
 "field<||_html:</span>_||><||_html:<span style='background-color: rgba(0.0, "
 "165.0, 0, 0.15); border-radius: 3px;' title='1.0'>_||> "
 "'<||_html:</span>_||><||_html:<span style='background-color: rgba(0.0, "
 "165.0, 0, 0.15); border-radius: 3px;' "
 "title='1.0'>_||>details<||_html:</span>_||><||_html:<span "
 "style='background-color: rgba(0.0, 165.0, 0, 0.15); border-radius: 3px;' "
 "title='1.0'>_||>'<||_html:</span>_||><||_html:<span style='background-color: "
 "rgba(0.0, 165.0, 0, 0.15); border-radius: 3px;' title='1.0'>_||> "
 "of<||_html:</span>_||><||_html:<span style='background-color: rgba(0.0, "
 "165.0, 0, 0.15); border-radius: 3px;' title='1.0'>_||> "
 "type<||_html:</span>_||><||_html:<span style='background-color: rgba(0.0, "
 "165.0, 0, 0.15); border-radius: 3px;' title='1.0'>_||> "
 "String<||_html:</span>_||><||_html:<span style='background-color: rgba(0.0, "
 "165.0, 0, 0.15); border-radius: 3px;' "
 'title=\'1.0\'>_||>."<||_html:</span>_||><||_html:<span '
 "style='background-color: rgba(0.0, 165.0, 0, 0.15); border-radius: 3px;' "
 "title='1.0'>_||>\n"
 "<||_html:</span>_||><||_html:<span style='background-color: rgba(0.0, 165.0, "
 "0, 0.15); border-radius: 3px;' title='1.0'>_||>   "
 "<||_html:</span>_||><||_html:<span style='background-color: rgba(0.0, 165.0, "
 "0, 0.15); border-radius: 3px;' title='1.0'>_||> "
 "},<||_html:</span>_||><||_html:<span style='background-color: rgba(0.0, "
 "165.0, 0, 0.15); border-radius: 3px;' title='1.0'>_||>\n"
 "<||_html:</span>_||><||_html:<span style='background-color: rgba(0.0, 165.0, "
 "0, 0.15); border-radius: 3px;' title='1.0'>_||>   "
 "<||_html:</span>_||><||_html:<span style='background-color: rgba(0.0, 165.0, "
 "0, 0.15); border-radius: 3px;' title='1.0'>_||> "
 "{<||_html:</span>_||><||_html:<span style='background-color: rgba(0.0, "
 "165.0, 0, 0.15); border-radius: 3px;' title='1.0'>_||>\n"
 "<||_html:</span>_||><||_html:<span style='background-color: rgba(0.0, 165.0, "
 "0, 0.15); border-radius: 3px;' title='1.0'>_||>     "
 "<||_html:</span>_||><||_html:<span style='background-color: rgba(0.0, 165.0, "
 "0, 0.15); border-radius: 3px;' title='1.0'>_||> "
 '"<||_html:</span>_||><||_html:<span style=\'background-color: rgba(0.0, '
 "165.0, 0, 0.15); border-radius: 3px;' "
 "title='1.0'>_||>type<||_html:</span>_||><||_html:<span "
 "style='background-color: rgba(0.0, 165.0, 0, 0.15); border-radius: 3px;' "
 'title=\'1.0\'>_||>":<||_html:</span>_||><||_html:<span '
 "style='background-color: rgba(0.0, 165.0, 0, 0.15); border-radius: 3px;' "
 'title=\'1.0\'>_||> "<||_html:</span>_||><||_html:<span '
 "style='background-color: rgba(0.0, 165.0, 0, 0.15); border-radius: 3px;' "
 "title='1.0'>_||>Product<||_html:</span>_||><||_html:<span "
 "style='background-color: rgba(0.0, 165.0, 0, 0.15); border-radius: 3px;' "
 'title=\'1.0\'>_||>",<||_html:</span>_||><||_html:<span '
 "style='background-color: rgba(0.0, 165.0, 0, 0.15); border-radius: 3px;' "
 "title='1.0'>_||>\n"
 "<||_html:</span>_||><||_html:<span style='background-color: rgba(0.0, 165.0, "
 "0, 0.15); border-radius: 3px;' title='1.0'>_||>     "
 "<||_html:</span>_||><||_html:<span style='background-color: rgba(0.0, 165.0, "
 "0, 0.15); border-radius: 3px;' title='1.0'>_||> "
 '"<||_html:</span>_||><||_html:<span style=\'background-color: rgba(0.0, '
 "165.0, 0, 0.15); border-radius: 3px;' "
 "title='1.0'>_||>field<||_html:</span>_||><||_html:<span "
 "style='background-color: rgba(0.0, 165.0, 0, 0.15); border-radius: 3px;' "
 'title=\'1.0\'>_||>":<||_html:</span>_||><||_html:<span '
 "style='background-color: rgba(0.0, 165.0, 0, 0.15); border-radius: 3px;' "
 'title=\'1.0\'>_||> "<||_html:</span>_||><||_html:<span '
 "style='background-color: rgba(0.0, 165.0, 0, 0.15); border-radius: 3px;' "
 "title='1.0'>_||>description<||_html:</span>_||><||_html:<span "
 "style='background-color: rgba(0.0, 165.0, 0, 0.15); border-radius: 3px;' "
 'title=\'1.0\'>_||>",<||_html:</span>_||><||_html:<span '
 "style='background-color: rgba(0.0, 165.0, 0, 0.15); border-radius: 3px;' "
 "title='1.0'>_||>\n"
 "<||_html:</span>_||><||_html:<span style='background-color: rgba(0.0, 165.0, "
 "0, 0.15); border-radius: 3px;' title='1.0'>_||>     "
 "<||_html:</span>_||><||_html:<span style='background-color: rgba(0.0, 165.0, "
 "0, 0.15); border-radius: 3px;' title='1.0'>_||> "
 '"<||_html:</span>_||><||_html:<span style=\'background-color: rgba(0.0, '
 "165.0, 0, 0.15); border-radius: 3px;' "
 "title='1.0'>_||>change<||_html:</span>_||><||_html:<span "
 "style='background-color: rgba(0.0, 165.0, 0, 0.15); border-radius: 3px;' "
 'title=\'1.0\'>_||>":<||_html:</span>_||><||_html:<span '
 "style='background-color: rgba(0.0, 165.0, 0, 0.15); border-radius: 3px;' "
 'title=\'1.0\'>_||> "<||_html:</span>_||><||_html:<span '
 "style='background-color: rgba(0.0, 165.0, 0, 0.15); border-radius: 3px;' "
 "title='1.0'>_||>field<||_html:</span>_||><||_html:<span "
 "style='background-color: rgba(0.0, 165.0, 0, 0.15); border-radius: 3px;' "
 "title='1.0'>_||> removed<||_html:</span>_||><||_html:<span "
 "style='background-color: rgba(0.0, 165.0, 0, 0.15); border-radius: 3px;' "
 'title=\'1.0\'>_||>",<||_html:</span>_||><||_html:<span '
 "style='background-color: rgba(0.0, 165.0, 0, 0.15); border-radius: 3px;' "
 "title='1.0'>_||>\n"
 "<||_html:</span>_||><||_html:<span style='background-color: rgba(0.0, 165.0, "
 "0, 0.15); border-radius: 3px;' title='1.0'>_||>     "
 "<||_html:</span>_||><||_html:<span style='background-color: rgba(0.0, 165.0, "
 "0, 0.15); border-radius: 3px;' title='1.0'>_||> "
 '"<||_html:</span>_||><||_html:<span style=\'background-color: rgba(0.0, '
 "165.0, 0, 0.15); border-radius: 3px;' "
 "title='1.0'>_||>breaking<||_html:</span>_||><||_html:<span "
 "style='background-color: rgba(0.0, 165.0, 0, 0.15); border-radius: 3px;' "
 'title=\'1.0\'>_||>":<||_html:</span>_||><||_html:<span '
 "style='background-color: rgba(0.0, 165.0, 0, 0.15); border-radius: 3px;' "
 'title=\'1.0\'>_||> "<||_html:</span>_||><||_html:<span '
 "style='background-color: rgba(0.0, 165.0, 0, 0.15); border-radius: 3px;' "
 "title='1.0'>_||>true<||_html:</span>_||><||_html:<span "
 "style='background-color: rgba(0.0, 165.0, 0, 0.15); border-radius: 3px;' "
 'title=\'1.0\'>_||>",<||_html:</span>_||><||_html:<span '
 "style='background-color: rgba(0.0, 165.0, 0, 0.15); border-radius: 3px;' "
 "title='1.0'>_||>\n"
 "<||_html:</span>_||><||_html:<span style='background-color: rgba(0.0, 165.0, "
 "0, 0.15); border-radius: 3px;' title='1.0'>_||>     "
 "<||_html:</span>_||><||_html:<span style='background-color: rgba(0.0, 165.0, "
 "0, 0.15); border-radius: 3px;' title='1.0'>_||> "
 '"<||_html:</span>_||><||_html:<span style=\'background-color: rgba(0.0, '
 "165.0, 0, 0.15); border-radius: 3px;' "
 "title='1.0'>_||>release<||_html:</span>_||><||_html:<span "
 "style='background-color: rgba(0.0, 165.0, 0, 0.15); border-radius: 3px;' "
 "title='1.0'>_||>_<||_html:</span>_||><||_html:<span style='background-color: "
 "rgba(0.0, 165.0, 0, 0.15); border-radius: 3px;' "
 "title='1.0'>_||>note<||_html:</span>_||><||_html:<span "
 "style='background-color: rgba(0.0, 165.0, 0, 0.15); border-radius: 3px;' "
 'title=\'1.0\'>_||>":<||_html:</span>_||><||_html:<span '
 "style='background-color: rgba(0.0, 165.0, 0, 0.15); border-radius: 3px;' "
 'title=\'1.0\'>_||> "<||_html:</span>_||><||_html:<span '
 "style='background-color: rgba(0.0, 165.0, 0, 0.15); border-radius: 3px;' "
 "title='1.0'>_||>The<||_html:</span>_||><||_html:<span "
 "style='background-color: rgba(0.0, 165.0, 0, 0.15); border-radius: 3px;' "
 "title='1.0'>_||> '<||_html:</span>_||><||_html:<span "
 "style='background-color: rgba(0.0, 165.0, 0, 0.15); border-radius: 3px;' "
 "title='1.0'>_||>Product<||_html:</span>_||><||_html:<span "
 "style='background-color: rgba(0.0, 165.0, 0, 0.15); border-radius: 3px;' "
 "title='1.0'>_||>'<||_html:</span>_||><||_html:<span style='background-color: "
 "rgba(0.0, 165.0, 0, 0.15); border-radius: 3px;' title='1.0'>_||> "
 "type<||_html:</span>_||><||_html:<span style='background-color: rgba(0.0, "
 "165.0, 0, 0.15); border-radius: 3px;' title='1.0'>_||> "
 "no<||_html:</span>_||><||_html:<span style='background-color: rgba(0.0, "
 "165.0, 0, 0.15); border-radius: 3px;' title='1.0'>_||> "
 "longer<||_html:</span>_||><||_html:<span style='background-color: rgba(0.0, "
 "165.0, 0, 0.15); border-radius: 3px;' title='1.0'>_||> "
 "includes<||_html:</span>_||><||_html:<span style='background-color: "
 "rgba(0.0, 165.0, 0, 0.15); border-radius: 3px;' title='1.0'>_||> "
 "the<||_html:</span>_||><||_html:<span style='background-color: rgba(0.0, "
 "165.0, 0, 0.15); border-radius: 3px;' title='1.0'>_||> "
 "'<||_html:</span>_||><||_html:<span style='background-color: rgba(0.0, "
 "165.0, 0, 0.15); border-radius: 3px;' "
 "title='1.0'>_||>description<||_html:</span>_||><||_html:<span "
 "style='background-color: rgba(0.0, 165.0, 0, 0.15); border-radius: 3px;' "
 "title='1.0'>_||>'<||_html:</span>_||><||_html:<span style='background-color: "
 "rgba(0.0, 165.0, 0, 0.15); border-radius: 3px;' title='1.0'>_||> "
 "field<||_html:</span>_||><||_html:<span style='background-color: rgba(0.0, "
 "165.0, 0, 0.15); border-radius: 3px;' "
 'title=\'1.0\'>_||>."<||_html:</span>_||><||_html:<span '
 "style='background-color: rgba(0.0, 165.0, 0, 0.15); border-radius: 3px;' "
 "title='1.0'>_||>\n"
 "<||_html:</span>_||><||_html:<span style='background-color: rgba(0.0, 165.0, "
 "0, 0.15); border-radius: 3px;' title='1.0'>_||>   "
 "<||_html:</span>_||><||_html:<span style='background-color: rgba(0.0, 165.0, "
 "0, 0.15); border-radius: 3px;' title='1.0'>_||> "
 "},<||_html:</span>_||><||_html:<span style='background-color: rgba(0.0, "
 "165.0, 0, 0.15); border-radius: 3px;' title='1.0'>_||>\n"
 "<||_html:</span>_||><||_html:<span style='background-color: rgba(0.0, 165.0, "
 "0, 0.15); border-radius: 3px;' title='1.0'>_||>   "
 "<||_html:</span>_||><||_html:<span style='background-color: rgba(0.0, 165.0, "
 "0, 0.15); border-radius: 3px;' title='1.0'>_||> "
 "{<||_html:</span>_||><||_html:<span style='background-color: rgba(0.0, "
 "165.0, 0, 0.15); border-radius: 3px;' title='1.0'>_||>\n"
 "<||_html:</span>_||><||_html:<span style='background-color: rgba(0.0, 165.0, "
 "0, 0.15); border-radius: 3px;' title='1.0'>_||>     "
 "<||_html:</span>_||><||_html:<span style='background-color: rgba(0.0, 165.0, "
 "0, 0.15); border-radius: 3px;' title='1.0'>_||> "
 '"<||_html:</span>_||><||_html:<span style=\'background-color: rgba(0.0, '
 "165.0, 0, 0.15); border-radius: 3px;' "
 "title='1.0'>_||>type<||_html:</span>_||><||_html:<span "
 "style='background-color: rgba(0.0, 165.0, 0, 0.15); border-radius: 3px;' "
 'title=\'1.0\'>_||>":<||_html:</span>_||><||_html:<span '
 "style='background-color: rgba(0.0, 165.0, 0, 0.15); border-radius: 3px;' "
 'title=\'1.0\'>_||> "<||_html:</span>_||><||_html:<span '
 "style='background-color: rgba(0.0, 165.0, 0, 0.15); border-radius: 3px;' "
 "title='1.0'>_||>Product<||_html:</span>_||><||_html:<span "
 "style='background-color: rgba(0.0, 165.0, 0, 0.15); border-radius: 3px;' "
 'title=\'1.0\'>_||>",<||_html:</span>_||><||_html:<span '
 "style='background-color: rgba(0.0, 165.0, 0, 0.15); border-radius: 3px;' "
 "title='1.0'>_||>\n"
 "<||_html:</span>_||><||_html:<span style='background-color: rgba(0.0, 165.0, "
 "0, 0.15); border-radius: 3px;' title='1.0'>_||>     "
 "<||_html:</span>_||><||_html:<span style='background-color: rgba(0.0, 165.0, "
 "0, 0.15); border-radius: 3px;' title='1.0'>_||> "
 '"<||_html:</span>_||><||_html:<span style=\'background-color: rgba(0.0, '
 "165.0, 0, 0.15); border-radius: 3px;' "
 "title='1.0'>_||>field<||_html:</span>_||><||_html:<span "
 "style='background-color: rgba(0.0, 165.0, 0, 0.15); border-radius: 3px;' "
 'title=\'1.0\'>_||>":<||_html:</span>_||><||_html:<span '
 "style='background-color: rgba(0.0, 165.0, 0, 0.15); border-radius: 3px;' "
 'title=\'1.0\'>_||> "<||_html:</span>_||><||_html:<span '
 "style='background-color: rgba(0.0, 165.0, 0, 0.15); border-radius: 3px;' "
 "title='1.0'>_||>stock<||_html:</span>_||><||_html:<span "
 "style='background-color: rgba(0.0, 165.0, 0, 0.15); border-radius: 3px;' "
 'title=\'1.0\'>_||>",<||_html:</span>_||><||_html:<span '
 "style='background-color: rgba(0.0, 165.0, 0, 0.15); border-radius: 3px;' "
 "title='1.0'>_||>\n"
 "<||_html:</span>_||><||_html:<span style='background-color: rgba(0.0, 165.0, "
 "0, 0.15); border-radius: 3px;' title='1.0'>_||>     "
 "<||_html:</span>_||><||_html:<span style='background-color: rgba(0.0, 165.0, "
 "0, 0.15); border-radius: 3px;' title='1.0'>_||> "
 '"<||_html:</span>_||><||_html:<span style=\'background-color: rgba(0.0, '
 "165.0, 0, 0.15); border-radius: 3px;' "
 "title='1.0'>_||>change<||_html:</span>_||><||_html:<span "
 "style='background-color: rgba(0.0, 165.0, 0, 0.15); border-radius: 3px;' "
 'title=\'1.0\'>_||>":<||_html:</span>_||><||_html:<span '
 "style='background-color: rgba(0.0, 165.0, 0, 0.15); border-radius: 3px;' "
 'title=\'1.0\'>_||> "<||_html:</span>_||><||_html:<span '
 "style='background-color: rgba(0.0, 165.0, 0, 0.15); border-radius: 3px;' "
 "title='1.0'>_||>field<||_html:</span>_||><||_html:<span "
 "style='background-color: rgba(0.0, 165.0, 0, 0.15); border-radius: 3px;' "
 "title='1.0'>_||> removed<||_html:</span>_||><||_html:<span "
 "style='background-color: rgba(0.0, 165.0, 0, 0.15); border-radius: 3px;' "
 'title=\'1.0\'>_||>",<||_html:</span>_||><||_html:<span '
 "style='background-color: rgba(0.0, 165.0, 0, 0.15); border-radius: 3px;' "
 "title='1.0'>_||>\n"
 "<||_html:</span>_||><||_html:<span style='background-color: rgba(0.0, 165.0, "
 "0, 0.15); border-radius: 3px;' title='1.0'>_||>     "
 "<||_html:</span>_||><||_html:<span style='background-color: rgba(0.0, 165.0, "
 "0, 0.15); border-radius: 3px;' title='1.0'>_||> "
 '"<||_html:</span>_||><||_html:<span style=\'background-color: rgba(0.0, '
 "165.0, 0, 0.15); border-radius: 3px;' "
 "title='1.0'>_||>breaking<||_html:</span>_||><||_html:<span "
 "style='background-color: rgba(0.0, 165.0, 0, 0.15); border-radius: 3px;' "
 'title=\'1.0\'>_||>":<||_html:</span>_||><||_html:<span '
 "style='background-color: rgba(0.0, 165.0, 0, 0.15); border-radius: 3px;' "
 'title=\'1.0\'>_||> "<||_html:</span>_||><||_html:<span '
 "style='background-color: rgba(0.0, 165.0, 0, 0.15); border-radius: 3px;' "
 "title='1.0'>_||>true<||_html:</span>_||><||_html:<span "
 "style='background-color: rgba(0.0, 165.0, 0, 0.15); border-radius: 3px;' "
 'title=\'1.0\'>_||>",<||_html:</span>_||><||_html:<span '
 "style='background-color: rgba(0.0, 165.0, 0, 0.15); border-radius: 3px;' "
 "title='1.0'>_||>\n"
 "<||_html:</span>_||><||_html:<span style='background-color: rgba(0.0, 165.0, "
 "0, 0.15); border-radius: 3px;' title='1.0'>_||>     "
 "<||_html:</span>_||><||_html:<span style='background-color: rgba(0.0, 165.0, "
 "0, 0.15); border-radius: 3px;' title='1.0'>_||> "
 '"<||_html:</span>_||><||_html:<span style=\'background-color: rgba(0.0, '
 "165.0, 0, 0.15); border-radius: 3px;' "
 "title='1.0'>_||>release<||_html:</span>_||><||_html:<span "
 "style='background-color: rgba(0.0, 165.0, 0, 0.15); border-radius: 3px;' "
 "title='1.0'>_||>_<||_html:</span>_||><||_html:<span style='background-color: "
 "rgba(0.0, 165.0, 0, 0.15); border-radius: 3px;' "
 "title='1.0'>_||>note<||_html:</span>_||><||_html:<span "
 "style='background-color: rgba(0.0, 165.0, 0, 0.15); border-radius: 3px;' "
 'title=\'1.0\'>_||>":<||_html:</span>_||><||_html:<span '
 "style='background-color: rgba(0.0, 165.0, 0, 0.15); border-radius: 3px;' "
 'title=\'1.0\'>_||> "<||_html:</span>_||><||_html:<span '
 "style='background-color: rgba(0.0, 165.0, 0, 0.15); border-radius: 3px;' "
 "title='1.0'>_||>The<||_html:</span>_||><||_html:<span "
 "style='background-color: rgba(0.0, 165.0, 0, 0.15); border-radius: 3px;' "
 "title='1.0'>_||> '<||_html:</span>_||><||_html:<span "
 "style='background-color: rgba(0.0, 165.0, 0, 0.15); border-radius: 3px;' "
 "title='1.0'>_||>Product<||_html:</span>_||><||_html:<span "
 "style='background-color: rgba(0.0, 165.0, 0, 0.15); border-radius: 3px;' "
 "title='1.0'>_||>'<||_html:</span>_||><||_html:<span style='background-color: "
 "rgba(0.0, 165.0, 0, 0.15); border-radius: 3px;' title='1.0'>_||> "
 "type<||_html:</span>_||><||_html:<span style='background-color: rgba(0.0, "
 "165.0, 0, 0.15); border-radius: 3px;' title='1.0'>_||> "
 "no<||_html:</span>_||><||_html:<span style='background-color: rgba(0.0, "
 "165.0, 0, 0.15); border-radius: 3px;' title='1.0'>_||> "
 "longer<||_html:</span>_||><||_html:<span style='background-color: rgba(0.0, "
 "165.0, 0, 0.15); border-radius: 3px;' title='1.0'>_||> "
 "includes<||_html:</span>_||><||_html:<span style='background-color: "
 "rgba(0.0, 165.0, 0, 0.15); border-radius: 3px;' title='1.0'>_||> "
 "the<||_html:</span>_||><||_html:<span style='background-color: rgba(0.0, "
 "165.0, 0, 0.15); border-radius: 3px;' title='1.0'>_||> "
 "'<||_html:</span>_||><||_html:<span style='background-color: rgba(0.0, "
 "165.0, 0, 0.15); border-radius: 3px;' "
 "title='1.0'>_||>stock<||_html:</span>_||><||_html:<span "
 "style='background-color: rgba(0.0, 165.0, 0, 0.15); border-radius: 3px;' "
 "title='1.0'>_||>'<||_html:</span>_||><||_html:<span style='background-color: "
 "rgba(0.0, 165.0, 0, 0.15); border-radius: 3px;' title='1.0'>_||> "
 "field<||_html:</span>_||><||_html:<span style='background-color: rgba(0.0, "
 "165.0, 0, 0.15); border-radius: 3px;' "
 'title=\'1.0\'>_||>."<||_html:</span>_||><||_html:<span '
 "style='background-color: rgba(0.0, 165.0, 0, 0.15); border-radius: 3px;' "
 "title='1.0'>_||>\n"
 "<||_html:</span>_||><||_html:<span style='background-color: rgba(0.0, 165.0, "
 "0, 0.15); border-radius: 3px;' title='1.0'>_||>   "
 "<||_html:</span>_||><||_html:<span style='background-color: rgba(0.0, 165.0, "
 "0, 0.15); border-radius: 3px;' title='1.0'>_||> "
 "}<||_html:</span>_||><||_html:<span style='background-color: rgba(0.0, "
 "165.0, 0, 0.15); border-radius: 3px;' title='1.0'>_||>\n"
 "<||_html:</span>_||><||_html:<span style='background-color: rgba(0.0, 165.0, "
 "0, 0.15); border-radius: 3px;' title='1.0'>_||> "
 "<||_html:</span>_||><||_html:<span style='background-color: rgba(0.0, 165.0, "
 "0, 0.15); border-radius: 3px;' title='1.0'>_||> "
 "],<||_html:</span>_||><||_html:<span style='background-color: rgba(0.0, "
 "165.0, 0, 0.15); border-radius: 3px;' title='1.0'>_||>\n"
 "<||_html:</span>_||><||_html:<span style='background-color: rgba(0.0, 165.0, "
 "0, 0.15); border-radius: 3px;' title='1.0'>_||> "
 "<||_html:</span>_||><||_html:<span style='background-color: rgba(0.0, 165.0, "
 "0, 0.15); border-radius: 3px;' title='1.0'>_||> "
 '"<||_html:</span>_||><||_html:<span style=\'background-color: rgba(0.0, '
 "165.0, 0, 0.15); border-radius: 3px;' "
 "title='1.0'>_||>release<||_html:</span>_||><||_html:<span "
 "style='background-color: rgba(0.0, 165.0, 0, 0.15); border-radius: 3px;' "
 "title='1.0'>_||>_<||_html:</span>_||><||_html:<span style='background-color: "
 "rgba(0.0, 165.0, 0, 0.15); border-radius: 3px;' "
 "title='1.0'>_||>notes<||_html:</span>_||><||_html:<span "
 "style='background-color: rgba(0.0, 165.0, 0, 0.15); border-radius: 3px;' "
 'title=\'1.0\'>_||>":<||_html:</span>_||><||_html:<span '
 "style='background-color: rgba(0.0, 165.0, 0, 0.15); border-radius: 3px;' "
 "title='1.0'>_||> {<||_html:</span>_||><||_html:<span "
 "style='background-color: rgba(0.0, 165.0, 0, 0.15); border-radius: 3px;' "
 "title='1.0'>_||>\n"
 "<||_html:</span>_||><||_html:<span style='background-color: rgba(0.0, 165.0, "
 "0, 0.15); border-radius: 3px;' title='1.0'>_||>   "
 "<||_html:</span>_||><||_html:<span style='background-color: rgba(0.0, 165.0, "
 "0, 0.15); border-radius: 3px;' title='1.0'>_||> "
 '"<||_html:</span>_||><||_html:<span style=\'background-color: rgba(0.0, '
 "165.0, 0, 0.15); border-radius: 3px;' "
 "title='1.0'>_||>summary<||_html:</span>_||><||_html:<span "
 "style='background-color: rgba(0.0, 165.0, 0, 0.15); border-radius: 3px;' "
 'title=\'1.0\'>_||>":<||_html:</span>_||><||_html:<span '
 "style='background-color: rgba(0.0, 165.0, 0, 0.15); border-radius: 3px;' "
 'title=\'1.0\'>_||> "<||_html:</span>_||><||_html:<span '
 "style='background-color: rgba(0.0, 165.0, 0, 0.15); border-radius: 3px;' "
 "title='1.0'>_||>The<||_html:</span>_||><||_html:<span "
 "style='background-color: rgba(0.0, 165.0, 0, 0.15); border-radius: 3px;' "
 "title='1.0'>_||> '<||_html:</span>_||><||_html:<span "
 "style='background-color: rgba(0.0, 165.0, 0, 0.15); border-radius: 3px;' "
 "title='1.0'>_||>get<||_html:</span>_||><||_html:<span "
 "style='background-color: rgba(0.0, 165.0, 0, 0.15); border-radius: 3px;' "
 "title='1.0'>_||>Product<||_html:</span>_||><||_html:<span "
 "style='background-color: rgba(0.0, 165.0, 0, 0.15); border-radius: 3px;' "
 "title='1.0'>_||>'<||_html:</span>_||><||_html:<span style='background-color: "
 "rgba(0.0, 165.0, 0, 0.15); border-radius: 3px;' title='1.0'>_||> "
 "query<||_html:</span>_||><||_html:<span style='background-color: rgba(0.0, "
 "165.0, 0, 0.15); border-radius: 3px;' title='1.0'>_||> "
 "now<||_html:</span>_||><||_html:<span style='background-color: rgba(0.0, "
 "165.0, 0, 0.15); border-radius: 3px;' title='1.0'>_||> "
 "includes<||_html:</span>_||><||_html:<span style='background-color: "
 "rgba(0.0, 165.0, 0, 0.15); border-radius: 3px;' title='1.0'>_||> "
 "a<||_html:</span>_||><||_html:<span style='background-color: rgba(0.0, "
 "165.0, 0, 0.15); border-radius: 3px;' title='1.0'>_||> "
 "new<||_html:</span>_||><||_html:<span style='background-color: rgba(0.0, "
 "165.0, 0, 0.15); border-radius: 3px;' title='1.0'>_||> "
 "field<||_html:</span>_||><||_html:<span style='background-color: rgba(0.0, "
 "165.0, 0, 0.15); border-radius: 3px;' title='1.0'>_||> "
 "'<||_html:</span>_||><||_html:<span style='background-color: rgba(0.0, "
 "165.0, 0, 0.15); border-radius: 3px;' "
 "title='1.0'>_||>details<||_html:</span>_||><||_html:<span "
 "style='background-color: rgba(0.0, 165.0, 0, 0.15); border-radius: 3px;' "
 "title='1.0'>_||>'<||_html:</span>_||><||_html:<span style='background-color: "
 "rgba(0.0, 165.0, 0, 0.15); border-radius: 3px;' title='1.0'>_||> "
 "of<||_html:</span>_||><||_html:<span style='background-color: rgba(0.0, "
 "165.0, 0, 0.15); border-radius: 3px;' title='1.0'>_||> "
 "type<||_html:</span>_||><||_html:<span style='background-color: rgba(0.0, "
 "165.0, 0, 0.15); border-radius: 3px;' title='1.0'>_||> "
 "String<||_html:</span>_||><||_html:<span style='background-color: rgba(0.0, "
 "165.0, 0, 0.15); border-radius: 3px;' "
 "title='1.0'>_||>.<||_html:</span>_||><||_html:<span style='background-color: "
 "rgba(0.0, 165.0, 0, 0.15); border-radius: 3px;' title='1.0'>_||> "
 "The<||_html:</span>_||><||_html:<span style='background-color: rgba(0.0, "
 "165.0, 0, 0.15); border-radius: 3px;' title='1.0'>_||> "
 "'<||_html:</span>_||><||_html:<span style='background-color: rgba(0.0, "
 "165.0, 0, 0.15); border-radius: 3px;' "
 "title='1.0'>_||>Product<||_html:</span>_||><||_html:<span "
 "style='background-color: rgba(0.0, 165.0, 0, 0.15); border-radius: 3px;' "
 "title='1.0'>_||>'<||_html:</span>_||><||_html:<span style='background-color: "
 "rgba(0.0, 165.0, 0, 0.15); border-radius: 3px;' title='1.0'>_||> "
 "type<||_html:</span>_||><||_html:<span style='background-color: rgba(0.0, "
 "165.0, 0, 0.15); border-radius: 3px;' title='1.0'>_||> "
 "no<||_html:</span>_||><||_html:<span style='background-color: rgba(0.0, "
 "165.0, 0, 0.15); border-radius: 3px;' title='1.0'>_||> "
 "longer<||_html:</span>_||><||_html:<span style='background-color: rgba(0.0, "
 "165.0, 0, 0.15); border-radius: 3px;' title='1.0'>_||> "
 "includes<||_html:</span>_||><||_html:<span style='background-color: "
 "rgba(0.0, 165.0, 0, 0.15); border-radius: 3px;' title='1.0'>_||> "
 "the<||_html:</span>_||><||_html:<span style='background-color: rgba(0.0, "
 "165.0, 0, 0.15); border-radius: 3px;' title='1.0'>_||> "
 "'<||_html:</span>_||><||_html:<span style='background-color: rgba(0.0, "
 "165.0, 0, 0.15); border-radius: 3px;' "
 "title='1.0'>_||>description<||_html:</span>_||><||_html:<span "
 "style='background-color: rgba(0.0, 165.0, 0, 0.15); border-radius: 3px;' "
 "title='1.0'>_||>'<||_html:</span>_||><||_html:<span style='background-color: "
 "rgba(0.0, 165.0, 0, 0.15); border-radius: 3px;' title='1.0'>_||> "
 "and<||_html:</span>_||><||_html:<span style='background-color: rgba(0.0, "
 "165.0, 0, 0.15); border-radius: 3px;' title='1.0'>_||> "
 "'<||_html:</span>_||><||_html:<span style='background-color: rgba(0.0, "
 "165.0, 0, 0.15); border-radius: 3px;' "
 "title='1.0'>_||>stock<||_html:</span>_||><||_html:<span "
 "style='background-color: rgba(0.0, 165.0, 0, 0.15); border-radius: 3px;' "
 "title='1.0'>_||>'<||_html:</span>_||><||_html:<span style='background-color: "
 "rgba(0.0, 165.0, 0, 0.15); border-radius: 3px;' title='1.0'>_||> "
 "fields<||_html:</span>_||><||_html:<span style='background-color: rgba(0.0, "
 "165.0, 0, 0.15); border-radius: 3px;' "
 'title=\'1.0\'>_||>."<||_html:</span>_||><||_html:<span '
 "style='background-color: rgba(0.0, 165.0, 0, 0.15); border-radius: 3px;' "
 "title='1.0'>_||>\n"
 "<||_html:</span>_||><||_html:<span style='background-color: rgba(0.0, 165.0, "
 "0, 0.15); border-radius: 3px;' title='1.0'>_||> "
 "<||_html:</span>_||><||_html:<span style='background-color: rgba(0.0, 165.0, "
 "0, 0.15); border-radius: 3px;' title='1.0'>_||> "
 "}<||_html:</span>_||><||_html:<span style='background-color: rgba(0.0, "
 "165.0, 0, 0.15); border-radius: 3px;' title='1.0'>_||>\n"
 "<||_html:</span>_||><||_html:<span style='background-color: rgba(0.0, 165.0, "
 "0, 0.15); border-radius: 3px;' "
 'title=\'1.0\'>_||>}<||_html:</span>_||>{"changes":<||_html:<span '
 "style='background-color: rgba(0.0, 165.0, 0, 0.15); border-radius: 3px;' "
 "title='1.0'>_||>[<||_html:</span>_||><||_html:<span style='background-color: "
 "rgba(0.0, 165.0, 0, 0.15); border-radius: 3px;' "
 'title=\'1.0\'>_||>{"<||_html:</span>_||>type<||_html:<span '
 "style='background-color: rgba(0.0, 165.0, 0, 0.15); border-radius: 3px;' "
 'title=\'1.0\'>_||>":"<||_html:</span>_||><||_html:<span '
 "style='background-color: rgba(0.0, 165.0, 0, 0.15); border-radius: 3px;' "
 "title='1.0'>_||>Query<||_html:</span>_||><||_html:<span "
 "style='background-color: rgba(0.0, 165.0, 0, 0.15); border-radius: 3px;' "
 'title=\'1.0\'>_||>","<||_html:</span>_||>field<||_html:<span '
 "style='background-color: rgba(0.0, 165.0, 0, 0.15); border-radius: 3px;' "
 'title=\'1.0\'>_||>":"<||_html:</span>_||><||_html:<span '
 "style='background-color: rgba(0.0, 165.0, 0, 0.15); border-radius: 3px;' "
 "title='1.0'>_||>get<||_html:</span>_||><||_html:<span "
 "style='background-color: rgba(0.0, 165.0, 0, 0.15); border-radius: 3px;' "
 "title='1.0'>_||>Product<||_html:</span>_||><||_html:<span "
 "style='background-color: rgba(0.0, 165.0, 0, 0.15); border-radius: 3px;' "
 'title=\'1.0\'>_||>","<||_html:</span>_||>change<||_html:<span '
 "style='background-color: rgba(0.0, 165.0, 0, 0.15); border-radius: 3px;' "
 'title=\'1.0\'>_||>":"<||_html:</span>_||><||_html:<span '
 "style='background-color: rgba(0.0, 165.0, 0, 0.15); border-radius: 3px;' "
 "title='1.0'>_||>field<||_html:</span>_||><||_html:<span "
 "style='background-color: rgba(0.0, 165.0, 0, 0.15); border-radius: 3px;' "
 "title='1.0'>_||> details<||_html:</span>_||><||_html:<span "
 "style='background-color: rgba(0.0, 165.0, 0, 0.15); border-radius: 3px;' "
 "title='1.0'>_||> added<||_html:</span>_||><||_html:<span "
 "style='background-color: rgba(0.0, 165.0, 0, 0.15); border-radius: 3px;' "
 'title=\'1.0\'>_||>","<||_html:</span>_||>breaking<||_html:<span '
 "style='background-color: rgba(0.0, 165.0, 0, 0.15); border-radius: 3px;' "
 'title=\'1.0\'>_||>":<||_html:</span>_||><||_html:<span '
 "style='background-color: rgba(0.0, 165.0, 0, 0.15); border-radius: 3px;' "
 'title=\'1.0\'>_||>false<||_html:</span>_||>,"release_note<||_html:<span '
 "style='background-color: rgba(0.0, 165.0, 0, 0.15); border-radius: 3px;' "
 'title=\'1.0\'>_||>":"<||_html:</span>_||><||_html:<span '
 "style='background-color: rgba(0.0, 165.0, 0, 0.15); border-radius: 3px;' "
 "title='1.0'>_||>The<||_html:</span>_||><||_html:<span "
 "style='background-color: rgba(0.0, 165.0, 0, 0.15); border-radius: 3px;' "
 "title='1.0'>_||> '<||_html:</span>_||><||_html:<span "
 "style='background-color: rgba(0.0, 165.0, 0, 0.15); border-radius: 3px;' "
 "title='1.0'>_||>get<||_html:</span>_||><||_html:<span "
 "style='background-color: rgba(0.0, 165.0, 0, 0.15); border-radius: 3px;' "
 "title='1.0'>_||>Product<||_html:</span>_||><||_html:<span "
 "style='background-color: rgba(0.0, 165.0, 0, 0.15); border-radius: 3px;' "
 "title='1.0'>_||>'<||_html:</span>_||><||_html:<span style='background-color: "
 "rgba(0.0, 165.0, 0, 0.15); border-radius: 3px;' title='1.0'>_||> "
 "query<||_html:</span>_||><||_html:<span style='background-color: rgba(0.0, "
 "165.0, 0, 0.15); border-radius: 3px;' title='1.0'>_||> "
 "now<||_html:</span>_||><||_html:<span style='background-color: rgba(0.0, "
 "165.0, 0, 0.15); border-radius: 3px;' title='1.0'>_||> "
 "includes<||_html:</span>_||><||_html:<span style='background-color: "
 "rgba(0.0, 165.0, 0, 0.15); border-radius: 3px;' title='1.0'>_||> "
 "a<||_html:</span>_||><||_html:<span style='background-color: rgba(0.0, "
 "165.0, 0, 0.15); border-radius: 3px;' title='1.0'>_||> "
 "new<||_html:</span>_||><||_html:<span style='background-color: rgba(0.0, "
 "165.0, 0, 0.15); border-radius: 3px;' title='1.0'>_||> "
 "field<||_html:</span>_||><||_html:<span style='background-color: rgba(0.0, "
 "165.0, 0, 0.15); border-radius: 3px;' title='1.0'>_||> "
 "'<||_html:</span>_||><||_html:<span style='background-color: rgba(0.0, "
 "165.0, 0, 0.15); border-radius: 3px;' "
 "title='1.0'>_||>details<||_html:</span>_||><||_html:<span "
 "style='background-color: rgba(0.0, 165.0, 0, 0.15); border-radius: 3px;' "
 "title='1.0'>_||>'<||_html:</span>_||><||_html:<span style='background-color: "
 "rgba(0.0, 165.0, 0, 0.15); border-radius: 3px;' title='1.0'>_||> "
 "of<||_html:</span>_||><||_html:<span style='background-color: rgba(0.0, "
 "165.0, 0, 0.15); border-radius: 3px;' title='1.0'>_||> "
 "type<||_html:</span>_||><||_html:<span style='background-color: rgba(0.0, "
 "165.0, 0, 0.15); border-radius: 3px;' title='1.0'>_||> "
 "String<||_html:</span>_||><||_html:<span style='background-color: rgba(0.0, "
 "165.0, 0, 0.15); border-radius: 3px;' "
 'title=\'1.0\'>_||>."<||_html:</span>_||><||_html:<span '
 "style='background-color: rgba(0.0, 165.0, 0, 0.15); border-radius: 3px;' "
 'title=\'1.0\'>_||>},<||_html:</span>_||>{"type<||_html:<span '
 "style='background-color: rgba(0.0, 165.0, 0, 0.15); border-radius: 3px;' "
 'title=\'1.0\'>_||>":"<||_html:</span>_||><||_html:<span '
 "style='background-color: rgba(0.0, 165.0, 0, 0.15); border-radius: 3px;' "
 "title='1.0'>_||>Product<||_html:</span>_||><||_html:<span "
 "style='background-color: rgba(0.0, 165.0, 0, 0.15); border-radius: 3px;' "
 'title=\'1.0\'>_||>","<||_html:</span>_||>field<||_html:<span '
 "style='background-color: rgba(0.0, 165.0, 0, 0.15); border-radius: 3px;' "
 'title=\'1.0\'>_||>":"<||_html:</span>_||><||_html:<span '
 "style='background-color: rgba(0.0, 165.0, 0, 0.15); border-radius: 3px;' "
 "title='1.0'>_||>description<||_html:</span>_||><||_html:<span "
 "style='background-color: rgba(0.0, 165.0, 0, 0.15); border-radius: 3px;' "
 'title=\'1.0\'>_||>","<||_html:</span>_||>change<||_html:<span '
 "style='background-color: rgba(0.0, 165.0, 0, 0.15); border-radius: 3px;' "
 'title=\'1.0\'>_||>":"<||_html:</span>_||><||_html:<span '
 "style='background-color: rgba(0.0, 165.0, 0, 0.15); border-radius: 3px;' "
 "title='1.0'>_||>field<||_html:</span>_||><||_html:<span "
 "style='background-color: rgba(0.0, 165.0, 0, 0.15); border-radius: 3px;' "
 "title='1.0'>_||> removed<||_html:</span>_||><||_html:<span "
 "style='background-color: rgba(0.0, 165.0, 0, 0.15); border-radius: 3px;' "
 'title=\'1.0\'>_||>","<||_html:</span>_||>breaking<||_html:<span '
 "style='background-color: rgba(0.0, 165.0, 0, 0.15); border-radius: 3px;' "
 'title=\'1.0\'>_||>":<||_html:</span>_||><||_html:<span '
 "style='background-color: rgba(0.0, 165.0, 0, 0.15); border-radius: 3px;' "
 'title=\'1.0\'>_||>true<||_html:</span>_||>,"release_note<||_html:<span '
 "style='background-color: rgba(0.0, 165.0, 0, 0.15); border-radius: 3px;' "
 'title=\'1.0\'>_||>":"<||_html:</span>_||><||_html:<span '
 "style='background-color: rgba(0.0, 165.0, 0, 0.15); border-radius: 3px;' "
 "title='1.0'>_||>The<||_html:</span>_||><||_html:<span "
 "style='background-color: rgba(0.0, 165.0, 0, 0.15); border-radius: 3px;' "
 "title='1.0'>_||> '<||_html:</span>_||><||_html:<span "
 "style='background-color: rgba(0.0, 165.0, 0, 0.15); border-radius: 3px;' "
 "title='1.0'>_||>Product<||_html:</span>_||><||_html:<span "
 "style='background-color: rgba(0.0, 165.0, 0, 0.15); border-radius: 3px;' "
 "title='1.0'>_||>'<||_html:</span>_||><||_html:<span style='background-color: "
 "rgba(0.0, 165.0, 0, 0.15); border-radius: 3px;' title='1.0'>_||> "
 "type<||_html:</span>_||><||_html:<span style='background-color: rgba(0.0, "
 "165.0, 0, 0.15); border-radius: 3px;' title='1.0'>_||> "
 "no<||_html:</span>_||><||_html:<span style='background-color: rgba(0.0, "
 "165.0, 0, 0.15); border-radius: 3px;' title='1.0'>_||> "
 "longer<||_html:</span>_||><||_html:<span style='background-color: rgba(0.0, "
 "165.0, 0, 0.15); border-radius: 3px;' title='1.0'>_||> "
 "includes<||_html:</span>_||><||_html:<span style='background-color: "
 "rgba(0.0, 165.0, 0, 0.15); border-radius: 3px;' title='1.0'>_||> "
 "the<||_html:</span>_||><||_html:<span style='background-color: rgba(0.0, "
 "165.0, 0, 0.15); border-radius: 3px;' title='1.0'>_||> "
 "'<||_html:</span>_||><||_html:<span style='background-color: rgba(0.0, "
 "165.0, 0, 0.15); border-radius: 3px;' "
 "title='1.0'>_||>description<||_html:</span>_||><||_html:<span "
 "style='background-color: rgba(0.0, 165.0, 0, 0.15); border-radius: 3px;' "
 "title='1.0'>_||>'<||_html:</span>_||><||_html:<span style='background-color: "
 "rgba(0.0, 165.0, 0, 0.15); border-radius: 3px;' title='1.0'>_||> "
 "field<||_html:</span>_||><||_html:<span style='background-color: rgba(0.0, "
 "165.0, 0, 0.15); border-radius: 3px;' "
 'title=\'1.0\'>_||>."<||_html:</span>_||><||_html:<span '
 "style='background-color: rgba(0.0, 165.0, 0, 0.15); border-radius: 3px;' "
 'title=\'1.0\'>_||>},<||_html:</span>_||>{"type<||_html:<span '
 "style='background-color: rgba(0.0, 165.0, 0, 0.15); border-radius: 3px;' "
 'title=\'1.0\'>_||>":"<||_html:</span>_||><||_html:<span '
 "style='background-color: rgba(0.0, 165.0, 0, 0.15); border-radius: 3px;' "
 "title='1.0'>_||>Product<||_html:</span>_||><||_html:<span "
 "style='background-color: rgba(0.0, 165.0, 0, 0.15); border-radius: 3px;' "
 'title=\'1.0\'>_||>","<||_html:</span>_||>field<||_html:<span '
 "style='background-color: rgba(0.0, 165.0, 0, 0.15); border-radius: 3px;' "
 'title=\'1.0\'>_||>":"<||_html:</span>_||><||_html:<span '
 "style='background-color: rgba(0.0, 165.0, 0, 0.15); border-radius: 3px;' "
 "title='1.0'>_||>stock<||_html:</span>_||><||_html:<span "
 "style='background-color: rgba(0.0, 165.0, 0, 0.15); border-radius: 3px;' "
 'title=\'1.0\'>_||>","<||_html:</span>_||>change<||_html:<span '
 "style='background-color: rgba(0.0, 165.0, 0, 0.15); border-radius: 3px;' "
 'title=\'1.0\'>_||>":"<||_html:</span>_||><||_html:<span '
 "style='background-color: rgba(0.0, 165.0, 0, 0.15); border-radius: 3px;' "
 "title='1.0'>_||>field<||_html:</span>_||><||_html:<span "
 "style='background-color: rgba(0.0, 165.0, 0, 0.15); border-radius: 3px;' "
 "title='1.0'>_||> removed<||_html:</span>_||><||_html:<span "
 "style='background-color: rgba(0.0, 165.0, 0, 0.15); border-radius: 3px;' "
 'title=\'1.0\'>_||>","<||_html:</span>_||>breaking<||_html:<span '
 "style='background-color: rgba(0.0, 165.0, 0, 0.15); border-radius: 3px;' "
 'title=\'1.0\'>_||>":<||_html:</span>_||><||_html:<span '
 "style='background-color: rgba(0.0, 165.0, 0, 0.15); border-radius: 3px;' "
 'title=\'1.0\'>_||>true<||_html:</span>_||>,"release_note<||_html:<span '
 "style='background-color: rgba(0.0, 165.0, 0, 0.15); border-radius: 3px;' "
 'title=\'1.0\'>_||>":"<||_html:</span>_||><||_html:<span '
 "style='background-color: rgba(0.0, 165.0, 0, 0.15); border-radius: 3px;' "
 "title='1.0'>_||>The<||_html:</span>_||><||_html:<span "
 "style='background-color: rgba(0.0, 165.0, 0, 0.15); border-radius: 3px;' "
 "title='1.0'>_||> '<||_html:</span>_||><||_html:<span "
 "style='background-color: rgba(0.0, 165.0, 0, 0.15); border-radius: 3px;' "
 "title='1.0'>_||>Product<||_html:</span>_||><||_html:<span "
 "style='background-color: rgba(0.0, 165.0, 0, 0.15); border-radius: 3px;' "
 "title='1.0'>_||>'<||_html:</span>_||><||_html:<span style='background-color: "
 "rgba(0.0, 165.0, 0, 0.15); border-radius: 3px;' title='1.0'>_||> "
 "type<||_html:</span>_||><||_html:<span style='background-color: rgba(0.0, "
 "165.0, 0, 0.15); border-radius: 3px;' title='1.0'>_||> "
 "no<||_html:</span>_||><||_html:<span style='background-color: rgba(0.0, "
 "165.0, 0, 0.15); border-radius: 3px;' title='1.0'>_||> "
 "longer<||_html:</span>_||><||_html:<span style='background-color: rgba(0.0, "
 "165.0, 0, 0.15); border-radius: 3px;' title='1.0'>_||> "
 "includes<||_html:</span>_||><||_html:<span style='background-color: "
 "rgba(0.0, 165.0, 0, 0.15); border-radius: 3px;' title='1.0'>_||> "
 "the<||_html:</span>_||><||_html:<span style='background-color: rgba(0.0, "
 "165.0, 0, 0.15); border-radius: 3px;' title='1.0'>_||> "
 "'<||_html:</span>_||><||_html:<span style='background-color: rgba(0.0, "
 "165.0, 0, 0.15); border-radius: 3px;' "
 "title='1.0'>_||>stock<||_html:</span>_||><||_html:<span "
 "style='background-color: rgba(0.0, 165.0, 0, 0.15); border-radius: 3px;' "
 "title='1.0'>_||>'<||_html:</span>_||><||_html:<span style='background-color: "
 "rgba(0.0, 165.0, 0, 0.15); border-radius: 3px;' title='1.0'>_||> "
 "field<||_html:</span>_||><||_html:<span style='background-color: rgba(0.0, "
 "165.0, 0, 0.15); border-radius: 3px;' "
 'title=\'1.0\'>_||>."<||_html:</span>_||><||_html:<span '
 "style='background-color: rgba(0.0, 165.0, 0, 0.15); border-radius: 3px;' "
 'title=\'1.0\'>_||>}]<||_html:</span>_||>,"release_notes":{"summary<||_html:<span '
 "style='background-color: rgba(0.0, 165.0, 0, 0.15); border-radius: 3px;' "
 'title=\'1.0\'>_||>":"<||_html:</span>_||><||_html:<span '
 "style='background-color: rgba(0.0, 165.0, 0, 0.15); border-radius: 3px;' "
 "title='1.0'>_||>The<||_html:</span>_||><||_html:<span "
 "style='background-color: rgba(0.0, 165.0, 0, 0.15); border-radius: 3px;' "
 "title='1.0'>_||> '<||_html:</span>_||><||_html:<span "
 "style='background-color: rgba(0.0, 165.0, 0, 0.15); border-radius: 3px;' "
 "title='1.0'>_||>get<||_html:</span>_||><||_html:<span "
 "style='background-color: rgba(0.0, 165.0, 0, 0.15); border-radius: 3px;' "
 "title='1.0'>_||>Product<||_html:</span>_||><||_html:<span "
 "style='background-color: rgba(0.0, 165.0, 0, 0.15); border-radius: 3px;' "
 "title='1.0'>_||>'<||_html:</span>_||><||_html:<span style='background-color: "
 "rgba(0.0, 165.0, 0, 0.15); border-radius: 3px;' title='1.0'>_||> "
 "query<||_html:</span>_||><||_html:<span style='background-color: rgba(0.0, "
 "165.0, 0, 0.15); border-radius: 3px;' title='1.0'>_||> "
 "now<||_html:</span>_||><||_html:<span style='background-color: rgba(0.0, "
 "165.0, 0, 0.15); border-radius: 3px;' title='1.0'>_||> "
 "includes<||_html:</span>_||><||_html:<span style='background-color: "
 "rgba(0.0, 165.0, 0, 0.15); border-radius: 3px;' title='1.0'>_||> "
 "a<||_html:</span>_||><||_html:<span style='background-color: rgba(0.0, "
 "165.0, 0, 0.15); border-radius: 3px;' title='1.0'>_||> "
 "new<||_html:</span>_||><||_html:<span style='background-color: rgba(0.0, "
 "165.0, 0, 0.15); border-radius: 3px;' title='1.0'>_||> "
 "field<||_html:</span>_||><||_html:<span style='background-color: rgba(0.0, "
 "165.0, 0, 0.15); border-radius: 3px;' title='1.0'>_||> "
 "'<||_html:</span>_||><||_html:<span style='background-color: rgba(0.0, "
 "165.0, 0, 0.15); border-radius: 3px;' "
 "title='1.0'>_||>details<||_html:</span>_||><||_html:<span "
 "style='background-color: rgba(0.0, 165.0, 0, 0.15); border-radius: 3px;' "
 "title='1.0'>_||>'<||_html:</span>_||><||_html:<span style='background-color: "
 "rgba(0.0, 165.0, 0, 0.15); border-radius: 3px;' title='1.0'>_||> "
 "of<||_html:</span>_||><||_html:<span style='background-color: rgba(0.0, "
 "165.0, 0, 0.15); border-radius: 3px;' title='1.0'>_||> "
 "type<||_html:</span>_||><||_html:<span style='background-color: rgba(0.0, "
 "165.0, 0, 0.15); border-radius: 3px;' title='1.0'>_||> "
 "String<||_html:</span>_||><||_html:<span style='background-color: rgba(0.0, "
 "165.0, 0, 0.15); border-radius: 3px;' "
 "title='1.0'>_||>.<||_html:</span>_||><||_html:<span style='background-color: "
 "rgba(0.0, 165.0, 0, 0.15); border-radius: 3px;' title='1.0'>_||> "
 "The<||_html:</span>_||><||_html:<span style='background-color: rgba(0.0, "
 "165.0, 0, 0.15); border-radius: 3px;' title='1.0'>_||> "
 "'<||_html:</span>_||><||_html:<span style='background-color: rgba(0.0, "
 "165.0, 0, 0.15); border-radius: 3px;' "
 "title='1.0'>_||>Product<||_html:</span>_||><||_html:<span "
 "style='background-color: rgba(0.0, 165.0, 0, 0.15); border-radius: 3px;' "
 "title='1.0'>_||>'<||_html:</span>_||><||_html:<span style='background-color: "
 "rgba(0.0, 165.0, 0, 0.15); border-radius: 3px;' title='1.0'>_||> "
 "type<||_html:</span>_||><||_html:<span style='background-color: rgba(0.0, "
 "165.0, 0, 0.15); border-radius: 3px;' title='1.0'>_||> "
 "no<||_html:</span>_||><||_html:<span style='background-color: rgba(0.0, "
 "165.0, 0, 0.15); border-radius: 3px;' title='1.0'>_||> "
 "longer<||_html:</span>_||><||_html:<span style='background-color: rgba(0.0, "
 "165.0, 0, 0.15); border-radius: 3px;' title='1.0'>_||> "
 "includes<||_html:</span>_||><||_html:<span style='background-color: "
 "rgba(0.0, 165.0, 0, 0.15); border-radius: 3px;' title='1.0'>_||> "
 "the<||_html:</span>_||><||_html:<span style='background-color: rgba(0.0, "
 "165.0, 0, 0.15); border-radius: 3px;' title='1.0'>_||> "
 "'<||_html:</span>_||><||_html:<span style='background-color: rgba(0.0, "
 "165.0, 0, 0.15); border-radius: 3px;' "
 "title='1.0'>_||>description<||_html:</span>_||><||_html:<span "
 "style='background-color: rgba(0.0, 165.0, 0, 0.15); border-radius: 3px;' "
 "title='1.0'>_||>'<||_html:</span>_||><||_html:<span style='background-color: "
 "rgba(0.0, 165.0, 0, 0.15); border-radius: 3px;' title='1.0'>_||> "
 "and<||_html:</span>_||><||_html:<span style='background-color: rgba(0.0, "
 "165.0, 0, 0.15); border-radius: 3px;' title='1.0'>_||> "
 "'<||_html:</span>_||><||_html:<span style='background-color: rgba(0.0, "
 "165.0, 0, 0.15); border-radius: 3px;' "
 "title='1.0'>_||>stock<||_html:</span>_||><||_html:<span "
 "style='background-color: rgba(0.0, 165.0, 0, 0.15); border-radius: 3px;' "
 "title='1.0'>_||>'<||_html:</span>_||><||_html:<span style='background-color: "
 "rgba(0.0, 165.0, 0, 0.15); border-radius: 3px;' title='1.0'>_||> "
 "fields<||_html:</span>_||><||_html:<span style='background-color: rgba(0.0, "
 "165.0, 0, 0.15); border-radius: 3px;' title='1.0'>_||>")
('Analyze the following two GraphQL schemas for changes, including both '
 'breaking and non-breaking changes.\n'
 '\n'
 '                        Provide your analysis in the following JSON format:\n'
 '                        {\n'
 '                          "changes": [\n'
 '                            {\n'
 '                              "type": "String representing the GraphQL type '
 '(e.g., Query, Mutation, Subscription)",\n'
 '                              "field": "String representing the specific '
 'field that changed",\n'
 '                              "change": "String describing the change (e.g., '
 'field renamed, new field added, field removed)",\n'
 '                              "breaking": "Boolean indicating if the change '
 'is breaking (true) or non-breaking (false)",\n'
 '                              "release_note": "String with a natural '
 'language description of the change for release notes"\n'
 '                            }\n'
 '                          ],\n'
 '                          "release_notes": {\n'
 '                              "summary": "String summarizing all changes, '
 'suitable for a mailing list or public announcement"\n'
 '                          }\n'
 '                        }\n'
 '\n'
 '                        When analyzing, consider the following types of '
 'changes:\n'
 '                        1. Removing fields or types (breaking)\n'
 '                        2. Changing field types (potentially breaking)\n'
 '                        3. Adding required fields (breaking)\n'
 '                        4. Changing the type of existing arguments '
 '(breaking)\n'
 '                        5. Adding optional fields (non-breaking)\n'
 '                        6. Adding new types (non-breaking)\n'
 '                        7. Deprecating fields (non-breaking)\n'
 '\n'
 '                        Ensure that each change is categorized correctly as '
 'breaking or non-breaking.: type Query {\n'
 '  getProduct(id: ID!): Product\n'
 '}\n'
 '\n'
 'type Product {\n'
 '  id: ID\n'
 '  name: String\n'
 '  description: String\n'
 '  price: Float\n'
 '  stock: Int\n'
 '}\n'
 ', type Query {\n'
 '  getProduct(id: ID!): Product\n'
 '}\n'
 '\n'
 'type Product {\n'
 '  id: ID\n'
 '  name: String\n'
 '  details: String\n'
 '  price: Float\n'
 '}\n'
 '\n'
 "Answer:<||_html:<span style='background-color: rgba(0.0, 165.0, 0, 0.15); "
 "border-radius: 3px;' title='1.0'>_||> {<||_html:</span>_||><||_html:<span "
 "style='background-color: rgba(0.0, 165.0, 0, 0.15); border-radius: 3px;' "
 "title='1.0'>_||>\n"
 "<||_html:</span>_||><||_html:<span style='background-color: rgba(0.0, 165.0, "
 "0, 0.15); border-radius: 3px;' title='1.0'>_||> "
 "<||_html:</span>_||><||_html:<span style='background-color: rgba(0.0, 165.0, "
 "0, 0.15); border-radius: 3px;' title='1.0'>_||> "
 '"<||_html:</span>_||><||_html:<span style=\'background-color: rgba(0.0, '
 "165.0, 0, 0.15); border-radius: 3px;' "
 "title='1.0'>_||>changes<||_html:</span>_||><||_html:<span "
 "style='background-color: rgba(0.0, 165.0, 0, 0.15); border-radius: 3px;' "
 'title=\'1.0\'>_||>":<||_html:</span>_||><||_html:<span '
 "style='background-color: rgba(0.0, 165.0, 0, 0.15); border-radius: 3px;' "
 "title='1.0'>_||> [<||_html:</span>_||><||_html:<span "
 "style='background-color: rgba(0.0, 165.0, 0, 0.15); border-radius: 3px;' "
 "title='1.0'>_||>\n"
 "<||_html:</span>_||><||_html:<span style='background-color: rgba(0.0, 165.0, "
 "0, 0.15); border-radius: 3px;' title='1.0'>_||>   "
 "<||_html:</span>_||><||_html:<span style='background-color: rgba(0.0, 165.0, "
 "0, 0.15); border-radius: 3px;' title='1.0'>_||> "
 "{<||_html:</span>_||><||_html:<span style='background-color: rgba(0.0, "
 "165.0, 0, 0.15); border-radius: 3px;' title='1.0'>_||>\n"
 "<||_html:</span>_||><||_html:<span style='background-color: rgba(0.0, 165.0, "
 "0, 0.15); border-radius: 3px;' title='1.0'>_||>     "
 "<||_html:</span>_||><||_html:<span style='background-color: rgba(0.0, 165.0, "
 "0, 0.15); border-radius: 3px;' title='1.0'>_||> "
 '"<||_html:</span>_||><||_html:<span style=\'background-color: rgba(0.0, '
 "165.0, 0, 0.15); border-radius: 3px;' "
 "title='1.0'>_||>type<||_html:</span>_||><||_html:<span "
 "style='background-color: rgba(0.0, 165.0, 0, 0.15); border-radius: 3px;' "
 'title=\'1.0\'>_||>":<||_html:</span>_||><||_html:<span '
 "style='background-color: rgba(0.0, 165.0, 0, 0.15); border-radius: 3px;' "
 'title=\'1.0\'>_||> "<||_html:</span>_||><||_html:<span '
 "style='background-color: rgba(0.0, 165.0, 0, 0.15); border-radius: 3px;' "
 "title='1.0'>_||>Query<||_html:</span>_||><||_html:<span "
 "style='background-color: rgba(0.0, 165.0, 0, 0.15); border-radius: 3px;' "
 'title=\'1.0\'>_||>",<||_html:</span>_||><||_html:<span '
 "style='background-color: rgba(0.0, 165.0, 0, 0.15); border-radius: 3px;' "
 "title='1.0'>_||>\n"
 "<||_html:</span>_||><||_html:<span style='background-color: rgba(0.0, 165.0, "
 "0, 0.15); border-radius: 3px;' title='1.0'>_||>     "
 "<||_html:</span>_||><||_html:<span style='background-color: rgba(0.0, 165.0, "
 "0, 0.15); border-radius: 3px;' title='1.0'>_||> "
 '"<||_html:</span>_||><||_html:<span style=\'background-color: rgba(0.0, '
 "165.0, 0, 0.15); border-radius: 3px;' "
 "title='1.0'>_||>field<||_html:</span>_||><||_html:<span "
 "style='background-color: rgba(0.0, 165.0, 0, 0.15); border-radius: 3px;' "
 'title=\'1.0\'>_||>":<||_html:</span>_||><||_html:<span '
 "style='background-color: rgba(0.0, 165.0, 0, 0.15); border-radius: 3px;' "
 'title=\'1.0\'>_||> "<||_html:</span>_||><||_html:<span '
 "style='background-color: rgba(0.0, 165.0, 0, 0.15); border-radius: 3px;' "
 "title='1.0'>_||>get<||_html:</span>_||><||_html:<span "
 "style='background-color: rgba(0.0, 165.0, 0, 0.15); border-radius: 3px;' "
 "title='1.0'>_||>Product<||_html:</span>_||><||_html:<span "
 "style='background-color: rgba(0.0, 165.0, 0, 0.15); border-radius: 3px;' "
 'title=\'1.0\'>_||>",<||_html:</span>_||><||_html:<span '
 "style='background-color: rgba(0.0, 165.0, 0, 0.15); border-radius: 3px;' "
 "title='1.0'>_||>\n"
 "<||_html:</span>_||><||_html:<span style='background-color: rgba(0.0, 165.0, "
 "0, 0.15); border-radius: 3px;' title='1.0'>_||>     "
 "<||_html:</span>_||><||_html:<span style='background-color: rgba(0.0, 165.0, "
 "0, 0.15); border-radius: 3px;' title='1.0'>_||> "
 '"<||_html:</span>_||><||_html:<span style=\'background-color: rgba(0.0, '
 "165.0, 0, 0.15); border-radius: 3px;' "
 "title='1.0'>_||>change<||_html:</span>_||><||_html:<span "
 "style='background-color: rgba(0.0, 165.0, 0, 0.15); border-radius: 3px;' "
 'title=\'1.0\'>_||>":<||_html:</span>_||><||_html:<span '
 "style='background-color: rgba(0.0, 165.0, 0, 0.15); border-radius: 3px;' "
 'title=\'1.0\'>_||> "<||_html:</span>_||><||_html:<span '
 "style='background-color: rgba(0.0, 165.0, 0, 0.15); border-radius: 3px;' "
 "title='1.0'>_||>field<||_html:</span>_||><||_html:<span "
 "style='background-color: rgba(0.0, 165.0, 0, 0.15); border-radius: 3px;' "
 "title='1.0'>_||> details<||_html:</span>_||><||_html:<span "
 "style='background-color: rgba(0.0, 165.0, 0, 0.15); border-radius: 3px;' "
 "title='1.0'>_||> added<||_html:</span>_||><||_html:<span "
 "style='background-color: rgba(0.0, 165.0, 0, 0.15); border-radius: 3px;' "
 'title=\'1.0\'>_||>",<||_html:</span>_||><||_html:<span '
 "style='background-color: rgba(0.0, 165.0, 0, 0.15); border-radius: 3px;' "
 "title='1.0'>_||>\n"
 "<||_html:</span>_||><||_html:<span style='background-color: rgba(0.0, 165.0, "
 "0, 0.15); border-radius: 3px;' title='1.0'>_||>     "
 "<||_html:</span>_||><||_html:<span style='background-color: rgba(0.0, 165.0, "
 "0, 0.15); border-radius: 3px;' title='1.0'>_||> "
 '"<||_html:</span>_||><||_html:<span style=\'background-color: rgba(0.0, '
 "165.0, 0, 0.15); border-radius: 3px;' "
 "title='1.0'>_||>breaking<||_html:</span>_||><||_html:<span "
 "style='background-color: rgba(0.0, 165.0, 0, 0.15); border-radius: 3px;' "
 'title=\'1.0\'>_||>":<||_html:</span>_||><||_html:<span '
 "style='background-color: rgba(0.0, 165.0, 0, 0.15); border-radius: 3px;' "
 'title=\'1.0\'>_||> "<||_html:</span>_||><||_html:<span '
 "style='background-color: rgba(0.0, 165.0, 0, 0.15); border-radius: 3px;' "
 "title='1.0'>_||>false<||_html:</span>_||><||_html:<span "
 "style='background-color: rgba(0.0, 165.0, 0, 0.15); border-radius: 3px;' "
 'title=\'1.0\'>_||>",<||_html:</span>_||><||_html:<span '
 "style='background-color: rgba(0.0, 165.0, 0, 0.15); border-radius: 3px;' "
 "title='1.0'>_||>\n"
 "<||_html:</span>_||><||_html:<span style='background-color: rgba(0.0, 165.0, "
 "0, 0.15); border-radius: 3px;' title='1.0'>_||>     "
 "<||_html:</span>_||><||_html:<span style='background-color: rgba(0.0, 165.0, "
 "0, 0.15); border-radius: 3px;' title='1.0'>_||> "
 '"<||_html:</span>_||><||_html:<span style=\'background-color: rgba(0.0, '
 "165.0, 0, 0.15); border-radius: 3px;' "
 "title='1.0'>_||>release<||_html:</span>_||><||_html:<span "
 "style='background-color: rgba(0.0, 165.0, 0, 0.15); border-radius: 3px;' "
 "title='1.0'>_||>_<||_html:</span>_||><||_html:<span style='background-color: "
 "rgba(0.0, 165.0, 0, 0.15); border-radius: 3px;' "
 "title='1.0'>_||>note<||_html:</span>_||><||_html:<span "
 "style='background-color: rgba(0.0, 165.0, 0, 0.15); border-radius: 3px;' "
 'title=\'1.0\'>_||>":<||_html:</span>_||><||_html:<span '
 "style='background-color: rgba(0.0, 165.0, 0, 0.15); border-radius: 3px;' "
 'title=\'1.0\'>_||> "<||_html:</span>_||><||_html:<span '
 "style='background-color: rgba(0.0, 165.0, 0, 0.15); border-radius: 3px;' "
 "title='1.0'>_||>The<||_html:</span>_||><||_html:<span "
 "style='background-color: rgba(0.0, 165.0, 0, 0.15); border-radius: 3px;' "
 "title='1.0'>_||> '<||_html:</span>_||><||_html:<span "
 "style='background-color: rgba(0.0, 165.0, 0, 0.15); border-radius: 3px;' "
 "title='1.0'>_||>get<||_html:</span>_||><||_html:<span "
 "style='background-color: rgba(0.0, 165.0, 0, 0.15); border-radius: 3px;' "
 "title='1.0'>_||>Product<||_html:</span>_||><||_html:<span "
 "style='background-color: rgba(0.0, 165.0, 0, 0.15); border-radius: 3px;' "
 "title='1.0'>_||>'<||_html:</span>_||><||_html:<span style='background-color: "
 "rgba(0.0, 165.0, 0, 0.15); border-radius: 3px;' title='1.0'>_||> "
 "query<||_html:</span>_||><||_html:<span style='background-color: rgba(0.0, "
 "165.0, 0, 0.15); border-radius: 3px;' title='1.0'>_||> "
 "now<||_html:</span>_||><||_html:<span style='background-color: rgba(0.0, "
 "165.0, 0, 0.15); border-radius: 3px;' title='1.0'>_||> "
 "includes<||_html:</span>_||><||_html:<span style='background-color: "
 "rgba(0.0, 165.0, 0, 0.15); border-radius: 3px;' title='1.0'>_||> "
 "a<||_html:</span>_||><||_html:<span style='background-color: rgba(0.0, "
 "165.0, 0, 0.15); border-radius: 3px;' title='1.0'>_||> "
 "new<||_html:</span>_||><||_html:<span style='background-color: rgba(0.0, "
 "165.0, 0, 0.15); border-radius: 3px;' title='1.0'>_||> "
 "field<||_html:</span>_||><||_html:<span style='background-color: rgba(0.0, "
 "165.0, 0, 0.15); border-radius: 3px;' title='1.0'>_||> "
 "'<||_html:</span>_||><||_html:<span style='background-color: rgba(0.0, "
 "165.0, 0, 0.15); border-radius: 3px;' "
 "title='1.0'>_||>details<||_html:</span>_||><||_html:<span "
 "style='background-color: rgba(0.0, 165.0, 0, 0.15); border-radius: 3px;' "
 "title='1.0'>_||>'<||_html:</span>_||><||_html:<span style='background-color: "
 "rgba(0.0, 165.0, 0, 0.15); border-radius: 3px;' title='1.0'>_||> "
 "of<||_html:</span>_||><||_html:<span style='background-color: rgba(0.0, "
 "165.0, 0, 0.15); border-radius: 3px;' title='1.0'>_||> "
 "type<||_html:</span>_||><||_html:<span style='background-color: rgba(0.0, "
 "165.0, 0, 0.15); border-radius: 3px;' title='1.0'>_||> "
 "String<||_html:</span>_||><||_html:<span style='background-color: rgba(0.0, "
 "165.0, 0, 0.15); border-radius: 3px;' "
 'title=\'1.0\'>_||>."<||_html:</span>_||><||_html:<span '
 "style='background-color: rgba(0.0, 165.0, 0, 0.15); border-radius: 3px;' "
 "title='1.0'>_||>\n"
 "<||_html:</span>_||><||_html:<span style='background-color: rgba(0.0, 165.0, "
 "0, 0.15); border-radius: 3px;' title='1.0'>_||>   "
 "<||_html:</span>_||><||_html:<span style='background-color: rgba(0.0, 165.0, "
 "0, 0.15); border-radius: 3px;' title='1.0'>_||> "
 "},<||_html:</span>_||><||_html:<span style='background-color: rgba(0.0, "
 "165.0, 0, 0.15); border-radius: 3px;' title='1.0'>_||>\n"
 "<||_html:</span>_||><||_html:<span style='background-color: rgba(0.0, 165.0, "
 "0, 0.15); border-radius: 3px;' title='1.0'>_||>   "
 "<||_html:</span>_||><||_html:<span style='background-color: rgba(0.0, 165.0, "
 "0, 0.15); border-radius: 3px;' title='1.0'>_||> "
 "{<||_html:</span>_||><||_html:<span style='background-color: rgba(0.0, "
 "165.0, 0, 0.15); border-radius: 3px;' title='1.0'>_||>\n"
 "<||_html:</span>_||><||_html:<span style='background-color: rgba(0.0, 165.0, "
 "0, 0.15); border-radius: 3px;' title='1.0'>_||>     "
 "<||_html:</span>_||><||_html:<span style='background-color: rgba(0.0, 165.0, "
 "0, 0.15); border-radius: 3px;' title='1.0'>_||> "
 '"<||_html:</span>_||><||_html:<span style=\'background-color: rgba(0.0, '
 "165.0, 0, 0.15); border-radius: 3px;' "
 "title='1.0'>_||>type<||_html:</span>_||><||_html:<span "
 "style='background-color: rgba(0.0, 165.0, 0, 0.15); border-radius: 3px;' "
 'title=\'1.0\'>_||>":<||_html:</span>_||><||_html:<span '
 "style='background-color: rgba(0.0, 165.0, 0, 0.15); border-radius: 3px;' "
 'title=\'1.0\'>_||> "<||_html:</span>_||><||_html:<span '
 "style='background-color: rgba(0.0, 165.0, 0, 0.15); border-radius: 3px;' "
 "title='1.0'>_||>Product<||_html:</span>_||><||_html:<span "
 "style='background-color: rgba(0.0, 165.0, 0, 0.15); border-radius: 3px;' "
 'title=\'1.0\'>_||>",<||_html:</span>_||><||_html:<span '
 "style='background-color: rgba(0.0, 165.0, 0, 0.15); border-radius: 3px;' "
 "title='1.0'>_||>\n"
 "<||_html:</span>_||><||_html:<span style='background-color: rgba(0.0, 165.0, "
 "0, 0.15); border-radius: 3px;' title='1.0'>_||>     "
 "<||_html:</span>_||><||_html:<span style='background-color: rgba(0.0, 165.0, "
 "0, 0.15); border-radius: 3px;' title='1.0'>_||> "
 '"<||_html:</span>_||><||_html:<span style=\'background-color: rgba(0.0, '
 "165.0, 0, 0.15); border-radius: 3px;' "
 "title='1.0'>_||>field<||_html:</span>_||><||_html:<span "
 "style='background-color: rgba(0.0, 165.0, 0, 0.15); border-radius: 3px;' "
 'title=\'1.0\'>_||>":<||_html:</span>_||><||_html:<span '
 "style='background-color: rgba(0.0, 165.0, 0, 0.15); border-radius: 3px;' "
 'title=\'1.0\'>_||> "<||_html:</span>_||><||_html:<span '
 "style='background-color: rgba(0.0, 165.0, 0, 0.15); border-radius: 3px;' "
 "title='1.0'>_||>description<||_html:</span>_||><||_html:<span "
 "style='background-color: rgba(0.0, 165.0, 0, 0.15); border-radius: 3px;' "
 'title=\'1.0\'>_||>",<||_html:</span>_||><||_html:<span '
 "style='background-color: rgba(0.0, 165.0, 0, 0.15); border-radius: 3px;' "
 "title='1.0'>_||>\n"
 "<||_html:</span>_||><||_html:<span style='background-color: rgba(0.0, 165.0, "
 "0, 0.15); border-radius: 3px;' title='1.0'>_||>     "
 "<||_html:</span>_||><||_html:<span style='background-color: rgba(0.0, 165.0, "
 "0, 0.15); border-radius: 3px;' title='1.0'>_||> "
 '"<||_html:</span>_||><||_html:<span style=\'background-color: rgba(0.0, '
 "165.0, 0, 0.15); border-radius: 3px;' "
 "title='1.0'>_||>change<||_html:</span>_||><||_html:<span "
 "style='background-color: rgba(0.0, 165.0, 0, 0.15); border-radius: 3px;' "
 'title=\'1.0\'>_||>":<||_html:</span>_||><||_html:<span '
 "style='background-color: rgba(0.0, 165.0, 0, 0.15); border-radius: 3px;' "
 'title=\'1.0\'>_||> "<||_html:</span>_||><||_html:<span '
 "style='background-color: rgba(0.0, 165.0, 0, 0.15); border-radius: 3px;' "
 "title='1.0'>_||>field<||_html:</span>_||><||_html:<span "
 "style='background-color: rgba(0.0, 165.0, 0, 0.15); border-radius: 3px;' "
 "title='1.0'>_||> removed<||_html:</span>_||><||_html:<span "
 "style='background-color: rgba(0.0, 165.0, 0, 0.15); border-radius: 3px;' "
 'title=\'1.0\'>_||>",<||_html:</span>_||><||_html:<span '
 "style='background-color: rgba(0.0, 165.0, 0, 0.15); border-radius: 3px;' "
 "title='1.0'>_||>\n"
 "<||_html:</span>_||><||_html:<span style='background-color: rgba(0.0, 165.0, "
 "0, 0.15); border-radius: 3px;' title='1.0'>_||>     "
 "<||_html:</span>_||><||_html:<span style='background-color: rgba(0.0, 165.0, "
 "0, 0.15); border-radius: 3px;' title='1.0'>_||> "
 '"<||_html:</span>_||><||_html:<span style=\'background-color: rgba(0.0, '
 "165.0, 0, 0.15); border-radius: 3px;' "
 "title='1.0'>_||>breaking<||_html:</span>_||><||_html:<span "
 "style='background-color: rgba(0.0, 165.0, 0, 0.15); border-radius: 3px;' "
 'title=\'1.0\'>_||>":<||_html:</span>_||><||_html:<span '
 "style='background-color: rgba(0.0, 165.0, 0, 0.15); border-radius: 3px;' "
 'title=\'1.0\'>_||> "<||_html:</span>_||><||_html:<span '
 "style='background-color: rgba(0.0, 165.0, 0, 0.15); border-radius: 3px;' "
 "title='1.0'>_||>true<||_html:</span>_||><||_html:<span "
 "style='background-color: rgba(0.0, 165.0, 0, 0.15); border-radius: 3px;' "
 'title=\'1.0\'>_||>",<||_html:</span>_||><||_html:<span '
 "style='background-color: rgba(0.0, 165.0, 0, 0.15); border-radius: 3px;' "
 "title='1.0'>_||>\n"
 "<||_html:</span>_||><||_html:<span style='background-color: rgba(0.0, 165.0, "
 "0, 0.15); border-radius: 3px;' title='1.0'>_||>     "
 "<||_html:</span>_||><||_html:<span style='background-color: rgba(0.0, 165.0, "
 "0, 0.15); border-radius: 3px;' title='1.0'>_||> "
 '"<||_html:</span>_||><||_html:<span style=\'background-color: rgba(0.0, '
 "165.0, 0, 0.15); border-radius: 3px;' "
 "title='1.0'>_||>release<||_html:</span>_||><||_html:<span "
 "style='background-color: rgba(0.0, 165.0, 0, 0.15); border-radius: 3px;' "
 "title='1.0'>_||>_<||_html:</span>_||><||_html:<span style='background-color: "
 "rgba(0.0, 165.0, 0, 0.15); border-radius: 3px;' "
 "title='1.0'>_||>note<||_html:</span>_||><||_html:<span "
 "style='background-color: rgba(0.0, 165.0, 0, 0.15); border-radius: 3px;' "
 'title=\'1.0\'>_||>":<||_html:</span>_||><||_html:<span '
 "style='background-color: rgba(0.0, 165.0, 0, 0.15); border-radius: 3px;' "
 'title=\'1.0\'>_||> "<||_html:</span>_||><||_html:<span '
 "style='background-color: rgba(0.0, 165.0, 0, 0.15); border-radius: 3px;' "
 "title='1.0'>_||>The<||_html:</span>_||><||_html:<span "
 "style='background-color: rgba(0.0, 165.0, 0, 0.15); border-radius: 3px;' "
 "title='1.0'>_||> '<||_html:</span>_||><||_html:<span "
 "style='background-color: rgba(0.0, 165.0, 0, 0.15); border-radius: 3px;' "
 "title='1.0'>_||>Product<||_html:</span>_||><||_html:<span "
 "style='background-color: rgba(0.0, 165.0, 0, 0.15); border-radius: 3px;' "
 "title='1.0'>_||>'<||_html:</span>_||><||_html:<span style='background-color: "
 "rgba(0.0, 165.0, 0, 0.15); border-radius: 3px;' title='1.0'>_||> "
 "type<||_html:</span>_||><||_html:<span style='background-color: rgba(0.0, "
 "165.0, 0, 0.15); border-radius: 3px;' title='1.0'>_||> "
 "no<||_html:</span>_||><||_html:<span style='background-color: rgba(0.0, "
 "165.0, 0, 0.15); border-radius: 3px;' title='1.0'>_||> "
 "longer<||_html:</span>_||><||_html:<span style='background-color: rgba(0.0, "
 "165.0, 0, 0.15); border-radius: 3px;' title='1.0'>_||> "
 "includes<||_html:</span>_||><||_html:<span style='background-color: "
 "rgba(0.0, 165.0, 0, 0.15); border-radius: 3px;' title='1.0'>_||> "
 "the<||_html:</span>_||><||_html:<span style='background-color: rgba(0.0, "
 "165.0, 0, 0.15); border-radius: 3px;' title='1.0'>_||> "
 "'<||_html:</span>_||><||_html:<span style='background-color: rgba(0.0, "
 "165.0, 0, 0.15); border-radius: 3px;' "
 "title='1.0'>_||>description<||_html:</span>_||><||_html:<span "
 "style='background-color: rgba(0.0, 165.0, 0, 0.15); border-radius: 3px;' "
 "title='1.0'>_||>'<||_html:</span>_||><||_html:<span style='background-color: "
 "rgba(0.0, 165.0, 0, 0.15); border-radius: 3px;' title='1.0'>_||> "
 "field<||_html:</span>_||><||_html:<span style='background-color: rgba(0.0, "
 "165.0, 0, 0.15); border-radius: 3px;' "
 'title=\'1.0\'>_||>."<||_html:</span>_||><||_html:<span '
 "style='background-color: rgba(0.0, 165.0, 0, 0.15); border-radius: 3px;' "
 "title='1.0'>_||>\n"
 "<||_html:</span>_||><||_html:<span style='background-color: rgba(0.0, 165.0, "
 "0, 0.15); border-radius: 3px;' title='1.0'>_||>   "
 "<||_html:</span>_||><||_html:<span style='background-color: rgba(0.0, 165.0, "
 "0, 0.15); border-radius: 3px;' title='1.0'>_||> "
 "},<||_html:</span>_||><||_html:<span style='background-color: rgba(0.0, "
 "165.0, 0, 0.15); border-radius: 3px;' title='1.0'>_||>\n"
 "<||_html:</span>_||><||_html:<span style='background-color: rgba(0.0, 165.0, "
 "0, 0.15); border-radius: 3px;' title='1.0'>_||>   "
 "<||_html:</span>_||><||_html:<span style='background-color: rgba(0.0, 165.0, "
 "0, 0.15); border-radius: 3px;' title='1.0'>_||> "
 "{<||_html:</span>_||><||_html:<span style='background-color: rgba(0.0, "
 "165.0, 0, 0.15); border-radius: 3px;' title='1.0'>_||>\n"
 "<||_html:</span>_||><||_html:<span style='background-color: rgba(0.0, 165.0, "
 "0, 0.15); border-radius: 3px;' title='1.0'>_||>     "
 "<||_html:</span>_||><||_html:<span style='background-color: rgba(0.0, 165.0, "
 "0, 0.15); border-radius: 3px;' title='1.0'>_||> "
 '"<||_html:</span>_||><||_html:<span style=\'background-color: rgba(0.0, '
 "165.0, 0, 0.15); border-radius: 3px;' "
 "title='1.0'>_||>type<||_html:</span>_||><||_html:<span "
 "style='background-color: rgba(0.0, 165.0, 0, 0.15); border-radius: 3px;' "
 'title=\'1.0\'>_||>":<||_html:</span>_||><||_html:<span '
 "style='background-color: rgba(0.0, 165.0, 0, 0.15); border-radius: 3px;' "
 'title=\'1.0\'>_||> "<||_html:</span>_||><||_html:<span '
 "style='background-color: rgba(0.0, 165.0, 0, 0.15); border-radius: 3px;' "
 "title='1.0'>_||>Product<||_html:</span>_||><||_html:<span "
 "style='background-color: rgba(0.0, 165.0, 0, 0.15); border-radius: 3px;' "
 'title=\'1.0\'>_||>",<||_html:</span>_||><||_html:<span '
 "style='background-color: rgba(0.0, 165.0, 0, 0.15); border-radius: 3px;' "
 "title='1.0'>_||>\n"
 "<||_html:</span>_||><||_html:<span style='background-color: rgba(0.0, 165.0, "
 "0, 0.15); border-radius: 3px;' title='1.0'>_||>     "
 "<||_html:</span>_||><||_html:<span style='background-color: rgba(0.0, 165.0, "
 "0, 0.15); border-radius: 3px;' title='1.0'>_||> "
 '"<||_html:</span>_||><||_html:<span style=\'background-color: rgba(0.0, '
 "165.0, 0, 0.15); border-radius: 3px;' "
 "title='1.0'>_||>field<||_html:</span>_||><||_html:<span "
 "style='background-color: rgba(0.0, 165.0, 0, 0.15); border-radius: 3px;' "
 'title=\'1.0\'>_||>":<||_html:</span>_||><||_html:<span '
 "style='background-color: rgba(0.0, 165.0, 0, 0.15); border-radius: 3px;' "
 'title=\'1.0\'>_||> "<||_html:</span>_||><||_html:<span '
 "style='background-color: rgba(0.0, 165.0, 0, 0.15); border-radius: 3px;' "
 "title='1.0'>_||>stock<||_html:</span>_||><||_html:<span "
 "style='background-color: rgba(0.0, 165.0, 0, 0.15); border-radius: 3px;' "
 'title=\'1.0\'>_||>",<||_html:</span>_||><||_html:<span '
 "style='background-color: rgba(0.0, 165.0, 0, 0.15); border-radius: 3px;' "
 "title='1.0'>_||>\n"
 "<||_html:</span>_||><||_html:<span style='background-color: rgba(0.0, 165.0, "
 "0, 0.15); border-radius: 3px;' title='1.0'>_||>     "
 "<||_html:</span>_||><||_html:<span style='background-color: rgba(0.0, 165.0, "
 "0, 0.15); border-radius: 3px;' title='1.0'>_||> "
 '"<||_html:</span>_||><||_html:<span style=\'background-color: rgba(0.0, '
 "165.0, 0, 0.15); border-radius: 3px;' "
 "title='1.0'>_||>change<||_html:</span>_||><||_html:<span "
 "style='background-color: rgba(0.0, 165.0, 0, 0.15); border-radius: 3px;' "
 'title=\'1.0\'>_||>":<||_html:</span>_||><||_html:<span '
 "style='background-color: rgba(0.0, 165.0, 0, 0.15); border-radius: 3px;' "
 'title=\'1.0\'>_||> "<||_html:</span>_||><||_html:<span '
 "style='background-color: rgba(0.0, 165.0, 0, 0.15); border-radius: 3px;' "
 "title='1.0'>_||>field<||_html:</span>_||><||_html:<span "
 "style='background-color: rgba(0.0, 165.0, 0, 0.15); border-radius: 3px;' "
 "title='1.0'>_||> removed<||_html:</span>_||><||_html:<span "
 "style='background-color: rgba(0.0, 165.0, 0, 0.15); border-radius: 3px;' "
 'title=\'1.0\'>_||>",<||_html:</span>_||><||_html:<span '
 "style='background-color: rgba(0.0, 165.0, 0, 0.15); border-radius: 3px;' "
 "title='1.0'>_||>\n"
 "<||_html:</span>_||><||_html:<span style='background-color: rgba(0.0, 165.0, "
 "0, 0.15); border-radius: 3px;' title='1.0'>_||>     "
 "<||_html:</span>_||><||_html:<span style='background-color: rgba(0.0, 165.0, "
 "0, 0.15); border-radius: 3px;' title='1.0'>_||> "
 '"<||_html:</span>_||><||_html:<span style=\'background-color: rgba(0.0, '
 "165.0, 0, 0.15); border-radius: 3px;' "
 "title='1.0'>_||>breaking<||_html:</span>_||><||_html:<span "
 "style='background-color: rgba(0.0, 165.0, 0, 0.15); border-radius: 3px;' "
 'title=\'1.0\'>_||>":<||_html:</span>_||><||_html:<span '
 "style='background-color: rgba(0.0, 165.0, 0, 0.15); border-radius: 3px;' "
 'title=\'1.0\'>_||> "<||_html:</span>_||><||_html:<span '
 "style='background-color: rgba(0.0, 165.0, 0, 0.15); border-radius: 3px;' "
 "title='1.0'>_||>true<||_html:</span>_||><||_html:<span "
 "style='background-color: rgba(0.0, 165.0, 0, 0.15); border-radius: 3px;' "
 'title=\'1.0\'>_||>",<||_html:</span>_||><||_html:<span '
 "style='background-color: rgba(0.0, 165.0, 0, 0.15); border-radius: 3px;' "
 "title='1.0'>_||>\n"
 "<||_html:</span>_||><||_html:<span style='background-color: rgba(0.0, 165.0, "
 "0, 0.15); border-radius: 3px;' title='1.0'>_||>     "
 "<||_html:</span>_||><||_html:<span style='background-color: rgba(0.0, 165.0, "
 "0, 0.15); border-radius: 3px;' title='1.0'>_||> "
 '"<||_html:</span>_||><||_html:<span style=\'background-color: rgba(0.0, '
 "165.0, 0, 0.15); border-radius: 3px;' "
 "title='1.0'>_||>release<||_html:</span>_||><||_html:<span "
 "style='background-color: rgba(0.0, 165.0, 0, 0.15); border-radius: 3px;' "
 "title='1.0'>_||>_<||_html:</span>_||><||_html:<span style='background-color: "
 "rgba(0.0, 165.0, 0, 0.15); border-radius: 3px;' "
 "title='1.0'>_||>note<||_html:</span>_||><||_html:<span "
 "style='background-color: rgba(0.0, 165.0, 0, 0.15); border-radius: 3px;' "
 'title=\'1.0\'>_||>":<||_html:</span>_||><||_html:<span '
 "style='background-color: rgba(0.0, 165.0, 0, 0.15); border-radius: 3px;' "
 'title=\'1.0\'>_||> "<||_html:</span>_||><||_html:<span '
 "style='background-color: rgba(0.0, 165.0, 0, 0.15); border-radius: 3px;' "
 "title='1.0'>_||>The<||_html:</span>_||><||_html:<span "
 "style='background-color: rgba(0.0, 165.0, 0, 0.15); border-radius: 3px;' "
 "title='1.0'>_||> '<||_html:</span>_||><||_html:<span "
 "style='background-color: rgba(0.0, 165.0, 0, 0.15); border-radius: 3px;' "
 "title='1.0'>_||>Product<||_html:</span>_||><||_html:<span "
 "style='background-color: rgba(0.0, 165.0, 0, 0.15); border-radius: 3px;' "
 "title='1.0'>_||>'<||_html:</span>_||><||_html:<span style='background-color: "
 "rgba(0.0, 165.0, 0, 0.15); border-radius: 3px;' title='1.0'>_||> "
 "type<||_html:</span>_||><||_html:<span style='background-color: rgba(0.0, "
 "165.0, 0, 0.15); border-radius: 3px;' title='1.0'>_||> "
 "no<||_html:</span>_||><||_html:<span style='background-color: rgba(0.0, "
 "165.0, 0, 0.15); border-radius: 3px;' title='1.0'>_||> "
 "longer<||_html:</span>_||><||_html:<span style='background-color: rgba(0.0, "
 "165.0, 0, 0.15); border-radius: 3px;' title='1.0'>_||> "
 "includes<||_html:</span>_||><||_html:<span style='background-color: "
 "rgba(0.0, 165.0, 0, 0.15); border-radius: 3px;' title='1.0'>_||> "
 "the<||_html:</span>_||><||_html:<span style='background-color: rgba(0.0, "
 "165.0, 0, 0.15); border-radius: 3px;' title='1.0'>_||> "
 "'<||_html:</span>_||><||_html:<span style='background-color: rgba(0.0, "
 "165.0, 0, 0.15); border-radius: 3px;' "
 "title='1.0'>_||>stock<||_html:</span>_||><||_html:<span "
 "style='background-color: rgba(0.0, 165.0, 0, 0.15); border-radius: 3px;' "
 "title='1.0'>_||>'<||_html:</span>_||><||_html:<span style='background-color: "
 "rgba(0.0, 165.0, 0, 0.15); border-radius: 3px;' title='1.0'>_||> "
 "field<||_html:</span>_||><||_html:<span style='background-color: rgba(0.0, "
 "165.0, 0, 0.15); border-radius: 3px;' "
 'title=\'1.0\'>_||>."<||_html:</span>_||><||_html:<span '
 "style='background-color: rgba(0.0, 165.0, 0, 0.15); border-radius: 3px;' "
 "title='1.0'>_||>\n"
 "<||_html:</span>_||><||_html:<span style='background-color: rgba(0.0, 165.0, "
 "0, 0.15); border-radius: 3px;' title='1.0'>_||>   "
 "<||_html:</span>_||><||_html:<span style='background-color: rgba(0.0, 165.0, "
 "0, 0.15); border-radius: 3px;' title='1.0'>_||> "
 "}<||_html:</span>_||><||_html:<span style='background-color: rgba(0.0, "
 "165.0, 0, 0.15); border-radius: 3px;' title='1.0'>_||>\n"
 "<||_html:</span>_||><||_html:<span style='background-color: rgba(0.0, 165.0, "
 "0, 0.15); border-radius: 3px;' title='1.0'>_||> "
 "<||_html:</span>_||><||_html:<span style='background-color: rgba(0.0, 165.0, "
 "0, 0.15); border-radius: 3px;' title='1.0'>_||> "
 "],<||_html:</span>_||><||_html:<span style='background-color: rgba(0.0, "
 "165.0, 0, 0.15); border-radius: 3px;' title='1.0'>_||>\n"
 "<||_html:</span>_||><||_html:<span style='background-color: rgba(0.0, 165.0, "
 "0, 0.15); border-radius: 3px;' title='1.0'>_||> "
 "<||_html:</span>_||><||_html:<span style='background-color: rgba(0.0, 165.0, "
 "0, 0.15); border-radius: 3px;' title='1.0'>_||> "
 '"<||_html:</span>_||><||_html:<span style=\'background-color: rgba(0.0, '
 "165.0, 0, 0.15); border-radius: 3px;' "
 "title='1.0'>_||>release<||_html:</span>_||><||_html:<span "
 "style='background-color: rgba(0.0, 165.0, 0, 0.15); border-radius: 3px;' "
 "title='1.0'>_||>_<||_html:</span>_||><||_html:<span style='background-color: "
 "rgba(0.0, 165.0, 0, 0.15); border-radius: 3px;' "
 "title='1.0'>_||>notes<||_html:</span>_||><||_html:<span "
 "style='background-color: rgba(0.0, 165.0, 0, 0.15); border-radius: 3px;' "
 'title=\'1.0\'>_||>":<||_html:</span>_||><||_html:<span '
 "style='background-color: rgba(0.0, 165.0, 0, 0.15); border-radius: 3px;' "
 "title='1.0'>_||> {<||_html:</span>_||><||_html:<span "
 "style='background-color: rgba(0.0, 165.0, 0, 0.15); border-radius: 3px;' "
 "title='1.0'>_||>\n"
 "<||_html:</span>_||><||_html:<span style='background-color: rgba(0.0, 165.0, "
 "0, 0.15); border-radius: 3px;' title='1.0'>_||>   "
 "<||_html:</span>_||><||_html:<span style='background-color: rgba(0.0, 165.0, "
 "0, 0.15); border-radius: 3px;' title='1.0'>_||> "
 '"<||_html:</span>_||><||_html:<span style=\'background-color: rgba(0.0, '
 "165.0, 0, 0.15); border-radius: 3px;' "
 "title='1.0'>_||>summary<||_html:</span>_||><||_html:<span "
 "style='background-color: rgba(0.0, 165.0, 0, 0.15); border-radius: 3px;' "
 'title=\'1.0\'>_||>":<||_html:</span>_||><||_html:<span '
 "style='background-color: rgba(0.0, 165.0, 0, 0.15); border-radius: 3px;' "
 'title=\'1.0\'>_||> "<||_html:</span>_||><||_html:<span '
 "style='background-color: rgba(0.0, 165.0, 0, 0.15); border-radius: 3px;' "
 "title='1.0'>_||>The<||_html:</span>_||><||_html:<span "
 "style='background-color: rgba(0.0, 165.0, 0, 0.15); border-radius: 3px;' "
 "title='1.0'>_||> '<||_html:</span>_||><||_html:<span "
 "style='background-color: rgba(0.0, 165.0, 0, 0.15); border-radius: 3px;' "
 "title='1.0'>_||>get<||_html:</span>_||><||_html:<span "
 "style='background-color: rgba(0.0, 165.0, 0, 0.15); border-radius: 3px;' "
 "title='1.0'>_||>Product<||_html:</span>_||><||_html:<span "
 "style='background-color: rgba(0.0, 165.0, 0, 0.15); border-radius: 3px;' "
 "title='1.0'>_||>'<||_html:</span>_||><||_html:<span style='background-color: "
 "rgba(0.0, 165.0, 0, 0.15); border-radius: 3px;' title='1.0'>_||> "
 "query<||_html:</span>_||><||_html:<span style='background-color: rgba(0.0, "
 "165.0, 0, 0.15); border-radius: 3px;' title='1.0'>_||> "
 "now<||_html:</span>_||><||_html:<span style='background-color: rgba(0.0, "
 "165.0, 0, 0.15); border-radius: 3px;' title='1.0'>_||> "
 "includes<||_html:</span>_||><||_html:<span style='background-color: "
 "rgba(0.0, 165.0, 0, 0.15); border-radius: 3px;' title='1.0'>_||> "
 "a<||_html:</span>_||><||_html:<span style='background-color: rgba(0.0, "
 "165.0, 0, 0.15); border-radius: 3px;' title='1.0'>_||> "
 "new<||_html:</span>_||><||_html:<span style='background-color: rgba(0.0, "
 "165.0, 0, 0.15); border-radius: 3px;' title='1.0'>_||> "
 "field<||_html:</span>_||><||_html:<span style='background-color: rgba(0.0, "
 "165.0, 0, 0.15); border-radius: 3px;' title='1.0'>_||> "
 "'<||_html:</span>_||><||_html:<span style='background-color: rgba(0.0, "
 "165.0, 0, 0.15); border-radius: 3px;' "
 "title='1.0'>_||>details<||_html:</span>_||><||_html:<span "
 "style='background-color: rgba(0.0, 165.0, 0, 0.15); border-radius: 3px;' "
 "title='1.0'>_||>'<||_html:</span>_||><||_html:<span style='background-color: "
 "rgba(0.0, 165.0, 0, 0.15); border-radius: 3px;' title='1.0'>_||> "
 "of<||_html:</span>_||><||_html:<span style='background-color: rgba(0.0, "
 "165.0, 0, 0.15); border-radius: 3px;' title='1.0'>_||> "
 "type<||_html:</span>_||><||_html:<span style='background-color: rgba(0.0, "
 "165.0, 0, 0.15); border-radius: 3px;' title='1.0'>_||> "
 "String<||_html:</span>_||><||_html:<span style='background-color: rgba(0.0, "
 "165.0, 0, 0.15); border-radius: 3px;' "
 "title='1.0'>_||>.<||_html:</span>_||><||_html:<span style='background-color: "
 "rgba(0.0, 165.0, 0, 0.15); border-radius: 3px;' title='1.0'>_||> "
 "The<||_html:</span>_||><||_html:<span style='background-color: rgba(0.0, "
 "165.0, 0, 0.15); border-radius: 3px;' title='1.0'>_||> "
 "'<||_html:</span>_||><||_html:<span style='background-color: rgba(0.0, "
 "165.0, 0, 0.15); border-radius: 3px;' "
 "title='1.0'>_||>Product<||_html:</span>_||><||_html:<span "
 "style='background-color: rgba(0.0, 165.0, 0, 0.15); border-radius: 3px;' "
 "title='1.0'>_||>'<||_html:</span>_||><||_html:<span style='background-color: "
 "rgba(0.0, 165.0, 0, 0.15); border-radius: 3px;' title='1.0'>_||> "
 "type<||_html:</span>_||><||_html:<span style='background-color: rgba(0.0, "
 "165.0, 0, 0.15); border-radius: 3px;' title='1.0'>_||> "
 "no<||_html:</span>_||><||_html:<span style='background-color: rgba(0.0, "
 "165.0, 0, 0.15); border-radius: 3px;' title='1.0'>_||> "
 "longer<||_html:</span>_||><||_html:<span style='background-color: rgba(0.0, "
 "165.0, 0, 0.15); border-radius: 3px;' title='1.0'>_||> "
 "includes<||_html:</span>_||><||_html:<span style='background-color: "
 "rgba(0.0, 165.0, 0, 0.15); border-radius: 3px;' title='1.0'>_||> "
 "the<||_html:</span>_||><||_html:<span style='background-color: rgba(0.0, "
 "165.0, 0, 0.15); border-radius: 3px;' title='1.0'>_||> "
 "'<||_html:</span>_||><||_html:<span style='background-color: rgba(0.0, "
 "165.0, 0, 0.15); border-radius: 3px;' "
 "title='1.0'>_||>description<||_html:</span>_||><||_html:<span "
 "style='background-color: rgba(0.0, 165.0, 0, 0.15); border-radius: 3px;' "
 "title='1.0'>_||>'<||_html:</span>_||><||_html:<span style='background-color: "
 "rgba(0.0, 165.0, 0, 0.15); border-radius: 3px;' title='1.0'>_||> "
 "and<||_html:</span>_||><||_html:<span style='background-color: rgba(0.0, "
 "165.0, 0, 0.15); border-radius: 3px;' title='1.0'>_||> "
 "'<||_html:</span>_||><||_html:<span style='background-color: rgba(0.0, "
 "165.0, 0, 0.15); border-radius: 3px;' "
 "title='1.0'>_||>stock<||_html:</span>_||><||_html:<span "
 "style='background-color: rgba(0.0, 165.0, 0, 0.15); border-radius: 3px;' "
 "title='1.0'>_||>'<||_html:</span>_||><||_html:<span style='background-color: "
 "rgba(0.0, 165.0, 0, 0.15); border-radius: 3px;' title='1.0'>_||> "
 "fields<||_html:</span>_||><||_html:<span style='background-color: rgba(0.0, "
 "165.0, 0, 0.15); border-radius: 3px;' "
 'title=\'1.0\'>_||>."<||_html:</span>_||><||_html:<span '
 "style='background-color: rgba(0.0, 165.0, 0, 0.15); border-radius: 3px;' "
 "title='1.0'>_||>\n"
 "<||_html:</span>_||><||_html:<span style='background-color: rgba(0.0, 165.0, "
 "0, 0.15); border-radius: 3px;' title='1.0'>_||> "
 "<||_html:</span>_||><||_html:<span style='background-color: rgba(0.0, 165.0, "
 "0, 0.15); border-radius: 3px;' title='1.0'>_||> "
 "}<||_html:</span>_||><||_html:<span style='background-color: rgba(0.0, "
 "165.0, 0, 0.15); border-radius: 3px;' title='1.0'>_||>\n"
 "<||_html:</span>_||><||_html:<span style='background-color: rgba(0.0, 165.0, "
 "0, 0.15); border-radius: 3px;' "
 'title=\'1.0\'>_||>}<||_html:</span>_||>{"changes":<||_html:<span '
 "style='background-color: rgba(0.0, 165.0, 0, 0.15); border-radius: 3px;' "
 "title='1.0'>_||>[<||_html:</span>_||><||_html:<span style='background-color: "
 "rgba(0.0, 165.0, 0, 0.15); border-radius: 3px;' "
 'title=\'1.0\'>_||>{"<||_html:</span>_||>type<||_html:<span '
 "style='background-color: rgba(0.0, 165.0, 0, 0.15); border-radius: 3px;' "
 'title=\'1.0\'>_||>":"<||_html:</span>_||><||_html:<span '
 "style='background-color: rgba(0.0, 165.0, 0, 0.15); border-radius: 3px;' "
 "title='1.0'>_||>Query<||_html:</span>_||><||_html:<span "
 "style='background-color: rgba(0.0, 165.0, 0, 0.15); border-radius: 3px;' "
 'title=\'1.0\'>_||>","<||_html:</span>_||>field<||_html:<span '
 "style='background-color: rgba(0.0, 165.0, 0, 0.15); border-radius: 3px;' "
 'title=\'1.0\'>_||>":"<||_html:</span>_||><||_html:<span '
 "style='background-color: rgba(0.0, 165.0, 0, 0.15); border-radius: 3px;' "
 "title='1.0'>_||>get<||_html:</span>_||><||_html:<span "
 "style='background-color: rgba(0.0, 165.0, 0, 0.15); border-radius: 3px;' "
 "title='1.0'>_||>Product<||_html:</span>_||><||_html:<span "
 "style='background-color: rgba(0.0, 165.0, 0, 0.15); border-radius: 3px;' "
 'title=\'1.0\'>_||>","<||_html:</span>_||>change<||_html:<span '
 "style='background-color: rgba(0.0, 165.0, 0, 0.15); border-radius: 3px;' "
 'title=\'1.0\'>_||>":"<||_html:</span>_||><||_html:<span '
 "style='background-color: rgba(0.0, 165.0, 0, 0.15); border-radius: 3px;' "
 "title='1.0'>_||>field<||_html:</span>_||><||_html:<span "
 "style='background-color: rgba(0.0, 165.0, 0, 0.15); border-radius: 3px;' "
 "title='1.0'>_||> details<||_html:</span>_||><||_html:<span "
 "style='background-color: rgba(0.0, 165.0, 0, 0.15); border-radius: 3px;' "
 "title='1.0'>_||> added<||_html:</span>_||><||_html:<span "
 "style='background-color: rgba(0.0, 165.0, 0, 0.15); border-radius: 3px;' "
 'title=\'1.0\'>_||>","<||_html:</span>_||>breaking<||_html:<span '
 "style='background-color: rgba(0.0, 165.0, 0, 0.15); border-radius: 3px;' "
 'title=\'1.0\'>_||>":<||_html:</span>_||><||_html:<span '
 "style='background-color: rgba(0.0, 165.0, 0, 0.15); border-radius: 3px;' "
 'title=\'1.0\'>_||>false<||_html:</span>_||>,"release_note<||_html:<span '
 "style='background-color: rgba(0.0, 165.0, 0, 0.15); border-radius: 3px;' "
 'title=\'1.0\'>_||>":"<||_html:</span>_||><||_html:<span '
 "style='background-color: rgba(0.0, 165.0, 0, 0.15); border-radius: 3px;' "
 "title='1.0'>_||>The<||_html:</span>_||><||_html:<span "
 "style='background-color: rgba(0.0, 165.0, 0, 0.15); border-radius: 3px;' "
 "title='1.0'>_||> '<||_html:</span>_||><||_html:<span "
 "style='background-color: rgba(0.0, 165.0, 0, 0.15); border-radius: 3px;' "
 "title='1.0'>_||>get<||_html:</span>_||><||_html:<span "
 "style='background-color: rgba(0.0, 165.0, 0, 0.15); border-radius: 3px;' "
 "title='1.0'>_||>Product<||_html:</span>_||><||_html:<span "
 "style='background-color: rgba(0.0, 165.0, 0, 0.15); border-radius: 3px;' "
 "title='1.0'>_||>'<||_html:</span>_||><||_html:<span style='background-color: "
 "rgba(0.0, 165.0, 0, 0.15); border-radius: 3px;' title='1.0'>_||> "
 "query<||_html:</span>_||><||_html:<span style='background-color: rgba(0.0, "
 "165.0, 0, 0.15); border-radius: 3px;' title='1.0'>_||> "
 "now<||_html:</span>_||><||_html:<span style='background-color: rgba(0.0, "
 "165.0, 0, 0.15); border-radius: 3px;' title='1.0'>_||> "
 "includes<||_html:</span>_||><||_html:<span style='background-color: "
 "rgba(0.0, 165.0, 0, 0.15); border-radius: 3px;' title='1.0'>_||> "
 "a<||_html:</span>_||><||_html:<span style='background-color: rgba(0.0, "
 "165.0, 0, 0.15); border-radius: 3px;' title='1.0'>_||> "
 "new<||_html:</span>_||><||_html:<span style='background-color: rgba(0.0, "
 "165.0, 0, 0.15); border-radius: 3px;' title='1.0'>_||> "
 "field<||_html:</span>_||><||_html:<span style='background-color: rgba(0.0, "
 "165.0, 0, 0.15); border-radius: 3px;' title='1.0'>_||> "
 "'<||_html:</span>_||><||_html:<span style='background-color: rgba(0.0, "
 "165.0, 0, 0.15); border-radius: 3px;' "
 "title='1.0'>_||>details<||_html:</span>_||><||_html:<span "
 "style='background-color: rgba(0.0, 165.0, 0, 0.15); border-radius: 3px;' "
 "title='1.0'>_||>'<||_html:</span>_||><||_html:<span style='background-color: "
 "rgba(0.0, 165.0, 0, 0.15); border-radius: 3px;' title='1.0'>_||> "
 "of<||_html:</span>_||><||_html:<span style='background-color: rgba(0.0, "
 "165.0, 0, 0.15); border-radius: 3px;' title='1.0'>_||> "
 "type<||_html:</span>_||><||_html:<span style='background-color: rgba(0.0, "
 "165.0, 0, 0.15); border-radius: 3px;' title='1.0'>_||> "
 "String<||_html:</span>_||><||_html:<span style='background-color: rgba(0.0, "
 "165.0, 0, 0.15); border-radius: 3px;' "
 'title=\'1.0\'>_||>."<||_html:</span>_||><||_html:<span '
 "style='background-color: rgba(0.0, 165.0, 0, 0.15); border-radius: 3px;' "
 'title=\'1.0\'>_||>},<||_html:</span>_||>{"type<||_html:<span '
 "style='background-color: rgba(0.0, 165.0, 0, 0.15); border-radius: 3px;' "
 'title=\'1.0\'>_||>":"<||_html:</span>_||><||_html:<span '
 "style='background-color: rgba(0.0, 165.0, 0, 0.15); border-radius: 3px;' "
 "title='1.0'>_||>Product<||_html:</span>_||><||_html:<span "
 "style='background-color: rgba(0.0, 165.0, 0, 0.15); border-radius: 3px;' "
 'title=\'1.0\'>_||>","<||_html:</span>_||>field<||_html:<span '
 "style='background-color: rgba(0.0, 165.0, 0, 0.15); border-radius: 3px;' "
 'title=\'1.0\'>_||>":"<||_html:</span>_||><||_html:<span '
 "style='background-color: rgba(0.0, 165.0, 0, 0.15); border-radius: 3px;' "
 "title='1.0'>_||>description<||_html:</span>_||><||_html:<span "
 "style='background-color: rgba(0.0, 165.0, 0, 0.15); border-radius: 3px;' "
 'title=\'1.0\'>_||>","<||_html:</span>_||>change<||_html:<span '
 "style='background-color: rgba(0.0, 165.0, 0, 0.15); border-radius: 3px;' "
 'title=\'1.0\'>_||>":"<||_html:</span>_||><||_html:<span '
 "style='background-color: rgba(0.0, 165.0, 0, 0.15); border-radius: 3px;' "
 "title='1.0'>_||>field<||_html:</span>_||><||_html:<span "
 "style='background-color: rgba(0.0, 165.0, 0, 0.15); border-radius: 3px;' "
 "title='1.0'>_||> removed<||_html:</span>_||><||_html:<span "
 "style='background-color: rgba(0.0, 165.0, 0, 0.15); border-radius: 3px;' "
 'title=\'1.0\'>_||>","<||_html:</span>_||>breaking<||_html:<span '
 "style='background-color: rgba(0.0, 165.0, 0, 0.15); border-radius: 3px;' "
 'title=\'1.0\'>_||>":<||_html:</span>_||><||_html:<span '
 "style='background-color: rgba(0.0, 165.0, 0, 0.15); border-radius: 3px;' "
 'title=\'1.0\'>_||>true<||_html:</span>_||>,"release_note<||_html:<span '
 "style='background-color: rgba(0.0, 165.0, 0, 0.15); border-radius: 3px;' "
 'title=\'1.0\'>_||>":"<||_html:</span>_||><||_html:<span '
 "style='background-color: rgba(0.0, 165.0, 0, 0.15); border-radius: 3px;' "
 "title='1.0'>_||>The<||_html:</span>_||><||_html:<span "
 "style='background-color: rgba(0.0, 165.0, 0, 0.15); border-radius: 3px;' "
 "title='1.0'>_||> '<||_html:</span>_||><||_html:<span "
 "style='background-color: rgba(0.0, 165.0, 0, 0.15); border-radius: 3px;' "
 "title='1.0'>_||>Product<||_html:</span>_||><||_html:<span "
 "style='background-color: rgba(0.0, 165.0, 0, 0.15); border-radius: 3px;' "
 "title='1.0'>_||>'<||_html:</span>_||><||_html:<span style='background-color: "
 "rgba(0.0, 165.0, 0, 0.15); border-radius: 3px;' title='1.0'>_||> "
 "type<||_html:</span>_||><||_html:<span style='background-color: rgba(0.0, "
 "165.0, 0, 0.15); border-radius: 3px;' title='1.0'>_||> "
 "no<||_html:</span>_||><||_html:<span style='background-color: rgba(0.0, "
 "165.0, 0, 0.15); border-radius: 3px;' title='1.0'>_||> "
 "longer<||_html:</span>_||><||_html:<span style='background-color: rgba(0.0, "
 "165.0, 0, 0.15); border-radius: 3px;' title='1.0'>_||> "
 "includes<||_html:</span>_||><||_html:<span style='background-color: "
 "rgba(0.0, 165.0, 0, 0.15); border-radius: 3px;' title='1.0'>_||> "
 "the<||_html:</span>_||><||_html:<span style='background-color: rgba(0.0, "
 "165.0, 0, 0.15); border-radius: 3px;' title='1.0'>_||> "
 "'<||_html:</span>_||><||_html:<span style='background-color: rgba(0.0, "
 "165.0, 0, 0.15); border-radius: 3px;' "
 "title='1.0'>_||>description<||_html:</span>_||><||_html:<span "
 "style='background-color: rgba(0.0, 165.0, 0, 0.15); border-radius: 3px;' "
 "title='1.0'>_||>'<||_html:</span>_||><||_html:<span style='background-color: "
 "rgba(0.0, 165.0, 0, 0.15); border-radius: 3px;' title='1.0'>_||> "
 "field<||_html:</span>_||><||_html:<span style='background-color: rgba(0.0, "
 "165.0, 0, 0.15); border-radius: 3px;' "
 'title=\'1.0\'>_||>."<||_html:</span>_||><||_html:<span '
 "style='background-color: rgba(0.0, 165.0, 0, 0.15); border-radius: 3px;' "
 'title=\'1.0\'>_||>},<||_html:</span>_||>{"type<||_html:<span '
 "style='background-color: rgba(0.0, 165.0, 0, 0.15); border-radius: 3px;' "
 'title=\'1.0\'>_||>":"<||_html:</span>_||><||_html:<span '
 "style='background-color: rgba(0.0, 165.0, 0, 0.15); border-radius: 3px;' "
 "title='1.0'>_||>Product<||_html:</span>_||><||_html:<span "
 "style='background-color: rgba(0.0, 165.0, 0, 0.15); border-radius: 3px;' "
 'title=\'1.0\'>_||>","<||_html:</span>_||>field<||_html:<span '
 "style='background-color: rgba(0.0, 165.0, 0, 0.15); border-radius: 3px;' "
 'title=\'1.0\'>_||>":"<||_html:</span>_||><||_html:<span '
 "style='background-color: rgba(0.0, 165.0, 0, 0.15); border-radius: 3px;' "
 "title='1.0'>_||>stock<||_html:</span>_||><||_html:<span "
 "style='background-color: rgba(0.0, 165.0, 0, 0.15); border-radius: 3px;' "
 'title=\'1.0\'>_||>","<||_html:</span>_||>change<||_html:<span '
 "style='background-color: rgba(0.0, 165.0, 0, 0.15); border-radius: 3px;' "
 'title=\'1.0\'>_||>":"<||_html:</span>_||><||_html:<span '
 "style='background-color: rgba(0.0, 165.0, 0, 0.15); border-radius: 3px;' "
 "title='1.0'>_||>field<||_html:</span>_||><||_html:<span "
 "style='background-color: rgba(0.0, 165.0, 0, 0.15); border-radius: 3px;' "
 "title='1.0'>_||> removed<||_html:</span>_||><||_html:<span "
 "style='background-color: rgba(0.0, 165.0, 0, 0.15); border-radius: 3px;' "
 'title=\'1.0\'>_||>","<||_html:</span>_||>breaking<||_html:<span '
 "style='background-color: rgba(0.0, 165.0, 0, 0.15); border-radius: 3px;' "
 'title=\'1.0\'>_||>":<||_html:</span>_||><||_html:<span '
 "style='background-color: rgba(0.0, 165.0, 0, 0.15); border-radius: 3px;' "
 'title=\'1.0\'>_||>true<||_html:</span>_||>,"release_note<||_html:<span '
 "style='background-color: rgba(0.0, 165.0, 0, 0.15); border-radius: 3px;' "
 'title=\'1.0\'>_||>":"<||_html:</span>_||><||_html:<span '
 "style='background-color: rgba(0.0, 165.0, 0, 0.15); border-radius: 3px;' "
 "title='1.0'>_||>The<||_html:</span>_||><||_html:<span "
 "style='background-color: rgba(0.0, 165.0, 0, 0.15); border-radius: 3px;' "
 "title='1.0'>_||> '<||_html:</span>_||><||_html:<span "
 "style='background-color: rgba(0.0, 165.0, 0, 0.15); border-radius: 3px;' "
 "title='1.0'>_||>Product<||_html:</span>_||><||_html:<span "
 "style='background-color: rgba(0.0, 165.0, 0, 0.15); border-radius: 3px;' "
 "title='1.0'>_||>'<||_html:</span>_||><||_html:<span style='background-color: "
 "rgba(0.0, 165.0, 0, 0.15); border-radius: 3px;' title='1.0'>_||> "
 "type<||_html:</span>_||><||_html:<span style='background-color: rgba(0.0, "
 "165.0, 0, 0.15); border-radius: 3px;' title='1.0'>_||> "
 "no<||_html:</span>_||><||_html:<span style='background-color: rgba(0.0, "
 "165.0, 0, 0.15); border-radius: 3px;' title='1.0'>_||> "
 "longer<||_html:</span>_||><||_html:<span style='background-color: rgba(0.0, "
 "165.0, 0, 0.15); border-radius: 3px;' title='1.0'>_||> "
 "includes<||_html:</span>_||><||_html:<span style='background-color: "
 "rgba(0.0, 165.0, 0, 0.15); border-radius: 3px;' title='1.0'>_||> "
 "the<||_html:</span>_||><||_html:<span style='background-color: rgba(0.0, "
 "165.0, 0, 0.15); border-radius: 3px;' title='1.0'>_||> "
 "'<||_html:</span>_||><||_html:<span style='background-color: rgba(0.0, "
 "165.0, 0, 0.15); border-radius: 3px;' "
 "title='1.0'>_||>stock<||_html:</span>_||><||_html:<span "
 "style='background-color: rgba(0.0, 165.0, 0, 0.15); border-radius: 3px;' "
 "title='1.0'>_||>'<||_html:</span>_||><||_html:<span style='background-color: "
 "rgba(0.0, 165.0, 0, 0.15); border-radius: 3px;' title='1.0'>_||> "
 "field<||_html:</span>_||><||_html:<span style='background-color: rgba(0.0, "
 "165.0, 0, 0.15); border-radius: 3px;' "
 'title=\'1.0\'>_||>."<||_html:</span>_||><||_html:<span '
 "style='background-color: rgba(0.0, 165.0, 0, 0.15); border-radius: 3px;' "
 'title=\'1.0\'>_||>}]<||_html:</span>_||>,"release_notes":{"summary<||_html:<span '
 "style='background-color: rgba(0.0, 165.0, 0, 0.15); border-radius: 3px;' "
 'title=\'1.0\'>_||>":"<||_html:</span>_||><||_html:<span '
 "style='background-color: rgba(0.0, 165.0, 0, 0.15); border-radius: 3px;' "
 "title='1.0'>_||>The<||_html:</span>_||><||_html:<span "
 "style='background-color: rgba(0.0, 165.0, 0, 0.15); border-radius: 3px;' "
 "title='1.0'>_||> '<||_html:</span>_||><||_html:<span "
 "style='background-color: rgba(0.0, 165.0, 0, 0.15); border-radius: 3px;' "
 "title='1.0'>_||>get<||_html:</span>_||><||_html:<span "
 "style='background-color: rgba(0.0, 165.0, 0, 0.15); border-radius: 3px;' "
 "title='1.0'>_||>Product<||_html:</span>_||><||_html:<span "
 "style='background-color: rgba(0.0, 165.0, 0, 0.15); border-radius: 3px;' "
 "title='1.0'>_||>'<||_html:</span>_||><||_html:<span style='background-color: "
 "rgba(0.0, 165.0, 0, 0.15); border-radius: 3px;' title='1.0'>_||> "
 "query<||_html:</span>_||><||_html:<span style='background-color: rgba(0.0, "
 "165.0, 0, 0.15); border-radius: 3px;' title='1.0'>_||> "
 "now<||_html:</span>_||><||_html:<span style='background-color: rgba(0.0, "
 "165.0, 0, 0.15); border-radius: 3px;' title='1.0'>_||> "
 "includes<||_html:</span>_||><||_html:<span style='background-color: "
 "rgba(0.0, 165.0, 0, 0.15); border-radius: 3px;' title='1.0'>_||> "
 "a<||_html:</span>_||><||_html:<span style='background-color: rgba(0.0, "
 "165.0, 0, 0.15); border-radius: 3px;' title='1.0'>_||> "
 "new<||_html:</span>_||><||_html:<span style='background-color: rgba(0.0, "
 "165.0, 0, 0.15); border-radius: 3px;' title='1.0'>_||> "
 "field<||_html:</span>_||><||_html:<span style='background-color: rgba(0.0, "
 "165.0, 0, 0.15); border-radius: 3px;' title='1.0'>_||> "
 "'<||_html:</span>_||><||_html:<span style='background-color: rgba(0.0, "
 "165.0, 0, 0.15); border-radius: 3px;' "
 "title='1.0'>_||>details<||_html:</span>_||><||_html:<span "
 "style='background-color: rgba(0.0, 165.0, 0, 0.15); border-radius: 3px;' "
 "title='1.0'>_||>'<||_html:</span>_||><||_html:<span style='background-color: "
 "rgba(0.0, 165.0, 0, 0.15); border-radius: 3px;' title='1.0'>_||> "
 "of<||_html:</span>_||><||_html:<span style='background-color: rgba(0.0, "
 "165.0, 0, 0.15); border-radius: 3px;' title='1.0'>_||> "
 "type<||_html:</span>_||><||_html:<span style='background-color: rgba(0.0, "
 "165.0, 0, 0.15); border-radius: 3px;' title='1.0'>_||> "
 "String<||_html:</span>_||><||_html:<span style='background-color: rgba(0.0, "
 "165.0, 0, 0.15); border-radius: 3px;' "
 "title='1.0'>_||>.<||_html:</span>_||><||_html:<span style='background-color: "
 "rgba(0.0, 165.0, 0, 0.15); border-radius: 3px;' title='1.0'>_||> "
 "The<||_html:</span>_||><||_html:<span style='background-color: rgba(0.0, "
 "165.0, 0, 0.15); border-radius: 3px;' title='1.0'>_||> "
 "'<||_html:</span>_||><||_html:<span style='background-color: rgba(0.0, "
 "165.0, 0, 0.15); border-radius: 3px;' "
 "title='1.0'>_||>Product<||_html:</span>_||><||_html:<span "
 "style='background-color: rgba(0.0, 165.0, 0, 0.15); border-radius: 3px;' "
 "title='1.0'>_||>'<||_html:</span>_||><||_html:<span style='background-color: "
 "rgba(0.0, 165.0, 0, 0.15); border-radius: 3px;' title='1.0'>_||> "
 "type<||_html:</span>_||><||_html:<span style='background-color: rgba(0.0, "
 "165.0, 0, 0.15); border-radius: 3px;' title='1.0'>_||> "
 "no<||_html:</span>_||><||_html:<span style='background-color: rgba(0.0, "
 "165.0, 0, 0.15); border-radius: 3px;' title='1.0'>_||> "
 "longer<||_html:</span>_||><||_html:<span style='background-color: rgba(0.0, "
 "165.0, 0, 0.15); border-radius: 3px;' title='1.0'>_||> "
 "includes<||_html:</span>_||><||_html:<span style='background-color: "
 "rgba(0.0, 165.0, 0, 0.15); border-radius: 3px;' title='1.0'>_||> "
 "the<||_html:</span>_||><||_html:<span style='background-color: rgba(0.0, "
 "165.0, 0, 0.15); border-radius: 3px;' title='1.0'>_||> "
 "'<||_html:</span>_||><||_html:<span style='background-color: rgba(0.0, "
 "165.0, 0, 0.15); border-radius: 3px;' "
 "title='1.0'>_||>description<||_html:</span>_||><||_html:<span "
 "style='background-color: rgba(0.0, 165.0, 0, 0.15); border-radius: 3px;' "
 "title='1.0'>_||>'<||_html:</span>_||><||_html:<span style='background-color: "
 "rgba(0.0, 165.0, 0, 0.15); border-radius: 3px;' title='1.0'>_||> "
 "and<||_html:</span>_||><||_html:<span style='background-color: rgba(0.0, "
 "165.0, 0, 0.15); border-radius: 3px;' title='1.0'>_||> "
 "'<||_html:</span>_||><||_html:<span style='background-color: rgba(0.0, "
 "165.0, 0, 0.15); border-radius: 3px;' "
 "title='1.0'>_||>stock<||_html:</span>_||><||_html:<span "
 "style='background-color: rgba(0.0, 165.0, 0, 0.15); border-radius: 3px;' "
 "title='1.0'>_||>'<||_html:</span>_||><||_html:<span style='background-color: "
 "rgba(0.0, 165.0, 0, 0.15); border-radius: 3px;' title='1.0'>_||> "
 "fields<||_html:</span>_||><||_html:<span style='background-color: rgba(0.0, "
 "165.0, 0, 0.15); border-radius: 3px;' "
 'title=\'1.0\'>_||>."<||_html:</span>_||><||_html:<span '
 "style='background-color: rgba(0.0, 165.0, 0, 0.15); border-radius: 3px;' "
 "title='1.0'>_||>}}<||_html:</span>_||>")
Test failed for data/test3:

Expected breaking changes not found in actual result:
[
    {
        "type": "Product",
        "field": "details",
        "change": "Renamed field 'description' to 'details'",
        "breaking": true,
        "release_note": "The field `description` was renamed to `details` in the `Product` type. This is a breaking change and any queries using `description` need to be updated to use `details`."
    }
]

Actual result:
{
    "status": "success",
    "result": {
        "changes": [
            {
                "type": "Query",
                "field": "getProduct",
                "change": "field details added",
                "breaking": false,
                "release_note": "The 'getProduct' query now includes a new field 'details' of type String."
            },
            {
                "type": "Product",
                "field": "description",
                "change": "field removed",
                "breaking": true,
                "release_note": "The 'Product' type no longer includes the 'description' field."
            },
            {
                "type": "Product",
                "field": "stock",
                "change": "field removed",
                "breaking": true,
                "release_note": "The 'Product' type no longer includes the 'stock' field."
            }
        ],
        "release_notes": {
            "summary": "The 'getProduct' query now includes a new field 'details' of type String. The 'Product' type no longer includes the 'description' and 'stock' fields."
        }
    }
}

Expected result:
{
    "changes": [
        {
            "type": "Product",
            "field": "description",
            "change": "Field 'description' was removed",
            "breaking": true,
            "release_note": "The field `description` was removed from the `Product` type. This is a breaking change and any queries that relied on `description` will no longer work."
        },
        {
            "type": "Product",
            "field": "details",
            "change": "Renamed field 'description' to 'details'",
            "breaking": true,
            "release_note": "The field `description` was renamed to `details` in the `Product` type. This is a breaking change and any queries using `description` need to be updated to use `details`."
        },
        {
            "type": "Product",
            "field": "stock",
            "change": "Field 'stock' was removed",
            "breaking": true,
            "release_note": "The field `stock` was removed from the `Product` type. This is a breaking change and any queries that relied on `stock` will no longer work."
        }
    ],
    "release_notes": {
        "summary": "This release introduces breaking changes: the removal of the `description` and `stock` fields from the `Product` type, and the renaming of `description` to `details`. Update your queries accordingly."
    }
}
=============================== warnings summary ===============================
graph_schema_diff/test/test_graphql_comparator.py::test_compare_test1
graph_schema_diff/test/test_graphql_comparator.py::test_compare_test2
graph_schema_diff/test/test_graphql_comparator.py::test_compare_test3
graph_schema_diff/test/test_graphql_comparator.py::test_compare_test4
  /Users/markdoherty/sandbox/github/graph-schema-diff/.venv/lib/python3.12/site-packages/guidance/models/_model.py:842: UserWarning: Self-consistency check in _cleanup_tokens() failed.
  
                          This is not a fatal issue, but if there are subsequent
                          generation problems, please include this warning in
                          your bug report.
    warnings.warn(msg)

-- Docs: https://docs.pytest.org/en/stable/how-to/capture-warnings.html
=========================== short test summary info ============================
FAILED graph_schema_diff/test/test_graphql_comparator.py::test_compare_test3
============= 1 failed, 3 passed, 4 warnings in 2007.57s (0:33:27) =============
